2026-09-12 15:32:10,745 INFO request {"path": "/enter", "payload": {"arena_id": "default", "robot_id": "202601002029", "request_id": "f5a6e3f9cb3b4bf6b7d7f4991097615f"}, "attempt": 1}
2026-09-12 15:32:10,748 INFO response {"request_id": "f5a6e3f9cb3b4bf6b7d7f4991097615f", "http_status": 200, "body": {"accepted": true, "real_timestamp_ms": 1789198327434, "virtual_time_s": 0, "max_virtual_duration_s": 360000, "max_real_duration_s": 1200, "remaining_real_duration_s": 1200}}
2026-09-12 15:32:10,748 INFO request {"path": "/measure", "payload": {"arena_id": "default", "robot_id": "202601002029", "request_id": "393d2efec5ac45abb34c64472905622f", "position": {"x": 0.0, "y": 0.0}, "channel": 1}, "attempt": 1}
2026-09-12 15:32:10,762 INFO response {"request_id": "393d2efec5ac45abb34c64472905622f", "http_status": 200, "body": {"accepted": true, "real_timestamp_ms": 1789198327448, "virtual_time_s": 5, "measure_result": "no_signal"}}
2026-09-12 15:32:10,765 INFO request {"path": "/measure", "payload": {"arena_id": "default", "robot_id": "202601002029", "request_id": "469dbc23c7104a0aa7d4f2c6f2cf8d60", "position": {"x": 0.0, "y": 0.0}, "channel": 2}, "attempt": 1}
2026-09-12 15:32:10,765 INFO response {"request_id": "469dbc23c7104a0aa7d4f2c6f2cf8d60", "http_status": 200, "body": {"accepted": true, "real_timestamp_ms": 1789198327451, "virtual_time_s": 11, "measure_result": "no_signal"}}
2026-09-12 15:32:10,766 INFO request {"path": "/measure", "payload": {"arena_id": "default", "robot_id": "202601002029", "request_id": "58510119d28b46ceb63be5bb36d28d14", "position": {"x": 0.0, "y": 0.0}, "channel": 3}, "attempt": 1}
2026-09-12 15:32:10,767 INFO response {"request_id": "58510119d28b46ceb63be5bb36d28d14", "http_status": 200, "body": {"accepted": true, "real_timestamp_ms": 1789198327452, "virtual_time_s": 17, "measure_result": "no_signal"}}
2026-09-12 15:32:10,767 INFO request {"path": "/measure", "payload": {"arena_id": "default", "robot_id": "202601002029", "request_id": "0e67006b21f245eba2cecbd3bd594a46", "position": {"x": 0.0, "y": 0.0}, "channel": 4}, "attempt": 1}
2026-09-12 15:32:10,767 INFO response {"request_id": "0e67006b21f245eba2cecbd3bd594a46", "http_status": 200, "body": {"accepted": true, "real_timestamp_ms": 1789198327453, "virtual_time_s": 23, "measure_result": "direction", "svd_deg": 307.21}}
2026-09-12 15:32:10,771 INFO request {"path": "/measure", "payload": {"arena_id": "default", "robot_id": "202601002029", "request_id": "f597634f196349b1af8e969170e21f01", "position": {"x": 0.0, "y": 0.0}, "channel": 5}, "attempt": 1}
2026-09-12 15:32:10,772 INFO response {"request_id": "f597634f196349b1af8e969170e21f01", "http_status": 200, "body": {"accepted": true, "real_timestamp_ms": 1789198327458, "virtual_time_s": 29, "measure_result": "no_signal"}}
2026-09-12 15:32:10,772 INFO request {"path": "/measure", "payload": {"arena_id": "default", "robot_id": "202601002029", "request_id": "cc767b6a18374c0387cfb764f9bf8fc2", "position": {"x": 0.0, "y": 0.0}, "channel": 6}, "attempt": 1}
2026-09-12 15:32:10,774 INFO response {"request_id": "cc767b6a18374c0387cfb764f9bf8fc2", "http_status": 200, "body": {"accepted": true, "real_timestamp_ms": 1789198327459, "virtual_time_s": 35, "measure_result": "no_signal"}}
2026-09-12 15:32:10,774 INFO request {"path": "/measure", "payload": {"arena_id": "default", "robot_id": "202601002029", "request_id": "6234d6fb85fb4eb88883edf0bd8ccb1a", "position": {"x": 0.0, "y": 0.0}, "channel": 7}, "attempt": 1}
2026-09-12 15:32:10,776 INFO response {"request_id": "6234d6fb85fb4eb88883edf0bd8ccb1a", "http_status": 200, "body": {"accepted": true, "real_timestamp_ms": 1789198327461, "virtual_time_s": 41, "measure_result": "no_signal"}}
2026-09-12 15:32:10,776 INFO request {"path": "/measure", "payload": {"arena_id": "default", "robot_id": "202601002029", "request_id": "008adf1e7d51413099641f6816c2858e", "position": {"x": 0.0, "y": 0.0}, "channel": 8}, "attempt": 1}
2026-09-12 15:32:10,778 INFO response {"request_id": "008adf1e7d51413099641f6816c2858e", "http_status": 200, "body": {"accepted": true, "real_timestamp_ms": 1789198327464, "virtual_time_s": 47, "measure_result": "direction", "svd_deg": 27.96}}
2026-09-12 15:32:10,780 INFO request {"path": "/measure", "payload": {"arena_id": "default", "robot_id": "202601002029", "request_id": "5c22486f14294e4ab2b26830f6a9c8df", "position": {"x": 0.0, "y": 0.0}, "channel": 9}, "attempt": 1}
2026-09-12 15:32:10,792 INFO response {"request_id": "5c22486f14294e4ab2b26830f6a9c8df", "http_status": 200, "body": {"accepted": true, "real_timestamp_ms": 1789198327478, "virtual_time_s": 53, "measure_result": "no_signal"}}
2026-09-12 15:32:10,792 INFO request {"path": "/measure", "payload": {"arena_id": "default", "robot_id": "202601002029", "request_id": "e0b5f96ac23f47619784b72a0f6b1163", "position": {"x": 0.0, "y": 0.0}, "channel": 10}, "attempt": 1}
2026-09-12 15:32:10,812 INFO response {"request_id": "e0b5f96ac23f47619784b72a0f6b1163", "http_status": 200, "body": {"accepted": true, "real_timestamp_ms": 1789198327497, "virtual_time_s": 59, "measure_result": "no_signal"}}
2026-09-12 15:32:10,812 INFO request {"path": "/measure", "payload": {"arena_id": "default", "robot_id": "202601002029", "request_id": "edadd538ac274e3aa8f211932d22b459", "position": {"x": 0.0, "y": 0.0}, "channel": 11}, "attempt": 1}
2026-09-12 15:32:10,832 INFO response {"request_id": "edadd538ac274e3aa8f211932d22b459", "http_status": 200, "body": {"accepted": true, "real_timestamp_ms": 1789198327517, "virtual_time_s": 65, "measure_result": "no_signal"}}
2026-09-12 15:32:10,832 INFO request {"path": "/measure", "payload": {"arena_id": "default", "robot_id": "202601002029", "request_id": "3ba01f233ee34b2abce1d0de57db8d17", "position": {"x": 0.0, "y": 0.0}, "channel": 12}, "attempt": 1}
2026-09-12 15:32:10,853 INFO response {"request_id": "3ba01f233ee34b2abce1d0de57db8d17", "http_status": 200, "body": {"accepted": true, "real_timestamp_ms": 1789198327537, "virtual_time_s": 71, "measure_result": "direction", "svd_deg": 222.06}}
2026-09-12 15:32:10,858 INFO request {"path": "/measure", "payload": {"arena_id": "default", "robot_id": "202601002029", "request_id": "869b11201ad34bdcb39d6b4430a5203b", "position": {"x": 0.0, "y": 0.0}, "channel": 13}, "attempt": 1}
2026-09-12 15:32:10,860 INFO response {"request_id": "869b11201ad34bdcb39d6b4430a5203b", "http_status": 200, "body": {"accepted": true, "real_timestamp_ms": 1789198327545, "virtual_time_s": 77, "measure_result": "no_signal"}}
2026-09-12 15:32:10,860 INFO request {"path": "/measure", "payload": {"arena_id": "default", "robot_id": "202601002029", "request_id": "01ba3592581546aaa4fa87a366fe933c", "position": {"x": 0.0, "y": 0.0}, "channel": 14}, "attempt": 1}
2026-09-12 15:32:10,880 INFO response {"request_id": "01ba3592581546aaa4fa87a366fe933c", "http_status": 200, "body": {"accepted": true, "real_timestamp_ms": 1789198327565, "virtual_time_s": 83, "measure_result": "no_signal"}}
2026-09-12 15:32:10,880 INFO request {"path": "/measure", "payload": {"arena_id": "default", "robot_id": "202601002029", "request_id": "52b0a71f9d484622b9eec0b6fb6aeb43", "position": {"x": 0.0, "y": 0.0}, "channel": 15}, "attempt": 1}
2026-09-12 15:32:10,899 INFO response {"request_id": "52b0a71f9d484622b9eec0b6fb6aeb43", "http_status": 200, "body": {"accepted": true, "real_timestamp_ms": 1789198327584, "virtual_time_s": 89, "measure_result": "no_signal"}}
2026-09-12 15:32:10,899 INFO request {"path": "/measure", "payload": {"arena_id": "default", "robot_id": "202601002029", "request_id": "ac84315d02ee46209404a167ae2493d7", "position": {"x": 0.0, "y": 0.0}, "channel": 16}, "attempt": 1}
2026-09-12 15:32:10,919 INFO response {"request_id": "ac84315d02ee46209404a167ae2493d7", "http_status": 200, "body": {"accepted": true, "real_timestamp_ms": 1789198327604, "virtual_time_s": 95, "measure_result": "no_signal"}}
2026-09-12 15:32:10,919 INFO request {"path": "/measure", "payload": {"arena_id": "default", "robot_id": "202601002029", "request_id": "31b66f51dd344460ab3b0b5afd2f066f", "position": {"x": 0.0, "y": 0.0}, "channel": 17}, "attempt": 1}
2026-09-12 15:32:10,921 INFO response {"request_id": "31b66f51dd344460ab3b0b5afd2f066f", "http_status": 200, "body": {"accepted": true, "real_timestamp_ms": 1789198327606, "virtual_time_s": 101, "measure_result": "direction", "svd_deg": 141.43}}
2026-09-12 15:32:10,925 INFO request {"path": "/measure", "payload": {"arena_id": "default", "robot_id": "202601002029", "request_id": "312949c88e2a488eb43f0bb40a0aae76", "position": {"x": 0.0, "y": 0.0}, "channel": 18}, "attempt": 1}
2026-09-12 15:32:10,926 INFO response {"request_id": "312949c88e2a488eb43f0bb40a0aae76", "http_status": 200, "body": {"accepted": true, "real_timestamp_ms": 1789198327612, "virtual_time_s": 107, "measure_result": "no_signal"}}
2026-09-12 15:32:10,926 INFO request {"path": "/measure", "payload": {"arena_id": "default", "robot_id": "202601002029", "request_id": "7691c7aaf8e34876a128c422da16f741", "position": {"x": 0.0, "y": 0.0}, "channel": 19}, "attempt": 1}
2026-09-12 15:32:10,928 INFO response {"request_id": "7691c7aaf8e34876a128c422da16f741", "http_status": 200, "body": {"accepted": true, "real_timestamp_ms": 1789198327613, "virtual_time_s": 113, "measure_result": "no_signal"}}
2026-09-12 15:32:10,928 INFO request {"path": "/measure", "payload": {"arena_id": "default", "robot_id": "202601002029", "request_id": "79577325182241588c1a1679c8e0c233", "position": {"x": 0.0, "y": 0.0}, "channel": 20}, "attempt": 1}
2026-09-12 15:32:10,929 INFO response {"request_id": "79577325182241588c1a1679c8e0c233", "http_status": 200, "body": {"accepted": true, "real_timestamp_ms": 1789198327615, "virtual_time_s": 119, "measure_result": "direction", "svd_deg": 133.01}}
2026-09-12 15:32:10,933 INFO request {"path": "/measure", "payload": {"arena_id": "default", "robot_id": "202601002029", "request_id": "fc190fa2730d484f947f9d3e0f9c873b", "position": {"x": 1200.0, "y": 0.0}, "channel": 1}, "attempt": 1}
2026-09-12 15:32:10,935 INFO response {"request_id": "fc190fa2730d484f947f9d3e0f9c873b", "http_status": 200, "body": {"accepted": true, "real_timestamp_ms": 1789198327620, "virtual_time_s": 365, "measure_result": "no_signal"}}
2026-09-12 15:32:10,935 INFO request {"path": "/measure", "payload": {"arena_id": "default", "robot_id": "202601002029", "request_id": "45efd6cc17ab48e2ad5dab2f4009eb31", "position": {"x": 1200.0, "y": 0.0}, "channel": 2}, "attempt": 1}
2026-09-12 15:32:10,936 INFO response {"request_id": "45efd6cc17ab48e2ad5dab2f4009eb31", "http_status": 200, "body": {"accepted": true, "real_timestamp_ms": 1789198327622, "virtual_time_s": 371, "measure_result": "no_signal"}}
2026-09-12 15:32:10,936 INFO request {"path": "/measure", "payload": {"arena_id": "default", "robot_id": "202601002029", "request_id": "b6c6826bc38445a084a38e1725e7fc73", "position": {"x": 1200.0, "y": 0.0}, "channel": 3}, "attempt": 1}
2026-09-12 15:32:10,938 INFO response {"request_id": "b6c6826bc38445a084a38e1725e7fc73", "http_status": 200, "body": {"accepted": true, "real_timestamp_ms": 1789198327623, "virtual_time_s": 377, "measure_result": "no_signal"}}
2026-09-12 15:32:10,938 INFO request {"path": "/measure", "payload": {"arena_id": "default", "robot_id": "202601002029", "request_id": "cd7c3025bf5a4a92b0c4ea018b1d338a", "position": {"x": 1200.0, "y": 0.0}, "channel": 5}, "attempt": 1}
2026-09-12 15:32:10,940 INFO response {"request_id": "cd7c3025bf5a4a92b0c4ea018b1d338a", "http_status": 200, "body": {"accepted": true, "real_timestamp_ms": 1789198327625, "virtual_time_s": 383, "measure_result": "no_signal"}}
2026-09-12 15:32:10,940 INFO request {"path": "/measure", "payload": {"arena_id": "default", "robot_id": "202601002029", "request_id": "4b0ceec7db1b4c2fb756aaec16cf5f6e", "position": {"x": 1200.0, "y": 0.0}, "channel": 6}, "attempt": 1}
2026-09-12 15:32:10,942 INFO response {"request_id": "4b0ceec7db1b4c2fb756aaec16cf5f6e", "http_status": 200, "body": {"accepted": true, "real_timestamp_ms": 1789198327627, "virtual_time_s": 389, "measure_result": "no_signal"}}
2026-09-12 15:32:10,942 INFO request {"path": "/measure", "payload": {"arena_id": "default", "robot_id": "202601002029", "request_id": "ef75baf1601148e982c6b9edf27d8d75", "position": {"x": 1200.0, "y": 0.0}, "channel": 7}, "attempt": 1}
2026-09-12 15:32:10,944 INFO response {"request_id": "ef75baf1601148e982c6b9edf27d8d75", "http_status": 200, "body": {"accepted": true, "real_timestamp_ms": 1789198327629, "virtual_time_s": 395, "measure_result": "no_signal"}}
2026-09-12 15:32:10,944 INFO request {"path": "/measure", "payload": {"arena_id": "default", "robot_id": "202601002029", "request_id": "6d015c8c1e87417895bc2309ce5bc878", "position": {"x": 1200.0, "y": 0.0}, "channel": 9}, "attempt": 1}
2026-09-12 15:32:10,945 INFO response {"request_id": "6d015c8c1e87417895bc2309ce5bc878", "http_status": 200, "body": {"accepted": true, "real_timestamp_ms": 1789198327631, "virtual_time_s": 401, "measure_result": "no_signal"}}
2026-09-12 15:32:10,945 INFO request {"path": "/measure", "payload": {"arena_id": "default", "robot_id": "202601002029", "request_id": "c618982098f0405397d8326a2ede0315", "position": {"x": 1200.0, "y": 0.0}, "channel": 10}, "attempt": 1}
2026-09-12 15:32:10,947 INFO response {"request_id": "c618982098f0405397d8326a2ede0315", "http_status": 200, "body": {"accepted": true, "real_timestamp_ms": 1789198327633, "virtual_time_s": 407, "measure_result": "no_signal"}}
2026-09-12 15:32:10,947 INFO request {"path": "/measure", "payload": {"arena_id": "default", "robot_id": "202601002029", "request_id": "ddda4589c5944e5eac6878c2d627d99b", "position": {"x": 1200.0, "y": 0.0}, "channel": 11}, "attempt": 1}
2026-09-12 15:32:10,967 INFO response {"request_id": "ddda4589c5944e5eac6878c2d627d99b", "http_status": 200, "body": {"accepted": true, "real_timestamp_ms": 1789198327653, "virtual_time_s": 413, "measure_result": "no_signal"}}
2026-09-12 15:32:10,968 INFO request {"path": "/measure", "payload": {"arena_id": "default", "robot_id": "202601002029", "request_id": "bf310e25a522444fb66ad963665b7e71", "position": {"x": 1200.0, "y": 0.0}, "channel": 13}, "attempt": 1}
2026-09-12 15:32:10,968 INFO response {"request_id": "bf310e25a522444fb66ad963665b7e71", "http_status": 200, "body": {"accepted": true, "real_timestamp_ms": 1789198327654, "virtual_time_s": 419, "measure_result": "direction", "svd_deg": 269.24}}
2026-09-12 15:32:10,972 INFO request {"path": "/measure", "payload": {"arena_id": "default", "robot_id": "202601002029", "request_id": "54695eabec2241ed8204dc8d8c7c0a50", "position": {"x": 1200.0, "y": 0.0}, "channel": 14}, "attempt": 1}
2026-09-12 15:32:10,987 INFO response {"request_id": "54695eabec2241ed8204dc8d8c7c0a50", "http_status": 200, "body": {"accepted": true, "real_timestamp_ms": 1789198327673, "virtual_time_s": 425, "measure_result": "no_signal"}}
2026-09-12 15:32:10,987 INFO request {"path": "/measure", "payload": {"arena_id": "default", "robot_id": "202601002029", "request_id": "004e700480ea4360806eb5775d7ee2a4", "position": {"x": 1200.0, "y": 0.0}, "channel": 15}, "attempt": 1}
2026-09-12 15:32:11,007 INFO response {"request_id": "004e700480ea4360806eb5775d7ee2a4", "http_status": 200, "body": {"accepted": true, "real_timestamp_ms": 1789198327693, "virtual_time_s": 431, "measure_result": "no_signal"}}
2026-09-12 15:32:11,007 INFO request {"path": "/measure", "payload": {"arena_id": "default", "robot_id": "202601002029", "request_id": "b4060004442c43048190409521e2ba87", "position": {"x": 1200.0, "y": 0.0}, "channel": 16}, "attempt": 1}
2026-09-12 15:32:11,027 INFO response {"request_id": "b4060004442c43048190409521e2ba87", "http_status": 200, "body": {"accepted": true, "real_timestamp_ms": 1789198327712, "virtual_time_s": 437, "measure_result": "no_signal"}}
2026-09-12 15:32:11,027 INFO request {"path": "/measure", "payload": {"arena_id": "default", "robot_id": "202601002029", "request_id": "32144719c02644b48295559fd942c9e1", "position": {"x": 1200.0, "y": 0.0}, "channel": 18}, "attempt": 1}
2026-09-12 15:32:11,047 INFO response {"request_id": "32144719c02644b48295559fd942c9e1", "http_status": 200, "body": {"accepted": true, "real_timestamp_ms": 1789198327732, "virtual_time_s": 443, "measure_result": "no_signal"}}
2026-09-12 15:32:11,047 INFO request {"path": "/measure", "payload": {"arena_id": "default", "robot_id": "202601002029", "request_id": "5a81eee4d9a1444385b826454d40e7fb", "position": {"x": 1200.0, "y": 0.0}, "channel": 19}, "attempt": 1}
2026-09-12 15:32:11,067 INFO response {"request_id": "5a81eee4d9a1444385b826454d40e7fb", "http_status": 200, "body": {"accepted": true, "real_timestamp_ms": 1789198327752, "virtual_time_s": 449, "measure_result": "no_signal"}}
2026-09-12 15:32:11,082 INFO request {"path": "/measure", "payload": {"arena_id": "default", "robot_id": "202601002029", "request_id": "e6abf16357434896b89e291f26d219e1", "position": {"x": 1200.0, "y": 0.0}, "channel": 4}, "attempt": 1}
2026-09-12 15:32:11,084 INFO response {"request_id": "e6abf16357434896b89e291f26d219e1", "http_status": 200, "body": {"accepted": true, "real_timestamp_ms": 1789198327770, "virtual_time_s": 455, "measure_result": "direction", "svd_deg": 245.26}}
2026-09-12 15:32:11,093 INFO request {"path": "/measure", "payload": {"arena_id": "default", "robot_id": "202601002029", "request_id": "d3257d68ff8844e39f908241454ffbe1", "position": {"x": 1200.0, "y": 0.0}, "channel": 8}, "attempt": 1}
2026-09-12 15:32:11,107 INFO response {"request_id": "d3257d68ff8844e39f908241454ffbe1", "http_status": 200, "body": {"accepted": true, "real_timestamp_ms": 1789198327792, "virtual_time_s": 461, "measure_result": "direction", "svd_deg": 144.45}}
2026-09-12 15:32:11,110 INFO request {"path": "/measure", "payload": {"arena_id": "default", "robot_id": "202601002029", "request_id": "eef21432147749b5b262fefa789a7a06", "position": {"x": 600.0000000000001, "y": 1039.2304845413264}, "channel": 1}, "attempt": 1}
2026-09-12 15:32:11,127 INFO response {"request_id": "eef21432147749b5b262fefa789a7a06", "http_status": 200, "body": {"accepted": true, "real_timestamp_ms": 1789198327812, "virtual_time_s": 707, "measure_result": "no_signal"}}
2026-09-12 15:32:11,127 INFO request {"path": "/measure", "payload": {"arena_id": "default", "robot_id": "202601002029", "request_id": "a5cffd1be60d4bafaa1964861488bbd2", "position": {"x": 600.0000000000001, "y": 1039.2304845413264}, "channel": 2}, "attempt": 1}
2026-09-12 15:32:11,130 INFO response {"request_id": "a5cffd1be60d4bafaa1964861488bbd2", "http_status": 200, "body": {"accepted": true, "real_timestamp_ms": 1789198327815, "virtual_time_s": 713, "measure_result": "direction", "svd_deg": 154.6}}
2026-09-12 15:32:11,135 INFO request {"path": "/measure", "payload": {"arena_id": "default", "robot_id": "202601002029", "request_id": "30ba2e0261a944de8aeb6e6050b23869", "position": {"x": 600.0000000000001, "y": 1039.2304845413264}, "channel": 3}, "attempt": 1}
2026-09-12 15:32:11,136 INFO response {"request_id": "30ba2e0261a944de8aeb6e6050b23869", "http_status": 200, "body": {"accepted": true, "real_timestamp_ms": 1789198327822, "virtual_time_s": 719, "measure_result": "no_signal"}}
2026-09-12 15:32:11,136 INFO request {"path": "/measure", "payload": {"arena_id": "default", "robot_id": "202601002029", "request_id": "71123606b53246e2823b279960953c05", "position": {"x": 600.0000000000001, "y": 1039.2304845413264}, "channel": 5}, "attempt": 1}
2026-09-12 15:32:11,158 INFO response {"request_id": "71123606b53246e2823b279960953c05", "http_status": 200, "body": {"accepted": true, "real_timestamp_ms": 1789198327843, "virtual_time_s": 725, "measure_result": "direction", "svd_deg": 138.74}}
2026-09-12 15:32:11,163 INFO request {"path": "/measure", "payload": {"arena_id": "default", "robot_id": "202601002029", "request_id": "56b5928ba4634b9290cdc403b0f9be50", "position": {"x": 600.0000000000001, "y": 1039.2304845413264}, "channel": 6}, "attempt": 1}
2026-09-12 15:32:11,176 INFO response {"request_id": "56b5928ba4634b9290cdc403b0f9be50", "http_status": 200, "body": {"accepted": true, "real_timestamp_ms": 1789198327862, "virtual_time_s": 731, "measure_result": "no_signal"}}
2026-09-12 15:32:11,176 INFO request {"path": "/measure", "payload": {"arena_id": "default", "robot_id": "202601002029", "request_id": "21517feb7cba4415984cb89e7df6635b", "position": {"x": 600.0000000000001, "y": 1039.2304845413264}, "channel": 7}, "attempt": 1}
2026-09-12 15:32:11,178 INFO response {"request_id": "21517feb7cba4415984cb89e7df6635b", "http_status": 200, "body": {"accepted": true, "real_timestamp_ms": 1789198327864, "virtual_time_s": 737, "measure_result": "no_signal"}}
2026-09-12 15:32:11,179 INFO request {"path": "/measure", "payload": {"arena_id": "default", "robot_id": "202601002029", "request_id": "6e7233232a6448cbb703a34907bb4c22", "position": {"x": 600.0000000000001, "y": 1039.2304845413264}, "channel": 9}, "attempt": 1}
2026-09-12 15:32:11,180 INFO response {"request_id": "6e7233232a6448cbb703a34907bb4c22", "http_status": 200, "body": {"accepted": true, "real_timestamp_ms": 1789198327866, "virtual_time_s": 743, "measure_result": "no_signal"}}
2026-09-12 15:32:11,181 INFO request {"path": "/measure", "payload": {"arena_id": "default", "robot_id": "202601002029", "request_id": "1bf7b139e2904dd8a75ea57906666be8", "position": {"x": 600.0000000000001, "y": 1039.2304845413264}, "channel": 10}, "attempt": 1}
2026-09-12 15:32:11,182 INFO response {"request_id": "1bf7b139e2904dd8a75ea57906666be8", "http_status": 200, "body": {"accepted": true, "real_timestamp_ms": 1789198327867, "virtual_time_s": 749, "measure_result": "no_signal"}}
2026-09-12 15:32:11,182 INFO request {"path": "/measure", "payload": {"arena_id": "default", "robot_id": "202601002029", "request_id": "3d927ff840684ec9a040540332f0984b", "position": {"x": 600.0000000000001, "y": 1039.2304845413264}, "channel": 11}, "attempt": 1}
2026-09-12 15:32:11,184 INFO response {"request_id": "3d927ff840684ec9a040540332f0984b", "http_status": 200, "body": {"accepted": true, "real_timestamp_ms": 1789198327869, "virtual_time_s": 755, "measure_result": "no_signal"}}
2026-09-12 15:32:11,184 INFO request {"path": "/measure", "payload": {"arena_id": "default", "robot_id": "202601002029", "request_id": "6e8113171ade43bdb2f0a45a37e89f87", "position": {"x": 600.0000000000001, "y": 1039.2304845413264}, "channel": 14}, "attempt": 1}
2026-09-12 15:32:11,186 INFO response {"request_id": "6e8113171ade43bdb2f0a45a37e89f87", "http_status": 200, "body": {"accepted": true, "real_timestamp_ms": 1789198327871, "virtual_time_s": 761, "measure_result": "no_signal"}}
2026-09-12 15:32:11,186 INFO request {"path": "/measure", "payload": {"arena_id": "default", "robot_id": "202601002029", "request_id": "8ea3a6ebf2e94bc0977c1c0d21c44430", "position": {"x": 600.0000000000001, "y": 1039.2304845413264}, "channel": 15}, "attempt": 1}
2026-09-12 15:32:11,188 INFO response {"request_id": "8ea3a6ebf2e94bc0977c1c0d21c44430", "http_status": 200, "body": {"accepted": true, "real_timestamp_ms": 1789198327873, "virtual_time_s": 767, "measure_result": "no_signal"}}
2026-09-12 15:32:11,188 INFO request {"path": "/measure", "payload": {"arena_id": "default", "robot_id": "202601002029", "request_id": "0e5ddd1a5724494087e023ff1d20207a", "position": {"x": 600.0000000000001, "y": 1039.2304845413264}, "channel": 16}, "attempt": 1}
2026-09-12 15:32:11,206 INFO response {"request_id": "0e5ddd1a5724494087e023ff1d20207a", "http_status": 200, "body": {"accepted": true, "real_timestamp_ms": 1789198327891, "virtual_time_s": 773, "measure_result": "no_signal"}}
2026-09-12 15:32:11,206 INFO request {"path": "/measure", "payload": {"arena_id": "default", "robot_id": "202601002029", "request_id": "3fa6d002ec554c4e843cb04759183d78", "position": {"x": 600.0000000000001, "y": 1039.2304845413264}, "channel": 18}, "attempt": 1}
2026-09-12 15:32:11,207 INFO response {"request_id": "3fa6d002ec554c4e843cb04759183d78", "http_status": 200, "body": {"accepted": true, "real_timestamp_ms": 1789198327892, "virtual_time_s": 779, "measure_result": "no_signal"}}
2026-09-12 15:32:11,207 INFO request {"path": "/measure", "payload": {"arena_id": "default", "robot_id": "202601002029", "request_id": "b40ea6cae0074ed4b8f580a88e5fe2f6", "position": {"x": 600.0000000000001, "y": 1039.2304845413264}, "channel": 19}, "attempt": 1}
2026-09-12 15:32:11,208 INFO response {"request_id": "b40ea6cae0074ed4b8f580a88e5fe2f6", "http_status": 200, "body": {"accepted": true, "real_timestamp_ms": 1789198327893, "virtual_time_s": 785, "measure_result": "no_signal"}}
2026-09-12 15:32:11,231 INFO request {"path": "/measure", "payload": {"arena_id": "default", "robot_id": "202601002029", "request_id": "27d5a793bd8d44cdade912d4293c3267", "position": {"x": 600.0000000000001, "y": 1039.2304845413264}, "channel": 8}, "attempt": 1}
2026-09-12 15:32:11,233 INFO response {"request_id": "27d5a793bd8d44cdade912d4293c3267", "http_status": 200, "body": {"accepted": true, "real_timestamp_ms": 1789198327918, "virtual_time_s": 791, "measure_result": "direction", "svd_deg": 277.88}}
2026-09-12 15:32:11,241 INFO request {"path": "/measure", "payload": {"arena_id": "default", "robot_id": "202601002029", "request_id": "a75adb13fc444d71aa177560ae9cbd13", "position": {"x": -599.9999999999998, "y": 1039.2304845413264}, "channel": 1}, "attempt": 1}
2026-09-12 15:32:11,242 INFO response {"request_id": "a75adb13fc444d71aa177560ae9cbd13", "http_status": 200, "body": {"accepted": true, "real_timestamp_ms": 1789198327928, "virtual_time_s": 1037, "measure_result": "no_signal"}}
2026-09-12 15:32:11,242 INFO request {"path": "/measure", "payload": {"arena_id": "default", "robot_id": "202601002029", "request_id": "1440bb23362d460692efb9900f789825", "position": {"x": -599.9999999999998, "y": 1039.2304845413264}, "channel": 3}, "attempt": 1}
2026-09-12 15:32:11,244 INFO response {"request_id": "1440bb23362d460692efb9900f789825", "http_status": 200, "body": {"accepted": true, "real_timestamp_ms": 1789198327929, "virtual_time_s": 1043, "measure_result": "no_signal"}}
2026-09-12 15:32:11,244 INFO request {"path": "/measure", "payload": {"arena_id": "default", "robot_id": "202601002029", "request_id": "02dd48e02ee4448295493b1d3d74b8bd", "position": {"x": -599.9999999999998, "y": 1039.2304845413264}, "channel": 6}, "attempt": 1}
2026-09-12 15:32:11,246 INFO response {"request_id": "02dd48e02ee4448295493b1d3d74b8bd", "http_status": 200, "body": {"accepted": true, "real_timestamp_ms": 1789198327931, "virtual_time_s": 1049, "measure_result": "no_signal"}}
2026-09-12 15:32:11,246 INFO request {"path": "/measure", "payload": {"arena_id": "default", "robot_id": "202601002029", "request_id": "5ff99584326c45a1bdb1765f413fc795", "position": {"x": -599.9999999999998, "y": 1039.2304845413264}, "channel": 7}, "attempt": 1}
2026-09-12 15:32:11,247 INFO response {"request_id": "5ff99584326c45a1bdb1765f413fc795", "http_status": 200, "body": {"accepted": true, "real_timestamp_ms": 1789198327933, "virtual_time_s": 1055, "measure_result": "no_signal"}}
2026-09-12 15:32:11,247 INFO request {"path": "/measure", "payload": {"arena_id": "default", "robot_id": "202601002029", "request_id": "ad349eccd0d14181b5264095c0d37e97", "position": {"x": -599.9999999999998, "y": 1039.2304845413264}, "channel": 9}, "attempt": 1}
2026-09-12 15:32:11,249 INFO response {"request_id": "ad349eccd0d14181b5264095c0d37e97", "http_status": 200, "body": {"accepted": true, "real_timestamp_ms": 1789198327935, "virtual_time_s": 1061, "measure_result": "no_signal"}}
2026-09-12 15:32:11,249 INFO request {"path": "/measure", "payload": {"arena_id": "default", "robot_id": "202601002029", "request_id": "8676f7341c394eddb56f2a4e45a2d711", "position": {"x": -599.9999999999998, "y": 1039.2304845413264}, "channel": 10}, "attempt": 1}
2026-09-12 15:32:11,251 INFO response {"request_id": "8676f7341c394eddb56f2a4e45a2d711", "http_status": 200, "body": {"accepted": true, "real_timestamp_ms": 1789198327936, "virtual_time_s": 1067, "measure_result": "no_signal"}}
2026-09-12 15:32:11,251 INFO request {"path": "/measure", "payload": {"arena_id": "default", "robot_id": "202601002029", "request_id": "815e69b0b446475b8512558f9fae28f3", "position": {"x": -599.9999999999998, "y": 1039.2304845413264}, "channel": 11}, "attempt": 1}
2026-09-12 15:32:11,265 INFO response {"request_id": "815e69b0b446475b8512558f9fae28f3", "http_status": 200, "body": {"accepted": true, "real_timestamp_ms": 1789198327950, "virtual_time_s": 1073, "measure_result": "no_signal"}}
2026-09-12 15:32:11,266 INFO request {"path": "/measure", "payload": {"arena_id": "default", "robot_id": "202601002029", "request_id": "9236aae2e220435c9e054444378e1336", "position": {"x": -599.9999999999998, "y": 1039.2304845413264}, "channel": 14}, "attempt": 1}
2026-09-12 15:32:11,267 INFO response {"request_id": "9236aae2e220435c9e054444378e1336", "http_status": 200, "body": {"accepted": true, "real_timestamp_ms": 1789198327952, "virtual_time_s": 1079, "measure_result": "no_signal"}}
2026-09-12 15:32:11,267 INFO request {"path": "/measure", "payload": {"arena_id": "default", "robot_id": "202601002029", "request_id": "f1ac6f9253154f91bf5311a93169d3c3", "position": {"x": -599.9999999999998, "y": 1039.2304845413264}, "channel": 15}, "attempt": 1}
2026-09-12 15:32:11,285 INFO response {"request_id": "f1ac6f9253154f91bf5311a93169d3c3", "http_status": 200, "body": {"accepted": true, "real_timestamp_ms": 1789198327970, "virtual_time_s": 1085, "measure_result": "no_signal"}}
2026-09-12 15:32:11,285 INFO request {"path": "/measure", "payload": {"arena_id": "default", "robot_id": "202601002029", "request_id": "8984576ffaf2473db36e5ecd3b8c7bd1", "position": {"x": -599.9999999999998, "y": 1039.2304845413264}, "channel": 16}, "attempt": 1}
2026-09-12 15:32:11,287 INFO response {"request_id": "8984576ffaf2473db36e5ecd3b8c7bd1", "http_status": 200, "body": {"accepted": true, "real_timestamp_ms": 1789198327972, "virtual_time_s": 1091, "measure_result": "no_signal"}}
2026-09-12 15:32:11,287 INFO request {"path": "/measure", "payload": {"arena_id": "default", "robot_id": "202601002029", "request_id": "2162ec7ff8204ddabd9364e9ea4124b7", "position": {"x": -599.9999999999998, "y": 1039.2304845413264}, "channel": 18}, "attempt": 1}
2026-09-12 15:32:11,306 INFO response {"request_id": "2162ec7ff8204ddabd9364e9ea4124b7", "http_status": 200, "body": {"accepted": true, "real_timestamp_ms": 1789198327991, "virtual_time_s": 1097, "measure_result": "no_signal"}}
2026-09-12 15:32:11,306 INFO request {"path": "/measure", "payload": {"arena_id": "default", "robot_id": "202601002029", "request_id": "cca96759a4594d8687d880e1815b68fa", "position": {"x": -599.9999999999998, "y": 1039.2304845413264}, "channel": 19}, "attempt": 1}
2026-09-12 15:32:11,308 INFO response {"request_id": "cca96759a4594d8687d880e1815b68fa", "http_status": 200, "body": {"accepted": true, "real_timestamp_ms": 1789198327994, "virtual_time_s": 1103, "measure_result": "no_signal"}}
2026-09-12 15:32:11,363 INFO request {"path": "/measure", "payload": {"arena_id": "default", "robot_id": "202601002029", "request_id": "5c2757bb682e48b1ad0784b1cd1c4107", "position": {"x": -599.9999999999998, "y": 1039.2304845413264}, "channel": 20}, "attempt": 1}
2026-09-12 15:32:11,365 INFO response {"request_id": "5c2757bb682e48b1ad0784b1cd1c4107", "http_status": 200, "body": {"accepted": true, "real_timestamp_ms": 1789198328051, "virtual_time_s": 1109, "measure_result": "direction", "svd_deg": 227.22}}
2026-09-12 15:32:11,404 INFO request {"path": "/measure", "payload": {"arena_id": "default", "robot_id": "202601002029", "request_id": "50d458ad6c17483b899f05d9417a42a2", "position": {"x": -599.9999999999998, "y": 1039.2304845413264}, "channel": 17}, "attempt": 1}
2026-09-12 15:32:11,425 INFO response {"request_id": "50d458ad6c17483b899f05d9417a42a2", "http_status": 200, "body": {"accepted": true, "real_timestamp_ms": 1789198328109, "virtual_time_s": 1115, "measure_result": "direction", "svd_deg": 232.8}}
2026-09-12 15:32:11,432 INFO request {"path": "/measure", "payload": {"arena_id": "default", "robot_id": "202601002029", "request_id": "936fe4718bf84384b4411d85aaaaf7c8", "position": {"x": -1200.0, "y": 1.4695761589768238e-13}, "channel": 1}, "attempt": 1}
2026-09-12 15:32:11,433 INFO response {"request_id": "936fe4718bf84384b4411d85aaaaf7c8", "http_status": 200, "body": {"accepted": true, "real_timestamp_ms": 1789198328118, "virtual_time_s": 1361, "measure_result": "no_signal"}}
2026-09-12 15:32:11,434 INFO request {"path": "/measure", "payload": {"arena_id": "default", "robot_id": "202601002029", "request_id": "e7ff014b0b7f436693f6467bd7f1290e", "position": {"x": -1200.0, "y": 1.4695761589768238e-13}, "channel": 3}, "attempt": 1}
2026-09-12 15:32:11,453 INFO response {"request_id": "e7ff014b0b7f436693f6467bd7f1290e", "http_status": 200, "body": {"accepted": true, "real_timestamp_ms": 1789198328138, "virtual_time_s": 1367, "measure_result": "no_signal"}}
2026-09-12 15:32:11,453 INFO request {"path": "/measure", "payload": {"arena_id": "default", "robot_id": "202601002029", "request_id": "8632d445fb52433290c0487956da53e3", "position": {"x": -1200.0, "y": 1.4695761589768238e-13}, "channel": 6}, "attempt": 1}
2026-09-12 15:32:11,472 INFO response {"request_id": "8632d445fb52433290c0487956da53e3", "http_status": 200, "body": {"accepted": true, "real_timestamp_ms": 1789198328157, "virtual_time_s": 1373, "measure_result": "no_signal"}}
2026-09-12 15:32:11,472 INFO request {"path": "/measure", "payload": {"arena_id": "default", "robot_id": "202601002029", "request_id": "b3aee1ff862d4b59a2cc030e8e2f6a24", "position": {"x": -1200.0, "y": 1.4695761589768238e-13}, "channel": 7}, "attempt": 1}
2026-09-12 15:32:11,475 INFO response {"request_id": "b3aee1ff862d4b59a2cc030e8e2f6a24", "http_status": 200, "body": {"accepted": true, "real_timestamp_ms": 1789198328159, "virtual_time_s": 1379, "measure_result": "no_signal"}}
2026-09-12 15:32:11,475 INFO request {"path": "/measure", "payload": {"arena_id": "default", "robot_id": "202601002029", "request_id": "53d3d815ef374a02a7f753889f9a0716", "position": {"x": -1200.0, "y": 1.4695761589768238e-13}, "channel": 9}, "attempt": 1}
2026-09-12 15:32:11,476 INFO response {"request_id": "53d3d815ef374a02a7f753889f9a0716", "http_status": 200, "body": {"accepted": true, "real_timestamp_ms": 1789198328161, "virtual_time_s": 1385, "measure_result": "no_signal"}}
2026-09-12 15:32:11,477 INFO request {"path": "/measure", "payload": {"arena_id": "default", "robot_id": "202601002029", "request_id": "c32083b0c26e4ee5b546c3d345e28fde", "position": {"x": -1200.0, "y": 1.4695761589768238e-13}, "channel": 10}, "attempt": 1}
2026-09-12 15:32:11,478 INFO response {"request_id": "c32083b0c26e4ee5b546c3d345e28fde", "http_status": 200, "body": {"accepted": true, "real_timestamp_ms": 1789198328163, "virtual_time_s": 1391, "measure_result": "no_signal"}}
2026-09-12 15:32:11,479 INFO request {"path": "/measure", "payload": {"arena_id": "default", "robot_id": "202601002029", "request_id": "ab38a06b77af43468a7e8130df49bcf2", "position": {"x": -1200.0, "y": 1.4695761589768238e-13}, "channel": 11}, "attempt": 1}
2026-09-12 15:32:11,480 INFO response {"request_id": "ab38a06b77af43468a7e8130df49bcf2", "http_status": 200, "body": {"accepted": true, "real_timestamp_ms": 1789198328165, "virtual_time_s": 1397, "measure_result": "no_signal"}}
2026-09-12 15:32:11,480 INFO request {"path": "/measure", "payload": {"arena_id": "default", "robot_id": "202601002029", "request_id": "2fe9f6ab032b4d5eac8322dd8d8c1c7e", "position": {"x": -1200.0, "y": 1.4695761589768238e-13}, "channel": 14}, "attempt": 1}
2026-09-12 15:32:11,501 INFO response {"request_id": "2fe9f6ab032b4d5eac8322dd8d8c1c7e", "http_status": 200, "body": {"accepted": true, "real_timestamp_ms": 1789198328186, "virtual_time_s": 1403, "measure_result": "no_signal"}}
2026-09-12 15:32:11,502 INFO request {"path": "/measure", "payload": {"arena_id": "default", "robot_id": "202601002029", "request_id": "572bd82567234cbd91b809782bd46c47", "position": {"x": -1200.0, "y": 1.4695761589768238e-13}, "channel": 15}, "attempt": 1}
2026-09-12 15:32:11,505 INFO response {"request_id": "572bd82567234cbd91b809782bd46c47", "http_status": 200, "body": {"accepted": true, "real_timestamp_ms": 1789198328190, "virtual_time_s": 1409, "measure_result": "no_signal"}}
2026-09-12 15:32:11,506 INFO request {"path": "/measure", "payload": {"arena_id": "default", "robot_id": "202601002029", "request_id": "4ff69da5d7c34a8299a60c295f612799", "position": {"x": -1200.0, "y": 1.4695761589768238e-13}, "channel": 16}, "attempt": 1}
2026-09-12 15:32:11,508 INFO response {"request_id": "4ff69da5d7c34a8299a60c295f612799", "http_status": 200, "body": {"accepted": true, "real_timestamp_ms": 1789198328193, "virtual_time_s": 1415, "measure_result": "direction", "svd_deg": 238.0}}
2026-09-12 15:32:11,512 INFO request {"path": "/measure", "payload": {"arena_id": "default", "robot_id": "202601002029", "request_id": "ad1f113801154fc79b527d0f8f7a7bf1", "position": {"x": -1200.0, "y": 1.4695761589768238e-13}, "channel": 18}, "attempt": 1}
2026-09-12 15:32:11,514 INFO response {"request_id": "ad1f113801154fc79b527d0f8f7a7bf1", "http_status": 200, "body": {"accepted": true, "real_timestamp_ms": 1789198328199, "virtual_time_s": 1421, "measure_result": "direction", "svd_deg": 244.12}}
2026-09-12 15:32:11,517 INFO request {"path": "/measure", "payload": {"arena_id": "default", "robot_id": "202601002029", "request_id": "f508592fd8b94eda9fccb08f491e1211", "position": {"x": -1200.0, "y": 1.4695761589768238e-13}, "channel": 19}, "attempt": 1}
2026-09-12 15:32:11,519 INFO response {"request_id": "f508592fd8b94eda9fccb08f491e1211", "http_status": 200, "body": {"accepted": true, "real_timestamp_ms": 1789198328204, "virtual_time_s": 1427, "measure_result": "no_signal"}}
2026-09-12 15:32:11,546 INFO request {"path": "/measure", "payload": {"arena_id": "default", "robot_id": "202601002029", "request_id": "2d7ba049b70148ee9d073a6d4437edd1", "position": {"x": -1200.0, "y": 1.4695761589768238e-13}, "channel": 12}, "attempt": 1}
2026-09-12 15:32:11,559 INFO response {"request_id": "2d7ba049b70148ee9d073a6d4437edd1", "http_status": 200, "body": {"accepted": true, "real_timestamp_ms": 1789198328245, "virtual_time_s": 1433, "measure_result": "direction", "svd_deg": 295.09}}
2026-09-12 15:32:11,580 INFO request {"path": "/measure", "payload": {"arena_id": "default", "robot_id": "202601002029", "request_id": "3e2fbe6b02d8466da2b78c02f6649836", "position": {"x": -600.0000000000006, "y": -1039.2304845413262}, "channel": 1}, "attempt": 1}
2026-09-12 15:32:11,581 INFO response {"request_id": "3e2fbe6b02d8466da2b78c02f6649836", "http_status": 200, "body": {"accepted": true, "real_timestamp_ms": 1789198328267, "virtual_time_s": 1679, "measure_result": "no_signal"}}
2026-09-12 15:32:11,582 INFO request {"path": "/measure", "payload": {"arena_id": "default", "robot_id": "202601002029", "request_id": "4b17983ce533450e974b47a65136b9ef", "position": {"x": -600.0000000000006, "y": -1039.2304845413262}, "channel": 3}, "attempt": 1}
2026-09-12 15:32:11,582 INFO response {"request_id": "4b17983ce533450e974b47a65136b9ef", "http_status": 200, "body": {"accepted": true, "real_timestamp_ms": 1789198328268, "virtual_time_s": 1685, "measure_result": "no_signal"}}
2026-09-12 15:32:11,583 INFO request {"path": "/measure", "payload": {"arena_id": "default", "robot_id": "202601002029", "request_id": "26cc2b5fc2cd46ec919c22e17a524c34", "position": {"x": -600.0000000000006, "y": -1039.2304845413262}, "channel": 6}, "attempt": 1}
2026-09-12 15:32:11,584 INFO response {"request_id": "26cc2b5fc2cd46ec919c22e17a524c34", "http_status": 200, "body": {"accepted": true, "real_timestamp_ms": 1789198328269, "virtual_time_s": 1691, "measure_result": "no_signal"}}
2026-09-12 15:32:11,584 INFO request {"path": "/measure", "payload": {"arena_id": "default", "robot_id": "202601002029", "request_id": "77b47c93c30e49e3a85c8dd30b4ddc8c", "position": {"x": -600.0000000000006, "y": -1039.2304845413262}, "channel": 7}, "attempt": 1}
2026-09-12 15:32:11,584 INFO response {"request_id": "77b47c93c30e49e3a85c8dd30b4ddc8c", "http_status": 200, "body": {"accepted": true, "real_timestamp_ms": 1789198328270, "virtual_time_s": 1697, "measure_result": "no_signal"}}
2026-09-12 15:32:11,585 INFO request {"path": "/measure", "payload": {"arena_id": "default", "robot_id": "202601002029", "request_id": "5453471f5dbe48bba2c7cf975877e676", "position": {"x": -600.0000000000006, "y": -1039.2304845413262}, "channel": 9}, "attempt": 1}
2026-09-12 15:32:11,585 INFO response {"request_id": "5453471f5dbe48bba2c7cf975877e676", "http_status": 200, "body": {"accepted": true, "real_timestamp_ms": 1789198328271, "virtual_time_s": 1703, "measure_result": "no_signal"}}
2026-09-12 15:32:11,585 INFO request {"path": "/measure", "payload": {"arena_id": "default", "robot_id": "202601002029", "request_id": "4de0991f8c0248d69bb1886db8dfa889", "position": {"x": -600.0000000000006, "y": -1039.2304845413262}, "channel": 10}, "attempt": 1}
2026-09-12 15:32:11,598 INFO response {"request_id": "4de0991f8c0248d69bb1886db8dfa889", "http_status": 200, "body": {"accepted": true, "real_timestamp_ms": 1789198328284, "virtual_time_s": 1709, "measure_result": "no_signal"}}
2026-09-12 15:32:11,599 INFO request {"path": "/measure", "payload": {"arena_id": "default", "robot_id": "202601002029", "request_id": "b6e299d9583b4b59852d919f6780166d", "position": {"x": -600.0000000000006, "y": -1039.2304845413262}, "channel": 11}, "attempt": 1}
2026-09-12 15:32:11,599 INFO response {"request_id": "b6e299d9583b4b59852d919f6780166d", "http_status": 200, "body": {"accepted": true, "real_timestamp_ms": 1789198328285, "virtual_time_s": 1715, "measure_result": "no_signal"}}
2026-09-12 15:32:11,600 INFO request {"path": "/measure", "payload": {"arena_id": "default", "robot_id": "202601002029", "request_id": "d9ec3e2e97eb44d7abf9d16938188c7b", "position": {"x": -600.0000000000006, "y": -1039.2304845413262}, "channel": 14}, "attempt": 1}
2026-09-12 15:32:11,600 INFO response {"request_id": "d9ec3e2e97eb44d7abf9d16938188c7b", "http_status": 200, "body": {"accepted": true, "real_timestamp_ms": 1789198328286, "virtual_time_s": 1721, "measure_result": "no_signal"}}
2026-09-12 15:32:11,601 INFO request {"path": "/measure", "payload": {"arena_id": "default", "robot_id": "202601002029", "request_id": "24ab61390eb6454d854b1350751986ed", "position": {"x": -600.0000000000006, "y": -1039.2304845413262}, "channel": 15}, "attempt": 1}
2026-09-12 15:32:11,601 INFO response {"request_id": "24ab61390eb6454d854b1350751986ed", "http_status": 200, "body": {"accepted": true, "real_timestamp_ms": 1789198328287, "virtual_time_s": 1727, "measure_result": "no_signal"}}
2026-09-12 15:32:11,601 INFO request {"path": "/measure", "payload": {"arena_id": "default", "robot_id": "202601002029", "request_id": "5a4351ad03914004a97c48fb37d328e4", "position": {"x": -600.0000000000006, "y": -1039.2304845413262}, "channel": 19}, "attempt": 1}
2026-09-12 15:32:11,602 INFO response {"request_id": "5a4351ad03914004a97c48fb37d328e4", "http_status": 200, "body": {"accepted": true, "real_timestamp_ms": 1789198328287, "virtual_time_s": 1733, "measure_result": "no_signal"}}
2026-09-12 15:32:11,626 INFO request {"path": "/measure", "payload": {"arena_id": "default", "robot_id": "202601002029", "request_id": "308788f462b8406a97ae60722d3eb102", "position": {"x": -600.0000000000006, "y": -1039.2304845413262}, "channel": 18}, "attempt": 1}
2026-09-12 15:32:11,638 INFO response {"request_id": "308788f462b8406a97ae60722d3eb102", "http_status": 200, "body": {"accepted": true, "real_timestamp_ms": 1789198328323, "virtual_time_s": 1739, "measure_result": "direction", "svd_deg": 159.76}}
2026-09-12 15:32:11,657 INFO request {"path": "/measure", "payload": {"arena_id": "default", "robot_id": "202601002029", "request_id": "01c6ddeb565947eb8b054468c52222c4", "position": {"x": -600.0000000000006, "y": -1039.2304845413262}, "channel": 16}, "attempt": 1}
2026-09-12 15:32:11,658 INFO response {"request_id": "01c6ddeb565947eb8b054468c52222c4", "http_status": 200, "body": {"accepted": true, "real_timestamp_ms": 1789198328343, "virtual_time_s": 1745, "measure_result": "direction", "svd_deg": 143.78}}
2026-09-12 15:32:11,660 INFO request {"path": "/measure", "payload": {"arena_id": "default", "robot_id": "202601002029", "request_id": "1ab3331bd9a249698ab8681c6b875f21", "position": {"x": 600.0000000000001, "y": -1039.2304845413264}, "channel": 1}, "attempt": 1}
2026-09-12 15:32:11,661 INFO response {"request_id": "1ab3331bd9a249698ab8681c6b875f21", "http_status": 200, "body": {"accepted": true, "real_timestamp_ms": 1789198328347, "virtual_time_s": 1991, "measure_result": "no_signal"}}
2026-09-12 15:32:11,661 INFO request {"path": "/measure", "payload": {"arena_id": "default", "robot_id": "202601002029", "request_id": "dce98335e4fb423d9eb39712549358a0", "position": {"x": 600.0000000000001, "y": -1039.2304845413264}, "channel": 3}, "attempt": 1}
2026-09-12 15:32:11,662 INFO response {"request_id": "dce98335e4fb423d9eb39712549358a0", "http_status": 200, "body": {"accepted": true, "real_timestamp_ms": 1789198328348, "virtual_time_s": 1997, "measure_result": "no_signal"}}
2026-09-12 15:32:11,662 INFO request {"path": "/measure", "payload": {"arena_id": "default", "robot_id": "202601002029", "request_id": "8ad495accf544864a1e1d46c036708a0", "position": {"x": 600.0000000000001, "y": -1039.2304845413264}, "channel": 6}, "attempt": 1}
2026-09-12 15:32:11,663 INFO response {"request_id": "8ad495accf544864a1e1d46c036708a0", "http_status": 200, "body": {"accepted": true, "real_timestamp_ms": 1789198328349, "virtual_time_s": 2003, "measure_result": "no_signal"}}
2026-09-12 15:32:11,663 INFO request {"path": "/measure", "payload": {"arena_id": "default", "robot_id": "202601002029", "request_id": "5e3063eb05f049c9947c3d63b03bb0fa", "position": {"x": 600.0000000000001, "y": -1039.2304845413264}, "channel": 7}, "attempt": 1}
2026-09-12 15:32:11,663 INFO response {"request_id": "5e3063eb05f049c9947c3d63b03bb0fa", "http_status": 200, "body": {"accepted": true, "real_timestamp_ms": 1789198328349, "virtual_time_s": 2009, "measure_result": "no_signal"}}
2026-09-12 15:32:11,664 INFO request {"path": "/measure", "payload": {"arena_id": "default", "robot_id": "202601002029", "request_id": "1de30d4dec124ea384d8efa6cd87251a", "position": {"x": 600.0000000000001, "y": -1039.2304845413264}, "channel": 9}, "attempt": 1}
2026-09-12 15:32:11,664 INFO response {"request_id": "1de30d4dec124ea384d8efa6cd87251a", "http_status": 200, "body": {"accepted": true, "real_timestamp_ms": 1789198328350, "virtual_time_s": 2015, "measure_result": "no_signal"}}
2026-09-12 15:32:11,664 INFO request {"path": "/measure", "payload": {"arena_id": "default", "robot_id": "202601002029", "request_id": "fdc3ef5b17534b20a234d61ca31b6204", "position": {"x": 600.0000000000001, "y": -1039.2304845413264}, "channel": 10}, "attempt": 1}
2026-09-12 15:32:11,665 INFO response {"request_id": "fdc3ef5b17534b20a234d61ca31b6204", "http_status": 200, "body": {"accepted": true, "real_timestamp_ms": 1789198328351, "virtual_time_s": 2021, "measure_result": "no_signal"}}
2026-09-12 15:32:11,665 INFO request {"path": "/measure", "payload": {"arena_id": "default", "robot_id": "202601002029", "request_id": "20b39438f25a4ffa94c6e094f07585e0", "position": {"x": 600.0000000000001, "y": -1039.2304845413264}, "channel": 11}, "attempt": 1}
2026-09-12 15:32:11,665 INFO response {"request_id": "20b39438f25a4ffa94c6e094f07585e0", "http_status": 200, "body": {"accepted": true, "real_timestamp_ms": 1789198328351, "virtual_time_s": 2027, "measure_result": "no_signal"}}
2026-09-12 15:32:11,665 INFO request {"path": "/measure", "payload": {"arena_id": "default", "robot_id": "202601002029", "request_id": "79edbb5d3a944fe39054e822eed973bc", "position": {"x": 600.0000000000001, "y": -1039.2304845413264}, "channel": 14}, "attempt": 1}
2026-09-12 15:32:11,666 INFO response {"request_id": "79edbb5d3a944fe39054e822eed973bc", "http_status": 200, "body": {"accepted": true, "real_timestamp_ms": 1789198328352, "virtual_time_s": 2033, "measure_result": "no_signal"}}
2026-09-12 15:32:11,666 INFO request {"path": "/measure", "payload": {"arena_id": "default", "robot_id": "202601002029", "request_id": "64455be3bc634de59dc7d462c920417b", "position": {"x": 600.0000000000001, "y": -1039.2304845413264}, "channel": 15}, "attempt": 1}
2026-09-12 15:32:11,667 INFO response {"request_id": "64455be3bc634de59dc7d462c920417b", "http_status": 200, "body": {"accepted": true, "real_timestamp_ms": 1789198328353, "virtual_time_s": 2039, "measure_result": "direction", "svd_deg": 307.23}}
2026-09-12 15:32:11,668 INFO request {"path": "/measure", "payload": {"arena_id": "default", "robot_id": "202601002029", "request_id": "b7bf32518d324afe805b0cf9ba8777e2", "position": {"x": 600.0000000000001, "y": -1039.2304845413264}, "channel": 19}, "attempt": 1}
2026-09-12 15:32:11,669 INFO response {"request_id": "b7bf32518d324afe805b0cf9ba8777e2", "http_status": 200, "body": {"accepted": true, "real_timestamp_ms": 1789198328355, "virtual_time_s": 2045, "measure_result": "no_signal"}}
2026-09-12 15:32:11,686 INFO request {"path": "/measure", "payload": {"arena_id": "default", "robot_id": "202601002029", "request_id": "8eaa441b46b241f7a22caa694e78bc26", "position": {"x": 600.0000000000001, "y": -1039.2304845413264}, "channel": 13}, "attempt": 1}
2026-09-12 15:32:11,688 INFO response {"request_id": "8eaa441b46b241f7a22caa694e78bc26", "http_status": 200, "body": {"accepted": true, "real_timestamp_ms": 1789198328373, "virtual_time_s": 2051, "measure_result": "direction", "svd_deg": 2.47}}
2026-09-12 15:32:11,699 INFO request {"path": "/measure", "payload": {"arena_id": "default", "robot_id": "202601002029", "request_id": "365c710067df4b63bc051d0cb52f1c24", "position": {"x": 600.0000000000001, "y": -1039.2304845413264}, "channel": 4}, "attempt": 1}
2026-09-12 15:32:11,700 INFO response {"request_id": "365c710067df4b63bc051d0cb52f1c24", "http_status": 200, "body": {"accepted": true, "real_timestamp_ms": 1789198328386, "virtual_time_s": 2057, "measure_result": "direction", "svd_deg": 13.32}}
2026-09-12 15:32:16,708 INFO request {"path": "/clear", "payload": {"arena_id": "default", "robot_id": "202601002029", "request_id": "d58e7dcfda0f48bf89173ce1637f1121", "position": {"x": 748.2843305128183, "y": -1001.3781537084036}, "channel": 4}, "attempt": 1}
2026-09-12 15:32:16,724 INFO response {"request_id": "d58e7dcfda0f48bf89173ce1637f1121", "http_status": 200, "body": {"accepted": true, "real_timestamp_ms": 1789198333410, "virtual_time_s": 2092.607869, "clear_result": "success"}}
2026-09-12 15:32:16,734 INFO request {"path": "/measure", "payload": {"arena_id": "default", "robot_id": "202601002029", "request_id": "e65c56efe445495f85fe56c345a47f61", "position": {"x": 748.2843305128183, "y": -1001.3781537084036}, "channel": 13}, "attempt": 1}
2026-09-12 15:32:16,735 INFO response {"request_id": "e65c56efe445495f85fe56c345a47f61", "http_status": 200, "body": {"accepted": true, "real_timestamp_ms": 1789198333421, "virtual_time_s": 2098.607869, "measure_result": "direction", "svd_deg": 359.59}}
2026-09-12 15:32:16,739 INFO request {"path": "/clear", "payload": {"arena_id": "default", "robot_id": "202601002029", "request_id": "557ecd8f16654967a37e5bb1552d67c1", "position": {"x": 1186.6874826762191, "y": -1007.6708018245224}, "channel": 13}, "attempt": 1}
2026-09-12 15:32:16,753 INFO response {"request_id": "557ecd8f16654967a37e5bb1552d67c1", "http_status": 200, "body": {"accepted": true, "real_timestamp_ms": 1789198333439, "virtual_time_s": 2191.297531, "clear_result": "success"}}
2026-09-12 15:32:16,761 INFO request {"path": "/measure", "payload": {"arena_id": "default", "robot_id": "202601002029", "request_id": "cfeaa60920534f8c82ee3c0b1b8ec164", "position": {"x": 1186.6874826762191, "y": -1007.6708018245224}, "channel": 15}, "attempt": 1}
2026-09-12 15:32:16,762 INFO response {"request_id": "cfeaa60920534f8c82ee3c0b1b8ec164", "http_status": 200, "body": {"accepted": true, "real_timestamp_ms": 1789198333448, "virtual_time_s": 2197.297531, "measure_result": "direction", "svd_deg": 213.99}}
2026-09-12 15:32:16,766 INFO request {"path": "/clear", "payload": {"arena_id": "default", "robot_id": "202601002029", "request_id": "fe05447879bc415791a0b2b9a064544c", "position": {"x": 782.9646471942549, "y": -1279.7614265553875}, "channel": 15}, "attempt": 1}
2026-09-12 15:32:16,767 INFO response {"request_id": "fe05447879bc415791a0b2b9a064544c", "http_status": 200, "body": {"accepted": true, "real_timestamp_ms": 1789198333452, "virtual_time_s": 2299.668047, "clear_result": "success"}}
2026-09-12 15:32:16,767 INFO request {"path": "/measure", "payload": {"arena_id": "default", "robot_id": "202601002029", "request_id": "a8f12dbfb8ff40fc85dcf1e09dc4b8bd", "position": {"x": -509.9895504898713, "y": -537.6061726753188}, "channel": 12}, "attempt": 1}
2026-09-12 15:32:16,783 INFO response {"request_id": "a8f12dbfb8ff40fc85dcf1e09dc4b8bd", "http_status": 200, "body": {"accepted": true, "real_timestamp_ms": 1789198333469, "virtual_time_s": 2603.830753, "measure_result": "direction", "svd_deg": 215.58}}
2026-09-12 15:32:16,805 INFO request {"path": "/measure", "payload": {"arena_id": "default", "robot_id": "202601002029", "request_id": "0c0ed42cad4548d8b4faea33f699cef8", "position": {"x": -509.9895504898713, "y": -537.6061726753188}, "channel": 16}, "attempt": 1}
2026-09-12 15:32:16,805 INFO response {"request_id": "0c0ed42cad4548d8b4faea33f699cef8", "http_status": 200, "body": {"accepted": true, "real_timestamp_ms": 1789198333491, "virtual_time_s": 2609.830753, "measure_result": "direction", "svd_deg": 171.58}}
2026-09-12 15:32:16,817 INFO request {"path": "/clear", "payload": {"arena_id": "default", "robot_id": "202601002029", "request_id": "ce78fc8d472b47c7a1c1a974d194c3b6", "position": {"x": -838.3256949410581, "y": -772.8515624733786}, "channel": 12}, "attempt": 1}
2026-09-12 15:32:16,818 INFO response {"request_id": "ce78fc8d472b47c7a1c1a974d194c3b6", "http_status": 200, "body": {"accepted": true, "real_timestamp_ms": 1789198333504, "virtual_time_s": 2695.613181, "clear_result": "success"}}
2026-09-12 15:32:16,827 INFO request {"path": "/measure", "payload": {"arena_id": "default", "robot_id": "202601002029", "request_id": "0e44d66aab304065baa04d5cc85b6daf", "position": {"x": -838.3256949410581, "y": -772.8515624733786}, "channel": 18}, "attempt": 1}
2026-09-12 15:32:16,842 INFO response {"request_id": "0e44d66aab304065baa04d5cc85b6daf", "http_status": 200, "body": {"accepted": true, "real_timestamp_ms": 1789198333527, "virtual_time_s": 2701.613181, "measure_result": "direction", "svd_deg": 173.42}}
2026-09-12 15:32:17,453 INFO request {"path": "/measure", "payload": {"arena_id": "default", "robot_id": "202601002029", "request_id": "c4a215fb6f4c40f2a807fe57fadc6cc8", "position": {"x": -1162.4910473862146, "y": -843.500999814758}, "channel": 18}, "attempt": 1}
2026-09-12 15:32:17,454 INFO response {"request_id": "c4a215fb6f4c40f2a807fe57fadc6cc8", "http_status": 200, "body": {"accepted": true, "real_timestamp_ms": 1789198334140, "virtual_time_s": 2772.968141, "measure_result": "direction", "svd_deg": 158.83}}
2026-09-12 15:32:17,458 INFO request {"path": "/clear", "payload": {"arena_id": "default", "robot_id": "202601002029", "request_id": "df4590af46c0420ba094c4c49affd562", "position": {"x": -1538.8033021568913, "y": -698.0309615988187}, "channel": 18}, "attempt": 1}
2026-09-12 15:32:17,459 INFO response {"request_id": "df4590af46c0420ba094c4c49affd562", "http_status": 200, "body": {"accepted": true, "real_timestamp_ms": 1789198334145, "virtual_time_s": 2858.658275, "clear_result": "success"}}
2026-09-12 15:32:17,460 INFO request {"path": "/clear", "payload": {"arena_id": "default", "robot_id": "202601002029", "request_id": "ea5585c250234afdba023e94db4d0734", "position": {"x": -1454.8579322441879, "y": -405.7181376365796}, "channel": 16}, "attempt": 1}
2026-09-12 15:32:17,477 INFO response {"request_id": "ea5585c250234afdba023e94db4d0734", "http_status": 200, "body": {"accepted": true, "real_timestamp_ms": 1789198334163, "virtual_time_s": 2924.4838, "clear_result": "success"}}
2026-09-12 15:32:17,478 INFO request {"path": "/measure", "payload": {"arena_id": "default", "robot_id": "202601002029", "request_id": "12815c7cf4a4447eaf2c6096e1f25bfc", "position": {"x": -642.0292023536465, "y": 357.1356236057591}, "channel": 17}, "attempt": 1}
2026-09-12 15:32:17,479 INFO response {"request_id": "12815c7cf4a4447eaf2c6096e1f25bfc", "http_status": 200, "body": {"accepted": true, "real_timestamp_ms": 1789198334165, "virtual_time_s": 3153.431005, "measure_result": "direction", "svd_deg": 123.66}}
2026-09-12 15:32:17,500 INFO request {"path": "/measure", "payload": {"arena_id": "default", "robot_id": "202601002029", "request_id": "c0188afc86ce44f387acc50e71c9757b", "position": {"x": -642.0292023536465, "y": 357.1356236057591}, "channel": 20}, "attempt": 1}
2026-09-12 15:32:17,502 INFO response {"request_id": "c0188afc86ce44f387acc50e71c9757b", "http_status": 200, "body": {"accepted": true, "real_timestamp_ms": 1789198334187, "virtual_time_s": 3159.431005, "measure_result": "direction", "svd_deg": 108.71}}
2026-09-12 15:32:17,506 INFO request {"path": "/clear", "payload": {"arena_id": "default", "robot_id": "202601002029", "request_id": "b271e4031e314a27b3832ed63b745122", "position": {"x": -864.1175834918463, "y": 690.9780895924596}, "channel": 17}, "attempt": 1}
2026-09-12 15:32:17,509 INFO response {"request_id": "b271e4031e314a27b3832ed63b745122", "http_status": 200, "body": {"accepted": true, "real_timestamp_ms": 1789198334193, "virtual_time_s": 3244.624282, "clear_result": "success"}}
2026-09-12 15:32:17,517 INFO request {"path": "/measure", "payload": {"arena_id": "default", "robot_id": "202601002029", "request_id": "3058f45ec8294658895abaa5f71854ca", "position": {"x": -864.1175834918463, "y": 690.9780895924596}, "channel": 2}, "attempt": 1}
2026-09-12 15:32:17,518 INFO response {"request_id": "3058f45ec8294658895abaa5f71854ca", "http_status": 200, "body": {"accepted": true, "real_timestamp_ms": 1789198334204, "virtual_time_s": 3250.624282, "measure_result": "direction", "svd_deg": 65.65}}
2026-09-12 15:32:18,038 INFO request {"path": "/clear", "payload": {"arena_id": "default", "robot_id": "202601002029", "request_id": "80d2b5fe761346c38156f848dbdc558b", "position": {"x": -794.4903199405156, "y": 828.9295095692494}, "channel": 20}, "attempt": 1}
2026-09-12 15:32:18,040 INFO response {"request_id": "80d2b5fe761346c38156f848dbdc558b", "http_status": 200, "body": {"accepted": true, "real_timestamp_ms": 1789198334725, "virtual_time_s": 3286.529654, "clear_result": "success"}}
2026-09-12 15:32:18,049 INFO request {"path": "/measure", "payload": {"arena_id": "default", "robot_id": "202601002029", "request_id": "5aee406df9b34735921b639ea2368bd8", "position": {"x": -794.4903199405156, "y": 828.9295095692494}, "channel": 2}, "attempt": 1}
2026-09-12 15:32:18,049 INFO response {"request_id": "5aee406df9b34735921b639ea2368bd8", "http_status": 200, "body": {"accepted": true, "real_timestamp_ms": 1789198334735, "virtual_time_s": 3291.529654, "measure_result": "direction", "svd_deg": 66.1}}
2026-09-12 15:32:18,672 INFO request {"path": "/measure", "payload": {"arena_id": "default", "robot_id": "202601002029", "request_id": "23a34807de23475ab9dbcc2ce680506a", "position": {"x": -865.8780512825077, "y": 1627.5300546627311}, "channel": 2}, "attempt": 1}
2026-09-12 15:32:18,694 INFO response {"request_id": "23a34807de23475ab9dbcc2ce680506a", "http_status": 200, "body": {"accepted": true, "real_timestamp_ms": 1789198335379, "virtual_time_s": 3456.886636, "measure_result": "direction", "svd_deg": 350.57}}
2026-09-12 15:32:18,701 INFO request {"path": "/clear", "payload": {"arena_id": "default", "robot_id": "202601002029", "request_id": "ee763f3197fb438fb478c848129e0fed", "position": {"x": -470.32073127104866, "y": 1560.0819694397396}, "channel": 2}, "attempt": 1}
2026-09-12 15:32:18,702 INFO response {"request_id": "ee763f3197fb438fb478c848129e0fed", "http_status": 200, "body": {"accepted": true, "real_timestamp_ms": 1789198335387, "virtual_time_s": 3542.139944, "clear_result": "success"}}
2026-09-12 15:32:18,702 INFO request {"path": "/measure", "payload": {"arena_id": "default", "robot_id": "202601002029", "request_id": "e48632e8546a4502be79f09ad07775c7", "position": {"x": -311.8868502489281, "y": 1302.8291929367185}, "channel": 5}, "attempt": 1}
2026-09-12 15:32:18,713 INFO response {"request_id": "e48632e8546a4502be79f09ad07775c7", "http_status": 200, "body": {"accepted": true, "real_timestamp_ms": 1789198335398, "virtual_time_s": 3608.565199, "measure_result": "direction", "svd_deg": 42.88}}
2026-09-12 15:32:18,716 INFO request {"path": "/clear", "payload": {"arena_id": "default", "robot_id": "202601002029", "request_id": "e5e95b9cbfe34d6c8d5069037ef81221", "position": {"x": -14.778248517284183, "y": 1578.3672772430928}, "channel": 5}, "attempt": 1}
2026-09-12 15:32:18,733 INFO response {"request_id": "e5e95b9cbfe34d6c8d5069037ef81221", "http_status": 200, "body": {"accepted": true, "real_timestamp_ms": 1789198335418, "virtual_time_s": 3694.607104, "clear_result": "success"}}
2026-09-12 15:32:18,733 INFO request {"path": "/clear", "payload": {"arena_id": "default", "robot_id": "202601002029", "request_id": "5e36d9b8dcca47628ed2600072646de6", "position": {"x": 692.368281563799, "y": 366.61687192507105}, "channel": 8}, "attempt": 1}
2026-09-12 15:32:18,734 INFO response {"request_id": "5e36d9b8dcca47628ed2600072646de6", "http_status": 200, "body": {"accepted": true, "real_timestamp_ms": 1789198335420, "virtual_time_s": 3980.206125, "clear_result": "success"}}
2026-09-12 15:32:18,734 INFO request {"path": "/exit", "payload": {"arena_id": "default", "robot_id": "202601002029", "request_id": "507c6b8537e1415c971a3a66fb18d042"}, "attempt": 1}
2026-09-12 15:32:18,736 INFO response {"request_id": "507c6b8537e1415c971a3a66fb18d042", "http_status": 200, "body": {"accepted": true, "real_timestamp_ms": 1789198335421, "virtual_time_s": 3980.206125, "exit_reason": "user_exit"}}
