2026-09-13 11:16:28,147 INFO request {"path": "/enter", "payload": {"arena_id": "default", "robot_id": "202601002029", "request_id": "2eb5d81a8c2243efb776a7414a4146e0"}, "attempt": 1}
2026-09-13 11:16:28,151 INFO response {"request_id": "2eb5d81a8c2243efb776a7414a4146e0", "http_status": 200, "body": {"accepted": true, "real_timestamp_ms": 1789269384097, "virtual_time_s": 0, "max_virtual_duration_s": 360000, "max_real_duration_s": 1200, "remaining_real_duration_s": 1200}}
2026-09-13 11:16:28,151 INFO request {"path": "/measure", "payload": {"arena_id": "default", "robot_id": "202601002029", "request_id": "f707dc984dc7487880f9671c617e8d4d", "position": {"x": 0.0, "y": 0.0}, "channel": 1}, "attempt": 1}
2026-09-13 11:16:28,169 INFO response {"request_id": "f707dc984dc7487880f9671c617e8d4d", "http_status": 200, "body": {"accepted": true, "real_timestamp_ms": 1789269384116, "virtual_time_s": 5, "measure_result": "no_signal"}}
2026-09-13 11:16:28,169 INFO request {"path": "/measure", "payload": {"arena_id": "default", "robot_id": "202601002029", "request_id": "08c37979155246849676aeb52c8e0e65", "position": {"x": 0.0, "y": 0.0}, "channel": 2}, "attempt": 1}
2026-09-13 11:16:28,185 INFO response {"request_id": "08c37979155246849676aeb52c8e0e65", "http_status": 200, "body": {"accepted": true, "real_timestamp_ms": 1789269384132, "virtual_time_s": 11, "measure_result": "direction", "svd_deg": 343.82}}
2026-09-13 11:16:28,193 INFO request {"path": "/measure", "payload": {"arena_id": "default", "robot_id": "202601002029", "request_id": "a3106513f75d4c9ea2b66cb6fd04aee9", "position": {"x": 0.0, "y": 0.0}, "channel": 3}, "attempt": 1}
2026-09-13 11:16:28,196 INFO response {"request_id": "a3106513f75d4c9ea2b66cb6fd04aee9", "http_status": 200, "body": {"accepted": true, "real_timestamp_ms": 1789269384142, "virtual_time_s": 17, "measure_result": "no_signal"}}
2026-09-13 11:16:28,198 INFO request {"path": "/measure", "payload": {"arena_id": "default", "robot_id": "202601002029", "request_id": "0b0e2b5be18a4b3a910fd28d6bfe82d0", "position": {"x": 0.0, "y": 0.0}, "channel": 4}, "attempt": 1}
2026-09-13 11:16:28,199 INFO response {"request_id": "0b0e2b5be18a4b3a910fd28d6bfe82d0", "http_status": 200, "body": {"accepted": true, "real_timestamp_ms": 1789269384147, "virtual_time_s": 23, "measure_result": "direction", "svd_deg": 165.58}}
2026-09-13 11:16:28,201 INFO request {"path": "/measure", "payload": {"arena_id": "default", "robot_id": "202601002029", "request_id": "00a38c535393487386ac4e1cdcf253fd", "position": {"x": 0.0, "y": 0.0}, "channel": 5}, "attempt": 1}
2026-09-13 11:16:28,217 INFO response {"request_id": "00a38c535393487386ac4e1cdcf253fd", "http_status": 200, "body": {"accepted": true, "real_timestamp_ms": 1789269384164, "virtual_time_s": 29, "measure_result": "no_signal"}}
2026-09-13 11:16:28,217 INFO request {"path": "/measure", "payload": {"arena_id": "default", "robot_id": "202601002029", "request_id": "fb693711b9f346299e068357d6ce30e9", "position": {"x": 0.0, "y": 0.0}, "channel": 6}, "attempt": 1}
2026-09-13 11:16:28,233 INFO response {"request_id": "fb693711b9f346299e068357d6ce30e9", "http_status": 200, "body": {"accepted": true, "real_timestamp_ms": 1789269384179, "virtual_time_s": 35, "measure_result": "no_signal"}}
2026-09-13 11:16:28,233 INFO request {"path": "/measure", "payload": {"arena_id": "default", "robot_id": "202601002029", "request_id": "f323f3ac8f0c47afb2099724e8f16a83", "position": {"x": 0.0, "y": 0.0}, "channel": 7}, "attempt": 1}
2026-09-13 11:16:28,235 INFO response {"request_id": "f323f3ac8f0c47afb2099724e8f16a83", "http_status": 200, "body": {"accepted": true, "real_timestamp_ms": 1789269384181, "virtual_time_s": 41, "measure_result": "no_signal"}}
2026-09-13 11:16:28,236 INFO request {"path": "/measure", "payload": {"arena_id": "default", "robot_id": "202601002029", "request_id": "f49fcc6e836b434cab59f281a5aeb423", "position": {"x": 0.0, "y": 0.0}, "channel": 8}, "attempt": 1}
2026-09-13 11:16:28,239 INFO response {"request_id": "f49fcc6e836b434cab59f281a5aeb423", "http_status": 200, "body": {"accepted": true, "real_timestamp_ms": 1789269384185, "virtual_time_s": 47, "measure_result": "direction", "svd_deg": 227.68}}
2026-09-13 11:16:28,243 INFO request {"path": "/measure", "payload": {"arena_id": "default", "robot_id": "202601002029", "request_id": "3c7b323c43164d2c9acf5a7c0fc10dc3", "position": {"x": 0.0, "y": 0.0}, "channel": 9}, "attempt": 1}
2026-09-13 11:16:28,245 INFO response {"request_id": "3c7b323c43164d2c9acf5a7c0fc10dc3", "http_status": 200, "body": {"accepted": true, "real_timestamp_ms": 1789269384192, "virtual_time_s": 53, "measure_result": "no_signal"}}
2026-09-13 11:16:28,246 INFO request {"path": "/measure", "payload": {"arena_id": "default", "robot_id": "202601002029", "request_id": "cc24a261a9644a39a20a52a5f9f0d7ad", "position": {"x": 0.0, "y": 0.0}, "channel": 10}, "attempt": 1}
2026-09-13 11:16:28,263 INFO response {"request_id": "cc24a261a9644a39a20a52a5f9f0d7ad", "http_status": 200, "body": {"accepted": true, "real_timestamp_ms": 1789269384210, "virtual_time_s": 59, "measure_result": "no_signal"}}
2026-09-13 11:16:28,264 INFO request {"path": "/measure", "payload": {"arena_id": "default", "robot_id": "202601002029", "request_id": "bd9ebbf02c3746c7b2c771febc096de8", "position": {"x": 0.0, "y": 0.0}, "channel": 11}, "attempt": 1}
2026-09-13 11:16:28,279 INFO response {"request_id": "bd9ebbf02c3746c7b2c771febc096de8", "http_status": 200, "body": {"accepted": true, "real_timestamp_ms": 1789269384226, "virtual_time_s": 65, "measure_result": "no_signal"}}
2026-09-13 11:16:28,279 INFO request {"path": "/measure", "payload": {"arena_id": "default", "robot_id": "202601002029", "request_id": "5e9138f4a82d40499616b70572072b6d", "position": {"x": 0.0, "y": 0.0}, "channel": 12}, "attempt": 1}
2026-09-13 11:16:28,281 INFO response {"request_id": "5e9138f4a82d40499616b70572072b6d", "http_status": 200, "body": {"accepted": true, "real_timestamp_ms": 1789269384228, "virtual_time_s": 71, "measure_result": "no_signal"}}
2026-09-13 11:16:28,282 INFO request {"path": "/measure", "payload": {"arena_id": "default", "robot_id": "202601002029", "request_id": "d3814954cf834484acc399f1d4182ddc", "position": {"x": 0.0, "y": 0.0}, "channel": 13}, "attempt": 1}
2026-09-13 11:16:28,283 INFO response {"request_id": "d3814954cf834484acc399f1d4182ddc", "http_status": 200, "body": {"accepted": true, "real_timestamp_ms": 1789269384230, "virtual_time_s": 77, "measure_result": "no_signal"}}
2026-09-13 11:16:28,284 INFO request {"path": "/measure", "payload": {"arena_id": "default", "robot_id": "202601002029", "request_id": "293a635a37b0444e8fbcde184d1a842b", "position": {"x": 0.0, "y": 0.0}, "channel": 14}, "attempt": 1}
2026-09-13 11:16:28,286 INFO response {"request_id": "293a635a37b0444e8fbcde184d1a842b", "http_status": 200, "body": {"accepted": true, "real_timestamp_ms": 1789269384232, "virtual_time_s": 83, "measure_result": "no_signal"}}
2026-09-13 11:16:28,286 INFO request {"path": "/measure", "payload": {"arena_id": "default", "robot_id": "202601002029", "request_id": "11d6dd60552f4b72b01bae923815cf3f", "position": {"x": 0.0, "y": 0.0}, "channel": 15}, "attempt": 1}
2026-09-13 11:16:28,287 INFO response {"request_id": "11d6dd60552f4b72b01bae923815cf3f", "http_status": 200, "body": {"accepted": true, "real_timestamp_ms": 1789269384234, "virtual_time_s": 89, "measure_result": "no_signal"}}
2026-09-13 11:16:28,288 INFO request {"path": "/measure", "payload": {"arena_id": "default", "robot_id": "202601002029", "request_id": "7e46a449a80442749d8ea7b913b6ee4c", "position": {"x": 0.0, "y": 0.0}, "channel": 16}, "attempt": 1}
2026-09-13 11:16:28,289 INFO response {"request_id": "7e46a449a80442749d8ea7b913b6ee4c", "http_status": 200, "body": {"accepted": true, "real_timestamp_ms": 1789269384236, "virtual_time_s": 95, "measure_result": "no_signal"}}
2026-09-13 11:16:28,289 INFO request {"path": "/measure", "payload": {"arena_id": "default", "robot_id": "202601002029", "request_id": "9ba9147cdb4e457e8a9f1722218790c0", "position": {"x": 0.0, "y": 0.0}, "channel": 17}, "attempt": 1}
2026-09-13 11:16:28,291 INFO response {"request_id": "9ba9147cdb4e457e8a9f1722218790c0", "http_status": 200, "body": {"accepted": true, "real_timestamp_ms": 1789269384238, "virtual_time_s": 101, "measure_result": "no_signal"}}
2026-09-13 11:16:28,291 INFO request {"path": "/measure", "payload": {"arena_id": "default", "robot_id": "202601002029", "request_id": "494cf70247d44965b15cae362c5741c7", "position": {"x": 0.0, "y": 0.0}, "channel": 18}, "attempt": 1}
2026-09-13 11:16:28,310 INFO response {"request_id": "494cf70247d44965b15cae362c5741c7", "http_status": 200, "body": {"accepted": true, "real_timestamp_ms": 1789269384257, "virtual_time_s": 107, "measure_result": "no_signal"}}
2026-09-13 11:16:28,310 INFO request {"path": "/measure", "payload": {"arena_id": "default", "robot_id": "202601002029", "request_id": "71fac09bb7e64856b286ce661cd69bce", "position": {"x": 0.0, "y": 0.0}, "channel": 19}, "attempt": 1}
2026-09-13 11:16:28,326 INFO response {"request_id": "71fac09bb7e64856b286ce661cd69bce", "http_status": 200, "body": {"accepted": true, "real_timestamp_ms": 1789269384272, "virtual_time_s": 113, "measure_result": "no_signal"}}
2026-09-13 11:16:28,326 INFO request {"path": "/measure", "payload": {"arena_id": "default", "robot_id": "202601002029", "request_id": "4e13b5b82d0941d78cbd5dd710618121", "position": {"x": 0.0, "y": 0.0}, "channel": 20}, "attempt": 1}
2026-09-13 11:16:28,328 INFO response {"request_id": "4e13b5b82d0941d78cbd5dd710618121", "http_status": 200, "body": {"accepted": true, "real_timestamp_ms": 1789269384274, "virtual_time_s": 119, "measure_result": "direction", "svd_deg": 202.55}}
2026-09-13 11:16:28,332 INFO request {"path": "/measure", "payload": {"arena_id": "default", "robot_id": "202601002029", "request_id": "0cdef7678b4944e89ddfd3a9136d0ac8", "position": {"x": 1130.0, "y": 0.0}, "channel": 1}, "attempt": 1}
2026-09-13 11:16:28,334 INFO response {"request_id": "0cdef7678b4944e89ddfd3a9136d0ac8", "http_status": 200, "body": {"accepted": true, "real_timestamp_ms": 1789269384280, "virtual_time_s": 351, "measure_result": "no_signal"}}
2026-09-13 11:16:28,334 INFO request {"path": "/measure", "payload": {"arena_id": "default", "robot_id": "202601002029", "request_id": "1aa50e05af0344dd930830d4bc6939af", "position": {"x": 1130.0, "y": 0.0}, "channel": 3}, "attempt": 1}
2026-09-13 11:16:28,336 INFO response {"request_id": "1aa50e05af0344dd930830d4bc6939af", "http_status": 200, "body": {"accepted": true, "real_timestamp_ms": 1789269384282, "virtual_time_s": 357, "measure_result": "no_signal"}}
2026-09-13 11:16:28,336 INFO request {"path": "/measure", "payload": {"arena_id": "default", "robot_id": "202601002029", "request_id": "af168354f55742eda7e388d7649c6eb4", "position": {"x": 1130.0, "y": 0.0}, "channel": 5}, "attempt": 1}
2026-09-13 11:16:28,357 INFO response {"request_id": "af168354f55742eda7e388d7649c6eb4", "http_status": 200, "body": {"accepted": true, "real_timestamp_ms": 1789269384303, "virtual_time_s": 363, "measure_result": "no_signal"}}
2026-09-13 11:16:28,357 INFO request {"path": "/measure", "payload": {"arena_id": "default", "robot_id": "202601002029", "request_id": "65d2e387e238434587ec59042cc8ef03", "position": {"x": 1130.0, "y": 0.0}, "channel": 6}, "attempt": 1}
2026-09-13 11:16:28,358 INFO response {"request_id": "65d2e387e238434587ec59042cc8ef03", "http_status": 200, "body": {"accepted": true, "real_timestamp_ms": 1789269384305, "virtual_time_s": 369, "measure_result": "no_signal"}}
2026-09-13 11:16:28,358 INFO request {"path": "/measure", "payload": {"arena_id": "default", "robot_id": "202601002029", "request_id": "cf6f0992c4fb488d8333b9f29a1c5660", "position": {"x": 1130.0, "y": 0.0}, "channel": 7}, "attempt": 1}
2026-09-13 11:16:28,360 INFO response {"request_id": "cf6f0992c4fb488d8333b9f29a1c5660", "http_status": 200, "body": {"accepted": true, "real_timestamp_ms": 1789269384307, "virtual_time_s": 375, "measure_result": "no_signal"}}
2026-09-13 11:16:28,360 INFO request {"path": "/measure", "payload": {"arena_id": "default", "robot_id": "202601002029", "request_id": "0b91ae4f097241a7bda7a448930478a0", "position": {"x": 1130.0, "y": 0.0}, "channel": 9}, "attempt": 1}
2026-09-13 11:16:28,361 INFO response {"request_id": "0b91ae4f097241a7bda7a448930478a0", "http_status": 200, "body": {"accepted": true, "real_timestamp_ms": 1789269384308, "virtual_time_s": 381, "measure_result": "no_signal"}}
2026-09-13 11:16:28,362 INFO request {"path": "/measure", "payload": {"arena_id": "default", "robot_id": "202601002029", "request_id": "6151fad6885e454b892a23ca7cf2435d", "position": {"x": 1130.0, "y": 0.0}, "channel": 10}, "attempt": 1}
2026-09-13 11:16:28,363 INFO response {"request_id": "6151fad6885e454b892a23ca7cf2435d", "http_status": 200, "body": {"accepted": true, "real_timestamp_ms": 1789269384310, "virtual_time_s": 387, "measure_result": "no_signal"}}
2026-09-13 11:16:28,363 INFO request {"path": "/measure", "payload": {"arena_id": "default", "robot_id": "202601002029", "request_id": "9817b58d918e4e47901d50df90babc67", "position": {"x": 1130.0, "y": 0.0}, "channel": 11}, "attempt": 1}
2026-09-13 11:16:28,387 INFO response {"request_id": "9817b58d918e4e47901d50df90babc67", "http_status": 200, "body": {"accepted": true, "real_timestamp_ms": 1789269384334, "virtual_time_s": 393, "measure_result": "no_signal"}}
2026-09-13 11:16:28,387 INFO request {"path": "/measure", "payload": {"arena_id": "default", "robot_id": "202601002029", "request_id": "b06b55486b52472197337b00330bdee8", "position": {"x": 1130.0, "y": 0.0}, "channel": 12}, "attempt": 1}
2026-09-13 11:16:28,402 INFO response {"request_id": "b06b55486b52472197337b00330bdee8", "http_status": 200, "body": {"accepted": true, "real_timestamp_ms": 1789269384349, "virtual_time_s": 399, "measure_result": "no_signal"}}
2026-09-13 11:16:28,403 INFO request {"path": "/measure", "payload": {"arena_id": "default", "robot_id": "202601002029", "request_id": "95414bba91b64a5db626938291c26785", "position": {"x": 1130.0, "y": 0.0}, "channel": 13}, "attempt": 1}
2026-09-13 11:16:28,405 INFO response {"request_id": "95414bba91b64a5db626938291c26785", "http_status": 200, "body": {"accepted": true, "real_timestamp_ms": 1789269384351, "virtual_time_s": 405, "measure_result": "direction", "svd_deg": 256.36}}
2026-09-13 11:16:28,410 INFO request {"path": "/measure", "payload": {"arena_id": "default", "robot_id": "202601002029", "request_id": "36c02e3919dc4394802d13c563dc2e85", "position": {"x": 1130.0, "y": 0.0}, "channel": 14}, "attempt": 1}
2026-09-13 11:16:28,434 INFO response {"request_id": "36c02e3919dc4394802d13c563dc2e85", "http_status": 200, "body": {"accepted": true, "real_timestamp_ms": 1789269384381, "virtual_time_s": 411, "measure_result": "no_signal"}}
2026-09-13 11:16:28,435 INFO request {"path": "/measure", "payload": {"arena_id": "default", "robot_id": "202601002029", "request_id": "b62256fc21a04a6e9728d000262ab9a0", "position": {"x": 1130.0, "y": 0.0}, "channel": 15}, "attempt": 1}
2026-09-13 11:16:28,449 INFO response {"request_id": "b62256fc21a04a6e9728d000262ab9a0", "http_status": 200, "body": {"accepted": true, "real_timestamp_ms": 1789269384396, "virtual_time_s": 417, "measure_result": "no_signal"}}
2026-09-13 11:16:28,449 INFO request {"path": "/measure", "payload": {"arena_id": "default", "robot_id": "202601002029", "request_id": "e294174c505842c3bee6719e928d0933", "position": {"x": 1130.0, "y": 0.0}, "channel": 16}, "attempt": 1}
2026-09-13 11:16:28,451 INFO response {"request_id": "e294174c505842c3bee6719e928d0933", "http_status": 200, "body": {"accepted": true, "real_timestamp_ms": 1789269384397, "virtual_time_s": 423, "measure_result": "no_signal"}}
2026-09-13 11:16:28,451 INFO request {"path": "/measure", "payload": {"arena_id": "default", "robot_id": "202601002029", "request_id": "b572d008b7a9479a9e2f7c15bbcee887", "position": {"x": 1130.0, "y": 0.0}, "channel": 17}, "attempt": 1}
2026-09-13 11:16:28,452 INFO response {"request_id": "b572d008b7a9479a9e2f7c15bbcee887", "http_status": 200, "body": {"accepted": true, "real_timestamp_ms": 1789269384399, "virtual_time_s": 429, "measure_result": "no_signal"}}
2026-09-13 11:16:28,452 INFO request {"path": "/measure", "payload": {"arena_id": "default", "robot_id": "202601002029", "request_id": "3e5af199347e4aab87a8e7b5c410353d", "position": {"x": 1130.0, "y": 0.0}, "channel": 18}, "attempt": 1}
2026-09-13 11:16:28,453 INFO response {"request_id": "3e5af199347e4aab87a8e7b5c410353d", "http_status": 200, "body": {"accepted": true, "real_timestamp_ms": 1789269384400, "virtual_time_s": 435, "measure_result": "no_signal"}}
2026-09-13 11:16:28,453 INFO request {"path": "/measure", "payload": {"arena_id": "default", "robot_id": "202601002029", "request_id": "5082558647ea4099a4214939636db13f", "position": {"x": 1130.0, "y": 0.0}, "channel": 19}, "attempt": 1}
2026-09-13 11:16:28,479 INFO response {"request_id": "5082558647ea4099a4214939636db13f", "http_status": 200, "body": {"accepted": true, "real_timestamp_ms": 1789269384426, "virtual_time_s": 441, "measure_result": "no_signal"}}
2026-09-13 11:16:28,480 INFO request {"path": "/measure", "payload": {"arena_id": "default", "robot_id": "202601002029", "request_id": "345ec5dbbee14883b50d12fd98e5f104", "position": {"x": 565.0000000000001, "y": 978.6087062764157}, "channel": 19}, "attempt": 1}
2026-09-13 11:16:28,482 INFO response {"request_id": "345ec5dbbee14883b50d12fd98e5f104", "http_status": 200, "body": {"accepted": true, "real_timestamp_ms": 1789269384429, "virtual_time_s": 672, "measure_result": "no_signal"}}
2026-09-13 11:16:28,482 INFO request {"path": "/measure", "payload": {"arena_id": "default", "robot_id": "202601002029", "request_id": "c7e74052908d4c54919bcf788f072e2e", "position": {"x": 565.0000000000001, "y": 978.6087062764157}, "channel": 1}, "attempt": 1}
2026-09-13 11:16:28,494 INFO response {"request_id": "c7e74052908d4c54919bcf788f072e2e", "http_status": 200, "body": {"accepted": true, "real_timestamp_ms": 1789269384441, "virtual_time_s": 678, "measure_result": "no_signal"}}
2026-09-13 11:16:28,494 INFO request {"path": "/measure", "payload": {"arena_id": "default", "robot_id": "202601002029", "request_id": "562aac319de74408b466e1a7d0fb0f6f", "position": {"x": 565.0000000000001, "y": 978.6087062764157}, "channel": 3}, "attempt": 1}
2026-09-13 11:16:28,495 INFO response {"request_id": "562aac319de74408b466e1a7d0fb0f6f", "http_status": 200, "body": {"accepted": true, "real_timestamp_ms": 1789269384442, "virtual_time_s": 684, "measure_result": "no_signal"}}
2026-09-13 11:16:28,495 INFO request {"path": "/measure", "payload": {"arena_id": "default", "robot_id": "202601002029", "request_id": "77e16379227b4e7aa8681de1b6a84d76", "position": {"x": 565.0000000000001, "y": 978.6087062764157}, "channel": 5}, "attempt": 1}
2026-09-13 11:16:28,496 INFO response {"request_id": "77e16379227b4e7aa8681de1b6a84d76", "http_status": 200, "body": {"accepted": true, "real_timestamp_ms": 1789269384443, "virtual_time_s": 690, "measure_result": "no_signal"}}
2026-09-13 11:16:28,496 INFO request {"path": "/measure", "payload": {"arena_id": "default", "robot_id": "202601002029", "request_id": "6de836c7118f458fb5d28667b7364480", "position": {"x": 565.0000000000001, "y": 978.6087062764157}, "channel": 6}, "attempt": 1}
2026-09-13 11:16:28,497 INFO response {"request_id": "6de836c7118f458fb5d28667b7364480", "http_status": 200, "body": {"accepted": true, "real_timestamp_ms": 1789269384444, "virtual_time_s": 696, "measure_result": "no_signal"}}
2026-09-13 11:16:28,497 INFO request {"path": "/measure", "payload": {"arena_id": "default", "robot_id": "202601002029", "request_id": "9e1cd580e639462b8d18e4b3d897718f", "position": {"x": 565.0000000000001, "y": 978.6087062764157}, "channel": 7}, "attempt": 1}
2026-09-13 11:16:28,498 INFO response {"request_id": "9e1cd580e639462b8d18e4b3d897718f", "http_status": 200, "body": {"accepted": true, "real_timestamp_ms": 1789269384445, "virtual_time_s": 702, "measure_result": "no_signal"}}
2026-09-13 11:16:28,498 INFO request {"path": "/measure", "payload": {"arena_id": "default", "robot_id": "202601002029", "request_id": "86d675be210944f2aa3fa171e084715e", "position": {"x": 565.0000000000001, "y": 978.6087062764157}, "channel": 9}, "attempt": 1}
2026-09-13 11:16:28,500 INFO response {"request_id": "86d675be210944f2aa3fa171e084715e", "http_status": 200, "body": {"accepted": true, "real_timestamp_ms": 1789269384447, "virtual_time_s": 708, "measure_result": "no_signal"}}
2026-09-13 11:16:28,500 INFO request {"path": "/measure", "payload": {"arena_id": "default", "robot_id": "202601002029", "request_id": "fb572b4e07e547b28f8bc141a388efef", "position": {"x": 565.0000000000001, "y": 978.6087062764157}, "channel": 10}, "attempt": 1}
2026-09-13 11:16:28,502 INFO response {"request_id": "fb572b4e07e547b28f8bc141a388efef", "http_status": 200, "body": {"accepted": true, "real_timestamp_ms": 1789269384449, "virtual_time_s": 714, "measure_result": "no_signal"}}
2026-09-13 11:16:28,502 INFO request {"path": "/measure", "payload": {"arena_id": "default", "robot_id": "202601002029", "request_id": "b419e9e8297546ddb4f3d8f803ccc594", "position": {"x": 565.0000000000001, "y": 978.6087062764157}, "channel": 11}, "attempt": 1}
2026-09-13 11:16:28,525 INFO response {"request_id": "b419e9e8297546ddb4f3d8f803ccc594", "http_status": 200, "body": {"accepted": true, "real_timestamp_ms": 1789269384472, "virtual_time_s": 720, "measure_result": "no_signal"}}
2026-09-13 11:16:28,525 INFO request {"path": "/measure", "payload": {"arena_id": "default", "robot_id": "202601002029", "request_id": "4f296e01bbb848209dad9d6d8c9b06a6", "position": {"x": 565.0000000000001, "y": 978.6087062764157}, "channel": 12}, "attempt": 1}
2026-09-13 11:16:28,526 INFO response {"request_id": "4f296e01bbb848209dad9d6d8c9b06a6", "http_status": 200, "body": {"accepted": true, "real_timestamp_ms": 1789269384473, "virtual_time_s": 726, "measure_result": "no_signal"}}
2026-09-13 11:16:28,526 INFO request {"path": "/measure", "payload": {"arena_id": "default", "robot_id": "202601002029", "request_id": "5a82158a81624d45872b4c5a7d7c7778", "position": {"x": 565.0000000000001, "y": 978.6087062764157}, "channel": 14}, "attempt": 1}
2026-09-13 11:16:28,527 INFO response {"request_id": "5a82158a81624d45872b4c5a7d7c7778", "http_status": 200, "body": {"accepted": true, "real_timestamp_ms": 1789269384474, "virtual_time_s": 732, "measure_result": "no_signal"}}
2026-09-13 11:16:28,527 INFO request {"path": "/measure", "payload": {"arena_id": "default", "robot_id": "202601002029", "request_id": "1ba198387cad4f0e8a7db7b1ddbc198c", "position": {"x": 565.0000000000001, "y": 978.6087062764157}, "channel": 15}, "attempt": 1}
2026-09-13 11:16:28,529 INFO response {"request_id": "1ba198387cad4f0e8a7db7b1ddbc198c", "http_status": 200, "body": {"accepted": true, "real_timestamp_ms": 1789269384476, "virtual_time_s": 738, "measure_result": "no_signal"}}
2026-09-13 11:16:28,529 INFO request {"path": "/measure", "payload": {"arena_id": "default", "robot_id": "202601002029", "request_id": "d916693274304057bfcb9960719ae3e4", "position": {"x": 565.0000000000001, "y": 978.6087062764157}, "channel": 16}, "attempt": 1}
2026-09-13 11:16:28,529 INFO response {"request_id": "d916693274304057bfcb9960719ae3e4", "http_status": 200, "body": {"accepted": true, "real_timestamp_ms": 1789269384477, "virtual_time_s": 744, "measure_result": "no_signal"}}
2026-09-13 11:16:28,530 INFO request {"path": "/measure", "payload": {"arena_id": "default", "robot_id": "202601002029", "request_id": "6cd51c61d2664b0f84e81737642aecb9", "position": {"x": 565.0000000000001, "y": 978.6087062764157}, "channel": 17}, "attempt": 1}
2026-09-13 11:16:28,530 INFO response {"request_id": "6cd51c61d2664b0f84e81737642aecb9", "http_status": 200, "body": {"accepted": true, "real_timestamp_ms": 1789269384478, "virtual_time_s": 750, "measure_result": "no_signal"}}
2026-09-13 11:16:28,531 INFO request {"path": "/measure", "payload": {"arena_id": "default", "robot_id": "202601002029", "request_id": "8baab374bb794d038cd787f71255a2cd", "position": {"x": 565.0000000000001, "y": 978.6087062764157}, "channel": 18}, "attempt": 1}
2026-09-13 11:16:28,532 INFO response {"request_id": "8baab374bb794d038cd787f71255a2cd", "http_status": 200, "body": {"accepted": true, "real_timestamp_ms": 1789269384478, "virtual_time_s": 756, "measure_result": "no_signal"}}
2026-09-13 11:16:28,533 INFO request {"path": "/measure", "payload": {"arena_id": "default", "robot_id": "202601002029", "request_id": "a2821fb46a8e4be9b49164ced4d55b0a", "position": {"x": -564.9999999999998, "y": 978.6087062764158}, "channel": 18}, "attempt": 1}
2026-09-13 11:16:28,556 INFO response {"request_id": "a2821fb46a8e4be9b49164ced4d55b0a", "http_status": 200, "body": {"accepted": true, "real_timestamp_ms": 1789269384503, "virtual_time_s": 987, "measure_result": "no_signal"}}
2026-09-13 11:16:28,556 INFO request {"path": "/measure", "payload": {"arena_id": "default", "robot_id": "202601002029", "request_id": "5502a7a5d5214b03a9b9490d24071d22", "position": {"x": -564.9999999999998, "y": 978.6087062764158}, "channel": 1}, "attempt": 1}
2026-09-13 11:16:28,571 INFO response {"request_id": "5502a7a5d5214b03a9b9490d24071d22", "http_status": 200, "body": {"accepted": true, "real_timestamp_ms": 1789269384518, "virtual_time_s": 993, "measure_result": "no_signal"}}
2026-09-13 11:16:28,571 INFO request {"path": "/measure", "payload": {"arena_id": "default", "robot_id": "202601002029", "request_id": "ed43e5b7d3ec4cafbe6ba7d97d135c9a", "position": {"x": -564.9999999999998, "y": 978.6087062764158}, "channel": 3}, "attempt": 1}
2026-09-13 11:16:28,572 INFO response {"request_id": "ed43e5b7d3ec4cafbe6ba7d97d135c9a", "http_status": 200, "body": {"accepted": true, "real_timestamp_ms": 1789269384519, "virtual_time_s": 999, "measure_result": "no_signal"}}
2026-09-13 11:16:28,572 INFO request {"path": "/measure", "payload": {"arena_id": "default", "robot_id": "202601002029", "request_id": "2ce7b8a540bd4b058f2708230ab9688b", "position": {"x": -564.9999999999998, "y": 978.6087062764158}, "channel": 5}, "attempt": 1}
2026-09-13 11:16:28,586 INFO response {"request_id": "2ce7b8a540bd4b058f2708230ab9688b", "http_status": 200, "body": {"accepted": true, "real_timestamp_ms": 1789269384533, "virtual_time_s": 1005, "measure_result": "direction", "svd_deg": 214.88}}
2026-09-13 11:16:28,588 INFO request {"path": "/measure", "payload": {"arena_id": "default", "robot_id": "202601002029", "request_id": "f058ac3587ef407cb12ceebdd085e191", "position": {"x": -564.9999999999998, "y": 978.6087062764158}, "channel": 6}, "attempt": 1}
2026-09-13 11:16:28,601 INFO response {"request_id": "f058ac3587ef407cb12ceebdd085e191", "http_status": 200, "body": {"accepted": true, "real_timestamp_ms": 1789269384548, "virtual_time_s": 1011, "measure_result": "no_signal"}}
2026-09-13 11:16:28,601 INFO request {"path": "/measure", "payload": {"arena_id": "default", "robot_id": "202601002029", "request_id": "8702ab533bc3411fba34eeeb23908367", "position": {"x": -564.9999999999998, "y": 978.6087062764158}, "channel": 7}, "attempt": 1}
2026-09-13 11:16:28,617 INFO response {"request_id": "8702ab533bc3411fba34eeeb23908367", "http_status": 200, "body": {"accepted": true, "real_timestamp_ms": 1789269384564, "virtual_time_s": 1017, "measure_result": "no_signal"}}
2026-09-13 11:16:28,617 INFO request {"path": "/measure", "payload": {"arena_id": "default", "robot_id": "202601002029", "request_id": "d44183cedf4443038c431c96406bf885", "position": {"x": -564.9999999999998, "y": 978.6087062764158}, "channel": 9}, "attempt": 1}
2026-09-13 11:16:28,632 INFO response {"request_id": "d44183cedf4443038c431c96406bf885", "http_status": 200, "body": {"accepted": true, "real_timestamp_ms": 1789269384579, "virtual_time_s": 1023, "measure_result": "no_signal"}}
2026-09-13 11:16:28,632 INFO request {"path": "/measure", "payload": {"arena_id": "default", "robot_id": "202601002029", "request_id": "8e360b8d4f8b43079f7ffc0b5ebd5413", "position": {"x": -564.9999999999998, "y": 978.6087062764158}, "channel": 10}, "attempt": 1}
2026-09-13 11:16:28,648 INFO response {"request_id": "8e360b8d4f8b43079f7ffc0b5ebd5413", "http_status": 200, "body": {"accepted": true, "real_timestamp_ms": 1789269384595, "virtual_time_s": 1029, "measure_result": "no_signal"}}
2026-09-13 11:16:28,648 INFO request {"path": "/measure", "payload": {"arena_id": "default", "robot_id": "202601002029", "request_id": "f2a2a9f43fb54642a6c066515859b69f", "position": {"x": -564.9999999999998, "y": 978.6087062764158}, "channel": 11}, "attempt": 1}
2026-09-13 11:16:28,663 INFO response {"request_id": "f2a2a9f43fb54642a6c066515859b69f", "http_status": 200, "body": {"accepted": true, "real_timestamp_ms": 1789269384610, "virtual_time_s": 1035, "measure_result": "no_signal"}}
2026-09-13 11:16:28,663 INFO request {"path": "/measure", "payload": {"arena_id": "default", "robot_id": "202601002029", "request_id": "8f6be2692f2c4378875905af1207b4be", "position": {"x": -564.9999999999998, "y": 978.6087062764158}, "channel": 12}, "attempt": 1}
2026-09-13 11:16:28,665 INFO response {"request_id": "8f6be2692f2c4378875905af1207b4be", "http_status": 200, "body": {"accepted": true, "real_timestamp_ms": 1789269384612, "virtual_time_s": 1041, "measure_result": "no_signal"}}
2026-09-13 11:16:28,665 INFO request {"path": "/measure", "payload": {"arena_id": "default", "robot_id": "202601002029", "request_id": "be052bd0f8aa46c5ae5b23ef4dc69309", "position": {"x": -564.9999999999998, "y": 978.6087062764158}, "channel": 14}, "attempt": 1}
2026-09-13 11:16:28,666 INFO response {"request_id": "be052bd0f8aa46c5ae5b23ef4dc69309", "http_status": 200, "body": {"accepted": true, "real_timestamp_ms": 1789269384613, "virtual_time_s": 1047, "measure_result": "no_signal"}}
2026-09-13 11:16:28,666 INFO request {"path": "/measure", "payload": {"arena_id": "default", "robot_id": "202601002029", "request_id": "33d67ff054034aae8230d6706b8ea79b", "position": {"x": -564.9999999999998, "y": 978.6087062764158}, "channel": 15}, "attempt": 1}
2026-09-13 11:16:28,667 INFO response {"request_id": "33d67ff054034aae8230d6706b8ea79b", "http_status": 200, "body": {"accepted": true, "real_timestamp_ms": 1789269384614, "virtual_time_s": 1053, "measure_result": "no_signal"}}
2026-09-13 11:16:28,667 INFO request {"path": "/measure", "payload": {"arena_id": "default", "robot_id": "202601002029", "request_id": "9cedcf3cbeb747f8984dfed9e3db6b7e", "position": {"x": -564.9999999999998, "y": 978.6087062764158}, "channel": 16}, "attempt": 1}
2026-09-13 11:16:28,668 INFO response {"request_id": "9cedcf3cbeb747f8984dfed9e3db6b7e", "http_status": 200, "body": {"accepted": true, "real_timestamp_ms": 1789269384615, "virtual_time_s": 1059, "measure_result": "no_signal"}}
2026-09-13 11:16:28,668 INFO request {"path": "/measure", "payload": {"arena_id": "default", "robot_id": "202601002029", "request_id": "54a1c2bc181a4c13a373657ee4a977a1", "position": {"x": -564.9999999999998, "y": 978.6087062764158}, "channel": 17}, "attempt": 1}
2026-09-13 11:16:28,669 INFO response {"request_id": "54a1c2bc181a4c13a373657ee4a977a1", "http_status": 200, "body": {"accepted": true, "real_timestamp_ms": 1789269384616, "virtual_time_s": 1065, "measure_result": "no_signal"}}
2026-09-13 11:16:28,669 INFO request {"path": "/measure", "payload": {"arena_id": "default", "robot_id": "202601002029", "request_id": "c32f45c003214ab590ca300ca0dc3246", "position": {"x": -564.9999999999998, "y": 978.6087062764158}, "channel": 19}, "attempt": 1}
2026-09-13 11:16:28,694 INFO response {"request_id": "c32f45c003214ab590ca300ca0dc3246", "http_status": 200, "body": {"accepted": true, "real_timestamp_ms": 1789269384641, "virtual_time_s": 1071, "measure_result": "no_signal"}}
2026-09-13 11:16:28,702 INFO request {"path": "/measure", "payload": {"arena_id": "default", "robot_id": "202601002029", "request_id": "1bf86fabed994787bf95d09cb6e373ac", "position": {"x": -564.9999999999998, "y": 978.6087062764158}, "channel": 4}, "attempt": 1}
2026-09-13 11:16:28,726 INFO response {"request_id": "1bf86fabed994787bf95d09cb6e373ac", "http_status": 200, "body": {"accepted": true, "real_timestamp_ms": 1789269384673, "virtual_time_s": 1077, "measure_result": "direction", "svd_deg": 232.4}}
2026-09-13 11:16:28,729 INFO request {"path": "/measure", "payload": {"arena_id": "default", "robot_id": "202601002029", "request_id": "60407c3832f94681a6d4cf09dbac6908", "position": {"x": -1130.0, "y": 1.3838508830365092e-13}, "channel": 1}, "attempt": 1}
2026-09-13 11:16:28,742 INFO response {"request_id": "60407c3832f94681a6d4cf09dbac6908", "http_status": 200, "body": {"accepted": true, "real_timestamp_ms": 1789269384689, "virtual_time_s": 1309, "measure_result": "direction", "svd_deg": 279.89}}
2026-09-13 11:16:28,746 INFO request {"path": "/measure", "payload": {"arena_id": "default", "robot_id": "202601002029", "request_id": "b58e12031bc243b48bab1a68a1c2fe2b", "position": {"x": -1130.0, "y": 1.3838508830365092e-13}, "channel": 3}, "attempt": 1}
2026-09-13 11:16:28,748 INFO response {"request_id": "b58e12031bc243b48bab1a68a1c2fe2b", "http_status": 200, "body": {"accepted": true, "real_timestamp_ms": 1789269384694, "virtual_time_s": 1315, "measure_result": "direction", "svd_deg": 260.13}}
2026-09-13 11:16:28,751 INFO request {"path": "/measure", "payload": {"arena_id": "default", "robot_id": "202601002029", "request_id": "dbbdba180869408f87b9c3cac3ef7289", "position": {"x": -1130.0, "y": 1.3838508830365092e-13}, "channel": 6}, "attempt": 1}
2026-09-13 11:16:28,772 INFO response {"request_id": "dbbdba180869408f87b9c3cac3ef7289", "http_status": 200, "body": {"accepted": true, "real_timestamp_ms": 1789269384719, "virtual_time_s": 1321, "measure_result": "direction", "svd_deg": 279.67}}
2026-09-13 11:16:28,775 INFO request {"path": "/measure", "payload": {"arena_id": "default", "robot_id": "202601002029", "request_id": "6d28b63549334f79899a25b950500674", "position": {"x": -1130.0, "y": 1.3838508830365092e-13}, "channel": 7}, "attempt": 1}
2026-09-13 11:16:28,788 INFO response {"request_id": "6d28b63549334f79899a25b950500674", "http_status": 200, "body": {"accepted": true, "real_timestamp_ms": 1789269384734, "virtual_time_s": 1327, "measure_result": "direction", "svd_deg": 223.74}}
2026-09-13 11:16:28,793 INFO request {"path": "/measure", "payload": {"arena_id": "default", "robot_id": "202601002029", "request_id": "d1283f8f284948ac9b9bde4789dc92b7", "position": {"x": -1130.0, "y": 1.3838508830365092e-13}, "channel": 9}, "attempt": 1}
2026-09-13 11:16:28,818 INFO response {"request_id": "d1283f8f284948ac9b9bde4789dc92b7", "http_status": 200, "body": {"accepted": true, "real_timestamp_ms": 1789269384765, "virtual_time_s": 1333, "measure_result": "no_signal"}}
2026-09-13 11:16:28,818 INFO request {"path": "/measure", "payload": {"arena_id": "default", "robot_id": "202601002029", "request_id": "fcc52255e989468cb2e85283087acd30", "position": {"x": -1130.0, "y": 1.3838508830365092e-13}, "channel": 10}, "attempt": 1}
2026-09-13 11:16:28,833 INFO response {"request_id": "fcc52255e989468cb2e85283087acd30", "http_status": 200, "body": {"accepted": true, "real_timestamp_ms": 1789269384780, "virtual_time_s": 1339, "measure_result": "no_signal"}}
2026-09-13 11:16:28,833 INFO request {"path": "/measure", "payload": {"arena_id": "default", "robot_id": "202601002029", "request_id": "a96f022b89544522aa59a01446002a4f", "position": {"x": -1130.0, "y": 1.3838508830365092e-13}, "channel": 11}, "attempt": 1}
2026-09-13 11:16:28,834 INFO response {"request_id": "a96f022b89544522aa59a01446002a4f", "http_status": 200, "body": {"accepted": true, "real_timestamp_ms": 1789269384781, "virtual_time_s": 1345, "measure_result": "no_signal"}}
2026-09-13 11:16:28,834 INFO request {"path": "/measure", "payload": {"arena_id": "default", "robot_id": "202601002029", "request_id": "d8c710d821874701bae8ed95e38d8f14", "position": {"x": -1130.0, "y": 1.3838508830365092e-13}, "channel": 12}, "attempt": 1}
2026-09-13 11:16:28,849 INFO response {"request_id": "d8c710d821874701bae8ed95e38d8f14", "http_status": 200, "body": {"accepted": true, "real_timestamp_ms": 1789269384796, "virtual_time_s": 1351, "measure_result": "no_signal"}}
2026-09-13 11:16:28,849 INFO request {"path": "/measure", "payload": {"arena_id": "default", "robot_id": "202601002029", "request_id": "fe01de8b84f84694a0084e570f65c7a0", "position": {"x": -1130.0, "y": 1.3838508830365092e-13}, "channel": 14}, "attempt": 1}
2026-09-13 11:16:28,851 INFO response {"request_id": "fe01de8b84f84694a0084e570f65c7a0", "http_status": 200, "body": {"accepted": true, "real_timestamp_ms": 1789269384798, "virtual_time_s": 1357, "measure_result": "no_signal"}}
2026-09-13 11:16:28,851 INFO request {"path": "/measure", "payload": {"arena_id": "default", "robot_id": "202601002029", "request_id": "20834ebef7ad4002b217864428348068", "position": {"x": -1130.0, "y": 1.3838508830365092e-13}, "channel": 15}, "attempt": 1}
2026-09-13 11:16:28,853 INFO response {"request_id": "20834ebef7ad4002b217864428348068", "http_status": 200, "body": {"accepted": true, "real_timestamp_ms": 1789269384800, "virtual_time_s": 1363, "measure_result": "no_signal"}}
2026-09-13 11:16:28,853 INFO request {"path": "/measure", "payload": {"arena_id": "default", "robot_id": "202601002029", "request_id": "4bdc3f9198a148308de303796b13b542", "position": {"x": -1130.0, "y": 1.3838508830365092e-13}, "channel": 16}, "attempt": 1}
2026-09-13 11:16:28,880 INFO response {"request_id": "4bdc3f9198a148308de303796b13b542", "http_status": 200, "body": {"accepted": true, "real_timestamp_ms": 1789269384827, "virtual_time_s": 1369, "measure_result": "no_signal"}}
2026-09-13 11:16:28,881 INFO request {"path": "/measure", "payload": {"arena_id": "default", "robot_id": "202601002029", "request_id": "f341b88de7914d809191dbbb1b3d59ee", "position": {"x": -1130.0, "y": 1.3838508830365092e-13}, "channel": 17}, "attempt": 1}
2026-09-13 11:16:28,897 INFO response {"request_id": "f341b88de7914d809191dbbb1b3d59ee", "http_status": 200, "body": {"accepted": true, "real_timestamp_ms": 1789269384843, "virtual_time_s": 1375, "measure_result": "no_signal"}}
2026-09-13 11:16:28,897 INFO request {"path": "/measure", "payload": {"arena_id": "default", "robot_id": "202601002029", "request_id": "110165a0b4754096bec2a800e06d47fa", "position": {"x": -1130.0, "y": 1.3838508830365092e-13}, "channel": 18}, "attempt": 1}
2026-09-13 11:16:28,912 INFO response {"request_id": "110165a0b4754096bec2a800e06d47fa", "http_status": 200, "body": {"accepted": true, "real_timestamp_ms": 1789269384859, "virtual_time_s": 1381, "measure_result": "no_signal"}}
2026-09-13 11:16:28,913 INFO request {"path": "/measure", "payload": {"arena_id": "default", "robot_id": "202601002029", "request_id": "58d9203b38e84ee78a758d4098416021", "position": {"x": -1130.0, "y": 1.3838508830365092e-13}, "channel": 19}, "attempt": 1}
2026-09-13 11:16:28,927 INFO response {"request_id": "58d9203b38e84ee78a758d4098416021", "http_status": 200, "body": {"accepted": true, "real_timestamp_ms": 1789269384874, "virtual_time_s": 1387, "measure_result": "no_signal"}}
2026-09-13 11:16:28,982 INFO request {"path": "/measure", "payload": {"arena_id": "default", "robot_id": "202601002029", "request_id": "d574ac6e0db14ff6a964db15d4e4307d", "position": {"x": -1130.0, "y": 1.3838508830365092e-13}, "channel": 5}, "attempt": 1}
2026-09-13 11:16:29,006 INFO response {"request_id": "d574ac6e0db14ff6a964db15d4e4307d", "http_status": 200, "body": {"accepted": true, "real_timestamp_ms": 1789269384953, "virtual_time_s": 1393, "measure_result": "direction", "svd_deg": 120.45}}
2026-09-13 11:16:29,044 INFO request {"path": "/measure", "payload": {"arena_id": "default", "robot_id": "202601002029", "request_id": "4da89ddda2db4a03af77f90b2e9e43d3", "position": {"x": -1130.0, "y": 1.3838508830365092e-13}, "channel": 4}, "attempt": 1}
2026-09-13 11:16:29,068 INFO response {"request_id": "4da89ddda2db4a03af77f90b2e9e43d3", "http_status": 200, "body": {"accepted": true, "real_timestamp_ms": 1789269385015, "virtual_time_s": 1399, "measure_result": "direction", "svd_deg": 81.82}}
2026-09-13 11:16:29,075 INFO request {"path": "/measure", "payload": {"arena_id": "default", "robot_id": "202601002029", "request_id": "dc35be95280b48e3b45f2bda1aa1dde4", "position": {"x": -565.0000000000005, "y": -978.6087062764154}, "channel": 9}, "attempt": 1}
2026-09-13 11:16:29,078 INFO response {"request_id": "dc35be95280b48e3b45f2bda1aa1dde4", "http_status": 200, "body": {"accepted": true, "real_timestamp_ms": 1789269385024, "virtual_time_s": 1631, "measure_result": "no_signal"}}
2026-09-13 11:16:29,078 INFO request {"path": "/measure", "payload": {"arena_id": "default", "robot_id": "202601002029", "request_id": "050e55e19bfb4f92a6f2683582ae443d", "position": {"x": -565.0000000000005, "y": -978.6087062764154}, "channel": 10}, "attempt": 1}
2026-09-13 11:16:29,100 INFO response {"request_id": "050e55e19bfb4f92a6f2683582ae443d", "http_status": 200, "body": {"accepted": true, "real_timestamp_ms": 1789269385047, "virtual_time_s": 1637, "measure_result": "no_signal"}}
2026-09-13 11:16:29,101 INFO request {"path": "/measure", "payload": {"arena_id": "default", "robot_id": "202601002029", "request_id": "28022439fa39435a8561c14731a6d454", "position": {"x": -565.0000000000005, "y": -978.6087062764154}, "channel": 11}, "attempt": 1}
2026-09-13 11:16:29,103 INFO response {"request_id": "28022439fa39435a8561c14731a6d454", "http_status": 200, "body": {"accepted": true, "real_timestamp_ms": 1789269385050, "virtual_time_s": 1643, "measure_result": "no_signal"}}
2026-09-13 11:16:29,103 INFO request {"path": "/measure", "payload": {"arena_id": "default", "robot_id": "202601002029", "request_id": "b2ba195843594561a207e9f4cf07967d", "position": {"x": -565.0000000000005, "y": -978.6087062764154}, "channel": 12}, "attempt": 1}
2026-09-13 11:16:29,106 INFO response {"request_id": "b2ba195843594561a207e9f4cf07967d", "http_status": 200, "body": {"accepted": true, "real_timestamp_ms": 1789269385052, "virtual_time_s": 1649, "measure_result": "no_signal"}}
2026-09-13 11:16:29,106 INFO request {"path": "/measure", "payload": {"arena_id": "default", "robot_id": "202601002029", "request_id": "5e86b3d093684fa39f5696c5676ba554", "position": {"x": -565.0000000000005, "y": -978.6087062764154}, "channel": 14}, "attempt": 1}
2026-09-13 11:16:29,108 INFO response {"request_id": "5e86b3d093684fa39f5696c5676ba554", "http_status": 200, "body": {"accepted": true, "real_timestamp_ms": 1789269385054, "virtual_time_s": 1655, "measure_result": "no_signal"}}
2026-09-13 11:16:29,108 INFO request {"path": "/measure", "payload": {"arena_id": "default", "robot_id": "202601002029", "request_id": "4da9042ccaac4ec298c6988eb3a74a17", "position": {"x": -565.0000000000005, "y": -978.6087062764154}, "channel": 15}, "attempt": 1}
2026-09-13 11:16:29,110 INFO response {"request_id": "4da9042ccaac4ec298c6988eb3a74a17", "http_status": 200, "body": {"accepted": true, "real_timestamp_ms": 1789269385057, "virtual_time_s": 1661, "measure_result": "no_signal"}}
2026-09-13 11:16:29,110 INFO request {"path": "/measure", "payload": {"arena_id": "default", "robot_id": "202601002029", "request_id": "46f81ba625d844f1ae0745a0cede54b1", "position": {"x": -565.0000000000005, "y": -978.6087062764154}, "channel": 16}, "attempt": 1}
2026-09-13 11:16:29,112 INFO response {"request_id": "46f81ba625d844f1ae0745a0cede54b1", "http_status": 200, "body": {"accepted": true, "real_timestamp_ms": 1789269385058, "virtual_time_s": 1667, "measure_result": "no_signal"}}
2026-09-13 11:16:29,112 INFO request {"path": "/measure", "payload": {"arena_id": "default", "robot_id": "202601002029", "request_id": "d9ded72169434e399b91ba33f066461a", "position": {"x": -565.0000000000005, "y": -978.6087062764154}, "channel": 17}, "attempt": 1}
2026-09-13 11:16:29,114 INFO response {"request_id": "d9ded72169434e399b91ba33f066461a", "http_status": 200, "body": {"accepted": true, "real_timestamp_ms": 1789269385061, "virtual_time_s": 1673, "measure_result": "direction", "svd_deg": 327.57}}
2026-09-13 11:16:29,119 INFO request {"path": "/measure", "payload": {"arena_id": "default", "robot_id": "202601002029", "request_id": "7f660c812313418bbb795676f0882cd2", "position": {"x": -565.0000000000005, "y": -978.6087062764154}, "channel": 18}, "attempt": 1}
2026-09-13 11:16:29,122 INFO response {"request_id": "7f660c812313418bbb795676f0882cd2", "http_status": 200, "body": {"accepted": true, "real_timestamp_ms": 1789269385068, "virtual_time_s": 1679, "measure_result": "no_signal"}}
2026-09-13 11:16:29,122 INFO request {"path": "/measure", "payload": {"arena_id": "default", "robot_id": "202601002029", "request_id": "8ca93e8022b0464699acf940327f725d", "position": {"x": -565.0000000000005, "y": -978.6087062764154}, "channel": 19}, "attempt": 1}
2026-09-13 11:16:29,124 INFO response {"request_id": "8ca93e8022b0464699acf940327f725d", "http_status": 200, "body": {"accepted": true, "real_timestamp_ms": 1789269385071, "virtual_time_s": 1685, "measure_result": "no_signal"}}
2026-09-13 11:16:29,165 INFO request {"path": "/measure", "payload": {"arena_id": "default", "robot_id": "202601002029", "request_id": "c13ddbe6b4b84d95bcfae14d1af10612", "position": {"x": -565.0000000000005, "y": -978.6087062764154}, "channel": 20}, "attempt": 1}
2026-09-13 11:16:29,177 INFO response {"request_id": "c13ddbe6b4b84d95bcfae14d1af10612", "http_status": 200, "body": {"accepted": true, "real_timestamp_ms": 1789269385124, "virtual_time_s": 1691, "measure_result": "direction", "svd_deg": 118.14}}
2026-09-13 11:16:29,211 INFO request {"path": "/measure", "payload": {"arena_id": "default", "robot_id": "202601002029", "request_id": "66bd581e66424777b5f4decc6fe5b9ea", "position": {"x": -565.0000000000005, "y": -978.6087062764154}, "channel": 3}, "attempt": 1}
2026-09-13 11:16:29,213 INFO response {"request_id": "66bd581e66424777b5f4decc6fe5b9ea", "http_status": 200, "body": {"accepted": true, "real_timestamp_ms": 1789269385160, "virtual_time_s": 1697, "measure_result": "direction", "svd_deg": 149.83}}
2026-09-13 11:16:29,215 INFO request {"path": "/measure", "payload": {"arena_id": "default", "robot_id": "202601002029", "request_id": "e93b30aaeaa54f0fb0194a323579b8ba", "position": {"x": 565.0000000000001, "y": -978.6087062764157}, "channel": 9}, "attempt": 1}
2026-09-13 11:16:29,238 INFO response {"request_id": "e93b30aaeaa54f0fb0194a323579b8ba", "http_status": 200, "body": {"accepted": true, "real_timestamp_ms": 1789269385185, "virtual_time_s": 1929, "measure_result": "no_signal"}}
2026-09-13 11:16:29,238 INFO request {"path": "/measure", "payload": {"arena_id": "default", "robot_id": "202601002029", "request_id": "58bf8e5c1d9848808564af5b8a50e7b0", "position": {"x": 565.0000000000001, "y": -978.6087062764157}, "channel": 10}, "attempt": 1}
2026-09-13 11:16:29,254 INFO response {"request_id": "58bf8e5c1d9848808564af5b8a50e7b0", "http_status": 200, "body": {"accepted": true, "real_timestamp_ms": 1789269385201, "virtual_time_s": 1935, "measure_result": "no_signal"}}
2026-09-13 11:16:29,254 INFO request {"path": "/measure", "payload": {"arena_id": "default", "robot_id": "202601002029", "request_id": "e287dc38327643c3a9974968ac735510", "position": {"x": 565.0000000000001, "y": -978.6087062764157}, "channel": 11}, "attempt": 1}
2026-09-13 11:16:29,268 INFO response {"request_id": "e287dc38327643c3a9974968ac735510", "http_status": 200, "body": {"accepted": true, "real_timestamp_ms": 1789269385216, "virtual_time_s": 1941, "measure_result": "no_signal"}}
2026-09-13 11:16:29,269 INFO request {"path": "/measure", "payload": {"arena_id": "default", "robot_id": "202601002029", "request_id": "4ca2bde5ac284b4f858e81b81399a6c3", "position": {"x": 565.0000000000001, "y": -978.6087062764157}, "channel": 12}, "attempt": 1}
2026-09-13 11:16:29,285 INFO response {"request_id": "4ca2bde5ac284b4f858e81b81399a6c3", "http_status": 200, "body": {"accepted": true, "real_timestamp_ms": 1789269385232, "virtual_time_s": 1947, "measure_result": "no_signal"}}
2026-09-13 11:16:29,285 INFO request {"path": "/measure", "payload": {"arena_id": "default", "robot_id": "202601002029", "request_id": "a63081c857784c3c9a617f6b7163c046", "position": {"x": 565.0000000000001, "y": -978.6087062764157}, "channel": 14}, "attempt": 1}
2026-09-13 11:16:29,300 INFO response {"request_id": "a63081c857784c3c9a617f6b7163c046", "http_status": 200, "body": {"accepted": true, "real_timestamp_ms": 1789269385247, "virtual_time_s": 1953, "measure_result": "no_signal"}}
2026-09-13 11:16:29,300 INFO request {"path": "/measure", "payload": {"arena_id": "default", "robot_id": "202601002029", "request_id": "c83e906ee4f74a9ea536d7c05807f1fa", "position": {"x": 565.0000000000001, "y": -978.6087062764157}, "channel": 15}, "attempt": 1}
2026-09-13 11:16:29,316 INFO response {"request_id": "c83e906ee4f74a9ea536d7c05807f1fa", "http_status": 200, "body": {"accepted": true, "real_timestamp_ms": 1789269385263, "virtual_time_s": 1959, "measure_result": "no_signal"}}
2026-09-13 11:16:29,316 INFO request {"path": "/measure", "payload": {"arena_id": "default", "robot_id": "202601002029", "request_id": "34676e774c834e14851c2424cd7b0f04", "position": {"x": 565.0000000000001, "y": -978.6087062764157}, "channel": 16}, "attempt": 1}
2026-09-13 11:16:29,332 INFO response {"request_id": "34676e774c834e14851c2424cd7b0f04", "http_status": 200, "body": {"accepted": true, "real_timestamp_ms": 1789269385279, "virtual_time_s": 1965, "measure_result": "no_signal"}}
2026-09-13 11:16:29,332 INFO request {"path": "/measure", "payload": {"arena_id": "default", "robot_id": "202601002029", "request_id": "7475366c6e7a44649adfc344cecfab8d", "position": {"x": 565.0000000000001, "y": -978.6087062764157}, "channel": 18}, "attempt": 1}
2026-09-13 11:16:29,334 INFO response {"request_id": "7475366c6e7a44649adfc344cecfab8d", "http_status": 200, "body": {"accepted": true, "real_timestamp_ms": 1789269385281, "virtual_time_s": 1971, "measure_result": "no_signal"}}
2026-09-13 11:16:29,334 INFO request {"path": "/measure", "payload": {"arena_id": "default", "robot_id": "202601002029", "request_id": "81fd379819be451db8b5d1926715aac8", "position": {"x": 565.0000000000001, "y": -978.6087062764157}, "channel": 19}, "attempt": 1}
2026-09-13 11:16:29,348 INFO response {"request_id": "81fd379819be451db8b5d1926715aac8", "http_status": 200, "body": {"accepted": true, "real_timestamp_ms": 1789269385294, "virtual_time_s": 1977, "measure_result": "no_signal"}}
2026-09-13 11:16:29,385 INFO request {"path": "/measure", "payload": {"arena_id": "default", "robot_id": "202601002029", "request_id": "b887179d3554409eb1775275f86d4795", "position": {"x": 565.0000000000001, "y": -978.6087062764157}, "channel": 2}, "attempt": 1}
2026-09-13 11:16:29,386 INFO response {"request_id": "b887179d3554409eb1775275f86d4795", "http_status": 200, "body": {"accepted": true, "real_timestamp_ms": 1789269385333, "virtual_time_s": 1983, "measure_result": "direction", "svd_deg": 51.78}}
2026-09-13 11:16:29,397 INFO request {"path": "/measure", "payload": {"arena_id": "default", "robot_id": "202601002029", "request_id": "28c5ee4b344046fb9f47591683215f63", "position": {"x": 565.0000000000001, "y": -978.6087062764157}, "channel": 17}, "attempt": 1}
2026-09-13 11:16:29,398 INFO response {"request_id": "28c5ee4b344046fb9f47591683215f63", "http_status": 200, "body": {"accepted": true, "real_timestamp_ms": 1789269385346, "virtual_time_s": 1989, "measure_result": "direction", "svd_deg": 199.23}}
2026-09-13 11:16:35,889 INFO request {"path": "/measure", "payload": {"arena_id": "default", "robot_id": "202601002029", "request_id": "cb78d8adb46444d6a7efe42418838cd2", "position": {"x": 168.79300971815346, "y": -1010.101388973947}, "channel": 17}, "attempt": 1}
2026-09-13 11:16:35,913 INFO response {"request_id": "cb78d8adb46444d6a7efe42418838cd2", "http_status": 200, "body": {"accepted": true, "real_timestamp_ms": 1789269391860, "virtual_time_s": 2073.491325, "measure_result": "direction", "svd_deg": 213.31}}
2026-09-13 11:16:35,938 INFO request {"path": "/measure", "payload": {"arena_id": "default", "robot_id": "202601002029", "request_id": "04ba3f707da642bc9c07c01ca8c8ff3c", "position": {"x": 168.79300971815346, "y": -1010.101388973947}, "channel": 8}, "attempt": 1}
2026-09-13 11:16:35,962 INFO response {"request_id": "04ba3f707da642bc9c07c01ca8c8ff3c", "http_status": 200, "body": {"accepted": true, "real_timestamp_ms": 1789269391909, "virtual_time_s": 2079.491325, "measure_result": "direction", "svd_deg": 157.56}}
2026-09-13 11:16:35,981 INFO request {"path": "/measure", "payload": {"arena_id": "default", "robot_id": "202601002029", "request_id": "637b5567d20e4b51ae1f13647ea2bc56", "position": {"x": 168.79300971815346, "y": -1010.101388973947}, "channel": 13}, "attempt": 1}
2026-09-13 11:16:36,006 INFO response {"request_id": "637b5567d20e4b51ae1f13647ea2bc56", "http_status": 200, "body": {"accepted": true, "real_timestamp_ms": 1789269391953, "virtual_time_s": 2085.491325, "measure_result": "direction", "svd_deg": 347.05}}
2026-09-13 11:16:37,784 INFO request {"path": "/clear", "payload": {"arena_id": "default", "robot_id": "202601002029", "request_id": "05cad23c1c00466bbc68fc45d8facfc1", "position": {"x": -167.57099069618403, "y": -1230.8809371522043}, "channel": 17}, "attempt": 1}
2026-09-13 11:16:37,786 INFO response {"request_id": "05cad23c1c00466bbc68fc45d8facfc1", "http_status": 200, "body": {"accepted": true, "real_timestamp_ms": 1789269393733, "virtual_time_s": 2170.961034, "clear_result": "success"}}
2026-09-13 11:16:37,837 INFO request {"path": "/measure", "payload": {"arena_id": "default", "robot_id": "202601002029", "request_id": "47e57d9432114c7e8c8826ab04cf4b1c", "position": {"x": -167.57099069618403, "y": -1230.8809371522043}, "channel": 8}, "attempt": 1}
2026-09-13 11:16:37,838 INFO response {"request_id": "47e57d9432114c7e8c8826ab04cf4b1c", "http_status": 200, "body": {"accepted": true, "real_timestamp_ms": 1789269393785, "virtual_time_s": 2176.961034, "measure_result": "direction", "svd_deg": 130.93}}
2026-09-13 11:16:37,884 INFO request {"path": "/measure", "payload": {"arena_id": "default", "robot_id": "202601002029", "request_id": "556d158f650343e2a8c55b65253520c6", "position": {"x": -167.57099069618403, "y": -1230.8809371522043}, "channel": 1}, "attempt": 1}
2026-09-13 11:16:37,886 INFO response {"request_id": "556d158f650343e2a8c55b65253520c6", "http_status": 200, "body": {"accepted": true, "real_timestamp_ms": 1789269393833, "virtual_time_s": 2182.961034, "measure_result": "direction", "svd_deg": 149.01}}
2026-09-13 11:16:38,657 INFO request {"path": "/measure", "payload": {"arena_id": "default", "robot_id": "202601002029", "request_id": "ed50e1a95710470e8875c1f8c73346c0", "position": {"x": -420.45949077232956, "y": -824.0399754238125}, "channel": 6}, "attempt": 1}
2026-09-13 11:16:38,678 INFO response {"request_id": "ed50e1a95710470e8875c1f8c73346c0", "http_status": 200, "body": {"accepted": true, "real_timestamp_ms": 1789269394625, "virtual_time_s": 2284.767539, "measure_result": "direction", "svd_deg": 185.13}}
2026-09-13 11:16:38,725 INFO request {"path": "/measure", "payload": {"arena_id": "default", "robot_id": "202601002029", "request_id": "3fa86b8f87d245e5bb2e061678843748", "position": {"x": -420.45949077232956, "y": -824.0399754238125}, "channel": 3}, "attempt": 1}
2026-09-13 11:16:38,740 INFO response {"request_id": "3fa86b8f87d245e5bb2e061678843748", "http_status": 200, "body": {"accepted": true, "real_timestamp_ms": 1789269394687, "virtual_time_s": 2290.767539, "measure_result": "direction", "svd_deg": 164.11}}
2026-09-13 11:16:38,786 INFO request {"path": "/measure", "payload": {"arena_id": "default", "robot_id": "202601002029", "request_id": "e0b4e0e5ef434121a4f192108409f0cb", "position": {"x": -420.45949077232956, "y": -824.0399754238125}, "channel": 1}, "attempt": 1}
2026-09-13 11:16:38,803 INFO response {"request_id": "e0b4e0e5ef434121a4f192108409f0cb", "http_status": 200, "body": {"accepted": true, "real_timestamp_ms": 1789269394750, "virtual_time_s": 2296.767539, "measure_result": "direction", "svd_deg": 171.4}}
2026-09-13 11:16:39,896 INFO request {"path": "/measure", "payload": {"arena_id": "default", "robot_id": "202601002029", "request_id": "e73c3c75f5f24f738bd735a588d746ba", "position": {"x": -602.3886458372409, "y": -738.3212762010648}, "channel": 1}, "attempt": 1}
2026-09-13 11:16:39,910 INFO response {"request_id": "e73c3c75f5f24f738bd735a588d746ba", "http_status": 200, "body": {"accepted": true, "real_timestamp_ms": 1789269395857, "virtual_time_s": 2341.989877, "measure_result": "direction", "svd_deg": 180.15}}
2026-09-13 11:16:39,936 INFO request {"path": "/measure", "payload": {"arena_id": "default", "robot_id": "202601002029", "request_id": "4209cc4fcc4a4c1cbb28d89af2d019cf", "position": {"x": -602.3886458372409, "y": -738.3212762010648}, "channel": 20}, "attempt": 1}
2026-09-13 11:16:39,937 INFO response {"request_id": "4209cc4fcc4a4c1cbb28d89af2d019cf", "http_status": 200, "body": {"accepted": true, "real_timestamp_ms": 1789269395884, "virtual_time_s": 2347.989877, "measure_result": "direction", "svd_deg": 126.83}}
2026-09-13 11:16:39,948 INFO request {"path": "/measure", "payload": {"arena_id": "default", "robot_id": "202601002029", "request_id": "cbec1874c1cc46b7a17fbb7bfa802e3b", "position": {"x": -602.3886458372409, "y": -738.3212762010648}, "channel": 7}, "attempt": 1}
2026-09-13 11:16:39,971 INFO response {"request_id": "cbec1874c1cc46b7a17fbb7bfa802e3b", "http_status": 200, "body": {"accepted": true, "real_timestamp_ms": 1789269395918, "virtual_time_s": 2353.989877, "measure_result": "direction", "svd_deg": 167.19}}
2026-09-13 11:16:40,719 INFO request {"path": "/clear", "payload": {"arena_id": "default", "robot_id": "202601002029", "request_id": "2dc1dcef53414c5e8c34a4bcef393f94", "position": {"x": -631.0166359735614, "y": -691.2432655863262}, "channel": 8}, "attempt": 1}
2026-09-13 11:16:40,742 INFO response {"request_id": "2dc1dcef53414c5e8c34a4bcef393f94", "http_status": 200, "body": {"accepted": true, "real_timestamp_ms": 1789269396689, "virtual_time_s": 2370.009679, "clear_result": "success"}}
2026-09-13 11:16:40,754 INFO request {"path": "/clear", "payload": {"arena_id": "default", "robot_id": "202601002029", "request_id": "3bc3e7746db143db97946a3ca990c999", "position": {"x": -980.8680982466225, "y": -874.0651267689909}, "channel": 6}, "attempt": 1}
2026-09-13 11:16:40,773 INFO response {"request_id": "3bc3e7746db143db97946a3ca990c999", "http_status": 200, "body": {"accepted": true, "real_timestamp_ms": 1789269396720, "virtual_time_s": 2453.957732, "clear_result": "success"}}
2026-09-13 11:16:40,787 INFO request {"path": "/measure", "payload": {"arena_id": "default", "robot_id": "202601002029", "request_id": "9e6e56a1e9ad43d08ca4d4adf50bf7ad", "position": {"x": -980.8680982466225, "y": -874.0651267689909}, "channel": 7}, "attempt": 1}
2026-09-13 11:16:40,789 INFO response {"request_id": "9e6e56a1e9ad43d08ca4d4adf50bf7ad", "http_status": 200, "body": {"accepted": true, "real_timestamp_ms": 1789269396736, "virtual_time_s": 2458.957732, "measure_result": "direction", "svd_deg": 150.09}}
2026-09-13 11:16:41,808 INFO request {"path": "/clear", "payload": {"arena_id": "default", "robot_id": "202601002029", "request_id": "4cb481bec60841f59f196b1c42cbcec7", "position": {"x": -1000.9723276946659, "y": -739.1119808747914}, "channel": 1}, "attempt": 1}
2026-09-13 11:16:41,825 INFO response {"request_id": "4cb481bec60841f59f196b1c42cbcec7", "http_status": 200, "body": {"accepted": true, "real_timestamp_ms": 1789269397772, "virtual_time_s": 2491.246214, "clear_result": "success"}}
2026-09-13 11:16:41,839 INFO request {"path": "/measure", "payload": {"arena_id": "default", "robot_id": "202601002029", "request_id": "f3af421b52f14301961f40b8ac2992fe", "position": {"x": -1272.3481233388156, "y": -645.0870942737548}, "channel": 7}, "attempt": 1}
2026-09-13 11:16:41,840 INFO response {"request_id": "f3af421b52f14301961f40b8ac2992fe", "http_status": 200, "body": {"accepted": true, "real_timestamp_ms": 1789269397788, "virtual_time_s": 2553.686793, "measure_result": "direction", "svd_deg": 156.8}}
2026-09-13 11:16:41,845 INFO request {"path": "/clear", "payload": {"arena_id": "default", "robot_id": "202601002029", "request_id": "83044418d93840f5aa56e18752eb13bc", "position": {"x": -1232.8175499813751, "y": -592.5671796944141}, "channel": 3}, "attempt": 1}
2026-09-13 11:16:41,846 INFO response {"request_id": "83044418d93840f5aa56e18752eb13bc", "http_status": 200, "body": {"accepted": true, "real_timestamp_ms": 1789269397793, "virtual_time_s": 2571.833667, "clear_result": "success"}}
2026-09-13 11:16:41,847 INFO request {"path": "/clear", "payload": {"arena_id": "default", "robot_id": "202601002029", "request_id": "f2b0afba4c9c4c5d882e6b86ac2b77aa", "position": {"x": -1640.7573382159276, "y": -488.4866632459109}, "channel": 7}, "attempt": 1}
2026-09-13 11:16:41,871 INFO response {"request_id": "f2b0afba4c9c4c5d882e6b86ac2b77aa", "http_status": 200, "body": {"accepted": true, "real_timestamp_ms": 1789269397818, "virtual_time_s": 2661.035241, "clear_result": "success"}}
2026-09-13 11:16:41,873 INFO request {"path": "/clear", "payload": {"arena_id": "default", "robot_id": "202601002029", "request_id": "53ad9042268d473490d32dbecf9b2fbb", "position": {"x": -1373.49139106691, "y": 414.80922022708694}, "channel": 5}, "attempt": 1}
2026-09-13 11:16:41,874 INFO response {"request_id": "53ad9042268d473490d32dbecf9b2fbb", "http_status": 200, "body": {"accepted": true, "real_timestamp_ms": 1789269397821, "virtual_time_s": 2854.43636, "clear_result": "success"}}
2026-09-13 11:16:41,875 INFO request {"path": "/clear", "payload": {"arena_id": "default", "robot_id": "202601002029", "request_id": "c9ee1b0dacf148009bb026a2edb7a4ea", "position": {"x": -1091.9762149453866, "y": 281.4546972379949}, "channel": 4}, "attempt": 1}
2026-09-13 11:16:41,877 INFO response {"request_id": "c9ee1b0dacf148009bb026a2edb7a4ea", "http_status": 200, "body": {"accepted": true, "real_timestamp_ms": 1789269397824, "virtual_time_s": 2921.736993, "clear_result": "success"}}
2026-09-13 11:16:41,877 INFO request {"path": "/clear", "payload": {"arena_id": "default", "robot_id": "202601002029", "request_id": "8d455f27ee454834b25a462e3cbeb815", "position": {"x": -885.8164670974191, "y": -367.66878652545336}, "channel": 20}, "attempt": 1}
2026-09-13 11:16:41,879 INFO response {"request_id": "8d455f27ee454834b25a462e3cbeb815", "http_status": 200, "body": {"accepted": true, "real_timestamp_ms": 1789269397826, "virtual_time_s": 3062.951991, "clear_result": "success"}}
2026-09-13 11:16:41,880 INFO request {"path": "/measure", "payload": {"arena_id": "default", "robot_id": "202601002029", "request_id": "3cf66e8929c149da985b6459eb9d9c73", "position": {"x": 742.422559368491, "y": -834.1777130006687}, "channel": 13}, "attempt": 1}
2026-09-13 11:16:41,902 INFO response {"request_id": "3cf66e8929c149da985b6459eb9d9c73", "http_status": 200, "body": {"accepted": true, "real_timestamp_ms": 1789269397849, "virtual_time_s": 3407.702218, "measure_result": "direction", "svd_deg": 286.49}}
2026-09-13 11:16:41,926 INFO request {"path": "/measure", "payload": {"arena_id": "default", "robot_id": "202601002029", "request_id": "b135ec3bfc7842959aa7429b295aa3a7", "position": {"x": 742.422559368491, "y": -834.1777130006687}, "channel": 2}, "attempt": 1}
2026-09-13 11:16:41,949 INFO response {"request_id": "b135ec3bfc7842959aa7429b295aa3a7", "http_status": 200, "body": {"accepted": true, "real_timestamp_ms": 1789269397895, "virtual_time_s": 3413.702218, "measure_result": "direction", "svd_deg": 55.78}}
2026-09-13 11:16:42,679 INFO request {"path": "/clear", "payload": {"arena_id": "default", "robot_id": "202601002029", "request_id": "a49641124cae45e0a2c62faf54f48ad0", "position": {"x": 840.61756005277, "y": -1164.832373944637}, "channel": 13}, "attempt": 1}
2026-09-13 11:16:42,681 INFO response {"request_id": "a49641124cae45e0a2c62faf54f48ad0", "http_status": 200, "body": {"accepted": true, "real_timestamp_ms": 1789269398628, "virtual_time_s": 3487.687655, "clear_result": "success"}}
2026-09-13 11:16:42,698 INFO request {"path": "/measure", "payload": {"arena_id": "default", "robot_id": "202601002029", "request_id": "a8a2559b7d9c42b9bee5c7f541602d1f", "position": {"x": 840.61756005277, "y": -1164.832373944637}, "channel": 2}, "attempt": 1}
2026-09-13 11:16:42,725 INFO response {"request_id": "a8a2559b7d9c42b9bee5c7f541602d1f", "http_status": 200, "body": {"accepted": true, "real_timestamp_ms": 1789269398672, "virtual_time_s": 3492.687655, "measure_result": "direction", "svd_deg": 73.09}}
2026-09-13 11:16:43,490 INFO request {"path": "/measure", "payload": {"arena_id": "default", "robot_id": "202601002029", "request_id": "feb56e4b792148a9aa761c7f220fc045", "position": {"x": 1315.4300228761394, "y": -649.046387628658}, "channel": 2}, "attempt": 1}
2026-09-13 11:16:43,492 INFO response {"request_id": "feb56e4b792148a9aa761c7f220fc045", "http_status": 200, "body": {"accepted": true, "real_timestamp_ms": 1789269399439, "virtual_time_s": 3637.899218, "measure_result": "direction", "svd_deg": 121.05}}
2026-09-13 11:16:43,500 INFO request {"path": "/clear", "payload": {"arena_id": "default", "robot_id": "202601002029", "request_id": "e9a62f6fc2d54267bf9ce800a5532a50", "position": {"x": 1104.2695694420268, "y": -303.9760451110952}, "channel": 2}, "attempt": 1}
2026-09-13 11:16:43,501 INFO response {"request_id": "e9a62f6fc2d54267bf9ce800a5532a50", "http_status": 200, "body": {"accepted": true, "real_timestamp_ms": 1789269399448, "virtual_time_s": 3723.809608, "clear_result": "success"}}
2026-09-13 11:16:43,502 INFO request {"path": "/exit", "payload": {"arena_id": "default", "robot_id": "202601002029", "request_id": "53391754937c484c85705bbb25e9d558"}, "attempt": 1}
2026-09-13 11:16:43,523 INFO response {"request_id": "53391754937c484c85705bbb25e9d558", "http_status": 200, "body": {"accepted": true, "real_timestamp_ms": 1789269399470, "virtual_time_s": 3723.809608, "exit_reason": "user_exit"}}
