2026-09-12 14:05:47,368 INFO request {"path": "/enter", "payload": {"arena_id": "default", "robot_id": "202601002029", "request_id": "2e84d6d711d54fd8b95232ae8b40bed4"}, "attempt": 1}
2026-09-12 14:05:47,372 INFO response {"request_id": "2e84d6d711d54fd8b95232ae8b40bed4", "http_status": 200, "body": {"accepted": true, "real_timestamp_ms": 1789193144010, "virtual_time_s": 0, "max_virtual_duration_s": 360000, "max_real_duration_s": 1200, "remaining_real_duration_s": 1200}}
2026-09-12 14:05:47,372 INFO request {"path": "/measure", "payload": {"arena_id": "default", "robot_id": "202601002029", "request_id": "c579e42bc1e04052b5c9dadb10143898", "position": {"x": 0.0, "y": 0.0}, "channel": 1}, "attempt": 1}
2026-09-12 14:05:47,374 INFO response {"request_id": "c579e42bc1e04052b5c9dadb10143898", "http_status": 200, "body": {"accepted": true, "real_timestamp_ms": 1789193144011, "virtual_time_s": 5, "measure_result": "direction", "svd_deg": 70.45}}
2026-09-12 14:05:47,377 INFO request {"path": "/measure", "payload": {"arena_id": "default", "robot_id": "202601002029", "request_id": "cfa1ccdb0a374e8e9f1bb99ee5cd7182", "position": {"x": 0.0, "y": 0.0}, "channel": 2}, "attempt": 1}
2026-09-12 14:05:47,378 INFO response {"request_id": "cfa1ccdb0a374e8e9f1bb99ee5cd7182", "http_status": 200, "body": {"accepted": true, "real_timestamp_ms": 1789193144016, "virtual_time_s": 11, "measure_result": "no_signal"}}
2026-09-12 14:05:47,379 INFO request {"path": "/measure", "payload": {"arena_id": "default", "robot_id": "202601002029", "request_id": "93faa86113314023847b431de21be0c0", "position": {"x": 0.0, "y": 0.0}, "channel": 3}, "attempt": 1}
2026-09-12 14:05:47,380 INFO response {"request_id": "93faa86113314023847b431de21be0c0", "http_status": 200, "body": {"accepted": true, "real_timestamp_ms": 1789193144017, "virtual_time_s": 17, "measure_result": "no_signal"}}
2026-09-12 14:05:47,380 INFO request {"path": "/measure", "payload": {"arena_id": "default", "robot_id": "202601002029", "request_id": "892f62e1251d41acabbf286ea9181773", "position": {"x": 0.0, "y": 0.0}, "channel": 4}, "attempt": 1}
2026-09-12 14:05:47,381 INFO response {"request_id": "892f62e1251d41acabbf286ea9181773", "http_status": 200, "body": {"accepted": true, "real_timestamp_ms": 1789193144018, "virtual_time_s": 23, "measure_result": "direction", "svd_deg": 75.04}}
2026-09-12 14:05:47,384 INFO request {"path": "/measure", "payload": {"arena_id": "default", "robot_id": "202601002029", "request_id": "bd1325fbc37446b990eb5f30194201f1", "position": {"x": 0.0, "y": 0.0}, "channel": 5}, "attempt": 1}
2026-09-12 14:05:47,385 INFO response {"request_id": "bd1325fbc37446b990eb5f30194201f1", "http_status": 200, "body": {"accepted": true, "real_timestamp_ms": 1789193144023, "virtual_time_s": 29, "measure_result": "direction", "svd_deg": 257.82}}
2026-09-12 14:05:47,386 INFO request {"path": "/measure", "payload": {"arena_id": "default", "robot_id": "202601002029", "request_id": "086b89e4667e4fda84b525e80d968827", "position": {"x": 0.0, "y": 0.0}, "channel": 6}, "attempt": 1}
2026-09-12 14:05:47,387 INFO response {"request_id": "086b89e4667e4fda84b525e80d968827", "http_status": 200, "body": {"accepted": true, "real_timestamp_ms": 1789193144025, "virtual_time_s": 35, "measure_result": "no_signal"}}
2026-09-12 14:05:47,387 INFO request {"path": "/measure", "payload": {"arena_id": "default", "robot_id": "202601002029", "request_id": "cb750b0289bc490681984e98862f8ddf", "position": {"x": 0.0, "y": 0.0}, "channel": 7}, "attempt": 1}
2026-09-12 14:05:47,388 INFO response {"request_id": "cb750b0289bc490681984e98862f8ddf", "http_status": 200, "body": {"accepted": true, "real_timestamp_ms": 1789193144026, "virtual_time_s": 41, "measure_result": "direction", "svd_deg": 232.6}}
2026-09-12 14:05:47,390 INFO request {"path": "/measure", "payload": {"arena_id": "default", "robot_id": "202601002029", "request_id": "cb154d14abf94e10827bce929fdf94ca", "position": {"x": 0.0, "y": 0.0}, "channel": 8}, "attempt": 1}
2026-09-12 14:05:47,392 INFO response {"request_id": "cb154d14abf94e10827bce929fdf94ca", "http_status": 200, "body": {"accepted": true, "real_timestamp_ms": 1789193144029, "virtual_time_s": 47, "measure_result": "direction", "svd_deg": 99.73}}
2026-09-12 14:05:47,393 INFO request {"path": "/measure", "payload": {"arena_id": "default", "robot_id": "202601002029", "request_id": "64df15e8fde947fda97d29f00eff691b", "position": {"x": 0.0, "y": 0.0}, "channel": 9}, "attempt": 1}
2026-09-12 14:05:47,407 INFO response {"request_id": "64df15e8fde947fda97d29f00eff691b", "http_status": 200, "body": {"accepted": true, "real_timestamp_ms": 1789193144045, "virtual_time_s": 53, "measure_result": "no_signal"}}
2026-09-12 14:05:47,408 INFO request {"path": "/measure", "payload": {"arena_id": "default", "robot_id": "202601002029", "request_id": "df55850603c448bd88e3b85207942253", "position": {"x": 0.0, "y": 0.0}, "channel": 10}, "attempt": 1}
2026-09-12 14:05:47,428 INFO response {"request_id": "df55850603c448bd88e3b85207942253", "http_status": 200, "body": {"accepted": true, "real_timestamp_ms": 1789193144065, "virtual_time_s": 59, "measure_result": "no_signal"}}
2026-09-12 14:05:47,428 INFO request {"path": "/measure", "payload": {"arena_id": "default", "robot_id": "202601002029", "request_id": "35b15ed179f34b6683d8592a5395385a", "position": {"x": 0.0, "y": 0.0}, "channel": 11}, "attempt": 1}
2026-09-12 14:05:47,448 INFO response {"request_id": "35b15ed179f34b6683d8592a5395385a", "http_status": 200, "body": {"accepted": true, "real_timestamp_ms": 1789193144085, "virtual_time_s": 65, "measure_result": "direction", "svd_deg": 207.09}}
2026-09-12 14:05:47,453 INFO request {"path": "/measure", "payload": {"arena_id": "default", "robot_id": "202601002029", "request_id": "9b1bd029bc1941968ba53965fc33bdf2", "position": {"x": 0.0, "y": 0.0}, "channel": 12}, "attempt": 1}
2026-09-12 14:05:47,469 INFO response {"request_id": "9b1bd029bc1941968ba53965fc33bdf2", "http_status": 200, "body": {"accepted": true, "real_timestamp_ms": 1789193144105, "virtual_time_s": 71, "measure_result": "no_signal"}}
2026-09-12 14:05:47,469 INFO request {"path": "/measure", "payload": {"arena_id": "default", "robot_id": "202601002029", "request_id": "c72d1710880046a69ef42f326f6859e5", "position": {"x": 0.0, "y": 0.0}, "channel": 13}, "attempt": 1}
2026-09-12 14:05:47,471 INFO response {"request_id": "c72d1710880046a69ef42f326f6859e5", "http_status": 200, "body": {"accepted": true, "real_timestamp_ms": 1789193144108, "virtual_time_s": 77, "measure_result": "no_signal"}}
2026-09-12 14:05:47,471 INFO request {"path": "/measure", "payload": {"arena_id": "default", "robot_id": "202601002029", "request_id": "228d0b17d3514901ad66490ea3a5c1fc", "position": {"x": 0.0, "y": 0.0}, "channel": 14}, "attempt": 1}
2026-09-12 14:05:47,475 INFO response {"request_id": "228d0b17d3514901ad66490ea3a5c1fc", "http_status": 200, "body": {"accepted": true, "real_timestamp_ms": 1789193144112, "virtual_time_s": 83, "measure_result": "no_signal"}}
2026-09-12 14:05:47,475 INFO request {"path": "/measure", "payload": {"arena_id": "default", "robot_id": "202601002029", "request_id": "a971acf855c544cfb9b3ff85577ad841", "position": {"x": 0.0, "y": 0.0}, "channel": 15}, "attempt": 1}
2026-09-12 14:05:47,497 INFO response {"request_id": "a971acf855c544cfb9b3ff85577ad841", "http_status": 200, "body": {"accepted": true, "real_timestamp_ms": 1789193144134, "virtual_time_s": 89, "measure_result": "no_signal"}}
2026-09-12 14:05:47,497 INFO request {"path": "/measure", "payload": {"arena_id": "default", "robot_id": "202601002029", "request_id": "053bceb5a411472993b81741116f2692", "position": {"x": 0.0, "y": 0.0}, "channel": 16}, "attempt": 1}
2026-09-12 14:05:47,500 INFO response {"request_id": "053bceb5a411472993b81741116f2692", "http_status": 200, "body": {"accepted": true, "real_timestamp_ms": 1789193144137, "virtual_time_s": 95, "measure_result": "no_signal"}}
2026-09-12 14:05:47,501 INFO request {"path": "/measure", "payload": {"arena_id": "default", "robot_id": "202601002029", "request_id": "9e6f11be2e3c45b1a41f2ea24649a2bb", "position": {"x": 0.0, "y": 0.0}, "channel": 17}, "attempt": 1}
2026-09-12 14:05:47,517 INFO response {"request_id": "9e6f11be2e3c45b1a41f2ea24649a2bb", "http_status": 200, "body": {"accepted": true, "real_timestamp_ms": 1789193144154, "virtual_time_s": 101, "measure_result": "no_signal"}}
2026-09-12 14:05:47,517 INFO request {"path": "/measure", "payload": {"arena_id": "default", "robot_id": "202601002029", "request_id": "5126b2fc3584448bb21d942a02a9dce6", "position": {"x": 0.0, "y": 0.0}, "channel": 18}, "attempt": 1}
2026-09-12 14:05:47,537 INFO response {"request_id": "5126b2fc3584448bb21d942a02a9dce6", "http_status": 200, "body": {"accepted": true, "real_timestamp_ms": 1789193144174, "virtual_time_s": 107, "measure_result": "no_signal"}}
2026-09-12 14:05:47,537 INFO request {"path": "/measure", "payload": {"arena_id": "default", "robot_id": "202601002029", "request_id": "8ff54e9273a34ab6af5eee455047351b", "position": {"x": 0.0, "y": 0.0}, "channel": 19}, "attempt": 1}
2026-09-12 14:05:47,556 INFO response {"request_id": "8ff54e9273a34ab6af5eee455047351b", "http_status": 200, "body": {"accepted": true, "real_timestamp_ms": 1789193144193, "virtual_time_s": 113, "measure_result": "no_signal"}}
2026-09-12 14:05:47,556 INFO request {"path": "/measure", "payload": {"arena_id": "default", "robot_id": "202601002029", "request_id": "a695ff1049b44054855c985601245df9", "position": {"x": 0.0, "y": 0.0}, "channel": 20}, "attempt": 1}
2026-09-12 14:05:47,577 INFO response {"request_id": "a695ff1049b44054855c985601245df9", "http_status": 200, "body": {"accepted": true, "real_timestamp_ms": 1789193144214, "virtual_time_s": 119, "measure_result": "no_signal"}}
2026-09-12 14:05:47,577 INFO request {"path": "/measure", "payload": {"arena_id": "default", "robot_id": "202601002029", "request_id": "74ceebad3a6d4ec3ba471f5b8bfb9c2a", "position": {"x": 1200.0, "y": 0.0}, "channel": 20}, "attempt": 1}
2026-09-12 14:05:47,596 INFO response {"request_id": "74ceebad3a6d4ec3ba471f5b8bfb9c2a", "http_status": 200, "body": {"accepted": true, "real_timestamp_ms": 1789193144233, "virtual_time_s": 364, "measure_result": "no_signal"}}
2026-09-12 14:05:47,596 INFO request {"path": "/measure", "payload": {"arena_id": "default", "robot_id": "202601002029", "request_id": "ac4f752848aa4cb08c6431a8e968352f", "position": {"x": 1200.0, "y": 0.0}, "channel": 2}, "attempt": 1}
2026-09-12 14:05:47,615 INFO response {"request_id": "ac4f752848aa4cb08c6431a8e968352f", "http_status": 200, "body": {"accepted": true, "real_timestamp_ms": 1789193144252, "virtual_time_s": 370, "measure_result": "no_signal"}}
2026-09-12 14:05:47,616 INFO request {"path": "/measure", "payload": {"arena_id": "default", "robot_id": "202601002029", "request_id": "ff921dd3af394d42ad6ea3104b80e789", "position": {"x": 1200.0, "y": 0.0}, "channel": 3}, "attempt": 1}
2026-09-12 14:05:47,618 INFO response {"request_id": "ff921dd3af394d42ad6ea3104b80e789", "http_status": 200, "body": {"accepted": true, "real_timestamp_ms": 1789193144255, "virtual_time_s": 376, "measure_result": "no_signal"}}
2026-09-12 14:05:47,618 INFO request {"path": "/measure", "payload": {"arena_id": "default", "robot_id": "202601002029", "request_id": "26f81dfe30b24869bb87d10656dda915", "position": {"x": 1200.0, "y": 0.0}, "channel": 6}, "attempt": 1}
2026-09-12 14:05:47,619 INFO response {"request_id": "26f81dfe30b24869bb87d10656dda915", "http_status": 200, "body": {"accepted": true, "real_timestamp_ms": 1789193144257, "virtual_time_s": 382, "measure_result": "no_signal"}}
2026-09-12 14:05:47,620 INFO request {"path": "/measure", "payload": {"arena_id": "default", "robot_id": "202601002029", "request_id": "a8ef5e730106445e9da6c2e20dd9ee26", "position": {"x": 1200.0, "y": 0.0}, "channel": 9}, "attempt": 1}
2026-09-12 14:05:47,622 INFO response {"request_id": "a8ef5e730106445e9da6c2e20dd9ee26", "http_status": 200, "body": {"accepted": true, "real_timestamp_ms": 1789193144258, "virtual_time_s": 388, "measure_result": "no_signal"}}
2026-09-12 14:05:47,622 INFO request {"path": "/measure", "payload": {"arena_id": "default", "robot_id": "202601002029", "request_id": "136819658f014dd2a47bdb20957f3106", "position": {"x": 1200.0, "y": 0.0}, "channel": 10}, "attempt": 1}
2026-09-12 14:05:47,623 INFO response {"request_id": "136819658f014dd2a47bdb20957f3106", "http_status": 200, "body": {"accepted": true, "real_timestamp_ms": 1789193144261, "virtual_time_s": 394, "measure_result": "no_signal"}}
2026-09-12 14:05:47,624 INFO request {"path": "/measure", "payload": {"arena_id": "default", "robot_id": "202601002029", "request_id": "168072de826a4f8bb8a8ee67147a230d", "position": {"x": 1200.0, "y": 0.0}, "channel": 12}, "attempt": 1}
2026-09-12 14:05:47,625 INFO response {"request_id": "168072de826a4f8bb8a8ee67147a230d", "http_status": 200, "body": {"accepted": true, "real_timestamp_ms": 1789193144262, "virtual_time_s": 400, "measure_result": "no_signal"}}
2026-09-12 14:05:47,625 INFO request {"path": "/measure", "payload": {"arena_id": "default", "robot_id": "202601002029", "request_id": "e8d9ca4576194a229bede1eb13f1f1f9", "position": {"x": 1200.0, "y": 0.0}, "channel": 13}, "attempt": 1}
2026-09-12 14:05:47,626 INFO response {"request_id": "e8d9ca4576194a229bede1eb13f1f1f9", "http_status": 200, "body": {"accepted": true, "real_timestamp_ms": 1789193144264, "virtual_time_s": 406, "measure_result": "direction", "svd_deg": 339.75}}
2026-09-12 14:05:47,630 INFO request {"path": "/measure", "payload": {"arena_id": "default", "robot_id": "202601002029", "request_id": "c7821a377275407f9661e117aa6ea78d", "position": {"x": 1200.0, "y": 0.0}, "channel": 14}, "attempt": 1}
2026-09-12 14:05:47,632 INFO response {"request_id": "c7821a377275407f9661e117aa6ea78d", "http_status": 200, "body": {"accepted": true, "real_timestamp_ms": 1789193144270, "virtual_time_s": 412, "measure_result": "direction", "svd_deg": 263.49}}
2026-09-12 14:05:47,636 INFO request {"path": "/measure", "payload": {"arena_id": "default", "robot_id": "202601002029", "request_id": "3f902d1411bc482a8dab3de2083b785f", "position": {"x": 1200.0, "y": 0.0}, "channel": 15}, "attempt": 1}
2026-09-12 14:05:47,638 INFO response {"request_id": "3f902d1411bc482a8dab3de2083b785f", "http_status": 200, "body": {"accepted": true, "real_timestamp_ms": 1789193144275, "virtual_time_s": 418, "measure_result": "no_signal"}}
2026-09-12 14:05:47,638 INFO request {"path": "/measure", "payload": {"arena_id": "default", "robot_id": "202601002029", "request_id": "feb22584b2114e5986715ace30707908", "position": {"x": 1200.0, "y": 0.0}, "channel": 16}, "attempt": 1}
2026-09-12 14:05:47,640 INFO response {"request_id": "feb22584b2114e5986715ace30707908", "http_status": 200, "body": {"accepted": true, "real_timestamp_ms": 1789193144277, "virtual_time_s": 424, "measure_result": "no_signal"}}
2026-09-12 14:05:47,640 INFO request {"path": "/measure", "payload": {"arena_id": "default", "robot_id": "202601002029", "request_id": "5cd1211c8aca477f8bf0563a6497c2f4", "position": {"x": 1200.0, "y": 0.0}, "channel": 17}, "attempt": 1}
2026-09-12 14:05:47,641 INFO response {"request_id": "5cd1211c8aca477f8bf0563a6497c2f4", "http_status": 200, "body": {"accepted": true, "real_timestamp_ms": 1789193144279, "virtual_time_s": 430, "measure_result": "no_signal"}}
2026-09-12 14:05:47,642 INFO request {"path": "/measure", "payload": {"arena_id": "default", "robot_id": "202601002029", "request_id": "a636e2fcc286493b8b380fd0ec1c7f60", "position": {"x": 1200.0, "y": 0.0}, "channel": 18}, "attempt": 1}
2026-09-12 14:05:47,643 INFO response {"request_id": "a636e2fcc286493b8b380fd0ec1c7f60", "http_status": 200, "body": {"accepted": true, "real_timestamp_ms": 1789193144280, "virtual_time_s": 436, "measure_result": "no_signal"}}
2026-09-12 14:05:47,643 INFO request {"path": "/measure", "payload": {"arena_id": "default", "robot_id": "202601002029", "request_id": "55c6e9d07451445da0a0f1b5b02d1f66", "position": {"x": 1200.0, "y": 0.0}, "channel": 19}, "attempt": 1}
2026-09-12 14:05:47,645 INFO response {"request_id": "55c6e9d07451445da0a0f1b5b02d1f66", "http_status": 200, "body": {"accepted": true, "real_timestamp_ms": 1789193144282, "virtual_time_s": 442, "measure_result": "no_signal"}}
2026-09-12 14:05:47,645 INFO request {"path": "/measure", "payload": {"arena_id": "default", "robot_id": "202601002029", "request_id": "d02a6b7f81694f3db16a827b9aa48569", "position": {"x": 600.0000000000001, "y": 1039.2304845413264}, "channel": 19}, "attempt": 1}
2026-09-12 14:05:47,647 INFO response {"request_id": "d02a6b7f81694f3db16a827b9aa48569", "http_status": 200, "body": {"accepted": true, "real_timestamp_ms": 1789193144284, "virtual_time_s": 687, "measure_result": "no_signal"}}
2026-09-12 14:05:47,648 INFO request {"path": "/measure", "payload": {"arena_id": "default", "robot_id": "202601002029", "request_id": "1414937130ab47efbf229a279ed507ec", "position": {"x": 600.0000000000001, "y": 1039.2304845413264}, "channel": 2}, "attempt": 1}
2026-09-12 14:05:47,649 INFO response {"request_id": "1414937130ab47efbf229a279ed507ec", "http_status": 200, "body": {"accepted": true, "real_timestamp_ms": 1789193144286, "virtual_time_s": 693, "measure_result": "no_signal"}}
2026-09-12 14:05:47,650 INFO request {"path": "/measure", "payload": {"arena_id": "default", "robot_id": "202601002029", "request_id": "ce80f954c94a46eebb07c206f68fcfeb", "position": {"x": 600.0000000000001, "y": 1039.2304845413264}, "channel": 3}, "attempt": 1}
2026-09-12 14:05:47,663 INFO response {"request_id": "ce80f954c94a46eebb07c206f68fcfeb", "http_status": 200, "body": {"accepted": true, "real_timestamp_ms": 1789193144301, "virtual_time_s": 699, "measure_result": "direction", "svd_deg": 137.47}}
2026-09-12 14:05:47,667 INFO request {"path": "/measure", "payload": {"arena_id": "default", "robot_id": "202601002029", "request_id": "8a457b35e8a04857817996c2bc753cb8", "position": {"x": 600.0000000000001, "y": 1039.2304845413264}, "channel": 6}, "attempt": 1}
2026-09-12 14:05:47,683 INFO response {"request_id": "8a457b35e8a04857817996c2bc753cb8", "http_status": 200, "body": {"accepted": true, "real_timestamp_ms": 1789193144321, "virtual_time_s": 705, "measure_result": "no_signal"}}
2026-09-12 14:05:47,683 INFO request {"path": "/measure", "payload": {"arena_id": "default", "robot_id": "202601002029", "request_id": "e8efadb92d1b442c8ecc762205c12af7", "position": {"x": 600.0000000000001, "y": 1039.2304845413264}, "channel": 9}, "attempt": 1}
2026-09-12 14:05:47,685 INFO response {"request_id": "e8efadb92d1b442c8ecc762205c12af7", "http_status": 200, "body": {"accepted": true, "real_timestamp_ms": 1789193144323, "virtual_time_s": 711, "measure_result": "no_signal"}}
2026-09-12 14:05:47,686 INFO request {"path": "/measure", "payload": {"arena_id": "default", "robot_id": "202601002029", "request_id": "7b1d4266e0a64cb9a20a68c0d3c597d9", "position": {"x": 600.0000000000001, "y": 1039.2304845413264}, "channel": 10}, "attempt": 1}
2026-09-12 14:05:47,687 INFO response {"request_id": "7b1d4266e0a64cb9a20a68c0d3c597d9", "http_status": 200, "body": {"accepted": true, "real_timestamp_ms": 1789193144325, "virtual_time_s": 717, "measure_result": "no_signal"}}
2026-09-12 14:05:47,688 INFO request {"path": "/measure", "payload": {"arena_id": "default", "robot_id": "202601002029", "request_id": "e704748544994630877b730130a2cce9", "position": {"x": 600.0000000000001, "y": 1039.2304845413264}, "channel": 12}, "attempt": 1}
2026-09-12 14:05:47,689 INFO response {"request_id": "e704748544994630877b730130a2cce9", "http_status": 200, "body": {"accepted": true, "real_timestamp_ms": 1789193144327, "virtual_time_s": 723, "measure_result": "no_signal"}}
2026-09-12 14:05:47,689 INFO request {"path": "/measure", "payload": {"arena_id": "default", "robot_id": "202601002029", "request_id": "ca163e67a20e44458723eb3d8e6de72a", "position": {"x": 600.0000000000001, "y": 1039.2304845413264}, "channel": 15}, "attempt": 1}
2026-09-12 14:05:47,691 INFO response {"request_id": "ca163e67a20e44458723eb3d8e6de72a", "http_status": 200, "body": {"accepted": true, "real_timestamp_ms": 1789193144329, "virtual_time_s": 729, "measure_result": "no_signal"}}
2026-09-12 14:05:47,691 INFO request {"path": "/measure", "payload": {"arena_id": "default", "robot_id": "202601002029", "request_id": "81f95a202f844edd86699d6b58271900", "position": {"x": 600.0000000000001, "y": 1039.2304845413264}, "channel": 16}, "attempt": 1}
2026-09-12 14:05:47,693 INFO response {"request_id": "81f95a202f844edd86699d6b58271900", "http_status": 200, "body": {"accepted": true, "real_timestamp_ms": 1789193144330, "virtual_time_s": 735, "measure_result": "no_signal"}}
2026-09-12 14:05:47,693 INFO request {"path": "/measure", "payload": {"arena_id": "default", "robot_id": "202601002029", "request_id": "a344953eac324bf5ae7c978dd608c6a1", "position": {"x": 600.0000000000001, "y": 1039.2304845413264}, "channel": 17}, "attempt": 1}
2026-09-12 14:05:47,695 INFO response {"request_id": "a344953eac324bf5ae7c978dd608c6a1", "http_status": 200, "body": {"accepted": true, "real_timestamp_ms": 1789193144332, "virtual_time_s": 741, "measure_result": "no_signal"}}
2026-09-12 14:05:47,696 INFO request {"path": "/measure", "payload": {"arena_id": "default", "robot_id": "202601002029", "request_id": "e2e10799af8640978690b77f3dfd7c12", "position": {"x": 600.0000000000001, "y": 1039.2304845413264}, "channel": 18}, "attempt": 1}
2026-09-12 14:05:47,697 INFO response {"request_id": "e2e10799af8640978690b77f3dfd7c12", "http_status": 200, "body": {"accepted": true, "real_timestamp_ms": 1789193144334, "virtual_time_s": 747, "measure_result": "no_signal"}}
2026-09-12 14:05:47,697 INFO request {"path": "/measure", "payload": {"arena_id": "default", "robot_id": "202601002029", "request_id": "fc35c2e1471c47819375dec76bda6bdc", "position": {"x": 600.0000000000001, "y": 1039.2304845413264}, "channel": 20}, "attempt": 1}
2026-09-12 14:05:47,699 INFO response {"request_id": "fc35c2e1471c47819375dec76bda6bdc", "http_status": 200, "body": {"accepted": true, "real_timestamp_ms": 1789193144336, "virtual_time_s": 753, "measure_result": "no_signal"}}
2026-09-12 14:05:47,716 INFO request {"path": "/measure", "payload": {"arena_id": "default", "robot_id": "202601002029", "request_id": "03c3e26633af4519b5be370052148ab3", "position": {"x": 600.0000000000001, "y": 1039.2304845413264}, "channel": 4}, "attempt": 1}
2026-09-12 14:05:47,717 INFO response {"request_id": "03c3e26633af4519b5be370052148ab3", "http_status": 200, "body": {"accepted": true, "real_timestamp_ms": 1789193144355, "virtual_time_s": 759, "measure_result": "direction", "svd_deg": 213.67}}
2026-09-12 14:05:47,727 INFO request {"path": "/measure", "payload": {"arena_id": "default", "robot_id": "202601002029", "request_id": "d245459189614968980eff984bc1e706", "position": {"x": 600.0000000000001, "y": 1039.2304845413264}, "channel": 8}, "attempt": 1}
2026-09-12 14:05:47,743 INFO response {"request_id": "d245459189614968980eff984bc1e706", "http_status": 200, "body": {"accepted": true, "real_timestamp_ms": 1789193144380, "virtual_time_s": 765, "measure_result": "direction", "svd_deg": 192.69}}
2026-09-12 14:05:47,747 INFO request {"path": "/measure", "payload": {"arena_id": "default", "robot_id": "202601002029", "request_id": "3ec10dbc565d4c04ba281b9fcb8176ef", "position": {"x": -599.9999999999998, "y": 1039.2304845413264}, "channel": 2}, "attempt": 1}
2026-09-12 14:05:47,748 INFO response {"request_id": "3ec10dbc565d4c04ba281b9fcb8176ef", "http_status": 200, "body": {"accepted": true, "real_timestamp_ms": 1789193144385, "virtual_time_s": 1011, "measure_result": "no_signal"}}
2026-09-12 14:05:47,748 INFO request {"path": "/measure", "payload": {"arena_id": "default", "robot_id": "202601002029", "request_id": "c03f379ff4934e8e838a567cb6937148", "position": {"x": -599.9999999999998, "y": 1039.2304845413264}, "channel": 6}, "attempt": 1}
2026-09-12 14:05:47,762 INFO response {"request_id": "c03f379ff4934e8e838a567cb6937148", "http_status": 200, "body": {"accepted": true, "real_timestamp_ms": 1789193144399, "virtual_time_s": 1017, "measure_result": "no_signal"}}
2026-09-12 14:05:47,762 INFO request {"path": "/measure", "payload": {"arena_id": "default", "robot_id": "202601002029", "request_id": "d4eafcb059844a07b5847d7dc335ecc7", "position": {"x": -599.9999999999998, "y": 1039.2304845413264}, "channel": 9}, "attempt": 1}
2026-09-12 14:05:47,782 INFO response {"request_id": "d4eafcb059844a07b5847d7dc335ecc7", "http_status": 200, "body": {"accepted": true, "real_timestamp_ms": 1789193144420, "virtual_time_s": 1023, "measure_result": "no_signal"}}
2026-09-12 14:05:47,783 INFO request {"path": "/measure", "payload": {"arena_id": "default", "robot_id": "202601002029", "request_id": "391b9b0189024cddac367fe389f13346", "position": {"x": -599.9999999999998, "y": 1039.2304845413264}, "channel": 10}, "attempt": 1}
2026-09-12 14:05:47,784 INFO response {"request_id": "391b9b0189024cddac367fe389f13346", "http_status": 200, "body": {"accepted": true, "real_timestamp_ms": 1789193144421, "virtual_time_s": 1029, "measure_result": "no_signal"}}
2026-09-12 14:05:47,784 INFO request {"path": "/measure", "payload": {"arena_id": "default", "robot_id": "202601002029", "request_id": "9899c870d4384741a434b962215a2ec6", "position": {"x": -599.9999999999998, "y": 1039.2304845413264}, "channel": 12}, "attempt": 1}
2026-09-12 14:05:47,786 INFO response {"request_id": "9899c870d4384741a434b962215a2ec6", "http_status": 200, "body": {"accepted": true, "real_timestamp_ms": 1789193144423, "virtual_time_s": 1035, "measure_result": "no_signal"}}
2026-09-12 14:05:47,786 INFO request {"path": "/measure", "payload": {"arena_id": "default", "robot_id": "202601002029", "request_id": "50d502667ffa44d6b7949d1c41c9cb3a", "position": {"x": -599.9999999999998, "y": 1039.2304845413264}, "channel": 15}, "attempt": 1}
2026-09-12 14:05:47,802 INFO response {"request_id": "50d502667ffa44d6b7949d1c41c9cb3a", "http_status": 200, "body": {"accepted": true, "real_timestamp_ms": 1789193144440, "virtual_time_s": 1041, "measure_result": "no_signal"}}
2026-09-12 14:05:47,802 INFO request {"path": "/measure", "payload": {"arena_id": "default", "robot_id": "202601002029", "request_id": "065e9371d21b4556921e71e4e586c2c2", "position": {"x": -599.9999999999998, "y": 1039.2304845413264}, "channel": 16}, "attempt": 1}
2026-09-12 14:05:47,804 INFO response {"request_id": "065e9371d21b4556921e71e4e586c2c2", "http_status": 200, "body": {"accepted": true, "real_timestamp_ms": 1789193144442, "virtual_time_s": 1047, "measure_result": "no_signal"}}
2026-09-12 14:05:47,804 INFO request {"path": "/measure", "payload": {"arena_id": "default", "robot_id": "202601002029", "request_id": "0f4a75fc0f4e4d1b94475dc790d01d01", "position": {"x": -599.9999999999998, "y": 1039.2304845413264}, "channel": 17}, "attempt": 1}
2026-09-12 14:05:47,806 INFO response {"request_id": "0f4a75fc0f4e4d1b94475dc790d01d01", "http_status": 200, "body": {"accepted": true, "real_timestamp_ms": 1789193144444, "virtual_time_s": 1053, "measure_result": "no_signal"}}
2026-09-12 14:05:47,806 INFO request {"path": "/measure", "payload": {"arena_id": "default", "robot_id": "202601002029", "request_id": "74690185310f4196b45a7fa194c04520", "position": {"x": -599.9999999999998, "y": 1039.2304845413264}, "channel": 18}, "attempt": 1}
2026-09-12 14:05:47,822 INFO response {"request_id": "74690185310f4196b45a7fa194c04520", "http_status": 200, "body": {"accepted": true, "real_timestamp_ms": 1789193144459, "virtual_time_s": 1059, "measure_result": "no_signal"}}
2026-09-12 14:05:47,823 INFO request {"path": "/measure", "payload": {"arena_id": "default", "robot_id": "202601002029", "request_id": "97530082b41348d78c7b0e0b8ce18cd6", "position": {"x": -599.9999999999998, "y": 1039.2304845413264}, "channel": 19}, "attempt": 1}
2026-09-12 14:05:47,842 INFO response {"request_id": "97530082b41348d78c7b0e0b8ce18cd6", "http_status": 200, "body": {"accepted": true, "real_timestamp_ms": 1789193144478, "virtual_time_s": 1065, "measure_result": "direction", "svd_deg": 137.1}}
2026-09-12 14:05:47,848 INFO request {"path": "/measure", "payload": {"arena_id": "default", "robot_id": "202601002029", "request_id": "046406d0ba2f491d96d90bfb1bba7af9", "position": {"x": -599.9999999999998, "y": 1039.2304845413264}, "channel": 20}, "attempt": 1}
2026-09-12 14:05:47,850 INFO response {"request_id": "046406d0ba2f491d96d90bfb1bba7af9", "http_status": 200, "body": {"accepted": true, "real_timestamp_ms": 1789193144487, "virtual_time_s": 1071, "measure_result": "no_signal"}}
2026-09-12 14:05:47,922 INFO request {"path": "/measure", "payload": {"arena_id": "default", "robot_id": "202601002029", "request_id": "0ab0136596b3494282fa56e361750641", "position": {"x": -599.9999999999998, "y": 1039.2304845413264}, "channel": 1}, "attempt": 1}
2026-09-12 14:05:47,923 INFO response {"request_id": "0ab0136596b3494282fa56e361750641", "http_status": 200, "body": {"accepted": true, "real_timestamp_ms": 1789193144561, "virtual_time_s": 1077, "measure_result": "direction", "svd_deg": 353.3}}
2026-09-12 14:05:47,965 INFO request {"path": "/measure", "payload": {"arena_id": "default", "robot_id": "202601002029", "request_id": "e481bdd61b5e4b06a42d7db2090f3b47", "position": {"x": -599.9999999999998, "y": 1039.2304845413264}, "channel": 3}, "attempt": 1}
2026-09-12 14:05:47,979 INFO response {"request_id": "e481bdd61b5e4b06a42d7db2090f3b47", "http_status": 200, "body": {"accepted": true, "real_timestamp_ms": 1789193144616, "virtual_time_s": 1083, "measure_result": "direction", "svd_deg": 9.75}}
2026-09-12 14:05:47,981 INFO request {"path": "/measure", "payload": {"arena_id": "default", "robot_id": "202601002029", "request_id": "2bd81f45dcd84803a4c6fa4dd89a0b85", "position": {"x": -1200.0, "y": 1.4695761589768238e-13}, "channel": 2}, "attempt": 1}
2026-09-12 14:05:47,999 INFO response {"request_id": "2bd81f45dcd84803a4c6fa4dd89a0b85", "http_status": 200, "body": {"accepted": true, "real_timestamp_ms": 1789193144636, "virtual_time_s": 1329, "measure_result": "direction", "svd_deg": 7.19}}
2026-09-12 14:05:48,004 INFO request {"path": "/measure", "payload": {"arena_id": "default", "robot_id": "202601002029", "request_id": "3de01b5f1ce34d8e93251d9e71f0f0c8", "position": {"x": -1200.0, "y": 1.4695761589768238e-13}, "channel": 6}, "attempt": 1}
2026-09-12 14:05:48,018 INFO response {"request_id": "3de01b5f1ce34d8e93251d9e71f0f0c8", "http_status": 200, "body": {"accepted": true, "real_timestamp_ms": 1789193144655, "virtual_time_s": 1335, "measure_result": "no_signal"}}
2026-09-12 14:05:48,019 INFO request {"path": "/measure", "payload": {"arena_id": "default", "robot_id": "202601002029", "request_id": "41a8d417e06b4e41901aa9e23e06ad22", "position": {"x": -1200.0, "y": 1.4695761589768238e-13}, "channel": 9}, "attempt": 1}
2026-09-12 14:05:48,020 INFO response {"request_id": "41a8d417e06b4e41901aa9e23e06ad22", "http_status": 200, "body": {"accepted": true, "real_timestamp_ms": 1789193144658, "virtual_time_s": 1341, "measure_result": "no_signal"}}
2026-09-12 14:05:48,020 INFO request {"path": "/measure", "payload": {"arena_id": "default", "robot_id": "202601002029", "request_id": "e8d0b8d4298c4b64930ce95aa7db056e", "position": {"x": -1200.0, "y": 1.4695761589768238e-13}, "channel": 10}, "attempt": 1}
2026-09-12 14:05:48,023 INFO response {"request_id": "e8d0b8d4298c4b64930ce95aa7db056e", "http_status": 200, "body": {"accepted": true, "real_timestamp_ms": 1789193144660, "virtual_time_s": 1347, "measure_result": "no_signal"}}
2026-09-12 14:05:48,023 INFO request {"path": "/measure", "payload": {"arena_id": "default", "robot_id": "202601002029", "request_id": "5b54428f515344f0b70204a4beac694a", "position": {"x": -1200.0, "y": 1.4695761589768238e-13}, "channel": 12}, "attempt": 1}
2026-09-12 14:05:48,038 INFO response {"request_id": "5b54428f515344f0b70204a4beac694a", "http_status": 200, "body": {"accepted": true, "real_timestamp_ms": 1789193144675, "virtual_time_s": 1353, "measure_result": "no_signal"}}
2026-09-12 14:05:48,038 INFO request {"path": "/measure", "payload": {"arena_id": "default", "robot_id": "202601002029", "request_id": "e1825a3cdbd7412d8883bcbaa61e00f7", "position": {"x": -1200.0, "y": 1.4695761589768238e-13}, "channel": 15}, "attempt": 1}
2026-09-12 14:05:48,040 INFO response {"request_id": "e1825a3cdbd7412d8883bcbaa61e00f7", "http_status": 200, "body": {"accepted": true, "real_timestamp_ms": 1789193144677, "virtual_time_s": 1359, "measure_result": "no_signal"}}
2026-09-12 14:05:48,040 INFO request {"path": "/measure", "payload": {"arena_id": "default", "robot_id": "202601002029", "request_id": "3f3ab31f55fe48baa1f4f27f97f79022", "position": {"x": -1200.0, "y": 1.4695761589768238e-13}, "channel": 16}, "attempt": 1}
2026-09-12 14:05:48,042 INFO response {"request_id": "3f3ab31f55fe48baa1f4f27f97f79022", "http_status": 200, "body": {"accepted": true, "real_timestamp_ms": 1789193144680, "virtual_time_s": 1365, "measure_result": "no_signal"}}
2026-09-12 14:05:48,042 INFO request {"path": "/measure", "payload": {"arena_id": "default", "robot_id": "202601002029", "request_id": "752b80b3fa494e2d9fe84238d4d01b11", "position": {"x": -1200.0, "y": 1.4695761589768238e-13}, "channel": 17}, "attempt": 1}
2026-09-12 14:05:48,045 INFO response {"request_id": "752b80b3fa494e2d9fe84238d4d01b11", "http_status": 200, "body": {"accepted": true, "real_timestamp_ms": 1789193144682, "virtual_time_s": 1371, "measure_result": "no_signal"}}
2026-09-12 14:05:48,045 INFO request {"path": "/measure", "payload": {"arena_id": "default", "robot_id": "202601002029", "request_id": "03d303dac48d4a639b6731ef782c6a7d", "position": {"x": -1200.0, "y": 1.4695761589768238e-13}, "channel": 18}, "attempt": 1}
2026-09-12 14:05:48,057 INFO response {"request_id": "03d303dac48d4a639b6731ef782c6a7d", "http_status": 200, "body": {"accepted": true, "real_timestamp_ms": 1789193144694, "virtual_time_s": 1377, "measure_result": "no_signal"}}
2026-09-12 14:05:48,058 INFO request {"path": "/measure", "payload": {"arena_id": "default", "robot_id": "202601002029", "request_id": "d908a0e1af3a476aaa58860bf019f03e", "position": {"x": -1200.0, "y": 1.4695761589768238e-13}, "channel": 20}, "attempt": 1}
2026-09-12 14:05:48,059 INFO response {"request_id": "d908a0e1af3a476aaa58860bf019f03e", "http_status": 200, "body": {"accepted": true, "real_timestamp_ms": 1789193144696, "virtual_time_s": 1383, "measure_result": "no_signal"}}
2026-09-12 14:05:48,093 INFO request {"path": "/measure", "payload": {"arena_id": "default", "robot_id": "202601002029", "request_id": "8d4d54acde1c40849be9ee66477d2e75", "position": {"x": -1200.0, "y": 1.4695761589768238e-13}, "channel": 7}, "attempt": 1}
2026-09-12 14:05:48,108 INFO response {"request_id": "8d4d54acde1c40849be9ee66477d2e75", "http_status": 200, "body": {"accepted": true, "real_timestamp_ms": 1789193144745, "virtual_time_s": 1389, "measure_result": "direction", "svd_deg": 318.05}}
2026-09-12 14:05:48,132 INFO request {"path": "/measure", "payload": {"arena_id": "default", "robot_id": "202601002029", "request_id": "b5152f96ed2440c8b17147cfd6fba2bc", "position": {"x": -1200.0, "y": 1.4695761589768238e-13}, "channel": 11}, "attempt": 1}
2026-09-12 14:05:48,133 INFO response {"request_id": "b5152f96ed2440c8b17147cfd6fba2bc", "http_status": 200, "body": {"accepted": true, "real_timestamp_ms": 1789193144771, "virtual_time_s": 1395, "measure_result": "direction", "svd_deg": 353.03}}
2026-09-12 14:05:48,138 INFO request {"path": "/measure", "payload": {"arena_id": "default", "robot_id": "202601002029", "request_id": "339146ca516c45bfaa78f23a04b5df9c", "position": {"x": -600.0000000000006, "y": -1039.2304845413262}, "channel": 6}, "attempt": 1}
2026-09-12 14:05:48,140 INFO response {"request_id": "339146ca516c45bfaa78f23a04b5df9c", "http_status": 200, "body": {"accepted": true, "real_timestamp_ms": 1789193144778, "virtual_time_s": 1641, "measure_result": "no_signal"}}
2026-09-12 14:05:48,140 INFO request {"path": "/measure", "payload": {"arena_id": "default", "robot_id": "202601002029", "request_id": "f126a63418b746f89553e19cf78cc7e0", "position": {"x": -600.0000000000006, "y": -1039.2304845413262}, "channel": 9}, "attempt": 1}
2026-09-12 14:05:48,142 INFO response {"request_id": "f126a63418b746f89553e19cf78cc7e0", "http_status": 200, "body": {"accepted": true, "real_timestamp_ms": 1789193144779, "virtual_time_s": 1647, "measure_result": "no_signal"}}
2026-09-12 14:05:48,142 INFO request {"path": "/measure", "payload": {"arena_id": "default", "robot_id": "202601002029", "request_id": "6154559f289c4711bb8b6719a322e002", "position": {"x": -600.0000000000006, "y": -1039.2304845413262}, "channel": 10}, "attempt": 1}
2026-09-12 14:05:48,143 INFO response {"request_id": "6154559f289c4711bb8b6719a322e002", "http_status": 200, "body": {"accepted": true, "real_timestamp_ms": 1789193144781, "virtual_time_s": 1653, "measure_result": "no_signal"}}
2026-09-12 14:05:48,143 INFO request {"path": "/measure", "payload": {"arena_id": "default", "robot_id": "202601002029", "request_id": "75c20c53350a4436ba1b4ce9dbd1d5f9", "position": {"x": -600.0000000000006, "y": -1039.2304845413262}, "channel": 12}, "attempt": 1}
2026-09-12 14:05:48,145 INFO response {"request_id": "75c20c53350a4436ba1b4ce9dbd1d5f9", "http_status": 200, "body": {"accepted": true, "real_timestamp_ms": 1789193144782, "virtual_time_s": 1659, "measure_result": "no_signal"}}
2026-09-12 14:05:48,145 INFO request {"path": "/measure", "payload": {"arena_id": "default", "robot_id": "202601002029", "request_id": "19257734a1834aafaf5668c9457fbdb6", "position": {"x": -600.0000000000006, "y": -1039.2304845413262}, "channel": 15}, "attempt": 1}
2026-09-12 14:05:48,146 INFO response {"request_id": "19257734a1834aafaf5668c9457fbdb6", "http_status": 200, "body": {"accepted": true, "real_timestamp_ms": 1789193144783, "virtual_time_s": 1665, "measure_result": "no_signal"}}
2026-09-12 14:05:48,146 INFO request {"path": "/measure", "payload": {"arena_id": "default", "robot_id": "202601002029", "request_id": "637712a6537b4475aaba6518791c58ab", "position": {"x": -600.0000000000006, "y": -1039.2304845413262}, "channel": 16}, "attempt": 1}
2026-09-12 14:05:48,148 INFO response {"request_id": "637712a6537b4475aaba6518791c58ab", "http_status": 200, "body": {"accepted": true, "real_timestamp_ms": 1789193144785, "virtual_time_s": 1671, "measure_result": "no_signal"}}
2026-09-12 14:05:48,148 INFO request {"path": "/measure", "payload": {"arena_id": "default", "robot_id": "202601002029", "request_id": "13bf6e47a9c440728df6ba71b90b4a50", "position": {"x": -600.0000000000006, "y": -1039.2304845413262}, "channel": 17}, "attempt": 1}
2026-09-12 14:05:48,166 INFO response {"request_id": "13bf6e47a9c440728df6ba71b90b4a50", "http_status": 200, "body": {"accepted": true, "real_timestamp_ms": 1789193144804, "virtual_time_s": 1677, "measure_result": "no_signal"}}
2026-09-12 14:05:48,166 INFO request {"path": "/measure", "payload": {"arena_id": "default", "robot_id": "202601002029", "request_id": "df6aa1c4c8cf4aa2b099ce9d5bcede74", "position": {"x": -600.0000000000006, "y": -1039.2304845413262}, "channel": 18}, "attempt": 1}
2026-09-12 14:05:48,168 INFO response {"request_id": "df6aa1c4c8cf4aa2b099ce9d5bcede74", "http_status": 200, "body": {"accepted": true, "real_timestamp_ms": 1789193144805, "virtual_time_s": 1683, "measure_result": "no_signal"}}
2026-09-12 14:05:48,168 INFO request {"path": "/measure", "payload": {"arena_id": "default", "robot_id": "202601002029", "request_id": "8a96fe134af94b849ee68069731a6222", "position": {"x": -600.0000000000006, "y": -1039.2304845413262}, "channel": 20}, "attempt": 1}
2026-09-12 14:05:48,169 INFO response {"request_id": "8a96fe134af94b849ee68069731a6222", "http_status": 200, "body": {"accepted": true, "real_timestamp_ms": 1789193144807, "virtual_time_s": 1689, "measure_result": "no_signal"}}
2026-09-12 14:05:48,202 INFO request {"path": "/measure", "payload": {"arena_id": "default", "robot_id": "202601002029", "request_id": "b9df5f6eaa1447b69df22a12cdb1668b", "position": {"x": -600.0000000000006, "y": -1039.2304845413262}, "channel": 5}, "attempt": 1}
2026-09-12 14:05:48,203 INFO response {"request_id": "b9df5f6eaa1447b69df22a12cdb1668b", "http_status": 200, "body": {"accepted": true, "real_timestamp_ms": 1789193144841, "virtual_time_s": 1695, "measure_result": "direction", "svd_deg": 12.27}}
2026-09-12 14:05:48,229 INFO request {"path": "/measure", "payload": {"arena_id": "default", "robot_id": "202601002029", "request_id": "5db091e85e9a4f8294dc3e3885187b15", "position": {"x": -600.0000000000006, "y": -1039.2304845413262}, "channel": 11}, "attempt": 1}
2026-09-12 14:05:48,232 INFO response {"request_id": "5db091e85e9a4f8294dc3e3885187b15", "http_status": 200, "body": {"accepted": true, "real_timestamp_ms": 1789193144869, "virtual_time_s": 1701, "measure_result": "direction", "svd_deg": 67.96}}
2026-09-12 14:05:48,237 INFO request {"path": "/measure", "payload": {"arena_id": "default", "robot_id": "202601002029", "request_id": "afbb1503567e4af1a43cfe8e43b01f01", "position": {"x": 600.0000000000001, "y": -1039.2304845413264}, "channel": 6}, "attempt": 1}
2026-09-12 14:05:48,238 INFO response {"request_id": "afbb1503567e4af1a43cfe8e43b01f01", "http_status": 200, "body": {"accepted": true, "real_timestamp_ms": 1789193144876, "virtual_time_s": 1947, "measure_result": "no_signal"}}
2026-09-12 14:05:48,238 INFO request {"path": "/measure", "payload": {"arena_id": "default", "robot_id": "202601002029", "request_id": "a1e9f33bb0fa45aaacc9241c42f8db93", "position": {"x": 600.0000000000001, "y": -1039.2304845413264}, "channel": 9}, "attempt": 1}
2026-09-12 14:05:48,255 INFO response {"request_id": "a1e9f33bb0fa45aaacc9241c42f8db93", "http_status": 200, "body": {"accepted": true, "real_timestamp_ms": 1789193144892, "virtual_time_s": 1953, "measure_result": "direction", "svd_deg": 91.84}}
2026-09-12 14:05:48,257 INFO request {"path": "/measure", "payload": {"arena_id": "default", "robot_id": "202601002029", "request_id": "c76f1ce8863341988d70855c3a3fc557", "position": {"x": 600.0000000000001, "y": -1039.2304845413264}, "channel": 10}, "attempt": 1}
2026-09-12 14:05:48,275 INFO response {"request_id": "c76f1ce8863341988d70855c3a3fc557", "http_status": 200, "body": {"accepted": true, "real_timestamp_ms": 1789193144912, "virtual_time_s": 1959, "measure_result": "no_signal"}}
2026-09-12 14:05:48,275 INFO request {"path": "/measure", "payload": {"arena_id": "default", "robot_id": "202601002029", "request_id": "0840eb880a9e462ea4aa1969394d0742", "position": {"x": 600.0000000000001, "y": -1039.2304845413264}, "channel": 12}, "attempt": 1}
2026-09-12 14:05:48,276 INFO response {"request_id": "0840eb880a9e462ea4aa1969394d0742", "http_status": 200, "body": {"accepted": true, "real_timestamp_ms": 1789193144913, "virtual_time_s": 1965, "measure_result": "direction", "svd_deg": 328.87}}
2026-09-12 14:05:48,278 INFO request {"path": "/measure", "payload": {"arena_id": "default", "robot_id": "202601002029", "request_id": "74d9cc87d4584d4fa4f8d1839d5a14f3", "position": {"x": 600.0000000000001, "y": -1039.2304845413264}, "channel": 15}, "attempt": 1}
2026-09-12 14:05:48,279 INFO response {"request_id": "74d9cc87d4584d4fa4f8d1839d5a14f3", "http_status": 200, "body": {"accepted": true, "real_timestamp_ms": 1789193144917, "virtual_time_s": 1971, "measure_result": "no_signal"}}
2026-09-12 14:05:48,279 INFO request {"path": "/measure", "payload": {"arena_id": "default", "robot_id": "202601002029", "request_id": "4f67ad8b05d148cc90cbfde5ad8eb833", "position": {"x": 600.0000000000001, "y": -1039.2304845413264}, "channel": 16}, "attempt": 1}
2026-09-12 14:05:48,294 INFO response {"request_id": "4f67ad8b05d148cc90cbfde5ad8eb833", "http_status": 200, "body": {"accepted": true, "real_timestamp_ms": 1789193144931, "virtual_time_s": 1977, "measure_result": "no_signal"}}
2026-09-12 14:05:48,294 INFO request {"path": "/measure", "payload": {"arena_id": "default", "robot_id": "202601002029", "request_id": "d08ba73bd32a43be974b0e866048158c", "position": {"x": 600.0000000000001, "y": -1039.2304845413264}, "channel": 17}, "attempt": 1}
2026-09-12 14:05:48,315 INFO response {"request_id": "d08ba73bd32a43be974b0e866048158c", "http_status": 200, "body": {"accepted": true, "real_timestamp_ms": 1789193144952, "virtual_time_s": 1983, "measure_result": "no_signal"}}
2026-09-12 14:05:48,315 INFO request {"path": "/measure", "payload": {"arena_id": "default", "robot_id": "202601002029", "request_id": "b08355870be94173826bde325d616823", "position": {"x": 600.0000000000001, "y": -1039.2304845413264}, "channel": 18}, "attempt": 1}
2026-09-12 14:05:48,315 INFO response {"request_id": "b08355870be94173826bde325d616823", "http_status": 200, "body": {"accepted": true, "real_timestamp_ms": 1789193144953, "virtual_time_s": 1989, "measure_result": "no_signal"}}
2026-09-12 14:05:48,316 INFO request {"path": "/measure", "payload": {"arena_id": "default", "robot_id": "202601002029", "request_id": "fd6e35904ddf4fc3824f5ccdd589883d", "position": {"x": 600.0000000000001, "y": -1039.2304845413264}, "channel": 20}, "attempt": 1}
2026-09-12 14:05:48,333 INFO response {"request_id": "fd6e35904ddf4fc3824f5ccdd589883d", "http_status": 200, "body": {"accepted": true, "real_timestamp_ms": 1789193144971, "virtual_time_s": 1995, "measure_result": "no_signal"}}
2026-09-12 14:05:48,350 INFO request {"path": "/measure", "payload": {"arena_id": "default", "robot_id": "202601002029", "request_id": "cf38733d5e20432a84e8da6f8775c283", "position": {"x": 600.0000000000001, "y": -1039.2304845413264}, "channel": 14}, "attempt": 1}
2026-09-12 14:05:48,351 INFO response {"request_id": "cf38733d5e20432a84e8da6f8775c283", "http_status": 200, "body": {"accepted": true, "real_timestamp_ms": 1789193144989, "virtual_time_s": 2001, "measure_result": "direction", "svd_deg": 26.24}}
2026-09-12 14:05:56,625 INFO request {"path": "/measure", "payload": {"arena_id": "default", "robot_id": "202601002029", "request_id": "2b5fc9e913ef46ad89d09ea15f2ce6c9", "position": {"x": 740.6127921643648, "y": -1590.9019720704466}, "channel": 12}, "attempt": 1}
2026-09-12 14:05:56,644 INFO response {"request_id": "2b5fc9e913ef46ad89d09ea15f2ce6c9", "http_status": 200, "body": {"accepted": true, "real_timestamp_ms": 1789193153282, "virtual_time_s": 2120.861914, "measure_result": "direction", "svd_deg": 60.77}}
2026-09-12 14:05:56,652 INFO request {"path": "/clear", "payload": {"arena_id": "default", "robot_id": "202601002029", "request_id": "41df56c1bcc146ca9c92e75f6a222550", "position": {"x": 935.6689456363301, "y": -1242.090985485991}, "channel": 12}, "attempt": 1}
2026-09-12 14:05:56,653 INFO response {"request_id": "41df56c1bcc146ca9c92e75f6a222550", "http_status": 200, "body": {"accepted": true, "real_timestamp_ms": 1789193153290, "virtual_time_s": 2205.790884, "clear_result": "success"}}
2026-09-12 14:05:56,656 INFO request {"path": "/measure", "payload": {"arena_id": "default", "robot_id": "202601002029", "request_id": "2cb584f7ff37461ebf597ea6f1b99325", "position": {"x": 1333.7952378218056, "y": -1119.2886018423565}, "channel": 14}, "attempt": 1}
2026-09-12 14:05:56,661 INFO response {"request_id": "2cb584f7ff37461ebf597ea6f1b99325", "http_status": 200, "body": {"accepted": true, "real_timestamp_ms": 1789193153298, "virtual_time_s": 2295.117943, "measure_result": "direction", "svd_deg": 127.23}}
2026-09-12 14:05:56,670 INFO request {"path": "/clear", "payload": {"arena_id": "default", "robot_id": "202601002029", "request_id": "650e8b1fff804633809d05581e855587", "position": {"x": 1095.7415679333506, "y": -800.3368676844426}, "channel": 14}, "attempt": 1}
2026-09-12 14:05:56,672 INFO response {"request_id": "650e8b1fff804633809d05581e855587", "http_status": 200, "body": {"accepted": true, "real_timestamp_ms": 1789193153309, "virtual_time_s": 2379.716877, "clear_result": "success"}}
2026-09-12 14:05:56,674 INFO request {"path": "/measure", "payload": {"arena_id": "default", "robot_id": "202601002029", "request_id": "e24e67b6e6fc49fcbeae2e1228f31216", "position": {"x": 1508.106220216098, "y": -513.8822594326579}, "channel": 13}, "attempt": 1}
2026-09-12 14:05:56,693 INFO response {"request_id": "e24e67b6e6fc49fcbeae2e1228f31216", "http_status": 200, "body": {"accepted": true, "real_timestamp_ms": 1789193153330, "virtual_time_s": 2486.136168, "measure_result": "direction", "svd_deg": 91.22}}
2026-09-12 14:05:56,702 INFO request {"path": "/clear", "payload": {"arena_id": "default", "robot_id": "202601002029", "request_id": "cbcf1b10a6b34102b1137aafc885e810", "position": {"x": 1499.365463286535, "y": -110.62327129894456}, "channel": 13}, "attempt": 1}
2026-09-12 14:05:56,705 INFO response {"request_id": "cbcf1b10a6b34102b1137aafc885e810", "http_status": 200, "body": {"accepted": true, "real_timestamp_ms": 1789193153343, "virtual_time_s": 2571.806909, "clear_result": "success"}}
2026-09-12 14:05:56,706 INFO request {"path": "/measure", "payload": {"arena_id": "default", "robot_id": "202601002029", "request_id": "9057f01cb0a345688ab0402e94d7abe7", "position": {"x": 973.7735952798531, "y": 278.3931500346135}, "channel": 9}, "attempt": 1}
2026-09-12 14:05:56,708 INFO response {"request_id": "9057f01cb0a345688ab0402e94d7abe7", "http_status": 200, "body": {"accepted": true, "real_timestamp_ms": 1789193153345, "virtual_time_s": 2708.586202, "measure_result": "no_signal"}}
2026-09-12 14:05:57,250 INFO request {"path": "/measure", "payload": {"arena_id": "default", "robot_id": "202601002029", "request_id": "13c39bc9616f475288e34ff0e68e15f1", "position": {"x": 1173.773595279853, "y": 278.3931500346135}, "channel": 9}, "attempt": 1}
2026-09-12 14:05:57,267 INFO response {"request_id": "13c39bc9616f475288e34ff0e68e15f1", "http_status": 200, "body": {"accepted": true, "real_timestamp_ms": 1789193153905, "virtual_time_s": 2753.586202, "measure_result": "no_signal"}}
2026-09-12 14:05:57,763 INFO request {"path": "/measure", "payload": {"arena_id": "default", "robot_id": "202601002029", "request_id": "b309e553007041c294345b3ef0b79138", "position": {"x": 973.7735952798531, "y": 278.3931500346135}, "channel": 9}, "attempt": 1}
2026-09-12 14:05:57,764 INFO response {"request_id": "b309e553007041c294345b3ef0b79138", "http_status": 200, "body": {"accepted": true, "real_timestamp_ms": 1789193154402, "virtual_time_s": 2798.586202, "measure_result": "no_signal"}}
2026-09-12 14:05:58,320 INFO request {"path": "/measure", "payload": {"arena_id": "default", "robot_id": "202601002029", "request_id": "417360e1ae9b40e08168410b60e63129", "position": {"x": 967.9180849824365, "y": 344.1401770459902}, "channel": 9}, "attempt": 1}
2026-09-12 14:05:58,335 INFO response {"request_id": "417360e1ae9b40e08168410b60e63129", "http_status": 200, "body": {"accepted": true, "real_timestamp_ms": 1789193154972, "virtual_time_s": 2816.787654, "measure_result": "no_signal"}}
2026-09-12 14:05:58,978 INFO request {"path": "/measure", "payload": {"arena_id": "default", "robot_id": "202601002029", "request_id": "516dff74fae3416091ea513292f15174", "position": {"x": 973.9284891677971, "y": 275.059076954742}, "channel": 9}, "attempt": 1}
2026-09-12 14:05:58,999 INFO response {"request_id": "516dff74fae3416091ea513292f15174", "http_status": 200, "body": {"accepted": true, "real_timestamp_ms": 1789193155635, "virtual_time_s": 2835.656069, "measure_result": "no_signal"}}
2026-09-12 14:05:59,677 INFO request {"path": "/measure", "payload": {"arena_id": "default", "robot_id": "202601002029", "request_id": "0177b0ad5621445db3a2188d7af5d6d4", "position": {"x": 967.9180849824365, "y": 344.1401770459902}, "channel": 9}, "attempt": 1}
2026-09-12 14:05:59,696 INFO response {"request_id": "0177b0ad5621445db3a2188d7af5d6d4", "http_status": 200, "body": {"accepted": true, "real_timestamp_ms": 1789193156333, "virtual_time_s": 2854.524484, "measure_result": "no_signal"}}
2026-09-12 14:06:00,613 INFO request {"path": "/measure", "payload": {"arena_id": "default", "robot_id": "202601002029", "request_id": "76b2cbd23d794839a4dd0a758e36ed73", "position": {"x": 974.2917494123916, "y": 276.03341523046873}, "channel": 9}, "attempt": 1}
2026-09-12 14:06:00,630 INFO response {"request_id": "76b2cbd23d794839a4dd0a758e36ed73", "http_status": 200, "body": {"accepted": true, "real_timestamp_ms": 1789193157268, "virtual_time_s": 2873.205353, "measure_result": "no_signal"}}
2026-09-12 14:06:01,529 INFO request {"path": "/measure", "payload": {"arena_id": "default", "robot_id": "202601002029", "request_id": "3c5fd5d2f9aa42449b6df47bb69aae80", "position": {"x": 969.7549455485707, "y": 334.7099371278284}, "channel": 9}, "attempt": 1}
2026-09-12 14:06:01,530 INFO response {"request_id": "3c5fd5d2f9aa42449b6df47bb69aae80", "http_status": 200, "body": {"accepted": true, "real_timestamp_ms": 1789193158168, "virtual_time_s": 2889.975683, "measure_result": "no_signal"}}
2026-09-12 14:06:02,566 INFO request {"path": "/measure", "payload": {"arena_id": "default", "robot_id": "202601002029", "request_id": "a2bd763d626b470fab12a65312260156", "position": {"x": 974.2917494123916, "y": 276.03341523046873}, "channel": 9}, "attempt": 1}
2026-09-12 14:06:02,586 INFO response {"request_id": "a2bd763d626b470fab12a65312260156", "http_status": 200, "body": {"accepted": true, "real_timestamp_ms": 1789193159223, "virtual_time_s": 2906.746013, "measure_result": "no_signal"}}
2026-09-12 14:06:04,577 INFO request {"path": "/measure", "payload": {"arena_id": "default", "robot_id": "202601002029", "request_id": "e8c99f403b98408690595d80d56d8d7e", "position": {"x": 970.7938499666814, "y": 328.3696997380754}, "channel": 9}, "attempt": 1}
2026-09-12 14:06:04,578 INFO response {"request_id": "e8c99f403b98408690595d80d56d8d7e", "http_status": 200, "body": {"accepted": true, "real_timestamp_ms": 1789193161216, "virtual_time_s": 2922.236622, "measure_result": "no_signal"}}
2026-09-12 14:06:06,547 INFO request {"path": "/measure", "payload": {"arena_id": "default", "robot_id": "202601002029", "request_id": "ef8ec53857754ac386084b9669b145da", "position": {"x": 974.067194696036, "y": 277.301500261625}, "channel": 9}, "attempt": 1}
2026-09-12 14:06:06,548 INFO response {"request_id": "ef8ec53857754ac386084b9669b145da", "http_status": 200, "body": {"accepted": true, "real_timestamp_ms": 1789193163186, "virtual_time_s": 2937.471222, "measure_result": "no_signal"}}
2026-09-12 14:06:08,496 INFO request {"path": "/measure", "payload": {"arena_id": "default", "robot_id": "202601002029", "request_id": "276d72c2ca4f46b29fcbee3f0facdfa7", "position": {"x": 970.7938499666814, "y": 328.3696997380754}, "channel": 9}, "attempt": 1}
2026-09-12 14:06:08,497 INFO response {"request_id": "276d72c2ca4f46b29fcbee3f0facdfa7", "http_status": 200, "body": {"accepted": true, "real_timestamp_ms": 1789193165135, "virtual_time_s": 2952.705822, "measure_result": "no_signal"}}
2026-09-12 14:06:08,498 INFO request {"path": "/measure", "payload": {"arena_id": "default", "robot_id": "202601002029", "request_id": "9f1d15657e384ea6b779fb880ea89cf1", "position": {"x": 615.1746715835275, "y": 647.2851162145782}, "channel": 1}, "attempt": 1}
2026-09-12 14:06:08,499 INFO response {"request_id": "9f1d15657e384ea6b779fb880ea89cf1", "http_status": 200, "body": {"accepted": true, "real_timestamp_ms": 1789193165137, "virtual_time_s": 3054.240537, "measure_result": "direction", "svd_deg": 135.41}}
2026-09-12 14:06:09,031 INFO request {"path": "/measure", "payload": {"arena_id": "default", "robot_id": "202601002029", "request_id": "7cf0e0165e4f499e9bfcaefff6dde76f", "position": {"x": 492.99187387338327, "y": 496.6949736702516}, "channel": 4}, "attempt": 1}
2026-09-12 14:06:09,050 INFO response {"request_id": "7cf0e0165e4f499e9bfcaefff6dde76f", "http_status": 200, "body": {"accepted": true, "real_timestamp_ms": 1789193165688, "virtual_time_s": 3099.025084, "measure_result": "direction", "svd_deg": 137.91}}
2026-09-12 14:06:09,056 INFO request {"path": "/measure", "payload": {"arena_id": "default", "robot_id": "202601002029", "request_id": "f9ec3b02b3e34741ad941bfb9204a098", "position": {"x": -203.93767894499155, "y": -552.8776453695153}, "channel": 5}, "attempt": 1}
2026-09-12 14:06:09,058 INFO response {"request_id": "f9ec3b02b3e34741ad941bfb9204a098", "http_status": 200, "body": {"accepted": true, "real_timestamp_ms": 1789193165695, "virtual_time_s": 3357.002344, "measure_result": "direction", "svd_deg": 270.6}}
2026-09-12 14:06:09,065 INFO request {"path": "/clear", "payload": {"arena_id": "default", "robot_id": "202601002029", "request_id": "8a1a7cde21084e56ba7e3af7f32c787b", "position": {"x": -199.9097927661623, "y": -952.062661791402}, "channel": 5}, "attempt": 1}
2026-09-12 14:06:09,066 INFO response {"request_id": "8a1a7cde21084e56ba7e3af7f32c787b", "http_status": 200, "body": {"accepted": true, "real_timestamp_ms": 1789193165703, "virtual_time_s": 3441.843411, "clear_result": "success"}}
2026-09-12 14:06:09,066 INFO request {"path": "/measure", "payload": {"arena_id": "default", "robot_id": "202601002029", "request_id": "14eb1a8579ea456894a9b06c6404cc10", "position": {"x": -265.1923514041954, "y": -972.6216132921252}, "channel": 7}, "attempt": 1}
2026-09-12 14:06:09,067 INFO response {"request_id": "14eb1a8579ea456894a9b06c6404cc10", "http_status": 200, "body": {"accepted": true, "real_timestamp_ms": 1789193165705, "virtual_time_s": 3461.532068, "measure_result": "direction", "svd_deg": 125.54}}
2026-09-12 14:06:09,070 INFO request {"path": "/clear", "payload": {"arena_id": "default", "robot_id": "202601002029", "request_id": "6cae578596e4400d866d315e085c97b6", "position": {"x": -494.3112332165557, "y": -646.7860019795924}, "channel": 7}, "attempt": 1}
2026-09-12 14:06:09,072 INFO response {"request_id": "6cae578596e4400d866d315e085c97b6", "http_status": 200, "body": {"accepted": true, "real_timestamp_ms": 1789193165710, "virtual_time_s": 3546.197445, "clear_result": "success"}}
2026-09-12 14:06:09,072 INFO request {"path": "/measure", "payload": {"arena_id": "default", "robot_id": "202601002029", "request_id": "e2fdc8ee68574cb38075d3c2c82846cd", "position": {"x": -7.142537141907951, "y": -450.74903097100736}, "channel": 11}, "attempt": 1}
2026-09-12 14:06:09,074 INFO response {"request_id": "e2fdc8ee68574cb38075d3c2c82846cd", "http_status": 200, "body": {"accepted": true, "real_timestamp_ms": 1789193165711, "virtual_time_s": 3657.223886, "measure_result": "direction", "svd_deg": 124.54}}
2026-09-12 14:06:09,082 INFO request {"path": "/measure", "payload": {"arena_id": "default", "robot_id": "202601002029", "request_id": "4d012853e6e74c708d454c7a29c9f7d2", "position": {"x": 239.37994938633676, "y": -439.5982432698376}, "channel": 2}, "attempt": 1}
2026-09-12 14:06:09,084 INFO response {"request_id": "4d012853e6e74c708d454c7a29c9f7d2", "http_status": 200, "body": {"accepted": true, "real_timestamp_ms": 1789193165721, "virtual_time_s": 3712.578795, "measure_result": "no_signal"}}
2026-09-12 14:06:09,622 INFO request {"path": "/clear", "payload": {"arena_id": "default", "robot_id": "202601002029", "request_id": "0ef922f76c364882a9bc4aaf00d0e4a5", "position": {"x": -234.91216711889714, "y": -120.0084916276772}, "channel": 11}, "attempt": 1}
2026-09-12 14:06:09,623 INFO response {"request_id": "0ef922f76c364882a9bc4aaf00d0e4a5", "http_status": 200, "body": {"accepted": true, "real_timestamp_ms": 1789193166261, "virtual_time_s": 3831.962469, "clear_result": "success"}}
2026-09-12 14:06:09,624 INFO request {"path": "/measure", "payload": {"arena_id": "default", "robot_id": "202601002029", "request_id": "3ad6b93ac6f644b997ca8d640292e12c", "position": {"x": -147.67876170942463, "y": 471.1484695888429}, "channel": 8}, "attempt": 1}
2026-09-12 14:06:09,625 INFO response {"request_id": "3ad6b93ac6f644b997ca8d640292e12c", "http_status": 200, "body": {"accepted": true, "real_timestamp_ms": 1789193166263, "virtual_time_s": 3957.474179, "measure_result": "direction", "svd_deg": 90.58}}
2026-09-12 14:06:09,628 INFO request {"path": "/measure", "payload": {"arena_id": "default", "robot_id": "202601002029", "request_id": "0202de5ceefc4555b003cb966b8f4000", "position": {"x": 44.28962737020852, "y": 541.1870371333928}, "channel": 2}, "attempt": 1}
2026-09-12 14:06:09,639 INFO response {"request_id": "0202de5ceefc4555b003cb966b8f4000", "http_status": 200, "body": {"accepted": true, "real_timestamp_ms": 1789193166277, "virtual_time_s": 4004.343367, "measure_result": "no_signal"}}
2026-09-12 14:06:10,225 INFO request {"path": "/measure", "payload": {"arena_id": "default", "robot_id": "202601002029", "request_id": "6e1ffbc0e4b241e2abdbb058c4381905", "position": {"x": 122.32575617665982, "y": 548.8729249721007}, "channel": 2}, "attempt": 1}
2026-09-12 14:06:10,243 INFO response {"request_id": "6e1ffbc0e4b241e2abdbb058c4381905", "http_status": 200, "body": {"accepted": true, "real_timestamp_ms": 1789193166880, "virtual_time_s": 4025.026109, "measure_result": "no_signal"}}
2026-09-12 14:06:10,891 INFO request {"path": "/measure", "payload": {"arena_id": "default", "robot_id": "202601002029", "request_id": "8ed3f79f32e84c688aff14607a07f2e0", "position": {"x": 47.439350427118484, "y": 645.4718951273701}, "channel": 1}, "attempt": 1}
2026-09-12 14:06:10,892 INFO response {"request_id": "8ed3f79f32e84c688aff14607a07f2e0", "http_status": 200, "body": {"accepted": true, "real_timestamp_ms": 1789193167530, "virtual_time_s": 4055.471423, "measure_result": "direction", "svd_deg": 43.82}}
2026-09-12 14:06:10,897 INFO request {"path": "/clear", "payload": {"arena_id": "default", "robot_id": "202601002029", "request_id": "7fafd472356b40948566949fe9456f72", "position": {"x": 195.35778135445867, "y": 767.5838151487507}, "channel": 4}, "attempt": 1}
2026-09-12 14:06:10,898 INFO response {"request_id": "7fafd472356b40948566949fe9456f72", "http_status": 200, "body": {"accepted": true, "real_timestamp_ms": 1789193167535, "virtual_time_s": 4098.833479, "clear_result": "success"}}
2026-09-12 14:06:10,898 INFO request {"path": "/clear", "payload": {"arena_id": "default", "robot_id": "202601002029", "request_id": "4b2fd998a36b416c8bc56c3bb8e7f2f8", "position": {"x": 335.9497602451262, "y": 922.4405698902212}, "channel": 1}, "attempt": 1}
2026-09-12 14:06:10,899 INFO response {"request_id": "4b2fd998a36b416c8bc56c3bb8e7f2f8", "http_status": 200, "body": {"accepted": true, "real_timestamp_ms": 1789193167536, "virtual_time_s": 4145.664912, "clear_result": "success"}}
2026-09-12 14:06:10,899 INFO request {"path": "/measure", "payload": {"arena_id": "default", "robot_id": "202601002029", "request_id": "d4823453b49c49f0bff082a15f83f546", "position": {"x": 188.84590699733502, "y": 880.5212616365652}, "channel": 3}, "attempt": 1}
2026-09-12 14:06:10,917 INFO response {"request_id": "d4823453b49c49f0bff082a15f83f546", "http_status": 200, "body": {"accepted": true, "real_timestamp_ms": 1789193167554, "virtual_time_s": 4182.256919, "measure_result": "direction", "svd_deg": 56.25}}
2026-09-12 14:06:10,926 INFO request {"path": "/measure", "payload": {"arena_id": "default", "robot_id": "202601002029", "request_id": "dacf4e24294549c89c3511d18c3cc48c", "position": {"x": -61.07811621382743, "y": 724.686894973603}, "channel": 2}, "attempt": 1}
2026-09-12 14:06:10,947 INFO response {"request_id": "dacf4e24294549c89c3511d18c3cc48c", "http_status": 200, "body": {"accepted": true, "real_timestamp_ms": 1789193167585, "virtual_time_s": 4247.162391, "measure_result": "no_signal"}}
2026-09-12 14:06:11,584 INFO request {"path": "/clear", "payload": {"arena_id": "default", "robot_id": "202601002029", "request_id": "d52f4e076aae4fd1a0bad8603cdc5f3c", "position": {"x": -151.44873277512005, "y": 869.8430335060889}, "channel": 8}, "attempt": 1}
2026-09-12 14:06:11,586 INFO response {"request_id": "d52f4e076aae4fd1a0bad8603cdc5f3c", "http_status": 200, "body": {"accepted": true, "real_timestamp_ms": 1789193168223, "virtual_time_s": 4286.360141, "clear_result": "success"}}
2026-09-12 14:06:11,586 INFO request {"path": "/measure", "payload": {"arena_id": "default", "robot_id": "202601002029", "request_id": "663a14160c714eaabafffb41bd534deb", "position": {"x": -61.07811621382743, "y": 724.686894973603}, "channel": 2}, "attempt": 1}
2026-09-12 14:06:11,602 INFO response {"request_id": "663a14160c714eaabafffb41bd534deb", "http_status": 200, "body": {"accepted": true, "real_timestamp_ms": 1789193168239, "virtual_time_s": 4325.557891, "measure_result": "no_signal"}}
2026-09-12 14:06:12,147 INFO request {"path": "/measure", "payload": {"arena_id": "default", "robot_id": "202601002029", "request_id": "3929ef6926b84a56bcdeafa43ecd35a5", "position": {"x": -189.2633988770981, "y": 892.5892347525006}, "channel": 2}, "attempt": 1}
2026-09-12 14:06:12,166 INFO response {"request_id": "3929ef6926b84a56bcdeafa43ecd35a5", "http_status": 200, "body": {"accepted": true, "real_timestamp_ms": 1789193168803, "virtual_time_s": 4372.806045, "measure_result": "no_signal"}}
2026-09-12 14:06:13,041 INFO request {"path": "/measure", "payload": {"arena_id": "default", "robot_id": "202601002029", "request_id": "de66c385307740bca144685fe3b91bfb", "position": {"x": -283.2153304884016, "y": 624.7652124326644}, "channel": 2}, "attempt": 1}
2026-09-12 14:06:13,056 INFO response {"request_id": "de66c385307740bca144685fe3b91bfb", "http_status": 200, "body": {"accepted": true, "real_timestamp_ms": 1789193169694, "virtual_time_s": 4434.57106, "measure_result": "no_signal"}}
2026-09-12 14:06:14,017 INFO request {"path": "/measure", "payload": {"arena_id": "default", "robot_id": "202601002029", "request_id": "b69eb60206a1416ca01e2e5a61c33f63", "position": {"x": -147.49688707932228, "y": 475.9072763320527}, "channel": 2}, "attempt": 1}
2026-09-12 14:06:14,028 INFO response {"request_id": "b69eb60206a1416ca01e2e5a61c33f63", "http_status": 200, "body": {"accepted": true, "real_timestamp_ms": 1789193170665, "virtual_time_s": 4479.859113, "measure_result": "no_signal"}}
2026-09-12 14:06:14,979 INFO request {"path": "/measure", "payload": {"arena_id": "default", "robot_id": "202601002029", "request_id": "ee766c8289fe451dbcf5ed7f5dccde91", "position": {"x": -283.2153304884016, "y": 624.7652124326644}, "channel": 2}, "attempt": 1}
2026-09-12 14:06:14,980 INFO response {"request_id": "ee766c8289fe451dbcf5ed7f5dccde91", "http_status": 200, "body": {"accepted": true, "real_timestamp_ms": 1789193171618, "virtual_time_s": 4525.147166, "measure_result": "no_signal"}}
2026-09-12 14:06:17,082 INFO request {"path": "/measure", "payload": {"arena_id": "default", "robot_id": "202601002029", "request_id": "1db76f0acf5441d7baab8fd63cfc2fcd", "position": {"x": -344.4512993529544, "y": 568.9593798911949}, "channel": 2}, "attempt": 1}
2026-09-12 14:06:17,095 INFO response {"request_id": "1db76f0acf5441d7baab8fd63cfc2fcd", "http_status": 200, "body": {"accepted": true, "real_timestamp_ms": 1789193173732, "virtual_time_s": 4546.717181, "measure_result": "direction", "svd_deg": 215.18}}
2026-09-12 14:06:19,818 INFO request {"path": "/measure", "payload": {"arena_id": "default", "robot_id": "202601002029", "request_id": "538830848a0a4078ad01cfb2c7fe7b8f", "position": {"x": -1065.0184400393493, "y": 400.12591030367116}, "channel": 2}, "attempt": 1}
2026-09-12 14:06:19,838 INFO response {"request_id": "538830848a0a4078ad01cfb2c7fe7b8f", "http_status": 200, "body": {"accepted": true, "real_timestamp_ms": 1789193176475, "virtual_time_s": 4699.733632, "measure_result": "direction", "svd_deg": 260.76}}
2026-09-12 14:06:19,842 INFO request {"path": "/clear", "payload": {"arena_id": "default", "robot_id": "202601002029", "request_id": "bd239f1a42804a2688331ecccbbd85f9", "position": {"x": -1128.6853427251683, "y": 9.129835088876185}, "channel": 2}, "attempt": 1}
2026-09-12 14:06:19,857 INFO response {"request_id": "bd239f1a42804a2688331ecccbbd85f9", "http_status": 200, "body": {"accepted": true, "real_timestamp_ms": 1789193176494, "virtual_time_s": 4783.962769, "clear_result": "success"}}
2026-09-12 14:06:19,857 INFO request {"path": "/measure", "payload": {"arena_id": "default", "robot_id": "202601002029", "request_id": "be5142b571f34bc09721f8542e55f558", "position": {"x": -1205.9676104038213, "y": 1071.715309416203}, "channel": 19}, "attempt": 1}
2026-09-12 14:06:19,876 INFO response {"request_id": "be5142b571f34bc09721f8542e55f558", "http_status": 200, "body": {"accepted": true, "real_timestamp_ms": 1789193176514, "virtual_time_s": 5003.0412, "measure_result": "direction", "svd_deg": 50.4}}
2026-09-12 14:06:19,882 INFO request {"path": "/clear", "payload": {"arena_id": "default", "robot_id": "202601002029", "request_id": "d060f62c896c45b1a8db66b3a6922bd9", "position": {"x": -957.82354303288, "y": 1371.9146189890682}, "channel": 19}, "attempt": 1}
2026-09-12 14:06:19,896 INFO response {"request_id": "d060f62c896c45b1a8db66b3a6922bd9", "http_status": 200, "body": {"accepted": true, "real_timestamp_ms": 1789193176533, "virtual_time_s": 5085.937311, "clear_result": "success"}}
2026-09-12 14:06:19,896 INFO request {"path": "/clear", "payload": {"arena_id": "default", "robot_id": "202601002029", "request_id": "737ea9cf440046ec8d6639b7133d2abd", "position": {"x": 410.8376550684293, "y": 1212.931758315016}, "channel": 3}, "attempt": 1}
2026-09-12 14:06:19,898 INFO response {"request_id": "737ea9cf440046ec8d6639b7133d2abd", "http_status": 200, "body": {"accepted": true, "real_timestamp_ms": 1789193176535, "virtual_time_s": 5366.510098, "clear_result": "success"}}
2026-09-12 14:06:19,898 INFO request {"path": "/exit", "payload": {"arena_id": "default", "robot_id": "202601002029", "request_id": "589211d723004ba7bd63fa4b50738f44"}, "attempt": 1}
2026-09-12 14:06:19,900 INFO response {"request_id": "589211d723004ba7bd63fa4b50738f44", "http_status": 200, "body": {"accepted": true, "real_timestamp_ms": 1789193176537, "virtual_time_s": 5366.510098, "exit_reason": "user_exit"}}
