2026-09-12 16:46:20,002 INFO request {"path": "/enter", "payload": {"arena_id": "default", "robot_id": "202601002029", "request_id": "6c6a293669174f218516a452a1199632"}, "attempt": 1}
2026-09-12 16:46:20,006 INFO response {"request_id": "6c6a293669174f218516a452a1199632", "http_status": 200, "body": {"accepted": true, "real_timestamp_ms": 1789202776728, "virtual_time_s": 0, "max_virtual_duration_s": 360000, "max_real_duration_s": 1200, "remaining_real_duration_s": 1200}}
2026-09-12 16:46:20,006 INFO request {"path": "/measure", "payload": {"arena_id": "default", "robot_id": "202601002029", "request_id": "8632cfd6c1704e229753a9be2b143e01", "position": {"x": 0.0, "y": 0.0}, "channel": 1}, "attempt": 1}
2026-09-12 16:46:20,024 INFO response {"request_id": "8632cfd6c1704e229753a9be2b143e01", "http_status": 200, "body": {"accepted": true, "real_timestamp_ms": 1789202776747, "virtual_time_s": 5, "measure_result": "no_signal"}}
2026-09-12 16:46:20,026 INFO request {"path": "/measure", "payload": {"arena_id": "default", "robot_id": "202601002029", "request_id": "86377417d11a4e4cb503c9ab3534e4f9", "position": {"x": 0.0, "y": 0.0}, "channel": 2}, "attempt": 1}
2026-09-12 16:46:20,027 INFO response {"request_id": "86377417d11a4e4cb503c9ab3534e4f9", "http_status": 200, "body": {"accepted": true, "real_timestamp_ms": 1789202776750, "virtual_time_s": 11, "measure_result": "direction", "svd_deg": 210.98}}
2026-09-12 16:46:20,033 INFO request {"path": "/measure", "payload": {"arena_id": "default", "robot_id": "202601002029", "request_id": "8c43ec0430814a5f94d02aa2d4cce375", "position": {"x": 0.0, "y": 0.0}, "channel": 3}, "attempt": 1}
2026-09-12 16:46:20,034 INFO response {"request_id": "8c43ec0430814a5f94d02aa2d4cce375", "http_status": 200, "body": {"accepted": true, "real_timestamp_ms": 1789202776756, "virtual_time_s": 17, "measure_result": "no_signal"}}
2026-09-12 16:46:20,034 INFO request {"path": "/measure", "payload": {"arena_id": "default", "robot_id": "202601002029", "request_id": "b82bcfecff9c4fedb61d8c113c2e563e", "position": {"x": 0.0, "y": 0.0}, "channel": 4}, "attempt": 1}
2026-09-12 16:46:20,036 INFO response {"request_id": "b82bcfecff9c4fedb61d8c113c2e563e", "http_status": 200, "body": {"accepted": true, "real_timestamp_ms": 1789202776758, "virtual_time_s": 23, "measure_result": "direction", "svd_deg": 246.73}}
2026-09-12 16:46:20,040 INFO request {"path": "/measure", "payload": {"arena_id": "default", "robot_id": "202601002029", "request_id": "6eb0f34ccfed4745ba82d9cbb28dba9c", "position": {"x": 0.0, "y": 0.0}, "channel": 5}, "attempt": 1}
2026-09-12 16:46:20,054 INFO response {"request_id": "6eb0f34ccfed4745ba82d9cbb28dba9c", "http_status": 200, "body": {"accepted": true, "real_timestamp_ms": 1789202776776, "virtual_time_s": 29, "measure_result": "no_signal"}}
2026-09-12 16:46:20,055 INFO request {"path": "/measure", "payload": {"arena_id": "default", "robot_id": "202601002029", "request_id": "4e96ea7f3aa748b19a05e67d9ffd6a7f", "position": {"x": 0.0, "y": 0.0}, "channel": 6}, "attempt": 1}
2026-09-12 16:46:20,057 INFO response {"request_id": "4e96ea7f3aa748b19a05e67d9ffd6a7f", "http_status": 200, "body": {"accepted": true, "real_timestamp_ms": 1789202776778, "virtual_time_s": 35, "measure_result": "no_signal"}}
2026-09-12 16:46:20,058 INFO request {"path": "/measure", "payload": {"arena_id": "default", "robot_id": "202601002029", "request_id": "011fc2d805fd4047bf4cf04bb742f158", "position": {"x": 0.0, "y": 0.0}, "channel": 7}, "attempt": 1}
2026-09-12 16:46:20,075 INFO response {"request_id": "011fc2d805fd4047bf4cf04bb742f158", "http_status": 200, "body": {"accepted": true, "real_timestamp_ms": 1789202776796, "virtual_time_s": 41, "measure_result": "no_signal"}}
2026-09-12 16:46:20,075 INFO request {"path": "/measure", "payload": {"arena_id": "default", "robot_id": "202601002029", "request_id": "02e5c6719bd44d3d9e183c890e12a9f4", "position": {"x": 0.0, "y": 0.0}, "channel": 8}, "attempt": 1}
2026-09-12 16:46:20,094 INFO response {"request_id": "02e5c6719bd44d3d9e183c890e12a9f4", "http_status": 200, "body": {"accepted": true, "real_timestamp_ms": 1789202776815, "virtual_time_s": 47, "measure_result": "direction", "svd_deg": 69.56}}
2026-09-12 16:46:20,100 INFO request {"path": "/measure", "payload": {"arena_id": "default", "robot_id": "202601002029", "request_id": "c91d92fdf0ef435dab5fd189c2b42036", "position": {"x": 0.0, "y": 0.0}, "channel": 9}, "attempt": 1}
2026-09-12 16:46:20,111 INFO response {"request_id": "c91d92fdf0ef435dab5fd189c2b42036", "http_status": 200, "body": {"accepted": true, "real_timestamp_ms": 1789202776833, "virtual_time_s": 53, "measure_result": "no_signal"}}
2026-09-12 16:46:20,112 INFO request {"path": "/measure", "payload": {"arena_id": "default", "robot_id": "202601002029", "request_id": "9703f628f52d450bac7ead19f04a8396", "position": {"x": 0.0, "y": 0.0}, "channel": 10}, "attempt": 1}
2026-09-12 16:46:20,131 INFO response {"request_id": "9703f628f52d450bac7ead19f04a8396", "http_status": 200, "body": {"accepted": true, "real_timestamp_ms": 1789202776853, "virtual_time_s": 59, "measure_result": "no_signal"}}
2026-09-12 16:46:20,131 INFO request {"path": "/measure", "payload": {"arena_id": "default", "robot_id": "202601002029", "request_id": "e5729af586094d22aface5d2877078f4", "position": {"x": 0.0, "y": 0.0}, "channel": 11}, "attempt": 1}
2026-09-12 16:46:20,151 INFO response {"request_id": "e5729af586094d22aface5d2877078f4", "http_status": 200, "body": {"accepted": true, "real_timestamp_ms": 1789202776873, "virtual_time_s": 65, "measure_result": "no_signal"}}
2026-09-12 16:46:20,151 INFO request {"path": "/measure", "payload": {"arena_id": "default", "robot_id": "202601002029", "request_id": "375c009dfdbf45f490255f6b249a730d", "position": {"x": 0.0, "y": 0.0}, "channel": 12}, "attempt": 1}
2026-09-12 16:46:20,153 INFO response {"request_id": "375c009dfdbf45f490255f6b249a730d", "http_status": 200, "body": {"accepted": true, "real_timestamp_ms": 1789202776874, "virtual_time_s": 71, "measure_result": "direction", "svd_deg": 50.64}}
2026-09-12 16:46:20,156 INFO request {"path": "/measure", "payload": {"arena_id": "default", "robot_id": "202601002029", "request_id": "2e8901dac1f34e4598ed6795356c8b96", "position": {"x": 0.0, "y": 0.0}, "channel": 13}, "attempt": 1}
2026-09-12 16:46:20,171 INFO response {"request_id": "2e8901dac1f34e4598ed6795356c8b96", "http_status": 200, "body": {"accepted": true, "real_timestamp_ms": 1789202776893, "virtual_time_s": 77, "measure_result": "no_signal"}}
2026-09-12 16:46:20,171 INFO request {"path": "/measure", "payload": {"arena_id": "default", "robot_id": "202601002029", "request_id": "30edd3342584400cb1f6115260246980", "position": {"x": 0.0, "y": 0.0}, "channel": 14}, "attempt": 1}
2026-09-12 16:46:20,190 INFO response {"request_id": "30edd3342584400cb1f6115260246980", "http_status": 200, "body": {"accepted": true, "real_timestamp_ms": 1789202776912, "virtual_time_s": 83, "measure_result": "no_signal"}}
2026-09-12 16:46:20,190 INFO request {"path": "/measure", "payload": {"arena_id": "default", "robot_id": "202601002029", "request_id": "f226d5c7e65248bca49df193c690ac7a", "position": {"x": 0.0, "y": 0.0}, "channel": 15}, "attempt": 1}
2026-09-12 16:46:20,191 INFO response {"request_id": "f226d5c7e65248bca49df193c690ac7a", "http_status": 200, "body": {"accepted": true, "real_timestamp_ms": 1789202776913, "virtual_time_s": 89, "measure_result": "no_signal"}}
2026-09-12 16:46:20,191 INFO request {"path": "/measure", "payload": {"arena_id": "default", "robot_id": "202601002029", "request_id": "9b707d2ad7dd47389eda99915ae00de2", "position": {"x": 0.0, "y": 0.0}, "channel": 16}, "attempt": 1}
2026-09-12 16:46:20,192 INFO response {"request_id": "9b707d2ad7dd47389eda99915ae00de2", "http_status": 200, "body": {"accepted": true, "real_timestamp_ms": 1789202776914, "virtual_time_s": 95, "measure_result": "no_signal"}}
2026-09-12 16:46:20,192 INFO request {"path": "/measure", "payload": {"arena_id": "default", "robot_id": "202601002029", "request_id": "caf03f6798ea42f39ef087ba69baeb47", "position": {"x": 0.0, "y": 0.0}, "channel": 17}, "attempt": 1}
2026-09-12 16:46:20,212 INFO response {"request_id": "caf03f6798ea42f39ef087ba69baeb47", "http_status": 200, "body": {"accepted": true, "real_timestamp_ms": 1789202776933, "virtual_time_s": 101, "measure_result": "no_signal"}}
2026-09-12 16:46:20,212 INFO request {"path": "/measure", "payload": {"arena_id": "default", "robot_id": "202601002029", "request_id": "a685ba63f6e34593a180f6bcf66f7ce4", "position": {"x": 0.0, "y": 0.0}, "channel": 18}, "attempt": 1}
2026-09-12 16:46:20,215 INFO response {"request_id": "a685ba63f6e34593a180f6bcf66f7ce4", "http_status": 200, "body": {"accepted": true, "real_timestamp_ms": 1789202776937, "virtual_time_s": 107, "measure_result": "direction", "svd_deg": 182.22}}
2026-09-12 16:46:20,218 INFO request {"path": "/measure", "payload": {"arena_id": "default", "robot_id": "202601002029", "request_id": "0867bf70a3844856843bc9fb1d61d5a1", "position": {"x": 0.0, "y": 0.0}, "channel": 19}, "attempt": 1}
2026-09-12 16:46:20,230 INFO response {"request_id": "0867bf70a3844856843bc9fb1d61d5a1", "http_status": 200, "body": {"accepted": true, "real_timestamp_ms": 1789202776952, "virtual_time_s": 113, "measure_result": "direction", "svd_deg": 9.74}}
2026-09-12 16:46:20,233 INFO request {"path": "/measure", "payload": {"arena_id": "default", "robot_id": "202601002029", "request_id": "5d8e5f74bf0541cf89f9317956f37a9a", "position": {"x": 0.0, "y": 0.0}, "channel": 20}, "attempt": 1}
2026-09-12 16:46:20,235 INFO response {"request_id": "5d8e5f74bf0541cf89f9317956f37a9a", "http_status": 200, "body": {"accepted": true, "real_timestamp_ms": 1789202776957, "virtual_time_s": 119, "measure_result": "direction", "svd_deg": 198.58}}
2026-09-12 16:46:20,238 INFO request {"path": "/measure", "payload": {"arena_id": "default", "robot_id": "202601002029", "request_id": "46013782106c45598b6dec638e0d2c5e", "position": {"x": 1200.0, "y": 0.0}, "channel": 1}, "attempt": 1}
2026-09-12 16:46:20,239 INFO response {"request_id": "46013782106c45598b6dec638e0d2c5e", "http_status": 200, "body": {"accepted": true, "real_timestamp_ms": 1789202776961, "virtual_time_s": 365, "measure_result": "no_signal"}}
2026-09-12 16:46:20,239 INFO request {"path": "/measure", "payload": {"arena_id": "default", "robot_id": "202601002029", "request_id": "59fbfce4d766477ea82d6c97b4feab66", "position": {"x": 1200.0, "y": 0.0}, "channel": 3}, "attempt": 1}
2026-09-12 16:46:20,260 INFO response {"request_id": "59fbfce4d766477ea82d6c97b4feab66", "http_status": 200, "body": {"accepted": true, "real_timestamp_ms": 1789202776981, "virtual_time_s": 371, "measure_result": "no_signal"}}
2026-09-12 16:46:20,260 INFO request {"path": "/measure", "payload": {"arena_id": "default", "robot_id": "202601002029", "request_id": "02db99aece3644ed9efe3dbcd349de07", "position": {"x": 1200.0, "y": 0.0}, "channel": 5}, "attempt": 1}
2026-09-12 16:46:20,279 INFO response {"request_id": "02db99aece3644ed9efe3dbcd349de07", "http_status": 200, "body": {"accepted": true, "real_timestamp_ms": 1789202777002, "virtual_time_s": 377, "measure_result": "no_signal"}}
2026-09-12 16:46:20,279 INFO request {"path": "/measure", "payload": {"arena_id": "default", "robot_id": "202601002029", "request_id": "214d20eb9be049e2bcb1549e7b83d4cd", "position": {"x": 1200.0, "y": 0.0}, "channel": 6}, "attempt": 1}
2026-09-12 16:46:20,299 INFO response {"request_id": "214d20eb9be049e2bcb1549e7b83d4cd", "http_status": 200, "body": {"accepted": true, "real_timestamp_ms": 1789202777021, "virtual_time_s": 383, "measure_result": "no_signal"}}
2026-09-12 16:46:20,299 INFO request {"path": "/measure", "payload": {"arena_id": "default", "robot_id": "202601002029", "request_id": "c45ec157a30f45198aee1d2fc289c2a4", "position": {"x": 1200.0, "y": 0.0}, "channel": 7}, "attempt": 1}
2026-09-12 16:46:20,319 INFO response {"request_id": "c45ec157a30f45198aee1d2fc289c2a4", "http_status": 200, "body": {"accepted": true, "real_timestamp_ms": 1789202777041, "virtual_time_s": 389, "measure_result": "no_signal"}}
2026-09-12 16:46:20,319 INFO request {"path": "/measure", "payload": {"arena_id": "default", "robot_id": "202601002029", "request_id": "de6584abd9504a2da7801459afa220e2", "position": {"x": 1200.0, "y": 0.0}, "channel": 9}, "attempt": 1}
2026-09-12 16:46:20,329 INFO response {"request_id": "de6584abd9504a2da7801459afa220e2", "http_status": 200, "body": {"accepted": true, "real_timestamp_ms": 1789202777051, "virtual_time_s": 395, "measure_result": "direction", "svd_deg": 39.2}}
2026-09-12 16:46:20,331 INFO request {"path": "/measure", "payload": {"arena_id": "default", "robot_id": "202601002029", "request_id": "33a041084cc94a4b8319d5a8ed17e6e4", "position": {"x": 1200.0, "y": 0.0}, "channel": 10}, "attempt": 1}
2026-09-12 16:46:20,349 INFO response {"request_id": "33a041084cc94a4b8319d5a8ed17e6e4", "http_status": 200, "body": {"accepted": true, "real_timestamp_ms": 1789202777071, "virtual_time_s": 401, "measure_result": "direction", "svd_deg": 72.88}}
2026-09-12 16:46:20,350 INFO request {"path": "/measure", "payload": {"arena_id": "default", "robot_id": "202601002029", "request_id": "3abda020ad154cdcbe16d7433abc5c02", "position": {"x": 1200.0, "y": 0.0}, "channel": 11}, "attempt": 1}
2026-09-12 16:46:20,351 INFO response {"request_id": "3abda020ad154cdcbe16d7433abc5c02", "http_status": 200, "body": {"accepted": true, "real_timestamp_ms": 1789202777074, "virtual_time_s": 407, "measure_result": "no_signal"}}
2026-09-12 16:46:20,352 INFO request {"path": "/measure", "payload": {"arena_id": "default", "robot_id": "202601002029", "request_id": "60fc9d9ac1414c949046495aed546925", "position": {"x": 1200.0, "y": 0.0}, "channel": 13}, "attempt": 1}
2026-09-12 16:46:20,352 INFO response {"request_id": "60fc9d9ac1414c949046495aed546925", "http_status": 200, "body": {"accepted": true, "real_timestamp_ms": 1789202777074, "virtual_time_s": 413, "measure_result": "no_signal"}}
2026-09-12 16:46:20,352 INFO request {"path": "/measure", "payload": {"arena_id": "default", "robot_id": "202601002029", "request_id": "523ad828c962406da93a9a19d3114ec2", "position": {"x": 1200.0, "y": 0.0}, "channel": 14}, "attempt": 1}
2026-09-12 16:46:20,353 INFO response {"request_id": "523ad828c962406da93a9a19d3114ec2", "http_status": 200, "body": {"accepted": true, "real_timestamp_ms": 1789202777075, "virtual_time_s": 419, "measure_result": "no_signal"}}
2026-09-12 16:46:20,353 INFO request {"path": "/measure", "payload": {"arena_id": "default", "robot_id": "202601002029", "request_id": "d903a52cd1ae436a952491face1d96b7", "position": {"x": 1200.0, "y": 0.0}, "channel": 15}, "attempt": 1}
2026-09-12 16:46:20,368 INFO response {"request_id": "d903a52cd1ae436a952491face1d96b7", "http_status": 200, "body": {"accepted": true, "real_timestamp_ms": 1789202777090, "virtual_time_s": 425, "measure_result": "no_signal"}}
2026-09-12 16:46:20,368 INFO request {"path": "/measure", "payload": {"arena_id": "default", "robot_id": "202601002029", "request_id": "f149cbb143b5447e84549d4970ae6f15", "position": {"x": 1200.0, "y": 0.0}, "channel": 16}, "attempt": 1}
2026-09-12 16:46:20,386 INFO response {"request_id": "f149cbb143b5447e84549d4970ae6f15", "http_status": 200, "body": {"accepted": true, "real_timestamp_ms": 1789202777109, "virtual_time_s": 431, "measure_result": "no_signal"}}
2026-09-12 16:46:20,386 INFO request {"path": "/measure", "payload": {"arena_id": "default", "robot_id": "202601002029", "request_id": "57c04b1171944a2cb2f40c9f8fa90659", "position": {"x": 1200.0, "y": 0.0}, "channel": 17}, "attempt": 1}
2026-09-12 16:46:20,408 INFO response {"request_id": "57c04b1171944a2cb2f40c9f8fa90659", "http_status": 200, "body": {"accepted": true, "real_timestamp_ms": 1789202777130, "virtual_time_s": 437, "measure_result": "no_signal"}}
2026-09-12 16:46:20,437 INFO request {"path": "/measure", "payload": {"arena_id": "default", "robot_id": "202601002029", "request_id": "31dfa5f0f2404d939a0ba2ff03de2e86", "position": {"x": 1200.0, "y": 0.0}, "channel": 12}, "attempt": 1}
2026-09-12 16:46:20,437 INFO response {"request_id": "31dfa5f0f2404d939a0ba2ff03de2e86", "http_status": 200, "body": {"accepted": true, "real_timestamp_ms": 1789202777160, "virtual_time_s": 443, "measure_result": "direction", "svd_deg": 168.23}}
2026-09-12 16:46:20,447 INFO request {"path": "/measure", "payload": {"arena_id": "default", "robot_id": "202601002029", "request_id": "240d1fa5e9d145c3995c4b563519cdc9", "position": {"x": 1200.0, "y": 0.0}, "channel": 19}, "attempt": 1}
2026-09-12 16:46:20,449 INFO response {"request_id": "240d1fa5e9d145c3995c4b563519cdc9", "http_status": 200, "body": {"accepted": true, "real_timestamp_ms": 1789202777171, "virtual_time_s": 449, "measure_result": "direction", "svd_deg": 56.09}}
2026-09-12 16:46:20,451 INFO request {"path": "/measure", "payload": {"arena_id": "default", "robot_id": "202601002029", "request_id": "394f8cb275224dddacfd35453fca5b23", "position": {"x": 600.0000000000001, "y": 1039.2304845413264}, "channel": 1}, "attempt": 1}
2026-09-12 16:46:20,453 INFO response {"request_id": "394f8cb275224dddacfd35453fca5b23", "http_status": 200, "body": {"accepted": true, "real_timestamp_ms": 1789202777175, "virtual_time_s": 695, "measure_result": "direction", "svd_deg": 174.24}}
2026-09-12 16:46:20,455 INFO request {"path": "/measure", "payload": {"arena_id": "default", "robot_id": "202601002029", "request_id": "e18ea7dd0f7e4d378c75b8705c5ce0ce", "position": {"x": 600.0000000000001, "y": 1039.2304845413264}, "channel": 3}, "attempt": 1}
2026-09-12 16:46:20,476 INFO response {"request_id": "e18ea7dd0f7e4d378c75b8705c5ce0ce", "http_status": 200, "body": {"accepted": true, "real_timestamp_ms": 1789202777197, "virtual_time_s": 701, "measure_result": "no_signal"}}
2026-09-12 16:46:20,476 INFO request {"path": "/measure", "payload": {"arena_id": "default", "robot_id": "202601002029", "request_id": "a0e83255d4524d58a7f0cebb0e45536d", "position": {"x": 600.0000000000001, "y": 1039.2304845413264}, "channel": 5}, "attempt": 1}
2026-09-12 16:46:20,477 INFO response {"request_id": "a0e83255d4524d58a7f0cebb0e45536d", "http_status": 200, "body": {"accepted": true, "real_timestamp_ms": 1789202777199, "virtual_time_s": 707, "measure_result": "no_signal"}}
2026-09-12 16:46:20,478 INFO request {"path": "/measure", "payload": {"arena_id": "default", "robot_id": "202601002029", "request_id": "40c3ba0c887444eeae15e8dab222d8e9", "position": {"x": 600.0000000000001, "y": 1039.2304845413264}, "channel": 6}, "attempt": 1}
2026-09-12 16:46:20,480 INFO response {"request_id": "40c3ba0c887444eeae15e8dab222d8e9", "http_status": 200, "body": {"accepted": true, "real_timestamp_ms": 1789202777202, "virtual_time_s": 713, "measure_result": "no_signal"}}
2026-09-12 16:46:20,480 INFO request {"path": "/measure", "payload": {"arena_id": "default", "robot_id": "202601002029", "request_id": "807242ef55014f3abe7d1fa9450cd58e", "position": {"x": 600.0000000000001, "y": 1039.2304845413264}, "channel": 7}, "attempt": 1}
2026-09-12 16:46:20,482 INFO response {"request_id": "807242ef55014f3abe7d1fa9450cd58e", "http_status": 200, "body": {"accepted": true, "real_timestamp_ms": 1789202777204, "virtual_time_s": 719, "measure_result": "no_signal"}}
2026-09-12 16:46:20,482 INFO request {"path": "/measure", "payload": {"arena_id": "default", "robot_id": "202601002029", "request_id": "ed4d19fb1b4349c9bb9bd39b4c10ae5f", "position": {"x": 600.0000000000001, "y": 1039.2304845413264}, "channel": 11}, "attempt": 1}
2026-09-12 16:46:20,484 INFO response {"request_id": "ed4d19fb1b4349c9bb9bd39b4c10ae5f", "http_status": 200, "body": {"accepted": true, "real_timestamp_ms": 1789202777206, "virtual_time_s": 725, "measure_result": "no_signal"}}
2026-09-12 16:46:20,484 INFO request {"path": "/measure", "payload": {"arena_id": "default", "robot_id": "202601002029", "request_id": "ce7f124cfd97455696bdedbb351731e2", "position": {"x": 600.0000000000001, "y": 1039.2304845413264}, "channel": 13}, "attempt": 1}
2026-09-12 16:46:20,485 INFO response {"request_id": "ce7f124cfd97455696bdedbb351731e2", "http_status": 200, "body": {"accepted": true, "real_timestamp_ms": 1789202777207, "virtual_time_s": 731, "measure_result": "no_signal"}}
2026-09-12 16:46:20,486 INFO request {"path": "/measure", "payload": {"arena_id": "default", "robot_id": "202601002029", "request_id": "760150ff5feb4b4abccfda03a705d451", "position": {"x": 600.0000000000001, "y": 1039.2304845413264}, "channel": 14}, "attempt": 1}
2026-09-12 16:46:20,487 INFO response {"request_id": "760150ff5feb4b4abccfda03a705d451", "http_status": 200, "body": {"accepted": true, "real_timestamp_ms": 1789202777209, "virtual_time_s": 737, "measure_result": "no_signal"}}
2026-09-12 16:46:20,488 INFO request {"path": "/measure", "payload": {"arena_id": "default", "robot_id": "202601002029", "request_id": "6f12815f4ba24fe89e7f5dadd29e5734", "position": {"x": 600.0000000000001, "y": 1039.2304845413264}, "channel": 15}, "attempt": 1}
2026-09-12 16:46:20,489 INFO response {"request_id": "6f12815f4ba24fe89e7f5dadd29e5734", "http_status": 200, "body": {"accepted": true, "real_timestamp_ms": 1789202777211, "virtual_time_s": 743, "measure_result": "no_signal"}}
2026-09-12 16:46:20,489 INFO request {"path": "/measure", "payload": {"arena_id": "default", "robot_id": "202601002029", "request_id": "44f3bc00a2b44ecf89f02dfeb3fc0aba", "position": {"x": 600.0000000000001, "y": 1039.2304845413264}, "channel": 16}, "attempt": 1}
2026-09-12 16:46:20,490 INFO response {"request_id": "44f3bc00a2b44ecf89f02dfeb3fc0aba", "http_status": 200, "body": {"accepted": true, "real_timestamp_ms": 1789202777212, "virtual_time_s": 749, "measure_result": "no_signal"}}
2026-09-12 16:46:20,490 INFO request {"path": "/measure", "payload": {"arena_id": "default", "robot_id": "202601002029", "request_id": "157b648aa776486f8cc8ffcc7ba61add", "position": {"x": 600.0000000000001, "y": 1039.2304845413264}, "channel": 17}, "attempt": 1}
2026-09-12 16:46:20,492 INFO response {"request_id": "157b648aa776486f8cc8ffcc7ba61add", "http_status": 200, "body": {"accepted": true, "real_timestamp_ms": 1789202777214, "virtual_time_s": 755, "measure_result": "no_signal"}}
2026-09-12 16:46:20,525 INFO request {"path": "/measure", "payload": {"arena_id": "default", "robot_id": "202601002029", "request_id": "210cd1375b814161ad4dcee634913240", "position": {"x": 600.0000000000001, "y": 1039.2304845413264}, "channel": 8}, "attempt": 1}
2026-09-12 16:46:20,545 INFO response {"request_id": "210cd1375b814161ad4dcee634913240", "http_status": 200, "body": {"accepted": true, "real_timestamp_ms": 1789202777266, "virtual_time_s": 761, "measure_result": "direction", "svd_deg": 209.56}}
2026-09-12 16:46:20,572 INFO request {"path": "/measure", "payload": {"arena_id": "default", "robot_id": "202601002029", "request_id": "07a4ae00cc284eeb8016633aa0759db8", "position": {"x": 600.0000000000001, "y": 1039.2304845413264}, "channel": 10}, "attempt": 1}
2026-09-12 16:46:20,593 INFO response {"request_id": "07a4ae00cc284eeb8016633aa0759db8", "http_status": 200, "body": {"accepted": true, "real_timestamp_ms": 1789202777315, "virtual_time_s": 767, "measure_result": "direction", "svd_deg": 339.56}}
2026-09-12 16:46:20,601 INFO request {"path": "/measure", "payload": {"arena_id": "default", "robot_id": "202601002029", "request_id": "b09794b5da3c4f2d950b76c49fdbe824", "position": {"x": -599.9999999999998, "y": 1039.2304845413264}, "channel": 3}, "attempt": 1}
2026-09-12 16:46:20,622 INFO response {"request_id": "b09794b5da3c4f2d950b76c49fdbe824", "http_status": 200, "body": {"accepted": true, "real_timestamp_ms": 1789202777344, "virtual_time_s": 1013, "measure_result": "no_signal"}}
2026-09-12 16:46:20,622 INFO request {"path": "/measure", "payload": {"arena_id": "default", "robot_id": "202601002029", "request_id": "1a1f850c986f493a8e4261b17700e4c6", "position": {"x": -599.9999999999998, "y": 1039.2304845413264}, "channel": 5}, "attempt": 1}
2026-09-12 16:46:20,642 INFO response {"request_id": "1a1f850c986f493a8e4261b17700e4c6", "http_status": 200, "body": {"accepted": true, "real_timestamp_ms": 1789202777364, "virtual_time_s": 1019, "measure_result": "no_signal"}}
2026-09-12 16:46:20,643 INFO request {"path": "/measure", "payload": {"arena_id": "default", "robot_id": "202601002029", "request_id": "f8ad6607dcfe4f3b84bf5a255dc0d6d2", "position": {"x": -599.9999999999998, "y": 1039.2304845413264}, "channel": 6}, "attempt": 1}
2026-09-12 16:46:20,662 INFO response {"request_id": "f8ad6607dcfe4f3b84bf5a255dc0d6d2", "http_status": 200, "body": {"accepted": true, "real_timestamp_ms": 1789202777384, "virtual_time_s": 1025, "measure_result": "no_signal"}}
2026-09-12 16:46:20,662 INFO request {"path": "/measure", "payload": {"arena_id": "default", "robot_id": "202601002029", "request_id": "6a8b731ea2a742f19adacd755dd36c74", "position": {"x": -599.9999999999998, "y": 1039.2304845413264}, "channel": 7}, "attempt": 1}
2026-09-12 16:46:20,663 INFO response {"request_id": "6a8b731ea2a742f19adacd755dd36c74", "http_status": 200, "body": {"accepted": true, "real_timestamp_ms": 1789202777386, "virtual_time_s": 1031, "measure_result": "no_signal"}}
2026-09-12 16:46:20,664 INFO request {"path": "/measure", "payload": {"arena_id": "default", "robot_id": "202601002029", "request_id": "739dd8cc592045c2a5b91fbf770c9425", "position": {"x": -599.9999999999998, "y": 1039.2304845413264}, "channel": 11}, "attempt": 1}
2026-09-12 16:46:20,665 INFO response {"request_id": "739dd8cc592045c2a5b91fbf770c9425", "http_status": 200, "body": {"accepted": true, "real_timestamp_ms": 1789202777387, "virtual_time_s": 1037, "measure_result": "no_signal"}}
2026-09-12 16:46:20,665 INFO request {"path": "/measure", "payload": {"arena_id": "default", "robot_id": "202601002029", "request_id": "4d80ba5fc2ff40e1ad6264d615380cf1", "position": {"x": -599.9999999999998, "y": 1039.2304845413264}, "channel": 13}, "attempt": 1}
2026-09-12 16:46:20,667 INFO response {"request_id": "4d80ba5fc2ff40e1ad6264d615380cf1", "http_status": 200, "body": {"accepted": true, "real_timestamp_ms": 1789202777389, "virtual_time_s": 1043, "measure_result": "no_signal"}}
2026-09-12 16:46:20,667 INFO request {"path": "/measure", "payload": {"arena_id": "default", "robot_id": "202601002029", "request_id": "342e6b2ce8d441c7bc26589730c9966e", "position": {"x": -599.9999999999998, "y": 1039.2304845413264}, "channel": 14}, "attempt": 1}
2026-09-12 16:46:20,682 INFO response {"request_id": "342e6b2ce8d441c7bc26589730c9966e", "http_status": 200, "body": {"accepted": true, "real_timestamp_ms": 1789202777404, "virtual_time_s": 1049, "measure_result": "no_signal"}}
2026-09-12 16:46:20,682 INFO request {"path": "/measure", "payload": {"arena_id": "default", "robot_id": "202601002029", "request_id": "7468ddca3cd949318ad4a68093aa304a", "position": {"x": -599.9999999999998, "y": 1039.2304845413264}, "channel": 15}, "attempt": 1}
2026-09-12 16:46:20,684 INFO response {"request_id": "7468ddca3cd949318ad4a68093aa304a", "http_status": 200, "body": {"accepted": true, "real_timestamp_ms": 1789202777406, "virtual_time_s": 1055, "measure_result": "no_signal"}}
2026-09-12 16:46:20,685 INFO request {"path": "/measure", "payload": {"arena_id": "default", "robot_id": "202601002029", "request_id": "ccad0d63c48d4a8a92f421697aa6fc62", "position": {"x": -599.9999999999998, "y": 1039.2304845413264}, "channel": 16}, "attempt": 1}
2026-09-12 16:46:20,687 INFO response {"request_id": "ccad0d63c48d4a8a92f421697aa6fc62", "http_status": 200, "body": {"accepted": true, "real_timestamp_ms": 1789202777409, "virtual_time_s": 1061, "measure_result": "no_signal"}}
2026-09-12 16:46:20,687 INFO request {"path": "/measure", "payload": {"arena_id": "default", "robot_id": "202601002029", "request_id": "aea21f9063224934a87698182c088921", "position": {"x": -599.9999999999998, "y": 1039.2304845413264}, "channel": 17}, "attempt": 1}
2026-09-12 16:46:20,689 INFO response {"request_id": "aea21f9063224934a87698182c088921", "http_status": 200, "body": {"accepted": true, "real_timestamp_ms": 1789202777411, "virtual_time_s": 1067, "measure_result": "no_signal"}}
2026-09-12 16:46:20,721 INFO request {"path": "/measure", "payload": {"arena_id": "default", "robot_id": "202601002029", "request_id": "3ebed49347a7486d84f5bcb0afb7085c", "position": {"x": -599.9999999999998, "y": 1039.2304845413264}, "channel": 1}, "attempt": 1}
2026-09-12 16:46:20,722 INFO response {"request_id": "3ebed49347a7486d84f5bcb0afb7085c", "http_status": 200, "body": {"accepted": true, "real_timestamp_ms": 1789202777444, "virtual_time_s": 1073, "measure_result": "direction", "svd_deg": 13.42}}
2026-09-12 16:46:20,734 INFO request {"path": "/measure", "payload": {"arena_id": "default", "robot_id": "202601002029", "request_id": "f6c3592301b3432c861d62f4bce24727", "position": {"x": -599.9999999999998, "y": 1039.2304845413264}, "channel": 8}, "attempt": 1}
2026-09-12 16:46:20,735 INFO response {"request_id": "f6c3592301b3432c861d62f4bce24727", "http_status": 200, "body": {"accepted": true, "real_timestamp_ms": 1789202777457, "virtual_time_s": 1079, "measure_result": "direction", "svd_deg": 350.83}}
2026-09-12 16:46:20,739 INFO request {"path": "/measure", "payload": {"arena_id": "default", "robot_id": "202601002029", "request_id": "e781792c74524a1e8468aace8054caef", "position": {"x": -1200.0, "y": 1.4695761589768238e-13}, "channel": 3}, "attempt": 1}
2026-09-12 16:46:20,750 INFO response {"request_id": "e781792c74524a1e8468aace8054caef", "http_status": 200, "body": {"accepted": true, "real_timestamp_ms": 1789202777473, "virtual_time_s": 1325, "measure_result": "no_signal"}}
2026-09-12 16:46:20,751 INFO request {"path": "/measure", "payload": {"arena_id": "default", "robot_id": "202601002029", "request_id": "5d07cba93bc0492694cf06b31feb1f00", "position": {"x": -1200.0, "y": 1.4695761589768238e-13}, "channel": 5}, "attempt": 1}
2026-09-12 16:46:20,751 INFO response {"request_id": "5d07cba93bc0492694cf06b31feb1f00", "http_status": 200, "body": {"accepted": true, "real_timestamp_ms": 1789202777474, "virtual_time_s": 1331, "measure_result": "direction", "svd_deg": 244.82}}
2026-09-12 16:46:20,753 INFO request {"path": "/measure", "payload": {"arena_id": "default", "robot_id": "202601002029", "request_id": "2f0ab3a825a54800a4ae585b546267fe", "position": {"x": -1200.0, "y": 1.4695761589768238e-13}, "channel": 6}, "attempt": 1}
2026-09-12 16:46:20,770 INFO response {"request_id": "2f0ab3a825a54800a4ae585b546267fe", "http_status": 200, "body": {"accepted": true, "real_timestamp_ms": 1789202777492, "virtual_time_s": 1337, "measure_result": "direction", "svd_deg": 258.24}}
2026-09-12 16:46:20,775 INFO request {"path": "/measure", "payload": {"arena_id": "default", "robot_id": "202601002029", "request_id": "862a7a1666a94b7c91e0b4f47a992c41", "position": {"x": -1200.0, "y": 1.4695761589768238e-13}, "channel": 7}, "attempt": 1}
2026-09-12 16:46:20,776 INFO response {"request_id": "862a7a1666a94b7c91e0b4f47a992c41", "http_status": 200, "body": {"accepted": true, "real_timestamp_ms": 1789202777498, "virtual_time_s": 1343, "measure_result": "no_signal"}}
2026-09-12 16:46:20,777 INFO request {"path": "/measure", "payload": {"arena_id": "default", "robot_id": "202601002029", "request_id": "c64bb940924c4d67bd28dd3a57402ee2", "position": {"x": -1200.0, "y": 1.4695761589768238e-13}, "channel": 11}, "attempt": 1}
2026-09-12 16:46:20,791 INFO response {"request_id": "c64bb940924c4d67bd28dd3a57402ee2", "http_status": 200, "body": {"accepted": true, "real_timestamp_ms": 1789202777512, "virtual_time_s": 1349, "measure_result": "no_signal"}}
2026-09-12 16:46:20,791 INFO request {"path": "/measure", "payload": {"arena_id": "default", "robot_id": "202601002029", "request_id": "a0ef5b894d1a470f9456b27f3a4a665f", "position": {"x": -1200.0, "y": 1.4695761589768238e-13}, "channel": 13}, "attempt": 1}
2026-09-12 16:46:20,793 INFO response {"request_id": "a0ef5b894d1a470f9456b27f3a4a665f", "http_status": 200, "body": {"accepted": true, "real_timestamp_ms": 1789202777515, "virtual_time_s": 1355, "measure_result": "no_signal"}}
2026-09-12 16:46:20,793 INFO request {"path": "/measure", "payload": {"arena_id": "default", "robot_id": "202601002029", "request_id": "1b7a5abf5c43456096429483be1255d4", "position": {"x": -1200.0, "y": 1.4695761589768238e-13}, "channel": 14}, "attempt": 1}
2026-09-12 16:46:20,795 INFO response {"request_id": "1b7a5abf5c43456096429483be1255d4", "http_status": 200, "body": {"accepted": true, "real_timestamp_ms": 1789202777517, "virtual_time_s": 1361, "measure_result": "no_signal"}}
2026-09-12 16:46:20,796 INFO request {"path": "/measure", "payload": {"arena_id": "default", "robot_id": "202601002029", "request_id": "6cd1da6887914048b9a1739ccd6adc14", "position": {"x": -1200.0, "y": 1.4695761589768238e-13}, "channel": 15}, "attempt": 1}
2026-09-12 16:46:20,797 INFO response {"request_id": "6cd1da6887914048b9a1739ccd6adc14", "http_status": 200, "body": {"accepted": true, "real_timestamp_ms": 1789202777519, "virtual_time_s": 1367, "measure_result": "no_signal"}}
2026-09-12 16:46:20,798 INFO request {"path": "/measure", "payload": {"arena_id": "default", "robot_id": "202601002029", "request_id": "37fd7c9496f74569943ce7ef96904337", "position": {"x": -1200.0, "y": 1.4695761589768238e-13}, "channel": 16}, "attempt": 1}
2026-09-12 16:46:20,800 INFO response {"request_id": "37fd7c9496f74569943ce7ef96904337", "http_status": 200, "body": {"accepted": true, "real_timestamp_ms": 1789202777522, "virtual_time_s": 1373, "measure_result": "direction", "svd_deg": 203.12}}
2026-09-12 16:46:20,804 INFO request {"path": "/measure", "payload": {"arena_id": "default", "robot_id": "202601002029", "request_id": "5c90e9baa5064b1cb93571229006b960", "position": {"x": -1200.0, "y": 1.4695761589768238e-13}, "channel": 17}, "attempt": 1}
2026-09-12 16:46:20,806 INFO response {"request_id": "5c90e9baa5064b1cb93571229006b960", "http_status": 200, "body": {"accepted": true, "real_timestamp_ms": 1789202777528, "virtual_time_s": 1379, "measure_result": "no_signal"}}
2026-09-12 16:46:20,829 INFO request {"path": "/measure", "payload": {"arena_id": "default", "robot_id": "202601002029", "request_id": "b146b04dac94461ca35e81077a50b0e2", "position": {"x": -1200.0, "y": 1.4695761589768238e-13}, "channel": 18}, "attempt": 1}
2026-09-12 16:46:20,829 INFO response {"request_id": "b146b04dac94461ca35e81077a50b0e2", "http_status": 200, "body": {"accepted": true, "real_timestamp_ms": 1789202777552, "virtual_time_s": 1385, "measure_result": "direction", "svd_deg": 266.0}}
2026-09-12 16:46:20,842 INFO request {"path": "/measure", "payload": {"arena_id": "default", "robot_id": "202601002029", "request_id": "7d862cba608f43a7a3c7ca6001fea74c", "position": {"x": -1200.0, "y": 1.4695761589768238e-13}, "channel": 2}, "attempt": 1}
2026-09-12 16:46:20,843 INFO response {"request_id": "7d862cba608f43a7a3c7ca6001fea74c", "http_status": 200, "body": {"accepted": true, "real_timestamp_ms": 1789202777565, "virtual_time_s": 1391, "measure_result": "direction", "svd_deg": 298.73}}
2026-09-12 16:46:20,845 INFO request {"path": "/measure", "payload": {"arena_id": "default", "robot_id": "202601002029", "request_id": "db5838450db04a4a878e76e6b2444213", "position": {"x": -600.0000000000006, "y": -1039.2304845413262}, "channel": 3}, "attempt": 1}
2026-09-12 16:46:20,859 INFO response {"request_id": "db5838450db04a4a878e76e6b2444213", "http_status": 200, "body": {"accepted": true, "real_timestamp_ms": 1789202777581, "virtual_time_s": 1637, "measure_result": "no_signal"}}
2026-09-12 16:46:20,859 INFO request {"path": "/measure", "payload": {"arena_id": "default", "robot_id": "202601002029", "request_id": "ecf1847185564c74898d88c2cd0af794", "position": {"x": -600.0000000000006, "y": -1039.2304845413262}, "channel": 7}, "attempt": 1}
2026-09-12 16:46:20,879 INFO response {"request_id": "ecf1847185564c74898d88c2cd0af794", "http_status": 200, "body": {"accepted": true, "real_timestamp_ms": 1789202777601, "virtual_time_s": 1643, "measure_result": "no_signal"}}
2026-09-12 16:46:20,879 INFO request {"path": "/measure", "payload": {"arena_id": "default", "robot_id": "202601002029", "request_id": "de1b31fe22614efcb8086711989821df", "position": {"x": -600.0000000000006, "y": -1039.2304845413262}, "channel": 11}, "attempt": 1}
2026-09-12 16:46:20,899 INFO response {"request_id": "de1b31fe22614efcb8086711989821df", "http_status": 200, "body": {"accepted": true, "real_timestamp_ms": 1789202777621, "virtual_time_s": 1649, "measure_result": "no_signal"}}
2026-09-12 16:46:20,899 INFO request {"path": "/measure", "payload": {"arena_id": "default", "robot_id": "202601002029", "request_id": "7206f846047d4d5db827bd3a1a92e269", "position": {"x": -600.0000000000006, "y": -1039.2304845413262}, "channel": 13}, "attempt": 1}
2026-09-12 16:46:20,900 INFO response {"request_id": "7206f846047d4d5db827bd3a1a92e269", "http_status": 200, "body": {"accepted": true, "real_timestamp_ms": 1789202777622, "virtual_time_s": 1655, "measure_result": "no_signal"}}
2026-09-12 16:46:20,900 INFO request {"path": "/measure", "payload": {"arena_id": "default", "robot_id": "202601002029", "request_id": "1bc5727d7646497b89adbab6c9f0897d", "position": {"x": -600.0000000000006, "y": -1039.2304845413262}, "channel": 14}, "attempt": 1}
2026-09-12 16:46:20,901 INFO response {"request_id": "1bc5727d7646497b89adbab6c9f0897d", "http_status": 200, "body": {"accepted": true, "real_timestamp_ms": 1789202777623, "virtual_time_s": 1661, "measure_result": "no_signal"}}
2026-09-12 16:46:20,901 INFO request {"path": "/measure", "payload": {"arena_id": "default", "robot_id": "202601002029", "request_id": "e086a0cea69248d69aa584f027ab2cc9", "position": {"x": -600.0000000000006, "y": -1039.2304845413262}, "channel": 15}, "attempt": 1}
2026-09-12 16:46:20,901 INFO response {"request_id": "e086a0cea69248d69aa584f027ab2cc9", "http_status": 200, "body": {"accepted": true, "real_timestamp_ms": 1789202777624, "virtual_time_s": 1667, "measure_result": "no_signal"}}
2026-09-12 16:46:20,902 INFO request {"path": "/measure", "payload": {"arena_id": "default", "robot_id": "202601002029", "request_id": "7253d84f94fc442c9b253753efed993b", "position": {"x": -600.0000000000006, "y": -1039.2304845413262}, "channel": 17}, "attempt": 1}
2026-09-12 16:46:20,902 INFO response {"request_id": "7253d84f94fc442c9b253753efed993b", "http_status": 200, "body": {"accepted": true, "real_timestamp_ms": 1789202777625, "virtual_time_s": 1673, "measure_result": "no_signal"}}
2026-09-12 16:46:20,936 INFO request {"path": "/measure", "payload": {"arena_id": "default", "robot_id": "202601002029", "request_id": "b70a8132ce694d7a86bc9a2a7a11504e", "position": {"x": -600.0000000000006, "y": -1039.2304845413262}, "channel": 2}, "attempt": 1}
2026-09-12 16:46:20,938 INFO response {"request_id": "b70a8132ce694d7a86bc9a2a7a11504e", "http_status": 200, "body": {"accepted": true, "real_timestamp_ms": 1789202777660, "virtual_time_s": 1679, "measure_result": "direction", "svd_deg": 121.23}}
2026-09-12 16:46:20,965 INFO request {"path": "/measure", "payload": {"arena_id": "default", "robot_id": "202601002029", "request_id": "ec61edf8c78e4cebb5a5996c75955eff", "position": {"x": -600.0000000000006, "y": -1039.2304845413262}, "channel": 20}, "attempt": 1}
2026-09-12 16:46:20,966 INFO response {"request_id": "ec61edf8c78e4cebb5a5996c75955eff", "http_status": 200, "body": {"accepted": true, "real_timestamp_ms": 1789202777688, "virtual_time_s": 1685, "measure_result": "direction", "svd_deg": 109.87}}
2026-09-12 16:46:20,969 INFO request {"path": "/measure", "payload": {"arena_id": "default", "robot_id": "202601002029", "request_id": "7264560e377c4cd1b2f2c309c105b6fa", "position": {"x": 600.0000000000001, "y": -1039.2304845413264}, "channel": 3}, "attempt": 1}
2026-09-12 16:46:20,970 INFO response {"request_id": "7264560e377c4cd1b2f2c309c105b6fa", "http_status": 200, "body": {"accepted": true, "real_timestamp_ms": 1789202777692, "virtual_time_s": 1931, "measure_result": "no_signal"}}
2026-09-12 16:46:20,970 INFO request {"path": "/measure", "payload": {"arena_id": "default", "robot_id": "202601002029", "request_id": "3a6a76d4258541419c631f074bbc5648", "position": {"x": 600.0000000000001, "y": -1039.2304845413264}, "channel": 7}, "attempt": 1}
2026-09-12 16:46:20,970 INFO response {"request_id": "3a6a76d4258541419c631f074bbc5648", "http_status": 200, "body": {"accepted": true, "real_timestamp_ms": 1789202777693, "virtual_time_s": 1937, "measure_result": "no_signal"}}
2026-09-12 16:46:20,971 INFO request {"path": "/measure", "payload": {"arena_id": "default", "robot_id": "202601002029", "request_id": "5feb3e1c569242bf8391a1d84db37272", "position": {"x": 600.0000000000001, "y": -1039.2304845413264}, "channel": 11}, "attempt": 1}
2026-09-12 16:46:20,971 INFO response {"request_id": "5feb3e1c569242bf8391a1d84db37272", "http_status": 200, "body": {"accepted": true, "real_timestamp_ms": 1789202777694, "virtual_time_s": 1943, "measure_result": "no_signal"}}
2026-09-12 16:46:20,972 INFO request {"path": "/measure", "payload": {"arena_id": "default", "robot_id": "202601002029", "request_id": "5c5eaf0dab1c451795217eeb6d4b9cb0", "position": {"x": 600.0000000000001, "y": -1039.2304845413264}, "channel": 13}, "attempt": 1}
2026-09-12 16:46:20,972 INFO response {"request_id": "5c5eaf0dab1c451795217eeb6d4b9cb0", "http_status": 200, "body": {"accepted": true, "real_timestamp_ms": 1789202777695, "virtual_time_s": 1949, "measure_result": "no_signal"}}
2026-09-12 16:46:20,973 INFO request {"path": "/measure", "payload": {"arena_id": "default", "robot_id": "202601002029", "request_id": "42e8e8544632406587326a4b038cd292", "position": {"x": 600.0000000000001, "y": -1039.2304845413264}, "channel": 14}, "attempt": 1}
2026-09-12 16:46:20,973 INFO response {"request_id": "42e8e8544632406587326a4b038cd292", "http_status": 200, "body": {"accepted": true, "real_timestamp_ms": 1789202777696, "virtual_time_s": 1955, "measure_result": "no_signal"}}
2026-09-12 16:46:20,973 INFO request {"path": "/measure", "payload": {"arena_id": "default", "robot_id": "202601002029", "request_id": "9a4a7bba463f4b728ea345ba4ea07497", "position": {"x": 600.0000000000001, "y": -1039.2304845413264}, "channel": 15}, "attempt": 1}
2026-09-12 16:46:20,974 INFO response {"request_id": "9a4a7bba463f4b728ea345ba4ea07497", "http_status": 200, "body": {"accepted": true, "real_timestamp_ms": 1789202777696, "virtual_time_s": 1961, "measure_result": "no_signal"}}
2026-09-12 16:46:20,974 INFO request {"path": "/measure", "payload": {"arena_id": "default", "robot_id": "202601002029", "request_id": "7f650ad1d7654c7983a3fab1627b850b", "position": {"x": 600.0000000000001, "y": -1039.2304845413264}, "channel": 17}, "attempt": 1}
2026-09-12 16:46:20,975 INFO response {"request_id": "7f650ad1d7654c7983a3fab1627b850b", "http_status": 200, "body": {"accepted": true, "real_timestamp_ms": 1789202777697, "virtual_time_s": 1967, "measure_result": "no_signal"}}
2026-09-12 16:46:20,985 INFO request {"path": "/measure", "payload": {"arena_id": "default", "robot_id": "202601002029", "request_id": "83b921b713d64077866003976ad9fab7", "position": {"x": 600.0000000000001, "y": -1039.2304845413264}, "channel": 4}, "attempt": 1}
2026-09-12 16:46:20,986 INFO response {"request_id": "83b921b713d64077866003976ad9fab7", "http_status": 200, "body": {"accepted": true, "real_timestamp_ms": 1789202777708, "virtual_time_s": 1973, "measure_result": "direction", "svd_deg": 163.78}}
2026-09-12 16:46:29,824 INFO request {"path": "/measure", "payload": {"arena_id": "default", "robot_id": "202601002029", "request_id": "b9176e1e5c784c0fa136c850dcfac591", "position": {"x": 482.0857768685231, "y": -525.4992717210368}, "channel": 12}, "attempt": 1}
2026-09-12 16:46:29,844 INFO response {"request_id": "b9176e1e5c784c0fa136c850dcfac591", "http_status": 200, "body": {"accepted": true, "real_timestamp_ms": 1789202786566, "virtual_time_s": 2084.417935, "measure_result": "direction", "svd_deg": 113.63}}
2026-09-12 16:46:29,876 INFO request {"path": "/measure", "payload": {"arena_id": "default", "robot_id": "202601002029", "request_id": "ccbce131ce3e4f1b9843eb405b29bff4", "position": {"x": 40.65727397529662, "y": -921.7477451649343}, "channel": 4}, "attempt": 1}
2026-09-12 16:46:29,877 INFO response {"request_id": "ccbce131ce3e4f1b9843eb405b29bff4", "http_status": 200, "body": {"accepted": true, "real_timestamp_ms": 1789202786599, "virtual_time_s": 2209.05553, "measure_result": "direction", "svd_deg": 159.42}}
2026-09-12 16:46:29,893 INFO request {"path": "/measure", "payload": {"arena_id": "default", "robot_id": "202601002029", "request_id": "62c02d26edcf4cf0ad09224ad5ea599c", "position": {"x": 40.65727397529662, "y": -921.7477451649343}, "channel": 2}, "attempt": 1}
2026-09-12 16:46:29,894 INFO response {"request_id": "62c02d26edcf4cf0ad09224ad5ea599c", "http_status": 200, "body": {"accepted": true, "real_timestamp_ms": 1789202786616, "virtual_time_s": 2215.05553, "measure_result": "direction", "svd_deg": 157.73}}
2026-09-12 16:46:30,672 INFO request {"path": "/clear", "payload": {"arena_id": "default", "robot_id": "202601002029", "request_id": "3976cbb334f64e2681af008c37004ebf", "position": {"x": -335.50068754133235, "y": -779.8460155356464}, "channel": 4}, "attempt": 1}
2026-09-12 16:46:30,673 INFO response {"request_id": "3976cbb334f64e2681af008c37004ebf", "http_status": 200, "body": {"accepted": true, "real_timestamp_ms": 1789202787396, "virtual_time_s": 2300.462224, "clear_result": "success"}}
2026-09-12 16:46:30,707 INFO request {"path": "/measure", "payload": {"arena_id": "default", "robot_id": "202601002029", "request_id": "c22c6aae3664456b9abf51da831b0087", "position": {"x": -335.50068754133235, "y": -779.8460155356464}, "channel": 2}, "attempt": 1}
2026-09-12 16:46:30,708 INFO response {"request_id": "c22c6aae3664456b9abf51da831b0087", "http_status": 200, "body": {"accepted": true, "real_timestamp_ms": 1789202787431, "virtual_time_s": 2305.462224, "measure_result": "direction", "svd_deg": 157.8}}
2026-09-12 16:46:30,741 INFO request {"path": "/measure", "payload": {"arena_id": "default", "robot_id": "202601002029", "request_id": "e813590df7024f89860424c6a6ed039f", "position": {"x": -335.50068754133235, "y": -779.8460155356464}, "channel": 6}, "attempt": 1}
2026-09-12 16:46:30,754 INFO response {"request_id": "e813590df7024f89860424c6a6ed039f", "http_status": 200, "body": {"accepted": true, "real_timestamp_ms": 1789202787476, "virtual_time_s": 2311.462224, "measure_result": "direction", "svd_deg": 146.62}}
2026-09-12 16:46:32,332 INFO request {"path": "/measure", "payload": {"arena_id": "default", "robot_id": "202601002029", "request_id": "481f74356067464ba986dec78e5d8db5", "position": {"x": -501.9088405216089, "y": -544.6257820086618}, "channel": 2}, "attempt": 1}
2026-09-12 16:46:32,347 INFO response {"request_id": "481f74356067464ba986dec78e5d8db5", "http_status": 200, "body": {"accepted": true, "real_timestamp_ms": 1789202789069, "virtual_time_s": 2375.088687, "measure_result": "direction", "svd_deg": 178.46}}
2026-09-12 16:46:32,398 INFO request {"path": "/measure", "payload": {"arena_id": "default", "robot_id": "202601002029", "request_id": "7fcdc1cf22564b51934f9e0861fd40ca", "position": {"x": -501.9088405216089, "y": -544.6257820086618}, "channel": 6}, "attempt": 1}
2026-09-12 16:46:32,400 INFO response {"request_id": "7fcdc1cf22564b51934f9e0861fd40ca", "http_status": 200, "body": {"accepted": true, "real_timestamp_ms": 1789202789122, "virtual_time_s": 2381.088687, "measure_result": "direction", "svd_deg": 154.19}}
2026-09-12 16:46:32,443 INFO request {"path": "/measure", "payload": {"arena_id": "default", "robot_id": "202601002029", "request_id": "a966e758c61e4fc9b6b88a0cb8bbf0a5", "position": {"x": -501.9088405216089, "y": -544.6257820086618}, "channel": 18}, "attempt": 1}
2026-09-12 16:46:32,445 INFO response {"request_id": "a966e758c61e4fc9b6b88a0cb8bbf0a5", "http_status": 200, "body": {"accepted": true, "real_timestamp_ms": 1789202789167, "virtual_time_s": 2387.088687, "measure_result": "direction", "svd_deg": 145.68}}
2026-09-12 16:46:32,449 INFO request {"path": "/measure", "payload": {"arena_id": "default", "robot_id": "202601002029", "request_id": "ac84e3ab57bf4601a907b41489f69791", "position": {"x": -646.379079594586, "y": -624.2048434466105}, "channel": 20}, "attempt": 1}
2026-09-12 16:46:32,466 INFO response {"request_id": "ac84e3ab57bf4601a907b41489f69791", "http_status": 200, "body": {"accepted": true, "real_timestamp_ms": 1789202789188, "virtual_time_s": 2426.076246, "measure_result": "direction", "svd_deg": 124.81}}
2026-09-12 16:46:32,491 INFO request {"path": "/measure", "payload": {"arena_id": "default", "robot_id": "202601002029", "request_id": "5e0828062fe94633bc27945d340ab051", "position": {"x": -646.379079594586, "y": -624.2048434466105}, "channel": 5}, "attempt": 1}
2026-09-12 16:46:32,505 INFO response {"request_id": "5e0828062fe94633bc27945d340ab051", "http_status": 200, "body": {"accepted": true, "real_timestamp_ms": 1789202789227, "virtual_time_s": 2432.076246, "measure_result": "direction", "svd_deg": 156.16}}
2026-09-12 16:46:32,516 INFO request {"path": "/measure", "payload": {"arena_id": "default", "robot_id": "202601002029", "request_id": "88a5e0e9a1cd463dbf94588b217eb7c9", "position": {"x": -646.379079594586, "y": -624.2048434466105}, "channel": 16}, "attempt": 1}
2026-09-12 16:46:32,518 INFO response {"request_id": "88a5e0e9a1cd463dbf94588b217eb7c9", "http_status": 200, "body": {"accepted": true, "real_timestamp_ms": 1789202789240, "virtual_time_s": 2438.076246, "measure_result": "direction", "svd_deg": 149.38}}
2026-09-12 16:46:33,347 INFO request {"path": "/clear", "payload": {"arena_id": "default", "robot_id": "202601002029", "request_id": "9a48cf0b28f9436cb10b807e8ea1b80f", "position": {"x": -906.6704349120117, "y": -535.9619872741453}, "channel": 2}, "attempt": 1}
2026-09-12 16:46:33,364 INFO response {"request_id": "9a48cf0b28f9436cb10b807e8ea1b80f", "http_status": 200, "body": {"accepted": true, "real_timestamp_ms": 1789202790087, "virtual_time_s": 2498.044743, "clear_result": "success"}}
2026-09-12 16:46:33,377 INFO request {"path": "/measure", "payload": {"arena_id": "default", "robot_id": "202601002029", "request_id": "d5f9c0223abf4ab2b7e84a9fb3f9b93e", "position": {"x": -906.6704349120117, "y": -535.9619872741453}, "channel": 16}, "attempt": 1}
2026-09-12 16:46:33,394 INFO response {"request_id": "d5f9c0223abf4ab2b7e84a9fb3f9b93e", "http_status": 200, "body": {"accepted": true, "real_timestamp_ms": 1789202790116, "virtual_time_s": 2503.044743, "measure_result": "direction", "svd_deg": 143.86}}
2026-09-12 16:46:33,404 INFO request {"path": "/clear", "payload": {"arena_id": "default", "robot_id": "202601002029", "request_id": "b7d5d9c543014e79aa44b86d1bf75e65", "position": {"x": -1348.0169898698855, "y": -314.28207526686197}, "channel": 5}, "attempt": 1}
2026-09-12 16:46:33,423 INFO response {"request_id": "b7d5d9c543014e79aa44b86d1bf75e65", "http_status": 200, "body": {"accepted": true, "real_timestamp_ms": 1789202790145, "virtual_time_s": 2606.823033, "clear_result": "success"}}
2026-09-12 16:46:33,426 INFO request {"path": "/clear", "payload": {"arena_id": "default", "robot_id": "202601002029", "request_id": "d5842cfc92844ecab87efba68e3196c0", "position": {"x": -1481.6052442795708, "y": -119.96152753071149}, "channel": 16}, "attempt": 1}
2026-09-12 16:46:33,443 INFO response {"request_id": "d5842cfc92844ecab87efba68e3196c0", "http_status": 200, "body": {"accepted": true, "real_timestamp_ms": 1789202790165, "virtual_time_s": 2658.985008, "clear_result": "success"}}
2026-09-12 16:46:33,446 INFO request {"path": "/clear", "payload": {"arena_id": "default", "robot_id": "202601002029", "request_id": "d3d69ddc810747f88303b508d600fca0", "position": {"x": -1238.8747435322562, "y": -188.06750768514664}, "channel": 6}, "attempt": 1}
2026-09-12 16:46:33,462 INFO response {"request_id": "d3d69ddc810747f88303b508d600fca0", "http_status": 200, "body": {"accepted": true, "real_timestamp_ms": 1789202790185, "virtual_time_s": 2714.405845, "clear_result": "success"}}
2026-09-12 16:46:33,464 INFO request {"path": "/clear", "payload": {"arena_id": "default", "robot_id": "202601002029", "request_id": "3f0296210eef4aecb534ceeacd12cc32", "position": {"x": -1205.0266880770087, "y": -57.455307629875236}, "channel": 18}, "attempt": 1}
2026-09-12 16:46:33,482 INFO response {"request_id": "3f0296210eef4aecb534ceeacd12cc32", "http_status": 200, "body": {"accepted": true, "real_timestamp_ms": 1789202790204, "virtual_time_s": 2746.391202, "clear_result": "success"}}
2026-09-12 16:46:33,485 INFO request {"path": "/clear", "payload": {"arena_id": "default", "robot_id": "202601002029", "request_id": "7179fd7d144b4306a98bfa3f98da4428", "position": {"x": -874.2430891225165, "y": -293.69149712432863}, "channel": 20}, "attempt": 1}
2026-09-12 16:46:33,502 INFO response {"request_id": "7179fd7d144b4306a98bfa3f98da4428", "http_status": 200, "body": {"accepted": true, "real_timestamp_ms": 1789202790223, "virtual_time_s": 2832.687039, "clear_result": "success"}}
2026-09-12 16:46:33,505 INFO request {"path": "/measure", "payload": {"arena_id": "default", "robot_id": "202601002029", "request_id": "ed6a7da279cd44bf8c469712e9f4976b", "position": {"x": -471.261028756438, "y": 569.3639662408684}, "channel": 1}, "attempt": 1}
2026-09-12 16:46:33,520 INFO response {"request_id": "ed6a7da279cd44bf8c469712e9f4976b", "http_status": 200, "body": {"accepted": true, "real_timestamp_ms": 1789202790242, "virtual_time_s": 3029.187356, "measure_result": "direction", "svd_deg": 68.66}}
2026-09-12 16:46:33,556 INFO request {"path": "/clear", "payload": {"arena_id": "default", "robot_id": "202601002029", "request_id": "58f897409f3a422da88cf00de4c5157d", "position": {"x": -255.14863930619805, "y": 1121.8161449991658}, "channel": 1}, "attempt": 1}
2026-09-12 16:46:33,569 INFO response {"request_id": "58f897409f3a422da88cf00de4c5157d", "http_status": 200, "body": {"accepted": true, "real_timestamp_ms": 1789202790291, "virtual_time_s": 3152.83102, "clear_result": "success"}}
2026-09-12 16:46:33,600 INFO request {"path": "/measure", "payload": {"arena_id": "default", "robot_id": "202601002029", "request_id": "fca41a714feb4766966c58d7a7e3a77a", "position": {"x": -255.14863930619805, "y": 1121.8161449991658}, "channel": 8}, "attempt": 1}
2026-09-12 16:46:33,619 INFO response {"request_id": "fca41a714feb4766966c58d7a7e3a77a", "http_status": 200, "body": {"accepted": true, "real_timestamp_ms": 1789202790341, "virtual_time_s": 3158.83102, "measure_result": "direction", "svd_deg": 337.58}}
2026-09-12 16:46:33,634 INFO request {"path": "/clear", "payload": {"arena_id": "default", "robot_id": "202601002029", "request_id": "fd6904a8451444c1b824ae5948bce0e1", "position": {"x": 326.1360302975916, "y": 882.2428079373949}, "channel": 8}, "attempt": 1}
2026-09-12 16:46:33,648 INFO response {"request_id": "fd6904a8451444c1b824ae5948bce0e1", "http_status": 200, "body": {"accepted": true, "real_timestamp_ms": 1789202790370, "virtual_time_s": 3289.574768, "clear_result": "success"}}
2026-09-12 16:46:33,650 INFO request {"path": "/clear", "payload": {"arena_id": "default", "robot_id": "202601002029", "request_id": "6a6bb002008c48e9b95ea1fc6bd7cf3e", "position": {"x": 164.64810552693677, "y": 208.03239523664172}, "channel": 12}, "attempt": 1}
2026-09-12 16:46:33,668 INFO response {"request_id": "6a6bb002008c48e9b95ea1fc6bd7cf3e", "http_status": 200, "body": {"accepted": true, "real_timestamp_ms": 1789202790390, "virtual_time_s": 3433.230894, "clear_result": "success"}}
2026-09-12 16:46:33,670 INFO request {"path": "/measure", "payload": {"arena_id": "default", "robot_id": "202601002029", "request_id": "0fce132b171e4623a9192c1c8eb0b08c", "position": {"x": 958.0745758202763, "y": 234.04578615981353}, "channel": 19}, "attempt": 1}
2026-09-12 16:46:33,688 INFO response {"request_id": "0fce132b171e4623a9192c1c8eb0b08c", "http_status": 200, "body": {"accepted": true, "real_timestamp_ms": 1789202790409, "virtual_time_s": 3598.001453, "measure_result": "direction", "svd_deg": 3.2}}
2026-09-12 16:46:33,717 INFO request {"path": "/measure", "payload": {"arena_id": "default", "robot_id": "202601002029", "request_id": "15b4070fac944cbc8010b9029655fada", "position": {"x": 958.0745758202763, "y": 234.04578615981353}, "channel": 10}, "attempt": 1}
2026-09-12 16:46:33,718 INFO response {"request_id": "15b4070fac944cbc8010b9029655fada", "http_status": 200, "body": {"accepted": true, "real_timestamp_ms": 1789202790441, "virtual_time_s": 3604.001453, "measure_result": "direction", "svd_deg": 45.85}}
2026-09-12 16:46:33,722 INFO request {"path": "/clear", "payload": {"arena_id": "default", "robot_id": "202601002029", "request_id": "4756f2f38cee49b9bbf17775298d55aa", "position": {"x": 1372.2872072596379, "y": 255.9393954607634}, "channel": 19}, "attempt": 1}
2026-09-12 16:46:33,736 INFO response {"request_id": "4756f2f38cee49b9bbf17775298d55aa", "http_status": 200, "body": {"accepted": true, "real_timestamp_ms": 1789202790458, "virtual_time_s": 3691.959619, "clear_result": "success"}}
2026-09-12 16:46:33,738 INFO request {"path": "/measure", "payload": {"arena_id": "default", "robot_id": "202601002029", "request_id": "3b8b01adfc2948919420abeff6d489f7", "position": {"x": 1413.0641774448823, "y": 560.8954058376087}, "channel": 9}, "attempt": 1}
2026-09-12 16:46:33,755 INFO response {"request_id": "3b8b01adfc2948919420abeff6d489f7", "http_status": 200, "body": {"accepted": true, "real_timestamp_ms": 1789202790477, "virtual_time_s": 3759.493652, "measure_result": "direction", "svd_deg": 322.4}}
2026-09-12 16:46:33,763 INFO request {"path": "/clear", "payload": {"arena_id": "default", "robot_id": "202601002029", "request_id": "02305b32bbe14cd498d4f98d91bb5933", "position": {"x": 1428.7227871471798, "y": 729.9443111490863}, "channel": 10}, "attempt": 1}
2026-09-12 16:46:33,775 INFO response {"request_id": "02305b32bbe14cd498d4f98d91bb5933", "http_status": 200, "body": {"accepted": true, "real_timestamp_ms": 1789202790498, "virtual_time_s": 3798.448165, "clear_result": "success"}}
2026-09-12 16:46:33,776 INFO request {"path": "/clear", "payload": {"arena_id": "default", "robot_id": "202601002029", "request_id": "8e245f8203a4482182045ea2b9dfdad0", "position": {"x": 1657.4788562583567, "y": 372.9317083448888}, "channel": 9}, "attempt": 1}
2026-09-12 16:46:33,796 INFO response {"request_id": "8e245f8203a4482182045ea2b9dfdad0", "http_status": 200, "body": {"accepted": true, "real_timestamp_ms": 1789202790517, "virtual_time_s": 3888.250839, "clear_result": "success"}}
2026-09-12 16:46:33,796 INFO request {"path": "/exit", "payload": {"arena_id": "default", "robot_id": "202601002029", "request_id": "6d16893219254d679634a8ed05191798"}, "attempt": 1}
2026-09-12 16:46:33,796 INFO response {"request_id": "6d16893219254d679634a8ed05191798", "http_status": 200, "body": {"accepted": true, "real_timestamp_ms": 1789202790519, "virtual_time_s": 3888.250839, "exit_reason": "user_exit"}}
