2026-09-13 11:02:54,568 INFO request {"path": "/enter", "payload": {"arena_id": "default", "robot_id": "202601002029", "request_id": "8e878fc60f7047c5bac44d03aa722946"}, "attempt": 1}
2026-09-13 11:02:54,573 INFO response {"request_id": "8e878fc60f7047c5bac44d03aa722946", "http_status": 200, "body": {"accepted": true, "real_timestamp_ms": 1789268570509, "virtual_time_s": 0, "max_virtual_duration_s": 360000, "max_real_duration_s": 1200, "remaining_real_duration_s": 1200}}
2026-09-13 11:02:54,573 INFO request {"path": "/measure", "payload": {"arena_id": "default", "robot_id": "202601002029", "request_id": "8a5306fbf82c4a7c934374fe5e0f6a42", "position": {"x": 0.0, "y": 0.0}, "channel": 1}, "attempt": 1}
2026-09-13 11:02:54,574 INFO response {"request_id": "8a5306fbf82c4a7c934374fe5e0f6a42", "http_status": 200, "body": {"accepted": true, "real_timestamp_ms": 1789268570510, "virtual_time_s": 5, "measure_result": "no_signal"}}
2026-09-13 11:02:54,574 INFO request {"path": "/measure", "payload": {"arena_id": "default", "robot_id": "202601002029", "request_id": "681342e3602d493b928875c725a1a172", "position": {"x": 0.0, "y": 0.0}, "channel": 2}, "attempt": 1}
2026-09-13 11:02:54,575 INFO response {"request_id": "681342e3602d493b928875c725a1a172", "http_status": 200, "body": {"accepted": true, "real_timestamp_ms": 1789268570511, "virtual_time_s": 11, "measure_result": "direction", "svd_deg": 15.81}}
2026-09-13 11:02:54,584 INFO request {"path": "/measure", "payload": {"arena_id": "default", "robot_id": "202601002029", "request_id": "24f86c14d0834b68bae2fedb89abc803", "position": {"x": 0.0, "y": 0.0}, "channel": 3}, "attempt": 1}
2026-09-13 11:02:54,585 INFO response {"request_id": "24f86c14d0834b68bae2fedb89abc803", "http_status": 200, "body": {"accepted": true, "real_timestamp_ms": 1789268570521, "virtual_time_s": 17, "measure_result": "direction", "svd_deg": 142.44}}
2026-09-13 11:02:54,586 INFO request {"path": "/measure", "payload": {"arena_id": "default", "robot_id": "202601002029", "request_id": "b4110e08f4354669b1fc18ea4fcbea02", "position": {"x": 0.0, "y": 0.0}, "channel": 4}, "attempt": 1}
2026-09-13 11:02:54,588 INFO response {"request_id": "b4110e08f4354669b1fc18ea4fcbea02", "http_status": 200, "body": {"accepted": true, "real_timestamp_ms": 1789268570524, "virtual_time_s": 23, "measure_result": "no_signal"}}
2026-09-13 11:02:54,588 INFO request {"path": "/measure", "payload": {"arena_id": "default", "robot_id": "202601002029", "request_id": "0887185d1a0c4f038dc3c3e5b8b913d5", "position": {"x": 0.0, "y": 0.0}, "channel": 5}, "attempt": 1}
2026-09-13 11:02:54,590 INFO response {"request_id": "0887185d1a0c4f038dc3c3e5b8b913d5", "http_status": 200, "body": {"accepted": true, "real_timestamp_ms": 1789268570526, "virtual_time_s": 29, "measure_result": "direction", "svd_deg": 117.33}}
2026-09-13 11:02:54,592 INFO request {"path": "/measure", "payload": {"arena_id": "default", "robot_id": "202601002029", "request_id": "326b1ecf23d3445192e6d75c548563d7", "position": {"x": 0.0, "y": 0.0}, "channel": 6}, "attempt": 1}
2026-09-13 11:02:54,617 INFO response {"request_id": "326b1ecf23d3445192e6d75c548563d7", "http_status": 200, "body": {"accepted": true, "real_timestamp_ms": 1789268570553, "virtual_time_s": 35, "measure_result": "no_signal"}}
2026-09-13 11:02:54,617 INFO request {"path": "/measure", "payload": {"arena_id": "default", "robot_id": "202601002029", "request_id": "73964374e18342f39d1d06dccb84c0b3", "position": {"x": 0.0, "y": 0.0}, "channel": 7}, "attempt": 1}
2026-09-13 11:02:54,633 INFO response {"request_id": "73964374e18342f39d1d06dccb84c0b3", "http_status": 200, "body": {"accepted": true, "real_timestamp_ms": 1789268570570, "virtual_time_s": 41, "measure_result": "direction", "svd_deg": 229.66}}
2026-09-13 11:02:54,636 INFO request {"path": "/measure", "payload": {"arena_id": "default", "robot_id": "202601002029", "request_id": "347f2ce07b4f44aa890416b59a701b87", "position": {"x": 0.0, "y": 0.0}, "channel": 8}, "attempt": 1}
2026-09-13 11:02:54,650 INFO response {"request_id": "347f2ce07b4f44aa890416b59a701b87", "http_status": 200, "body": {"accepted": true, "real_timestamp_ms": 1789268570586, "virtual_time_s": 47, "measure_result": "no_signal"}}
2026-09-13 11:02:54,650 INFO request {"path": "/measure", "payload": {"arena_id": "default", "robot_id": "202601002029", "request_id": "25ac6b6b80d7445fb5d8be70f6263bf2", "position": {"x": 0.0, "y": 0.0}, "channel": 9}, "attempt": 1}
2026-09-13 11:02:54,665 INFO response {"request_id": "25ac6b6b80d7445fb5d8be70f6263bf2", "http_status": 200, "body": {"accepted": true, "real_timestamp_ms": 1789268570601, "virtual_time_s": 53, "measure_result": "direction", "svd_deg": 8.16}}
2026-09-13 11:02:54,668 INFO request {"path": "/measure", "payload": {"arena_id": "default", "robot_id": "202601002029", "request_id": "da296f219b2c44fd837f0c67291d94ed", "position": {"x": 0.0, "y": 0.0}, "channel": 10}, "attempt": 1}
2026-09-13 11:02:54,681 INFO response {"request_id": "da296f219b2c44fd837f0c67291d94ed", "http_status": 200, "body": {"accepted": true, "real_timestamp_ms": 1789268570616, "virtual_time_s": 59, "measure_result": "direction", "svd_deg": 26.96}}
2026-09-13 11:02:54,682 INFO request {"path": "/measure", "payload": {"arena_id": "default", "robot_id": "202601002029", "request_id": "84802c3f0b4f434ea777f4a8b645a2b3", "position": {"x": 0.0, "y": 0.0}, "channel": 11}, "attempt": 1}
2026-09-13 11:02:54,696 INFO response {"request_id": "84802c3f0b4f434ea777f4a8b645a2b3", "http_status": 200, "body": {"accepted": true, "real_timestamp_ms": 1789268570632, "virtual_time_s": 65, "measure_result": "direction", "svd_deg": 224.97}}
2026-09-13 11:02:54,700 INFO request {"path": "/measure", "payload": {"arena_id": "default", "robot_id": "202601002029", "request_id": "a1e78b22fa654909a44711b2802f858c", "position": {"x": 0.0, "y": 0.0}, "channel": 12}, "attempt": 1}
2026-09-13 11:02:54,711 INFO response {"request_id": "a1e78b22fa654909a44711b2802f858c", "http_status": 200, "body": {"accepted": true, "real_timestamp_ms": 1789268570648, "virtual_time_s": 71, "measure_result": "no_signal"}}
2026-09-13 11:02:54,712 INFO request {"path": "/measure", "payload": {"arena_id": "default", "robot_id": "202601002029", "request_id": "93372bfe76884f54ae3a87349e66e0b3", "position": {"x": 0.0, "y": 0.0}, "channel": 13}, "attempt": 1}
2026-09-13 11:02:54,712 INFO response {"request_id": "93372bfe76884f54ae3a87349e66e0b3", "http_status": 200, "body": {"accepted": true, "real_timestamp_ms": 1789268570649, "virtual_time_s": 77, "measure_result": "no_signal"}}
2026-09-13 11:02:54,713 INFO request {"path": "/measure", "payload": {"arena_id": "default", "robot_id": "202601002029", "request_id": "9f4c8f16fd864f778e313b1635cc21f2", "position": {"x": 0.0, "y": 0.0}, "channel": 14}, "attempt": 1}
2026-09-13 11:02:54,713 INFO response {"request_id": "9f4c8f16fd864f778e313b1635cc21f2", "http_status": 200, "body": {"accepted": true, "real_timestamp_ms": 1789268570650, "virtual_time_s": 83, "measure_result": "no_signal"}}
2026-09-13 11:02:54,713 INFO request {"path": "/measure", "payload": {"arena_id": "default", "robot_id": "202601002029", "request_id": "357916b889a843749aa4c34ccadfef26", "position": {"x": 0.0, "y": 0.0}, "channel": 15}, "attempt": 1}
2026-09-13 11:02:54,727 INFO response {"request_id": "357916b889a843749aa4c34ccadfef26", "http_status": 200, "body": {"accepted": true, "real_timestamp_ms": 1789268570663, "virtual_time_s": 89, "measure_result": "no_signal"}}
2026-09-13 11:02:54,727 INFO request {"path": "/measure", "payload": {"arena_id": "default", "robot_id": "202601002029", "request_id": "4a9b4a6397404dbfbdeb8d4e0df55bce", "position": {"x": 0.0, "y": 0.0}, "channel": 16}, "attempt": 1}
2026-09-13 11:02:54,744 INFO response {"request_id": "4a9b4a6397404dbfbdeb8d4e0df55bce", "http_status": 200, "body": {"accepted": true, "real_timestamp_ms": 1789268570680, "virtual_time_s": 95, "measure_result": "no_signal"}}
2026-09-13 11:02:54,744 INFO request {"path": "/measure", "payload": {"arena_id": "default", "robot_id": "202601002029", "request_id": "2ea17608ac4c4e189ca29695c1d85427", "position": {"x": 0.0, "y": 0.0}, "channel": 17}, "attempt": 1}
2026-09-13 11:02:54,748 INFO response {"request_id": "2ea17608ac4c4e189ca29695c1d85427", "http_status": 200, "body": {"accepted": true, "real_timestamp_ms": 1789268570684, "virtual_time_s": 101, "measure_result": "no_signal"}}
2026-09-13 11:02:54,749 INFO request {"path": "/measure", "payload": {"arena_id": "default", "robot_id": "202601002029", "request_id": "21eb72587f5c414087b53f2498b13222", "position": {"x": 0.0, "y": 0.0}, "channel": 18}, "attempt": 1}
2026-09-13 11:02:54,750 INFO response {"request_id": "21eb72587f5c414087b53f2498b13222", "http_status": 200, "body": {"accepted": true, "real_timestamp_ms": 1789268570686, "virtual_time_s": 107, "measure_result": "no_signal"}}
2026-09-13 11:02:54,750 INFO request {"path": "/measure", "payload": {"arena_id": "default", "robot_id": "202601002029", "request_id": "c655d4ddc8794c73a02d57734b8481ab", "position": {"x": 0.0, "y": 0.0}, "channel": 19}, "attempt": 1}
2026-09-13 11:02:54,751 INFO response {"request_id": "c655d4ddc8794c73a02d57734b8481ab", "http_status": 200, "body": {"accepted": true, "real_timestamp_ms": 1789268570688, "virtual_time_s": 113, "measure_result": "direction", "svd_deg": 354.1}}
2026-09-13 11:02:54,756 INFO request {"path": "/measure", "payload": {"arena_id": "default", "robot_id": "202601002029", "request_id": "9c89c4bb7492476399979b642601a7bf", "position": {"x": 0.0, "y": 0.0}, "channel": 20}, "attempt": 1}
2026-09-13 11:02:54,757 INFO response {"request_id": "9c89c4bb7492476399979b642601a7bf", "http_status": 200, "body": {"accepted": true, "real_timestamp_ms": 1789268570693, "virtual_time_s": 119, "measure_result": "no_signal"}}
2026-09-13 11:02:54,758 INFO request {"path": "/measure", "payload": {"arena_id": "default", "robot_id": "202601002029", "request_id": "ada296468cfd4c0197609a4b677da75c", "position": {"x": 1130.0, "y": 0.0}, "channel": 20}, "attempt": 1}
2026-09-13 11:02:54,760 INFO response {"request_id": "ada296468cfd4c0197609a4b677da75c", "http_status": 200, "body": {"accepted": true, "real_timestamp_ms": 1789268570696, "virtual_time_s": 350, "measure_result": "no_signal"}}
2026-09-13 11:02:54,760 INFO request {"path": "/measure", "payload": {"arena_id": "default", "robot_id": "202601002029", "request_id": "2ac22d09bd7a44168ca36ac994e8082c", "position": {"x": 1130.0, "y": 0.0}, "channel": 1}, "attempt": 1}
2026-09-13 11:02:54,774 INFO response {"request_id": "2ac22d09bd7a44168ca36ac994e8082c", "http_status": 200, "body": {"accepted": true, "real_timestamp_ms": 1789268570710, "virtual_time_s": 356, "measure_result": "no_signal"}}
2026-09-13 11:02:54,774 INFO request {"path": "/measure", "payload": {"arena_id": "default", "robot_id": "202601002029", "request_id": "f2cb04b92e3e4d09a8349bd3008d826f", "position": {"x": 1130.0, "y": 0.0}, "channel": 4}, "attempt": 1}
2026-09-13 11:02:54,790 INFO response {"request_id": "f2cb04b92e3e4d09a8349bd3008d826f", "http_status": 200, "body": {"accepted": true, "real_timestamp_ms": 1789268570725, "virtual_time_s": 362, "measure_result": "no_signal"}}
2026-09-13 11:02:54,790 INFO request {"path": "/measure", "payload": {"arena_id": "default", "robot_id": "202601002029", "request_id": "5017f34973e9445e97fbbce172b29612", "position": {"x": 1130.0, "y": 0.0}, "channel": 6}, "attempt": 1}
2026-09-13 11:02:54,793 INFO response {"request_id": "5017f34973e9445e97fbbce172b29612", "http_status": 200, "body": {"accepted": true, "real_timestamp_ms": 1789268570728, "virtual_time_s": 368, "measure_result": "no_signal"}}
2026-09-13 11:02:54,793 INFO request {"path": "/measure", "payload": {"arena_id": "default", "robot_id": "202601002029", "request_id": "22960b0437df453986b9ce20f73d101e", "position": {"x": 1130.0, "y": 0.0}, "channel": 8}, "attempt": 1}
2026-09-13 11:02:54,795 INFO response {"request_id": "22960b0437df453986b9ce20f73d101e", "http_status": 200, "body": {"accepted": true, "real_timestamp_ms": 1789268570730, "virtual_time_s": 374, "measure_result": "no_signal"}}
2026-09-13 11:02:54,795 INFO request {"path": "/measure", "payload": {"arena_id": "default", "robot_id": "202601002029", "request_id": "97522bc304a24af4acd2de6e12de01ad", "position": {"x": 1130.0, "y": 0.0}, "channel": 12}, "attempt": 1}
2026-09-13 11:02:54,798 INFO response {"request_id": "97522bc304a24af4acd2de6e12de01ad", "http_status": 200, "body": {"accepted": true, "real_timestamp_ms": 1789268570733, "virtual_time_s": 380, "measure_result": "direction", "svd_deg": 48.79}}
2026-09-13 11:02:54,802 INFO request {"path": "/measure", "payload": {"arena_id": "default", "robot_id": "202601002029", "request_id": "959b54c45a4a4fadaca46a840ff998c5", "position": {"x": 1130.0, "y": 0.0}, "channel": 13}, "attempt": 1}
2026-09-13 11:02:54,820 INFO response {"request_id": "959b54c45a4a4fadaca46a840ff998c5", "http_status": 200, "body": {"accepted": true, "real_timestamp_ms": 1789268570756, "virtual_time_s": 386, "measure_result": "no_signal"}}
2026-09-13 11:02:54,820 INFO request {"path": "/measure", "payload": {"arena_id": "default", "robot_id": "202601002029", "request_id": "ffad65d896ab40ada413e32464a3ffa5", "position": {"x": 1130.0, "y": 0.0}, "channel": 14}, "attempt": 1}
2026-09-13 11:02:54,823 INFO response {"request_id": "ffad65d896ab40ada413e32464a3ffa5", "http_status": 200, "body": {"accepted": true, "real_timestamp_ms": 1789268570758, "virtual_time_s": 392, "measure_result": "no_signal"}}
2026-09-13 11:02:54,823 INFO request {"path": "/measure", "payload": {"arena_id": "default", "robot_id": "202601002029", "request_id": "5fefdefd0974417eb8014bb1f53bff54", "position": {"x": 1130.0, "y": 0.0}, "channel": 15}, "attempt": 1}
2026-09-13 11:02:54,836 INFO response {"request_id": "5fefdefd0974417eb8014bb1f53bff54", "http_status": 200, "body": {"accepted": true, "real_timestamp_ms": 1789268570772, "virtual_time_s": 398, "measure_result": "no_signal"}}
2026-09-13 11:02:54,836 INFO request {"path": "/measure", "payload": {"arena_id": "default", "robot_id": "202601002029", "request_id": "07283a81186a4598b323a13d03151322", "position": {"x": 1130.0, "y": 0.0}, "channel": 16}, "attempt": 1}
2026-09-13 11:02:54,852 INFO response {"request_id": "07283a81186a4598b323a13d03151322", "http_status": 200, "body": {"accepted": true, "real_timestamp_ms": 1789268570787, "virtual_time_s": 404, "measure_result": "no_signal"}}
2026-09-13 11:02:54,852 INFO request {"path": "/measure", "payload": {"arena_id": "default", "robot_id": "202601002029", "request_id": "6ead7967a59b4983a7534178453fbfa1", "position": {"x": 1130.0, "y": 0.0}, "channel": 17}, "attempt": 1}
2026-09-13 11:02:54,867 INFO response {"request_id": "6ead7967a59b4983a7534178453fbfa1", "http_status": 200, "body": {"accepted": true, "real_timestamp_ms": 1789268570803, "virtual_time_s": 410, "measure_result": "no_signal"}}
2026-09-13 11:02:54,867 INFO request {"path": "/measure", "payload": {"arena_id": "default", "robot_id": "202601002029", "request_id": "571b72027744414b9473691cd3363418", "position": {"x": 1130.0, "y": 0.0}, "channel": 18}, "attempt": 1}
2026-09-13 11:02:54,882 INFO response {"request_id": "571b72027744414b9473691cd3363418", "http_status": 200, "body": {"accepted": true, "real_timestamp_ms": 1789268570818, "virtual_time_s": 416, "measure_result": "no_signal"}}
2026-09-13 11:02:54,937 INFO request {"path": "/measure", "payload": {"arena_id": "default", "robot_id": "202601002029", "request_id": "3a19dc607da04cc681b5bbd6f65b3e4f", "position": {"x": 1130.0, "y": 0.0}, "channel": 10}, "attempt": 1}
2026-09-13 11:02:54,939 INFO response {"request_id": "3a19dc607da04cc681b5bbd6f65b3e4f", "http_status": 200, "body": {"accepted": true, "real_timestamp_ms": 1789268570875, "virtual_time_s": 422, "measure_result": "direction", "svd_deg": 92.06}}
2026-09-13 11:02:54,969 INFO request {"path": "/measure", "payload": {"arena_id": "default", "robot_id": "202601002029", "request_id": "a92ff61df9024fd195eb582597cdbcc9", "position": {"x": 1130.0, "y": 0.0}, "channel": 2}, "attempt": 1}
2026-09-13 11:02:54,991 INFO response {"request_id": "a92ff61df9024fd195eb582597cdbcc9", "http_status": 200, "body": {"accepted": true, "real_timestamp_ms": 1789268570927, "virtual_time_s": 428, "measure_result": "direction", "svd_deg": 120.12}}
2026-09-13 11:02:54,993 INFO request {"path": "/measure", "payload": {"arena_id": "default", "robot_id": "202601002029", "request_id": "e1823db68d4246209195f7425e85a469", "position": {"x": 565.0000000000001, "y": 978.6087062764157}, "channel": 1}, "attempt": 1}
2026-09-13 11:02:55,007 INFO response {"request_id": "e1823db68d4246209195f7425e85a469", "http_status": 200, "body": {"accepted": true, "real_timestamp_ms": 1789268570943, "virtual_time_s": 660, "measure_result": "no_signal"}}
2026-09-13 11:02:55,007 INFO request {"path": "/measure", "payload": {"arena_id": "default", "robot_id": "202601002029", "request_id": "9880372305dc4c50bf993fee73359ff6", "position": {"x": 565.0000000000001, "y": 978.6087062764157}, "channel": 4}, "attempt": 1}
2026-09-13 11:02:55,008 INFO response {"request_id": "9880372305dc4c50bf993fee73359ff6", "http_status": 200, "body": {"accepted": true, "real_timestamp_ms": 1789268570944, "virtual_time_s": 666, "measure_result": "no_signal"}}
2026-09-13 11:02:55,008 INFO request {"path": "/measure", "payload": {"arena_id": "default", "robot_id": "202601002029", "request_id": "305e958d9ff54847b80a1c3c8de4066f", "position": {"x": 565.0000000000001, "y": 978.6087062764157}, "channel": 6}, "attempt": 1}
2026-09-13 11:02:55,009 INFO response {"request_id": "305e958d9ff54847b80a1c3c8de4066f", "http_status": 200, "body": {"accepted": true, "real_timestamp_ms": 1789268570945, "virtual_time_s": 672, "measure_result": "no_signal"}}
2026-09-13 11:02:55,009 INFO request {"path": "/measure", "payload": {"arena_id": "default", "robot_id": "202601002029", "request_id": "b032469ee9a94314a439dec57fc886ec", "position": {"x": 565.0000000000001, "y": 978.6087062764157}, "channel": 8}, "attempt": 1}
2026-09-13 11:02:55,023 INFO response {"request_id": "b032469ee9a94314a439dec57fc886ec", "http_status": 200, "body": {"accepted": true, "real_timestamp_ms": 1789268570959, "virtual_time_s": 678, "measure_result": "no_signal"}}
2026-09-13 11:02:55,023 INFO request {"path": "/measure", "payload": {"arena_id": "default", "robot_id": "202601002029", "request_id": "78d5e7c04f5f4f8e837538ddf386d26e", "position": {"x": 565.0000000000001, "y": 978.6087062764157}, "channel": 13}, "attempt": 1}
2026-09-13 11:02:55,024 INFO response {"request_id": "78d5e7c04f5f4f8e837538ddf386d26e", "http_status": 200, "body": {"accepted": true, "real_timestamp_ms": 1789268570960, "virtual_time_s": 684, "measure_result": "no_signal"}}
2026-09-13 11:02:55,024 INFO request {"path": "/measure", "payload": {"arena_id": "default", "robot_id": "202601002029", "request_id": "fc5a707849c24901813813d7cd59de9e", "position": {"x": 565.0000000000001, "y": 978.6087062764157}, "channel": 14}, "attempt": 1}
2026-09-13 11:02:55,038 INFO response {"request_id": "fc5a707849c24901813813d7cd59de9e", "http_status": 200, "body": {"accepted": true, "real_timestamp_ms": 1789268570974, "virtual_time_s": 690, "measure_result": "no_signal"}}
2026-09-13 11:02:55,038 INFO request {"path": "/measure", "payload": {"arena_id": "default", "robot_id": "202601002029", "request_id": "7247690646234fff8b646fd9ca3f4e32", "position": {"x": 565.0000000000001, "y": 978.6087062764157}, "channel": 15}, "attempt": 1}
2026-09-13 11:02:55,039 INFO response {"request_id": "7247690646234fff8b646fd9ca3f4e32", "http_status": 200, "body": {"accepted": true, "real_timestamp_ms": 1789268570976, "virtual_time_s": 696, "measure_result": "no_signal"}}
2026-09-13 11:02:55,040 INFO request {"path": "/measure", "payload": {"arena_id": "default", "robot_id": "202601002029", "request_id": "f4c6d4468296479985c64a1583bbd2e9", "position": {"x": 565.0000000000001, "y": 978.6087062764157}, "channel": 16}, "attempt": 1}
2026-09-13 11:02:55,054 INFO response {"request_id": "f4c6d4468296479985c64a1583bbd2e9", "http_status": 200, "body": {"accepted": true, "real_timestamp_ms": 1789268570990, "virtual_time_s": 702, "measure_result": "no_signal"}}
2026-09-13 11:02:55,054 INFO request {"path": "/measure", "payload": {"arena_id": "default", "robot_id": "202601002029", "request_id": "3d19f19b03fb4b28b5b6e28b3eeb43c0", "position": {"x": 565.0000000000001, "y": 978.6087062764157}, "channel": 17}, "attempt": 1}
2026-09-13 11:02:55,055 INFO response {"request_id": "3d19f19b03fb4b28b5b6e28b3eeb43c0", "http_status": 200, "body": {"accepted": true, "real_timestamp_ms": 1789268570991, "virtual_time_s": 708, "measure_result": "no_signal"}}
2026-09-13 11:02:55,055 INFO request {"path": "/measure", "payload": {"arena_id": "default", "robot_id": "202601002029", "request_id": "1516a449455c46f3b21e2375ac64a167", "position": {"x": 565.0000000000001, "y": 978.6087062764157}, "channel": 18}, "attempt": 1}
2026-09-13 11:02:55,056 INFO response {"request_id": "1516a449455c46f3b21e2375ac64a167", "http_status": 200, "body": {"accepted": true, "real_timestamp_ms": 1789268570992, "virtual_time_s": 714, "measure_result": "no_signal"}}
2026-09-13 11:02:55,056 INFO request {"path": "/measure", "payload": {"arena_id": "default", "robot_id": "202601002029", "request_id": "d1e1df49b0994bdf97d68da5e543f4bb", "position": {"x": 565.0000000000001, "y": 978.6087062764157}, "channel": 20}, "attempt": 1}
2026-09-13 11:02:55,070 INFO response {"request_id": "d1e1df49b0994bdf97d68da5e543f4bb", "http_status": 200, "body": {"accepted": true, "real_timestamp_ms": 1789268571006, "virtual_time_s": 720, "measure_result": "direction", "svd_deg": 28.27}}
2026-09-13 11:02:55,122 INFO request {"path": "/measure", "payload": {"arena_id": "default", "robot_id": "202601002029", "request_id": "95611e3329914806b9629d482c383c6f", "position": {"x": 565.0000000000001, "y": 978.6087062764157}, "channel": 9}, "attempt": 1}
2026-09-13 11:02:55,123 INFO response {"request_id": "95611e3329914806b9629d482c383c6f", "http_status": 200, "body": {"accepted": true, "real_timestamp_ms": 1789268571059, "virtual_time_s": 726, "measure_result": "direction", "svd_deg": 247.24}}
2026-09-13 11:02:55,152 INFO request {"path": "/measure", "payload": {"arena_id": "default", "robot_id": "202601002029", "request_id": "1bd63de31f1946d6915a2d9deaa5da5e", "position": {"x": 565.0000000000001, "y": 978.6087062764157}, "channel": 10}, "attempt": 1}
2026-09-13 11:02:55,164 INFO response {"request_id": "1bd63de31f1946d6915a2d9deaa5da5e", "http_status": 200, "body": {"accepted": true, "real_timestamp_ms": 1789268571100, "virtual_time_s": 732, "measure_result": "direction", "svd_deg": 323.49}}
2026-09-13 11:02:55,167 INFO request {"path": "/measure", "payload": {"arena_id": "default", "robot_id": "202601002029", "request_id": "c11c057021734ce8a516a237d3538383", "position": {"x": -564.9999999999998, "y": 978.6087062764158}, "channel": 1}, "attempt": 1}
2026-09-13 11:02:55,179 INFO response {"request_id": "c11c057021734ce8a516a237d3538383", "http_status": 200, "body": {"accepted": true, "real_timestamp_ms": 1789268571115, "virtual_time_s": 964, "measure_result": "no_signal"}}
2026-09-13 11:02:55,179 INFO request {"path": "/measure", "payload": {"arena_id": "default", "robot_id": "202601002029", "request_id": "b9686f3036dc4142bfc8847401131fec", "position": {"x": -564.9999999999998, "y": 978.6087062764158}, "channel": 4}, "attempt": 1}
2026-09-13 11:02:55,180 INFO response {"request_id": "b9686f3036dc4142bfc8847401131fec", "http_status": 200, "body": {"accepted": true, "real_timestamp_ms": 1789268571116, "virtual_time_s": 970, "measure_result": "no_signal"}}
2026-09-13 11:02:55,180 INFO request {"path": "/measure", "payload": {"arena_id": "default", "robot_id": "202601002029", "request_id": "3c489d2116314887a8f1ddf3597aa403", "position": {"x": -564.9999999999998, "y": 978.6087062764158}, "channel": 6}, "attempt": 1}
2026-09-13 11:02:55,181 INFO response {"request_id": "3c489d2116314887a8f1ddf3597aa403", "http_status": 200, "body": {"accepted": true, "real_timestamp_ms": 1789268571117, "virtual_time_s": 976, "measure_result": "direction", "svd_deg": 137.81}}
2026-09-13 11:02:55,182 INFO request {"path": "/measure", "payload": {"arena_id": "default", "robot_id": "202601002029", "request_id": "30293038a96247b594f3f042f98159d7", "position": {"x": -564.9999999999998, "y": 978.6087062764158}, "channel": 8}, "attempt": 1}
2026-09-13 11:02:55,183 INFO response {"request_id": "30293038a96247b594f3f042f98159d7", "http_status": 200, "body": {"accepted": true, "real_timestamp_ms": 1789268571119, "virtual_time_s": 982, "measure_result": "no_signal"}}
2026-09-13 11:02:55,183 INFO request {"path": "/measure", "payload": {"arena_id": "default", "robot_id": "202601002029", "request_id": "ae97498209f24428b5a690f93e284794", "position": {"x": -564.9999999999998, "y": 978.6087062764158}, "channel": 13}, "attempt": 1}
2026-09-13 11:02:55,184 INFO response {"request_id": "ae97498209f24428b5a690f93e284794", "http_status": 200, "body": {"accepted": true, "real_timestamp_ms": 1789268571120, "virtual_time_s": 988, "measure_result": "no_signal"}}
2026-09-13 11:02:55,184 INFO request {"path": "/measure", "payload": {"arena_id": "default", "robot_id": "202601002029", "request_id": "7c0b097ee65f407287c066b00bc79410", "position": {"x": -564.9999999999998, "y": 978.6087062764158}, "channel": 14}, "attempt": 1}
2026-09-13 11:02:55,184 INFO response {"request_id": "7c0b097ee65f407287c066b00bc79410", "http_status": 200, "body": {"accepted": true, "real_timestamp_ms": 1789268571121, "virtual_time_s": 994, "measure_result": "no_signal"}}
2026-09-13 11:02:55,184 INFO request {"path": "/measure", "payload": {"arena_id": "default", "robot_id": "202601002029", "request_id": "7ee86631d427432aaaf1b2384e85ff95", "position": {"x": -564.9999999999998, "y": 978.6087062764158}, "channel": 15}, "attempt": 1}
2026-09-13 11:02:55,185 INFO response {"request_id": "7ee86631d427432aaaf1b2384e85ff95", "http_status": 200, "body": {"accepted": true, "real_timestamp_ms": 1789268571122, "virtual_time_s": 1000, "measure_result": "no_signal"}}
2026-09-13 11:02:55,185 INFO request {"path": "/measure", "payload": {"arena_id": "default", "robot_id": "202601002029", "request_id": "97672a971ab44fb488e986fe3f3c9022", "position": {"x": -564.9999999999998, "y": 978.6087062764158}, "channel": 16}, "attempt": 1}
2026-09-13 11:02:55,186 INFO response {"request_id": "97672a971ab44fb488e986fe3f3c9022", "http_status": 200, "body": {"accepted": true, "real_timestamp_ms": 1789268571122, "virtual_time_s": 1006, "measure_result": "no_signal"}}
2026-09-13 11:02:55,186 INFO request {"path": "/measure", "payload": {"arena_id": "default", "robot_id": "202601002029", "request_id": "f1fac8c8bfc642aa81fc45a828a42893", "position": {"x": -564.9999999999998, "y": 978.6087062764158}, "channel": 17}, "attempt": 1}
2026-09-13 11:02:55,187 INFO response {"request_id": "f1fac8c8bfc642aa81fc45a828a42893", "http_status": 200, "body": {"accepted": true, "real_timestamp_ms": 1789268571123, "virtual_time_s": 1012, "measure_result": "no_signal"}}
2026-09-13 11:02:55,187 INFO request {"path": "/measure", "payload": {"arena_id": "default", "robot_id": "202601002029", "request_id": "8277671ff5ef42508756db25496b0eeb", "position": {"x": -564.9999999999998, "y": 978.6087062764158}, "channel": 18}, "attempt": 1}
2026-09-13 11:02:55,187 INFO response {"request_id": "8277671ff5ef42508756db25496b0eeb", "http_status": 200, "body": {"accepted": true, "real_timestamp_ms": 1789268571124, "virtual_time_s": 1018, "measure_result": "no_signal"}}
2026-09-13 11:02:55,198 INFO request {"path": "/measure", "payload": {"arena_id": "default", "robot_id": "202601002029", "request_id": "9abc6ae784994ffa84861d10c3731b69", "position": {"x": -564.9999999999998, "y": 978.6087062764158}, "channel": 3}, "attempt": 1}
2026-09-13 11:02:55,199 INFO response {"request_id": "9abc6ae784994ffa84861d10c3731b69", "http_status": 200, "body": {"accepted": true, "real_timestamp_ms": 1789268571135, "virtual_time_s": 1024, "measure_result": "direction", "svd_deg": 252.63}}
2026-09-13 11:02:55,204 INFO request {"path": "/measure", "payload": {"arena_id": "default", "robot_id": "202601002029", "request_id": "477da0e7cb874e5ebbfd966353f7d8cf", "position": {"x": -1130.0, "y": 1.3838508830365092e-13}, "channel": 1}, "attempt": 1}
2026-09-13 11:02:55,205 INFO response {"request_id": "477da0e7cb874e5ebbfd966353f7d8cf", "http_status": 200, "body": {"accepted": true, "real_timestamp_ms": 1789268571142, "virtual_time_s": 1256, "measure_result": "no_signal"}}
2026-09-13 11:02:55,206 INFO request {"path": "/measure", "payload": {"arena_id": "default", "robot_id": "202601002029", "request_id": "002f1f7e1bf34451843dfdb792460eb4", "position": {"x": -1130.0, "y": 1.3838508830365092e-13}, "channel": 4}, "attempt": 1}
2026-09-13 11:02:55,206 INFO response {"request_id": "002f1f7e1bf34451843dfdb792460eb4", "http_status": 200, "body": {"accepted": true, "real_timestamp_ms": 1789268571143, "virtual_time_s": 1262, "measure_result": "no_signal"}}
2026-09-13 11:02:55,206 INFO request {"path": "/measure", "payload": {"arena_id": "default", "robot_id": "202601002029", "request_id": "6804efa5cf654448ab7326b7afa3a2de", "position": {"x": -1130.0, "y": 1.3838508830365092e-13}, "channel": 8}, "attempt": 1}
2026-09-13 11:02:55,207 INFO response {"request_id": "6804efa5cf654448ab7326b7afa3a2de", "http_status": 200, "body": {"accepted": true, "real_timestamp_ms": 1789268571143, "virtual_time_s": 1268, "measure_result": "no_signal"}}
2026-09-13 11:02:55,207 INFO request {"path": "/measure", "payload": {"arena_id": "default", "robot_id": "202601002029", "request_id": "1903e9a78bde45c891c66d8052d03288", "position": {"x": -1130.0, "y": 1.3838508830365092e-13}, "channel": 13}, "attempt": 1}
2026-09-13 11:02:55,207 INFO response {"request_id": "1903e9a78bde45c891c66d8052d03288", "http_status": 200, "body": {"accepted": true, "real_timestamp_ms": 1789268571144, "virtual_time_s": 1274, "measure_result": "no_signal"}}
2026-09-13 11:02:55,207 INFO request {"path": "/measure", "payload": {"arena_id": "default", "robot_id": "202601002029", "request_id": "409c6652b0494cb1b0d2df8ebb68d291", "position": {"x": -1130.0, "y": 1.3838508830365092e-13}, "channel": 14}, "attempt": 1}
2026-09-13 11:02:55,208 INFO response {"request_id": "409c6652b0494cb1b0d2df8ebb68d291", "http_status": 200, "body": {"accepted": true, "real_timestamp_ms": 1789268571145, "virtual_time_s": 1280, "measure_result": "no_signal"}}
2026-09-13 11:02:55,208 INFO request {"path": "/measure", "payload": {"arena_id": "default", "robot_id": "202601002029", "request_id": "5c8419c6c037460c9a7c69e279331fa9", "position": {"x": -1130.0, "y": 1.3838508830365092e-13}, "channel": 15}, "attempt": 1}
2026-09-13 11:02:55,209 INFO response {"request_id": "5c8419c6c037460c9a7c69e279331fa9", "http_status": 200, "body": {"accepted": true, "real_timestamp_ms": 1789268571145, "virtual_time_s": 1286, "measure_result": "no_signal"}}
2026-09-13 11:02:55,209 INFO request {"path": "/measure", "payload": {"arena_id": "default", "robot_id": "202601002029", "request_id": "c1ad997f59ab4fbb8cc96b6e50abe604", "position": {"x": -1130.0, "y": 1.3838508830365092e-13}, "channel": 16}, "attempt": 1}
2026-09-13 11:02:55,210 INFO response {"request_id": "c1ad997f59ab4fbb8cc96b6e50abe604", "http_status": 200, "body": {"accepted": true, "real_timestamp_ms": 1789268571146, "virtual_time_s": 1292, "measure_result": "no_signal"}}
2026-09-13 11:02:55,210 INFO request {"path": "/measure", "payload": {"arena_id": "default", "robot_id": "202601002029", "request_id": "9578e56c29534e8cbc32655ec0586589", "position": {"x": -1130.0, "y": 1.3838508830365092e-13}, "channel": 17}, "attempt": 1}
2026-09-13 11:02:55,224 INFO response {"request_id": "9578e56c29534e8cbc32655ec0586589", "http_status": 200, "body": {"accepted": true, "real_timestamp_ms": 1789268571160, "virtual_time_s": 1298, "measure_result": "no_signal"}}
2026-09-13 11:02:55,225 INFO request {"path": "/measure", "payload": {"arena_id": "default", "robot_id": "202601002029", "request_id": "41f4c4dc096b49f899a1cef3ef93244f", "position": {"x": -1130.0, "y": 1.3838508830365092e-13}, "channel": 18}, "attempt": 1}
2026-09-13 11:02:55,225 INFO response {"request_id": "41f4c4dc096b49f899a1cef3ef93244f", "http_status": 200, "body": {"accepted": true, "real_timestamp_ms": 1789268571161, "virtual_time_s": 1304, "measure_result": "no_signal"}}
2026-09-13 11:02:55,251 INFO request {"path": "/measure", "payload": {"arena_id": "default", "robot_id": "202601002029", "request_id": "1dd257b0e7304e4699becfed2e31779e", "position": {"x": -1130.0, "y": 1.3838508830365092e-13}, "channel": 3}, "attempt": 1}
2026-09-13 11:02:55,251 INFO response {"request_id": "1dd257b0e7304e4699becfed2e31779e", "http_status": 200, "body": {"accepted": true, "real_timestamp_ms": 1789268571188, "virtual_time_s": 1310, "measure_result": "direction", "svd_deg": 51.66}}
2026-09-13 11:02:55,271 INFO request {"path": "/measure", "payload": {"arena_id": "default", "robot_id": "202601002029", "request_id": "d31297b5595646cfb85ceffb466d138c", "position": {"x": -1130.0, "y": 1.3838508830365092e-13}, "channel": 11}, "attempt": 1}
2026-09-13 11:02:55,272 INFO response {"request_id": "d31297b5595646cfb85ceffb466d138c", "http_status": 200, "body": {"accepted": true, "real_timestamp_ms": 1789268571208, "virtual_time_s": 1316, "measure_result": "direction", "svd_deg": 300.78}}
2026-09-13 11:02:55,275 INFO request {"path": "/measure", "payload": {"arena_id": "default", "robot_id": "202601002029", "request_id": "9fe01af4dc944965acbab7dd10719dc6", "position": {"x": -565.0000000000005, "y": -978.6087062764154}, "channel": 1}, "attempt": 1}
2026-09-13 11:02:55,276 INFO response {"request_id": "9fe01af4dc944965acbab7dd10719dc6", "http_status": 200, "body": {"accepted": true, "real_timestamp_ms": 1789268571212, "virtual_time_s": 1548, "measure_result": "no_signal"}}
2026-09-13 11:02:55,276 INFO request {"path": "/measure", "payload": {"arena_id": "default", "robot_id": "202601002029", "request_id": "50fd5120f9104c468d806cf880adc4fa", "position": {"x": -565.0000000000005, "y": -978.6087062764154}, "channel": 4}, "attempt": 1}
2026-09-13 11:02:55,277 INFO response {"request_id": "50fd5120f9104c468d806cf880adc4fa", "http_status": 200, "body": {"accepted": true, "real_timestamp_ms": 1789268571213, "virtual_time_s": 1554, "measure_result": "no_signal"}}
2026-09-13 11:02:55,277 INFO request {"path": "/measure", "payload": {"arena_id": "default", "robot_id": "202601002029", "request_id": "c3b1d50bf30e4529b1b74d88e672d713", "position": {"x": -565.0000000000005, "y": -978.6087062764154}, "channel": 8}, "attempt": 1}
2026-09-13 11:02:55,277 INFO response {"request_id": "c3b1d50bf30e4529b1b74d88e672d713", "http_status": 200, "body": {"accepted": true, "real_timestamp_ms": 1789268571214, "virtual_time_s": 1560, "measure_result": "no_signal"}}
2026-09-13 11:02:55,277 INFO request {"path": "/measure", "payload": {"arena_id": "default", "robot_id": "202601002029", "request_id": "33f04e4b762c4f51b95d42ce7ae685eb", "position": {"x": -565.0000000000005, "y": -978.6087062764154}, "channel": 13}, "attempt": 1}
2026-09-13 11:02:55,301 INFO response {"request_id": "33f04e4b762c4f51b95d42ce7ae685eb", "http_status": 200, "body": {"accepted": true, "real_timestamp_ms": 1789268571238, "virtual_time_s": 1566, "measure_result": "no_signal"}}
2026-09-13 11:02:55,302 INFO request {"path": "/measure", "payload": {"arena_id": "default", "robot_id": "202601002029", "request_id": "6b07d3ea204c45bdba67edf8edf18014", "position": {"x": -565.0000000000005, "y": -978.6087062764154}, "channel": 14}, "attempt": 1}
2026-09-13 11:02:55,316 INFO response {"request_id": "6b07d3ea204c45bdba67edf8edf18014", "http_status": 200, "body": {"accepted": true, "real_timestamp_ms": 1789268571252, "virtual_time_s": 1572, "measure_result": "no_signal"}}
2026-09-13 11:02:55,316 INFO request {"path": "/measure", "payload": {"arena_id": "default", "robot_id": "202601002029", "request_id": "22acb3cb20dd41c68270165018be1699", "position": {"x": -565.0000000000005, "y": -978.6087062764154}, "channel": 15}, "attempt": 1}
2026-09-13 11:02:55,332 INFO response {"request_id": "22acb3cb20dd41c68270165018be1699", "http_status": 200, "body": {"accepted": true, "real_timestamp_ms": 1789268571268, "virtual_time_s": 1578, "measure_result": "no_signal"}}
2026-09-13 11:02:55,332 INFO request {"path": "/measure", "payload": {"arena_id": "default", "robot_id": "202601002029", "request_id": "c4a35169e138401288bd66a377280aa3", "position": {"x": -565.0000000000005, "y": -978.6087062764154}, "channel": 16}, "attempt": 1}
2026-09-13 11:02:55,334 INFO response {"request_id": "c4a35169e138401288bd66a377280aa3", "http_status": 200, "body": {"accepted": true, "real_timestamp_ms": 1789268571270, "virtual_time_s": 1584, "measure_result": "no_signal"}}
2026-09-13 11:02:55,334 INFO request {"path": "/measure", "payload": {"arena_id": "default", "robot_id": "202601002029", "request_id": "ab1e100c185f477abe97a37b4c23a6c7", "position": {"x": -565.0000000000005, "y": -978.6087062764154}, "channel": 17}, "attempt": 1}
2026-09-13 11:02:55,335 INFO response {"request_id": "ab1e100c185f477abe97a37b4c23a6c7", "http_status": 200, "body": {"accepted": true, "real_timestamp_ms": 1789268571271, "virtual_time_s": 1590, "measure_result": "no_signal"}}
2026-09-13 11:02:55,335 INFO request {"path": "/measure", "payload": {"arena_id": "default", "robot_id": "202601002029", "request_id": "07f35ab56a634e48b7ba576793189f72", "position": {"x": -565.0000000000005, "y": -978.6087062764154}, "channel": 18}, "attempt": 1}
2026-09-13 11:02:55,335 INFO response {"request_id": "07f35ab56a634e48b7ba576793189f72", "http_status": 200, "body": {"accepted": true, "real_timestamp_ms": 1789268571272, "virtual_time_s": 1596, "measure_result": "no_signal"}}
2026-09-13 11:02:55,350 INFO request {"path": "/measure", "payload": {"arena_id": "default", "robot_id": "202601002029", "request_id": "2e88a1b1359e4f0b832c01008c363542", "position": {"x": -565.0000000000005, "y": -978.6087062764154}, "channel": 11}, "attempt": 1}
2026-09-13 11:02:55,364 INFO response {"request_id": "2e88a1b1359e4f0b832c01008c363542", "http_status": 200, "body": {"accepted": true, "real_timestamp_ms": 1789268571299, "virtual_time_s": 1602, "measure_result": "direction", "svd_deg": 118.04}}
2026-09-13 11:02:55,371 INFO request {"path": "/measure", "payload": {"arena_id": "default", "robot_id": "202601002029", "request_id": "022f228184e7455c8cd0ec6e0fddadd5", "position": {"x": 565.0000000000001, "y": -978.6087062764157}, "channel": 1}, "attempt": 1}
2026-09-13 11:02:55,372 INFO response {"request_id": "022f228184e7455c8cd0ec6e0fddadd5", "http_status": 200, "body": {"accepted": true, "real_timestamp_ms": 1789268571308, "virtual_time_s": 1834, "measure_result": "no_signal"}}
2026-09-13 11:02:55,372 INFO request {"path": "/measure", "payload": {"arena_id": "default", "robot_id": "202601002029", "request_id": "2b9db33c4cd848639af6db7772062cf2", "position": {"x": 565.0000000000001, "y": -978.6087062764157}, "channel": 4}, "attempt": 1}
2026-09-13 11:02:55,394 INFO response {"request_id": "2b9db33c4cd848639af6db7772062cf2", "http_status": 200, "body": {"accepted": true, "real_timestamp_ms": 1789268571330, "virtual_time_s": 1840, "measure_result": "no_signal"}}
2026-09-13 11:02:55,394 INFO request {"path": "/measure", "payload": {"arena_id": "default", "robot_id": "202601002029", "request_id": "f37b88da165a4de7bf97f5dd5dfa06ac", "position": {"x": 565.0000000000001, "y": -978.6087062764157}, "channel": 8}, "attempt": 1}
2026-09-13 11:02:55,395 INFO response {"request_id": "f37b88da165a4de7bf97f5dd5dfa06ac", "http_status": 200, "body": {"accepted": true, "real_timestamp_ms": 1789268571331, "virtual_time_s": 1846, "measure_result": "no_signal"}}
2026-09-13 11:02:55,396 INFO request {"path": "/measure", "payload": {"arena_id": "default", "robot_id": "202601002029", "request_id": "11c674394ab846c6a5a520718a2df142", "position": {"x": 565.0000000000001, "y": -978.6087062764157}, "channel": 13}, "attempt": 1}
2026-09-13 11:02:55,410 INFO response {"request_id": "11c674394ab846c6a5a520718a2df142", "http_status": 200, "body": {"accepted": true, "real_timestamp_ms": 1789268571346, "virtual_time_s": 1852, "measure_result": "no_signal"}}
2026-09-13 11:02:55,410 INFO request {"path": "/measure", "payload": {"arena_id": "default", "robot_id": "202601002029", "request_id": "79d362a7d5f64368a20ee9626d43a44c", "position": {"x": 565.0000000000001, "y": -978.6087062764157}, "channel": 14}, "attempt": 1}
2026-09-13 11:02:55,411 INFO response {"request_id": "79d362a7d5f64368a20ee9626d43a44c", "http_status": 200, "body": {"accepted": true, "real_timestamp_ms": 1789268571348, "virtual_time_s": 1858, "measure_result": "no_signal"}}
2026-09-13 11:02:55,412 INFO request {"path": "/measure", "payload": {"arena_id": "default", "robot_id": "202601002029", "request_id": "57c7b0f6125941e7bd86e115b0699d17", "position": {"x": 565.0000000000001, "y": -978.6087062764157}, "channel": 15}, "attempt": 1}
2026-09-13 11:02:55,412 INFO response {"request_id": "57c7b0f6125941e7bd86e115b0699d17", "http_status": 200, "body": {"accepted": true, "real_timestamp_ms": 1789268571349, "virtual_time_s": 1864, "measure_result": "no_signal"}}
2026-09-13 11:02:55,413 INFO request {"path": "/measure", "payload": {"arena_id": "default", "robot_id": "202601002029", "request_id": "b5d8b9203b1b4af39c3641721604970d", "position": {"x": 565.0000000000001, "y": -978.6087062764157}, "channel": 16}, "attempt": 1}
2026-09-13 11:02:55,413 INFO response {"request_id": "b5d8b9203b1b4af39c3641721604970d", "http_status": 200, "body": {"accepted": true, "real_timestamp_ms": 1789268571350, "virtual_time_s": 1870, "measure_result": "no_signal"}}
2026-09-13 11:02:55,414 INFO request {"path": "/measure", "payload": {"arena_id": "default", "robot_id": "202601002029", "request_id": "5832076831b14f539d155d77ddf36159", "position": {"x": 565.0000000000001, "y": -978.6087062764157}, "channel": 17}, "attempt": 1}
2026-09-13 11:02:55,426 INFO response {"request_id": "5832076831b14f539d155d77ddf36159", "http_status": 200, "body": {"accepted": true, "real_timestamp_ms": 1789268571361, "virtual_time_s": 1876, "measure_result": "no_signal"}}
2026-09-13 11:02:55,426 INFO request {"path": "/measure", "payload": {"arena_id": "default", "robot_id": "202601002029", "request_id": "275a5f23810044878b31017c5f800a07", "position": {"x": 565.0000000000001, "y": -978.6087062764157}, "channel": 18}, "attempt": 1}
2026-09-13 11:02:55,440 INFO response {"request_id": "275a5f23810044878b31017c5f800a07", "http_status": 200, "body": {"accepted": true, "real_timestamp_ms": 1789268571376, "virtual_time_s": 1882, "measure_result": "no_signal"}}
2026-09-13 11:02:55,484 INFO request {"path": "/measure", "payload": {"arena_id": "default", "robot_id": "202601002029", "request_id": "4a3dcc370af54fa7b696d5ae334afd81", "position": {"x": 565.0000000000001, "y": -978.6087062764157}, "channel": 9}, "attempt": 1}
2026-09-13 11:02:55,501 INFO response {"request_id": "4a3dcc370af54fa7b696d5ae334afd81", "http_status": 200, "body": {"accepted": true, "real_timestamp_ms": 1789268571437, "virtual_time_s": 1888, "measure_result": "direction", "svd_deg": 112.6}}
2026-09-13 11:02:55,516 INFO request {"path": "/measure", "payload": {"arena_id": "default", "robot_id": "202601002029", "request_id": "438496e01fc34ecab7f4487cb5acb30a", "position": {"x": 565.0000000000001, "y": -978.6087062764157}, "channel": 19}, "attempt": 1}
2026-09-13 11:02:55,517 INFO response {"request_id": "438496e01fc34ecab7f4487cb5acb30a", "http_status": 200, "body": {"accepted": true, "real_timestamp_ms": 1789268571453, "virtual_time_s": 1894, "measure_result": "direction", "svd_deg": 63.46}}
2026-09-13 11:03:01,199 INFO request {"path": "/measure", "payload": {"arena_id": "default", "robot_id": "202601002029", "request_id": "383135fd55cf40e8afa6d7388fb6880f", "position": {"x": 142.63624570651086, "y": -1060.2832890949712}, "channel": 7}, "attempt": 1}
2026-09-13 11:03:01,216 INFO response {"request_id": "383135fd55cf40e8afa6d7388fb6880f", "http_status": 200, "body": {"accepted": true, "real_timestamp_ms": 1789268577151, "virtual_time_s": 1986.037638, "measure_result": "direction", "svd_deg": 163.63}}
2026-09-13 11:03:01,238 INFO request {"path": "/measure", "payload": {"arena_id": "default", "robot_id": "202601002029", "request_id": "c3436db5e625450ebf9344aa04edf810", "position": {"x": 142.63624570651086, "y": -1060.2832890949712}, "channel": 11}, "attempt": 1}
2026-09-13 11:03:01,262 INFO response {"request_id": "c3436db5e625450ebf9344aa04edf810", "http_status": 200, "body": {"accepted": true, "real_timestamp_ms": 1789268577198, "virtual_time_s": 1992.037638, "measure_result": "direction", "svd_deg": 157.1}}
2026-09-13 11:03:01,941 INFO request {"path": "/measure", "payload": {"arena_id": "default", "robot_id": "202601002029", "request_id": "49dea4c985bb4080bf11a993fc535062", "position": {"x": -690.0980601679239, "y": -1215.458184736378}, "channel": 7}, "attempt": 1}
2026-09-13 11:03:01,942 INFO response {"request_id": "49dea4c985bb4080bf11a993fc535062", "http_status": 200, "body": {"accepted": true, "real_timestamp_ms": 1789268577878, "virtual_time_s": 2167.451412, "measure_result": "direction", "svd_deg": 93.34}}
2026-09-13 11:03:01,949 INFO request {"path": "/clear", "payload": {"arena_id": "default", "robot_id": "202601002029", "request_id": "1d0862f72e99407687711ce2c725f9a7", "position": {"x": -710.2620744114553, "y": -815.4384294004809}, "channel": 7}, "attempt": 1}
2026-09-13 11:03:01,951 INFO response {"request_id": "1d0862f72e99407687711ce2c725f9a7", "http_status": 200, "body": {"accepted": true, "real_timestamp_ms": 1789268577887, "virtual_time_s": 2252.55694, "clear_result": "success"}}
2026-09-13 11:03:01,954 INFO request {"path": "/clear", "payload": {"arena_id": "default", "robot_id": "202601002029", "request_id": "4c2e21ffd6bf4d3ba99f94bca243a25c", "position": {"x": -705.7482733411027, "y": -705.1760376852724}, "channel": 11}, "attempt": 1}
2026-09-13 11:03:01,955 INFO response {"request_id": "4c2e21ffd6bf4d3ba99f94bca243a25c", "http_status": 200, "body": {"accepted": true, "real_timestamp_ms": 1789268577891, "virtual_time_s": 2279.627889, "clear_result": "success"}}
2026-09-13 11:03:01,957 INFO request {"path": "/clear", "payload": {"arena_id": "default", "robot_id": "202601002029", "request_id": "5610af2dc13e41f8a9daaaa792a4f714", "position": {"x": 155.5915419499986, "y": 19.545435579501298}, "channel": 9}, "attempt": 1}
2026-09-13 11:03:01,958 INFO response {"request_id": "5610af2dc13e41f8a9daaaa792a4f714", "http_status": 200, "body": {"accepted": true, "real_timestamp_ms": 1789268577894, "virtual_time_s": 2509.761404, "clear_result": "success"}}
2026-09-13 11:03:01,990 INFO request {"path": "/measure", "payload": {"arena_id": "default", "robot_id": "202601002029", "request_id": "f43055041a964bf0a8e17a682f1c19d2", "position": {"x": 155.5915419499986, "y": 19.545435579501298}, "channel": 2}, "attempt": 1}
2026-09-13 11:03:02,012 INFO response {"request_id": "f43055041a964bf0a8e17a682f1c19d2", "http_status": 200, "body": {"accepted": true, "real_timestamp_ms": 1789268577947, "virtual_time_s": 2515.761404, "measure_result": "direction", "svd_deg": 17.93}}
2026-09-13 11:03:02,042 INFO request {"path": "/measure", "payload": {"arena_id": "default", "robot_id": "202601002029", "request_id": "72c989b41f214731ad9a2aa43493333b", "position": {"x": 155.5915419499986, "y": 19.545435579501298}, "channel": 19}, "attempt": 1}
2026-09-13 11:03:02,043 INFO response {"request_id": "72c989b41f214731ad9a2aa43493333b", "http_status": 200, "body": {"accepted": true, "real_timestamp_ms": 1789268577980, "virtual_time_s": 2521.761404, "measure_result": "direction", "svd_deg": 352.65}}
2026-09-13 11:03:02,743 INFO request {"path": "/measure", "payload": {"arena_id": "default", "robot_id": "202601002029", "request_id": "ba205f226b44425ca51ec8524bdafdc3", "position": {"x": 725.3424534010883, "y": 187.17772572966982}, "channel": 19}, "attempt": 1}
2026-09-13 11:03:02,769 INFO response {"request_id": "ba205f226b44425ca51ec8524bdafdc3", "http_status": 200, "body": {"accepted": true, "real_timestamp_ms": 1789268578705, "virtual_time_s": 2645.541316, "measure_result": "direction", "svd_deg": 314.21}}
2026-09-13 11:03:02,777 INFO request {"path": "/clear", "payload": {"arena_id": "default", "robot_id": "202601002029", "request_id": "6378520efb1a48f9b1d74341ec435b76", "position": {"x": 967.5572910648805, "y": 279.51906473291183}, "channel": 2}, "attempt": 1}
2026-09-13 11:03:02,800 INFO response {"request_id": "6378520efb1a48f9b1d74341ec435b76", "http_status": 200, "body": {"accepted": true, "real_timestamp_ms": 1789268578736, "virtual_time_s": 2702.385294, "clear_result": "success"}}
2026-09-13 11:03:02,808 INFO request {"path": "/measure", "payload": {"arena_id": "default", "robot_id": "202601002029", "request_id": "da6400c9672046c8a9e4cd58e2c1dcef", "position": {"x": 967.5572910648805, "y": 279.51906473291183}, "channel": 20}, "attempt": 1}
2026-09-13 11:03:02,831 INFO response {"request_id": "da6400c9672046c8a9e4cd58e2c1dcef", "http_status": 200, "body": {"accepted": true, "real_timestamp_ms": 1789268578767, "virtual_time_s": 2708.385294, "measure_result": "direction", "svd_deg": 80.86}}
2026-09-13 11:03:03,590 INFO request {"path": "/clear", "payload": {"arena_id": "default", "robot_id": "202601002029", "request_id": "bc78742b434f482fa6975d9e73881f0c", "position": {"x": 1005.5736532490138, "y": -96.26872155591053}, "channel": 19}, "attempt": 1}
2026-09-13 11:03:03,604 INFO response {"request_id": "bc78742b434f482fa6975d9e73881f0c", "http_status": 200, "body": {"accepted": true, "real_timestamp_ms": 1789268579540, "virtual_time_s": 2788.926463, "clear_result": "success"}}
2026-09-13 11:03:03,607 INFO request {"path": "/measure", "payload": {"arena_id": "default", "robot_id": "202601002029", "request_id": "e8fe716e84284b30bdae875659cc88c4", "position": {"x": 1844.154348241573, "y": 210.94827661182444}, "channel": 12}, "attempt": 1}
2026-09-13 11:03:03,608 INFO response {"request_id": "e8fe716e84284b30bdae875659cc88c4", "http_status": 200, "body": {"accepted": true, "real_timestamp_ms": 1789268579544, "virtual_time_s": 2973.543356, "measure_result": "direction", "svd_deg": 178.95}}
2026-09-13 11:03:03,616 INFO request {"path": "/clear", "payload": {"arena_id": "default", "robot_id": "202601002029", "request_id": "020987a032364313bcc846866f29a329", "position": {"x": 1323.2536584258137, "y": 220.2445441423934}, "channel": 12}, "attempt": 1}
2026-09-13 11:03:03,617 INFO response {"request_id": "020987a032364313bcc846866f29a329", "http_status": 200, "body": {"accepted": true, "real_timestamp_ms": 1789268579553, "virtual_time_s": 3082.740083, "clear_result": "success"}}
2026-09-13 11:03:03,631 INFO request {"path": "/measure", "payload": {"arena_id": "default", "robot_id": "202601002029", "request_id": "60d49456bfc64c3eaaf4ecbd3c35d18c", "position": {"x": 1323.2536584258137, "y": 220.2445441423934}, "channel": 20}, "attempt": 1}
2026-09-13 11:03:03,632 INFO response {"request_id": "60d49456bfc64c3eaaf4ecbd3c35d18c", "http_status": 200, "body": {"accepted": true, "real_timestamp_ms": 1789268579569, "virtual_time_s": 3088.740083, "measure_result": "direction", "svd_deg": 101.37}}
2026-09-13 11:03:04,434 INFO request {"path": "/clear", "payload": {"arena_id": "default", "robot_id": "202601002029", "request_id": "52ec0a0c7fef44be921db0d07c91729d", "position": {"x": 1112.9979186636133, "y": 570.5586446598259}, "channel": 10}, "attempt": 1}
2026-09-13 11:03:04,435 INFO response {"request_id": "52ec0a0c7fef44be921db0d07c91729d", "http_status": 200, "body": {"accepted": true, "real_timestamp_ms": 1789268580372, "virtual_time_s": 3175.453594, "clear_result": "success"}}
2026-09-13 11:03:04,449 INFO request {"path": "/measure", "payload": {"arena_id": "default", "robot_id": "202601002029", "request_id": "5cd554ffbfb541e9923d38b1ca2c92fa", "position": {"x": 1112.9979186636133, "y": 570.5586446598259}, "channel": 20}, "attempt": 1}
2026-09-13 11:03:04,471 INFO response {"request_id": "5cd554ffbfb541e9923d38b1ca2c92fa", "http_status": 200, "body": {"accepted": true, "real_timestamp_ms": 1789268580407, "virtual_time_s": 3180.453594, "measure_result": "direction", "svd_deg": 88.78}}
2026-09-13 11:03:04,478 INFO request {"path": "/clear", "payload": {"arena_id": "default", "robot_id": "202601002029", "request_id": "66134e50f29040729777e0690b04e292", "position": {"x": 1121.25324493682, "y": 1277.9881360427848}, "channel": 20}, "attempt": 1}
2026-09-13 11:03:04,479 INFO response {"request_id": "66134e50f29040729777e0690b04e292", "http_status": 200, "body": {"accepted": true, "real_timestamp_ms": 1789268580415, "virtual_time_s": 3326.949125, "clear_result": "success"}}
2026-09-13 11:03:04,479 INFO request {"path": "/measure", "payload": {"arena_id": "default", "robot_id": "202601002029", "request_id": "e2bad870390c4ae9a201d005ff2ab7ff", "position": {"x": -208.47052723232144, "y": 1279.672329478144}, "channel": 5}, "attempt": 1}
2026-09-13 11:03:04,501 INFO response {"request_id": "e2bad870390c4ae9a201d005ff2ab7ff", "http_status": 200, "body": {"accepted": true, "real_timestamp_ms": 1789268580437, "virtual_time_s": 3598.894093, "measure_result": "direction", "svd_deg": 266.68}}
2026-09-13 11:03:05,170 INFO request {"path": "/measure", "payload": {"arena_id": "default", "robot_id": "202601002029", "request_id": "e2beb8e32a6340749f5b8efbedf96cb0", "position": {"x": 28.924480950113065, "y": 777.0619413513014}, "channel": 5}, "attempt": 1}
2026-09-13 11:03:05,190 INFO response {"request_id": "e2beb8e32a6340749f5b8efbedf96cb0", "http_status": 200, "body": {"accepted": true, "real_timestamp_ms": 1789268581126, "virtual_time_s": 3715.064879, "measure_result": "direction", "svd_deg": 224.76}}
2026-09-13 11:03:05,201 INFO request {"path": "/clear", "payload": {"arena_id": "default", "robot_id": "202601002029", "request_id": "a0e9beeda45a4a9e835ddc390ea8e0e0", "position": {"x": -255.47413641110703, "y": 494.7315715978847}, "channel": 5}, "attempt": 1}
2026-09-13 11:03:05,204 INFO response {"request_id": "a0e9beeda45a4a9e835ddc390ea8e0e0", "http_status": 200, "body": {"accepted": true, "real_timestamp_ms": 1789268581139, "virtual_time_s": 3800.212995, "clear_result": "success"}}
2026-09-13 11:03:05,206 INFO request {"path": "/clear", "payload": {"arena_id": "default", "robot_id": "202601002029", "request_id": "c4dcd46e5b5c43479e6d5f9a8620293a", "position": {"x": -702.7391753304087, "y": 540.6611190644641}, "channel": 3}, "attempt": 1}
2026-09-13 11:03:05,209 INFO response {"request_id": "c4dcd46e5b5c43479e6d5f9a8620293a", "http_status": 200, "body": {"accepted": true, "real_timestamp_ms": 1789268581144, "virtual_time_s": 3895.136415, "clear_result": "success"}}
2026-09-13 11:03:05,211 INFO request {"path": "/measure", "payload": {"arena_id": "default", "robot_id": "202601002029", "request_id": "a250219c48fc4758bd970b9e6e5fb8e4", "position": {"x": -1151.4716575203433, "y": 1105.3012274658727}, "channel": 6}, "attempt": 1}
2026-09-13 11:03:05,213 INFO response {"request_id": "a250219c48fc4758bd970b9e6e5fb8e4", "http_status": 200, "body": {"accepted": true, "real_timestamp_ms": 1789268581148, "virtual_time_s": 4045.383327, "measure_result": "direction", "svd_deg": 58.84}}
2026-09-13 11:03:05,221 INFO request {"path": "/clear", "payload": {"arena_id": "default", "robot_id": "202601002029", "request_id": "86f820906dbc4a8aac322c37697d5dda", "position": {"x": -993.4023217965837, "y": 1367.0984662837438}, "channel": 6}, "attempt": 1}
2026-09-13 11:03:05,223 INFO response {"request_id": "86f820906dbc4a8aac322c37697d5dda", "http_status": 200, "body": {"accepted": true, "real_timestamp_ms": 1789268581158, "virtual_time_s": 4111.54662, "clear_result": "success"}}
2026-09-13 11:03:05,224 INFO request {"path": "/exit", "payload": {"arena_id": "default", "robot_id": "202601002029", "request_id": "d87e81b737eb4d5db10fd569c00502d0"}, "attempt": 1}
2026-09-13 11:03:05,225 INFO response {"request_id": "d87e81b737eb4d5db10fd569c00502d0", "http_status": 200, "body": {"accepted": true, "real_timestamp_ms": 1789268581161, "virtual_time_s": 4111.54662, "exit_reason": "user_exit"}}
