2026-09-12 10:43:56,999 INFO request {"path": "/enter", "payload": {"arena_id": "default", "robot_id": "202601002029", "request_id": "7ccbaff8cf5c4e03afa40c343f22ec6a"}, "attempt": 1}
2026-09-12 10:43:57,004 INFO response {"request_id": "7ccbaff8cf5c4e03afa40c343f22ec6a", "http_status": 200, "body": {"accepted": true, "real_timestamp_ms": 1789181033545, "virtual_time_s": 0, "max_virtual_duration_s": 360000, "max_real_duration_s": 1200, "remaining_real_duration_s": 1200}}
2026-09-12 10:43:57,004 INFO request {"path": "/measure", "payload": {"arena_id": "default", "robot_id": "202601002029", "request_id": "2ffc0b20b33448c39805c9cca4953109", "position": {"x": 0.0, "y": 0.0}, "channel": 1}, "attempt": 1}
2026-09-12 10:43:57,006 INFO response {"request_id": "2ffc0b20b33448c39805c9cca4953109", "http_status": 200, "body": {"accepted": true, "real_timestamp_ms": 1789181033547, "virtual_time_s": 5, "measure_result": "no_signal"}}
2026-09-12 10:43:57,006 INFO request {"path": "/measure", "payload": {"arena_id": "default", "robot_id": "202601002029", "request_id": "c6a9153f3ac74f039008582bcd26c76a", "position": {"x": 0.0, "y": 0.0}, "channel": 2}, "attempt": 1}
2026-09-12 10:43:57,025 INFO response {"request_id": "c6a9153f3ac74f039008582bcd26c76a", "http_status": 200, "body": {"accepted": true, "real_timestamp_ms": 1789181033566, "virtual_time_s": 11, "measure_result": "no_signal"}}
2026-09-12 10:43:57,025 INFO request {"path": "/measure", "payload": {"arena_id": "default", "robot_id": "202601002029", "request_id": "6bf2a214ffba4c528df688d182524b07", "position": {"x": 0.0, "y": 0.0}, "channel": 3}, "attempt": 1}
2026-09-12 10:43:57,045 INFO response {"request_id": "6bf2a214ffba4c528df688d182524b07", "http_status": 200, "body": {"accepted": true, "real_timestamp_ms": 1789181033585, "virtual_time_s": 17, "measure_result": "no_signal"}}
2026-09-12 10:43:57,045 INFO request {"path": "/measure", "payload": {"arena_id": "default", "robot_id": "202601002029", "request_id": "9aae4cff59014afa8c0b67068e173889", "position": {"x": 0.0, "y": 0.0}, "channel": 4}, "attempt": 1}
2026-09-12 10:43:57,047 INFO response {"request_id": "9aae4cff59014afa8c0b67068e173889", "http_status": 200, "body": {"accepted": true, "real_timestamp_ms": 1789181033587, "virtual_time_s": 23, "measure_result": "direction", "svd_deg": 176.08}}
2026-09-12 10:43:57,057 INFO request {"path": "/measure", "payload": {"arena_id": "default", "robot_id": "202601002029", "request_id": "7b9d906ff3334855be6d1cc9c751381f", "position": {"x": 0.0, "y": 0.0}, "channel": 5}, "attempt": 1}
2026-09-12 10:43:57,058 INFO response {"request_id": "7b9d906ff3334855be6d1cc9c751381f", "http_status": 200, "body": {"accepted": true, "real_timestamp_ms": 1789181033599, "virtual_time_s": 29, "measure_result": "no_signal"}}
2026-09-12 10:43:57,059 INFO request {"path": "/measure", "payload": {"arena_id": "default", "robot_id": "202601002029", "request_id": "0ca53ce6a81448ada3640ccb30fcf0bd", "position": {"x": 0.0, "y": 0.0}, "channel": 6}, "attempt": 1}
2026-09-12 10:43:57,059 INFO response {"request_id": "0ca53ce6a81448ada3640ccb30fcf0bd", "http_status": 200, "body": {"accepted": true, "real_timestamp_ms": 1789181033601, "virtual_time_s": 35, "measure_result": "no_signal"}}
2026-09-12 10:43:57,060 INFO request {"path": "/measure", "payload": {"arena_id": "default", "robot_id": "202601002029", "request_id": "d245276f1d79414d865c4b7c68780dc4", "position": {"x": 0.0, "y": 0.0}, "channel": 7}, "attempt": 1}
2026-09-12 10:43:57,061 INFO response {"request_id": "d245276f1d79414d865c4b7c68780dc4", "http_status": 200, "body": {"accepted": true, "real_timestamp_ms": 1789181033602, "virtual_time_s": 41, "measure_result": "no_signal"}}
2026-09-12 10:43:57,061 INFO request {"path": "/measure", "payload": {"arena_id": "default", "robot_id": "202601002029", "request_id": "43b7bceb3a664aa7978e7e7f3fdfba31", "position": {"x": 0.0, "y": 0.0}, "channel": 8}, "attempt": 1}
2026-09-12 10:43:57,061 INFO response {"request_id": "43b7bceb3a664aa7978e7e7f3fdfba31", "http_status": 200, "body": {"accepted": true, "real_timestamp_ms": 1789181033603, "virtual_time_s": 47, "measure_result": "no_signal"}}
2026-09-12 10:43:57,062 INFO request {"path": "/measure", "payload": {"arena_id": "default", "robot_id": "202601002029", "request_id": "510725a0e08b4c4a9b79488b13de082f", "position": {"x": 0.0, "y": 0.0}, "channel": 9}, "attempt": 1}
2026-09-12 10:43:57,063 INFO response {"request_id": "510725a0e08b4c4a9b79488b13de082f", "http_status": 200, "body": {"accepted": true, "real_timestamp_ms": 1789181033604, "virtual_time_s": 53, "measure_result": "direction", "svd_deg": 7.61}}
2026-09-12 10:43:57,066 INFO request {"path": "/measure", "payload": {"arena_id": "default", "robot_id": "202601002029", "request_id": "962ee3bf082e47f499392ff61c9c6ddb", "position": {"x": 0.0, "y": 0.0}, "channel": 10}, "attempt": 1}
2026-09-12 10:43:57,069 INFO response {"request_id": "962ee3bf082e47f499392ff61c9c6ddb", "http_status": 200, "body": {"accepted": true, "real_timestamp_ms": 1789181033609, "virtual_time_s": 59, "measure_result": "no_signal"}}
2026-09-12 10:43:57,069 INFO request {"path": "/measure", "payload": {"arena_id": "default", "robot_id": "202601002029", "request_id": "bc2642fe05aa4e8b8dad0e7162df2eef", "position": {"x": 0.0, "y": 0.0}, "channel": 11}, "attempt": 1}
2026-09-12 10:43:57,084 INFO response {"request_id": "bc2642fe05aa4e8b8dad0e7162df2eef", "http_status": 200, "body": {"accepted": true, "real_timestamp_ms": 1789181033625, "virtual_time_s": 65, "measure_result": "no_signal"}}
2026-09-12 10:43:57,084 INFO request {"path": "/measure", "payload": {"arena_id": "default", "robot_id": "202601002029", "request_id": "bdf39e7fdfa3425daf7a88812c8a45a5", "position": {"x": 0.0, "y": 0.0}, "channel": 12}, "attempt": 1}
2026-09-12 10:43:57,103 INFO response {"request_id": "bdf39e7fdfa3425daf7a88812c8a45a5", "http_status": 200, "body": {"accepted": true, "real_timestamp_ms": 1789181033644, "virtual_time_s": 71, "measure_result": "no_signal"}}
2026-09-12 10:43:57,103 INFO request {"path": "/measure", "payload": {"arena_id": "default", "robot_id": "202601002029", "request_id": "2a03a0d5f67c419db1e97c081e759b9e", "position": {"x": 0.0, "y": 0.0}, "channel": 13}, "attempt": 1}
2026-09-12 10:43:57,123 INFO response {"request_id": "2a03a0d5f67c419db1e97c081e759b9e", "http_status": 200, "body": {"accepted": true, "real_timestamp_ms": 1789181033664, "virtual_time_s": 77, "measure_result": "no_signal"}}
2026-09-12 10:43:57,123 INFO request {"path": "/measure", "payload": {"arena_id": "default", "robot_id": "202601002029", "request_id": "6fc33927422542f68a90260f1d32608d", "position": {"x": 0.0, "y": 0.0}, "channel": 14}, "attempt": 1}
2026-09-12 10:43:57,142 INFO response {"request_id": "6fc33927422542f68a90260f1d32608d", "http_status": 200, "body": {"accepted": true, "real_timestamp_ms": 1789181033683, "virtual_time_s": 83, "measure_result": "direction", "svd_deg": 277.94}}
2026-09-12 10:43:57,144 INFO request {"path": "/measure", "payload": {"arena_id": "default", "robot_id": "202601002029", "request_id": "171bc65e6fd046ac98ca5c06cf4dacda", "position": {"x": 0.0, "y": 0.0}, "channel": 15}, "attempt": 1}
2026-09-12 10:43:57,145 INFO response {"request_id": "171bc65e6fd046ac98ca5c06cf4dacda", "http_status": 200, "body": {"accepted": true, "real_timestamp_ms": 1789181033686, "virtual_time_s": 89, "measure_result": "direction", "svd_deg": 60.97}}
2026-09-12 10:43:57,147 INFO request {"path": "/measure", "payload": {"arena_id": "default", "robot_id": "202601002029", "request_id": "29ad36e48f3e44f981e3eaa89968b885", "position": {"x": 0.0, "y": 0.0}, "channel": 16}, "attempt": 1}
2026-09-12 10:43:57,161 INFO response {"request_id": "29ad36e48f3e44f981e3eaa89968b885", "http_status": 200, "body": {"accepted": true, "real_timestamp_ms": 1789181033703, "virtual_time_s": 95, "measure_result": "no_signal"}}
2026-09-12 10:43:57,162 INFO request {"path": "/measure", "payload": {"arena_id": "default", "robot_id": "202601002029", "request_id": "1b824403cd70487c859301df014a9b3e", "position": {"x": 0.0, "y": 0.0}, "channel": 17}, "attempt": 1}
2026-09-12 10:43:57,180 INFO response {"request_id": "1b824403cd70487c859301df014a9b3e", "http_status": 200, "body": {"accepted": true, "real_timestamp_ms": 1789181033721, "virtual_time_s": 101, "measure_result": "direction", "svd_deg": 130.15}}
2026-09-12 10:43:57,182 INFO request {"path": "/measure", "payload": {"arena_id": "default", "robot_id": "202601002029", "request_id": "5da7850a911947b8a21182a611508341", "position": {"x": 0.0, "y": 0.0}, "channel": 18}, "attempt": 1}
2026-09-12 10:43:57,200 INFO response {"request_id": "5da7850a911947b8a21182a611508341", "http_status": 200, "body": {"accepted": true, "real_timestamp_ms": 1789181033740, "virtual_time_s": 107, "measure_result": "no_signal"}}
2026-09-12 10:43:57,200 INFO request {"path": "/measure", "payload": {"arena_id": "default", "robot_id": "202601002029", "request_id": "3e00806468d64ecb92f7024e36cb39bb", "position": {"x": 0.0, "y": 0.0}, "channel": 19}, "attempt": 1}
2026-09-12 10:43:57,201 INFO response {"request_id": "3e00806468d64ecb92f7024e36cb39bb", "http_status": 200, "body": {"accepted": true, "real_timestamp_ms": 1789181033741, "virtual_time_s": 113, "measure_result": "no_signal"}}
2026-09-12 10:43:57,201 INFO request {"path": "/measure", "payload": {"arena_id": "default", "robot_id": "202601002029", "request_id": "9e03a4f2b33441098c56de80b284966a", "position": {"x": 0.0, "y": 0.0}, "channel": 20}, "attempt": 1}
2026-09-12 10:43:57,202 INFO response {"request_id": "9e03a4f2b33441098c56de80b284966a", "http_status": 200, "body": {"accepted": true, "real_timestamp_ms": 1789181033742, "virtual_time_s": 119, "measure_result": "direction", "svd_deg": 91.05}}
2026-09-12 10:43:57,204 INFO request {"path": "/measure", "payload": {"arena_id": "default", "robot_id": "202601002029", "request_id": "5e35174111ea4e818b03e0435e44d19b", "position": {"x": 1200.0, "y": 0.0}, "channel": 1}, "attempt": 1}
2026-09-12 10:43:57,205 INFO response {"request_id": "5e35174111ea4e818b03e0435e44d19b", "http_status": 200, "body": {"accepted": true, "real_timestamp_ms": 1789181033746, "virtual_time_s": 365, "measure_result": "no_signal"}}
2026-09-12 10:43:57,205 INFO request {"path": "/measure", "payload": {"arena_id": "default", "robot_id": "202601002029", "request_id": "6c8a42983b634dfbad56710a23a18cb4", "position": {"x": 1200.0, "y": 0.0}, "channel": 2}, "attempt": 1}
2026-09-12 10:43:57,206 INFO response {"request_id": "6c8a42983b634dfbad56710a23a18cb4", "http_status": 200, "body": {"accepted": true, "real_timestamp_ms": 1789181033747, "virtual_time_s": 371, "measure_result": "no_signal"}}
2026-09-12 10:43:57,206 INFO request {"path": "/measure", "payload": {"arena_id": "default", "robot_id": "202601002029", "request_id": "36fc019a031449f88f1e19ddc73b7d63", "position": {"x": 1200.0, "y": 0.0}, "channel": 3}, "attempt": 1}
2026-09-12 10:43:57,219 INFO response {"request_id": "36fc019a031449f88f1e19ddc73b7d63", "http_status": 200, "body": {"accepted": true, "real_timestamp_ms": 1789181033759, "virtual_time_s": 377, "measure_result": "no_signal"}}
2026-09-12 10:43:57,219 INFO request {"path": "/measure", "payload": {"arena_id": "default", "robot_id": "202601002029", "request_id": "c244c2de635c402ca18c4705ebfd12ab", "position": {"x": 1200.0, "y": 0.0}, "channel": 5}, "attempt": 1}
2026-09-12 10:43:57,238 INFO response {"request_id": "c244c2de635c402ca18c4705ebfd12ab", "http_status": 200, "body": {"accepted": true, "real_timestamp_ms": 1789181033779, "virtual_time_s": 383, "measure_result": "no_signal"}}
2026-09-12 10:43:57,238 INFO request {"path": "/measure", "payload": {"arena_id": "default", "robot_id": "202601002029", "request_id": "e7120653e06342b5b3253c11d56a7c65", "position": {"x": 1200.0, "y": 0.0}, "channel": 6}, "attempt": 1}
2026-09-12 10:43:57,257 INFO response {"request_id": "e7120653e06342b5b3253c11d56a7c65", "http_status": 200, "body": {"accepted": true, "real_timestamp_ms": 1789181033798, "virtual_time_s": 389, "measure_result": "no_signal"}}
2026-09-12 10:43:57,258 INFO request {"path": "/measure", "payload": {"arena_id": "default", "robot_id": "202601002029", "request_id": "f33f0a4b14a546689d706e15eb064fee", "position": {"x": 1200.0, "y": 0.0}, "channel": 7}, "attempt": 1}
2026-09-12 10:43:57,258 INFO response {"request_id": "f33f0a4b14a546689d706e15eb064fee", "http_status": 200, "body": {"accepted": true, "real_timestamp_ms": 1789181033799, "virtual_time_s": 395, "measure_result": "no_signal"}}
2026-09-12 10:43:57,258 INFO request {"path": "/measure", "payload": {"arena_id": "default", "robot_id": "202601002029", "request_id": "595d92e7bfcf4114976ef76e985803b1", "position": {"x": 1200.0, "y": 0.0}, "channel": 8}, "attempt": 1}
2026-09-12 10:43:57,259 INFO response {"request_id": "595d92e7bfcf4114976ef76e985803b1", "http_status": 200, "body": {"accepted": true, "real_timestamp_ms": 1789181033800, "virtual_time_s": 401, "measure_result": "no_signal"}}
2026-09-12 10:43:57,259 INFO request {"path": "/measure", "payload": {"arena_id": "default", "robot_id": "202601002029", "request_id": "0fcd13bc458847a1895c3cb560e95e61", "position": {"x": 1200.0, "y": 0.0}, "channel": 10}, "attempt": 1}
2026-09-12 10:43:57,260 INFO response {"request_id": "0fcd13bc458847a1895c3cb560e95e61", "http_status": 200, "body": {"accepted": true, "real_timestamp_ms": 1789181033801, "virtual_time_s": 407, "measure_result": "no_signal"}}
2026-09-12 10:43:57,260 INFO request {"path": "/measure", "payload": {"arena_id": "default", "robot_id": "202601002029", "request_id": "96291e46309046eb95d38dedb91828c5", "position": {"x": 1200.0, "y": 0.0}, "channel": 11}, "attempt": 1}
2026-09-12 10:43:57,260 INFO response {"request_id": "96291e46309046eb95d38dedb91828c5", "http_status": 200, "body": {"accepted": true, "real_timestamp_ms": 1789181033802, "virtual_time_s": 413, "measure_result": "direction", "svd_deg": 332.03}}
2026-09-12 10:43:57,264 INFO request {"path": "/measure", "payload": {"arena_id": "default", "robot_id": "202601002029", "request_id": "f754f408d4614836abe491445d139d6f", "position": {"x": 1200.0, "y": 0.0}, "channel": 12}, "attempt": 1}
2026-09-12 10:43:57,276 INFO response {"request_id": "f754f408d4614836abe491445d139d6f", "http_status": 200, "body": {"accepted": true, "real_timestamp_ms": 1789181033817, "virtual_time_s": 419, "measure_result": "direction", "svd_deg": 92.04}}
2026-09-12 10:43:57,280 INFO request {"path": "/measure", "payload": {"arena_id": "default", "robot_id": "202601002029", "request_id": "bdd7193203204f029e0aa1eeb50be3cb", "position": {"x": 1200.0, "y": 0.0}, "channel": 13}, "attempt": 1}
2026-09-12 10:43:57,296 INFO response {"request_id": "bdd7193203204f029e0aa1eeb50be3cb", "http_status": 200, "body": {"accepted": true, "real_timestamp_ms": 1789181033837, "virtual_time_s": 425, "measure_result": "direction", "svd_deg": 97.91}}
2026-09-12 10:43:57,297 INFO request {"path": "/measure", "payload": {"arena_id": "default", "robot_id": "202601002029", "request_id": "bd74dbbb8c6e44e98e231551b531f39e", "position": {"x": 1200.0, "y": 0.0}, "channel": 16}, "attempt": 1}
2026-09-12 10:43:57,315 INFO response {"request_id": "bd74dbbb8c6e44e98e231551b531f39e", "http_status": 200, "body": {"accepted": true, "real_timestamp_ms": 1789181033856, "virtual_time_s": 431, "measure_result": "no_signal"}}
2026-09-12 10:43:57,315 INFO request {"path": "/measure", "payload": {"arena_id": "default", "robot_id": "202601002029", "request_id": "147d774ee554402dbd7d87cfa1b95d3b", "position": {"x": 1200.0, "y": 0.0}, "channel": 18}, "attempt": 1}
2026-09-12 10:43:57,316 INFO response {"request_id": "147d774ee554402dbd7d87cfa1b95d3b", "http_status": 200, "body": {"accepted": true, "real_timestamp_ms": 1789181033857, "virtual_time_s": 437, "measure_result": "no_signal"}}
2026-09-12 10:43:57,316 INFO request {"path": "/measure", "payload": {"arena_id": "default", "robot_id": "202601002029", "request_id": "6931b505e32342b4a1b6d722df7bac17", "position": {"x": 1200.0, "y": 0.0}, "channel": 19}, "attempt": 1}
2026-09-12 10:43:57,317 INFO response {"request_id": "6931b505e32342b4a1b6d722df7bac17", "http_status": 200, "body": {"accepted": true, "real_timestamp_ms": 1789181033857, "virtual_time_s": 443, "measure_result": "no_signal"}}
2026-09-12 10:43:57,317 INFO request {"path": "/measure", "payload": {"arena_id": "default", "robot_id": "202601002029", "request_id": "a1ea3e04b72e4205beff0ef9e0598822", "position": {"x": 600.0000000000001, "y": 1039.2304845413264}, "channel": 19}, "attempt": 1}
2026-09-12 10:43:57,317 INFO response {"request_id": "a1ea3e04b72e4205beff0ef9e0598822", "http_status": 200, "body": {"accepted": true, "real_timestamp_ms": 1789181033858, "virtual_time_s": 688, "measure_result": "no_signal"}}
2026-09-12 10:43:57,318 INFO request {"path": "/measure", "payload": {"arena_id": "default", "robot_id": "202601002029", "request_id": "fb6eccad934447b490a078311a7b17e0", "position": {"x": 600.0000000000001, "y": 1039.2304845413264}, "channel": 1}, "attempt": 1}
2026-09-12 10:43:57,318 INFO response {"request_id": "fb6eccad934447b490a078311a7b17e0", "http_status": 200, "body": {"accepted": true, "real_timestamp_ms": 1789181033859, "virtual_time_s": 694, "measure_result": "no_signal"}}
2026-09-12 10:43:57,318 INFO request {"path": "/measure", "payload": {"arena_id": "default", "robot_id": "202601002029", "request_id": "9ed19eec7db94f599b2a7bc54bd48fb7", "position": {"x": 600.0000000000001, "y": 1039.2304845413264}, "channel": 2}, "attempt": 1}
2026-09-12 10:43:57,319 INFO response {"request_id": "9ed19eec7db94f599b2a7bc54bd48fb7", "http_status": 200, "body": {"accepted": true, "real_timestamp_ms": 1789181033860, "virtual_time_s": 700, "measure_result": "direction", "svd_deg": 38.26}}
2026-09-12 10:43:57,321 INFO request {"path": "/measure", "payload": {"arena_id": "default", "robot_id": "202601002029", "request_id": "7424d2a6f92f4d00b0261d1ced5a2593", "position": {"x": 600.0000000000001, "y": 1039.2304845413264}, "channel": 3}, "attempt": 1}
2026-09-12 10:43:57,333 INFO response {"request_id": "7424d2a6f92f4d00b0261d1ced5a2593", "http_status": 200, "body": {"accepted": true, "real_timestamp_ms": 1789181033875, "virtual_time_s": 706, "measure_result": "no_signal"}}
2026-09-12 10:43:57,334 INFO request {"path": "/measure", "payload": {"arena_id": "default", "robot_id": "202601002029", "request_id": "d798ddae2e87480caa27cc7cbd00b696", "position": {"x": 600.0000000000001, "y": 1039.2304845413264}, "channel": 5}, "attempt": 1}
2026-09-12 10:43:57,355 INFO response {"request_id": "d798ddae2e87480caa27cc7cbd00b696", "http_status": 200, "body": {"accepted": true, "real_timestamp_ms": 1789181033895, "virtual_time_s": 712, "measure_result": "no_signal"}}
2026-09-12 10:43:57,355 INFO request {"path": "/measure", "payload": {"arena_id": "default", "robot_id": "202601002029", "request_id": "641ff341a7fc4391ad4a1643800669b4", "position": {"x": 600.0000000000001, "y": 1039.2304845413264}, "channel": 6}, "attempt": 1}
2026-09-12 10:43:57,373 INFO response {"request_id": "641ff341a7fc4391ad4a1643800669b4", "http_status": 200, "body": {"accepted": true, "real_timestamp_ms": 1789181033913, "virtual_time_s": 718, "measure_result": "no_signal"}}
2026-09-12 10:43:57,373 INFO request {"path": "/measure", "payload": {"arena_id": "default", "robot_id": "202601002029", "request_id": "43cf48f0840b46ccaa2e15e4e1a7ff66", "position": {"x": 600.0000000000001, "y": 1039.2304845413264}, "channel": 7}, "attempt": 1}
2026-09-12 10:43:57,393 INFO response {"request_id": "43cf48f0840b46ccaa2e15e4e1a7ff66", "http_status": 200, "body": {"accepted": true, "real_timestamp_ms": 1789181033933, "virtual_time_s": 724, "measure_result": "no_signal"}}
2026-09-12 10:43:57,394 INFO request {"path": "/measure", "payload": {"arena_id": "default", "robot_id": "202601002029", "request_id": "cb66ff87397648e3950df97da4b9bfb9", "position": {"x": 600.0000000000001, "y": 1039.2304845413264}, "channel": 8}, "attempt": 1}
2026-09-12 10:43:57,413 INFO response {"request_id": "cb66ff87397648e3950df97da4b9bfb9", "http_status": 200, "body": {"accepted": true, "real_timestamp_ms": 1789181033953, "virtual_time_s": 730, "measure_result": "no_signal"}}
2026-09-12 10:43:57,413 INFO request {"path": "/measure", "payload": {"arena_id": "default", "robot_id": "202601002029", "request_id": "0d5f190b41a84cfeba507fd1d3c6ef2a", "position": {"x": 600.0000000000001, "y": 1039.2304845413264}, "channel": 10}, "attempt": 1}
2026-09-12 10:43:57,416 INFO response {"request_id": "0d5f190b41a84cfeba507fd1d3c6ef2a", "http_status": 200, "body": {"accepted": true, "real_timestamp_ms": 1789181033956, "virtual_time_s": 736, "measure_result": "no_signal"}}
2026-09-12 10:43:57,416 INFO request {"path": "/measure", "payload": {"arena_id": "default", "robot_id": "202601002029", "request_id": "0a9e43cca7f5470ea72c74f9a0348d04", "position": {"x": 600.0000000000001, "y": 1039.2304845413264}, "channel": 16}, "attempt": 1}
2026-09-12 10:43:57,418 INFO response {"request_id": "0a9e43cca7f5470ea72c74f9a0348d04", "http_status": 200, "body": {"accepted": true, "real_timestamp_ms": 1789181033959, "virtual_time_s": 742, "measure_result": "direction", "svd_deg": 75.95}}
2026-09-12 10:43:57,424 INFO request {"path": "/measure", "payload": {"arena_id": "default", "robot_id": "202601002029", "request_id": "b80f0003ba074d62bf229d71cdf57f5b", "position": {"x": 600.0000000000001, "y": 1039.2304845413264}, "channel": 18}, "attempt": 1}
2026-09-12 10:43:57,425 INFO response {"request_id": "b80f0003ba074d62bf229d71cdf57f5b", "http_status": 200, "body": {"accepted": true, "real_timestamp_ms": 1789181033966, "virtual_time_s": 748, "measure_result": "no_signal"}}
2026-09-12 10:43:57,426 INFO request {"path": "/measure", "payload": {"arena_id": "default", "robot_id": "202601002029", "request_id": "2f1982da76344b63bc2821e420e69540", "position": {"x": -599.9999999999998, "y": 1039.2304845413264}, "channel": 18}, "attempt": 1}
2026-09-12 10:43:57,428 INFO response {"request_id": "2f1982da76344b63bc2821e420e69540", "http_status": 200, "body": {"accepted": true, "real_timestamp_ms": 1789181033968, "virtual_time_s": 993, "measure_result": "no_signal"}}
2026-09-12 10:43:57,428 INFO request {"path": "/measure", "payload": {"arena_id": "default", "robot_id": "202601002029", "request_id": "c2998f44ed25442cbbe949547423bf1a", "position": {"x": -599.9999999999998, "y": 1039.2304845413264}, "channel": 1}, "attempt": 1}
2026-09-12 10:43:57,429 INFO response {"request_id": "c2998f44ed25442cbbe949547423bf1a", "http_status": 200, "body": {"accepted": true, "real_timestamp_ms": 1789181033970, "virtual_time_s": 999, "measure_result": "no_signal"}}
2026-09-12 10:43:57,429 INFO request {"path": "/measure", "payload": {"arena_id": "default", "robot_id": "202601002029", "request_id": "a632cafd7df24b8e90384522b33c523f", "position": {"x": -599.9999999999998, "y": 1039.2304845413264}, "channel": 3}, "attempt": 1}
2026-09-12 10:43:57,431 INFO response {"request_id": "a632cafd7df24b8e90384522b33c523f", "http_status": 200, "body": {"accepted": true, "real_timestamp_ms": 1789181033972, "virtual_time_s": 1005, "measure_result": "no_signal"}}
2026-09-12 10:43:57,432 INFO request {"path": "/measure", "payload": {"arena_id": "default", "robot_id": "202601002029", "request_id": "e1a4d621dc1449758dc6902f3ea1c26d", "position": {"x": -599.9999999999998, "y": 1039.2304845413264}, "channel": 5}, "attempt": 1}
2026-09-12 10:43:57,433 INFO response {"request_id": "e1a4d621dc1449758dc6902f3ea1c26d", "http_status": 200, "body": {"accepted": true, "real_timestamp_ms": 1789181033974, "virtual_time_s": 1011, "measure_result": "no_signal"}}
2026-09-12 10:43:57,433 INFO request {"path": "/measure", "payload": {"arena_id": "default", "robot_id": "202601002029", "request_id": "3d79b0d4ef9f495b8dc8d9f1e44b6f89", "position": {"x": -599.9999999999998, "y": 1039.2304845413264}, "channel": 6}, "attempt": 1}
2026-09-12 10:43:57,451 INFO response {"request_id": "3d79b0d4ef9f495b8dc8d9f1e44b6f89", "http_status": 200, "body": {"accepted": true, "real_timestamp_ms": 1789181033992, "virtual_time_s": 1017, "measure_result": "no_signal"}}
2026-09-12 10:43:57,452 INFO request {"path": "/measure", "payload": {"arena_id": "default", "robot_id": "202601002029", "request_id": "ba71866a1af2476496d697431fdfe846", "position": {"x": -599.9999999999998, "y": 1039.2304845413264}, "channel": 7}, "attempt": 1}
2026-09-12 10:43:57,454 INFO response {"request_id": "ba71866a1af2476496d697431fdfe846", "http_status": 200, "body": {"accepted": true, "real_timestamp_ms": 1789181033994, "virtual_time_s": 1023, "measure_result": "direction", "svd_deg": 203.72}}
2026-09-12 10:43:57,459 INFO request {"path": "/measure", "payload": {"arena_id": "default", "robot_id": "202601002029", "request_id": "31da05d014804b698cdf291085ff4487", "position": {"x": -599.9999999999998, "y": 1039.2304845413264}, "channel": 8}, "attempt": 1}
2026-09-12 10:43:57,481 INFO response {"request_id": "31da05d014804b698cdf291085ff4487", "http_status": 200, "body": {"accepted": true, "real_timestamp_ms": 1789181034021, "virtual_time_s": 1029, "measure_result": "no_signal"}}
2026-09-12 10:43:57,481 INFO request {"path": "/measure", "payload": {"arena_id": "default", "robot_id": "202601002029", "request_id": "ae987347cf0c440480921160797d45bc", "position": {"x": -599.9999999999998, "y": 1039.2304845413264}, "channel": 10}, "attempt": 1}
2026-09-12 10:43:57,483 INFO response {"request_id": "ae987347cf0c440480921160797d45bc", "http_status": 200, "body": {"accepted": true, "real_timestamp_ms": 1789181034023, "virtual_time_s": 1035, "measure_result": "no_signal"}}
2026-09-12 10:43:57,483 INFO request {"path": "/measure", "payload": {"arena_id": "default", "robot_id": "202601002029", "request_id": "625158020533438cb6718da6e6043b99", "position": {"x": -599.9999999999998, "y": 1039.2304845413264}, "channel": 19}, "attempt": 1}
2026-09-12 10:43:57,484 INFO response {"request_id": "625158020533438cb6718da6e6043b99", "http_status": 200, "body": {"accepted": true, "real_timestamp_ms": 1789181034025, "virtual_time_s": 1041, "measure_result": "direction", "svd_deg": 37.42}}
2026-09-12 10:43:57,488 INFO request {"path": "/measure", "payload": {"arena_id": "default", "robot_id": "202601002029", "request_id": "2668940c335c4245b9b53f5d00c4ea81", "position": {"x": -1200.0, "y": 1.4695761589768238e-13}, "channel": 1}, "attempt": 1}
2026-09-12 10:43:57,490 INFO response {"request_id": "2668940c335c4245b9b53f5d00c4ea81", "http_status": 200, "body": {"accepted": true, "real_timestamp_ms": 1789181034031, "virtual_time_s": 1287, "measure_result": "no_signal"}}
2026-09-12 10:43:57,490 INFO request {"path": "/measure", "payload": {"arena_id": "default", "robot_id": "202601002029", "request_id": "4609f11c07794716aa2d267a23ed6114", "position": {"x": -1200.0, "y": 1.4695761589768238e-13}, "channel": 3}, "attempt": 1}
2026-09-12 10:43:57,491 INFO response {"request_id": "4609f11c07794716aa2d267a23ed6114", "http_status": 200, "body": {"accepted": true, "real_timestamp_ms": 1789181034032, "virtual_time_s": 1293, "measure_result": "no_signal"}}
2026-09-12 10:43:57,491 INFO request {"path": "/measure", "payload": {"arena_id": "default", "robot_id": "202601002029", "request_id": "37c6fd1a60854f37bf5a84affc3772f1", "position": {"x": -1200.0, "y": 1.4695761589768238e-13}, "channel": 5}, "attempt": 1}
2026-09-12 10:43:57,492 INFO response {"request_id": "37c6fd1a60854f37bf5a84affc3772f1", "http_status": 200, "body": {"accepted": true, "real_timestamp_ms": 1789181034033, "virtual_time_s": 1299, "measure_result": "no_signal"}}
2026-09-12 10:43:57,492 INFO request {"path": "/measure", "payload": {"arena_id": "default", "robot_id": "202601002029", "request_id": "3991676f6cad44c1a76bb55b1e24d8f5", "position": {"x": -1200.0, "y": 1.4695761589768238e-13}, "channel": 6}, "attempt": 1}
2026-09-12 10:43:57,494 INFO response {"request_id": "3991676f6cad44c1a76bb55b1e24d8f5", "http_status": 200, "body": {"accepted": true, "real_timestamp_ms": 1789181034035, "virtual_time_s": 1305, "measure_result": "no_signal"}}
2026-09-12 10:43:57,494 INFO request {"path": "/measure", "payload": {"arena_id": "default", "robot_id": "202601002029", "request_id": "3b94bc870fff4702b839d73000649453", "position": {"x": -1200.0, "y": 1.4695761589768238e-13}, "channel": 8}, "attempt": 1}
2026-09-12 10:43:57,495 INFO response {"request_id": "3b94bc870fff4702b839d73000649453", "http_status": 200, "body": {"accepted": true, "real_timestamp_ms": 1789181034036, "virtual_time_s": 1311, "measure_result": "direction", "svd_deg": 268.65}}
2026-09-12 10:43:57,498 INFO request {"path": "/measure", "payload": {"arena_id": "default", "robot_id": "202601002029", "request_id": "e198f143df7948bcbb27c4d9719c465c", "position": {"x": -1200.0, "y": 1.4695761589768238e-13}, "channel": 10}, "attempt": 1}
2026-09-12 10:43:57,499 INFO response {"request_id": "e198f143df7948bcbb27c4d9719c465c", "http_status": 200, "body": {"accepted": true, "real_timestamp_ms": 1789181034040, "virtual_time_s": 1317, "measure_result": "no_signal"}}
2026-09-12 10:43:57,499 INFO request {"path": "/measure", "payload": {"arena_id": "default", "robot_id": "202601002029", "request_id": "431463b9ccbf416e8a16d4d63f1d8e7f", "position": {"x": -1200.0, "y": 1.4695761589768238e-13}, "channel": 18}, "attempt": 1}
2026-09-12 10:43:57,500 INFO response {"request_id": "431463b9ccbf416e8a16d4d63f1d8e7f", "http_status": 200, "body": {"accepted": true, "real_timestamp_ms": 1789181034041, "virtual_time_s": 1323, "measure_result": "no_signal"}}
2026-09-12 10:43:57,500 INFO request {"path": "/measure", "payload": {"arena_id": "default", "robot_id": "202601002029", "request_id": "e8290cb48a7c477e86cb12b0bafe6082", "position": {"x": -600.0000000000006, "y": -1039.2304845413262}, "channel": 18}, "attempt": 1}
2026-09-12 10:43:57,502 INFO response {"request_id": "e8290cb48a7c477e86cb12b0bafe6082", "http_status": 200, "body": {"accepted": true, "real_timestamp_ms": 1789181034042, "virtual_time_s": 1568, "measure_result": "no_signal"}}
2026-09-12 10:43:57,502 INFO request {"path": "/measure", "payload": {"arena_id": "default", "robot_id": "202601002029", "request_id": "ddc34c9e8bb74941b77b30c7293e4469", "position": {"x": -600.0000000000006, "y": -1039.2304845413262}, "channel": 1}, "attempt": 1}
2026-09-12 10:43:57,517 INFO response {"request_id": "ddc34c9e8bb74941b77b30c7293e4469", "http_status": 200, "body": {"accepted": true, "real_timestamp_ms": 1789181034058, "virtual_time_s": 1574, "measure_result": "direction", "svd_deg": 349.66}}
2026-09-12 10:43:57,520 INFO request {"path": "/measure", "payload": {"arena_id": "default", "robot_id": "202601002029", "request_id": "b920bd3057e241faa3cf6904560b0443", "position": {"x": -600.0000000000006, "y": -1039.2304845413262}, "channel": 3}, "attempt": 1}
2026-09-12 10:43:57,521 INFO response {"request_id": "b920bd3057e241faa3cf6904560b0443", "http_status": 200, "body": {"accepted": true, "real_timestamp_ms": 1789181034061, "virtual_time_s": 1580, "measure_result": "no_signal"}}
2026-09-12 10:43:57,521 INFO request {"path": "/measure", "payload": {"arena_id": "default", "robot_id": "202601002029", "request_id": "aa3ca7e55dd14fdbaeb58f2ccc5e25a1", "position": {"x": -600.0000000000006, "y": -1039.2304845413262}, "channel": 5}, "attempt": 1}
2026-09-12 10:43:57,538 INFO response {"request_id": "aa3ca7e55dd14fdbaeb58f2ccc5e25a1", "http_status": 200, "body": {"accepted": true, "real_timestamp_ms": 1789181034079, "virtual_time_s": 1586, "measure_result": "no_signal"}}
2026-09-12 10:43:57,538 INFO request {"path": "/measure", "payload": {"arena_id": "default", "robot_id": "202601002029", "request_id": "1f091468d592456383b63593e44b1ba1", "position": {"x": -600.0000000000006, "y": -1039.2304845413262}, "channel": 6}, "attempt": 1}
2026-09-12 10:43:57,539 INFO response {"request_id": "1f091468d592456383b63593e44b1ba1", "http_status": 200, "body": {"accepted": true, "real_timestamp_ms": 1789181034080, "virtual_time_s": 1592, "measure_result": "no_signal"}}
2026-09-12 10:43:57,540 INFO request {"path": "/measure", "payload": {"arena_id": "default", "robot_id": "202601002029", "request_id": "162289f4c7f142199792c60ba0223e07", "position": {"x": -600.0000000000006, "y": -1039.2304845413262}, "channel": 10}, "attempt": 1}
2026-09-12 10:43:57,557 INFO response {"request_id": "162289f4c7f142199792c60ba0223e07", "http_status": 200, "body": {"accepted": true, "real_timestamp_ms": 1789181034099, "virtual_time_s": 1598, "measure_result": "no_signal"}}
2026-09-12 10:43:57,558 INFO request {"path": "/measure", "payload": {"arena_id": "default", "robot_id": "202601002029", "request_id": "786808783cfc42c39042c089308f9b52", "position": {"x": 600.0000000000001, "y": -1039.2304845413264}, "channel": 10}, "attempt": 1}
2026-09-12 10:43:57,558 INFO response {"request_id": "786808783cfc42c39042c089308f9b52", "http_status": 200, "body": {"accepted": true, "real_timestamp_ms": 1789181034100, "virtual_time_s": 1843, "measure_result": "no_signal"}}
2026-09-12 10:43:57,559 INFO request {"path": "/measure", "payload": {"arena_id": "default", "robot_id": "202601002029", "request_id": "694fb42a5abe493c90740e92ef15f7c6", "position": {"x": 600.0000000000001, "y": -1039.2304845413264}, "channel": 3}, "attempt": 1}
2026-09-12 10:43:57,577 INFO response {"request_id": "694fb42a5abe493c90740e92ef15f7c6", "http_status": 200, "body": {"accepted": true, "real_timestamp_ms": 1789181034118, "virtual_time_s": 1849, "measure_result": "no_signal"}}
2026-09-12 10:43:57,578 INFO request {"path": "/measure", "payload": {"arena_id": "default", "robot_id": "202601002029", "request_id": "c0e146de901b473398575e55e51a4b71", "position": {"x": 600.0000000000001, "y": -1039.2304845413264}, "channel": 5}, "attempt": 1}
2026-09-12 10:43:57,578 INFO response {"request_id": "c0e146de901b473398575e55e51a4b71", "http_status": 200, "body": {"accepted": true, "real_timestamp_ms": 1789181034120, "virtual_time_s": 1855, "measure_result": "no_signal"}}
2026-09-12 10:43:57,579 INFO request {"path": "/measure", "payload": {"arena_id": "default", "robot_id": "202601002029", "request_id": "67a6699c7fe94655ab29b324c6a6912a", "position": {"x": 600.0000000000001, "y": -1039.2304845413264}, "channel": 6}, "attempt": 1}
2026-09-12 10:43:57,598 INFO response {"request_id": "67a6699c7fe94655ab29b324c6a6912a", "http_status": 200, "body": {"accepted": true, "real_timestamp_ms": 1789181034139, "virtual_time_s": 1861, "measure_result": "no_signal"}}
2026-09-12 10:43:57,598 INFO request {"path": "/measure", "payload": {"arena_id": "default", "robot_id": "202601002029", "request_id": "eebfc734ecf84da38e43aa1548c6c3ae", "position": {"x": 600.0000000000001, "y": -1039.2304845413264}, "channel": 18}, "attempt": 1}
2026-09-12 10:43:57,618 INFO response {"request_id": "eebfc734ecf84da38e43aa1548c6c3ae", "http_status": 200, "body": {"accepted": true, "real_timestamp_ms": 1789181034158, "virtual_time_s": 1867, "measure_result": "no_signal"}}
2026-09-12 10:44:05,465 INFO request {"path": "/measure", "payload": {"arena_id": "default", "robot_id": "202601002029", "request_id": "fad6e157f61b499fb35ae545a807895d", "position": {"x": 877.4614702350668, "y": -487.8337520803868}, "channel": 9}, "attempt": 1}
2026-09-12 10:44:05,479 INFO response {"request_id": "fad6e157f61b499fb35ae545a807895d", "http_status": 200, "body": {"accepted": true, "real_timestamp_ms": 1789181042021, "virtual_time_s": 1996.454157, "measure_result": "direction", "svd_deg": 75.53}}
2026-09-12 10:44:13,274 INFO request {"path": "/measure", "payload": {"arena_id": "default", "robot_id": "202601002029", "request_id": "d57fdb99b0114a0db8c8dde70837908a", "position": {"x": 1119.174479589585, "y": 155.18092464553231}, "channel": 9}, "attempt": 1}
2026-09-12 10:44:13,276 INFO response {"request_id": "d57fdb99b0114a0db8c8dde70837908a", "http_status": 200, "body": {"accepted": true, "real_timestamp_ms": 1789181049817, "virtual_time_s": 2138.843102, "measure_result": "direction", "svd_deg": 188.74}}
2026-09-12 10:44:13,283 INFO request {"path": "/clear", "payload": {"arena_id": "default", "robot_id": "202601002029", "request_id": "7a0a26a8299546e0a93392c6858445a9", "position": {"x": 1040.325144469259, "y": 142.8299223750269}, "channel": 9}, "attempt": 1}
2026-09-12 10:44:13,284 INFO response {"request_id": "7a0a26a8299546e0a93392c6858445a9", "http_status": 200, "body": {"accepted": true, "real_timestamp_ms": 1789181049825, "virtual_time_s": 2159.805263, "clear_result": "success"}}
2026-09-12 10:44:13,284 INFO request {"path": "/measure", "payload": {"arena_id": "default", "robot_id": "202601002029", "request_id": "36195acc77434cc28e9079735be9c9c2", "position": {"x": 915.0943288327627, "y": 412.9440285971321}, "channel": 15}, "attempt": 1}
2026-09-12 10:44:13,286 INFO response {"request_id": "36195acc77434cc28e9079735be9c9c2", "http_status": 200, "body": {"accepted": true, "real_timestamp_ms": 1789181049826, "virtual_time_s": 2225.351678, "measure_result": "direction", "svd_deg": 181.16}}
2026-09-12 10:44:20,816 INFO request {"path": "/measure", "payload": {"arena_id": "default", "robot_id": "202601002029", "request_id": "4f711a9d9aff48dd953dc2551ca064c9", "position": {"x": 81.12611193039965, "y": 540.4757489009105}, "channel": 15}, "attempt": 1}
2026-09-12 10:44:20,817 INFO response {"request_id": "4f711a9d9aff48dd953dc2551ca064c9", "http_status": 200, "body": {"accepted": true, "real_timestamp_ms": 1789181057358, "virtual_time_s": 2399.084286, "measure_result": "direction", "svd_deg": 314.88}}
2026-09-12 10:44:20,820 INFO request {"path": "/clear", "payload": {"arena_id": "default", "robot_id": "202601002029", "request_id": "b2275bd805ea417e903e883c15b8ad5b", "position": {"x": 221.48797026413462, "y": 399.2947177955094}, "channel": 15}, "attempt": 1}
2026-09-12 10:44:20,821 INFO response {"request_id": "b2275bd805ea417e903e883c15b8ad5b", "http_status": 200, "body": {"accepted": true, "real_timestamp_ms": 1789181057362, "virtual_time_s": 2443.900632, "clear_result": "success"}}
2026-09-12 10:44:20,821 INFO request {"path": "/measure", "payload": {"arena_id": "default", "robot_id": "202601002029", "request_id": "b959f1849b764156a1e03a6a89fe2912", "position": {"x": 584.884162354133, "y": 815.9846310091984}, "channel": 20}, "attempt": 1}
2026-09-12 10:44:20,822 INFO response {"request_id": "b959f1849b764156a1e03a6a89fe2912", "http_status": 200, "body": {"accepted": true, "real_timestamp_ms": 1789181057363, "virtual_time_s": 2560.478618, "measure_result": "direction", "svd_deg": 169.83}}
2026-09-12 10:44:28,830 INFO request {"path": "/measure", "payload": {"arena_id": "default", "robot_id": "202601002029", "request_id": "50c5c203d71d4fd9b2546675c977c113", "position": {"x": -15.25209051217515, "y": 1423.907270386896}, "channel": 20}, "attempt": 1}
2026-09-12 10:44:28,842 INFO response {"request_id": "50c5c203d71d4fd9b2546675c977c113", "http_status": 200, "body": {"accepted": true, "real_timestamp_ms": 1789181065382, "virtual_time_s": 2736.327494, "measure_result": "direction", "svd_deg": 268.32}}
2026-09-12 10:44:28,848 INFO request {"path": "/clear", "payload": {"arena_id": "default", "robot_id": "202601002029", "request_id": "18ccf976a37e4a6dbfbb8f39caa9a6bd", "position": {"x": -27.44253594223091, "y": 925.9737383536853}, "channel": 20}, "attempt": 1}
2026-09-12 10:44:28,861 INFO response {"request_id": "18ccf976a37e4a6dbfbb8f39caa9a6bd", "http_status": 200, "body": {"accepted": true, "real_timestamp_ms": 1789181065402, "virtual_time_s": 2840.944041, "clear_result": "success"}}
2026-09-12 10:44:28,862 INFO request {"path": "/measure", "payload": {"arena_id": "default", "robot_id": "202601002029", "request_id": "7a3ef0e4385c472eab8d64db2ff7647f", "position": {"x": -60.72451326819498, "y": 1002.114232462674}, "channel": 17}, "attempt": 1}
2026-09-12 10:44:28,862 INFO response {"request_id": "7a3ef0e4385c472eab8d64db2ff7647f", "http_status": 200, "body": {"accepted": true, "real_timestamp_ms": 1789181065403, "virtual_time_s": 2863.563385, "measure_result": "direction", "svd_deg": 203.14}}
2026-09-12 10:44:36,396 INFO request {"path": "/measure", "payload": {"arena_id": "default", "robot_id": "202601002029", "request_id": "7e9e200f76994333a0688737b0102d29", "position": {"x": -832.0952996154565, "y": 717.5854650821525}, "channel": 17}, "attempt": 1}
2026-09-12 10:44:36,396 INFO response {"request_id": "7e9e200f76994333a0688737b0102d29", "http_status": 200, "body": {"accepted": true, "real_timestamp_ms": 1789181072938, "virtual_time_s": 3032.998115, "measure_result": "direction", "svd_deg": 9.37}}
2026-09-12 10:44:45,961 INFO request {"path": "/measure", "payload": {"arena_id": "default", "robot_id": "202601002029", "request_id": "03fad3879a5d4d99883c7e702b70e357", "position": {"x": -829.5410059539927, "y": 711.3237485257958}, "channel": 17}, "attempt": 1}
2026-09-12 10:44:45,962 INFO response {"request_id": "03fad3879a5d4d99883c7e702b70e357", "http_status": 200, "body": {"accepted": true, "real_timestamp_ms": 1789181082503, "virtual_time_s": 3039.350646, "measure_result": "direction", "svd_deg": 11.2}}
2026-09-12 10:44:57,874 INFO request {"path": "/measure", "payload": {"arena_id": "default", "robot_id": "202601002029", "request_id": "6ec920fb260747de9a3edc14bc9e64d9", "position": {"x": -828.2693470911995, "y": 711.9368880674092}, "channel": 17}, "attempt": 1}
2026-09-12 10:44:57,875 INFO response {"request_id": "6ec920fb260747de9a3edc14bc9e64d9", "http_status": 200, "body": {"accepted": true, "real_timestamp_ms": 1789181094416, "virtual_time_s": 3044.632997, "measure_result": "direction", "svd_deg": 11.09}}
2026-09-12 10:45:12,042 INFO request {"path": "/measure", "payload": {"arena_id": "default", "robot_id": "202601002029", "request_id": "93a62865074b4fb48d15b6037ec45cf2", "position": {"x": -711.6750205458419, "y": 751.0333910567841}, "channel": 17}, "attempt": 1}
2026-09-12 10:45:12,055 INFO response {"request_id": "93a62865074b4fb48d15b6037ec45cf2", "http_status": 200, "body": {"accepted": true, "real_timestamp_ms": 1789181108595, "virtual_time_s": 3074.227934, "measure_result": "direction", "svd_deg": 359.08}}
2026-09-12 10:45:12,063 INFO request {"path": "/clear", "payload": {"arena_id": "default", "robot_id": "202601002029", "request_id": "96de5d9425834ccca6ef51e20fb7695a", "position": {"x": -637.6724828526758, "y": 750.1426226146853}, "channel": 17}, "attempt": 1}
2026-09-12 10:45:12,074 INFO response {"request_id": "96de5d9425834ccca6ef51e20fb7695a", "http_status": 200, "body": {"accepted": true, "real_timestamp_ms": 1789181108615, "virtual_time_s": 3094.029514, "clear_result": "success"}}
2026-09-12 10:45:12,075 INFO request {"path": "/measure", "payload": {"arena_id": "default", "robot_id": "202601002029", "request_id": "8f0c79e5f64c44698dbd74f1dc49d436", "position": {"x": -762.2457615316971, "y": 653.377226755629}, "channel": 4}, "attempt": 1}
2026-09-12 10:45:12,094 INFO response {"request_id": "8f0c79e5f64c44698dbd74f1dc49d436", "http_status": 200, "body": {"accepted": true, "real_timestamp_ms": 1789181108635, "virtual_time_s": 3131.5776, "measure_result": "direction", "svd_deg": 236.22}}
2026-09-12 10:45:19,661 INFO request {"path": "/measure", "payload": {"arena_id": "default", "robot_id": "202601002029", "request_id": "136db0e019934a369b5146dcc9a9576d", "position": {"x": -1034.1401819043338, "y": -87.59059153137547}, "channel": 4}, "attempt": 1}
2026-09-12 10:45:19,675 INFO response {"request_id": "136db0e019934a369b5146dcc9a9576d", "http_status": 200, "body": {"accepted": true, "real_timestamp_ms": 1789181116216, "virtual_time_s": 3294.433215, "measure_result": "direction", "svd_deg": 121.17}}
2026-09-12 10:45:19,682 INFO request {"path": "/clear", "payload": {"arena_id": "default", "robot_id": "202601002029", "request_id": "ab0ca7f564b646538f927cf201787451", "position": {"x": -1141.4919329818495, "y": 86.21383296948753}, "channel": 4}, "attempt": 1}
2026-09-12 10:45:19,682 INFO response {"request_id": "ab0ca7f564b646538f927cf201787451", "http_status": 200, "body": {"accepted": true, "real_timestamp_ms": 1789181116224, "virtual_time_s": 3340.290222, "clear_result": "success"}}
2026-09-12 10:45:19,683 INFO request {"path": "/measure", "payload": {"arena_id": "default", "robot_id": "202601002029", "request_id": "d017427242474f6eb32ee1b4ec2a8268", "position": {"x": -1246.2166732349426, "y": 270.263840164398}, "channel": 7}, "attempt": 1}
2026-09-12 10:45:19,695 INFO response {"request_id": "d017427242474f6eb32ee1b4ec2a8268", "http_status": 200, "body": {"accepted": true, "real_timestamp_ms": 1789181116235, "virtual_time_s": 3388.641929, "measure_result": "direction", "svd_deg": 128.77}}
2026-09-12 10:45:27,582 INFO request {"path": "/measure", "payload": {"arena_id": "default", "robot_id": "202601002029", "request_id": "fdc8f3b7833840f095eb79873caa8498", "position": {"x": -1675.0926245746955, "y": 770.9142099855857}, "channel": 7}, "attempt": 1}
2026-09-12 10:45:27,583 INFO response {"request_id": "fdc8f3b7833840f095eb79873caa8498", "http_status": 200, "body": {"accepted": true, "real_timestamp_ms": 1789181124124, "virtual_time_s": 3525.488108, "measure_result": "direction", "svd_deg": 313.95}}
2026-09-12 10:45:37,383 INFO request {"path": "/measure", "payload": {"arena_id": "default", "robot_id": "202601002029", "request_id": "cc6d1e604016415db3b2916cfa940296", "position": {"x": -1678.3115087971933, "y": 769.5376217847427}, "channel": 7}, "attempt": 1}
2026-09-12 10:45:37,385 INFO response {"request_id": "cc6d1e604016415db3b2916cfa940296", "http_status": 200, "body": {"accepted": true, "real_timestamp_ms": 1789181133925, "virtual_time_s": 3531.188285, "measure_result": "direction", "svd_deg": 314.89}}
2026-09-12 10:45:50,701 INFO request {"path": "/measure", "payload": {"arena_id": "default", "robot_id": "202601002029", "request_id": "880d2c805266495db484da2aa482e4ab", "position": {"x": -1677.9706272801263, "y": 768.6147986122343}, "channel": 7}, "attempt": 1}
2026-09-12 10:45:50,702 INFO response {"request_id": "880d2c805266495db484da2aa482e4ab", "http_status": 200, "body": {"accepted": true, "real_timestamp_ms": 1789181147243, "virtual_time_s": 3536.385039, "measure_result": "direction", "svd_deg": 315.01}}
2026-09-12 10:46:05,161 INFO request {"path": "/measure", "payload": {"arena_id": "default", "robot_id": "202601002029", "request_id": "b35ce1fc249b407b9c85ee95e86b7b18", "position": {"x": -1581.0692627439591, "y": 693.8001007577228}, "channel": 7}, "attempt": 1}
2026-09-12 10:46:05,178 INFO response {"request_id": "b35ce1fc249b407b9c85ee95e86b7b18", "http_status": 200, "body": {"accepted": true, "real_timestamp_ms": 1789181161719, "virtual_time_s": 3565.869412, "measure_result": "direction", "svd_deg": 303.54}}
2026-09-12 10:46:05,196 INFO request {"path": "/clear", "payload": {"arena_id": "default", "robot_id": "202601002029", "request_id": "f0183c0a87bb4f9e9061e8e8a8cdcf70", "position": {"x": -1536.8521750447367, "y": 627.6768420132064}, "channel": 7}, "attempt": 1}
2026-09-12 10:46:05,207 INFO response {"request_id": "f0183c0a87bb4f9e9061e8e8a8cdcf70", "http_status": 200, "body": {"accepted": true, "real_timestamp_ms": 1789181161748, "virtual_time_s": 3586.778449, "clear_result": "success"}}
2026-09-12 10:46:05,208 INFO request {"path": "/measure", "payload": {"arena_id": "default", "robot_id": "202601002029", "request_id": "75598deaf4004a5c8bf83d6a54e70f3c", "position": {"x": -1687.1553831141634, "y": -878.3322547974601}, "channel": 8}, "attempt": 1}
2026-09-12 10:46:05,208 INFO response {"request_id": "75598deaf4004a5c8bf83d6a54e70f3c", "http_status": 200, "body": {"accepted": true, "real_timestamp_ms": 1789181161750, "virtual_time_s": 3895.476612, "measure_result": "direction", "svd_deg": 347.6}}
2026-09-12 10:46:13,675 INFO request {"path": "/measure", "payload": {"arena_id": "default", "robot_id": "202601002029", "request_id": "4703c086622746c3a470b4a8a4fadb63", "position": {"x": -1636.9461235310036, "y": -702.8363520263522}, "channel": 8}, "attempt": 1}
2026-09-12 10:46:13,692 INFO response {"request_id": "4703c086622746c3a470b4a8a4fadb63", "http_status": 200, "body": {"accepted": true, "real_timestamp_ms": 1789181170232, "virtual_time_s": 3936.984026, "measure_result": "direction", "svd_deg": 326.53}}
2026-09-12 10:46:25,137 INFO request {"path": "/measure", "payload": {"arena_id": "default", "robot_id": "202601002029", "request_id": "1aa6755d5abb4541be6624d0a4113186", "position": {"x": -1635.605974848711, "y": -701.861034266459}, "channel": 8}, "attempt": 1}
2026-09-12 10:46:25,138 INFO response {"request_id": "1aa6755d5abb4541be6624d0a4113186", "http_status": 200, "body": {"accepted": true, "real_timestamp_ms": 1789181181680, "virtual_time_s": 3942.315522, "measure_result": "direction", "svd_deg": 326.34}}
2026-09-12 10:46:37,603 INFO request {"path": "/measure", "payload": {"arena_id": "default", "robot_id": "202601002029", "request_id": "7647aa2cd22e452aa64ab6958bb0738d", "position": {"x": -1361.3404658402578, "y": -838.2555122891839}, "channel": 8}, "attempt": 1}
2026-09-12 10:46:37,604 INFO response {"request_id": "7647aa2cd22e452aa64ab6958bb0738d", "http_status": 200, "body": {"accepted": true, "real_timestamp_ms": 1789181194145, "virtual_time_s": 4008.577263, "measure_result": "direction", "svd_deg": 312.85}}
2026-09-12 10:46:37,609 INFO request {"path": "/clear", "payload": {"arena_id": "default", "robot_id": "202601002029", "request_id": "6b89b15c5921452cbd8e3a13c928363a", "position": {"x": -1227.234230306568, "y": -979.7137577357743}, "channel": 8}, "attempt": 1}
2026-09-12 10:46:37,611 INFO response {"request_id": "6b89b15c5921452cbd8e3a13c928363a", "http_status": 200, "body": {"accepted": true, "real_timestamp_ms": 1789181194152, "virtual_time_s": 4052.561833, "clear_result": "success"}}
2026-09-12 10:46:37,611 INFO request {"path": "/measure", "payload": {"arena_id": "default", "robot_id": "202601002029", "request_id": "b62dccf956cd490daa4ce0601c64018e", "position": {"x": -482.7718733635518, "y": -880.2566215058879}, "channel": 14}, "attempt": 1}
2026-09-12 10:46:37,612 INFO response {"request_id": "b62dccf956cd490daa4ce0601c64018e", "http_status": 200, "body": {"accepted": true, "real_timestamp_ms": 1789181194153, "virtual_time_s": 4208.777135, "measure_result": "direction", "svd_deg": 342.76}}
2026-09-12 10:46:45,922 INFO request {"path": "/measure", "payload": {"arena_id": "default", "robot_id": "202601002029", "request_id": "5f3c094704704fb48d7a684f3f98a85d", "position": {"x": -263.27628658302353, "y": -799.4318485483129}, "channel": 14}, "attempt": 1}
2026-09-12 10:46:45,924 INFO response {"request_id": "5f3c094704704fb48d7a684f3f98a85d", "http_status": 200, "body": {"accepted": true, "real_timestamp_ms": 1789181202465, "virtual_time_s": 4260.557882, "measure_result": "direction", "svd_deg": 327.5}}
2026-09-12 10:46:56,079 INFO request {"path": "/measure", "payload": {"arena_id": "default", "robot_id": "202601002029", "request_id": "02330abd775b4b2d87d31091446046b5", "position": {"x": 333.52875257813537, "y": -991.3709356348758}, "channel": 14}, "attempt": 1}
2026-09-12 10:46:56,081 INFO response {"request_id": "02330abd775b4b2d87d31091446046b5", "http_status": 200, "body": {"accepted": true, "real_timestamp_ms": 1789181212621, "virtual_time_s": 4390.939997, "measure_result": "direction", "svd_deg": 205.21}}
2026-09-12 10:46:56,084 INFO request {"path": "/clear", "payload": {"arena_id": "default", "robot_id": "202601002029", "request_id": "d6fb1967ae7d4c7b8045bcb9e87c8303", "position": {"x": 159.74668421520792, "y": -1072.5839705066933}, "channel": 14}, "attempt": 1}
2026-09-12 10:46:56,086 INFO response {"request_id": "d6fb1967ae7d4c7b8045bcb9e87c8303", "http_status": 200, "body": {"accepted": true, "real_timestamp_ms": 1789181212627, "virtual_time_s": 4434.304441, "clear_result": "success"}}
2026-09-12 10:46:56,086 INFO request {"path": "/measure", "payload": {"arena_id": "default", "robot_id": "202601002029", "request_id": "fca4622833484d10aaee000f2039955d", "position": {"x": 84.4077715281191, "y": -1773.7414808428293}, "channel": 1}, "attempt": 1}
2026-09-12 10:46:56,087 INFO response {"request_id": "fca4622833484d10aaee000f2039955d", "http_status": 200, "body": {"accepted": true, "real_timestamp_ms": 1789181212628, "virtual_time_s": 4581.343132, "measure_result": "direction", "svd_deg": 78.35}}
2026-09-12 10:46:56,088 INFO request {"path": "/clear", "payload": {"arena_id": "default", "robot_id": "202601002029", "request_id": "a7040c39dfe6472a9719255552a3dc63", "position": {"x": 205.8341476280661, "y": -1186.0648978277995}, "channel": 1}, "attempt": 1}
2026-09-12 10:46:56,090 INFO response {"request_id": "a7040c39dfe6472a9719255552a3dc63", "http_status": 200, "body": {"accepted": true, "real_timestamp_ms": 1789181212631, "virtual_time_s": 4706.361152, "clear_result": "success"}}
2026-09-12 10:46:56,090 INFO request {"path": "/measure", "payload": {"arena_id": "default", "robot_id": "202601002029", "request_id": "185e335df8074209a72f4e14e77c50e2", "position": {"x": 1417.843572012583, "y": -685.396783723213}, "channel": 11}, "attempt": 1}
2026-09-12 10:46:56,109 INFO response {"request_id": "185e335df8074209a72f4e14e77c50e2", "http_status": 200, "body": {"accepted": true, "real_timestamp_ms": 1789181212650, "virtual_time_s": 4974.630891, "measure_result": "direction", "svd_deg": 83.02}}
2026-09-12 10:46:56,111 INFO request {"path": "/clear", "payload": {"arena_id": "default", "robot_id": "202601002029", "request_id": "034a604d8ed54d4a87f121697285a2f4", "position": {"x": 1483.1494204795663, "y": -150.6046165832878}, "channel": 11}, "attempt": 1}
2026-09-12 10:46:56,112 INFO response {"request_id": "034a604d8ed54d4a87f121697285a2f4", "http_status": 200, "body": {"accepted": true, "real_timestamp_ms": 1789181212653, "virtual_time_s": 5087.383852, "clear_result": "success"}}
2026-09-12 10:46:56,112 INFO request {"path": "/measure", "payload": {"arena_id": "default", "robot_id": "202601002029", "request_id": "8516ae3997c44ad6aeb3b38fdc681e2b", "position": {"x": 1691.2145462331139, "y": 875.8819881953424}, "channel": 12}, "attempt": 1}
2026-09-12 10:46:56,128 INFO response {"request_id": "8516ae3997c44ad6aeb3b38fdc681e2b", "http_status": 200, "body": {"accepted": true, "real_timestamp_ms": 1789181212669, "virtual_time_s": 5302.856127, "measure_result": "direction", "svd_deg": 229.05}}
2026-09-12 10:47:03,793 INFO request {"path": "/measure", "payload": {"arena_id": "default", "robot_id": "202601002029", "request_id": "4467c87c9d4944bdba752671e5363b01", "position": {"x": 1190.0319802011197, "y": 298.3703185141001}, "channel": 12}, "attempt": 1}
2026-09-12 10:47:03,795 INFO response {"request_id": "4467c87c9d4944bdba752671e5363b01", "http_status": 200, "body": {"accepted": true, "real_timestamp_ms": 1789181220335, "virtual_time_s": 5460.787967, "measure_result": "near"}}
2026-09-12 10:47:03,795 INFO request {"path": "/clear", "payload": {"arena_id": "default", "robot_id": "202601002029", "request_id": "96839e6560324c94aea862188f44fabd", "position": {"x": 1190.0319802011197, "y": 298.3703185141001}, "channel": 12}, "attempt": 1}
2026-09-12 10:47:03,811 INFO response {"request_id": "96839e6560324c94aea862188f44fabd", "http_status": 200, "body": {"accepted": true, "real_timestamp_ms": 1789181220352, "virtual_time_s": 5465.787967, "clear_result": "success"}}
2026-09-12 10:47:03,811 INFO request {"path": "/measure", "payload": {"arena_id": "default", "robot_id": "202601002029", "request_id": "2ae695d9eba24a21be28ba20e59931f3", "position": {"x": 1254.65598029487, "y": 1001.8794550569992}, "channel": 2}, "attempt": 1}
2026-09-12 10:47:03,842 INFO response {"request_id": "2ae695d9eba24a21be28ba20e59931f3", "http_status": 200, "body": {"accepted": true, "real_timestamp_ms": 1789181220372, "virtual_time_s": 5613.08218, "measure_result": "direction", "svd_deg": 124.1}}
2026-09-12 10:47:03,845 INFO request {"path": "/clear", "payload": {"arena_id": "default", "robot_id": "202601002029", "request_id": "a42f46fe36f94c65b1d1c7c101848cc1", "position": {"x": 1010.3478207454391, "y": 1363.023151112886}, "channel": 2}, "attempt": 1}
2026-09-12 10:47:03,862 INFO response {"request_id": "a42f46fe36f94c65b1d1c7c101848cc1", "http_status": 200, "body": {"accepted": true, "real_timestamp_ms": 1789181220402, "virtual_time_s": 5705.285677, "clear_result": "success"}}
2026-09-12 10:47:03,862 INFO request {"path": "/measure", "payload": {"arena_id": "default", "robot_id": "202601002029", "request_id": "9208f2e0634f4f9e87aa3e641fd76a4a", "position": {"x": 390.2555434026056, "y": 1207.0708093712315}, "channel": 19}, "attempt": 1}
2026-09-12 10:47:03,882 INFO response {"request_id": "9208f2e0634f4f9e87aa3e641fd76a4a", "http_status": 200, "body": {"accepted": true, "real_timestamp_ms": 1789181220422, "virtual_time_s": 5839.166178, "measure_result": "direction", "svd_deg": 185.49}}
2026-09-12 10:47:11,722 INFO request {"path": "/measure", "payload": {"arena_id": "default", "robot_id": "202601002029", "request_id": "98490c60cd5c447c9e1caa66ce815e79", "position": {"x": -906.6617297230341, "y": 1400.0565210384634}, "channel": 19}, "attempt": 1}
2026-09-12 10:47:11,724 INFO response {"request_id": "98490c60cd5c447c9e1caa66ce815e79", "http_status": 200, "body": {"accepted": true, "real_timestamp_ms": 1789181228264, "virtual_time_s": 6106.405603, "measure_result": "direction", "svd_deg": 326.8}}
2026-09-12 10:47:11,727 INFO request {"path": "/clear", "payload": {"arena_id": "default", "robot_id": "202601002029", "request_id": "fa575c73de6c45f69c1ff5650d7b12e8", "position": {"x": -486.9352966601045, "y": 1125.5143759383595}, "channel": 19}, "attempt": 1}
2026-09-12 10:47:11,743 INFO response {"request_id": "fa575c73de6c45f69c1ff5650d7b12e8", "http_status": 200, "body": {"accepted": true, "real_timestamp_ms": 1789181228284, "virtual_time_s": 6211.713861, "clear_result": "success"}}
2026-09-12 10:47:11,743 INFO request {"path": "/measure", "payload": {"arena_id": "default", "robot_id": "202601002029", "request_id": "65cbd7263a6a4e799d14965a472a1a01", "position": {"x": 253.74956608141488, "y": 1626.9447562270468}, "channel": 16}, "attempt": 1}
2026-09-12 10:47:11,744 INFO response {"request_id": "65cbd7263a6a4e799d14965a472a1a01", "http_status": 200, "body": {"accepted": true, "real_timestamp_ms": 1789181228285, "virtual_time_s": 6396.604497, "measure_result": "direction", "svd_deg": 315.27}}
2026-09-12 10:47:11,747 INFO request {"path": "/clear", "payload": {"arena_id": "default", "robot_id": "202601002029", "request_id": "da5c554b59694c838680498ba72d1099", "position": {"x": 648.8329085204064, "y": 1235.3252361261907}, "channel": 16}, "attempt": 1}
2026-09-12 10:47:11,748 INFO response {"request_id": "da5c554b59694c838680498ba72d1099", "http_status": 200, "body": {"accepted": true, "real_timestamp_ms": 1789181228289, "virtual_time_s": 6512.862161, "clear_result": "success"}}
2026-09-12 10:47:11,748 INFO request {"path": "/measure", "payload": {"arena_id": "default", "robot_id": "202601002029", "request_id": "22ed59d6b93d4304901c49f047b16c79", "position": {"x": 1680.1265790354396, "y": 881.7145696912128}, "channel": 13}, "attempt": 1}
2026-09-12 10:47:11,762 INFO response {"request_id": "22ed59d6b93d4304901c49f047b16c79", "http_status": 200, "body": {"accepted": true, "real_timestamp_ms": 1789181228303, "virtual_time_s": 6736.908682, "measure_result": "direction", "svd_deg": 166.53}}
2026-09-12 10:47:19,312 INFO request {"path": "/measure", "payload": {"arena_id": "default", "robot_id": "202601002029", "request_id": "9d5d9584406e4877ba0f0c099275dbad", "position": {"x": 1412.170496964935, "y": 677.3481902262508}, "channel": 13}, "attempt": 1}
2026-09-12 10:47:19,313 INFO response {"request_id": "9d5d9584406e4877ba0f0c099275dbad", "http_status": 200, "body": {"accepted": true, "real_timestamp_ms": 1789181235854, "virtual_time_s": 6809.307815, "measure_result": "direction", "svd_deg": 134.06}}
2026-09-12 10:47:28,671 INFO request {"path": "/measure", "payload": {"arena_id": "default", "robot_id": "202601002029", "request_id": "5b5a2758e0af4f2fb0f0d8a4a882eb10", "position": {"x": 1421.027047876244, "y": 675.3330939205182}, "channel": 13}, "attempt": 1}
2026-09-12 10:47:28,672 INFO response {"request_id": "5b5a2758e0af4f2fb0f0d8a4a882eb10", "http_status": 200, "body": {"accepted": true, "real_timestamp_ms": 1789181245213, "virtual_time_s": 6816.124395, "measure_result": "direction", "svd_deg": 134.63}}
2026-09-12 10:47:39,849 INFO request {"path": "/measure", "payload": {"arena_id": "default", "robot_id": "202601002029", "request_id": "1560ee73df70429aaab1bca796a35f4b", "position": {"x": 1178.5877038868907, "y": 862.592562053283}, "channel": 13}, "attempt": 1}
2026-09-12 10:47:39,850 INFO response {"request_id": "1560ee73df70429aaab1bca796a35f4b", "http_status": 200, "body": {"accepted": true, "real_timestamp_ms": 1789181256391, "virtual_time_s": 6882.391986, "measure_result": "direction", "svd_deg": 122.66}}
2026-09-12 10:47:39,854 INFO request {"path": "/clear", "payload": {"arena_id": "default", "robot_id": "202601002029", "request_id": "99ead4f5070d46128d0dc5efb62aff9e", "position": {"x": 1068.0549288351122, "y": 1028.5803897150195}, "channel": 13}, "attempt": 1}
2026-09-12 10:47:39,855 INFO response {"request_id": "99ead4f5070d46128d0dc5efb62aff9e", "http_status": 200, "body": {"accepted": true, "real_timestamp_ms": 1789181256397, "virtual_time_s": 6927.276546, "clear_result": "success"}}
2026-09-12 10:47:39,856 INFO request {"path": "/exit", "payload": {"arena_id": "default", "robot_id": "202601002029", "request_id": "3481b008198b492384d0925f32f41134"}, "attempt": 1}
2026-09-12 10:47:39,871 INFO response {"request_id": "3481b008198b492384d0925f32f41134", "http_status": 200, "body": {"accepted": true, "real_timestamp_ms": 1789181256411, "virtual_time_s": 6927.276546, "exit_reason": "user_exit"}}
