2026-09-13 12:38:14,250 INFO request {"path": "/enter", "payload": {"arena_id": "default", "robot_id": "202601002029", "request_id": "106d78e0d8d54c31ae2244d84d02f0a8"}, "attempt": 1}
2026-09-13 12:38:14,257 INFO response {"request_id": "106d78e0d8d54c31ae2244d84d02f0a8", "http_status": 200, "body": {"accepted": true, "real_timestamp_ms": 1789274290208, "virtual_time_s": 0, "max_virtual_duration_s": 360000, "max_real_duration_s": 1200, "remaining_real_duration_s": 1200}}
2026-09-13 12:38:14,270 INFO request {"path": "/measure", "payload": {"arena_id": "default", "robot_id": "202601002029", "request_id": "c344d01c5bf74ac0b2f4516b4e5fd572", "position": {"x": 0.0, "y": 0.0}, "channel": 1}, "attempt": 1}
2026-09-13 12:38:14,272 INFO response {"request_id": "c344d01c5bf74ac0b2f4516b4e5fd572", "http_status": 200, "body": {"accepted": true, "real_timestamp_ms": 1789274290223, "virtual_time_s": 5, "measure_result": "no_signal"}}
2026-09-13 12:38:14,274 INFO request {"path": "/measure", "payload": {"arena_id": "default", "robot_id": "202601002029", "request_id": "4776d4f4e91642e38bcef9c32912c17f", "position": {"x": 0.0, "y": 0.0}, "channel": 2}, "attempt": 1}
2026-09-13 12:38:14,276 INFO response {"request_id": "4776d4f4e91642e38bcef9c32912c17f", "http_status": 200, "body": {"accepted": true, "real_timestamp_ms": 1789274290226, "virtual_time_s": 11, "measure_result": "no_signal"}}
2026-09-13 12:38:14,276 INFO request {"path": "/measure", "payload": {"arena_id": "default", "robot_id": "202601002029", "request_id": "91bde8553650411bb278bef3887f0508", "position": {"x": 0.0, "y": 0.0}, "channel": 3}, "attempt": 1}
2026-09-13 12:38:14,277 INFO response {"request_id": "91bde8553650411bb278bef3887f0508", "http_status": 200, "body": {"accepted": true, "real_timestamp_ms": 1789274290228, "virtual_time_s": 17, "measure_result": "no_signal"}}
2026-09-13 12:38:14,277 INFO request {"path": "/measure", "payload": {"arena_id": "default", "robot_id": "202601002029", "request_id": "54dafdc42e7549f0a68e86ba0c6c3abe", "position": {"x": 0.0, "y": 0.0}, "channel": 4}, "attempt": 1}
2026-09-13 12:38:14,292 INFO response {"request_id": "54dafdc42e7549f0a68e86ba0c6c3abe", "http_status": 200, "body": {"accepted": true, "real_timestamp_ms": 1789274290243, "virtual_time_s": 23, "measure_result": "no_signal"}}
2026-09-13 12:38:14,293 INFO request {"path": "/measure", "payload": {"arena_id": "default", "robot_id": "202601002029", "request_id": "44356772390e42bab5330c473977dba0", "position": {"x": 0.0, "y": 0.0}, "channel": 5}, "attempt": 1}
2026-09-13 12:38:14,295 INFO response {"request_id": "44356772390e42bab5330c473977dba0", "http_status": 200, "body": {"accepted": true, "real_timestamp_ms": 1789274290245, "virtual_time_s": 29, "measure_result": "no_signal"}}
2026-09-13 12:38:14,295 INFO request {"path": "/measure", "payload": {"arena_id": "default", "robot_id": "202601002029", "request_id": "17f09eee7c974a2aa373387fd7ed31f9", "position": {"x": 0.0, "y": 0.0}, "channel": 6}, "attempt": 1}
2026-09-13 12:38:14,296 INFO response {"request_id": "17f09eee7c974a2aa373387fd7ed31f9", "http_status": 200, "body": {"accepted": true, "real_timestamp_ms": 1789274290247, "virtual_time_s": 35, "measure_result": "no_signal"}}
2026-09-13 12:38:14,297 INFO request {"path": "/measure", "payload": {"arena_id": "default", "robot_id": "202601002029", "request_id": "2495046271144b7b8f02fe777ee672cb", "position": {"x": 0.0, "y": 0.0}, "channel": 7}, "attempt": 1}
2026-09-13 12:38:14,298 INFO response {"request_id": "2495046271144b7b8f02fe777ee672cb", "http_status": 200, "body": {"accepted": true, "real_timestamp_ms": 1789274290249, "virtual_time_s": 41, "measure_result": "no_signal"}}
2026-09-13 12:38:14,298 INFO request {"path": "/measure", "payload": {"arena_id": "default", "robot_id": "202601002029", "request_id": "2de255471c0c4c4eb722c855abf25c48", "position": {"x": 0.0, "y": 0.0}, "channel": 8}, "attempt": 1}
2026-09-13 12:38:14,300 INFO response {"request_id": "2de255471c0c4c4eb722c855abf25c48", "http_status": 200, "body": {"accepted": true, "real_timestamp_ms": 1789274290251, "virtual_time_s": 47, "measure_result": "no_signal"}}
2026-09-13 12:38:14,300 INFO request {"path": "/measure", "payload": {"arena_id": "default", "robot_id": "202601002029", "request_id": "4c178564f9114c0e8710703a90534c9c", "position": {"x": 0.0, "y": 0.0}, "channel": 9}, "attempt": 1}
2026-09-13 12:38:14,301 INFO response {"request_id": "4c178564f9114c0e8710703a90534c9c", "http_status": 200, "body": {"accepted": true, "real_timestamp_ms": 1789274290252, "virtual_time_s": 53, "measure_result": "direction", "svd_deg": 146.84}}
2026-09-13 12:38:14,321 INFO request {"path": "/measure", "payload": {"arena_id": "default", "robot_id": "202601002029", "request_id": "87b55a617e6740dbbddff6cb5c9416ae", "position": {"x": 0.0, "y": 0.0}, "channel": 10}, "attempt": 1}
2026-09-13 12:38:14,339 INFO response {"request_id": "87b55a617e6740dbbddff6cb5c9416ae", "http_status": 200, "body": {"accepted": true, "real_timestamp_ms": 1789274290290, "virtual_time_s": 59, "measure_result": "direction", "svd_deg": 46.66}}
2026-09-13 12:38:14,365 INFO request {"path": "/measure", "payload": {"arena_id": "default", "robot_id": "202601002029", "request_id": "b1bba4c310ab4b839bb41b26141438d8", "position": {"x": 0.0, "y": 0.0}, "channel": 11}, "attempt": 1}
2026-09-13 12:38:14,386 INFO response {"request_id": "b1bba4c310ab4b839bb41b26141438d8", "http_status": 200, "body": {"accepted": true, "real_timestamp_ms": 1789274290336, "virtual_time_s": 65, "measure_result": "no_signal"}}
2026-09-13 12:38:14,387 INFO request {"path": "/measure", "payload": {"arena_id": "default", "robot_id": "202601002029", "request_id": "12a08230af8c40ba8696d616835829ec", "position": {"x": 0.0, "y": 0.0}, "channel": 12}, "attempt": 1}
2026-09-13 12:38:14,401 INFO response {"request_id": "12a08230af8c40ba8696d616835829ec", "http_status": 200, "body": {"accepted": true, "real_timestamp_ms": 1789274290351, "virtual_time_s": 71, "measure_result": "no_signal"}}
2026-09-13 12:38:14,401 INFO request {"path": "/measure", "payload": {"arena_id": "default", "robot_id": "202601002029", "request_id": "145c25c6ba7d4364bcae020c37dc3729", "position": {"x": 0.0, "y": 0.0}, "channel": 13}, "attempt": 1}
2026-09-13 12:38:14,416 INFO response {"request_id": "145c25c6ba7d4364bcae020c37dc3729", "http_status": 200, "body": {"accepted": true, "real_timestamp_ms": 1789274290366, "virtual_time_s": 77, "measure_result": "direction", "svd_deg": 176.62}}
2026-09-13 12:38:14,440 INFO request {"path": "/measure", "payload": {"arena_id": "default", "robot_id": "202601002029", "request_id": "56a23fa70e3d414ba61146eceefe0731", "position": {"x": 0.0, "y": 0.0}, "channel": 14}, "attempt": 1}
2026-09-13 12:38:14,442 INFO response {"request_id": "56a23fa70e3d414ba61146eceefe0731", "http_status": 200, "body": {"accepted": true, "real_timestamp_ms": 1789274290393, "virtual_time_s": 83, "measure_result": "no_signal"}}
2026-09-13 12:38:14,442 INFO request {"path": "/measure", "payload": {"arena_id": "default", "robot_id": "202601002029", "request_id": "240d05dff9474653be0e0c69d3172b4c", "position": {"x": 0.0, "y": 0.0}, "channel": 15}, "attempt": 1}
2026-09-13 12:38:14,463 INFO response {"request_id": "240d05dff9474653be0e0c69d3172b4c", "http_status": 200, "body": {"accepted": true, "real_timestamp_ms": 1789274290414, "virtual_time_s": 89, "measure_result": "no_signal"}}
2026-09-13 12:38:14,464 INFO request {"path": "/measure", "payload": {"arena_id": "default", "robot_id": "202601002029", "request_id": "0be8133fa06d47a68e3c1b77e04b7879", "position": {"x": 0.0, "y": 0.0}, "channel": 16}, "attempt": 1}
2026-09-13 12:38:14,479 INFO response {"request_id": "0be8133fa06d47a68e3c1b77e04b7879", "http_status": 200, "body": {"accepted": true, "real_timestamp_ms": 1789274290429, "virtual_time_s": 95, "measure_result": "no_signal"}}
2026-09-13 12:38:14,480 INFO request {"path": "/measure", "payload": {"arena_id": "default", "robot_id": "202601002029", "request_id": "ff74d174fcd3453b833aeb97d323f56a", "position": {"x": 0.0, "y": 0.0}, "channel": 17}, "attempt": 1}
2026-09-13 12:38:14,482 INFO response {"request_id": "ff74d174fcd3453b833aeb97d323f56a", "http_status": 200, "body": {"accepted": true, "real_timestamp_ms": 1789274290433, "virtual_time_s": 101, "measure_result": "no_signal"}}
2026-09-13 12:38:14,484 INFO request {"path": "/measure", "payload": {"arena_id": "default", "robot_id": "202601002029", "request_id": "82874768459c4f22a3e6babb82852b9c", "position": {"x": 0.0, "y": 0.0}, "channel": 18}, "attempt": 1}
2026-09-13 12:38:14,510 INFO response {"request_id": "82874768459c4f22a3e6babb82852b9c", "http_status": 200, "body": {"accepted": true, "real_timestamp_ms": 1789274290461, "virtual_time_s": 107, "measure_result": "no_signal"}}
2026-09-13 12:38:14,512 INFO request {"path": "/measure", "payload": {"arena_id": "default", "robot_id": "202601002029", "request_id": "153a896063964f3684c6960e48403493", "position": {"x": 0.0, "y": 0.0}, "channel": 19}, "attempt": 1}
2026-09-13 12:38:14,525 INFO response {"request_id": "153a896063964f3684c6960e48403493", "http_status": 200, "body": {"accepted": true, "real_timestamp_ms": 1789274290476, "virtual_time_s": 113, "measure_result": "direction", "svd_deg": 198.62}}
2026-09-13 12:38:14,555 INFO request {"path": "/measure", "payload": {"arena_id": "default", "robot_id": "202601002029", "request_id": "f39c6095aa1c495e87087310f99ee05a", "position": {"x": 0.0, "y": 0.0}, "channel": 20}, "attempt": 1}
2026-09-13 12:38:14,556 INFO response {"request_id": "f39c6095aa1c495e87087310f99ee05a", "http_status": 200, "body": {"accepted": true, "real_timestamp_ms": 1789274290507, "virtual_time_s": 119, "measure_result": "direction", "svd_deg": 11.27}}
2026-09-13 12:38:14,621 INFO request {"path": "/measure", "payload": {"arena_id": "default", "robot_id": "202601002029", "request_id": "49f388344b7c4907a0f71ac84f2c3a09", "position": {"x": -1130.0, "y": 1.3838508830365092e-13}, "channel": 1}, "attempt": 1}
2026-09-13 12:38:14,635 INFO response {"request_id": "49f388344b7c4907a0f71ac84f2c3a09", "http_status": 200, "body": {"accepted": true, "real_timestamp_ms": 1789274290586, "virtual_time_s": 351, "measure_result": "no_signal"}}
2026-09-13 12:38:14,635 INFO request {"path": "/measure", "payload": {"arena_id": "default", "robot_id": "202601002029", "request_id": "fb8648863da64aed9fc61e741b287c63", "position": {"x": -1130.0, "y": 1.3838508830365092e-13}, "channel": 2}, "attempt": 1}
2026-09-13 12:38:14,638 INFO response {"request_id": "fb8648863da64aed9fc61e741b287c63", "http_status": 200, "body": {"accepted": true, "real_timestamp_ms": 1789274290589, "virtual_time_s": 357, "measure_result": "no_signal"}}
2026-09-13 12:38:14,638 INFO request {"path": "/measure", "payload": {"arena_id": "default", "robot_id": "202601002029", "request_id": "3a551615e8c3413385b6a3441d5f9348", "position": {"x": -1130.0, "y": 1.3838508830365092e-13}, "channel": 3}, "attempt": 1}
2026-09-13 12:38:14,651 INFO response {"request_id": "3a551615e8c3413385b6a3441d5f9348", "http_status": 200, "body": {"accepted": true, "real_timestamp_ms": 1789274290601, "virtual_time_s": 363, "measure_result": "no_signal"}}
2026-09-13 12:38:14,651 INFO request {"path": "/measure", "payload": {"arena_id": "default", "robot_id": "202601002029", "request_id": "e3626ed75a054b428cdc95c0efb61060", "position": {"x": -1130.0, "y": 1.3838508830365092e-13}, "channel": 4}, "attempt": 1}
2026-09-13 12:38:14,651 INFO response {"request_id": "e3626ed75a054b428cdc95c0efb61060", "http_status": 200, "body": {"accepted": true, "real_timestamp_ms": 1789274290603, "virtual_time_s": 369, "measure_result": "no_signal"}}
2026-09-13 12:38:14,652 INFO request {"path": "/measure", "payload": {"arena_id": "default", "robot_id": "202601002029", "request_id": "4f9c565c742a41939e635a49bf1bf6c9", "position": {"x": -1130.0, "y": 1.3838508830365092e-13}, "channel": 5}, "attempt": 1}
2026-09-13 12:38:14,652 INFO response {"request_id": "4f9c565c742a41939e635a49bf1bf6c9", "http_status": 200, "body": {"accepted": true, "real_timestamp_ms": 1789274290604, "virtual_time_s": 375, "measure_result": "no_signal"}}
2026-09-13 12:38:14,653 INFO request {"path": "/measure", "payload": {"arena_id": "default", "robot_id": "202601002029", "request_id": "71c8471a8be74f4a84ed04a919b2c5b4", "position": {"x": -1130.0, "y": 1.3838508830365092e-13}, "channel": 6}, "attempt": 1}
2026-09-13 12:38:14,654 INFO response {"request_id": "71c8471a8be74f4a84ed04a919b2c5b4", "http_status": 200, "body": {"accepted": true, "real_timestamp_ms": 1789274290605, "virtual_time_s": 381, "measure_result": "direction", "svd_deg": 253.47}}
2026-09-13 12:38:14,668 INFO request {"path": "/measure", "payload": {"arena_id": "default", "robot_id": "202601002029", "request_id": "02f34b16562444f1bf41f5128c259ccb", "position": {"x": -1130.0, "y": 1.3838508830365092e-13}, "channel": 7}, "attempt": 1}
2026-09-13 12:38:14,682 INFO response {"request_id": "02f34b16562444f1bf41f5128c259ccb", "http_status": 200, "body": {"accepted": true, "real_timestamp_ms": 1789274290633, "virtual_time_s": 387, "measure_result": "no_signal"}}
2026-09-13 12:38:14,682 INFO request {"path": "/measure", "payload": {"arena_id": "default", "robot_id": "202601002029", "request_id": "87295daa59a6444094355d33b8612842", "position": {"x": -1130.0, "y": 1.3838508830365092e-13}, "channel": 8}, "attempt": 1}
2026-09-13 12:38:14,684 INFO response {"request_id": "87295daa59a6444094355d33b8612842", "http_status": 200, "body": {"accepted": true, "real_timestamp_ms": 1789274290634, "virtual_time_s": 393, "measure_result": "no_signal"}}
2026-09-13 12:38:14,684 INFO request {"path": "/measure", "payload": {"arena_id": "default", "robot_id": "202601002029", "request_id": "e258d57cb37740c593d715a9de22e5f5", "position": {"x": -1130.0, "y": 1.3838508830365092e-13}, "channel": 11}, "attempt": 1}
2026-09-13 12:38:14,685 INFO response {"request_id": "e258d57cb37740c593d715a9de22e5f5", "http_status": 200, "body": {"accepted": true, "real_timestamp_ms": 1789274290636, "virtual_time_s": 399, "measure_result": "no_signal"}}
2026-09-13 12:38:14,685 INFO request {"path": "/measure", "payload": {"arena_id": "default", "robot_id": "202601002029", "request_id": "4a3e69ea30bf4d39b682ba1fd936e422", "position": {"x": -1130.0, "y": 1.3838508830365092e-13}, "channel": 12}, "attempt": 1}
2026-09-13 12:38:14,698 INFO response {"request_id": "4a3e69ea30bf4d39b682ba1fd936e422", "http_status": 200, "body": {"accepted": true, "real_timestamp_ms": 1789274290648, "virtual_time_s": 405, "measure_result": "no_signal"}}
2026-09-13 12:38:14,698 INFO request {"path": "/measure", "payload": {"arena_id": "default", "robot_id": "202601002029", "request_id": "37d18b9ea82e47cf98d2bb68de229b91", "position": {"x": -1130.0, "y": 1.3838508830365092e-13}, "channel": 14}, "attempt": 1}
2026-09-13 12:38:14,699 INFO response {"request_id": "37d18b9ea82e47cf98d2bb68de229b91", "http_status": 200, "body": {"accepted": true, "real_timestamp_ms": 1789274290650, "virtual_time_s": 411, "measure_result": "no_signal"}}
2026-09-13 12:38:14,699 INFO request {"path": "/measure", "payload": {"arena_id": "default", "robot_id": "202601002029", "request_id": "7610f0d3c5a84f6d9fd89fa88240add3", "position": {"x": -1130.0, "y": 1.3838508830365092e-13}, "channel": 15}, "attempt": 1}
2026-09-13 12:38:14,701 INFO response {"request_id": "7610f0d3c5a84f6d9fd89fa88240add3", "http_status": 200, "body": {"accepted": true, "real_timestamp_ms": 1789274290652, "virtual_time_s": 417, "measure_result": "no_signal"}}
2026-09-13 12:38:14,701 INFO request {"path": "/measure", "payload": {"arena_id": "default", "robot_id": "202601002029", "request_id": "9037f0ae8f1b44b6bc690a6e7bc22b08", "position": {"x": -1130.0, "y": 1.3838508830365092e-13}, "channel": 16}, "attempt": 1}
2026-09-13 12:38:14,702 INFO response {"request_id": "9037f0ae8f1b44b6bc690a6e7bc22b08", "http_status": 200, "body": {"accepted": true, "real_timestamp_ms": 1789274290653, "virtual_time_s": 423, "measure_result": "no_signal"}}
2026-09-13 12:38:14,702 INFO request {"path": "/measure", "payload": {"arena_id": "default", "robot_id": "202601002029", "request_id": "d6eb5fdf92b94b05b0791d2087acba55", "position": {"x": -1130.0, "y": 1.3838508830365092e-13}, "channel": 17}, "attempt": 1}
2026-09-13 12:38:14,713 INFO response {"request_id": "d6eb5fdf92b94b05b0791d2087acba55", "http_status": 200, "body": {"accepted": true, "real_timestamp_ms": 1789274290664, "virtual_time_s": 429, "measure_result": "no_signal"}}
2026-09-13 12:38:14,713 INFO request {"path": "/measure", "payload": {"arena_id": "default", "robot_id": "202601002029", "request_id": "2beb6cfbaa80439f99bf9bb58acd0ca0", "position": {"x": -1130.0, "y": 1.3838508830365092e-13}, "channel": 18}, "attempt": 1}
2026-09-13 12:38:14,714 INFO response {"request_id": "2beb6cfbaa80439f99bf9bb58acd0ca0", "http_status": 200, "body": {"accepted": true, "real_timestamp_ms": 1789274290665, "virtual_time_s": 435, "measure_result": "no_signal"}}
2026-09-13 12:38:14,862 INFO request {"path": "/measure", "payload": {"arena_id": "default", "robot_id": "202601002029", "request_id": "526eea10365b4f61bcc5cf1cf300446e", "position": {"x": -1130.0, "y": 1.3838508830365092e-13}, "channel": 9}, "attempt": 1}
2026-09-13 12:38:14,864 INFO response {"request_id": "526eea10365b4f61bcc5cf1cf300446e", "http_status": 200, "body": {"accepted": true, "real_timestamp_ms": 1789274290815, "virtual_time_s": 441, "measure_result": "direction", "svd_deg": 54.28}}
2026-09-13 12:38:14,965 INFO request {"path": "/measure", "payload": {"arena_id": "default", "robot_id": "202601002029", "request_id": "74b5cc48ee88416ab408f2a48209154c", "position": {"x": -1130.0, "y": 1.3838508830365092e-13}, "channel": 13}, "attempt": 1}
2026-09-13 12:38:14,966 INFO response {"request_id": "74b5cc48ee88416ab408f2a48209154c", "http_status": 200, "body": {"accepted": true, "real_timestamp_ms": 1789274290917, "virtual_time_s": 447, "measure_result": "direction", "svd_deg": 139.19}}
2026-09-13 12:38:15,048 INFO request {"path": "/clear", "payload": {"arena_id": "default", "robot_id": "202601002029", "request_id": "2ad7ca6705b642f5a0903e2cfb9ccb5d", "position": {"x": -768.6614215581081, "y": 501.9915985315973}, "channel": 9}, "attempt": 1}
2026-09-13 12:38:15,049 INFO response {"request_id": "2ad7ca6705b642f5a0903e2cfb9ccb5d", "http_status": 200, "body": {"accepted": true, "real_timestamp_ms": 1789274291000, "virtual_time_s": 575.703053, "clear_result": "success"}}
2026-09-13 12:38:15,160 INFO request {"path": "/measure", "payload": {"arena_id": "default", "robot_id": "202601002029", "request_id": "ac553c0704f1460aa7024862737938fb", "position": {"x": -768.6614215581081, "y": 501.9915985315973}, "channel": 13}, "attempt": 1}
2026-09-13 12:38:15,186 INFO response {"request_id": "ac553c0704f1460aa7024862737938fb", "http_status": 200, "body": {"accepted": true, "real_timestamp_ms": 1789274291137, "virtual_time_s": 580.703053, "measure_result": "direction", "svd_deg": 225.72}}
2026-09-13 12:38:15,313 INFO request {"path": "/measure", "payload": {"arena_id": "default", "robot_id": "202601002029", "request_id": "4f756d03c25f4de6824db352b68ff198", "position": {"x": -768.6614215581081, "y": 501.9915985315973}, "channel": 19}, "attempt": 1}
2026-09-13 12:38:15,328 INFO response {"request_id": "4f756d03c25f4de6824db352b68ff198", "http_status": 200, "body": {"accepted": true, "real_timestamp_ms": 1789274291278, "virtual_time_s": 586.703053, "measure_result": "direction", "svd_deg": 319.52}}
2026-09-13 12:38:15,373 INFO request {"path": "/measure", "payload": {"arena_id": "default", "robot_id": "202601002029", "request_id": "f5c62056842f41a093256cfc7b83074e", "position": {"x": -564.9999999999998, "y": 978.6087062764158}, "channel": 1}, "attempt": 1}
2026-09-13 12:38:15,390 INFO response {"request_id": "f5c62056842f41a093256cfc7b83074e", "http_status": 200, "body": {"accepted": true, "real_timestamp_ms": 1789274291341, "virtual_time_s": 696.364394, "measure_result": "no_signal"}}
2026-09-13 12:38:15,391 INFO request {"path": "/measure", "payload": {"arena_id": "default", "robot_id": "202601002029", "request_id": "0b3e7c36fdb64329bbecdd30ec97ede6", "position": {"x": -564.9999999999998, "y": 978.6087062764158}, "channel": 2}, "attempt": 1}
2026-09-13 12:38:15,392 INFO response {"request_id": "0b3e7c36fdb64329bbecdd30ec97ede6", "http_status": 200, "body": {"accepted": true, "real_timestamp_ms": 1789274291343, "virtual_time_s": 702.364394, "measure_result": "no_signal"}}
2026-09-13 12:38:15,392 INFO request {"path": "/measure", "payload": {"arena_id": "default", "robot_id": "202601002029", "request_id": "eb6caa3d764b431cafaecb0677d1a9ab", "position": {"x": -564.9999999999998, "y": 978.6087062764158}, "channel": 3}, "attempt": 1}
2026-09-13 12:38:15,394 INFO response {"request_id": "eb6caa3d764b431cafaecb0677d1a9ab", "http_status": 200, "body": {"accepted": true, "real_timestamp_ms": 1789274291345, "virtual_time_s": 708.364394, "measure_result": "no_signal"}}
2026-09-13 12:38:15,394 INFO request {"path": "/measure", "payload": {"arena_id": "default", "robot_id": "202601002029", "request_id": "5202352eb102420d84735c90132626ea", "position": {"x": -564.9999999999998, "y": 978.6087062764158}, "channel": 4}, "attempt": 1}
2026-09-13 12:38:15,405 INFO response {"request_id": "5202352eb102420d84735c90132626ea", "http_status": 200, "body": {"accepted": true, "real_timestamp_ms": 1789274291356, "virtual_time_s": 714.364394, "measure_result": "no_signal"}}
2026-09-13 12:38:15,406 INFO request {"path": "/measure", "payload": {"arena_id": "default", "robot_id": "202601002029", "request_id": "96fce103564e478c9a17a36ca5d51645", "position": {"x": -564.9999999999998, "y": 978.6087062764158}, "channel": 5}, "attempt": 1}
2026-09-13 12:38:15,420 INFO response {"request_id": "96fce103564e478c9a17a36ca5d51645", "http_status": 200, "body": {"accepted": true, "real_timestamp_ms": 1789274291371, "virtual_time_s": 720.364394, "measure_result": "no_signal"}}
2026-09-13 12:38:15,421 INFO request {"path": "/measure", "payload": {"arena_id": "default", "robot_id": "202601002029", "request_id": "6d6115bc608b4d9f9a85ec8f4f7c984e", "position": {"x": -564.9999999999998, "y": 978.6087062764158}, "channel": 7}, "attempt": 1}
2026-09-13 12:38:15,437 INFO response {"request_id": "6d6115bc608b4d9f9a85ec8f4f7c984e", "http_status": 200, "body": {"accepted": true, "real_timestamp_ms": 1789274291387, "virtual_time_s": 726.364394, "measure_result": "no_signal"}}
2026-09-13 12:38:15,438 INFO request {"path": "/measure", "payload": {"arena_id": "default", "robot_id": "202601002029", "request_id": "e7f085dbca0b4ccead1d105d6eaf76d1", "position": {"x": -564.9999999999998, "y": 978.6087062764158}, "channel": 8}, "attempt": 1}
2026-09-13 12:38:15,453 INFO response {"request_id": "e7f085dbca0b4ccead1d105d6eaf76d1", "http_status": 200, "body": {"accepted": true, "real_timestamp_ms": 1789274291403, "virtual_time_s": 732.364394, "measure_result": "no_signal"}}
2026-09-13 12:38:15,454 INFO request {"path": "/measure", "payload": {"arena_id": "default", "robot_id": "202601002029", "request_id": "5ef310800a2141d09913424e771ed924", "position": {"x": -564.9999999999998, "y": 978.6087062764158}, "channel": 11}, "attempt": 1}
2026-09-13 12:38:15,456 INFO response {"request_id": "5ef310800a2141d09913424e771ed924", "http_status": 200, "body": {"accepted": true, "real_timestamp_ms": 1789274291406, "virtual_time_s": 738.364394, "measure_result": "direction", "svd_deg": 141.96}}
2026-09-13 12:38:15,491 INFO request {"path": "/measure", "payload": {"arena_id": "default", "robot_id": "202601002029", "request_id": "cbeede47e04048e9be72f27b01487910", "position": {"x": -564.9999999999998, "y": 978.6087062764158}, "channel": 12}, "attempt": 1}
2026-09-13 12:38:15,518 INFO response {"request_id": "cbeede47e04048e9be72f27b01487910", "http_status": 200, "body": {"accepted": true, "real_timestamp_ms": 1789274291468, "virtual_time_s": 744.364394, "measure_result": "no_signal"}}
2026-09-13 12:38:15,519 INFO request {"path": "/measure", "payload": {"arena_id": "default", "robot_id": "202601002029", "request_id": "7d2d10a2390d471ab35cc7f69a094658", "position": {"x": -564.9999999999998, "y": 978.6087062764158}, "channel": 14}, "attempt": 1}
2026-09-13 12:38:15,532 INFO response {"request_id": "7d2d10a2390d471ab35cc7f69a094658", "http_status": 200, "body": {"accepted": true, "real_timestamp_ms": 1789274291483, "virtual_time_s": 750.364394, "measure_result": "no_signal"}}
2026-09-13 12:38:15,532 INFO request {"path": "/measure", "payload": {"arena_id": "default", "robot_id": "202601002029", "request_id": "246d609c48814925981199a7712d887d", "position": {"x": -564.9999999999998, "y": 978.6087062764158}, "channel": 15}, "attempt": 1}
2026-09-13 12:38:15,537 INFO response {"request_id": "246d609c48814925981199a7712d887d", "http_status": 200, "body": {"accepted": true, "real_timestamp_ms": 1789274291486, "virtual_time_s": 756.364394, "measure_result": "no_signal"}}
2026-09-13 12:38:15,537 INFO request {"path": "/measure", "payload": {"arena_id": "default", "robot_id": "202601002029", "request_id": "ed187290da2d4760ae50f6566084ffc7", "position": {"x": -564.9999999999998, "y": 978.6087062764158}, "channel": 16}, "attempt": 1}
2026-09-13 12:38:15,540 INFO response {"request_id": "ed187290da2d4760ae50f6566084ffc7", "http_status": 200, "body": {"accepted": true, "real_timestamp_ms": 1789274291490, "virtual_time_s": 762.364394, "measure_result": "no_signal"}}
2026-09-13 12:38:15,541 INFO request {"path": "/measure", "payload": {"arena_id": "default", "robot_id": "202601002029", "request_id": "1bdee506a56b4db3b86fe2eae3ed1fde", "position": {"x": -564.9999999999998, "y": 978.6087062764158}, "channel": 17}, "attempt": 1}
2026-09-13 12:38:15,543 INFO response {"request_id": "1bdee506a56b4db3b86fe2eae3ed1fde", "http_status": 200, "body": {"accepted": true, "real_timestamp_ms": 1789274291494, "virtual_time_s": 768.364394, "measure_result": "no_signal"}}
2026-09-13 12:38:15,544 INFO request {"path": "/measure", "payload": {"arena_id": "default", "robot_id": "202601002029", "request_id": "65ff5c04821040588d9aa3bd27e53a72", "position": {"x": -564.9999999999998, "y": 978.6087062764158}, "channel": 18}, "attempt": 1}
2026-09-13 12:38:15,546 INFO response {"request_id": "65ff5c04821040588d9aa3bd27e53a72", "http_status": 200, "body": {"accepted": true, "real_timestamp_ms": 1789274291496, "virtual_time_s": 774.364394, "measure_result": "no_signal"}}
2026-09-13 12:38:15,583 INFO request {"path": "/measure", "payload": {"arena_id": "default", "robot_id": "202601002029", "request_id": "71a192aecd9f428da36793b3d6444434", "position": {"x": 565.0000000000001, "y": 978.6087062764157}, "channel": 18}, "attempt": 1}
2026-09-13 12:38:15,585 INFO response {"request_id": "71a192aecd9f428da36793b3d6444434", "http_status": 200, "body": {"accepted": true, "real_timestamp_ms": 1789274291536, "virtual_time_s": 1005.364394, "measure_result": "no_signal"}}
2026-09-13 12:38:15,585 INFO request {"path": "/measure", "payload": {"arena_id": "default", "robot_id": "202601002029", "request_id": "6751736e4f844bcaa2517dc85227b567", "position": {"x": 565.0000000000001, "y": 978.6087062764157}, "channel": 1}, "attempt": 1}
2026-09-13 12:38:15,610 INFO response {"request_id": "6751736e4f844bcaa2517dc85227b567", "http_status": 200, "body": {"accepted": true, "real_timestamp_ms": 1789274291561, "virtual_time_s": 1011.364394, "measure_result": "no_signal"}}
2026-09-13 12:38:15,610 INFO request {"path": "/measure", "payload": {"arena_id": "default", "robot_id": "202601002029", "request_id": "aee66e9357bb4f04a9191a4664bc9ea1", "position": {"x": 565.0000000000001, "y": 978.6087062764157}, "channel": 2}, "attempt": 1}
2026-09-13 12:38:15,611 INFO response {"request_id": "aee66e9357bb4f04a9191a4664bc9ea1", "http_status": 200, "body": {"accepted": true, "real_timestamp_ms": 1789274291562, "virtual_time_s": 1017.364394, "measure_result": "no_signal"}}
2026-09-13 12:38:15,612 INFO request {"path": "/measure", "payload": {"arena_id": "default", "robot_id": "202601002029", "request_id": "fab34fb3331f43d0b66160209855d72c", "position": {"x": 565.0000000000001, "y": 978.6087062764157}, "channel": 3}, "attempt": 1}
2026-09-13 12:38:15,613 INFO response {"request_id": "fab34fb3331f43d0b66160209855d72c", "http_status": 200, "body": {"accepted": true, "real_timestamp_ms": 1789274291564, "virtual_time_s": 1023.364394, "measure_result": "no_signal"}}
2026-09-13 12:38:15,614 INFO request {"path": "/measure", "payload": {"arena_id": "default", "robot_id": "202601002029", "request_id": "d8ed46db3f8748999d54f39bbcab1cde", "position": {"x": 565.0000000000001, "y": 978.6087062764157}, "channel": 4}, "attempt": 1}
2026-09-13 12:38:15,615 INFO response {"request_id": "d8ed46db3f8748999d54f39bbcab1cde", "http_status": 200, "body": {"accepted": true, "real_timestamp_ms": 1789274291566, "virtual_time_s": 1029.364394, "measure_result": "no_signal"}}
2026-09-13 12:38:15,615 INFO request {"path": "/measure", "payload": {"arena_id": "default", "robot_id": "202601002029", "request_id": "da3275b722da47f384c6f18dae34a2e9", "position": {"x": 565.0000000000001, "y": 978.6087062764157}, "channel": 5}, "attempt": 1}
2026-09-13 12:38:15,640 INFO response {"request_id": "da3275b722da47f384c6f18dae34a2e9", "http_status": 200, "body": {"accepted": true, "real_timestamp_ms": 1789274291591, "virtual_time_s": 1035.364394, "measure_result": "no_signal"}}
2026-09-13 12:38:15,641 INFO request {"path": "/measure", "payload": {"arena_id": "default", "robot_id": "202601002029", "request_id": "4ffcaa4aab094c62b44a2aac99d22af2", "position": {"x": 565.0000000000001, "y": 978.6087062764157}, "channel": 7}, "attempt": 1}
2026-09-13 12:38:15,656 INFO response {"request_id": "4ffcaa4aab094c62b44a2aac99d22af2", "http_status": 200, "body": {"accepted": true, "real_timestamp_ms": 1789274291607, "virtual_time_s": 1041.364394, "measure_result": "no_signal"}}
2026-09-13 12:38:15,656 INFO request {"path": "/measure", "payload": {"arena_id": "default", "robot_id": "202601002029", "request_id": "a34298cbfbfe4f44a00f6a99b30b8fa8", "position": {"x": 565.0000000000001, "y": 978.6087062764157}, "channel": 8}, "attempt": 1}
2026-09-13 12:38:15,659 INFO response {"request_id": "a34298cbfbfe4f44a00f6a99b30b8fa8", "http_status": 200, "body": {"accepted": true, "real_timestamp_ms": 1789274291609, "virtual_time_s": 1047.364394, "measure_result": "no_signal"}}
2026-09-13 12:38:15,660 INFO request {"path": "/measure", "payload": {"arena_id": "default", "robot_id": "202601002029", "request_id": "2ea14e29cc3b425bbce5dd731770c4b3", "position": {"x": 565.0000000000001, "y": 978.6087062764157}, "channel": 12}, "attempt": 1}
2026-09-13 12:38:15,662 INFO response {"request_id": "2ea14e29cc3b425bbce5dd731770c4b3", "http_status": 200, "body": {"accepted": true, "real_timestamp_ms": 1789274291612, "virtual_time_s": 1053.364394, "measure_result": "no_signal"}}
2026-09-13 12:38:15,662 INFO request {"path": "/measure", "payload": {"arena_id": "default", "robot_id": "202601002029", "request_id": "97b20acc21cc4a6d8d590184f4bb5375", "position": {"x": 565.0000000000001, "y": 978.6087062764157}, "channel": 14}, "attempt": 1}
2026-09-13 12:38:15,663 INFO response {"request_id": "97b20acc21cc4a6d8d590184f4bb5375", "http_status": 200, "body": {"accepted": true, "real_timestamp_ms": 1789274291614, "virtual_time_s": 1059.364394, "measure_result": "no_signal"}}
2026-09-13 12:38:15,663 INFO request {"path": "/measure", "payload": {"arena_id": "default", "robot_id": "202601002029", "request_id": "ec220c6c450e40a6b2eec83f8a2d9ace", "position": {"x": 565.0000000000001, "y": 978.6087062764157}, "channel": 15}, "attempt": 1}
2026-09-13 12:38:15,687 INFO response {"request_id": "ec220c6c450e40a6b2eec83f8a2d9ace", "http_status": 200, "body": {"accepted": true, "real_timestamp_ms": 1789274291638, "virtual_time_s": 1065.364394, "measure_result": "no_signal"}}
2026-09-13 12:38:15,687 INFO request {"path": "/measure", "payload": {"arena_id": "default", "robot_id": "202601002029", "request_id": "896fd7da00854adc90e87f0473b38608", "position": {"x": 565.0000000000001, "y": 978.6087062764157}, "channel": 16}, "attempt": 1}
2026-09-13 12:38:15,702 INFO response {"request_id": "896fd7da00854adc90e87f0473b38608", "http_status": 200, "body": {"accepted": true, "real_timestamp_ms": 1789274291653, "virtual_time_s": 1071.364394, "measure_result": "no_signal"}}
2026-09-13 12:38:15,703 INFO request {"path": "/measure", "payload": {"arena_id": "default", "robot_id": "202601002029", "request_id": "506a5bd48f294b18a56a0d54d28fc810", "position": {"x": 565.0000000000001, "y": 978.6087062764157}, "channel": 17}, "attempt": 1}
2026-09-13 12:38:15,705 INFO response {"request_id": "506a5bd48f294b18a56a0d54d28fc810", "http_status": 200, "body": {"accepted": true, "real_timestamp_ms": 1789274291656, "virtual_time_s": 1077.364394, "measure_result": "no_signal"}}
2026-09-13 12:38:15,817 INFO request {"path": "/measure", "payload": {"arena_id": "default", "robot_id": "202601002029", "request_id": "0ed3c667c3654550aa87843a23c96707", "position": {"x": 565.0000000000001, "y": 978.6087062764157}, "channel": 10}, "attempt": 1}
2026-09-13 12:38:15,840 INFO response {"request_id": "0ed3c667c3654550aa87843a23c96707", "http_status": 200, "body": {"accepted": true, "real_timestamp_ms": 1789274291791, "virtual_time_s": 1083.364394, "measure_result": "direction", "svd_deg": 254.12}}
2026-09-13 12:38:15,898 INFO request {"path": "/measure", "payload": {"arena_id": "default", "robot_id": "202601002029", "request_id": "0d0fc4b8043e4c66bb1fb063885873ef", "position": {"x": 565.0000000000001, "y": 978.6087062764157}, "channel": 20}, "attempt": 1}
2026-09-13 12:38:15,900 INFO response {"request_id": "0d0fc4b8043e4c66bb1fb063885873ef", "http_status": 200, "body": {"accepted": true, "real_timestamp_ms": 1789274291851, "virtual_time_s": 1089.364394, "measure_result": "direction", "svd_deg": 266.03}}
2026-09-13 12:38:15,927 INFO request {"path": "/measure", "payload": {"arena_id": "default", "robot_id": "202601002029", "request_id": "1052c1e38b1b44508651f8be70120f98", "position": {"x": 1130.0, "y": 0.0}, "channel": 1}, "attempt": 1}
2026-09-13 12:38:15,951 INFO response {"request_id": "1052c1e38b1b44508651f8be70120f98", "http_status": 200, "body": {"accepted": true, "real_timestamp_ms": 1789274291902, "virtual_time_s": 1321.364394, "measure_result": "no_signal"}}
2026-09-13 12:38:15,952 INFO request {"path": "/measure", "payload": {"arena_id": "default", "robot_id": "202601002029", "request_id": "304546f2b46448e68fac80ee4e645a30", "position": {"x": 1130.0, "y": 0.0}, "channel": 2}, "attempt": 1}
2026-09-13 12:38:15,953 INFO response {"request_id": "304546f2b46448e68fac80ee4e645a30", "http_status": 200, "body": {"accepted": true, "real_timestamp_ms": 1789274291904, "virtual_time_s": 1327.364394, "measure_result": "direction", "svd_deg": 42.29}}
2026-09-13 12:38:15,974 INFO request {"path": "/measure", "payload": {"arena_id": "default", "robot_id": "202601002029", "request_id": "fce9fe58a18d478199a4c23f7a0ac60a", "position": {"x": 1130.0, "y": 0.0}, "channel": 3}, "attempt": 1}
2026-09-13 12:38:15,978 INFO response {"request_id": "fce9fe58a18d478199a4c23f7a0ac60a", "http_status": 200, "body": {"accepted": true, "real_timestamp_ms": 1789274291927, "virtual_time_s": 1333.364394, "measure_result": "no_signal"}}
2026-09-13 12:38:15,978 INFO request {"path": "/measure", "payload": {"arena_id": "default", "robot_id": "202601002029", "request_id": "e062c4e192f94be2829728402c574f74", "position": {"x": 1130.0, "y": 0.0}, "channel": 4}, "attempt": 1}
2026-09-13 12:38:15,980 INFO response {"request_id": "e062c4e192f94be2829728402c574f74", "http_status": 200, "body": {"accepted": true, "real_timestamp_ms": 1789274291931, "virtual_time_s": 1339.364394, "measure_result": "no_signal"}}
2026-09-13 12:38:15,980 INFO request {"path": "/measure", "payload": {"arena_id": "default", "robot_id": "202601002029", "request_id": "b4a3db2a746d4efa8b933b61f877e13f", "position": {"x": 1130.0, "y": 0.0}, "channel": 5}, "attempt": 1}
2026-09-13 12:38:15,982 INFO response {"request_id": "b4a3db2a746d4efa8b933b61f877e13f", "http_status": 200, "body": {"accepted": true, "real_timestamp_ms": 1789274291933, "virtual_time_s": 1345.364394, "measure_result": "no_signal"}}
2026-09-13 12:38:15,982 INFO request {"path": "/measure", "payload": {"arena_id": "default", "robot_id": "202601002029", "request_id": "645556da9e1b440ea98d0ac863eca66f", "position": {"x": 1130.0, "y": 0.0}, "channel": 7}, "attempt": 1}
2026-09-13 12:38:16,000 INFO response {"request_id": "645556da9e1b440ea98d0ac863eca66f", "http_status": 200, "body": {"accepted": true, "real_timestamp_ms": 1789274291951, "virtual_time_s": 1351.364394, "measure_result": "no_signal"}}
2026-09-13 12:38:16,001 INFO request {"path": "/measure", "payload": {"arena_id": "default", "robot_id": "202601002029", "request_id": "512e2bbad1a2498890bb4a937edf0afe", "position": {"x": 1130.0, "y": 0.0}, "channel": 8}, "attempt": 1}
2026-09-13 12:38:16,003 INFO response {"request_id": "512e2bbad1a2498890bb4a937edf0afe", "http_status": 200, "body": {"accepted": true, "real_timestamp_ms": 1789274291954, "virtual_time_s": 1357.364394, "measure_result": "no_signal"}}
2026-09-13 12:38:16,004 INFO request {"path": "/measure", "payload": {"arena_id": "default", "robot_id": "202601002029", "request_id": "4896aa41709c404bacf3ab7e83de642d", "position": {"x": 1130.0, "y": 0.0}, "channel": 12}, "attempt": 1}
2026-09-13 12:38:16,006 INFO response {"request_id": "4896aa41709c404bacf3ab7e83de642d", "http_status": 200, "body": {"accepted": true, "real_timestamp_ms": 1789274291957, "virtual_time_s": 1363.364394, "measure_result": "no_signal"}}
2026-09-13 12:38:16,007 INFO request {"path": "/measure", "payload": {"arena_id": "default", "robot_id": "202601002029", "request_id": "3af19824d76e4cf48cb6fa4c0c65c51b", "position": {"x": 1130.0, "y": 0.0}, "channel": 14}, "attempt": 1}
2026-09-13 12:38:16,009 INFO response {"request_id": "3af19824d76e4cf48cb6fa4c0c65c51b", "http_status": 200, "body": {"accepted": true, "real_timestamp_ms": 1789274291960, "virtual_time_s": 1369.364394, "measure_result": "no_signal"}}
2026-09-13 12:38:16,010 INFO request {"path": "/measure", "payload": {"arena_id": "default", "robot_id": "202601002029", "request_id": "07ce5179fd774c908586d1d99333db62", "position": {"x": 1130.0, "y": 0.0}, "channel": 15}, "attempt": 1}
2026-09-13 12:38:16,012 INFO response {"request_id": "07ce5179fd774c908586d1d99333db62", "http_status": 200, "body": {"accepted": true, "real_timestamp_ms": 1789274291963, "virtual_time_s": 1375.364394, "measure_result": "no_signal"}}
2026-09-13 12:38:16,012 INFO request {"path": "/measure", "payload": {"arena_id": "default", "robot_id": "202601002029", "request_id": "611de747f35b4bbd8023f3eb882d2eaf", "position": {"x": 1130.0, "y": 0.0}, "channel": 16}, "attempt": 1}
2026-09-13 12:38:16,015 INFO response {"request_id": "611de747f35b4bbd8023f3eb882d2eaf", "http_status": 200, "body": {"accepted": true, "real_timestamp_ms": 1789274291966, "virtual_time_s": 1381.364394, "measure_result": "no_signal"}}
2026-09-13 12:38:16,015 INFO request {"path": "/measure", "payload": {"arena_id": "default", "robot_id": "202601002029", "request_id": "e8728d6f97a24cf2b546cca162157e74", "position": {"x": 1130.0, "y": 0.0}, "channel": 17}, "attempt": 1}
2026-09-13 12:38:16,017 INFO response {"request_id": "e8728d6f97a24cf2b546cca162157e74", "http_status": 200, "body": {"accepted": true, "real_timestamp_ms": 1789274291968, "virtual_time_s": 1387.364394, "measure_result": "no_signal"}}
2026-09-13 12:38:16,018 INFO request {"path": "/measure", "payload": {"arena_id": "default", "robot_id": "202601002029", "request_id": "4caff573e138407eaa02366daea95c3d", "position": {"x": 1130.0, "y": 0.0}, "channel": 18}, "attempt": 1}
2026-09-13 12:38:16,019 INFO response {"request_id": "4caff573e138407eaa02366daea95c3d", "http_status": 200, "body": {"accepted": true, "real_timestamp_ms": 1789274291970, "virtual_time_s": 1393.364394, "measure_result": "direction", "svd_deg": 9.92}}
2026-09-13 12:38:16,160 INFO request {"path": "/measure", "payload": {"arena_id": "default", "robot_id": "202601002029", "request_id": "84a6609aad82429cb24b6d9025466e7a", "position": {"x": 1130.0, "y": 0.0}, "channel": 10}, "attempt": 1}
2026-09-13 12:38:16,161 INFO response {"request_id": "84a6609aad82429cb24b6d9025466e7a", "http_status": 200, "body": {"accepted": true, "real_timestamp_ms": 1789274292112, "virtual_time_s": 1399.364394, "measure_result": "direction", "svd_deg": 148.87}}
2026-09-13 12:38:16,265 INFO request {"path": "/measure", "payload": {"arena_id": "default", "robot_id": "202601002029", "request_id": "a8b42313f76247fdb4082bfe1fabc114", "position": {"x": 1130.0, "y": 0.0}, "channel": 20}, "attempt": 1}
2026-09-13 12:38:16,276 INFO response {"request_id": "a8b42313f76247fdb4082bfe1fabc114", "http_status": 200, "body": {"accepted": true, "real_timestamp_ms": 1789274292227, "virtual_time_s": 1405.364394, "measure_result": "direction", "svd_deg": 171.08}}
2026-09-13 12:38:16,305 INFO request {"path": "/measure", "payload": {"arena_id": "default", "robot_id": "202601002029", "request_id": "2a7defb894e940a88c682389a0c5d888", "position": {"x": 565.0000000000001, "y": -978.6087062764157}, "channel": 1}, "attempt": 1}
2026-09-13 12:38:16,322 INFO response {"request_id": "2a7defb894e940a88c682389a0c5d888", "http_status": 200, "body": {"accepted": true, "real_timestamp_ms": 1789274292273, "virtual_time_s": 1637.364394, "measure_result": "no_signal"}}
2026-09-13 12:38:16,322 INFO request {"path": "/measure", "payload": {"arena_id": "default", "robot_id": "202601002029", "request_id": "99da049f94a84545bc000bdecae51f09", "position": {"x": 565.0000000000001, "y": -978.6087062764157}, "channel": 3}, "attempt": 1}
2026-09-13 12:38:16,339 INFO response {"request_id": "99da049f94a84545bc000bdecae51f09", "http_status": 200, "body": {"accepted": true, "real_timestamp_ms": 1789274292289, "virtual_time_s": 1643.364394, "measure_result": "no_signal"}}
2026-09-13 12:38:16,339 INFO request {"path": "/measure", "payload": {"arena_id": "default", "robot_id": "202601002029", "request_id": "cce1bb6bbbb8441db3aaa61cef12455e", "position": {"x": 565.0000000000001, "y": -978.6087062764157}, "channel": 4}, "attempt": 1}
2026-09-13 12:38:16,353 INFO response {"request_id": "cce1bb6bbbb8441db3aaa61cef12455e", "http_status": 200, "body": {"accepted": true, "real_timestamp_ms": 1789274292304, "virtual_time_s": 1649.364394, "measure_result": "no_signal"}}
2026-09-13 12:38:16,354 INFO request {"path": "/measure", "payload": {"arena_id": "default", "robot_id": "202601002029", "request_id": "ef0a25fc5b1743b7b81151681cead1d5", "position": {"x": 565.0000000000001, "y": -978.6087062764157}, "channel": 5}, "attempt": 1}
2026-09-13 12:38:16,369 INFO response {"request_id": "ef0a25fc5b1743b7b81151681cead1d5", "http_status": 200, "body": {"accepted": true, "real_timestamp_ms": 1789274292320, "virtual_time_s": 1655.364394, "measure_result": "no_signal"}}
2026-09-13 12:38:16,369 INFO request {"path": "/measure", "payload": {"arena_id": "default", "robot_id": "202601002029", "request_id": "bcf590cde2174f669a5b0099d4d08aac", "position": {"x": 565.0000000000001, "y": -978.6087062764157}, "channel": 7}, "attempt": 1}
2026-09-13 12:38:16,385 INFO response {"request_id": "bcf590cde2174f669a5b0099d4d08aac", "http_status": 200, "body": {"accepted": true, "real_timestamp_ms": 1789274292335, "virtual_time_s": 1661.364394, "measure_result": "no_signal"}}
2026-09-13 12:38:16,386 INFO request {"path": "/measure", "payload": {"arena_id": "default", "robot_id": "202601002029", "request_id": "4e03de49ec74496a87c86fcaf6423b85", "position": {"x": 565.0000000000001, "y": -978.6087062764157}, "channel": 8}, "attempt": 1}
2026-09-13 12:38:16,388 INFO response {"request_id": "4e03de49ec74496a87c86fcaf6423b85", "http_status": 200, "body": {"accepted": true, "real_timestamp_ms": 1789274292339, "virtual_time_s": 1667.364394, "measure_result": "no_signal"}}
2026-09-13 12:38:16,388 INFO request {"path": "/measure", "payload": {"arena_id": "default", "robot_id": "202601002029", "request_id": "75db4531457c439e8739c2401bf7503b", "position": {"x": 565.0000000000001, "y": -978.6087062764157}, "channel": 12}, "attempt": 1}
2026-09-13 12:38:16,391 INFO response {"request_id": "75db4531457c439e8739c2401bf7503b", "http_status": 200, "body": {"accepted": true, "real_timestamp_ms": 1789274292342, "virtual_time_s": 1673.364394, "measure_result": "no_signal"}}
2026-09-13 12:38:16,391 INFO request {"path": "/measure", "payload": {"arena_id": "default", "robot_id": "202601002029", "request_id": "99fe22b2149c4cfe93f016b90b78be92", "position": {"x": 565.0000000000001, "y": -978.6087062764157}, "channel": 14}, "attempt": 1}
2026-09-13 12:38:16,415 INFO response {"request_id": "99fe22b2149c4cfe93f016b90b78be92", "http_status": 200, "body": {"accepted": true, "real_timestamp_ms": 1789274292365, "virtual_time_s": 1679.364394, "measure_result": "no_signal"}}
2026-09-13 12:38:16,415 INFO request {"path": "/measure", "payload": {"arena_id": "default", "robot_id": "202601002029", "request_id": "c503221b76a440bb8c9fb1d8e2444616", "position": {"x": 565.0000000000001, "y": -978.6087062764157}, "channel": 15}, "attempt": 1}
2026-09-13 12:38:16,418 INFO response {"request_id": "c503221b76a440bb8c9fb1d8e2444616", "http_status": 200, "body": {"accepted": true, "real_timestamp_ms": 1789274292369, "virtual_time_s": 1685.364394, "measure_result": "no_signal"}}
2026-09-13 12:38:16,418 INFO request {"path": "/measure", "payload": {"arena_id": "default", "robot_id": "202601002029", "request_id": "66e0dbe21e4e45f5b2b6681b1d371761", "position": {"x": 565.0000000000001, "y": -978.6087062764157}, "channel": 16}, "attempt": 1}
2026-09-13 12:38:16,431 INFO response {"request_id": "66e0dbe21e4e45f5b2b6681b1d371761", "http_status": 200, "body": {"accepted": true, "real_timestamp_ms": 1789274292381, "virtual_time_s": 1691.364394, "measure_result": "no_signal"}}
2026-09-13 12:38:16,431 INFO request {"path": "/measure", "payload": {"arena_id": "default", "robot_id": "202601002029", "request_id": "da21e585db764dadb0a2f1fbeda15208", "position": {"x": 565.0000000000001, "y": -978.6087062764157}, "channel": 17}, "attempt": 1}
2026-09-13 12:38:16,447 INFO response {"request_id": "da21e585db764dadb0a2f1fbeda15208", "http_status": 200, "body": {"accepted": true, "real_timestamp_ms": 1789274292397, "virtual_time_s": 1697.364394, "measure_result": "no_signal"}}
2026-09-13 12:38:16,459 INFO request {"path": "/measure", "payload": {"arena_id": "default", "robot_id": "202601002029", "request_id": "aae60b0fcca44ca68cf00ccc684654f1", "position": {"x": -565.0000000000005, "y": -978.6087062764154}, "channel": 17}, "attempt": 1}
2026-09-13 12:38:16,461 INFO response {"request_id": "aae60b0fcca44ca68cf00ccc684654f1", "http_status": 200, "body": {"accepted": true, "real_timestamp_ms": 1789274292412, "virtual_time_s": 1928.364394, "measure_result": "no_signal"}}
2026-09-13 12:38:16,462 INFO request {"path": "/measure", "payload": {"arena_id": "default", "robot_id": "202601002029", "request_id": "cf3eea4a0b57492c8815de8991cda6b4", "position": {"x": -565.0000000000005, "y": -978.6087062764154}, "channel": 1}, "attempt": 1}
2026-09-13 12:38:16,477 INFO response {"request_id": "cf3eea4a0b57492c8815de8991cda6b4", "http_status": 200, "body": {"accepted": true, "real_timestamp_ms": 1789274292427, "virtual_time_s": 1934.364394, "measure_result": "no_signal"}}
2026-09-13 12:38:16,477 INFO request {"path": "/measure", "payload": {"arena_id": "default", "robot_id": "202601002029", "request_id": "8b88f88d6797413682b58f287ecc7980", "position": {"x": -565.0000000000005, "y": -978.6087062764154}, "channel": 3}, "attempt": 1}
2026-09-13 12:38:16,492 INFO response {"request_id": "8b88f88d6797413682b58f287ecc7980", "http_status": 200, "body": {"accepted": true, "real_timestamp_ms": 1789274292443, "virtual_time_s": 1940.364394, "measure_result": "no_signal"}}
2026-09-13 12:38:16,492 INFO request {"path": "/measure", "payload": {"arena_id": "default", "robot_id": "202601002029", "request_id": "e21ba112deeb43fd8ac51f5e00a9a8a0", "position": {"x": -565.0000000000005, "y": -978.6087062764154}, "channel": 4}, "attempt": 1}
2026-09-13 12:38:16,507 INFO response {"request_id": "e21ba112deeb43fd8ac51f5e00a9a8a0", "http_status": 200, "body": {"accepted": true, "real_timestamp_ms": 1789274292458, "virtual_time_s": 1946.364394, "measure_result": "no_signal"}}
2026-09-13 12:38:16,507 INFO request {"path": "/measure", "payload": {"arena_id": "default", "robot_id": "202601002029", "request_id": "8b7f927eaa354cdab7294894653a7a58", "position": {"x": -565.0000000000005, "y": -978.6087062764154}, "channel": 5}, "attempt": 1}
2026-09-13 12:38:16,509 INFO response {"request_id": "8b7f927eaa354cdab7294894653a7a58", "http_status": 200, "body": {"accepted": true, "real_timestamp_ms": 1789274292460, "virtual_time_s": 1952.364394, "measure_result": "no_signal"}}
2026-09-13 12:38:16,509 INFO request {"path": "/measure", "payload": {"arena_id": "default", "robot_id": "202601002029", "request_id": "9e74f1803b934d2a9c769967a69b5309", "position": {"x": -565.0000000000005, "y": -978.6087062764154}, "channel": 7}, "attempt": 1}
2026-09-13 12:38:16,511 INFO response {"request_id": "9e74f1803b934d2a9c769967a69b5309", "http_status": 200, "body": {"accepted": true, "real_timestamp_ms": 1789274292461, "virtual_time_s": 1958.364394, "measure_result": "no_signal"}}
2026-09-13 12:38:16,511 INFO request {"path": "/measure", "payload": {"arena_id": "default", "robot_id": "202601002029", "request_id": "99e32ad422e245939a197cc7a0e4eca2", "position": {"x": -565.0000000000005, "y": -978.6087062764154}, "channel": 8}, "attempt": 1}
2026-09-13 12:38:16,512 INFO response {"request_id": "99e32ad422e245939a197cc7a0e4eca2", "http_status": 200, "body": {"accepted": true, "real_timestamp_ms": 1789274292463, "virtual_time_s": 1964.364394, "measure_result": "no_signal"}}
2026-09-13 12:38:16,513 INFO request {"path": "/measure", "payload": {"arena_id": "default", "robot_id": "202601002029", "request_id": "102026146a394a4cb7f03e0a2d5a2646", "position": {"x": -565.0000000000005, "y": -978.6087062764154}, "channel": 12}, "attempt": 1}
2026-09-13 12:38:16,515 INFO response {"request_id": "102026146a394a4cb7f03e0a2d5a2646", "http_status": 200, "body": {"accepted": true, "real_timestamp_ms": 1789274292465, "virtual_time_s": 1970.364394, "measure_result": "no_signal"}}
2026-09-13 12:38:16,515 INFO request {"path": "/measure", "payload": {"arena_id": "default", "robot_id": "202601002029", "request_id": "a65a575675644b079506bc9fb10ab810", "position": {"x": -565.0000000000005, "y": -978.6087062764154}, "channel": 14}, "attempt": 1}
2026-09-13 12:38:16,516 INFO response {"request_id": "a65a575675644b079506bc9fb10ab810", "http_status": 200, "body": {"accepted": true, "real_timestamp_ms": 1789274292466, "virtual_time_s": 1976.364394, "measure_result": "no_signal"}}
2026-09-13 12:38:16,517 INFO request {"path": "/measure", "payload": {"arena_id": "default", "robot_id": "202601002029", "request_id": "8ccadf94b7ca4e15aeaf4793ebbcd982", "position": {"x": -565.0000000000005, "y": -978.6087062764154}, "channel": 15}, "attempt": 1}
2026-09-13 12:38:16,518 INFO response {"request_id": "8ccadf94b7ca4e15aeaf4793ebbcd982", "http_status": 200, "body": {"accepted": true, "real_timestamp_ms": 1789274292468, "virtual_time_s": 1982.364394, "measure_result": "direction", "svd_deg": 221.13}}
2026-09-13 12:38:16,539 INFO request {"path": "/measure", "payload": {"arena_id": "default", "robot_id": "202601002029", "request_id": "c63affec1a6e4c9e8352a2ff4cc43ddc", "position": {"x": -565.0000000000005, "y": -978.6087062764154}, "channel": 16}, "attempt": 1}
2026-09-13 12:38:16,540 INFO response {"request_id": "c63affec1a6e4c9e8352a2ff4cc43ddc", "http_status": 200, "body": {"accepted": true, "real_timestamp_ms": 1789274292491, "virtual_time_s": 1988.364394, "measure_result": "no_signal"}}
2026-09-13 12:38:16,593 INFO request {"path": "/measure", "payload": {"arena_id": "default", "robot_id": "202601002029", "request_id": "4005af00436744b18a0e3e395676e461", "position": {"x": -565.0000000000005, "y": -978.6087062764154}, "channel": 6}, "attempt": 1}
2026-09-13 12:38:16,615 INFO response {"request_id": "4005af00436744b18a0e3e395676e461", "http_status": 200, "body": {"accepted": true, "real_timestamp_ms": 1789274292566, "virtual_time_s": 1994.364394, "measure_result": "direction", "svd_deg": 171.34}}
2026-09-13 12:38:20,508 INFO request {"path": "/measure", "payload": {"arena_id": "default", "robot_id": "202601002029", "request_id": "fe5390966f744b91a1b8f116c22a3238", "position": {"x": -793.2614288388507, "y": -970.994529962111}, "channel": 6}, "attempt": 1}
2026-09-13 12:38:20,534 INFO response {"request_id": "fe5390966f744b91a1b8f116c22a3238", "http_status": 200, "body": {"accepted": true, "real_timestamp_ms": 1789274296484, "virtual_time_s": 2045.042072, "measure_result": "direction", "svd_deg": 167.92}}
2026-09-13 12:38:20,560 INFO request {"path": "/measure", "payload": {"arena_id": "default", "robot_id": "202601002029", "request_id": "8918fb2f5e9444699aca7fc238e706c5", "position": {"x": -1333.2305006844856, "y": -930.6964995181846}, "channel": 15}, "attempt": 1}
2026-09-13 12:38:20,563 INFO response {"request_id": "8918fb2f5e9444699aca7fc238e706c5", "http_status": 200, "body": {"accepted": true, "real_timestamp_ms": 1789274296513, "virtual_time_s": 2159.336214, "measure_result": "direction", "svd_deg": 316.33}}
2026-09-13 12:38:20,606 INFO request {"path": "/clear", "payload": {"arena_id": "default", "robot_id": "202601002029", "request_id": "c15e560a695741c2a1e4e0151e27123f", "position": {"x": -1381.6863869762196, "y": -847.4553872417854}, "channel": 6}, "attempt": 1}
2026-09-13 12:38:20,627 INFO response {"request_id": "c15e560a695741c2a1e4e0151e27123f", "http_status": 200, "body": {"accepted": true, "real_timestamp_ms": 1789274296578, "virtual_time_s": 2183.599709, "clear_result": "success"}}
2026-09-13 12:38:20,632 INFO request {"path": "/clear", "payload": {"arena_id": "default", "robot_id": "202601002029", "request_id": "f52a507e417345d0b62ae427548b2a39", "position": {"x": -940.0009537908525, "y": -1305.8497506659605}, "channel": 15}, "attempt": 1}
2026-09-13 12:38:20,634 INFO response {"request_id": "f52a507e417345d0b62ae427548b2a39", "http_status": 200, "body": {"accepted": true, "real_timestamp_ms": 1789274296585, "virtual_time_s": 2315.912146, "clear_result": "success"}}
2026-09-13 12:38:20,639 INFO request {"path": "/clear", "payload": {"arena_id": "default", "robot_id": "202601002029", "request_id": "7267e73ef29a4537b856e818470b4d0f", "position": {"x": -1199.755340186222, "y": 59.981198820124476}, "channel": 13}, "attempt": 1}
2026-09-13 12:38:20,658 INFO response {"request_id": "7267e73ef29a4537b856e818470b4d0f", "http_status": 200, "body": {"accepted": true, "real_timestamp_ms": 1789274296609, "virtual_time_s": 2598.974479, "clear_result": "success"}}
2026-09-13 12:38:20,659 INFO request {"path": "/measure", "payload": {"arena_id": "default", "robot_id": "202601002029", "request_id": "d2d0a05edf6a43f4bb23d0893bd01036", "position": {"x": -1402.0532851464072, "y": 874.0236301073505}, "channel": 11}, "attempt": 1}
2026-09-13 12:38:20,674 INFO response {"request_id": "d2d0a05edf6a43f4bb23d0893bd01036", "http_status": 200, "body": {"accepted": true, "real_timestamp_ms": 1789274296624, "virtual_time_s": 2772.734968, "measure_result": "direction", "svd_deg": 57.24}}
2026-09-13 12:38:20,696 INFO request {"path": "/clear", "payload": {"arena_id": "default", "robot_id": "202601002029", "request_id": "231f59541e4e438b9b2b937563d9a282", "position": {"x": -1077.0518478415327, "y": 1379.50017488417}, "channel": 11}, "attempt": 1}
2026-09-13 12:38:20,699 INFO response {"request_id": "231f59541e4e438b9b2b937563d9a282", "http_status": 200, "body": {"accepted": true, "real_timestamp_ms": 1789274296650, "virtual_time_s": 2897.923565, "clear_result": "success"}}
2026-09-13 12:38:20,700 INFO request {"path": "/clear", "payload": {"arena_id": "default", "robot_id": "202601002029", "request_id": "6f4d50e8dece4314bc0407f86bfe0f28", "position": {"x": -129.46817879732998, "y": -43.28010236952689}, "channel": 19}, "attempt": 1}
2026-09-13 12:38:20,701 INFO response {"request_id": "6f4d50e8dece4314bc0407f86bfe0f28", "http_status": 200, "body": {"accepted": true, "real_timestamp_ms": 1789274296652, "virtual_time_s": 3244.81352, "clear_result": "success"}}
2026-09-13 12:38:20,702 INFO request {"path": "/clear", "payload": {"arena_id": "default", "robot_id": "202601002029", "request_id": "8133ea89c6da4ebc8fac4f753c500791", "position": {"x": 503.7170269316246, "y": 98.04096472817965}, "channel": 20}, "attempt": 1}
2026-09-13 12:38:20,704 INFO response {"request_id": "8133ea89c6da4ebc8fac4f753c500791", "http_status": 200, "body": {"accepted": true, "real_timestamp_ms": 1789274296655, "virtual_time_s": 3379.566385, "clear_result": "success"}}
2026-09-13 12:38:20,705 INFO request {"path": "/clear", "payload": {"arena_id": "default", "robot_id": "202601002029", "request_id": "ba3e0defc5274f05a6c18100bd1fee28", "position": {"x": 410.1208909940743, "y": 434.9260167762384}, "channel": 10}, "attempt": 1}
2026-09-13 12:38:20,706 INFO response {"request_id": "ba3e0defc5274f05a6c18100bd1fee28", "http_status": 200, "body": {"accepted": true, "real_timestamp_ms": 1789274296657, "virtual_time_s": 3454.495428, "clear_result": "success"}}
2026-09-13 12:38:20,706 INFO request {"path": "/measure", "payload": {"arena_id": "default", "robot_id": "202601002029", "request_id": "6908f970146b4df099e3834910a2b222", "position": {"x": 1203.6303570558423, "y": 848.840393585316}, "channel": 2}, "attempt": 1}
2026-09-13 12:38:20,720 INFO response {"request_id": "6908f970146b4df099e3834910a2b222", "http_status": 200, "body": {"accepted": true, "real_timestamp_ms": 1789274296671, "virtual_time_s": 3639.490666, "measure_result": "direction", "svd_deg": 303.99}}
2026-09-13 12:38:20,820 INFO request {"path": "/measure", "payload": {"arena_id": "default", "robot_id": "202601002029", "request_id": "1e3e55a60aeb470cafd79165fdc70e5d", "position": {"x": 1203.6303570558423, "y": 848.840393585316}, "channel": 18}, "attempt": 1}
2026-09-13 12:38:20,822 INFO response {"request_id": "1e3e55a60aeb470cafd79165fdc70e5d", "http_status": 200, "body": {"accepted": true, "real_timestamp_ms": 1789274296773, "virtual_time_s": 3645.490666, "measure_result": "direction", "svd_deg": 283.82}}
2026-09-13 12:38:20,841 INFO request {"path": "/clear", "payload": {"arena_id": "default", "robot_id": "202601002029", "request_id": "c23409c690274909a41635db7cc97449", "position": {"x": 1530.1382053645657, "y": 364.2458378708984}, "channel": 2}, "attempt": 1}
2026-09-13 12:38:20,863 INFO response {"request_id": "c23409c690274909a41635db7cc97449", "http_status": 200, "body": {"accepted": true, "real_timestamp_ms": 1789274296814, "virtual_time_s": 3767.356274, "clear_result": "success"}}
2026-09-13 12:38:20,863 INFO request {"path": "/clear", "payload": {"arena_id": "default", "robot_id": "202601002029", "request_id": "418165a5d789434db6b24be37b4e2799", "position": {"x": 1400.95162207669, "y": 47.124329114331175}, "channel": 18}, "attempt": 1}
2026-09-13 12:38:20,866 INFO response {"request_id": "418165a5d789434db6b24be37b4e2799", "http_status": 200, "body": {"accepted": true, "real_timestamp_ms": 1789274296817, "virtual_time_s": 3840.841374, "clear_result": "success"}}
2026-09-13 12:38:20,866 INFO request {"path": "/exit", "payload": {"arena_id": "default", "robot_id": "202601002029", "request_id": "1f94f7a8e786407f9fdf0afdfd967d99"}, "attempt": 1}
2026-09-13 12:38:20,869 INFO response {"request_id": "1f94f7a8e786407f9fdf0afdfd967d99", "http_status": 200, "body": {"accepted": true, "real_timestamp_ms": 1789274296820, "virtual_time_s": 3840.841374, "exit_reason": "user_exit"}}
