2026-09-13 11:11:38,323 INFO request {"path": "/enter", "payload": {"arena_id": "default", "robot_id": "202601002029", "request_id": "007a6359ac174ec99037b4766997c475"}, "attempt": 1}
2026-09-13 11:11:38,327 INFO response {"request_id": "007a6359ac174ec99037b4766997c475", "http_status": 200, "body": {"accepted": true, "real_timestamp_ms": 1789269094256, "virtual_time_s": 0, "max_virtual_duration_s": 360000, "max_real_duration_s": 1200, "remaining_real_duration_s": 1200}}
2026-09-13 11:11:38,327 INFO request {"path": "/measure", "payload": {"arena_id": "default", "robot_id": "202601002029", "request_id": "64fd792b89db446b9e1643829d9f56e2", "position": {"x": 0.0, "y": 0.0}, "channel": 1}, "attempt": 1}
2026-09-13 11:11:38,328 INFO response {"request_id": "64fd792b89db446b9e1643829d9f56e2", "http_status": 200, "body": {"accepted": true, "real_timestamp_ms": 1789269094257, "virtual_time_s": 5, "measure_result": "direction", "svd_deg": 102.97}}
2026-09-13 11:11:38,337 INFO request {"path": "/measure", "payload": {"arena_id": "default", "robot_id": "202601002029", "request_id": "3c60b1daa7fe4ee4870b3c9311fae986", "position": {"x": 0.0, "y": 0.0}, "channel": 2}, "attempt": 1}
2026-09-13 11:11:38,338 INFO response {"request_id": "3c60b1daa7fe4ee4870b3c9311fae986", "http_status": 200, "body": {"accepted": true, "real_timestamp_ms": 1789269094267, "virtual_time_s": 11, "measure_result": "no_signal"}}
2026-09-13 11:11:38,338 INFO request {"path": "/measure", "payload": {"arena_id": "default", "robot_id": "202601002029", "request_id": "fbb76dc9e6754ee286b80c131ffed21c", "position": {"x": 0.0, "y": 0.0}, "channel": 3}, "attempt": 1}
2026-09-13 11:11:38,359 INFO response {"request_id": "fbb76dc9e6754ee286b80c131ffed21c", "http_status": 200, "body": {"accepted": true, "real_timestamp_ms": 1789269094288, "virtual_time_s": 17, "measure_result": "direction", "svd_deg": 108.0}}
2026-09-13 11:11:38,361 INFO request {"path": "/measure", "payload": {"arena_id": "default", "robot_id": "202601002029", "request_id": "21a27fa4762c42038064cff7074a0f1d", "position": {"x": 0.0, "y": 0.0}, "channel": 4}, "attempt": 1}
2026-09-13 11:11:38,363 INFO response {"request_id": "21a27fa4762c42038064cff7074a0f1d", "http_status": 200, "body": {"accepted": true, "real_timestamp_ms": 1789269094292, "virtual_time_s": 23, "measure_result": "direction", "svd_deg": 260.53}}
2026-09-13 11:11:38,364 INFO request {"path": "/measure", "payload": {"arena_id": "default", "robot_id": "202601002029", "request_id": "972f475c17ba49b5a8367496150434cd", "position": {"x": 0.0, "y": 0.0}, "channel": 5}, "attempt": 1}
2026-09-13 11:11:38,366 INFO response {"request_id": "972f475c17ba49b5a8367496150434cd", "http_status": 200, "body": {"accepted": true, "real_timestamp_ms": 1789269094294, "virtual_time_s": 29, "measure_result": "direction", "svd_deg": 301.52}}
2026-09-13 11:11:38,367 INFO request {"path": "/measure", "payload": {"arena_id": "default", "robot_id": "202601002029", "request_id": "ca706c8592eb48718cd93e1aef215e29", "position": {"x": 0.0, "y": 0.0}, "channel": 6}, "attempt": 1}
2026-09-13 11:11:38,368 INFO response {"request_id": "ca706c8592eb48718cd93e1aef215e29", "http_status": 200, "body": {"accepted": true, "real_timestamp_ms": 1789269094297, "virtual_time_s": 35, "measure_result": "no_signal"}}
2026-09-13 11:11:38,368 INFO request {"path": "/measure", "payload": {"arena_id": "default", "robot_id": "202601002029", "request_id": "46f2c937b4aa4e39a42a8bae769bb5e3", "position": {"x": 0.0, "y": 0.0}, "channel": 7}, "attempt": 1}
2026-09-13 11:11:38,389 INFO response {"request_id": "46f2c937b4aa4e39a42a8bae769bb5e3", "http_status": 200, "body": {"accepted": true, "real_timestamp_ms": 1789269094318, "virtual_time_s": 41, "measure_result": "no_signal"}}
2026-09-13 11:11:38,390 INFO request {"path": "/measure", "payload": {"arena_id": "default", "robot_id": "202601002029", "request_id": "1a37654338d64bf7811c38a7d2b92d14", "position": {"x": 0.0, "y": 0.0}, "channel": 8}, "attempt": 1}
2026-09-13 11:11:38,404 INFO response {"request_id": "1a37654338d64bf7811c38a7d2b92d14", "http_status": 200, "body": {"accepted": true, "real_timestamp_ms": 1789269094333, "virtual_time_s": 47, "measure_result": "direction", "svd_deg": 107.63}}
2026-09-13 11:11:38,409 INFO request {"path": "/measure", "payload": {"arena_id": "default", "robot_id": "202601002029", "request_id": "e8dc1be66bc24ba6810a8261424589c2", "position": {"x": 0.0, "y": 0.0}, "channel": 9}, "attempt": 1}
2026-09-13 11:11:38,435 INFO response {"request_id": "e8dc1be66bc24ba6810a8261424589c2", "http_status": 200, "body": {"accepted": true, "real_timestamp_ms": 1789269094364, "virtual_time_s": 53, "measure_result": "no_signal"}}
2026-09-13 11:11:38,436 INFO request {"path": "/measure", "payload": {"arena_id": "default", "robot_id": "202601002029", "request_id": "7f89c0fef7674adea2b2d272773a0e4c", "position": {"x": 0.0, "y": 0.0}, "channel": 10}, "attempt": 1}
2026-09-13 11:11:38,450 INFO response {"request_id": "7f89c0fef7674adea2b2d272773a0e4c", "http_status": 200, "body": {"accepted": true, "real_timestamp_ms": 1789269094379, "virtual_time_s": 59, "measure_result": "no_signal"}}
2026-09-13 11:11:38,451 INFO request {"path": "/measure", "payload": {"arena_id": "default", "robot_id": "202601002029", "request_id": "1a50b569c9064f32a15770723e7e3d65", "position": {"x": 0.0, "y": 0.0}, "channel": 11}, "attempt": 1}
2026-09-13 11:11:38,466 INFO response {"request_id": "1a50b569c9064f32a15770723e7e3d65", "http_status": 200, "body": {"accepted": true, "real_timestamp_ms": 1789269094394, "virtual_time_s": 65, "measure_result": "direction", "svd_deg": 339.82}}
2026-09-13 11:11:38,469 INFO request {"path": "/measure", "payload": {"arena_id": "default", "robot_id": "202601002029", "request_id": "6f12c8073dc347d380053ee0e593a933", "position": {"x": 0.0, "y": 0.0}, "channel": 12}, "attempt": 1}
2026-09-13 11:11:38,481 INFO response {"request_id": "6f12c8073dc347d380053ee0e593a933", "http_status": 200, "body": {"accepted": true, "real_timestamp_ms": 1789269094410, "virtual_time_s": 71, "measure_result": "no_signal"}}
2026-09-13 11:11:38,482 INFO request {"path": "/measure", "payload": {"arena_id": "default", "robot_id": "202601002029", "request_id": "db70abbf9c4245b58a98d4348c988164", "position": {"x": 0.0, "y": 0.0}, "channel": 13}, "attempt": 1}
2026-09-13 11:11:38,483 INFO response {"request_id": "db70abbf9c4245b58a98d4348c988164", "http_status": 200, "body": {"accepted": true, "real_timestamp_ms": 1789269094411, "virtual_time_s": 77, "measure_result": "no_signal"}}
2026-09-13 11:11:38,483 INFO request {"path": "/measure", "payload": {"arena_id": "default", "robot_id": "202601002029", "request_id": "8807b79f58a74caa9fd2ae6880efac8f", "position": {"x": 0.0, "y": 0.0}, "channel": 14}, "attempt": 1}
2026-09-13 11:11:38,496 INFO response {"request_id": "8807b79f58a74caa9fd2ae6880efac8f", "http_status": 200, "body": {"accepted": true, "real_timestamp_ms": 1789269094425, "virtual_time_s": 83, "measure_result": "direction", "svd_deg": 277.91}}
2026-09-13 11:11:38,499 INFO request {"path": "/measure", "payload": {"arena_id": "default", "robot_id": "202601002029", "request_id": "6242ac8b1544403fbd0389fcb09fbb20", "position": {"x": 0.0, "y": 0.0}, "channel": 15}, "attempt": 1}
2026-09-13 11:11:38,512 INFO response {"request_id": "6242ac8b1544403fbd0389fcb09fbb20", "http_status": 200, "body": {"accepted": true, "real_timestamp_ms": 1789269094440, "virtual_time_s": 89, "measure_result": "direction", "svd_deg": 321.43}}
2026-09-13 11:11:38,517 INFO request {"path": "/measure", "payload": {"arena_id": "default", "robot_id": "202601002029", "request_id": "3c629a13648c489bb828796608872f0d", "position": {"x": 0.0, "y": 0.0}, "channel": 16}, "attempt": 1}
2026-09-13 11:11:38,543 INFO response {"request_id": "3c629a13648c489bb828796608872f0d", "http_status": 200, "body": {"accepted": true, "real_timestamp_ms": 1789269094472, "virtual_time_s": 95, "measure_result": "no_signal"}}
2026-09-13 11:11:38,544 INFO request {"path": "/measure", "payload": {"arena_id": "default", "robot_id": "202601002029", "request_id": "cf54013848ab4156aa9b77f4e72dacfa", "position": {"x": 0.0, "y": 0.0}, "channel": 17}, "attempt": 1}
2026-09-13 11:11:38,558 INFO response {"request_id": "cf54013848ab4156aa9b77f4e72dacfa", "http_status": 200, "body": {"accepted": true, "real_timestamp_ms": 1789269094487, "virtual_time_s": 101, "measure_result": "no_signal"}}
2026-09-13 11:11:38,558 INFO request {"path": "/measure", "payload": {"arena_id": "default", "robot_id": "202601002029", "request_id": "ecfdd71457d048fcb8f9f9192e1810bb", "position": {"x": 0.0, "y": 0.0}, "channel": 18}, "attempt": 1}
2026-09-13 11:11:38,574 INFO response {"request_id": "ecfdd71457d048fcb8f9f9192e1810bb", "http_status": 200, "body": {"accepted": true, "real_timestamp_ms": 1789269094503, "virtual_time_s": 107, "measure_result": "no_signal"}}
2026-09-13 11:11:38,575 INFO request {"path": "/measure", "payload": {"arena_id": "default", "robot_id": "202601002029", "request_id": "e3eee8d10026441cacdad9135cf47fbe", "position": {"x": 0.0, "y": 0.0}, "channel": 19}, "attempt": 1}
2026-09-13 11:11:38,590 INFO response {"request_id": "e3eee8d10026441cacdad9135cf47fbe", "http_status": 200, "body": {"accepted": true, "real_timestamp_ms": 1789269094518, "virtual_time_s": 113, "measure_result": "no_signal"}}
2026-09-13 11:11:38,591 INFO request {"path": "/measure", "payload": {"arena_id": "default", "robot_id": "202601002029", "request_id": "892f005b242e4363aa7a260e792e2942", "position": {"x": 0.0, "y": 0.0}, "channel": 20}, "attempt": 1}
2026-09-13 11:11:38,593 INFO response {"request_id": "892f005b242e4363aa7a260e792e2942", "http_status": 200, "body": {"accepted": true, "real_timestamp_ms": 1789269094521, "virtual_time_s": 119, "measure_result": "direction", "svd_deg": 90.3}}
2026-09-13 11:11:38,598 INFO request {"path": "/measure", "payload": {"arena_id": "default", "robot_id": "202601002029", "request_id": "b57a1a59a76642e2b726196847aed5d3", "position": {"x": 1130.0, "y": 0.0}, "channel": 2}, "attempt": 1}
2026-09-13 11:11:38,621 INFO response {"request_id": "b57a1a59a76642e2b726196847aed5d3", "http_status": 200, "body": {"accepted": true, "real_timestamp_ms": 1789269094549, "virtual_time_s": 351, "measure_result": "no_signal"}}
2026-09-13 11:11:38,622 INFO request {"path": "/measure", "payload": {"arena_id": "default", "robot_id": "202601002029", "request_id": "4ef9fb9a683548c19a42fd614d55497d", "position": {"x": 1130.0, "y": 0.0}, "channel": 6}, "attempt": 1}
2026-09-13 11:11:38,636 INFO response {"request_id": "4ef9fb9a683548c19a42fd614d55497d", "http_status": 200, "body": {"accepted": true, "real_timestamp_ms": 1789269094564, "virtual_time_s": 357, "measure_result": "no_signal"}}
2026-09-13 11:11:38,636 INFO request {"path": "/measure", "payload": {"arena_id": "default", "robot_id": "202601002029", "request_id": "1cb50db8aa0245cc8e9461192cd1086b", "position": {"x": 1130.0, "y": 0.0}, "channel": 7}, "attempt": 1}
2026-09-13 11:11:38,651 INFO response {"request_id": "1cb50db8aa0245cc8e9461192cd1086b", "http_status": 200, "body": {"accepted": true, "real_timestamp_ms": 1789269094579, "virtual_time_s": 363, "measure_result": "no_signal"}}
2026-09-13 11:11:38,651 INFO request {"path": "/measure", "payload": {"arena_id": "default", "robot_id": "202601002029", "request_id": "1a69e105b3a34c97b86f3162cb390a52", "position": {"x": 1130.0, "y": 0.0}, "channel": 9}, "attempt": 1}
2026-09-13 11:11:38,667 INFO response {"request_id": "1a69e105b3a34c97b86f3162cb390a52", "http_status": 200, "body": {"accepted": true, "real_timestamp_ms": 1789269094595, "virtual_time_s": 369, "measure_result": "no_signal"}}
2026-09-13 11:11:38,667 INFO request {"path": "/measure", "payload": {"arena_id": "default", "robot_id": "202601002029", "request_id": "3fe7b3a3a135494db3e4869162768838", "position": {"x": 1130.0, "y": 0.0}, "channel": 10}, "attempt": 1}
2026-09-13 11:11:38,682 INFO response {"request_id": "3fe7b3a3a135494db3e4869162768838", "http_status": 200, "body": {"accepted": true, "real_timestamp_ms": 1789269094610, "virtual_time_s": 375, "measure_result": "no_signal"}}
2026-09-13 11:11:38,683 INFO request {"path": "/measure", "payload": {"arena_id": "default", "robot_id": "202601002029", "request_id": "e8c4526f0c6f4793acc325ca8f1163f0", "position": {"x": 1130.0, "y": 0.0}, "channel": 12}, "attempt": 1}
2026-09-13 11:11:38,697 INFO response {"request_id": "e8c4526f0c6f4793acc325ca8f1163f0", "http_status": 200, "body": {"accepted": true, "real_timestamp_ms": 1789269094626, "virtual_time_s": 381, "measure_result": "no_signal"}}
2026-09-13 11:11:38,697 INFO request {"path": "/measure", "payload": {"arena_id": "default", "robot_id": "202601002029", "request_id": "79ba65a282634089b82ed4d287ce6ca8", "position": {"x": 1130.0, "y": 0.0}, "channel": 13}, "attempt": 1}
2026-09-13 11:11:38,713 INFO response {"request_id": "79ba65a282634089b82ed4d287ce6ca8", "http_status": 200, "body": {"accepted": true, "real_timestamp_ms": 1789269094641, "virtual_time_s": 387, "measure_result": "direction", "svd_deg": 103.76}}
2026-09-13 11:11:38,714 INFO request {"path": "/measure", "payload": {"arena_id": "default", "robot_id": "202601002029", "request_id": "2e4f3b5891f14724b99ad6148cd2bfdf", "position": {"x": 1130.0, "y": 0.0}, "channel": 16}, "attempt": 1}
2026-09-13 11:11:38,715 INFO response {"request_id": "2e4f3b5891f14724b99ad6148cd2bfdf", "http_status": 200, "body": {"accepted": true, "real_timestamp_ms": 1789269094644, "virtual_time_s": 393, "measure_result": "no_signal"}}
2026-09-13 11:11:38,715 INFO request {"path": "/measure", "payload": {"arena_id": "default", "robot_id": "202601002029", "request_id": "3adbf01bfd5447e4aff52e16f158b8a5", "position": {"x": 1130.0, "y": 0.0}, "channel": 17}, "attempt": 1}
2026-09-13 11:11:38,728 INFO response {"request_id": "3adbf01bfd5447e4aff52e16f158b8a5", "http_status": 200, "body": {"accepted": true, "real_timestamp_ms": 1789269094657, "virtual_time_s": 399, "measure_result": "direction", "svd_deg": 321.4}}
2026-09-13 11:11:38,730 INFO request {"path": "/measure", "payload": {"arena_id": "default", "robot_id": "202601002029", "request_id": "bdee3ebdf9134c40a40be6bf91328e65", "position": {"x": 1130.0, "y": 0.0}, "channel": 18}, "attempt": 1}
2026-09-13 11:11:38,732 INFO response {"request_id": "bdee3ebdf9134c40a40be6bf91328e65", "http_status": 200, "body": {"accepted": true, "real_timestamp_ms": 1789269094660, "virtual_time_s": 405, "measure_result": "no_signal"}}
2026-09-13 11:11:38,732 INFO request {"path": "/measure", "payload": {"arena_id": "default", "robot_id": "202601002029", "request_id": "d34ace95c4094444b8e1e3f14ddcb27b", "position": {"x": 1130.0, "y": 0.0}, "channel": 19}, "attempt": 1}
2026-09-13 11:11:38,743 INFO response {"request_id": "d34ace95c4094444b8e1e3f14ddcb27b", "http_status": 200, "body": {"accepted": true, "real_timestamp_ms": 1789269094672, "virtual_time_s": 411, "measure_result": "no_signal"}}
2026-09-13 11:11:38,769 INFO request {"path": "/measure", "payload": {"arena_id": "default", "robot_id": "202601002029", "request_id": "2f524407b9ec472490feb56010892e02", "position": {"x": 1130.0, "y": 0.0}, "channel": 15}, "attempt": 1}
2026-09-13 11:11:38,769 INFO response {"request_id": "2f524407b9ec472490feb56010892e02", "http_status": 200, "body": {"accepted": true, "real_timestamp_ms": 1789269094699, "virtual_time_s": 417, "measure_result": "direction", "svd_deg": 207.23}}
2026-09-13 11:11:38,787 INFO request {"path": "/measure", "payload": {"arena_id": "default", "robot_id": "202601002029", "request_id": "ac9a88cc54004b3cba4f9a919269888b", "position": {"x": 1130.0, "y": 0.0}, "channel": 11}, "attempt": 1}
2026-09-13 11:11:38,805 INFO response {"request_id": "ac9a88cc54004b3cba4f9a919269888b", "http_status": 200, "body": {"accepted": true, "real_timestamp_ms": 1789269094733, "virtual_time_s": 423, "measure_result": "direction", "svd_deg": 227.76}}
2026-09-13 11:11:38,808 INFO request {"path": "/measure", "payload": {"arena_id": "default", "robot_id": "202601002029", "request_id": "7e1a3f7f43f74f1fa615d511090987e2", "position": {"x": 565.0000000000001, "y": 978.6087062764157}, "channel": 2}, "attempt": 1}
2026-09-13 11:11:38,809 INFO response {"request_id": "7e1a3f7f43f74f1fa615d511090987e2", "http_status": 200, "body": {"accepted": true, "real_timestamp_ms": 1789269094738, "virtual_time_s": 655, "measure_result": "no_signal"}}
2026-09-13 11:11:38,809 INFO request {"path": "/measure", "payload": {"arena_id": "default", "robot_id": "202601002029", "request_id": "d2db64f801f3420da5e3254e95562af1", "position": {"x": 565.0000000000001, "y": 978.6087062764157}, "channel": 6}, "attempt": 1}
2026-09-13 11:11:38,820 INFO response {"request_id": "d2db64f801f3420da5e3254e95562af1", "http_status": 200, "body": {"accepted": true, "real_timestamp_ms": 1789269094749, "virtual_time_s": 661, "measure_result": "no_signal"}}
2026-09-13 11:11:38,821 INFO request {"path": "/measure", "payload": {"arena_id": "default", "robot_id": "202601002029", "request_id": "02ab8595ea8849bb936fb1cc5a47d34c", "position": {"x": 565.0000000000001, "y": 978.6087062764157}, "channel": 7}, "attempt": 1}
2026-09-13 11:11:38,821 INFO response {"request_id": "02ab8595ea8849bb936fb1cc5a47d34c", "http_status": 200, "body": {"accepted": true, "real_timestamp_ms": 1789269094750, "virtual_time_s": 667, "measure_result": "no_signal"}}
2026-09-13 11:11:38,822 INFO request {"path": "/measure", "payload": {"arena_id": "default", "robot_id": "202601002029", "request_id": "fff4cd49974849f8a2dc35b6e4ad60bf", "position": {"x": 565.0000000000001, "y": 978.6087062764157}, "channel": 9}, "attempt": 1}
2026-09-13 11:11:38,835 INFO response {"request_id": "fff4cd49974849f8a2dc35b6e4ad60bf", "http_status": 200, "body": {"accepted": true, "real_timestamp_ms": 1789269094764, "virtual_time_s": 673, "measure_result": "no_signal"}}
2026-09-13 11:11:38,836 INFO request {"path": "/measure", "payload": {"arena_id": "default", "robot_id": "202601002029", "request_id": "22482eed5f0a43c78c9da34d71d79c67", "position": {"x": 565.0000000000001, "y": 978.6087062764157}, "channel": 10}, "attempt": 1}
2026-09-13 11:11:38,837 INFO response {"request_id": "22482eed5f0a43c78c9da34d71d79c67", "http_status": 200, "body": {"accepted": true, "real_timestamp_ms": 1789269094765, "virtual_time_s": 679, "measure_result": "no_signal"}}
2026-09-13 11:11:38,837 INFO request {"path": "/measure", "payload": {"arena_id": "default", "robot_id": "202601002029", "request_id": "dcf9c2b3ccf74ad3b90540c7ad837747", "position": {"x": 565.0000000000001, "y": 978.6087062764157}, "channel": 12}, "attempt": 1}
2026-09-13 11:11:38,838 INFO response {"request_id": "dcf9c2b3ccf74ad3b90540c7ad837747", "http_status": 200, "body": {"accepted": true, "real_timestamp_ms": 1789269094766, "virtual_time_s": 685, "measure_result": "direction", "svd_deg": 133.76}}
2026-09-13 11:11:38,840 INFO request {"path": "/measure", "payload": {"arena_id": "default", "robot_id": "202601002029", "request_id": "61c6f857dbd444368d56ad67e94b31a7", "position": {"x": 565.0000000000001, "y": 978.6087062764157}, "channel": 16}, "attempt": 1}
2026-09-13 11:11:38,851 INFO response {"request_id": "61c6f857dbd444368d56ad67e94b31a7", "http_status": 200, "body": {"accepted": true, "real_timestamp_ms": 1789269094780, "virtual_time_s": 691, "measure_result": "no_signal"}}
2026-09-13 11:11:38,851 INFO request {"path": "/measure", "payload": {"arena_id": "default", "robot_id": "202601002029", "request_id": "1eb3a1391f824149ab6f06d016311d83", "position": {"x": 565.0000000000001, "y": 978.6087062764157}, "channel": 18}, "attempt": 1}
2026-09-13 11:11:38,852 INFO response {"request_id": "1eb3a1391f824149ab6f06d016311d83", "http_status": 200, "body": {"accepted": true, "real_timestamp_ms": 1789269094781, "virtual_time_s": 697, "measure_result": "no_signal"}}
2026-09-13 11:11:38,852 INFO request {"path": "/measure", "payload": {"arena_id": "default", "robot_id": "202601002029", "request_id": "97681ed451024ac6b0d66fdacadafd3a", "position": {"x": 565.0000000000001, "y": 978.6087062764157}, "channel": 19}, "attempt": 1}
2026-09-13 11:11:38,853 INFO response {"request_id": "97681ed451024ac6b0d66fdacadafd3a", "http_status": 200, "body": {"accepted": true, "real_timestamp_ms": 1789269094782, "virtual_time_s": 703, "measure_result": "direction", "svd_deg": 139.29}}
2026-09-13 11:11:38,913 INFO request {"path": "/measure", "payload": {"arena_id": "default", "robot_id": "202601002029", "request_id": "353b9c3a666e4cad8a1c20f1ac4c9731", "position": {"x": 565.0000000000001, "y": 978.6087062764157}, "channel": 3}, "attempt": 1}
2026-09-13 11:11:38,929 INFO response {"request_id": "353b9c3a666e4cad8a1c20f1ac4c9731", "http_status": 200, "body": {"accepted": true, "real_timestamp_ms": 1789269094858, "virtual_time_s": 709, "measure_result": "direction", "svd_deg": 185.88}}
2026-09-13 11:11:38,967 INFO request {"path": "/measure", "payload": {"arena_id": "default", "robot_id": "202601002029", "request_id": "87b7b92af10943daaa3527c14a845b9e", "position": {"x": 565.0000000000001, "y": 978.6087062764157}, "channel": 8}, "attempt": 1}
2026-09-13 11:11:38,991 INFO response {"request_id": "87b7b92af10943daaa3527c14a845b9e", "http_status": 200, "body": {"accepted": true, "real_timestamp_ms": 1789269094920, "virtual_time_s": 715, "measure_result": "direction", "svd_deg": 182.25}}
2026-09-13 11:11:38,997 INFO request {"path": "/measure", "payload": {"arena_id": "default", "robot_id": "202601002029", "request_id": "ee656242ba72497d8c980f896073d226", "position": {"x": -564.9999999999998, "y": 978.6087062764158}, "channel": 2}, "attempt": 1}
2026-09-13 11:11:38,999 INFO response {"request_id": "ee656242ba72497d8c980f896073d226", "http_status": 200, "body": {"accepted": true, "real_timestamp_ms": 1789269094927, "virtual_time_s": 947, "measure_result": "no_signal"}}
2026-09-13 11:11:38,999 INFO request {"path": "/measure", "payload": {"arena_id": "default", "robot_id": "202601002029", "request_id": "a1b07ab62c7346fdb7796a7d43a2f7c6", "position": {"x": -564.9999999999998, "y": 978.6087062764158}, "channel": 6}, "attempt": 1}
2026-09-13 11:11:39,023 INFO response {"request_id": "a1b07ab62c7346fdb7796a7d43a2f7c6", "http_status": 200, "body": {"accepted": true, "real_timestamp_ms": 1789269094951, "virtual_time_s": 953, "measure_result": "no_signal"}}
2026-09-13 11:11:39,023 INFO request {"path": "/measure", "payload": {"arena_id": "default", "robot_id": "202601002029", "request_id": "c67e2a900ba6463a919b75f16e2a254f", "position": {"x": -564.9999999999998, "y": 978.6087062764158}, "channel": 7}, "attempt": 1}
2026-09-13 11:11:39,040 INFO response {"request_id": "c67e2a900ba6463a919b75f16e2a254f", "http_status": 200, "body": {"accepted": true, "real_timestamp_ms": 1789269094968, "virtual_time_s": 959, "measure_result": "no_signal"}}
2026-09-13 11:11:39,040 INFO request {"path": "/measure", "payload": {"arena_id": "default", "robot_id": "202601002029", "request_id": "8c75121396da4921a699320681ad86fd", "position": {"x": -564.9999999999998, "y": 978.6087062764158}, "channel": 9}, "attempt": 1}
2026-09-13 11:11:39,043 INFO response {"request_id": "8c75121396da4921a699320681ad86fd", "http_status": 200, "body": {"accepted": true, "real_timestamp_ms": 1789269094971, "virtual_time_s": 965, "measure_result": "no_signal"}}
2026-09-13 11:11:39,043 INFO request {"path": "/measure", "payload": {"arena_id": "default", "robot_id": "202601002029", "request_id": "fe310610cbc7476b8243a4a3817b1270", "position": {"x": -564.9999999999998, "y": 978.6087062764158}, "channel": 10}, "attempt": 1}
2026-09-13 11:11:39,045 INFO response {"request_id": "fe310610cbc7476b8243a4a3817b1270", "http_status": 200, "body": {"accepted": true, "real_timestamp_ms": 1789269094974, "virtual_time_s": 971, "measure_result": "no_signal"}}
2026-09-13 11:11:39,045 INFO request {"path": "/measure", "payload": {"arena_id": "default", "robot_id": "202601002029", "request_id": "0c0ae01769944bfca851900f36ce4ff4", "position": {"x": -564.9999999999998, "y": 978.6087062764158}, "channel": 16}, "attempt": 1}
2026-09-13 11:11:39,070 INFO response {"request_id": "0c0ae01769944bfca851900f36ce4ff4", "http_status": 200, "body": {"accepted": true, "real_timestamp_ms": 1789269094999, "virtual_time_s": 977, "measure_result": "no_signal"}}
2026-09-13 11:11:39,071 INFO request {"path": "/measure", "payload": {"arena_id": "default", "robot_id": "202601002029", "request_id": "cf010e1d92b641e89d0c5f95c0244e8c", "position": {"x": -564.9999999999998, "y": 978.6087062764158}, "channel": 18}, "attempt": 1}
2026-09-13 11:11:39,088 INFO response {"request_id": "cf010e1d92b641e89d0c5f95c0244e8c", "http_status": 200, "body": {"accepted": true, "real_timestamp_ms": 1789269095016, "virtual_time_s": 983, "measure_result": "no_signal"}}
2026-09-13 11:11:39,170 INFO request {"path": "/measure", "payload": {"arena_id": "default", "robot_id": "202601002029", "request_id": "a264c264b07b486b8f3cf15159072c14", "position": {"x": -564.9999999999998, "y": 978.6087062764158}, "channel": 1}, "attempt": 1}
2026-09-13 11:11:39,194 INFO response {"request_id": "a264c264b07b486b8f3cf15159072c14", "http_status": 200, "body": {"accepted": true, "real_timestamp_ms": 1789269095123, "virtual_time_s": 989, "measure_result": "direction", "svd_deg": 52.99}}
2026-09-13 11:11:39,245 INFO request {"path": "/measure", "payload": {"arena_id": "default", "robot_id": "202601002029", "request_id": "41fae1c4b33f42a591718b7fa2436483", "position": {"x": -564.9999999999998, "y": 978.6087062764158}, "channel": 20}, "attempt": 1}
2026-09-13 11:11:39,247 INFO response {"request_id": "41fae1c4b33f42a591718b7fa2436483", "http_status": 200, "body": {"accepted": true, "real_timestamp_ms": 1789269095176, "virtual_time_s": 995, "measure_result": "direction", "svd_deg": 303.99}}
2026-09-13 11:11:39,251 INFO request {"path": "/measure", "payload": {"arena_id": "default", "robot_id": "202601002029", "request_id": "5180ed5143cd46349d087b730295f782", "position": {"x": -1130.0, "y": 1.3838508830365092e-13}, "channel": 2}, "attempt": 1}
2026-09-13 11:11:39,253 INFO response {"request_id": "5180ed5143cd46349d087b730295f782", "http_status": 200, "body": {"accepted": true, "real_timestamp_ms": 1789269095181, "virtual_time_s": 1227, "measure_result": "no_signal"}}
2026-09-13 11:11:39,253 INFO request {"path": "/measure", "payload": {"arena_id": "default", "robot_id": "202601002029", "request_id": "c3f128e6109a4dd089f112abfc8ad992", "position": {"x": -1130.0, "y": 1.3838508830365092e-13}, "channel": 6}, "attempt": 1}
2026-09-13 11:11:39,253 INFO response {"request_id": "c3f128e6109a4dd089f112abfc8ad992", "http_status": 200, "body": {"accepted": true, "real_timestamp_ms": 1789269095182, "virtual_time_s": 1233, "measure_result": "no_signal"}}
2026-09-13 11:11:39,254 INFO request {"path": "/measure", "payload": {"arena_id": "default", "robot_id": "202601002029", "request_id": "1327245b3db34fe08aff2be9ae1e6986", "position": {"x": -1130.0, "y": 1.3838508830365092e-13}, "channel": 7}, "attempt": 1}
2026-09-13 11:11:39,254 INFO response {"request_id": "1327245b3db34fe08aff2be9ae1e6986", "http_status": 200, "body": {"accepted": true, "real_timestamp_ms": 1789269095183, "virtual_time_s": 1239, "measure_result": "no_signal"}}
2026-09-13 11:11:39,254 INFO request {"path": "/measure", "payload": {"arena_id": "default", "robot_id": "202601002029", "request_id": "64e66dcc283e4920af90533f8a65484f", "position": {"x": -1130.0, "y": 1.3838508830365092e-13}, "channel": 9}, "attempt": 1}
2026-09-13 11:11:39,255 INFO response {"request_id": "64e66dcc283e4920af90533f8a65484f", "http_status": 200, "body": {"accepted": true, "real_timestamp_ms": 1789269095184, "virtual_time_s": 1245, "measure_result": "no_signal"}}
2026-09-13 11:11:39,255 INFO request {"path": "/measure", "payload": {"arena_id": "default", "robot_id": "202601002029", "request_id": "e1f0d958962b49c7b5fc22f81b4d4300", "position": {"x": -1130.0, "y": 1.3838508830365092e-13}, "channel": 10}, "attempt": 1}
2026-09-13 11:11:39,255 INFO response {"request_id": "e1f0d958962b49c7b5fc22f81b4d4300", "http_status": 200, "body": {"accepted": true, "real_timestamp_ms": 1789269095185, "virtual_time_s": 1251, "measure_result": "no_signal"}}
2026-09-13 11:11:39,256 INFO request {"path": "/measure", "payload": {"arena_id": "default", "robot_id": "202601002029", "request_id": "f3315967cc39432c97ecb3d67915373b", "position": {"x": -1130.0, "y": 1.3838508830365092e-13}, "channel": 16}, "attempt": 1}
2026-09-13 11:11:39,257 INFO response {"request_id": "f3315967cc39432c97ecb3d67915373b", "http_status": 200, "body": {"accepted": true, "real_timestamp_ms": 1789269095186, "virtual_time_s": 1257, "measure_result": "direction", "svd_deg": 265.67}}
2026-09-13 11:11:39,260 INFO request {"path": "/measure", "payload": {"arena_id": "default", "robot_id": "202601002029", "request_id": "514f4dfd369c42eeaf891d6f567336f8", "position": {"x": -1130.0, "y": 1.3838508830365092e-13}, "channel": 18}, "attempt": 1}
2026-09-13 11:11:39,262 INFO response {"request_id": "514f4dfd369c42eeaf891d6f567336f8", "http_status": 200, "body": {"accepted": true, "real_timestamp_ms": 1789269095190, "virtual_time_s": 1263, "measure_result": "no_signal"}}
2026-09-13 11:11:39,266 INFO request {"path": "/measure", "payload": {"arena_id": "default", "robot_id": "202601002029", "request_id": "a9558a0f4940486480136315cec0a2f7", "position": {"x": -565.0000000000005, "y": -978.6087062764154}, "channel": 18}, "attempt": 1}
2026-09-13 11:11:39,267 INFO response {"request_id": "a9558a0f4940486480136315cec0a2f7", "http_status": 200, "body": {"accepted": true, "real_timestamp_ms": 1789269095196, "virtual_time_s": 1494, "measure_result": "no_signal"}}
2026-09-13 11:11:39,267 INFO request {"path": "/measure", "payload": {"arena_id": "default", "robot_id": "202601002029", "request_id": "acd8a1d528e4404da09868802efb801b", "position": {"x": -565.0000000000005, "y": -978.6087062764154}, "channel": 2}, "attempt": 1}
2026-09-13 11:11:39,268 INFO response {"request_id": "acd8a1d528e4404da09868802efb801b", "http_status": 200, "body": {"accepted": true, "real_timestamp_ms": 1789269095197, "virtual_time_s": 1500, "measure_result": "no_signal"}}
2026-09-13 11:11:39,268 INFO request {"path": "/measure", "payload": {"arena_id": "default", "robot_id": "202601002029", "request_id": "d1a07485e85d4d2d9054322922eadb75", "position": {"x": -565.0000000000005, "y": -978.6087062764154}, "channel": 6}, "attempt": 1}
2026-09-13 11:11:39,270 INFO response {"request_id": "d1a07485e85d4d2d9054322922eadb75", "http_status": 200, "body": {"accepted": true, "real_timestamp_ms": 1789269095198, "virtual_time_s": 1506, "measure_result": "no_signal"}}
2026-09-13 11:11:39,270 INFO request {"path": "/measure", "payload": {"arena_id": "default", "robot_id": "202601002029", "request_id": "7bf5f87385374fadbe62284c8068a3c5", "position": {"x": -565.0000000000005, "y": -978.6087062764154}, "channel": 7}, "attempt": 1}
2026-09-13 11:11:39,288 INFO response {"request_id": "7bf5f87385374fadbe62284c8068a3c5", "http_status": 200, "body": {"accepted": true, "real_timestamp_ms": 1789269095217, "virtual_time_s": 1512, "measure_result": "no_signal"}}
2026-09-13 11:11:39,288 INFO request {"path": "/measure", "payload": {"arena_id": "default", "robot_id": "202601002029", "request_id": "5b01f6b842a04d8db38f78b1370f85d6", "position": {"x": -565.0000000000005, "y": -978.6087062764154}, "channel": 9}, "attempt": 1}
2026-09-13 11:11:39,303 INFO response {"request_id": "5b01f6b842a04d8db38f78b1370f85d6", "http_status": 200, "body": {"accepted": true, "real_timestamp_ms": 1789269095232, "virtual_time_s": 1518, "measure_result": "no_signal"}}
2026-09-13 11:11:39,303 INFO request {"path": "/measure", "payload": {"arena_id": "default", "robot_id": "202601002029", "request_id": "3d19187373b746b2b1ca5d477e66a32b", "position": {"x": -565.0000000000005, "y": -978.6087062764154}, "channel": 10}, "attempt": 1}
2026-09-13 11:11:39,305 INFO response {"request_id": "3d19187373b746b2b1ca5d477e66a32b", "http_status": 200, "body": {"accepted": true, "real_timestamp_ms": 1789269095233, "virtual_time_s": 1524, "measure_result": "no_signal"}}
2026-09-13 11:11:39,343 INFO request {"path": "/measure", "payload": {"arena_id": "default", "robot_id": "202601002029", "request_id": "3a6de162dad8488ba656b77d0f5acdb4", "position": {"x": -565.0000000000005, "y": -978.6087062764154}, "channel": 14}, "attempt": 1}
2026-09-13 11:11:39,367 INFO response {"request_id": "3a6de162dad8488ba656b77d0f5acdb4", "http_status": 200, "body": {"accepted": true, "real_timestamp_ms": 1789269095295, "virtual_time_s": 1530, "measure_result": "direction", "svd_deg": 357.19}}
2026-09-13 11:11:39,396 INFO request {"path": "/measure", "payload": {"arena_id": "default", "robot_id": "202601002029", "request_id": "9fed2580949c4d78ab4e1db8420f365e", "position": {"x": -565.0000000000005, "y": -978.6087062764154}, "channel": 4}, "attempt": 1}
2026-09-13 11:11:39,398 INFO response {"request_id": "9fed2580949c4d78ab4e1db8420f365e", "http_status": 200, "body": {"accepted": true, "real_timestamp_ms": 1789269095327, "virtual_time_s": 1536, "measure_result": "direction", "svd_deg": 329.57}}
2026-09-13 11:11:39,400 INFO request {"path": "/measure", "payload": {"arena_id": "default", "robot_id": "202601002029", "request_id": "09efbebde53143adb66ef3b62bb2252d", "position": {"x": 565.0000000000001, "y": -978.6087062764157}, "channel": 2}, "attempt": 1}
2026-09-13 11:11:39,402 INFO response {"request_id": "09efbebde53143adb66ef3b62bb2252d", "http_status": 200, "body": {"accepted": true, "real_timestamp_ms": 1789269095331, "virtual_time_s": 1768, "measure_result": "no_signal"}}
2026-09-13 11:11:39,402 INFO request {"path": "/measure", "payload": {"arena_id": "default", "robot_id": "202601002029", "request_id": "2954b532887e4484af8409a9d6702007", "position": {"x": 565.0000000000001, "y": -978.6087062764157}, "channel": 6}, "attempt": 1}
2026-09-13 11:11:39,403 INFO response {"request_id": "2954b532887e4484af8409a9d6702007", "http_status": 200, "body": {"accepted": true, "real_timestamp_ms": 1789269095332, "virtual_time_s": 1774, "measure_result": "no_signal"}}
2026-09-13 11:11:39,403 INFO request {"path": "/measure", "payload": {"arena_id": "default", "robot_id": "202601002029", "request_id": "b6c4acc67e8d45758520e7027278d526", "position": {"x": 565.0000000000001, "y": -978.6087062764157}, "channel": 7}, "attempt": 1}
2026-09-13 11:11:39,428 INFO response {"request_id": "b6c4acc67e8d45758520e7027278d526", "http_status": 200, "body": {"accepted": true, "real_timestamp_ms": 1789269095356, "virtual_time_s": 1780, "measure_result": "no_signal"}}
2026-09-13 11:11:39,428 INFO request {"path": "/measure", "payload": {"arena_id": "default", "robot_id": "202601002029", "request_id": "7393b763b5b44662a5a91f2ecbb6cc8b", "position": {"x": 565.0000000000001, "y": -978.6087062764157}, "channel": 9}, "attempt": 1}
2026-09-13 11:11:39,442 INFO response {"request_id": "7393b763b5b44662a5a91f2ecbb6cc8b", "http_status": 200, "body": {"accepted": true, "real_timestamp_ms": 1789269095371, "virtual_time_s": 1786, "measure_result": "no_signal"}}
2026-09-13 11:11:39,443 INFO request {"path": "/measure", "payload": {"arena_id": "default", "robot_id": "202601002029", "request_id": "0884c98dbc8c4db4b6b62953da831abd", "position": {"x": 565.0000000000001, "y": -978.6087062764157}, "channel": 10}, "attempt": 1}
2026-09-13 11:11:39,458 INFO response {"request_id": "0884c98dbc8c4db4b6b62953da831abd", "http_status": 200, "body": {"accepted": true, "real_timestamp_ms": 1789269095387, "virtual_time_s": 1792, "measure_result": "no_signal"}}
2026-09-13 11:11:39,459 INFO request {"path": "/measure", "payload": {"arena_id": "default", "robot_id": "202601002029", "request_id": "f3a7d2816b2c45c39e766102b05c702d", "position": {"x": 565.0000000000001, "y": -978.6087062764157}, "channel": 18}, "attempt": 1}
2026-09-13 11:11:39,475 INFO response {"request_id": "f3a7d2816b2c45c39e766102b05c702d", "http_status": 200, "body": {"accepted": true, "real_timestamp_ms": 1789269095402, "virtual_time_s": 1798, "measure_result": "no_signal"}}
2026-09-13 11:11:39,551 INFO request {"path": "/measure", "payload": {"arena_id": "default", "robot_id": "202601002029", "request_id": "87b7610064b546659c95c32eb8699ac6", "position": {"x": 565.0000000000001, "y": -978.6087062764157}, "channel": 15}, "attempt": 1}
2026-09-13 11:11:39,552 INFO response {"request_id": "87b7610064b546659c95c32eb8699ac6", "http_status": 200, "body": {"accepted": true, "real_timestamp_ms": 1789269095481, "virtual_time_s": 1804, "measure_result": "direction", "svd_deg": 101.76}}
2026-09-13 11:11:39,587 INFO request {"path": "/measure", "payload": {"arena_id": "default", "robot_id": "202601002029", "request_id": "a2ad3b2970ef49d290b8620950817ecf", "position": {"x": 565.0000000000001, "y": -978.6087062764157}, "channel": 14}, "attempt": 1}
2026-09-13 11:11:39,599 INFO response {"request_id": "a2ad3b2970ef49d290b8620950817ecf", "http_status": 200, "body": {"accepted": true, "real_timestamp_ms": 1789269095527, "virtual_time_s": 1810, "measure_result": "direction", "svd_deg": 184.41}}
2026-09-13 11:11:48,499 INFO request {"path": "/measure", "payload": {"arena_id": "default", "robot_id": "202601002029", "request_id": "6450fb040f0f43c096ba44033f8c85b2", "position": {"x": 618.7099383274981, "y": -865.6344156608577}, "channel": 11}, "attempt": 1}
2026-09-13 11:11:48,501 INFO response {"request_id": "6450fb040f0f43c096ba44033f8c85b2", "http_status": 200, "body": {"accepted": true, "real_timestamp_ms": 1789269104429, "virtual_time_s": 1841.018352, "measure_result": "direction", "svd_deg": 69.26}}
2026-09-13 11:11:48,540 INFO request {"path": "/measure", "payload": {"arena_id": "default", "robot_id": "202601002029", "request_id": "e2d1b271d2ce4130a1e336badbec773e", "position": {"x": 618.7099383274981, "y": -865.6344156608577}, "channel": 4}, "attempt": 1}
2026-09-13 11:11:48,557 INFO response {"request_id": "e2d1b271d2ce4130a1e336badbec773e", "http_status": 200, "body": {"accepted": true, "real_timestamp_ms": 1789269104486, "virtual_time_s": 1847.018352, "measure_result": "direction", "svd_deg": 203.35}}
2026-09-13 11:11:48,574 INFO request {"path": "/measure", "payload": {"arena_id": "default", "robot_id": "202601002029", "request_id": "5c2e032895e54e3984a8e5200b6a06e1", "position": {"x": 618.7099383274981, "y": -865.6344156608577}, "channel": 17}, "attempt": 1}
2026-09-13 11:11:48,576 INFO response {"request_id": "5c2e032895e54e3984a8e5200b6a06e1", "http_status": 200, "body": {"accepted": true, "real_timestamp_ms": 1789269104504, "virtual_time_s": 1853.018352, "measure_result": "direction", "svd_deg": 30.15}}
2026-09-13 11:11:49,458 INFO request {"path": "/measure", "payload": {"arena_id": "default", "robot_id": "202601002029", "request_id": "2805f0feeb1a436192042439d09f5dd9", "position": {"x": 1040.2787939337738, "y": -593.2538286282035}, "channel": 17}, "attempt": 1}
2026-09-13 11:11:49,483 INFO response {"request_id": "2805f0feeb1a436192042439d09f5dd9", "http_status": 200, "body": {"accepted": true, "real_timestamp_ms": 1789269105411, "virtual_time_s": 1958.399921, "measure_result": "direction", "svd_deg": 26.69}}
2026-09-13 11:11:49,496 INFO request {"path": "/measure", "payload": {"arena_id": "default", "robot_id": "202601002029", "request_id": "d91e0881672b469fa8f4ee9d11bfd56a", "position": {"x": 1040.2787939337738, "y": -593.2538286282035}, "channel": 5}, "attempt": 1}
2026-09-13 11:11:49,497 INFO response {"request_id": "d91e0881672b469fa8f4ee9d11bfd56a", "http_status": 200, "body": {"accepted": true, "real_timestamp_ms": 1789269105426, "virtual_time_s": 1964.399921, "measure_result": "direction", "svd_deg": 181.4}}
2026-09-13 11:11:50,194 INFO request {"path": "/clear", "payload": {"arena_id": "default", "robot_id": "202601002029", "request_id": "117dd91a823042b89f3022a953b05eb2", "position": {"x": 834.9058974279427, "y": -313.8039945431053}, "channel": 11}, "attempt": 1}
2026-09-13 11:11:50,216 INFO response {"request_id": "117dd91a823042b89f3022a953b05eb2", "http_status": 200, "body": {"accepted": true, "real_timestamp_ms": 1789269106144, "virtual_time_s": 2038.75992, "clear_result": "success"}}
2026-09-13 11:11:50,245 INFO request {"path": "/measure", "payload": {"arena_id": "default", "robot_id": "202601002029", "request_id": "1c270d63bbdd40979043beb0eefcb685", "position": {"x": 834.9058974279427, "y": -313.8039945431053}, "channel": 5}, "attempt": 1}
2026-09-13 11:11:50,247 INFO response {"request_id": "1c270d63bbdd40979043beb0eefcb685", "http_status": 200, "body": {"accepted": true, "real_timestamp_ms": 1789269106176, "virtual_time_s": 2043.75992, "measure_result": "direction", "svd_deg": 211.65}}
2026-09-13 11:11:50,261 INFO request {"path": "/measure", "payload": {"arena_id": "default", "robot_id": "202601002029", "request_id": "3a8b45e1603f4dd9b2e0ec82ca1ddd07", "position": {"x": 834.9058974279427, "y": -313.8039945431053}, "channel": 20}, "attempt": 1}
2026-09-13 11:11:50,279 INFO response {"request_id": "3a8b45e1603f4dd9b2e0ec82ca1ddd07", "http_status": 200, "body": {"accepted": true, "real_timestamp_ms": 1789269106208, "virtual_time_s": 2049.75992, "measure_result": "direction", "svd_deg": 151.49}}
2026-09-13 11:11:50,966 INFO request {"path": "/clear", "payload": {"arena_id": "default", "robot_id": "202601002029", "request_id": "95a50b8aee8b431c80427f8324d4a5a6", "position": {"x": 437.0658371689938, "y": -354.79153997168754}, "channel": 15}, "attempt": 1}
2026-09-13 11:11:50,980 INFO response {"request_id": "95a50b8aee8b431c80427f8324d4a5a6", "http_status": 200, "body": {"accepted": true, "real_timestamp_ms": 1789269106908, "virtual_time_s": 2134.749092, "clear_result": "success"}}
2026-09-13 11:11:50,983 INFO request {"path": "/clear", "payload": {"arena_id": "default", "robot_id": "202601002029", "request_id": "7282d7157a704b2886e987cd8e021ba6", "position": {"x": 368.65968666427176, "y": -601.4865770570664}, "channel": 5}, "attempt": 1}
2026-09-13 11:11:50,984 INFO response {"request_id": "7282d7157a704b2886e987cd8e021ba6", "http_status": 200, "body": {"accepted": true, "real_timestamp_ms": 1789269106913, "virtual_time_s": 2190.949812, "clear_result": "success"}}
2026-09-13 11:11:50,986 INFO request {"path": "/clear", "payload": {"arena_id": "default", "robot_id": "202601002029", "request_id": "64148e31051746c9809373c4715987b9", "position": {"x": 140.62042765068065, "y": -1011.0169799794141}, "channel": 14}, "attempt": 1}
2026-09-13 11:11:51,011 INFO response {"request_id": "64148e31051746c9809373c4715987b9", "http_status": 200, "body": {"accepted": true, "real_timestamp_ms": 1789269106939, "virtual_time_s": 2289.697784, "clear_result": "success"}}
2026-09-13 11:11:51,013 INFO request {"path": "/clear", "payload": {"arena_id": "default", "robot_id": "202601002029", "request_id": "9eb19d4f4f594760a4a82e5bebc60de4", "position": {"x": -187.72726435842833, "y": -1203.9060285401213}, "channel": 4}, "attempt": 1}
2026-09-13 11:11:51,026 INFO response {"request_id": "9eb19d4f4f594760a4a82e5bebc60de4", "http_status": 200, "body": {"accepted": true, "real_timestamp_ms": 1789269106955, "virtual_time_s": 2370.860345, "clear_result": "success"}}
2026-09-13 11:11:51,028 INFO request {"path": "/measure", "payload": {"arena_id": "default", "robot_id": "202601002029", "request_id": "759e243890314f3799a9e4bfbfded1a8", "position": {"x": -592.2616715765929, "y": -791.9303429010121}, "channel": 16}, "attempt": 1}
2026-09-13 11:11:51,030 INFO response {"request_id": "759e243890314f3799a9e4bfbfded1a8", "http_status": 200, "body": {"accepted": true, "real_timestamp_ms": 1789269106959, "virtual_time_s": 2492.337105, "measure_result": "direction", "svd_deg": 189.94}}
2026-09-13 11:11:51,905 INFO request {"path": "/measure", "payload": {"arena_id": "default", "robot_id": "202601002029", "request_id": "6628cd63896a44e5bdefe177f908d71f", "position": {"x": -796.3406870834021, "y": -897.6121008773054}, "channel": 16}, "attempt": 1}
2026-09-13 11:11:51,931 INFO response {"request_id": "6628cd63896a44e5bdefe177f908d71f", "http_status": 200, "body": {"accepted": true, "real_timestamp_ms": 1789269107859, "virtual_time_s": 2543.300951, "measure_result": "direction", "svd_deg": 179.85}}
2026-09-13 11:11:51,945 INFO request {"path": "/clear", "payload": {"arena_id": "default", "robot_id": "202601002029", "request_id": "5f0a17276677438bb6ae685c2e2c65eb", "position": {"x": -1198.0494648667027, "y": -896.8441394922314}, "channel": 16}, "attempt": 1}
2026-09-13 11:11:51,947 INFO response {"request_id": "5f0a17276677438bb6ae685c2e2c65eb", "http_status": 200, "body": {"accepted": true, "real_timestamp_ms": 1789269107875, "virtual_time_s": 2628.642853, "clear_result": "success"}}
2026-09-13 11:11:51,950 INFO request {"path": "/measure", "payload": {"arena_id": "default", "robot_id": "202601002029", "request_id": "44b43d135eab4774a13a52ade5dc808b", "position": {"x": -283.33537618142105, "y": -142.2902415307955}, "channel": 20}, "attempt": 1}
2026-09-13 11:11:51,978 INFO response {"request_id": "44b43d135eab4774a13a52ade5dc808b", "http_status": 200, "body": {"accepted": true, "real_timestamp_ms": 1789269107907, "virtual_time_s": 2871.797102, "measure_result": "direction", "svd_deg": 45.61}}
2026-09-13 11:11:52,014 INFO request {"path": "/measure", "payload": {"arena_id": "default", "robot_id": "202601002029", "request_id": "ff561c0f8bd44ac4ac2bace03a614b26", "position": {"x": -283.33537618142105, "y": -142.2902415307955}, "channel": 8}, "attempt": 1}
2026-09-13 11:11:52,016 INFO response {"request_id": "ff561c0f8bd44ac4ac2bace03a614b26", "http_status": 200, "body": {"accepted": true, "real_timestamp_ms": 1789269107945, "virtual_time_s": 2877.797102, "measure_result": "direction", "svd_deg": 90.66}}
2026-09-13 11:11:52,030 INFO request {"path": "/measure", "payload": {"arena_id": "default", "robot_id": "202601002029", "request_id": "43db885aa3ee40f285e9f3f777941b62", "position": {"x": -283.33537618142105, "y": -142.2902415307955}, "channel": 3}, "attempt": 1}
2026-09-13 11:11:52,056 INFO response {"request_id": "43db885aa3ee40f285e9f3f777941b62", "http_status": 200, "body": {"accepted": true, "real_timestamp_ms": 1789269107985, "virtual_time_s": 2883.797102, "measure_result": "direction", "svd_deg": 90.47}}
2026-09-13 11:11:53,695 INFO request {"path": "/clear", "payload": {"arena_id": "default", "robot_id": "202601002029", "request_id": "f44aacf034d54fb2a9afd93676586fa8", "position": {"x": -1.1157209878791283, "y": 146.25203456834055}, "channel": 20}, "attempt": 1}
2026-09-13 11:11:53,717 INFO response {"request_id": "f44aacf034d54fb2a9afd93676586fa8", "http_status": 200, "body": {"accepted": true, "real_timestamp_ms": 1789269109645, "virtual_time_s": 2969.519981, "clear_result": "success"}}
2026-09-13 11:11:53,770 INFO request {"path": "/measure", "payload": {"arena_id": "default", "robot_id": "202601002029", "request_id": "ff54c4e6ec84465280b61372a532a241", "position": {"x": -1.1157209878791283, "y": 146.25203456834055}, "channel": 8}, "attempt": 1}
2026-09-13 11:11:53,794 INFO response {"request_id": "ff54c4e6ec84465280b61372a532a241", "http_status": 200, "body": {"accepted": true, "real_timestamp_ms": 1789269109723, "virtual_time_s": 2975.519981, "measure_result": "direction", "svd_deg": 111.3}}
2026-09-13 11:11:53,825 INFO request {"path": "/measure", "payload": {"arena_id": "default", "robot_id": "202601002029", "request_id": "436320369fdf4550b2396f18b9a69a75", "position": {"x": -1.1157209878791283, "y": 146.25203456834055}, "channel": 3}, "attempt": 1}
2026-09-13 11:11:53,841 INFO response {"request_id": "436320369fdf4550b2396f18b9a69a75", "http_status": 200, "body": {"accepted": true, "real_timestamp_ms": 1789269109770, "virtual_time_s": 2981.519981, "measure_result": "direction", "svd_deg": 110.12}}
2026-09-13 11:11:53,853 INFO request {"path": "/clear", "payload": {"arena_id": "default", "robot_id": "202601002029", "request_id": "ebe27f769d5e4865b8aa19d4c719d6e6", "position": {"x": -284.0967396240694, "y": 891.3155363031698}, "channel": 3}, "attempt": 1}
2026-09-13 11:11:53,874 INFO response {"request_id": "ebe27f769d5e4865b8aa19d4c719d6e6", "http_status": 200, "body": {"accepted": true, "real_timestamp_ms": 1789269109802, "virtual_time_s": 3145.918586, "clear_result": "success"}}
2026-09-13 11:11:53,909 INFO request {"path": "/measure", "payload": {"arena_id": "default", "robot_id": "202601002029", "request_id": "c5bd03ae80074fe4bbc7e636d8290f25", "position": {"x": -284.0967396240694, "y": 891.3155363031698}, "channel": 19}, "attempt": 1}
2026-09-13 11:11:53,935 INFO response {"request_id": "c5bd03ae80074fe4bbc7e636d8290f25", "http_status": 200, "body": {"accepted": true, "real_timestamp_ms": 1789269109863, "virtual_time_s": 3151.918586, "measure_result": "direction", "svd_deg": 76.35}}
2026-09-13 11:11:53,947 INFO request {"path": "/measure", "payload": {"arena_id": "default", "robot_id": "202601002029", "request_id": "1abf09f348e7423bb0a2c8770d5ec248", "position": {"x": -284.0967396240694, "y": 891.3155363031698}, "channel": 12}, "attempt": 1}
2026-09-13 11:11:53,966 INFO response {"request_id": "1abf09f348e7423bb0a2c8770d5ec248", "http_status": 200, "body": {"accepted": true, "real_timestamp_ms": 1789269109895, "virtual_time_s": 3157.918586, "measure_result": "direction", "svd_deg": 64.86}}
2026-09-13 11:11:55,732 INFO request {"path": "/clear", "payload": {"arena_id": "default", "robot_id": "202601002029", "request_id": "905185d37d6d43a2bb431c49dcbd501b", "position": {"x": -303.1478975157039, "y": 944.7004709192958}, "channel": 8}, "attempt": 1}
2026-09-13 11:11:55,747 INFO response {"request_id": "905185d37d6d43a2bb431c49dcbd501b", "http_status": 200, "body": {"accepted": true, "real_timestamp_ms": 1789269111675, "virtual_time_s": 3174.255072, "clear_result": "success"}}
2026-09-13 11:11:55,794 INFO request {"path": "/measure", "payload": {"arena_id": "default", "robot_id": "202601002029", "request_id": "05043388ef414f5cb88e10ed79d72f04", "position": {"x": -303.1478975157039, "y": 944.7004709192958}, "channel": 12}, "attempt": 1}
2026-09-13 11:11:55,809 INFO response {"request_id": "05043388ef414f5cb88e10ed79d72f04", "http_status": 200, "body": {"accepted": true, "real_timestamp_ms": 1789269111737, "virtual_time_s": 3179.255072, "measure_result": "direction", "svd_deg": 61.56}}
2026-09-13 11:11:55,835 INFO request {"path": "/measure", "payload": {"arena_id": "default", "robot_id": "202601002029", "request_id": "43ba3c3ef49e44b3b304e3846d99d48d", "position": {"x": -303.1478975157039, "y": 944.7004709192958}, "channel": 19}, "attempt": 1}
2026-09-13 11:11:55,854 INFO response {"request_id": "43ba3c3ef49e44b3b304e3846d99d48d", "http_status": 200, "body": {"accepted": true, "real_timestamp_ms": 1789269111783, "virtual_time_s": 3185.255072, "measure_result": "direction", "svd_deg": 73.49}}
2026-09-13 11:11:58,046 INFO request {"path": "/measure", "payload": {"arena_id": "default", "robot_id": "202601002029", "request_id": "44ef9965a2c147b780e203dd2971c092", "position": {"x": -339.4756310851448, "y": 1231.3933902395163}, "channel": 19}, "attempt": 1}
2026-09-13 11:11:58,048 INFO response {"request_id": "44ef9965a2c147b780e203dd2971c092", "http_status": 200, "body": {"accepted": true, "real_timestamp_ms": 1789269113976, "virtual_time_s": 3248.052143, "measure_result": "direction", "svd_deg": 56.46}}
2026-09-13 11:11:58,069 INFO request {"path": "/measure", "payload": {"arena_id": "default", "robot_id": "202601002029", "request_id": "6ff8f2e85bcf4829940eb8572f224a4d", "position": {"x": -339.4756310851448, "y": 1231.3933902395163}, "channel": 12}, "attempt": 1}
2026-09-13 11:11:58,070 INFO response {"request_id": "6ff8f2e85bcf4829940eb8572f224a4d", "http_status": 200, "body": {"accepted": true, "real_timestamp_ms": 1789269113999, "virtual_time_s": 3254.052143, "measure_result": "direction", "svd_deg": 42.68}}
2026-09-13 11:11:58,076 INFO request {"path": "/clear", "payload": {"arena_id": "default", "robot_id": "202601002029", "request_id": "f16e03e220e740a1a194ba9489e31690", "position": {"x": -117.80204107713362, "y": 1566.3267465094177}, "channel": 19}, "attempt": 1}
2026-09-13 11:11:58,076 INFO response {"request_id": "f16e03e220e740a1a194ba9489e31690", "http_status": 200, "body": {"accepted": true, "real_timestamp_ms": 1789269114005, "virtual_time_s": 3339.381349, "clear_result": "success"}}
2026-09-13 11:11:58,097 INFO request {"path": "/measure", "payload": {"arena_id": "default", "robot_id": "202601002029", "request_id": "a84bca8d15104b94b13424f20e5a4036", "position": {"x": -117.80204107713362, "y": 1566.3267465094177}, "channel": 1}, "attempt": 1}
2026-09-13 11:11:58,101 INFO response {"request_id": "a84bca8d15104b94b13424f20e5a4036", "http_status": 200, "body": {"accepted": true, "real_timestamp_ms": 1789269114029, "virtual_time_s": 3345.381349, "measure_result": "direction", "svd_deg": 232.2}}
2026-09-13 11:11:58,112 INFO request {"path": "/measure", "payload": {"arena_id": "default", "robot_id": "202601002029", "request_id": "533c0f2955e5463f9e96fb348460078e", "position": {"x": -117.80204107713362, "y": 1566.3267465094177}, "channel": 13}, "attempt": 1}
2026-09-13 11:11:58,114 INFO response {"request_id": "533c0f2955e5463f9e96fb348460078e", "http_status": 200, "body": {"accepted": true, "real_timestamp_ms": 1789269114043, "virtual_time_s": 3351.381349, "measure_result": "no_signal"}}
2026-09-13 11:11:59,413 INFO request {"path": "/measure", "payload": {"arena_id": "default", "robot_id": "202601002029", "request_id": "db8f6f8f46894010847882d4b35e1aef", "position": {"x": -382.3109926574151, "y": 1717.1926969787714}, "channel": 1}, "attempt": 1}
2026-09-13 11:11:59,415 INFO response {"request_id": "db8f6f8f46894010847882d4b35e1aef", "http_status": 200, "body": {"accepted": true, "real_timestamp_ms": 1789269115344, "virtual_time_s": 3418.28308, "measure_result": "direction", "svd_deg": 283.72}}
2026-09-13 11:11:59,422 INFO request {"path": "/clear", "payload": {"arena_id": "default", "robot_id": "202601002029", "request_id": "8bf96def18d24a56a0c0250654d243aa", "position": {"x": -291.10153067691783, "y": 1342.5553672180122}, "channel": 1}, "attempt": 1}
2026-09-13 11:11:59,443 INFO response {"request_id": "8bf96def18d24a56a0c0250654d243aa", "http_status": 200, "body": {"accepted": true, "real_timestamp_ms": 1789269115372, "virtual_time_s": 3500.399173, "clear_result": "success"}}
2026-09-13 11:11:59,444 INFO request {"path": "/clear", "payload": {"arena_id": "default", "robot_id": "202601002029", "request_id": "e770a468fe2f4f9c93e5f5fef3f09653", "position": {"x": 14.285768987286414, "y": 1553.9771468238687}, "channel": 12}, "attempt": 1}
2026-09-13 11:11:59,445 INFO response {"request_id": "e770a468fe2f4f9c93e5f5fef3f09653", "http_status": 200, "body": {"accepted": true, "real_timestamp_ms": 1789269115374, "virtual_time_s": 3579.685261, "clear_result": "success"}}
2026-09-13 11:11:59,446 INFO request {"path": "/measure", "payload": {"arena_id": "default", "robot_id": "202601002029", "request_id": "524614e5efd84d8f85aa73cbff75e72f", "position": {"x": 519.8750285452106, "y": 902.3542721366449}, "channel": 13}, "attempt": 1}
2026-09-13 11:11:59,458 INFO response {"request_id": "524614e5efd84d8f85aa73cbff75e72f", "http_status": 200, "body": {"accepted": true, "real_timestamp_ms": 1789269115387, "virtual_time_s": 3750.637723, "measure_result": "direction", "svd_deg": 20.76}}
2026-09-13 11:12:00,291 INFO request {"path": "/measure", "payload": {"arena_id": "default", "robot_id": "202601002029", "request_id": "cfcf50bf116e443996cd28310625f558", "position": {"x": 565.0000000000001, "y": 978.6087062764157}, "channel": 13}, "attempt": 1}
2026-09-13 11:12:00,292 INFO response {"request_id": "cfcf50bf116e443996cd28310625f558", "http_status": 200, "body": {"accepted": true, "real_timestamp_ms": 1789269116221, "virtual_time_s": 3773.358899, "measure_result": "direction", "svd_deg": 10.75}}
2026-09-13 11:12:00,296 INFO request {"path": "/clear", "payload": {"arena_id": "default", "robot_id": "202601002029", "request_id": "a3f5b556c2a5432f8da0eadd50d0d9ef", "position": {"x": 875.9389712775104, "y": 1037.891089978615}, "channel": 13}, "attempt": 1}
2026-09-13 11:12:00,297 INFO response {"request_id": "a3f5b556c2a5432f8da0eadd50d0d9ef", "http_status": 200, "body": {"accepted": true, "real_timestamp_ms": 1789269116226, "virtual_time_s": 3841.666859, "clear_result": "success"}}
2026-09-13 11:12:00,297 INFO request {"path": "/clear", "payload": {"arena_id": "default", "robot_id": "202601002029", "request_id": "97dadbeaf2864d06b52434694d7826cb", "position": {"x": 1550.5530125786815, "y": -335.41606708180115}, "channel": 17}, "attempt": 1}
2026-09-13 11:12:00,298 INFO response {"request_id": "97dadbeaf2864d06b52434694d7826cb", "http_status": 200, "body": {"accepted": true, "real_timestamp_ms": 1789269116227, "virtual_time_s": 4152.678405, "clear_result": "success"}}
2026-09-13 11:12:00,298 INFO request {"path": "/exit", "payload": {"arena_id": "default", "robot_id": "202601002029", "request_id": "db402665a9fa4992b36fb51727949461"}, "attempt": 1}
2026-09-13 11:12:00,299 INFO response {"request_id": "db402665a9fa4992b36fb51727949461", "http_status": 200, "body": {"accepted": true, "real_timestamp_ms": 1789269116228, "virtual_time_s": 4152.678405, "exit_reason": "user_exit"}}
