2026-09-13 10:15:56,024 INFO request {"path": "/enter", "payload": {"arena_id": "default", "robot_id": "202601002029", "request_id": "6e79eef06f6a435faa66f474f18c00ba"}, "attempt": 1}
2026-09-13 10:15:56,028 INFO response {"request_id": "6e79eef06f6a435faa66f474f18c00ba", "http_status": 200, "body": {"accepted": true, "real_timestamp_ms": 1789265751950, "virtual_time_s": 0, "max_virtual_duration_s": 360000, "max_real_duration_s": 1200, "remaining_real_duration_s": 1200}}
2026-09-13 10:15:56,037 INFO request {"path": "/measure", "payload": {"arena_id": "default", "robot_id": "202601002029", "request_id": "0c7712a0ea494a8e9923b14977384191", "position": {"x": 0.0, "y": 0.0}, "channel": 1}, "attempt": 1}
2026-09-13 10:15:56,039 INFO response {"request_id": "0c7712a0ea494a8e9923b14977384191", "http_status": 200, "body": {"accepted": true, "real_timestamp_ms": 1789265751961, "virtual_time_s": 5, "measure_result": "direction", "svd_deg": 168.89}}
2026-09-13 10:15:56,063 INFO request {"path": "/measure", "payload": {"arena_id": "default", "robot_id": "202601002029", "request_id": "939874afada54c28ba7553a1035a75c1", "position": {"x": 0.0, "y": 0.0}, "channel": 2}, "attempt": 1}
2026-09-13 10:15:56,079 INFO response {"request_id": "939874afada54c28ba7553a1035a75c1", "http_status": 200, "body": {"accepted": true, "real_timestamp_ms": 1789265752001, "virtual_time_s": 11, "measure_result": "direction", "svd_deg": 95.35}}
2026-09-13 10:15:56,097 INFO request {"path": "/measure", "payload": {"arena_id": "default", "robot_id": "202601002029", "request_id": "46caefaed0134f0c8ba3d5c790888e98", "position": {"x": 0.0, "y": 0.0}, "channel": 3}, "attempt": 1}
2026-09-13 10:15:56,111 INFO response {"request_id": "46caefaed0134f0c8ba3d5c790888e98", "http_status": 200, "body": {"accepted": true, "real_timestamp_ms": 1789265752032, "virtual_time_s": 17, "measure_result": "no_signal"}}
2026-09-13 10:15:56,111 INFO request {"path": "/measure", "payload": {"arena_id": "default", "robot_id": "202601002029", "request_id": "0b500f2fa3334e0ab171e8de63354b50", "position": {"x": 0.0, "y": 0.0}, "channel": 4}, "attempt": 1}
2026-09-13 10:15:56,127 INFO response {"request_id": "0b500f2fa3334e0ab171e8de63354b50", "http_status": 200, "body": {"accepted": true, "real_timestamp_ms": 1789265752048, "virtual_time_s": 23, "measure_result": "no_signal"}}
2026-09-13 10:15:56,128 INFO request {"path": "/measure", "payload": {"arena_id": "default", "robot_id": "202601002029", "request_id": "58f9daa44f154851bb4a21d145ba3b88", "position": {"x": 0.0, "y": 0.0}, "channel": 5}, "attempt": 1}
2026-09-13 10:15:56,142 INFO response {"request_id": "58f9daa44f154851bb4a21d145ba3b88", "http_status": 200, "body": {"accepted": true, "real_timestamp_ms": 1789265752063, "virtual_time_s": 29, "measure_result": "no_signal"}}
2026-09-13 10:15:56,143 INFO request {"path": "/measure", "payload": {"arena_id": "default", "robot_id": "202601002029", "request_id": "32d54528b2794cd2b5d54426fb933994", "position": {"x": 0.0, "y": 0.0}, "channel": 6}, "attempt": 1}
2026-09-13 10:15:56,156 INFO response {"request_id": "32d54528b2794cd2b5d54426fb933994", "http_status": 200, "body": {"accepted": true, "real_timestamp_ms": 1789265752078, "virtual_time_s": 35, "measure_result": "no_signal"}}
2026-09-13 10:15:56,157 INFO request {"path": "/measure", "payload": {"arena_id": "default", "robot_id": "202601002029", "request_id": "f6fceedc02f344ada8f98993322cacb7", "position": {"x": 0.0, "y": 0.0}, "channel": 7}, "attempt": 1}
2026-09-13 10:15:56,172 INFO response {"request_id": "f6fceedc02f344ada8f98993322cacb7", "http_status": 200, "body": {"accepted": true, "real_timestamp_ms": 1789265752093, "virtual_time_s": 41, "measure_result": "no_signal"}}
2026-09-13 10:15:56,174 INFO request {"path": "/measure", "payload": {"arena_id": "default", "robot_id": "202601002029", "request_id": "e5a86191018646129f7dfd69e989aeae", "position": {"x": 0.0, "y": 0.0}, "channel": 8}, "attempt": 1}
2026-09-13 10:15:56,176 INFO response {"request_id": "e5a86191018646129f7dfd69e989aeae", "http_status": 200, "body": {"accepted": true, "real_timestamp_ms": 1789265752097, "virtual_time_s": 47, "measure_result": "direction", "svd_deg": 86.83}}
2026-09-13 10:15:56,190 INFO request {"path": "/measure", "payload": {"arena_id": "default", "robot_id": "202601002029", "request_id": "028ab63263924cde943b5066b2c33063", "position": {"x": 0.0, "y": 0.0}, "channel": 9}, "attempt": 1}
2026-09-13 10:15:56,204 INFO response {"request_id": "028ab63263924cde943b5066b2c33063", "http_status": 200, "body": {"accepted": true, "real_timestamp_ms": 1789265752125, "virtual_time_s": 53, "measure_result": "direction", "svd_deg": 126.19}}
2026-09-13 10:15:56,231 INFO request {"path": "/measure", "payload": {"arena_id": "default", "robot_id": "202601002029", "request_id": "7b6fc25a0c4b449e9a7be303037ec958", "position": {"x": 0.0, "y": 0.0}, "channel": 10}, "attempt": 1}
2026-09-13 10:15:56,233 INFO response {"request_id": "7b6fc25a0c4b449e9a7be303037ec958", "http_status": 200, "body": {"accepted": true, "real_timestamp_ms": 1789265752155, "virtual_time_s": 59, "measure_result": "no_signal"}}
2026-09-13 10:15:56,234 INFO request {"path": "/measure", "payload": {"arena_id": "default", "robot_id": "202601002029", "request_id": "233f9f7f93c54b77b66dccc607457a08", "position": {"x": 0.0, "y": 0.0}, "channel": 11}, "attempt": 1}
2026-09-13 10:15:56,236 INFO response {"request_id": "233f9f7f93c54b77b66dccc607457a08", "http_status": 200, "body": {"accepted": true, "real_timestamp_ms": 1789265752157, "virtual_time_s": 65, "measure_result": "direction", "svd_deg": 265.74}}
2026-09-13 10:15:56,248 INFO request {"path": "/measure", "payload": {"arena_id": "default", "robot_id": "202601002029", "request_id": "b6cacbf90b6644b8ad867aceb7174c95", "position": {"x": 0.0, "y": 0.0}, "channel": 12}, "attempt": 1}
2026-09-13 10:15:56,250 INFO response {"request_id": "b6cacbf90b6644b8ad867aceb7174c95", "http_status": 200, "body": {"accepted": true, "real_timestamp_ms": 1789265752172, "virtual_time_s": 71, "measure_result": "no_signal"}}
2026-09-13 10:15:56,250 INFO request {"path": "/measure", "payload": {"arena_id": "default", "robot_id": "202601002029", "request_id": "0b466f4483f54746af8699260346177c", "position": {"x": 0.0, "y": 0.0}, "channel": 13}, "attempt": 1}
2026-09-13 10:15:56,251 INFO response {"request_id": "0b466f4483f54746af8699260346177c", "http_status": 200, "body": {"accepted": true, "real_timestamp_ms": 1789265752174, "virtual_time_s": 77, "measure_result": "no_signal"}}
2026-09-13 10:15:56,252 INFO request {"path": "/measure", "payload": {"arena_id": "default", "robot_id": "202601002029", "request_id": "3416c0de3e9545d28d7461a3d160cdbb", "position": {"x": 0.0, "y": 0.0}, "channel": 14}, "attempt": 1}
2026-09-13 10:15:56,253 INFO response {"request_id": "3416c0de3e9545d28d7461a3d160cdbb", "http_status": 200, "body": {"accepted": true, "real_timestamp_ms": 1789265752175, "virtual_time_s": 83, "measure_result": "no_signal"}}
2026-09-13 10:15:56,253 INFO request {"path": "/measure", "payload": {"arena_id": "default", "robot_id": "202601002029", "request_id": "2f5b3cf602de467c94b3ce5b1ce9efb8", "position": {"x": 0.0, "y": 0.0}, "channel": 15}, "attempt": 1}
2026-09-13 10:15:56,254 INFO response {"request_id": "2f5b3cf602de467c94b3ce5b1ce9efb8", "http_status": 200, "body": {"accepted": true, "real_timestamp_ms": 1789265752176, "virtual_time_s": 89, "measure_result": "no_signal"}}
2026-09-13 10:15:56,254 INFO request {"path": "/measure", "payload": {"arena_id": "default", "robot_id": "202601002029", "request_id": "10e6c63c704c47e791c1a300e0c2afb4", "position": {"x": 0.0, "y": 0.0}, "channel": 16}, "attempt": 1}
2026-09-13 10:15:56,255 INFO response {"request_id": "10e6c63c704c47e791c1a300e0c2afb4", "http_status": 200, "body": {"accepted": true, "real_timestamp_ms": 1789265752178, "virtual_time_s": 95, "measure_result": "no_signal"}}
2026-09-13 10:15:56,256 INFO request {"path": "/measure", "payload": {"arena_id": "default", "robot_id": "202601002029", "request_id": "ac6e869af9db49788b010201b2d8f7d9", "position": {"x": 0.0, "y": 0.0}, "channel": 17}, "attempt": 1}
2026-09-13 10:15:56,257 INFO response {"request_id": "ac6e869af9db49788b010201b2d8f7d9", "http_status": 200, "body": {"accepted": true, "real_timestamp_ms": 1789265752179, "virtual_time_s": 101, "measure_result": "no_signal"}}
2026-09-13 10:15:56,257 INFO request {"path": "/measure", "payload": {"arena_id": "default", "robot_id": "202601002029", "request_id": "768d56901d5447f8a5b9dc5f6c69d9ff", "position": {"x": 0.0, "y": 0.0}, "channel": 18}, "attempt": 1}
2026-09-13 10:15:56,258 INFO response {"request_id": "768d56901d5447f8a5b9dc5f6c69d9ff", "http_status": 200, "body": {"accepted": true, "real_timestamp_ms": 1789265752180, "virtual_time_s": 107, "measure_result": "no_signal"}}
2026-09-13 10:15:56,258 INFO request {"path": "/measure", "payload": {"arena_id": "default", "robot_id": "202601002029", "request_id": "75b61989aa784ae9b1be039f57be3c1d", "position": {"x": 0.0, "y": 0.0}, "channel": 19}, "attempt": 1}
2026-09-13 10:15:56,260 INFO response {"request_id": "75b61989aa784ae9b1be039f57be3c1d", "http_status": 200, "body": {"accepted": true, "real_timestamp_ms": 1789265752182, "virtual_time_s": 113, "measure_result": "direction", "svd_deg": 312.73}}
2026-09-13 10:15:56,278 INFO request {"path": "/measure", "payload": {"arena_id": "default", "robot_id": "202601002029", "request_id": "5f7339c2e4b2413982f5bfd98468be0f", "position": {"x": 0.0, "y": 0.0}, "channel": 20}, "attempt": 1}
2026-09-13 10:15:56,280 INFO response {"request_id": "5f7339c2e4b2413982f5bfd98468be0f", "http_status": 200, "body": {"accepted": true, "real_timestamp_ms": 1789265752201, "virtual_time_s": 119, "measure_result": "no_signal"}}
2026-09-13 10:15:56,300 INFO request {"path": "/measure", "payload": {"arena_id": "default", "robot_id": "202601002029", "request_id": "c6609ddec0fd444989065cc48c8c0f18", "position": {"x": -564.9999999999998, "y": 978.6087062764158}, "channel": 20}, "attempt": 1}
2026-09-13 10:15:56,301 INFO response {"request_id": "c6609ddec0fd444989065cc48c8c0f18", "http_status": 200, "body": {"accepted": true, "real_timestamp_ms": 1789265752223, "virtual_time_s": 350, "measure_result": "no_signal"}}
2026-09-13 10:15:56,301 INFO request {"path": "/measure", "payload": {"arena_id": "default", "robot_id": "202601002029", "request_id": "c9cfee8e15d04e4486731aea5a8b9fb7", "position": {"x": -564.9999999999998, "y": 978.6087062764158}, "channel": 3}, "attempt": 1}
2026-09-13 10:15:56,326 INFO response {"request_id": "c9cfee8e15d04e4486731aea5a8b9fb7", "http_status": 200, "body": {"accepted": true, "real_timestamp_ms": 1789265752248, "virtual_time_s": 356, "measure_result": "direction", "svd_deg": 215.48}}
2026-09-13 10:15:56,349 INFO request {"path": "/measure", "payload": {"arena_id": "default", "robot_id": "202601002029", "request_id": "1b48706e00794ffeb8f3320140d53a5d", "position": {"x": -564.9999999999998, "y": 978.6087062764158}, "channel": 4}, "attempt": 1}
2026-09-13 10:15:56,372 INFO response {"request_id": "1b48706e00794ffeb8f3320140d53a5d", "http_status": 200, "body": {"accepted": true, "real_timestamp_ms": 1789265752294, "virtual_time_s": 362, "measure_result": "no_signal"}}
2026-09-13 10:15:56,373 INFO request {"path": "/measure", "payload": {"arena_id": "default", "robot_id": "202601002029", "request_id": "a5fc1cfdae154d1899c972d229a9dbbe", "position": {"x": -564.9999999999998, "y": 978.6087062764158}, "channel": 5}, "attempt": 1}
2026-09-13 10:15:56,388 INFO response {"request_id": "a5fc1cfdae154d1899c972d229a9dbbe", "http_status": 200, "body": {"accepted": true, "real_timestamp_ms": 1789265752309, "virtual_time_s": 368, "measure_result": "no_signal"}}
2026-09-13 10:15:56,388 INFO request {"path": "/measure", "payload": {"arena_id": "default", "robot_id": "202601002029", "request_id": "9fca5ad88d9043099c360d340e848b3e", "position": {"x": -564.9999999999998, "y": 978.6087062764158}, "channel": 6}, "attempt": 1}
2026-09-13 10:15:56,389 INFO response {"request_id": "9fca5ad88d9043099c360d340e848b3e", "http_status": 200, "body": {"accepted": true, "real_timestamp_ms": 1789265752311, "virtual_time_s": 374, "measure_result": "no_signal"}}
2026-09-13 10:15:56,389 INFO request {"path": "/measure", "payload": {"arena_id": "default", "robot_id": "202601002029", "request_id": "7e8b6614f66242318c77ae68662b3a53", "position": {"x": -564.9999999999998, "y": 978.6087062764158}, "channel": 7}, "attempt": 1}
2026-09-13 10:15:56,403 INFO response {"request_id": "7e8b6614f66242318c77ae68662b3a53", "http_status": 200, "body": {"accepted": true, "real_timestamp_ms": 1789265752325, "virtual_time_s": 380, "measure_result": "no_signal"}}
2026-09-13 10:15:56,403 INFO request {"path": "/measure", "payload": {"arena_id": "default", "robot_id": "202601002029", "request_id": "02642136c5294c31abafac909466d336", "position": {"x": -564.9999999999998, "y": 978.6087062764158}, "channel": 10}, "attempt": 1}
2026-09-13 10:15:56,404 INFO response {"request_id": "02642136c5294c31abafac909466d336", "http_status": 200, "body": {"accepted": true, "real_timestamp_ms": 1789265752326, "virtual_time_s": 386, "measure_result": "no_signal"}}
2026-09-13 10:15:56,404 INFO request {"path": "/measure", "payload": {"arena_id": "default", "robot_id": "202601002029", "request_id": "a5107eafb3c1474b941561f983d16fe9", "position": {"x": -564.9999999999998, "y": 978.6087062764158}, "channel": 12}, "attempt": 1}
2026-09-13 10:15:56,419 INFO response {"request_id": "a5107eafb3c1474b941561f983d16fe9", "http_status": 200, "body": {"accepted": true, "real_timestamp_ms": 1789265752341, "virtual_time_s": 392, "measure_result": "no_signal"}}
2026-09-13 10:15:56,419 INFO request {"path": "/measure", "payload": {"arena_id": "default", "robot_id": "202601002029", "request_id": "bee4b1039ee340239caddc1e6ed85b0f", "position": {"x": -564.9999999999998, "y": 978.6087062764158}, "channel": 13}, "attempt": 1}
2026-09-13 10:15:56,435 INFO response {"request_id": "bee4b1039ee340239caddc1e6ed85b0f", "http_status": 200, "body": {"accepted": true, "real_timestamp_ms": 1789265752356, "virtual_time_s": 398, "measure_result": "no_signal"}}
2026-09-13 10:15:56,435 INFO request {"path": "/measure", "payload": {"arena_id": "default", "robot_id": "202601002029", "request_id": "f46bcdea973448a7a6391e3a7b3ee0c7", "position": {"x": -564.9999999999998, "y": 978.6087062764158}, "channel": 14}, "attempt": 1}
2026-09-13 10:15:56,436 INFO response {"request_id": "f46bcdea973448a7a6391e3a7b3ee0c7", "http_status": 200, "body": {"accepted": true, "real_timestamp_ms": 1789265752358, "virtual_time_s": 404, "measure_result": "direction", "svd_deg": 205.39}}
2026-09-13 10:15:56,450 INFO request {"path": "/measure", "payload": {"arena_id": "default", "robot_id": "202601002029", "request_id": "ca1eac65e7ee4bf3987578713a5f39c4", "position": {"x": -564.9999999999998, "y": 978.6087062764158}, "channel": 15}, "attempt": 1}
2026-09-13 10:15:56,452 INFO response {"request_id": "ca1eac65e7ee4bf3987578713a5f39c4", "http_status": 200, "body": {"accepted": true, "real_timestamp_ms": 1789265752374, "virtual_time_s": 410, "measure_result": "no_signal"}}
2026-09-13 10:15:56,452 INFO request {"path": "/measure", "payload": {"arena_id": "default", "robot_id": "202601002029", "request_id": "28429a4f6bc54c5a91466d92e854b33f", "position": {"x": -564.9999999999998, "y": 978.6087062764158}, "channel": 16}, "attempt": 1}
2026-09-13 10:15:56,453 INFO response {"request_id": "28429a4f6bc54c5a91466d92e854b33f", "http_status": 200, "body": {"accepted": true, "real_timestamp_ms": 1789265752375, "virtual_time_s": 416, "measure_result": "no_signal"}}
2026-09-13 10:15:56,454 INFO request {"path": "/measure", "payload": {"arena_id": "default", "robot_id": "202601002029", "request_id": "78ec250c71bf4d389cd86148918eef96", "position": {"x": -564.9999999999998, "y": 978.6087062764158}, "channel": 17}, "attempt": 1}
2026-09-13 10:15:56,454 INFO response {"request_id": "78ec250c71bf4d389cd86148918eef96", "http_status": 200, "body": {"accepted": true, "real_timestamp_ms": 1789265752376, "virtual_time_s": 422, "measure_result": "no_signal"}}
2026-09-13 10:15:56,455 INFO request {"path": "/measure", "payload": {"arena_id": "default", "robot_id": "202601002029", "request_id": "b83b5f636103460f804841527e9b6da9", "position": {"x": -564.9999999999998, "y": 978.6087062764158}, "channel": 18}, "attempt": 1}
2026-09-13 10:15:56,455 INFO response {"request_id": "b83b5f636103460f804841527e9b6da9", "http_status": 200, "body": {"accepted": true, "real_timestamp_ms": 1789265752377, "virtual_time_s": 428, "measure_result": "no_signal"}}
2026-09-13 10:15:56,647 INFO request {"path": "/measure", "payload": {"arena_id": "default", "robot_id": "202601002029", "request_id": "cfb60317ff0549399ad134b2f8e2db50", "position": {"x": -564.9999999999998, "y": 978.6087062764158}, "channel": 8}, "attempt": 1}
2026-09-13 10:15:56,648 INFO response {"request_id": "cfb60317ff0549399ad134b2f8e2db50", "http_status": 200, "body": {"accepted": true, "real_timestamp_ms": 1789265752570, "virtual_time_s": 434, "measure_result": "direction", "svd_deg": 353.31}}
2026-09-13 10:15:56,797 INFO request {"path": "/measure", "payload": {"arena_id": "default", "robot_id": "202601002029", "request_id": "f449cc19512a4f92ad7ef1a014e6d38b", "position": {"x": -564.9999999999998, "y": 978.6087062764158}, "channel": 9}, "attempt": 1}
2026-09-13 10:15:56,810 INFO response {"request_id": "f449cc19512a4f92ad7ef1a014e6d38b", "http_status": 200, "body": {"accepted": true, "real_timestamp_ms": 1789265752732, "virtual_time_s": 440, "measure_result": "direction", "svd_deg": 294.27}}
2026-09-13 10:15:56,924 INFO request {"path": "/clear", "payload": {"arena_id": "default", "robot_id": "202601002029", "request_id": "bdda93cbddc9439a947c81736de27134", "position": {"x": 49.98121271289635, "y": 906.1832090036821}, "channel": 8}, "attempt": 1}
2026-09-13 10:15:56,926 INFO response {"request_id": "bdda93cbddc9439a947c81736de27134", "http_status": 200, "body": {"accepted": true, "real_timestamp_ms": 1789265752848, "virtual_time_s": 568.846251, "clear_result": "success"}}
2026-09-13 10:15:56,987 INFO request {"path": "/measure", "payload": {"arena_id": "default", "robot_id": "202601002029", "request_id": "bbcec8badcb94b4ab8836eca102e2b8f", "position": {"x": 49.98121271289635, "y": 906.1832090036821}, "channel": 9}, "attempt": 1}
2026-09-13 10:15:57,014 INFO response {"request_id": "bbcec8badcb94b4ab8836eca102e2b8f", "http_status": 200, "body": {"accepted": true, "real_timestamp_ms": 1789265752935, "virtual_time_s": 573.846251, "measure_result": "direction", "svd_deg": 228.57}}
2026-09-13 10:15:57,071 INFO request {"path": "/measure", "payload": {"arena_id": "default", "robot_id": "202601002029", "request_id": "3a485696355f44e39c26711518f97ce1", "position": {"x": 565.0000000000001, "y": 978.6087062764157}, "channel": 4}, "attempt": 1}
2026-09-13 10:15:57,072 INFO response {"request_id": "3a485696355f44e39c26711518f97ce1", "http_status": 200, "body": {"accepted": true, "real_timestamp_ms": 1789265752994, "virtual_time_s": 683.86352, "measure_result": "no_signal"}}
2026-09-13 10:15:57,073 INFO request {"path": "/measure", "payload": {"arena_id": "default", "robot_id": "202601002029", "request_id": "6ea6059c3c374e7b85a9205980c462d9", "position": {"x": 565.0000000000001, "y": 978.6087062764157}, "channel": 5}, "attempt": 1}
2026-09-13 10:15:57,092 INFO response {"request_id": "6ea6059c3c374e7b85a9205980c462d9", "http_status": 200, "body": {"accepted": true, "real_timestamp_ms": 1789265753014, "virtual_time_s": 689.86352, "measure_result": "direction", "svd_deg": 308.28}}
2026-09-13 10:15:57,110 INFO request {"path": "/measure", "payload": {"arena_id": "default", "robot_id": "202601002029", "request_id": "107a46a697b64e91be35f525b278730f", "position": {"x": 565.0000000000001, "y": 978.6087062764157}, "channel": 6}, "attempt": 1}
2026-09-13 10:15:57,111 INFO response {"request_id": "107a46a697b64e91be35f525b278730f", "http_status": 200, "body": {"accepted": true, "real_timestamp_ms": 1789265753034, "virtual_time_s": 695.86352, "measure_result": "no_signal"}}
2026-09-13 10:15:57,113 INFO request {"path": "/measure", "payload": {"arena_id": "default", "robot_id": "202601002029", "request_id": "0ae8454d78a346ffa65e8dab2bfc0166", "position": {"x": 565.0000000000001, "y": 978.6087062764157}, "channel": 7}, "attempt": 1}
2026-09-13 10:15:57,114 INFO response {"request_id": "0ae8454d78a346ffa65e8dab2bfc0166", "http_status": 200, "body": {"accepted": true, "real_timestamp_ms": 1789265753037, "virtual_time_s": 701.86352, "measure_result": "no_signal"}}
2026-09-13 10:15:57,115 INFO request {"path": "/measure", "payload": {"arena_id": "default", "robot_id": "202601002029", "request_id": "c9e39f8cd84649359c90158876377ec7", "position": {"x": 565.0000000000001, "y": 978.6087062764157}, "channel": 10}, "attempt": 1}
2026-09-13 10:15:57,115 INFO response {"request_id": "c9e39f8cd84649359c90158876377ec7", "http_status": 200, "body": {"accepted": true, "real_timestamp_ms": 1789265753038, "virtual_time_s": 707.86352, "measure_result": "no_signal"}}
2026-09-13 10:15:57,116 INFO request {"path": "/measure", "payload": {"arena_id": "default", "robot_id": "202601002029", "request_id": "98543b48e84f4053bc5f05c6a0828b3b", "position": {"x": 565.0000000000001, "y": 978.6087062764157}, "channel": 12}, "attempt": 1}
2026-09-13 10:15:57,116 INFO response {"request_id": "98543b48e84f4053bc5f05c6a0828b3b", "http_status": 200, "body": {"accepted": true, "real_timestamp_ms": 1789265753039, "virtual_time_s": 713.86352, "measure_result": "no_signal"}}
2026-09-13 10:15:57,117 INFO request {"path": "/measure", "payload": {"arena_id": "default", "robot_id": "202601002029", "request_id": "ae6affe7db584b0da69fe4bea9233c1e", "position": {"x": 565.0000000000001, "y": 978.6087062764157}, "channel": 13}, "attempt": 1}
2026-09-13 10:15:57,117 INFO response {"request_id": "ae6affe7db584b0da69fe4bea9233c1e", "http_status": 200, "body": {"accepted": true, "real_timestamp_ms": 1789265753040, "virtual_time_s": 719.86352, "measure_result": "no_signal"}}
2026-09-13 10:15:57,118 INFO request {"path": "/measure", "payload": {"arena_id": "default", "robot_id": "202601002029", "request_id": "f61dad8dd99647f8a298a59cabb37949", "position": {"x": 565.0000000000001, "y": 978.6087062764157}, "channel": 15}, "attempt": 1}
2026-09-13 10:15:57,118 INFO response {"request_id": "f61dad8dd99647f8a298a59cabb37949", "http_status": 200, "body": {"accepted": true, "real_timestamp_ms": 1789265753040, "virtual_time_s": 725.86352, "measure_result": "no_signal"}}
2026-09-13 10:15:57,119 INFO request {"path": "/measure", "payload": {"arena_id": "default", "robot_id": "202601002029", "request_id": "3bd2b28c69a1441b9fdad51f5657f5e6", "position": {"x": 565.0000000000001, "y": 978.6087062764157}, "channel": 16}, "attempt": 1}
2026-09-13 10:15:57,119 INFO response {"request_id": "3bd2b28c69a1441b9fdad51f5657f5e6", "http_status": 200, "body": {"accepted": true, "real_timestamp_ms": 1789265753041, "virtual_time_s": 731.86352, "measure_result": "no_signal"}}
2026-09-13 10:15:57,120 INFO request {"path": "/measure", "payload": {"arena_id": "default", "robot_id": "202601002029", "request_id": "71ba61a5bdec4b5e9ee9eb2bc7c57118", "position": {"x": 565.0000000000001, "y": 978.6087062764157}, "channel": 17}, "attempt": 1}
2026-09-13 10:15:57,120 INFO response {"request_id": "71ba61a5bdec4b5e9ee9eb2bc7c57118", "http_status": 200, "body": {"accepted": true, "real_timestamp_ms": 1789265753042, "virtual_time_s": 737.86352, "measure_result": "no_signal"}}
2026-09-13 10:15:57,120 INFO request {"path": "/measure", "payload": {"arena_id": "default", "robot_id": "202601002029", "request_id": "2abb8b9a8a5f402684b7bd4f4e0736e8", "position": {"x": 565.0000000000001, "y": 978.6087062764157}, "channel": 18}, "attempt": 1}
2026-09-13 10:15:57,121 INFO response {"request_id": "2abb8b9a8a5f402684b7bd4f4e0736e8", "http_status": 200, "body": {"accepted": true, "real_timestamp_ms": 1789265753043, "virtual_time_s": 743.86352, "measure_result": "no_signal"}}
2026-09-13 10:15:57,121 INFO request {"path": "/measure", "payload": {"arena_id": "default", "robot_id": "202601002029", "request_id": "80d398108dcc4f16a6c73414b7a8df22", "position": {"x": 565.0000000000001, "y": 978.6087062764157}, "channel": 20}, "attempt": 1}
2026-09-13 10:15:57,121 INFO response {"request_id": "80d398108dcc4f16a6c73414b7a8df22", "http_status": 200, "body": {"accepted": true, "real_timestamp_ms": 1789265753043, "virtual_time_s": 749.86352, "measure_result": "no_signal"}}
2026-09-13 10:15:57,169 INFO request {"path": "/measure", "payload": {"arena_id": "default", "robot_id": "202601002029", "request_id": "806cf20231e4495f939e5abf1910ca86", "position": {"x": 565.0000000000001, "y": 978.6087062764157}, "channel": 2}, "attempt": 1}
2026-09-13 10:15:57,170 INFO response {"request_id": "806cf20231e4495f939e5abf1910ca86", "http_status": 200, "body": {"accepted": true, "real_timestamp_ms": 1789265753092, "virtual_time_s": 755.86352, "measure_result": "direction", "svd_deg": 208.7}}
2026-09-13 10:15:57,201 INFO request {"path": "/measure", "payload": {"arena_id": "default", "robot_id": "202601002029", "request_id": "bfaa9ea5742e47b3a9027c8e9b1a32e6", "position": {"x": 1130.0, "y": 0.0}, "channel": 4}, "attempt": 1}
2026-09-13 10:15:57,216 INFO response {"request_id": "bfaa9ea5742e47b3a9027c8e9b1a32e6", "http_status": 200, "body": {"accepted": true, "real_timestamp_ms": 1789265753137, "virtual_time_s": 987.86352, "measure_result": "no_signal"}}
2026-09-13 10:15:57,216 INFO request {"path": "/measure", "payload": {"arena_id": "default", "robot_id": "202601002029", "request_id": "933984177781440eb225e928d55dbc62", "position": {"x": 1130.0, "y": 0.0}, "channel": 6}, "attempt": 1}
2026-09-13 10:15:57,217 INFO response {"request_id": "933984177781440eb225e928d55dbc62", "http_status": 200, "body": {"accepted": true, "real_timestamp_ms": 1789265753139, "virtual_time_s": 993.86352, "measure_result": "no_signal"}}
2026-09-13 10:15:57,218 INFO request {"path": "/measure", "payload": {"arena_id": "default", "robot_id": "202601002029", "request_id": "3b1e952161574244bc63bc7f47e75297", "position": {"x": 1130.0, "y": 0.0}, "channel": 7}, "attempt": 1}
2026-09-13 10:15:57,218 INFO response {"request_id": "3b1e952161574244bc63bc7f47e75297", "http_status": 200, "body": {"accepted": true, "real_timestamp_ms": 1789265753140, "virtual_time_s": 999.86352, "measure_result": "no_signal"}}
2026-09-13 10:15:57,218 INFO request {"path": "/measure", "payload": {"arena_id": "default", "robot_id": "202601002029", "request_id": "d024ab0ca0204312a6b1812b8fffec66", "position": {"x": 1130.0, "y": 0.0}, "channel": 10}, "attempt": 1}
2026-09-13 10:15:57,220 INFO response {"request_id": "d024ab0ca0204312a6b1812b8fffec66", "http_status": 200, "body": {"accepted": true, "real_timestamp_ms": 1789265753141, "virtual_time_s": 1005.86352, "measure_result": "direction", "svd_deg": 48.76}}
2026-09-13 10:15:57,232 INFO request {"path": "/measure", "payload": {"arena_id": "default", "robot_id": "202601002029", "request_id": "27bc58f44fa34d53bb5b0e4a9f8a1e8a", "position": {"x": 1130.0, "y": 0.0}, "channel": 12}, "attempt": 1}
2026-09-13 10:15:57,235 INFO response {"request_id": "27bc58f44fa34d53bb5b0e4a9f8a1e8a", "http_status": 200, "body": {"accepted": true, "real_timestamp_ms": 1789265753156, "virtual_time_s": 1011.86352, "measure_result": "no_signal"}}
2026-09-13 10:15:57,235 INFO request {"path": "/measure", "payload": {"arena_id": "default", "robot_id": "202601002029", "request_id": "b50d24709c3b43c59448a7e5bc6da090", "position": {"x": 1130.0, "y": 0.0}, "channel": 13}, "attempt": 1}
2026-09-13 10:15:57,235 INFO response {"request_id": "b50d24709c3b43c59448a7e5bc6da090", "http_status": 200, "body": {"accepted": true, "real_timestamp_ms": 1789265753158, "virtual_time_s": 1017.86352, "measure_result": "no_signal"}}
2026-09-13 10:15:57,236 INFO request {"path": "/measure", "payload": {"arena_id": "default", "robot_id": "202601002029", "request_id": "c9a0ef82390a4df7b4d9970082e01cab", "position": {"x": 1130.0, "y": 0.0}, "channel": 15}, "attempt": 1}
2026-09-13 10:15:57,236 INFO response {"request_id": "c9a0ef82390a4df7b4d9970082e01cab", "http_status": 200, "body": {"accepted": true, "real_timestamp_ms": 1789265753159, "virtual_time_s": 1023.86352, "measure_result": "no_signal"}}
2026-09-13 10:15:57,237 INFO request {"path": "/measure", "payload": {"arena_id": "default", "robot_id": "202601002029", "request_id": "8e46035c6613495fab49d378a6d010b4", "position": {"x": 1130.0, "y": 0.0}, "channel": 16}, "attempt": 1}
2026-09-13 10:15:57,262 INFO response {"request_id": "8e46035c6613495fab49d378a6d010b4", "http_status": 200, "body": {"accepted": true, "real_timestamp_ms": 1789265753184, "virtual_time_s": 1029.86352, "measure_result": "no_signal"}}
2026-09-13 10:15:57,262 INFO request {"path": "/measure", "payload": {"arena_id": "default", "robot_id": "202601002029", "request_id": "178eac89b34e40a3bff630e6e0a2687c", "position": {"x": 1130.0, "y": 0.0}, "channel": 17}, "attempt": 1}
2026-09-13 10:15:57,277 INFO response {"request_id": "178eac89b34e40a3bff630e6e0a2687c", "http_status": 200, "body": {"accepted": true, "real_timestamp_ms": 1789265753199, "virtual_time_s": 1035.86352, "measure_result": "no_signal"}}
2026-09-13 10:15:57,278 INFO request {"path": "/measure", "payload": {"arena_id": "default", "robot_id": "202601002029", "request_id": "82d1f32a26eb40c6b664ff1b4f894a14", "position": {"x": 1130.0, "y": 0.0}, "channel": 18}, "attempt": 1}
2026-09-13 10:15:57,280 INFO response {"request_id": "82d1f32a26eb40c6b664ff1b4f894a14", "http_status": 200, "body": {"accepted": true, "real_timestamp_ms": 1789265753201, "virtual_time_s": 1041.86352, "measure_result": "no_signal"}}
2026-09-13 10:15:57,280 INFO request {"path": "/measure", "payload": {"arena_id": "default", "robot_id": "202601002029", "request_id": "24105128e4d34c109d770257f78c0887", "position": {"x": 1130.0, "y": 0.0}, "channel": 20}, "attempt": 1}
2026-09-13 10:15:57,293 INFO response {"request_id": "24105128e4d34c109d770257f78c0887", "http_status": 200, "body": {"accepted": true, "real_timestamp_ms": 1789265753215, "virtual_time_s": 1047.86352, "measure_result": "no_signal"}}
2026-09-13 10:15:57,350 INFO request {"path": "/measure", "payload": {"arena_id": "default", "robot_id": "202601002029", "request_id": "b8e56cf3e32a4d9db2dee33a798d913b", "position": {"x": 1130.0, "y": 0.0}, "channel": 19}, "attempt": 1}
2026-09-13 10:15:57,351 INFO response {"request_id": "b8e56cf3e32a4d9db2dee33a798d913b", "http_status": 200, "body": {"accepted": true, "real_timestamp_ms": 1789265753274, "virtual_time_s": 1053.86352, "measure_result": "direction", "svd_deg": 248.19}}
2026-09-13 10:15:57,377 INFO request {"path": "/measure", "payload": {"arena_id": "default", "robot_id": "202601002029", "request_id": "8ec2d9e2326e4bb9a563d7e3855e2028", "position": {"x": 565.0000000000001, "y": -978.6087062764157}, "channel": 4}, "attempt": 1}
2026-09-13 10:15:57,378 INFO response {"request_id": "8ec2d9e2326e4bb9a563d7e3855e2028", "http_status": 200, "body": {"accepted": true, "real_timestamp_ms": 1789265753300, "virtual_time_s": 1285.86352, "measure_result": "no_signal"}}
2026-09-13 10:15:57,379 INFO request {"path": "/measure", "payload": {"arena_id": "default", "robot_id": "202601002029", "request_id": "3273f49e0b01445e86a459b4be3852ca", "position": {"x": 565.0000000000001, "y": -978.6087062764157}, "channel": 6}, "attempt": 1}
2026-09-13 10:15:57,401 INFO response {"request_id": "3273f49e0b01445e86a459b4be3852ca", "http_status": 200, "body": {"accepted": true, "real_timestamp_ms": 1789265753323, "virtual_time_s": 1291.86352, "measure_result": "no_signal"}}
2026-09-13 10:15:57,401 INFO request {"path": "/measure", "payload": {"arena_id": "default", "robot_id": "202601002029", "request_id": "92b19e14186349cf8e79e67f82cb6cf7", "position": {"x": 565.0000000000001, "y": -978.6087062764157}, "channel": 7}, "attempt": 1}
2026-09-13 10:15:57,402 INFO response {"request_id": "92b19e14186349cf8e79e67f82cb6cf7", "http_status": 200, "body": {"accepted": true, "real_timestamp_ms": 1789265753324, "virtual_time_s": 1297.86352, "measure_result": "no_signal"}}
2026-09-13 10:15:57,402 INFO request {"path": "/measure", "payload": {"arena_id": "default", "robot_id": "202601002029", "request_id": "57d2f0ccf2e5421bb58792a5156ab98b", "position": {"x": 565.0000000000001, "y": -978.6087062764157}, "channel": 12}, "attempt": 1}
2026-09-13 10:15:57,404 INFO response {"request_id": "57d2f0ccf2e5421bb58792a5156ab98b", "http_status": 200, "body": {"accepted": true, "real_timestamp_ms": 1789265753326, "virtual_time_s": 1303.86352, "measure_result": "no_signal"}}
2026-09-13 10:15:57,404 INFO request {"path": "/measure", "payload": {"arena_id": "default", "robot_id": "202601002029", "request_id": "b2e4a543581e484fa5cfdb798523ed4a", "position": {"x": 565.0000000000001, "y": -978.6087062764157}, "channel": 13}, "attempt": 1}
2026-09-13 10:15:57,406 INFO response {"request_id": "b2e4a543581e484fa5cfdb798523ed4a", "http_status": 200, "body": {"accepted": true, "real_timestamp_ms": 1789265753327, "virtual_time_s": 1309.86352, "measure_result": "no_signal"}}
2026-09-13 10:15:57,406 INFO request {"path": "/measure", "payload": {"arena_id": "default", "robot_id": "202601002029", "request_id": "73c7129005ac43daaad55dcf0282f167", "position": {"x": 565.0000000000001, "y": -978.6087062764157}, "channel": 15}, "attempt": 1}
2026-09-13 10:15:57,407 INFO response {"request_id": "73c7129005ac43daaad55dcf0282f167", "http_status": 200, "body": {"accepted": true, "real_timestamp_ms": 1789265753329, "virtual_time_s": 1315.86352, "measure_result": "no_signal"}}
2026-09-13 10:15:57,407 INFO request {"path": "/measure", "payload": {"arena_id": "default", "robot_id": "202601002029", "request_id": "d652cf812f0a4079bbf0837385b466c6", "position": {"x": 565.0000000000001, "y": -978.6087062764157}, "channel": 16}, "attempt": 1}
2026-09-13 10:15:57,408 INFO response {"request_id": "d652cf812f0a4079bbf0837385b466c6", "http_status": 200, "body": {"accepted": true, "real_timestamp_ms": 1789265753330, "virtual_time_s": 1321.86352, "measure_result": "no_signal"}}
2026-09-13 10:15:57,408 INFO request {"path": "/measure", "payload": {"arena_id": "default", "robot_id": "202601002029", "request_id": "8553c32b768c480d9179c00cd9204c32", "position": {"x": 565.0000000000001, "y": -978.6087062764157}, "channel": 17}, "attempt": 1}
2026-09-13 10:15:57,432 INFO response {"request_id": "8553c32b768c480d9179c00cd9204c32", "http_status": 200, "body": {"accepted": true, "real_timestamp_ms": 1789265753354, "virtual_time_s": 1327.86352, "measure_result": "no_signal"}}
2026-09-13 10:15:57,432 INFO request {"path": "/measure", "payload": {"arena_id": "default", "robot_id": "202601002029", "request_id": "5207c72060fd490b8e9a95f656320826", "position": {"x": 565.0000000000001, "y": -978.6087062764157}, "channel": 18}, "attempt": 1}
2026-09-13 10:15:57,434 INFO response {"request_id": "5207c72060fd490b8e9a95f656320826", "http_status": 200, "body": {"accepted": true, "real_timestamp_ms": 1789265753356, "virtual_time_s": 1333.86352, "measure_result": "no_signal"}}
2026-09-13 10:15:57,434 INFO request {"path": "/measure", "payload": {"arena_id": "default", "robot_id": "202601002029", "request_id": "767758efa43840b5b5ea7133ce02e3cb", "position": {"x": 565.0000000000001, "y": -978.6087062764157}, "channel": 20}, "attempt": 1}
2026-09-13 10:15:57,435 INFO response {"request_id": "767758efa43840b5b5ea7133ce02e3cb", "http_status": 200, "body": {"accepted": true, "real_timestamp_ms": 1789265753357, "virtual_time_s": 1339.86352, "measure_result": "no_signal"}}
2026-09-13 10:15:57,537 INFO request {"path": "/measure", "payload": {"arena_id": "default", "robot_id": "202601002029", "request_id": "8a10fc08892847aebd0eb95865a75310", "position": {"x": 565.0000000000001, "y": -978.6087062764157}, "channel": 19}, "attempt": 1}
2026-09-13 10:15:57,538 INFO response {"request_id": "8a10fc08892847aebd0eb95865a75310", "http_status": 200, "body": {"accepted": true, "real_timestamp_ms": 1789265753460, "virtual_time_s": 1345.86352, "measure_result": "direction", "svd_deg": 28.09}}
2026-09-13 10:15:57,628 INFO request {"path": "/measure", "payload": {"arena_id": "default", "robot_id": "202601002029", "request_id": "fde7b7a31da840b2ab72df83f3cbeaac", "position": {"x": 565.0000000000001, "y": -978.6087062764157}, "channel": 11}, "attempt": 1}
2026-09-13 10:15:57,630 INFO response {"request_id": "fde7b7a31da840b2ab72df83f3cbeaac", "http_status": 200, "body": {"accepted": true, "real_timestamp_ms": 1789265753551, "virtual_time_s": 1351.86352, "measure_result": "direction", "svd_deg": 174.78}}
2026-09-13 10:15:57,659 INFO request {"path": "/clear", "payload": {"arena_id": "default", "robot_id": "202601002029", "request_id": "338407d667054303b33a7425268459df", "position": {"x": -68.59203762110262, "y": -920.7357396307552}, "channel": 11}, "attempt": 1}
2026-09-13 10:15:57,681 INFO response {"request_id": "338407d667054303b33a7425268459df", "http_status": 200, "body": {"accepted": true, "real_timestamp_ms": 1789265753602, "virtual_time_s": 1484.109447, "clear_result": "success"}}
2026-09-13 10:15:57,767 INFO request {"path": "/measure", "payload": {"arena_id": "default", "robot_id": "202601002029", "request_id": "32c80939d2814d68871636f577845165", "position": {"x": -565.0000000000005, "y": -978.6087062764154}, "channel": 4}, "attempt": 1}
2026-09-13 10:15:57,769 INFO response {"request_id": "32c80939d2814d68871636f577845165", "http_status": 200, "body": {"accepted": true, "real_timestamp_ms": 1789265753691, "virtual_time_s": 1590.063466, "measure_result": "no_signal"}}
2026-09-13 10:15:57,770 INFO request {"path": "/measure", "payload": {"arena_id": "default", "robot_id": "202601002029", "request_id": "ab57019b63d949b7aad2ad15c9972eb2", "position": {"x": -565.0000000000005, "y": -978.6087062764154}, "channel": 6}, "attempt": 1}
2026-09-13 10:15:57,770 INFO response {"request_id": "ab57019b63d949b7aad2ad15c9972eb2", "http_status": 200, "body": {"accepted": true, "real_timestamp_ms": 1789265753692, "virtual_time_s": 1596.063466, "measure_result": "no_signal"}}
2026-09-13 10:15:57,770 INFO request {"path": "/measure", "payload": {"arena_id": "default", "robot_id": "202601002029", "request_id": "39e5e279d1e34eed98f09edc3bc4a93d", "position": {"x": -565.0000000000005, "y": -978.6087062764154}, "channel": 7}, "attempt": 1}
2026-09-13 10:15:57,771 INFO response {"request_id": "39e5e279d1e34eed98f09edc3bc4a93d", "http_status": 200, "body": {"accepted": true, "real_timestamp_ms": 1789265753693, "virtual_time_s": 1602.063466, "measure_result": "no_signal"}}
2026-09-13 10:15:57,771 INFO request {"path": "/measure", "payload": {"arena_id": "default", "robot_id": "202601002029", "request_id": "43fd8ddf5e1b45699d5e3a4472c23989", "position": {"x": -565.0000000000005, "y": -978.6087062764154}, "channel": 12}, "attempt": 1}
2026-09-13 10:15:57,772 INFO response {"request_id": "43fd8ddf5e1b45699d5e3a4472c23989", "http_status": 200, "body": {"accepted": true, "real_timestamp_ms": 1789265753694, "virtual_time_s": 1608.063466, "measure_result": "no_signal"}}
2026-09-13 10:15:57,773 INFO request {"path": "/measure", "payload": {"arena_id": "default", "robot_id": "202601002029", "request_id": "dea6cc7d00c64d04ba3cec66720edd83", "position": {"x": -565.0000000000005, "y": -978.6087062764154}, "channel": 13}, "attempt": 1}
2026-09-13 10:15:57,773 INFO response {"request_id": "dea6cc7d00c64d04ba3cec66720edd83", "http_status": 200, "body": {"accepted": true, "real_timestamp_ms": 1789265753695, "virtual_time_s": 1614.063466, "measure_result": "no_signal"}}
2026-09-13 10:15:57,773 INFO request {"path": "/measure", "payload": {"arena_id": "default", "robot_id": "202601002029", "request_id": "76d18cd6ab0942968e47bd311e82d1a3", "position": {"x": -565.0000000000005, "y": -978.6087062764154}, "channel": 15}, "attempt": 1}
2026-09-13 10:15:57,790 INFO response {"request_id": "76d18cd6ab0942968e47bd311e82d1a3", "http_status": 200, "body": {"accepted": true, "real_timestamp_ms": 1789265753712, "virtual_time_s": 1620.063466, "measure_result": "no_signal"}}
2026-09-13 10:15:57,791 INFO request {"path": "/measure", "payload": {"arena_id": "default", "robot_id": "202601002029", "request_id": "b755cad0f521425fad1dfd4aa401cd8f", "position": {"x": -565.0000000000005, "y": -978.6087062764154}, "channel": 16}, "attempt": 1}
2026-09-13 10:15:57,793 INFO response {"request_id": "b755cad0f521425fad1dfd4aa401cd8f", "http_status": 200, "body": {"accepted": true, "real_timestamp_ms": 1789265753714, "virtual_time_s": 1626.063466, "measure_result": "no_signal"}}
2026-09-13 10:15:57,793 INFO request {"path": "/measure", "payload": {"arena_id": "default", "robot_id": "202601002029", "request_id": "3ce0c799bfb1459297035a030d3d6dbe", "position": {"x": -565.0000000000005, "y": -978.6087062764154}, "channel": 17}, "attempt": 1}
2026-09-13 10:15:57,796 INFO response {"request_id": "3ce0c799bfb1459297035a030d3d6dbe", "http_status": 200, "body": {"accepted": true, "real_timestamp_ms": 1789265753717, "virtual_time_s": 1632.063466, "measure_result": "no_signal"}}
2026-09-13 10:15:57,797 INFO request {"path": "/measure", "payload": {"arena_id": "default", "robot_id": "202601002029", "request_id": "b09afa26468a45be8b3f6e251477aafd", "position": {"x": -565.0000000000005, "y": -978.6087062764154}, "channel": 18}, "attempt": 1}
2026-09-13 10:15:57,822 INFO response {"request_id": "b09afa26468a45be8b3f6e251477aafd", "http_status": 200, "body": {"accepted": true, "real_timestamp_ms": 1789265753744, "virtual_time_s": 1638.063466, "measure_result": "no_signal"}}
2026-09-13 10:15:57,823 INFO request {"path": "/measure", "payload": {"arena_id": "default", "robot_id": "202601002029", "request_id": "f758d7e02ed34ee781539ab438473241", "position": {"x": -565.0000000000005, "y": -978.6087062764154}, "channel": 20}, "attempt": 1}
2026-09-13 10:15:57,826 INFO response {"request_id": "f758d7e02ed34ee781539ab438473241", "http_status": 200, "body": {"accepted": true, "real_timestamp_ms": 1789265753747, "virtual_time_s": 1644.063466, "measure_result": "no_signal"}}
2026-09-13 10:15:57,843 INFO request {"path": "/measure", "payload": {"arena_id": "default", "robot_id": "202601002029", "request_id": "3de53332cdd7485e88eaed71febb9cda", "position": {"x": -1130.0, "y": 1.3838508830365092e-13}, "channel": 20}, "attempt": 1}
2026-09-13 10:15:57,846 INFO response {"request_id": "3de53332cdd7485e88eaed71febb9cda", "http_status": 200, "body": {"accepted": true, "real_timestamp_ms": 1789265753767, "virtual_time_s": 1875.063466, "measure_result": "no_signal"}}
2026-09-13 10:15:57,846 INFO request {"path": "/measure", "payload": {"arena_id": "default", "robot_id": "202601002029", "request_id": "d27bb1d1fc3c477abc7d834855037a05", "position": {"x": -1130.0, "y": 1.3838508830365092e-13}, "channel": 4}, "attempt": 1}
2026-09-13 10:15:57,870 INFO response {"request_id": "d27bb1d1fc3c477abc7d834855037a05", "http_status": 200, "body": {"accepted": true, "real_timestamp_ms": 1789265753791, "virtual_time_s": 1881.063466, "measure_result": "no_signal"}}
2026-09-13 10:15:57,871 INFO request {"path": "/measure", "payload": {"arena_id": "default", "robot_id": "202601002029", "request_id": "4d009f646ee74df79eab96ffe3c7d37d", "position": {"x": -1130.0, "y": 1.3838508830365092e-13}, "channel": 6}, "attempt": 1}
2026-09-13 10:15:57,884 INFO response {"request_id": "4d009f646ee74df79eab96ffe3c7d37d", "http_status": 200, "body": {"accepted": true, "real_timestamp_ms": 1789265753806, "virtual_time_s": 1887.063466, "measure_result": "no_signal"}}
2026-09-13 10:15:57,885 INFO request {"path": "/measure", "payload": {"arena_id": "default", "robot_id": "202601002029", "request_id": "2130667e035d4425b739dcf0a3bf2b31", "position": {"x": -1130.0, "y": 1.3838508830365092e-13}, "channel": 7}, "attempt": 1}
2026-09-13 10:15:57,887 INFO response {"request_id": "2130667e035d4425b739dcf0a3bf2b31", "http_status": 200, "body": {"accepted": true, "real_timestamp_ms": 1789265753808, "virtual_time_s": 1893.063466, "measure_result": "no_signal"}}
2026-09-13 10:15:57,887 INFO request {"path": "/measure", "payload": {"arena_id": "default", "robot_id": "202601002029", "request_id": "a8ce790c565f41d49fa222b7523b06e7", "position": {"x": -1130.0, "y": 1.3838508830365092e-13}, "channel": 12}, "attempt": 1}
2026-09-13 10:15:57,900 INFO response {"request_id": "a8ce790c565f41d49fa222b7523b06e7", "http_status": 200, "body": {"accepted": true, "real_timestamp_ms": 1789265753821, "virtual_time_s": 1899.063466, "measure_result": "no_signal"}}
2026-09-13 10:15:57,901 INFO request {"path": "/measure", "payload": {"arena_id": "default", "robot_id": "202601002029", "request_id": "58d79cd41280412a95f36cb535c0a120", "position": {"x": -1130.0, "y": 1.3838508830365092e-13}, "channel": 13}, "attempt": 1}
2026-09-13 10:15:57,931 INFO response {"request_id": "58d79cd41280412a95f36cb535c0a120", "http_status": 200, "body": {"accepted": true, "real_timestamp_ms": 1789265753851, "virtual_time_s": 1905.063466, "measure_result": "no_signal"}}
2026-09-13 10:15:57,931 INFO request {"path": "/measure", "payload": {"arena_id": "default", "robot_id": "202601002029", "request_id": "ee8936d135454f83aa882d8f40fe1ac3", "position": {"x": -1130.0, "y": 1.3838508830365092e-13}, "channel": 15}, "attempt": 1}
2026-09-13 10:15:57,932 INFO response {"request_id": "ee8936d135454f83aa882d8f40fe1ac3", "http_status": 200, "body": {"accepted": true, "real_timestamp_ms": 1789265753854, "virtual_time_s": 1911.063466, "measure_result": "no_signal"}}
2026-09-13 10:15:57,933 INFO request {"path": "/measure", "payload": {"arena_id": "default", "robot_id": "202601002029", "request_id": "2c028d13ea7b415d990ce06c32f5bc18", "position": {"x": -1130.0, "y": 1.3838508830365092e-13}, "channel": 16}, "attempt": 1}
2026-09-13 10:15:57,933 INFO response {"request_id": "2c028d13ea7b415d990ce06c32f5bc18", "http_status": 200, "body": {"accepted": true, "real_timestamp_ms": 1789265753855, "virtual_time_s": 1917.063466, "measure_result": "no_signal"}}
2026-09-13 10:15:57,934 INFO request {"path": "/measure", "payload": {"arena_id": "default", "robot_id": "202601002029", "request_id": "903d86f065f34d8dbaf70c14b20a29da", "position": {"x": -1130.0, "y": 1.3838508830365092e-13}, "channel": 17}, "attempt": 1}
2026-09-13 10:15:57,935 INFO response {"request_id": "903d86f065f34d8dbaf70c14b20a29da", "http_status": 200, "body": {"accepted": true, "real_timestamp_ms": 1789265753857, "virtual_time_s": 1923.063466, "measure_result": "no_signal"}}
2026-09-13 10:15:57,935 INFO request {"path": "/measure", "payload": {"arena_id": "default", "robot_id": "202601002029", "request_id": "3c1e9c3527114899b230c62792797525", "position": {"x": -1130.0, "y": 1.3838508830365092e-13}, "channel": 18}, "attempt": 1}
2026-09-13 10:15:57,938 INFO response {"request_id": "3c1e9c3527114899b230c62792797525", "http_status": 200, "body": {"accepted": true, "real_timestamp_ms": 1789265753859, "virtual_time_s": 1929.063466, "measure_result": "direction", "svd_deg": 138.73}}
2026-09-13 10:15:58,152 INFO request {"path": "/measure", "payload": {"arena_id": "default", "robot_id": "202601002029", "request_id": "0f2aa70b842845f2aa4efdd68fa69dba", "position": {"x": -1130.0, "y": 1.3838508830365092e-13}, "channel": 1}, "attempt": 1}
2026-09-13 10:15:58,166 INFO response {"request_id": "0f2aa70b842845f2aa4efdd68fa69dba", "http_status": 200, "body": {"accepted": true, "real_timestamp_ms": 1789265754088, "virtual_time_s": 1935.063466, "measure_result": "direction", "svd_deg": 3.27}}
2026-09-13 10:15:58,284 INFO request {"path": "/measure", "payload": {"arena_id": "default", "robot_id": "202601002029", "request_id": "c955f284b71b41d6afb99ae82903fd25", "position": {"x": -1130.0, "y": 1.3838508830365092e-13}, "channel": 3}, "attempt": 1}
2026-09-13 10:15:58,285 INFO response {"request_id": "c955f284b71b41d6afb99ae82903fd25", "http_status": 200, "body": {"accepted": true, "real_timestamp_ms": 1789265754207, "virtual_time_s": 1941.063466, "measure_result": "direction", "svd_deg": 151.51}}
2026-09-13 10:16:04,002 INFO request {"path": "/measure", "payload": {"arena_id": "default", "robot_id": "202601002029", "request_id": "c03cd0083154467ba15499f264b90dbd", "position": {"x": -1411.84397145936, "y": 747.558548445724}, "channel": 18}, "attempt": 1}
2026-09-13 10:16:04,003 INFO response {"request_id": "c03cd0083154467ba15499f264b90dbd", "http_status": 200, "body": {"accepted": true, "real_timestamp_ms": 1789265759925, "virtual_time_s": 2106.848297, "measure_result": "direction", "svd_deg": 279.36}}
2026-09-13 10:16:04,080 INFO request {"path": "/measure", "payload": {"arena_id": "default", "robot_id": "202601002029", "request_id": "9dc20192d50d43359a7a6419254425cc", "position": {"x": -1411.84397145936, "y": 747.558548445724}, "channel": 3}, "attempt": 1}
2026-09-13 10:16:04,082 INFO response {"request_id": "9dc20192d50d43359a7a6419254425cc", "http_status": 200, "body": {"accepted": true, "real_timestamp_ms": 1789265760004, "virtual_time_s": 2112.848297, "measure_result": "direction", "svd_deg": 249.84}}
2026-09-13 10:16:04,963 INFO request {"path": "/measure", "payload": {"arena_id": "default", "robot_id": "202601002029", "request_id": "2bb02ea6764b4e4ca6c6beba05814ee2", "position": {"x": -1322.665342853445, "y": 568.2253652057119}, "channel": 18}, "attempt": 1}
2026-09-13 10:16:04,964 INFO response {"request_id": "2bb02ea6764b4e4ca6c6beba05814ee2", "http_status": 200, "body": {"accepted": true, "real_timestamp_ms": 1789265760886, "virtual_time_s": 2158.904866, "measure_result": "direction", "svd_deg": 270.85}}
2026-09-13 10:16:04,985 INFO request {"path": "/clear", "payload": {"arena_id": "default", "robot_id": "202601002029", "request_id": "4c44b9048b44412c9b15fcfd97213096", "position": {"x": -1593.6406656741838, "y": 251.8433446176668}, "channel": 3}, "attempt": 1}
2026-09-13 10:16:04,987 INFO response {"request_id": "4c44b9048b44412c9b15fcfd97213096", "http_status": 200, "body": {"accepted": true, "real_timestamp_ms": 1789265760909, "virtual_time_s": 2247.21758, "clear_result": "success"}}
2026-09-13 10:16:04,989 INFO request {"path": "/clear", "payload": {"arena_id": "default", "robot_id": "202601002029", "request_id": "b206eeaff99e4d0abcc35352ebf0a233", "position": {"x": -1316.4538534390508, "y": 163.94279011271155}, "channel": 18}, "attempt": 1}
2026-09-13 10:16:04,990 INFO response {"request_id": "b206eeaff99e4d0abcc35352ebf0a233", "http_status": 200, "body": {"accepted": true, "real_timestamp_ms": 1789265760912, "virtual_time_s": 2310.375653, "clear_result": "success"}}
2026-09-13 10:16:05,056 INFO request {"path": "/measure", "payload": {"arena_id": "default", "robot_id": "202601002029", "request_id": "d801822dd24d487eafd77bce74f23ce1", "position": {"x": -1316.4538534390508, "y": 163.94279011271155}, "channel": 14}, "attempt": 1}
2026-09-13 10:16:05,070 INFO response {"request_id": "d801822dd24d487eafd77bce74f23ce1", "http_status": 200, "body": {"accepted": true, "real_timestamp_ms": 1789265760992, "virtual_time_s": 2316.375653, "measure_result": "direction", "svd_deg": 123.93}}
2026-09-13 10:16:05,938 INFO request {"path": "/measure", "payload": {"arena_id": "default", "robot_id": "202601002029", "request_id": "4d2aad0f3fee4bed8ae899e9121fa8f3", "position": {"x": -1343.8689204729797, "y": 563.0022018542782}, "channel": 14}, "attempt": 1}
2026-09-13 10:16:05,940 INFO response {"request_id": "4d2aad0f3fee4bed8ae899e9121fa8f3", "http_status": 200, "body": {"accepted": true, "real_timestamp_ms": 1789265761862, "virtual_time_s": 2401.375653, "measure_result": "direction", "svd_deg": 195.6}}
2026-09-13 10:16:05,967 INFO request {"path": "/clear", "payload": {"arena_id": "default", "robot_id": "202601002029", "request_id": "40e93c26121642bf91eceb978699369b", "position": {"x": -1546.9992475736399, "y": 506.4468777691874}, "channel": 14}, "attempt": 1}
2026-09-13 10:16:05,969 INFO response {"request_id": "40e93c26121642bf91eceb978699369b", "http_status": 200, "body": {"accepted": true, "real_timestamp_ms": 1789265761891, "virtual_time_s": 2448.546939, "clear_result": "success"}}
2026-09-13 10:16:05,972 INFO request {"path": "/measure", "payload": {"arena_id": "default", "robot_id": "202601002029", "request_id": "790c4bb6c76d42a895a7ce91fc489622", "position": {"x": -458.4073262086756, "y": 637.4959030459992}, "channel": 2}, "attempt": 1}
2026-09-13 10:16:05,983 INFO response {"request_id": "790c4bb6c76d42a895a7ce91fc489622", "http_status": 200, "body": {"accepted": true, "real_timestamp_ms": 1789265761905, "virtual_time_s": 2673.837269, "measure_result": "direction", "svd_deg": 1.48}}
2026-09-13 10:16:06,091 INFO request {"path": "/measure", "payload": {"arena_id": "default", "robot_id": "202601002029", "request_id": "2acf07b9b2ba46b9b4079dfeef0d2083", "position": {"x": -458.4073262086756, "y": 637.4959030459992}, "channel": 1}, "attempt": 1}
2026-09-13 10:16:06,110 INFO response {"request_id": "2acf07b9b2ba46b9b4079dfeef0d2083", "http_status": 200, "body": {"accepted": true, "real_timestamp_ms": 1789265762032, "virtual_time_s": 2679.837269, "measure_result": "direction", "svd_deg": 287.81}}
2026-09-13 10:16:06,157 INFO request {"path": "/clear", "payload": {"arena_id": "default", "robot_id": "202601002029", "request_id": "1a958aab922746fc905c2915aee701d3", "position": {"x": -60.082858423240594, "y": 647.239199965698}, "channel": 2}, "attempt": 1}
2026-09-13 10:16:06,171 INFO response {"request_id": "1a958aab922746fc905c2915aee701d3", "http_status": 200, "body": {"accepted": true, "real_timestamp_ms": 1789265762093, "virtual_time_s": 2764.525992, "clear_result": "success"}}
2026-09-13 10:16:06,173 INFO request {"path": "/clear", "payload": {"arena_id": "default", "robot_id": "202601002029", "request_id": "cbee5e50651f47b7b726bc0a33d8b925", "position": {"x": -338.4845757019629, "y": 465.7326550465249}, "channel": 9}, "attempt": 1}
2026-09-13 10:16:06,187 INFO response {"request_id": "cbee5e50651f47b7b726bc0a33d8b925", "http_status": 200, "body": {"accepted": true, "real_timestamp_ms": 1789265762108, "virtual_time_s": 2835.994674, "clear_result": "success"}}
2026-09-13 10:16:06,189 INFO request {"path": "/clear", "payload": {"arena_id": "default", "robot_id": "202601002029", "request_id": "4df3294281b0429ea91ac714e3d38506", "position": {"x": -270.5509523656251, "y": 53.39398691219231}, "channel": 1}, "attempt": 1}
2026-09-13 10:16:06,202 INFO response {"request_id": "4df3294281b0429ea91ac714e3d38506", "http_status": 200, "body": {"accepted": true, "real_timestamp_ms": 1789265762125, "virtual_time_s": 2924.574134, "clear_result": "success"}}
2026-09-13 10:16:06,206 INFO request {"path": "/measure", "payload": {"arena_id": "default", "robot_id": "202601002029", "request_id": "ddea95e7cd46410b9b9a9354c4d60725", "position": {"x": 510.7379732995593, "y": -573.429922197443}, "channel": 19}, "attempt": 1}
2026-09-13 10:16:06,207 INFO response {"request_id": "ddea95e7cd46410b9b9a9354c4d60725", "http_status": 200, "body": {"accepted": true, "real_timestamp_ms": 1789265762129, "virtual_time_s": 3130.905919, "measure_result": "direction", "svd_deg": 313.57}}
2026-09-13 10:16:06,231 INFO request {"path": "/clear", "payload": {"arena_id": "default", "robot_id": "202601002029", "request_id": "6ae335c45ff649b888b83e6126a22f43", "position": {"x": 784.862902134535, "y": -861.4284727069016}, "channel": 19}, "attempt": 1}
2026-09-13 10:16:06,233 INFO response {"request_id": "6ae335c45ff649b888b83e6126a22f43", "http_status": 200, "body": {"accepted": true, "real_timestamp_ms": 1789265762154, "virtual_time_s": 3215.426392, "clear_result": "success"}}
2026-09-13 10:16:06,235 INFO request {"path": "/measure", "payload": {"arena_id": "default", "robot_id": "202601002029", "request_id": "45643ee58feb4497b12ca424ca94d004", "position": {"x": 598.492819528595, "y": -25.03673816761807}, "channel": 5}, "attempt": 1}
2026-09-13 10:16:06,236 INFO response {"request_id": "45643ee58feb4497b12ca424ca94d004", "http_status": 200, "body": {"accepted": true, "real_timestamp_ms": 1789265762158, "virtual_time_s": 3392.807248, "measure_result": "direction", "svd_deg": 22.61}}
2026-09-13 10:16:06,998 INFO request {"path": "/measure", "payload": {"arena_id": "default", "robot_id": "202601002029", "request_id": "d52addc819f948bbacbc51a8ce4c7c78", "position": {"x": 1093.0999471943546, "y": 605.9583548053699}, "channel": 5}, "attempt": 1}
2026-09-13 10:16:07,000 INFO response {"request_id": "d52addc819f948bbacbc51a8ce4c7c78", "http_status": 200, "body": {"accepted": true, "real_timestamp_ms": 1789265762921, "virtual_time_s": 3558.155746, "measure_result": "direction", "svd_deg": 281.02}}
2026-09-13 10:16:07,066 INFO request {"path": "/measure", "payload": {"arena_id": "default", "robot_id": "202601002029", "request_id": "935b397611f34aaf941356107c3026f8", "position": {"x": 1093.0999471943546, "y": 605.9583548053699}, "channel": 10}, "attempt": 1}
2026-09-13 10:16:07,067 INFO response {"request_id": "935b397611f34aaf941356107c3026f8", "http_status": 200, "body": {"accepted": true, "real_timestamp_ms": 1789265762989, "virtual_time_s": 3564.155746, "measure_result": "direction", "svd_deg": 344.86}}
2026-09-13 10:16:07,083 INFO request {"path": "/clear", "payload": {"arena_id": "default", "robot_id": "202601002029", "request_id": "0a208f04a5a74f1bbf5c75e532c8c3b9", "position": {"x": 1169.4214146577729, "y": 212.91158288999634}, "channel": 5}, "attempt": 1}
2026-09-13 10:16:07,084 INFO response {"request_id": "0a208f04a5a74f1bbf5c75e532c8c3b9", "http_status": 200, "body": {"accepted": true, "real_timestamp_ms": 1789265763006, "virtual_time_s": 3649.233391, "clear_result": "success"}}
2026-09-13 10:16:07,084 INFO request {"path": "/clear", "payload": {"arena_id": "default", "robot_id": "202601002029", "request_id": "3397235882cb454cb81775227d2100ed", "position": {"x": 1552.789918050611, "y": 481.8790700118268}, "channel": 10}, "attempt": 1}
2026-09-13 10:16:07,112 INFO response {"request_id": "3397235882cb454cb81775227d2100ed", "http_status": 200, "body": {"accepted": true, "real_timestamp_ms": 1789265763033, "virtual_time_s": 3747.895532, "clear_result": "success"}}
2026-09-13 10:16:07,112 INFO request {"path": "/exit", "payload": {"arena_id": "default", "robot_id": "202601002029", "request_id": "e9f3fe74df11410b98d9094bc6de3e6b"}, "attempt": 1}
2026-09-13 10:16:07,114 INFO response {"request_id": "e9f3fe74df11410b98d9094bc6de3e6b", "http_status": 200, "body": {"accepted": true, "real_timestamp_ms": 1789265763036, "virtual_time_s": 3747.895532, "exit_reason": "user_exit"}}
