2026-09-12 14:36:33,787 INFO request {"path": "/enter", "payload": {"arena_id": "default", "robot_id": "202601002029", "request_id": "e128905170bd47f8b41ca1a6e0cb7319"}, "attempt": 1}
2026-09-12 14:36:33,792 INFO response {"request_id": "e128905170bd47f8b41ca1a6e0cb7319", "http_status": 200, "body": {"accepted": true, "real_timestamp_ms": 1789194990428, "virtual_time_s": 0, "max_virtual_duration_s": 360000, "max_real_duration_s": 1200, "remaining_real_duration_s": 1200}}
2026-09-12 14:36:33,792 INFO request {"path": "/measure", "payload": {"arena_id": "default", "robot_id": "202601002029", "request_id": "83c75c29f2694fe99762f60f8ce71358", "position": {"x": 0.0, "y": 0.0}, "channel": 1}, "attempt": 1}
2026-09-12 14:36:33,808 INFO response {"request_id": "83c75c29f2694fe99762f60f8ce71358", "http_status": 200, "body": {"accepted": true, "real_timestamp_ms": 1789194990443, "virtual_time_s": 5, "measure_result": "no_signal"}}
2026-09-12 14:36:33,809 INFO request {"path": "/measure", "payload": {"arena_id": "default", "robot_id": "202601002029", "request_id": "1084c84a3aee4503a031a93e98520dad", "position": {"x": 0.0, "y": 0.0}, "channel": 2}, "attempt": 1}
2026-09-12 14:36:33,812 INFO response {"request_id": "1084c84a3aee4503a031a93e98520dad", "http_status": 200, "body": {"accepted": true, "real_timestamp_ms": 1789194990448, "virtual_time_s": 11, "measure_result": "no_signal"}}
2026-09-12 14:36:33,812 INFO request {"path": "/measure", "payload": {"arena_id": "default", "robot_id": "202601002029", "request_id": "a02dc07bb5794d258fb7f0899d48484e", "position": {"x": 0.0, "y": 0.0}, "channel": 3}, "attempt": 1}
2026-09-12 14:36:33,814 INFO response {"request_id": "a02dc07bb5794d258fb7f0899d48484e", "http_status": 200, "body": {"accepted": true, "real_timestamp_ms": 1789194990449, "virtual_time_s": 17, "measure_result": "no_signal"}}
2026-09-12 14:36:33,814 INFO request {"path": "/measure", "payload": {"arena_id": "default", "robot_id": "202601002029", "request_id": "c1660dfa0e73490e8f2fafcb0ddc348a", "position": {"x": 0.0, "y": 0.0}, "channel": 4}, "attempt": 1}
2026-09-12 14:36:33,827 INFO response {"request_id": "c1660dfa0e73490e8f2fafcb0ddc348a", "http_status": 200, "body": {"accepted": true, "real_timestamp_ms": 1789194990462, "virtual_time_s": 23, "measure_result": "direction", "svd_deg": 314.98}}
2026-09-12 14:36:33,836 INFO request {"path": "/measure", "payload": {"arena_id": "default", "robot_id": "202601002029", "request_id": "561b26623a0c407cb93fdac8c7b49ef8", "position": {"x": 0.0, "y": 0.0}, "channel": 5}, "attempt": 1}
2026-09-12 14:36:33,838 INFO response {"request_id": "561b26623a0c407cb93fdac8c7b49ef8", "http_status": 200, "body": {"accepted": true, "real_timestamp_ms": 1789194990474, "virtual_time_s": 29, "measure_result": "direction", "svd_deg": 192.37}}
2026-09-12 14:36:33,841 INFO request {"path": "/measure", "payload": {"arena_id": "default", "robot_id": "202601002029", "request_id": "e6d323f6d1634ddf86f6483943a1c35e", "position": {"x": 0.0, "y": 0.0}, "channel": 6}, "attempt": 1}
2026-09-12 14:36:33,855 INFO response {"request_id": "e6d323f6d1634ddf86f6483943a1c35e", "http_status": 200, "body": {"accepted": true, "real_timestamp_ms": 1789194990492, "virtual_time_s": 35, "measure_result": "direction", "svd_deg": 9.44}}
2026-09-12 14:36:33,860 INFO request {"path": "/measure", "payload": {"arena_id": "default", "robot_id": "202601002029", "request_id": "7bea486679b3429893ea17b87e6ab798", "position": {"x": 0.0, "y": 0.0}, "channel": 7}, "attempt": 1}
2026-09-12 14:36:33,862 INFO response {"request_id": "7bea486679b3429893ea17b87e6ab798", "http_status": 200, "body": {"accepted": true, "real_timestamp_ms": 1789194990498, "virtual_time_s": 41, "measure_result": "no_signal"}}
2026-09-12 14:36:33,862 INFO request {"path": "/measure", "payload": {"arena_id": "default", "robot_id": "202601002029", "request_id": "bdabdbc5e4364c4b89a8e9e9cf0ded43", "position": {"x": 0.0, "y": 0.0}, "channel": 8}, "attempt": 1}
2026-09-12 14:36:33,875 INFO response {"request_id": "bdabdbc5e4364c4b89a8e9e9cf0ded43", "http_status": 200, "body": {"accepted": true, "real_timestamp_ms": 1789194990511, "virtual_time_s": 47, "measure_result": "direction", "svd_deg": 138.47}}
2026-09-12 14:36:33,879 INFO request {"path": "/measure", "payload": {"arena_id": "default", "robot_id": "202601002029", "request_id": "6bd87832117145be98e623a9684883cb", "position": {"x": 0.0, "y": 0.0}, "channel": 9}, "attempt": 1}
2026-09-12 14:36:33,895 INFO response {"request_id": "6bd87832117145be98e623a9684883cb", "http_status": 200, "body": {"accepted": true, "real_timestamp_ms": 1789194990530, "virtual_time_s": 53, "measure_result": "no_signal"}}
2026-09-12 14:36:33,895 INFO request {"path": "/measure", "payload": {"arena_id": "default", "robot_id": "202601002029", "request_id": "3e8a1527e01a424795a57e6727ceb7af", "position": {"x": 0.0, "y": 0.0}, "channel": 10}, "attempt": 1}
2026-09-12 14:36:33,916 INFO response {"request_id": "3e8a1527e01a424795a57e6727ceb7af", "http_status": 200, "body": {"accepted": true, "real_timestamp_ms": 1789194990551, "virtual_time_s": 59, "measure_result": "direction", "svd_deg": 74.26}}
2026-09-12 14:36:33,921 INFO request {"path": "/measure", "payload": {"arena_id": "default", "robot_id": "202601002029", "request_id": "a35a96723ae24bf1ac4233f41c4af282", "position": {"x": 0.0, "y": 0.0}, "channel": 11}, "attempt": 1}
2026-09-12 14:36:33,935 INFO response {"request_id": "a35a96723ae24bf1ac4233f41c4af282", "http_status": 200, "body": {"accepted": true, "real_timestamp_ms": 1789194990571, "virtual_time_s": 65, "measure_result": "no_signal"}}
2026-09-12 14:36:33,936 INFO request {"path": "/measure", "payload": {"arena_id": "default", "robot_id": "202601002029", "request_id": "0fbe3517c96140c9b187f755e7fced01", "position": {"x": 0.0, "y": 0.0}, "channel": 12}, "attempt": 1}
2026-09-12 14:36:33,938 INFO response {"request_id": "0fbe3517c96140c9b187f755e7fced01", "http_status": 200, "body": {"accepted": true, "real_timestamp_ms": 1789194990574, "virtual_time_s": 71, "measure_result": "direction", "svd_deg": 33.64}}
2026-09-12 14:36:33,943 INFO request {"path": "/measure", "payload": {"arena_id": "default", "robot_id": "202601002029", "request_id": "29b3f658d116438e8e96f05ad0771e86", "position": {"x": 0.0, "y": 0.0}, "channel": 13}, "attempt": 1}
2026-09-12 14:36:33,964 INFO response {"request_id": "29b3f658d116438e8e96f05ad0771e86", "http_status": 200, "body": {"accepted": true, "real_timestamp_ms": 1789194990600, "virtual_time_s": 77, "measure_result": "no_signal"}}
2026-09-12 14:36:33,964 INFO request {"path": "/measure", "payload": {"arena_id": "default", "robot_id": "202601002029", "request_id": "b4e6cd8086b348aa8a8da6c068425a06", "position": {"x": 0.0, "y": 0.0}, "channel": 14}, "attempt": 1}
2026-09-12 14:36:33,985 INFO response {"request_id": "b4e6cd8086b348aa8a8da6c068425a06", "http_status": 200, "body": {"accepted": true, "real_timestamp_ms": 1789194990620, "virtual_time_s": 83, "measure_result": "direction", "svd_deg": 197.03}}
2026-09-12 14:36:33,990 INFO request {"path": "/measure", "payload": {"arena_id": "default", "robot_id": "202601002029", "request_id": "812a7f27b6694493a8ed2d5a913d8b37", "position": {"x": 0.0, "y": 0.0}, "channel": 15}, "attempt": 1}
2026-09-12 14:36:34,005 INFO response {"request_id": "812a7f27b6694493a8ed2d5a913d8b37", "http_status": 200, "body": {"accepted": true, "real_timestamp_ms": 1789194990640, "virtual_time_s": 89, "measure_result": "direction", "svd_deg": 235.13}}
2026-09-12 14:36:34,010 INFO request {"path": "/measure", "payload": {"arena_id": "default", "robot_id": "202601002029", "request_id": "9de508a38df94b5b931709c9058eb02c", "position": {"x": 0.0, "y": 0.0}, "channel": 16}, "attempt": 1}
2026-09-12 14:36:34,023 INFO response {"request_id": "9de508a38df94b5b931709c9058eb02c", "http_status": 200, "body": {"accepted": true, "real_timestamp_ms": 1789194990659, "virtual_time_s": 95, "measure_result": "no_signal"}}
2026-09-12 14:36:34,024 INFO request {"path": "/measure", "payload": {"arena_id": "default", "robot_id": "202601002029", "request_id": "af703ba347b3450c81ed1b8f02c143e4", "position": {"x": 0.0, "y": 0.0}, "channel": 17}, "attempt": 1}
2026-09-12 14:36:34,043 INFO response {"request_id": "af703ba347b3450c81ed1b8f02c143e4", "http_status": 200, "body": {"accepted": true, "real_timestamp_ms": 1789194990679, "virtual_time_s": 101, "measure_result": "no_signal"}}
2026-09-12 14:36:34,044 INFO request {"path": "/measure", "payload": {"arena_id": "default", "robot_id": "202601002029", "request_id": "ec73bd3fdfba44df9689161a2ccd69da", "position": {"x": 0.0, "y": 0.0}, "channel": 18}, "attempt": 1}
2026-09-12 14:36:34,046 INFO response {"request_id": "ec73bd3fdfba44df9689161a2ccd69da", "http_status": 200, "body": {"accepted": true, "real_timestamp_ms": 1789194990682, "virtual_time_s": 107, "measure_result": "no_signal"}}
2026-09-12 14:36:34,047 INFO request {"path": "/measure", "payload": {"arena_id": "default", "robot_id": "202601002029", "request_id": "5c64c62a3d4f4a1db5e0e4ae660bf251", "position": {"x": 0.0, "y": 0.0}, "channel": 19}, "attempt": 1}
2026-09-12 14:36:34,048 INFO response {"request_id": "5c64c62a3d4f4a1db5e0e4ae660bf251", "http_status": 200, "body": {"accepted": true, "real_timestamp_ms": 1789194990684, "virtual_time_s": 113, "measure_result": "no_signal"}}
2026-09-12 14:36:34,048 INFO request {"path": "/measure", "payload": {"arena_id": "default", "robot_id": "202601002029", "request_id": "b91f533055464a58adcb3108e8340206", "position": {"x": 0.0, "y": 0.0}, "channel": 20}, "attempt": 1}
2026-09-12 14:36:34,051 INFO response {"request_id": "b91f533055464a58adcb3108e8340206", "http_status": 200, "body": {"accepted": true, "real_timestamp_ms": 1789194990687, "virtual_time_s": 119, "measure_result": "no_signal"}}
2026-09-12 14:36:34,051 INFO request {"path": "/measure", "payload": {"arena_id": "default", "robot_id": "202601002029", "request_id": "4ee77a59813642798f0a6f7810f43a73", "position": {"x": 1200.0, "y": 0.0}, "channel": 20}, "attempt": 1}
2026-09-12 14:36:34,072 INFO response {"request_id": "4ee77a59813642798f0a6f7810f43a73", "http_status": 200, "body": {"accepted": true, "real_timestamp_ms": 1789194990708, "virtual_time_s": 364, "measure_result": "no_signal"}}
2026-09-12 14:36:34,073 INFO request {"path": "/measure", "payload": {"arena_id": "default", "robot_id": "202601002029", "request_id": "f12ae42bbc07409a943e8ab521051419", "position": {"x": 1200.0, "y": 0.0}, "channel": 1}, "attempt": 1}
2026-09-12 14:36:34,075 INFO response {"request_id": "f12ae42bbc07409a943e8ab521051419", "http_status": 200, "body": {"accepted": true, "real_timestamp_ms": 1789194990711, "virtual_time_s": 370, "measure_result": "no_signal"}}
2026-09-12 14:36:34,075 INFO request {"path": "/measure", "payload": {"arena_id": "default", "robot_id": "202601002029", "request_id": "c72a416fdb894f91bda150188478cd91", "position": {"x": 1200.0, "y": 0.0}, "channel": 2}, "attempt": 1}
2026-09-12 14:36:34,078 INFO response {"request_id": "c72a416fdb894f91bda150188478cd91", "http_status": 200, "body": {"accepted": true, "real_timestamp_ms": 1789194990713, "virtual_time_s": 376, "measure_result": "direction", "svd_deg": 85.63}}
2026-09-12 14:36:34,082 INFO request {"path": "/measure", "payload": {"arena_id": "default", "robot_id": "202601002029", "request_id": "453fea14eb6c4d26b8a545890429a7d3", "position": {"x": 1200.0, "y": 0.0}, "channel": 3}, "attempt": 1}
2026-09-12 14:36:34,084 INFO response {"request_id": "453fea14eb6c4d26b8a545890429a7d3", "http_status": 200, "body": {"accepted": true, "real_timestamp_ms": 1789194990720, "virtual_time_s": 382, "measure_result": "no_signal"}}
2026-09-12 14:36:34,084 INFO request {"path": "/measure", "payload": {"arena_id": "default", "robot_id": "202601002029", "request_id": "67b1374a14f449b6a4718275f27fb500", "position": {"x": 1200.0, "y": 0.0}, "channel": 7}, "attempt": 1}
2026-09-12 14:36:34,085 INFO response {"request_id": "67b1374a14f449b6a4718275f27fb500", "http_status": 200, "body": {"accepted": true, "real_timestamp_ms": 1789194990721, "virtual_time_s": 388, "measure_result": "direction", "svd_deg": 35.06}}
2026-09-12 14:36:34,088 INFO request {"path": "/measure", "payload": {"arena_id": "default", "robot_id": "202601002029", "request_id": "38937ae2829d42d3a27d56e2c67fc3c5", "position": {"x": 1200.0, "y": 0.0}, "channel": 9}, "attempt": 1}
2026-09-12 14:36:34,102 INFO response {"request_id": "38937ae2829d42d3a27d56e2c67fc3c5", "http_status": 200, "body": {"accepted": true, "real_timestamp_ms": 1789194990738, "virtual_time_s": 394, "measure_result": "no_signal"}}
2026-09-12 14:36:34,102 INFO request {"path": "/measure", "payload": {"arena_id": "default", "robot_id": "202601002029", "request_id": "73b9aaefe80647baac65311a099bddec", "position": {"x": 1200.0, "y": 0.0}, "channel": 11}, "attempt": 1}
2026-09-12 14:36:34,104 INFO response {"request_id": "73b9aaefe80647baac65311a099bddec", "http_status": 200, "body": {"accepted": true, "real_timestamp_ms": 1789194990740, "virtual_time_s": 400, "measure_result": "no_signal"}}
2026-09-12 14:36:34,104 INFO request {"path": "/measure", "payload": {"arena_id": "default", "robot_id": "202601002029", "request_id": "2985ae617ad64c95b58aa06fe44a451a", "position": {"x": 1200.0, "y": 0.0}, "channel": 13}, "attempt": 1}
2026-09-12 14:36:34,121 INFO response {"request_id": "2985ae617ad64c95b58aa06fe44a451a", "http_status": 200, "body": {"accepted": true, "real_timestamp_ms": 1789194990757, "virtual_time_s": 406, "measure_result": "no_signal"}}
2026-09-12 14:36:34,121 INFO request {"path": "/measure", "payload": {"arena_id": "default", "robot_id": "202601002029", "request_id": "d669a62ed0334d7b8fdc73b96521250b", "position": {"x": 1200.0, "y": 0.0}, "channel": 16}, "attempt": 1}
2026-09-12 14:36:34,141 INFO response {"request_id": "d669a62ed0334d7b8fdc73b96521250b", "http_status": 200, "body": {"accepted": true, "real_timestamp_ms": 1789194990776, "virtual_time_s": 412, "measure_result": "no_signal"}}
2026-09-12 14:36:34,141 INFO request {"path": "/measure", "payload": {"arena_id": "default", "robot_id": "202601002029", "request_id": "1a47e4f39a83484db01ea81c636deff5", "position": {"x": 1200.0, "y": 0.0}, "channel": 17}, "attempt": 1}
2026-09-12 14:36:34,160 INFO response {"request_id": "1a47e4f39a83484db01ea81c636deff5", "http_status": 200, "body": {"accepted": true, "real_timestamp_ms": 1789194990797, "virtual_time_s": 418, "measure_result": "direction", "svd_deg": 315.53}}
2026-09-12 14:36:34,165 INFO request {"path": "/measure", "payload": {"arena_id": "default", "robot_id": "202601002029", "request_id": "602068bb5f694e13af39a0711a556ebd", "position": {"x": 1200.0, "y": 0.0}, "channel": 18}, "attempt": 1}
2026-09-12 14:36:34,168 INFO response {"request_id": "602068bb5f694e13af39a0711a556ebd", "http_status": 200, "body": {"accepted": true, "real_timestamp_ms": 1789194990804, "virtual_time_s": 424, "measure_result": "no_signal"}}
2026-09-12 14:36:34,168 INFO request {"path": "/measure", "payload": {"arena_id": "default", "robot_id": "202601002029", "request_id": "f1966a94a464469c9b8d38d53e5dd7ef", "position": {"x": 1200.0, "y": 0.0}, "channel": 19}, "attempt": 1}
2026-09-12 14:36:34,181 INFO response {"request_id": "f1966a94a464469c9b8d38d53e5dd7ef", "http_status": 200, "body": {"accepted": true, "real_timestamp_ms": 1789194990816, "virtual_time_s": 430, "measure_result": "no_signal"}}
2026-09-12 14:36:34,214 INFO request {"path": "/measure", "payload": {"arena_id": "default", "robot_id": "202601002029", "request_id": "2a6b2c0b54fe4f809bdece8d6c112e99", "position": {"x": 1200.0, "y": 0.0}, "channel": 4}, "attempt": 1}
2026-09-12 14:36:34,230 INFO response {"request_id": "2a6b2c0b54fe4f809bdece8d6c112e99", "http_status": 200, "body": {"accepted": true, "real_timestamp_ms": 1789194990866, "virtual_time_s": 436, "measure_result": "direction", "svd_deg": 223.0}}
2026-09-12 14:36:34,250 INFO request {"path": "/measure", "payload": {"arena_id": "default", "robot_id": "202601002029", "request_id": "10e58c12c2c1484381bded1f29571fd8", "position": {"x": 1200.0, "y": 0.0}, "channel": 12}, "attempt": 1}
2026-09-12 14:36:34,272 INFO response {"request_id": "10e58c12c2c1484381bded1f29571fd8", "http_status": 200, "body": {"accepted": true, "real_timestamp_ms": 1789194990907, "virtual_time_s": 442, "measure_result": "direction", "svd_deg": 102.13}}
2026-09-12 14:36:34,279 INFO request {"path": "/measure", "payload": {"arena_id": "default", "robot_id": "202601002029", "request_id": "60152c83f71c4d2faf0b61b8b8e1a365", "position": {"x": 600.0000000000001, "y": 1039.2304845413264}, "channel": 1}, "attempt": 1}
2026-09-12 14:36:34,281 INFO response {"request_id": "60152c83f71c4d2faf0b61b8b8e1a365", "http_status": 200, "body": {"accepted": true, "real_timestamp_ms": 1789194990917, "virtual_time_s": 688, "measure_result": "no_signal"}}
2026-09-12 14:36:34,281 INFO request {"path": "/measure", "payload": {"arena_id": "default", "robot_id": "202601002029", "request_id": "0c69fe82c72c41aabdff7d8d32616afd", "position": {"x": 600.0000000000001, "y": 1039.2304845413264}, "channel": 3}, "attempt": 1}
2026-09-12 14:36:34,283 INFO response {"request_id": "0c69fe82c72c41aabdff7d8d32616afd", "http_status": 200, "body": {"accepted": true, "real_timestamp_ms": 1789194990919, "virtual_time_s": 694, "measure_result": "no_signal"}}
2026-09-12 14:36:34,283 INFO request {"path": "/measure", "payload": {"arena_id": "default", "robot_id": "202601002029", "request_id": "fbef69cede1d41f88ff84481c46b5d18", "position": {"x": 600.0000000000001, "y": 1039.2304845413264}, "channel": 9}, "attempt": 1}
2026-09-12 14:36:34,299 INFO response {"request_id": "fbef69cede1d41f88ff84481c46b5d18", "http_status": 200, "body": {"accepted": true, "real_timestamp_ms": 1789194990935, "virtual_time_s": 700, "measure_result": "no_signal"}}
2026-09-12 14:36:34,300 INFO request {"path": "/measure", "payload": {"arena_id": "default", "robot_id": "202601002029", "request_id": "f91130bd53054282be040438554350e1", "position": {"x": 600.0000000000001, "y": 1039.2304845413264}, "channel": 11}, "attempt": 1}
2026-09-12 14:36:34,320 INFO response {"request_id": "f91130bd53054282be040438554350e1", "http_status": 200, "body": {"accepted": true, "real_timestamp_ms": 1789194990956, "virtual_time_s": 706, "measure_result": "no_signal"}}
2026-09-12 14:36:34,321 INFO request {"path": "/measure", "payload": {"arena_id": "default", "robot_id": "202601002029", "request_id": "7c112f9e58cc4160823e62169e7c1e94", "position": {"x": 600.0000000000001, "y": 1039.2304845413264}, "channel": 13}, "attempt": 1}
2026-09-12 14:36:34,323 INFO response {"request_id": "7c112f9e58cc4160823e62169e7c1e94", "http_status": 200, "body": {"accepted": true, "real_timestamp_ms": 1789194990959, "virtual_time_s": 712, "measure_result": "no_signal"}}
2026-09-12 14:36:34,323 INFO request {"path": "/measure", "payload": {"arena_id": "default", "robot_id": "202601002029", "request_id": "f5a692758af541ba981468caebebe492", "position": {"x": 600.0000000000001, "y": 1039.2304845413264}, "channel": 16}, "attempt": 1}
2026-09-12 14:36:34,325 INFO response {"request_id": "f5a692758af541ba981468caebebe492", "http_status": 200, "body": {"accepted": true, "real_timestamp_ms": 1789194990961, "virtual_time_s": 718, "measure_result": "no_signal"}}
2026-09-12 14:36:34,326 INFO request {"path": "/measure", "payload": {"arena_id": "default", "robot_id": "202601002029", "request_id": "dd2da874a5ac44879a0edc128babdf5b", "position": {"x": 600.0000000000001, "y": 1039.2304845413264}, "channel": 18}, "attempt": 1}
2026-09-12 14:36:34,339 INFO response {"request_id": "dd2da874a5ac44879a0edc128babdf5b", "http_status": 200, "body": {"accepted": true, "real_timestamp_ms": 1789194990975, "virtual_time_s": 724, "measure_result": "direction", "svd_deg": 60.67}}
2026-09-12 14:36:34,343 INFO request {"path": "/measure", "payload": {"arena_id": "default", "robot_id": "202601002029", "request_id": "8fb7bfcfa61d47d2ae65f14e73fa0093", "position": {"x": 600.0000000000001, "y": 1039.2304845413264}, "channel": 19}, "attempt": 1}
2026-09-12 14:36:34,344 INFO response {"request_id": "8fb7bfcfa61d47d2ae65f14e73fa0093", "http_status": 200, "body": {"accepted": true, "real_timestamp_ms": 1789194990980, "virtual_time_s": 730, "measure_result": "no_signal"}}
2026-09-12 14:36:34,344 INFO request {"path": "/measure", "payload": {"arena_id": "default", "robot_id": "202601002029", "request_id": "38b4b8e03f1745839ff2df4abd042c1e", "position": {"x": 600.0000000000001, "y": 1039.2304845413264}, "channel": 20}, "attempt": 1}
2026-09-12 14:36:34,345 INFO response {"request_id": "38b4b8e03f1745839ff2df4abd042c1e", "http_status": 200, "body": {"accepted": true, "real_timestamp_ms": 1789194990982, "virtual_time_s": 736, "measure_result": "no_signal"}}
2026-09-12 14:36:34,378 INFO request {"path": "/measure", "payload": {"arena_id": "default", "robot_id": "202601002029", "request_id": "8023506a3ae449189d390df4e385a662", "position": {"x": 600.0000000000001, "y": 1039.2304845413264}, "channel": 10}, "attempt": 1}
2026-09-12 14:36:34,379 INFO response {"request_id": "8023506a3ae449189d390df4e385a662", "http_status": 200, "body": {"accepted": true, "real_timestamp_ms": 1789194991016, "virtual_time_s": 742, "measure_result": "direction", "svd_deg": 180.85}}
2026-09-12 14:36:34,410 INFO request {"path": "/measure", "payload": {"arena_id": "default", "robot_id": "202601002029", "request_id": "25cdbf917db84dc98663edf67c718959", "position": {"x": 600.0000000000001, "y": 1039.2304845413264}, "channel": 6}, "attempt": 1}
2026-09-12 14:36:34,426 INFO response {"request_id": "25cdbf917db84dc98663edf67c718959", "http_status": 200, "body": {"accepted": true, "real_timestamp_ms": 1789194991062, "virtual_time_s": 748, "measure_result": "direction", "svd_deg": 271.65}}
2026-09-12 14:36:34,432 INFO request {"path": "/measure", "payload": {"arena_id": "default", "robot_id": "202601002029", "request_id": "ad627def131642bb8b362ca9023f8163", "position": {"x": -599.9999999999998, "y": 1039.2304845413264}, "channel": 1}, "attempt": 1}
2026-09-12 14:36:34,433 INFO response {"request_id": "ad627def131642bb8b362ca9023f8163", "http_status": 200, "body": {"accepted": true, "real_timestamp_ms": 1789194991070, "virtual_time_s": 994, "measure_result": "no_signal"}}
2026-09-12 14:36:34,434 INFO request {"path": "/measure", "payload": {"arena_id": "default", "robot_id": "202601002029", "request_id": "37b724139ed14f6e9eeb2a94c273dbf7", "position": {"x": -599.9999999999998, "y": 1039.2304845413264}, "channel": 3}, "attempt": 1}
2026-09-12 14:36:34,435 INFO response {"request_id": "37b724139ed14f6e9eeb2a94c273dbf7", "http_status": 200, "body": {"accepted": true, "real_timestamp_ms": 1789194991071, "virtual_time_s": 1000, "measure_result": "no_signal"}}
2026-09-12 14:36:34,436 INFO request {"path": "/measure", "payload": {"arena_id": "default", "robot_id": "202601002029", "request_id": "e52e3bd6494a4b39906ed39d3f2574ba", "position": {"x": -599.9999999999998, "y": 1039.2304845413264}, "channel": 9}, "attempt": 1}
2026-09-12 14:36:34,437 INFO response {"request_id": "e52e3bd6494a4b39906ed39d3f2574ba", "http_status": 200, "body": {"accepted": true, "real_timestamp_ms": 1789194991073, "virtual_time_s": 1006, "measure_result": "no_signal"}}
2026-09-12 14:36:34,437 INFO request {"path": "/measure", "payload": {"arena_id": "default", "robot_id": "202601002029", "request_id": "31f6fb29631d4f9e92a29f751beb69f5", "position": {"x": -599.9999999999998, "y": 1039.2304845413264}, "channel": 11}, "attempt": 1}
2026-09-12 14:36:34,438 INFO response {"request_id": "31f6fb29631d4f9e92a29f751beb69f5", "http_status": 200, "body": {"accepted": true, "real_timestamp_ms": 1789194991075, "virtual_time_s": 1012, "measure_result": "no_signal"}}
2026-09-12 14:36:34,438 INFO request {"path": "/measure", "payload": {"arena_id": "default", "robot_id": "202601002029", "request_id": "728e593a0f644ed5bd33494028c58b6c", "position": {"x": -599.9999999999998, "y": 1039.2304845413264}, "channel": 13}, "attempt": 1}
2026-09-12 14:36:34,440 INFO response {"request_id": "728e593a0f644ed5bd33494028c58b6c", "http_status": 200, "body": {"accepted": true, "real_timestamp_ms": 1789194991076, "virtual_time_s": 1018, "measure_result": "direction", "svd_deg": 133.62}}
2026-09-12 14:36:34,443 INFO request {"path": "/measure", "payload": {"arena_id": "default", "robot_id": "202601002029", "request_id": "2c9b3a1bdef645e49a69d4944d170d76", "position": {"x": -599.9999999999998, "y": 1039.2304845413264}, "channel": 16}, "attempt": 1}
2026-09-12 14:36:34,445 INFO response {"request_id": "2c9b3a1bdef645e49a69d4944d170d76", "http_status": 200, "body": {"accepted": true, "real_timestamp_ms": 1789194991080, "virtual_time_s": 1024, "measure_result": "no_signal"}}
2026-09-12 14:36:34,445 INFO request {"path": "/measure", "payload": {"arena_id": "default", "robot_id": "202601002029", "request_id": "11189a3ee8244e3ca8468beaa47479d9", "position": {"x": -599.9999999999998, "y": 1039.2304845413264}, "channel": 19}, "attempt": 1}
2026-09-12 14:36:34,446 INFO response {"request_id": "11189a3ee8244e3ca8468beaa47479d9", "http_status": 200, "body": {"accepted": true, "real_timestamp_ms": 1789194991083, "virtual_time_s": 1030, "measure_result": "no_signal"}}
2026-09-12 14:36:34,446 INFO request {"path": "/measure", "payload": {"arena_id": "default", "robot_id": "202601002029", "request_id": "25933091fe5a439491d51505edbf6a06", "position": {"x": -599.9999999999998, "y": 1039.2304845413264}, "channel": 20}, "attempt": 1}
2026-09-12 14:36:34,447 INFO response {"request_id": "25933091fe5a439491d51505edbf6a06", "http_status": 200, "body": {"accepted": true, "real_timestamp_ms": 1789194991084, "virtual_time_s": 1036, "measure_result": "no_signal"}}
2026-09-12 14:36:34,465 INFO request {"path": "/measure", "payload": {"arena_id": "default", "robot_id": "202601002029", "request_id": "5eecbdaec6304a4dabd22d9520dd2810", "position": {"x": -599.9999999999998, "y": 1039.2304845413264}, "channel": 8}, "attempt": 1}
2026-09-12 14:36:34,486 INFO response {"request_id": "5eecbdaec6304a4dabd22d9520dd2810", "http_status": 200, "body": {"accepted": true, "real_timestamp_ms": 1789194991121, "virtual_time_s": 1042, "measure_result": "direction", "svd_deg": 286.01}}
2026-09-12 14:36:34,509 INFO request {"path": "/measure", "payload": {"arena_id": "default", "robot_id": "202601002029", "request_id": "07e6776c9afe4c69b7e5587abdb22641", "position": {"x": -1200.0, "y": 1.4695761589768238e-13}, "channel": 1}, "attempt": 1}
2026-09-12 14:36:34,525 INFO response {"request_id": "07e6776c9afe4c69b7e5587abdb22641", "http_status": 200, "body": {"accepted": true, "real_timestamp_ms": 1789194991161, "virtual_time_s": 1288, "measure_result": "no_signal"}}
2026-09-12 14:36:34,526 INFO request {"path": "/measure", "payload": {"arena_id": "default", "robot_id": "202601002029", "request_id": "8bd3558783904dafad900e1b45c076cf", "position": {"x": -1200.0, "y": 1.4695761589768238e-13}, "channel": 3}, "attempt": 1}
2026-09-12 14:36:34,544 INFO response {"request_id": "8bd3558783904dafad900e1b45c076cf", "http_status": 200, "body": {"accepted": true, "real_timestamp_ms": 1789194991181, "virtual_time_s": 1294, "measure_result": "no_signal"}}
2026-09-12 14:36:34,545 INFO request {"path": "/measure", "payload": {"arena_id": "default", "robot_id": "202601002029", "request_id": "6e8525536e9740d8bcb6c36b32cd6771", "position": {"x": -1200.0, "y": 1.4695761589768238e-13}, "channel": 9}, "attempt": 1}
2026-09-12 14:36:34,545 INFO response {"request_id": "6e8525536e9740d8bcb6c36b32cd6771", "http_status": 200, "body": {"accepted": true, "real_timestamp_ms": 1789194991182, "virtual_time_s": 1300, "measure_result": "no_signal"}}
2026-09-12 14:36:34,546 INFO request {"path": "/measure", "payload": {"arena_id": "default", "robot_id": "202601002029", "request_id": "4f332568b7084ae090f27195169b7396", "position": {"x": -1200.0, "y": 1.4695761589768238e-13}, "channel": 11}, "attempt": 1}
2026-09-12 14:36:34,565 INFO response {"request_id": "4f332568b7084ae090f27195169b7396", "http_status": 200, "body": {"accepted": true, "real_timestamp_ms": 1789194991201, "virtual_time_s": 1306, "measure_result": "no_signal"}}
2026-09-12 14:36:34,565 INFO request {"path": "/measure", "payload": {"arena_id": "default", "robot_id": "202601002029", "request_id": "b9b9a001f6204513944a82f290bb4019", "position": {"x": -1200.0, "y": 1.4695761589768238e-13}, "channel": 16}, "attempt": 1}
2026-09-12 14:36:34,566 INFO response {"request_id": "b9b9a001f6204513944a82f290bb4019", "http_status": 200, "body": {"accepted": true, "real_timestamp_ms": 1789194991202, "virtual_time_s": 1312, "measure_result": "no_signal"}}
2026-09-12 14:36:34,566 INFO request {"path": "/measure", "payload": {"arena_id": "default", "robot_id": "202601002029", "request_id": "5231c136640e42f08caea3d0dcf9dbf7", "position": {"x": -1200.0, "y": 1.4695761589768238e-13}, "channel": 19}, "attempt": 1}
2026-09-12 14:36:34,566 INFO response {"request_id": "5231c136640e42f08caea3d0dcf9dbf7", "http_status": 200, "body": {"accepted": true, "real_timestamp_ms": 1789194991203, "virtual_time_s": 1318, "measure_result": "no_signal"}}
2026-09-12 14:36:34,567 INFO request {"path": "/measure", "payload": {"arena_id": "default", "robot_id": "202601002029", "request_id": "6654d40e2fce418686fefd38faf6275c", "position": {"x": -1200.0, "y": 1.4695761589768238e-13}, "channel": 20}, "attempt": 1}
2026-09-12 14:36:34,567 INFO response {"request_id": "6654d40e2fce418686fefd38faf6275c", "http_status": 200, "body": {"accepted": true, "real_timestamp_ms": 1789194991204, "virtual_time_s": 1324, "measure_result": "no_signal"}}
2026-09-12 14:36:34,602 INFO request {"path": "/measure", "payload": {"arena_id": "default", "robot_id": "202601002029", "request_id": "eead725b06874736bf0f574553aed416", "position": {"x": -1200.0, "y": 1.4695761589768238e-13}, "channel": 15}, "attempt": 1}
2026-09-12 14:36:34,602 INFO response {"request_id": "eead725b06874736bf0f574553aed416", "http_status": 200, "body": {"accepted": true, "real_timestamp_ms": 1789194991239, "virtual_time_s": 1330, "measure_result": "direction", "svd_deg": 333.09}}
2026-09-12 14:36:34,631 INFO request {"path": "/measure", "payload": {"arena_id": "default", "robot_id": "202601002029", "request_id": "cedf6b420c5446d29dce231bf0721d2b", "position": {"x": -1200.0, "y": 1.4695761589768238e-13}, "channel": 14}, "attempt": 1}
2026-09-12 14:36:34,633 INFO response {"request_id": "cedf6b420c5446d29dce231bf0721d2b", "http_status": 200, "body": {"accepted": true, "real_timestamp_ms": 1789194991269, "virtual_time_s": 1336, "measure_result": "no_signal"}}
2026-09-12 14:36:34,633 INFO request {"path": "/measure", "payload": {"arena_id": "default", "robot_id": "202601002029", "request_id": "bb2505e567204307b4445776e46ccf1f", "position": {"x": -600.0000000000006, "y": -1039.2304845413262}, "channel": 1}, "attempt": 1}
2026-09-12 14:36:34,634 INFO response {"request_id": "bb2505e567204307b4445776e46ccf1f", "http_status": 200, "body": {"accepted": true, "real_timestamp_ms": 1789194991270, "virtual_time_s": 1582, "measure_result": "no_signal"}}
2026-09-12 14:36:34,634 INFO request {"path": "/measure", "payload": {"arena_id": "default", "robot_id": "202601002029", "request_id": "85c74ece47e04ffdb4a8ca3168be8102", "position": {"x": -600.0000000000006, "y": -1039.2304845413262}, "channel": 3}, "attempt": 1}
2026-09-12 14:36:34,635 INFO response {"request_id": "85c74ece47e04ffdb4a8ca3168be8102", "http_status": 200, "body": {"accepted": true, "real_timestamp_ms": 1789194991271, "virtual_time_s": 1588, "measure_result": "no_signal"}}
2026-09-12 14:36:34,635 INFO request {"path": "/measure", "payload": {"arena_id": "default", "robot_id": "202601002029", "request_id": "6c06431cbe0a4e58bb2ef0829a7227be", "position": {"x": -600.0000000000006, "y": -1039.2304845413262}, "channel": 9}, "attempt": 1}
2026-09-12 14:36:34,636 INFO response {"request_id": "6c06431cbe0a4e58bb2ef0829a7227be", "http_status": 200, "body": {"accepted": true, "real_timestamp_ms": 1789194991272, "virtual_time_s": 1594, "measure_result": "no_signal"}}
2026-09-12 14:36:34,636 INFO request {"path": "/measure", "payload": {"arena_id": "default", "robot_id": "202601002029", "request_id": "3ca0e09135614d65ac865eb612ea9738", "position": {"x": -600.0000000000006, "y": -1039.2304845413262}, "channel": 11}, "attempt": 1}
2026-09-12 14:36:34,637 INFO response {"request_id": "3ca0e09135614d65ac865eb612ea9738", "http_status": 200, "body": {"accepted": true, "real_timestamp_ms": 1789194991273, "virtual_time_s": 1600, "measure_result": "no_signal"}}
2026-09-12 14:36:34,637 INFO request {"path": "/measure", "payload": {"arena_id": "default", "robot_id": "202601002029", "request_id": "883959940c964ebaa4a5909441811c55", "position": {"x": -600.0000000000006, "y": -1039.2304845413262}, "channel": 16}, "attempt": 1}
2026-09-12 14:36:34,653 INFO response {"request_id": "883959940c964ebaa4a5909441811c55", "http_status": 200, "body": {"accepted": true, "real_timestamp_ms": 1789194991289, "virtual_time_s": 1606, "measure_result": "no_signal"}}
2026-09-12 14:36:34,653 INFO request {"path": "/measure", "payload": {"arena_id": "default", "robot_id": "202601002029", "request_id": "03aa9aa7859c4746b4a3de803017604c", "position": {"x": -600.0000000000006, "y": -1039.2304845413262}, "channel": 19}, "attempt": 1}
2026-09-12 14:36:34,654 INFO response {"request_id": "03aa9aa7859c4746b4a3de803017604c", "http_status": 200, "body": {"accepted": true, "real_timestamp_ms": 1789194991291, "virtual_time_s": 1612, "measure_result": "no_signal"}}
2026-09-12 14:36:34,654 INFO request {"path": "/measure", "payload": {"arena_id": "default", "robot_id": "202601002029", "request_id": "fc8d859591394d1489d7168efeb235c6", "position": {"x": -600.0000000000006, "y": -1039.2304845413262}, "channel": 20}, "attempt": 1}
2026-09-12 14:36:34,655 INFO response {"request_id": "fc8d859591394d1489d7168efeb235c6", "http_status": 200, "body": {"accepted": true, "real_timestamp_ms": 1789194991291, "virtual_time_s": 1618, "measure_result": "no_signal"}}
2026-09-12 14:36:34,687 INFO request {"path": "/measure", "payload": {"arena_id": "default", "robot_id": "202601002029", "request_id": "cd89c72f798e441a85b76c4c565e88cd", "position": {"x": -600.0000000000006, "y": -1039.2304845413262}, "channel": 14}, "attempt": 1}
2026-09-12 14:36:34,689 INFO response {"request_id": "cd89c72f798e441a85b76c4c565e88cd", "http_status": 200, "body": {"accepted": true, "real_timestamp_ms": 1789194991325, "virtual_time_s": 1624, "measure_result": "no_signal"}}
2026-09-12 14:36:34,707 INFO request {"path": "/measure", "payload": {"arena_id": "default", "robot_id": "202601002029", "request_id": "864d5f165c144bfc9762caeeb50da8c7", "position": {"x": -600.0000000000006, "y": -1039.2304845413262}, "channel": 5}, "attempt": 1}
2026-09-12 14:36:34,724 INFO response {"request_id": "864d5f165c144bfc9762caeeb50da8c7", "http_status": 200, "body": {"accepted": true, "real_timestamp_ms": 1789194991359, "virtual_time_s": 1630, "measure_result": "direction", "svd_deg": 84.73}}
2026-09-12 14:36:34,727 INFO request {"path": "/measure", "payload": {"arena_id": "default", "robot_id": "202601002029", "request_id": "82875846400449df928e72671620351c", "position": {"x": 600.0000000000001, "y": -1039.2304845413264}, "channel": 1}, "attempt": 1}
2026-09-12 14:36:34,729 INFO response {"request_id": "82875846400449df928e72671620351c", "http_status": 200, "body": {"accepted": true, "real_timestamp_ms": 1789194991365, "virtual_time_s": 1876, "measure_result": "no_signal"}}
2026-09-12 14:36:34,729 INFO request {"path": "/measure", "payload": {"arena_id": "default", "robot_id": "202601002029", "request_id": "e5c4371a24644a22b5f11e42e7e22b8c", "position": {"x": 600.0000000000001, "y": -1039.2304845413264}, "channel": 3}, "attempt": 1}
2026-09-12 14:36:34,741 INFO response {"request_id": "e5c4371a24644a22b5f11e42e7e22b8c", "http_status": 200, "body": {"accepted": true, "real_timestamp_ms": 1789194991376, "virtual_time_s": 1882, "measure_result": "no_signal"}}
2026-09-12 14:36:34,741 INFO request {"path": "/measure", "payload": {"arena_id": "default", "robot_id": "202601002029", "request_id": "ec51af616fed42b9b4f683ce728bceb3", "position": {"x": 600.0000000000001, "y": -1039.2304845413264}, "channel": 9}, "attempt": 1}
2026-09-12 14:36:34,742 INFO response {"request_id": "ec51af616fed42b9b4f683ce728bceb3", "http_status": 200, "body": {"accepted": true, "real_timestamp_ms": 1789194991379, "virtual_time_s": 1888, "measure_result": "no_signal"}}
2026-09-12 14:36:34,742 INFO request {"path": "/measure", "payload": {"arena_id": "default", "robot_id": "202601002029", "request_id": "e2d7fca3d586446584fca0d84b65f8f6", "position": {"x": 600.0000000000001, "y": -1039.2304845413264}, "channel": 11}, "attempt": 1}
2026-09-12 14:36:34,743 INFO response {"request_id": "e2d7fca3d586446584fca0d84b65f8f6", "http_status": 200, "body": {"accepted": true, "real_timestamp_ms": 1789194991380, "virtual_time_s": 1894, "measure_result": "no_signal"}}
2026-09-12 14:36:34,744 INFO request {"path": "/measure", "payload": {"arena_id": "default", "robot_id": "202601002029", "request_id": "8ad13709e1c642128e48355008fa7ee9", "position": {"x": 600.0000000000001, "y": -1039.2304845413264}, "channel": 16}, "attempt": 1}
2026-09-12 14:36:34,744 INFO response {"request_id": "8ad13709e1c642128e48355008fa7ee9", "http_status": 200, "body": {"accepted": true, "real_timestamp_ms": 1789194991381, "virtual_time_s": 1900, "measure_result": "no_signal"}}
2026-09-12 14:36:34,744 INFO request {"path": "/measure", "payload": {"arena_id": "default", "robot_id": "202601002029", "request_id": "0f820f60e49048a5b3d75e747b33ceac", "position": {"x": 600.0000000000001, "y": -1039.2304845413264}, "channel": 19}, "attempt": 1}
2026-09-12 14:36:34,745 INFO response {"request_id": "0f820f60e49048a5b3d75e747b33ceac", "http_status": 200, "body": {"accepted": true, "real_timestamp_ms": 1789194991382, "virtual_time_s": 1906, "measure_result": "no_signal"}}
2026-09-12 14:36:34,745 INFO request {"path": "/measure", "payload": {"arena_id": "default", "robot_id": "202601002029", "request_id": "698013f9aa5d4d228617b5f4ff68ab2b", "position": {"x": 600.0000000000001, "y": -1039.2304845413264}, "channel": 20}, "attempt": 1}
2026-09-12 14:36:34,760 INFO response {"request_id": "698013f9aa5d4d228617b5f4ff68ab2b", "http_status": 200, "body": {"accepted": true, "real_timestamp_ms": 1789194991396, "virtual_time_s": 1912, "measure_result": "no_signal"}}
2026-09-12 14:36:34,781 INFO request {"path": "/measure", "payload": {"arena_id": "default", "robot_id": "202601002029", "request_id": "c35ebd72b68445a38c217ad38c36c99a", "position": {"x": 600.0000000000001, "y": -1039.2304845413264}, "channel": 4}, "attempt": 1}
2026-09-12 14:36:34,782 INFO response {"request_id": "c35ebd72b68445a38c217ad38c36c99a", "http_status": 200, "body": {"accepted": true, "real_timestamp_ms": 1789194991419, "virtual_time_s": 1918, "measure_result": "direction", "svd_deg": 91.89}}
2026-09-12 14:36:42,343 INFO request {"path": "/measure", "payload": {"arena_id": "default", "robot_id": "202601002029", "request_id": "b637d533087d467ba225313c04748766", "position": {"x": 628.6329626561521, "y": -295.2098464742521}, "channel": 6}, "attempt": 1}
2026-09-12 14:36:42,357 INFO response {"request_id": "b637d533087d467ba225313c04748766", "http_status": 200, "body": {"accepted": true, "real_timestamp_ms": 1789194998993, "virtual_time_s": 2072.914278, "measure_result": "direction", "svd_deg": 88.29}}
2026-09-12 14:36:42,388 INFO request {"path": "/clear", "payload": {"arena_id": "default", "robot_id": "202601002029", "request_id": "b52ee9a0fa4d44b98b96fbb64816e096", "position": {"x": 638.0378857427272, "y": 106.19958387109776}, "channel": 6}, "attempt": 1}
2026-09-12 14:36:42,390 INFO response {"request_id": "b52ee9a0fa4d44b98b96fbb64816e096", "http_status": 200, "body": {"accepted": true, "real_timestamp_ms": 1789194999026, "virtual_time_s": 2158.218197, "clear_result": "success"}}
2026-09-12 14:36:42,426 INFO request {"path": "/measure", "payload": {"arena_id": "default", "robot_id": "202601002029", "request_id": "93740bd9505541f7928547f207c9aaa1", "position": {"x": 638.0378857427272, "y": 106.19958387109776}, "channel": 8}, "attempt": 1}
2026-09-12 14:36:42,444 INFO response {"request_id": "93740bd9505541f7928547f207c9aaa1", "http_status": 200, "body": {"accepted": true, "real_timestamp_ms": 1789194999081, "virtual_time_s": 2164.218197, "measure_result": "direction", "svd_deg": 166.42}}
2026-09-12 14:36:42,495 INFO request {"path": "/measure", "payload": {"arena_id": "default", "robot_id": "202601002029", "request_id": "9139836e5ca44e5caf60f83f194abe79", "position": {"x": 638.0378857427272, "y": 106.19958387109776}, "channel": 10}, "attempt": 1}
2026-09-12 14:36:42,515 INFO response {"request_id": "9139836e5ca44e5caf60f83f194abe79", "http_status": 200, "body": {"accepted": true, "real_timestamp_ms": 1789194999151, "virtual_time_s": 2170.218197, "measure_result": "direction", "svd_deg": 111.23}}
2026-09-12 14:36:43,125 INFO request {"path": "/measure", "payload": {"arena_id": "default", "robot_id": "202601002029", "request_id": "5c042da4445a46ed8c436ec690e9895c", "position": {"x": 681.4439095322095, "y": 547.0154096187459}, "channel": 12}, "attempt": 1}
2026-09-12 14:36:43,127 INFO response {"request_id": "5c042da4445a46ed8c436ec690e9895c", "http_status": 200, "body": {"accepted": true, "real_timestamp_ms": 1789194999763, "virtual_time_s": 2264.807739, "measure_result": "direction", "svd_deg": 23.11}}
2026-09-12 14:36:43,147 INFO request {"path": "/measure", "payload": {"arena_id": "default", "robot_id": "202601002029", "request_id": "6d9f51ed7e364ddeae29f29ccb2d5517", "position": {"x": 681.4439095322095, "y": 547.0154096187459}, "channel": 2}, "attempt": 1}
2026-09-12 14:36:43,159 INFO response {"request_id": "6d9f51ed7e364ddeae29f29ccb2d5517", "http_status": 200, "body": {"accepted": true, "real_timestamp_ms": 1789194999796, "virtual_time_s": 2270.807739, "measure_result": "direction", "svd_deg": 2.64}}
2026-09-12 14:36:43,180 INFO request {"path": "/measure", "payload": {"arena_id": "default", "robot_id": "202601002029", "request_id": "e8c246d7760542d9ba2caea6259e9dae", "position": {"x": 681.4439095322095, "y": 547.0154096187459}, "channel": 7}, "attempt": 1}
2026-09-12 14:36:43,182 INFO response {"request_id": "e8c246d7760542d9ba2caea6259e9dae", "http_status": 200, "body": {"accepted": true, "real_timestamp_ms": 1789194999819, "virtual_time_s": 2276.807739, "measure_result": "direction", "svd_deg": 333.6}}
2026-09-12 14:36:43,815 INFO request {"path": "/clear", "payload": {"arena_id": "default", "robot_id": "202601002029", "request_id": "47e2ec0fc5d94079a1bd3a5a81e87a5b", "position": {"x": 1048.8452509627696, "y": 704.0698318362877}, "channel": 12}, "attempt": 1}
2026-09-12 14:36:43,817 INFO response {"request_id": "47e2ec0fc5d94079a1bd3a5a81e87a5b", "http_status": 200, "body": {"accepted": true, "real_timestamp_ms": 1789195000453, "virtual_time_s": 2361.72015, "clear_result": "success"}}
2026-09-12 14:36:43,836 INFO request {"path": "/measure", "payload": {"arena_id": "default", "robot_id": "202601002029", "request_id": "2e64388ff68349f8a1fc7dca7b8dc658", "position": {"x": 1048.8452509627696, "y": 704.0698318362877}, "channel": 18}, "attempt": 1}
2026-09-12 14:36:43,837 INFO response {"request_id": "2e64388ff68349f8a1fc7dca7b8dc658", "http_status": 200, "body": {"accepted": true, "real_timestamp_ms": 1789195000473, "virtual_time_s": 2367.72015, "measure_result": "direction", "svd_deg": 111.11}}
2026-09-12 14:36:43,852 INFO request {"path": "/measure", "payload": {"arena_id": "default", "robot_id": "202601002029", "request_id": "2a0f1c4e5a734adeb7c0b6641855541a", "position": {"x": 1048.8452509627696, "y": 704.0698318362877}, "channel": 7}, "attempt": 1}
2026-09-12 14:36:43,853 INFO response {"request_id": "2a0f1c4e5a734adeb7c0b6641855541a", "http_status": 200, "body": {"accepted": true, "real_timestamp_ms": 1789195000489, "virtual_time_s": 2373.72015, "measure_result": "direction", "svd_deg": 306.04}}
2026-09-12 14:36:44,377 INFO request {"path": "/clear", "payload": {"arena_id": "default", "robot_id": "202601002029", "request_id": "34d8cb52b5ee4ff0a1eddb794529f332", "position": {"x": 1243.9947552457875, "y": 573.152019277243}, "channel": 2}, "attempt": 1}
2026-09-12 14:36:44,395 INFO response {"request_id": "34d8cb52b5ee4ff0a1eddb794529f332", "http_status": 200, "body": {"accepted": true, "real_timestamp_ms": 1789195001031, "virtual_time_s": 2425.719215, "clear_result": "success"}}
2026-09-12 14:36:44,409 INFO request {"path": "/clear", "payload": {"arena_id": "default", "robot_id": "202601002029", "request_id": "4a4d09db092a4db893f93c43bc9ad8c2", "position": {"x": 1439.2594653252759, "y": 167.65610710262555}, "channel": 7}, "attempt": 1}
2026-09-12 14:36:44,423 INFO response {"request_id": "4a4d09db092a4db893f93c43bc9ad8c2", "http_status": 200, "body": {"accepted": true, "real_timestamp_ms": 1789195001060, "virtual_time_s": 2520.73149, "clear_result": "success"}}
2026-09-12 14:36:44,424 INFO request {"path": "/measure", "payload": {"arena_id": "default", "robot_id": "202601002029", "request_id": "1cb187fa9bcc4dfd8e0dbfb1a99a398f", "position": {"x": 1225.3331313162957, "y": -804.5855649811417}, "channel": 17}, "attempt": 1}
2026-09-12 14:36:44,444 INFO response {"request_id": "1cb187fa9bcc4dfd8e0dbfb1a99a398f", "http_status": 200, "body": {"accepted": true, "real_timestamp_ms": 1789195001081, "virtual_time_s": 2725.831299, "measure_result": "direction", "svd_deg": 77.64}}
2026-09-12 14:36:44,473 INFO request {"path": "/measure", "payload": {"arena_id": "default", "robot_id": "202601002029", "request_id": "d1b1c52eb8024242b9bf66705837c98d", "position": {"x": 1225.3331313162957, "y": -804.5855649811417}, "channel": 4}, "attempt": 1}
2026-09-12 14:36:44,484 INFO response {"request_id": "d1b1c52eb8024242b9bf66705837c98d", "http_status": 200, "body": {"accepted": true, "real_timestamp_ms": 1789195001120, "virtual_time_s": 2731.831299, "measure_result": "direction", "svd_deg": 159.33}}
2026-09-12 14:36:44,496 INFO request {"path": "/clear", "payload": {"arena_id": "default", "robot_id": "202601002029", "request_id": "13ae8c1d16df4cacb1764e27c10c79e3", "position": {"x": 1365.699181125712, "y": -163.05497948427515}, "channel": 17}, "attempt": 1}
2026-09-12 14:36:44,497 INFO response {"request_id": "13ae8c1d16df4cacb1764e27c10c79e3", "http_status": 200, "body": {"accepted": true, "real_timestamp_ms": 1789195001134, "virtual_time_s": 2868.172705, "clear_result": "success"}}
2026-09-12 14:36:44,499 INFO request {"path": "/clear", "payload": {"arena_id": "default", "robot_id": "202601002029", "request_id": "d93b90be31ba4bd487c5b238022e5170", "position": {"x": 585.2098027806721, "y": -569.3609742849857}, "channel": 4}, "attempt": 1}
2026-09-12 14:36:44,514 INFO response {"request_id": "d93b90be31ba4bd487c5b238022e5170", "http_status": 200, "body": {"accepted": true, "real_timestamp_ms": 1789195001150, "virtual_time_s": 3049.155458, "clear_result": "success"}}
2026-09-12 14:36:44,538 INFO request {"path": "/measure", "payload": {"arena_id": "default", "robot_id": "202601002029", "request_id": "4ee9c468c1ce44448ecf6eb1bdd61f51", "position": {"x": 57.16894974946814, "y": -603.117766659094}, "channel": 15}, "attempt": 1}
2026-09-12 14:36:44,540 INFO response {"request_id": "4ee9c468c1ce44448ecf6eb1bdd61f51", "http_status": 200, "body": {"accepted": true, "real_timestamp_ms": 1789195001176, "virtual_time_s": 3160.97921, "measure_result": "direction", "svd_deg": 158.28}}
2026-09-12 14:36:44,587 INFO request {"path": "/measure", "payload": {"arena_id": "default", "robot_id": "202601002029", "request_id": "f60edfa13be64453904947a146872a78", "position": {"x": 57.16894974946814, "y": -603.117766659094}, "channel": 5}, "attempt": 1}
2026-09-12 14:36:44,588 INFO response {"request_id": "f60edfa13be64453904947a146872a78", "http_status": 200, "body": {"accepted": true, "real_timestamp_ms": 1789195001224, "virtual_time_s": 3166.97921, "measure_result": "direction", "svd_deg": 139.35}}
2026-09-12 14:36:44,611 INFO request {"path": "/measure", "payload": {"arena_id": "default", "robot_id": "202601002029", "request_id": "b76c56e6b1d24376885c1dc3074ad58c", "position": {"x": -589.9315890044566, "y": -805.6962632746685}, "channel": 14}, "attempt": 1}
2026-09-12 14:36:44,612 INFO response {"request_id": "b76c56e6b1d24376885c1dc3074ad58c", "http_status": 200, "body": {"accepted": true, "real_timestamp_ms": 1789195001249, "virtual_time_s": 3308.592949, "measure_result": "direction", "svd_deg": 55.48}}
2026-09-12 14:36:45,154 INFO request {"path": "/clear", "payload": {"arena_id": "default", "robot_id": "202601002029", "request_id": "1150a55b4d7f43f49f577bbf67f0880d", "position": {"x": -316.81286234553295, "y": -454.3584811193626}, "channel": 15}, "attempt": 1}
2026-09-12 14:36:45,176 INFO response {"request_id": "1150a55b4d7f43f49f577bbf67f0880d", "http_status": 200, "body": {"accepted": true, "real_timestamp_ms": 1789195001811, "virtual_time_s": 3402.594539, "clear_result": "success"}}
2026-09-12 14:36:45,189 INFO request {"path": "/measure", "payload": {"arena_id": "default", "robot_id": "202601002029", "request_id": "84cb41b46ea14262b7b8f8d70d7ac66f", "position": {"x": -316.81286234553295, "y": -454.3584811193626}, "channel": 8}, "attempt": 1}
2026-09-12 14:36:45,205 INFO response {"request_id": "84cb41b46ea14262b7b8f8d70d7ac66f", "http_status": 200, "body": {"accepted": true, "real_timestamp_ms": 1789195001841, "virtual_time_s": 3408.594539, "measure_result": "direction", "svd_deg": 95.81}}
2026-09-12 14:36:45,810 INFO request {"path": "/measure", "payload": {"arena_id": "default", "robot_id": "202601002029", "request_id": "bff922eab3bf4537aba512096005c285", "position": {"x": -44.29793450698734, "y": -413.6733761542249}, "channel": 14}, "attempt": 1}
2026-09-12 14:36:45,829 INFO response {"request_id": "bff922eab3bf4537aba512096005c285", "http_status": 200, "body": {"accepted": true, "real_timestamp_ms": 1789195002465, "virtual_time_s": 3469.701585, "measure_result": "direction", "svd_deg": 88.12}}
2026-09-12 14:36:45,854 INFO request {"path": "/clear", "payload": {"arena_id": "default", "robot_id": "202601002029", "request_id": "00314b488c914cd8b6b335203f02d4ac", "position": {"x": -30.98295073609078, "y": -9.62989035051238}, "channel": 14}, "attempt": 1}
2026-09-12 14:36:45,867 INFO response {"request_id": "00314b488c914cd8b6b335203f02d4ac", "http_status": 200, "body": {"accepted": true, "real_timestamp_ms": 1789195002504, "virtual_time_s": 3555.554149, "clear_result": "success"}}
2026-09-12 14:36:45,868 INFO request {"path": "/clear", "payload": {"arena_id": "default", "robot_id": "202601002029", "request_id": "8c6c0cb9bc634699b58ed80004c90a28", "position": {"x": -514.4825201872504, "y": -112.35881112247102}, "channel": 5}, "attempt": 1}
2026-09-12 14:36:45,869 INFO response {"request_id": "8c6c0cb9bc634699b58ed80004c90a28", "http_status": 200, "body": {"accepted": true, "real_timestamp_ms": 1789195002506, "virtual_time_s": 3659.412647, "clear_result": "success"}}
2026-09-12 14:36:45,887 INFO request {"path": "/measure", "payload": {"arena_id": "default", "robot_id": "202601002029", "request_id": "3c9290c9e53e4f34854af1369ee3696f", "position": {"x": -514.4825201872504, "y": -112.35881112247102}, "channel": 8}, "attempt": 1}
2026-09-12 14:36:45,899 INFO response {"request_id": "3c9290c9e53e4f34854af1369ee3696f", "http_status": 200, "body": {"accepted": true, "real_timestamp_ms": 1789195002535, "virtual_time_s": 3665.412647, "measure_result": "direction", "svd_deg": 76.78}}
2026-09-12 14:36:45,904 INFO request {"path": "/clear", "payload": {"arena_id": "default", "robot_id": "202601002029", "request_id": "7e753160ac8b4be2aa74ac89da152b7d", "position": {"x": -404.1873500209523, "y": 358.3141182287683}, "channel": 8}, "attempt": 1}
2026-09-12 14:36:45,919 INFO response {"request_id": "7e753160ac8b4be2aa74ac89da152b7d", "http_status": 200, "body": {"accepted": true, "real_timestamp_ms": 1789195002555, "virtual_time_s": 3767.097295, "clear_result": "success"}}
2026-09-12 14:36:45,919 INFO request {"path": "/clear", "payload": {"arena_id": "default", "robot_id": "202601002029", "request_id": "8f8b498cc2084414a8ce710fe6d67aaa", "position": {"x": 284.1332885413024, "y": 1031.178979273709}, "channel": 10}, "attempt": 1}
2026-09-12 14:36:45,938 INFO response {"request_id": "8f8b498cc2084414a8ce710fe6d67aaa", "http_status": 200, "body": {"accepted": true, "real_timestamp_ms": 1789195002574, "virtual_time_s": 3964.610403, "clear_result": "success"}}
2026-09-12 14:36:45,958 INFO request {"path": "/measure", "payload": {"arena_id": "default", "robot_id": "202601002029", "request_id": "96ad93d4858649e7aa6fd6bd96206c7d", "position": {"x": 284.1332885413024, "y": 1031.178979273709}, "channel": 18}, "attempt": 1}
2026-09-12 14:36:45,980 INFO response {"request_id": "96ad93d4858649e7aa6fd6bd96206c7d", "http_status": 200, "body": {"accepted": true, "real_timestamp_ms": 1789195002616, "virtual_time_s": 3970.610403, "measure_result": "direction", "svd_deg": 35.27}}
2026-09-12 14:36:45,988 INFO request {"path": "/clear", "payload": {"arena_id": "default", "robot_id": "202601002029", "request_id": "14bd824600b34214a23a1546aa3a4b6e", "position": {"x": 786.5965243788482, "y": 1383.920939116334}, "channel": 18}, "attempt": 1}
2026-09-12 14:36:45,990 INFO response {"request_id": "14bd824600b34214a23a1546aa3a4b6e", "http_status": 200, "body": {"accepted": true, "real_timestamp_ms": 1789195002626, "virtual_time_s": 4098.394147, "clear_result": "success"}}
2026-09-12 14:36:45,990 INFO request {"path": "/measure", "payload": {"arena_id": "default", "robot_id": "202601002029", "request_id": "e902c278fc6a480dacafbdbeb3092799", "position": {"x": -668.8805853459922, "y": 1699.7850129297815}, "channel": 13}, "attempt": 1}
2026-09-12 14:36:46,007 INFO response {"request_id": "e902c278fc6a480dacafbdbeb3092799", "http_status": 200, "body": {"accepted": true, "real_timestamp_ms": 1789195002643, "virtual_time_s": 4402.265511, "measure_result": "direction", "svd_deg": 263.53}}
2026-09-12 14:36:46,013 INFO request {"path": "/clear", "payload": {"arena_id": "default", "robot_id": "202601002029", "request_id": "69fd0880d25a4eeb8f79ab11d76999b8", "position": {"x": -728.2734466846674, "y": 1174.210079071021}, "channel": 13}, "attempt": 1}
2026-09-12 14:36:46,014 INFO response {"request_id": "69fd0880d25a4eeb8f79ab11d76999b8", "http_status": 200, "body": {"accepted": true, "real_timestamp_ms": 1789195002651, "virtual_time_s": 4513.049541, "clear_result": "success"}}
2026-09-12 14:36:46,014 INFO request {"path": "/exit", "payload": {"arena_id": "default", "robot_id": "202601002029", "request_id": "995a0f5dce654775861764417c7126d3"}, "attempt": 1}
2026-09-12 14:36:46,016 INFO response {"request_id": "995a0f5dce654775861764417c7126d3", "http_status": 200, "body": {"accepted": true, "real_timestamp_ms": 1789195002653, "virtual_time_s": 4513.049541, "exit_reason": "user_exit"}}
