2026-09-13 11:05:57,451 INFO request {"path": "/enter", "payload": {"arena_id": "default", "robot_id": "202601002029", "request_id": "b89c359979d04e15a5b023fc8d7085df"}, "attempt": 1}
2026-09-13 11:05:57,455 INFO response {"request_id": "b89c359979d04e15a5b023fc8d7085df", "http_status": 200, "body": {"accepted": true, "real_timestamp_ms": 1789268753391, "virtual_time_s": 0, "max_virtual_duration_s": 360000, "max_real_duration_s": 1200, "remaining_real_duration_s": 1200}}
2026-09-13 11:05:57,455 INFO request {"path": "/measure", "payload": {"arena_id": "default", "robot_id": "202601002029", "request_id": "4e645bb6e9754f398e31686fdf8c85ea", "position": {"x": 0.0, "y": 0.0}, "channel": 1}, "attempt": 1}
2026-09-13 11:05:57,468 INFO response {"request_id": "4e645bb6e9754f398e31686fdf8c85ea", "http_status": 200, "body": {"accepted": true, "real_timestamp_ms": 1789268753405, "virtual_time_s": 5, "measure_result": "direction", "svd_deg": 31.24}}
2026-09-13 11:05:57,478 INFO request {"path": "/measure", "payload": {"arena_id": "default", "robot_id": "202601002029", "request_id": "b1f50232dc33452ba96a1b0e12318c61", "position": {"x": 0.0, "y": 0.0}, "channel": 2}, "attempt": 1}
2026-09-13 11:05:57,480 INFO response {"request_id": "b1f50232dc33452ba96a1b0e12318c61", "http_status": 200, "body": {"accepted": true, "real_timestamp_ms": 1789268753417, "virtual_time_s": 11, "measure_result": "no_signal"}}
2026-09-13 11:05:57,481 INFO request {"path": "/measure", "payload": {"arena_id": "default", "robot_id": "202601002029", "request_id": "5654509435044eeda6b8aba93e83e8db", "position": {"x": 0.0, "y": 0.0}, "channel": 3}, "attempt": 1}
2026-09-13 11:05:57,484 INFO response {"request_id": "5654509435044eeda6b8aba93e83e8db", "http_status": 200, "body": {"accepted": true, "real_timestamp_ms": 1789268753421, "virtual_time_s": 17, "measure_result": "no_signal"}}
2026-09-13 11:05:57,484 INFO request {"path": "/measure", "payload": {"arena_id": "default", "robot_id": "202601002029", "request_id": "59115715bc3f40a3825e6f9be5880af9", "position": {"x": 0.0, "y": 0.0}, "channel": 4}, "attempt": 1}
2026-09-13 11:05:57,500 INFO response {"request_id": "59115715bc3f40a3825e6f9be5880af9", "http_status": 200, "body": {"accepted": true, "real_timestamp_ms": 1789268753436, "virtual_time_s": 23, "measure_result": "no_signal"}}
2026-09-13 11:05:57,500 INFO request {"path": "/measure", "payload": {"arena_id": "default", "robot_id": "202601002029", "request_id": "8c0d8d389a324cb390f22ca256f3b4f5", "position": {"x": 0.0, "y": 0.0}, "channel": 5}, "attempt": 1}
2026-09-13 11:05:57,516 INFO response {"request_id": "8c0d8d389a324cb390f22ca256f3b4f5", "http_status": 200, "body": {"accepted": true, "real_timestamp_ms": 1789268753452, "virtual_time_s": 29, "measure_result": "no_signal"}}
2026-09-13 11:05:57,516 INFO request {"path": "/measure", "payload": {"arena_id": "default", "robot_id": "202601002029", "request_id": "2d795b18b56f449b9a96af162dbdf2d9", "position": {"x": 0.0, "y": 0.0}, "channel": 6}, "attempt": 1}
2026-09-13 11:05:57,531 INFO response {"request_id": "2d795b18b56f449b9a96af162dbdf2d9", "http_status": 200, "body": {"accepted": true, "real_timestamp_ms": 1789268753467, "virtual_time_s": 35, "measure_result": "no_signal"}}
2026-09-13 11:05:57,531 INFO request {"path": "/measure", "payload": {"arena_id": "default", "robot_id": "202601002029", "request_id": "06fe604688ff407dbc8f5b81a2befac6", "position": {"x": 0.0, "y": 0.0}, "channel": 7}, "attempt": 1}
2026-09-13 11:05:57,546 INFO response {"request_id": "06fe604688ff407dbc8f5b81a2befac6", "http_status": 200, "body": {"accepted": true, "real_timestamp_ms": 1789268753482, "virtual_time_s": 41, "measure_result": "no_signal"}}
2026-09-13 11:05:57,546 INFO request {"path": "/measure", "payload": {"arena_id": "default", "robot_id": "202601002029", "request_id": "17c05c99b00f47d1aaf3c656371ff9c2", "position": {"x": 0.0, "y": 0.0}, "channel": 8}, "attempt": 1}
2026-09-13 11:05:57,562 INFO response {"request_id": "17c05c99b00f47d1aaf3c656371ff9c2", "http_status": 200, "body": {"accepted": true, "real_timestamp_ms": 1789268753499, "virtual_time_s": 47, "measure_result": "direction", "svd_deg": 39.6}}
2026-09-13 11:05:57,567 INFO request {"path": "/measure", "payload": {"arena_id": "default", "robot_id": "202601002029", "request_id": "14bc9a12d9aa4dbba1cce258a51d455a", "position": {"x": 0.0, "y": 0.0}, "channel": 9}, "attempt": 1}
2026-09-13 11:05:57,593 INFO response {"request_id": "14bc9a12d9aa4dbba1cce258a51d455a", "http_status": 200, "body": {"accepted": true, "real_timestamp_ms": 1789268753529, "virtual_time_s": 53, "measure_result": "direction", "svd_deg": 46.57}}
2026-09-13 11:05:57,598 INFO request {"path": "/measure", "payload": {"arena_id": "default", "robot_id": "202601002029", "request_id": "7e40e4931b1942818e93819214fe54e4", "position": {"x": 0.0, "y": 0.0}, "channel": 10}, "attempt": 1}
2026-09-13 11:05:57,600 INFO response {"request_id": "7e40e4931b1942818e93819214fe54e4", "http_status": 200, "body": {"accepted": true, "real_timestamp_ms": 1789268753537, "virtual_time_s": 59, "measure_result": "direction", "svd_deg": 122.0}}
2026-09-13 11:05:57,604 INFO request {"path": "/measure", "payload": {"arena_id": "default", "robot_id": "202601002029", "request_id": "f8968e7fa23b43b3884ca89df9de573e", "position": {"x": 0.0, "y": 0.0}, "channel": 11}, "attempt": 1}
2026-09-13 11:05:57,623 INFO response {"request_id": "f8968e7fa23b43b3884ca89df9de573e", "http_status": 200, "body": {"accepted": true, "real_timestamp_ms": 1789268753560, "virtual_time_s": 65, "measure_result": "no_signal"}}
2026-09-13 11:05:57,623 INFO request {"path": "/measure", "payload": {"arena_id": "default", "robot_id": "202601002029", "request_id": "5a16d4ac962846dcb9823f94b8315758", "position": {"x": 0.0, "y": 0.0}, "channel": 12}, "attempt": 1}
2026-09-13 11:05:57,638 INFO response {"request_id": "5a16d4ac962846dcb9823f94b8315758", "http_status": 200, "body": {"accepted": true, "real_timestamp_ms": 1789268753575, "virtual_time_s": 71, "measure_result": "no_signal"}}
2026-09-13 11:05:57,638 INFO request {"path": "/measure", "payload": {"arena_id": "default", "robot_id": "202601002029", "request_id": "82f3c324f39e4bf0b93552fc793014ab", "position": {"x": 0.0, "y": 0.0}, "channel": 13}, "attempt": 1}
2026-09-13 11:05:57,653 INFO response {"request_id": "82f3c324f39e4bf0b93552fc793014ab", "http_status": 200, "body": {"accepted": true, "real_timestamp_ms": 1789268753590, "virtual_time_s": 77, "measure_result": "no_signal"}}
2026-09-13 11:05:57,653 INFO request {"path": "/measure", "payload": {"arena_id": "default", "robot_id": "202601002029", "request_id": "55af84c6c9524c24afbe79a48650d319", "position": {"x": 0.0, "y": 0.0}, "channel": 14}, "attempt": 1}
2026-09-13 11:05:57,669 INFO response {"request_id": "55af84c6c9524c24afbe79a48650d319", "http_status": 200, "body": {"accepted": true, "real_timestamp_ms": 1789268753606, "virtual_time_s": 83, "measure_result": "no_signal"}}
2026-09-13 11:05:57,669 INFO request {"path": "/measure", "payload": {"arena_id": "default", "robot_id": "202601002029", "request_id": "db4487ad952c41e5bc28c88ec693c3d6", "position": {"x": 0.0, "y": 0.0}, "channel": 15}, "attempt": 1}
2026-09-13 11:05:57,671 INFO response {"request_id": "db4487ad952c41e5bc28c88ec693c3d6", "http_status": 200, "body": {"accepted": true, "real_timestamp_ms": 1789268753608, "virtual_time_s": 89, "measure_result": "no_signal"}}
2026-09-13 11:05:57,671 INFO request {"path": "/measure", "payload": {"arena_id": "default", "robot_id": "202601002029", "request_id": "95c453879bc248bca86cf034c57b00a7", "position": {"x": 0.0, "y": 0.0}, "channel": 16}, "attempt": 1}
2026-09-13 11:05:57,684 INFO response {"request_id": "95c453879bc248bca86cf034c57b00a7", "http_status": 200, "body": {"accepted": true, "real_timestamp_ms": 1789268753621, "virtual_time_s": 95, "measure_result": "direction", "svd_deg": 17.53}}
2026-09-13 11:05:57,687 INFO request {"path": "/measure", "payload": {"arena_id": "default", "robot_id": "202601002029", "request_id": "8e4f83cad78f40c586417b213a3e3b21", "position": {"x": 0.0, "y": 0.0}, "channel": 17}, "attempt": 1}
2026-09-13 11:05:57,699 INFO response {"request_id": "8e4f83cad78f40c586417b213a3e3b21", "http_status": 200, "body": {"accepted": true, "real_timestamp_ms": 1789268753636, "virtual_time_s": 101, "measure_result": "no_signal"}}
2026-09-13 11:05:57,700 INFO request {"path": "/measure", "payload": {"arena_id": "default", "robot_id": "202601002029", "request_id": "15671abf1759491d9f66d30237f2dee7", "position": {"x": 0.0, "y": 0.0}, "channel": 18}, "attempt": 1}
2026-09-13 11:05:57,714 INFO response {"request_id": "15671abf1759491d9f66d30237f2dee7", "http_status": 200, "body": {"accepted": true, "real_timestamp_ms": 1789268753652, "virtual_time_s": 107, "measure_result": "direction", "svd_deg": 278.14}}
2026-09-13 11:05:57,716 INFO request {"path": "/measure", "payload": {"arena_id": "default", "robot_id": "202601002029", "request_id": "09569d6c4bab44a4810f898a85afb1aa", "position": {"x": 0.0, "y": 0.0}, "channel": 19}, "attempt": 1}
2026-09-13 11:05:57,730 INFO response {"request_id": "09569d6c4bab44a4810f898a85afb1aa", "http_status": 200, "body": {"accepted": true, "real_timestamp_ms": 1789268753667, "virtual_time_s": 113, "measure_result": "no_signal"}}
2026-09-13 11:05:57,730 INFO request {"path": "/measure", "payload": {"arena_id": "default", "robot_id": "202601002029", "request_id": "3dc5e5b7566040bd87c6c1eec905c98c", "position": {"x": 0.0, "y": 0.0}, "channel": 20}, "attempt": 1}
2026-09-13 11:05:57,745 INFO response {"request_id": "3dc5e5b7566040bd87c6c1eec905c98c", "http_status": 200, "body": {"accepted": true, "real_timestamp_ms": 1789268753683, "virtual_time_s": 119, "measure_result": "direction", "svd_deg": 30.95}}
2026-09-13 11:05:57,747 INFO request {"path": "/measure", "payload": {"arena_id": "default", "robot_id": "202601002029", "request_id": "e80e1dea475c49d684a4cd87eaf9bc31", "position": {"x": 1130.0, "y": 0.0}, "channel": 2}, "attempt": 1}
2026-09-13 11:05:57,761 INFO response {"request_id": "e80e1dea475c49d684a4cd87eaf9bc31", "http_status": 200, "body": {"accepted": true, "real_timestamp_ms": 1789268753698, "virtual_time_s": 351, "measure_result": "no_signal"}}
2026-09-13 11:05:57,761 INFO request {"path": "/measure", "payload": {"arena_id": "default", "robot_id": "202601002029", "request_id": "f574d455df024e248bcc89a38d3b2bc0", "position": {"x": 1130.0, "y": 0.0}, "channel": 3}, "attempt": 1}
2026-09-13 11:05:57,777 INFO response {"request_id": "f574d455df024e248bcc89a38d3b2bc0", "http_status": 200, "body": {"accepted": true, "real_timestamp_ms": 1789268753714, "virtual_time_s": 357, "measure_result": "no_signal"}}
2026-09-13 11:05:57,777 INFO request {"path": "/measure", "payload": {"arena_id": "default", "robot_id": "202601002029", "request_id": "961e04a1cc66487d98239750910fd870", "position": {"x": 1130.0, "y": 0.0}, "channel": 4}, "attempt": 1}
2026-09-13 11:05:57,793 INFO response {"request_id": "961e04a1cc66487d98239750910fd870", "http_status": 200, "body": {"accepted": true, "real_timestamp_ms": 1789268753730, "virtual_time_s": 363, "measure_result": "no_signal"}}
2026-09-13 11:05:57,793 INFO request {"path": "/measure", "payload": {"arena_id": "default", "robot_id": "202601002029", "request_id": "59b729aa369e4d3bb6306d079ba15c6e", "position": {"x": 1130.0, "y": 0.0}, "channel": 5}, "attempt": 1}
2026-09-13 11:05:57,809 INFO response {"request_id": "59b729aa369e4d3bb6306d079ba15c6e", "http_status": 200, "body": {"accepted": true, "real_timestamp_ms": 1789268753745, "virtual_time_s": 369, "measure_result": "no_signal"}}
2026-09-13 11:05:57,809 INFO request {"path": "/measure", "payload": {"arena_id": "default", "robot_id": "202601002029", "request_id": "c14ab2fe0ab242a886ddbd6cc97c5510", "position": {"x": 1130.0, "y": 0.0}, "channel": 6}, "attempt": 1}
2026-09-13 11:05:57,812 INFO response {"request_id": "c14ab2fe0ab242a886ddbd6cc97c5510", "http_status": 200, "body": {"accepted": true, "real_timestamp_ms": 1789268753748, "virtual_time_s": 375, "measure_result": "no_signal"}}
2026-09-13 11:05:57,812 INFO request {"path": "/measure", "payload": {"arena_id": "default", "robot_id": "202601002029", "request_id": "f81304163c2c49178f2e26abbf4b7567", "position": {"x": 1130.0, "y": 0.0}, "channel": 7}, "attempt": 1}
2026-09-13 11:05:57,816 INFO response {"request_id": "f81304163c2c49178f2e26abbf4b7567", "http_status": 200, "body": {"accepted": true, "real_timestamp_ms": 1789268753752, "virtual_time_s": 381, "measure_result": "no_signal"}}
2026-09-13 11:05:57,816 INFO request {"path": "/measure", "payload": {"arena_id": "default", "robot_id": "202601002029", "request_id": "8aae3b58f2de4a60ad17f0a1ad08cdf2", "position": {"x": 1130.0, "y": 0.0}, "channel": 11}, "attempt": 1}
2026-09-13 11:05:57,817 INFO response {"request_id": "8aae3b58f2de4a60ad17f0a1ad08cdf2", "http_status": 200, "body": {"accepted": true, "real_timestamp_ms": 1789268753754, "virtual_time_s": 387, "measure_result": "no_signal"}}
2026-09-13 11:05:57,818 INFO request {"path": "/measure", "payload": {"arena_id": "default", "robot_id": "202601002029", "request_id": "7da58dd9fa5c4c6595e7d140e4daf15f", "position": {"x": 1130.0, "y": 0.0}, "channel": 12}, "attempt": 1}
2026-09-13 11:05:57,819 INFO response {"request_id": "7da58dd9fa5c4c6595e7d140e4daf15f", "http_status": 200, "body": {"accepted": true, "real_timestamp_ms": 1789268753756, "virtual_time_s": 393, "measure_result": "no_signal"}}
2026-09-13 11:05:57,819 INFO request {"path": "/measure", "payload": {"arena_id": "default", "robot_id": "202601002029", "request_id": "08c433434cfd43ec98aea43b3d496ba5", "position": {"x": 1130.0, "y": 0.0}, "channel": 13}, "attempt": 1}
2026-09-13 11:05:57,820 INFO response {"request_id": "08c433434cfd43ec98aea43b3d496ba5", "http_status": 200, "body": {"accepted": true, "real_timestamp_ms": 1789268753757, "virtual_time_s": 399, "measure_result": "no_signal"}}
2026-09-13 11:05:57,820 INFO request {"path": "/measure", "payload": {"arena_id": "default", "robot_id": "202601002029", "request_id": "15d146a4b8a74938896e89025b84bc1d", "position": {"x": 1130.0, "y": 0.0}, "channel": 14}, "attempt": 1}
2026-09-13 11:05:57,822 INFO response {"request_id": "15d146a4b8a74938896e89025b84bc1d", "http_status": 200, "body": {"accepted": true, "real_timestamp_ms": 1789268753759, "virtual_time_s": 405, "measure_result": "no_signal"}}
2026-09-13 11:05:57,822 INFO request {"path": "/measure", "payload": {"arena_id": "default", "robot_id": "202601002029", "request_id": "6e203dd6c9014a0e87f1fb3390263424", "position": {"x": 1130.0, "y": 0.0}, "channel": 15}, "attempt": 1}
2026-09-13 11:05:57,824 INFO response {"request_id": "6e203dd6c9014a0e87f1fb3390263424", "http_status": 200, "body": {"accepted": true, "real_timestamp_ms": 1789268753761, "virtual_time_s": 411, "measure_result": "no_signal"}}
2026-09-13 11:05:57,824 INFO request {"path": "/measure", "payload": {"arena_id": "default", "robot_id": "202601002029", "request_id": "a6f1746a5e7e46ee9f6bccb60e9d2fbc", "position": {"x": 1130.0, "y": 0.0}, "channel": 17}, "attempt": 1}
2026-09-13 11:05:57,825 INFO response {"request_id": "a6f1746a5e7e46ee9f6bccb60e9d2fbc", "http_status": 200, "body": {"accepted": true, "real_timestamp_ms": 1789268753762, "virtual_time_s": 417, "measure_result": "no_signal"}}
2026-09-13 11:05:57,825 INFO request {"path": "/measure", "payload": {"arena_id": "default", "robot_id": "202601002029", "request_id": "eaf08cf7679041f1b6d87de62e45af08", "position": {"x": 1130.0, "y": 0.0}, "channel": 19}, "attempt": 1}
2026-09-13 11:05:57,826 INFO response {"request_id": "eaf08cf7679041f1b6d87de62e45af08", "http_status": 200, "body": {"accepted": true, "real_timestamp_ms": 1789268753763, "virtual_time_s": 423, "measure_result": "no_signal"}}
2026-09-13 11:05:57,873 INFO request {"path": "/measure", "payload": {"arena_id": "default", "robot_id": "202601002029", "request_id": "3c160ebe8779492bafcc8491d544becb", "position": {"x": 1130.0, "y": 0.0}, "channel": 9}, "attempt": 1}
2026-09-13 11:05:57,885 INFO response {"request_id": "3c160ebe8779492bafcc8491d544becb", "http_status": 200, "body": {"accepted": true, "real_timestamp_ms": 1789268753822, "virtual_time_s": 429, "measure_result": "direction", "svd_deg": 113.05}}
2026-09-13 11:05:57,926 INFO request {"path": "/measure", "payload": {"arena_id": "default", "robot_id": "202601002029", "request_id": "e3903cd0de794348a59c1934d17f4574", "position": {"x": 1130.0, "y": 0.0}, "channel": 8}, "attempt": 1}
2026-09-13 11:05:57,948 INFO response {"request_id": "e3903cd0de794348a59c1934d17f4574", "http_status": 200, "body": {"accepted": true, "real_timestamp_ms": 1789268753885, "virtual_time_s": 435, "measure_result": "direction", "svd_deg": 102.15}}
2026-09-13 11:05:57,951 INFO request {"path": "/measure", "payload": {"arena_id": "default", "robot_id": "202601002029", "request_id": "b6c2b0ab9cd34e7f90526fc355a82f8a", "position": {"x": 565.0000000000001, "y": 978.6087062764157}, "channel": 2}, "attempt": 1}
2026-09-13 11:05:57,952 INFO response {"request_id": "b6c2b0ab9cd34e7f90526fc355a82f8a", "http_status": 200, "body": {"accepted": true, "real_timestamp_ms": 1789268753889, "virtual_time_s": 667, "measure_result": "no_signal"}}
2026-09-13 11:05:57,952 INFO request {"path": "/measure", "payload": {"arena_id": "default", "robot_id": "202601002029", "request_id": "b4840cc853b34ed9ad00b4a382419b90", "position": {"x": 565.0000000000001, "y": 978.6087062764157}, "channel": 3}, "attempt": 1}
2026-09-13 11:05:57,953 INFO response {"request_id": "b4840cc853b34ed9ad00b4a382419b90", "http_status": 200, "body": {"accepted": true, "real_timestamp_ms": 1789268753890, "virtual_time_s": 673, "measure_result": "no_signal"}}
2026-09-13 11:05:57,953 INFO request {"path": "/measure", "payload": {"arena_id": "default", "robot_id": "202601002029", "request_id": "85b06a28377d4e4695ece04c865ca6f0", "position": {"x": 565.0000000000001, "y": 978.6087062764157}, "channel": 4}, "attempt": 1}
2026-09-13 11:05:57,954 INFO response {"request_id": "85b06a28377d4e4695ece04c865ca6f0", "http_status": 200, "body": {"accepted": true, "real_timestamp_ms": 1789268753891, "virtual_time_s": 679, "measure_result": "no_signal"}}
2026-09-13 11:05:57,954 INFO request {"path": "/measure", "payload": {"arena_id": "default", "robot_id": "202601002029", "request_id": "587f8863d0f945d88486ff819d252c94", "position": {"x": 565.0000000000001, "y": 978.6087062764157}, "channel": 5}, "attempt": 1}
2026-09-13 11:05:57,954 INFO response {"request_id": "587f8863d0f945d88486ff819d252c94", "http_status": 200, "body": {"accepted": true, "real_timestamp_ms": 1789268753892, "virtual_time_s": 685, "measure_result": "no_signal"}}
2026-09-13 11:05:57,954 INFO request {"path": "/measure", "payload": {"arena_id": "default", "robot_id": "202601002029", "request_id": "a4528077a6144c8eac3916768b57dbc8", "position": {"x": 565.0000000000001, "y": 978.6087062764157}, "channel": 6}, "attempt": 1}
2026-09-13 11:05:57,978 INFO response {"request_id": "a4528077a6144c8eac3916768b57dbc8", "http_status": 200, "body": {"accepted": true, "real_timestamp_ms": 1789268753916, "virtual_time_s": 691, "measure_result": "direction", "svd_deg": 126.7}}
2026-09-13 11:05:57,981 INFO request {"path": "/measure", "payload": {"arena_id": "default", "robot_id": "202601002029", "request_id": "2342d0cf0c824c62a7ed760873be1e2c", "position": {"x": 565.0000000000001, "y": 978.6087062764157}, "channel": 7}, "attempt": 1}
2026-09-13 11:05:57,994 INFO response {"request_id": "2342d0cf0c824c62a7ed760873be1e2c", "http_status": 200, "body": {"accepted": true, "real_timestamp_ms": 1789268753931, "virtual_time_s": 697, "measure_result": "no_signal"}}
2026-09-13 11:05:57,994 INFO request {"path": "/measure", "payload": {"arena_id": "default", "robot_id": "202601002029", "request_id": "9a0511c38fc747589ec4f4b7a691a241", "position": {"x": 565.0000000000001, "y": 978.6087062764157}, "channel": 11}, "attempt": 1}
2026-09-13 11:05:57,996 INFO response {"request_id": "9a0511c38fc747589ec4f4b7a691a241", "http_status": 200, "body": {"accepted": true, "real_timestamp_ms": 1789268753932, "virtual_time_s": 703, "measure_result": "no_signal"}}
2026-09-13 11:05:57,996 INFO request {"path": "/measure", "payload": {"arena_id": "default", "robot_id": "202601002029", "request_id": "8551b63c4669445494df09c67ca64ac4", "position": {"x": 565.0000000000001, "y": 978.6087062764157}, "channel": 12}, "attempt": 1}
2026-09-13 11:05:57,997 INFO response {"request_id": "8551b63c4669445494df09c67ca64ac4", "http_status": 200, "body": {"accepted": true, "real_timestamp_ms": 1789268753934, "virtual_time_s": 709, "measure_result": "no_signal"}}
2026-09-13 11:05:57,997 INFO request {"path": "/measure", "payload": {"arena_id": "default", "robot_id": "202601002029", "request_id": "b8f2d3a940d9453ab60a4b40a75f3bae", "position": {"x": 565.0000000000001, "y": 978.6087062764157}, "channel": 13}, "attempt": 1}
2026-09-13 11:05:57,998 INFO response {"request_id": "b8f2d3a940d9453ab60a4b40a75f3bae", "http_status": 200, "body": {"accepted": true, "real_timestamp_ms": 1789268753935, "virtual_time_s": 715, "measure_result": "no_signal"}}
2026-09-13 11:05:57,998 INFO request {"path": "/measure", "payload": {"arena_id": "default", "robot_id": "202601002029", "request_id": "63ecff3392074e61b887792a93fe38c3", "position": {"x": 565.0000000000001, "y": 978.6087062764157}, "channel": 14}, "attempt": 1}
2026-09-13 11:05:58,000 INFO response {"request_id": "63ecff3392074e61b887792a93fe38c3", "http_status": 200, "body": {"accepted": true, "real_timestamp_ms": 1789268753937, "virtual_time_s": 721, "measure_result": "no_signal"}}
2026-09-13 11:05:58,000 INFO request {"path": "/measure", "payload": {"arena_id": "default", "robot_id": "202601002029", "request_id": "4e42a379764747cea0be5d8561d41cc3", "position": {"x": 565.0000000000001, "y": 978.6087062764157}, "channel": 15}, "attempt": 1}
2026-09-13 11:05:58,027 INFO response {"request_id": "4e42a379764747cea0be5d8561d41cc3", "http_status": 200, "body": {"accepted": true, "real_timestamp_ms": 1789268753963, "virtual_time_s": 727, "measure_result": "no_signal"}}
2026-09-13 11:05:58,027 INFO request {"path": "/measure", "payload": {"arena_id": "default", "robot_id": "202601002029", "request_id": "36f699a0d55b44bd823de5d4572f61ed", "position": {"x": 565.0000000000001, "y": 978.6087062764157}, "channel": 17}, "attempt": 1}
2026-09-13 11:05:58,030 INFO response {"request_id": "36f699a0d55b44bd823de5d4572f61ed", "http_status": 200, "body": {"accepted": true, "real_timestamp_ms": 1789268753966, "virtual_time_s": 733, "measure_result": "no_signal"}}
2026-09-13 11:05:58,030 INFO request {"path": "/measure", "payload": {"arena_id": "default", "robot_id": "202601002029", "request_id": "0d56bd374c9c49c5adccca76d53e93fa", "position": {"x": 565.0000000000001, "y": 978.6087062764157}, "channel": 19}, "attempt": 1}
2026-09-13 11:05:58,032 INFO response {"request_id": "0d56bd374c9c49c5adccca76d53e93fa", "http_status": 200, "body": {"accepted": true, "real_timestamp_ms": 1789268753968, "virtual_time_s": 739, "measure_result": "no_signal"}}
2026-09-13 11:05:58,085 INFO request {"path": "/measure", "payload": {"arena_id": "default", "robot_id": "202601002029", "request_id": "0696f29f4e2c4c498ee50f95ae749068", "position": {"x": 565.0000000000001, "y": 978.6087062764157}, "channel": 1}, "attempt": 1}
2026-09-13 11:05:58,103 INFO response {"request_id": "0696f29f4e2c4c498ee50f95ae749068", "http_status": 200, "body": {"accepted": true, "real_timestamp_ms": 1789268754040, "virtual_time_s": 745, "measure_result": "direction", "svd_deg": 306.36}}
2026-09-13 11:05:58,143 INFO request {"path": "/measure", "payload": {"arena_id": "default", "robot_id": "202601002029", "request_id": "ebc7dac9499b4b29b247edd3f828d845", "position": {"x": 565.0000000000001, "y": 978.6087062764157}, "channel": 20}, "attempt": 1}
2026-09-13 11:05:58,144 INFO response {"request_id": "ebc7dac9499b4b29b247edd3f828d845", "http_status": 200, "body": {"accepted": true, "real_timestamp_ms": 1789268754081, "virtual_time_s": 751, "measure_result": "direction", "svd_deg": 321.99}}
2026-09-13 11:05:58,146 INFO request {"path": "/measure", "payload": {"arena_id": "default", "robot_id": "202601002029", "request_id": "bba89bb6c23045028001faf6b2cdd5b0", "position": {"x": -564.9999999999998, "y": 978.6087062764158}, "channel": 2}, "attempt": 1}
2026-09-13 11:05:58,166 INFO response {"request_id": "bba89bb6c23045028001faf6b2cdd5b0", "http_status": 200, "body": {"accepted": true, "real_timestamp_ms": 1789268754103, "virtual_time_s": 983, "measure_result": "no_signal"}}
2026-09-13 11:05:58,166 INFO request {"path": "/measure", "payload": {"arena_id": "default", "robot_id": "202601002029", "request_id": "2f7c1bf00e7c4186bc6c11b0d35b3a59", "position": {"x": -564.9999999999998, "y": 978.6087062764158}, "channel": 3}, "attempt": 1}
2026-09-13 11:05:58,167 INFO response {"request_id": "2f7c1bf00e7c4186bc6c11b0d35b3a59", "http_status": 200, "body": {"accepted": true, "real_timestamp_ms": 1789268754103, "virtual_time_s": 989, "measure_result": "no_signal"}}
2026-09-13 11:05:58,167 INFO request {"path": "/measure", "payload": {"arena_id": "default", "robot_id": "202601002029", "request_id": "db8127e8e1c247a5a83d3c075da88734", "position": {"x": -564.9999999999998, "y": 978.6087062764158}, "channel": 4}, "attempt": 1}
2026-09-13 11:05:58,181 INFO response {"request_id": "db8127e8e1c247a5a83d3c075da88734", "http_status": 200, "body": {"accepted": true, "real_timestamp_ms": 1789268754118, "virtual_time_s": 995, "measure_result": "no_signal"}}
2026-09-13 11:05:58,181 INFO request {"path": "/measure", "payload": {"arena_id": "default", "robot_id": "202601002029", "request_id": "f6eddf3281224ea2a55e08ed519a23a0", "position": {"x": -564.9999999999998, "y": 978.6087062764158}, "channel": 5}, "attempt": 1}
2026-09-13 11:05:58,198 INFO response {"request_id": "f6eddf3281224ea2a55e08ed519a23a0", "http_status": 200, "body": {"accepted": true, "real_timestamp_ms": 1789268754135, "virtual_time_s": 1001, "measure_result": "no_signal"}}
2026-09-13 11:05:58,198 INFO request {"path": "/measure", "payload": {"arena_id": "default", "robot_id": "202601002029", "request_id": "c1c5477211bf4fa7a286aac1eca16ced", "position": {"x": -564.9999999999998, "y": 978.6087062764158}, "channel": 7}, "attempt": 1}
2026-09-13 11:05:58,200 INFO response {"request_id": "c1c5477211bf4fa7a286aac1eca16ced", "http_status": 200, "body": {"accepted": true, "real_timestamp_ms": 1789268754137, "virtual_time_s": 1007, "measure_result": "no_signal"}}
2026-09-13 11:05:58,200 INFO request {"path": "/measure", "payload": {"arena_id": "default", "robot_id": "202601002029", "request_id": "a5ab1921bb734a8bb634628bf59b7391", "position": {"x": -564.9999999999998, "y": 978.6087062764158}, "channel": 11}, "attempt": 1}
2026-09-13 11:05:58,201 INFO response {"request_id": "a5ab1921bb734a8bb634628bf59b7391", "http_status": 200, "body": {"accepted": true, "real_timestamp_ms": 1789268754138, "virtual_time_s": 1013, "measure_result": "no_signal"}}
2026-09-13 11:05:58,201 INFO request {"path": "/measure", "payload": {"arena_id": "default", "robot_id": "202601002029", "request_id": "213491db5fa548b88ed38c4a3564f97e", "position": {"x": -564.9999999999998, "y": 978.6087062764158}, "channel": 12}, "attempt": 1}
2026-09-13 11:05:58,202 INFO response {"request_id": "213491db5fa548b88ed38c4a3564f97e", "http_status": 200, "body": {"accepted": true, "real_timestamp_ms": 1789268754140, "virtual_time_s": 1019, "measure_result": "no_signal"}}
2026-09-13 11:05:58,203 INFO request {"path": "/measure", "payload": {"arena_id": "default", "robot_id": "202601002029", "request_id": "94bbce8b86964606aa7d7c8e34265216", "position": {"x": -564.9999999999998, "y": 978.6087062764158}, "channel": 13}, "attempt": 1}
2026-09-13 11:05:58,204 INFO response {"request_id": "94bbce8b86964606aa7d7c8e34265216", "http_status": 200, "body": {"accepted": true, "real_timestamp_ms": 1789268754141, "virtual_time_s": 1025, "measure_result": "no_signal"}}
2026-09-13 11:05:58,204 INFO request {"path": "/measure", "payload": {"arena_id": "default", "robot_id": "202601002029", "request_id": "9e576968fc8a4337b32e0a3da88ab169", "position": {"x": -564.9999999999998, "y": 978.6087062764158}, "channel": 14}, "attempt": 1}
2026-09-13 11:05:58,205 INFO response {"request_id": "9e576968fc8a4337b32e0a3da88ab169", "http_status": 200, "body": {"accepted": true, "real_timestamp_ms": 1789268754142, "virtual_time_s": 1031, "measure_result": "no_signal"}}
2026-09-13 11:05:58,205 INFO request {"path": "/measure", "payload": {"arena_id": "default", "robot_id": "202601002029", "request_id": "875a37b5b5654e88b4a0ec9bdce0e01d", "position": {"x": -564.9999999999998, "y": 978.6087062764158}, "channel": 15}, "attempt": 1}
2026-09-13 11:05:58,229 INFO response {"request_id": "875a37b5b5654e88b4a0ec9bdce0e01d", "http_status": 200, "body": {"accepted": true, "real_timestamp_ms": 1789268754165, "virtual_time_s": 1037, "measure_result": "no_signal"}}
2026-09-13 11:05:58,229 INFO request {"path": "/measure", "payload": {"arena_id": "default", "robot_id": "202601002029", "request_id": "9dc85a49698e4d08800bd47875142e6f", "position": {"x": -564.9999999999998, "y": 978.6087062764158}, "channel": 17}, "attempt": 1}
2026-09-13 11:05:58,232 INFO response {"request_id": "9dc85a49698e4d08800bd47875142e6f", "http_status": 200, "body": {"accepted": true, "real_timestamp_ms": 1789268754168, "virtual_time_s": 1043, "measure_result": "no_signal"}}
2026-09-13 11:05:58,232 INFO request {"path": "/measure", "payload": {"arena_id": "default", "robot_id": "202601002029", "request_id": "6ca62632150a4ea1a13ec6361dfafed4", "position": {"x": -564.9999999999998, "y": 978.6087062764158}, "channel": 19}, "attempt": 1}
2026-09-13 11:05:58,234 INFO response {"request_id": "6ca62632150a4ea1a13ec6361dfafed4", "http_status": 200, "body": {"accepted": true, "real_timestamp_ms": 1789268754171, "virtual_time_s": 1049, "measure_result": "no_signal"}}
2026-09-13 11:05:58,253 INFO request {"path": "/measure", "payload": {"arena_id": "default", "robot_id": "202601002029", "request_id": "125751e959ed4d928db7553b31a41daf", "position": {"x": -564.9999999999998, "y": 978.6087062764158}, "channel": 6}, "attempt": 1}
2026-09-13 11:05:58,254 INFO response {"request_id": "125751e959ed4d928db7553b31a41daf", "http_status": 200, "body": {"accepted": true, "real_timestamp_ms": 1789268754191, "virtual_time_s": 1055, "measure_result": "direction", "svd_deg": 34.91}}
2026-09-13 11:05:58,260 INFO request {"path": "/measure", "payload": {"arena_id": "default", "robot_id": "202601002029", "request_id": "e9aa8de9d6164e298ef0cb6b0034e44f", "position": {"x": -1130.0, "y": 1.3838508830365092e-13}, "channel": 2}, "attempt": 1}
2026-09-13 11:05:58,276 INFO response {"request_id": "e9aa8de9d6164e298ef0cb6b0034e44f", "http_status": 200, "body": {"accepted": true, "real_timestamp_ms": 1789268754212, "virtual_time_s": 1287, "measure_result": "no_signal"}}
2026-09-13 11:05:58,276 INFO request {"path": "/measure", "payload": {"arena_id": "default", "robot_id": "202601002029", "request_id": "cfc957790aa6465d95a1d93cbf9c6c6a", "position": {"x": -1130.0, "y": 1.3838508830365092e-13}, "channel": 3}, "attempt": 1}
2026-09-13 11:05:58,279 INFO response {"request_id": "cfc957790aa6465d95a1d93cbf9c6c6a", "http_status": 200, "body": {"accepted": true, "real_timestamp_ms": 1789268754215, "virtual_time_s": 1293, "measure_result": "no_signal"}}
2026-09-13 11:05:58,280 INFO request {"path": "/measure", "payload": {"arena_id": "default", "robot_id": "202601002029", "request_id": "351dad4da0204f50a781328fce76a98f", "position": {"x": -1130.0, "y": 1.3838508830365092e-13}, "channel": 4}, "attempt": 1}
2026-09-13 11:05:58,281 INFO response {"request_id": "351dad4da0204f50a781328fce76a98f", "http_status": 200, "body": {"accepted": true, "real_timestamp_ms": 1789268754218, "virtual_time_s": 1299, "measure_result": "direction", "svd_deg": 199.41}}
2026-09-13 11:05:58,287 INFO request {"path": "/measure", "payload": {"arena_id": "default", "robot_id": "202601002029", "request_id": "81f2baa3687c456cb075cbc9ffda3c8b", "position": {"x": -1130.0, "y": 1.3838508830365092e-13}, "channel": 5}, "attempt": 1}
2026-09-13 11:05:58,289 INFO response {"request_id": "81f2baa3687c456cb075cbc9ffda3c8b", "http_status": 200, "body": {"accepted": true, "real_timestamp_ms": 1789268754226, "virtual_time_s": 1305, "measure_result": "no_signal"}}
2026-09-13 11:05:58,289 INFO request {"path": "/measure", "payload": {"arena_id": "default", "robot_id": "202601002029", "request_id": "479190dca7004cb9b278b4f590e981e8", "position": {"x": -1130.0, "y": 1.3838508830365092e-13}, "channel": 7}, "attempt": 1}
2026-09-13 11:05:58,292 INFO response {"request_id": "479190dca7004cb9b278b4f590e981e8", "http_status": 200, "body": {"accepted": true, "real_timestamp_ms": 1789268754229, "virtual_time_s": 1311, "measure_result": "direction", "svd_deg": 253.06}}
2026-09-13 11:05:58,298 INFO request {"path": "/measure", "payload": {"arena_id": "default", "robot_id": "202601002029", "request_id": "e942a6ecb2ad4ac185d6a763e76fde67", "position": {"x": -1130.0, "y": 1.3838508830365092e-13}, "channel": 11}, "attempt": 1}
2026-09-13 11:05:58,324 INFO response {"request_id": "e942a6ecb2ad4ac185d6a763e76fde67", "http_status": 200, "body": {"accepted": true, "real_timestamp_ms": 1789268754259, "virtual_time_s": 1317, "measure_result": "no_signal"}}
2026-09-13 11:05:58,324 INFO request {"path": "/measure", "payload": {"arena_id": "default", "robot_id": "202601002029", "request_id": "c5b7a44c3b344f31b9136343ce6f2465", "position": {"x": -1130.0, "y": 1.3838508830365092e-13}, "channel": 12}, "attempt": 1}
2026-09-13 11:05:58,327 INFO response {"request_id": "c5b7a44c3b344f31b9136343ce6f2465", "http_status": 200, "body": {"accepted": true, "real_timestamp_ms": 1789268754264, "virtual_time_s": 1323, "measure_result": "no_signal"}}
2026-09-13 11:05:58,328 INFO request {"path": "/measure", "payload": {"arena_id": "default", "robot_id": "202601002029", "request_id": "56298cd775e948208a6ad5561f29ce62", "position": {"x": -1130.0, "y": 1.3838508830365092e-13}, "channel": 13}, "attempt": 1}
2026-09-13 11:05:58,332 INFO response {"request_id": "56298cd775e948208a6ad5561f29ce62", "http_status": 200, "body": {"accepted": true, "real_timestamp_ms": 1789268754267, "virtual_time_s": 1329, "measure_result": "no_signal"}}
2026-09-13 11:05:58,333 INFO request {"path": "/measure", "payload": {"arena_id": "default", "robot_id": "202601002029", "request_id": "17da97644fac4dc69a9af0c9a18a996d", "position": {"x": -1130.0, "y": 1.3838508830365092e-13}, "channel": 14}, "attempt": 1}
2026-09-13 11:05:58,336 INFO response {"request_id": "17da97644fac4dc69a9af0c9a18a996d", "http_status": 200, "body": {"accepted": true, "real_timestamp_ms": 1789268754273, "virtual_time_s": 1335, "measure_result": "no_signal"}}
2026-09-13 11:05:58,336 INFO request {"path": "/measure", "payload": {"arena_id": "default", "robot_id": "202601002029", "request_id": "c4f75ccc0c88462bb17e02728de1c8af", "position": {"x": -1130.0, "y": 1.3838508830365092e-13}, "channel": 15}, "attempt": 1}
2026-09-13 11:05:58,342 INFO response {"request_id": "c4f75ccc0c88462bb17e02728de1c8af", "http_status": 200, "body": {"accepted": true, "real_timestamp_ms": 1789268754276, "virtual_time_s": 1341, "measure_result": "no_signal"}}
2026-09-13 11:05:58,342 INFO request {"path": "/measure", "payload": {"arena_id": "default", "robot_id": "202601002029", "request_id": "24c9db1852a44f5dbd8f3ddc38566037", "position": {"x": -1130.0, "y": 1.3838508830365092e-13}, "channel": 17}, "attempt": 1}
2026-09-13 11:05:58,346 INFO response {"request_id": "24c9db1852a44f5dbd8f3ddc38566037", "http_status": 200, "body": {"accepted": true, "real_timestamp_ms": 1789268754282, "virtual_time_s": 1347, "measure_result": "direction", "svd_deg": 198.13}}
2026-09-13 11:05:58,352 INFO request {"path": "/measure", "payload": {"arena_id": "default", "robot_id": "202601002029", "request_id": "4d1a1f7bac0d4d99856208166cc23f80", "position": {"x": -1130.0, "y": 1.3838508830365092e-13}, "channel": 19}, "attempt": 1}
2026-09-13 11:05:58,354 INFO response {"request_id": "4d1a1f7bac0d4d99856208166cc23f80", "http_status": 200, "body": {"accepted": true, "real_timestamp_ms": 1789268754291, "virtual_time_s": 1353, "measure_result": "no_signal"}}
2026-09-13 11:05:58,360 INFO request {"path": "/measure", "payload": {"arena_id": "default", "robot_id": "202601002029", "request_id": "6e8b978726e24017bcb2ef356c11c9d8", "position": {"x": -565.0000000000005, "y": -978.6087062764154}, "channel": 19}, "attempt": 1}
2026-09-13 11:05:58,364 INFO response {"request_id": "6e8b978726e24017bcb2ef356c11c9d8", "http_status": 200, "body": {"accepted": true, "real_timestamp_ms": 1789268754298, "virtual_time_s": 1584, "measure_result": "no_signal"}}
2026-09-13 11:05:58,365 INFO request {"path": "/measure", "payload": {"arena_id": "default", "robot_id": "202601002029", "request_id": "7697e7a9df13464791e2a4c718b2e0d4", "position": {"x": -565.0000000000005, "y": -978.6087062764154}, "channel": 2}, "attempt": 1}
2026-09-13 11:05:58,383 INFO response {"request_id": "7697e7a9df13464791e2a4c718b2e0d4", "http_status": 200, "body": {"accepted": true, "real_timestamp_ms": 1789268754320, "virtual_time_s": 1590, "measure_result": "no_signal"}}
2026-09-13 11:05:58,384 INFO request {"path": "/measure", "payload": {"arena_id": "default", "robot_id": "202601002029", "request_id": "5afa3fdf72ae4fe189a5b37f8d18cfdb", "position": {"x": -565.0000000000005, "y": -978.6087062764154}, "channel": 3}, "attempt": 1}
2026-09-13 11:05:58,385 INFO response {"request_id": "5afa3fdf72ae4fe189a5b37f8d18cfdb", "http_status": 200, "body": {"accepted": true, "real_timestamp_ms": 1789268754322, "virtual_time_s": 1596, "measure_result": "no_signal"}}
2026-09-13 11:05:58,385 INFO request {"path": "/measure", "payload": {"arena_id": "default", "robot_id": "202601002029", "request_id": "501e27d7ebd142e39f46167b7042bf21", "position": {"x": -565.0000000000005, "y": -978.6087062764154}, "channel": 5}, "attempt": 1}
2026-09-13 11:05:58,399 INFO response {"request_id": "501e27d7ebd142e39f46167b7042bf21", "http_status": 200, "body": {"accepted": true, "real_timestamp_ms": 1789268754336, "virtual_time_s": 1602, "measure_result": "no_signal"}}
2026-09-13 11:05:58,399 INFO request {"path": "/measure", "payload": {"arena_id": "default", "robot_id": "202601002029", "request_id": "419d4bd2a8ca4de6b5ae7e7de6f3d498", "position": {"x": -565.0000000000005, "y": -978.6087062764154}, "channel": 11}, "attempt": 1}
2026-09-13 11:05:58,413 INFO response {"request_id": "419d4bd2a8ca4de6b5ae7e7de6f3d498", "http_status": 200, "body": {"accepted": true, "real_timestamp_ms": 1789268754350, "virtual_time_s": 1608, "measure_result": "no_signal"}}
2026-09-13 11:05:58,413 INFO request {"path": "/measure", "payload": {"arena_id": "default", "robot_id": "202601002029", "request_id": "72b40554f1cf4b6e82bf724f109bb7f9", "position": {"x": -565.0000000000005, "y": -978.6087062764154}, "channel": 12}, "attempt": 1}
2026-09-13 11:05:58,414 INFO response {"request_id": "72b40554f1cf4b6e82bf724f109bb7f9", "http_status": 200, "body": {"accepted": true, "real_timestamp_ms": 1789268754351, "virtual_time_s": 1614, "measure_result": "no_signal"}}
2026-09-13 11:05:58,414 INFO request {"path": "/measure", "payload": {"arena_id": "default", "robot_id": "202601002029", "request_id": "15e68f03d3df41ed86595ee11e0e532d", "position": {"x": -565.0000000000005, "y": -978.6087062764154}, "channel": 13}, "attempt": 1}
2026-09-13 11:05:58,429 INFO response {"request_id": "15e68f03d3df41ed86595ee11e0e532d", "http_status": 200, "body": {"accepted": true, "real_timestamp_ms": 1789268754365, "virtual_time_s": 1620, "measure_result": "no_signal"}}
2026-09-13 11:05:58,429 INFO request {"path": "/measure", "payload": {"arena_id": "default", "robot_id": "202601002029", "request_id": "a070532ef5e940a3a5265961e71d04d5", "position": {"x": -565.0000000000005, "y": -978.6087062764154}, "channel": 14}, "attempt": 1}
2026-09-13 11:05:58,430 INFO response {"request_id": "a070532ef5e940a3a5265961e71d04d5", "http_status": 200, "body": {"accepted": true, "real_timestamp_ms": 1789268754367, "virtual_time_s": 1626, "measure_result": "no_signal"}}
2026-09-13 11:05:58,430 INFO request {"path": "/measure", "payload": {"arena_id": "default", "robot_id": "202601002029", "request_id": "807b4efaeeab487c8bb1de84293a5d8d", "position": {"x": -565.0000000000005, "y": -978.6087062764154}, "channel": 15}, "attempt": 1}
2026-09-13 11:05:58,444 INFO response {"request_id": "807b4efaeeab487c8bb1de84293a5d8d", "http_status": 200, "body": {"accepted": true, "real_timestamp_ms": 1789268754380, "virtual_time_s": 1632, "measure_result": "no_signal"}}
2026-09-13 11:05:58,463 INFO request {"path": "/measure", "payload": {"arena_id": "default", "robot_id": "202601002029", "request_id": "f5ce9313a3734a9abc957c2eace8dbec", "position": {"x": -565.0000000000005, "y": -978.6087062764154}, "channel": 7}, "attempt": 1}
2026-09-13 11:05:58,464 INFO response {"request_id": "f5ce9313a3734a9abc957c2eace8dbec", "http_status": 200, "body": {"accepted": true, "real_timestamp_ms": 1789268754401, "virtual_time_s": 1638, "measure_result": "direction", "svd_deg": 170.3}}
2026-09-13 11:05:58,482 INFO request {"path": "/measure", "payload": {"arena_id": "default", "robot_id": "202601002029", "request_id": "8ba5e344037c4b37a67e0e2394423f8c", "position": {"x": -565.0000000000005, "y": -978.6087062764154}, "channel": 18}, "attempt": 1}
2026-09-13 11:05:58,505 INFO response {"request_id": "8ba5e344037c4b37a67e0e2394423f8c", "http_status": 200, "body": {"accepted": true, "real_timestamp_ms": 1789268754442, "virtual_time_s": 1644, "measure_result": "direction", "svd_deg": 355.38}}
2026-09-13 11:05:58,509 INFO request {"path": "/measure", "payload": {"arena_id": "default", "robot_id": "202601002029", "request_id": "0e25eccb2fab4c06a61e3e12c8bb5e8b", "position": {"x": 565.0000000000001, "y": -978.6087062764157}, "channel": 2}, "attempt": 1}
2026-09-13 11:05:58,510 INFO response {"request_id": "0e25eccb2fab4c06a61e3e12c8bb5e8b", "http_status": 200, "body": {"accepted": true, "real_timestamp_ms": 1789268754447, "virtual_time_s": 1876, "measure_result": "no_signal"}}
2026-09-13 11:05:58,510 INFO request {"path": "/measure", "payload": {"arena_id": "default", "robot_id": "202601002029", "request_id": "d013d797cf8b46e8aec7fdc725234639", "position": {"x": 565.0000000000001, "y": -978.6087062764157}, "channel": 3}, "attempt": 1}
2026-09-13 11:05:58,535 INFO response {"request_id": "d013d797cf8b46e8aec7fdc725234639", "http_status": 200, "body": {"accepted": true, "real_timestamp_ms": 1789268754472, "virtual_time_s": 1882, "measure_result": "no_signal"}}
2026-09-13 11:05:58,535 INFO request {"path": "/measure", "payload": {"arena_id": "default", "robot_id": "202601002029", "request_id": "e443da23f0bc41cdaca62224d7e635c0", "position": {"x": 565.0000000000001, "y": -978.6087062764157}, "channel": 5}, "attempt": 1}
2026-09-13 11:05:58,550 INFO response {"request_id": "e443da23f0bc41cdaca62224d7e635c0", "http_status": 200, "body": {"accepted": true, "real_timestamp_ms": 1789268754487, "virtual_time_s": 1888, "measure_result": "no_signal"}}
2026-09-13 11:05:58,551 INFO request {"path": "/measure", "payload": {"arena_id": "default", "robot_id": "202601002029", "request_id": "844558c625044b089b0d41c1f24e4029", "position": {"x": 565.0000000000001, "y": -978.6087062764157}, "channel": 11}, "attempt": 1}
2026-09-13 11:05:58,551 INFO response {"request_id": "844558c625044b089b0d41c1f24e4029", "http_status": 200, "body": {"accepted": true, "real_timestamp_ms": 1789268754488, "virtual_time_s": 1894, "measure_result": "no_signal"}}
2026-09-13 11:05:58,551 INFO request {"path": "/measure", "payload": {"arena_id": "default", "robot_id": "202601002029", "request_id": "7aabf135694b4c85a99975892e9c46f7", "position": {"x": 565.0000000000001, "y": -978.6087062764157}, "channel": 12}, "attempt": 1}
2026-09-13 11:05:58,552 INFO response {"request_id": "7aabf135694b4c85a99975892e9c46f7", "http_status": 200, "body": {"accepted": true, "real_timestamp_ms": 1789268754490, "virtual_time_s": 1900, "measure_result": "no_signal"}}
2026-09-13 11:05:58,552 INFO request {"path": "/measure", "payload": {"arena_id": "default", "robot_id": "202601002029", "request_id": "83e1cb9d8ab64cbcbd9702f7a91f86d4", "position": {"x": 565.0000000000001, "y": -978.6087062764157}, "channel": 13}, "attempt": 1}
2026-09-13 11:05:58,553 INFO response {"request_id": "83e1cb9d8ab64cbcbd9702f7a91f86d4", "http_status": 200, "body": {"accepted": true, "real_timestamp_ms": 1789268754491, "virtual_time_s": 1906, "measure_result": "no_signal"}}
2026-09-13 11:05:58,554 INFO request {"path": "/measure", "payload": {"arena_id": "default", "robot_id": "202601002029", "request_id": "78254d8717e744aba8db78c81f4d1d05", "position": {"x": 565.0000000000001, "y": -978.6087062764157}, "channel": 14}, "attempt": 1}
2026-09-13 11:05:58,554 INFO response {"request_id": "78254d8717e744aba8db78c81f4d1d05", "http_status": 200, "body": {"accepted": true, "real_timestamp_ms": 1789268754491, "virtual_time_s": 1912, "measure_result": "no_signal"}}
2026-09-13 11:05:58,554 INFO request {"path": "/measure", "payload": {"arena_id": "default", "robot_id": "202601002029", "request_id": "3f805301697a4634bd795b5525f4c47a", "position": {"x": 565.0000000000001, "y": -978.6087062764157}, "channel": 15}, "attempt": 1}
2026-09-13 11:05:58,555 INFO response {"request_id": "3f805301697a4634bd795b5525f4c47a", "http_status": 200, "body": {"accepted": true, "real_timestamp_ms": 1789268754492, "virtual_time_s": 1918, "measure_result": "no_signal"}}
2026-09-13 11:05:58,555 INFO request {"path": "/measure", "payload": {"arena_id": "default", "robot_id": "202601002029", "request_id": "8abf3fd568e847168870c70dccd09b00", "position": {"x": 565.0000000000001, "y": -978.6087062764157}, "channel": 19}, "attempt": 1}
2026-09-13 11:05:58,556 INFO response {"request_id": "8abf3fd568e847168870c70dccd09b00", "http_status": 200, "body": {"accepted": true, "real_timestamp_ms": 1789268754493, "virtual_time_s": 1924, "measure_result": "no_signal"}}
2026-09-13 11:05:58,568 INFO request {"path": "/measure", "payload": {"arena_id": "default", "robot_id": "202601002029", "request_id": "b44c267598444163aab01fe07a3f3ae1", "position": {"x": 565.0000000000001, "y": -978.6087062764157}, "channel": 18}, "attempt": 1}
2026-09-13 11:05:58,570 INFO response {"request_id": "b44c267598444163aab01fe07a3f3ae1", "http_status": 200, "body": {"accepted": true, "real_timestamp_ms": 1789268754507, "virtual_time_s": 1930, "measure_result": "direction", "svd_deg": 189.94}}
2026-09-13 11:06:04,686 INFO request {"path": "/clear", "payload": {"arena_id": "default", "robot_id": "202601002029", "request_id": "019d3a252f3c4381bd85f2665730a92e", "position": {"x": 150.103011298324, "y": -1048.8520321430406}, "channel": 18}, "attempt": 1}
2026-09-13 11:06:04,704 INFO response {"request_id": "019d3a252f3c4381bd85f2665730a92e", "http_status": 200, "body": {"accepted": true, "real_timestamp_ms": 1789268760641, "virtual_time_s": 2019.160237, "clear_result": "success"}}
2026-09-13 11:06:04,707 INFO request {"path": "/measure", "payload": {"arena_id": "default", "robot_id": "202601002029", "request_id": "b1389cfc27fe47ffba0520d603087797", "position": {"x": -795.2088851036334, "y": -955.4439580473205}, "channel": 7}, "attempt": 1}
2026-09-13 11:06:04,708 INFO response {"request_id": "b1389cfc27fe47ffba0520d603087797", "http_status": 200, "body": {"accepted": true, "real_timestamp_ms": 1789268760645, "virtual_time_s": 2215.143357, "measure_result": "direction", "svd_deg": 168.73}}
2026-09-13 11:06:04,729 INFO request {"path": "/measure", "payload": {"arena_id": "default", "robot_id": "202601002029", "request_id": "807134307b4c42cf926e83625091e362", "position": {"x": -795.2088851036334, "y": -955.4439580473205}, "channel": 4}, "attempt": 1}
2026-09-13 11:06:04,730 INFO response {"request_id": "807134307b4c42cf926e83625091e362", "http_status": 200, "body": {"accepted": true, "real_timestamp_ms": 1789268760667, "virtual_time_s": 2221.143357, "measure_result": "direction", "svd_deg": 128.74}}
2026-09-13 11:06:04,742 INFO request {"path": "/measure", "payload": {"arena_id": "default", "robot_id": "202601002029", "request_id": "bed39358c6124f2cae7fdb2feb00f5df", "position": {"x": -795.2088851036334, "y": -955.4439580473205}, "channel": 17}, "attempt": 1}
2026-09-13 11:06:04,814 INFO response {"request_id": "bed39358c6124f2cae7fdb2feb00f5df", "http_status": 200, "body": {"accepted": true, "real_timestamp_ms": 1789268760751, "virtual_time_s": 2227.143357, "measure_result": "no_signal"}}
2026-09-13 11:06:06,202 INFO request {"path": "/clear", "payload": {"arena_id": "default", "robot_id": "202601002029", "request_id": "1965532a95e243d7904a83717ad6434a", "position": {"x": -1385.4958056769492, "y": -838.1064789453885}, "channel": 7}, "attempt": 1}
2026-09-13 11:06:06,204 INFO response {"request_id": "1965532a95e243d7904a83717ad6434a", "http_status": 200, "body": {"accepted": true, "real_timestamp_ms": 1789268762141, "virtual_time_s": 2352.510584, "clear_result": "success"}}
2026-09-13 11:06:06,221 INFO request {"path": "/measure", "payload": {"arena_id": "default", "robot_id": "202601002029", "request_id": "afbafa4a19d14b43ac95852d99af11d8", "position": {"x": -1385.4958056769492, "y": -838.1064789453885}, "channel": 17}, "attempt": 1}
2026-09-13 11:06:06,237 INFO response {"request_id": "afbafa4a19d14b43ac95852d99af11d8", "http_status": 200, "body": {"accepted": true, "real_timestamp_ms": 1789268762174, "virtual_time_s": 2357.510584, "measure_result": "direction", "svd_deg": 107.11}}
2026-09-13 11:06:06,264 INFO request {"path": "/measure", "payload": {"arena_id": "default", "robot_id": "202601002029", "request_id": "4e3f99b0e9114ec29c23fee3d5613353", "position": {"x": -1385.4958056769492, "y": -838.1064789453885}, "channel": 4}, "attempt": 1}
2026-09-13 11:06:06,284 INFO response {"request_id": "4e3f99b0e9114ec29c23fee3d5613353", "http_status": 200, "body": {"accepted": true, "real_timestamp_ms": 1789268762221, "virtual_time_s": 2363.510584, "measure_result": "direction", "svd_deg": 96.82}}
2026-09-13 11:06:06,297 INFO request {"path": "/clear", "payload": {"arena_id": "default", "robot_id": "202601002029", "request_id": "5d67842eb9234f03aadaac0486c1ddd0", "position": {"x": -1596.469558552761, "y": -152.74078946791786}, "channel": 17}, "attempt": 1}
2026-09-13 11:06:06,300 INFO response {"request_id": "5d67842eb9234f03aadaac0486c1ddd0", "http_status": 200, "body": {"accepted": true, "real_timestamp_ms": 1789268762236, "virtual_time_s": 2511.931092, "clear_result": "success"}}
2026-09-13 11:06:06,302 INFO request {"path": "/clear", "payload": {"arena_id": "default", "robot_id": "202601002029", "request_id": "3cb83d37cb5f46c390135bd3b7b11777", "position": {"x": -1470.6065398290814, "y": -119.92340020651447}, "channel": 4}, "attempt": 1}
2026-09-13 11:06:06,303 INFO response {"request_id": "3cb83d37cb5f46c390135bd3b7b11777", "http_status": 200, "body": {"accepted": true, "real_timestamp_ms": 1789268762240, "virtual_time_s": 2542.945304, "clear_result": "success"}}
2026-09-13 11:06:06,306 INFO request {"path": "/measure", "payload": {"arena_id": "default", "robot_id": "202601002029", "request_id": "3cc8c007eb3a4dfb981e701f33ac6ae0", "position": {"x": -1132.1079840035418, "y": 692.8807181428567}, "channel": 10}, "attempt": 1}
2026-09-13 11:06:06,308 INFO response {"request_id": "3cc8c007eb3a4dfb981e701f33ac6ae0", "http_status": 200, "body": {"accepted": true, "real_timestamp_ms": 1789268762245, "virtual_time_s": 2725.039802, "measure_result": "direction", "svd_deg": 356.6}}
2026-09-13 11:06:06,927 INFO request {"path": "/measure", "payload": {"arena_id": "default", "robot_id": "202601002029", "request_id": "567dfbc3387b4716b00bd73a825bdcc4", "position": {"x": -774.0698528169514, "y": 496.6976848077438}, "channel": 10}, "attempt": 1}
2026-09-13 11:06:06,939 INFO response {"request_id": "567dfbc3387b4716b00bd73a825bdcc4", "http_status": 200, "body": {"accepted": true, "real_timestamp_ms": 1789268762875, "virtual_time_s": 2811.692502, "measure_result": "direction", "svd_deg": 22.38}}
2026-09-13 11:06:06,953 INFO request {"path": "/clear", "payload": {"arena_id": "default", "robot_id": "202601002029", "request_id": "d0347dbbe293492496bf3915e2a4f235", "position": {"x": -405.2785027677561, "y": 648.2741572078835}, "channel": 10}, "attempt": 1}
2026-09-13 11:06:06,955 INFO response {"request_id": "d0347dbbe293492496bf3915e2a4f235", "http_status": 200, "body": {"accepted": true, "real_timestamp_ms": 1789268762892, "virtual_time_s": 2896.437718, "clear_result": "success"}}
2026-09-13 11:06:06,959 INFO request {"path": "/measure", "payload": {"arena_id": "default", "robot_id": "202601002029", "request_id": "68b7e39b915341d8856cb73a8e3fc3a5", "position": {"x": 411.1400129233927, "y": 672.459616096588}, "channel": 9}, "attempt": 1}
2026-09-13 11:06:06,962 INFO response {"request_id": "68b7e39b915341d8856cb73a8e3fc3a5", "http_status": 200, "body": {"accepted": true, "real_timestamp_ms": 1789268762899, "virtual_time_s": 3065.793052, "measure_result": "direction", "svd_deg": 20.11}}
2026-09-13 11:06:07,053 INFO request {"path": "/measure", "payload": {"arena_id": "default", "robot_id": "202601002029", "request_id": "5af877a58414469e95db25b933470ba3", "position": {"x": 411.1400129233927, "y": 672.459616096588}, "channel": 8}, "attempt": 1}
2026-09-13 11:06:07,055 INFO response {"request_id": "5af877a58414469e95db25b933470ba3", "http_status": 200, "body": {"accepted": true, "real_timestamp_ms": 1789268762991, "virtual_time_s": 3071.793052, "measure_result": "direction", "svd_deg": 10.62}}
2026-09-13 11:06:07,085 INFO request {"path": "/measure", "payload": {"arena_id": "default", "robot_id": "202601002029", "request_id": "34caf86901f14330b1df29a9fb184772", "position": {"x": 489.2970203307194, "y": 539.8474062491111}, "channel": 1}, "attempt": 1}
2026-09-13 11:06:07,096 INFO response {"request_id": "34caf86901f14330b1df29a9fb184772", "http_status": 200, "body": {"accepted": true, "real_timestamp_ms": 1789268763033, "virtual_time_s": 3108.579098, "measure_result": "direction", "svd_deg": 0.35}}
2026-09-13 11:06:07,126 INFO request {"path": "/measure", "payload": {"arena_id": "default", "robot_id": "202601002029", "request_id": "8737c55976794abfab66d45248d1e1c4", "position": {"x": 489.2970203307194, "y": 539.8474062491111}, "channel": 20}, "attempt": 1}
2026-09-13 11:06:07,128 INFO response {"request_id": "8737c55976794abfab66d45248d1e1c4", "http_status": 200, "body": {"accepted": true, "real_timestamp_ms": 1789268763064, "virtual_time_s": 3114.579098, "measure_result": "direction", "svd_deg": 7.56}}
2026-09-13 11:06:07,915 INFO request {"path": "/measure", "payload": {"arena_id": "default", "robot_id": "202601002029", "request_id": "2d39c6001f5d49b1a4f0ba267fd6d5bd", "position": {"x": 667.890672503652, "y": 457.55663214984475}, "channel": 20}, "attempt": 1}
2026-09-13 11:06:07,918 INFO response {"request_id": "2d39c6001f5d49b1a4f0ba267fd6d5bd", "http_status": 200, "body": {"accepted": true, "real_timestamp_ms": 1789268763855, "virtual_time_s": 3158.907187, "measure_result": "direction", "svd_deg": 23.33}}
2026-09-13 11:06:07,926 INFO request {"path": "/clear", "payload": {"arena_id": "default", "robot_id": "202601002029", "request_id": "71d4ace3e8a94fee95fca948dcdca16d", "position": {"x": 886.8002931380888, "y": 541.9445548192105}, "channel": 1}, "attempt": 1}
2026-09-13 11:06:07,927 INFO response {"request_id": "71d4ace3e8a94fee95fca948dcdca16d", "http_status": 200, "body": {"accepted": true, "real_timestamp_ms": 1789268763864, "virtual_time_s": 3210.829567, "clear_result": "success"}}
2026-09-13 11:06:07,942 INFO request {"path": "/measure", "payload": {"arena_id": "default", "robot_id": "202601002029", "request_id": "82f6cf881caf40b8954c91422e4336f1", "position": {"x": 886.8002931380888, "y": 541.9445548192105}, "channel": 16}, "attempt": 1}
2026-09-13 11:06:07,943 INFO response {"request_id": "82f6cf881caf40b8954c91422e4336f1", "http_status": 200, "body": {"accepted": true, "real_timestamp_ms": 1789268763880, "virtual_time_s": 3216.829567, "measure_result": "direction", "svd_deg": 218.31}}
2026-09-13 11:06:08,670 INFO request {"path": "/clear", "payload": {"arena_id": "default", "robot_id": "202601002029", "request_id": "3c0f3498a33548208fe4e09cd8a5b42c", "position": {"x": 1031.6863057083901, "y": 614.1619108804528}, "channel": 20}, "attempt": 1}
2026-09-13 11:06:08,671 INFO response {"request_id": "3c0f3498a33548208fe4e09cd8a5b42c", "http_status": 200, "body": {"accepted": true, "real_timestamp_ms": 1789268764608, "virtual_time_s": 3254.206907, "clear_result": "success"}}
2026-09-13 11:06:08,672 INFO request {"path": "/clear", "payload": {"arena_id": "default", "robot_id": "202601002029", "request_id": "7445f11a584643538a1c5c62f9d4099c", "position": {"x": 962.7349670777443, "y": 776.4982783293771}, "channel": 8}, "attempt": 1}
2026-09-13 11:06:08,685 INFO response {"request_id": "7445f11a584643538a1c5c62f9d4099c", "http_status": 200, "body": {"accepted": true, "real_timestamp_ms": 1789268764622, "virtual_time_s": 3294.481478, "clear_result": "success"}}
2026-09-13 11:06:08,686 INFO request {"path": "/clear", "payload": {"arena_id": "default", "robot_id": "202601002029", "request_id": "2fc4552a9ac14214b68349d647732da4", "position": {"x": 784.9329854846343, "y": 810.4233557053248}, "channel": 9}, "attempt": 1}
2026-09-13 11:06:08,688 INFO response {"request_id": "2fc4552a9ac14214b68349d647732da4", "http_status": 200, "body": {"accepted": true, "real_timestamp_ms": 1789268764625, "virtual_time_s": 3335.683387, "clear_result": "success"}}
2026-09-13 11:06:08,689 INFO request {"path": "/measure", "payload": {"arena_id": "default", "robot_id": "202601002029", "request_id": "0706f1d0b3ec49978e692c3d510b5c30", "position": {"x": 486.03343736944055, "y": 474.3235053118349}, "channel": 16}, "attempt": 1}
2026-09-13 11:06:08,690 INFO response {"request_id": "0706f1d0b3ec49978e692c3d510b5c30", "http_status": 200, "body": {"accepted": true, "real_timestamp_ms": 1789268764627, "virtual_time_s": 3430.639832, "measure_result": "direction", "svd_deg": 247.02}}
2026-09-13 11:06:08,700 INFO request {"path": "/clear", "payload": {"arena_id": "default", "robot_id": "202601002029", "request_id": "7bad4529b206431d896427f3f9011319", "position": {"x": 328.77825957476813, "y": 104.11586276651843}, "channel": 16}, "attempt": 1}
2026-09-13 11:06:08,725 INFO response {"request_id": "7bad4529b206431d896427f3f9011319", "http_status": 200, "body": {"accepted": true, "real_timestamp_ms": 1789268764660, "virtual_time_s": 3516.08432, "clear_result": "success"}}
2026-09-13 11:06:08,726 INFO request {"path": "/clear", "payload": {"arena_id": "default", "robot_id": "202601002029", "request_id": "020a7dd55b9c42c28ed050d0d0d7f0a3", "position": {"x": 178.2493307156976, "y": 1497.1012400402933}, "channel": 6}, "attempt": 1}
2026-09-13 11:06:08,728 INFO response {"request_id": "020a7dd55b9c42c28ed050d0d0d7f0a3", "http_status": 200, "body": {"accepted": true, "real_timestamp_ms": 1789268764665, "virtual_time_s": 3801.303321, "clear_result": "success"}}
2026-09-13 11:06:08,728 INFO request {"path": "/exit", "payload": {"arena_id": "default", "robot_id": "202601002029", "request_id": "c8ce0f5a8c9d477098cf0eebe8811b26"}, "attempt": 1}
2026-09-13 11:06:08,729 INFO response {"request_id": "c8ce0f5a8c9d477098cf0eebe8811b26", "http_status": 200, "body": {"accepted": true, "real_timestamp_ms": 1789268764667, "virtual_time_s": 3801.303321, "exit_reason": "user_exit"}}
