2026-09-12 10:27:22,821 INFO request {"path": "/enter", "payload": {"arena_id": "default", "robot_id": "202601002029", "request_id": "9169fc2b5037428d9d7355e75430db49"}, "attempt": 1}
2026-09-12 10:27:22,829 INFO response {"request_id": "9169fc2b5037428d9d7355e75430db49", "http_status": 200, "body": {"accepted": true, "real_timestamp_ms": 1789180039362, "virtual_time_s": 0, "max_virtual_duration_s": 360000, "max_real_duration_s": 1200, "remaining_real_duration_s": 1200}}
2026-09-12 10:27:22,829 INFO request {"path": "/measure", "payload": {"arena_id": "default", "robot_id": "202601002029", "request_id": "3700a432bf134b2f9bc88c644f08d022", "position": {"x": 0.0, "y": 0.0}, "channel": 1}, "attempt": 1}
2026-09-12 10:27:22,853 INFO response {"request_id": "3700a432bf134b2f9bc88c644f08d022", "http_status": 200, "body": {"accepted": true, "real_timestamp_ms": 1789180039387, "virtual_time_s": 5, "measure_result": "direction", "svd_deg": 61.33}}
2026-09-12 10:27:22,865 INFO request {"path": "/measure", "payload": {"arena_id": "default", "robot_id": "202601002029", "request_id": "85396393832e43a29c0ed3c304069061", "position": {"x": 0.0, "y": 0.0}, "channel": 2}, "attempt": 1}
2026-09-12 10:27:22,885 INFO response {"request_id": "85396393832e43a29c0ed3c304069061", "http_status": 200, "body": {"accepted": true, "real_timestamp_ms": 1789180039418, "virtual_time_s": 11, "measure_result": "direction", "svd_deg": 292.6}}
2026-09-12 10:27:22,888 INFO request {"path": "/measure", "payload": {"arena_id": "default", "robot_id": "202601002029", "request_id": "c9daa347d3c142c39018f350ab15865c", "position": {"x": 0.0, "y": 0.0}, "channel": 3}, "attempt": 1}
2026-09-12 10:27:22,900 INFO response {"request_id": "c9daa347d3c142c39018f350ab15865c", "http_status": 200, "body": {"accepted": true, "real_timestamp_ms": 1789180039434, "virtual_time_s": 17, "measure_result": "no_signal"}}
2026-09-12 10:27:22,901 INFO request {"path": "/measure", "payload": {"arena_id": "default", "robot_id": "202601002029", "request_id": "7413fc7cc70a451dae3bbc236cdbc886", "position": {"x": 0.0, "y": 0.0}, "channel": 4}, "attempt": 1}
2026-09-12 10:27:22,916 INFO response {"request_id": "7413fc7cc70a451dae3bbc236cdbc886", "http_status": 200, "body": {"accepted": true, "real_timestamp_ms": 1789180039449, "virtual_time_s": 23, "measure_result": "no_signal"}}
2026-09-12 10:27:22,916 INFO request {"path": "/measure", "payload": {"arena_id": "default", "robot_id": "202601002029", "request_id": "6f424acf06874d6f850d883d705c6b09", "position": {"x": 0.0, "y": 0.0}, "channel": 5}, "attempt": 1}
2026-09-12 10:27:22,932 INFO response {"request_id": "6f424acf06874d6f850d883d705c6b09", "http_status": 200, "body": {"accepted": true, "real_timestamp_ms": 1789180039465, "virtual_time_s": 29, "measure_result": "no_signal"}}
2026-09-12 10:27:22,932 INFO request {"path": "/measure", "payload": {"arena_id": "default", "robot_id": "202601002029", "request_id": "d5162741a98945f3b0d8c00d72517263", "position": {"x": 0.0, "y": 0.0}, "channel": 6}, "attempt": 1}
2026-09-12 10:27:22,933 INFO response {"request_id": "d5162741a98945f3b0d8c00d72517263", "http_status": 200, "body": {"accepted": true, "real_timestamp_ms": 1789180039467, "virtual_time_s": 35, "measure_result": "direction", "svd_deg": 335.15}}
2026-09-12 10:27:22,937 INFO request {"path": "/measure", "payload": {"arena_id": "default", "robot_id": "202601002029", "request_id": "150e385fed75455bba94a9d8582665c0", "position": {"x": 0.0, "y": 0.0}, "channel": 7}, "attempt": 1}
2026-09-12 10:27:22,939 INFO response {"request_id": "150e385fed75455bba94a9d8582665c0", "http_status": 200, "body": {"accepted": true, "real_timestamp_ms": 1789180039472, "virtual_time_s": 41, "measure_result": "no_signal"}}
2026-09-12 10:27:22,939 INFO request {"path": "/measure", "payload": {"arena_id": "default", "robot_id": "202601002029", "request_id": "38560811e897416692b53d2051eb9c2e", "position": {"x": 0.0, "y": 0.0}, "channel": 8}, "attempt": 1}
2026-09-12 10:27:22,940 INFO response {"request_id": "38560811e897416692b53d2051eb9c2e", "http_status": 200, "body": {"accepted": true, "real_timestamp_ms": 1789180039474, "virtual_time_s": 47, "measure_result": "direction", "svd_deg": 306.87}}
2026-09-12 10:27:22,942 INFO request {"path": "/measure", "payload": {"arena_id": "default", "robot_id": "202601002029", "request_id": "555ac27ea14341eca4684b6763124b42", "position": {"x": 0.0, "y": 0.0}, "channel": 9}, "attempt": 1}
2026-09-12 10:27:22,944 INFO response {"request_id": "555ac27ea14341eca4684b6763124b42", "http_status": 200, "body": {"accepted": true, "real_timestamp_ms": 1789180039478, "virtual_time_s": 53, "measure_result": "no_signal"}}
2026-09-12 10:27:22,944 INFO request {"path": "/measure", "payload": {"arena_id": "default", "robot_id": "202601002029", "request_id": "86c6f715fe0847439db28775f3d45cfb", "position": {"x": 0.0, "y": 0.0}, "channel": 10}, "attempt": 1}
2026-09-12 10:27:22,946 INFO response {"request_id": "86c6f715fe0847439db28775f3d45cfb", "http_status": 200, "body": {"accepted": true, "real_timestamp_ms": 1789180039479, "virtual_time_s": 59, "measure_result": "direction", "svd_deg": 55.07}}
2026-09-12 10:27:22,949 INFO request {"path": "/measure", "payload": {"arena_id": "default", "robot_id": "202601002029", "request_id": "7e84a2b278774feb9dadbe7a15679026", "position": {"x": 0.0, "y": 0.0}, "channel": 11}, "attempt": 1}
2026-09-12 10:27:22,955 INFO response {"request_id": "7e84a2b278774feb9dadbe7a15679026", "http_status": 200, "body": {"accepted": true, "real_timestamp_ms": 1789180039489, "virtual_time_s": 65, "measure_result": "direction", "svd_deg": 160.71}}
2026-09-12 10:27:22,958 INFO request {"path": "/measure", "payload": {"arena_id": "default", "robot_id": "202601002029", "request_id": "0c7bfb1f62bb47b99869f0385b620877", "position": {"x": 0.0, "y": 0.0}, "channel": 12}, "attempt": 1}
2026-09-12 10:27:22,977 INFO response {"request_id": "0c7bfb1f62bb47b99869f0385b620877", "http_status": 200, "body": {"accepted": true, "real_timestamp_ms": 1789180039512, "virtual_time_s": 71, "measure_result": "no_signal"}}
2026-09-12 10:27:22,978 INFO request {"path": "/measure", "payload": {"arena_id": "default", "robot_id": "202601002029", "request_id": "de04a9eec2584672b211034e6643f10c", "position": {"x": 0.0, "y": 0.0}, "channel": 13}, "attempt": 1}
2026-09-12 10:27:22,993 INFO response {"request_id": "de04a9eec2584672b211034e6643f10c", "http_status": 200, "body": {"accepted": true, "real_timestamp_ms": 1789180039527, "virtual_time_s": 77, "measure_result": "no_signal"}}
2026-09-12 10:27:22,993 INFO request {"path": "/measure", "payload": {"arena_id": "default", "robot_id": "202601002029", "request_id": "cb23eb3db7954712a58b9bfb16f46bad", "position": {"x": 0.0, "y": 0.0}, "channel": 14}, "attempt": 1}
2026-09-12 10:27:23,008 INFO response {"request_id": "cb23eb3db7954712a58b9bfb16f46bad", "http_status": 200, "body": {"accepted": true, "real_timestamp_ms": 1789180039542, "virtual_time_s": 83, "measure_result": "no_signal"}}
2026-09-12 10:27:23,008 INFO request {"path": "/measure", "payload": {"arena_id": "default", "robot_id": "202601002029", "request_id": "ef3ff686962646018f080d57647cadbc", "position": {"x": 0.0, "y": 0.0}, "channel": 15}, "attempt": 1}
2026-09-12 10:27:23,009 INFO response {"request_id": "ef3ff686962646018f080d57647cadbc", "http_status": 200, "body": {"accepted": true, "real_timestamp_ms": 1789180039543, "virtual_time_s": 89, "measure_result": "no_signal"}}
2026-09-12 10:27:23,009 INFO request {"path": "/measure", "payload": {"arena_id": "default", "robot_id": "202601002029", "request_id": "26bb5c5aa1564e0eaaee477610b02b0c", "position": {"x": 0.0, "y": 0.0}, "channel": 16}, "attempt": 1}
2026-09-12 10:27:23,024 INFO response {"request_id": "26bb5c5aa1564e0eaaee477610b02b0c", "http_status": 200, "body": {"accepted": true, "real_timestamp_ms": 1789180039558, "virtual_time_s": 95, "measure_result": "no_signal"}}
2026-09-12 10:27:23,024 INFO request {"path": "/measure", "payload": {"arena_id": "default", "robot_id": "202601002029", "request_id": "36984968effd40899978326ba85e8498", "position": {"x": 0.0, "y": 0.0}, "channel": 17}, "attempt": 1}
2026-09-12 10:27:23,040 INFO response {"request_id": "36984968effd40899978326ba85e8498", "http_status": 200, "body": {"accepted": true, "real_timestamp_ms": 1789180039573, "virtual_time_s": 101, "measure_result": "direction", "svd_deg": 31.63}}
2026-09-12 10:27:23,042 INFO request {"path": "/measure", "payload": {"arena_id": "default", "robot_id": "202601002029", "request_id": "48ab1e51d6324f95bd40bf14ff14b24e", "position": {"x": 0.0, "y": 0.0}, "channel": 18}, "attempt": 1}
2026-09-12 10:27:23,054 INFO response {"request_id": "48ab1e51d6324f95bd40bf14ff14b24e", "http_status": 200, "body": {"accepted": true, "real_timestamp_ms": 1789180039588, "virtual_time_s": 107, "measure_result": "no_signal"}}
2026-09-12 10:27:23,055 INFO request {"path": "/measure", "payload": {"arena_id": "default", "robot_id": "202601002029", "request_id": "38c837ef69244e629db9dc41bafb77a7", "position": {"x": 0.0, "y": 0.0}, "channel": 19}, "attempt": 1}
2026-09-12 10:27:23,055 INFO response {"request_id": "38c837ef69244e629db9dc41bafb77a7", "http_status": 200, "body": {"accepted": true, "real_timestamp_ms": 1789180039589, "virtual_time_s": 113, "measure_result": "no_signal"}}
2026-09-12 10:27:23,056 INFO request {"path": "/measure", "payload": {"arena_id": "default", "robot_id": "202601002029", "request_id": "10c6904c873c4ca3aa7ab333828ee781", "position": {"x": 0.0, "y": 0.0}, "channel": 20}, "attempt": 1}
2026-09-12 10:27:23,071 INFO response {"request_id": "10c6904c873c4ca3aa7ab333828ee781", "http_status": 200, "body": {"accepted": true, "real_timestamp_ms": 1789180039604, "virtual_time_s": 119, "measure_result": "no_signal"}}
2026-09-12 10:27:23,071 INFO request {"path": "/measure", "payload": {"arena_id": "default", "robot_id": "202601002029", "request_id": "ae5a54f5d9fe422bae33993e75187ff9", "position": {"x": 1200.0, "y": 0.0}, "channel": 20}, "attempt": 1}
2026-09-12 10:27:23,073 INFO response {"request_id": "ae5a54f5d9fe422bae33993e75187ff9", "http_status": 200, "body": {"accepted": true, "real_timestamp_ms": 1789180039606, "virtual_time_s": 364, "measure_result": "no_signal"}}
2026-09-12 10:27:23,073 INFO request {"path": "/measure", "payload": {"arena_id": "default", "robot_id": "202601002029", "request_id": "c03c118a5ac44452a6cb5116c917d4d0", "position": {"x": 1200.0, "y": 0.0}, "channel": 3}, "attempt": 1}
2026-09-12 10:27:23,086 INFO response {"request_id": "c03c118a5ac44452a6cb5116c917d4d0", "http_status": 200, "body": {"accepted": true, "real_timestamp_ms": 1789180039620, "virtual_time_s": 370, "measure_result": "no_signal"}}
2026-09-12 10:27:23,087 INFO request {"path": "/measure", "payload": {"arena_id": "default", "robot_id": "202601002029", "request_id": "e72a0a9a9d2e4bd5b78bbaa8db81d494", "position": {"x": 1200.0, "y": 0.0}, "channel": 4}, "attempt": 1}
2026-09-12 10:27:23,088 INFO response {"request_id": "e72a0a9a9d2e4bd5b78bbaa8db81d494", "http_status": 200, "body": {"accepted": true, "real_timestamp_ms": 1789180039621, "virtual_time_s": 376, "measure_result": "no_signal"}}
2026-09-12 10:27:23,088 INFO request {"path": "/measure", "payload": {"arena_id": "default", "robot_id": "202601002029", "request_id": "b526cf4b39ae479d912b3df9b7d6b955", "position": {"x": 1200.0, "y": 0.0}, "channel": 5}, "attempt": 1}
2026-09-12 10:27:23,102 INFO response {"request_id": "b526cf4b39ae479d912b3df9b7d6b955", "http_status": 200, "body": {"accepted": true, "real_timestamp_ms": 1789180039636, "virtual_time_s": 382, "measure_result": "direction", "svd_deg": 56.57}}
2026-09-12 10:27:23,104 INFO request {"path": "/measure", "payload": {"arena_id": "default", "robot_id": "202601002029", "request_id": "d70abbca5f7041f8af5a7bbb7b06e33d", "position": {"x": 1200.0, "y": 0.0}, "channel": 7}, "attempt": 1}
2026-09-12 10:27:23,106 INFO response {"request_id": "d70abbca5f7041f8af5a7bbb7b06e33d", "http_status": 200, "body": {"accepted": true, "real_timestamp_ms": 1789180039640, "virtual_time_s": 388, "measure_result": "no_signal"}}
2026-09-12 10:27:23,106 INFO request {"path": "/measure", "payload": {"arena_id": "default", "robot_id": "202601002029", "request_id": "80381a724aec4567a44bf124f109e2ea", "position": {"x": 1200.0, "y": 0.0}, "channel": 9}, "attempt": 1}
2026-09-12 10:27:23,106 INFO response {"request_id": "80381a724aec4567a44bf124f109e2ea", "http_status": 200, "body": {"accepted": true, "real_timestamp_ms": 1789180039641, "virtual_time_s": 394, "measure_result": "direction", "svd_deg": 257.3}}
2026-09-12 10:27:23,109 INFO request {"path": "/measure", "payload": {"arena_id": "default", "robot_id": "202601002029", "request_id": "03c55d924a674041856640803eb138aa", "position": {"x": 1200.0, "y": 0.0}, "channel": 12}, "attempt": 1}
2026-09-12 10:27:23,110 INFO response {"request_id": "03c55d924a674041856640803eb138aa", "http_status": 200, "body": {"accepted": true, "real_timestamp_ms": 1789180039644, "virtual_time_s": 400, "measure_result": "no_signal"}}
2026-09-12 10:27:23,110 INFO request {"path": "/measure", "payload": {"arena_id": "default", "robot_id": "202601002029", "request_id": "b740aadd5e8641d6b5e6c4000635dbf0", "position": {"x": 1200.0, "y": 0.0}, "channel": 13}, "attempt": 1}
2026-09-12 10:27:23,132 INFO response {"request_id": "b740aadd5e8641d6b5e6c4000635dbf0", "http_status": 200, "body": {"accepted": true, "real_timestamp_ms": 1789180039666, "virtual_time_s": 406, "measure_result": "no_signal"}}
2026-09-12 10:27:23,132 INFO request {"path": "/measure", "payload": {"arena_id": "default", "robot_id": "202601002029", "request_id": "aec0827ff6854fafb02cff06838fa6a5", "position": {"x": 1200.0, "y": 0.0}, "channel": 14}, "attempt": 1}
2026-09-12 10:27:23,147 INFO response {"request_id": "aec0827ff6854fafb02cff06838fa6a5", "http_status": 200, "body": {"accepted": true, "real_timestamp_ms": 1789180039681, "virtual_time_s": 412, "measure_result": "no_signal"}}
2026-09-12 10:27:23,147 INFO request {"path": "/measure", "payload": {"arena_id": "default", "robot_id": "202601002029", "request_id": "5dd454684692492e9b4959ba1f743c3b", "position": {"x": 1200.0, "y": 0.0}, "channel": 15}, "attempt": 1}
2026-09-12 10:27:23,163 INFO response {"request_id": "5dd454684692492e9b4959ba1f743c3b", "http_status": 200, "body": {"accepted": true, "real_timestamp_ms": 1789180039697, "virtual_time_s": 418, "measure_result": "no_signal"}}
2026-09-12 10:27:23,164 INFO request {"path": "/measure", "payload": {"arena_id": "default", "robot_id": "202601002029", "request_id": "2dca06c2811a4a8f9828b73b8a80c66d", "position": {"x": 1200.0, "y": 0.0}, "channel": 16}, "attempt": 1}
2026-09-12 10:27:23,179 INFO response {"request_id": "2dca06c2811a4a8f9828b73b8a80c66d", "http_status": 200, "body": {"accepted": true, "real_timestamp_ms": 1789180039712, "virtual_time_s": 424, "measure_result": "no_signal"}}
2026-09-12 10:27:23,180 INFO request {"path": "/measure", "payload": {"arena_id": "default", "robot_id": "202601002029", "request_id": "95d93b2aa7fd49eea1e94018b6da59ff", "position": {"x": 1200.0, "y": 0.0}, "channel": 18}, "attempt": 1}
2026-09-12 10:27:23,195 INFO response {"request_id": "95d93b2aa7fd49eea1e94018b6da59ff", "http_status": 200, "body": {"accepted": true, "real_timestamp_ms": 1789180039728, "virtual_time_s": 430, "measure_result": "no_signal"}}
2026-09-12 10:27:23,195 INFO request {"path": "/measure", "payload": {"arena_id": "default", "robot_id": "202601002029", "request_id": "955ce3241d1a432fb37842ac4f8fe0fa", "position": {"x": 1200.0, "y": 0.0}, "channel": 19}, "attempt": 1}
2026-09-12 10:27:23,210 INFO response {"request_id": "955ce3241d1a432fb37842ac4f8fe0fa", "http_status": 200, "body": {"accepted": true, "real_timestamp_ms": 1789180039744, "virtual_time_s": 436, "measure_result": "no_signal"}}
2026-09-12 10:27:23,210 INFO request {"path": "/measure", "payload": {"arena_id": "default", "robot_id": "202601002029", "request_id": "830652dd35494dc382e500d9e7fac520", "position": {"x": 600.0000000000001, "y": 1039.2304845413264}, "channel": 19}, "attempt": 1}
2026-09-12 10:27:23,211 INFO response {"request_id": "830652dd35494dc382e500d9e7fac520", "http_status": 200, "body": {"accepted": true, "real_timestamp_ms": 1789180039745, "virtual_time_s": 681, "measure_result": "no_signal"}}
2026-09-12 10:27:23,212 INFO request {"path": "/measure", "payload": {"arena_id": "default", "robot_id": "202601002029", "request_id": "8e79fa8e82fb48ce8193869d0ade6ce5", "position": {"x": 600.0000000000001, "y": 1039.2304845413264}, "channel": 3}, "attempt": 1}
2026-09-12 10:27:23,214 INFO response {"request_id": "8e79fa8e82fb48ce8193869d0ade6ce5", "http_status": 200, "body": {"accepted": true, "real_timestamp_ms": 1789180039747, "virtual_time_s": 687, "measure_result": "no_signal"}}
2026-09-12 10:27:23,214 INFO request {"path": "/measure", "payload": {"arena_id": "default", "robot_id": "202601002029", "request_id": "351da5e9ee094994b00e96d11ce13e68", "position": {"x": 600.0000000000001, "y": 1039.2304845413264}, "channel": 4}, "attempt": 1}
2026-09-12 10:27:23,215 INFO response {"request_id": "351da5e9ee094994b00e96d11ce13e68", "http_status": 200, "body": {"accepted": true, "real_timestamp_ms": 1789180039749, "virtual_time_s": 693, "measure_result": "no_signal"}}
2026-09-12 10:27:23,215 INFO request {"path": "/measure", "payload": {"arena_id": "default", "robot_id": "202601002029", "request_id": "7a9fc2ee372d403180777848e7459bff", "position": {"x": 600.0000000000001, "y": 1039.2304845413264}, "channel": 7}, "attempt": 1}
2026-09-12 10:27:23,240 INFO response {"request_id": "7a9fc2ee372d403180777848e7459bff", "http_status": 200, "body": {"accepted": true, "real_timestamp_ms": 1789180039774, "virtual_time_s": 699, "measure_result": "no_signal"}}
2026-09-12 10:27:23,241 INFO request {"path": "/measure", "payload": {"arena_id": "default", "robot_id": "202601002029", "request_id": "440e9d8253234f759caedbf2a3908680", "position": {"x": 600.0000000000001, "y": 1039.2304845413264}, "channel": 12}, "attempt": 1}
2026-09-12 10:27:23,241 INFO response {"request_id": "440e9d8253234f759caedbf2a3908680", "http_status": 200, "body": {"accepted": true, "real_timestamp_ms": 1789180039775, "virtual_time_s": 705, "measure_result": "no_signal"}}
2026-09-12 10:27:23,242 INFO request {"path": "/measure", "payload": {"arena_id": "default", "robot_id": "202601002029", "request_id": "17c852f413424df59118754e8747413f", "position": {"x": 600.0000000000001, "y": 1039.2304845413264}, "channel": 13}, "attempt": 1}
2026-09-12 10:27:23,255 INFO response {"request_id": "17c852f413424df59118754e8747413f", "http_status": 200, "body": {"accepted": true, "real_timestamp_ms": 1789180039789, "virtual_time_s": 711, "measure_result": "no_signal"}}
2026-09-12 10:27:23,256 INFO request {"path": "/measure", "payload": {"arena_id": "default", "robot_id": "202601002029", "request_id": "3abaf48122ef4913b6679d073313726d", "position": {"x": 600.0000000000001, "y": 1039.2304845413264}, "channel": 14}, "attempt": 1}
2026-09-12 10:27:23,257 INFO response {"request_id": "3abaf48122ef4913b6679d073313726d", "http_status": 200, "body": {"accepted": true, "real_timestamp_ms": 1789180039791, "virtual_time_s": 717, "measure_result": "no_signal"}}
2026-09-12 10:27:23,257 INFO request {"path": "/measure", "payload": {"arena_id": "default", "robot_id": "202601002029", "request_id": "5bd4cf200f394055bcccd8c901248ed3", "position": {"x": 600.0000000000001, "y": 1039.2304845413264}, "channel": 15}, "attempt": 1}
2026-09-12 10:27:23,271 INFO response {"request_id": "5bd4cf200f394055bcccd8c901248ed3", "http_status": 200, "body": {"accepted": true, "real_timestamp_ms": 1789180039805, "virtual_time_s": 723, "measure_result": "no_signal"}}
2026-09-12 10:27:23,271 INFO request {"path": "/measure", "payload": {"arena_id": "default", "robot_id": "202601002029", "request_id": "3234d869d127475db8e361d8bf57a8b4", "position": {"x": 600.0000000000001, "y": 1039.2304845413264}, "channel": 16}, "attempt": 1}
2026-09-12 10:27:23,273 INFO response {"request_id": "3234d869d127475db8e361d8bf57a8b4", "http_status": 200, "body": {"accepted": true, "real_timestamp_ms": 1789180039807, "virtual_time_s": 729, "measure_result": "no_signal"}}
2026-09-12 10:27:23,273 INFO request {"path": "/measure", "payload": {"arena_id": "default", "robot_id": "202601002029", "request_id": "7abbfb4865284aa99638989a09521590", "position": {"x": 600.0000000000001, "y": 1039.2304845413264}, "channel": 18}, "attempt": 1}
2026-09-12 10:27:23,288 INFO response {"request_id": "7abbfb4865284aa99638989a09521590", "http_status": 200, "body": {"accepted": true, "real_timestamp_ms": 1789180039821, "virtual_time_s": 735, "measure_result": "no_signal"}}
2026-09-12 10:27:23,288 INFO request {"path": "/measure", "payload": {"arena_id": "default", "robot_id": "202601002029", "request_id": "40eb3a326237457ca25d7b1560e4596a", "position": {"x": 600.0000000000001, "y": 1039.2304845413264}, "channel": 20}, "attempt": 1}
2026-09-12 10:27:23,302 INFO response {"request_id": "40eb3a326237457ca25d7b1560e4596a", "http_status": 200, "body": {"accepted": true, "real_timestamp_ms": 1789180039836, "virtual_time_s": 741, "measure_result": "no_signal"}}
2026-09-12 10:27:23,303 INFO request {"path": "/measure", "payload": {"arena_id": "default", "robot_id": "202601002029", "request_id": "d0c87c5dc62b40c489b17291041a0d4b", "position": {"x": -599.9999999999998, "y": 1039.2304845413264}, "channel": 20}, "attempt": 1}
2026-09-12 10:27:23,304 INFO response {"request_id": "d0c87c5dc62b40c489b17291041a0d4b", "http_status": 200, "body": {"accepted": true, "real_timestamp_ms": 1789180039838, "virtual_time_s": 986, "measure_result": "no_signal"}}
2026-09-12 10:27:23,305 INFO request {"path": "/measure", "payload": {"arena_id": "default", "robot_id": "202601002029", "request_id": "73d71f37a44148428c12b7302d1239ed", "position": {"x": -599.9999999999998, "y": 1039.2304845413264}, "channel": 3}, "attempt": 1}
2026-09-12 10:27:23,317 INFO response {"request_id": "73d71f37a44148428c12b7302d1239ed", "http_status": 200, "body": {"accepted": true, "real_timestamp_ms": 1789180039851, "virtual_time_s": 992, "measure_result": "no_signal"}}
2026-09-12 10:27:23,318 INFO request {"path": "/measure", "payload": {"arena_id": "default", "robot_id": "202601002029", "request_id": "61ce1137a203468b9ac6ff7b9fe86090", "position": {"x": -599.9999999999998, "y": 1039.2304845413264}, "channel": 4}, "attempt": 1}
2026-09-12 10:27:23,333 INFO response {"request_id": "61ce1137a203468b9ac6ff7b9fe86090", "http_status": 200, "body": {"accepted": true, "real_timestamp_ms": 1789180039867, "virtual_time_s": 998, "measure_result": "no_signal"}}
2026-09-12 10:27:23,333 INFO request {"path": "/measure", "payload": {"arena_id": "default", "robot_id": "202601002029", "request_id": "1421a8743f45417c97b7f94c577e4b1b", "position": {"x": -599.9999999999998, "y": 1039.2304845413264}, "channel": 7}, "attempt": 1}
2026-09-12 10:27:23,335 INFO response {"request_id": "1421a8743f45417c97b7f94c577e4b1b", "http_status": 200, "body": {"accepted": true, "real_timestamp_ms": 1789180039868, "virtual_time_s": 1004, "measure_result": "no_signal"}}
2026-09-12 10:27:23,335 INFO request {"path": "/measure", "payload": {"arena_id": "default", "robot_id": "202601002029", "request_id": "56764dcbd2d046c6b0ef654baea15270", "position": {"x": -599.9999999999998, "y": 1039.2304845413264}, "channel": 12}, "attempt": 1}
2026-09-12 10:27:23,336 INFO response {"request_id": "56764dcbd2d046c6b0ef654baea15270", "http_status": 200, "body": {"accepted": true, "real_timestamp_ms": 1789180039870, "virtual_time_s": 1010, "measure_result": "no_signal"}}
2026-09-12 10:27:23,336 INFO request {"path": "/measure", "payload": {"arena_id": "default", "robot_id": "202601002029", "request_id": "4f4e6f408ebc40ea8789eea05ff8ca09", "position": {"x": -599.9999999999998, "y": 1039.2304845413264}, "channel": 13}, "attempt": 1}
2026-09-12 10:27:23,349 INFO response {"request_id": "4f4e6f408ebc40ea8789eea05ff8ca09", "http_status": 200, "body": {"accepted": true, "real_timestamp_ms": 1789180039883, "virtual_time_s": 1016, "measure_result": "no_signal"}}
2026-09-12 10:27:23,349 INFO request {"path": "/measure", "payload": {"arena_id": "default", "robot_id": "202601002029", "request_id": "495a3fcb780d46ce9d85d8b5d35aa70f", "position": {"x": -599.9999999999998, "y": 1039.2304845413264}, "channel": 14}, "attempt": 1}
2026-09-12 10:27:23,350 INFO response {"request_id": "495a3fcb780d46ce9d85d8b5d35aa70f", "http_status": 200, "body": {"accepted": true, "real_timestamp_ms": 1789180039884, "virtual_time_s": 1022, "measure_result": "no_signal"}}
2026-09-12 10:27:23,350 INFO request {"path": "/measure", "payload": {"arena_id": "default", "robot_id": "202601002029", "request_id": "7f22c08b4b4941d8965c25e58ae34847", "position": {"x": -599.9999999999998, "y": 1039.2304845413264}, "channel": 15}, "attempt": 1}
2026-09-12 10:27:23,365 INFO response {"request_id": "7f22c08b4b4941d8965c25e58ae34847", "http_status": 200, "body": {"accepted": true, "real_timestamp_ms": 1789180039898, "virtual_time_s": 1028, "measure_result": "no_signal"}}
2026-09-12 10:27:23,365 INFO request {"path": "/measure", "payload": {"arena_id": "default", "robot_id": "202601002029", "request_id": "79f35e461dac47c2a1af94e5e462f2e5", "position": {"x": -599.9999999999998, "y": 1039.2304845413264}, "channel": 16}, "attempt": 1}
2026-09-12 10:27:23,368 INFO response {"request_id": "79f35e461dac47c2a1af94e5e462f2e5", "http_status": 200, "body": {"accepted": true, "real_timestamp_ms": 1789180039901, "virtual_time_s": 1034, "measure_result": "no_signal"}}
2026-09-12 10:27:23,368 INFO request {"path": "/measure", "payload": {"arena_id": "default", "robot_id": "202601002029", "request_id": "6740cda9a0694e45b4ee8ca747db28e5", "position": {"x": -599.9999999999998, "y": 1039.2304845413264}, "channel": 18}, "attempt": 1}
2026-09-12 10:27:23,380 INFO response {"request_id": "6740cda9a0694e45b4ee8ca747db28e5", "http_status": 200, "body": {"accepted": true, "real_timestamp_ms": 1789180039914, "virtual_time_s": 1040, "measure_result": "no_signal"}}
2026-09-12 10:27:23,381 INFO request {"path": "/measure", "payload": {"arena_id": "default", "robot_id": "202601002029", "request_id": "79f3902338124ac095b3c7721eb9258c", "position": {"x": -599.9999999999998, "y": 1039.2304845413264}, "channel": 19}, "attempt": 1}
2026-09-12 10:27:23,395 INFO response {"request_id": "79f3902338124ac095b3c7721eb9258c", "http_status": 200, "body": {"accepted": true, "real_timestamp_ms": 1789180039929, "virtual_time_s": 1046, "measure_result": "no_signal"}}
2026-09-12 10:27:23,396 INFO request {"path": "/measure", "payload": {"arena_id": "default", "robot_id": "202601002029", "request_id": "27aa8d77e4174b5394aac9f1ecdf6609", "position": {"x": -1200.0, "y": 1.4695761589768238e-13}, "channel": 19}, "attempt": 1}
2026-09-12 10:27:23,411 INFO response {"request_id": "27aa8d77e4174b5394aac9f1ecdf6609", "http_status": 200, "body": {"accepted": true, "real_timestamp_ms": 1789180039944, "virtual_time_s": 1291, "measure_result": "no_signal"}}
2026-09-12 10:27:23,411 INFO request {"path": "/measure", "payload": {"arena_id": "default", "robot_id": "202601002029", "request_id": "c51a9ca8559242f290e05965c86315b6", "position": {"x": -1200.0, "y": 1.4695761589768238e-13}, "channel": 3}, "attempt": 1}
2026-09-12 10:27:23,414 INFO response {"request_id": "c51a9ca8559242f290e05965c86315b6", "http_status": 200, "body": {"accepted": true, "real_timestamp_ms": 1789180039947, "virtual_time_s": 1297, "measure_result": "no_signal"}}
2026-09-12 10:27:23,414 INFO request {"path": "/measure", "payload": {"arena_id": "default", "robot_id": "202601002029", "request_id": "c1b02d3e0ee14c54b4239cd961f57a23", "position": {"x": -1200.0, "y": 1.4695761589768238e-13}, "channel": 4}, "attempt": 1}
2026-09-12 10:27:23,417 INFO response {"request_id": "c1b02d3e0ee14c54b4239cd961f57a23", "http_status": 200, "body": {"accepted": true, "real_timestamp_ms": 1789180039950, "virtual_time_s": 1303, "measure_result": "no_signal"}}
2026-09-12 10:27:23,418 INFO request {"path": "/measure", "payload": {"arena_id": "default", "robot_id": "202601002029", "request_id": "1552c0957d18425ca0b266729af8ab5c", "position": {"x": -1200.0, "y": 1.4695761589768238e-13}, "channel": 7}, "attempt": 1}
2026-09-12 10:27:23,420 INFO response {"request_id": "1552c0957d18425ca0b266729af8ab5c", "http_status": 200, "body": {"accepted": true, "real_timestamp_ms": 1789180039953, "virtual_time_s": 1309, "measure_result": "no_signal"}}
2026-09-12 10:27:23,420 INFO request {"path": "/measure", "payload": {"arena_id": "default", "robot_id": "202601002029", "request_id": "f62fd7bace4b4d15a840d244d4580842", "position": {"x": -1200.0, "y": 1.4695761589768238e-13}, "channel": 12}, "attempt": 1}
2026-09-12 10:27:23,443 INFO response {"request_id": "f62fd7bace4b4d15a840d244d4580842", "http_status": 200, "body": {"accepted": true, "real_timestamp_ms": 1789180039976, "virtual_time_s": 1315, "measure_result": "no_signal"}}
2026-09-12 10:27:23,444 INFO request {"path": "/measure", "payload": {"arena_id": "default", "robot_id": "202601002029", "request_id": "85e724fc19e546729709f8de20fdffe6", "position": {"x": -1200.0, "y": 1.4695761589768238e-13}, "channel": 13}, "attempt": 1}
2026-09-12 10:27:23,458 INFO response {"request_id": "85e724fc19e546729709f8de20fdffe6", "http_status": 200, "body": {"accepted": true, "real_timestamp_ms": 1789180039992, "virtual_time_s": 1321, "measure_result": "no_signal"}}
2026-09-12 10:27:23,459 INFO request {"path": "/measure", "payload": {"arena_id": "default", "robot_id": "202601002029", "request_id": "74053cd6feb64d578b8bddcfdaf8ff3a", "position": {"x": -1200.0, "y": 1.4695761589768238e-13}, "channel": 14}, "attempt": 1}
2026-09-12 10:27:23,474 INFO response {"request_id": "74053cd6feb64d578b8bddcfdaf8ff3a", "http_status": 200, "body": {"accepted": true, "real_timestamp_ms": 1789180040007, "virtual_time_s": 1327, "measure_result": "no_signal"}}
2026-09-12 10:27:23,474 INFO request {"path": "/measure", "payload": {"arena_id": "default", "robot_id": "202601002029", "request_id": "06927e580a664277a52bac7707c717d3", "position": {"x": -1200.0, "y": 1.4695761589768238e-13}, "channel": 15}, "attempt": 1}
2026-09-12 10:27:23,478 INFO response {"request_id": "06927e580a664277a52bac7707c717d3", "http_status": 200, "body": {"accepted": true, "real_timestamp_ms": 1789180040011, "virtual_time_s": 1333, "measure_result": "no_signal"}}
2026-09-12 10:27:23,478 INFO request {"path": "/measure", "payload": {"arena_id": "default", "robot_id": "202601002029", "request_id": "47db4d936c214ac2ad06ff31a8a93bc8", "position": {"x": -1200.0, "y": 1.4695761589768238e-13}, "channel": 16}, "attempt": 1}
2026-09-12 10:27:23,480 INFO response {"request_id": "47db4d936c214ac2ad06ff31a8a93bc8", "http_status": 200, "body": {"accepted": true, "real_timestamp_ms": 1789180040013, "virtual_time_s": 1339, "measure_result": "no_signal"}}
2026-09-12 10:27:23,480 INFO request {"path": "/measure", "payload": {"arena_id": "default", "robot_id": "202601002029", "request_id": "e23c30fd8c214e62bde852545f3ba406", "position": {"x": -1200.0, "y": 1.4695761589768238e-13}, "channel": 18}, "attempt": 1}
2026-09-12 10:27:23,482 INFO response {"request_id": "e23c30fd8c214e62bde852545f3ba406", "http_status": 200, "body": {"accepted": true, "real_timestamp_ms": 1789180040015, "virtual_time_s": 1345, "measure_result": "no_signal"}}
2026-09-12 10:27:23,482 INFO request {"path": "/measure", "payload": {"arena_id": "default", "robot_id": "202601002029", "request_id": "ef86ea7456544335b04ee39d278b2324", "position": {"x": -1200.0, "y": 1.4695761589768238e-13}, "channel": 20}, "attempt": 1}
2026-09-12 10:27:23,484 INFO response {"request_id": "ef86ea7456544335b04ee39d278b2324", "http_status": 200, "body": {"accepted": true, "real_timestamp_ms": 1789180040017, "virtual_time_s": 1351, "measure_result": "no_signal"}}
2026-09-12 10:27:23,484 INFO request {"path": "/measure", "payload": {"arena_id": "default", "robot_id": "202601002029", "request_id": "634ff274f0764b61b592f092ad760d7c", "position": {"x": -600.0000000000006, "y": -1039.2304845413262}, "channel": 20}, "attempt": 1}
2026-09-12 10:27:23,503 INFO response {"request_id": "634ff274f0764b61b592f092ad760d7c", "http_status": 200, "body": {"accepted": true, "real_timestamp_ms": 1789180040037, "virtual_time_s": 1596, "measure_result": "no_signal"}}
2026-09-12 10:27:23,503 INFO request {"path": "/measure", "payload": {"arena_id": "default", "robot_id": "202601002029", "request_id": "ef798dc430e54b43944cf1fc407e5b80", "position": {"x": -600.0000000000006, "y": -1039.2304845413262}, "channel": 3}, "attempt": 1}
2026-09-12 10:27:23,506 INFO response {"request_id": "ef798dc430e54b43944cf1fc407e5b80", "http_status": 200, "body": {"accepted": true, "real_timestamp_ms": 1789180040040, "virtual_time_s": 1602, "measure_result": "no_signal"}}
2026-09-12 10:27:23,506 INFO request {"path": "/measure", "payload": {"arena_id": "default", "robot_id": "202601002029", "request_id": "6fbd49911acf4c08b8c296154aed29cb", "position": {"x": -600.0000000000006, "y": -1039.2304845413262}, "channel": 4}, "attempt": 1}
2026-09-12 10:27:23,519 INFO response {"request_id": "6fbd49911acf4c08b8c296154aed29cb", "http_status": 200, "body": {"accepted": true, "real_timestamp_ms": 1789180040053, "virtual_time_s": 1608, "measure_result": "no_signal"}}
2026-09-12 10:27:23,519 INFO request {"path": "/measure", "payload": {"arena_id": "default", "robot_id": "202601002029", "request_id": "3ce1fe1b4839434a99b0d3da79735079", "position": {"x": -600.0000000000006, "y": -1039.2304845413262}, "channel": 7}, "attempt": 1}
2026-09-12 10:27:23,521 INFO response {"request_id": "3ce1fe1b4839434a99b0d3da79735079", "http_status": 200, "body": {"accepted": true, "real_timestamp_ms": 1789180040054, "virtual_time_s": 1614, "measure_result": "no_signal"}}
2026-09-12 10:27:23,521 INFO request {"path": "/measure", "payload": {"arena_id": "default", "robot_id": "202601002029", "request_id": "0bd8d76f0d3646bf86809f9f1690a700", "position": {"x": -600.0000000000006, "y": -1039.2304845413262}, "channel": 12}, "attempt": 1}
2026-09-12 10:27:23,522 INFO response {"request_id": "0bd8d76f0d3646bf86809f9f1690a700", "http_status": 200, "body": {"accepted": true, "real_timestamp_ms": 1789180040056, "virtual_time_s": 1620, "measure_result": "no_signal"}}
2026-09-12 10:27:23,522 INFO request {"path": "/measure", "payload": {"arena_id": "default", "robot_id": "202601002029", "request_id": "e977a64f53f2424fb65c1d1e218071e9", "position": {"x": -600.0000000000006, "y": -1039.2304845413262}, "channel": 13}, "attempt": 1}
2026-09-12 10:27:23,524 INFO response {"request_id": "e977a64f53f2424fb65c1d1e218071e9", "http_status": 200, "body": {"accepted": true, "real_timestamp_ms": 1789180040058, "virtual_time_s": 1626, "measure_result": "direction", "svd_deg": 292.39}}
2026-09-12 10:27:23,527 INFO request {"path": "/measure", "payload": {"arena_id": "default", "robot_id": "202601002029", "request_id": "662af078879641c2bc6bf82b68a01528", "position": {"x": -600.0000000000006, "y": -1039.2304845413262}, "channel": 14}, "attempt": 1}
2026-09-12 10:27:23,548 INFO response {"request_id": "662af078879641c2bc6bf82b68a01528", "http_status": 200, "body": {"accepted": true, "real_timestamp_ms": 1789180040083, "virtual_time_s": 1632, "measure_result": "no_signal"}}
2026-09-12 10:27:23,549 INFO request {"path": "/measure", "payload": {"arena_id": "default", "robot_id": "202601002029", "request_id": "0516d8b3e92f44878cfffffee7face2f", "position": {"x": -600.0000000000006, "y": -1039.2304845413262}, "channel": 15}, "attempt": 1}
2026-09-12 10:27:23,550 INFO response {"request_id": "0516d8b3e92f44878cfffffee7face2f", "http_status": 200, "body": {"accepted": true, "real_timestamp_ms": 1789180040084, "virtual_time_s": 1638, "measure_result": "no_signal"}}
2026-09-12 10:27:23,550 INFO request {"path": "/measure", "payload": {"arena_id": "default", "robot_id": "202601002029", "request_id": "f7abbb5d37ce4af897915017c8e6a0b5", "position": {"x": -600.0000000000006, "y": -1039.2304845413262}, "channel": 16}, "attempt": 1}
2026-09-12 10:27:23,564 INFO response {"request_id": "f7abbb5d37ce4af897915017c8e6a0b5", "http_status": 200, "body": {"accepted": true, "real_timestamp_ms": 1789180040098, "virtual_time_s": 1644, "measure_result": "no_signal"}}
2026-09-12 10:27:23,564 INFO request {"path": "/measure", "payload": {"arena_id": "default", "robot_id": "202601002029", "request_id": "054321865cb94d929060b8f46dc6540e", "position": {"x": -600.0000000000006, "y": -1039.2304845413262}, "channel": 18}, "attempt": 1}
2026-09-12 10:27:23,579 INFO response {"request_id": "054321865cb94d929060b8f46dc6540e", "http_status": 200, "body": {"accepted": true, "real_timestamp_ms": 1789180040113, "virtual_time_s": 1650, "measure_result": "no_signal"}}
2026-09-12 10:27:23,579 INFO request {"path": "/measure", "payload": {"arena_id": "default", "robot_id": "202601002029", "request_id": "465e7383ff0b4ad0b4f41f1a8b82a7d3", "position": {"x": -600.0000000000006, "y": -1039.2304845413262}, "channel": 19}, "attempt": 1}
2026-09-12 10:27:23,594 INFO response {"request_id": "465e7383ff0b4ad0b4f41f1a8b82a7d3", "http_status": 200, "body": {"accepted": true, "real_timestamp_ms": 1789180040128, "virtual_time_s": 1656, "measure_result": "no_signal"}}
2026-09-12 10:27:23,594 INFO request {"path": "/measure", "payload": {"arena_id": "default", "robot_id": "202601002029", "request_id": "c49d1af647724626baddda7bc8d1a04d", "position": {"x": 600.0000000000001, "y": -1039.2304845413264}, "channel": 19}, "attempt": 1}
2026-09-12 10:27:23,611 INFO response {"request_id": "c49d1af647724626baddda7bc8d1a04d", "http_status": 200, "body": {"accepted": true, "real_timestamp_ms": 1789180040144, "virtual_time_s": 1901, "measure_result": "no_signal"}}
2026-09-12 10:27:23,611 INFO request {"path": "/measure", "payload": {"arena_id": "default", "robot_id": "202601002029", "request_id": "a47622a1c154413f966f20ea00cd5f23", "position": {"x": 600.0000000000001, "y": -1039.2304845413264}, "channel": 3}, "attempt": 1}
2026-09-12 10:27:23,614 INFO response {"request_id": "a47622a1c154413f966f20ea00cd5f23", "http_status": 200, "body": {"accepted": true, "real_timestamp_ms": 1789180040147, "virtual_time_s": 1907, "measure_result": "no_signal"}}
2026-09-12 10:27:23,614 INFO request {"path": "/measure", "payload": {"arena_id": "default", "robot_id": "202601002029", "request_id": "c009f2829b4c489b9e0d34c506c14221", "position": {"x": 600.0000000000001, "y": -1039.2304845413264}, "channel": 4}, "attempt": 1}
2026-09-12 10:27:23,615 INFO response {"request_id": "c009f2829b4c489b9e0d34c506c14221", "http_status": 200, "body": {"accepted": true, "real_timestamp_ms": 1789180040149, "virtual_time_s": 1913, "measure_result": "no_signal"}}
2026-09-12 10:27:23,615 INFO request {"path": "/measure", "payload": {"arena_id": "default", "robot_id": "202601002029", "request_id": "93ae26b5cb534f7a992d7bee5bea60ff", "position": {"x": 600.0000000000001, "y": -1039.2304845413264}, "channel": 7}, "attempt": 1}
2026-09-12 10:27:23,626 INFO response {"request_id": "93ae26b5cb534f7a992d7bee5bea60ff", "http_status": 200, "body": {"accepted": true, "real_timestamp_ms": 1789180040160, "virtual_time_s": 1919, "measure_result": "no_signal"}}
2026-09-12 10:27:23,626 INFO request {"path": "/measure", "payload": {"arena_id": "default", "robot_id": "202601002029", "request_id": "2dfe449622e44d819eb5c61601aee394", "position": {"x": 600.0000000000001, "y": -1039.2304845413264}, "channel": 12}, "attempt": 1}
2026-09-12 10:27:23,642 INFO response {"request_id": "2dfe449622e44d819eb5c61601aee394", "http_status": 200, "body": {"accepted": true, "real_timestamp_ms": 1789180040176, "virtual_time_s": 1925, "measure_result": "no_signal"}}
2026-09-12 10:27:23,642 INFO request {"path": "/measure", "payload": {"arena_id": "default", "robot_id": "202601002029", "request_id": "39f2870a24584eceb4bf299363e9cc04", "position": {"x": 600.0000000000001, "y": -1039.2304845413264}, "channel": 14}, "attempt": 1}
2026-09-12 10:27:23,657 INFO response {"request_id": "39f2870a24584eceb4bf299363e9cc04", "http_status": 200, "body": {"accepted": true, "real_timestamp_ms": 1789180040191, "virtual_time_s": 1931, "measure_result": "no_signal"}}
2026-09-12 10:27:23,657 INFO request {"path": "/measure", "payload": {"arena_id": "default", "robot_id": "202601002029", "request_id": "caaa4f45d2074dbeb37fddb6f1bb1cc8", "position": {"x": 600.0000000000001, "y": -1039.2304845413264}, "channel": 15}, "attempt": 1}
2026-09-12 10:27:23,672 INFO response {"request_id": "caaa4f45d2074dbeb37fddb6f1bb1cc8", "http_status": 200, "body": {"accepted": true, "real_timestamp_ms": 1789180040206, "virtual_time_s": 1937, "measure_result": "no_signal"}}
2026-09-12 10:27:23,672 INFO request {"path": "/measure", "payload": {"arena_id": "default", "robot_id": "202601002029", "request_id": "d83ffd832b3c43cea6b8479411c5c582", "position": {"x": 600.0000000000001, "y": -1039.2304845413264}, "channel": 16}, "attempt": 1}
2026-09-12 10:27:23,688 INFO response {"request_id": "d83ffd832b3c43cea6b8479411c5c582", "http_status": 200, "body": {"accepted": true, "real_timestamp_ms": 1789180040221, "virtual_time_s": 1943, "measure_result": "no_signal"}}
2026-09-12 10:27:23,688 INFO request {"path": "/measure", "payload": {"arena_id": "default", "robot_id": "202601002029", "request_id": "8d852a381c8f4f28be34f50fb977e44c", "position": {"x": 600.0000000000001, "y": -1039.2304845413264}, "channel": 18}, "attempt": 1}
2026-09-12 10:27:23,704 INFO response {"request_id": "8d852a381c8f4f28be34f50fb977e44c", "http_status": 200, "body": {"accepted": true, "real_timestamp_ms": 1789180040237, "virtual_time_s": 1949, "measure_result": "no_signal"}}
2026-09-12 10:27:23,705 INFO request {"path": "/measure", "payload": {"arena_id": "default", "robot_id": "202601002029", "request_id": "f508f247e8dc4f2babc86aaf1718355c", "position": {"x": 600.0000000000001, "y": -1039.2304845413264}, "channel": 20}, "attempt": 1}
2026-09-12 10:27:23,707 INFO response {"request_id": "f508f247e8dc4f2babc86aaf1718355c", "http_status": 200, "body": {"accepted": true, "real_timestamp_ms": 1789180040240, "virtual_time_s": 1955, "measure_result": "no_signal"}}
2026-09-12 10:27:29,348 INFO request {"path": "/measure", "payload": {"arena_id": "default", "robot_id": "202601002029", "request_id": "1a062e002fe645e9a55a5417186e1744", "position": {"x": 478.5468742279654, "y": -882.5606441387228}, "channel": 6}, "attempt": 1}
2026-09-12 10:27:29,373 INFO response {"request_id": "1a062e002fe645e9a55a5417186e1744", "http_status": 200, "body": {"accepted": true, "real_timestamp_ms": 1789180045907, "virtual_time_s": 2000.646589, "measure_result": "direction", "svd_deg": 45.04}}
2026-09-12 10:27:37,932 INFO request {"path": "/measure", "payload": {"arena_id": "default", "robot_id": "202601002029", "request_id": "cfeea12ff6a44cae8aad7b09a6092707", "position": {"x": 1009.9138952979199, "y": -415.2200673133995}, "channel": 6}, "attempt": 1}
2026-09-12 10:27:37,934 INFO response {"request_id": "cfeea12ff6a44cae8aad7b09a6092707", "http_status": 200, "body": {"accepted": true, "real_timestamp_ms": 1789180054468, "virtual_time_s": 2147.17512, "measure_result": "direction", "svd_deg": 184.08}}
2026-09-12 10:27:37,938 INFO request {"path": "/clear", "payload": {"arena_id": "default", "robot_id": "202601002029", "request_id": "3d6a0886df7f48d8af2aeb128fa757a0", "position": {"x": 936.351316551742, "y": -421.759470652446}, "channel": 6}, "attempt": 1}
2026-09-12 10:27:37,951 INFO response {"request_id": "3d6a0886df7f48d8af2aeb128fa757a0", "http_status": 200, "body": {"accepted": true, "real_timestamp_ms": 1789180054484, "virtual_time_s": 2166.945654, "clear_result": "success"}}
2026-09-12 10:27:37,951 INFO request {"path": "/measure", "payload": {"arena_id": "default", "robot_id": "202601002029", "request_id": "1a51b14090d248b5bcab746bcf0275e1", "position": {"x": 1000.0517261484009, "y": -88.41349695333332}, "channel": 17}, "attempt": 1}
2026-09-12 10:27:37,967 INFO response {"request_id": "1a51b14090d248b5bcab746bcf0275e1", "http_status": 200, "body": {"accepted": true, "real_timestamp_ms": 1789180054500, "virtual_time_s": 2240.821211, "measure_result": "direction", "svd_deg": 108.06}}
2026-09-12 10:27:45,950 INFO request {"path": "/measure", "payload": {"arena_id": "default", "robot_id": "202601002029", "request_id": "94b8464ad0f045feb7e254aa4585225a", "position": {"x": 393.97223408746356, "y": 777.0059266732969}, "channel": 17}, "attempt": 1}
2026-09-12 10:27:45,951 INFO response {"request_id": "94b8464ad0f045feb7e254aa4585225a", "http_status": 200, "body": {"accepted": true, "real_timestamp_ms": 1789180062485, "virtual_time_s": 2457.129813, "measure_result": "direction", "svd_deg": 324.76}}
2026-09-12 10:27:45,954 INFO request {"path": "/clear", "payload": {"arena_id": "default", "robot_id": "202601002029", "request_id": "c9bc60b003764fd1ab88f65b994a51fa", "position": {"x": 806.5339647510079, "y": 492.3541723528359}, "channel": 17}, "attempt": 1}
2026-09-12 10:27:45,977 INFO response {"request_id": "c9bc60b003764fd1ab88f65b994a51fa", "http_status": 200, "body": {"accepted": true, "real_timestamp_ms": 1789180062510, "virtual_time_s": 2562.37627, "clear_result": "success"}}
2026-09-12 10:27:45,977 INFO request {"path": "/measure", "payload": {"arena_id": "default", "robot_id": "202601002029", "request_id": "f52ccafe25484efb9ad2cf8e1c6d1342", "position": {"x": 912.4816788727641, "y": 418.6855468456671}, "channel": 1}, "attempt": 1}
2026-09-12 10:27:45,979 INFO response {"request_id": "f52ccafe25484efb9ad2cf8e1c6d1342", "http_status": 200, "body": {"accepted": true, "real_timestamp_ms": 1789180062512, "virtual_time_s": 2594.184784, "measure_result": "direction", "svd_deg": 160.39}}
2026-09-12 10:27:45,984 INFO request {"path": "/clear", "payload": {"arena_id": "default", "robot_id": "202601002029", "request_id": "a7a5214e40c94281b1b522bd43a7f1ac", "position": {"x": 340.48187480540537, "y": 622.2143933345506}, "channel": 1}, "attempt": 1}
2026-09-12 10:27:46,007 INFO response {"request_id": "a7a5214e40c94281b1b522bd43a7f1ac", "http_status": 200, "body": {"accepted": true, "real_timestamp_ms": 1789180062541, "virtual_time_s": 2720.610937, "clear_result": "success"}}
2026-09-12 10:27:46,007 INFO request {"path": "/measure", "payload": {"arena_id": "default", "robot_id": "202601002029", "request_id": "808f7304be2344f884d5c6481a7a08d8", "position": {"x": 952.6944710685434, "y": 316.6917210969396}, "channel": 10}, "attempt": 1}
2026-09-12 10:27:46,023 INFO response {"request_id": "808f7304be2344f884d5c6481a7a08d8", "http_status": 200, "body": {"accepted": true, "real_timestamp_ms": 1789180062557, "virtual_time_s": 2863.453674, "measure_result": "direction", "svd_deg": 188.98}}
2026-09-12 10:27:54,308 INFO request {"path": "/measure", "payload": {"arena_id": "default", "robot_id": "202601002029", "request_id": "9c50e0936927470c989075055c04e7bc", "position": {"x": 119.67760715256799, "y": 214.6484102312639}, "channel": 10}, "attempt": 1}
2026-09-12 10:27:54,309 INFO response {"request_id": "9c50e0936927470c989075055c04e7bc", "http_status": 200, "body": {"accepted": true, "real_timestamp_ms": 1789180070843, "virtual_time_s": 3036.302407, "measure_result": "direction", "svd_deg": 278.64}}
2026-09-12 10:27:54,313 INFO request {"path": "/clear", "payload": {"arena_id": "default", "robot_id": "202601002029", "request_id": "9ed2811930764dcaaf052d017359879a", "position": {"x": 124.97110441399045, "y": 179.09204591529405}, "channel": 10}, "attempt": 1}
2026-09-12 10:27:54,314 INFO response {"request_id": "9ed2811930764dcaaf052d017359879a", "http_status": 200, "body": {"accepted": true, "real_timestamp_ms": 1789180070848, "virtual_time_s": 3048.492056, "clear_result": "success"}}
2026-09-12 10:27:54,314 INFO request {"path": "/measure", "payload": {"arena_id": "default", "robot_id": "202601002029", "request_id": "1a3ae4e5296444569032121899b0b790", "position": {"x": 437.92937199207654, "y": -653.5814863836972}, "channel": 9}, "attempt": 1}
2026-09-12 10:27:54,314 INFO response {"request_id": "1a3ae4e5296444569032121899b0b790", "http_status": 200, "body": {"accepted": true, "real_timestamp_ms": 1789180070849, "virtual_time_s": 3232.400807, "measure_result": "direction", "svd_deg": 318.21}}
2026-09-12 10:28:02,010 INFO request {"path": "/measure", "payload": {"arena_id": "default", "robot_id": "202601002029", "request_id": "89f4083f78724273bb998e3f9092badd", "position": {"x": 534.0016872406485, "y": -831.6771479415422}, "channel": 9}, "attempt": 1}
2026-09-12 10:28:02,022 INFO response {"request_id": "89f4083f78724273bb998e3f9092badd", "http_status": 200, "body": {"accepted": true, "real_timestamp_ms": 1789180078555, "virtual_time_s": 3277.872009, "measure_result": "direction", "svd_deg": 326.74}}
2026-09-12 10:28:12,909 INFO request {"path": "/measure", "payload": {"arena_id": "default", "robot_id": "202601002029", "request_id": "6218edd6cd8040b092a4f3409fe734e7", "position": {"x": 534.1154303400206, "y": -825.5245125136623}, "channel": 9}, "attempt": 1}
2026-09-12 10:28:12,910 INFO response {"request_id": "6218edd6cd8040b092a4f3409fe734e7", "http_status": 200, "body": {"accepted": true, "real_timestamp_ms": 1789180089444, "virtual_time_s": 3284.102746, "measure_result": "direction", "svd_deg": 326.12}}
2026-09-12 10:28:25,600 INFO request {"path": "/measure", "payload": {"arena_id": "default", "robot_id": "202601002029", "request_id": "d9893225ce064cfd875b2b0a236eeca5", "position": {"x": 533.80976647078, "y": -823.8053450985644}, "channel": 9}, "attempt": 1}
2026-09-12 10:28:25,625 INFO response {"request_id": "d9893225ce064cfd875b2b0a236eeca5", "http_status": 200, "body": {"accepted": true, "real_timestamp_ms": 1789180102159, "virtual_time_s": 3289.451972, "measure_result": "direction", "svd_deg": 325.97}}
2026-09-12 10:28:40,775 INFO request {"path": "/measure", "payload": {"arena_id": "default", "robot_id": "202601002029", "request_id": "33d9a051bc9d4316b1969b35e1f94b78", "position": {"x": 531.9601296096334, "y": -822.6315670130577}, "channel": 9}, "attempt": 1}
2026-09-12 10:28:40,777 INFO response {"request_id": "33d9a051bc9d4316b1969b35e1f94b78", "http_status": 200, "body": {"accepted": true, "real_timestamp_ms": 1789180117311, "virtual_time_s": 3294.8901, "measure_result": "direction", "svd_deg": 325.96}}
2026-09-12 10:29:25,889 INFO request {"path": "/measure", "payload": {"arena_id": "default", "robot_id": "202601002029", "request_id": "8e518a6e57f041c49314be493f893951", "position": {"x": 3.2885340030845214, "y": -1003.9470040594892}, "channel": 8}, "attempt": 1}
2026-09-12 10:29:25,911 INFO response {"request_id": "8e518a6e57f041c49314be493f893951", "http_status": 200, "body": {"accepted": true, "real_timestamp_ms": 1789180162445, "virtual_time_s": 3412.670052, "measure_result": "direction", "svd_deg": 58.25}}
2026-09-12 10:29:25,915 INFO request {"path": "/clear", "payload": {"arena_id": "default", "robot_id": "202601002029", "request_id": "c7c298865d8e4c2aae2066801f7babaa", "position": {"x": 341.8752713877267, "y": -456.29646231088657}, "channel": 8}, "attempt": 1}
2026-09-12 10:29:25,916 INFO response {"request_id": "c7c298865d8e4c2aae2066801f7babaa", "http_status": 200, "body": {"accepted": true, "real_timestamp_ms": 1789180162450, "virtual_time_s": 3546.443045, "clear_result": "success"}}
2026-09-12 10:30:11,024 INFO request {"path": "/measure", "payload": {"arena_id": "default", "robot_id": "202601002029", "request_id": "7c56ee9c64aa4e6fb0a164f97020b896", "position": {"x": -244.27744075053744, "y": -973.7807419313041}, "channel": 2}, "attempt": 1}
2026-09-12 10:30:11,026 INFO response {"request_id": "7c56ee9c64aa4e6fb0a164f97020b896", "http_status": 200, "body": {"accepted": true, "real_timestamp_ms": 1789180207560, "virtual_time_s": 3708.822709, "measure_result": "direction", "svd_deg": 26.36}}
2026-09-12 10:30:11,030 INFO request {"path": "/clear", "payload": {"arena_id": "default", "robot_id": "202601002029", "request_id": "767b552d24c747a2893c0fefb0caef48", "position": {"x": 293.98775988353555, "y": -706.7775126841302}, "channel": 2}, "attempt": 1}
2026-09-12 10:30:11,048 INFO response {"request_id": "767b552d24c747a2893c0fefb0caef48", "http_status": 200, "body": {"accepted": true, "real_timestamp_ms": 1789180207582, "virtual_time_s": 3833.992614, "clear_result": "success"}}
2026-09-12 10:30:56,146 INFO request {"path": "/measure", "payload": {"arena_id": "default", "robot_id": "202601002029", "request_id": "15a46e39ddaa437e98249808fcdc3e4f", "position": {"x": 168.55330850125813, "y": -1400.518518109634}, "channel": 13}, "attempt": 1}
2026-09-12 10:30:56,148 INFO response {"request_id": "15a46e39ddaa437e98249808fcdc3e4f", "http_status": 200, "body": {"accepted": true, "real_timestamp_ms": 1789180252682, "virtual_time_s": 3980.990541, "measure_result": "direction", "svd_deg": 196.81}}
2026-09-12 10:30:56,151 INFO request {"path": "/clear", "payload": {"arena_id": "default", "robot_id": "202601002029", "request_id": "a86debb74dd74ff2ab2aabe5cf27d340", "position": {"x": -382.45732741363565, "y": -1566.78299198433}, "channel": 13}, "attempt": 1}
2026-09-12 10:30:56,172 INFO response {"request_id": "a86debb74dd74ff2ab2aabe5cf27d340", "http_status": 200, "body": {"accepted": true, "real_timestamp_ms": 1789180252706, "virtual_time_s": 4101.100331, "clear_result": "success"}}
2026-09-12 10:30:56,173 INFO request {"path": "/measure", "payload": {"arena_id": "default", "robot_id": "202601002029", "request_id": "aa9dcc499ea44bba826aa8b978171fc4", "position": {"x": -561.8050496644256, "y": 832.0429601814233}, "channel": 11}, "attempt": 1}
2026-09-12 10:30:56,188 INFO response {"request_id": "aa9dcc499ea44bba826aa8b978171fc4", "http_status": 200, "body": {"accepted": true, "real_timestamp_ms": 1789180252721, "virtual_time_s": 4588.204542, "measure_result": "direction", "svd_deg": 224.83}}
2026-09-12 10:31:03,682 INFO request {"path": "/measure", "payload": {"arena_id": "default", "robot_id": "202601002029", "request_id": "f2bd1184987d41bfb42d828e708237fa", "position": {"x": -1107.0643682733498, "y": 392.47698525159007}, "channel": 11}, "attempt": 1}
2026-09-12 10:31:03,684 INFO response {"request_id": "f2bd1184987d41bfb42d828e708237fa", "http_status": 200, "body": {"accepted": true, "real_timestamp_ms": 1789180260218, "virtual_time_s": 4733.279661, "measure_result": "direction", "svd_deg": 336.55}}
2026-09-12 10:31:03,687 INFO request {"path": "/clear", "payload": {"arena_id": "default", "robot_id": "202601002029", "request_id": "5ba89b69dcca47d0a781876796ffd1f8", "position": {"x": -1035.2324373490615, "y": 361.56703070486924}, "channel": 11}, "attempt": 1}
2026-09-12 10:31:03,688 INFO response {"request_id": "5ba89b69dcca47d0a781876796ffd1f8", "http_status": 200, "body": {"accepted": true, "real_timestamp_ms": 1789180260222, "virtual_time_s": 4753.919676, "clear_result": "success"}}
2026-09-12 10:31:03,688 INFO request {"path": "/measure", "payload": {"arena_id": "default", "robot_id": "202601002029", "request_id": "90ed3929f5ba46029d83e7d79a2ad02a", "position": {"x": 1045.6997679707154, "y": 892.5471939662041}, "channel": 5}, "attempt": 1}
2026-09-12 10:31:03,688 INFO response {"request_id": "90ed3929f5ba46029d83e7d79a2ad02a", "http_status": 200, "body": {"accepted": true, "real_timestamp_ms": 1789180260223, "virtual_time_s": 5189.441213, "measure_result": "direction", "svd_deg": 303.08}}
2026-09-12 10:31:03,691 INFO request {"path": "/clear", "payload": {"arena_id": "default", "robot_id": "202601002029", "request_id": "c3a13d6ef0594d69b28c0c9cec37e680", "position": {"x": 1414.6763163112846, "y": 325.7046897242076}, "channel": 5}, "attempt": 1}
2026-09-12 10:31:03,710 INFO response {"request_id": "c3a13d6ef0594d69b28c0c9cec37e680", "http_status": 200, "body": {"accepted": true, "real_timestamp_ms": 1789180260243, "virtual_time_s": 5329.711922, "clear_result": "success"}}
2026-09-12 10:31:03,710 INFO request {"path": "/exit", "payload": {"arena_id": "default", "robot_id": "202601002029", "request_id": "db6c8325b708434eab3b85f22a1c59aa"}, "attempt": 1}
2026-09-12 10:31:03,712 INFO response {"request_id": "db6c8325b708434eab3b85f22a1c59aa", "http_status": 200, "body": {"accepted": true, "real_timestamp_ms": 1789180260245, "virtual_time_s": 5329.711922, "exit_reason": "user_exit"}}
