2026-09-13 11:17:50,020 INFO request {"path": "/enter", "payload": {"arena_id": "default", "robot_id": "202601002029", "request_id": "5cda0ba5671a4f0caa5de7427b49c3f8"}, "attempt": 1}
2026-09-13 11:17:50,025 INFO response {"request_id": "5cda0ba5671a4f0caa5de7427b49c3f8", "http_status": 200, "body": {"accepted": true, "real_timestamp_ms": 1789269465966, "virtual_time_s": 0, "max_virtual_duration_s": 360000, "max_real_duration_s": 1200, "remaining_real_duration_s": 1200}}
2026-09-13 11:17:50,025 INFO request {"path": "/measure", "payload": {"arena_id": "default", "robot_id": "202601002029", "request_id": "42b8636ed7704bccb206e204fbddb055", "position": {"x": 0.0, "y": 0.0}, "channel": 1}, "attempt": 1}
2026-09-13 11:17:50,049 INFO response {"request_id": "42b8636ed7704bccb206e204fbddb055", "http_status": 200, "body": {"accepted": true, "real_timestamp_ms": 1789269465990, "virtual_time_s": 5, "measure_result": "direction", "svd_deg": 17.72}}
2026-09-13 11:17:50,055 INFO request {"path": "/measure", "payload": {"arena_id": "default", "robot_id": "202601002029", "request_id": "b4db376967334534854e2f3a27d667ec", "position": {"x": 0.0, "y": 0.0}, "channel": 2}, "attempt": 1}
2026-09-13 11:17:50,057 INFO response {"request_id": "b4db376967334534854e2f3a27d667ec", "http_status": 200, "body": {"accepted": true, "real_timestamp_ms": 1789269465998, "virtual_time_s": 11, "measure_result": "direction", "svd_deg": 82.79}}
2026-09-13 11:17:50,059 INFO request {"path": "/measure", "payload": {"arena_id": "default", "robot_id": "202601002029", "request_id": "1854b957bce64a768de1bdd28eed1003", "position": {"x": 0.0, "y": 0.0}, "channel": 3}, "attempt": 1}
2026-09-13 11:17:50,061 INFO response {"request_id": "1854b957bce64a768de1bdd28eed1003", "http_status": 200, "body": {"accepted": true, "real_timestamp_ms": 1789269466002, "virtual_time_s": 17, "measure_result": "no_signal"}}
2026-09-13 11:17:50,061 INFO request {"path": "/measure", "payload": {"arena_id": "default", "robot_id": "202601002029", "request_id": "9d0da96015374a968264bdf505243a9f", "position": {"x": 0.0, "y": 0.0}, "channel": 4}, "attempt": 1}
2026-09-13 11:17:50,062 INFO response {"request_id": "9d0da96015374a968264bdf505243a9f", "http_status": 200, "body": {"accepted": true, "real_timestamp_ms": 1789269466004, "virtual_time_s": 23, "measure_result": "no_signal"}}
2026-09-13 11:17:50,062 INFO request {"path": "/measure", "payload": {"arena_id": "default", "robot_id": "202601002029", "request_id": "6d0778b246214bd9b621bb656067d28e", "position": {"x": 0.0, "y": 0.0}, "channel": 5}, "attempt": 1}
2026-09-13 11:17:50,081 INFO response {"request_id": "6d0778b246214bd9b621bb656067d28e", "http_status": 200, "body": {"accepted": true, "real_timestamp_ms": 1789269466022, "virtual_time_s": 29, "measure_result": "direction", "svd_deg": 81.63}}
2026-09-13 11:17:50,084 INFO request {"path": "/measure", "payload": {"arena_id": "default", "robot_id": "202601002029", "request_id": "03c2aacab704455d8b70b3fce7aa68ba", "position": {"x": 0.0, "y": 0.0}, "channel": 6}, "attempt": 1}
2026-09-13 11:17:50,098 INFO response {"request_id": "03c2aacab704455d8b70b3fce7aa68ba", "http_status": 200, "body": {"accepted": true, "real_timestamp_ms": 1789269466038, "virtual_time_s": 35, "measure_result": "direction", "svd_deg": 158.92}}
2026-09-13 11:17:50,102 INFO request {"path": "/measure", "payload": {"arena_id": "default", "robot_id": "202601002029", "request_id": "5464df41c6014af5bb068b9b3245c2b7", "position": {"x": 0.0, "y": 0.0}, "channel": 7}, "attempt": 1}
2026-09-13 11:17:50,128 INFO response {"request_id": "5464df41c6014af5bb068b9b3245c2b7", "http_status": 200, "body": {"accepted": true, "real_timestamp_ms": 1789269466069, "virtual_time_s": 41, "measure_result": "no_signal"}}
2026-09-13 11:17:50,128 INFO request {"path": "/measure", "payload": {"arena_id": "default", "robot_id": "202601002029", "request_id": "6adb3f61561243c9ae8a332d8e167480", "position": {"x": 0.0, "y": 0.0}, "channel": 8}, "attempt": 1}
2026-09-13 11:17:50,143 INFO response {"request_id": "6adb3f61561243c9ae8a332d8e167480", "http_status": 200, "body": {"accepted": true, "real_timestamp_ms": 1789269466084, "virtual_time_s": 47, "measure_result": "no_signal"}}
2026-09-13 11:17:50,143 INFO request {"path": "/measure", "payload": {"arena_id": "default", "robot_id": "202601002029", "request_id": "3ec5d4ab51bb4bad89f066fce6fd8167", "position": {"x": 0.0, "y": 0.0}, "channel": 9}, "attempt": 1}
2026-09-13 11:17:50,144 INFO response {"request_id": "3ec5d4ab51bb4bad89f066fce6fd8167", "http_status": 200, "body": {"accepted": true, "real_timestamp_ms": 1789269466086, "virtual_time_s": 53, "measure_result": "no_signal"}}
2026-09-13 11:17:50,144 INFO request {"path": "/measure", "payload": {"arena_id": "default", "robot_id": "202601002029", "request_id": "2af7c4939e48491a9085400e0d55fcd0", "position": {"x": 0.0, "y": 0.0}, "channel": 10}, "attempt": 1}
2026-09-13 11:17:50,159 INFO response {"request_id": "2af7c4939e48491a9085400e0d55fcd0", "http_status": 200, "body": {"accepted": true, "real_timestamp_ms": 1789269466099, "virtual_time_s": 59, "measure_result": "no_signal"}}
2026-09-13 11:17:50,160 INFO request {"path": "/measure", "payload": {"arena_id": "default", "robot_id": "202601002029", "request_id": "69a29446fd0346b2994c7d6912b46e0b", "position": {"x": 0.0, "y": 0.0}, "channel": 11}, "attempt": 1}
2026-09-13 11:17:50,163 INFO response {"request_id": "69a29446fd0346b2994c7d6912b46e0b", "http_status": 200, "body": {"accepted": true, "real_timestamp_ms": 1789269466103, "virtual_time_s": 65, "measure_result": "no_signal"}}
2026-09-13 11:17:50,163 INFO request {"path": "/measure", "payload": {"arena_id": "default", "robot_id": "202601002029", "request_id": "6c292e82659e4f96903be90ec59943bb", "position": {"x": 0.0, "y": 0.0}, "channel": 12}, "attempt": 1}
2026-09-13 11:17:50,192 INFO response {"request_id": "6c292e82659e4f96903be90ec59943bb", "http_status": 200, "body": {"accepted": true, "real_timestamp_ms": 1789269466131, "virtual_time_s": 71, "measure_result": "no_signal"}}
2026-09-13 11:17:50,193 INFO request {"path": "/measure", "payload": {"arena_id": "default", "robot_id": "202601002029", "request_id": "028ef46aaf464484a0003b64bbb1b977", "position": {"x": 0.0, "y": 0.0}, "channel": 13}, "attempt": 1}
2026-09-13 11:17:50,195 INFO response {"request_id": "028ef46aaf464484a0003b64bbb1b977", "http_status": 200, "body": {"accepted": true, "real_timestamp_ms": 1789269466135, "virtual_time_s": 77, "measure_result": "direction", "svd_deg": 192.04}}
2026-09-13 11:17:50,200 INFO request {"path": "/measure", "payload": {"arena_id": "default", "robot_id": "202601002029", "request_id": "b70acddc50f84257b95cfdf982ba812c", "position": {"x": 0.0, "y": 0.0}, "channel": 14}, "attempt": 1}
2026-09-13 11:17:50,202 INFO response {"request_id": "b70acddc50f84257b95cfdf982ba812c", "http_status": 200, "body": {"accepted": true, "real_timestamp_ms": 1789269466143, "virtual_time_s": 83, "measure_result": "direction", "svd_deg": 332.47}}
2026-09-13 11:17:50,207 INFO request {"path": "/measure", "payload": {"arena_id": "default", "robot_id": "202601002029", "request_id": "a96588642f684c259ac98485c8bddfcd", "position": {"x": 0.0, "y": 0.0}, "channel": 15}, "attempt": 1}
2026-09-13 11:17:50,210 INFO response {"request_id": "a96588642f684c259ac98485c8bddfcd", "http_status": 200, "body": {"accepted": true, "real_timestamp_ms": 1789269466150, "virtual_time_s": 89, "measure_result": "direction", "svd_deg": 63.11}}
2026-09-13 11:17:50,215 INFO request {"path": "/measure", "payload": {"arena_id": "default", "robot_id": "202601002029", "request_id": "cf00e33fd19e43d48817bbf6c64f379f", "position": {"x": 0.0, "y": 0.0}, "channel": 16}, "attempt": 1}
2026-09-13 11:17:50,236 INFO response {"request_id": "cf00e33fd19e43d48817bbf6c64f379f", "http_status": 200, "body": {"accepted": true, "real_timestamp_ms": 1789269466177, "virtual_time_s": 95, "measure_result": "direction", "svd_deg": 281.3}}
2026-09-13 11:17:50,241 INFO request {"path": "/measure", "payload": {"arena_id": "default", "robot_id": "202601002029", "request_id": "c8008ad50cbe45b784a8384b59bee428", "position": {"x": 0.0, "y": 0.0}, "channel": 17}, "attempt": 1}
2026-09-13 11:17:50,267 INFO response {"request_id": "c8008ad50cbe45b784a8384b59bee428", "http_status": 200, "body": {"accepted": true, "real_timestamp_ms": 1789269466208, "virtual_time_s": 101, "measure_result": "no_signal"}}
2026-09-13 11:17:50,267 INFO request {"path": "/measure", "payload": {"arena_id": "default", "robot_id": "202601002029", "request_id": "2ffa993fd1074a22a002b1f2b9859354", "position": {"x": 0.0, "y": 0.0}, "channel": 18}, "attempt": 1}
2026-09-13 11:17:50,282 INFO response {"request_id": "2ffa993fd1074a22a002b1f2b9859354", "http_status": 200, "body": {"accepted": true, "real_timestamp_ms": 1789269466223, "virtual_time_s": 107, "measure_result": "direction", "svd_deg": 356.46}}
2026-09-13 11:17:50,286 INFO request {"path": "/measure", "payload": {"arena_id": "default", "robot_id": "202601002029", "request_id": "8c5da55e09514423868ad0084df0aae3", "position": {"x": 0.0, "y": 0.0}, "channel": 19}, "attempt": 1}
2026-09-13 11:17:50,313 INFO response {"request_id": "8c5da55e09514423868ad0084df0aae3", "http_status": 200, "body": {"accepted": true, "real_timestamp_ms": 1789269466254, "virtual_time_s": 113, "measure_result": "no_signal"}}
2026-09-13 11:17:50,314 INFO request {"path": "/measure", "payload": {"arena_id": "default", "robot_id": "202601002029", "request_id": "f98f9393ba2241a2a89240728702102e", "position": {"x": 0.0, "y": 0.0}, "channel": 20}, "attempt": 1}
2026-09-13 11:17:50,316 INFO response {"request_id": "f98f9393ba2241a2a89240728702102e", "http_status": 200, "body": {"accepted": true, "real_timestamp_ms": 1789269466257, "virtual_time_s": 119, "measure_result": "direction", "svd_deg": 336.05}}
2026-09-13 11:17:50,321 INFO request {"path": "/measure", "payload": {"arena_id": "default", "robot_id": "202601002029", "request_id": "fa2ad59da53a4f7e85594714d0001780", "position": {"x": 1130.0, "y": 0.0}, "channel": 3}, "attempt": 1}
2026-09-13 11:17:50,323 INFO response {"request_id": "fa2ad59da53a4f7e85594714d0001780", "http_status": 200, "body": {"accepted": true, "real_timestamp_ms": 1789269466264, "virtual_time_s": 351, "measure_result": "no_signal"}}
2026-09-13 11:17:50,324 INFO request {"path": "/measure", "payload": {"arena_id": "default", "robot_id": "202601002029", "request_id": "4f89d9c6f0424c70b4db2e6e1a23b410", "position": {"x": 1130.0, "y": 0.0}, "channel": 4}, "attempt": 1}
2026-09-13 11:17:50,343 INFO response {"request_id": "4f89d9c6f0424c70b4db2e6e1a23b410", "http_status": 200, "body": {"accepted": true, "real_timestamp_ms": 1789269466285, "virtual_time_s": 357, "measure_result": "no_signal"}}
2026-09-13 11:17:50,343 INFO request {"path": "/measure", "payload": {"arena_id": "default", "robot_id": "202601002029", "request_id": "6c26d902271347f1920e37fc7bc470d7", "position": {"x": 1130.0, "y": 0.0}, "channel": 7}, "attempt": 1}
2026-09-13 11:17:50,344 INFO response {"request_id": "6c26d902271347f1920e37fc7bc470d7", "http_status": 200, "body": {"accepted": true, "real_timestamp_ms": 1789269466286, "virtual_time_s": 363, "measure_result": "direction", "svd_deg": 36.8}}
2026-09-13 11:17:50,347 INFO request {"path": "/measure", "payload": {"arena_id": "default", "robot_id": "202601002029", "request_id": "76efc5aca41944b89b62475f185f9019", "position": {"x": 1130.0, "y": 0.0}, "channel": 8}, "attempt": 1}
2026-09-13 11:17:50,348 INFO response {"request_id": "76efc5aca41944b89b62475f185f9019", "http_status": 200, "body": {"accepted": true, "real_timestamp_ms": 1789269466289, "virtual_time_s": 369, "measure_result": "no_signal"}}
2026-09-13 11:17:50,348 INFO request {"path": "/measure", "payload": {"arena_id": "default", "robot_id": "202601002029", "request_id": "95bc3968fda64162826a3cbaac2a5ef7", "position": {"x": 1130.0, "y": 0.0}, "channel": 9}, "attempt": 1}
2026-09-13 11:17:50,349 INFO response {"request_id": "95bc3968fda64162826a3cbaac2a5ef7", "http_status": 200, "body": {"accepted": true, "real_timestamp_ms": 1789269466290, "virtual_time_s": 375, "measure_result": "no_signal"}}
2026-09-13 11:17:50,349 INFO request {"path": "/measure", "payload": {"arena_id": "default", "robot_id": "202601002029", "request_id": "acdab14e8c3641c0a2f0ac7b7c07d11a", "position": {"x": 1130.0, "y": 0.0}, "channel": 10}, "attempt": 1}
2026-09-13 11:17:50,350 INFO response {"request_id": "acdab14e8c3641c0a2f0ac7b7c07d11a", "http_status": 200, "body": {"accepted": true, "real_timestamp_ms": 1789269466291, "virtual_time_s": 381, "measure_result": "no_signal"}}
2026-09-13 11:17:50,350 INFO request {"path": "/measure", "payload": {"arena_id": "default", "robot_id": "202601002029", "request_id": "9d954116000e4f60bf1d1d9060c20f10", "position": {"x": 1130.0, "y": 0.0}, "channel": 11}, "attempt": 1}
2026-09-13 11:17:50,373 INFO response {"request_id": "9d954116000e4f60bf1d1d9060c20f10", "http_status": 200, "body": {"accepted": true, "real_timestamp_ms": 1789269466315, "virtual_time_s": 387, "measure_result": "no_signal"}}
2026-09-13 11:17:50,374 INFO request {"path": "/measure", "payload": {"arena_id": "default", "robot_id": "202601002029", "request_id": "a824ef31884f4645b7ceb407244d0ce8", "position": {"x": 1130.0, "y": 0.0}, "channel": 12}, "attempt": 1}
2026-09-13 11:17:50,390 INFO response {"request_id": "a824ef31884f4645b7ceb407244d0ce8", "http_status": 200, "body": {"accepted": true, "real_timestamp_ms": 1789269466331, "virtual_time_s": 393, "measure_result": "no_signal"}}
2026-09-13 11:17:50,390 INFO request {"path": "/measure", "payload": {"arena_id": "default", "robot_id": "202601002029", "request_id": "6379d5066a154f6b9052a7c4dbee5751", "position": {"x": 1130.0, "y": 0.0}, "channel": 17}, "attempt": 1}
2026-09-13 11:17:50,405 INFO response {"request_id": "6379d5066a154f6b9052a7c4dbee5751", "http_status": 200, "body": {"accepted": true, "real_timestamp_ms": 1789269466346, "virtual_time_s": 399, "measure_result": "no_signal"}}
2026-09-13 11:17:50,405 INFO request {"path": "/measure", "payload": {"arena_id": "default", "robot_id": "202601002029", "request_id": "14d95657b6234bfcb8975bbbdfc789fa", "position": {"x": 1130.0, "y": 0.0}, "channel": 19}, "attempt": 1}
2026-09-13 11:17:50,420 INFO response {"request_id": "14d95657b6234bfcb8975bbbdfc789fa", "http_status": 200, "body": {"accepted": true, "real_timestamp_ms": 1789269466362, "virtual_time_s": 405, "measure_result": "no_signal"}}
2026-09-13 11:17:50,444 INFO request {"path": "/measure", "payload": {"arena_id": "default", "robot_id": "202601002029", "request_id": "f7c708f89beb4793bc0f061abad0715e", "position": {"x": 1130.0, "y": 0.0}, "channel": 1}, "attempt": 1}
2026-09-13 11:17:50,445 INFO response {"request_id": "f7c708f89beb4793bc0f061abad0715e", "http_status": 200, "body": {"accepted": true, "real_timestamp_ms": 1789269466386, "virtual_time_s": 411, "measure_result": "direction", "svd_deg": 142.51}}
2026-09-13 11:17:50,464 INFO request {"path": "/measure", "payload": {"arena_id": "default", "robot_id": "202601002029", "request_id": "b0eed79f66424b8fa4c60dca00155c11", "position": {"x": 1130.0, "y": 0.0}, "channel": 14}, "attempt": 1}
2026-09-13 11:17:50,484 INFO response {"request_id": "b0eed79f66424b8fa4c60dca00155c11", "http_status": 200, "body": {"accepted": true, "real_timestamp_ms": 1789269466425, "virtual_time_s": 417, "measure_result": "direction", "svd_deg": 193.17}}
2026-09-13 11:17:50,487 INFO request {"path": "/measure", "payload": {"arena_id": "default", "robot_id": "202601002029", "request_id": "00fadc685c284ccea9fa082ab7c6a84d", "position": {"x": 565.0000000000001, "y": 978.6087062764157}, "channel": 3}, "attempt": 1}
2026-09-13 11:17:50,488 INFO response {"request_id": "00fadc685c284ccea9fa082ab7c6a84d", "http_status": 200, "body": {"accepted": true, "real_timestamp_ms": 1789269466430, "virtual_time_s": 649, "measure_result": "no_signal"}}
2026-09-13 11:17:50,488 INFO request {"path": "/measure", "payload": {"arena_id": "default", "robot_id": "202601002029", "request_id": "1a29debb88d144edbd22ad536e817569", "position": {"x": 565.0000000000001, "y": 978.6087062764157}, "channel": 4}, "attempt": 1}
2026-09-13 11:17:50,500 INFO response {"request_id": "1a29debb88d144edbd22ad536e817569", "http_status": 200, "body": {"accepted": true, "real_timestamp_ms": 1789269466440, "virtual_time_s": 655, "measure_result": "no_signal"}}
2026-09-13 11:17:50,500 INFO request {"path": "/measure", "payload": {"arena_id": "default", "robot_id": "202601002029", "request_id": "f08f00893bd644ee82443388869481f1", "position": {"x": 565.0000000000001, "y": 978.6087062764157}, "channel": 8}, "attempt": 1}
2026-09-13 11:17:50,501 INFO response {"request_id": "f08f00893bd644ee82443388869481f1", "http_status": 200, "body": {"accepted": true, "real_timestamp_ms": 1789269466442, "virtual_time_s": 661, "measure_result": "no_signal"}}
2026-09-13 11:17:50,501 INFO request {"path": "/measure", "payload": {"arena_id": "default", "robot_id": "202601002029", "request_id": "8f95a556a25d4e4e9761aa74578610cc", "position": {"x": 565.0000000000001, "y": 978.6087062764157}, "channel": 9}, "attempt": 1}
2026-09-13 11:17:50,501 INFO response {"request_id": "8f95a556a25d4e4e9761aa74578610cc", "http_status": 200, "body": {"accepted": true, "real_timestamp_ms": 1789269466443, "virtual_time_s": 667, "measure_result": "direction", "svd_deg": 147.4}}
2026-09-13 11:17:50,504 INFO request {"path": "/measure", "payload": {"arena_id": "default", "robot_id": "202601002029", "request_id": "128b04ba478f47a9ae04933ddc66e3e2", "position": {"x": 565.0000000000001, "y": 978.6087062764157}, "channel": 10}, "attempt": 1}
2026-09-13 11:17:50,506 INFO response {"request_id": "128b04ba478f47a9ae04933ddc66e3e2", "http_status": 200, "body": {"accepted": true, "real_timestamp_ms": 1789269466447, "virtual_time_s": 673, "measure_result": "direction", "svd_deg": 99.46}}
2026-09-13 11:17:50,507 INFO request {"path": "/measure", "payload": {"arena_id": "default", "robot_id": "202601002029", "request_id": "c4e901e775f340f283c2f37ffb274604", "position": {"x": 565.0000000000001, "y": 978.6087062764157}, "channel": 11}, "attempt": 1}
2026-09-13 11:17:50,530 INFO response {"request_id": "c4e901e775f340f283c2f37ffb274604", "http_status": 200, "body": {"accepted": true, "real_timestamp_ms": 1789269466471, "virtual_time_s": 679, "measure_result": "no_signal"}}
2026-09-13 11:17:50,530 INFO request {"path": "/measure", "payload": {"arena_id": "default", "robot_id": "202601002029", "request_id": "2d52ab43ff0549e8863b6c930f686e26", "position": {"x": 565.0000000000001, "y": 978.6087062764157}, "channel": 12}, "attempt": 1}
2026-09-13 11:17:50,531 INFO response {"request_id": "2d52ab43ff0549e8863b6c930f686e26", "http_status": 200, "body": {"accepted": true, "real_timestamp_ms": 1789269466472, "virtual_time_s": 685, "measure_result": "no_signal"}}
2026-09-13 11:17:50,531 INFO request {"path": "/measure", "payload": {"arena_id": "default", "robot_id": "202601002029", "request_id": "1b917c10cd264bd9adb9b49ea12d4863", "position": {"x": 565.0000000000001, "y": 978.6087062764157}, "channel": 17}, "attempt": 1}
2026-09-13 11:17:50,545 INFO response {"request_id": "1b917c10cd264bd9adb9b49ea12d4863", "http_status": 200, "body": {"accepted": true, "real_timestamp_ms": 1789269466486, "virtual_time_s": 691, "measure_result": "no_signal"}}
2026-09-13 11:17:50,545 INFO request {"path": "/measure", "payload": {"arena_id": "default", "robot_id": "202601002029", "request_id": "e58075f99cf9418481a5c307e306d957", "position": {"x": 565.0000000000001, "y": 978.6087062764157}, "channel": 19}, "attempt": 1}
2026-09-13 11:17:50,561 INFO response {"request_id": "e58075f99cf9418481a5c307e306d957", "http_status": 200, "body": {"accepted": true, "real_timestamp_ms": 1789269466503, "virtual_time_s": 697, "measure_result": "no_signal"}}
2026-09-13 11:17:50,609 INFO request {"path": "/measure", "payload": {"arena_id": "default", "robot_id": "202601002029", "request_id": "c1820b87e6464c82a46130ccd75e32b7", "position": {"x": 565.0000000000001, "y": 978.6087062764157}, "channel": 1}, "attempt": 1}
2026-09-13 11:17:50,611 INFO response {"request_id": "c1820b87e6464c82a46130ccd75e32b7", "http_status": 200, "body": {"accepted": true, "real_timestamp_ms": 1789269466553, "virtual_time_s": 703, "measure_result": "direction", "svd_deg": 288.05}}
2026-09-13 11:17:50,678 INFO request {"path": "/measure", "payload": {"arena_id": "default", "robot_id": "202601002029", "request_id": "1d12473229f046de90d14fc0faf14e17", "position": {"x": 565.0000000000001, "y": 978.6087062764157}, "channel": 5}, "attempt": 1}
2026-09-13 11:17:50,700 INFO response {"request_id": "1d12473229f046de90d14fc0faf14e17", "http_status": 200, "body": {"accepted": true, "real_timestamp_ms": 1789269466641, "virtual_time_s": 709, "measure_result": "direction", "svd_deg": 155.29}}
2026-09-13 11:17:50,706 INFO request {"path": "/measure", "payload": {"arena_id": "default", "robot_id": "202601002029", "request_id": "bf045d17d5da4294bc975a574e764ae1", "position": {"x": -564.9999999999998, "y": 978.6087062764158}, "channel": 3}, "attempt": 1}
2026-09-13 11:17:50,731 INFO response {"request_id": "bf045d17d5da4294bc975a574e764ae1", "http_status": 200, "body": {"accepted": true, "real_timestamp_ms": 1789269466673, "virtual_time_s": 941, "measure_result": "direction", "svd_deg": 223.01}}
2026-09-13 11:17:50,734 INFO request {"path": "/measure", "payload": {"arena_id": "default", "robot_id": "202601002029", "request_id": "5d121918401545d085962e66a815417f", "position": {"x": -564.9999999999998, "y": 978.6087062764158}, "channel": 4}, "attempt": 1}
2026-09-13 11:17:50,736 INFO response {"request_id": "5d121918401545d085962e66a815417f", "http_status": 200, "body": {"accepted": true, "real_timestamp_ms": 1789269466677, "virtual_time_s": 947, "measure_result": "no_signal"}}
2026-09-13 11:17:50,736 INFO request {"path": "/measure", "payload": {"arena_id": "default", "robot_id": "202601002029", "request_id": "80d81924c886457592a88426b4dce685", "position": {"x": -564.9999999999998, "y": 978.6087062764158}, "channel": 8}, "attempt": 1}
2026-09-13 11:17:50,747 INFO response {"request_id": "80d81924c886457592a88426b4dce685", "http_status": 200, "body": {"accepted": true, "real_timestamp_ms": 1789269466688, "virtual_time_s": 953, "measure_result": "no_signal"}}
2026-09-13 11:17:50,747 INFO request {"path": "/measure", "payload": {"arena_id": "default", "robot_id": "202601002029", "request_id": "a13fcbb62d7b4eddae12d8c4a3c86eae", "position": {"x": -564.9999999999998, "y": 978.6087062764158}, "channel": 11}, "attempt": 1}
2026-09-13 11:17:50,748 INFO response {"request_id": "a13fcbb62d7b4eddae12d8c4a3c86eae", "http_status": 200, "body": {"accepted": true, "real_timestamp_ms": 1789269466690, "virtual_time_s": 959, "measure_result": "no_signal"}}
2026-09-13 11:17:50,749 INFO request {"path": "/measure", "payload": {"arena_id": "default", "robot_id": "202601002029", "request_id": "2589de4b901d44c48cc2d952fe15dc91", "position": {"x": -564.9999999999998, "y": 978.6087062764158}, "channel": 12}, "attempt": 1}
2026-09-13 11:17:50,750 INFO response {"request_id": "2589de4b901d44c48cc2d952fe15dc91", "http_status": 200, "body": {"accepted": true, "real_timestamp_ms": 1789269466691, "virtual_time_s": 965, "measure_result": "no_signal"}}
2026-09-13 11:17:50,750 INFO request {"path": "/measure", "payload": {"arena_id": "default", "robot_id": "202601002029", "request_id": "e8765d61eeb54794aea4d282e75c347c", "position": {"x": -564.9999999999998, "y": 978.6087062764158}, "channel": 17}, "attempt": 1}
2026-09-13 11:17:50,762 INFO response {"request_id": "e8765d61eeb54794aea4d282e75c347c", "http_status": 200, "body": {"accepted": true, "real_timestamp_ms": 1789269466703, "virtual_time_s": 971, "measure_result": "direction", "svd_deg": 214.96}}
2026-09-13 11:17:50,764 INFO request {"path": "/measure", "payload": {"arena_id": "default", "robot_id": "202601002029", "request_id": "7203893071604b29a9dab701a373bd08", "position": {"x": -564.9999999999998, "y": 978.6087062764158}, "channel": 19}, "attempt": 1}
2026-09-13 11:17:50,766 INFO response {"request_id": "7203893071604b29a9dab701a373bd08", "http_status": 200, "body": {"accepted": true, "real_timestamp_ms": 1789269466707, "virtual_time_s": 977, "measure_result": "no_signal"}}
2026-09-13 11:17:50,802 INFO request {"path": "/measure", "payload": {"arena_id": "default", "robot_id": "202601002029", "request_id": "92164809a1b34d438023840360b36db5", "position": {"x": -564.9999999999998, "y": 978.6087062764158}, "channel": 6}, "attempt": 1}
2026-09-13 11:17:50,826 INFO response {"request_id": "92164809a1b34d438023840360b36db5", "http_status": 200, "body": {"accepted": true, "real_timestamp_ms": 1789269466767, "virtual_time_s": 983, "measure_result": "direction", "svd_deg": 214.95}}
2026-09-13 11:17:50,868 INFO request {"path": "/measure", "payload": {"arena_id": "default", "robot_id": "202601002029", "request_id": "4c960986ffe94fdfb1ba6207d2d31909", "position": {"x": -564.9999999999998, "y": 978.6087062764158}, "channel": 2}, "attempt": 1}
2026-09-13 11:17:50,888 INFO response {"request_id": "4c960986ffe94fdfb1ba6207d2d31909", "http_status": 200, "body": {"accepted": true, "real_timestamp_ms": 1789269466829, "virtual_time_s": 989, "measure_result": "direction", "svd_deg": 7.37}}
2026-09-13 11:17:50,890 INFO request {"path": "/measure", "payload": {"arena_id": "default", "robot_id": "202601002029", "request_id": "42774c516b6240e091444ea5777e37a6", "position": {"x": -1130.0, "y": 1.3838508830365092e-13}, "channel": 4}, "attempt": 1}
2026-09-13 11:17:50,903 INFO response {"request_id": "42774c516b6240e091444ea5777e37a6", "http_status": 200, "body": {"accepted": true, "real_timestamp_ms": 1789269466844, "virtual_time_s": 1221, "measure_result": "no_signal"}}
2026-09-13 11:17:50,903 INFO request {"path": "/measure", "payload": {"arena_id": "default", "robot_id": "202601002029", "request_id": "29cb92c785434fdc9aec38cc08d58d39", "position": {"x": -1130.0, "y": 1.3838508830365092e-13}, "channel": 8}, "attempt": 1}
2026-09-13 11:17:50,919 INFO response {"request_id": "29cb92c785434fdc9aec38cc08d58d39", "http_status": 200, "body": {"accepted": true, "real_timestamp_ms": 1789269466859, "virtual_time_s": 1227, "measure_result": "direction", "svd_deg": 176.39}}
2026-09-13 11:17:50,962 INFO request {"path": "/measure", "payload": {"arena_id": "default", "robot_id": "202601002029", "request_id": "7e01cfd47b61498d8bab94bf3ae032f5", "position": {"x": -1130.0, "y": 1.3838508830365092e-13}, "channel": 17}, "attempt": 1}
2026-09-13 11:17:50,980 INFO response {"request_id": "7e01cfd47b61498d8bab94bf3ae032f5", "http_status": 200, "body": {"accepted": true, "real_timestamp_ms": 1789269466921, "virtual_time_s": 1233, "measure_result": "direction", "svd_deg": 138.26}}
2026-09-13 11:17:51,024 INFO request {"path": "/measure", "payload": {"arena_id": "default", "robot_id": "202601002029", "request_id": "9ba9b12fefa547f0b4ea65f609bd0dee", "position": {"x": -1130.0, "y": 1.3838508830365092e-13}, "channel": 6}, "attempt": 1}
2026-09-13 11:17:51,041 INFO response {"request_id": "9ba9b12fefa547f0b4ea65f609bd0dee", "http_status": 200, "body": {"accepted": true, "real_timestamp_ms": 1789269466983, "virtual_time_s": 1239, "measure_result": "direction", "svd_deg": 104.47}}
2026-09-13 11:18:00,584 INFO request {"path": "/measure", "payload": {"arena_id": "default", "robot_id": "202601002029", "request_id": "ad416472359c4ce7be78393aff607fb3", "position": {"x": -936.5958416331874, "y": 402.9149940061999}, "channel": 13}, "attempt": 1}
2026-09-13 11:18:00,586 INFO response {"request_id": "ad416472359c4ce7be78393aff607fb3", "http_status": 200, "body": {"accepted": true, "real_timestamp_ms": 1789269476527, "virtual_time_s": 1334.385829, "measure_result": "direction", "svd_deg": 302.46}}
2026-09-13 11:18:00,607 INFO request {"path": "/measure", "payload": {"arena_id": "default", "robot_id": "202601002029", "request_id": "0340b8a26a6b4d0ea4b36ac702a30e71", "position": {"x": -936.5958416331874, "y": 402.9149940061999}, "channel": 3}, "attempt": 1}
2026-09-13 11:18:00,624 INFO response {"request_id": "0340b8a26a6b4d0ea4b36ac702a30e71", "http_status": 200, "body": {"accepted": true, "real_timestamp_ms": 1789269476566, "virtual_time_s": 1340.385829, "measure_result": "direction", "svd_deg": 209.53}}
2026-09-13 11:18:00,638 INFO request {"path": "/measure", "payload": {"arena_id": "default", "robot_id": "202601002029", "request_id": "e1474880dd264a6287dd7b13ff8830d3", "position": {"x": -936.5958416331874, "y": 402.9149940061999}, "channel": 17}, "attempt": 1}
2026-09-13 11:18:00,655 INFO response {"request_id": "e1474880dd264a6287dd7b13ff8830d3", "http_status": 200, "body": {"accepted": true, "real_timestamp_ms": 1789269476597, "virtual_time_s": 1346.385829, "measure_result": "direction", "svd_deg": 188.15}}
2026-09-13 11:18:02,319 INFO request {"path": "/measure", "payload": {"arena_id": "default", "robot_id": "202601002029", "request_id": "7bbb5bb862394e33b4c9fb4d688efeea", "position": {"x": -1048.6116510523248, "y": 391.6323999052831}, "channel": 17}, "attempt": 1}
2026-09-13 11:18:02,321 INFO response {"request_id": "7bbb5bb862394e33b4c9fb4d688efeea", "http_status": 200, "body": {"accepted": true, "real_timestamp_ms": 1789269478262, "virtual_time_s": 1373.902346, "measure_result": "direction", "svd_deg": 188.25}}
2026-09-13 11:18:02,331 INFO request {"path": "/clear", "payload": {"arena_id": "default", "robot_id": "202601002029", "request_id": "3d83fe35f05148b5a9f0de45c3dedb68", "position": {"x": -1260.3694068450864, "y": 492.3696040302215}, "channel": 6}, "attempt": 1}
2026-09-13 11:18:02,332 INFO response {"request_id": "3d83fe35f05148b5a9f0de45c3dedb68", "http_status": 200, "body": {"accepted": true, "real_timestamp_ms": 1789269478273, "virtual_time_s": 1425.801954, "clear_result": "success"}}
2026-09-13 11:18:02,344 INFO request {"path": "/measure", "payload": {"arena_id": "default", "robot_id": "202601002029", "request_id": "6ebdb222a00b4f06a7eedf01339a55f3", "position": {"x": -1260.3694068450864, "y": 492.3696040302215}, "channel": 8}, "attempt": 1}
2026-09-13 11:18:02,363 INFO response {"request_id": "6ebdb222a00b4f06a7eedf01339a55f3", "http_status": 200, "body": {"accepted": true, "real_timestamp_ms": 1789269478304, "virtual_time_s": 1431.801954, "measure_result": "direction", "svd_deg": 256.31}}
2026-09-13 11:18:02,379 INFO request {"path": "/clear", "payload": {"arena_id": "default", "robot_id": "202601002029", "request_id": "aee6e003cc8249a089eb0bd9812e6d41", "position": {"x": -1495.918959142069, "y": 326.1008923267033}, "channel": 17}, "attempt": 1}
2026-09-13 11:18:02,381 INFO response {"request_id": "aee6e003cc8249a089eb0bd9812e6d41", "http_status": 200, "body": {"accepted": true, "real_timestamp_ms": 1789269478322, "virtual_time_s": 1494.466111, "clear_result": "success"}}
2026-09-13 11:18:02,403 INFO request {"path": "/measure", "payload": {"arena_id": "default", "robot_id": "202601002029", "request_id": "d77fe95e114e4c068e25538b60a00ce3", "position": {"x": -1495.918959142069, "y": 326.1008923267033}, "channel": 3}, "attempt": 1}
2026-09-13 11:18:02,405 INFO response {"request_id": "d77fe95e114e4c068e25538b60a00ce3", "http_status": 200, "body": {"accepted": true, "real_timestamp_ms": 1789269478346, "virtual_time_s": 1500.466111, "measure_result": "direction", "svd_deg": 263.91}}
2026-09-13 11:18:02,412 INFO request {"path": "/clear", "payload": {"arena_id": "default", "robot_id": "202601002029", "request_id": "d11ae9b9750b42be882c5a7e379eff0a", "position": {"x": -1523.5375091975413, "y": 70.15339717542477}, "channel": 3}, "attempt": 1}
2026-09-13 11:18:02,413 INFO response {"request_id": "d11ae9b9750b42be882c5a7e379eff0a", "http_status": 200, "body": {"accepted": true, "real_timestamp_ms": 1789269478355, "virtual_time_s": 1556.952771, "clear_result": "success"}}
2026-09-13 11:18:02,417 INFO request {"path": "/clear", "payload": {"arena_id": "default", "robot_id": "202601002029", "request_id": "362db39928dd458c985be6e3627a3fbe", "position": {"x": -1376.6608896022608, "y": 15.396168857487979}, "channel": 8}, "attempt": 1}
2026-09-13 11:18:02,418 INFO response {"request_id": "362db39928dd458c985be6e3627a3fbe", "http_status": 200, "body": {"accepted": true, "real_timestamp_ms": 1789269478360, "virtual_time_s": 1593.303111, "clear_result": "success"}}
2026-09-13 11:18:02,420 INFO request {"path": "/clear", "payload": {"arena_id": "default", "robot_id": "202601002029", "request_id": "2ae4f429c2384f28929a3cb87d3fbdea", "position": {"x": -598.9100131877219, "y": -127.45929806490875}, "channel": 13}, "attempt": 1}
2026-09-13 11:18:02,421 INFO response {"request_id": "2ae4f429c2384f28929a3cb87d3fbdea", "http_status": 200, "body": {"accepted": true, "real_timestamp_ms": 1789269478363, "virtual_time_s": 1756.455457, "clear_result": "success"}}
2026-09-13 11:18:02,424 INFO request {"path": "/measure", "payload": {"arena_id": "default", "robot_id": "202601002029", "request_id": "115a202109b64c749ca147fea43e7e9f", "position": {"x": -356.99608396222845, "y": -1040.3279220258946}, "channel": 16}, "attempt": 1}
2026-09-13 11:18:02,425 INFO response {"request_id": "115a202109b64c749ca147fea43e7e9f", "http_status": 200, "body": {"accepted": true, "real_timestamp_ms": 1789269478367, "virtual_time_s": 1951.331234, "measure_result": "direction", "svd_deg": 14.2}}
2026-09-13 11:18:02,432 INFO request {"path": "/clear", "payload": {"arena_id": "default", "robot_id": "202601002029", "request_id": "263f0fd181e948728ae62b83e9da8e1a", "position": {"x": 180.45653019840734, "y": -904.0325777731944}, "channel": 16}, "attempt": 1}
2026-09-13 11:18:02,457 INFO response {"request_id": "263f0fd181e948728ae62b83e9da8e1a", "http_status": 200, "body": {"accepted": true, "real_timestamp_ms": 1789269478398, "virtual_time_s": 2067.224288, "clear_result": "success"}}
2026-09-13 11:18:02,492 INFO request {"path": "/measure", "payload": {"arena_id": "default", "robot_id": "202601002029", "request_id": "de8fa68881974866bc3af0b51b4e027e", "position": {"x": 180.45653019840734, "y": -904.0325777731944}, "channel": 14}, "attempt": 1}
2026-09-13 11:18:02,517 INFO response {"request_id": "de8fa68881974866bc3af0b51b4e027e", "http_status": 200, "body": {"accepted": true, "real_timestamp_ms": 1789269478459, "virtual_time_s": 2073.224288, "measure_result": "direction", "svd_deg": 75.96}}
2026-09-13 11:18:02,537 INFO request {"path": "/measure", "payload": {"arena_id": "default", "robot_id": "202601002029", "request_id": "e93ef0abed974f31a1a8c6914ae971c7", "position": {"x": 180.45653019840734, "y": -904.0325777731944}, "channel": 20}, "attempt": 1}
2026-09-13 11:18:02,539 INFO response {"request_id": "e93ef0abed974f31a1a8c6914ae971c7", "http_status": 200, "body": {"accepted": true, "real_timestamp_ms": 1789269478480, "virtual_time_s": 2079.224288, "measure_result": "direction", "svd_deg": 27.69}}
2026-09-13 11:18:03,166 INFO request {"path": "/measure", "payload": {"arena_id": "default", "robot_id": "202601002029", "request_id": "7bcc07afe6bb4205aa47db6d658ed71b", "position": {"x": 722.9608689552095, "y": -644.4112822260829}, "channel": 18}, "attempt": 1}
2026-09-13 11:18:03,168 INFO response {"request_id": "7bcc07afe6bb4205aa47db6d658ed71b", "http_status": 200, "body": {"accepted": true, "real_timestamp_ms": 1789269479109, "virtual_time_s": 2205.509644, "measure_result": "direction", "svd_deg": 79.38}}
2026-09-13 11:18:03,180 INFO request {"path": "/measure", "payload": {"arena_id": "default", "robot_id": "202601002029", "request_id": "94d624231468490e991430101a483c00", "position": {"x": 722.9608689552095, "y": -644.4112822260829}, "channel": 20}, "attempt": 1}
2026-09-13 11:18:03,180 INFO response {"request_id": "94d624231468490e991430101a483c00", "http_status": 200, "body": {"accepted": true, "real_timestamp_ms": 1789269479122, "virtual_time_s": 2211.509644, "measure_result": "direction", "svd_deg": 30.9}}
2026-09-13 11:18:03,857 INFO request {"path": "/clear", "payload": {"arena_id": "default", "robot_id": "202601002029", "request_id": "9cd4edd68c604b93808c21988a9b796c", "position": {"x": 359.7932210617592, "y": -184.10745308640455}, "channel": 14}, "attempt": 1}
2026-09-13 11:18:03,874 INFO response {"request_id": "9cd4edd68c604b93808c21988a9b796c", "http_status": 200, "body": {"accepted": true, "real_timestamp_ms": 1789269479815, "virtual_time_s": 2333.77351, "clear_result": "success"}}
2026-09-13 11:18:03,889 INFO request {"path": "/measure", "payload": {"arena_id": "default", "robot_id": "202601002029", "request_id": "855283686a7b42b18166e45ae15ec609", "position": {"x": 359.7932210617592, "y": -184.10745308640455}, "channel": 20}, "attempt": 1}
2026-09-13 11:18:03,906 INFO response {"request_id": "855283686a7b42b18166e45ae15ec609", "http_status": 200, "body": {"accepted": true, "real_timestamp_ms": 1789269479847, "virtual_time_s": 2338.77351, "measure_result": "direction", "svd_deg": 336.85}}
2026-09-13 11:18:03,917 INFO request {"path": "/clear", "payload": {"arena_id": "default", "robot_id": "202601002029", "request_id": "2115e31c705d47f486bd230f9836c4c1", "position": {"x": 1023.6525780655473, "y": -464.79075718291494}, "channel": 20}, "attempt": 1}
2026-09-13 11:18:03,918 INFO response {"request_id": "2115e31c705d47f486bd230f9836c4c1", "http_status": 200, "body": {"accepted": true, "real_timestamp_ms": 1789269479860, "virtual_time_s": 2487.925147, "clear_result": "success"}}
2026-09-13 11:18:03,920 INFO request {"path": "/clear", "payload": {"arena_id": "default", "robot_id": "202601002029", "request_id": "2edce9e88f7849f6865d142f64f52129", "position": {"x": 834.4378353399312, "y": -51.403850680899296}, "channel": 18}, "attempt": 1}
2026-09-13 11:18:03,936 INFO response {"request_id": "2edce9e88f7849f6865d142f64f52129", "http_status": 200, "body": {"accepted": true, "real_timestamp_ms": 1789269479877, "virtual_time_s": 2583.851701, "clear_result": "success"}}
2026-09-13 11:18:03,939 INFO request {"path": "/clear", "payload": {"arena_id": "default", "robot_id": "202601002029", "request_id": "6a65324726aa4794973b906b9d3df9c3", "position": {"x": 800.8708101989432, "y": 255.65375315979878}, "channel": 1}, "attempt": 1}
2026-09-13 11:18:03,953 INFO response {"request_id": "6a65324726aa4794973b906b9d3df9c3", "http_status": 200, "body": {"accepted": true, "real_timestamp_ms": 1789269479893, "virtual_time_s": 2650.629081, "clear_result": "success"}}
2026-09-13 11:18:03,970 INFO request {"path": "/measure", "payload": {"arena_id": "default", "robot_id": "202601002029", "request_id": "59883998305a460994bfddf7a36b580e", "position": {"x": 800.8708101989432, "y": 255.65375315979878}, "channel": 2}, "attempt": 1}
2026-09-13 11:18:03,972 INFO response {"request_id": "59883998305a460994bfddf7a36b580e", "http_status": 200, "body": {"accepted": true, "real_timestamp_ms": 1789269479913, "virtual_time_s": 2656.629081, "measure_result": "direction", "svd_deg": 128.28}}
2026-09-13 11:18:03,979 INFO request {"path": "/measure", "payload": {"arena_id": "default", "robot_id": "202601002029", "request_id": "60f1cacae93a4073b0b27b4dcddad06b", "position": {"x": 1289.9487234256549, "y": 781.9517619584997}, "channel": 7}, "attempt": 1}
2026-09-13 11:18:03,998 INFO response {"request_id": "60f1cacae93a4073b0b27b4dcddad06b", "http_status": 200, "body": {"accepted": true, "real_timestamp_ms": 1789269479939, "virtual_time_s": 2806.321363, "measure_result": "direction", "svd_deg": 297.95}}
2026-09-13 11:18:04,013 INFO request {"path": "/measure", "payload": {"arena_id": "default", "robot_id": "202601002029", "request_id": "ddcde804c0674b0baa0973b3312ee8f8", "position": {"x": 1289.9487234256549, "y": 781.9517619584997}, "channel": 15}, "attempt": 1}
2026-09-13 11:18:04,015 INFO response {"request_id": "ddcde804c0674b0baa0973b3312ee8f8", "http_status": 200, "body": {"accepted": true, "real_timestamp_ms": 1789269479956, "virtual_time_s": 2812.321363, "measure_result": "no_signal"}}
2026-09-13 11:18:04,633 INFO request {"path": "/clear", "payload": {"arena_id": "default", "robot_id": "202601002029", "request_id": "c93351d9fbcd4cf9bb871d3ebe13ba7d", "position": {"x": 1541.266144825903, "y": 307.90343852402714}, "channel": 7}, "attempt": 1}
2026-09-13 11:18:04,653 INFO response {"request_id": "c93351d9fbcd4cf9bb871d3ebe13ba7d", "http_status": 200, "body": {"accepted": true, "real_timestamp_ms": 1789269480594, "virtual_time_s": 2924.630684, "clear_result": "success"}}
2026-09-13 11:18:04,660 INFO request {"path": "/measure", "payload": {"arena_id": "default", "robot_id": "202601002029", "request_id": "982a146afc904c449bd6ce6bec264017", "position": {"x": 548.8987592315049, "y": 294.57554454674107}, "channel": 15}, "attempt": 1}
2026-09-13 11:18:04,684 INFO response {"request_id": "982a146afc904c449bd6ce6bec264017", "http_status": 200, "body": {"accepted": true, "real_timestamp_ms": 1789269480625, "virtual_time_s": 3128.12206, "measure_result": "direction", "svd_deg": 151.95}}
2026-09-13 11:18:04,688 INFO request {"path": "/clear", "payload": {"arena_id": "default", "robot_id": "202601002029", "request_id": "44f1ea09a0984f768be4d4f1ae1615e6", "position": {"x": 234.34264601070663, "y": 462.361750082261}, "channel": 15}, "attempt": 1}
2026-09-13 11:18:04,689 INFO response {"request_id": "44f1ea09a0984f768be4d4f1ae1615e6", "http_status": 200, "body": {"accepted": true, "real_timestamp_ms": 1789269480630, "virtual_time_s": 3204.423605, "clear_result": "success"}}
2026-09-13 11:18:04,698 INFO request {"path": "/measure", "payload": {"arena_id": "default", "robot_id": "202601002029", "request_id": "6e4654ec419a4765ba30f6ef09f0b31d", "position": {"x": 234.34264601070663, "y": 462.361750082261}, "channel": 5}, "attempt": 1}
2026-09-13 11:18:04,715 INFO response {"request_id": "6e4654ec419a4765ba30f6ef09f0b31d", "http_status": 200, "body": {"accepted": true, "real_timestamp_ms": 1789269480657, "virtual_time_s": 3210.423605, "measure_result": "direction", "svd_deg": 95.62}}
2026-09-13 11:18:04,720 INFO request {"path": "/clear", "payload": {"arena_id": "default", "robot_id": "202601002029", "request_id": "477486fd692f41798a3cf0470af9937d", "position": {"x": 142.7727196784003, "y": 1073.4628747047764}, "channel": 2}, "attempt": 1}
2026-09-13 11:18:04,747 INFO response {"request_id": "477486fd692f41798a3cf0470af9937d", "http_status": 200, "body": {"accepted": true, "real_timestamp_ms": 1789269480687, "virtual_time_s": 3339.008335, "clear_result": "success"}}
2026-09-13 11:18:04,749 INFO request {"path": "/clear", "payload": {"arena_id": "default", "robot_id": "202601002029", "request_id": "9d85d93b47d04780aa47c90947805f25", "position": {"x": 165.60219318373004, "y": 1162.7452661088878}, "channel": 5}, "attempt": 1}
2026-09-13 11:18:04,751 INFO response {"request_id": "9d85d93b47d04780aa47c90947805f25", "http_status": 200, "body": {"accepted": true, "real_timestamp_ms": 1789269480692, "virtual_time_s": 3362.43932, "clear_result": "success"}}
2026-09-13 11:18:04,774 INFO request {"path": "/measure", "payload": {"arena_id": "default", "robot_id": "202601002029", "request_id": "aa6d21c4fb4843f6bb99a2c147bbf1f8", "position": {"x": 165.60219318373004, "y": 1162.7452661088878}, "channel": 10}, "attempt": 1}
2026-09-13 11:18:04,794 INFO response {"request_id": "aa6d21c4fb4843f6bb99a2c147bbf1f8", "http_status": 200, "body": {"accepted": true, "real_timestamp_ms": 1789269480735, "virtual_time_s": 3368.43932, "measure_result": "direction", "svd_deg": 61.76}}
2026-09-13 11:18:05,583 INFO request {"path": "/measure", "payload": {"arena_id": "default", "robot_id": "202601002029", "request_id": "8afd061aeabe43e6b59d2bf34ab5045d", "position": {"x": 153.31700747762906, "y": 1562.5565643636603}, "channel": 10}, "attempt": 1}
2026-09-13 11:18:05,605 INFO response {"request_id": "8afd061aeabe43e6b59d2bf34ab5045d", "http_status": 200, "body": {"accepted": true, "real_timestamp_ms": 1789269481546, "virtual_time_s": 3453.43932, "measure_result": "direction", "svd_deg": 24.43}}
2026-09-13 11:18:05,612 INFO request {"path": "/clear", "payload": {"arena_id": "default", "robot_id": "202601002029", "request_id": "45d72c6c753d4a24bb95f2e0eb392172", "position": {"x": 445.68634017929224, "y": 1695.646342608608}, "channel": 10}, "attempt": 1}
2026-09-13 11:18:05,636 INFO response {"request_id": "45d72c6c753d4a24bb95f2e0eb392172", "http_status": 200, "body": {"accepted": true, "real_timestamp_ms": 1789269481577, "virtual_time_s": 3522.686566, "clear_result": "success"}}
2026-09-13 11:18:05,654 INFO request {"path": "/measure", "payload": {"arena_id": "default", "robot_id": "202601002029", "request_id": "981b896facf047058e6f2fd9a0061a4c", "position": {"x": 445.68634017929224, "y": 1695.646342608608}, "channel": 9}, "attempt": 1}
2026-09-13 11:18:05,668 INFO response {"request_id": "981b896facf047058e6f2fd9a0061a4c", "http_status": 200, "body": {"accepted": true, "real_timestamp_ms": 1789269481608, "virtual_time_s": 3528.686566, "measure_result": "direction", "svd_deg": 182.94}}
2026-09-13 11:18:06,410 INFO request {"path": "/measure", "payload": {"arena_id": "default", "robot_id": "202601002029", "request_id": "225712ba62b64b3a82f6a0efd05464bb", "position": {"x": -479.6802793708096, "y": 2048.8563180085384}, "channel": 9}, "attempt": 1}
2026-09-13 11:18:06,433 INFO response {"request_id": "225712ba62b64b3a82f6a0efd05464bb", "http_status": 200, "body": {"accepted": true, "real_timestamp_ms": 1789269482374, "virtual_time_s": 3731.783579, "measure_result": "direction", "svd_deg": 272.0}}
2026-09-13 11:18:06,438 INFO request {"path": "/clear", "payload": {"arena_id": "default", "robot_id": "202601002029", "request_id": "ad349f2643cc47df900dd32e7b126de9", "position": {"x": -466.2388512656799, "y": 1648.5836389771896}, "channel": 9}, "attempt": 1}
2026-09-13 11:18:06,465 INFO response {"request_id": "ad349f2643cc47df900dd32e7b126de9", "http_status": 200, "body": {"accepted": true, "real_timestamp_ms": 1789269482405, "virtual_time_s": 3816.883239, "clear_result": "success"}}
2026-09-13 11:18:06,465 INFO request {"path": "/exit", "payload": {"arena_id": "default", "robot_id": "202601002029", "request_id": "94069dd5c8394e18bd8ee68d7e542b7f"}, "attempt": 1}
2026-09-13 11:18:06,468 INFO response {"request_id": "94069dd5c8394e18bd8ee68d7e542b7f", "http_status": 200, "body": {"accepted": true, "real_timestamp_ms": 1789269482408, "virtual_time_s": 3816.883239, "exit_reason": "user_exit"}}
