2026-09-12 14:07:37,149 INFO request {"path": "/enter", "payload": {"arena_id": "default", "robot_id": "202601002029", "request_id": "0ecb964f25f8460884866d624a9c7b64"}, "attempt": 1}
2026-09-12 14:07:37,153 INFO response {"request_id": "0ecb964f25f8460884866d624a9c7b64", "http_status": 200, "body": {"accepted": true, "real_timestamp_ms": 1789193253792, "virtual_time_s": 0, "max_virtual_duration_s": 360000, "max_real_duration_s": 1200, "remaining_real_duration_s": 1200}}
2026-09-12 14:07:37,153 INFO request {"path": "/measure", "payload": {"arena_id": "default", "robot_id": "202601002029", "request_id": "beb673244a5b4da291de21de267830e0", "position": {"x": 0.0, "y": 0.0}, "channel": 1}, "attempt": 1}
2026-09-12 14:07:37,154 INFO response {"request_id": "beb673244a5b4da291de21de267830e0", "http_status": 200, "body": {"accepted": true, "real_timestamp_ms": 1789193253793, "virtual_time_s": 5, "measure_result": "no_signal"}}
2026-09-12 14:07:37,154 INFO request {"path": "/measure", "payload": {"arena_id": "default", "robot_id": "202601002029", "request_id": "c9a567f187e44fe691ccdf599d1d7466", "position": {"x": 0.0, "y": 0.0}, "channel": 2}, "attempt": 1}
2026-09-12 14:07:37,155 INFO response {"request_id": "c9a567f187e44fe691ccdf599d1d7466", "http_status": 200, "body": {"accepted": true, "real_timestamp_ms": 1789193253795, "virtual_time_s": 11, "measure_result": "no_signal"}}
2026-09-12 14:07:37,155 INFO request {"path": "/measure", "payload": {"arena_id": "default", "robot_id": "202601002029", "request_id": "5b79b4423dc04f66933af7589d6b09f2", "position": {"x": 0.0, "y": 0.0}, "channel": 3}, "attempt": 1}
2026-09-12 14:07:37,157 INFO response {"request_id": "5b79b4423dc04f66933af7589d6b09f2", "http_status": 200, "body": {"accepted": true, "real_timestamp_ms": 1789193253796, "virtual_time_s": 17, "measure_result": "no_signal"}}
2026-09-12 14:07:37,157 INFO request {"path": "/measure", "payload": {"arena_id": "default", "robot_id": "202601002029", "request_id": "1a9998da259c4e7b8a291c108103d176", "position": {"x": 0.0, "y": 0.0}, "channel": 4}, "attempt": 1}
2026-09-12 14:07:37,158 INFO response {"request_id": "1a9998da259c4e7b8a291c108103d176", "http_status": 200, "body": {"accepted": true, "real_timestamp_ms": 1789193253797, "virtual_time_s": 23, "measure_result": "direction", "svd_deg": 129.96}}
2026-09-12 14:07:37,162 INFO request {"path": "/measure", "payload": {"arena_id": "default", "robot_id": "202601002029", "request_id": "53a1e26c35e44522a4f7b5850109df79", "position": {"x": 0.0, "y": 0.0}, "channel": 5}, "attempt": 1}
2026-09-12 14:07:37,164 INFO response {"request_id": "53a1e26c35e44522a4f7b5850109df79", "http_status": 200, "body": {"accepted": true, "real_timestamp_ms": 1789193253803, "virtual_time_s": 29, "measure_result": "direction", "svd_deg": 254.62}}
2026-09-12 14:07:37,166 INFO request {"path": "/measure", "payload": {"arena_id": "default", "robot_id": "202601002029", "request_id": "2e45d151b2d8454fb46ce069daa6d352", "position": {"x": 0.0, "y": 0.0}, "channel": 6}, "attempt": 1}
2026-09-12 14:07:37,167 INFO response {"request_id": "2e45d151b2d8454fb46ce069daa6d352", "http_status": 200, "body": {"accepted": true, "real_timestamp_ms": 1789193253806, "virtual_time_s": 35, "measure_result": "no_signal"}}
2026-09-12 14:07:37,167 INFO request {"path": "/measure", "payload": {"arena_id": "default", "robot_id": "202601002029", "request_id": "37845645d8db4d28b648fe7025c211ad", "position": {"x": 0.0, "y": 0.0}, "channel": 7}, "attempt": 1}
2026-09-12 14:07:37,168 INFO response {"request_id": "37845645d8db4d28b648fe7025c211ad", "http_status": 200, "body": {"accepted": true, "real_timestamp_ms": 1789193253808, "virtual_time_s": 41, "measure_result": "no_signal"}}
2026-09-12 14:07:37,168 INFO request {"path": "/measure", "payload": {"arena_id": "default", "robot_id": "202601002029", "request_id": "2523e2714aa44275bc92d91c2c789fec", "position": {"x": 0.0, "y": 0.0}, "channel": 8}, "attempt": 1}
2026-09-12 14:07:37,169 INFO response {"request_id": "2523e2714aa44275bc92d91c2c789fec", "http_status": 200, "body": {"accepted": true, "real_timestamp_ms": 1789193253808, "virtual_time_s": 47, "measure_result": "direction", "svd_deg": 204.39}}
2026-09-12 14:07:37,170 INFO request {"path": "/measure", "payload": {"arena_id": "default", "robot_id": "202601002029", "request_id": "0f702bfa97c44a10b35c1eb02b7f33b2", "position": {"x": 0.0, "y": 0.0}, "channel": 9}, "attempt": 1}
2026-09-12 14:07:37,185 INFO response {"request_id": "0f702bfa97c44a10b35c1eb02b7f33b2", "http_status": 200, "body": {"accepted": true, "real_timestamp_ms": 1789193253825, "virtual_time_s": 53, "measure_result": "direction", "svd_deg": 26.17}}
2026-09-12 14:07:37,188 INFO request {"path": "/measure", "payload": {"arena_id": "default", "robot_id": "202601002029", "request_id": "2d8ff0406b084b57b58397f71843eb66", "position": {"x": 0.0, "y": 0.0}, "channel": 10}, "attempt": 1}
2026-09-12 14:07:37,206 INFO response {"request_id": "2d8ff0406b084b57b58397f71843eb66", "http_status": 200, "body": {"accepted": true, "real_timestamp_ms": 1789193253844, "virtual_time_s": 59, "measure_result": "no_signal"}}
2026-09-12 14:07:37,206 INFO request {"path": "/measure", "payload": {"arena_id": "default", "robot_id": "202601002029", "request_id": "5431711e124341628de4718e02153dd7", "position": {"x": 0.0, "y": 0.0}, "channel": 11}, "attempt": 1}
2026-09-12 14:07:37,225 INFO response {"request_id": "5431711e124341628de4718e02153dd7", "http_status": 200, "body": {"accepted": true, "real_timestamp_ms": 1789193253864, "virtual_time_s": 65, "measure_result": "no_signal"}}
2026-09-12 14:07:37,225 INFO request {"path": "/measure", "payload": {"arena_id": "default", "robot_id": "202601002029", "request_id": "9b6e3cc1c4ad4270b0a67c8c420043b1", "position": {"x": 0.0, "y": 0.0}, "channel": 12}, "attempt": 1}
2026-09-12 14:07:37,244 INFO response {"request_id": "9b6e3cc1c4ad4270b0a67c8c420043b1", "http_status": 200, "body": {"accepted": true, "real_timestamp_ms": 1789193253883, "virtual_time_s": 71, "measure_result": "no_signal"}}
2026-09-12 14:07:37,244 INFO request {"path": "/measure", "payload": {"arena_id": "default", "robot_id": "202601002029", "request_id": "d695d063cef448b68453dc460b1cf234", "position": {"x": 0.0, "y": 0.0}, "channel": 13}, "attempt": 1}
2026-09-12 14:07:37,263 INFO response {"request_id": "d695d063cef448b68453dc460b1cf234", "http_status": 200, "body": {"accepted": true, "real_timestamp_ms": 1789193253902, "virtual_time_s": 77, "measure_result": "no_signal"}}
2026-09-12 14:07:37,263 INFO request {"path": "/measure", "payload": {"arena_id": "default", "robot_id": "202601002029", "request_id": "713dfd46d8bc4cd4bd7d30e5db8f27fd", "position": {"x": 0.0, "y": 0.0}, "channel": 14}, "attempt": 1}
2026-09-12 14:07:37,283 INFO response {"request_id": "713dfd46d8bc4cd4bd7d30e5db8f27fd", "http_status": 200, "body": {"accepted": true, "real_timestamp_ms": 1789193253922, "virtual_time_s": 83, "measure_result": "direction", "svd_deg": 241.68}}
2026-09-12 14:07:37,286 INFO request {"path": "/measure", "payload": {"arena_id": "default", "robot_id": "202601002029", "request_id": "e903519418d7417f8190de50a6890bbe", "position": {"x": 0.0, "y": 0.0}, "channel": 15}, "attempt": 1}
2026-09-12 14:07:37,287 INFO response {"request_id": "e903519418d7417f8190de50a6890bbe", "http_status": 200, "body": {"accepted": true, "real_timestamp_ms": 1789193253926, "virtual_time_s": 89, "measure_result": "no_signal"}}
2026-09-12 14:07:37,287 INFO request {"path": "/measure", "payload": {"arena_id": "default", "robot_id": "202601002029", "request_id": "9c1498ca081f490cb50784107595a90f", "position": {"x": 0.0, "y": 0.0}, "channel": 16}, "attempt": 1}
2026-09-12 14:07:37,288 INFO response {"request_id": "9c1498ca081f490cb50784107595a90f", "http_status": 200, "body": {"accepted": true, "real_timestamp_ms": 1789193253928, "virtual_time_s": 95, "measure_result": "no_signal"}}
2026-09-12 14:07:37,289 INFO request {"path": "/measure", "payload": {"arena_id": "default", "robot_id": "202601002029", "request_id": "838791396b6442a5a167038d3b5c8ce8", "position": {"x": 0.0, "y": 0.0}, "channel": 17}, "attempt": 1}
2026-09-12 14:07:37,289 INFO response {"request_id": "838791396b6442a5a167038d3b5c8ce8", "http_status": 200, "body": {"accepted": true, "real_timestamp_ms": 1789193253929, "virtual_time_s": 101, "measure_result": "no_signal"}}
2026-09-12 14:07:37,289 INFO request {"path": "/measure", "payload": {"arena_id": "default", "robot_id": "202601002029", "request_id": "dcfe856db9794d4e93c69970b39b9c02", "position": {"x": 0.0, "y": 0.0}, "channel": 18}, "attempt": 1}
2026-09-12 14:07:37,290 INFO response {"request_id": "dcfe856db9794d4e93c69970b39b9c02", "http_status": 200, "body": {"accepted": true, "real_timestamp_ms": 1789193253930, "virtual_time_s": 107, "measure_result": "no_signal"}}
2026-09-12 14:07:37,290 INFO request {"path": "/measure", "payload": {"arena_id": "default", "robot_id": "202601002029", "request_id": "710e6c2115c9459c8754699c0ea46190", "position": {"x": 0.0, "y": 0.0}, "channel": 19}, "attempt": 1}
2026-09-12 14:07:37,303 INFO response {"request_id": "710e6c2115c9459c8754699c0ea46190", "http_status": 200, "body": {"accepted": true, "real_timestamp_ms": 1789193253942, "virtual_time_s": 113, "measure_result": "direction", "svd_deg": 283.8}}
2026-09-12 14:07:37,305 INFO request {"path": "/measure", "payload": {"arena_id": "default", "robot_id": "202601002029", "request_id": "b6b7b706c1384a6e954f81198d85fab3", "position": {"x": 0.0, "y": 0.0}, "channel": 20}, "attempt": 1}
2026-09-12 14:07:37,322 INFO response {"request_id": "b6b7b706c1384a6e954f81198d85fab3", "http_status": 200, "body": {"accepted": true, "real_timestamp_ms": 1789193253962, "virtual_time_s": 119, "measure_result": "direction", "svd_deg": 274.6}}
2026-09-12 14:07:37,325 INFO request {"path": "/measure", "payload": {"arena_id": "default", "robot_id": "202601002029", "request_id": "7dea4fe69cd74f8ab334b0d3291815ee", "position": {"x": 1200.0, "y": 0.0}, "channel": 1}, "attempt": 1}
2026-09-12 14:07:37,327 INFO response {"request_id": "7dea4fe69cd74f8ab334b0d3291815ee", "http_status": 200, "body": {"accepted": true, "real_timestamp_ms": 1789193253966, "virtual_time_s": 365, "measure_result": "direction", "svd_deg": 296.73}}
2026-09-12 14:07:37,329 INFO request {"path": "/measure", "payload": {"arena_id": "default", "robot_id": "202601002029", "request_id": "e3c9ba5c2d69405c8d9c6482245a6f7d", "position": {"x": 1200.0, "y": 0.0}, "channel": 2}, "attempt": 1}
2026-09-12 14:07:37,330 INFO response {"request_id": "e3c9ba5c2d69405c8d9c6482245a6f7d", "http_status": 200, "body": {"accepted": true, "real_timestamp_ms": 1789193253970, "virtual_time_s": 371, "measure_result": "no_signal"}}
2026-09-12 14:07:37,331 INFO request {"path": "/measure", "payload": {"arena_id": "default", "robot_id": "202601002029", "request_id": "b83267b48cc44bb2aea6a5d94d2c6b44", "position": {"x": 1200.0, "y": 0.0}, "channel": 3}, "attempt": 1}
2026-09-12 14:07:37,342 INFO response {"request_id": "b83267b48cc44bb2aea6a5d94d2c6b44", "http_status": 200, "body": {"accepted": true, "real_timestamp_ms": 1789193253981, "virtual_time_s": 377, "measure_result": "no_signal"}}
2026-09-12 14:07:37,342 INFO request {"path": "/measure", "payload": {"arena_id": "default", "robot_id": "202601002029", "request_id": "b28e3a49a69441b196c78468a2356a57", "position": {"x": 1200.0, "y": 0.0}, "channel": 6}, "attempt": 1}
2026-09-12 14:07:37,362 INFO response {"request_id": "b28e3a49a69441b196c78468a2356a57", "http_status": 200, "body": {"accepted": true, "real_timestamp_ms": 1789193254001, "virtual_time_s": 383, "measure_result": "no_signal"}}
2026-09-12 14:07:37,362 INFO request {"path": "/measure", "payload": {"arena_id": "default", "robot_id": "202601002029", "request_id": "0691782bc0604a7cbaa9db3f981cce1b", "position": {"x": 1200.0, "y": 0.0}, "channel": 7}, "attempt": 1}
2026-09-12 14:07:37,365 INFO response {"request_id": "0691782bc0604a7cbaa9db3f981cce1b", "http_status": 200, "body": {"accepted": true, "real_timestamp_ms": 1789193254003, "virtual_time_s": 389, "measure_result": "no_signal"}}
2026-09-12 14:07:37,365 INFO request {"path": "/measure", "payload": {"arena_id": "default", "robot_id": "202601002029", "request_id": "70fa316e7dc44a809033e2f1562c2261", "position": {"x": 1200.0, "y": 0.0}, "channel": 10}, "attempt": 1}
2026-09-12 14:07:37,382 INFO response {"request_id": "70fa316e7dc44a809033e2f1562c2261", "http_status": 200, "body": {"accepted": true, "real_timestamp_ms": 1789193254020, "virtual_time_s": 395, "measure_result": "no_signal"}}
2026-09-12 14:07:37,382 INFO request {"path": "/measure", "payload": {"arena_id": "default", "robot_id": "202601002029", "request_id": "525ee3652211460ab1ba030271120578", "position": {"x": 1200.0, "y": 0.0}, "channel": 11}, "attempt": 1}
2026-09-12 14:07:37,401 INFO response {"request_id": "525ee3652211460ab1ba030271120578", "http_status": 200, "body": {"accepted": true, "real_timestamp_ms": 1789193254039, "virtual_time_s": 401, "measure_result": "direction", "svd_deg": 54.82}}
2026-09-12 14:07:37,406 INFO request {"path": "/measure", "payload": {"arena_id": "default", "robot_id": "202601002029", "request_id": "e4633d34601f4c62b278745b5cfd6606", "position": {"x": 1200.0, "y": 0.0}, "channel": 12}, "attempt": 1}
2026-09-12 14:07:37,410 INFO response {"request_id": "e4633d34601f4c62b278745b5cfd6606", "http_status": 200, "body": {"accepted": true, "real_timestamp_ms": 1789193254049, "virtual_time_s": 407, "measure_result": "no_signal"}}
2026-09-12 14:07:37,411 INFO request {"path": "/measure", "payload": {"arena_id": "default", "robot_id": "202601002029", "request_id": "344222da3bfb43b1953fd340c0c3710f", "position": {"x": 1200.0, "y": 0.0}, "channel": 13}, "attempt": 1}
2026-09-12 14:07:37,412 INFO response {"request_id": "344222da3bfb43b1953fd340c0c3710f", "http_status": 200, "body": {"accepted": true, "real_timestamp_ms": 1789193254052, "virtual_time_s": 413, "measure_result": "no_signal"}}
2026-09-12 14:07:37,413 INFO request {"path": "/measure", "payload": {"arena_id": "default", "robot_id": "202601002029", "request_id": "14a080e822bc4679aa30cbaffd67b381", "position": {"x": 1200.0, "y": 0.0}, "channel": 15}, "attempt": 1}
2026-09-12 14:07:37,431 INFO response {"request_id": "14a080e822bc4679aa30cbaffd67b381", "http_status": 200, "body": {"accepted": true, "real_timestamp_ms": 1789193254069, "virtual_time_s": 419, "measure_result": "no_signal"}}
2026-09-12 14:07:37,431 INFO request {"path": "/measure", "payload": {"arena_id": "default", "robot_id": "202601002029", "request_id": "301c3b5c2daf4d24b9638a3942fa577e", "position": {"x": 1200.0, "y": 0.0}, "channel": 16}, "attempt": 1}
2026-09-12 14:07:37,433 INFO response {"request_id": "301c3b5c2daf4d24b9638a3942fa577e", "http_status": 200, "body": {"accepted": true, "real_timestamp_ms": 1789193254072, "virtual_time_s": 425, "measure_result": "no_signal"}}
2026-09-12 14:07:37,434 INFO request {"path": "/measure", "payload": {"arena_id": "default", "robot_id": "202601002029", "request_id": "1ef3b16bd6e24c3d91b9e24412775be1", "position": {"x": 1200.0, "y": 0.0}, "channel": 17}, "attempt": 1}
2026-09-12 14:07:37,435 INFO response {"request_id": "1ef3b16bd6e24c3d91b9e24412775be1", "http_status": 200, "body": {"accepted": true, "real_timestamp_ms": 1789193254074, "virtual_time_s": 431, "measure_result": "no_signal"}}
2026-09-12 14:07:37,436 INFO request {"path": "/measure", "payload": {"arena_id": "default", "robot_id": "202601002029", "request_id": "6c587216c3b44dafa5d0367c31ba2c1f", "position": {"x": 1200.0, "y": 0.0}, "channel": 18}, "attempt": 1}
2026-09-12 14:07:37,449 INFO response {"request_id": "6c587216c3b44dafa5d0367c31ba2c1f", "http_status": 200, "body": {"accepted": true, "real_timestamp_ms": 1789193254088, "virtual_time_s": 437, "measure_result": "no_signal"}}
2026-09-12 14:07:37,469 INFO request {"path": "/measure", "payload": {"arena_id": "default", "robot_id": "202601002029", "request_id": "2eae7df0c2ef4ceda6c05037cbb6b7d3", "position": {"x": 1200.0, "y": 0.0}, "channel": 9}, "attempt": 1}
2026-09-12 14:07:37,490 INFO response {"request_id": "2eae7df0c2ef4ceda6c05037cbb6b7d3", "http_status": 200, "body": {"accepted": true, "real_timestamp_ms": 1789193254128, "virtual_time_s": 443, "measure_result": "direction", "svd_deg": 96.22}}
2026-09-12 14:07:37,496 INFO request {"path": "/measure", "payload": {"arena_id": "default", "robot_id": "202601002029", "request_id": "0400b4ba35394e5195d6c1a242580e5c", "position": {"x": 600.0000000000001, "y": 1039.2304845413264}, "channel": 2}, "attempt": 1}
2026-09-12 14:07:37,509 INFO response {"request_id": "0400b4ba35394e5195d6c1a242580e5c", "http_status": 200, "body": {"accepted": true, "real_timestamp_ms": 1789193254147, "virtual_time_s": 689, "measure_result": "no_signal"}}
2026-09-12 14:07:37,510 INFO request {"path": "/measure", "payload": {"arena_id": "default", "robot_id": "202601002029", "request_id": "666c5265ee0a48efafb9408c434e6d59", "position": {"x": 600.0000000000001, "y": 1039.2304845413264}, "channel": 3}, "attempt": 1}
2026-09-12 14:07:37,512 INFO response {"request_id": "666c5265ee0a48efafb9408c434e6d59", "http_status": 200, "body": {"accepted": true, "real_timestamp_ms": 1789193254151, "virtual_time_s": 695, "measure_result": "no_signal"}}
2026-09-12 14:07:37,513 INFO request {"path": "/measure", "payload": {"arena_id": "default", "robot_id": "202601002029", "request_id": "5d736f633c5e4a2a9acd7f010f743659", "position": {"x": 600.0000000000001, "y": 1039.2304845413264}, "channel": 6}, "attempt": 1}
2026-09-12 14:07:37,515 INFO response {"request_id": "5d736f633c5e4a2a9acd7f010f743659", "http_status": 200, "body": {"accepted": true, "real_timestamp_ms": 1789193254153, "virtual_time_s": 701, "measure_result": "no_signal"}}
2026-09-12 14:07:37,515 INFO request {"path": "/measure", "payload": {"arena_id": "default", "robot_id": "202601002029", "request_id": "87a64613c5614eee8c38582a16e58ce5", "position": {"x": 600.0000000000001, "y": 1039.2304845413264}, "channel": 7}, "attempt": 1}
2026-09-12 14:07:37,529 INFO response {"request_id": "87a64613c5614eee8c38582a16e58ce5", "http_status": 200, "body": {"accepted": true, "real_timestamp_ms": 1789193254168, "virtual_time_s": 707, "measure_result": "no_signal"}}
2026-09-12 14:07:37,530 INFO request {"path": "/measure", "payload": {"arena_id": "default", "robot_id": "202601002029", "request_id": "38c1c45c05394bf081acd33aa4a98dc3", "position": {"x": 600.0000000000001, "y": 1039.2304845413264}, "channel": 10}, "attempt": 1}
2026-09-12 14:07:37,547 INFO response {"request_id": "38c1c45c05394bf081acd33aa4a98dc3", "http_status": 200, "body": {"accepted": true, "real_timestamp_ms": 1789193254186, "virtual_time_s": 713, "measure_result": "no_signal"}}
2026-09-12 14:07:37,548 INFO request {"path": "/measure", "payload": {"arena_id": "default", "robot_id": "202601002029", "request_id": "3b27b932cffe4536aaf2b2cc2d57bbd7", "position": {"x": 600.0000000000001, "y": 1039.2304845413264}, "channel": 12}, "attempt": 1}
2026-09-12 14:07:37,567 INFO response {"request_id": "3b27b932cffe4536aaf2b2cc2d57bbd7", "http_status": 200, "body": {"accepted": true, "real_timestamp_ms": 1789193254206, "virtual_time_s": 719, "measure_result": "no_signal"}}
2026-09-12 14:07:37,567 INFO request {"path": "/measure", "payload": {"arena_id": "default", "robot_id": "202601002029", "request_id": "1bd7a44f4e2740a6971206440ab140ad", "position": {"x": 600.0000000000001, "y": 1039.2304845413264}, "channel": 13}, "attempt": 1}
2026-09-12 14:07:37,568 INFO response {"request_id": "1bd7a44f4e2740a6971206440ab140ad", "http_status": 200, "body": {"accepted": true, "real_timestamp_ms": 1789193254208, "virtual_time_s": 725, "measure_result": "no_signal"}}
2026-09-12 14:07:37,568 INFO request {"path": "/measure", "payload": {"arena_id": "default", "robot_id": "202601002029", "request_id": "0fedde44d83c44b080297b426d1dee90", "position": {"x": 600.0000000000001, "y": 1039.2304845413264}, "channel": 15}, "attempt": 1}
2026-09-12 14:07:37,569 INFO response {"request_id": "0fedde44d83c44b080297b426d1dee90", "http_status": 200, "body": {"accepted": true, "real_timestamp_ms": 1789193254209, "virtual_time_s": 731, "measure_result": "no_signal"}}
2026-09-12 14:07:37,570 INFO request {"path": "/measure", "payload": {"arena_id": "default", "robot_id": "202601002029", "request_id": "d7f5b00932b34508b3faf3fcf9806d5c", "position": {"x": 600.0000000000001, "y": 1039.2304845413264}, "channel": 16}, "attempt": 1}
2026-09-12 14:07:37,585 INFO response {"request_id": "d7f5b00932b34508b3faf3fcf9806d5c", "http_status": 200, "body": {"accepted": true, "real_timestamp_ms": 1789193254225, "virtual_time_s": 737, "measure_result": "no_signal"}}
2026-09-12 14:07:37,586 INFO request {"path": "/measure", "payload": {"arena_id": "default", "robot_id": "202601002029", "request_id": "9b863c3884144d9eabccdff1993f8945", "position": {"x": 600.0000000000001, "y": 1039.2304845413264}, "channel": 17}, "attempt": 1}
2026-09-12 14:07:37,607 INFO response {"request_id": "9b863c3884144d9eabccdff1993f8945", "http_status": 200, "body": {"accepted": true, "real_timestamp_ms": 1789193254245, "virtual_time_s": 743, "measure_result": "no_signal"}}
2026-09-12 14:07:37,607 INFO request {"path": "/measure", "payload": {"arena_id": "default", "robot_id": "202601002029", "request_id": "f1be8846d2994d44a909f4b867ca4c13", "position": {"x": 600.0000000000001, "y": 1039.2304845413264}, "channel": 18}, "attempt": 1}
2026-09-12 14:07:37,608 INFO response {"request_id": "f1be8846d2994d44a909f4b867ca4c13", "http_status": 200, "body": {"accepted": true, "real_timestamp_ms": 1789193254247, "virtual_time_s": 749, "measure_result": "no_signal"}}
2026-09-12 14:07:37,630 INFO request {"path": "/measure", "payload": {"arena_id": "default", "robot_id": "202601002029", "request_id": "b3ea0386b5f64bd180dfd0d1fbd40f02", "position": {"x": 600.0000000000001, "y": 1039.2304845413264}, "channel": 11}, "attempt": 1}
2026-09-12 14:07:37,631 INFO response {"request_id": "b3ea0386b5f64bd180dfd0d1fbd40f02", "http_status": 200, "body": {"accepted": true, "real_timestamp_ms": 1789193254270, "virtual_time_s": 755, "measure_result": "direction", "svd_deg": 318.52}}
2026-09-12 14:07:37,643 INFO request {"path": "/measure", "payload": {"arena_id": "default", "robot_id": "202601002029", "request_id": "5d8edfcdf2b24f23b541534208d9f9ee", "position": {"x": 600.0000000000001, "y": 1039.2304845413264}, "channel": 9}, "attempt": 1}
2026-09-12 14:07:37,654 INFO response {"request_id": "5d8edfcdf2b24f23b541534208d9f9ee", "http_status": 200, "body": {"accepted": true, "real_timestamp_ms": 1789193254293, "virtual_time_s": 761, "measure_result": "direction", "svd_deg": 317.8}}
2026-09-12 14:07:37,657 INFO request {"path": "/measure", "payload": {"arena_id": "default", "robot_id": "202601002029", "request_id": "b602a80c26ef46a29255c21b8c81dfbf", "position": {"x": -599.9999999999998, "y": 1039.2304845413264}, "channel": 2}, "attempt": 1}
2026-09-12 14:07:37,659 INFO response {"request_id": "b602a80c26ef46a29255c21b8c81dfbf", "http_status": 200, "body": {"accepted": true, "real_timestamp_ms": 1789193254298, "virtual_time_s": 1007, "measure_result": "direction", "svd_deg": 217.95}}
2026-09-12 14:07:37,660 INFO request {"path": "/measure", "payload": {"arena_id": "default", "robot_id": "202601002029", "request_id": "a7b3db9636c4457cb9c559d455ae9da3", "position": {"x": -599.9999999999998, "y": 1039.2304845413264}, "channel": 3}, "attempt": 1}
2026-09-12 14:07:37,661 INFO response {"request_id": "a7b3db9636c4457cb9c559d455ae9da3", "http_status": 200, "body": {"accepted": true, "real_timestamp_ms": 1789193254301, "virtual_time_s": 1013, "measure_result": "no_signal"}}
2026-09-12 14:07:37,662 INFO request {"path": "/measure", "payload": {"arena_id": "default", "robot_id": "202601002029", "request_id": "dc0a462506de48afb634523c3e52ba7e", "position": {"x": -599.9999999999998, "y": 1039.2304845413264}, "channel": 6}, "attempt": 1}
2026-09-12 14:07:37,674 INFO response {"request_id": "dc0a462506de48afb634523c3e52ba7e", "http_status": 200, "body": {"accepted": true, "real_timestamp_ms": 1789193254313, "virtual_time_s": 1019, "measure_result": "no_signal"}}
2026-09-12 14:07:37,674 INFO request {"path": "/measure", "payload": {"arena_id": "default", "robot_id": "202601002029", "request_id": "ea58f9cc3fa54bd4930932d34f49f83e", "position": {"x": -599.9999999999998, "y": 1039.2304845413264}, "channel": 7}, "attempt": 1}
2026-09-12 14:07:37,694 INFO response {"request_id": "ea58f9cc3fa54bd4930932d34f49f83e", "http_status": 200, "body": {"accepted": true, "real_timestamp_ms": 1789193254333, "virtual_time_s": 1025, "measure_result": "no_signal"}}
2026-09-12 14:07:37,694 INFO request {"path": "/measure", "payload": {"arena_id": "default", "robot_id": "202601002029", "request_id": "152385420afd41ada25bfacdd0cfa8fc", "position": {"x": -599.9999999999998, "y": 1039.2304845413264}, "channel": 10}, "attempt": 1}
2026-09-12 14:07:37,695 INFO response {"request_id": "152385420afd41ada25bfacdd0cfa8fc", "http_status": 200, "body": {"accepted": true, "real_timestamp_ms": 1789193254335, "virtual_time_s": 1031, "measure_result": "no_signal"}}
2026-09-12 14:07:37,696 INFO request {"path": "/measure", "payload": {"arena_id": "default", "robot_id": "202601002029", "request_id": "574de06a49684ac79ea6b1ca384d387d", "position": {"x": -599.9999999999998, "y": 1039.2304845413264}, "channel": 12}, "attempt": 1}
2026-09-12 14:07:37,696 INFO response {"request_id": "574de06a49684ac79ea6b1ca384d387d", "http_status": 200, "body": {"accepted": true, "real_timestamp_ms": 1789193254336, "virtual_time_s": 1037, "measure_result": "no_signal"}}
2026-09-12 14:07:37,697 INFO request {"path": "/measure", "payload": {"arena_id": "default", "robot_id": "202601002029", "request_id": "65a21b9f83d94cfc9fa62928291a97d9", "position": {"x": -599.9999999999998, "y": 1039.2304845413264}, "channel": 13}, "attempt": 1}
2026-09-12 14:07:37,697 INFO response {"request_id": "65a21b9f83d94cfc9fa62928291a97d9", "http_status": 200, "body": {"accepted": true, "real_timestamp_ms": 1789193254337, "virtual_time_s": 1043, "measure_result": "no_signal"}}
2026-09-12 14:07:37,698 INFO request {"path": "/measure", "payload": {"arena_id": "default", "robot_id": "202601002029", "request_id": "0dc8f967bd2a42f0abd663bf027f6603", "position": {"x": -599.9999999999998, "y": 1039.2304845413264}, "channel": 15}, "attempt": 1}
2026-09-12 14:07:37,715 INFO response {"request_id": "0dc8f967bd2a42f0abd663bf027f6603", "http_status": 200, "body": {"accepted": true, "real_timestamp_ms": 1789193254354, "virtual_time_s": 1049, "measure_result": "no_signal"}}
2026-09-12 14:07:37,715 INFO request {"path": "/measure", "payload": {"arena_id": "default", "robot_id": "202601002029", "request_id": "e12cd83312f04f0fb48dae9653f05e60", "position": {"x": -599.9999999999998, "y": 1039.2304845413264}, "channel": 16}, "attempt": 1}
2026-09-12 14:07:37,717 INFO response {"request_id": "e12cd83312f04f0fb48dae9653f05e60", "http_status": 200, "body": {"accepted": true, "real_timestamp_ms": 1789193254356, "virtual_time_s": 1055, "measure_result": "no_signal"}}
2026-09-12 14:07:37,717 INFO request {"path": "/measure", "payload": {"arena_id": "default", "robot_id": "202601002029", "request_id": "1e96767e6daa4d259e2fb24845f2e130", "position": {"x": -599.9999999999998, "y": 1039.2304845413264}, "channel": 17}, "attempt": 1}
2026-09-12 14:07:37,719 INFO response {"request_id": "1e96767e6daa4d259e2fb24845f2e130", "http_status": 200, "body": {"accepted": true, "real_timestamp_ms": 1789193254358, "virtual_time_s": 1061, "measure_result": "no_signal"}}
2026-09-12 14:07:37,719 INFO request {"path": "/measure", "payload": {"arena_id": "default", "robot_id": "202601002029", "request_id": "59363ab493594b62bd2894945a339055", "position": {"x": -599.9999999999998, "y": 1039.2304845413264}, "channel": 18}, "attempt": 1}
2026-09-12 14:07:37,734 INFO response {"request_id": "59363ab493594b62bd2894945a339055", "http_status": 200, "body": {"accepted": true, "real_timestamp_ms": 1789193254373, "virtual_time_s": 1067, "measure_result": "no_signal"}}
2026-09-12 14:07:37,753 INFO request {"path": "/measure", "payload": {"arena_id": "default", "robot_id": "202601002029", "request_id": "16649d03eb2944aaa2ac46199752eaa9", "position": {"x": -599.9999999999998, "y": 1039.2304845413264}, "channel": 4}, "attempt": 1}
2026-09-12 14:07:37,756 INFO response {"request_id": "16649d03eb2944aaa2ac46199752eaa9", "http_status": 200, "body": {"accepted": true, "real_timestamp_ms": 1789193254395, "virtual_time_s": 1073, "measure_result": "direction", "svd_deg": 208.31}}
2026-09-12 14:07:37,764 INFO request {"path": "/measure", "payload": {"arena_id": "default", "robot_id": "202601002029", "request_id": "eb7d633fc3df4a65a64946caa3682281", "position": {"x": -1200.0, "y": 1.4695761589768238e-13}, "channel": 3}, "attempt": 1}
2026-09-12 14:07:37,766 INFO response {"request_id": "eb7d633fc3df4a65a64946caa3682281", "http_status": 200, "body": {"accepted": true, "real_timestamp_ms": 1789193254405, "virtual_time_s": 1319, "measure_result": "direction", "svd_deg": 291.26}}
2026-09-12 14:07:37,771 INFO request {"path": "/measure", "payload": {"arena_id": "default", "robot_id": "202601002029", "request_id": "bae374d41f6a40038bd6935957ade8a2", "position": {"x": -1200.0, "y": 1.4695761589768238e-13}, "channel": 6}, "attempt": 1}
2026-09-12 14:07:37,792 INFO response {"request_id": "bae374d41f6a40038bd6935957ade8a2", "http_status": 200, "body": {"accepted": true, "real_timestamp_ms": 1789193254431, "virtual_time_s": 1325, "measure_result": "no_signal"}}
2026-09-12 14:07:37,793 INFO request {"path": "/measure", "payload": {"arena_id": "default", "robot_id": "202601002029", "request_id": "a53046d5f702462bbec5c983fb13d2ae", "position": {"x": -1200.0, "y": 1.4695761589768238e-13}, "channel": 7}, "attempt": 1}
2026-09-12 14:07:37,794 INFO response {"request_id": "a53046d5f702462bbec5c983fb13d2ae", "http_status": 200, "body": {"accepted": true, "real_timestamp_ms": 1789193254433, "virtual_time_s": 1331, "measure_result": "no_signal"}}
2026-09-12 14:07:37,794 INFO request {"path": "/measure", "payload": {"arena_id": "default", "robot_id": "202601002029", "request_id": "d007bc73e68445daa64c16c92a2038d2", "position": {"x": -1200.0, "y": 1.4695761589768238e-13}, "channel": 10}, "attempt": 1}
2026-09-12 14:07:37,795 INFO response {"request_id": "d007bc73e68445daa64c16c92a2038d2", "http_status": 200, "body": {"accepted": true, "real_timestamp_ms": 1789193254435, "virtual_time_s": 1337, "measure_result": "no_signal"}}
2026-09-12 14:07:37,795 INFO request {"path": "/measure", "payload": {"arena_id": "default", "robot_id": "202601002029", "request_id": "fe2404d626024333b1fc684fcaebb81c", "position": {"x": -1200.0, "y": 1.4695761589768238e-13}, "channel": 12}, "attempt": 1}
2026-09-12 14:07:37,797 INFO response {"request_id": "fe2404d626024333b1fc684fcaebb81c", "http_status": 200, "body": {"accepted": true, "real_timestamp_ms": 1789193254436, "virtual_time_s": 1343, "measure_result": "no_signal"}}
2026-09-12 14:07:37,797 INFO request {"path": "/measure", "payload": {"arena_id": "default", "robot_id": "202601002029", "request_id": "a1135e8c4fed4906a9148787dc49229f", "position": {"x": -1200.0, "y": 1.4695761589768238e-13}, "channel": 13}, "attempt": 1}
2026-09-12 14:07:37,798 INFO response {"request_id": "a1135e8c4fed4906a9148787dc49229f", "http_status": 200, "body": {"accepted": true, "real_timestamp_ms": 1789193254437, "virtual_time_s": 1349, "measure_result": "no_signal"}}
2026-09-12 14:07:37,798 INFO request {"path": "/measure", "payload": {"arena_id": "default", "robot_id": "202601002029", "request_id": "390a2982a18f4a07ab7ea4549811f60f", "position": {"x": -1200.0, "y": 1.4695761589768238e-13}, "channel": 15}, "attempt": 1}
2026-09-12 14:07:37,799 INFO response {"request_id": "390a2982a18f4a07ab7ea4549811f60f", "http_status": 200, "body": {"accepted": true, "real_timestamp_ms": 1789193254439, "virtual_time_s": 1355, "measure_result": "direction", "svd_deg": 169.43}}
2026-09-12 14:07:37,802 INFO request {"path": "/measure", "payload": {"arena_id": "default", "robot_id": "202601002029", "request_id": "a4b507d2dc8849898cbea0539fcfcd45", "position": {"x": -1200.0, "y": 1.4695761589768238e-13}, "channel": 16}, "attempt": 1}
2026-09-12 14:07:37,803 INFO response {"request_id": "a4b507d2dc8849898cbea0539fcfcd45", "http_status": 200, "body": {"accepted": true, "real_timestamp_ms": 1789193254442, "virtual_time_s": 1361, "measure_result": "no_signal"}}
2026-09-12 14:07:37,803 INFO request {"path": "/measure", "payload": {"arena_id": "default", "robot_id": "202601002029", "request_id": "88dfa685a7074c489461faa8eddf4ff8", "position": {"x": -1200.0, "y": 1.4695761589768238e-13}, "channel": 17}, "attempt": 1}
2026-09-12 14:07:37,804 INFO response {"request_id": "88dfa685a7074c489461faa8eddf4ff8", "http_status": 200, "body": {"accepted": true, "real_timestamp_ms": 1789193254443, "virtual_time_s": 1367, "measure_result": "no_signal"}}
2026-09-12 14:07:37,804 INFO request {"path": "/measure", "payload": {"arena_id": "default", "robot_id": "202601002029", "request_id": "5f4a718b342f4da59e002a7c3582ce08", "position": {"x": -1200.0, "y": 1.4695761589768238e-13}, "channel": 18}, "attempt": 1}
2026-09-12 14:07:37,805 INFO response {"request_id": "5f4a718b342f4da59e002a7c3582ce08", "http_status": 200, "body": {"accepted": true, "real_timestamp_ms": 1789193254444, "virtual_time_s": 1373, "measure_result": "no_signal"}}
2026-09-12 14:07:37,837 INFO request {"path": "/measure", "payload": {"arena_id": "default", "robot_id": "202601002029", "request_id": "4b8e49af4d36457c9a3402a78930332a", "position": {"x": -1200.0, "y": 1.4695761589768238e-13}, "channel": 8}, "attempt": 1}
2026-09-12 14:07:37,838 INFO response {"request_id": "4b8e49af4d36457c9a3402a78930332a", "http_status": 200, "body": {"accepted": true, "real_timestamp_ms": 1789193254478, "virtual_time_s": 1379, "measure_result": "direction", "svd_deg": 306.99}}
2026-09-12 14:07:37,858 INFO request {"path": "/measure", "payload": {"arena_id": "default", "robot_id": "202601002029", "request_id": "62d7433d40ef4d83b3c4c3f9cefafbcc", "position": {"x": -1200.0, "y": 1.4695761589768238e-13}, "channel": 2}, "attempt": 1}
2026-09-12 14:07:37,870 INFO response {"request_id": "62d7433d40ef4d83b3c4c3f9cefafbcc", "http_status": 200, "body": {"accepted": true, "real_timestamp_ms": 1789193254509, "virtual_time_s": 1385, "measure_result": "direction", "svd_deg": 146.18}}
2026-09-12 14:07:37,875 INFO request {"path": "/measure", "payload": {"arena_id": "default", "robot_id": "202601002029", "request_id": "06632c4b5bc14548a7e59ffc7202d800", "position": {"x": -600.0000000000006, "y": -1039.2304845413262}, "channel": 6}, "attempt": 1}
2026-09-12 14:07:37,877 INFO response {"request_id": "06632c4b5bc14548a7e59ffc7202d800", "http_status": 200, "body": {"accepted": true, "real_timestamp_ms": 1789193254516, "virtual_time_s": 1631, "measure_result": "no_signal"}}
2026-09-12 14:07:37,877 INFO request {"path": "/measure", "payload": {"arena_id": "default", "robot_id": "202601002029", "request_id": "643fc3623ce04fc78af6d4b0bb2b1d36", "position": {"x": -600.0000000000006, "y": -1039.2304845413262}, "channel": 7}, "attempt": 1}
2026-09-12 14:07:37,878 INFO response {"request_id": "643fc3623ce04fc78af6d4b0bb2b1d36", "http_status": 200, "body": {"accepted": true, "real_timestamp_ms": 1789193254518, "virtual_time_s": 1637, "measure_result": "no_signal"}}
2026-09-12 14:07:37,879 INFO request {"path": "/measure", "payload": {"arena_id": "default", "robot_id": "202601002029", "request_id": "79c209acb1b14659966470fe1bdfb7f8", "position": {"x": -600.0000000000006, "y": -1039.2304845413262}, "channel": 10}, "attempt": 1}
2026-09-12 14:07:37,899 INFO response {"request_id": "79c209acb1b14659966470fe1bdfb7f8", "http_status": 200, "body": {"accepted": true, "real_timestamp_ms": 1789193254538, "virtual_time_s": 1643, "measure_result": "no_signal"}}
2026-09-12 14:07:37,899 INFO request {"path": "/measure", "payload": {"arena_id": "default", "robot_id": "202601002029", "request_id": "403da9e508bf47cf8df2e541595635f4", "position": {"x": -600.0000000000006, "y": -1039.2304845413262}, "channel": 12}, "attempt": 1}
2026-09-12 14:07:37,901 INFO response {"request_id": "403da9e508bf47cf8df2e541595635f4", "http_status": 200, "body": {"accepted": true, "real_timestamp_ms": 1789193254540, "virtual_time_s": 1649, "measure_result": "no_signal"}}
2026-09-12 14:07:37,902 INFO request {"path": "/measure", "payload": {"arena_id": "default", "robot_id": "202601002029", "request_id": "0a6ce37ea2924c92a62771774de0222d", "position": {"x": -600.0000000000006, "y": -1039.2304845413262}, "channel": 13}, "attempt": 1}
2026-09-12 14:07:37,918 INFO response {"request_id": "0a6ce37ea2924c92a62771774de0222d", "http_status": 200, "body": {"accepted": true, "real_timestamp_ms": 1789193254557, "virtual_time_s": 1655, "measure_result": "no_signal"}}
2026-09-12 14:07:37,919 INFO request {"path": "/measure", "payload": {"arena_id": "default", "robot_id": "202601002029", "request_id": "9926419b6cd44b37ab21d32b1abe45c3", "position": {"x": -600.0000000000006, "y": -1039.2304845413262}, "channel": 16}, "attempt": 1}
2026-09-12 14:07:37,922 INFO response {"request_id": "9926419b6cd44b37ab21d32b1abe45c3", "http_status": 200, "body": {"accepted": true, "real_timestamp_ms": 1789193254561, "virtual_time_s": 1661, "measure_result": "no_signal"}}
2026-09-12 14:07:37,924 INFO request {"path": "/measure", "payload": {"arena_id": "default", "robot_id": "202601002029", "request_id": "a1daa28564df49a3980f15cc5a2a91da", "position": {"x": -600.0000000000006, "y": -1039.2304845413262}, "channel": 17}, "attempt": 1}
2026-09-12 14:07:37,926 INFO response {"request_id": "a1daa28564df49a3980f15cc5a2a91da", "http_status": 200, "body": {"accepted": true, "real_timestamp_ms": 1789193254565, "virtual_time_s": 1667, "measure_result": "no_signal"}}
2026-09-12 14:07:37,927 INFO request {"path": "/measure", "payload": {"arena_id": "default", "robot_id": "202601002029", "request_id": "31ca794fea994307942620cee5fb8759", "position": {"x": -600.0000000000006, "y": -1039.2304845413262}, "channel": 18}, "attempt": 1}
2026-09-12 14:07:37,928 INFO response {"request_id": "31ca794fea994307942620cee5fb8759", "http_status": 200, "body": {"accepted": true, "real_timestamp_ms": 1789193254567, "virtual_time_s": 1673, "measure_result": "direction", "svd_deg": 322.99}}
2026-09-12 14:07:37,973 INFO request {"path": "/measure", "payload": {"arena_id": "default", "robot_id": "202601002029", "request_id": "0f91f10c63104fb7a306ffb0a3cd69c8", "position": {"x": -600.0000000000006, "y": -1039.2304845413262}, "channel": 5}, "attempt": 1}
2026-09-12 14:07:37,987 INFO response {"request_id": "0f91f10c63104fb7a306ffb0a3cd69c8", "http_status": 200, "body": {"accepted": true, "real_timestamp_ms": 1789193254626, "virtual_time_s": 1679, "measure_result": "direction", "svd_deg": 34.61}}
2026-09-12 14:07:38,016 INFO request {"path": "/measure", "payload": {"arena_id": "default", "robot_id": "202601002029", "request_id": "dc1511d0fc8f4ce8925eef84ee04c3d2", "position": {"x": -600.0000000000006, "y": -1039.2304845413262}, "channel": 19}, "attempt": 1}
2026-09-12 14:07:38,017 INFO response {"request_id": "dc1511d0fc8f4ce8925eef84ee04c3d2", "http_status": 200, "body": {"accepted": true, "real_timestamp_ms": 1789193254656, "virtual_time_s": 1685, "measure_result": "direction", "svd_deg": 41.8}}
2026-09-12 14:07:38,020 INFO request {"path": "/measure", "payload": {"arena_id": "default", "robot_id": "202601002029", "request_id": "d0500609c73d48b1b2eb9df8fe9e0abc", "position": {"x": 600.0000000000001, "y": -1039.2304845413264}, "channel": 6}, "attempt": 1}
2026-09-12 14:07:38,021 INFO response {"request_id": "d0500609c73d48b1b2eb9df8fe9e0abc", "http_status": 200, "body": {"accepted": true, "real_timestamp_ms": 1789193254661, "virtual_time_s": 1931, "measure_result": "no_signal"}}
2026-09-12 14:07:38,021 INFO request {"path": "/measure", "payload": {"arena_id": "default", "robot_id": "202601002029", "request_id": "3675e4b1430940758873faf0e0c216d7", "position": {"x": 600.0000000000001, "y": -1039.2304845413264}, "channel": 7}, "attempt": 1}
2026-09-12 14:07:38,022 INFO response {"request_id": "3675e4b1430940758873faf0e0c216d7", "http_status": 200, "body": {"accepted": true, "real_timestamp_ms": 1789193254661, "virtual_time_s": 1937, "measure_result": "direction", "svd_deg": 2.83}}
2026-09-12 14:07:38,024 INFO request {"path": "/measure", "payload": {"arena_id": "default", "robot_id": "202601002029", "request_id": "49cd6624b07a462ba46242294a122934", "position": {"x": 600.0000000000001, "y": -1039.2304845413264}, "channel": 10}, "attempt": 1}
2026-09-12 14:07:38,025 INFO response {"request_id": "49cd6624b07a462ba46242294a122934", "http_status": 200, "body": {"accepted": true, "real_timestamp_ms": 1789193254664, "virtual_time_s": 1943, "measure_result": "no_signal"}}
2026-09-12 14:07:38,025 INFO request {"path": "/measure", "payload": {"arena_id": "default", "robot_id": "202601002029", "request_id": "2e98aea61e6f4a7582d0cd4680011a43", "position": {"x": 600.0000000000001, "y": -1039.2304845413264}, "channel": 12}, "attempt": 1}
2026-09-12 14:07:38,026 INFO response {"request_id": "2e98aea61e6f4a7582d0cd4680011a43", "http_status": 200, "body": {"accepted": true, "real_timestamp_ms": 1789193254665, "virtual_time_s": 1949, "measure_result": "no_signal"}}
2026-09-12 14:07:38,026 INFO request {"path": "/measure", "payload": {"arena_id": "default", "robot_id": "202601002029", "request_id": "01fc32eb0fb546a5a69bdeabde6c9151", "position": {"x": 600.0000000000001, "y": -1039.2304845413264}, "channel": 13}, "attempt": 1}
2026-09-12 14:07:38,046 INFO response {"request_id": "01fc32eb0fb546a5a69bdeabde6c9151", "http_status": 200, "body": {"accepted": true, "real_timestamp_ms": 1789193254685, "virtual_time_s": 1955, "measure_result": "no_signal"}}
2026-09-12 14:07:38,046 INFO request {"path": "/measure", "payload": {"arena_id": "default", "robot_id": "202601002029", "request_id": "750d49aae8064abd8d5ebddfcd46aea0", "position": {"x": 600.0000000000001, "y": -1039.2304845413264}, "channel": 16}, "attempt": 1}
2026-09-12 14:07:38,047 INFO response {"request_id": "750d49aae8064abd8d5ebddfcd46aea0", "http_status": 200, "body": {"accepted": true, "real_timestamp_ms": 1789193254686, "virtual_time_s": 1961, "measure_result": "no_signal"}}
2026-09-12 14:07:38,047 INFO request {"path": "/measure", "payload": {"arena_id": "default", "robot_id": "202601002029", "request_id": "822c565ebfa946d1a5699a375ca32556", "position": {"x": 600.0000000000001, "y": -1039.2304845413264}, "channel": 17}, "attempt": 1}
2026-09-12 14:07:38,048 INFO response {"request_id": "822c565ebfa946d1a5699a375ca32556", "http_status": 200, "body": {"accepted": true, "real_timestamp_ms": 1789193254687, "virtual_time_s": 1967, "measure_result": "no_signal"}}
2026-09-12 14:07:38,110 INFO request {"path": "/measure", "payload": {"arena_id": "default", "robot_id": "202601002029", "request_id": "258143f036cc489e8052c9a8f4abd6d7", "position": {"x": 600.0000000000001, "y": -1039.2304845413264}, "channel": 20}, "attempt": 1}
2026-09-12 14:07:38,112 INFO response {"request_id": "258143f036cc489e8052c9a8f4abd6d7", "http_status": 200, "body": {"accepted": true, "real_timestamp_ms": 1789193254751, "virtual_time_s": 1973, "measure_result": "direction", "svd_deg": 217.09}}
2026-09-12 14:07:38,154 INFO request {"path": "/measure", "payload": {"arena_id": "default", "robot_id": "202601002029", "request_id": "f17fcdb0ecf54e259f3b94530d484e47", "position": {"x": 600.0000000000001, "y": -1039.2304845413264}, "channel": 1}, "attempt": 1}
2026-09-12 14:07:38,155 INFO response {"request_id": "f17fcdb0ecf54e259f3b94530d484e47", "http_status": 200, "body": {"accepted": true, "real_timestamp_ms": 1789193254794, "virtual_time_s": 1979, "measure_result": "direction", "svd_deg": 16.72}}
2026-09-12 14:07:45,838 INFO request {"path": "/measure", "payload": {"arena_id": "default", "robot_id": "202601002029", "request_id": "4be16d19a82543d7a50f0312d439169e", "position": {"x": 501.7304682134429, "y": -411.1350333289081}, "channel": 19}, "attempt": 1}
2026-09-12 14:07:45,857 INFO response {"request_id": "4be16d19a82543d7a50f0312d439169e", "http_status": 200, "body": {"accepted": true, "real_timestamp_ms": 1789193262496, "virtual_time_s": 2112.147284, "measure_result": "direction", "svd_deg": 181.7}}
2026-09-12 14:07:45,862 INFO request {"path": "/clear", "payload": {"arena_id": "default", "robot_id": "202601002029", "request_id": "9b551a7b36ca4774b5cd1f959def7330", "position": {"x": 102.70776761442008, "y": -421.65565491289226}, "channel": 19}, "attempt": 1}
2026-09-12 14:07:45,876 INFO response {"request_id": "9b551a7b36ca4774b5cd1f959def7330", "http_status": 200, "body": {"accepted": true, "real_timestamp_ms": 1789193262515, "virtual_time_s": 2196.979558, "clear_result": "success"}}
2026-09-12 14:07:45,878 INFO request {"path": "/measure", "payload": {"arena_id": "default", "robot_id": "202601002029", "request_id": "0866fb6faa8344e297046f36a2a6b986", "position": {"x": -563.7531861309548, "y": 606.0280265211081}, "channel": 4}, "attempt": 1}
2026-09-12 14:07:45,880 INFO response {"request_id": "0866fb6faa8344e297046f36a2a6b986", "http_status": 200, "body": {"accepted": true, "real_timestamp_ms": 1789193262519, "virtual_time_s": 2447.953349, "measure_result": "direction", "svd_deg": 120.11}}
2026-09-12 14:07:45,888 INFO request {"path": "/clear", "payload": {"arena_id": "default", "robot_id": "202601002029", "request_id": "06fb5140a8d44eb583b0d1ffd26e4ba2", "position": {"x": -768.495048111732, "y": 948.5034195264604}, "channel": 4}, "attempt": 1}
2026-09-12 14:07:45,890 INFO response {"request_id": "06fb5140a8d44eb583b0d1ffd26e4ba2", "http_status": 200, "body": {"accepted": true, "real_timestamp_ms": 1789193262529, "virtual_time_s": 2532.75526, "clear_result": "success"}}
2026-09-12 14:07:45,891 INFO request {"path": "/measure", "payload": {"arena_id": "default", "robot_id": "202601002029", "request_id": "a9079b524d094e0b9ab98291d530581c", "position": {"x": -1311.0210309294823, "y": 547.7305055841418}, "channel": 2}, "attempt": 1}
2026-09-12 14:07:45,892 INFO response {"request_id": "a9079b524d094e0b9ab98291d530581c", "http_status": 200, "body": {"accepted": true, "real_timestamp_ms": 1789193262532, "virtual_time_s": 2673.655723, "measure_result": "direction", "svd_deg": 225.1}}
2026-09-12 14:07:45,897 INFO request {"path": "/measure", "payload": {"arena_id": "default", "robot_id": "202601002029", "request_id": "d03eaf0f8b844c19a88da2e387fc2e99", "position": {"x": -1585.131975275496, "y": 533.5895347563735}, "channel": 15}, "attempt": 1}
2026-09-12 14:07:45,898 INFO response {"request_id": "d03eaf0f8b844c19a88da2e387fc2e99", "http_status": 200, "body": {"accepted": true, "real_timestamp_ms": 1789193262538, "virtual_time_s": 2734.550815, "measure_result": "direction", "svd_deg": 254.02}}
2026-09-12 14:07:45,901 INFO request {"path": "/clear", "payload": {"arena_id": "default", "robot_id": "202601002029", "request_id": "7b84a5acac644f1898a7d5a655b1088b", "position": {"x": -1594.1369587338518, "y": 263.8670937420577}, "channel": 2}, "attempt": 1}
2026-09-12 14:07:45,902 INFO response {"request_id": "7b84a5acac644f1898a7d5a655b1088b", "http_status": 200, "body": {"accepted": true, "real_timestamp_ms": 1789193262541, "virtual_time_s": 2793.525359, "clear_result": "success"}}
2026-09-12 14:07:45,902 INFO request {"path": "/clear", "payload": {"arena_id": "default", "robot_id": "202601002029", "request_id": "4428a01269f9427ea0dc64a5d87cc399", "position": {"x": -1710.8600413897389, "y": 95.170785873606}, "channel": 15}, "attempt": 1}
2026-09-12 14:07:45,904 INFO response {"request_id": "4428a01269f9427ea0dc64a5d87cc399", "http_status": 200, "body": {"accepted": true, "real_timestamp_ms": 1789193262543, "virtual_time_s": 2839.553507, "clear_result": "success"}}
2026-09-12 14:07:45,905 INFO request {"path": "/measure", "payload": {"arena_id": "default", "robot_id": "202601002029", "request_id": "82c185787049466a9fac4dcdef2cefeb", "position": {"x": -1263.3905716901775, "y": -557.8746580955585}, "channel": 8}, "attempt": 1}
2026-09-12 14:07:45,906 INFO response {"request_id": "82c185787049466a9fac4dcdef2cefeb", "http_status": 200, "body": {"accepted": true, "real_timestamp_ms": 1789193262545, "virtual_time_s": 3003.881935, "measure_result": "direction", "svd_deg": 22.57}}
2026-09-12 14:07:45,909 INFO request {"path": "/measure", "payload": {"arena_id": "default", "robot_id": "202601002029", "request_id": "203df2c4dbe34f36b5e501ddcfcd602d", "position": {"x": -1435.771274140639, "y": -1008.2182895030978}, "channel": 3}, "attempt": 1}
2026-09-12 14:07:45,925 INFO response {"request_id": "203df2c4dbe34f36b5e501ddcfcd602d", "http_status": 200, "body": {"accepted": true, "real_timestamp_ms": 1789193262564, "virtual_time_s": 3106.323522, "measure_result": "direction", "svd_deg": 341.53}}
2026-09-12 14:07:46,458 INFO request {"path": "/clear", "payload": {"arena_id": "default", "robot_id": "202601002029", "request_id": "07e2fb253c9a416fb1b128225a1b6202", "position": {"x": -894.8047743696861, "y": -404.88017192329255}, "channel": 8}, "attempt": 1}
2026-09-12 14:07:46,470 INFO response {"request_id": "07e2fb253c9a416fb1b128225a1b6202", "http_status": 200, "body": {"accepted": true, "real_timestamp_ms": 1789193263110, "virtual_time_s": 3273.392845, "clear_result": "success"}}
2026-09-12 14:07:46,472 INFO request {"path": "/measure", "payload": {"arena_id": "default", "robot_id": "202601002029", "request_id": "3a03cc0a6647480d94f4eaee94a3c3f0", "position": {"x": -495.3814175321397, "y": -489.86789527858934}, "channel": 5}, "attempt": 1}
2026-09-12 14:07:46,473 INFO response {"request_id": "3a03cc0a6647480d94f4eaee94a3c3f0", "http_status": 200, "body": {"accepted": true, "real_timestamp_ms": 1789193263112, "virtual_time_s": 3361.065835, "measure_result": "direction", "svd_deg": 316.8}}
2026-09-12 14:07:46,479 INFO request {"path": "/measure", "payload": {"arena_id": "default", "robot_id": "202601002029", "request_id": "bc898d382b2c4360a8574b40963dc7bd", "position": {"x": -557.3629281966766, "y": -880.8379917710186}, "channel": 3}, "attempt": 1}
2026-09-12 14:07:46,491 INFO response {"request_id": "bc898d382b2c4360a8574b40963dc7bd", "http_status": 200, "body": {"accepted": true, "real_timestamp_ms": 1789193263130, "virtual_time_s": 3446.236366, "measure_result": "direction", "svd_deg": 242.84}}
2026-09-12 14:07:46,500 INFO request {"path": "/clear", "payload": {"arena_id": "default", "robot_id": "202601002029", "request_id": "49874858b40e494d9d381ac41155c310", "position": {"x": -738.7125771094501, "y": -1237.8870921271994}, "channel": 3}, "attempt": 1}
2026-09-12 14:07:46,502 INFO response {"request_id": "49874858b40e494d9d381ac41155c310", "http_status": 200, "body": {"accepted": true, "real_timestamp_ms": 1789193263141, "virtual_time_s": 3531.329251, "clear_result": "success"}}
2026-09-12 14:07:46,503 INFO request {"path": "/clear", "payload": {"arena_id": "default", "robot_id": "202601002029", "request_id": "e8854efde82146ccaef09cc9345ff0b8", "position": {"x": -204.461626932633, "y": -764.9825453737312}, "channel": 5}, "attempt": 1}
2026-09-12 14:07:46,521 INFO response {"request_id": "e8854efde82146ccaef09cc9345ff0b8", "http_status": 200, "body": {"accepted": true, "real_timestamp_ms": 1789193263160, "virtual_time_s": 3679.026523, "clear_result": "success"}}
2026-09-12 14:07:46,521 INFO request {"path": "/measure", "payload": {"arena_id": "default", "robot_id": "202601002029", "request_id": "7fb44bf3c0254b91a58a036439e61b37", "position": {"x": -169.25969326047965, "y": -1125.707353658045}, "channel": 20}, "attempt": 1}
2026-09-12 14:07:46,541 INFO response {"request_id": "7fb44bf3c0254b91a58a036439e61b37", "http_status": 200, "body": {"accepted": true, "real_timestamp_ms": 1789193263180, "virtual_time_s": 3757.514195, "measure_result": "direction", "svd_deg": 315.71}}
2026-09-12 14:07:46,549 INFO request {"path": "/measure", "payload": {"arena_id": "default", "robot_id": "202601002029", "request_id": "3ac41179f3b04e1b9dd3af9a23ec6568", "position": {"x": 60.92443468144569, "y": -1099.1402184032638}, "channel": 14}, "attempt": 1}
2026-09-12 14:07:46,570 INFO response {"request_id": "3ac41179f3b04e1b9dd3af9a23ec6568", "http_status": 200, "body": {"accepted": true, "real_timestamp_ms": 1789193263209, "virtual_time_s": 3809.856636, "measure_result": "direction", "svd_deg": 164.1}}
2026-09-12 14:07:47,101 INFO request {"path": "/clear", "payload": {"arena_id": "default", "robot_id": "202601002029", "request_id": "d5b80ca05d244cb18114322740839fd1", "position": {"x": 116.72639786717855, "y": -1404.4055263954222}, "channel": 20}, "attempt": 1}
2026-09-12 14:07:47,103 INFO response {"request_id": "d5b80ca05d244cb18114322740839fd1", "http_status": 200, "body": {"accepted": true, "real_timestamp_ms": 1789193263742, "virtual_time_s": 3876.921366, "clear_result": "success"}}
2026-09-12 14:07:47,103 INFO request {"path": "/measure", "payload": {"arena_id": "default", "robot_id": "202601002029", "request_id": "8652921cdeb5410396131354e01288e6", "position": {"x": 389.6829485444189, "y": -1210.5648986713627}, "channel": 18}, "attempt": 1}
2026-09-12 14:07:47,104 INFO response {"request_id": "8652921cdeb5410396131354e01288e6", "http_status": 200, "body": {"accepted": true, "real_timestamp_ms": 1789193263744, "virtual_time_s": 3949.877909, "measure_result": "direction", "svd_deg": 253.4}}
2026-09-12 14:07:47,643 INFO request {"path": "/measure", "payload": {"arena_id": "default", "robot_id": "202601002029", "request_id": "0c2237882f9a4dfc9dee207ebb80d48b", "position": {"x": 650.7021419949344, "y": -1680.166797444048}, "channel": 18}, "attempt": 1}
2026-09-12 14:07:47,654 INFO response {"request_id": "0c2237882f9a4dfc9dee207ebb80d48b", "http_status": 200, "body": {"accepted": true, "real_timestamp_ms": 1789193264293, "virtual_time_s": 4062.33152, "measure_result": "direction", "svd_deg": 181.01}}
2026-09-12 14:07:47,659 INFO request {"path": "/clear", "payload": {"arena_id": "default", "robot_id": "202601002029", "request_id": "fdb301cea8594dfa93b738a03cad5f8c", "position": {"x": 247.5812155581438, "y": -1686.667619836257}, "channel": 18}, "attempt": 1}
2026-09-12 14:07:47,659 INFO response {"request_id": "fdb301cea8594dfa93b738a03cad5f8c", "http_status": 200, "body": {"accepted": true, "real_timestamp_ms": 1789193264299, "virtual_time_s": 4147.966188, "clear_result": "success"}}
2026-09-12 14:07:47,660 INFO request {"path": "/measure", "payload": {"arena_id": "default", "robot_id": "202601002029", "request_id": "2b2c0c51eb2d471da11dd287e4b05342", "position": {"x": -600.0000000000006, "y": -1039.2304845413262}, "channel": 14}, "attempt": 1}
2026-09-12 14:07:47,673 INFO response {"request_id": "2b2c0c51eb2d471da11dd287e4b05342", "http_status": 200, "body": {"accepted": true, "real_timestamp_ms": 1789193264312, "virtual_time_s": 4367.279925, "measure_result": "direction", "svd_deg": 41.74}}
2026-09-12 14:07:47,682 INFO request {"path": "/clear", "payload": {"arena_id": "default", "robot_id": "202601002029", "request_id": "80b019cf0ab9409fb4abcbf884d33b5a", "position": {"x": -492.54001431620634, "y": -941.6191890238754}, "channel": 14}, "attempt": 1}
2026-09-12 14:07:47,683 INFO response {"request_id": "80b019cf0ab9409fb4abcbf884d33b5a", "http_status": 200, "body": {"accepted": true, "real_timestamp_ms": 1789193264322, "virtual_time_s": 4401.31481, "clear_result": "success"}}
2026-09-12 14:07:47,683 INFO request {"path": "/measure", "payload": {"arena_id": "default", "robot_id": "202601002029", "request_id": "7e130594c8db4faab51e11a5811ac371", "position": {"x": 1207.6137159894272, "y": -898.4270097805727}, "channel": 1}, "attempt": 1}
2026-09-12 14:07:47,703 INFO response {"request_id": "7e130594c8db4faab51e11a5811ac371", "http_status": 200, "body": {"accepted": true, "real_timestamp_ms": 1789193264342, "virtual_time_s": 4747.455268, "measure_result": "direction", "svd_deg": 22.32}}
2026-09-12 14:07:47,711 INFO request {"path": "/measure", "payload": {"arena_id": "default", "robot_id": "202601002029", "request_id": "f448e43f811448248f1021479044134e", "position": {"x": 1331.0306161223546, "y": -604.5578191518256}, "channel": 7}, "attempt": 1}
2026-09-12 14:07:47,734 INFO response {"request_id": "f448e43f811448248f1021479044134e", "http_status": 200, "body": {"accepted": true, "real_timestamp_ms": 1789193264373, "virtual_time_s": 4817.201902, "measure_result": "direction", "svd_deg": 217.99}}
2026-09-12 14:07:48,237 INFO request {"path": "/clear", "payload": {"arena_id": "default", "robot_id": "202601002029", "request_id": "e7292c40abf145b090b282af5ea92bc1", "position": {"x": 1576.4895151507312, "y": -747.2761122327807}, "channel": 1}, "attempt": 1}
2026-09-12 14:07:48,249 INFO response {"request_id": "e7292c40abf145b090b282af5ea92bc1", "http_status": 200, "body": {"accepted": true, "real_timestamp_ms": 1789193264888, "virtual_time_s": 4878.988725, "clear_result": "success"}}
2026-09-12 14:07:48,249 INFO request {"path": "/measure", "payload": {"arena_id": "default", "robot_id": "202601002029", "request_id": "4df9392c29f9486181670e9f85603c2f", "position": {"x": 1704.534941800552, "y": 30.425393562992156}, "channel": 11}, "attempt": 1}
2026-09-12 14:07:48,257 INFO response {"request_id": "4df9392c29f9486181670e9f85603c2f", "http_status": 200, "body": {"accepted": true, "real_timestamp_ms": 1789193264896, "virtual_time_s": 5042.623146, "measure_result": "direction", "svd_deg": 136.05}}
2026-09-12 14:07:48,261 INFO request {"path": "/measure", "payload": {"arena_id": "default", "robot_id": "202601002029", "request_id": "f9ad7467fdfc4cc6869f1ef849d8750a", "position": {"x": 1539.5177529648874, "y": 549.5302581514205}, "channel": 9}, "attempt": 1}
2026-09-12 14:07:48,262 INFO response {"request_id": "f9ad7467fdfc4cc6869f1ef849d8750a", "http_status": 200, "body": {"accepted": true, "real_timestamp_ms": 1789193264901, "virtual_time_s": 5157.563595, "measure_result": "direction", "svd_deg": 181.81}}
2026-09-12 14:07:48,266 INFO request {"path": "/clear", "payload": {"arena_id": "default", "robot_id": "202601002029", "request_id": "056a0990b34347699ba561365295fa85", "position": {"x": 1416.8773372142036, "y": 307.9157627105061}, "channel": 11}, "attempt": 1}
2026-09-12 14:07:48,268 INFO response {"request_id": "056a0990b34347699ba561365295fa85", "http_status": 200, "body": {"accepted": true, "real_timestamp_ms": 1789193264907, "virtual_time_s": 5216.755194, "clear_result": "success"}}
2026-09-12 14:07:48,268 INFO request {"path": "/clear", "payload": {"arena_id": "default", "robot_id": "202601002029", "request_id": "ae0dae65aa974316b332901ae4dc386d", "position": {"x": 1140.8586029062576, "y": 542.2264726193926}, "channel": 9}, "attempt": 1}
2026-09-12 14:07:48,269 INFO response {"request_id": "ae0dae65aa974316b332901ae4dc386d", "http_status": 200, "body": {"accepted": true, "real_timestamp_ms": 1789193264908, "virtual_time_s": 5294.167306, "clear_result": "success"}}
2026-09-12 14:07:48,269 INFO request {"path": "/measure", "payload": {"arena_id": "default", "robot_id": "202601002029", "request_id": "d25e2035e64d4ee0861f8d00d2c4fffd", "position": {"x": 788.205662200876, "y": -629.7725000151311}, "channel": 7}, "attempt": 1}
2026-09-12 14:07:48,270 INFO response {"request_id": "d25e2035e64d4ee0861f8d00d2c4fffd", "http_status": 200, "body": {"accepted": true, "real_timestamp_ms": 1789193264909, "virtual_time_s": 5544.948489, "measure_result": "direction", "svd_deg": 269.09}}
2026-09-12 14:07:48,273 INFO request {"path": "/clear", "payload": {"arena_id": "default", "robot_id": "202601002029", "request_id": "fba4a78421474b1fb1d8e91958f4e202", "position": {"x": 781.7830799329045, "y": -1030.1183653126711}, "channel": 7}, "attempt": 1}
2026-09-12 14:07:48,288 INFO response {"request_id": "fba4a78421474b1fb1d8e91958f4e202", "http_status": 200, "body": {"accepted": true, "real_timestamp_ms": 1789193264927, "virtual_time_s": 5630.027965, "clear_result": "success"}}
2026-09-12 14:07:48,288 INFO request {"path": "/exit", "payload": {"arena_id": "default", "robot_id": "202601002029", "request_id": "9d2860b4fe1943a2a28762ad7d013473"}, "attempt": 1}
2026-09-12 14:07:48,289 INFO response {"request_id": "9d2860b4fe1943a2a28762ad7d013473", "http_status": 200, "body": {"accepted": true, "real_timestamp_ms": 1789193264929, "virtual_time_s": 5630.027965, "exit_reason": "user_exit"}}
