2026-09-12 15:34:35,207 INFO request {"path": "/enter", "payload": {"arena_id": "default", "robot_id": "202601002029", "request_id": "9f82998312c2434dab72ea4e4761bfe9"}, "attempt": 1}
2026-09-12 15:34:35,211 INFO response {"request_id": "9f82998312c2434dab72ea4e4761bfe9", "http_status": 200, "body": {"accepted": true, "real_timestamp_ms": 1789198471893, "virtual_time_s": 0, "max_virtual_duration_s": 360000, "max_real_duration_s": 1200, "remaining_real_duration_s": 1200}}
2026-09-12 15:34:35,211 INFO request {"path": "/measure", "payload": {"arena_id": "default", "robot_id": "202601002029", "request_id": "11033e8a30fc49d1a8a285f74a0ec4e6", "position": {"x": 0.0, "y": 0.0}, "channel": 1}, "attempt": 1}
2026-09-12 15:34:35,212 INFO response {"request_id": "11033e8a30fc49d1a8a285f74a0ec4e6", "http_status": 200, "body": {"accepted": true, "real_timestamp_ms": 1789198471894, "virtual_time_s": 5, "measure_result": "no_signal"}}
2026-09-12 15:34:35,212 INFO request {"path": "/measure", "payload": {"arena_id": "default", "robot_id": "202601002029", "request_id": "61a7f2b8c0bd45a28342a19199900b67", "position": {"x": 0.0, "y": 0.0}, "channel": 2}, "attempt": 1}
2026-09-12 15:34:35,213 INFO response {"request_id": "61a7f2b8c0bd45a28342a19199900b67", "http_status": 200, "body": {"accepted": true, "real_timestamp_ms": 1789198471895, "virtual_time_s": 11, "measure_result": "direction", "svd_deg": 305.66}}
2026-09-12 15:34:35,218 INFO request {"path": "/measure", "payload": {"arena_id": "default", "robot_id": "202601002029", "request_id": "1ddef2209dd44b0ea366c64650e76041", "position": {"x": 0.0, "y": 0.0}, "channel": 3}, "attempt": 1}
2026-09-12 15:34:35,220 INFO response {"request_id": "1ddef2209dd44b0ea366c64650e76041", "http_status": 200, "body": {"accepted": true, "real_timestamp_ms": 1789198471901, "virtual_time_s": 17, "measure_result": "direction", "svd_deg": 115.12}}
2026-09-12 15:34:35,224 INFO request {"path": "/measure", "payload": {"arena_id": "default", "robot_id": "202601002029", "request_id": "06e714908c514701ab27a25705d6cc00", "position": {"x": 0.0, "y": 0.0}, "channel": 4}, "attempt": 1}
2026-09-12 15:34:35,226 INFO response {"request_id": "06e714908c514701ab27a25705d6cc00", "http_status": 200, "body": {"accepted": true, "real_timestamp_ms": 1789198471908, "virtual_time_s": 23, "measure_result": "no_signal"}}
2026-09-12 15:34:35,226 INFO request {"path": "/measure", "payload": {"arena_id": "default", "robot_id": "202601002029", "request_id": "453bc95428e64cbb97060db597f653d5", "position": {"x": 0.0, "y": 0.0}, "channel": 5}, "attempt": 1}
2026-09-12 15:34:35,227 INFO response {"request_id": "453bc95428e64cbb97060db597f653d5", "http_status": 200, "body": {"accepted": true, "real_timestamp_ms": 1789198471909, "virtual_time_s": 29, "measure_result": "no_signal"}}
2026-09-12 15:34:35,227 INFO request {"path": "/measure", "payload": {"arena_id": "default", "robot_id": "202601002029", "request_id": "8c6b6a603aff49599f38e655d819d933", "position": {"x": 0.0, "y": 0.0}, "channel": 6}, "attempt": 1}
2026-09-12 15:34:35,228 INFO response {"request_id": "8c6b6a603aff49599f38e655d819d933", "http_status": 200, "body": {"accepted": true, "real_timestamp_ms": 1789198471910, "virtual_time_s": 35, "measure_result": "no_signal"}}
2026-09-12 15:34:35,228 INFO request {"path": "/measure", "payload": {"arena_id": "default", "robot_id": "202601002029", "request_id": "cc32da13d6b74d43b00a24277d42e242", "position": {"x": 0.0, "y": 0.0}, "channel": 7}, "attempt": 1}
2026-09-12 15:34:35,241 INFO response {"request_id": "cc32da13d6b74d43b00a24277d42e242", "http_status": 200, "body": {"accepted": true, "real_timestamp_ms": 1789198471922, "virtual_time_s": 41, "measure_result": "no_signal"}}
2026-09-12 15:34:35,241 INFO request {"path": "/measure", "payload": {"arena_id": "default", "robot_id": "202601002029", "request_id": "da7701ed741b4309beb9554e2940339a", "position": {"x": 0.0, "y": 0.0}, "channel": 8}, "attempt": 1}
2026-09-12 15:34:35,242 INFO response {"request_id": "da7701ed741b4309beb9554e2940339a", "http_status": 200, "body": {"accepted": true, "real_timestamp_ms": 1789198471924, "virtual_time_s": 47, "measure_result": "no_signal"}}
2026-09-12 15:34:35,242 INFO request {"path": "/measure", "payload": {"arena_id": "default", "robot_id": "202601002029", "request_id": "dda7bfdec14e4905948975b6c75f00d5", "position": {"x": 0.0, "y": 0.0}, "channel": 9}, "attempt": 1}
2026-09-12 15:34:35,260 INFO response {"request_id": "dda7bfdec14e4905948975b6c75f00d5", "http_status": 200, "body": {"accepted": true, "real_timestamp_ms": 1789198471941, "virtual_time_s": 53, "measure_result": "no_signal"}}
2026-09-12 15:34:35,260 INFO request {"path": "/measure", "payload": {"arena_id": "default", "robot_id": "202601002029", "request_id": "55357aa609264bc08c707f05bdb65380", "position": {"x": 0.0, "y": 0.0}, "channel": 10}, "attempt": 1}
2026-09-12 15:34:35,281 INFO response {"request_id": "55357aa609264bc08c707f05bdb65380", "http_status": 200, "body": {"accepted": true, "real_timestamp_ms": 1789198471962, "virtual_time_s": 59, "measure_result": "no_signal"}}
2026-09-12 15:34:35,281 INFO request {"path": "/measure", "payload": {"arena_id": "default", "robot_id": "202601002029", "request_id": "440c7c90a3fa483e89726fc7fd519e13", "position": {"x": 0.0, "y": 0.0}, "channel": 11}, "attempt": 1}
2026-09-12 15:34:35,301 INFO response {"request_id": "440c7c90a3fa483e89726fc7fd519e13", "http_status": 200, "body": {"accepted": true, "real_timestamp_ms": 1789198471981, "virtual_time_s": 65, "measure_result": "no_signal"}}
2026-09-12 15:34:35,301 INFO request {"path": "/measure", "payload": {"arena_id": "default", "robot_id": "202601002029", "request_id": "5e5b66c2993544a09f8b2d759acc047a", "position": {"x": 0.0, "y": 0.0}, "channel": 12}, "attempt": 1}
2026-09-12 15:34:35,321 INFO response {"request_id": "5e5b66c2993544a09f8b2d759acc047a", "http_status": 200, "body": {"accepted": true, "real_timestamp_ms": 1789198472002, "virtual_time_s": 71, "measure_result": "direction", "svd_deg": 17.74}}
2026-09-12 15:34:35,326 INFO request {"path": "/measure", "payload": {"arena_id": "default", "robot_id": "202601002029", "request_id": "16205a5b18fc42bb99c3032299e2db63", "position": {"x": 0.0, "y": 0.0}, "channel": 13}, "attempt": 1}
2026-09-12 15:34:35,328 INFO response {"request_id": "16205a5b18fc42bb99c3032299e2db63", "http_status": 200, "body": {"accepted": true, "real_timestamp_ms": 1789198472010, "virtual_time_s": 77, "measure_result": "no_signal"}}
2026-09-12 15:34:35,329 INFO request {"path": "/measure", "payload": {"arena_id": "default", "robot_id": "202601002029", "request_id": "15f03bb6a61547f7a7916b9520c5bdcc", "position": {"x": 0.0, "y": 0.0}, "channel": 14}, "attempt": 1}
2026-09-12 15:34:35,350 INFO response {"request_id": "15f03bb6a61547f7a7916b9520c5bdcc", "http_status": 200, "body": {"accepted": true, "real_timestamp_ms": 1789198472031, "virtual_time_s": 83, "measure_result": "direction", "svd_deg": 111.48}}
2026-09-12 15:34:35,356 INFO request {"path": "/measure", "payload": {"arena_id": "default", "robot_id": "202601002029", "request_id": "e6c139de99384d36bb5c531f2cb778f5", "position": {"x": 0.0, "y": 0.0}, "channel": 15}, "attempt": 1}
2026-09-12 15:34:35,357 INFO response {"request_id": "e6c139de99384d36bb5c531f2cb778f5", "http_status": 200, "body": {"accepted": true, "real_timestamp_ms": 1789198472039, "virtual_time_s": 89, "measure_result": "direction", "svd_deg": 302.42}}
2026-09-12 15:34:35,361 INFO request {"path": "/measure", "payload": {"arena_id": "default", "robot_id": "202601002029", "request_id": "e0f0e6ac0d1540fc878a056690458287", "position": {"x": 0.0, "y": 0.0}, "channel": 16}, "attempt": 1}
2026-09-12 15:34:35,380 INFO response {"request_id": "e0f0e6ac0d1540fc878a056690458287", "http_status": 200, "body": {"accepted": true, "real_timestamp_ms": 1789198472061, "virtual_time_s": 95, "measure_result": "no_signal"}}
2026-09-12 15:34:35,380 INFO request {"path": "/measure", "payload": {"arena_id": "default", "robot_id": "202601002029", "request_id": "1d64e03a95904c1c8e4fbb5ae8ed78d2", "position": {"x": 0.0, "y": 0.0}, "channel": 17}, "attempt": 1}
2026-09-12 15:34:35,399 INFO response {"request_id": "1d64e03a95904c1c8e4fbb5ae8ed78d2", "http_status": 200, "body": {"accepted": true, "real_timestamp_ms": 1789198472080, "virtual_time_s": 101, "measure_result": "no_signal"}}
2026-09-12 15:34:35,399 INFO request {"path": "/measure", "payload": {"arena_id": "default", "robot_id": "202601002029", "request_id": "b63c33042e93434293e511665ff1bbee", "position": {"x": 0.0, "y": 0.0}, "channel": 18}, "attempt": 1}
2026-09-12 15:34:35,419 INFO response {"request_id": "b63c33042e93434293e511665ff1bbee", "http_status": 200, "body": {"accepted": true, "real_timestamp_ms": 1789198472100, "virtual_time_s": 107, "measure_result": "no_signal"}}
2026-09-12 15:34:35,419 INFO request {"path": "/measure", "payload": {"arena_id": "default", "robot_id": "202601002029", "request_id": "8d609a2264b041409f3988796a9e8da6", "position": {"x": 0.0, "y": 0.0}, "channel": 19}, "attempt": 1}
2026-09-12 15:34:35,439 INFO response {"request_id": "8d609a2264b041409f3988796a9e8da6", "http_status": 200, "body": {"accepted": true, "real_timestamp_ms": 1789198472120, "virtual_time_s": 113, "measure_result": "direction", "svd_deg": 45.03}}
2026-09-12 15:34:35,443 INFO request {"path": "/measure", "payload": {"arena_id": "default", "robot_id": "202601002029", "request_id": "191d2ee843374cb2b59587b065a8ad30", "position": {"x": 0.0, "y": 0.0}, "channel": 20}, "attempt": 1}
2026-09-12 15:34:35,458 INFO response {"request_id": "191d2ee843374cb2b59587b065a8ad30", "http_status": 200, "body": {"accepted": true, "real_timestamp_ms": 1789198472140, "virtual_time_s": 119, "measure_result": "no_signal"}}
2026-09-12 15:34:35,459 INFO request {"path": "/measure", "payload": {"arena_id": "default", "robot_id": "202601002029", "request_id": "63266ab89fcf415c9ffbc33464aca5fe", "position": {"x": 1200.0, "y": 0.0}, "channel": 20}, "attempt": 1}
2026-09-12 15:34:35,478 INFO response {"request_id": "63266ab89fcf415c9ffbc33464aca5fe", "http_status": 200, "body": {"accepted": true, "real_timestamp_ms": 1789198472159, "virtual_time_s": 364, "measure_result": "no_signal"}}
2026-09-12 15:34:35,478 INFO request {"path": "/measure", "payload": {"arena_id": "default", "robot_id": "202601002029", "request_id": "82a14f1fef6847a291a13851e3309e25", "position": {"x": 1200.0, "y": 0.0}, "channel": 1}, "attempt": 1}
2026-09-12 15:34:35,498 INFO response {"request_id": "82a14f1fef6847a291a13851e3309e25", "http_status": 200, "body": {"accepted": true, "real_timestamp_ms": 1789198472180, "virtual_time_s": 370, "measure_result": "direction", "svd_deg": 267.44}}
2026-09-12 15:34:35,501 INFO request {"path": "/measure", "payload": {"arena_id": "default", "robot_id": "202601002029", "request_id": "3781de53152a49019364ae2d0e62035e", "position": {"x": 1200.0, "y": 0.0}, "channel": 4}, "attempt": 1}
2026-09-12 15:34:35,503 INFO response {"request_id": "3781de53152a49019364ae2d0e62035e", "http_status": 200, "body": {"accepted": true, "real_timestamp_ms": 1789198472184, "virtual_time_s": 376, "measure_result": "no_signal"}}
2026-09-12 15:34:35,503 INFO request {"path": "/measure", "payload": {"arena_id": "default", "robot_id": "202601002029", "request_id": "29d7305b40364a0b9fe24ac4e8efb14c", "position": {"x": 1200.0, "y": 0.0}, "channel": 5}, "attempt": 1}
2026-09-12 15:34:35,503 INFO response {"request_id": "29d7305b40364a0b9fe24ac4e8efb14c", "http_status": 200, "body": {"accepted": true, "real_timestamp_ms": 1789198472185, "virtual_time_s": 382, "measure_result": "no_signal"}}
2026-09-12 15:34:35,504 INFO request {"path": "/measure", "payload": {"arena_id": "default", "robot_id": "202601002029", "request_id": "026fa8fd6d7e4127a4d1a0146eaf3545", "position": {"x": 1200.0, "y": 0.0}, "channel": 6}, "attempt": 1}
2026-09-12 15:34:35,504 INFO response {"request_id": "026fa8fd6d7e4127a4d1a0146eaf3545", "http_status": 200, "body": {"accepted": true, "real_timestamp_ms": 1789198472186, "virtual_time_s": 388, "measure_result": "no_signal"}}
2026-09-12 15:34:35,504 INFO request {"path": "/measure", "payload": {"arena_id": "default", "robot_id": "202601002029", "request_id": "822909f4ead7416ea9f5127ed31fcb54", "position": {"x": 1200.0, "y": 0.0}, "channel": 7}, "attempt": 1}
2026-09-12 15:34:35,505 INFO response {"request_id": "822909f4ead7416ea9f5127ed31fcb54", "http_status": 200, "body": {"accepted": true, "real_timestamp_ms": 1789198472187, "virtual_time_s": 394, "measure_result": "no_signal"}}
2026-09-12 15:34:35,505 INFO request {"path": "/measure", "payload": {"arena_id": "default", "robot_id": "202601002029", "request_id": "a9ec832597594c4c960e88a4098c78e0", "position": {"x": 1200.0, "y": 0.0}, "channel": 8}, "attempt": 1}
2026-09-12 15:34:35,505 INFO response {"request_id": "a9ec832597594c4c960e88a4098c78e0", "http_status": 200, "body": {"accepted": true, "real_timestamp_ms": 1789198472187, "virtual_time_s": 400, "measure_result": "no_signal"}}
2026-09-12 15:34:35,506 INFO request {"path": "/measure", "payload": {"arena_id": "default", "robot_id": "202601002029", "request_id": "aa3e79c54b2d485f898839a50baada1d", "position": {"x": 1200.0, "y": 0.0}, "channel": 9}, "attempt": 1}
2026-09-12 15:34:35,506 INFO response {"request_id": "aa3e79c54b2d485f898839a50baada1d", "http_status": 200, "body": {"accepted": true, "real_timestamp_ms": 1789198472188, "virtual_time_s": 406, "measure_result": "no_signal"}}
2026-09-12 15:34:35,506 INFO request {"path": "/measure", "payload": {"arena_id": "default", "robot_id": "202601002029", "request_id": "4c15a05b9c244c219cacd888ccbec5df", "position": {"x": 1200.0, "y": 0.0}, "channel": 10}, "attempt": 1}
2026-09-12 15:34:35,507 INFO response {"request_id": "4c15a05b9c244c219cacd888ccbec5df", "http_status": 200, "body": {"accepted": true, "real_timestamp_ms": 1789198472189, "virtual_time_s": 412, "measure_result": "no_signal"}}
2026-09-12 15:34:35,507 INFO request {"path": "/measure", "payload": {"arena_id": "default", "robot_id": "202601002029", "request_id": "fac4547b060741198831e636eba14973", "position": {"x": 1200.0, "y": 0.0}, "channel": 11}, "attempt": 1}
2026-09-12 15:34:35,526 INFO response {"request_id": "fac4547b060741198831e636eba14973", "http_status": 200, "body": {"accepted": true, "real_timestamp_ms": 1789198472208, "virtual_time_s": 418, "measure_result": "no_signal"}}
2026-09-12 15:34:35,526 INFO request {"path": "/measure", "payload": {"arena_id": "default", "robot_id": "202601002029", "request_id": "fbd332bd4230455487605948f00404e9", "position": {"x": 1200.0, "y": 0.0}, "channel": 13}, "attempt": 1}
2026-09-12 15:34:35,546 INFO response {"request_id": "fbd332bd4230455487605948f00404e9", "http_status": 200, "body": {"accepted": true, "real_timestamp_ms": 1789198472228, "virtual_time_s": 424, "measure_result": "no_signal"}}
2026-09-12 15:34:35,546 INFO request {"path": "/measure", "payload": {"arena_id": "default", "robot_id": "202601002029", "request_id": "97ad342a992047d98bcb7d57b337dd3a", "position": {"x": 1200.0, "y": 0.0}, "channel": 16}, "attempt": 1}
2026-09-12 15:34:35,566 INFO response {"request_id": "97ad342a992047d98bcb7d57b337dd3a", "http_status": 200, "body": {"accepted": true, "real_timestamp_ms": 1789198472247, "virtual_time_s": 430, "measure_result": "no_signal"}}
2026-09-12 15:34:35,566 INFO request {"path": "/measure", "payload": {"arena_id": "default", "robot_id": "202601002029", "request_id": "f1e278bce23d4df8a969f6a5cfe4fbcd", "position": {"x": 1200.0, "y": 0.0}, "channel": 17}, "attempt": 1}
2026-09-12 15:34:35,585 INFO response {"request_id": "f1e278bce23d4df8a969f6a5cfe4fbcd", "http_status": 200, "body": {"accepted": true, "real_timestamp_ms": 1789198472266, "virtual_time_s": 436, "measure_result": "no_signal"}}
2026-09-12 15:34:35,586 INFO request {"path": "/measure", "payload": {"arena_id": "default", "robot_id": "202601002029", "request_id": "24ecd05a24904727bc80d3b24b60bdab", "position": {"x": 1200.0, "y": 0.0}, "channel": 18}, "attempt": 1}
2026-09-12 15:34:35,605 INFO response {"request_id": "24ecd05a24904727bc80d3b24b60bdab", "http_status": 200, "body": {"accepted": true, "real_timestamp_ms": 1789198472286, "virtual_time_s": 442, "measure_result": "no_signal"}}
2026-09-12 15:34:35,658 INFO request {"path": "/measure", "payload": {"arena_id": "default", "robot_id": "202601002029", "request_id": "e883096827f341a3960333d760c1a39c", "position": {"x": 1200.0, "y": 0.0}, "channel": 19}, "attempt": 1}
2026-09-12 15:34:35,673 INFO response {"request_id": "e883096827f341a3960333d760c1a39c", "http_status": 200, "body": {"accepted": true, "real_timestamp_ms": 1789198472355, "virtual_time_s": 448, "measure_result": "direction", "svd_deg": 128.51}}
2026-09-12 15:34:35,721 INFO request {"path": "/measure", "payload": {"arena_id": "default", "robot_id": "202601002029", "request_id": "2ab8b6d3b4a04f3ba2db77ff25b0e088", "position": {"x": 1200.0, "y": 0.0}, "channel": 2}, "attempt": 1}
2026-09-12 15:34:35,734 INFO response {"request_id": "2ab8b6d3b4a04f3ba2db77ff25b0e088", "http_status": 200, "body": {"accepted": true, "real_timestamp_ms": 1789198472414, "virtual_time_s": 454, "measure_result": "direction", "svd_deg": 215.27}}
2026-09-12 15:34:35,740 INFO request {"path": "/measure", "payload": {"arena_id": "default", "robot_id": "202601002029", "request_id": "a16d6ad3a66646708f129c038aaa3abe", "position": {"x": 600.0000000000001, "y": 1039.2304845413264}, "channel": 4}, "attempt": 1}
2026-09-12 15:34:35,753 INFO response {"request_id": "a16d6ad3a66646708f129c038aaa3abe", "http_status": 200, "body": {"accepted": true, "real_timestamp_ms": 1789198472434, "virtual_time_s": 700, "measure_result": "no_signal"}}
2026-09-12 15:34:35,753 INFO request {"path": "/measure", "payload": {"arena_id": "default", "robot_id": "202601002029", "request_id": "4749a00008cc423d853aa698aed172b7", "position": {"x": 600.0000000000001, "y": 1039.2304845413264}, "channel": 5}, "attempt": 1}
2026-09-12 15:34:35,755 INFO response {"request_id": "4749a00008cc423d853aa698aed172b7", "http_status": 200, "body": {"accepted": true, "real_timestamp_ms": 1789198472436, "virtual_time_s": 706, "measure_result": "no_signal"}}
2026-09-12 15:34:35,755 INFO request {"path": "/measure", "payload": {"arena_id": "default", "robot_id": "202601002029", "request_id": "c9ed43cdc88c4e9cb9d6428300f6d15c", "position": {"x": 600.0000000000001, "y": 1039.2304845413264}, "channel": 6}, "attempt": 1}
2026-09-12 15:34:35,758 INFO response {"request_id": "c9ed43cdc88c4e9cb9d6428300f6d15c", "http_status": 200, "body": {"accepted": true, "real_timestamp_ms": 1789198472439, "virtual_time_s": 712, "measure_result": "direction", "svd_deg": 158.55}}
2026-09-12 15:34:35,761 INFO request {"path": "/measure", "payload": {"arena_id": "default", "robot_id": "202601002029", "request_id": "3ca959a59c934e75a56c3767f340b463", "position": {"x": 600.0000000000001, "y": 1039.2304845413264}, "channel": 7}, "attempt": 1}
2026-09-12 15:34:35,762 INFO response {"request_id": "3ca959a59c934e75a56c3767f340b463", "http_status": 200, "body": {"accepted": true, "real_timestamp_ms": 1789198472443, "virtual_time_s": 718, "measure_result": "no_signal"}}
2026-09-12 15:34:35,762 INFO request {"path": "/measure", "payload": {"arena_id": "default", "robot_id": "202601002029", "request_id": "c5a28e0632d5422999b153e598f46e12", "position": {"x": 600.0000000000001, "y": 1039.2304845413264}, "channel": 8}, "attempt": 1}
2026-09-12 15:34:35,764 INFO response {"request_id": "c5a28e0632d5422999b153e598f46e12", "http_status": 200, "body": {"accepted": true, "real_timestamp_ms": 1789198472445, "virtual_time_s": 724, "measure_result": "no_signal"}}
2026-09-12 15:34:35,764 INFO request {"path": "/measure", "payload": {"arena_id": "default", "robot_id": "202601002029", "request_id": "350c02517bd1492298019bb2f621644c", "position": {"x": 600.0000000000001, "y": 1039.2304845413264}, "channel": 9}, "attempt": 1}
2026-09-12 15:34:35,765 INFO response {"request_id": "350c02517bd1492298019bb2f621644c", "http_status": 200, "body": {"accepted": true, "real_timestamp_ms": 1789198472447, "virtual_time_s": 730, "measure_result": "no_signal"}}
2026-09-12 15:34:35,765 INFO request {"path": "/measure", "payload": {"arena_id": "default", "robot_id": "202601002029", "request_id": "8d39ee0ed56d4122b96f72089f2aee2e", "position": {"x": 600.0000000000001, "y": 1039.2304845413264}, "channel": 10}, "attempt": 1}
2026-09-12 15:34:35,783 INFO response {"request_id": "8d39ee0ed56d4122b96f72089f2aee2e", "http_status": 200, "body": {"accepted": true, "real_timestamp_ms": 1789198472464, "virtual_time_s": 736, "measure_result": "no_signal"}}
2026-09-12 15:34:35,783 INFO request {"path": "/measure", "payload": {"arena_id": "default", "robot_id": "202601002029", "request_id": "0fb58c3ed2394cd38a3aa406519826f6", "position": {"x": 600.0000000000001, "y": 1039.2304845413264}, "channel": 11}, "attempt": 1}
2026-09-12 15:34:35,802 INFO response {"request_id": "0fb58c3ed2394cd38a3aa406519826f6", "http_status": 200, "body": {"accepted": true, "real_timestamp_ms": 1789198472483, "virtual_time_s": 742, "measure_result": "no_signal"}}
2026-09-12 15:34:35,803 INFO request {"path": "/measure", "payload": {"arena_id": "default", "robot_id": "202601002029", "request_id": "fa69c41f8a9b40d1baaba1299ba5c553", "position": {"x": 600.0000000000001, "y": 1039.2304845413264}, "channel": 13}, "attempt": 1}
2026-09-12 15:34:35,823 INFO response {"request_id": "fa69c41f8a9b40d1baaba1299ba5c553", "http_status": 200, "body": {"accepted": true, "real_timestamp_ms": 1789198472504, "virtual_time_s": 748, "measure_result": "no_signal"}}
2026-09-12 15:34:35,823 INFO request {"path": "/measure", "payload": {"arena_id": "default", "robot_id": "202601002029", "request_id": "6e7052cb419b45deae420c1a6f72322a", "position": {"x": 600.0000000000001, "y": 1039.2304845413264}, "channel": 16}, "attempt": 1}
2026-09-12 15:34:35,842 INFO response {"request_id": "6e7052cb419b45deae420c1a6f72322a", "http_status": 200, "body": {"accepted": true, "real_timestamp_ms": 1789198472522, "virtual_time_s": 754, "measure_result": "no_signal"}}
2026-09-12 15:34:35,842 INFO request {"path": "/measure", "payload": {"arena_id": "default", "robot_id": "202601002029", "request_id": "a148566377ed406aa4934f9250c7f8be", "position": {"x": 600.0000000000001, "y": 1039.2304845413264}, "channel": 17}, "attempt": 1}
2026-09-12 15:34:35,862 INFO response {"request_id": "a148566377ed406aa4934f9250c7f8be", "http_status": 200, "body": {"accepted": true, "real_timestamp_ms": 1789198472543, "virtual_time_s": 760, "measure_result": "no_signal"}}
2026-09-12 15:34:35,862 INFO request {"path": "/measure", "payload": {"arena_id": "default", "robot_id": "202601002029", "request_id": "a477401b053c4d14ba76950e236aa593", "position": {"x": 600.0000000000001, "y": 1039.2304845413264}, "channel": 18}, "attempt": 1}
2026-09-12 15:34:35,864 INFO response {"request_id": "a477401b053c4d14ba76950e236aa593", "http_status": 200, "body": {"accepted": true, "real_timestamp_ms": 1789198472545, "virtual_time_s": 766, "measure_result": "no_signal"}}
2026-09-12 15:34:35,864 INFO request {"path": "/measure", "payload": {"arena_id": "default", "robot_id": "202601002029", "request_id": "c8cc22f39c6a45cd9bbf0defe7cbd300", "position": {"x": 600.0000000000001, "y": 1039.2304845413264}, "channel": 20}, "attempt": 1}
2026-09-12 15:34:35,866 INFO response {"request_id": "c8cc22f39c6a45cd9bbf0defe7cbd300", "http_status": 200, "body": {"accepted": true, "real_timestamp_ms": 1789198472548, "virtual_time_s": 772, "measure_result": "no_signal"}}
2026-09-12 15:34:35,906 INFO request {"path": "/measure", "payload": {"arena_id": "default", "robot_id": "202601002029", "request_id": "8284b91c0d40470da94b64baf37fb08d", "position": {"x": 600.0000000000001, "y": 1039.2304845413264}, "channel": 3}, "attempt": 1}
2026-09-12 15:34:35,921 INFO response {"request_id": "8284b91c0d40470da94b64baf37fb08d", "http_status": 200, "body": {"accepted": true, "real_timestamp_ms": 1789198472603, "virtual_time_s": 778, "measure_result": "direction", "svd_deg": 206.14}}
2026-09-12 15:34:35,953 INFO request {"path": "/measure", "payload": {"arena_id": "default", "robot_id": "202601002029", "request_id": "aeeef3bc91f7485ea9cdb50f5e5ce882", "position": {"x": 600.0000000000001, "y": 1039.2304845413264}, "channel": 14}, "attempt": 1}
2026-09-12 15:34:35,953 INFO response {"request_id": "aeeef3bc91f7485ea9cdb50f5e5ce882", "http_status": 200, "body": {"accepted": true, "real_timestamp_ms": 1789198472635, "virtual_time_s": 784, "measure_result": "direction", "svd_deg": 181.44}}
2026-09-12 15:34:35,956 INFO request {"path": "/measure", "payload": {"arena_id": "default", "robot_id": "202601002029", "request_id": "5204105316db4fcaa9a39a3cbe4229dc", "position": {"x": -599.9999999999998, "y": 1039.2304845413264}, "channel": 4}, "attempt": 1}
2026-09-12 15:34:35,973 INFO response {"request_id": "5204105316db4fcaa9a39a3cbe4229dc", "http_status": 200, "body": {"accepted": true, "real_timestamp_ms": 1789198472654, "virtual_time_s": 1030, "measure_result": "no_signal"}}
2026-09-12 15:34:35,973 INFO request {"path": "/measure", "payload": {"arena_id": "default", "robot_id": "202601002029", "request_id": "210646f09b3b45ceb81fc8538fed8509", "position": {"x": -599.9999999999998, "y": 1039.2304845413264}, "channel": 5}, "attempt": 1}
2026-09-12 15:34:35,992 INFO response {"request_id": "210646f09b3b45ceb81fc8538fed8509", "http_status": 200, "body": {"accepted": true, "real_timestamp_ms": 1789198472674, "virtual_time_s": 1036, "measure_result": "no_signal"}}
2026-09-12 15:34:35,992 INFO request {"path": "/measure", "payload": {"arena_id": "default", "robot_id": "202601002029", "request_id": "6cf6b5e01d29490c84ba35443392042c", "position": {"x": -599.9999999999998, "y": 1039.2304845413264}, "channel": 7}, "attempt": 1}
2026-09-12 15:34:35,994 INFO response {"request_id": "6cf6b5e01d29490c84ba35443392042c", "http_status": 200, "body": {"accepted": true, "real_timestamp_ms": 1789198472675, "virtual_time_s": 1042, "measure_result": "no_signal"}}
2026-09-12 15:34:35,994 INFO request {"path": "/measure", "payload": {"arena_id": "default", "robot_id": "202601002029", "request_id": "7a6996f29191408faab01e074fc0179f", "position": {"x": -599.9999999999998, "y": 1039.2304845413264}, "channel": 8}, "attempt": 1}
2026-09-12 15:34:35,995 INFO response {"request_id": "7a6996f29191408faab01e074fc0179f", "http_status": 200, "body": {"accepted": true, "real_timestamp_ms": 1789198472677, "virtual_time_s": 1048, "measure_result": "no_signal"}}
2026-09-12 15:34:35,995 INFO request {"path": "/measure", "payload": {"arena_id": "default", "robot_id": "202601002029", "request_id": "f67e956ecce54aa297b91d1601442887", "position": {"x": -599.9999999999998, "y": 1039.2304845413264}, "channel": 9}, "attempt": 1}
2026-09-12 15:34:35,997 INFO response {"request_id": "f67e956ecce54aa297b91d1601442887", "http_status": 200, "body": {"accepted": true, "real_timestamp_ms": 1789198472678, "virtual_time_s": 1054, "measure_result": "no_signal"}}
2026-09-12 15:34:35,997 INFO request {"path": "/measure", "payload": {"arena_id": "default", "robot_id": "202601002029", "request_id": "4b67bf11d3d449f2a28ca4f086464269", "position": {"x": -599.9999999999998, "y": 1039.2304845413264}, "channel": 10}, "attempt": 1}
2026-09-12 15:34:35,998 INFO response {"request_id": "4b67bf11d3d449f2a28ca4f086464269", "http_status": 200, "body": {"accepted": true, "real_timestamp_ms": 1789198472680, "virtual_time_s": 1060, "measure_result": "no_signal"}}
2026-09-12 15:34:35,998 INFO request {"path": "/measure", "payload": {"arena_id": "default", "robot_id": "202601002029", "request_id": "b58424e406f44cbf9320ca2e62f2f140", "position": {"x": -599.9999999999998, "y": 1039.2304845413264}, "channel": 11}, "attempt": 1}
2026-09-12 15:34:35,999 INFO response {"request_id": "b58424e406f44cbf9320ca2e62f2f140", "http_status": 200, "body": {"accepted": true, "real_timestamp_ms": 1789198472681, "virtual_time_s": 1066, "measure_result": "no_signal"}}
2026-09-12 15:34:35,999 INFO request {"path": "/measure", "payload": {"arena_id": "default", "robot_id": "202601002029", "request_id": "aeb9f60207f641f59165f6c674022a38", "position": {"x": -599.9999999999998, "y": 1039.2304845413264}, "channel": 13}, "attempt": 1}
2026-09-12 15:34:36,001 INFO response {"request_id": "aeb9f60207f641f59165f6c674022a38", "http_status": 200, "body": {"accepted": true, "real_timestamp_ms": 1789198472682, "virtual_time_s": 1072, "measure_result": "direction", "svd_deg": 70.44}}
2026-09-12 15:34:36,003 INFO request {"path": "/measure", "payload": {"arena_id": "default", "robot_id": "202601002029", "request_id": "6f114330c9874c40862b24dfd7f4fb91", "position": {"x": -599.9999999999998, "y": 1039.2304845413264}, "channel": 16}, "attempt": 1}
2026-09-12 15:34:36,004 INFO response {"request_id": "6f114330c9874c40862b24dfd7f4fb91", "http_status": 200, "body": {"accepted": true, "real_timestamp_ms": 1789198472686, "virtual_time_s": 1078, "measure_result": "no_signal"}}
2026-09-12 15:34:36,004 INFO request {"path": "/measure", "payload": {"arena_id": "default", "robot_id": "202601002029", "request_id": "78063543987d47c9bd70f82415ce4f3b", "position": {"x": -599.9999999999998, "y": 1039.2304845413264}, "channel": 17}, "attempt": 1}
2026-09-12 15:34:36,005 INFO response {"request_id": "78063543987d47c9bd70f82415ce4f3b", "http_status": 200, "body": {"accepted": true, "real_timestamp_ms": 1789198472687, "virtual_time_s": 1084, "measure_result": "no_signal"}}
2026-09-12 15:34:36,005 INFO request {"path": "/measure", "payload": {"arena_id": "default", "robot_id": "202601002029", "request_id": "c344cbf4089b4503b3fcc511d49bc2a9", "position": {"x": -599.9999999999998, "y": 1039.2304845413264}, "channel": 18}, "attempt": 1}
2026-09-12 15:34:36,021 INFO response {"request_id": "c344cbf4089b4503b3fcc511d49bc2a9", "http_status": 200, "body": {"accepted": true, "real_timestamp_ms": 1789198472702, "virtual_time_s": 1090, "measure_result": "no_signal"}}
2026-09-12 15:34:36,021 INFO request {"path": "/measure", "payload": {"arena_id": "default", "robot_id": "202601002029", "request_id": "ba43a09e32b54455ad8b5f53a30fad2e", "position": {"x": -599.9999999999998, "y": 1039.2304845413264}, "channel": 20}, "attempt": 1}
2026-09-12 15:34:36,022 INFO response {"request_id": "ba43a09e32b54455ad8b5f53a30fad2e", "http_status": 200, "body": {"accepted": true, "real_timestamp_ms": 1789198472704, "virtual_time_s": 1096, "measure_result": "no_signal"}}
2026-09-12 15:34:36,053 INFO request {"path": "/measure", "payload": {"arena_id": "default", "robot_id": "202601002029", "request_id": "01b678b2a890452d8bde91ccf1e1593c", "position": {"x": -599.9999999999998, "y": 1039.2304845413264}, "channel": 6}, "attempt": 1}
2026-09-12 15:34:36,072 INFO response {"request_id": "01b678b2a890452d8bde91ccf1e1593c", "http_status": 200, "body": {"accepted": true, "real_timestamp_ms": 1789198472754, "virtual_time_s": 1102, "measure_result": "direction", "svd_deg": 59.08}}
2026-09-12 15:34:36,094 INFO request {"path": "/measure", "payload": {"arena_id": "default", "robot_id": "202601002029", "request_id": "abe965d6e80e4abc97b1357097ee0b52", "position": {"x": -599.9999999999998, "y": 1039.2304845413264}, "channel": 14}, "attempt": 1}
2026-09-12 15:34:36,109 INFO response {"request_id": "abe965d6e80e4abc97b1357097ee0b52", "http_status": 200, "body": {"accepted": true, "real_timestamp_ms": 1789198472790, "virtual_time_s": 1108, "measure_result": "direction", "svd_deg": 350.51}}
2026-09-12 15:34:36,112 INFO request {"path": "/measure", "payload": {"arena_id": "default", "robot_id": "202601002029", "request_id": "00b9eebfad4e47829c5b641f1a2a1490", "position": {"x": -1200.0, "y": 1.4695761589768238e-13}, "channel": 4}, "attempt": 1}
2026-09-12 15:34:36,128 INFO response {"request_id": "00b9eebfad4e47829c5b641f1a2a1490", "http_status": 200, "body": {"accepted": true, "real_timestamp_ms": 1789198472810, "virtual_time_s": 1354, "measure_result": "no_signal"}}
2026-09-12 15:34:36,129 INFO request {"path": "/measure", "payload": {"arena_id": "default", "robot_id": "202601002029", "request_id": "9d5db82ad73d4b36a69a78b2095bac11", "position": {"x": -1200.0, "y": 1.4695761589768238e-13}, "channel": 5}, "attempt": 1}
2026-09-12 15:34:36,130 INFO response {"request_id": "9d5db82ad73d4b36a69a78b2095bac11", "http_status": 200, "body": {"accepted": true, "real_timestamp_ms": 1789198472812, "virtual_time_s": 1360, "measure_result": "no_signal"}}
2026-09-12 15:34:36,130 INFO request {"path": "/measure", "payload": {"arena_id": "default", "robot_id": "202601002029", "request_id": "599734c1dcdb46a2a228da3a8b869b89", "position": {"x": -1200.0, "y": 1.4695761589768238e-13}, "channel": 7}, "attempt": 1}
2026-09-12 15:34:36,131 INFO response {"request_id": "599734c1dcdb46a2a228da3a8b869b89", "http_status": 200, "body": {"accepted": true, "real_timestamp_ms": 1789198472813, "virtual_time_s": 1366, "measure_result": "direction", "svd_deg": 215.14}}
2026-09-12 15:34:36,134 INFO request {"path": "/measure", "payload": {"arena_id": "default", "robot_id": "202601002029", "request_id": "92aeaab437084dfea90be091c6a5fa43", "position": {"x": -1200.0, "y": 1.4695761589768238e-13}, "channel": 8}, "attempt": 1}
2026-09-12 15:34:36,135 INFO response {"request_id": "92aeaab437084dfea90be091c6a5fa43", "http_status": 200, "body": {"accepted": true, "real_timestamp_ms": 1789198472817, "virtual_time_s": 1372, "measure_result": "no_signal"}}
2026-09-12 15:34:36,135 INFO request {"path": "/measure", "payload": {"arena_id": "default", "robot_id": "202601002029", "request_id": "c29803dc30584dc395f56d383dd90ca2", "position": {"x": -1200.0, "y": 1.4695761589768238e-13}, "channel": 9}, "attempt": 1}
2026-09-12 15:34:36,136 INFO response {"request_id": "c29803dc30584dc395f56d383dd90ca2", "http_status": 200, "body": {"accepted": true, "real_timestamp_ms": 1789198472818, "virtual_time_s": 1378, "measure_result": "no_signal"}}
2026-09-12 15:34:36,137 INFO request {"path": "/measure", "payload": {"arena_id": "default", "robot_id": "202601002029", "request_id": "26ccd21041044479a00c04e5ee9e5522", "position": {"x": -1200.0, "y": 1.4695761589768238e-13}, "channel": 10}, "attempt": 1}
2026-09-12 15:34:36,148 INFO response {"request_id": "26ccd21041044479a00c04e5ee9e5522", "http_status": 200, "body": {"accepted": true, "real_timestamp_ms": 1789198472829, "virtual_time_s": 1384, "measure_result": "no_signal"}}
2026-09-12 15:34:36,148 INFO request {"path": "/measure", "payload": {"arena_id": "default", "robot_id": "202601002029", "request_id": "0b1aff39f51c492ab9bae352cf92264f", "position": {"x": -1200.0, "y": 1.4695761589768238e-13}, "channel": 11}, "attempt": 1}
2026-09-12 15:34:36,168 INFO response {"request_id": "0b1aff39f51c492ab9bae352cf92264f", "http_status": 200, "body": {"accepted": true, "real_timestamp_ms": 1789198472850, "virtual_time_s": 1390, "measure_result": "direction", "svd_deg": 270.69}}
2026-09-12 15:34:36,170 INFO request {"path": "/measure", "payload": {"arena_id": "default", "robot_id": "202601002029", "request_id": "a85b6d7970984ca4bdd68db5c9706b5d", "position": {"x": -1200.0, "y": 1.4695761589768238e-13}, "channel": 16}, "attempt": 1}
2026-09-12 15:34:36,172 INFO response {"request_id": "a85b6d7970984ca4bdd68db5c9706b5d", "http_status": 200, "body": {"accepted": true, "real_timestamp_ms": 1789198472853, "virtual_time_s": 1396, "measure_result": "no_signal"}}
2026-09-12 15:34:36,172 INFO request {"path": "/measure", "payload": {"arena_id": "default", "robot_id": "202601002029", "request_id": "d97608a8bcd848699f194c0fc8be268e", "position": {"x": -1200.0, "y": 1.4695761589768238e-13}, "channel": 17}, "attempt": 1}
2026-09-12 15:34:36,173 INFO response {"request_id": "d97608a8bcd848699f194c0fc8be268e", "http_status": 200, "body": {"accepted": true, "real_timestamp_ms": 1789198472855, "virtual_time_s": 1402, "measure_result": "no_signal"}}
2026-09-12 15:34:36,173 INFO request {"path": "/measure", "payload": {"arena_id": "default", "robot_id": "202601002029", "request_id": "d433ebc165b34310ac31b714d77eddc4", "position": {"x": -1200.0, "y": 1.4695761589768238e-13}, "channel": 18}, "attempt": 1}
2026-09-12 15:34:36,174 INFO response {"request_id": "d433ebc165b34310ac31b714d77eddc4", "http_status": 200, "body": {"accepted": true, "real_timestamp_ms": 1789198472856, "virtual_time_s": 1408, "measure_result": "no_signal"}}
2026-09-12 15:34:36,174 INFO request {"path": "/measure", "payload": {"arena_id": "default", "robot_id": "202601002029", "request_id": "48d818ad9cff4e3f9e28864b8752a8f2", "position": {"x": -1200.0, "y": 1.4695761589768238e-13}, "channel": 20}, "attempt": 1}
2026-09-12 15:34:36,188 INFO response {"request_id": "48d818ad9cff4e3f9e28864b8752a8f2", "http_status": 200, "body": {"accepted": true, "real_timestamp_ms": 1789198472870, "virtual_time_s": 1414, "measure_result": "no_signal"}}
2026-09-12 15:34:36,198 INFO request {"path": "/measure", "payload": {"arena_id": "default", "robot_id": "202601002029", "request_id": "ee9e7e64edbe47928383d3f6a3ca02eb", "position": {"x": -600.0000000000006, "y": -1039.2304845413262}, "channel": 20}, "attempt": 1}
2026-09-12 15:34:36,200 INFO response {"request_id": "ee9e7e64edbe47928383d3f6a3ca02eb", "http_status": 200, "body": {"accepted": true, "real_timestamp_ms": 1789198472881, "virtual_time_s": 1659, "measure_result": "no_signal"}}
2026-09-12 15:34:36,200 INFO request {"path": "/measure", "payload": {"arena_id": "default", "robot_id": "202601002029", "request_id": "7709fad350ec45a8925b4b0e726c29f5", "position": {"x": -600.0000000000006, "y": -1039.2304845413262}, "channel": 4}, "attempt": 1}
2026-09-12 15:34:36,200 INFO response {"request_id": "7709fad350ec45a8925b4b0e726c29f5", "http_status": 200, "body": {"accepted": true, "real_timestamp_ms": 1789198472882, "virtual_time_s": 1665, "measure_result": "no_signal"}}
2026-09-12 15:34:36,201 INFO request {"path": "/measure", "payload": {"arena_id": "default", "robot_id": "202601002029", "request_id": "edf9e5d42f5c4ff393547c80753bce32", "position": {"x": -600.0000000000006, "y": -1039.2304845413262}, "channel": 5}, "attempt": 1}
2026-09-12 15:34:36,201 INFO response {"request_id": "edf9e5d42f5c4ff393547c80753bce32", "http_status": 200, "body": {"accepted": true, "real_timestamp_ms": 1789198472883, "virtual_time_s": 1671, "measure_result": "no_signal"}}
2026-09-12 15:34:36,201 INFO request {"path": "/measure", "payload": {"arena_id": "default", "robot_id": "202601002029", "request_id": "0e6e6561b7514028be648bf836f0a074", "position": {"x": -600.0000000000006, "y": -1039.2304845413262}, "channel": 8}, "attempt": 1}
2026-09-12 15:34:36,202 INFO response {"request_id": "0e6e6561b7514028be648bf836f0a074", "http_status": 200, "body": {"accepted": true, "real_timestamp_ms": 1789198472884, "virtual_time_s": 1677, "measure_result": "no_signal"}}
2026-09-12 15:34:36,202 INFO request {"path": "/measure", "payload": {"arena_id": "default", "robot_id": "202601002029", "request_id": "30cd170c616948d08398b863a080062a", "position": {"x": -600.0000000000006, "y": -1039.2304845413262}, "channel": 9}, "attempt": 1}
2026-09-12 15:34:36,203 INFO response {"request_id": "30cd170c616948d08398b863a080062a", "http_status": 200, "body": {"accepted": true, "real_timestamp_ms": 1789198472885, "virtual_time_s": 1683, "measure_result": "no_signal"}}
2026-09-12 15:34:36,203 INFO request {"path": "/measure", "payload": {"arena_id": "default", "robot_id": "202601002029", "request_id": "dc5fb9b4005e40c8940d48765c81e884", "position": {"x": -600.0000000000006, "y": -1039.2304845413262}, "channel": 10}, "attempt": 1}
2026-09-12 15:34:36,217 INFO response {"request_id": "dc5fb9b4005e40c8940d48765c81e884", "http_status": 200, "body": {"accepted": true, "real_timestamp_ms": 1789198472899, "virtual_time_s": 1689, "measure_result": "no_signal"}}
2026-09-12 15:34:36,218 INFO request {"path": "/measure", "payload": {"arena_id": "default", "robot_id": "202601002029", "request_id": "01fed4910737420c8d3ef4fb2dae956e", "position": {"x": -600.0000000000006, "y": -1039.2304845413262}, "channel": 16}, "attempt": 1}
2026-09-12 15:34:36,218 INFO response {"request_id": "01fed4910737420c8d3ef4fb2dae956e", "http_status": 200, "body": {"accepted": true, "real_timestamp_ms": 1789198472900, "virtual_time_s": 1695, "measure_result": "no_signal"}}
2026-09-12 15:34:36,219 INFO request {"path": "/measure", "payload": {"arena_id": "default", "robot_id": "202601002029", "request_id": "717970dfc97f4f52969addf122b5f508", "position": {"x": -600.0000000000006, "y": -1039.2304845413262}, "channel": 17}, "attempt": 1}
2026-09-12 15:34:36,238 INFO response {"request_id": "717970dfc97f4f52969addf122b5f508", "http_status": 200, "body": {"accepted": true, "real_timestamp_ms": 1789198472919, "virtual_time_s": 1701, "measure_result": "no_signal"}}
2026-09-12 15:34:36,238 INFO request {"path": "/measure", "payload": {"arena_id": "default", "robot_id": "202601002029", "request_id": "45efda1add5d4afdbbe1f84e66089ff9", "position": {"x": -600.0000000000006, "y": -1039.2304845413262}, "channel": 18}, "attempt": 1}
2026-09-12 15:34:36,239 INFO response {"request_id": "45efda1add5d4afdbbe1f84e66089ff9", "http_status": 200, "body": {"accepted": true, "real_timestamp_ms": 1789198472921, "virtual_time_s": 1707, "measure_result": "no_signal"}}
2026-09-12 15:34:36,254 INFO request {"path": "/measure", "payload": {"arena_id": "default", "robot_id": "202601002029", "request_id": "f90eddf93849445fa160700746ac4afa", "position": {"x": -600.0000000000006, "y": -1039.2304845413262}, "channel": 11}, "attempt": 1}
2026-09-12 15:34:36,266 INFO response {"request_id": "f90eddf93849445fa160700746ac4afa", "http_status": 200, "body": {"accepted": true, "real_timestamp_ms": 1789198472947, "virtual_time_s": 1713, "measure_result": "direction", "svd_deg": 154.36}}
2026-09-12 15:34:36,271 INFO request {"path": "/measure", "payload": {"arena_id": "default", "robot_id": "202601002029", "request_id": "da22a2567fdd48df881039d4c8a7c6d7", "position": {"x": 600.0000000000001, "y": -1039.2304845413264}, "channel": 4}, "attempt": 1}
2026-09-12 15:34:36,273 INFO response {"request_id": "da22a2567fdd48df881039d4c8a7c6d7", "http_status": 200, "body": {"accepted": true, "real_timestamp_ms": 1789198472954, "virtual_time_s": 1959, "measure_result": "no_signal"}}
2026-09-12 15:34:36,273 INFO request {"path": "/measure", "payload": {"arena_id": "default", "robot_id": "202601002029", "request_id": "d479c5eee63f484e9b70c5bc8b47643f", "position": {"x": 600.0000000000001, "y": -1039.2304845413264}, "channel": 5}, "attempt": 1}
2026-09-12 15:34:36,274 INFO response {"request_id": "d479c5eee63f484e9b70c5bc8b47643f", "http_status": 200, "body": {"accepted": true, "real_timestamp_ms": 1789198472955, "virtual_time_s": 1965, "measure_result": "no_signal"}}
2026-09-12 15:34:36,274 INFO request {"path": "/measure", "payload": {"arena_id": "default", "robot_id": "202601002029", "request_id": "b71e64d698664223b2f159bc91dfb07c", "position": {"x": 600.0000000000001, "y": -1039.2304845413264}, "channel": 8}, "attempt": 1}
2026-09-12 15:34:36,285 INFO response {"request_id": "b71e64d698664223b2f159bc91dfb07c", "http_status": 200, "body": {"accepted": true, "real_timestamp_ms": 1789198472967, "virtual_time_s": 1971, "measure_result": "no_signal"}}
2026-09-12 15:34:36,285 INFO request {"path": "/measure", "payload": {"arena_id": "default", "robot_id": "202601002029", "request_id": "54fe3c027441448ca40555665e94f0e2", "position": {"x": 600.0000000000001, "y": -1039.2304845413264}, "channel": 9}, "attempt": 1}
2026-09-12 15:34:36,286 INFO response {"request_id": "54fe3c027441448ca40555665e94f0e2", "http_status": 200, "body": {"accepted": true, "real_timestamp_ms": 1789198472969, "virtual_time_s": 1977, "measure_result": "no_signal"}}
2026-09-12 15:34:36,287 INFO request {"path": "/measure", "payload": {"arena_id": "default", "robot_id": "202601002029", "request_id": "e2d052f6d6994a76a2dc7dfbc242e53a", "position": {"x": 600.0000000000001, "y": -1039.2304845413264}, "channel": 10}, "attempt": 1}
2026-09-12 15:34:36,288 INFO response {"request_id": "e2d052f6d6994a76a2dc7dfbc242e53a", "http_status": 200, "body": {"accepted": true, "real_timestamp_ms": 1789198472970, "virtual_time_s": 1983, "measure_result": "no_signal"}}
2026-09-12 15:34:36,288 INFO request {"path": "/measure", "payload": {"arena_id": "default", "robot_id": "202601002029", "request_id": "f3fcc6f3b34143bbafcc532f6a592d80", "position": {"x": 600.0000000000001, "y": -1039.2304845413264}, "channel": 16}, "attempt": 1}
2026-09-12 15:34:36,290 INFO response {"request_id": "f3fcc6f3b34143bbafcc532f6a592d80", "http_status": 200, "body": {"accepted": true, "real_timestamp_ms": 1789198472971, "virtual_time_s": 1989, "measure_result": "no_signal"}}
2026-09-12 15:34:36,290 INFO request {"path": "/measure", "payload": {"arena_id": "default", "robot_id": "202601002029", "request_id": "b86b99ae683649adaed3066b2fe58ad6", "position": {"x": 600.0000000000001, "y": -1039.2304845413264}, "channel": 17}, "attempt": 1}
2026-09-12 15:34:36,304 INFO response {"request_id": "b86b99ae683649adaed3066b2fe58ad6", "http_status": 200, "body": {"accepted": true, "real_timestamp_ms": 1789198472986, "virtual_time_s": 1995, "measure_result": "no_signal"}}
2026-09-12 15:34:36,304 INFO request {"path": "/measure", "payload": {"arena_id": "default", "robot_id": "202601002029", "request_id": "15036d786b8d4678a5f693745c349598", "position": {"x": 600.0000000000001, "y": -1039.2304845413264}, "channel": 18}, "attempt": 1}
2026-09-12 15:34:36,325 INFO response {"request_id": "15036d786b8d4678a5f693745c349598", "http_status": 200, "body": {"accepted": true, "real_timestamp_ms": 1789198473006, "virtual_time_s": 2001, "measure_result": "no_signal"}}
2026-09-12 15:34:36,325 INFO request {"path": "/measure", "payload": {"arena_id": "default", "robot_id": "202601002029", "request_id": "d8561f6c42984c49b34a9031bac093e2", "position": {"x": 600.0000000000001, "y": -1039.2304845413264}, "channel": 20}, "attempt": 1}
2026-09-12 15:34:36,344 INFO response {"request_id": "d8561f6c42984c49b34a9031bac093e2", "http_status": 200, "body": {"accepted": true, "real_timestamp_ms": 1789198473026, "virtual_time_s": 2007, "measure_result": "no_signal"}}
2026-09-12 15:34:36,363 INFO request {"path": "/measure", "payload": {"arena_id": "default", "robot_id": "202601002029", "request_id": "3e37c5ed14944c16a3229bef835461c3", "position": {"x": 600.0000000000001, "y": -1039.2304845413264}, "channel": 1}, "attempt": 1}
2026-09-12 15:34:36,383 INFO response {"request_id": "3e37c5ed14944c16a3229bef835461c3", "http_status": 200, "body": {"accepted": true, "real_timestamp_ms": 1789198473064, "virtual_time_s": 2013, "measure_result": "direction", "svd_deg": 1.2}}
2026-09-12 15:34:36,394 INFO request {"path": "/measure", "payload": {"arena_id": "default", "robot_id": "202601002029", "request_id": "55288689f366447c865586e432110359", "position": {"x": 600.0000000000001, "y": -1039.2304845413264}, "channel": 2}, "attempt": 1}
2026-09-12 15:34:36,395 INFO response {"request_id": "55288689f366447c865586e432110359", "http_status": 200, "body": {"accepted": true, "real_timestamp_ms": 1789198473077, "virtual_time_s": 2019, "measure_result": "direction", "svd_deg": 112.02}}
2026-09-12 15:34:42,398 INFO request {"path": "/measure", "payload": {"arena_id": "default", "robot_id": "202601002029", "request_id": "be8013fbfe80483392bfddbb22114076", "position": {"x": -21.316260253159783, "y": -1057.4522825023294}, "channel": 15}, "attempt": 1}
2026-09-12 15:34:42,410 INFO response {"request_id": "be8013fbfe80483392bfddbb22114076", "http_status": 200, "body": {"accepted": true, "real_timestamp_ms": 1789198479092, "virtual_time_s": 2149.316681, "measure_result": "direction", "svd_deg": 73.5}}
2026-09-12 15:34:42,425 INFO request {"path": "/measure", "payload": {"arena_id": "default", "robot_id": "202601002029", "request_id": "06e2c2f761f74ce08fbd91eafbfeba00", "position": {"x": -21.316260253159783, "y": -1057.4522825023294}, "channel": 2}, "attempt": 1}
2026-09-12 15:34:42,441 INFO response {"request_id": "06e2c2f761f74ce08fbd91eafbfeba00", "http_status": 200, "body": {"accepted": true, "real_timestamp_ms": 1789198479122, "virtual_time_s": 2155.316681, "measure_result": "direction", "svd_deg": 49.09}}
2026-09-12 15:34:43,081 INFO request {"path": "/measure", "payload": {"arena_id": "default", "robot_id": "202601002029", "request_id": "a1280a42b32b4ccbbaf94fe02de8f52c", "position": {"x": -83.90191242300719, "y": -594.9718954038507}, "channel": 15}, "attempt": 1}
2026-09-12 15:34:43,097 INFO response {"request_id": "a1280a42b32b4ccbbaf94fe02de8f52c", "http_status": 200, "body": {"accepted": true, "real_timestamp_ms": 1789198479779, "virtual_time_s": 2254.655863, "measure_result": "direction", "svd_deg": 46.44}}
2026-09-12 15:34:43,102 INFO request {"path": "/clear", "payload": {"arena_id": "default", "robot_id": "202601002029", "request_id": "398d3a0d3b8c4517b70515407f8c40c2", "position": {"x": 192.7753337334157, "y": -303.81739959714923}, "channel": 15}, "attempt": 1}
2026-09-12 15:34:43,117 INFO response {"request_id": "398d3a0d3b8c4517b70515407f8c40c2", "http_status": 200, "body": {"accepted": true, "real_timestamp_ms": 1789198479798, "virtual_time_s": 2339.985494, "clear_result": "success"}}
2026-09-12 15:34:43,152 INFO request {"path": "/clear", "payload": {"arena_id": "default", "robot_id": "202601002029", "request_id": "3f0f2a32f7fd45c88b56adefec356d7f", "position": {"x": 406.0302246447232, "y": -563.9172990523476}, "channel": 2}, "attempt": 1}
2026-09-12 15:34:43,153 INFO response {"request_id": "3f0f2a32f7fd45c88b56adefec356d7f", "http_status": 200, "body": {"accepted": true, "real_timestamp_ms": 1789198479835, "virtual_time_s": 2412.254984, "clear_result": "success"}}
2026-09-12 15:34:43,165 INFO request {"path": "/measure", "payload": {"arena_id": "default", "robot_id": "202601002029", "request_id": "0416d13115594ee4a2badad692c7e90e", "position": {"x": 406.0302246447232, "y": -563.9172990523476}, "channel": 1}, "attempt": 1}
2026-09-12 15:34:43,177 INFO response {"request_id": "0416d13115594ee4a2badad692c7e90e", "http_status": 200, "body": {"accepted": true, "real_timestamp_ms": 1789198479858, "virtual_time_s": 2418.254984, "measure_result": "direction", "svd_deg": 329.3}}
2026-09-12 15:34:43,185 INFO request {"path": "/clear", "payload": {"arena_id": "default", "robot_id": "202601002029", "request_id": "5a7c297b9db84a97ab771197d9914f25", "position": {"x": 1157.4469622141914, "y": -1026.6470655166074}, "channel": 1}, "attempt": 1}
2026-09-12 15:34:43,196 INFO response {"request_id": "5a7c297b9db84a97ab771197d9914f25", "http_status": 200, "body": {"accepted": true, "real_timestamp_ms": 1789198479877, "virtual_time_s": 2599.748151, "clear_result": "success"}}
2026-09-12 15:34:43,198 INFO request {"path": "/measure", "payload": {"arena_id": "default", "robot_id": "202601002029", "request_id": "92e862b9b8f144d0b5c5ae03bd3f9e34", "position": {"x": 1337.3222302793965, "y": 23.48746891976259}, "channel": 12}, "attempt": 1}
2026-09-12 15:34:43,200 INFO response {"request_id": "92e862b9b8f144d0b5c5ae03bd3f9e34", "http_status": 200, "body": {"accepted": true, "real_timestamp_ms": 1789198479881, "virtual_time_s": 2818.833829, "measure_result": "direction", "svd_deg": 167.87}}
2026-09-12 15:34:43,221 INFO request {"path": "/measure", "payload": {"arena_id": "default", "robot_id": "202601002029", "request_id": "b10837b319704c4b968ebb809bf4a61e", "position": {"x": 1337.3222302793965, "y": 23.48746891976259}, "channel": 19}, "attempt": 1}
2026-09-12 15:34:43,234 INFO response {"request_id": "b10837b319704c4b968ebb809bf4a61e", "http_status": 200, "body": {"accepted": true, "real_timestamp_ms": 1789198479916, "virtual_time_s": 2824.833829, "measure_result": "direction", "svd_deg": 136.16}}
2026-09-12 15:34:44,315 INFO request {"path": "/measure", "payload": {"arena_id": "default", "robot_id": "202601002029", "request_id": "f1c33223f37c4ebd854271a6a89fb7ec", "position": {"x": 806.2071655022639, "y": -147.31466852102093}, "channel": 12}, "attempt": 1}
2026-09-12 15:34:44,331 INFO response {"request_id": "f1c33223f37c4ebd854271a6a89fb7ec", "http_status": 200, "body": {"accepted": true, "real_timestamp_ms": 1789198481013, "virtual_time_s": 2942.414577, "measure_result": "direction", "svd_deg": 127.4}}
2026-09-12 15:34:44,348 INFO request {"path": "/measure", "payload": {"arena_id": "default", "robot_id": "202601002029", "request_id": "728025933b114f15848face7fb9b0249", "position": {"x": 953.702851760682, "y": 386.750048129803}, "channel": 19}, "attempt": 1}
2026-09-12 15:34:44,360 INFO response {"request_id": "728025933b114f15848face7fb9b0249", "http_status": 200, "body": {"accepted": true, "real_timestamp_ms": 1789198481041, "virtual_time_s": 3059.226147, "measure_result": "direction", "svd_deg": 138.17}}
2026-09-12 15:34:44,368 INFO request {"path": "/clear", "payload": {"arena_id": "default", "robot_id": "202601002029", "request_id": "3520c0b1c5984950be83e6b63a3878d1", "position": {"x": 556.0780985291856, "y": 179.50811237067518}, "channel": 12}, "attempt": 1}
2026-09-12 15:34:44,369 INFO response {"request_id": "3520c0b1c5984950be83e6b63a3878d1", "http_status": 200, "body": {"accepted": true, "real_timestamp_ms": 1789198481051, "virtual_time_s": 3153.904386, "clear_result": "success"}}
2026-09-12 15:34:44,382 INFO request {"path": "/measure", "payload": {"arena_id": "default", "robot_id": "202601002029", "request_id": "49cf74bcafd640a99dc8c53abd77f9ca", "position": {"x": 556.0780985291856, "y": 179.50811237067518}, "channel": 3}, "attempt": 1}
2026-09-12 15:34:44,399 INFO response {"request_id": "49cf74bcafd640a99dc8c53abd77f9ca", "http_status": 200, "body": {"accepted": true, "real_timestamp_ms": 1789198481080, "virtual_time_s": 3159.904386, "measure_result": "direction", "svd_deg": 153.48}}
2026-09-12 15:34:44,953 INFO request {"path": "/clear", "payload": {"arena_id": "default", "robot_id": "202601002029", "request_id": "1e833ca457494cd682228f642e7a14e9", "position": {"x": 658.1486192498933, "y": 658.7465494982868}, "channel": 19}, "attempt": 1}
2026-09-12 15:34:44,976 INFO response {"request_id": "1e833ca457494cd682228f642e7a14e9", "http_status": 200, "body": {"accepted": true, "real_timestamp_ms": 1789198481657, "virtual_time_s": 3262.901911, "clear_result": "success"}}
2026-09-12 15:34:44,991 INFO request {"path": "/measure", "payload": {"arena_id": "default", "robot_id": "202601002029", "request_id": "16dd559fffa84eac911b2f4fecadd29d", "position": {"x": 658.1486192498933, "y": 658.7465494982868}, "channel": 3}, "attempt": 1}
2026-09-12 15:34:45,002 INFO response {"request_id": "16dd559fffa84eac911b2f4fecadd29d", "http_status": 200, "body": {"accepted": true, "real_timestamp_ms": 1789198481684, "virtual_time_s": 3267.901911, "measure_result": "direction", "svd_deg": 184.47}}
2026-09-12 15:34:45,007 INFO request {"path": "/measure", "payload": {"arena_id": "default", "robot_id": "202601002029", "request_id": "2e4e55a853334149917c5be811057135", "position": {"x": -42.21330974867254, "y": 1422.1696009073432}, "channel": 13}, "attempt": 1}
2026-09-12 15:34:45,023 INFO response {"request_id": "2e4e55a853334149917c5be811057135", "http_status": 200, "body": {"accepted": true, "real_timestamp_ms": 1789198481704, "virtual_time_s": 3481.104381, "measure_result": "direction", "svd_deg": 176.18}}
2026-09-12 15:34:45,074 INFO request {"path": "/measure", "payload": {"arena_id": "default", "robot_id": "202601002029", "request_id": "b839b1a8b14149a1937bb6a1d5edf2e5", "position": {"x": -42.21330974867254, "y": 1422.1696009073432}, "channel": 14}, "attempt": 1}
2026-09-12 15:34:45,091 INFO response {"request_id": "b839b1a8b14149a1937bb6a1d5edf2e5", "http_status": 200, "body": {"accepted": true, "real_timestamp_ms": 1789198481773, "virtual_time_s": 3487.104381, "measure_result": "direction", "svd_deg": 229.21}}
2026-09-12 15:34:45,115 INFO request {"path": "/measure", "payload": {"arena_id": "default", "robot_id": "202601002029", "request_id": "97f45412a5d44805b4b555fde9a05a63", "position": {"x": -42.21330974867254, "y": 1422.1696009073432}, "channel": 6}, "attempt": 1}
2026-09-12 15:34:45,130 INFO response {"request_id": "97f45412a5d44805b4b555fde9a05a63", "http_status": 200, "body": {"accepted": true, "real_timestamp_ms": 1789198481812, "virtual_time_s": 3493.104381, "measure_result": "direction", "svd_deg": 180.49}}
2026-09-12 15:34:45,138 INFO request {"path": "/clear", "payload": {"arena_id": "default", "robot_id": "202601002029", "request_id": "2ecc54707fb64a21a01577158c06637b", "position": {"x": -372.22265591993664, "y": 1419.1277159245265}, "channel": 6}, "attempt": 1}
2026-09-12 15:34:45,150 INFO response {"request_id": "2ecc54707fb64a21a01577158c06637b", "http_status": 200, "body": {"accepted": true, "real_timestamp_ms": 1789198481831, "virtual_time_s": 3564.109054, "clear_result": "success"}}
2026-09-12 15:34:45,151 INFO request {"path": "/clear", "payload": {"arena_id": "default", "robot_id": "202601002029", "request_id": "0596f0f22d694bd68ecfefd3431ae0ee", "position": {"x": -454.0557387045204, "y": 1449.494872372201}, "channel": 13}, "attempt": 1}
2026-09-12 15:34:45,152 INFO response {"request_id": "0596f0f22d694bd68ecfefd3431ae0ee", "http_status": 200, "body": {"accepted": true, "real_timestamp_ms": 1789198481834, "virtual_time_s": 3586.566222, "clear_result": "success"}}
2026-09-12 15:34:45,153 INFO request {"path": "/clear", "payload": {"arena_id": "default", "robot_id": "202601002029", "request_id": "e2bd6181ca3b499abc53bfba0a218c23", "position": {"x": -401.32333948022773, "y": 1006.255540203039}, "channel": 14}, "attempt": 1}
2026-09-12 15:34:45,155 INFO response {"request_id": "e2bd6181ca3b499abc53bfba0a218c23", "http_status": 200, "body": {"accepted": true, "real_timestamp_ms": 1789198481836, "virtual_time_s": 3680.839244, "clear_result": "success"}}
2026-09-12 15:34:45,155 INFO request {"path": "/clear", "payload": {"arena_id": "default", "robot_id": "202601002029", "request_id": "0d19e8335c8c4d2bb68f740c15643d8d", "position": {"x": -280.6105262053276, "y": 597.7764470047151}, "channel": 3}, "attempt": 1}
2026-09-12 15:34:45,157 INFO response {"request_id": "0d19e8335c8c4d2bb68f740c15643d8d", "http_status": 200, "body": {"accepted": true, "real_timestamp_ms": 1789198481838, "virtual_time_s": 3771.027683, "clear_result": "success"}}
2026-09-12 15:34:45,157 INFO request {"path": "/measure", "payload": {"arena_id": "default", "robot_id": "202601002029", "request_id": "a5a7062c29464d58b095b3760ed260a6", "position": {"x": -906.5226595075178, "y": -473.1275902141724}, "channel": 11}, "attempt": 1}
2026-09-12 15:34:45,159 INFO response {"request_id": "a5a7062c29464d58b095b3760ed260a6", "http_status": 200, "body": {"accepted": true, "real_timestamp_ms": 1789198481840, "virtual_time_s": 4025.108432, "measure_result": "direction", "svd_deg": 226.33}}
2026-09-12 15:34:45,178 INFO request {"path": "/measure", "payload": {"arena_id": "default", "robot_id": "202601002029", "request_id": "e215f3091e224c69b1c2d7f509983fb5", "position": {"x": -906.5226595075178, "y": -473.1275902141724}, "channel": 7}, "attempt": 1}
2026-09-12 15:34:45,180 INFO response {"request_id": "e215f3091e224c69b1c2d7f509983fb5", "http_status": 200, "body": {"accepted": true, "real_timestamp_ms": 1789198481861, "virtual_time_s": 4031.108432, "measure_result": "direction", "svd_deg": 172.4}}
2026-09-12 15:34:45,658 INFO request {"path": "/clear", "payload": {"arena_id": "default", "robot_id": "202601002029", "request_id": "11028897ce3d48458538a3bc40d15219", "position": {"x": -1184.8530240051077, "y": -759.8572210058958}, "channel": 11}, "attempt": 1}
2026-09-12 15:34:45,674 INFO response {"request_id": "11028897ce3d48458538a3bc40d15219", "http_status": 200, "body": {"accepted": true, "real_timestamp_ms": 1789198482355, "virtual_time_s": 4116.028811, "clear_result": "success"}}
2026-09-12 15:34:45,692 INFO request {"path": "/measure", "payload": {"arena_id": "default", "robot_id": "202601002029", "request_id": "011f7bf3af374a1a9cc4bdad50466efb", "position": {"x": -1184.8530240051077, "y": -759.8572210058958}, "channel": 7}, "attempt": 1}
2026-09-12 15:34:45,694 INFO response {"request_id": "011f7bf3af374a1a9cc4bdad50466efb", "http_status": 200, "body": {"accepted": true, "real_timestamp_ms": 1789198482376, "virtual_time_s": 4121.028811, "measure_result": "direction", "svd_deg": 142.22}}
2026-09-12 15:34:45,698 INFO request {"path": "/clear", "payload": {"arena_id": "default", "robot_id": "202601002029", "request_id": "1d60e2c3c53e40e6ae90d46beefefeaa", "position": {"x": -1706.2774579666077, "y": -356.0181299903125}, "channel": 7}, "attempt": 1}
2026-09-12 15:34:45,714 INFO response {"request_id": "1d60e2c3c53e40e6ae90d46beefefeaa", "http_status": 200, "body": {"accepted": true, "real_timestamp_ms": 1789198482395, "virtual_time_s": 4257.933239, "clear_result": "success"}}
2026-09-12 15:34:45,714 INFO request {"path": "/exit", "payload": {"arena_id": "default", "robot_id": "202601002029", "request_id": "df341600de234acc807fe5f98383f764"}, "attempt": 1}
2026-09-12 15:34:45,734 INFO response {"request_id": "df341600de234acc807fe5f98383f764", "http_status": 200, "body": {"accepted": true, "real_timestamp_ms": 1789198482415, "virtual_time_s": 4257.933239, "exit_reason": "user_exit"}}
