2026-09-12 13:34:15,760 INFO request {"path": "/enter", "payload": {"arena_id": "default", "robot_id": "202601002029", "request_id": "41521893717d4fd3a35e7adc5720efb0"}, "attempt": 1}
2026-09-12 13:34:15,764 INFO response {"request_id": "41521893717d4fd3a35e7adc5720efb0", "http_status": 200, "body": {"accepted": true, "real_timestamp_ms": 1789191252390, "virtual_time_s": 0, "max_virtual_duration_s": 360000, "max_real_duration_s": 1200, "remaining_real_duration_s": 1200}}
2026-09-12 13:34:15,764 INFO request {"path": "/measure", "payload": {"arena_id": "default", "robot_id": "202601002029", "request_id": "8cd09adab74247a9b60df94371ad1ed1", "position": {"x": 0.0, "y": 0.0}, "channel": 1}, "attempt": 1}
2026-09-12 13:34:15,765 INFO response {"request_id": "8cd09adab74247a9b60df94371ad1ed1", "http_status": 200, "body": {"accepted": true, "real_timestamp_ms": 1789191252391, "virtual_time_s": 5, "measure_result": "direction", "svd_deg": 336.97}}
2026-09-12 13:34:15,775 INFO request {"path": "/measure", "payload": {"arena_id": "default", "robot_id": "202601002029", "request_id": "7a8501ba661e4c5cb6029638ebdff536", "position": {"x": 0.0, "y": 0.0}, "channel": 2}, "attempt": 1}
2026-09-12 13:34:15,778 INFO response {"request_id": "7a8501ba661e4c5cb6029638ebdff536", "http_status": 200, "body": {"accepted": true, "real_timestamp_ms": 1789191252403, "virtual_time_s": 11, "measure_result": "no_signal"}}
2026-09-12 13:34:15,778 INFO request {"path": "/measure", "payload": {"arena_id": "default", "robot_id": "202601002029", "request_id": "91c1f88e9b5e4c3eb8094b1b6b863bef", "position": {"x": 0.0, "y": 0.0}, "channel": 3}, "attempt": 1}
2026-09-12 13:34:15,780 INFO response {"request_id": "91c1f88e9b5e4c3eb8094b1b6b863bef", "http_status": 200, "body": {"accepted": true, "real_timestamp_ms": 1789191252406, "virtual_time_s": 17, "measure_result": "no_signal"}}
2026-09-12 13:34:15,781 INFO request {"path": "/measure", "payload": {"arena_id": "default", "robot_id": "202601002029", "request_id": "57b52162f27145bb826e9a35e2e581ec", "position": {"x": 0.0, "y": 0.0}, "channel": 4}, "attempt": 1}
2026-09-12 13:34:15,783 INFO response {"request_id": "57b52162f27145bb826e9a35e2e581ec", "http_status": 200, "body": {"accepted": true, "real_timestamp_ms": 1789191252409, "virtual_time_s": 23, "measure_result": "no_signal"}}
2026-09-12 13:34:15,783 INFO request {"path": "/measure", "payload": {"arena_id": "default", "robot_id": "202601002029", "request_id": "aedb1b1b4feb42f7854813c116a0a4fc", "position": {"x": 0.0, "y": 0.0}, "channel": 5}, "attempt": 1}
2026-09-12 13:34:15,784 INFO response {"request_id": "aedb1b1b4feb42f7854813c116a0a4fc", "http_status": 200, "body": {"accepted": true, "real_timestamp_ms": 1789191252410, "virtual_time_s": 29, "measure_result": "no_signal"}}
2026-09-12 13:34:15,785 INFO request {"path": "/measure", "payload": {"arena_id": "default", "robot_id": "202601002029", "request_id": "0b9fef1b81b6421090a1d092fd6b5e39", "position": {"x": 0.0, "y": 0.0}, "channel": 6}, "attempt": 1}
2026-09-12 13:34:15,787 INFO response {"request_id": "0b9fef1b81b6421090a1d092fd6b5e39", "http_status": 200, "body": {"accepted": true, "real_timestamp_ms": 1789191252412, "virtual_time_s": 35, "measure_result": "direction", "svd_deg": 16.2}}
2026-09-12 13:34:15,790 INFO request {"path": "/measure", "payload": {"arena_id": "default", "robot_id": "202601002029", "request_id": "d16dabda23ef475e85763f4306844be1", "position": {"x": 0.0, "y": 0.0}, "channel": 7}, "attempt": 1}
2026-09-12 13:34:15,792 INFO response {"request_id": "d16dabda23ef475e85763f4306844be1", "http_status": 200, "body": {"accepted": true, "real_timestamp_ms": 1789191252418, "virtual_time_s": 41, "measure_result": "direction", "svd_deg": 128.98}}
2026-09-12 13:34:15,794 INFO request {"path": "/measure", "payload": {"arena_id": "default", "robot_id": "202601002029", "request_id": "ce8f6db321e14d4dbcef20eb89bb599a", "position": {"x": 0.0, "y": 0.0}, "channel": 8}, "attempt": 1}
2026-09-12 13:34:15,814 INFO response {"request_id": "ce8f6db321e14d4dbcef20eb89bb599a", "http_status": 200, "body": {"accepted": true, "real_timestamp_ms": 1789191252439, "virtual_time_s": 47, "measure_result": "no_signal"}}
2026-09-12 13:34:15,814 INFO request {"path": "/measure", "payload": {"arena_id": "default", "robot_id": "202601002029", "request_id": "f94109836d93494d8c44cd24783a617b", "position": {"x": 0.0, "y": 0.0}, "channel": 9}, "attempt": 1}
2026-09-12 13:34:15,834 INFO response {"request_id": "f94109836d93494d8c44cd24783a617b", "http_status": 200, "body": {"accepted": true, "real_timestamp_ms": 1789191252460, "virtual_time_s": 53, "measure_result": "no_signal"}}
2026-09-12 13:34:15,834 INFO request {"path": "/measure", "payload": {"arena_id": "default", "robot_id": "202601002029", "request_id": "07678c1c8adc4ab191f62d6783f0c377", "position": {"x": 0.0, "y": 0.0}, "channel": 10}, "attempt": 1}
2026-09-12 13:34:15,836 INFO response {"request_id": "07678c1c8adc4ab191f62d6783f0c377", "http_status": 200, "body": {"accepted": true, "real_timestamp_ms": 1789191252462, "virtual_time_s": 59, "measure_result": "no_signal"}}
2026-09-12 13:34:15,837 INFO request {"path": "/measure", "payload": {"arena_id": "default", "robot_id": "202601002029", "request_id": "cdcef01676cc42a4812ba898bf4eb6d0", "position": {"x": 0.0, "y": 0.0}, "channel": 11}, "attempt": 1}
2026-09-12 13:34:15,838 INFO response {"request_id": "cdcef01676cc42a4812ba898bf4eb6d0", "http_status": 200, "body": {"accepted": true, "real_timestamp_ms": 1789191252464, "virtual_time_s": 65, "measure_result": "no_signal"}}
2026-09-12 13:34:15,838 INFO request {"path": "/measure", "payload": {"arena_id": "default", "robot_id": "202601002029", "request_id": "cfa5ddcb965b467681252ca5eefbf1de", "position": {"x": 0.0, "y": 0.0}, "channel": 12}, "attempt": 1}
2026-09-12 13:34:15,840 INFO response {"request_id": "cfa5ddcb965b467681252ca5eefbf1de", "http_status": 200, "body": {"accepted": true, "real_timestamp_ms": 1789191252466, "virtual_time_s": 71, "measure_result": "direction", "svd_deg": 189.2}}
2026-09-12 13:34:15,844 INFO request {"path": "/measure", "payload": {"arena_id": "default", "robot_id": "202601002029", "request_id": "d8a7ce2f698f4d90955a7622c03ab475", "position": {"x": 0.0, "y": 0.0}, "channel": 13}, "attempt": 1}
2026-09-12 13:34:15,846 INFO response {"request_id": "d8a7ce2f698f4d90955a7622c03ab475", "http_status": 200, "body": {"accepted": true, "real_timestamp_ms": 1789191252471, "virtual_time_s": 77, "measure_result": "no_signal"}}
2026-09-12 13:34:15,846 INFO request {"path": "/measure", "payload": {"arena_id": "default", "robot_id": "202601002029", "request_id": "cd3a946f311148f783d2fcb070811107", "position": {"x": 0.0, "y": 0.0}, "channel": 14}, "attempt": 1}
2026-09-12 13:34:15,862 INFO response {"request_id": "cd3a946f311148f783d2fcb070811107", "http_status": 200, "body": {"accepted": true, "real_timestamp_ms": 1789191252489, "virtual_time_s": 83, "measure_result": "no_signal"}}
2026-09-12 13:34:15,863 INFO request {"path": "/measure", "payload": {"arena_id": "default", "robot_id": "202601002029", "request_id": "15a12c5c648340d4b981cd167b5cd757", "position": {"x": 0.0, "y": 0.0}, "channel": 15}, "attempt": 1}
2026-09-12 13:34:15,883 INFO response {"request_id": "15a12c5c648340d4b981cd167b5cd757", "http_status": 200, "body": {"accepted": true, "real_timestamp_ms": 1789191252508, "virtual_time_s": 89, "measure_result": "direction", "svd_deg": 44.36}}
2026-09-12 13:34:15,885 INFO request {"path": "/measure", "payload": {"arena_id": "default", "robot_id": "202601002029", "request_id": "7747956a7f5b4c2f8c2d996b25b1bfc1", "position": {"x": 0.0, "y": 0.0}, "channel": 16}, "attempt": 1}
2026-09-12 13:34:15,886 INFO response {"request_id": "7747956a7f5b4c2f8c2d996b25b1bfc1", "http_status": 200, "body": {"accepted": true, "real_timestamp_ms": 1789191252511, "virtual_time_s": 95, "measure_result": "no_signal"}}
2026-09-12 13:34:15,886 INFO request {"path": "/measure", "payload": {"arena_id": "default", "robot_id": "202601002029", "request_id": "513c5140ce064b7d8daa3e8e4160eddc", "position": {"x": 0.0, "y": 0.0}, "channel": 17}, "attempt": 1}
2026-09-12 13:34:15,902 INFO response {"request_id": "513c5140ce064b7d8daa3e8e4160eddc", "http_status": 200, "body": {"accepted": true, "real_timestamp_ms": 1789191252528, "virtual_time_s": 101, "measure_result": "no_signal"}}
2026-09-12 13:34:15,903 INFO request {"path": "/measure", "payload": {"arena_id": "default", "robot_id": "202601002029", "request_id": "8b0bfe6a28e6498ab8b992a53aa0fc82", "position": {"x": 0.0, "y": 0.0}, "channel": 18}, "attempt": 1}
2026-09-12 13:34:15,922 INFO response {"request_id": "8b0bfe6a28e6498ab8b992a53aa0fc82", "http_status": 200, "body": {"accepted": true, "real_timestamp_ms": 1789191252547, "virtual_time_s": 107, "measure_result": "no_signal"}}
2026-09-12 13:34:15,922 INFO request {"path": "/measure", "payload": {"arena_id": "default", "robot_id": "202601002029", "request_id": "ab1f84b3ae7b4de199dd56a3ce0f63e8", "position": {"x": 0.0, "y": 0.0}, "channel": 19}, "attempt": 1}
2026-09-12 13:34:15,942 INFO response {"request_id": "ab1f84b3ae7b4de199dd56a3ce0f63e8", "http_status": 200, "body": {"accepted": true, "real_timestamp_ms": 1789191252567, "virtual_time_s": 113, "measure_result": "no_signal"}}
2026-09-12 13:34:15,942 INFO request {"path": "/measure", "payload": {"arena_id": "default", "robot_id": "202601002029", "request_id": "6827d73fea5e4c08b4a5a017150a6ff5", "position": {"x": 0.0, "y": 0.0}, "channel": 20}, "attempt": 1}
2026-09-12 13:34:15,961 INFO response {"request_id": "6827d73fea5e4c08b4a5a017150a6ff5", "http_status": 200, "body": {"accepted": true, "real_timestamp_ms": 1789191252587, "virtual_time_s": 119, "measure_result": "no_signal"}}
2026-09-12 13:34:15,961 INFO request {"path": "/measure", "payload": {"arena_id": "default", "robot_id": "202601002029", "request_id": "d0ef46907a7e49bc845ff2f7cf6dce44", "position": {"x": 1200.0, "y": 0.0}, "channel": 20}, "attempt": 1}
2026-09-12 13:34:15,980 INFO response {"request_id": "d0ef46907a7e49bc845ff2f7cf6dce44", "http_status": 200, "body": {"accepted": true, "real_timestamp_ms": 1789191252606, "virtual_time_s": 364, "measure_result": "no_signal"}}
2026-09-12 13:34:15,980 INFO request {"path": "/measure", "payload": {"arena_id": "default", "robot_id": "202601002029", "request_id": "8fc22fdee20b4a6eb768dbd4a4e87aa7", "position": {"x": 1200.0, "y": 0.0}, "channel": 2}, "attempt": 1}
2026-09-12 13:34:16,000 INFO response {"request_id": "8fc22fdee20b4a6eb768dbd4a4e87aa7", "http_status": 200, "body": {"accepted": true, "real_timestamp_ms": 1789191252626, "virtual_time_s": 370, "measure_result": "no_signal"}}
2026-09-12 13:34:16,000 INFO request {"path": "/measure", "payload": {"arena_id": "default", "robot_id": "202601002029", "request_id": "c437b97fe1914dbfb610f8978f65dd2c", "position": {"x": 1200.0, "y": 0.0}, "channel": 3}, "attempt": 1}
2026-09-12 13:34:16,001 INFO response {"request_id": "c437b97fe1914dbfb610f8978f65dd2c", "http_status": 200, "body": {"accepted": true, "real_timestamp_ms": 1789191252627, "virtual_time_s": 376, "measure_result": "direction", "svd_deg": 267.66}}
2026-09-12 13:34:16,003 INFO request {"path": "/measure", "payload": {"arena_id": "default", "robot_id": "202601002029", "request_id": "c6fab1f4f4a246218bbc7df45676b6d6", "position": {"x": 1200.0, "y": 0.0}, "channel": 4}, "attempt": 1}
2026-09-12 13:34:16,020 INFO response {"request_id": "c6fab1f4f4a246218bbc7df45676b6d6", "http_status": 200, "body": {"accepted": true, "real_timestamp_ms": 1789191252646, "virtual_time_s": 382, "measure_result": "no_signal"}}
2026-09-12 13:34:16,020 INFO request {"path": "/measure", "payload": {"arena_id": "default", "robot_id": "202601002029", "request_id": "19187687ea93490ab04a90ad32892c97", "position": {"x": 1200.0, "y": 0.0}, "channel": 5}, "attempt": 1}
2026-09-12 13:34:16,021 INFO response {"request_id": "19187687ea93490ab04a90ad32892c97", "http_status": 200, "body": {"accepted": true, "real_timestamp_ms": 1789191252647, "virtual_time_s": 388, "measure_result": "no_signal"}}
2026-09-12 13:34:16,021 INFO request {"path": "/measure", "payload": {"arena_id": "default", "robot_id": "202601002029", "request_id": "f309ef68d07c4c74bd6a3e97afe19d13", "position": {"x": 1200.0, "y": 0.0}, "channel": 8}, "attempt": 1}
2026-09-12 13:34:16,040 INFO response {"request_id": "f309ef68d07c4c74bd6a3e97afe19d13", "http_status": 200, "body": {"accepted": true, "real_timestamp_ms": 1789191252665, "virtual_time_s": 394, "measure_result": "direction", "svd_deg": 19.97}}
2026-09-12 13:34:16,043 INFO request {"path": "/measure", "payload": {"arena_id": "default", "robot_id": "202601002029", "request_id": "65b859bc5cdc4cdd80e746d83888553b", "position": {"x": 1200.0, "y": 0.0}, "channel": 9}, "attempt": 1}
2026-09-12 13:34:16,044 INFO response {"request_id": "65b859bc5cdc4cdd80e746d83888553b", "http_status": 200, "body": {"accepted": true, "real_timestamp_ms": 1789191252670, "virtual_time_s": 400, "measure_result": "direction", "svd_deg": 39.78}}
2026-09-12 13:34:16,047 INFO request {"path": "/measure", "payload": {"arena_id": "default", "robot_id": "202601002029", "request_id": "f0ad707abbd44c7baa3e3ecbebb4960a", "position": {"x": 1200.0, "y": 0.0}, "channel": 10}, "attempt": 1}
2026-09-12 13:34:16,048 INFO response {"request_id": "f0ad707abbd44c7baa3e3ecbebb4960a", "http_status": 200, "body": {"accepted": true, "real_timestamp_ms": 1789191252674, "virtual_time_s": 406, "measure_result": "no_signal"}}
2026-09-12 13:34:16,048 INFO request {"path": "/measure", "payload": {"arena_id": "default", "robot_id": "202601002029", "request_id": "a2fcba3019e9448996ba438d23219c9f", "position": {"x": 1200.0, "y": 0.0}, "channel": 11}, "attempt": 1}
2026-09-12 13:34:16,049 INFO response {"request_id": "a2fcba3019e9448996ba438d23219c9f", "http_status": 200, "body": {"accepted": true, "real_timestamp_ms": 1789191252675, "virtual_time_s": 412, "measure_result": "direction", "svd_deg": 36.52}}
2026-09-12 13:34:16,051 INFO request {"path": "/measure", "payload": {"arena_id": "default", "robot_id": "202601002029", "request_id": "3bcddef99fc448d5a8ebac47396c47bd", "position": {"x": 1200.0, "y": 0.0}, "channel": 13}, "attempt": 1}
2026-09-12 13:34:16,053 INFO response {"request_id": "3bcddef99fc448d5a8ebac47396c47bd", "http_status": 200, "body": {"accepted": true, "real_timestamp_ms": 1789191252678, "virtual_time_s": 418, "measure_result": "no_signal"}}
2026-09-12 13:34:16,053 INFO request {"path": "/measure", "payload": {"arena_id": "default", "robot_id": "202601002029", "request_id": "96057d912ab84a03ba99e2a5c9417ffe", "position": {"x": 1200.0, "y": 0.0}, "channel": 14}, "attempt": 1}
2026-09-12 13:34:16,053 INFO response {"request_id": "96057d912ab84a03ba99e2a5c9417ffe", "http_status": 200, "body": {"accepted": true, "real_timestamp_ms": 1789191252679, "virtual_time_s": 424, "measure_result": "no_signal"}}
2026-09-12 13:34:16,054 INFO request {"path": "/measure", "payload": {"arena_id": "default", "robot_id": "202601002029", "request_id": "ce28b81df41148caa8a820582588d293", "position": {"x": 1200.0, "y": 0.0}, "channel": 16}, "attempt": 1}
2026-09-12 13:34:16,054 INFO response {"request_id": "ce28b81df41148caa8a820582588d293", "http_status": 200, "body": {"accepted": true, "real_timestamp_ms": 1789191252680, "virtual_time_s": 430, "measure_result": "no_signal"}}
2026-09-12 13:34:16,054 INFO request {"path": "/measure", "payload": {"arena_id": "default", "robot_id": "202601002029", "request_id": "4535230b3e1c4ab596c3726bd2921566", "position": {"x": 1200.0, "y": 0.0}, "channel": 17}, "attempt": 1}
2026-09-12 13:34:16,069 INFO response {"request_id": "4535230b3e1c4ab596c3726bd2921566", "http_status": 200, "body": {"accepted": true, "real_timestamp_ms": 1789191252695, "virtual_time_s": 436, "measure_result": "no_signal"}}
2026-09-12 13:34:16,069 INFO request {"path": "/measure", "payload": {"arena_id": "default", "robot_id": "202601002029", "request_id": "f5166a26a1784725b489d422bf4e75b7", "position": {"x": 1200.0, "y": 0.0}, "channel": 18}, "attempt": 1}
2026-09-12 13:34:16,088 INFO response {"request_id": "f5166a26a1784725b489d422bf4e75b7", "http_status": 200, "body": {"accepted": true, "real_timestamp_ms": 1789191252715, "virtual_time_s": 442, "measure_result": "no_signal"}}
2026-09-12 13:34:16,089 INFO request {"path": "/measure", "payload": {"arena_id": "default", "robot_id": "202601002029", "request_id": "da9bf9a55f5a4a289fad490b1db01080", "position": {"x": 1200.0, "y": 0.0}, "channel": 19}, "attempt": 1}
2026-09-12 13:34:16,107 INFO response {"request_id": "da9bf9a55f5a4a289fad490b1db01080", "http_status": 200, "body": {"accepted": true, "real_timestamp_ms": 1789191252733, "virtual_time_s": 448, "measure_result": "no_signal"}}
2026-09-12 13:34:16,130 INFO request {"path": "/measure", "payload": {"arena_id": "default", "robot_id": "202601002029", "request_id": "da87fee58a7348cf82b69b5c34a19e08", "position": {"x": 1200.0, "y": 0.0}, "channel": 15}, "attempt": 1}
2026-09-12 13:34:16,146 INFO response {"request_id": "da87fee58a7348cf82b69b5c34a19e08", "http_status": 200, "body": {"accepted": true, "real_timestamp_ms": 1789191252773, "virtual_time_s": 454, "measure_result": "direction", "svd_deg": 123.53}}
2026-09-12 13:34:16,162 INFO request {"path": "/measure", "payload": {"arena_id": "default", "robot_id": "202601002029", "request_id": "74e90500eaf24088b715fc57a10adb93", "position": {"x": 1200.0, "y": 0.0}, "channel": 1}, "attempt": 1}
2026-09-12 13:34:16,164 INFO response {"request_id": "74e90500eaf24088b715fc57a10adb93", "http_status": 200, "body": {"accepted": true, "real_timestamp_ms": 1789191252790, "virtual_time_s": 460, "measure_result": "direction", "svd_deg": 208.45}}
2026-09-12 13:34:16,166 INFO request {"path": "/measure", "payload": {"arena_id": "default", "robot_id": "202601002029", "request_id": "5ad86032d4504cc3b3126bf40b8e14b9", "position": {"x": 600.0000000000001, "y": 1039.2304845413264}, "channel": 2}, "attempt": 1}
2026-09-12 13:34:16,167 INFO response {"request_id": "5ad86032d4504cc3b3126bf40b8e14b9", "http_status": 200, "body": {"accepted": true, "real_timestamp_ms": 1789191252793, "virtual_time_s": 706, "measure_result": "no_signal"}}
2026-09-12 13:34:16,167 INFO request {"path": "/measure", "payload": {"arena_id": "default", "robot_id": "202601002029", "request_id": "b10eda60bc4d4d79b44e29aba73a0f74", "position": {"x": 600.0000000000001, "y": 1039.2304845413264}, "channel": 4}, "attempt": 1}
2026-09-12 13:34:16,168 INFO response {"request_id": "b10eda60bc4d4d79b44e29aba73a0f74", "http_status": 200, "body": {"accepted": true, "real_timestamp_ms": 1789191252794, "virtual_time_s": 712, "measure_result": "no_signal"}}
2026-09-12 13:34:16,168 INFO request {"path": "/measure", "payload": {"arena_id": "default", "robot_id": "202601002029", "request_id": "fe28a1f1c66348859d2ca82dd29e8dd1", "position": {"x": 600.0000000000001, "y": 1039.2304845413264}, "channel": 5}, "attempt": 1}
2026-09-12 13:34:16,186 INFO response {"request_id": "fe28a1f1c66348859d2ca82dd29e8dd1", "http_status": 200, "body": {"accepted": true, "real_timestamp_ms": 1789191252812, "virtual_time_s": 718, "measure_result": "no_signal"}}
2026-09-12 13:34:16,186 INFO request {"path": "/measure", "payload": {"arena_id": "default", "robot_id": "202601002029", "request_id": "83f8072009074d34ac3f7f358141b82d", "position": {"x": 600.0000000000001, "y": 1039.2304845413264}, "channel": 10}, "attempt": 1}
2026-09-12 13:34:16,187 INFO response {"request_id": "83f8072009074d34ac3f7f358141b82d", "http_status": 200, "body": {"accepted": true, "real_timestamp_ms": 1789191252813, "virtual_time_s": 724, "measure_result": "no_signal"}}
2026-09-12 13:34:16,187 INFO request {"path": "/measure", "payload": {"arena_id": "default", "robot_id": "202601002029", "request_id": "7c053d2f9cc2422087979b357b88cd64", "position": {"x": 600.0000000000001, "y": 1039.2304845413264}, "channel": 13}, "attempt": 1}
2026-09-12 13:34:16,187 INFO response {"request_id": "7c053d2f9cc2422087979b357b88cd64", "http_status": 200, "body": {"accepted": true, "real_timestamp_ms": 1789191252814, "virtual_time_s": 730, "measure_result": "no_signal"}}
2026-09-12 13:34:16,188 INFO request {"path": "/measure", "payload": {"arena_id": "default", "robot_id": "202601002029", "request_id": "6db57e07c0424731b7a93c868aa623f9", "position": {"x": 600.0000000000001, "y": 1039.2304845413264}, "channel": 14}, "attempt": 1}
2026-09-12 13:34:16,188 INFO response {"request_id": "6db57e07c0424731b7a93c868aa623f9", "http_status": 200, "body": {"accepted": true, "real_timestamp_ms": 1789191252815, "virtual_time_s": 736, "measure_result": "direction", "svd_deg": 134.17}}
2026-09-12 13:34:16,191 INFO request {"path": "/measure", "payload": {"arena_id": "default", "robot_id": "202601002029", "request_id": "da99f514d009495f8a207fc7abc3b76a", "position": {"x": 600.0000000000001, "y": 1039.2304845413264}, "channel": 16}, "attempt": 1}
2026-09-12 13:34:16,206 INFO response {"request_id": "da99f514d009495f8a207fc7abc3b76a", "http_status": 200, "body": {"accepted": true, "real_timestamp_ms": 1789191252832, "virtual_time_s": 742, "measure_result": "no_signal"}}
2026-09-12 13:34:16,206 INFO request {"path": "/measure", "payload": {"arena_id": "default", "robot_id": "202601002029", "request_id": "f0eeca63d9ee4977a3a824c81f8b58f3", "position": {"x": 600.0000000000001, "y": 1039.2304845413264}, "channel": 17}, "attempt": 1}
2026-09-12 13:34:16,208 INFO response {"request_id": "f0eeca63d9ee4977a3a824c81f8b58f3", "http_status": 200, "body": {"accepted": true, "real_timestamp_ms": 1789191252833, "virtual_time_s": 748, "measure_result": "no_signal"}}
2026-09-12 13:34:16,208 INFO request {"path": "/measure", "payload": {"arena_id": "default", "robot_id": "202601002029", "request_id": "54aec9333df443b29559392950c3bfaf", "position": {"x": 600.0000000000001, "y": 1039.2304845413264}, "channel": 18}, "attempt": 1}
2026-09-12 13:34:16,209 INFO response {"request_id": "54aec9333df443b29559392950c3bfaf", "http_status": 200, "body": {"accepted": true, "real_timestamp_ms": 1789191252835, "virtual_time_s": 754, "measure_result": "no_signal"}}
2026-09-12 13:34:16,209 INFO request {"path": "/measure", "payload": {"arena_id": "default", "robot_id": "202601002029", "request_id": "87a7f6a25eea41acab7435768f4bcce3", "position": {"x": 600.0000000000001, "y": 1039.2304845413264}, "channel": 19}, "attempt": 1}
2026-09-12 13:34:16,226 INFO response {"request_id": "87a7f6a25eea41acab7435768f4bcce3", "http_status": 200, "body": {"accepted": true, "real_timestamp_ms": 1789191252851, "virtual_time_s": 760, "measure_result": "no_signal"}}
2026-09-12 13:34:16,227 INFO request {"path": "/measure", "payload": {"arena_id": "default", "robot_id": "202601002029", "request_id": "6ff32cc5be204a818bf40d740b1aed2d", "position": {"x": 600.0000000000001, "y": 1039.2304845413264}, "channel": 20}, "attempt": 1}
2026-09-12 13:34:16,228 INFO response {"request_id": "6ff32cc5be204a818bf40d740b1aed2d", "http_status": 200, "body": {"accepted": true, "real_timestamp_ms": 1789191252854, "virtual_time_s": 766, "measure_result": "no_signal"}}
2026-09-12 13:34:16,248 INFO request {"path": "/measure", "payload": {"arena_id": "default", "robot_id": "202601002029", "request_id": "77cdda62293b40a497394e90bfeb183e", "position": {"x": 600.0000000000001, "y": 1039.2304845413264}, "channel": 6}, "attempt": 1}
2026-09-12 13:34:16,265 INFO response {"request_id": "77cdda62293b40a497394e90bfeb183e", "http_status": 200, "body": {"accepted": true, "real_timestamp_ms": 1789191252891, "virtual_time_s": 772, "measure_result": "direction", "svd_deg": 315.36}}
2026-09-12 13:34:16,274 INFO request {"path": "/measure", "payload": {"arena_id": "default", "robot_id": "202601002029", "request_id": "b1c7bb672a814201bc36781a57b163a6", "position": {"x": -599.9999999999998, "y": 1039.2304845413264}, "channel": 2}, "attempt": 1}
2026-09-12 13:34:16,295 INFO response {"request_id": "b1c7bb672a814201bc36781a57b163a6", "http_status": 200, "body": {"accepted": true, "real_timestamp_ms": 1789191252921, "virtual_time_s": 1018, "measure_result": "no_signal"}}
2026-09-12 13:34:16,295 INFO request {"path": "/measure", "payload": {"arena_id": "default", "robot_id": "202601002029", "request_id": "f117f5a88b4746aaa57e875d7c76cc2b", "position": {"x": -599.9999999999998, "y": 1039.2304845413264}, "channel": 4}, "attempt": 1}
2026-09-12 13:34:16,297 INFO response {"request_id": "f117f5a88b4746aaa57e875d7c76cc2b", "http_status": 200, "body": {"accepted": true, "real_timestamp_ms": 1789191252922, "virtual_time_s": 1024, "measure_result": "no_signal"}}
2026-09-12 13:34:16,297 INFO request {"path": "/measure", "payload": {"arena_id": "default", "robot_id": "202601002029", "request_id": "db92102424b84343ad87afaa4a708050", "position": {"x": -599.9999999999998, "y": 1039.2304845413264}, "channel": 5}, "attempt": 1}
2026-09-12 13:34:16,299 INFO response {"request_id": "db92102424b84343ad87afaa4a708050", "http_status": 200, "body": {"accepted": true, "real_timestamp_ms": 1789191252924, "virtual_time_s": 1030, "measure_result": "no_signal"}}
2026-09-12 13:34:16,299 INFO request {"path": "/measure", "payload": {"arena_id": "default", "robot_id": "202601002029", "request_id": "73de8788de14431e877c1c65a490cf3d", "position": {"x": -599.9999999999998, "y": 1039.2304845413264}, "channel": 10}, "attempt": 1}
2026-09-12 13:34:16,301 INFO response {"request_id": "73de8788de14431e877c1c65a490cf3d", "http_status": 200, "body": {"accepted": true, "real_timestamp_ms": 1789191252926, "virtual_time_s": 1036, "measure_result": "no_signal"}}
2026-09-12 13:34:16,301 INFO request {"path": "/measure", "payload": {"arena_id": "default", "robot_id": "202601002029", "request_id": "0b2982dd062d4369ad6f6a9204b065cf", "position": {"x": -599.9999999999998, "y": 1039.2304845413264}, "channel": 13}, "attempt": 1}
2026-09-12 13:34:16,301 INFO response {"request_id": "0b2982dd062d4369ad6f6a9204b065cf", "http_status": 200, "body": {"accepted": true, "real_timestamp_ms": 1789191252928, "virtual_time_s": 1042, "measure_result": "no_signal"}}
2026-09-12 13:34:16,302 INFO request {"path": "/measure", "payload": {"arena_id": "default", "robot_id": "202601002029", "request_id": "fee64f1c22dd473b8eac77cafe4f87b6", "position": {"x": -599.9999999999998, "y": 1039.2304845413264}, "channel": 16}, "attempt": 1}
2026-09-12 13:34:16,315 INFO response {"request_id": "fee64f1c22dd473b8eac77cafe4f87b6", "http_status": 200, "body": {"accepted": true, "real_timestamp_ms": 1789191252940, "virtual_time_s": 1048, "measure_result": "no_signal"}}
2026-09-12 13:34:16,315 INFO request {"path": "/measure", "payload": {"arena_id": "default", "robot_id": "202601002029", "request_id": "9bea1632fe134eaf93f6dd9f6663f4df", "position": {"x": -599.9999999999998, "y": 1039.2304845413264}, "channel": 17}, "attempt": 1}
2026-09-12 13:34:16,316 INFO response {"request_id": "9bea1632fe134eaf93f6dd9f6663f4df", "http_status": 200, "body": {"accepted": true, "real_timestamp_ms": 1789191252942, "virtual_time_s": 1054, "measure_result": "no_signal"}}
2026-09-12 13:34:16,316 INFO request {"path": "/measure", "payload": {"arena_id": "default", "robot_id": "202601002029", "request_id": "d6fa563e6f024a3eb9e07d19faece80d", "position": {"x": -599.9999999999998, "y": 1039.2304845413264}, "channel": 18}, "attempt": 1}
2026-09-12 13:34:16,317 INFO response {"request_id": "d6fa563e6f024a3eb9e07d19faece80d", "http_status": 200, "body": {"accepted": true, "real_timestamp_ms": 1789191252943, "virtual_time_s": 1060, "measure_result": "no_signal"}}
2026-09-12 13:34:16,317 INFO request {"path": "/measure", "payload": {"arena_id": "default", "robot_id": "202601002029", "request_id": "35fa9cffcd834dcb8fc7132502c64ace", "position": {"x": -599.9999999999998, "y": 1039.2304845413264}, "channel": 19}, "attempt": 1}
2026-09-12 13:34:16,318 INFO response {"request_id": "35fa9cffcd834dcb8fc7132502c64ace", "http_status": 200, "body": {"accepted": true, "real_timestamp_ms": 1789191252944, "virtual_time_s": 1066, "measure_result": "no_signal"}}
2026-09-12 13:34:16,318 INFO request {"path": "/measure", "payload": {"arena_id": "default", "robot_id": "202601002029", "request_id": "d935e924d1314f5a8ef98246cf66f54a", "position": {"x": -599.9999999999998, "y": 1039.2304845413264}, "channel": 20}, "attempt": 1}
2026-09-12 13:34:16,334 INFO response {"request_id": "d935e924d1314f5a8ef98246cf66f54a", "http_status": 200, "body": {"accepted": true, "real_timestamp_ms": 1789191252960, "virtual_time_s": 1072, "measure_result": "no_signal"}}
2026-09-12 13:34:16,358 INFO request {"path": "/measure", "payload": {"arena_id": "default", "robot_id": "202601002029", "request_id": "16a7db963fa848c1966172049bda1e94", "position": {"x": -599.9999999999998, "y": 1039.2304845413264}, "channel": 7}, "attempt": 1}
2026-09-12 13:34:16,375 INFO response {"request_id": "16a7db963fa848c1966172049bda1e94", "http_status": 200, "body": {"accepted": true, "real_timestamp_ms": 1789191253000, "virtual_time_s": 1078, "measure_result": "direction", "svd_deg": 220.96}}
2026-09-12 13:34:16,402 INFO request {"path": "/measure", "payload": {"arena_id": "default", "robot_id": "202601002029", "request_id": "30d87d31c9c94cd6a0334ae45ee51bcd", "position": {"x": -599.9999999999998, "y": 1039.2304845413264}, "channel": 14}, "attempt": 1}
2026-09-12 13:34:16,404 INFO response {"request_id": "30d87d31c9c94cd6a0334ae45ee51bcd", "http_status": 200, "body": {"accepted": true, "real_timestamp_ms": 1789191253030, "virtual_time_s": 1084, "measure_result": "direction", "svd_deg": 35.17}}
2026-09-12 13:34:16,409 INFO request {"path": "/measure", "payload": {"arena_id": "default", "robot_id": "202601002029", "request_id": "236c25859fcb46a2a8efadf654ecc8eb", "position": {"x": -1200.0, "y": 1.4695761589768238e-13}, "channel": 2}, "attempt": 1}
2026-09-12 13:34:16,410 INFO response {"request_id": "236c25859fcb46a2a8efadf654ecc8eb", "http_status": 200, "body": {"accepted": true, "real_timestamp_ms": 1789191253036, "virtual_time_s": 1330, "measure_result": "no_signal"}}
2026-09-12 13:34:16,410 INFO request {"path": "/measure", "payload": {"arena_id": "default", "robot_id": "202601002029", "request_id": "50d21fa3dc3d43f3a384caf00c8e13b8", "position": {"x": -1200.0, "y": 1.4695761589768238e-13}, "channel": 4}, "attempt": 1}
2026-09-12 13:34:16,424 INFO response {"request_id": "50d21fa3dc3d43f3a384caf00c8e13b8", "http_status": 200, "body": {"accepted": true, "real_timestamp_ms": 1789191253050, "virtual_time_s": 1336, "measure_result": "no_signal"}}
2026-09-12 13:34:16,424 INFO request {"path": "/measure", "payload": {"arena_id": "default", "robot_id": "202601002029", "request_id": "678cc18c68b24695b916f4ea46b37a35", "position": {"x": -1200.0, "y": 1.4695761589768238e-13}, "channel": 5}, "attempt": 1}
2026-09-12 13:34:16,425 INFO response {"request_id": "678cc18c68b24695b916f4ea46b37a35", "http_status": 200, "body": {"accepted": true, "real_timestamp_ms": 1789191253051, "virtual_time_s": 1342, "measure_result": "no_signal"}}
2026-09-12 13:34:16,425 INFO request {"path": "/measure", "payload": {"arena_id": "default", "robot_id": "202601002029", "request_id": "d5f94e46f258435f8f8f85da69797621", "position": {"x": -1200.0, "y": 1.4695761589768238e-13}, "channel": 10}, "attempt": 1}
2026-09-12 13:34:16,425 INFO response {"request_id": "d5f94e46f258435f8f8f85da69797621", "http_status": 200, "body": {"accepted": true, "real_timestamp_ms": 1789191253052, "virtual_time_s": 1348, "measure_result": "no_signal"}}
2026-09-12 13:34:16,425 INFO request {"path": "/measure", "payload": {"arena_id": "default", "robot_id": "202601002029", "request_id": "08c2b8fad25440908a3d247821217e4e", "position": {"x": -1200.0, "y": 1.4695761589768238e-13}, "channel": 13}, "attempt": 1}
2026-09-12 13:34:16,426 INFO response {"request_id": "08c2b8fad25440908a3d247821217e4e", "http_status": 200, "body": {"accepted": true, "real_timestamp_ms": 1789191253052, "virtual_time_s": 1354, "measure_result": "no_signal"}}
2026-09-12 13:34:16,426 INFO request {"path": "/measure", "payload": {"arena_id": "default", "robot_id": "202601002029", "request_id": "02ca6bbcb70742cf96b4598e2b72f00e", "position": {"x": -1200.0, "y": 1.4695761589768238e-13}, "channel": 16}, "attempt": 1}
2026-09-12 13:34:16,427 INFO response {"request_id": "02ca6bbcb70742cf96b4598e2b72f00e", "http_status": 200, "body": {"accepted": true, "real_timestamp_ms": 1789191253053, "virtual_time_s": 1360, "measure_result": "no_signal"}}
2026-09-12 13:34:16,427 INFO request {"path": "/measure", "payload": {"arena_id": "default", "robot_id": "202601002029", "request_id": "5fc8973799e945ecaf530a226c73a097", "position": {"x": -1200.0, "y": 1.4695761589768238e-13}, "channel": 17}, "attempt": 1}
2026-09-12 13:34:16,444 INFO response {"request_id": "5fc8973799e945ecaf530a226c73a097", "http_status": 200, "body": {"accepted": true, "real_timestamp_ms": 1789191253070, "virtual_time_s": 1366, "measure_result": "no_signal"}}
2026-09-12 13:34:16,444 INFO request {"path": "/measure", "payload": {"arena_id": "default", "robot_id": "202601002029", "request_id": "7fd3db5bf24445ceb1637daa0b552605", "position": {"x": -1200.0, "y": 1.4695761589768238e-13}, "channel": 18}, "attempt": 1}
2026-09-12 13:34:16,445 INFO response {"request_id": "7fd3db5bf24445ceb1637daa0b552605", "http_status": 200, "body": {"accepted": true, "real_timestamp_ms": 1789191253071, "virtual_time_s": 1372, "measure_result": "no_signal"}}
2026-09-12 13:34:16,445 INFO request {"path": "/measure", "payload": {"arena_id": "default", "robot_id": "202601002029", "request_id": "f368944ff60748a69a86f5738114a20b", "position": {"x": -1200.0, "y": 1.4695761589768238e-13}, "channel": 19}, "attempt": 1}
2026-09-12 13:34:16,464 INFO response {"request_id": "f368944ff60748a69a86f5738114a20b", "http_status": 200, "body": {"accepted": true, "real_timestamp_ms": 1789191253089, "virtual_time_s": 1378, "measure_result": "no_signal"}}
2026-09-12 13:34:16,464 INFO request {"path": "/measure", "payload": {"arena_id": "default", "robot_id": "202601002029", "request_id": "68d7f01e2c194c81a20dfae041ef0cae", "position": {"x": -1200.0, "y": 1.4695761589768238e-13}, "channel": 20}, "attempt": 1}
2026-09-12 13:34:16,465 INFO response {"request_id": "68d7f01e2c194c81a20dfae041ef0cae", "http_status": 200, "body": {"accepted": true, "real_timestamp_ms": 1789191253091, "virtual_time_s": 1384, "measure_result": "no_signal"}}
2026-09-12 13:34:16,491 INFO request {"path": "/measure", "payload": {"arena_id": "default", "robot_id": "202601002029", "request_id": "37e368751d3a48ceaaa93de3d45ca22a", "position": {"x": -1200.0, "y": 1.4695761589768238e-13}, "channel": 12}, "attempt": 1}
2026-09-12 13:34:16,492 INFO response {"request_id": "37e368751d3a48ceaaa93de3d45ca22a", "http_status": 200, "body": {"accepted": true, "real_timestamp_ms": 1789191253118, "virtual_time_s": 1390, "measure_result": "direction", "svd_deg": 266.73}}
2026-09-12 13:34:16,513 INFO request {"path": "/measure", "payload": {"arena_id": "default", "robot_id": "202601002029", "request_id": "ef21e93a1d29498494172fa8d5a335b4", "position": {"x": -600.0000000000006, "y": -1039.2304845413262}, "channel": 2}, "attempt": 1}
2026-09-12 13:34:16,534 INFO response {"request_id": "ef21e93a1d29498494172fa8d5a335b4", "http_status": 200, "body": {"accepted": true, "real_timestamp_ms": 1789191253159, "virtual_time_s": 1636, "measure_result": "direction", "svd_deg": 289.56}}
2026-09-12 13:34:16,538 INFO request {"path": "/measure", "payload": {"arena_id": "default", "robot_id": "202601002029", "request_id": "04519179e57b4704a6991c853bb29866", "position": {"x": -600.0000000000006, "y": -1039.2304845413262}, "channel": 4}, "attempt": 1}
2026-09-12 13:34:16,553 INFO response {"request_id": "04519179e57b4704a6991c853bb29866", "http_status": 200, "body": {"accepted": true, "real_timestamp_ms": 1789191253178, "virtual_time_s": 1642, "measure_result": "no_signal"}}
2026-09-12 13:34:16,554 INFO request {"path": "/measure", "payload": {"arena_id": "default", "robot_id": "202601002029", "request_id": "d75ec341ef2741619ecc87e3b93e3b92", "position": {"x": -600.0000000000006, "y": -1039.2304845413262}, "channel": 5}, "attempt": 1}
2026-09-12 13:34:16,555 INFO response {"request_id": "d75ec341ef2741619ecc87e3b93e3b92", "http_status": 200, "body": {"accepted": true, "real_timestamp_ms": 1789191253181, "virtual_time_s": 1648, "measure_result": "no_signal"}}
2026-09-12 13:34:16,555 INFO request {"path": "/measure", "payload": {"arena_id": "default", "robot_id": "202601002029", "request_id": "f8ccf70a7621411d882d0aa8390fbc9b", "position": {"x": -600.0000000000006, "y": -1039.2304845413262}, "channel": 10}, "attempt": 1}
2026-09-12 13:34:16,572 INFO response {"request_id": "f8ccf70a7621411d882d0aa8390fbc9b", "http_status": 200, "body": {"accepted": true, "real_timestamp_ms": 1789191253198, "virtual_time_s": 1654, "measure_result": "no_signal"}}
2026-09-12 13:34:16,572 INFO request {"path": "/measure", "payload": {"arena_id": "default", "robot_id": "202601002029", "request_id": "f364d00e76034abb954a527b7861c095", "position": {"x": -600.0000000000006, "y": -1039.2304845413262}, "channel": 13}, "attempt": 1}
2026-09-12 13:34:16,592 INFO response {"request_id": "f364d00e76034abb954a527b7861c095", "http_status": 200, "body": {"accepted": true, "real_timestamp_ms": 1789191253218, "virtual_time_s": 1660, "measure_result": "direction", "svd_deg": 294.41}}
2026-09-12 13:34:16,594 INFO request {"path": "/measure", "payload": {"arena_id": "default", "robot_id": "202601002029", "request_id": "321b7b23a2294c0a9da99b9753e600e5", "position": {"x": -600.0000000000006, "y": -1039.2304845413262}, "channel": 16}, "attempt": 1}
2026-09-12 13:34:16,612 INFO response {"request_id": "321b7b23a2294c0a9da99b9753e600e5", "http_status": 200, "body": {"accepted": true, "real_timestamp_ms": 1789191253238, "virtual_time_s": 1666, "measure_result": "no_signal"}}
2026-09-12 13:34:16,612 INFO request {"path": "/measure", "payload": {"arena_id": "default", "robot_id": "202601002029", "request_id": "6d9ea15b30b34844bf42ac333222dc84", "position": {"x": -600.0000000000006, "y": -1039.2304845413262}, "channel": 17}, "attempt": 1}
2026-09-12 13:34:16,614 INFO response {"request_id": "6d9ea15b30b34844bf42ac333222dc84", "http_status": 200, "body": {"accepted": true, "real_timestamp_ms": 1789191253240, "virtual_time_s": 1672, "measure_result": "no_signal"}}
2026-09-12 13:34:16,614 INFO request {"path": "/measure", "payload": {"arena_id": "default", "robot_id": "202601002029", "request_id": "5ff8511feb3645ae940b640acbfbcd1f", "position": {"x": -600.0000000000006, "y": -1039.2304845413262}, "channel": 18}, "attempt": 1}
2026-09-12 13:34:16,631 INFO response {"request_id": "5ff8511feb3645ae940b640acbfbcd1f", "http_status": 200, "body": {"accepted": true, "real_timestamp_ms": 1789191253257, "virtual_time_s": 1678, "measure_result": "no_signal"}}
2026-09-12 13:34:16,631 INFO request {"path": "/measure", "payload": {"arena_id": "default", "robot_id": "202601002029", "request_id": "8677a811bd064e73b54f653a2c9e14c3", "position": {"x": -600.0000000000006, "y": -1039.2304845413262}, "channel": 19}, "attempt": 1}
2026-09-12 13:34:16,633 INFO response {"request_id": "8677a811bd064e73b54f653a2c9e14c3", "http_status": 200, "body": {"accepted": true, "real_timestamp_ms": 1789191253259, "virtual_time_s": 1684, "measure_result": "no_signal"}}
2026-09-12 13:34:16,633 INFO request {"path": "/measure", "payload": {"arena_id": "default", "robot_id": "202601002029", "request_id": "0f911a737c5a4420ad76d196402e1934", "position": {"x": -600.0000000000006, "y": -1039.2304845413262}, "channel": 20}, "attempt": 1}
2026-09-12 13:34:16,650 INFO response {"request_id": "0f911a737c5a4420ad76d196402e1934", "http_status": 200, "body": {"accepted": true, "real_timestamp_ms": 1789191253276, "virtual_time_s": 1690, "measure_result": "no_signal"}}
2026-09-12 13:34:16,670 INFO request {"path": "/measure", "payload": {"arena_id": "default", "robot_id": "202601002029", "request_id": "1723b5e8659c49cdb099311b5effd45e", "position": {"x": 600.0000000000001, "y": -1039.2304845413264}, "channel": 20}, "attempt": 1}
2026-09-12 13:34:16,689 INFO response {"request_id": "1723b5e8659c49cdb099311b5effd45e", "http_status": 200, "body": {"accepted": true, "real_timestamp_ms": 1789191253315, "virtual_time_s": 1935, "measure_result": "no_signal"}}
2026-09-12 13:34:16,689 INFO request {"path": "/measure", "payload": {"arena_id": "default", "robot_id": "202601002029", "request_id": "8a26b038273c4182bae3d631bf7a5739", "position": {"x": 600.0000000000001, "y": -1039.2304845413264}, "channel": 4}, "attempt": 1}
2026-09-12 13:34:16,691 INFO response {"request_id": "8a26b038273c4182bae3d631bf7a5739", "http_status": 200, "body": {"accepted": true, "real_timestamp_ms": 1789191253317, "virtual_time_s": 1941, "measure_result": "no_signal"}}
2026-09-12 13:34:16,691 INFO request {"path": "/measure", "payload": {"arena_id": "default", "robot_id": "202601002029", "request_id": "f427c0af50834c678b74c011b5921eaa", "position": {"x": 600.0000000000001, "y": -1039.2304845413264}, "channel": 5}, "attempt": 1}
2026-09-12 13:34:16,709 INFO response {"request_id": "f427c0af50834c678b74c011b5921eaa", "http_status": 200, "body": {"accepted": true, "real_timestamp_ms": 1789191253335, "virtual_time_s": 1947, "measure_result": "no_signal"}}
2026-09-12 13:34:16,709 INFO request {"path": "/measure", "payload": {"arena_id": "default", "robot_id": "202601002029", "request_id": "260d41d6e01a4a83a7b1e1788460344f", "position": {"x": 600.0000000000001, "y": -1039.2304845413264}, "channel": 10}, "attempt": 1}
2026-09-12 13:34:16,712 INFO response {"request_id": "260d41d6e01a4a83a7b1e1788460344f", "http_status": 200, "body": {"accepted": true, "real_timestamp_ms": 1789191253337, "virtual_time_s": 1953, "measure_result": "no_signal"}}
2026-09-12 13:34:16,712 INFO request {"path": "/measure", "payload": {"arena_id": "default", "robot_id": "202601002029", "request_id": "6e8026db7b57463c8e1da2b1d86144ee", "position": {"x": 600.0000000000001, "y": -1039.2304845413264}, "channel": 16}, "attempt": 1}
2026-09-12 13:34:16,729 INFO response {"request_id": "6e8026db7b57463c8e1da2b1d86144ee", "http_status": 200, "body": {"accepted": true, "real_timestamp_ms": 1789191253354, "virtual_time_s": 1959, "measure_result": "no_signal"}}
2026-09-12 13:34:16,729 INFO request {"path": "/measure", "payload": {"arena_id": "default", "robot_id": "202601002029", "request_id": "c271d4b6781e4af3ae193cd11c9c79ee", "position": {"x": 600.0000000000001, "y": -1039.2304845413264}, "channel": 17}, "attempt": 1}
2026-09-12 13:34:16,749 INFO response {"request_id": "c271d4b6781e4af3ae193cd11c9c79ee", "http_status": 200, "body": {"accepted": true, "real_timestamp_ms": 1789191253375, "virtual_time_s": 1965, "measure_result": "no_signal"}}
2026-09-12 13:34:16,750 INFO request {"path": "/measure", "payload": {"arena_id": "default", "robot_id": "202601002029", "request_id": "bd8dd2ecf4174817b2b15ad420a476f1", "position": {"x": 600.0000000000001, "y": -1039.2304845413264}, "channel": 18}, "attempt": 1}
2026-09-12 13:34:16,751 INFO response {"request_id": "bd8dd2ecf4174817b2b15ad420a476f1", "http_status": 200, "body": {"accepted": true, "real_timestamp_ms": 1789191253377, "virtual_time_s": 1971, "measure_result": "no_signal"}}
2026-09-12 13:34:16,752 INFO request {"path": "/measure", "payload": {"arena_id": "default", "robot_id": "202601002029", "request_id": "fdce4e4e14884a01bae147783871a1c3", "position": {"x": 600.0000000000001, "y": -1039.2304845413264}, "channel": 19}, "attempt": 1}
2026-09-12 13:34:16,754 INFO response {"request_id": "fdce4e4e14884a01bae147783871a1c3", "http_status": 200, "body": {"accepted": true, "real_timestamp_ms": 1789191253379, "virtual_time_s": 1977, "measure_result": "no_signal"}}
2026-09-12 13:34:16,788 INFO request {"path": "/measure", "payload": {"arena_id": "default", "robot_id": "202601002029", "request_id": "e56f87dcfe934262a066a02064020315", "position": {"x": 600.0000000000001, "y": -1039.2304845413264}, "channel": 3}, "attempt": 1}
2026-09-12 13:34:16,789 INFO response {"request_id": "e56f87dcfe934262a066a02064020315", "http_status": 200, "body": {"accepted": true, "real_timestamp_ms": 1789191253415, "virtual_time_s": 1983, "measure_result": "direction", "svd_deg": 4.9}}
2026-09-12 13:34:16,811 INFO request {"path": "/measure", "payload": {"arena_id": "default", "robot_id": "202601002029", "request_id": "b355c68df7354ad684c64c6e4fd529e0", "position": {"x": 600.0000000000001, "y": -1039.2304845413264}, "channel": 13}, "attempt": 1}
2026-09-12 13:34:16,826 INFO response {"request_id": "b355c68df7354ad684c64c6e4fd529e0", "http_status": 200, "body": {"accepted": true, "real_timestamp_ms": 1789191253452, "virtual_time_s": 1989, "measure_result": "direction", "svd_deg": 195.53}}
2026-09-12 13:34:23,409 INFO request {"path": "/measure", "payload": {"arena_id": "default", "robot_id": "202601002029", "request_id": "52e0e826956443a68d3386cab015875a", "position": {"x": -79.95893323744832, "y": -1307.993361129275}, "channel": 2}, "attempt": 1}
2026-09-12 13:34:23,423 INFO response {"request_id": "52e0e826956443a68d3386cab015875a", "http_status": 200, "body": {"accepted": true, "real_timestamp_ms": 1789191260049, "virtual_time_s": 2141.229632, "measure_result": "direction", "svd_deg": 225.01}}
2026-09-12 13:34:25,902 INFO request {"path": "/clear", "payload": {"arena_id": "default", "robot_id": "202601002029", "request_id": "6be2caad22e448128528b414ef731f27", "position": {"x": -393.26887701937017, "y": -1621.7986667362889}, "channel": 2}, "attempt": 1}
2026-09-12 13:34:25,923 INFO response {"request_id": "6be2caad22e448128528b414ef731f27", "http_status": 200, "body": {"accepted": true, "real_timestamp_ms": 1789191262549, "virtual_time_s": 2234.917149, "clear_result": "success"}}
2026-09-12 13:34:28,306 INFO request {"path": "/measure", "payload": {"arena_id": "default", "robot_id": "202601002029", "request_id": "2b11f4a55b2d42a09e0ad9594c484807", "position": {"x": 778.2069513130369, "y": -672.2747649636334}, "channel": 1}, "attempt": 1}
2026-09-12 13:34:28,307 INFO response {"request_id": "2b11f4a55b2d42a09e0ad9594c484807", "http_status": 200, "body": {"accepted": true, "real_timestamp_ms": 1789191264933, "virtual_time_s": 2542.509673, "measure_result": "direction", "svd_deg": 102.9}}
2026-09-12 13:34:30,673 INFO request {"path": "/measure", "payload": {"arena_id": "default", "robot_id": "202601002029", "request_id": "07e03f126bf84225a1b48b6f686842fd", "position": {"x": 1770.751004243975, "y": -216.09516794135396}, "channel": 8}, "attempt": 1}
2026-09-12 13:34:30,674 INFO response {"request_id": "07e03f126bf84225a1b48b6f686842fd", "http_status": 200, "body": {"accepted": true, "real_timestamp_ms": 1789191267301, "virtual_time_s": 2766.981046, "measure_result": "direction", "svd_deg": 117.88}}
2026-09-12 13:34:30,677 INFO request {"path": "/clear", "payload": {"arena_id": "default", "robot_id": "202601002029", "request_id": "832f53d9ca17400f8366d3341bb11c5e", "position": {"x": 1582.767637553809, "y": 138.9392823279831}, "channel": 8}, "attempt": 1}
2026-09-12 13:34:30,679 INFO response {"request_id": "832f53d9ca17400f8366d3341bb11c5e", "http_status": 200, "body": {"accepted": true, "real_timestamp_ms": 1789191267304, "virtual_time_s": 2852.327099, "clear_result": "success"}}
2026-09-12 13:34:30,679 INFO request {"path": "/measure", "payload": {"arena_id": "default", "robot_id": "202601002029", "request_id": "a68d9c72b1234eee88ebd634eb1efa00", "position": {"x": 1374.5170482932149, "y": 629.2684588739996}, "channel": 11}, "attempt": 1}
2026-09-12 13:34:30,680 INFO response {"request_id": "a68d9c72b1234eee88ebd634eb1efa00", "http_status": 200, "body": {"accepted": true, "real_timestamp_ms": 1789191267306, "virtual_time_s": 2964.871176, "measure_result": "direction", "svd_deg": 272.71}}
2026-09-12 13:34:30,683 INFO request {"path": "/measure", "payload": {"arena_id": "default", "robot_id": "202601002029", "request_id": "4abf2dbf23be4927885b27db2fde78ac", "position": {"x": 1097.3227326212875, "y": 869.8989027159507}, "channel": 15}, "attempt": 1}
2026-09-12 13:34:30,694 INFO response {"request_id": "4abf2dbf23be4927885b27db2fde78ac", "http_status": 200, "body": {"accepted": true, "real_timestamp_ms": 1789191267319, "virtual_time_s": 3044.284989, "measure_result": "direction", "svd_deg": 202.41}}
2026-09-12 13:34:30,697 INFO request {"path": "/measure", "payload": {"arena_id": "default", "robot_id": "202601002029", "request_id": "02d338acd1764a94bda21a8473186fc5", "position": {"x": 1348.3081298698894, "y": 646.0038914746979}, "channel": 9}, "attempt": 1}
2026-09-12 13:34:30,698 INFO response {"request_id": "02d338acd1764a94bda21a8473186fc5", "http_status": 200, "body": {"accepted": true, "real_timestamp_ms": 1789191267324, "virtual_time_s": 3117.552409, "measure_result": "direction", "svd_deg": 305.46}}
2026-09-12 13:34:30,700 INFO request {"path": "/measure", "payload": {"arena_id": "default", "robot_id": "202601002029", "request_id": "73a07018c360478b83916d2d3a739f48", "position": {"x": 1512.636182782642, "y": 696.2050075046369}, "channel": 6}, "attempt": 1}
2026-09-12 13:34:30,714 INFO response {"request_id": "73a07018c360478b83916d2d3a739f48", "http_status": 200, "body": {"accepted": true, "real_timestamp_ms": 1789191267339, "virtual_time_s": 3157.917427, "measure_result": "direction", "svd_deg": 236.4}}
2026-09-12 13:34:30,718 INFO request {"path": "/clear", "payload": {"arena_id": "default", "robot_id": "202601002029", "request_id": "336824aa187341fea66f732180fbdc05", "position": {"x": 1581.7310843805844, "y": 317.99560976849705}, "channel": 9}, "attempt": 1}
2026-09-12 13:34:30,719 INFO response {"request_id": "336824aa187341fea66f732180fbdc05", "http_status": 200, "body": {"accepted": true, "real_timestamp_ms": 1789191267345, "virtual_time_s": 3239.811238, "clear_result": "success"}}
2026-09-12 13:34:30,720 INFO request {"path": "/clear", "payload": {"arena_id": "default", "robot_id": "202601002029", "request_id": "40544f0529294416a655eca2acd64f8c", "position": {"x": 1397.1887720054606, "y": 146.30151571740333}, "channel": 11}, "attempt": 1}
2026-09-12 13:34:30,720 INFO response {"request_id": "40544f0529294416a655eca2acd64f8c", "http_status": 200, "body": {"accepted": true, "real_timestamp_ms": 1789191267347, "virtual_time_s": 3295.22343, "clear_result": "success"}}
2026-09-12 13:34:30,721 INFO request {"path": "/clear", "payload": {"arena_id": "default", "robot_id": "202601002029", "request_id": "5c0b17aeadea4032ad17947528a0aca3", "position": {"x": 1286.9342679315243, "y": 361.60093046540135}, "channel": 6}, "attempt": 1}
2026-09-12 13:34:30,721 INFO response {"request_id": "5c0b17aeadea4032ad17947528a0aca3", "http_status": 200, "body": {"accepted": true, "real_timestamp_ms": 1789191267348, "virtual_time_s": 3348.601067, "clear_result": "success"}}
2026-09-12 13:34:30,722 INFO request {"path": "/clear", "payload": {"arena_id": "default", "robot_id": "202601002029", "request_id": "fc0d18002e784bc9bc50c03a46fa2d71", "position": {"x": 725.1219747701289, "y": 716.3388881836083}, "channel": 15}, "attempt": 1}
2026-09-12 13:34:30,723 INFO response {"request_id": "fc0d18002e784bc9bc50c03a46fa2d71", "http_status": 200, "body": {"accepted": true, "real_timestamp_ms": 1789191267349, "virtual_time_s": 3486.487796, "clear_result": "success"}}
2026-09-12 13:34:30,723 INFO request {"path": "/clear", "payload": {"arena_id": "default", "robot_id": "202601002029", "request_id": "51a14ecff571477eae68b531e7c7b9af", "position": {"x": 686.906783801879, "y": -282.0171943769418}, "channel": 1}, "attempt": 1}
2026-09-12 13:34:30,743 INFO response {"request_id": "51a14ecff571477eae68b531e7c7b9af", "http_status": 200, "body": {"accepted": true, "real_timestamp_ms": 1789191267368, "virtual_time_s": 3691.30524, "clear_result": "success"}}
2026-09-12 13:34:30,743 INFO request {"path": "/exit", "payload": {"arena_id": "default", "robot_id": "202601002029", "request_id": "4261ed41494646cb871b33a18f54c244"}, "attempt": 1}
2026-09-12 13:34:30,745 INFO response {"request_id": "4261ed41494646cb871b33a18f54c244", "http_status": 200, "body": {"accepted": true, "real_timestamp_ms": 1789191267370, "virtual_time_s": 3691.30524, "exit_reason": "user_exit"}}
