2026-09-12 15:30:37,328 INFO request {"path": "/enter", "payload": {"arena_id": "default", "robot_id": "202601002029", "request_id": "2d19beb9629a4679b2942ff6532849cf"}, "attempt": 1}
2026-09-12 15:30:37,334 INFO response {"request_id": "2d19beb9629a4679b2942ff6532849cf", "http_status": 200, "body": {"accepted": true, "real_timestamp_ms": 1789198233983, "virtual_time_s": 0, "max_virtual_duration_s": 360000, "max_real_duration_s": 1200, "remaining_real_duration_s": 1200}}
2026-09-12 15:30:37,334 INFO request {"path": "/measure", "payload": {"arena_id": "default", "robot_id": "202601002029", "request_id": "ce9e5129df5a4e2f8ba92af5e37d7e28", "position": {"x": 0.0, "y": 0.0}, "channel": 1}, "attempt": 1}
2026-09-12 15:30:37,349 INFO response {"request_id": "ce9e5129df5a4e2f8ba92af5e37d7e28", "http_status": 200, "body": {"accepted": true, "real_timestamp_ms": 1789198233997, "virtual_time_s": 5, "measure_result": "no_signal"}}
2026-09-12 15:30:37,350 INFO request {"path": "/measure", "payload": {"arena_id": "default", "robot_id": "202601002029", "request_id": "6af87db92e22424b9676853e64521853", "position": {"x": 0.0, "y": 0.0}, "channel": 2}, "attempt": 1}
2026-09-12 15:30:37,368 INFO response {"request_id": "6af87db92e22424b9676853e64521853", "http_status": 200, "body": {"accepted": true, "real_timestamp_ms": 1789198234017, "virtual_time_s": 11, "measure_result": "no_signal"}}
2026-09-12 15:30:37,368 INFO request {"path": "/measure", "payload": {"arena_id": "default", "robot_id": "202601002029", "request_id": "d62087f80095463ebba5b764b7b574d1", "position": {"x": 0.0, "y": 0.0}, "channel": 3}, "attempt": 1}
2026-09-12 15:30:37,388 INFO response {"request_id": "d62087f80095463ebba5b764b7b574d1", "http_status": 200, "body": {"accepted": true, "real_timestamp_ms": 1789198234036, "virtual_time_s": 17, "measure_result": "no_signal"}}
2026-09-12 15:30:37,389 INFO request {"path": "/measure", "payload": {"arena_id": "default", "robot_id": "202601002029", "request_id": "9d45b1429796421b84d2d79fccc78534", "position": {"x": 0.0, "y": 0.0}, "channel": 4}, "attempt": 1}
2026-09-12 15:30:37,407 INFO response {"request_id": "9d45b1429796421b84d2d79fccc78534", "http_status": 200, "body": {"accepted": true, "real_timestamp_ms": 1789198234056, "virtual_time_s": 23, "measure_result": "no_signal"}}
2026-09-12 15:30:37,408 INFO request {"path": "/measure", "payload": {"arena_id": "default", "robot_id": "202601002029", "request_id": "a0c2447f1d784f9d8ca90ac4718410b2", "position": {"x": 0.0, "y": 0.0}, "channel": 5}, "attempt": 1}
2026-09-12 15:30:37,408 INFO response {"request_id": "a0c2447f1d784f9d8ca90ac4718410b2", "http_status": 200, "body": {"accepted": true, "real_timestamp_ms": 1789198234057, "virtual_time_s": 29, "measure_result": "direction", "svd_deg": 178.69}}
2026-09-12 15:30:37,413 INFO request {"path": "/measure", "payload": {"arena_id": "default", "robot_id": "202601002029", "request_id": "8b7ad47c5f584af1adf895afbe890811", "position": {"x": 0.0, "y": 0.0}, "channel": 6}, "attempt": 1}
2026-09-12 15:30:37,413 INFO response {"request_id": "8b7ad47c5f584af1adf895afbe890811", "http_status": 200, "body": {"accepted": true, "real_timestamp_ms": 1789198234062, "virtual_time_s": 35, "measure_result": "no_signal"}}
2026-09-12 15:30:37,414 INFO request {"path": "/measure", "payload": {"arena_id": "default", "robot_id": "202601002029", "request_id": "aac8755a89ff4be0876a236ccaf0cac8", "position": {"x": 0.0, "y": 0.0}, "channel": 7}, "attempt": 1}
2026-09-12 15:30:37,415 INFO response {"request_id": "aac8755a89ff4be0876a236ccaf0cac8", "http_status": 200, "body": {"accepted": true, "real_timestamp_ms": 1789198234063, "virtual_time_s": 41, "measure_result": "direction", "svd_deg": 6.03}}
2026-09-12 15:30:37,418 INFO request {"path": "/measure", "payload": {"arena_id": "default", "robot_id": "202601002029", "request_id": "04d507b561bf4138b1ee71f775bfba8a", "position": {"x": 0.0, "y": 0.0}, "channel": 8}, "attempt": 1}
2026-09-12 15:30:37,419 INFO response {"request_id": "04d507b561bf4138b1ee71f775bfba8a", "http_status": 200, "body": {"accepted": true, "real_timestamp_ms": 1789198234068, "virtual_time_s": 47, "measure_result": "direction", "svd_deg": 299.82}}
2026-09-12 15:30:37,421 INFO request {"path": "/measure", "payload": {"arena_id": "default", "robot_id": "202601002029", "request_id": "424bc9c2f8ae4d62a5307a56caa6682c", "position": {"x": 0.0, "y": 0.0}, "channel": 9}, "attempt": 1}
2026-09-12 15:30:37,436 INFO response {"request_id": "424bc9c2f8ae4d62a5307a56caa6682c", "http_status": 200, "body": {"accepted": true, "real_timestamp_ms": 1789198234085, "virtual_time_s": 53, "measure_result": "no_signal"}}
2026-09-12 15:30:37,436 INFO request {"path": "/measure", "payload": {"arena_id": "default", "robot_id": "202601002029", "request_id": "d0a701b474fb4e8e8b9fe3396c747c26", "position": {"x": 0.0, "y": 0.0}, "channel": 10}, "attempt": 1}
2026-09-12 15:30:37,457 INFO response {"request_id": "d0a701b474fb4e8e8b9fe3396c747c26", "http_status": 200, "body": {"accepted": true, "real_timestamp_ms": 1789198234105, "virtual_time_s": 59, "measure_result": "direction", "svd_deg": 158.44}}
2026-09-12 15:30:37,463 INFO request {"path": "/measure", "payload": {"arena_id": "default", "robot_id": "202601002029", "request_id": "54d9976878d443a293f21c7471c52fcb", "position": {"x": 0.0, "y": 0.0}, "channel": 11}, "attempt": 1}
2026-09-12 15:30:37,476 INFO response {"request_id": "54d9976878d443a293f21c7471c52fcb", "http_status": 200, "body": {"accepted": true, "real_timestamp_ms": 1789198234125, "virtual_time_s": 65, "measure_result": "no_signal"}}
2026-09-12 15:30:37,476 INFO request {"path": "/measure", "payload": {"arena_id": "default", "robot_id": "202601002029", "request_id": "1446a4903b814839851f705d157702ca", "position": {"x": 0.0, "y": 0.0}, "channel": 12}, "attempt": 1}
2026-09-12 15:30:37,496 INFO response {"request_id": "1446a4903b814839851f705d157702ca", "http_status": 200, "body": {"accepted": true, "real_timestamp_ms": 1789198234144, "virtual_time_s": 71, "measure_result": "direction", "svd_deg": 143.34}}
2026-09-12 15:30:37,501 INFO request {"path": "/measure", "payload": {"arena_id": "default", "robot_id": "202601002029", "request_id": "da66f71e44c94f7f96e322d27d5f9114", "position": {"x": 0.0, "y": 0.0}, "channel": 13}, "attempt": 1}
2026-09-12 15:30:37,516 INFO response {"request_id": "da66f71e44c94f7f96e322d27d5f9114", "http_status": 200, "body": {"accepted": true, "real_timestamp_ms": 1789198234165, "virtual_time_s": 77, "measure_result": "direction", "svd_deg": 109.33}}
2026-09-12 15:30:37,521 INFO request {"path": "/measure", "payload": {"arena_id": "default", "robot_id": "202601002029", "request_id": "9845b41d93864091bb41a0ad2a379fca", "position": {"x": 0.0, "y": 0.0}, "channel": 14}, "attempt": 1}
2026-09-12 15:30:37,535 INFO response {"request_id": "9845b41d93864091bb41a0ad2a379fca", "http_status": 200, "body": {"accepted": true, "real_timestamp_ms": 1789198234184, "virtual_time_s": 83, "measure_result": "no_signal"}}
2026-09-12 15:30:37,535 INFO request {"path": "/measure", "payload": {"arena_id": "default", "robot_id": "202601002029", "request_id": "53cc4eed52a745adbaf92a922ebdd509", "position": {"x": 0.0, "y": 0.0}, "channel": 15}, "attempt": 1}
2026-09-12 15:30:37,538 INFO response {"request_id": "53cc4eed52a745adbaf92a922ebdd509", "http_status": 200, "body": {"accepted": true, "real_timestamp_ms": 1789198234186, "virtual_time_s": 89, "measure_result": "no_signal"}}
2026-09-12 15:30:37,538 INFO request {"path": "/measure", "payload": {"arena_id": "default", "robot_id": "202601002029", "request_id": "819ad5a96dd643478ff1d6f91054d16e", "position": {"x": 0.0, "y": 0.0}, "channel": 16}, "attempt": 1}
2026-09-12 15:30:37,540 INFO response {"request_id": "819ad5a96dd643478ff1d6f91054d16e", "http_status": 200, "body": {"accepted": true, "real_timestamp_ms": 1789198234188, "virtual_time_s": 95, "measure_result": "no_signal"}}
2026-09-12 15:30:37,540 INFO request {"path": "/measure", "payload": {"arena_id": "default", "robot_id": "202601002029", "request_id": "9303f3e6f04d4e2bbe83a4ae4a49d718", "position": {"x": 0.0, "y": 0.0}, "channel": 17}, "attempt": 1}
2026-09-12 15:30:37,542 INFO response {"request_id": "9303f3e6f04d4e2bbe83a4ae4a49d718", "http_status": 200, "body": {"accepted": true, "real_timestamp_ms": 1789198234191, "virtual_time_s": 101, "measure_result": "no_signal"}}
2026-09-12 15:30:37,542 INFO request {"path": "/measure", "payload": {"arena_id": "default", "robot_id": "202601002029", "request_id": "ad716798fd4c40d19d16f89993d0a3da", "position": {"x": 0.0, "y": 0.0}, "channel": 18}, "attempt": 1}
2026-09-12 15:30:37,544 INFO response {"request_id": "ad716798fd4c40d19d16f89993d0a3da", "http_status": 200, "body": {"accepted": true, "real_timestamp_ms": 1789198234193, "virtual_time_s": 107, "measure_result": "no_signal"}}
2026-09-12 15:30:37,544 INFO request {"path": "/measure", "payload": {"arena_id": "default", "robot_id": "202601002029", "request_id": "c92c36d72d6944f88f837e2d2a9f863e", "position": {"x": 0.0, "y": 0.0}, "channel": 19}, "attempt": 1}
2026-09-12 15:30:37,546 INFO response {"request_id": "c92c36d72d6944f88f837e2d2a9f863e", "http_status": 200, "body": {"accepted": true, "real_timestamp_ms": 1789198234195, "virtual_time_s": 113, "measure_result": "no_signal"}}
2026-09-12 15:30:37,546 INFO request {"path": "/measure", "payload": {"arena_id": "default", "robot_id": "202601002029", "request_id": "f0837407e56843e9a41ff6882fe36df9", "position": {"x": 0.0, "y": 0.0}, "channel": 20}, "attempt": 1}
2026-09-12 15:30:37,548 INFO response {"request_id": "f0837407e56843e9a41ff6882fe36df9", "http_status": 200, "body": {"accepted": true, "real_timestamp_ms": 1789198234197, "virtual_time_s": 119, "measure_result": "no_signal"}}
2026-09-12 15:30:37,548 INFO request {"path": "/measure", "payload": {"arena_id": "default", "robot_id": "202601002029", "request_id": "e9eb518d04da4837bf9845145832039c", "position": {"x": 1200.0, "y": 0.0}, "channel": 20}, "attempt": 1}
2026-09-12 15:30:37,550 INFO response {"request_id": "e9eb518d04da4837bf9845145832039c", "http_status": 200, "body": {"accepted": true, "real_timestamp_ms": 1789198234199, "virtual_time_s": 364, "measure_result": "direction", "svd_deg": 325.3}}
2026-09-12 15:30:37,555 INFO request {"path": "/measure", "payload": {"arena_id": "default", "robot_id": "202601002029", "request_id": "82320691288744078958391fc26d2e3d", "position": {"x": 1200.0, "y": 0.0}, "channel": 1}, "attempt": 1}
2026-09-12 15:30:37,558 INFO response {"request_id": "82320691288744078958391fc26d2e3d", "http_status": 200, "body": {"accepted": true, "real_timestamp_ms": 1789198234206, "virtual_time_s": 370, "measure_result": "no_signal"}}
2026-09-12 15:30:37,558 INFO request {"path": "/measure", "payload": {"arena_id": "default", "robot_id": "202601002029", "request_id": "a83e993584124941b324aaf62bdc966e", "position": {"x": 1200.0, "y": 0.0}, "channel": 2}, "attempt": 1}
2026-09-12 15:30:37,560 INFO response {"request_id": "a83e993584124941b324aaf62bdc966e", "http_status": 200, "body": {"accepted": true, "real_timestamp_ms": 1789198234208, "virtual_time_s": 376, "measure_result": "no_signal"}}
2026-09-12 15:30:37,560 INFO request {"path": "/measure", "payload": {"arena_id": "default", "robot_id": "202601002029", "request_id": "9bc76c8557404e0faebdfa34774925c0", "position": {"x": 1200.0, "y": 0.0}, "channel": 3}, "attempt": 1}
2026-09-12 15:30:37,562 INFO response {"request_id": "9bc76c8557404e0faebdfa34774925c0", "http_status": 200, "body": {"accepted": true, "real_timestamp_ms": 1789198234211, "virtual_time_s": 382, "measure_result": "no_signal"}}
2026-09-12 15:30:37,562 INFO request {"path": "/measure", "payload": {"arena_id": "default", "robot_id": "202601002029", "request_id": "655913ee949c442db5dd0cfe2df83ef8", "position": {"x": 1200.0, "y": 0.0}, "channel": 4}, "attempt": 1}
2026-09-12 15:30:37,564 INFO response {"request_id": "655913ee949c442db5dd0cfe2df83ef8", "http_status": 200, "body": {"accepted": true, "real_timestamp_ms": 1789198234212, "virtual_time_s": 388, "measure_result": "no_signal"}}
2026-09-12 15:30:37,564 INFO request {"path": "/measure", "payload": {"arena_id": "default", "robot_id": "202601002029", "request_id": "ec6381d79b8f4093aebcf0d088fba48f", "position": {"x": 1200.0, "y": 0.0}, "channel": 6}, "attempt": 1}
2026-09-12 15:30:37,565 INFO response {"request_id": "ec6381d79b8f4093aebcf0d088fba48f", "http_status": 200, "body": {"accepted": true, "real_timestamp_ms": 1789198234214, "virtual_time_s": 394, "measure_result": "no_signal"}}
2026-09-12 15:30:37,565 INFO request {"path": "/measure", "payload": {"arena_id": "default", "robot_id": "202601002029", "request_id": "7001ae6942874918812ed11c0ae56a09", "position": {"x": 1200.0, "y": 0.0}, "channel": 9}, "attempt": 1}
2026-09-12 15:30:37,567 INFO response {"request_id": "7001ae6942874918812ed11c0ae56a09", "http_status": 200, "body": {"accepted": true, "real_timestamp_ms": 1789198234216, "virtual_time_s": 400, "measure_result": "no_signal"}}
2026-09-12 15:30:37,567 INFO request {"path": "/measure", "payload": {"arena_id": "default", "robot_id": "202601002029", "request_id": "3995c849f0464a7580564a666abfd39c", "position": {"x": 1200.0, "y": 0.0}, "channel": 11}, "attempt": 1}
2026-09-12 15:30:37,568 INFO response {"request_id": "3995c849f0464a7580564a666abfd39c", "http_status": 200, "body": {"accepted": true, "real_timestamp_ms": 1789198234217, "virtual_time_s": 406, "measure_result": "direction", "svd_deg": 252.3}}
2026-09-12 15:30:37,571 INFO request {"path": "/measure", "payload": {"arena_id": "default", "robot_id": "202601002029", "request_id": "938d7d5faa3f408394037c84e06b6e22", "position": {"x": 1200.0, "y": 0.0}, "channel": 14}, "attempt": 1}
2026-09-12 15:30:37,585 INFO response {"request_id": "938d7d5faa3f408394037c84e06b6e22", "http_status": 200, "body": {"accepted": true, "real_timestamp_ms": 1789198234234, "virtual_time_s": 412, "measure_result": "no_signal"}}
2026-09-12 15:30:37,586 INFO request {"path": "/measure", "payload": {"arena_id": "default", "robot_id": "202601002029", "request_id": "888705f9c92841f99b18303c6ee0c306", "position": {"x": 1200.0, "y": 0.0}, "channel": 15}, "attempt": 1}
2026-09-12 15:30:37,605 INFO response {"request_id": "888705f9c92841f99b18303c6ee0c306", "http_status": 200, "body": {"accepted": true, "real_timestamp_ms": 1789198234253, "virtual_time_s": 418, "measure_result": "no_signal"}}
2026-09-12 15:30:37,606 INFO request {"path": "/measure", "payload": {"arena_id": "default", "robot_id": "202601002029", "request_id": "20881482e61b4cbea01d81782b421874", "position": {"x": 1200.0, "y": 0.0}, "channel": 16}, "attempt": 1}
2026-09-12 15:30:37,625 INFO response {"request_id": "20881482e61b4cbea01d81782b421874", "http_status": 200, "body": {"accepted": true, "real_timestamp_ms": 1789198234273, "virtual_time_s": 424, "measure_result": "no_signal"}}
2026-09-12 15:30:37,626 INFO request {"path": "/measure", "payload": {"arena_id": "default", "robot_id": "202601002029", "request_id": "0bfbc7c722ec4518b7c881279e75547b", "position": {"x": 1200.0, "y": 0.0}, "channel": 17}, "attempt": 1}
2026-09-12 15:30:37,644 INFO response {"request_id": "0bfbc7c722ec4518b7c881279e75547b", "http_status": 200, "body": {"accepted": true, "real_timestamp_ms": 1789198234293, "virtual_time_s": 430, "measure_result": "no_signal"}}
2026-09-12 15:30:37,644 INFO request {"path": "/measure", "payload": {"arena_id": "default", "robot_id": "202601002029", "request_id": "ebe7a8164bdf4e12a3e52c44b032260f", "position": {"x": 1200.0, "y": 0.0}, "channel": 18}, "attempt": 1}
2026-09-12 15:30:37,664 INFO response {"request_id": "ebe7a8164bdf4e12a3e52c44b032260f", "http_status": 200, "body": {"accepted": true, "real_timestamp_ms": 1789198234312, "virtual_time_s": 436, "measure_result": "no_signal"}}
2026-09-12 15:30:37,664 INFO request {"path": "/measure", "payload": {"arena_id": "default", "robot_id": "202601002029", "request_id": "6b589652ddce4092a567255458113f47", "position": {"x": 1200.0, "y": 0.0}, "channel": 19}, "attempt": 1}
2026-09-12 15:30:37,685 INFO response {"request_id": "6b589652ddce4092a567255458113f47", "http_status": 200, "body": {"accepted": true, "real_timestamp_ms": 1789198234333, "virtual_time_s": 442, "measure_result": "no_signal"}}
2026-09-12 15:30:37,686 INFO request {"path": "/measure", "payload": {"arena_id": "default", "robot_id": "202601002029", "request_id": "5266c3f27ace47f48df403b4bc8b8394", "position": {"x": 600.0000000000001, "y": 1039.2304845413264}, "channel": 19}, "attempt": 1}
2026-09-12 15:30:37,687 INFO response {"request_id": "5266c3f27ace47f48df403b4bc8b8394", "http_status": 200, "body": {"accepted": true, "real_timestamp_ms": 1789198234336, "virtual_time_s": 687, "measure_result": "no_signal"}}
2026-09-12 15:30:37,688 INFO request {"path": "/measure", "payload": {"arena_id": "default", "robot_id": "202601002029", "request_id": "86484a0d51a9448bad5ab6f2e511c510", "position": {"x": 600.0000000000001, "y": 1039.2304845413264}, "channel": 1}, "attempt": 1}
2026-09-12 15:30:37,689 INFO response {"request_id": "86484a0d51a9448bad5ab6f2e511c510", "http_status": 200, "body": {"accepted": true, "real_timestamp_ms": 1789198234338, "virtual_time_s": 693, "measure_result": "no_signal"}}
2026-09-12 15:30:37,690 INFO request {"path": "/measure", "payload": {"arena_id": "default", "robot_id": "202601002029", "request_id": "2a0e7155946c46949aae83d390c31340", "position": {"x": 600.0000000000001, "y": 1039.2304845413264}, "channel": 2}, "attempt": 1}
2026-09-12 15:30:37,691 INFO response {"request_id": "2a0e7155946c46949aae83d390c31340", "http_status": 200, "body": {"accepted": true, "real_timestamp_ms": 1789198234340, "virtual_time_s": 699, "measure_result": "no_signal"}}
2026-09-12 15:30:37,691 INFO request {"path": "/measure", "payload": {"arena_id": "default", "robot_id": "202601002029", "request_id": "f26b48069bb549c195129f84d57bf493", "position": {"x": 600.0000000000001, "y": 1039.2304845413264}, "channel": 3}, "attempt": 1}
2026-09-12 15:30:37,693 INFO response {"request_id": "f26b48069bb549c195129f84d57bf493", "http_status": 200, "body": {"accepted": true, "real_timestamp_ms": 1789198234341, "virtual_time_s": 705, "measure_result": "no_signal"}}
2026-09-12 15:30:37,693 INFO request {"path": "/measure", "payload": {"arena_id": "default", "robot_id": "202601002029", "request_id": "97c5ca77678c43e189e03a049013221e", "position": {"x": 600.0000000000001, "y": 1039.2304845413264}, "channel": 4}, "attempt": 1}
2026-09-12 15:30:37,695 INFO response {"request_id": "97c5ca77678c43e189e03a049013221e", "http_status": 200, "body": {"accepted": true, "real_timestamp_ms": 1789198234343, "virtual_time_s": 711, "measure_result": "no_signal"}}
2026-09-12 15:30:37,695 INFO request {"path": "/measure", "payload": {"arena_id": "default", "robot_id": "202601002029", "request_id": "1d34a41236fd4357bc5134b418ecd23a", "position": {"x": 600.0000000000001, "y": 1039.2304845413264}, "channel": 6}, "attempt": 1}
2026-09-12 15:30:37,696 INFO response {"request_id": "1d34a41236fd4357bc5134b418ecd23a", "http_status": 200, "body": {"accepted": true, "real_timestamp_ms": 1789198234345, "virtual_time_s": 717, "measure_result": "no_signal"}}
2026-09-12 15:30:37,696 INFO request {"path": "/measure", "payload": {"arena_id": "default", "robot_id": "202601002029", "request_id": "3b4f24a044764ec98ea1b047d6991f9d", "position": {"x": 600.0000000000001, "y": 1039.2304845413264}, "channel": 9}, "attempt": 1}
2026-09-12 15:30:37,699 INFO response {"request_id": "3b4f24a044764ec98ea1b047d6991f9d", "http_status": 200, "body": {"accepted": true, "real_timestamp_ms": 1789198234347, "virtual_time_s": 723, "measure_result": "no_signal"}}
2026-09-12 15:30:37,699 INFO request {"path": "/measure", "payload": {"arena_id": "default", "robot_id": "202601002029", "request_id": "a3e9bf71c55d425fb45a151f73606e26", "position": {"x": 600.0000000000001, "y": 1039.2304845413264}, "channel": 14}, "attempt": 1}
2026-09-12 15:30:37,715 INFO response {"request_id": "a3e9bf71c55d425fb45a151f73606e26", "http_status": 200, "body": {"accepted": true, "real_timestamp_ms": 1789198234363, "virtual_time_s": 729, "measure_result": "direction", "svd_deg": 149.33}}
2026-09-12 15:30:37,721 INFO request {"path": "/measure", "payload": {"arena_id": "default", "robot_id": "202601002029", "request_id": "f3f84511874f46ba9eed691660ff298d", "position": {"x": 600.0000000000001, "y": 1039.2304845413264}, "channel": 15}, "attempt": 1}
2026-09-12 15:30:37,723 INFO response {"request_id": "f3f84511874f46ba9eed691660ff298d", "http_status": 200, "body": {"accepted": true, "real_timestamp_ms": 1789198234371, "virtual_time_s": 735, "measure_result": "no_signal"}}
2026-09-12 15:30:37,723 INFO request {"path": "/measure", "payload": {"arena_id": "default", "robot_id": "202601002029", "request_id": "175486e209834d91a150ea556a915731", "position": {"x": 600.0000000000001, "y": 1039.2304845413264}, "channel": 16}, "attempt": 1}
2026-09-12 15:30:37,725 INFO response {"request_id": "175486e209834d91a150ea556a915731", "http_status": 200, "body": {"accepted": true, "real_timestamp_ms": 1789198234373, "virtual_time_s": 741, "measure_result": "no_signal"}}
2026-09-12 15:30:37,725 INFO request {"path": "/measure", "payload": {"arena_id": "default", "robot_id": "202601002029", "request_id": "a579a69d644f4e24a2c23234697786f2", "position": {"x": 600.0000000000001, "y": 1039.2304845413264}, "channel": 17}, "attempt": 1}
2026-09-12 15:30:37,729 INFO response {"request_id": "a579a69d644f4e24a2c23234697786f2", "http_status": 200, "body": {"accepted": true, "real_timestamp_ms": 1789198234376, "virtual_time_s": 747, "measure_result": "no_signal"}}
2026-09-12 15:30:37,729 INFO request {"path": "/measure", "payload": {"arena_id": "default", "robot_id": "202601002029", "request_id": "c32cae885a264741ae29c7fe0b4045de", "position": {"x": 600.0000000000001, "y": 1039.2304845413264}, "channel": 18}, "attempt": 1}
2026-09-12 15:30:37,743 INFO response {"request_id": "c32cae885a264741ae29c7fe0b4045de", "http_status": 200, "body": {"accepted": true, "real_timestamp_ms": 1789198234392, "virtual_time_s": 753, "measure_result": "no_signal"}}
2026-09-12 15:30:37,765 INFO request {"path": "/measure", "payload": {"arena_id": "default", "robot_id": "202601002029", "request_id": "32d383621c6546afa883f8a16a227a6e", "position": {"x": 600.0000000000001, "y": 1039.2304845413264}, "channel": 13}, "attempt": 1}
2026-09-12 15:30:37,782 INFO response {"request_id": "32d383621c6546afa883f8a16a227a6e", "http_status": 200, "body": {"accepted": true, "real_timestamp_ms": 1789198234431, "virtual_time_s": 759, "measure_result": "direction", "svd_deg": 183.63}}
2026-09-12 15:30:37,809 INFO request {"path": "/measure", "payload": {"arena_id": "default", "robot_id": "202601002029", "request_id": "ddeee78af1164f7f8306972d35f16ce8", "position": {"x": 600.0000000000001, "y": 1039.2304845413264}, "channel": 7}, "attempt": 1}
2026-09-12 15:30:37,832 INFO response {"request_id": "ddeee78af1164f7f8306972d35f16ce8", "http_status": 200, "body": {"accepted": true, "real_timestamp_ms": 1789198234480, "virtual_time_s": 765, "measure_result": "direction", "svd_deg": 294.79}}
2026-09-12 15:30:37,840 INFO request {"path": "/measure", "payload": {"arena_id": "default", "robot_id": "202601002029", "request_id": "70d92778c5df4a049ec836e5ad68f6cb", "position": {"x": -599.9999999999998, "y": 1039.2304845413264}, "channel": 1}, "attempt": 1}
2026-09-12 15:30:37,841 INFO response {"request_id": "70d92778c5df4a049ec836e5ad68f6cb", "http_status": 200, "body": {"accepted": true, "real_timestamp_ms": 1789198234490, "virtual_time_s": 1011, "measure_result": "no_signal"}}
2026-09-12 15:30:37,842 INFO request {"path": "/measure", "payload": {"arena_id": "default", "robot_id": "202601002029", "request_id": "fbab709fcc7441759d45c3866784d7a8", "position": {"x": -599.9999999999998, "y": 1039.2304845413264}, "channel": 2}, "attempt": 1}
2026-09-12 15:30:37,843 INFO response {"request_id": "fbab709fcc7441759d45c3866784d7a8", "http_status": 200, "body": {"accepted": true, "real_timestamp_ms": 1789198234492, "virtual_time_s": 1017, "measure_result": "no_signal"}}
2026-09-12 15:30:37,843 INFO request {"path": "/measure", "payload": {"arena_id": "default", "robot_id": "202601002029", "request_id": "f06eca040c3a4db6aa43d8c6af3d0d1e", "position": {"x": -599.9999999999998, "y": 1039.2304845413264}, "channel": 3}, "attempt": 1}
2026-09-12 15:30:37,845 INFO response {"request_id": "f06eca040c3a4db6aa43d8c6af3d0d1e", "http_status": 200, "body": {"accepted": true, "real_timestamp_ms": 1789198234493, "virtual_time_s": 1023, "measure_result": "direction", "svd_deg": 168.76}}
2026-09-12 15:30:37,849 INFO request {"path": "/measure", "payload": {"arena_id": "default", "robot_id": "202601002029", "request_id": "74c66ef5efc246a2a6b0b67ba89adaaa", "position": {"x": -599.9999999999998, "y": 1039.2304845413264}, "channel": 4}, "attempt": 1}
2026-09-12 15:30:37,850 INFO response {"request_id": "74c66ef5efc246a2a6b0b67ba89adaaa", "http_status": 200, "body": {"accepted": true, "real_timestamp_ms": 1789198234498, "virtual_time_s": 1029, "measure_result": "no_signal"}}
2026-09-12 15:30:37,850 INFO request {"path": "/measure", "payload": {"arena_id": "default", "robot_id": "202601002029", "request_id": "ebfe46f2d6e14be0a66935c0b3f0e9d3", "position": {"x": -599.9999999999998, "y": 1039.2304845413264}, "channel": 6}, "attempt": 1}
2026-09-12 15:30:37,851 INFO response {"request_id": "ebfe46f2d6e14be0a66935c0b3f0e9d3", "http_status": 200, "body": {"accepted": true, "real_timestamp_ms": 1789198234500, "virtual_time_s": 1035, "measure_result": "no_signal"}}
2026-09-12 15:30:37,852 INFO request {"path": "/measure", "payload": {"arena_id": "default", "robot_id": "202601002029", "request_id": "d50403622adb43da8c9ee684c763aa92", "position": {"x": -599.9999999999998, "y": 1039.2304845413264}, "channel": 9}, "attempt": 1}
2026-09-12 15:30:37,870 INFO response {"request_id": "d50403622adb43da8c9ee684c763aa92", "http_status": 200, "body": {"accepted": true, "real_timestamp_ms": 1789198234518, "virtual_time_s": 1041, "measure_result": "no_signal"}}
2026-09-12 15:30:37,870 INFO request {"path": "/measure", "payload": {"arena_id": "default", "robot_id": "202601002029", "request_id": "71e2b9ae99d846f2ada3aeb7b2428293", "position": {"x": -599.9999999999998, "y": 1039.2304845413264}, "channel": 15}, "attempt": 1}
2026-09-12 15:30:37,871 INFO response {"request_id": "71e2b9ae99d846f2ada3aeb7b2428293", "http_status": 200, "body": {"accepted": true, "real_timestamp_ms": 1789198234520, "virtual_time_s": 1047, "measure_result": "no_signal"}}
2026-09-12 15:30:37,871 INFO request {"path": "/measure", "payload": {"arena_id": "default", "robot_id": "202601002029", "request_id": "17d7a16c132a4f85a9028e8ca37de450", "position": {"x": -599.9999999999998, "y": 1039.2304845413264}, "channel": 16}, "attempt": 1}
2026-09-12 15:30:37,873 INFO response {"request_id": "17d7a16c132a4f85a9028e8ca37de450", "http_status": 200, "body": {"accepted": true, "real_timestamp_ms": 1789198234521, "virtual_time_s": 1053, "measure_result": "no_signal"}}
2026-09-12 15:30:37,873 INFO request {"path": "/measure", "payload": {"arena_id": "default", "robot_id": "202601002029", "request_id": "00fd3af7911d4ee6bd124fb7e21c86f3", "position": {"x": -599.9999999999998, "y": 1039.2304845413264}, "channel": 17}, "attempt": 1}
2026-09-12 15:30:37,874 INFO response {"request_id": "00fd3af7911d4ee6bd124fb7e21c86f3", "http_status": 200, "body": {"accepted": true, "real_timestamp_ms": 1789198234523, "virtual_time_s": 1059, "measure_result": "no_signal"}}
2026-09-12 15:30:37,874 INFO request {"path": "/measure", "payload": {"arena_id": "default", "robot_id": "202601002029", "request_id": "363968e0e8a24e8ca7c9cae5c9233723", "position": {"x": -599.9999999999998, "y": 1039.2304845413264}, "channel": 18}, "attempt": 1}
2026-09-12 15:30:37,875 INFO response {"request_id": "363968e0e8a24e8ca7c9cae5c9233723", "http_status": 200, "body": {"accepted": true, "real_timestamp_ms": 1789198234524, "virtual_time_s": 1065, "measure_result": "no_signal"}}
2026-09-12 15:30:37,876 INFO request {"path": "/measure", "payload": {"arena_id": "default", "robot_id": "202601002029", "request_id": "4cdd98cec84946fca5bb34208924fb2d", "position": {"x": -599.9999999999998, "y": 1039.2304845413264}, "channel": 19}, "attempt": 1}
2026-09-12 15:30:37,889 INFO response {"request_id": "4cdd98cec84946fca5bb34208924fb2d", "http_status": 200, "body": {"accepted": true, "real_timestamp_ms": 1789198234538, "virtual_time_s": 1071, "measure_result": "no_signal"}}
2026-09-12 15:30:37,930 INFO request {"path": "/measure", "payload": {"arena_id": "default", "robot_id": "202601002029", "request_id": "ca4ba75fd1a74672a12cf03fb21e2e1d", "position": {"x": -599.9999999999998, "y": 1039.2304845413264}, "channel": 12}, "attempt": 1}
2026-09-12 15:30:37,950 INFO response {"request_id": "ca4ba75fd1a74672a12cf03fb21e2e1d", "http_status": 200, "body": {"accepted": true, "real_timestamp_ms": 1789198234599, "virtual_time_s": 1077, "measure_result": "direction", "svd_deg": 248.03}}
2026-09-12 15:30:37,984 INFO request {"path": "/measure", "payload": {"arena_id": "default", "robot_id": "202601002029", "request_id": "6f2806da49d643efac147ef66fa86d96", "position": {"x": -599.9999999999998, "y": 1039.2304845413264}, "channel": 10}, "attempt": 1}
2026-09-12 15:30:38,000 INFO response {"request_id": "6f2806da49d643efac147ef66fa86d96", "http_status": 200, "body": {"accepted": true, "real_timestamp_ms": 1789198234648, "virtual_time_s": 1083, "measure_result": "direction", "svd_deg": 267.49}}
2026-09-12 15:30:38,009 INFO request {"path": "/measure", "payload": {"arena_id": "default", "robot_id": "202601002029", "request_id": "46d1286f03ee45ef824fe179334823d7", "position": {"x": -1200.0, "y": 1.4695761589768238e-13}, "channel": 1}, "attempt": 1}
2026-09-12 15:30:38,030 INFO response {"request_id": "46d1286f03ee45ef824fe179334823d7", "http_status": 200, "body": {"accepted": true, "real_timestamp_ms": 1789198234678, "virtual_time_s": 1329, "measure_result": "no_signal"}}
2026-09-12 15:30:38,030 INFO request {"path": "/measure", "payload": {"arena_id": "default", "robot_id": "202601002029", "request_id": "5e52e264a38f4407934367427a764baf", "position": {"x": -1200.0, "y": 1.4695761589768238e-13}, "channel": 2}, "attempt": 1}
2026-09-12 15:30:38,048 INFO response {"request_id": "5e52e264a38f4407934367427a764baf", "http_status": 200, "body": {"accepted": true, "real_timestamp_ms": 1789198234697, "virtual_time_s": 1335, "measure_result": "direction", "svd_deg": 295.12}}
2026-09-12 15:30:38,053 INFO request {"path": "/measure", "payload": {"arena_id": "default", "robot_id": "202601002029", "request_id": "5ddd466b24a24acd87cf81bcc5a4d79e", "position": {"x": -1200.0, "y": 1.4695761589768238e-13}, "channel": 4}, "attempt": 1}
2026-09-12 15:30:38,055 INFO response {"request_id": "5ddd466b24a24acd87cf81bcc5a4d79e", "http_status": 200, "body": {"accepted": true, "real_timestamp_ms": 1789198234703, "virtual_time_s": 1341, "measure_result": "no_signal"}}
2026-09-12 15:30:38,055 INFO request {"path": "/measure", "payload": {"arena_id": "default", "robot_id": "202601002029", "request_id": "9ee4087c92874812954542f458ae4703", "position": {"x": -1200.0, "y": 1.4695761589768238e-13}, "channel": 6}, "attempt": 1}
2026-09-12 15:30:38,067 INFO response {"request_id": "9ee4087c92874812954542f458ae4703", "http_status": 200, "body": {"accepted": true, "real_timestamp_ms": 1789198234716, "virtual_time_s": 1347, "measure_result": "no_signal"}}
2026-09-12 15:30:38,067 INFO request {"path": "/measure", "payload": {"arena_id": "default", "robot_id": "202601002029", "request_id": "dd2744951524418ea02ac3e26cc02460", "position": {"x": -1200.0, "y": 1.4695761589768238e-13}, "channel": 9}, "attempt": 1}
2026-09-12 15:30:38,070 INFO response {"request_id": "dd2744951524418ea02ac3e26cc02460", "http_status": 200, "body": {"accepted": true, "real_timestamp_ms": 1789198234718, "virtual_time_s": 1353, "measure_result": "no_signal"}}
2026-09-12 15:30:38,070 INFO request {"path": "/measure", "payload": {"arena_id": "default", "robot_id": "202601002029", "request_id": "299a4f9a11774d3695b173124c5f0270", "position": {"x": -1200.0, "y": 1.4695761589768238e-13}, "channel": 15}, "attempt": 1}
2026-09-12 15:30:38,073 INFO response {"request_id": "299a4f9a11774d3695b173124c5f0270", "http_status": 200, "body": {"accepted": true, "real_timestamp_ms": 1789198234721, "virtual_time_s": 1359, "measure_result": "no_signal"}}
2026-09-12 15:30:38,074 INFO request {"path": "/measure", "payload": {"arena_id": "default", "robot_id": "202601002029", "request_id": "3acf379c2bf64e6baa7295e31228cd2d", "position": {"x": -1200.0, "y": 1.4695761589768238e-13}, "channel": 16}, "attempt": 1}
2026-09-12 15:30:38,075 INFO response {"request_id": "3acf379c2bf64e6baa7295e31228cd2d", "http_status": 200, "body": {"accepted": true, "real_timestamp_ms": 1789198234724, "virtual_time_s": 1365, "measure_result": "no_signal"}}
2026-09-12 15:30:38,076 INFO request {"path": "/measure", "payload": {"arena_id": "default", "robot_id": "202601002029", "request_id": "f06749c967f248ff89155ef61cb7751d", "position": {"x": -1200.0, "y": 1.4695761589768238e-13}, "channel": 17}, "attempt": 1}
2026-09-12 15:30:38,097 INFO response {"request_id": "f06749c967f248ff89155ef61cb7751d", "http_status": 200, "body": {"accepted": true, "real_timestamp_ms": 1789198234745, "virtual_time_s": 1371, "measure_result": "no_signal"}}
2026-09-12 15:30:38,097 INFO request {"path": "/measure", "payload": {"arena_id": "default", "robot_id": "202601002029", "request_id": "bc71e29a44c34f75b8472b6e7e2555bd", "position": {"x": -1200.0, "y": 1.4695761589768238e-13}, "channel": 18}, "attempt": 1}
2026-09-12 15:30:38,099 INFO response {"request_id": "bc71e29a44c34f75b8472b6e7e2555bd", "http_status": 200, "body": {"accepted": true, "real_timestamp_ms": 1789198234747, "virtual_time_s": 1377, "measure_result": "direction", "svd_deg": 237.81}}
2026-09-12 15:30:38,103 INFO request {"path": "/measure", "payload": {"arena_id": "default", "robot_id": "202601002029", "request_id": "c7858e4346be4fbb9258a09be6929b35", "position": {"x": -1200.0, "y": 1.4695761589768238e-13}, "channel": 19}, "attempt": 1}
2026-09-12 15:30:38,105 INFO response {"request_id": "c7858e4346be4fbb9258a09be6929b35", "http_status": 200, "body": {"accepted": true, "real_timestamp_ms": 1789198234754, "virtual_time_s": 1383, "measure_result": "no_signal"}}
2026-09-12 15:30:38,130 INFO request {"path": "/measure", "payload": {"arena_id": "default", "robot_id": "202601002029", "request_id": "90c706c72cc84013b3bd812717e7a952", "position": {"x": -1200.0, "y": 1.4695761589768238e-13}, "channel": 10}, "attempt": 1}
2026-09-12 15:30:38,145 INFO response {"request_id": "90c706c72cc84013b3bd812717e7a952", "http_status": 200, "body": {"accepted": true, "real_timestamp_ms": 1789198234794, "virtual_time_s": 1389, "measure_result": "direction", "svd_deg": 24.95}}
2026-09-12 15:30:38,158 INFO request {"path": "/measure", "payload": {"arena_id": "default", "robot_id": "202601002029", "request_id": "a3b410bd6fae439e9ab1f4fd25aee105", "position": {"x": -1200.0, "y": 1.4695761589768238e-13}, "channel": 12}, "attempt": 1}
2026-09-12 15:30:38,159 INFO response {"request_id": "a3b410bd6fae439e9ab1f4fd25aee105", "http_status": 200, "body": {"accepted": true, "real_timestamp_ms": 1789198234808, "virtual_time_s": 1395, "measure_result": "direction", "svd_deg": 55.89}}
2026-09-12 15:30:38,163 INFO request {"path": "/measure", "payload": {"arena_id": "default", "robot_id": "202601002029", "request_id": "ed5970457eb1499d89177b1aba2db9a8", "position": {"x": -600.0000000000006, "y": -1039.2304845413262}, "channel": 1}, "attempt": 1}
2026-09-12 15:30:38,174 INFO response {"request_id": "ed5970457eb1499d89177b1aba2db9a8", "http_status": 200, "body": {"accepted": true, "real_timestamp_ms": 1789198234823, "virtual_time_s": 1641, "measure_result": "no_signal"}}
2026-09-12 15:30:38,174 INFO request {"path": "/measure", "payload": {"arena_id": "default", "robot_id": "202601002029", "request_id": "e0ca267f4ecd4d1297acbbe924d17949", "position": {"x": -600.0000000000006, "y": -1039.2304845413262}, "channel": 4}, "attempt": 1}
2026-09-12 15:30:38,194 INFO response {"request_id": "e0ca267f4ecd4d1297acbbe924d17949", "http_status": 200, "body": {"accepted": true, "real_timestamp_ms": 1789198234843, "virtual_time_s": 1647, "measure_result": "direction", "svd_deg": 215.23}}
2026-09-12 15:30:38,196 INFO request {"path": "/measure", "payload": {"arena_id": "default", "robot_id": "202601002029", "request_id": "fa277a48e5cc45eaae78001b0277b945", "position": {"x": -600.0000000000006, "y": -1039.2304845413262}, "channel": 6}, "attempt": 1}
2026-09-12 15:30:38,198 INFO response {"request_id": "fa277a48e5cc45eaae78001b0277b945", "http_status": 200, "body": {"accepted": true, "real_timestamp_ms": 1789198234846, "virtual_time_s": 1653, "measure_result": "no_signal"}}
2026-09-12 15:30:38,198 INFO request {"path": "/measure", "payload": {"arena_id": "default", "robot_id": "202601002029", "request_id": "6bcf41ebe9f24d0db0875ad5c0d612f7", "position": {"x": -600.0000000000006, "y": -1039.2304845413262}, "channel": 9}, "attempt": 1}
2026-09-12 15:30:38,214 INFO response {"request_id": "6bcf41ebe9f24d0db0875ad5c0d612f7", "http_status": 200, "body": {"accepted": true, "real_timestamp_ms": 1789198234863, "virtual_time_s": 1659, "measure_result": "no_signal"}}
2026-09-12 15:30:38,214 INFO request {"path": "/measure", "payload": {"arena_id": "default", "robot_id": "202601002029", "request_id": "a723761f18a7446ea943c4304159e090", "position": {"x": -600.0000000000006, "y": -1039.2304845413262}, "channel": 15}, "attempt": 1}
2026-09-12 15:30:38,215 INFO response {"request_id": "a723761f18a7446ea943c4304159e090", "http_status": 200, "body": {"accepted": true, "real_timestamp_ms": 1789198234864, "virtual_time_s": 1665, "measure_result": "no_signal"}}
2026-09-12 15:30:38,215 INFO request {"path": "/measure", "payload": {"arena_id": "default", "robot_id": "202601002029", "request_id": "5f9dbcda61944861b4c180152e6d56d4", "position": {"x": -600.0000000000006, "y": -1039.2304845413262}, "channel": 16}, "attempt": 1}
2026-09-12 15:30:38,215 INFO response {"request_id": "5f9dbcda61944861b4c180152e6d56d4", "http_status": 200, "body": {"accepted": true, "real_timestamp_ms": 1789198234865, "virtual_time_s": 1671, "measure_result": "no_signal"}}
2026-09-12 15:30:38,216 INFO request {"path": "/measure", "payload": {"arena_id": "default", "robot_id": "202601002029", "request_id": "7dc3ab4004ce4be9993ad6bdc2aeaecd", "position": {"x": -600.0000000000006, "y": -1039.2304845413262}, "channel": 17}, "attempt": 1}
2026-09-12 15:30:38,234 INFO response {"request_id": "7dc3ab4004ce4be9993ad6bdc2aeaecd", "http_status": 200, "body": {"accepted": true, "real_timestamp_ms": 1789198234882, "virtual_time_s": 1677, "measure_result": "no_signal"}}
2026-09-12 15:30:38,234 INFO request {"path": "/measure", "payload": {"arena_id": "default", "robot_id": "202601002029", "request_id": "e9b9ebeff3bd41f393470f3ec300b828", "position": {"x": -600.0000000000006, "y": -1039.2304845413262}, "channel": 19}, "attempt": 1}
2026-09-12 15:30:38,254 INFO response {"request_id": "e9b9ebeff3bd41f393470f3ec300b828", "http_status": 200, "body": {"accepted": true, "real_timestamp_ms": 1789198234902, "virtual_time_s": 1683, "measure_result": "no_signal"}}
2026-09-12 15:30:38,264 INFO request {"path": "/measure", "payload": {"arena_id": "default", "robot_id": "202601002029", "request_id": "806b644100af4a479789a62141146385", "position": {"x": -600.0000000000006, "y": -1039.2304845413262}, "channel": 18}, "attempt": 1}
2026-09-12 15:30:38,266 INFO response {"request_id": "806b644100af4a479789a62141146385", "http_status": 200, "body": {"accepted": true, "real_timestamp_ms": 1789198234914, "virtual_time_s": 1689, "measure_result": "direction", "svd_deg": 156.5}}
2026-09-12 15:30:38,270 INFO request {"path": "/measure", "payload": {"arena_id": "default", "robot_id": "202601002029", "request_id": "7d29603dc7434698b5bac741b89340b2", "position": {"x": 600.0000000000001, "y": -1039.2304845413264}, "channel": 1}, "attempt": 1}
2026-09-12 15:30:38,271 INFO response {"request_id": "7d29603dc7434698b5bac741b89340b2", "http_status": 200, "body": {"accepted": true, "real_timestamp_ms": 1789198234920, "virtual_time_s": 1935, "measure_result": "no_signal"}}
2026-09-12 15:30:38,271 INFO request {"path": "/measure", "payload": {"arena_id": "default", "robot_id": "202601002029", "request_id": "c9eff34b73ce40e18528b8a27d80dfb0", "position": {"x": 600.0000000000001, "y": -1039.2304845413264}, "channel": 6}, "attempt": 1}
2026-09-12 15:30:38,272 INFO response {"request_id": "c9eff34b73ce40e18528b8a27d80dfb0", "http_status": 200, "body": {"accepted": true, "real_timestamp_ms": 1789198234920, "virtual_time_s": 1941, "measure_result": "no_signal"}}
2026-09-12 15:30:38,272 INFO request {"path": "/measure", "payload": {"arena_id": "default", "robot_id": "202601002029", "request_id": "2ec8100ce11d438f8adc84f560131c75", "position": {"x": 600.0000000000001, "y": -1039.2304845413264}, "channel": 9}, "attempt": 1}
2026-09-12 15:30:38,293 INFO response {"request_id": "2ec8100ce11d438f8adc84f560131c75", "http_status": 200, "body": {"accepted": true, "real_timestamp_ms": 1789198234941, "virtual_time_s": 1947, "measure_result": "no_signal"}}
2026-09-12 15:30:38,293 INFO request {"path": "/measure", "payload": {"arena_id": "default", "robot_id": "202601002029", "request_id": "17407ec9004a42559feda71e7da71805", "position": {"x": 600.0000000000001, "y": -1039.2304845413264}, "channel": 15}, "attempt": 1}
2026-09-12 15:30:38,294 INFO response {"request_id": "17407ec9004a42559feda71e7da71805", "http_status": 200, "body": {"accepted": true, "real_timestamp_ms": 1789198234943, "virtual_time_s": 1953, "measure_result": "no_signal"}}
2026-09-12 15:30:38,294 INFO request {"path": "/measure", "payload": {"arena_id": "default", "robot_id": "202601002029", "request_id": "b848ff43b6b348f285899b6f11d47908", "position": {"x": 600.0000000000001, "y": -1039.2304845413264}, "channel": 16}, "attempt": 1}
2026-09-12 15:30:38,312 INFO response {"request_id": "b848ff43b6b348f285899b6f11d47908", "http_status": 200, "body": {"accepted": true, "real_timestamp_ms": 1789198234961, "virtual_time_s": 1959, "measure_result": "no_signal"}}
2026-09-12 15:30:38,313 INFO request {"path": "/measure", "payload": {"arena_id": "default", "robot_id": "202601002029", "request_id": "34c1879c7d86460a94bc3f4b5f4cf7d4", "position": {"x": 600.0000000000001, "y": -1039.2304845413264}, "channel": 17}, "attempt": 1}
2026-09-12 15:30:38,313 INFO response {"request_id": "34c1879c7d86460a94bc3f4b5f4cf7d4", "http_status": 200, "body": {"accepted": true, "real_timestamp_ms": 1789198234962, "virtual_time_s": 1965, "measure_result": "no_signal"}}
2026-09-12 15:30:38,314 INFO request {"path": "/measure", "payload": {"arena_id": "default", "robot_id": "202601002029", "request_id": "e188d9fc19bc480c856a0f5d4113556c", "position": {"x": 600.0000000000001, "y": -1039.2304845413264}, "channel": 19}, "attempt": 1}
2026-09-12 15:30:38,314 INFO response {"request_id": "e188d9fc19bc480c856a0f5d4113556c", "http_status": 200, "body": {"accepted": true, "real_timestamp_ms": 1789198234963, "virtual_time_s": 1971, "measure_result": "no_signal"}}
2026-09-12 15:30:38,322 INFO request {"path": "/measure", "payload": {"arena_id": "default", "robot_id": "202601002029", "request_id": "98bf087a55914eefaccbf040f9a4c598", "position": {"x": 600.0000000000001, "y": -1039.2304845413264}, "channel": 11}, "attempt": 1}
2026-09-12 15:30:38,342 INFO response {"request_id": "98bf087a55914eefaccbf040f9a4c598", "http_status": 200, "body": {"accepted": true, "real_timestamp_ms": 1789198234991, "virtual_time_s": 1977, "measure_result": "direction", "svd_deg": 314.26}}
2026-09-12 15:30:44,917 INFO request {"path": "/measure", "payload": {"arena_id": "default", "robot_id": "202601002029", "request_id": "3f61e1141d9a46629cb26c37ee384b8f", "position": {"x": 1084.9346282562833, "y": -963.0632463186919}, "channel": 11}, "attempt": 1}
2026-09-12 15:30:44,936 INFO response {"request_id": "3f61e1141d9a46629cb26c37ee384b8f", "http_status": 200, "body": {"accepted": true, "real_timestamp_ms": 1789198241584, "virtual_time_s": 2080.175973, "measure_result": "direction", "svd_deg": 227.46}}
2026-09-12 15:30:44,968 INFO request {"path": "/measure", "payload": {"arena_id": "default", "robot_id": "202601002029", "request_id": "0348a17494ec4874ab53ce6383f5a3fa", "position": {"x": 1084.9346282562833, "y": -963.0632463186919}, "channel": 8}, "attempt": 1}
2026-09-12 15:30:44,995 INFO response {"request_id": "0348a17494ec4874ab53ce6383f5a3fa", "http_status": 200, "body": {"accepted": true, "real_timestamp_ms": 1789198241643, "virtual_time_s": 2086.175973, "measure_result": "direction", "svd_deg": 159.73}}
2026-09-12 15:30:45,035 INFO request {"path": "/measure", "payload": {"arena_id": "default", "robot_id": "202601002029", "request_id": "7af54c6d8c8a4c449a347f49462332e1", "position": {"x": 1084.9346282562833, "y": -963.0632463186919}, "channel": 20}, "attempt": 1}
2026-09-12 15:30:45,054 INFO response {"request_id": "7af54c6d8c8a4c449a347f49462332e1", "http_status": 200, "body": {"accepted": true, "real_timestamp_ms": 1789198241703, "virtual_time_s": 2092.175973, "measure_result": "direction", "svd_deg": 44.93}}
2026-09-12 15:30:46,109 INFO request {"path": "/measure", "payload": {"arena_id": "default", "robot_id": "202601002029", "request_id": "c129544e32c44d8f9d84d9e346bc707a", "position": {"x": 1419.7150390329077, "y": -629.3980874760732}, "channel": 20}, "attempt": 1}
2026-09-12 15:30:46,126 INFO response {"request_id": "c129544e32c44d8f9d84d9e346bc707a", "http_status": 200, "body": {"accepted": true, "real_timestamp_ms": 1789198242775, "virtual_time_s": 2191.708584, "measure_result": "direction", "svd_deg": 44.49}}
2026-09-12 15:30:46,151 INFO request {"path": "/measure", "payload": {"arena_id": "default", "robot_id": "202601002029", "request_id": "aadc62d14a8649b6a299a3fd97915214", "position": {"x": 1419.7150390329077, "y": -629.3980874760732}, "channel": 8}, "attempt": 1}
2026-09-12 15:30:46,166 INFO response {"request_id": "aadc62d14a8649b6a299a3fd97915214", "http_status": 200, "body": {"accepted": true, "real_timestamp_ms": 1789198242815, "virtual_time_s": 2197.708584, "measure_result": "direction", "svd_deg": 185.62}}
2026-09-12 15:30:46,184 INFO request {"path": "/measure", "payload": {"arena_id": "default", "robot_id": "202601002029", "request_id": "0cc4c580d9454460ba214a897af3bb53", "position": {"x": 1419.7150390329077, "y": -629.3980874760732}, "channel": 7}, "attempt": 1}
2026-09-12 15:30:46,195 INFO response {"request_id": "0cc4c580d9454460ba214a897af3bb53", "http_status": 200, "body": {"accepted": true, "real_timestamp_ms": 1789198242844, "virtual_time_s": 2203.708584, "measure_result": "direction", "svd_deg": 116.72}}
2026-09-12 15:30:47,326 INFO request {"path": "/clear", "payload": {"arena_id": "default", "robot_id": "202601002029", "request_id": "d281637365bb4354950c31347aaf09fb", "position": {"x": 1704.9775958096907, "y": -349.4688202132164}, "channel": 20}, "attempt": 1}
2026-09-12 15:30:47,341 INFO response {"request_id": "d281637365bb4354950c31347aaf09fb", "http_status": 200, "body": {"accepted": true, "real_timestamp_ms": 1789198243990, "virtual_time_s": 2288.642337, "clear_result": "success"}}
2026-09-12 15:30:47,343 INFO request {"path": "/measure", "payload": {"arena_id": "default", "robot_id": "202601002029", "request_id": "7af7e09c69b9404a9a718eeb6f94d086", "position": {"x": 1373.5508879840545, "y": 332.46166430530957}, "channel": 7}, "attempt": 1}
2026-09-12 15:30:47,361 INFO response {"request_id": "7af7e09c69b9404a9a718eeb6f94d086", "http_status": 200, "body": {"accepted": true, "real_timestamp_ms": 1789198244010, "virtual_time_s": 2445.283077, "measure_result": "direction", "svd_deg": 212.59}}
2026-09-12 15:30:47,372 INFO request {"path": "/clear", "payload": {"arena_id": "default", "robot_id": "202601002029", "request_id": "34772819aa1b46b08ac8773b2e9f02cb", "position": {"x": 1036.7959808038631, "y": 116.99759946157539}, "channel": 7}, "attempt": 1}
2026-09-12 15:30:47,373 INFO response {"request_id": "34772819aa1b46b08ac8773b2e9f02cb", "http_status": 200, "body": {"accepted": true, "real_timestamp_ms": 1789198244021, "virtual_time_s": 2530.240223, "clear_result": "success"}}
2026-09-12 15:30:47,398 INFO request {"path": "/measure", "payload": {"arena_id": "default", "robot_id": "202601002029", "request_id": "24a5a3f9835146a0a09673e7d183e389", "position": {"x": 1036.7959808038631, "y": 116.99759946157539}, "channel": 8}, "attempt": 1}
2026-09-12 15:30:47,409 INFO response {"request_id": "24a5a3f9835146a0a09673e7d183e389", "http_status": 200, "body": {"accepted": true, "real_timestamp_ms": 1789198244058, "virtual_time_s": 2536.240223, "measure_result": "direction", "svd_deg": 233.74}}
2026-09-12 15:30:47,414 INFO request {"path": "/clear", "payload": {"arena_id": "default", "robot_id": "202601002029", "request_id": "eb8cc5bbaf1745338f0519189ef9e808", "position": {"x": 813.7433612350003, "y": -1258.7504856764056}, "channel": 11}, "attempt": 1}
2026-09-12 15:30:47,415 INFO response {"request_id": "eb8cc5bbaf1745338f0519189ef9e808", "http_status": 200, "body": {"accepted": true, "real_timestamp_ms": 1789198244064, "virtual_time_s": 2819.982776, "clear_result": "success"}}
2026-09-12 15:30:47,416 INFO request {"path": "/clear", "payload": {"arena_id": "default", "robot_id": "202601002029", "request_id": "d0df04c38a164cac936a92bd52b93a92", "position": {"x": 417.2753736379973, "y": -727.3819766632146}, "channel": 8}, "attempt": 1}
2026-09-12 15:30:47,417 INFO response {"request_id": "d0df04c38a164cac936a92bd52b93a92", "http_status": 200, "body": {"accepted": true, "real_timestamp_ms": 1789198244065, "virtual_time_s": 2957.578305, "clear_result": "success"}}
2026-09-12 15:30:47,418 INFO request {"path": "/measure", "payload": {"arena_id": "default", "robot_id": "202601002029", "request_id": "92f056059b1442da894507930dedcc03", "position": {"x": -703.5947818229241, "y": -1601.8502332566861}, "channel": 4}, "attempt": 1}
2026-09-12 15:30:47,418 INFO response {"request_id": "92f056059b1442da894507930dedcc03", "http_status": 200, "body": {"accepted": true, "real_timestamp_ms": 1789198244068, "virtual_time_s": 3247.905204, "measure_result": "direction", "svd_deg": 149.41}}
2026-09-12 15:30:47,422 INFO request {"path": "/clear", "payload": {"arena_id": "default", "robot_id": "202601002029", "request_id": "21aa7bbaec2642288e237007bcb8486f", "position": {"x": -1081.3103042085127, "y": -1378.857118892003}, "channel": 4}, "attempt": 1}
2026-09-12 15:30:47,422 INFO response {"request_id": "21aa7bbaec2642288e237007bcb8486f", "http_status": 200, "body": {"accepted": true, "real_timestamp_ms": 1789198244071, "virtual_time_s": 3340.6309, "clear_result": "success"}}
2026-09-12 15:30:47,439 INFO request {"path": "/measure", "payload": {"arena_id": "default", "robot_id": "202601002029", "request_id": "d70fa051890140b88f79779fec54967e", "position": {"x": -1081.3103042085127, "y": -1378.857118892003}, "channel": 2}, "attempt": 1}
2026-09-12 15:30:47,458 INFO response {"request_id": "d70fa051890140b88f79779fec54967e", "http_status": 200, "body": {"accepted": true, "real_timestamp_ms": 1789198244107, "virtual_time_s": 3346.6309, "measure_result": "direction", "svd_deg": 70.15}}
2026-09-12 15:30:47,470 INFO request {"path": "/measure", "payload": {"arena_id": "default", "robot_id": "202601002029", "request_id": "f42bf643424e4a6cb1e875cfe4233d33", "position": {"x": -1081.3103042085127, "y": -1378.857118892003}, "channel": 18}, "attempt": 1}
2026-09-12 15:30:47,487 INFO response {"request_id": "f42bf643424e4a6cb1e875cfe4233d33", "http_status": 200, "body": {"accepted": true, "real_timestamp_ms": 1789198244136, "virtual_time_s": 3352.6309, "measure_result": "direction", "svd_deg": 123.61}}
2026-09-12 15:30:48,759 INFO request {"path": "/measure", "payload": {"arena_id": "default", "robot_id": "202601002029", "request_id": "fd9400aa36224f7d99e6797fed21a3db", "position": {"x": -1306.7099614663625, "y": -899.7054047676461}, "channel": 18}, "attempt": 1}
2026-09-12 15:30:48,760 INFO response {"request_id": "fd9400aa36224f7d99e6797fed21a3db", "http_status": 200, "body": {"accepted": true, "real_timestamp_ms": 1789198245408, "virtual_time_s": 3463.534889, "measure_result": "direction", "svd_deg": 134.7}}
2026-09-12 15:30:48,782 INFO request {"path": "/measure", "payload": {"arena_id": "default", "robot_id": "202601002029", "request_id": "ff7afd39c08b4983ba656020eae10c06", "position": {"x": -1306.7099614663625, "y": -899.7054047676461}, "channel": 5}, "attempt": 1}
2026-09-12 15:30:48,799 INFO response {"request_id": "ff7afd39c08b4983ba656020eae10c06", "http_status": 200, "body": {"accepted": true, "real_timestamp_ms": 1789198245448, "virtual_time_s": 3469.534889, "measure_result": "direction", "svd_deg": 100.06}}
2026-09-12 15:30:48,822 INFO request {"path": "/measure", "payload": {"arena_id": "default", "robot_id": "202601002029", "request_id": "00711199236e414aa7b4b33036c9b197", "position": {"x": -1306.7099614663625, "y": -899.7054047676461}, "channel": 2}, "attempt": 1}
2026-09-12 15:30:48,838 INFO response {"request_id": "00711199236e414aa7b4b33036c9b197", "http_status": 200, "body": {"accepted": true, "real_timestamp_ms": 1789198245486, "virtual_time_s": 3475.534889, "measure_result": "direction", "svd_deg": 19.15}}
2026-09-12 15:30:49,514 INFO request {"path": "/clear", "payload": {"arena_id": "default", "robot_id": "202601002029", "request_id": "bd81d6fefdf0448d87ca323dafa75722", "position": {"x": -852.3860692253239, "y": -741.6881027216976}, "channel": 2}, "attempt": 1}
2026-09-12 15:30:49,516 INFO response {"request_id": "bd81d6fefdf0448d87ca323dafa75722", "http_status": 200, "body": {"accepted": true, "real_timestamp_ms": 1789198246164, "virtual_time_s": 3576.73877, "clear_result": "success"}}
2026-09-12 15:30:49,526 INFO request {"path": "/clear", "payload": {"arena_id": "default", "robot_id": "202601002029", "request_id": "d454877806e24d73be447e8e200745b0", "position": {"x": -1587.3793708170726, "y": -615.7175285677076}, "channel": 18}, "attempt": 1}
2026-09-12 15:30:49,527 INFO response {"request_id": "d454877806e24d73be447e8e200745b0", "http_status": 200, "body": {"accepted": true, "real_timestamp_ms": 1789198246176, "virtual_time_s": 3730.880815, "clear_result": "success"}}
2026-09-12 15:30:49,539 INFO request {"path": "/measure", "payload": {"arena_id": "default", "robot_id": "202601002029", "request_id": "bf7799b88221466da674cb93043370c6", "position": {"x": -1587.3793708170726, "y": -615.7175285677076}, "channel": 5}, "attempt": 1}
2026-09-12 15:30:49,541 INFO response {"request_id": "bf7799b88221466da674cb93043370c6", "http_status": 200, "body": {"accepted": true, "real_timestamp_ms": 1789198246189, "virtual_time_s": 3736.880815, "measure_result": "direction", "svd_deg": 79.39}}
2026-09-12 15:30:50,086 INFO request {"path": "/measure", "payload": {"arena_id": "default", "robot_id": "202601002029", "request_id": "0030462c151543ce98b7d8df1a6aa17b", "position": {"x": -1200.0, "y": 1.4695761589768238e-13}, "channel": 5}, "attempt": 1}
2026-09-12 15:30:50,108 INFO response {"request_id": "0030462c151543ce98b7d8df1a6aa17b", "http_status": 200, "body": {"accepted": true, "real_timestamp_ms": 1789198246757, "virtual_time_s": 3887.369076, "measure_result": "direction", "svd_deg": 173.77}}
2026-09-12 15:30:50,119 INFO request {"path": "/clear", "payload": {"arena_id": "default", "robot_id": "202601002029", "request_id": "56a6e070f95540e5a5466ce742f8af52", "position": {"x": -1467.0367949837116, "y": 28.830546727175395}, "channel": 5}, "attempt": 1}
2026-09-12 15:30:50,121 INFO response {"request_id": "56a6e070f95540e5a5466ce742f8af52", "http_status": 200, "body": {"accepted": true, "real_timestamp_ms": 1789198246769, "virtual_time_s": 3946.086801, "clear_result": "success"}}
2026-09-12 15:30:50,121 INFO request {"path": "/measure", "payload": {"arena_id": "default", "robot_id": "202601002029", "request_id": "4347c56517e14075a7963bf6e2feafd2", "position": {"x": -1290.0868058141568, "y": 642.6882572268898}, "channel": 3}, "attempt": 1}
2026-09-12 15:30:50,123 INFO response {"request_id": "4347c56517e14075a7963bf6e2feafd2", "http_status": 200, "body": {"accepted": true, "real_timestamp_ms": 1789198246771, "virtual_time_s": 4079.857312, "measure_result": "direction", "svd_deg": 87.98}}
2026-09-12 15:30:50,149 INFO request {"path": "/measure", "payload": {"arena_id": "default", "robot_id": "202601002029", "request_id": "cb50dc0d4a8e45a996dc34f382497a74", "position": {"x": -1290.0868058141568, "y": 642.6882572268898}, "channel": 13}, "attempt": 1}
2026-09-12 15:30:50,151 INFO response {"request_id": "cb50dc0d4a8e45a996dc34f382497a74", "http_status": 200, "body": {"accepted": true, "real_timestamp_ms": 1789198246800, "virtual_time_s": 4085.857312, "measure_result": "direction", "svd_deg": 18.39}}
2026-09-12 15:30:50,722 INFO request {"path": "/clear", "payload": {"arena_id": "default", "robot_id": "202601002029", "request_id": "e30c4ed0908640c9bcb4aa5f0b78757c", "position": {"x": -790.8211126830508, "y": 588.6956252224519}, "channel": 12}, "attempt": 1}
2026-09-12 15:30:50,737 INFO response {"request_id": "e30c4ed0908640c9bcb4aa5f0b78757c", "http_status": 200, "body": {"accepted": true, "real_timestamp_ms": 1789198247386, "virtual_time_s": 4191.292652, "clear_result": "success"}}
2026-09-12 15:30:50,756 INFO request {"path": "/measure", "payload": {"arena_id": "default", "robot_id": "202601002029", "request_id": "e66658eb0bd94ab6aa74e372ee28e399", "position": {"x": -790.8211126830508, "y": 588.6956252224519}, "channel": 13}, "attempt": 1}
2026-09-12 15:30:50,778 INFO response {"request_id": "e66658eb0bd94ab6aa74e372ee28e399", "http_status": 200, "body": {"accepted": true, "real_timestamp_ms": 1789198247426, "virtual_time_s": 4196.292652, "measure_result": "direction", "svd_deg": 40.25}}
2026-09-12 15:30:50,790 INFO request {"path": "/clear", "payload": {"arena_id": "default", "robot_id": "202601002029", "request_id": "67ef1c6c3add492f9d664709e4cf973f", "position": {"x": -636.8980586039191, "y": 256.2007502224689}, "channel": 10}, "attempt": 1}
2026-09-12 15:30:50,792 INFO response {"request_id": "67ef1c6c3add492f9d664709e4cf973f", "http_status": 200, "body": {"accepted": true, "real_timestamp_ms": 1789198247441, "virtual_time_s": 4274.571612, "clear_result": "success"}}
2026-09-12 15:30:50,792 INFO request {"path": "/clear", "payload": {"arena_id": "default", "robot_id": "202601002029", "request_id": "81865bc6905a42f682eeeebab3475a2a", "position": {"x": -340.4983916870695, "y": 971.4254976093699}, "channel": 13}, "attempt": 1}
2026-09-12 15:30:50,794 INFO response {"request_id": "81865bc6905a42f682eeeebab3475a2a", "http_status": 200, "body": {"accepted": true, "real_timestamp_ms": 1789198247442, "virtual_time_s": 4434.413364, "clear_result": "success"}}
2026-09-12 15:30:50,803 INFO request {"path": "/measure", "payload": {"arena_id": "default", "robot_id": "202601002029", "request_id": "e314d6a2b3734aa7bc8462a5617ac7c9", "position": {"x": -340.4983916870695, "y": 971.4254976093699}, "channel": 14}, "attempt": 1}
2026-09-12 15:30:50,804 INFO response {"request_id": "e314d6a2b3734aa7bc8462a5617ac7c9", "http_status": 200, "body": {"accepted": true, "real_timestamp_ms": 1789198247452, "virtual_time_s": 4440.413364, "measure_result": "direction", "svd_deg": 85.35}}
2026-09-12 15:30:51,308 INFO request {"path": "/measure", "payload": {"arena_id": "default", "robot_id": "202601002029", "request_id": "5375e27a862549d69fc467255eeb025c", "position": {"x": -690.9155321310701, "y": 1568.2118273977858}, "channel": 14}, "attempt": 1}
2026-09-12 15:30:51,329 INFO response {"request_id": "5375e27a862549d69fc467255eeb025c", "http_status": 200, "body": {"accepted": true, "real_timestamp_ms": 1789198247978, "virtual_time_s": 4583.825227, "measure_result": "direction", "svd_deg": 357.87}}
2026-09-12 15:30:51,338 INFO request {"path": "/clear", "payload": {"arena_id": "default", "robot_id": "202601002029", "request_id": "69da4ed2dc5046b1add8140e1ac0bab1", "position": {"x": -292.71097206159214, "y": 1554.0113760803254}, "channel": 14}, "attempt": 1}
2026-09-12 15:30:51,340 INFO response {"request_id": "69da4ed2dc5046b1add8140e1ac0bab1", "http_status": 200, "body": {"accepted": true, "real_timestamp_ms": 1789198247988, "virtual_time_s": 4668.516763, "clear_result": "success"}}
2026-09-12 15:30:51,340 INFO request {"path": "/clear", "payload": {"arena_id": "default", "robot_id": "202601002029", "request_id": "da3528d8e45a437382b78e4ba3a7ab28", "position": {"x": -1271.6237030022812, "y": 1172.904382960497}, "channel": 3}, "attempt": 1}
2026-09-12 15:30:51,342 INFO response {"request_id": "da3528d8e45a437382b78e4ba3a7ab28", "http_status": 200, "body": {"accepted": true, "real_timestamp_ms": 1789198247990, "virtual_time_s": 4883.613186, "clear_result": "success"}}
2026-09-12 15:30:51,342 INFO request {"path": "/exit", "payload": {"arena_id": "default", "robot_id": "202601002029", "request_id": "23f527a839c64485b5253ae2d8c0464e"}, "attempt": 1}
2026-09-12 15:30:51,342 INFO response {"request_id": "23f527a839c64485b5253ae2d8c0464e", "http_status": 200, "body": {"accepted": true, "real_timestamp_ms": 1789198247991, "virtual_time_s": 4883.613186, "exit_reason": "user_exit"}}
