2026-09-13 11:17:00,338 INFO request {"path": "/enter", "payload": {"arena_id": "default", "robot_id": "202601002029", "request_id": "9f763f14db86404d9e080e2c7b060144"}, "attempt": 1}
2026-09-13 11:17:00,345 INFO response {"request_id": "9f763f14db86404d9e080e2c7b060144", "http_status": 200, "body": {"accepted": true, "real_timestamp_ms": 1789269416290, "virtual_time_s": 0, "max_virtual_duration_s": 360000, "max_real_duration_s": 1200, "remaining_real_duration_s": 1200}}
2026-09-13 11:17:00,345 INFO request {"path": "/measure", "payload": {"arena_id": "default", "robot_id": "202601002029", "request_id": "9c1e54dca1d145d2855f958ad8c41013", "position": {"x": 0.0, "y": 0.0}, "channel": 1}, "attempt": 1}
2026-09-13 11:17:00,369 INFO response {"request_id": "9c1e54dca1d145d2855f958ad8c41013", "http_status": 200, "body": {"accepted": true, "real_timestamp_ms": 1789269416315, "virtual_time_s": 5, "measure_result": "no_signal"}}
2026-09-13 11:17:00,370 INFO request {"path": "/measure", "payload": {"arena_id": "default", "robot_id": "202601002029", "request_id": "dd38b8acaf4b4cb1b9179f11d7046f3e", "position": {"x": 0.0, "y": 0.0}, "channel": 2}, "attempt": 1}
2026-09-13 11:17:00,372 INFO response {"request_id": "dd38b8acaf4b4cb1b9179f11d7046f3e", "http_status": 200, "body": {"accepted": true, "real_timestamp_ms": 1789269416318, "virtual_time_s": 11, "measure_result": "no_signal"}}
2026-09-13 11:17:00,372 INFO request {"path": "/measure", "payload": {"arena_id": "default", "robot_id": "202601002029", "request_id": "e1e51c8cdc354b1faab6747c36fa4b16", "position": {"x": 0.0, "y": 0.0}, "channel": 3}, "attempt": 1}
2026-09-13 11:17:00,374 INFO response {"request_id": "e1e51c8cdc354b1faab6747c36fa4b16", "http_status": 200, "body": {"accepted": true, "real_timestamp_ms": 1789269416320, "virtual_time_s": 17, "measure_result": "no_signal"}}
2026-09-13 11:17:00,374 INFO request {"path": "/measure", "payload": {"arena_id": "default", "robot_id": "202601002029", "request_id": "53f8b13b60fa4618af5112baa0fa0302", "position": {"x": 0.0, "y": 0.0}, "channel": 4}, "attempt": 1}
2026-09-13 11:17:00,399 INFO response {"request_id": "53f8b13b60fa4618af5112baa0fa0302", "http_status": 200, "body": {"accepted": true, "real_timestamp_ms": 1789269416345, "virtual_time_s": 23, "measure_result": "direction", "svd_deg": 54.11}}
2026-09-13 11:17:00,410 INFO request {"path": "/measure", "payload": {"arena_id": "default", "robot_id": "202601002029", "request_id": "139bd5e09d25474f9b70224b79c34870", "position": {"x": 0.0, "y": 0.0}, "channel": 5}, "attempt": 1}
2026-09-13 11:17:00,413 INFO response {"request_id": "139bd5e09d25474f9b70224b79c34870", "http_status": 200, "body": {"accepted": true, "real_timestamp_ms": 1789269416359, "virtual_time_s": 29, "measure_result": "no_signal"}}
2026-09-13 11:17:00,413 INFO request {"path": "/measure", "payload": {"arena_id": "default", "robot_id": "202601002029", "request_id": "78555dab3c094b3d9692df4f85584eda", "position": {"x": 0.0, "y": 0.0}, "channel": 6}, "attempt": 1}
2026-09-13 11:17:00,416 INFO response {"request_id": "78555dab3c094b3d9692df4f85584eda", "http_status": 200, "body": {"accepted": true, "real_timestamp_ms": 1789269416361, "virtual_time_s": 35, "measure_result": "no_signal"}}
2026-09-13 11:17:00,416 INFO request {"path": "/measure", "payload": {"arena_id": "default", "robot_id": "202601002029", "request_id": "0a5e6109f23346a6b03d80da19c1f539", "position": {"x": 0.0, "y": 0.0}, "channel": 7}, "attempt": 1}
2026-09-13 11:17:00,433 INFO response {"request_id": "0a5e6109f23346a6b03d80da19c1f539", "http_status": 200, "body": {"accepted": true, "real_timestamp_ms": 1789269416379, "virtual_time_s": 41, "measure_result": "no_signal"}}
2026-09-13 11:17:00,433 INFO request {"path": "/measure", "payload": {"arena_id": "default", "robot_id": "202601002029", "request_id": "91e08781c91a4821a2073bc896f1d372", "position": {"x": 0.0, "y": 0.0}, "channel": 8}, "attempt": 1}
2026-09-13 11:17:00,446 INFO response {"request_id": "91e08781c91a4821a2073bc896f1d372", "http_status": 200, "body": {"accepted": true, "real_timestamp_ms": 1789269416392, "virtual_time_s": 47, "measure_result": "no_signal"}}
2026-09-13 11:17:00,447 INFO request {"path": "/measure", "payload": {"arena_id": "default", "robot_id": "202601002029", "request_id": "1fb17e273a7e4fefbcb6bd652a7d6b03", "position": {"x": 0.0, "y": 0.0}, "channel": 9}, "attempt": 1}
2026-09-13 11:17:00,462 INFO response {"request_id": "1fb17e273a7e4fefbcb6bd652a7d6b03", "http_status": 200, "body": {"accepted": true, "real_timestamp_ms": 1789269416407, "virtual_time_s": 53, "measure_result": "no_signal"}}
2026-09-13 11:17:00,462 INFO request {"path": "/measure", "payload": {"arena_id": "default", "robot_id": "202601002029", "request_id": "29d4e0ca60f0463eb67e176ea8e2b02d", "position": {"x": 0.0, "y": 0.0}, "channel": 10}, "attempt": 1}
2026-09-13 11:17:00,478 INFO response {"request_id": "29d4e0ca60f0463eb67e176ea8e2b02d", "http_status": 200, "body": {"accepted": true, "real_timestamp_ms": 1789269416423, "virtual_time_s": 59, "measure_result": "no_signal"}}
2026-09-13 11:17:00,478 INFO request {"path": "/measure", "payload": {"arena_id": "default", "robot_id": "202601002029", "request_id": "8fd9a383a4674a549a11695db010becb", "position": {"x": 0.0, "y": 0.0}, "channel": 11}, "attempt": 1}
2026-09-13 11:17:00,492 INFO response {"request_id": "8fd9a383a4674a549a11695db010becb", "http_status": 200, "body": {"accepted": true, "real_timestamp_ms": 1789269416438, "virtual_time_s": 65, "measure_result": "no_signal"}}
2026-09-13 11:17:00,493 INFO request {"path": "/measure", "payload": {"arena_id": "default", "robot_id": "202601002029", "request_id": "cce532aab8624ab2a8d78156cc4eefbf", "position": {"x": 0.0, "y": 0.0}, "channel": 12}, "attempt": 1}
2026-09-13 11:17:00,509 INFO response {"request_id": "cce532aab8624ab2a8d78156cc4eefbf", "http_status": 200, "body": {"accepted": true, "real_timestamp_ms": 1789269416454, "virtual_time_s": 71, "measure_result": "direction", "svd_deg": 352.58}}
2026-09-13 11:17:00,514 INFO request {"path": "/measure", "payload": {"arena_id": "default", "robot_id": "202601002029", "request_id": "cdfbcb86f4f04d58b2cfe2f54761b57b", "position": {"x": 0.0, "y": 0.0}, "channel": 13}, "attempt": 1}
2026-09-13 11:17:00,541 INFO response {"request_id": "cdfbcb86f4f04d58b2cfe2f54761b57b", "http_status": 200, "body": {"accepted": true, "real_timestamp_ms": 1789269416487, "virtual_time_s": 77, "measure_result": "no_signal"}}
2026-09-13 11:17:00,542 INFO request {"path": "/measure", "payload": {"arena_id": "default", "robot_id": "202601002029", "request_id": "c778c266072146c689012b12c60c59d0", "position": {"x": 0.0, "y": 0.0}, "channel": 14}, "attempt": 1}
2026-09-13 11:17:00,544 INFO response {"request_id": "c778c266072146c689012b12c60c59d0", "http_status": 200, "body": {"accepted": true, "real_timestamp_ms": 1789269416490, "virtual_time_s": 83, "measure_result": "direction", "svd_deg": 248.6}}
2026-09-13 11:17:00,549 INFO request {"path": "/measure", "payload": {"arena_id": "default", "robot_id": "202601002029", "request_id": "0beb4c6cf0e54a9b89c9b455bfc169a5", "position": {"x": 0.0, "y": 0.0}, "channel": 15}, "attempt": 1}
2026-09-13 11:17:00,570 INFO response {"request_id": "0beb4c6cf0e54a9b89c9b455bfc169a5", "http_status": 200, "body": {"accepted": true, "real_timestamp_ms": 1789269416516, "virtual_time_s": 89, "measure_result": "no_signal"}}
2026-09-13 11:17:00,570 INFO request {"path": "/measure", "payload": {"arena_id": "default", "robot_id": "202601002029", "request_id": "ec2f8ce22bd64e439d5960a215c59259", "position": {"x": 0.0, "y": 0.0}, "channel": 16}, "attempt": 1}
2026-09-13 11:17:00,573 INFO response {"request_id": "ec2f8ce22bd64e439d5960a215c59259", "http_status": 200, "body": {"accepted": true, "real_timestamp_ms": 1789269416519, "virtual_time_s": 95, "measure_result": "direction", "svd_deg": 336.7}}
2026-09-13 11:17:00,579 INFO request {"path": "/measure", "payload": {"arena_id": "default", "robot_id": "202601002029", "request_id": "75df942679684551ae17855cc521f9e9", "position": {"x": 0.0, "y": 0.0}, "channel": 17}, "attempt": 1}
2026-09-13 11:17:00,601 INFO response {"request_id": "75df942679684551ae17855cc521f9e9", "http_status": 200, "body": {"accepted": true, "real_timestamp_ms": 1789269416547, "virtual_time_s": 101, "measure_result": "no_signal"}}
2026-09-13 11:17:00,602 INFO request {"path": "/measure", "payload": {"arena_id": "default", "robot_id": "202601002029", "request_id": "6e462e260ae84dae98389c10491d514b", "position": {"x": 0.0, "y": 0.0}, "channel": 18}, "attempt": 1}
2026-09-13 11:17:00,604 INFO response {"request_id": "6e462e260ae84dae98389c10491d514b", "http_status": 200, "body": {"accepted": true, "real_timestamp_ms": 1789269416550, "virtual_time_s": 107, "measure_result": "direction", "svd_deg": 166.54}}
2026-09-13 11:17:00,608 INFO request {"path": "/measure", "payload": {"arena_id": "default", "robot_id": "202601002029", "request_id": "bfcf82449868489093130bb8a753fecf", "position": {"x": 0.0, "y": 0.0}, "channel": 19}, "attempt": 1}
2026-09-13 11:17:00,610 INFO response {"request_id": "bfcf82449868489093130bb8a753fecf", "http_status": 200, "body": {"accepted": true, "real_timestamp_ms": 1789269416557, "virtual_time_s": 113, "measure_result": "direction", "svd_deg": 332.35}}
2026-09-13 11:17:00,614 INFO request {"path": "/measure", "payload": {"arena_id": "default", "robot_id": "202601002029", "request_id": "488f212a11824435b11bbc014e91b3fe", "position": {"x": 0.0, "y": 0.0}, "channel": 20}, "attempt": 1}
2026-09-13 11:17:00,615 INFO response {"request_id": "488f212a11824435b11bbc014e91b3fe", "http_status": 200, "body": {"accepted": true, "real_timestamp_ms": 1789269416562, "virtual_time_s": 119, "measure_result": "direction", "svd_deg": 58.71}}
2026-09-13 11:17:00,617 INFO request {"path": "/measure", "payload": {"arena_id": "default", "robot_id": "202601002029", "request_id": "d8400da4f3c24871b43cbe629be58087", "position": {"x": 1130.0, "y": 0.0}, "channel": 1}, "attempt": 1}
2026-09-13 11:17:00,619 INFO response {"request_id": "d8400da4f3c24871b43cbe629be58087", "http_status": 200, "body": {"accepted": true, "real_timestamp_ms": 1789269416566, "virtual_time_s": 351, "measure_result": "no_signal"}}
2026-09-13 11:17:00,619 INFO request {"path": "/measure", "payload": {"arena_id": "default", "robot_id": "202601002029", "request_id": "c7ba570c6c144b50a27beeadab9d453c", "position": {"x": 1130.0, "y": 0.0}, "channel": 2}, "attempt": 1}
2026-09-13 11:17:00,620 INFO response {"request_id": "c7ba570c6c144b50a27beeadab9d453c", "http_status": 200, "body": {"accepted": true, "real_timestamp_ms": 1789269416567, "virtual_time_s": 357, "measure_result": "no_signal"}}
2026-09-13 11:17:00,621 INFO request {"path": "/measure", "payload": {"arena_id": "default", "robot_id": "202601002029", "request_id": "e9b2c3a6189b4d97b8728376b7649765", "position": {"x": 1130.0, "y": 0.0}, "channel": 3}, "attempt": 1}
2026-09-13 11:17:00,621 INFO response {"request_id": "e9b2c3a6189b4d97b8728376b7649765", "http_status": 200, "body": {"accepted": true, "real_timestamp_ms": 1789269416568, "virtual_time_s": 363, "measure_result": "no_signal"}}
2026-09-13 11:17:00,622 INFO request {"path": "/measure", "payload": {"arena_id": "default", "robot_id": "202601002029", "request_id": "8eb86f02b09f40b3828a5f150ecc9445", "position": {"x": 1130.0, "y": 0.0}, "channel": 5}, "attempt": 1}
2026-09-13 11:17:00,622 INFO response {"request_id": "8eb86f02b09f40b3828a5f150ecc9445", "http_status": 200, "body": {"accepted": true, "real_timestamp_ms": 1789269416569, "virtual_time_s": 369, "measure_result": "no_signal"}}
2026-09-13 11:17:00,623 INFO request {"path": "/measure", "payload": {"arena_id": "default", "robot_id": "202601002029", "request_id": "f3028a189f034052921ff5553ea029dd", "position": {"x": 1130.0, "y": 0.0}, "channel": 6}, "attempt": 1}
2026-09-13 11:17:00,624 INFO response {"request_id": "f3028a189f034052921ff5553ea029dd", "http_status": 200, "body": {"accepted": true, "real_timestamp_ms": 1789269416571, "virtual_time_s": 375, "measure_result": "no_signal"}}
2026-09-13 11:17:00,624 INFO request {"path": "/measure", "payload": {"arena_id": "default", "robot_id": "202601002029", "request_id": "bf5a803ee1454a7985da3fff7f2439e1", "position": {"x": 1130.0, "y": 0.0}, "channel": 7}, "attempt": 1}
2026-09-13 11:17:00,648 INFO response {"request_id": "bf5a803ee1454a7985da3fff7f2439e1", "http_status": 200, "body": {"accepted": true, "real_timestamp_ms": 1789269416594, "virtual_time_s": 381, "measure_result": "no_signal"}}
2026-09-13 11:17:00,648 INFO request {"path": "/measure", "payload": {"arena_id": "default", "robot_id": "202601002029", "request_id": "b83ce0a14a494fdfb13ef896f67607e5", "position": {"x": 1130.0, "y": 0.0}, "channel": 8}, "attempt": 1}
2026-09-13 11:17:00,663 INFO response {"request_id": "b83ce0a14a494fdfb13ef896f67607e5", "http_status": 200, "body": {"accepted": true, "real_timestamp_ms": 1789269416610, "virtual_time_s": 387, "measure_result": "no_signal"}}
2026-09-13 11:17:00,663 INFO request {"path": "/measure", "payload": {"arena_id": "default", "robot_id": "202601002029", "request_id": "446315c67bcb49a482f17a9d126e23a3", "position": {"x": 1130.0, "y": 0.0}, "channel": 9}, "attempt": 1}
2026-09-13 11:17:00,664 INFO response {"request_id": "446315c67bcb49a482f17a9d126e23a3", "http_status": 200, "body": {"accepted": true, "real_timestamp_ms": 1789269416611, "virtual_time_s": 393, "measure_result": "no_signal"}}
2026-09-13 11:17:00,665 INFO request {"path": "/measure", "payload": {"arena_id": "default", "robot_id": "202601002029", "request_id": "e17d72c158244f5a9fcd72ff711ebd38", "position": {"x": 1130.0, "y": 0.0}, "channel": 10}, "attempt": 1}
2026-09-13 11:17:00,665 INFO response {"request_id": "e17d72c158244f5a9fcd72ff711ebd38", "http_status": 200, "body": {"accepted": true, "real_timestamp_ms": 1789269416612, "virtual_time_s": 399, "measure_result": "no_signal"}}
2026-09-13 11:17:00,665 INFO request {"path": "/measure", "payload": {"arena_id": "default", "robot_id": "202601002029", "request_id": "7a29eabf274f4d58987594c5b763b904", "position": {"x": 1130.0, "y": 0.0}, "channel": 11}, "attempt": 1}
2026-09-13 11:17:00,666 INFO response {"request_id": "7a29eabf274f4d58987594c5b763b904", "http_status": 200, "body": {"accepted": true, "real_timestamp_ms": 1789269416613, "virtual_time_s": 405, "measure_result": "no_signal"}}
2026-09-13 11:17:00,666 INFO request {"path": "/measure", "payload": {"arena_id": "default", "robot_id": "202601002029", "request_id": "f097137032e34b6b89f9de5931c55fa6", "position": {"x": 1130.0, "y": 0.0}, "channel": 13}, "attempt": 1}
2026-09-13 11:17:00,679 INFO response {"request_id": "f097137032e34b6b89f9de5931c55fa6", "http_status": 200, "body": {"accepted": true, "real_timestamp_ms": 1789269416625, "virtual_time_s": 411, "measure_result": "no_signal"}}
2026-09-13 11:17:00,679 INFO request {"path": "/measure", "payload": {"arena_id": "default", "robot_id": "202601002029", "request_id": "37df736989ce496d9c03f0ca1d74f1a7", "position": {"x": 1130.0, "y": 0.0}, "channel": 15}, "attempt": 1}
2026-09-13 11:17:00,694 INFO response {"request_id": "37df736989ce496d9c03f0ca1d74f1a7", "http_status": 200, "body": {"accepted": true, "real_timestamp_ms": 1789269416641, "virtual_time_s": 417, "measure_result": "no_signal"}}
2026-09-13 11:17:00,694 INFO request {"path": "/measure", "payload": {"arena_id": "default", "robot_id": "202601002029", "request_id": "9b48dabbe6d84b5abe4f6ad78ba4a536", "position": {"x": 1130.0, "y": 0.0}, "channel": 17}, "attempt": 1}
2026-09-13 11:17:00,695 INFO response {"request_id": "9b48dabbe6d84b5abe4f6ad78ba4a536", "http_status": 200, "body": {"accepted": true, "real_timestamp_ms": 1789269416642, "virtual_time_s": 423, "measure_result": "no_signal"}}
2026-09-13 11:17:00,730 INFO request {"path": "/measure", "payload": {"arena_id": "default", "robot_id": "202601002029", "request_id": "00a0c9f2ddda4102975642c74c2b6bc6", "position": {"x": 1130.0, "y": 0.0}, "channel": 4}, "attempt": 1}
2026-09-13 11:17:00,732 INFO response {"request_id": "00a0c9f2ddda4102975642c74c2b6bc6", "http_status": 200, "body": {"accepted": true, "real_timestamp_ms": 1789269416679, "virtual_time_s": 429, "measure_result": "direction", "svd_deg": 119.34}}
2026-09-13 11:17:00,749 INFO request {"path": "/measure", "payload": {"arena_id": "default", "robot_id": "202601002029", "request_id": "58ce47bacaba447e98627a68dcf8a563", "position": {"x": 1130.0, "y": 0.0}, "channel": 19}, "attempt": 1}
2026-09-13 11:17:00,773 INFO response {"request_id": "58ce47bacaba447e98627a68dcf8a563", "http_status": 200, "body": {"accepted": true, "real_timestamp_ms": 1789269416719, "virtual_time_s": 435, "measure_result": "direction", "svd_deg": 194.97}}
2026-09-13 11:17:00,777 INFO request {"path": "/measure", "payload": {"arena_id": "default", "robot_id": "202601002029", "request_id": "edcafe6a953d4701973b4ceb1d7bc9fc", "position": {"x": 565.0000000000001, "y": 978.6087062764157}, "channel": 1}, "attempt": 1}
2026-09-13 11:17:00,778 INFO response {"request_id": "edcafe6a953d4701973b4ceb1d7bc9fc", "http_status": 200, "body": {"accepted": true, "real_timestamp_ms": 1789269416725, "virtual_time_s": 667, "measure_result": "no_signal"}}
2026-09-13 11:17:00,778 INFO request {"path": "/measure", "payload": {"arena_id": "default", "robot_id": "202601002029", "request_id": "c71a911b535447c79ab00950e1762b2e", "position": {"x": 565.0000000000001, "y": 978.6087062764157}, "channel": 2}, "attempt": 1}
2026-09-13 11:17:00,804 INFO response {"request_id": "c71a911b535447c79ab00950e1762b2e", "http_status": 200, "body": {"accepted": true, "real_timestamp_ms": 1789269416750, "virtual_time_s": 673, "measure_result": "no_signal"}}
2026-09-13 11:17:00,804 INFO request {"path": "/measure", "payload": {"arena_id": "default", "robot_id": "202601002029", "request_id": "e7901e97e2484233877ad2ddb3db926d", "position": {"x": 565.0000000000001, "y": 978.6087062764157}, "channel": 3}, "attempt": 1}
2026-09-13 11:17:00,805 INFO response {"request_id": "e7901e97e2484233877ad2ddb3db926d", "http_status": 200, "body": {"accepted": true, "real_timestamp_ms": 1789269416751, "virtual_time_s": 679, "measure_result": "no_signal"}}
2026-09-13 11:17:00,805 INFO request {"path": "/measure", "payload": {"arena_id": "default", "robot_id": "202601002029", "request_id": "30a42ba9a6624f47af7eba2410987077", "position": {"x": 565.0000000000001, "y": 978.6087062764157}, "channel": 5}, "attempt": 1}
2026-09-13 11:17:00,806 INFO response {"request_id": "30a42ba9a6624f47af7eba2410987077", "http_status": 200, "body": {"accepted": true, "real_timestamp_ms": 1789269416753, "virtual_time_s": 685, "measure_result": "no_signal"}}
2026-09-13 11:17:00,806 INFO request {"path": "/measure", "payload": {"arena_id": "default", "robot_id": "202601002029", "request_id": "bc4540984e75421ab7e7ded0803cd2bb", "position": {"x": 565.0000000000001, "y": 978.6087062764157}, "channel": 6}, "attempt": 1}
2026-09-13 11:17:00,807 INFO response {"request_id": "bc4540984e75421ab7e7ded0803cd2bb", "http_status": 200, "body": {"accepted": true, "real_timestamp_ms": 1789269416754, "virtual_time_s": 691, "measure_result": "no_signal"}}
2026-09-13 11:17:00,807 INFO request {"path": "/measure", "payload": {"arena_id": "default", "robot_id": "202601002029", "request_id": "4ea086d108d844e3ac84cff109436b55", "position": {"x": 565.0000000000001, "y": 978.6087062764157}, "channel": 7}, "attempt": 1}
2026-09-13 11:17:00,808 INFO response {"request_id": "4ea086d108d844e3ac84cff109436b55", "http_status": 200, "body": {"accepted": true, "real_timestamp_ms": 1789269416755, "virtual_time_s": 697, "measure_result": "direction", "svd_deg": 167.34}}
2026-09-13 11:17:00,811 INFO request {"path": "/measure", "payload": {"arena_id": "default", "robot_id": "202601002029", "request_id": "14331308893a4f0c9b202b9951db6eb7", "position": {"x": 565.0000000000001, "y": 978.6087062764157}, "channel": 8}, "attempt": 1}
2026-09-13 11:17:00,812 INFO response {"request_id": "14331308893a4f0c9b202b9951db6eb7", "http_status": 200, "body": {"accepted": true, "real_timestamp_ms": 1789269416758, "virtual_time_s": 703, "measure_result": "no_signal"}}
2026-09-13 11:17:00,812 INFO request {"path": "/measure", "payload": {"arena_id": "default", "robot_id": "202601002029", "request_id": "57be4dd0e9644603944fd720acbb4549", "position": {"x": 565.0000000000001, "y": 978.6087062764157}, "channel": 9}, "attempt": 1}
2026-09-13 11:17:00,834 INFO response {"request_id": "57be4dd0e9644603944fd720acbb4549", "http_status": 200, "body": {"accepted": true, "real_timestamp_ms": 1789269416780, "virtual_time_s": 709, "measure_result": "no_signal"}}
2026-09-13 11:17:00,834 INFO request {"path": "/measure", "payload": {"arena_id": "default", "robot_id": "202601002029", "request_id": "a4ba7a38b28a4dafb135303657c2b845", "position": {"x": 565.0000000000001, "y": 978.6087062764157}, "channel": 10}, "attempt": 1}
2026-09-13 11:17:00,850 INFO response {"request_id": "a4ba7a38b28a4dafb135303657c2b845", "http_status": 200, "body": {"accepted": true, "real_timestamp_ms": 1789269416797, "virtual_time_s": 715, "measure_result": "no_signal"}}
2026-09-13 11:17:00,850 INFO request {"path": "/measure", "payload": {"arena_id": "default", "robot_id": "202601002029", "request_id": "75fd8e0e1f4f4526be89a4c0cae733dc", "position": {"x": 565.0000000000001, "y": 978.6087062764157}, "channel": 11}, "attempt": 1}
2026-09-13 11:17:00,865 INFO response {"request_id": "75fd8e0e1f4f4526be89a4c0cae733dc", "http_status": 200, "body": {"accepted": true, "real_timestamp_ms": 1789269416812, "virtual_time_s": 721, "measure_result": "no_signal"}}
2026-09-13 11:17:00,865 INFO request {"path": "/measure", "payload": {"arena_id": "default", "robot_id": "202601002029", "request_id": "4b0d4d1ccc80433394d19cdce648638e", "position": {"x": 565.0000000000001, "y": 978.6087062764157}, "channel": 13}, "attempt": 1}
2026-09-13 11:17:00,882 INFO response {"request_id": "4b0d4d1ccc80433394d19cdce648638e", "http_status": 200, "body": {"accepted": true, "real_timestamp_ms": 1789269416828, "virtual_time_s": 727, "measure_result": "direction", "svd_deg": 143.07}}
2026-09-13 11:17:00,888 INFO request {"path": "/measure", "payload": {"arena_id": "default", "robot_id": "202601002029", "request_id": "e3bc06924afe43deb2458213021a7e17", "position": {"x": 565.0000000000001, "y": 978.6087062764157}, "channel": 15}, "attempt": 1}
2026-09-13 11:17:00,912 INFO response {"request_id": "e3bc06924afe43deb2458213021a7e17", "http_status": 200, "body": {"accepted": true, "real_timestamp_ms": 1789269416858, "virtual_time_s": 733, "measure_result": "no_signal"}}
2026-09-13 11:17:00,913 INFO request {"path": "/measure", "payload": {"arena_id": "default", "robot_id": "202601002029", "request_id": "43128b2a11824f8cb9edeab87b7b98cf", "position": {"x": 565.0000000000001, "y": 978.6087062764157}, "channel": 17}, "attempt": 1}
2026-09-13 11:17:00,928 INFO response {"request_id": "43128b2a11824f8cb9edeab87b7b98cf", "http_status": 200, "body": {"accepted": true, "real_timestamp_ms": 1789269416873, "virtual_time_s": 739, "measure_result": "no_signal"}}
2026-09-13 11:17:00,975 INFO request {"path": "/measure", "payload": {"arena_id": "default", "robot_id": "202601002029", "request_id": "82c1859934734aba8e61b9cc25f0559a", "position": {"x": 565.0000000000001, "y": 978.6087062764157}, "channel": 4}, "attempt": 1}
2026-09-13 11:17:00,976 INFO response {"request_id": "82c1859934734aba8e61b9cc25f0559a", "http_status": 200, "body": {"accepted": true, "real_timestamp_ms": 1789269416923, "virtual_time_s": 745, "measure_result": "direction", "svd_deg": 298.98}}
2026-09-13 11:17:01,003 INFO request {"path": "/measure", "payload": {"arena_id": "default", "robot_id": "202601002029", "request_id": "c2ead488770e476f91e2ce272a335f25", "position": {"x": 565.0000000000001, "y": 978.6087062764157}, "channel": 12}, "attempt": 1}
2026-09-13 11:17:01,005 INFO response {"request_id": "c2ead488770e476f91e2ce272a335f25", "http_status": 200, "body": {"accepted": true, "real_timestamp_ms": 1789269416951, "virtual_time_s": 751, "measure_result": "direction", "svd_deg": 300.03}}
2026-09-13 11:17:01,011 INFO request {"path": "/measure", "payload": {"arena_id": "default", "robot_id": "202601002029", "request_id": "1b2f998e4d144a349004428f49ba8df8", "position": {"x": -564.9999999999998, "y": 978.6087062764158}, "channel": 1}, "attempt": 1}
2026-09-13 11:17:01,038 INFO response {"request_id": "1b2f998e4d144a349004428f49ba8df8", "http_status": 200, "body": {"accepted": true, "real_timestamp_ms": 1789269416984, "virtual_time_s": 983, "measure_result": "no_signal"}}
2026-09-13 11:17:01,039 INFO request {"path": "/measure", "payload": {"arena_id": "default", "robot_id": "202601002029", "request_id": "fd3b7e88483a4531ba6a1d907ce5068f", "position": {"x": -564.9999999999998, "y": 978.6087062764158}, "channel": 2}, "attempt": 1}
2026-09-13 11:17:01,052 INFO response {"request_id": "fd3b7e88483a4531ba6a1d907ce5068f", "http_status": 200, "body": {"accepted": true, "real_timestamp_ms": 1789269416999, "virtual_time_s": 989, "measure_result": "no_signal"}}
2026-09-13 11:17:01,053 INFO request {"path": "/measure", "payload": {"arena_id": "default", "robot_id": "202601002029", "request_id": "478843ab8dc941d5950476966c7dc3f1", "position": {"x": -564.9999999999998, "y": 978.6087062764158}, "channel": 3}, "attempt": 1}
2026-09-13 11:17:01,067 INFO response {"request_id": "478843ab8dc941d5950476966c7dc3f1", "http_status": 200, "body": {"accepted": true, "real_timestamp_ms": 1789269417014, "virtual_time_s": 995, "measure_result": "direction", "svd_deg": 137.07}}
2026-09-13 11:17:01,071 INFO request {"path": "/measure", "payload": {"arena_id": "default", "robot_id": "202601002029", "request_id": "1d12d2f889174b6eba6b2e8780b14c32", "position": {"x": -564.9999999999998, "y": 978.6087062764158}, "channel": 5}, "attempt": 1}
2026-09-13 11:17:01,083 INFO response {"request_id": "1d12d2f889174b6eba6b2e8780b14c32", "http_status": 200, "body": {"accepted": true, "real_timestamp_ms": 1789269417029, "virtual_time_s": 1001, "measure_result": "no_signal"}}
2026-09-13 11:17:01,083 INFO request {"path": "/measure", "payload": {"arena_id": "default", "robot_id": "202601002029", "request_id": "4b0dfc83c3f64b0585217e029ce2c54b", "position": {"x": -564.9999999999998, "y": 978.6087062764158}, "channel": 6}, "attempt": 1}
2026-09-13 11:17:01,099 INFO response {"request_id": "4b0dfc83c3f64b0585217e029ce2c54b", "http_status": 200, "body": {"accepted": true, "real_timestamp_ms": 1789269417045, "virtual_time_s": 1007, "measure_result": "direction", "svd_deg": 174.31}}
2026-09-13 11:17:01,105 INFO request {"path": "/measure", "payload": {"arena_id": "default", "robot_id": "202601002029", "request_id": "3f67c3c41f2242aa837c5406fefe99f9", "position": {"x": -564.9999999999998, "y": 978.6087062764158}, "channel": 8}, "attempt": 1}
2026-09-13 11:17:01,131 INFO response {"request_id": "3f67c3c41f2242aa837c5406fefe99f9", "http_status": 200, "body": {"accepted": true, "real_timestamp_ms": 1789269417077, "virtual_time_s": 1013, "measure_result": "no_signal"}}
2026-09-13 11:17:01,132 INFO request {"path": "/measure", "payload": {"arena_id": "default", "robot_id": "202601002029", "request_id": "1708860e00434fd79c73527daab2dcd5", "position": {"x": -564.9999999999998, "y": 978.6087062764158}, "channel": 9}, "attempt": 1}
2026-09-13 11:17:01,146 INFO response {"request_id": "1708860e00434fd79c73527daab2dcd5", "http_status": 200, "body": {"accepted": true, "real_timestamp_ms": 1789269417092, "virtual_time_s": 1019, "measure_result": "no_signal"}}
2026-09-13 11:17:01,147 INFO request {"path": "/measure", "payload": {"arena_id": "default", "robot_id": "202601002029", "request_id": "b8892dcfa39c4f94bc3e86fd4d503d71", "position": {"x": -564.9999999999998, "y": 978.6087062764158}, "channel": 10}, "attempt": 1}
2026-09-13 11:17:01,148 INFO response {"request_id": "b8892dcfa39c4f94bc3e86fd4d503d71", "http_status": 200, "body": {"accepted": true, "real_timestamp_ms": 1789269417095, "virtual_time_s": 1025, "measure_result": "no_signal"}}
2026-09-13 11:17:01,149 INFO request {"path": "/measure", "payload": {"arena_id": "default", "robot_id": "202601002029", "request_id": "db69f270dea74cc488568b1cd3cbb1c6", "position": {"x": -564.9999999999998, "y": 978.6087062764158}, "channel": 11}, "attempt": 1}
2026-09-13 11:17:01,150 INFO response {"request_id": "db69f270dea74cc488568b1cd3cbb1c6", "http_status": 200, "body": {"accepted": true, "real_timestamp_ms": 1789269417097, "virtual_time_s": 1031, "measure_result": "no_signal"}}
2026-09-13 11:17:01,151 INFO request {"path": "/measure", "payload": {"arena_id": "default", "robot_id": "202601002029", "request_id": "b4678244cce949b3972c0cc94ca7212b", "position": {"x": -564.9999999999998, "y": 978.6087062764158}, "channel": 15}, "attempt": 1}
2026-09-13 11:17:01,152 INFO response {"request_id": "b4678244cce949b3972c0cc94ca7212b", "http_status": 200, "body": {"accepted": true, "real_timestamp_ms": 1789269417099, "virtual_time_s": 1037, "measure_result": "no_signal"}}
2026-09-13 11:17:01,152 INFO request {"path": "/measure", "payload": {"arena_id": "default", "robot_id": "202601002029", "request_id": "5e3c2b6c90c54489a0fb5d9d8909ecaf", "position": {"x": -564.9999999999998, "y": 978.6087062764158}, "channel": 17}, "attempt": 1}
2026-09-13 11:17:01,154 INFO response {"request_id": "5e3c2b6c90c54489a0fb5d9d8909ecaf", "http_status": 200, "body": {"accepted": true, "real_timestamp_ms": 1789269417100, "virtual_time_s": 1043, "measure_result": "no_signal"}}
2026-09-13 11:17:01,180 INFO request {"path": "/measure", "payload": {"arena_id": "default", "robot_id": "202601002029", "request_id": "58779d4821794615b4b2af8cc0ad0d01", "position": {"x": -564.9999999999998, "y": 978.6087062764158}, "channel": 7}, "attempt": 1}
2026-09-13 11:17:01,182 INFO response {"request_id": "58779d4821794615b4b2af8cc0ad0d01", "http_status": 200, "body": {"accepted": true, "real_timestamp_ms": 1789269417128, "virtual_time_s": 1049, "measure_result": "direction", "svd_deg": 67.04}}
2026-09-13 11:17:01,200 INFO request {"path": "/measure", "payload": {"arena_id": "default", "robot_id": "202601002029", "request_id": "e3708fd49ac347bc98dbebe2f94cf4df", "position": {"x": -564.9999999999998, "y": 978.6087062764158}, "channel": 18}, "attempt": 1}
2026-09-13 11:17:01,224 INFO response {"request_id": "e3708fd49ac347bc98dbebe2f94cf4df", "http_status": 200, "body": {"accepted": true, "real_timestamp_ms": 1789269417171, "virtual_time_s": 1055, "measure_result": "direction", "svd_deg": 230.59}}
2026-09-13 11:17:01,233 INFO request {"path": "/measure", "payload": {"arena_id": "default", "robot_id": "202601002029", "request_id": "d594cd93ef44474cb0820377c3371d4f", "position": {"x": -1130.0, "y": 1.3838508830365092e-13}, "channel": 1}, "attempt": 1}
2026-09-13 11:17:01,234 INFO response {"request_id": "d594cd93ef44474cb0820377c3371d4f", "http_status": 200, "body": {"accepted": true, "real_timestamp_ms": 1789269417181, "virtual_time_s": 1287, "measure_result": "no_signal"}}
2026-09-13 11:17:01,235 INFO request {"path": "/measure", "payload": {"arena_id": "default", "robot_id": "202601002029", "request_id": "bad5faa79d9c49c78b6d4f7721f402ad", "position": {"x": -1130.0, "y": 1.3838508830365092e-13}, "channel": 2}, "attempt": 1}
2026-09-13 11:17:01,236 INFO response {"request_id": "bad5faa79d9c49c78b6d4f7721f402ad", "http_status": 200, "body": {"accepted": true, "real_timestamp_ms": 1789269417182, "virtual_time_s": 1293, "measure_result": "no_signal"}}
2026-09-13 11:17:01,237 INFO request {"path": "/measure", "payload": {"arena_id": "default", "robot_id": "202601002029", "request_id": "db15fcb13c3e4aa7aff8945cc4c8b809", "position": {"x": -1130.0, "y": 1.3838508830365092e-13}, "channel": 5}, "attempt": 1}
2026-09-13 11:17:01,255 INFO response {"request_id": "db15fcb13c3e4aa7aff8945cc4c8b809", "http_status": 200, "body": {"accepted": true, "real_timestamp_ms": 1789269417201, "virtual_time_s": 1299, "measure_result": "no_signal"}}
2026-09-13 11:17:01,255 INFO request {"path": "/measure", "payload": {"arena_id": "default", "robot_id": "202601002029", "request_id": "082cd2c769ca44ff85033be9cf5884a3", "position": {"x": -1130.0, "y": 1.3838508830365092e-13}, "channel": 8}, "attempt": 1}
2026-09-13 11:17:01,271 INFO response {"request_id": "082cd2c769ca44ff85033be9cf5884a3", "http_status": 200, "body": {"accepted": true, "real_timestamp_ms": 1789269417218, "virtual_time_s": 1305, "measure_result": "no_signal"}}
2026-09-13 11:17:01,272 INFO request {"path": "/measure", "payload": {"arena_id": "default", "robot_id": "202601002029", "request_id": "8bfdeed2e3bd4d27bb6ebd83a2689d89", "position": {"x": -1130.0, "y": 1.3838508830365092e-13}, "channel": 9}, "attempt": 1}
2026-09-13 11:17:01,275 INFO response {"request_id": "8bfdeed2e3bd4d27bb6ebd83a2689d89", "http_status": 200, "body": {"accepted": true, "real_timestamp_ms": 1789269417220, "virtual_time_s": 1311, "measure_result": "no_signal"}}
2026-09-13 11:17:01,277 INFO request {"path": "/measure", "payload": {"arena_id": "default", "robot_id": "202601002029", "request_id": "f440718f2c1749fb86f5e72e9a7a0046", "position": {"x": -1130.0, "y": 1.3838508830365092e-13}, "channel": 10}, "attempt": 1}
2026-09-13 11:17:01,279 INFO response {"request_id": "f440718f2c1749fb86f5e72e9a7a0046", "http_status": 200, "body": {"accepted": true, "real_timestamp_ms": 1789269417225, "virtual_time_s": 1317, "measure_result": "no_signal"}}
2026-09-13 11:17:01,279 INFO request {"path": "/measure", "payload": {"arena_id": "default", "robot_id": "202601002029", "request_id": "da5cc49ac7cd42ffbc0ea6e76ec370ac", "position": {"x": -1130.0, "y": 1.3838508830365092e-13}, "channel": 11}, "attempt": 1}
2026-09-13 11:17:01,280 INFO response {"request_id": "da5cc49ac7cd42ffbc0ea6e76ec370ac", "http_status": 200, "body": {"accepted": true, "real_timestamp_ms": 1789269417227, "virtual_time_s": 1323, "measure_result": "no_signal"}}
2026-09-13 11:17:01,280 INFO request {"path": "/measure", "payload": {"arena_id": "default", "robot_id": "202601002029", "request_id": "4584f5455ced46268bb5f2b693ea1ec9", "position": {"x": -1130.0, "y": 1.3838508830365092e-13}, "channel": 15}, "attempt": 1}
2026-09-13 11:17:01,282 INFO response {"request_id": "4584f5455ced46268bb5f2b693ea1ec9", "http_status": 200, "body": {"accepted": true, "real_timestamp_ms": 1789269417228, "virtual_time_s": 1329, "measure_result": "no_signal"}}
2026-09-13 11:17:01,282 INFO request {"path": "/measure", "payload": {"arena_id": "default", "robot_id": "202601002029", "request_id": "7ac92a1d81ef4c28a18ff90db1ec280a", "position": {"x": -1130.0, "y": 1.3838508830365092e-13}, "channel": 17}, "attempt": 1}
2026-09-13 11:17:01,284 INFO response {"request_id": "7ac92a1d81ef4c28a18ff90db1ec280a", "http_status": 200, "body": {"accepted": true, "real_timestamp_ms": 1789269417230, "virtual_time_s": 1335, "measure_result": "no_signal"}}
2026-09-13 11:17:01,330 INFO request {"path": "/measure", "payload": {"arena_id": "default", "robot_id": "202601002029", "request_id": "67087de7a3384c1098b2d440c20635ce", "position": {"x": -1130.0, "y": 1.3838508830365092e-13}, "channel": 18}, "attempt": 1}
2026-09-13 11:17:01,350 INFO response {"request_id": "67087de7a3384c1098b2d440c20635ce", "http_status": 200, "body": {"accepted": true, "real_timestamp_ms": 1789269417296, "virtual_time_s": 1341, "measure_result": "direction", "svd_deg": 93.4}}
2026-09-13 11:17:01,376 INFO request {"path": "/measure", "payload": {"arena_id": "default", "robot_id": "202601002029", "request_id": "a82d82bd0d4144ee844e325236e5a022", "position": {"x": -1130.0, "y": 1.3838508830365092e-13}, "channel": 14}, "attempt": 1}
2026-09-13 11:17:01,378 INFO response {"request_id": "a82d82bd0d4144ee844e325236e5a022", "http_status": 200, "body": {"accepted": true, "real_timestamp_ms": 1789269417325, "virtual_time_s": 1347, "measure_result": "direction", "svd_deg": 311.12}}
2026-09-13 11:17:01,380 INFO request {"path": "/measure", "payload": {"arena_id": "default", "robot_id": "202601002029", "request_id": "a976067ce39e4fa9a2fff09125885272", "position": {"x": -565.0000000000005, "y": -978.6087062764154}, "channel": 1}, "attempt": 1}
2026-09-13 11:17:01,381 INFO response {"request_id": "a976067ce39e4fa9a2fff09125885272", "http_status": 200, "body": {"accepted": true, "real_timestamp_ms": 1789269417328, "virtual_time_s": 1579, "measure_result": "no_signal"}}
2026-09-13 11:17:01,382 INFO request {"path": "/measure", "payload": {"arena_id": "default", "robot_id": "202601002029", "request_id": "ba5e884feb684590b5b1fab506475e9b", "position": {"x": -565.0000000000005, "y": -978.6087062764154}, "channel": 2}, "attempt": 1}
2026-09-13 11:17:01,382 INFO response {"request_id": "ba5e884feb684590b5b1fab506475e9b", "http_status": 200, "body": {"accepted": true, "real_timestamp_ms": 1789269417329, "virtual_time_s": 1585, "measure_result": "direction", "svd_deg": 264.22}}
2026-09-13 11:17:01,384 INFO request {"path": "/measure", "payload": {"arena_id": "default", "robot_id": "202601002029", "request_id": "c401e28edcc8405694b2832bb9d136c6", "position": {"x": -565.0000000000005, "y": -978.6087062764154}, "channel": 5}, "attempt": 1}
2026-09-13 11:17:01,395 INFO response {"request_id": "c401e28edcc8405694b2832bb9d136c6", "http_status": 200, "body": {"accepted": true, "real_timestamp_ms": 1789269417342, "virtual_time_s": 1591, "measure_result": "no_signal"}}
2026-09-13 11:17:01,396 INFO request {"path": "/measure", "payload": {"arena_id": "default", "robot_id": "202601002029", "request_id": "ea0e336c39fc4b6da7631bd8621f4178", "position": {"x": -565.0000000000005, "y": -978.6087062764154}, "channel": 8}, "attempt": 1}
2026-09-13 11:17:01,397 INFO response {"request_id": "ea0e336c39fc4b6da7631bd8621f4178", "http_status": 200, "body": {"accepted": true, "real_timestamp_ms": 1789269417343, "virtual_time_s": 1597, "measure_result": "no_signal"}}
2026-09-13 11:17:01,397 INFO request {"path": "/measure", "payload": {"arena_id": "default", "robot_id": "202601002029", "request_id": "c23a76ee2b2844e9b0d633ef8ce80b84", "position": {"x": -565.0000000000005, "y": -978.6087062764154}, "channel": 9}, "attempt": 1}
2026-09-13 11:17:01,411 INFO response {"request_id": "c23a76ee2b2844e9b0d633ef8ce80b84", "http_status": 200, "body": {"accepted": true, "real_timestamp_ms": 1789269417358, "virtual_time_s": 1603, "measure_result": "no_signal"}}
2026-09-13 11:17:01,411 INFO request {"path": "/measure", "payload": {"arena_id": "default", "robot_id": "202601002029", "request_id": "8c0b3d6dbf734972bf832f58ac7eb420", "position": {"x": -565.0000000000005, "y": -978.6087062764154}, "channel": 10}, "attempt": 1}
2026-09-13 11:17:01,427 INFO response {"request_id": "8c0b3d6dbf734972bf832f58ac7eb420", "http_status": 200, "body": {"accepted": true, "real_timestamp_ms": 1789269417374, "virtual_time_s": 1609, "measure_result": "no_signal"}}
2026-09-13 11:17:01,427 INFO request {"path": "/measure", "payload": {"arena_id": "default", "robot_id": "202601002029", "request_id": "74355bb3b6754518997a03af4aa4fdfd", "position": {"x": -565.0000000000005, "y": -978.6087062764154}, "channel": 11}, "attempt": 1}
2026-09-13 11:17:01,428 INFO response {"request_id": "74355bb3b6754518997a03af4aa4fdfd", "http_status": 200, "body": {"accepted": true, "real_timestamp_ms": 1789269417375, "virtual_time_s": 1615, "measure_result": "no_signal"}}
2026-09-13 11:17:01,428 INFO request {"path": "/measure", "payload": {"arena_id": "default", "robot_id": "202601002029", "request_id": "9d72f5b3ccf44b0892aefcdfbac16d72", "position": {"x": -565.0000000000005, "y": -978.6087062764154}, "channel": 15}, "attempt": 1}
2026-09-13 11:17:01,429 INFO response {"request_id": "9d72f5b3ccf44b0892aefcdfbac16d72", "http_status": 200, "body": {"accepted": true, "real_timestamp_ms": 1789269417376, "virtual_time_s": 1621, "measure_result": "no_signal"}}
2026-09-13 11:17:01,429 INFO request {"path": "/measure", "payload": {"arena_id": "default", "robot_id": "202601002029", "request_id": "a69959d9dbd4480e96f64526812086a1", "position": {"x": -565.0000000000005, "y": -978.6087062764154}, "channel": 17}, "attempt": 1}
2026-09-13 11:17:01,442 INFO response {"request_id": "a69959d9dbd4480e96f64526812086a1", "http_status": 200, "body": {"accepted": true, "real_timestamp_ms": 1789269417389, "virtual_time_s": 1627, "measure_result": "no_signal"}}
2026-09-13 11:17:01,455 INFO request {"path": "/measure", "payload": {"arena_id": "default", "robot_id": "202601002029", "request_id": "21e19127514c4060b01577664d52a1d1", "position": {"x": -565.0000000000005, "y": -978.6087062764154}, "channel": 14}, "attempt": 1}
2026-09-13 11:17:01,456 INFO response {"request_id": "21e19127514c4060b01577664d52a1d1", "http_status": 200, "body": {"accepted": true, "real_timestamp_ms": 1789269417403, "virtual_time_s": 1633, "measure_result": "direction", "svd_deg": 15.63}}
2026-09-13 11:17:01,461 INFO request {"path": "/clear", "payload": {"arena_id": "default", "robot_id": "202601002029", "request_id": "f0d97f46d9834915a7eebe7c5203ad57", "position": {"x": -348.10002387353916, "y": -914.1502074249692}, "channel": 14}, "attempt": 1}
2026-09-13 11:17:01,473 INFO response {"request_id": "f0d97f46d9834915a7eebe7c5203ad57", "http_status": 200, "body": {"accepted": true, "real_timestamp_ms": 1789269417420, "virtual_time_s": 1683.255054, "clear_result": "success"}}
2026-09-13 11:17:01,488 INFO request {"path": "/measure", "payload": {"arena_id": "default", "robot_id": "202601002029", "request_id": "ac05b90e347f44b482fc5505157d91d8", "position": {"x": -348.10002387353916, "y": -914.1502074249692}, "channel": 19}, "attempt": 1}
2026-09-13 11:17:01,490 INFO response {"request_id": "ac05b90e347f44b482fc5505157d91d8", "http_status": 200, "body": {"accepted": true, "real_timestamp_ms": 1789269417436, "virtual_time_s": 1689.255054, "measure_result": "direction", "svd_deg": 43.52}}
2026-09-13 11:17:01,497 INFO request {"path": "/measure", "payload": {"arena_id": "default", "robot_id": "202601002029", "request_id": "0d12f6b1032747a9833a49af6a8634f9", "position": {"x": 565.0000000000001, "y": -978.6087062764157}, "channel": 1}, "attempt": 1}
2026-09-13 11:17:01,520 INFO response {"request_id": "0d12f6b1032747a9833a49af6a8634f9", "http_status": 200, "body": {"accepted": true, "real_timestamp_ms": 1789269417467, "virtual_time_s": 1878.329525, "measure_result": "no_signal"}}
2026-09-13 11:17:01,520 INFO request {"path": "/measure", "payload": {"arena_id": "default", "robot_id": "202601002029", "request_id": "2c7f786802574fb5b4ffa745bb56d046", "position": {"x": 565.0000000000001, "y": -978.6087062764157}, "channel": 5}, "attempt": 1}
2026-09-13 11:17:01,521 INFO response {"request_id": "2c7f786802574fb5b4ffa745bb56d046", "http_status": 200, "body": {"accepted": true, "real_timestamp_ms": 1789269417468, "virtual_time_s": 1884.329525, "measure_result": "no_signal"}}
2026-09-13 11:17:01,521 INFO request {"path": "/measure", "payload": {"arena_id": "default", "robot_id": "202601002029", "request_id": "4bfd1d323e5a4c98913d324febbf486f", "position": {"x": 565.0000000000001, "y": -978.6087062764157}, "channel": 8}, "attempt": 1}
2026-09-13 11:17:01,535 INFO response {"request_id": "4bfd1d323e5a4c98913d324febbf486f", "http_status": 200, "body": {"accepted": true, "real_timestamp_ms": 1789269417481, "virtual_time_s": 1890.329525, "measure_result": "direction", "svd_deg": 317.31}}
2026-09-13 11:17:01,540 INFO request {"path": "/measure", "payload": {"arena_id": "default", "robot_id": "202601002029", "request_id": "566d5724c1fe422fb957063c418859a6", "position": {"x": 565.0000000000001, "y": -978.6087062764157}, "channel": 9}, "attempt": 1}
2026-09-13 11:17:01,567 INFO response {"request_id": "566d5724c1fe422fb957063c418859a6", "http_status": 200, "body": {"accepted": true, "real_timestamp_ms": 1789269417513, "virtual_time_s": 1896.329525, "measure_result": "no_signal"}}
2026-09-13 11:17:01,567 INFO request {"path": "/measure", "payload": {"arena_id": "default", "robot_id": "202601002029", "request_id": "caa84212147e4c59b0568690eb9580c2", "position": {"x": 565.0000000000001, "y": -978.6087062764157}, "channel": 10}, "attempt": 1}
2026-09-13 11:17:01,569 INFO response {"request_id": "caa84212147e4c59b0568690eb9580c2", "http_status": 200, "body": {"accepted": true, "real_timestamp_ms": 1789269417515, "virtual_time_s": 1902.329525, "measure_result": "no_signal"}}
2026-09-13 11:17:01,570 INFO request {"path": "/measure", "payload": {"arena_id": "default", "robot_id": "202601002029", "request_id": "48bc0999e8764f07a00f94e2fc23b47a", "position": {"x": 565.0000000000001, "y": -978.6087062764157}, "channel": 11}, "attempt": 1}
2026-09-13 11:17:01,582 INFO response {"request_id": "48bc0999e8764f07a00f94e2fc23b47a", "http_status": 200, "body": {"accepted": true, "real_timestamp_ms": 1789269417529, "virtual_time_s": 1908.329525, "measure_result": "no_signal"}}
2026-09-13 11:17:01,583 INFO request {"path": "/measure", "payload": {"arena_id": "default", "robot_id": "202601002029", "request_id": "7c21402a771e44d697aa4e689ad8ec72", "position": {"x": 565.0000000000001, "y": -978.6087062764157}, "channel": 15}, "attempt": 1}
2026-09-13 11:17:01,586 INFO response {"request_id": "7c21402a771e44d697aa4e689ad8ec72", "http_status": 200, "body": {"accepted": true, "real_timestamp_ms": 1789269417532, "virtual_time_s": 1914.329525, "measure_result": "no_signal"}}
2026-09-13 11:17:01,586 INFO request {"path": "/measure", "payload": {"arena_id": "default", "robot_id": "202601002029", "request_id": "e8d07bc59a4649b885652293c05e248d", "position": {"x": 565.0000000000001, "y": -978.6087062764157}, "channel": 17}, "attempt": 1}
2026-09-13 11:17:01,588 INFO response {"request_id": "e8d07bc59a4649b885652293c05e248d", "http_status": 200, "body": {"accepted": true, "real_timestamp_ms": 1789269417534, "virtual_time_s": 1920.329525, "measure_result": "no_signal"}}
2026-09-13 11:17:01,630 INFO request {"path": "/measure", "payload": {"arena_id": "default", "robot_id": "202601002029", "request_id": "1b9134ea8c3f47e08f2a479f096a752a", "position": {"x": 565.0000000000001, "y": -978.6087062764157}, "channel": 12}, "attempt": 1}
2026-09-13 11:17:01,643 INFO response {"request_id": "1b9134ea8c3f47e08f2a479f096a752a", "http_status": 200, "body": {"accepted": true, "real_timestamp_ms": 1789269417590, "virtual_time_s": 1926.329525, "measure_result": "direction", "svd_deg": 51.73}}
2026-09-13 11:17:01,663 INFO request {"path": "/measure", "payload": {"arena_id": "default", "robot_id": "202601002029", "request_id": "bc95319d8f6041f6abfcebad5cd421d3", "position": {"x": 565.0000000000001, "y": -978.6087062764157}, "channel": 16}, "attempt": 1}
2026-09-13 11:17:01,663 INFO response {"request_id": "bc95319d8f6041f6abfcebad5cd421d3", "http_status": 200, "body": {"accepted": true, "real_timestamp_ms": 1789269417610, "virtual_time_s": 1932.329525, "measure_result": "direction", "svd_deg": 98.67}}
2026-09-13 11:17:09,916 INFO request {"path": "/measure", "payload": {"arena_id": "default", "robot_id": "202601002029", "request_id": "12876752bd9740769f20fb3bbd87e196", "position": {"x": 1150.3437396931365, "y": -1110.4142691410143}, "channel": 8}, "attempt": 1}
2026-09-13 11:17:09,940 INFO response {"request_id": "12876752bd9740769f20fb3bbd87e196", "http_status": 200, "body": {"accepted": true, "real_timestamp_ms": 1789269425886, "virtual_time_s": 2058.329525, "measure_result": "direction", "svd_deg": 206.13}}
2026-09-13 11:17:09,960 INFO request {"path": "/measure", "payload": {"arena_id": "default", "robot_id": "202601002029", "request_id": "908266ccff8341c5a07aba7f174b0c11", "position": {"x": 1150.3437396931365, "y": -1110.4142691410143}, "channel": 12}, "attempt": 1}
2026-09-13 11:17:09,971 INFO response {"request_id": "908266ccff8341c5a07aba7f174b0c11", "http_status": 200, "body": {"accepted": true, "real_timestamp_ms": 1789269425918, "virtual_time_s": 2064.329525, "measure_result": "direction", "svd_deg": 85.89}}
2026-09-13 11:17:10,833 INFO request {"path": "/clear", "payload": {"arena_id": "default", "robot_id": "202601002029", "request_id": "b9c89f324afc4d8b971a1068bd2c0953", "position": {"x": 861.505943535908, "y": -1251.9129693761288}, "channel": 8}, "attempt": 1}
2026-09-13 11:17:10,846 INFO response {"request_id": "b9c89f324afc4d8b971a1068bd2c0953", "http_status": 200, "body": {"accepted": true, "real_timestamp_ms": 1789269426792, "virtual_time_s": 2133.65655, "clear_result": "success"}}
2026-09-13 11:17:10,851 INFO request {"path": "/measure", "payload": {"arena_id": "default", "robot_id": "202601002029", "request_id": "3624a6fd14164e9db9ea27e457e93446", "position": {"x": 446.43962772347913, "y": -592.1675177402553}, "channel": 16}, "attempt": 1}
2026-09-13 11:17:10,852 INFO response {"request_id": "3624a6fd14164e9db9ea27e457e93446", "http_status": 200, "body": {"accepted": true, "real_timestamp_ms": 1789269426798, "virtual_time_s": 2295.546782, "measure_result": "direction", "svd_deg": 89.82}}
2026-09-13 11:17:10,874 INFO request {"path": "/measure", "payload": {"arena_id": "default", "robot_id": "202601002029", "request_id": "c6f72bca98174671a6ee7ed1a477bb50", "position": {"x": 446.43962772347913, "y": -592.1675177402553}, "channel": 12}, "attempt": 1}
2026-09-13 11:17:10,892 INFO response {"request_id": "c6f72bca98174671a6ee7ed1a477bb50", "http_status": 200, "body": {"accepted": true, "real_timestamp_ms": 1789269426839, "virtual_time_s": 2301.546782, "measure_result": "direction", "svd_deg": 29.12}}
2026-09-13 11:17:11,882 INFO request {"path": "/clear", "payload": {"arena_id": "default", "robot_id": "202601002029", "request_id": "3c85108eecb049d5a1eecf6fa3e57799", "position": {"x": 392.089409779539, "y": -205.08842516596928}, "channel": 19}, "attempt": 1}
2026-09-13 11:17:11,884 INFO response {"request_id": "3c85108eecb049d5a1eecf6fa3e57799", "http_status": 200, "body": {"accepted": true, "real_timestamp_ms": 1789269427830, "virtual_time_s": 2384.722013, "clear_result": "success"}}
2026-09-13 11:17:11,906 INFO request {"path": "/measure", "payload": {"arena_id": "default", "robot_id": "202601002029", "request_id": "e4a552caf56c44b3b8b7ccf78d25c766", "position": {"x": 392.089409779539, "y": -205.08842516596928}, "channel": 12}, "attempt": 1}
2026-09-13 11:17:11,932 INFO response {"request_id": "e4a552caf56c44b3b8b7ccf78d25c766", "http_status": 200, "body": {"accepted": true, "real_timestamp_ms": 1789269427878, "virtual_time_s": 2389.722013, "measure_result": "direction", "svd_deg": 2.71}}
2026-09-13 11:17:13,004 INFO request {"path": "/clear", "payload": {"arena_id": "default", "robot_id": "202601002029", "request_id": "c4b1f96f9b3a45108001268545f4a46b", "position": {"x": 447.48050710177847, "y": -192.92857776553242}, "channel": 16}, "attempt": 1}
2026-09-13 11:17:13,006 INFO response {"request_id": "c4b1f96f9b3a45108001268545f4a46b", "http_status": 200, "body": {"accepted": true, "real_timestamp_ms": 1789269428952, "virtual_time_s": 2406.064033, "clear_result": "success"}}
2026-09-13 11:17:13,040 INFO request {"path": "/measure", "payload": {"arena_id": "default", "robot_id": "202601002029", "request_id": "49bd2a1f9d2f45e794fa6fa2b540c3bc", "position": {"x": 447.48050710177847, "y": -192.92857776553242}, "channel": 12}, "attempt": 1}
2026-09-13 11:17:13,041 INFO response {"request_id": "49bd2a1f9d2f45e794fa6fa2b540c3bc", "http_status": 200, "body": {"accepted": true, "real_timestamp_ms": 1789269428988, "virtual_time_s": 2411.064033, "measure_result": "direction", "svd_deg": 2.11}}
2026-09-13 11:17:13,862 INFO request {"path": "/measure", "payload": {"arena_id": "default", "robot_id": "202601002029", "request_id": "dc05f12260874addbf3b95c905104480", "position": {"x": 814.1745188571863, "y": -163.46580169388923}, "channel": 12}, "attempt": 1}
2026-09-13 11:17:13,885 INFO response {"request_id": "dc05f12260874addbf3b95c905104480", "http_status": 200, "body": {"accepted": true, "real_timestamp_ms": 1789269429831, "virtual_time_s": 2489.639179, "measure_result": "direction", "svd_deg": 359.43}}
2026-09-13 11:17:13,930 INFO request {"path": "/clear", "payload": {"arena_id": "default", "robot_id": "202601002029", "request_id": "b48578958fb14268832ebb974a8b4f11", "position": {"x": 1217.791050848793, "y": -164.31107674687905}, "channel": 12}, "attempt": 1}
2026-09-13 11:17:13,947 INFO response {"request_id": "b48578958fb14268832ebb974a8b4f11", "http_status": 200, "body": {"accepted": true, "real_timestamp_ms": 1789269429894, "virtual_time_s": 2575.362662, "clear_result": "success"}}
2026-09-13 11:17:13,949 INFO request {"path": "/measure", "payload": {"arena_id": "default", "robot_id": "202601002029", "request_id": "681dcb9b4cb840cdb7f8d9f84e8e3bab", "position": {"x": 996.454746644695, "y": 714.2176716008494}, "channel": 4}, "attempt": 1}
2026-09-13 11:17:13,950 INFO response {"request_id": "681dcb9b4cb840cdb7f8d9f84e8e3bab", "http_status": 200, "body": {"accepted": true, "real_timestamp_ms": 1789269429897, "virtual_time_s": 2762.558967, "measure_result": "direction", "svd_deg": 157.21}}
2026-09-13 11:17:13,967 INFO request {"path": "/measure", "payload": {"arena_id": "default", "robot_id": "202601002029", "request_id": "23efc4f187e141bd828f8c7a9d74be14", "position": {"x": 996.454746644695, "y": 714.2176716008494}, "channel": 20}, "attempt": 1}
2026-09-13 11:17:13,994 INFO response {"request_id": "23efc4f187e141bd828f8c7a9d74be14", "http_status": 200, "body": {"accepted": true, "real_timestamp_ms": 1789269429940, "virtual_time_s": 2768.558967, "measure_result": "direction", "svd_deg": 174.72}}
2026-09-13 11:17:14,773 INFO request {"path": "/measure", "payload": {"arena_id": "default", "robot_id": "202601002029", "request_id": "28085387a422469db227d4f038cfaa96", "position": {"x": 835.6141594024655, "y": 610.2774679390686}, "channel": 20}, "attempt": 1}
2026-09-13 11:17:14,775 INFO response {"request_id": "28085387a422469db227d4f038cfaa96", "http_status": 200, "body": {"accepted": true, "real_timestamp_ms": 1789269430721, "virtual_time_s": 2811.859495, "measure_result": "direction", "svd_deg": 157.1}}
2026-09-13 11:17:14,785 INFO request {"path": "/clear", "payload": {"arena_id": "default", "robot_id": "202601002029", "request_id": "93af5d8a903043d393241c5a438f114c", "position": {"x": 625.189940423815, "y": 870.4418680006901}, "channel": 4}, "attempt": 1}
2026-09-13 11:17:14,786 INFO response {"request_id": "93af5d8a903043d393241c5a438f114c", "http_status": 200, "body": {"accepted": true, "real_timestamp_ms": 1789269430733, "virtual_time_s": 2883.781499, "clear_result": "success"}}
2026-09-13 11:17:14,788 INFO request {"path": "/clear", "payload": {"arena_id": "default", "robot_id": "202601002029", "request_id": "d0d95d1e453344f38de5b407fef99f6a", "position": {"x": 465.83944171332945, "y": 766.1570721653175}, "channel": 20}, "attempt": 1}
2026-09-13 11:17:14,808 INFO response {"request_id": "d0d95d1e453344f38de5b407fef99f6a", "http_status": 200, "body": {"accepted": true, "real_timestamp_ms": 1789269430754, "virtual_time_s": 2926.869765, "clear_result": "success"}}
2026-09-13 11:17:14,823 INFO request {"path": "/measure", "payload": {"arena_id": "default", "robot_id": "202601002029", "request_id": "2091070faf194d49ad9c7a6b184938b5", "position": {"x": 465.83944171332945, "y": 766.1570721653175}, "channel": 7}, "attempt": 1}
2026-09-13 11:17:14,839 INFO response {"request_id": "2091070faf194d49ad9c7a6b184938b5", "http_status": 200, "body": {"accepted": true, "real_timestamp_ms": 1789269430785, "virtual_time_s": 2932.869765, "measure_result": "direction", "svd_deg": 155.4}}
2026-09-13 11:17:14,851 INFO request {"path": "/clear", "payload": {"arena_id": "default", "robot_id": "202601002029", "request_id": "d1df76a18b64480d9f1dd7ecc20a02b1", "position": {"x": -470.573761239641, "y": 1202.7852200340028}, "channel": 7}, "attempt": 1}
2026-09-13 11:17:14,871 INFO response {"request_id": "d1df76a18b64480d9f1dd7ecc20a02b1", "http_status": 200, "body": {"accepted": true, "real_timestamp_ms": 1789269430816, "virtual_time_s": 3144.510886, "clear_result": "success"}}
2026-09-13 11:17:14,895 INFO request {"path": "/measure", "payload": {"arena_id": "default", "robot_id": "202601002029", "request_id": "702b872cea524732bfbeacc6091f0adc", "position": {"x": -470.573761239641, "y": 1202.7852200340028}, "channel": 13}, "attempt": 1}
2026-09-13 11:17:14,897 INFO response {"request_id": "702b872cea524732bfbeacc6091f0adc", "http_status": 200, "body": {"accepted": true, "real_timestamp_ms": 1789269430843, "virtual_time_s": 3150.510886, "measure_result": "direction", "svd_deg": 39.96}}
2026-09-13 11:17:14,907 INFO request {"path": "/clear", "payload": {"arena_id": "default", "robot_id": "202601002029", "request_id": "3488f69e7ce94737b68ab4cb42aea13f", "position": {"x": -121.8331466367728, "y": 1494.605984062169}, "channel": 13}, "attempt": 1}
2026-09-13 11:17:14,910 INFO response {"request_id": "3488f69e7ce94737b68ab4cb42aea13f", "http_status": 200, "body": {"accepted": true, "real_timestamp_ms": 1789269430856, "virtual_time_s": 3246.456886, "clear_result": "success"}}
2026-09-13 11:17:14,926 INFO request {"path": "/measure", "payload": {"arena_id": "default", "robot_id": "202601002029", "request_id": "acbab5fcd55841748a1edc35ee83b269", "position": {"x": -121.8331466367728, "y": 1494.605984062169}, "channel": 3}, "attempt": 1}
2026-09-13 11:17:14,947 INFO response {"request_id": "acbab5fcd55841748a1edc35ee83b269", "http_status": 200, "body": {"accepted": true, "real_timestamp_ms": 1789269430894, "virtual_time_s": 3252.456886, "measure_result": "direction", "svd_deg": 186.43}}
2026-09-13 11:17:15,714 INFO request {"path": "/measure", "payload": {"arena_id": "default", "robot_id": "202601002029", "request_id": "836040bb6b3346a9b0ba61103da62f58", "position": {"x": -741.1238997378911, "y": 1552.1768120329311}, "channel": 3}, "attempt": 1}
2026-09-13 11:17:15,716 INFO response {"request_id": "836040bb6b3346a9b0ba61103da62f58", "http_status": 200, "body": {"accepted": true, "real_timestamp_ms": 1789269431662, "virtual_time_s": 3381.849078, "measure_result": "direction", "svd_deg": 209.56}}
2026-09-13 11:17:15,729 INFO request {"path": "/measure", "payload": {"arena_id": "default", "robot_id": "202601002029", "request_id": "81eed0aa7feb499891fa5cf2601186ff", "position": {"x": -741.1238997378911, "y": 1552.1768120329311}, "channel": 6}, "attempt": 1}
2026-09-13 11:17:15,745 INFO response {"request_id": "81eed0aa7feb499891fa5cf2601186ff", "http_status": 200, "body": {"accepted": true, "real_timestamp_ms": 1789269431691, "virtual_time_s": 3387.849078, "measure_result": "direction", "svd_deg": 227.03}}
2026-09-13 11:17:16,606 INFO request {"path": "/clear", "payload": {"arena_id": "default", "robot_id": "202601002029", "request_id": "739c82ebf6c9404f84bc2f65d4ded981", "position": {"x": -1015.0741856607959, "y": 1397.0647700368834}, "channel": 3}, "attempt": 1}
2026-09-13 11:17:16,608 INFO response {"request_id": "739c82ebf6c9404f84bc2f65d4ded981", "http_status": 200, "body": {"accepted": true, "real_timestamp_ms": 1789269432554, "virtual_time_s": 3455.812085, "clear_result": "success"}}
2026-09-13 11:17:16,626 INFO request {"path": "/measure", "payload": {"arena_id": "default", "robot_id": "202601002029", "request_id": "e87856b9a6954d3da5daaef8f9ace732", "position": {"x": -1015.0741856607959, "y": 1397.0647700368834}, "channel": 6}, "attempt": 1}
2026-09-13 11:17:16,628 INFO response {"request_id": "e87856b9a6954d3da5daaef8f9ace732", "http_status": 200, "body": {"accepted": true, "real_timestamp_ms": 1789269432574, "virtual_time_s": 3460.812085, "measure_result": "direction", "svd_deg": 238.91}}
2026-09-13 11:17:16,636 INFO request {"path": "/clear", "payload": {"arena_id": "default", "robot_id": "202601002029", "request_id": "61d7496bcbd84c6c82f9d8eceed42644", "position": {"x": -1227.2049783396344, "y": 1044.3670451903288}, "channel": 6}, "attempt": 1}
2026-09-13 11:17:16,637 INFO response {"request_id": "61d7496bcbd84c6c82f9d8eceed42644", "http_status": 200, "body": {"accepted": true, "real_timestamp_ms": 1789269432584, "virtual_time_s": 3548.127371, "clear_result": "success"}}
2026-09-13 11:17:16,655 INFO request {"path": "/measure", "payload": {"arena_id": "default", "robot_id": "202601002029", "request_id": "72caf5d1b27749a4ac6bfb2b8df75c99", "position": {"x": -1428.257218235107, "y": 554.1856880192884}, "channel": 18}, "attempt": 1}
2026-09-13 11:17:16,667 INFO response {"request_id": "72caf5d1b27749a4ac6bfb2b8df75c99", "http_status": 200, "body": {"accepted": true, "real_timestamp_ms": 1789269432613, "virtual_time_s": 3660.089584, "measure_result": "direction", "svd_deg": 316.14}}
2026-09-13 11:17:16,680 INFO request {"path": "/clear", "payload": {"arena_id": "default", "robot_id": "202601002029", "request_id": "9db0c0ee8ff941db9d8dd7cdbafd8cc8", "position": {"x": -1144.55936718007, "y": 281.28764091158416}, "channel": 18}, "attempt": 1}
2026-09-13 11:17:16,682 INFO response {"request_id": "9db0c0ee8ff941db9d8dd7cdbafd8cc8", "http_status": 200, "body": {"accepted": true, "real_timestamp_ms": 1789269432628, "virtual_time_s": 3743.818947, "clear_result": "success"}}
2026-09-13 11:17:16,684 INFO request {"path": "/measure", "payload": {"arena_id": "default", "robot_id": "202601002029", "request_id": "37536839a19147f182dcf1f87074b10c", "position": {"x": -915.8047148041617, "y": -1465.3694812687838}, "channel": 2}, "attempt": 1}
2026-09-13 11:17:16,685 INFO response {"request_id": "37536839a19147f182dcf1f87074b10c", "http_status": 200, "body": {"accepted": true, "real_timestamp_ms": 1789269432631, "virtual_time_s": 4102.133567, "measure_result": "direction", "svd_deg": 4.98}}
2026-09-13 11:17:16,693 INFO request {"path": "/clear", "payload": {"arena_id": "default", "robot_id": "202601002029", "request_id": "81d800a5f5dc46279c43b0cfe1dde86b", "position": {"x": -611.6950583413136, "y": -1438.7085867024057}, "channel": 2}, "attempt": 1}
2026-09-13 11:17:16,715 INFO response {"request_id": "81d800a5f5dc46279c43b0cfe1dde86b", "http_status": 200, "body": {"accepted": true, "real_timestamp_ms": 1789269432660, "virtual_time_s": 4168.188783, "clear_result": "success"}}
2026-09-13 11:17:16,715 INFO request {"path": "/exit", "payload": {"arena_id": "default", "robot_id": "202601002029", "request_id": "39e503ec3e2549e2b21bb70a7fd5b6d6"}, "attempt": 1}
2026-09-13 11:17:16,729 INFO response {"request_id": "39e503ec3e2549e2b21bb70a7fd5b6d6", "http_status": 200, "body": {"accepted": true, "real_timestamp_ms": 1789269432676, "virtual_time_s": 4168.188783, "exit_reason": "user_exit"}}
