2026-09-12 14:18:32,986 INFO request {"path": "/enter", "payload": {"arena_id": "default", "robot_id": "202601002029", "request_id": "e7c812e5f3b64398a9f01b65051b54db"}, "attempt": 1}
2026-09-12 14:18:32,990 INFO response {"request_id": "e7c812e5f3b64398a9f01b65051b54db", "http_status": 200, "body": {"accepted": true, "real_timestamp_ms": 1789193909641, "virtual_time_s": 0, "max_virtual_duration_s": 360000, "max_real_duration_s": 1200, "remaining_real_duration_s": 1200}}
2026-09-12 14:18:32,990 INFO request {"path": "/measure", "payload": {"arena_id": "default", "robot_id": "202601002029", "request_id": "452c7eab5116432890be72f6d1781945", "position": {"x": 0.0, "y": 0.0}, "channel": 1}, "attempt": 1}
2026-09-12 14:18:33,002 INFO response {"request_id": "452c7eab5116432890be72f6d1781945", "http_status": 200, "body": {"accepted": true, "real_timestamp_ms": 1789193909653, "virtual_time_s": 5, "measure_result": "no_signal"}}
2026-09-12 14:18:33,004 INFO request {"path": "/measure", "payload": {"arena_id": "default", "robot_id": "202601002029", "request_id": "8fbe8bb52372440a8bea929386ced2a5", "position": {"x": 0.0, "y": 0.0}, "channel": 2}, "attempt": 1}
2026-09-12 14:18:33,005 INFO response {"request_id": "8fbe8bb52372440a8bea929386ced2a5", "http_status": 200, "body": {"accepted": true, "real_timestamp_ms": 1789193909656, "virtual_time_s": 11, "measure_result": "no_signal"}}
2026-09-12 14:18:33,005 INFO request {"path": "/measure", "payload": {"arena_id": "default", "robot_id": "202601002029", "request_id": "ce9447f2270347388f57abf482bea2b4", "position": {"x": 0.0, "y": 0.0}, "channel": 3}, "attempt": 1}
2026-09-12 14:18:33,006 INFO response {"request_id": "ce9447f2270347388f57abf482bea2b4", "http_status": 200, "body": {"accepted": true, "real_timestamp_ms": 1789193909657, "virtual_time_s": 17, "measure_result": "no_signal"}}
2026-09-12 14:18:33,006 INFO request {"path": "/measure", "payload": {"arena_id": "default", "robot_id": "202601002029", "request_id": "a6d6b4d18c7644afbfd7b265d2c0f322", "position": {"x": 0.0, "y": 0.0}, "channel": 4}, "attempt": 1}
2026-09-12 14:18:33,023 INFO response {"request_id": "a6d6b4d18c7644afbfd7b265d2c0f322", "http_status": 200, "body": {"accepted": true, "real_timestamp_ms": 1789193909674, "virtual_time_s": 23, "measure_result": "no_signal"}}
2026-09-12 14:18:33,023 INFO request {"path": "/measure", "payload": {"arena_id": "default", "robot_id": "202601002029", "request_id": "5585d23b213e47e98e6227b46b9bd689", "position": {"x": 0.0, "y": 0.0}, "channel": 5}, "attempt": 1}
2026-09-12 14:18:33,024 INFO response {"request_id": "5585d23b213e47e98e6227b46b9bd689", "http_status": 200, "body": {"accepted": true, "real_timestamp_ms": 1789193909675, "virtual_time_s": 29, "measure_result": "no_signal"}}
2026-09-12 14:18:33,024 INFO request {"path": "/measure", "payload": {"arena_id": "default", "robot_id": "202601002029", "request_id": "64fbb108857249c3a1b55ab8d49e1810", "position": {"x": 0.0, "y": 0.0}, "channel": 6}, "attempt": 1}
2026-09-12 14:18:33,025 INFO response {"request_id": "64fbb108857249c3a1b55ab8d49e1810", "http_status": 200, "body": {"accepted": true, "real_timestamp_ms": 1789193909676, "virtual_time_s": 35, "measure_result": "no_signal"}}
2026-09-12 14:18:33,025 INFO request {"path": "/measure", "payload": {"arena_id": "default", "robot_id": "202601002029", "request_id": "af197935b585408a8c21fa07463ce015", "position": {"x": 0.0, "y": 0.0}, "channel": 7}, "attempt": 1}
2026-09-12 14:18:33,026 INFO response {"request_id": "af197935b585408a8c21fa07463ce015", "http_status": 200, "body": {"accepted": true, "real_timestamp_ms": 1789193909677, "virtual_time_s": 41, "measure_result": "direction", "svd_deg": 317.39}}
2026-09-12 14:18:33,030 INFO request {"path": "/measure", "payload": {"arena_id": "default", "robot_id": "202601002029", "request_id": "a223edcd491a496b89bd8b48fdc2a466", "position": {"x": 0.0, "y": 0.0}, "channel": 8}, "attempt": 1}
2026-09-12 14:18:33,042 INFO response {"request_id": "a223edcd491a496b89bd8b48fdc2a466", "http_status": 200, "body": {"accepted": true, "real_timestamp_ms": 1789193909693, "virtual_time_s": 47, "measure_result": "direction", "svd_deg": 187.95}}
2026-09-12 14:18:33,044 INFO request {"path": "/measure", "payload": {"arena_id": "default", "robot_id": "202601002029", "request_id": "6f402edc0b4643b0b24026bee05be77b", "position": {"x": 0.0, "y": 0.0}, "channel": 9}, "attempt": 1}
2026-09-12 14:18:33,062 INFO response {"request_id": "6f402edc0b4643b0b24026bee05be77b", "http_status": 200, "body": {"accepted": true, "real_timestamp_ms": 1789193909713, "virtual_time_s": 53, "measure_result": "direction", "svd_deg": 233.88}}
2026-09-12 14:18:33,063 INFO request {"path": "/measure", "payload": {"arena_id": "default", "robot_id": "202601002029", "request_id": "2d5527b6a59b4a87865d904ef659d5f9", "position": {"x": 0.0, "y": 0.0}, "channel": 10}, "attempt": 1}
2026-09-12 14:18:33,064 INFO response {"request_id": "2d5527b6a59b4a87865d904ef659d5f9", "http_status": 200, "body": {"accepted": true, "real_timestamp_ms": 1789193909715, "virtual_time_s": 59, "measure_result": "no_signal"}}
2026-09-12 14:18:33,064 INFO request {"path": "/measure", "payload": {"arena_id": "default", "robot_id": "202601002029", "request_id": "3b5360dba4cb4a69b8d5b42dcc223b2f", "position": {"x": 0.0, "y": 0.0}, "channel": 11}, "attempt": 1}
2026-09-12 14:18:33,081 INFO response {"request_id": "3b5360dba4cb4a69b8d5b42dcc223b2f", "http_status": 200, "body": {"accepted": true, "real_timestamp_ms": 1789193909731, "virtual_time_s": 65, "measure_result": "no_signal"}}
2026-09-12 14:18:33,081 INFO request {"path": "/measure", "payload": {"arena_id": "default", "robot_id": "202601002029", "request_id": "cdd7ecf2f5524cc189da916e97a660ed", "position": {"x": 0.0, "y": 0.0}, "channel": 12}, "attempt": 1}
2026-09-12 14:18:33,100 INFO response {"request_id": "cdd7ecf2f5524cc189da916e97a660ed", "http_status": 200, "body": {"accepted": true, "real_timestamp_ms": 1789193909751, "virtual_time_s": 71, "measure_result": "no_signal"}}
2026-09-12 14:18:33,101 INFO request {"path": "/measure", "payload": {"arena_id": "default", "robot_id": "202601002029", "request_id": "d914c189c987406aaab021fdd55e4443", "position": {"x": 0.0, "y": 0.0}, "channel": 13}, "attempt": 1}
2026-09-12 14:18:33,121 INFO response {"request_id": "d914c189c987406aaab021fdd55e4443", "http_status": 200, "body": {"accepted": true, "real_timestamp_ms": 1789193909771, "virtual_time_s": 77, "measure_result": "no_signal"}}
2026-09-12 14:18:33,121 INFO request {"path": "/measure", "payload": {"arena_id": "default", "robot_id": "202601002029", "request_id": "a092f9ac02d942b6ba4baf5001b46d47", "position": {"x": 0.0, "y": 0.0}, "channel": 14}, "attempt": 1}
2026-09-12 14:18:33,140 INFO response {"request_id": "a092f9ac02d942b6ba4baf5001b46d47", "http_status": 200, "body": {"accepted": true, "real_timestamp_ms": 1789193909791, "virtual_time_s": 83, "measure_result": "no_signal"}}
2026-09-12 14:18:33,141 INFO request {"path": "/measure", "payload": {"arena_id": "default", "robot_id": "202601002029", "request_id": "4f135d4fa9a24b56b16119061c3620db", "position": {"x": 0.0, "y": 0.0}, "channel": 15}, "attempt": 1}
2026-09-12 14:18:33,160 INFO response {"request_id": "4f135d4fa9a24b56b16119061c3620db", "http_status": 200, "body": {"accepted": true, "real_timestamp_ms": 1789193909811, "virtual_time_s": 89, "measure_result": "no_signal"}}
2026-09-12 14:18:33,161 INFO request {"path": "/measure", "payload": {"arena_id": "default", "robot_id": "202601002029", "request_id": "8a14da13ea894b05bc1cb24914e0c8cc", "position": {"x": 0.0, "y": 0.0}, "channel": 16}, "attempt": 1}
2026-09-12 14:18:33,164 INFO response {"request_id": "8a14da13ea894b05bc1cb24914e0c8cc", "http_status": 200, "body": {"accepted": true, "real_timestamp_ms": 1789193909814, "virtual_time_s": 95, "measure_result": "direction", "svd_deg": 349.52}}
2026-09-12 14:18:33,169 INFO request {"path": "/measure", "payload": {"arena_id": "default", "robot_id": "202601002029", "request_id": "d22e2cabc81f4f948a0b19d0a75d2349", "position": {"x": 0.0, "y": 0.0}, "channel": 17}, "attempt": 1}
2026-09-12 14:18:33,170 INFO response {"request_id": "d22e2cabc81f4f948a0b19d0a75d2349", "http_status": 200, "body": {"accepted": true, "real_timestamp_ms": 1789193909821, "virtual_time_s": 101, "measure_result": "direction", "svd_deg": 37.27}}
2026-09-12 14:18:33,174 INFO request {"path": "/measure", "payload": {"arena_id": "default", "robot_id": "202601002029", "request_id": "1b02dd739d2a4211b36d6567ab1fcbcd", "position": {"x": 0.0, "y": 0.0}, "channel": 18}, "attempt": 1}
2026-09-12 14:18:33,189 INFO response {"request_id": "1b02dd739d2a4211b36d6567ab1fcbcd", "http_status": 200, "body": {"accepted": true, "real_timestamp_ms": 1789193909840, "virtual_time_s": 107, "measure_result": "direction", "svd_deg": 27.57}}
2026-09-12 14:18:33,195 INFO request {"path": "/measure", "payload": {"arena_id": "default", "robot_id": "202601002029", "request_id": "90de9c7ecd0c4297a9b88c8131fc5c76", "position": {"x": 0.0, "y": 0.0}, "channel": 19}, "attempt": 1}
2026-09-12 14:18:33,208 INFO response {"request_id": "90de9c7ecd0c4297a9b88c8131fc5c76", "http_status": 200, "body": {"accepted": true, "real_timestamp_ms": 1789193909859, "virtual_time_s": 113, "measure_result": "no_signal"}}
2026-09-12 14:18:33,209 INFO request {"path": "/measure", "payload": {"arena_id": "default", "robot_id": "202601002029", "request_id": "c3a32950da7b4127be39e1597a7c9cda", "position": {"x": 0.0, "y": 0.0}, "channel": 20}, "attempt": 1}
2026-09-12 14:18:33,211 INFO response {"request_id": "c3a32950da7b4127be39e1597a7c9cda", "http_status": 200, "body": {"accepted": true, "real_timestamp_ms": 1789193909861, "virtual_time_s": 119, "measure_result": "no_signal"}}
2026-09-12 14:18:33,211 INFO request {"path": "/measure", "payload": {"arena_id": "default", "robot_id": "202601002029", "request_id": "a7e270f4cb414fcb8400c1fedd384e16", "position": {"x": 1200.0, "y": 0.0}, "channel": 20}, "attempt": 1}
2026-09-12 14:18:33,213 INFO response {"request_id": "a7e270f4cb414fcb8400c1fedd384e16", "http_status": 200, "body": {"accepted": true, "real_timestamp_ms": 1789193909864, "virtual_time_s": 364, "measure_result": "no_signal"}}
2026-09-12 14:18:33,213 INFO request {"path": "/measure", "payload": {"arena_id": "default", "robot_id": "202601002029", "request_id": "9367fe167bc543d49352f639bcb80a6e", "position": {"x": 1200.0, "y": 0.0}, "channel": 1}, "attempt": 1}
2026-09-12 14:18:33,238 INFO response {"request_id": "9367fe167bc543d49352f639bcb80a6e", "http_status": 200, "body": {"accepted": true, "real_timestamp_ms": 1789193909890, "virtual_time_s": 370, "measure_result": "no_signal"}}
2026-09-12 14:18:33,239 INFO request {"path": "/measure", "payload": {"arena_id": "default", "robot_id": "202601002029", "request_id": "776b5194932c4b7c93c2fe0faa651516", "position": {"x": 1200.0, "y": 0.0}, "channel": 2}, "attempt": 1}
2026-09-12 14:18:33,260 INFO response {"request_id": "776b5194932c4b7c93c2fe0faa651516", "http_status": 200, "body": {"accepted": true, "real_timestamp_ms": 1789193909910, "virtual_time_s": 376, "measure_result": "no_signal"}}
2026-09-12 14:18:33,260 INFO request {"path": "/measure", "payload": {"arena_id": "default", "robot_id": "202601002029", "request_id": "db44dd0e038546c4b95a182761752882", "position": {"x": 1200.0, "y": 0.0}, "channel": 3}, "attempt": 1}
2026-09-12 14:18:33,279 INFO response {"request_id": "db44dd0e038546c4b95a182761752882", "http_status": 200, "body": {"accepted": true, "real_timestamp_ms": 1789193909930, "virtual_time_s": 382, "measure_result": "no_signal"}}
2026-09-12 14:18:33,279 INFO request {"path": "/measure", "payload": {"arena_id": "default", "robot_id": "202601002029", "request_id": "97623c9e67e9484da5e90a25548283f6", "position": {"x": 1200.0, "y": 0.0}, "channel": 4}, "attempt": 1}
2026-09-12 14:18:33,282 INFO response {"request_id": "97623c9e67e9484da5e90a25548283f6", "http_status": 200, "body": {"accepted": true, "real_timestamp_ms": 1789193909932, "virtual_time_s": 388, "measure_result": "no_signal"}}
2026-09-12 14:18:33,282 INFO request {"path": "/measure", "payload": {"arena_id": "default", "robot_id": "202601002029", "request_id": "07e9183956714dfbb9e3f8cb0266e8b6", "position": {"x": 1200.0, "y": 0.0}, "channel": 5}, "attempt": 1}
2026-09-12 14:18:33,299 INFO response {"request_id": "07e9183956714dfbb9e3f8cb0266e8b6", "http_status": 200, "body": {"accepted": true, "real_timestamp_ms": 1789193909949, "virtual_time_s": 394, "measure_result": "direction", "svd_deg": 343.8}}
2026-09-12 14:18:33,303 INFO request {"path": "/measure", "payload": {"arena_id": "default", "robot_id": "202601002029", "request_id": "f024ae2f605b4d15870a74c6a8e1270d", "position": {"x": 1200.0, "y": 0.0}, "channel": 6}, "attempt": 1}
2026-09-12 14:18:33,319 INFO response {"request_id": "f024ae2f605b4d15870a74c6a8e1270d", "http_status": 200, "body": {"accepted": true, "real_timestamp_ms": 1789193909969, "virtual_time_s": 400, "measure_result": "no_signal"}}
2026-09-12 14:18:33,319 INFO request {"path": "/measure", "payload": {"arena_id": "default", "robot_id": "202601002029", "request_id": "ec66655deaff40f39068c95459781417", "position": {"x": 1200.0, "y": 0.0}, "channel": 10}, "attempt": 1}
2026-09-12 14:18:33,338 INFO response {"request_id": "ec66655deaff40f39068c95459781417", "http_status": 200, "body": {"accepted": true, "real_timestamp_ms": 1789193909989, "virtual_time_s": 406, "measure_result": "no_signal"}}
2026-09-12 14:18:33,338 INFO request {"path": "/measure", "payload": {"arena_id": "default", "robot_id": "202601002029", "request_id": "43e7f64859cc4173ba4a5b94b82855d2", "position": {"x": 1200.0, "y": 0.0}, "channel": 11}, "attempt": 1}
2026-09-12 14:18:33,340 INFO response {"request_id": "43e7f64859cc4173ba4a5b94b82855d2", "http_status": 200, "body": {"accepted": true, "real_timestamp_ms": 1789193909991, "virtual_time_s": 412, "measure_result": "no_signal"}}
2026-09-12 14:18:33,340 INFO request {"path": "/measure", "payload": {"arena_id": "default", "robot_id": "202601002029", "request_id": "4e655ce788f84530bf28639c577fb3f5", "position": {"x": 1200.0, "y": 0.0}, "channel": 12}, "attempt": 1}
2026-09-12 14:18:33,342 INFO response {"request_id": "4e655ce788f84530bf28639c577fb3f5", "http_status": 200, "body": {"accepted": true, "real_timestamp_ms": 1789193909993, "virtual_time_s": 418, "measure_result": "no_signal"}}
2026-09-12 14:18:33,342 INFO request {"path": "/measure", "payload": {"arena_id": "default", "robot_id": "202601002029", "request_id": "9ebe5bf285454dc2a639f0356daaa918", "position": {"x": 1200.0, "y": 0.0}, "channel": 13}, "attempt": 1}
2026-09-12 14:18:33,358 INFO response {"request_id": "9ebe5bf285454dc2a639f0356daaa918", "http_status": 200, "body": {"accepted": true, "real_timestamp_ms": 1789193910009, "virtual_time_s": 424, "measure_result": "direction", "svd_deg": 277.08}}
2026-09-12 14:18:33,364 INFO request {"path": "/measure", "payload": {"arena_id": "default", "robot_id": "202601002029", "request_id": "bdf38de7ef744610a9919e04d9075d5b", "position": {"x": 1200.0, "y": 0.0}, "channel": 14}, "attempt": 1}
2026-09-12 14:18:33,366 INFO response {"request_id": "bdf38de7ef744610a9919e04d9075d5b", "http_status": 200, "body": {"accepted": true, "real_timestamp_ms": 1789193910017, "virtual_time_s": 430, "measure_result": "direction", "svd_deg": 3.78}}
2026-09-12 14:18:33,371 INFO request {"path": "/measure", "payload": {"arena_id": "default", "robot_id": "202601002029", "request_id": "4e9f264f7b8b4a0f84ffa7e807b6bc83", "position": {"x": 1200.0, "y": 0.0}, "channel": 15}, "attempt": 1}
2026-09-12 14:18:33,374 INFO response {"request_id": "4e9f264f7b8b4a0f84ffa7e807b6bc83", "http_status": 200, "body": {"accepted": true, "real_timestamp_ms": 1789193910025, "virtual_time_s": 436, "measure_result": "no_signal"}}
2026-09-12 14:18:33,374 INFO request {"path": "/measure", "payload": {"arena_id": "default", "robot_id": "202601002029", "request_id": "974f3cd68af147d6b7f8e7ee3ff2a916", "position": {"x": 1200.0, "y": 0.0}, "channel": 19}, "attempt": 1}
2026-09-12 14:18:33,376 INFO response {"request_id": "974f3cd68af147d6b7f8e7ee3ff2a916", "http_status": 200, "body": {"accepted": true, "real_timestamp_ms": 1789193910027, "virtual_time_s": 442, "measure_result": "no_signal"}}
2026-09-12 14:18:33,400 INFO request {"path": "/measure", "payload": {"arena_id": "default", "robot_id": "202601002029", "request_id": "09d7191d6df74fa0abdf8179094b7af8", "position": {"x": 1200.0, "y": 0.0}, "channel": 7}, "attempt": 1}
2026-09-12 14:18:33,417 INFO response {"request_id": "09d7191d6df74fa0abdf8179094b7af8", "http_status": 200, "body": {"accepted": true, "real_timestamp_ms": 1789193910069, "virtual_time_s": 448, "measure_result": "direction", "svd_deg": 235.06}}
2026-09-12 14:18:33,453 INFO request {"path": "/measure", "payload": {"arena_id": "default", "robot_id": "202601002029", "request_id": "ebdf5f88db764314bddf75cd0aea6faf", "position": {"x": 1200.0, "y": 0.0}, "channel": 17}, "attempt": 1}
2026-09-12 14:18:33,455 INFO response {"request_id": "ebdf5f88db764314bddf75cd0aea6faf", "http_status": 200, "body": {"accepted": true, "real_timestamp_ms": 1789193910106, "virtual_time_s": 454, "measure_result": "direction", "svd_deg": 133.97}}
2026-09-12 14:18:33,461 INFO request {"path": "/measure", "payload": {"arena_id": "default", "robot_id": "202601002029", "request_id": "2945560d53d2436ab85111b457cf9d04", "position": {"x": 600.0000000000001, "y": 1039.2304845413264}, "channel": 1}, "attempt": 1}
2026-09-12 14:18:33,463 INFO response {"request_id": "2945560d53d2436ab85111b457cf9d04", "http_status": 200, "body": {"accepted": true, "real_timestamp_ms": 1789193910114, "virtual_time_s": 700, "measure_result": "no_signal"}}
2026-09-12 14:18:33,464 INFO request {"path": "/measure", "payload": {"arena_id": "default", "robot_id": "202601002029", "request_id": "4118ae56016d481b817ad013d7d8dab5", "position": {"x": 600.0000000000001, "y": 1039.2304845413264}, "channel": 2}, "attempt": 1}
2026-09-12 14:18:33,465 INFO response {"request_id": "4118ae56016d481b817ad013d7d8dab5", "http_status": 200, "body": {"accepted": true, "real_timestamp_ms": 1789193910116, "virtual_time_s": 706, "measure_result": "no_signal"}}
2026-09-12 14:18:33,465 INFO request {"path": "/measure", "payload": {"arena_id": "default", "robot_id": "202601002029", "request_id": "fd8efe38cd0c49878a9ce58be29963fc", "position": {"x": 600.0000000000001, "y": 1039.2304845413264}, "channel": 3}, "attempt": 1}
2026-09-12 14:18:33,467 INFO response {"request_id": "fd8efe38cd0c49878a9ce58be29963fc", "http_status": 200, "body": {"accepted": true, "real_timestamp_ms": 1789193910118, "virtual_time_s": 712, "measure_result": "direction", "svd_deg": 123.24}}
2026-09-12 14:18:33,472 INFO request {"path": "/measure", "payload": {"arena_id": "default", "robot_id": "202601002029", "request_id": "fa445e9f1f19419688f3215c121cc6e6", "position": {"x": 600.0000000000001, "y": 1039.2304845413264}, "channel": 4}, "attempt": 1}
2026-09-12 14:18:33,473 INFO response {"request_id": "fa445e9f1f19419688f3215c121cc6e6", "http_status": 200, "body": {"accepted": true, "real_timestamp_ms": 1789193910124, "virtual_time_s": 718, "measure_result": "no_signal"}}
2026-09-12 14:18:33,473 INFO request {"path": "/measure", "payload": {"arena_id": "default", "robot_id": "202601002029", "request_id": "96b032bb122b4baf84ac506383cc2de0", "position": {"x": 600.0000000000001, "y": 1039.2304845413264}, "channel": 6}, "attempt": 1}
2026-09-12 14:18:33,475 INFO response {"request_id": "96b032bb122b4baf84ac506383cc2de0", "http_status": 200, "body": {"accepted": true, "real_timestamp_ms": 1789193910126, "virtual_time_s": 724, "measure_result": "no_signal"}}
2026-09-12 14:18:33,475 INFO request {"path": "/measure", "payload": {"arena_id": "default", "robot_id": "202601002029", "request_id": "2c9f02ea62bb42b5a810f4b674e16546", "position": {"x": 600.0000000000001, "y": 1039.2304845413264}, "channel": 10}, "attempt": 1}
2026-09-12 14:18:33,496 INFO response {"request_id": "2c9f02ea62bb42b5a810f4b674e16546", "http_status": 200, "body": {"accepted": true, "real_timestamp_ms": 1789193910147, "virtual_time_s": 730, "measure_result": "no_signal"}}
2026-09-12 14:18:33,497 INFO request {"path": "/measure", "payload": {"arena_id": "default", "robot_id": "202601002029", "request_id": "a37035fc642d40feb18883ea9acdd571", "position": {"x": 600.0000000000001, "y": 1039.2304845413264}, "channel": 11}, "attempt": 1}
2026-09-12 14:18:33,500 INFO response {"request_id": "a37035fc642d40feb18883ea9acdd571", "http_status": 200, "body": {"accepted": true, "real_timestamp_ms": 1789193910150, "virtual_time_s": 736, "measure_result": "no_signal"}}
2026-09-12 14:18:33,500 INFO request {"path": "/measure", "payload": {"arena_id": "default", "robot_id": "202601002029", "request_id": "c685747630aa49ab9088c395aec96156", "position": {"x": 600.0000000000001, "y": 1039.2304845413264}, "channel": 12}, "attempt": 1}
2026-09-12 14:18:33,502 INFO response {"request_id": "c685747630aa49ab9088c395aec96156", "http_status": 200, "body": {"accepted": true, "real_timestamp_ms": 1789193910153, "virtual_time_s": 742, "measure_result": "no_signal"}}
2026-09-12 14:18:33,502 INFO request {"path": "/measure", "payload": {"arena_id": "default", "robot_id": "202601002029", "request_id": "2fb0050bffc14d22b1dd436693de8179", "position": {"x": 600.0000000000001, "y": 1039.2304845413264}, "channel": 15}, "attempt": 1}
2026-09-12 14:18:33,504 INFO response {"request_id": "2fb0050bffc14d22b1dd436693de8179", "http_status": 200, "body": {"accepted": true, "real_timestamp_ms": 1789193910155, "virtual_time_s": 748, "measure_result": "no_signal"}}
2026-09-12 14:18:33,504 INFO request {"path": "/measure", "payload": {"arena_id": "default", "robot_id": "202601002029", "request_id": "6aca524865594bda9c075281c1a4d60a", "position": {"x": 600.0000000000001, "y": 1039.2304845413264}, "channel": 19}, "attempt": 1}
2026-09-12 14:18:33,505 INFO response {"request_id": "6aca524865594bda9c075281c1a4d60a", "http_status": 200, "body": {"accepted": true, "real_timestamp_ms": 1789193910156, "virtual_time_s": 754, "measure_result": "no_signal"}}
2026-09-12 14:18:33,505 INFO request {"path": "/measure", "payload": {"arena_id": "default", "robot_id": "202601002029", "request_id": "41ccbb381e2144c998323ac0d6ab2883", "position": {"x": 600.0000000000001, "y": 1039.2304845413264}, "channel": 20}, "attempt": 1}
2026-09-12 14:18:33,507 INFO response {"request_id": "41ccbb381e2144c998323ac0d6ab2883", "http_status": 200, "body": {"accepted": true, "real_timestamp_ms": 1789193910158, "virtual_time_s": 760, "measure_result": "no_signal"}}
2026-09-12 14:18:33,546 INFO request {"path": "/measure", "payload": {"arena_id": "default", "robot_id": "202601002029", "request_id": "8d28bea651ea4772b7dcf8e0c349bb7f", "position": {"x": 600.0000000000001, "y": 1039.2304845413264}, "channel": 18}, "attempt": 1}
2026-09-12 14:18:33,565 INFO response {"request_id": "8d28bea651ea4772b7dcf8e0c349bb7f", "http_status": 200, "body": {"accepted": true, "real_timestamp_ms": 1789193910216, "virtual_time_s": 766, "measure_result": "direction", "svd_deg": 245.6}}
2026-09-12 14:18:33,585 INFO request {"path": "/measure", "payload": {"arena_id": "default", "robot_id": "202601002029", "request_id": "0e6f6e17de2a4a19a4c0140c4127f429", "position": {"x": 600.0000000000001, "y": 1039.2304845413264}, "channel": 17}, "attempt": 1}
2026-09-12 14:18:33,604 INFO response {"request_id": "0e6f6e17de2a4a19a4c0140c4127f429", "http_status": 200, "body": {"accepted": true, "real_timestamp_ms": 1789193910255, "virtual_time_s": 772, "measure_result": "direction", "svd_deg": 279.73}}
2026-09-12 14:18:33,614 INFO request {"path": "/measure", "payload": {"arena_id": "default", "robot_id": "202601002029", "request_id": "5e3f39129ee9499bbbec0935ac578248", "position": {"x": -599.9999999999998, "y": 1039.2304845413264}, "channel": 1}, "attempt": 1}
2026-09-12 14:18:33,633 INFO response {"request_id": "5e3f39129ee9499bbbec0935ac578248", "http_status": 200, "body": {"accepted": true, "real_timestamp_ms": 1789193910283, "virtual_time_s": 1018, "measure_result": "no_signal"}}
2026-09-12 14:18:33,633 INFO request {"path": "/measure", "payload": {"arena_id": "default", "robot_id": "202601002029", "request_id": "f9d003bbd47d457089e48c97e65fe82a", "position": {"x": -599.9999999999998, "y": 1039.2304845413264}, "channel": 2}, "attempt": 1}
2026-09-12 14:18:33,635 INFO response {"request_id": "f9d003bbd47d457089e48c97e65fe82a", "http_status": 200, "body": {"accepted": true, "real_timestamp_ms": 1789193910286, "virtual_time_s": 1024, "measure_result": "no_signal"}}
2026-09-12 14:18:33,635 INFO request {"path": "/measure", "payload": {"arena_id": "default", "robot_id": "202601002029", "request_id": "581f3a4905eb43a19012f004d94ebead", "position": {"x": -599.9999999999998, "y": 1039.2304845413264}, "channel": 4}, "attempt": 1}
2026-09-12 14:18:33,636 INFO response {"request_id": "581f3a4905eb43a19012f004d94ebead", "http_status": 200, "body": {"accepted": true, "real_timestamp_ms": 1789193910287, "virtual_time_s": 1030, "measure_result": "direction", "svd_deg": 201.04}}
2026-09-12 14:18:33,638 INFO request {"path": "/measure", "payload": {"arena_id": "default", "robot_id": "202601002029", "request_id": "1434338182b74f58b85d1a339c17308c", "position": {"x": -599.9999999999998, "y": 1039.2304845413264}, "channel": 6}, "attempt": 1}
2026-09-12 14:18:33,653 INFO response {"request_id": "1434338182b74f58b85d1a339c17308c", "http_status": 200, "body": {"accepted": true, "real_timestamp_ms": 1789193910304, "virtual_time_s": 1036, "measure_result": "no_signal"}}
2026-09-12 14:18:33,654 INFO request {"path": "/measure", "payload": {"arena_id": "default", "robot_id": "202601002029", "request_id": "a8a74f779e684b1d9034cfd4084011ab", "position": {"x": -599.9999999999998, "y": 1039.2304845413264}, "channel": 10}, "attempt": 1}
2026-09-12 14:18:33,675 INFO response {"request_id": "a8a74f779e684b1d9034cfd4084011ab", "http_status": 200, "body": {"accepted": true, "real_timestamp_ms": 1789193910324, "virtual_time_s": 1042, "measure_result": "no_signal"}}
2026-09-12 14:18:33,676 INFO request {"path": "/measure", "payload": {"arena_id": "default", "robot_id": "202601002029", "request_id": "5f9e5754cc4c4b2b875a232b2de23abf", "position": {"x": -599.9999999999998, "y": 1039.2304845413264}, "channel": 11}, "attempt": 1}
2026-09-12 14:18:33,692 INFO response {"request_id": "5f9e5754cc4c4b2b875a232b2de23abf", "http_status": 200, "body": {"accepted": true, "real_timestamp_ms": 1789193910343, "virtual_time_s": 1048, "measure_result": "no_signal"}}
2026-09-12 14:18:33,692 INFO request {"path": "/measure", "payload": {"arena_id": "default", "robot_id": "202601002029", "request_id": "47cabf8fb447472083c1ca21e3fa98e9", "position": {"x": -599.9999999999998, "y": 1039.2304845413264}, "channel": 12}, "attempt": 1}
2026-09-12 14:18:33,694 INFO response {"request_id": "47cabf8fb447472083c1ca21e3fa98e9", "http_status": 200, "body": {"accepted": true, "real_timestamp_ms": 1789193910345, "virtual_time_s": 1054, "measure_result": "direction", "svd_deg": 199.99}}
2026-09-12 14:18:33,698 INFO request {"path": "/measure", "payload": {"arena_id": "default", "robot_id": "202601002029", "request_id": "ab384a4b665049d6993b2afe71c357f5", "position": {"x": -599.9999999999998, "y": 1039.2304845413264}, "channel": 15}, "attempt": 1}
2026-09-12 14:18:33,700 INFO response {"request_id": "ab384a4b665049d6993b2afe71c357f5", "http_status": 200, "body": {"accepted": true, "real_timestamp_ms": 1789193910351, "virtual_time_s": 1060, "measure_result": "no_signal"}}
2026-09-12 14:18:33,701 INFO request {"path": "/measure", "payload": {"arena_id": "default", "robot_id": "202601002029", "request_id": "98356f9a3ff749819ec1f2f9321e4bdd", "position": {"x": -599.9999999999998, "y": 1039.2304845413264}, "channel": 19}, "attempt": 1}
2026-09-12 14:18:33,721 INFO response {"request_id": "98356f9a3ff749819ec1f2f9321e4bdd", "http_status": 200, "body": {"accepted": true, "real_timestamp_ms": 1789193910372, "virtual_time_s": 1066, "measure_result": "no_signal"}}
2026-09-12 14:18:33,722 INFO request {"path": "/measure", "payload": {"arena_id": "default", "robot_id": "202601002029", "request_id": "fc9c56a58e01474389d22273ab9101c6", "position": {"x": -599.9999999999998, "y": 1039.2304845413264}, "channel": 20}, "attempt": 1}
2026-09-12 14:18:33,723 INFO response {"request_id": "fc9c56a58e01474389d22273ab9101c6", "http_status": 200, "body": {"accepted": true, "real_timestamp_ms": 1789193910374, "virtual_time_s": 1072, "measure_result": "no_signal"}}
2026-09-12 14:18:33,740 INFO request {"path": "/measure", "payload": {"arena_id": "default", "robot_id": "202601002029", "request_id": "4374160a8a3b40299ed0649d9e8da04f", "position": {"x": -599.9999999999998, "y": 1039.2304845413264}, "channel": 3}, "attempt": 1}
2026-09-12 14:18:33,741 INFO response {"request_id": "4374160a8a3b40299ed0649d9e8da04f", "http_status": 200, "body": {"accepted": true, "real_timestamp_ms": 1789193910392, "virtual_time_s": 1078, "measure_result": "direction", "svd_deg": 18.61}}
2026-09-12 14:18:33,744 INFO request {"path": "/measure", "payload": {"arena_id": "default", "robot_id": "202601002029", "request_id": "5a40064a9a2b4c849a6c9e26937088eb", "position": {"x": -1200.0, "y": 1.4695761589768238e-13}, "channel": 1}, "attempt": 1}
2026-09-12 14:18:33,745 INFO response {"request_id": "5a40064a9a2b4c849a6c9e26937088eb", "http_status": 200, "body": {"accepted": true, "real_timestamp_ms": 1789193910397, "virtual_time_s": 1324, "measure_result": "no_signal"}}
2026-09-12 14:18:33,746 INFO request {"path": "/measure", "payload": {"arena_id": "default", "robot_id": "202601002029", "request_id": "814f2848a8bf41bdb1bee5495abfe4c2", "position": {"x": -1200.0, "y": 1.4695761589768238e-13}, "channel": 2}, "attempt": 1}
2026-09-12 14:18:33,761 INFO response {"request_id": "814f2848a8bf41bdb1bee5495abfe4c2", "http_status": 200, "body": {"accepted": true, "real_timestamp_ms": 1789193910412, "virtual_time_s": 1330, "measure_result": "no_signal"}}
2026-09-12 14:18:33,761 INFO request {"path": "/measure", "payload": {"arena_id": "default", "robot_id": "202601002029", "request_id": "fe937f57d9184308818a51b200a748a6", "position": {"x": -1200.0, "y": 1.4695761589768238e-13}, "channel": 6}, "attempt": 1}
2026-09-12 14:18:33,764 INFO response {"request_id": "fe937f57d9184308818a51b200a748a6", "http_status": 200, "body": {"accepted": true, "real_timestamp_ms": 1789193910415, "virtual_time_s": 1336, "measure_result": "no_signal"}}
2026-09-12 14:18:33,764 INFO request {"path": "/measure", "payload": {"arena_id": "default", "robot_id": "202601002029", "request_id": "eeb70c9f0eb045f38612b38f433d3b89", "position": {"x": -1200.0, "y": 1.4695761589768238e-13}, "channel": 10}, "attempt": 1}
2026-09-12 14:18:33,780 INFO response {"request_id": "eeb70c9f0eb045f38612b38f433d3b89", "http_status": 200, "body": {"accepted": true, "real_timestamp_ms": 1789193910431, "virtual_time_s": 1342, "measure_result": "no_signal"}}
2026-09-12 14:18:33,781 INFO request {"path": "/measure", "payload": {"arena_id": "default", "robot_id": "202601002029", "request_id": "a8592654d76043daa587521f49479ccd", "position": {"x": -1200.0, "y": 1.4695761589768238e-13}, "channel": 11}, "attempt": 1}
2026-09-12 14:18:33,783 INFO response {"request_id": "a8592654d76043daa587521f49479ccd", "http_status": 200, "body": {"accepted": true, "real_timestamp_ms": 1789193910434, "virtual_time_s": 1348, "measure_result": "no_signal"}}
2026-09-12 14:18:33,783 INFO request {"path": "/measure", "payload": {"arena_id": "default", "robot_id": "202601002029", "request_id": "92384347625b4d0984ccb935b5cee5b9", "position": {"x": -1200.0, "y": 1.4695761589768238e-13}, "channel": 15}, "attempt": 1}
2026-09-12 14:18:33,784 INFO response {"request_id": "92384347625b4d0984ccb935b5cee5b9", "http_status": 200, "body": {"accepted": true, "real_timestamp_ms": 1789193910435, "virtual_time_s": 1354, "measure_result": "no_signal"}}
2026-09-12 14:18:33,785 INFO request {"path": "/measure", "payload": {"arena_id": "default", "robot_id": "202601002029", "request_id": "6035ae3eb1d4470f8022aa7fee306b09", "position": {"x": -1200.0, "y": 1.4695761589768238e-13}, "channel": 19}, "attempt": 1}
2026-09-12 14:18:33,800 INFO response {"request_id": "6035ae3eb1d4470f8022aa7fee306b09", "http_status": 200, "body": {"accepted": true, "real_timestamp_ms": 1789193910451, "virtual_time_s": 1360, "measure_result": "no_signal"}}
2026-09-12 14:18:33,800 INFO request {"path": "/measure", "payload": {"arena_id": "default", "robot_id": "202601002029", "request_id": "fa27545ae9524188b2235a311c1e065d", "position": {"x": -1200.0, "y": 1.4695761589768238e-13}, "channel": 20}, "attempt": 1}
2026-09-12 14:18:33,802 INFO response {"request_id": "fa27545ae9524188b2235a311c1e065d", "http_status": 200, "body": {"accepted": true, "real_timestamp_ms": 1789193910453, "virtual_time_s": 1366, "measure_result": "no_signal"}}
2026-09-12 14:18:33,834 INFO request {"path": "/measure", "payload": {"arena_id": "default", "robot_id": "202601002029", "request_id": "d914bcd1ffff443d9003b09d0d2b5e35", "position": {"x": -1200.0, "y": 1.4695761589768238e-13}, "channel": 9}, "attempt": 1}
2026-09-12 14:18:33,848 INFO response {"request_id": "d914bcd1ffff443d9003b09d0d2b5e35", "http_status": 200, "body": {"accepted": true, "real_timestamp_ms": 1789193910499, "virtual_time_s": 1372, "measure_result": "direction", "svd_deg": 296.09}}
2026-09-12 14:18:33,865 INFO request {"path": "/measure", "payload": {"arena_id": "default", "robot_id": "202601002029", "request_id": "d0ecd7a95783427bbc50f2f1fb0fba81", "position": {"x": -1200.0, "y": 1.4695761589768238e-13}, "channel": 4}, "attempt": 1}
2026-09-12 14:18:33,866 INFO response {"request_id": "d0ecd7a95783427bbc50f2f1fb0fba81", "http_status": 200, "body": {"accepted": true, "real_timestamp_ms": 1789193910517, "virtual_time_s": 1378, "measure_result": "direction", "svd_deg": 84.57}}
2026-09-12 14:18:33,870 INFO request {"path": "/measure", "payload": {"arena_id": "default", "robot_id": "202601002029", "request_id": "3058f14d947747df82d31ba7a334905a", "position": {"x": -600.0000000000006, "y": -1039.2304845413262}, "channel": 1}, "attempt": 1}
2026-09-12 14:18:33,872 INFO response {"request_id": "3058f14d947747df82d31ba7a334905a", "http_status": 200, "body": {"accepted": true, "real_timestamp_ms": 1789193910522, "virtual_time_s": 1624, "measure_result": "direction", "svd_deg": 318.77}}
2026-09-12 14:18:33,873 INFO request {"path": "/measure", "payload": {"arena_id": "default", "robot_id": "202601002029", "request_id": "88cd43b24ef2424f88dc3ff7dfa3b5fe", "position": {"x": -600.0000000000006, "y": -1039.2304845413262}, "channel": 2}, "attempt": 1}
2026-09-12 14:18:33,874 INFO response {"request_id": "88cd43b24ef2424f88dc3ff7dfa3b5fe", "http_status": 200, "body": {"accepted": true, "real_timestamp_ms": 1789193910526, "virtual_time_s": 1630, "measure_result": "no_signal"}}
2026-09-12 14:18:33,875 INFO request {"path": "/measure", "payload": {"arena_id": "default", "robot_id": "202601002029", "request_id": "74338f17c5024754a6c55011f319cac0", "position": {"x": -600.0000000000006, "y": -1039.2304845413262}, "channel": 6}, "attempt": 1}
2026-09-12 14:18:33,887 INFO response {"request_id": "74338f17c5024754a6c55011f319cac0", "http_status": 200, "body": {"accepted": true, "real_timestamp_ms": 1789193910538, "virtual_time_s": 1636, "measure_result": "no_signal"}}
2026-09-12 14:18:33,887 INFO request {"path": "/measure", "payload": {"arena_id": "default", "robot_id": "202601002029", "request_id": "74355e03ddb7477b8fde0d2af5bb684b", "position": {"x": -600.0000000000006, "y": -1039.2304845413262}, "channel": 10}, "attempt": 1}
2026-09-12 14:18:33,888 INFO response {"request_id": "74355e03ddb7477b8fde0d2af5bb684b", "http_status": 200, "body": {"accepted": true, "real_timestamp_ms": 1789193910539, "virtual_time_s": 1642, "measure_result": "no_signal"}}
2026-09-12 14:18:33,888 INFO request {"path": "/measure", "payload": {"arena_id": "default", "robot_id": "202601002029", "request_id": "9ddff246ae564729bd5ae533dca2eb98", "position": {"x": -600.0000000000006, "y": -1039.2304845413262}, "channel": 11}, "attempt": 1}
2026-09-12 14:18:33,907 INFO response {"request_id": "9ddff246ae564729bd5ae533dca2eb98", "http_status": 200, "body": {"accepted": true, "real_timestamp_ms": 1789193910558, "virtual_time_s": 1648, "measure_result": "direction", "svd_deg": 311.11}}
2026-09-12 14:18:33,909 INFO request {"path": "/measure", "payload": {"arena_id": "default", "robot_id": "202601002029", "request_id": "f9b3399e2ae445d28db2777c1d025022", "position": {"x": -600.0000000000006, "y": -1039.2304845413262}, "channel": 15}, "attempt": 1}
2026-09-12 14:18:33,925 INFO response {"request_id": "f9b3399e2ae445d28db2777c1d025022", "http_status": 200, "body": {"accepted": true, "real_timestamp_ms": 1789193910576, "virtual_time_s": 1654, "measure_result": "no_signal"}}
2026-09-12 14:18:33,925 INFO request {"path": "/measure", "payload": {"arena_id": "default", "robot_id": "202601002029", "request_id": "4feb48390a474f6fa127932ce9ff17bb", "position": {"x": -600.0000000000006, "y": -1039.2304845413262}, "channel": 19}, "attempt": 1}
2026-09-12 14:18:33,929 INFO response {"request_id": "4feb48390a474f6fa127932ce9ff17bb", "http_status": 200, "body": {"accepted": true, "real_timestamp_ms": 1789193910580, "virtual_time_s": 1660, "measure_result": "no_signal"}}
2026-09-12 14:18:33,929 INFO request {"path": "/measure", "payload": {"arena_id": "default", "robot_id": "202601002029", "request_id": "6343e363c8f645d693e040fa219b23c5", "position": {"x": -600.0000000000006, "y": -1039.2304845413262}, "channel": 20}, "attempt": 1}
2026-09-12 14:18:33,946 INFO response {"request_id": "6343e363c8f645d693e040fa219b23c5", "http_status": 200, "body": {"accepted": true, "real_timestamp_ms": 1789193910597, "virtual_time_s": 1666, "measure_result": "direction", "svd_deg": 343.54}}
2026-09-12 14:18:33,965 INFO request {"path": "/measure", "payload": {"arena_id": "default", "robot_id": "202601002029", "request_id": "a07bedad29664c18907154004ba5cc0a", "position": {"x": -600.0000000000006, "y": -1039.2304845413262}, "channel": 8}, "attempt": 1}
2026-09-12 14:18:33,985 INFO response {"request_id": "a07bedad29664c18907154004ba5cc0a", "http_status": 200, "body": {"accepted": true, "real_timestamp_ms": 1789193910636, "virtual_time_s": 1672, "measure_result": "direction", "svd_deg": 114.52}}
2026-09-12 14:18:33,997 INFO request {"path": "/measure", "payload": {"arena_id": "default", "robot_id": "202601002029", "request_id": "27d37193d53a44bf8f2bf6dd1cddbec7", "position": {"x": -600.0000000000006, "y": -1039.2304845413262}, "channel": 9}, "attempt": 1}
2026-09-12 14:18:34,014 INFO response {"request_id": "27d37193d53a44bf8f2bf6dd1cddbec7", "http_status": 200, "body": {"accepted": true, "real_timestamp_ms": 1789193910665, "virtual_time_s": 1678, "measure_result": "direction", "svd_deg": 148.55}}
2026-09-12 14:18:34,017 INFO request {"path": "/clear", "payload": {"arena_id": "default", "robot_id": "202601002029", "request_id": "8b66c05d767e45939afae04db5985921", "position": {"x": -713.2100899444252, "y": -972.0738824962184}, "channel": 9}, "attempt": 1}
2026-09-12 14:18:34,020 INFO response {"request_id": "8b66c05d767e45939afae04db5985921", "http_status": 200, "body": {"accepted": true, "real_timestamp_ms": 1789193910671, "virtual_time_s": 1709.326058, "clear_result": "success"}}
2026-09-12 14:18:34,020 INFO request {"path": "/measure", "payload": {"arena_id": "default", "robot_id": "202601002029", "request_id": "8816a235c01c44e7b21f8c3b05fa1a8a", "position": {"x": 600.0000000000001, "y": -1039.2304845413264}, "channel": 2}, "attempt": 1}
2026-09-12 14:18:34,021 INFO response {"request_id": "8816a235c01c44e7b21f8c3b05fa1a8a", "http_status": 200, "body": {"accepted": true, "real_timestamp_ms": 1789193910672, "virtual_time_s": 1978.311286, "measure_result": "no_signal"}}
2026-09-12 14:18:34,021 INFO request {"path": "/measure", "payload": {"arena_id": "default", "robot_id": "202601002029", "request_id": "1bad198e0e0f4718995a554f39e46222", "position": {"x": 600.0000000000001, "y": -1039.2304845413264}, "channel": 6}, "attempt": 1}
2026-09-12 14:18:34,034 INFO response {"request_id": "1bad198e0e0f4718995a554f39e46222", "http_status": 200, "body": {"accepted": true, "real_timestamp_ms": 1789193910685, "virtual_time_s": 1984.311286, "measure_result": "no_signal"}}
2026-09-12 14:18:34,034 INFO request {"path": "/measure", "payload": {"arena_id": "default", "robot_id": "202601002029", "request_id": "5a5055af8af7478a9362a7960197afdd", "position": {"x": 600.0000000000001, "y": -1039.2304845413264}, "channel": 10}, "attempt": 1}
2026-09-12 14:18:34,035 INFO response {"request_id": "5a5055af8af7478a9362a7960197afdd", "http_status": 200, "body": {"accepted": true, "real_timestamp_ms": 1789193910686, "virtual_time_s": 1990.311286, "measure_result": "no_signal"}}
2026-09-12 14:18:34,035 INFO request {"path": "/measure", "payload": {"arena_id": "default", "robot_id": "202601002029", "request_id": "36188c8921e04921adb2d8c4557a7d47", "position": {"x": 600.0000000000001, "y": -1039.2304845413264}, "channel": 15}, "attempt": 1}
2026-09-12 14:18:34,036 INFO response {"request_id": "36188c8921e04921adb2d8c4557a7d47", "http_status": 200, "body": {"accepted": true, "real_timestamp_ms": 1789193910687, "virtual_time_s": 1996.311286, "measure_result": "no_signal"}}
2026-09-12 14:18:34,036 INFO request {"path": "/measure", "payload": {"arena_id": "default", "robot_id": "202601002029", "request_id": "344541cdd32b4353ab8f80572bff9544", "position": {"x": 600.0000000000001, "y": -1039.2304845413264}, "channel": 19}, "attempt": 1}
2026-09-12 14:18:34,037 INFO response {"request_id": "344541cdd32b4353ab8f80572bff9544", "http_status": 200, "body": {"accepted": true, "real_timestamp_ms": 1789193910688, "virtual_time_s": 2002.311286, "measure_result": "no_signal"}}
2026-09-12 14:18:34,096 INFO request {"path": "/measure", "payload": {"arena_id": "default", "robot_id": "202601002029", "request_id": "f251d2c13c2946c6aece6012a703d786", "position": {"x": 600.0000000000001, "y": -1039.2304845413264}, "channel": 20}, "attempt": 1}
2026-09-12 14:18:34,097 INFO response {"request_id": "f251d2c13c2946c6aece6012a703d786", "http_status": 200, "body": {"accepted": true, "real_timestamp_ms": 1789193910748, "virtual_time_s": 2008.311286, "measure_result": "direction", "svd_deg": 211.67}}
2026-09-12 14:18:34,138 INFO request {"path": "/measure", "payload": {"arena_id": "default", "robot_id": "202601002029", "request_id": "41777651d45a4cacbb050b1f6a4de266", "position": {"x": 600.0000000000001, "y": -1039.2304845413264}, "channel": 16}, "attempt": 1}
2026-09-12 14:18:34,150 INFO response {"request_id": "41777651d45a4cacbb050b1f6a4de266", "http_status": 200, "body": {"accepted": true, "real_timestamp_ms": 1789193910801, "virtual_time_s": 2014.311286, "measure_result": "direction", "svd_deg": 50.94}}
2026-09-12 14:18:41,466 INFO request {"path": "/measure", "payload": {"arena_id": "default", "robot_id": "202601002029", "request_id": "48b5ff420acc4ce4bb4207810aec7e64", "position": {"x": 391.33346512908435, "y": -1199.385829887583}, "channel": 1}, "attempt": 1}
2026-09-12 14:18:41,467 INFO response {"request_id": "48b5ff420acc4ce4bb4207810aec7e64", "http_status": 200, "body": {"accepted": true, "real_timestamp_ms": 1789193918119, "virtual_time_s": 2072.919824, "measure_result": "direction", "svd_deg": 250.72}}
2026-09-12 14:18:41,909 INFO request {"path": "/measure", "payload": {"arena_id": "default", "robot_id": "202601002029", "request_id": "9722c2056a0c426bba3cbc1776af3a23", "position": {"x": 176.3556847133598, "y": -1241.301263347037}, "channel": 11}, "attempt": 1}
2026-09-12 14:18:41,926 INFO response {"request_id": "9722c2056a0c426bba3cbc1776af3a23", "http_status": 200, "body": {"accepted": true, "real_timestamp_ms": 1789193918577, "virtual_time_s": 2122.725006, "measure_result": "direction", "svd_deg": 220.0}}
2026-09-12 14:18:41,935 INFO request {"path": "/measure", "payload": {"arena_id": "default", "robot_id": "202601002029", "request_id": "bc84e8e6124b4ba18f95b9b6aeee0823", "position": {"x": -182.55793929839712, "y": -1634.4769981563118}, "channel": 1}, "attempt": 1}
2026-09-12 14:18:41,936 INFO response {"request_id": "bc84e8e6124b4ba18f95b9b6aeee0823", "http_status": 200, "body": {"accepted": true, "real_timestamp_ms": 1789193918587, "virtual_time_s": 2235.196814, "measure_result": "direction", "svd_deg": 345.77}}
2026-09-12 14:18:41,945 INFO request {"path": "/clear", "payload": {"arena_id": "default", "robot_id": "202601002029", "request_id": "4bec132cb3ce4a4ca50b3691c70d0fa8", "position": {"x": -170.02630489809567, "y": -1531.9212677535397}, "channel": 11}, "attempt": 1}
2026-09-12 14:18:41,966 INFO response {"request_id": "4bec132cb3ce4a4ca50b3691c70d0fa8", "http_status": 200, "body": {"accepted": true, "real_timestamp_ms": 1789193918617, "virtual_time_s": 2260.860521, "clear_result": "success"}}
2026-09-12 14:18:41,970 INFO request {"path": "/clear", "payload": {"arena_id": "default", "robot_id": "202601002029", "request_id": "6ef94b2faa6d4e4e8e90c7b06f41b256", "position": {"x": 204.4808723996267, "y": -1733.1722869346559}, "channel": 1}, "attempt": 1}
2026-09-12 14:18:41,972 INFO response {"request_id": "6ef94b2faa6d4e4e8e90c7b06f41b256", "http_status": 200, "body": {"accepted": true, "real_timestamp_ms": 1789193918623, "virtual_time_s": 2350.891715, "clear_result": "success"}}
2026-09-12 14:18:41,974 INFO request {"path": "/measure", "payload": {"arena_id": "default", "robot_id": "202601002029", "request_id": "667b603bd49441cca2d773767ce92016", "position": {"x": 386.3577400767272, "y": -1639.310600070182}, "channel": 20}, "attempt": 1}
2026-09-12 14:18:41,976 INFO response {"request_id": "667b603bd49441cca2d773767ce92016", "http_status": 200, "body": {"accepted": true, "real_timestamp_ms": 1789193918627, "virtual_time_s": 2397.825423, "measure_result": "direction", "svd_deg": 117.72}}
2026-09-12 14:18:41,984 INFO request {"path": "/clear", "payload": {"arena_id": "default", "robot_id": "202601002029", "request_id": "a440736d08e04b1ca9e829947dbba91f", "position": {"x": 200.6105687185639, "y": -1284.9565016295678}, "channel": 20}, "attempt": 1}
2026-09-12 14:18:41,985 INFO response {"request_id": "a440736d08e04b1ca9e829947dbba91f", "http_status": 200, "body": {"accepted": true, "real_timestamp_ms": 1789193918636, "virtual_time_s": 2482.842631, "clear_result": "success"}}
2026-09-12 14:18:41,987 INFO request {"path": "/measure", "payload": {"arena_id": "default", "robot_id": "202601002029", "request_id": "fb8d14cceaca469b92ee30173c64291e", "position": {"x": 389.2102777138733, "y": -466.4333756357597}, "channel": 7}, "attempt": 1}
2026-09-12 14:18:42,005 INFO response {"request_id": "fb8d14cceaca469b92ee30173c64291e", "http_status": 200, "body": {"accepted": true, "real_timestamp_ms": 1789193918656, "virtual_time_s": 2656.836674, "measure_result": "direction", "svd_deg": 326.97}}
2026-09-12 14:18:42,015 INFO request {"path": "/measure", "payload": {"arena_id": "default", "robot_id": "202601002029", "request_id": "dbb3d60d777f416093340f265d3f55f7", "position": {"x": 355.4216721920655, "y": -265.98437315190125}, "channel": 18}, "attempt": 1}
2026-09-12 14:18:42,035 INFO response {"request_id": "dbb3d60d777f416093340f265d3f55f7", "http_status": 200, "body": {"accepted": true, "real_timestamp_ms": 1789193918685, "virtual_time_s": 2703.492041, "measure_result": "direction", "svd_deg": 120.08}}
2026-09-12 14:18:42,040 INFO request {"path": "/clear", "payload": {"arena_id": "default", "robot_id": "202601002029", "request_id": "f121a6d5e10d43ea9962fdec59008174", "position": {"x": 723.2472601472019, "y": -682.9368589185084}, "channel": 7}, "attempt": 1}
2026-09-12 14:18:42,053 INFO response {"request_id": "f121a6d5e10d43ea9962fdec59008174", "http_status": 200, "body": {"accepted": true, "real_timestamp_ms": 1789193918704, "virtual_time_s": 2819.693667, "clear_result": "success"}}
2026-09-12 14:18:42,055 INFO request {"path": "/measure", "payload": {"arena_id": "default", "robot_id": "202601002029", "request_id": "299375ebdd3a4e25bf1fcae376e6e608", "position": {"x": 937.8148389261007, "y": -827.9396717195489}, "channel": 13}, "attempt": 1}
2026-09-12 14:18:42,056 INFO response {"request_id": "299375ebdd3a4e25bf1fcae376e6e608", "http_status": 200, "body": {"accepted": true, "real_timestamp_ms": 1789193918707, "virtual_time_s": 2877.487513, "measure_result": "direction", "svd_deg": 0.75}}
2026-09-12 14:18:42,060 INFO request {"path": "/clear", "payload": {"arena_id": "default", "robot_id": "202601002029", "request_id": "f0ac34acaa1d47ad8dac855018e4a10b", "position": {"x": 1302.4130840370665, "y": -823.4335327609737}, "channel": 13}, "attempt": 1}
2026-09-12 14:18:42,072 INFO response {"request_id": "f0ac34acaa1d47ad8dac855018e4a10b", "http_status": 200, "body": {"accepted": true, "real_timestamp_ms": 1789193918724, "virtual_time_s": 2955.412731, "clear_result": "success"}}
2026-09-12 14:18:42,074 INFO request {"path": "/measure", "payload": {"arena_id": "default", "robot_id": "202601002029", "request_id": "bff1de00aa6d41d5904f68e9737b08f0", "position": {"x": 1499.2830859727017, "y": -550.8905592406568}, "channel": 16}, "attempt": 1}
2026-09-12 14:18:42,075 INFO response {"request_id": "bff1de00aa6d41d5904f68e9737b08f0", "http_status": 200, "body": {"accepted": true, "real_timestamp_ms": 1789193918726, "virtual_time_s": 3028.654822, "measure_result": "direction", "svd_deg": 122.74}}
2026-09-12 14:18:42,084 INFO request {"path": "/measure", "payload": {"arena_id": "default", "robot_id": "202601002029", "request_id": "34cc81b9d7bc4ba38bcd0fc196253537", "position": {"x": 1518.7363973445426, "y": -492.70845561682796}, "channel": 5}, "attempt": 1}
2026-09-12 14:18:42,085 INFO response {"request_id": "34cc81b9d7bc4ba38bcd0fc196253537", "http_status": 200, "body": {"accepted": true, "real_timestamp_ms": 1789193918736, "virtual_time_s": 3046.924441, "measure_result": "direction", "svd_deg": 73.77}}
2026-09-12 14:18:42,089 INFO request {"path": "/measure", "payload": {"arena_id": "default", "robot_id": "202601002029", "request_id": "199cbfaf3d7f42f287a4dcb7ed38fb31", "position": {"x": 1638.614352380845, "y": -368.8398249821058}, "channel": 14}, "attempt": 1}
2026-09-12 14:18:42,090 INFO response {"request_id": "199cbfaf3d7f42f287a4dcb7ed38fb31", "http_status": 200, "body": {"accepted": true, "real_timestamp_ms": 1789193918741, "virtual_time_s": 3087.400033, "measure_result": "direction", "svd_deg": 74.97}}
2026-09-12 14:18:42,093 INFO request {"path": "/clear", "payload": {"arena_id": "default", "robot_id": "202601002029", "request_id": "3b802b23f49247079d59be87d07edc39", "position": {"x": 1626.2862828012157, "y": -123.72559853020566}, "channel": 5}, "attempt": 1}
2026-09-12 14:18:42,113 INFO response {"request_id": "3b802b23f49247079d59be87d07edc39", "http_status": 200, "body": {"accepted": true, "real_timestamp_ms": 1789193918764, "virtual_time_s": 3141.484843, "clear_result": "success"}}
2026-09-12 14:18:42,113 INFO request {"path": "/clear", "payload": {"arena_id": "default", "robot_id": "202601002029", "request_id": "435af6d3b9a6431ea575df91e61087f2", "position": {"x": 1747.646808206236, "y": 36.37510139419901}, "channel": 14}, "attempt": 1}
2026-09-12 14:18:42,132 INFO response {"request_id": "435af6d3b9a6431ea575df91e61087f2", "http_status": 200, "body": {"accepted": true, "real_timestamp_ms": 1789193918784, "virtual_time_s": 3186.664744, "clear_result": "success"}}
2026-09-12 14:18:42,133 INFO request {"path": "/clear", "payload": {"arena_id": "default", "robot_id": "202601002029", "request_id": "358ecf18358343d5905f288311db4b24", "position": {"x": 1282.2614570509638, "y": -217.08876692615812}, "channel": 16}, "attempt": 1}
2026-09-12 14:18:42,153 INFO response {"request_id": "358ecf18358343d5905f288311db4b24", "http_status": 200, "body": {"accepted": true, "real_timestamp_ms": 1789193918804, "virtual_time_s": 3297.651056, "clear_result": "success"}}
2026-09-12 14:18:42,153 INFO request {"path": "/clear", "payload": {"arena_id": "default", "robot_id": "202601002029", "request_id": "d3a6b4cd2cd3418095f9ddc4786bce1a", "position": {"x": 692.0635025797601, "y": 526.8816855594033}, "channel": 17}, "attempt": 1}
2026-09-12 14:18:42,172 INFO response {"request_id": "d3a6b4cd2cd3418095f9ddc4786bce1a", "http_status": 200, "body": {"accepted": true, "real_timestamp_ms": 1789193918823, "virtual_time_s": 3492.58006, "clear_result": "success"}}
2026-09-12 14:18:42,172 INFO request {"path": "/clear", "payload": {"arena_id": "default", "robot_id": "202601002029", "request_id": "c400029e2da4451e9257cf535e13e275", "position": {"x": 154.615055556131, "y": 80.58731416799533}, "channel": 18}, "attempt": 1}
2026-09-12 14:18:42,193 INFO response {"request_id": "c400029e2da4451e9257cf535e13e275", "http_status": 200, "body": {"accepted": true, "real_timestamp_ms": 1789193918843, "virtual_time_s": 3637.298276, "clear_result": "success"}}
2026-09-12 14:18:42,194 INFO request {"path": "/measure", "payload": {"arena_id": "default", "robot_id": "202601002029", "request_id": "dfcfb791e3f345b1acdc9d8df36d2e0c", "position": {"x": -504.04920440642985, "y": -70.15460608266791}, "channel": 8}, "attempt": 1}
2026-09-12 14:18:42,213 INFO response {"request_id": "dfcfb791e3f345b1acdc9d8df36d2e0c", "http_status": 200, "body": {"accepted": true, "real_timestamp_ms": 1789193918863, "virtual_time_s": 3778.43698, "measure_result": "direction", "svd_deg": 187.81}}
2026-09-12 14:18:42,803 INFO request {"path": "/measure", "payload": {"arena_id": "default", "robot_id": "202601002029", "request_id": "1ff4cfa4436941518dcc5774c9466fa4", "position": {"x": -1008.6367231944972, "y": 260.87135832701546}, "channel": 8}, "attempt": 1}
2026-09-12 14:18:42,816 INFO response {"request_id": "1ff4cfa4436941518dcc5774c9466fa4", "http_status": 200, "body": {"accepted": true, "real_timestamp_ms": 1789193919467, "virtual_time_s": 3904.132755, "measure_result": "direction", "svd_deg": 270.79}}
2026-09-12 14:18:42,820 INFO request {"path": "/clear", "payload": {"arena_id": "default", "robot_id": "202601002029", "request_id": "0da6f10e990f41f180c99882c1ed664c", "position": {"x": -1003.29572667803, "y": -138.77457191250133}, "channel": 8}, "attempt": 1}
2026-09-12 14:18:42,834 INFO response {"request_id": "0da6f10e990f41f180c99882c1ed664c", "http_status": 200, "body": {"accepted": true, "real_timestamp_ms": 1789193919486, "virtual_time_s": 3989.069079, "clear_result": "success"}}
2026-09-12 14:18:42,835 INFO request {"path": "/measure", "payload": {"arena_id": "default", "robot_id": "202601002029", "request_id": "179fcd2936ec4b55b4af1090de8761c2", "position": {"x": -1235.2688890599097, "y": 261.44753612335523}, "channel": 12}, "attempt": 1}
2026-09-12 14:18:42,855 INFO response {"request_id": "179fcd2936ec4b55b4af1090de8761c2", "http_status": 200, "body": {"accepted": true, "real_timestamp_ms": 1789193919506, "virtual_time_s": 4087.587031, "measure_result": "direction", "svd_deg": 91.64}}
2026-09-12 14:18:42,864 INFO request {"path": "/measure", "payload": {"arena_id": "default", "robot_id": "202601002029", "request_id": "4cea2fbe01524536b5c61fcaaa5bd46d", "position": {"x": -1159.2196184508348, "y": 419.96669909710016}, "channel": 4}, "attempt": 1}
2026-09-12 14:18:42,886 INFO response {"request_id": "4cea2fbe01524536b5c61fcaaa5bd46d", "http_status": 200, "body": {"accepted": true, "real_timestamp_ms": 1789193919536, "virtual_time_s": 4128.750544, "measure_result": "direction", "svd_deg": 86.29}}
2026-09-12 14:18:42,898 INFO request {"path": "/clear", "payload": {"arena_id": "default", "robot_id": "202601002029", "request_id": "82b73d0aaf934a7e9e6713139b1068b3", "position": {"x": -1250.4784256016956, "y": 802.344983095292}, "channel": 12}, "attempt": 1}
2026-09-12 14:18:42,916 INFO response {"request_id": "82b73d0aaf934a7e9e6713139b1068b3", "http_status": 200, "body": {"accepted": true, "real_timestamp_ms": 1789193919566, "virtual_time_s": 4212.374032, "clear_result": "success"}}
2026-09-12 14:18:42,917 INFO request {"path": "/clear", "payload": {"arena_id": "default", "robot_id": "202601002029", "request_id": "4bb1c4afb63c4c5a94cfd9f48d7e68b6", "position": {"x": -1130.1265040308408, "y": 835.1140243127377}, "channel": 4}, "attempt": 1}
2026-09-12 14:18:42,919 INFO response {"request_id": "4bb1c4afb63c4c5a94cfd9f48d7e68b6", "http_status": 200, "body": {"accepted": true, "real_timestamp_ms": 1789193919569, "virtual_time_s": 4242.320691, "clear_result": "success"}}
2026-09-12 14:18:42,919 INFO request {"path": "/measure", "payload": {"arena_id": "default", "robot_id": "202601002029", "request_id": "9bf6199891a94155a860de8260c235bd", "position": {"x": 51.585333198997716, "y": 1147.6428064004315}, "channel": 3}, "attempt": 1}
2026-09-12 14:18:42,935 INFO response {"request_id": "9bf6199891a94155a860de8260c235bd", "http_status": 200, "body": {"accepted": true, "real_timestamp_ms": 1789193919586, "virtual_time_s": 4492.788857, "measure_result": "direction", "svd_deg": 35.98}}
2026-09-12 14:18:42,943 INFO request {"path": "/clear", "payload": {"arena_id": "default", "robot_id": "202601002029", "request_id": "32701503e9c4430488012c2905bee353", "position": {"x": 375.20574875992975, "y": 1381.8817686416805}, "channel": 3}, "attempt": 1}
2026-09-12 14:18:42,945 INFO response {"request_id": "32701503e9c4430488012c2905bee353", "http_status": 200, "body": {"accepted": true, "real_timestamp_ms": 1789193919596, "virtual_time_s": 4577.68831, "clear_result": "success"}}
2026-09-12 14:18:42,945 INFO request {"path": "/exit", "payload": {"arena_id": "default", "robot_id": "202601002029", "request_id": "0f83a745edd84685aedff6f744a30d1e"}, "attempt": 1}
2026-09-12 14:18:42,947 INFO response {"request_id": "0f83a745edd84685aedff6f744a30d1e", "http_status": 200, "body": {"accepted": true, "real_timestamp_ms": 1789193919598, "virtual_time_s": 4577.68831, "exit_reason": "user_exit"}}
