2026-09-12 14:08:06,202 INFO request {"path": "/enter", "payload": {"arena_id": "default", "robot_id": "202601002029", "request_id": "9cfee18f532540b5b68283ed147b0564"}, "attempt": 1}
2026-09-12 14:08:06,207 INFO response {"request_id": "9cfee18f532540b5b68283ed147b0564", "http_status": 200, "body": {"accepted": true, "real_timestamp_ms": 1789193282850, "virtual_time_s": 0, "max_virtual_duration_s": 360000, "max_real_duration_s": 1200, "remaining_real_duration_s": 1200}}
2026-09-12 14:08:06,207 INFO request {"path": "/measure", "payload": {"arena_id": "default", "robot_id": "202601002029", "request_id": "97cd973e0bfb44a18e36bda2f05d20cd", "position": {"x": 0.0, "y": 0.0}, "channel": 1}, "attempt": 1}
2026-09-12 14:08:06,220 INFO response {"request_id": "97cd973e0bfb44a18e36bda2f05d20cd", "http_status": 200, "body": {"accepted": true, "real_timestamp_ms": 1789193282864, "virtual_time_s": 5, "measure_result": "no_signal"}}
2026-09-12 14:08:06,222 INFO request {"path": "/measure", "payload": {"arena_id": "default", "robot_id": "202601002029", "request_id": "511bb1511a1f4af18472f141d4df6ea4", "position": {"x": 0.0, "y": 0.0}, "channel": 2}, "attempt": 1}
2026-09-12 14:08:06,223 INFO response {"request_id": "511bb1511a1f4af18472f141d4df6ea4", "http_status": 200, "body": {"accepted": true, "real_timestamp_ms": 1789193282867, "virtual_time_s": 11, "measure_result": "no_signal"}}
2026-09-12 14:08:06,223 INFO request {"path": "/measure", "payload": {"arena_id": "default", "robot_id": "202601002029", "request_id": "b24e37a1b9504954b9b863f47b53fd7a", "position": {"x": 0.0, "y": 0.0}, "channel": 3}, "attempt": 1}
2026-09-12 14:08:06,240 INFO response {"request_id": "b24e37a1b9504954b9b863f47b53fd7a", "http_status": 200, "body": {"accepted": true, "real_timestamp_ms": 1789193282884, "virtual_time_s": 17, "measure_result": "no_signal"}}
2026-09-12 14:08:06,242 INFO request {"path": "/measure", "payload": {"arena_id": "default", "robot_id": "202601002029", "request_id": "bd611e1794484ea7a964df9647e2b9fa", "position": {"x": 0.0, "y": 0.0}, "channel": 4}, "attempt": 1}
2026-09-12 14:08:06,261 INFO response {"request_id": "bd611e1794484ea7a964df9647e2b9fa", "http_status": 200, "body": {"accepted": true, "real_timestamp_ms": 1789193282904, "virtual_time_s": 23, "measure_result": "direction", "svd_deg": 148.42}}
2026-09-12 14:08:06,267 INFO request {"path": "/measure", "payload": {"arena_id": "default", "robot_id": "202601002029", "request_id": "7929c9c73fdd4d779c857a67867de5f1", "position": {"x": 0.0, "y": 0.0}, "channel": 5}, "attempt": 1}
2026-09-12 14:08:06,269 INFO response {"request_id": "7929c9c73fdd4d779c857a67867de5f1", "http_status": 200, "body": {"accepted": true, "real_timestamp_ms": 1789193282913, "virtual_time_s": 29, "measure_result": "no_signal"}}
2026-09-12 14:08:06,269 INFO request {"path": "/measure", "payload": {"arena_id": "default", "robot_id": "202601002029", "request_id": "e2780019c89344ec807948850d77fbf1", "position": {"x": 0.0, "y": 0.0}, "channel": 6}, "attempt": 1}
2026-09-12 14:08:06,271 INFO response {"request_id": "e2780019c89344ec807948850d77fbf1", "http_status": 200, "body": {"accepted": true, "real_timestamp_ms": 1789193282915, "virtual_time_s": 35, "measure_result": "direction", "svd_deg": 307.21}}
2026-09-12 14:08:06,274 INFO request {"path": "/measure", "payload": {"arena_id": "default", "robot_id": "202601002029", "request_id": "9903d1ab7c5b41f398a79749f0b7378b", "position": {"x": 0.0, "y": 0.0}, "channel": 7}, "attempt": 1}
2026-09-12 14:08:06,288 INFO response {"request_id": "9903d1ab7c5b41f398a79749f0b7378b", "http_status": 200, "body": {"accepted": true, "real_timestamp_ms": 1789193282932, "virtual_time_s": 41, "measure_result": "no_signal"}}
2026-09-12 14:08:06,288 INFO request {"path": "/measure", "payload": {"arena_id": "default", "robot_id": "202601002029", "request_id": "8a8912d12a5549d59b60d5a508887c26", "position": {"x": 0.0, "y": 0.0}, "channel": 8}, "attempt": 1}
2026-09-12 14:08:06,289 INFO response {"request_id": "8a8912d12a5549d59b60d5a508887c26", "http_status": 200, "body": {"accepted": true, "real_timestamp_ms": 1789193282933, "virtual_time_s": 47, "measure_result": "no_signal"}}
2026-09-12 14:08:06,290 INFO request {"path": "/measure", "payload": {"arena_id": "default", "robot_id": "202601002029", "request_id": "fb9b5378d1d84dc9b24033a1c4b9399f", "position": {"x": 0.0, "y": 0.0}, "channel": 9}, "attempt": 1}
2026-09-12 14:08:06,290 INFO response {"request_id": "fb9b5378d1d84dc9b24033a1c4b9399f", "http_status": 200, "body": {"accepted": true, "real_timestamp_ms": 1789193282935, "virtual_time_s": 53, "measure_result": "no_signal"}}
2026-09-12 14:08:06,290 INFO request {"path": "/measure", "payload": {"arena_id": "default", "robot_id": "202601002029", "request_id": "14613d2bf0b74870aaf666f33456025a", "position": {"x": 0.0, "y": 0.0}, "channel": 10}, "attempt": 1}
2026-09-12 14:08:06,308 INFO response {"request_id": "14613d2bf0b74870aaf666f33456025a", "http_status": 200, "body": {"accepted": true, "real_timestamp_ms": 1789193282952, "virtual_time_s": 59, "measure_result": "no_signal"}}
2026-09-12 14:08:06,309 INFO request {"path": "/measure", "payload": {"arena_id": "default", "robot_id": "202601002029", "request_id": "3cc82325e28249bdaa8ebe2280cce576", "position": {"x": 0.0, "y": 0.0}, "channel": 11}, "attempt": 1}
2026-09-12 14:08:06,328 INFO response {"request_id": "3cc82325e28249bdaa8ebe2280cce576", "http_status": 200, "body": {"accepted": true, "real_timestamp_ms": 1789193282972, "virtual_time_s": 65, "measure_result": "no_signal"}}
2026-09-12 14:08:06,328 INFO request {"path": "/measure", "payload": {"arena_id": "default", "robot_id": "202601002029", "request_id": "581c0f41366a42b8b930ede7341f3d9a", "position": {"x": 0.0, "y": 0.0}, "channel": 12}, "attempt": 1}
2026-09-12 14:08:06,348 INFO response {"request_id": "581c0f41366a42b8b930ede7341f3d9a", "http_status": 200, "body": {"accepted": true, "real_timestamp_ms": 1789193282991, "virtual_time_s": 71, "measure_result": "direction", "svd_deg": 198.41}}
2026-09-12 14:08:06,349 INFO request {"path": "/measure", "payload": {"arena_id": "default", "robot_id": "202601002029", "request_id": "a7259999fcec4221abcaa5c9848e9b46", "position": {"x": 0.0, "y": 0.0}, "channel": 13}, "attempt": 1}
2026-09-12 14:08:06,368 INFO response {"request_id": "a7259999fcec4221abcaa5c9848e9b46", "http_status": 200, "body": {"accepted": true, "real_timestamp_ms": 1789193283012, "virtual_time_s": 77, "measure_result": "no_signal"}}
2026-09-12 14:08:06,368 INFO request {"path": "/measure", "payload": {"arena_id": "default", "robot_id": "202601002029", "request_id": "3f1aae9680fd430cbd2b5d2e44c5d8c6", "position": {"x": 0.0, "y": 0.0}, "channel": 14}, "attempt": 1}
2026-09-12 14:08:06,369 INFO response {"request_id": "3f1aae9680fd430cbd2b5d2e44c5d8c6", "http_status": 200, "body": {"accepted": true, "real_timestamp_ms": 1789193283012, "virtual_time_s": 83, "measure_result": "direction", "svd_deg": 25.98}}
2026-09-12 14:08:06,371 INFO request {"path": "/measure", "payload": {"arena_id": "default", "robot_id": "202601002029", "request_id": "e48b0cc4491b4598adf1e1cca44586dd", "position": {"x": 0.0, "y": 0.0}, "channel": 15}, "attempt": 1}
2026-09-12 14:08:06,372 INFO response {"request_id": "e48b0cc4491b4598adf1e1cca44586dd", "http_status": 200, "body": {"accepted": true, "real_timestamp_ms": 1789193283016, "virtual_time_s": 89, "measure_result": "no_signal"}}
2026-09-12 14:08:06,372 INFO request {"path": "/measure", "payload": {"arena_id": "default", "robot_id": "202601002029", "request_id": "e743020b62a8422b9201e1a0ba931f8d", "position": {"x": 0.0, "y": 0.0}, "channel": 16}, "attempt": 1}
2026-09-12 14:08:06,373 INFO response {"request_id": "e743020b62a8422b9201e1a0ba931f8d", "http_status": 200, "body": {"accepted": true, "real_timestamp_ms": 1789193283017, "virtual_time_s": 95, "measure_result": "no_signal"}}
2026-09-12 14:08:06,374 INFO request {"path": "/measure", "payload": {"arena_id": "default", "robot_id": "202601002029", "request_id": "ca2fa6b0812c4a1e85e1d49ae07a3c8a", "position": {"x": 0.0, "y": 0.0}, "channel": 17}, "attempt": 1}
2026-09-12 14:08:06,374 INFO response {"request_id": "ca2fa6b0812c4a1e85e1d49ae07a3c8a", "http_status": 200, "body": {"accepted": true, "real_timestamp_ms": 1789193283018, "virtual_time_s": 101, "measure_result": "no_signal"}}
2026-09-12 14:08:06,374 INFO request {"path": "/measure", "payload": {"arena_id": "default", "robot_id": "202601002029", "request_id": "2eaf9a796dbd4a79a533d78e8d6fff16", "position": {"x": 0.0, "y": 0.0}, "channel": 18}, "attempt": 1}
2026-09-12 14:08:06,375 INFO response {"request_id": "2eaf9a796dbd4a79a533d78e8d6fff16", "http_status": 200, "body": {"accepted": true, "real_timestamp_ms": 1789193283019, "virtual_time_s": 107, "measure_result": "direction", "svd_deg": 100.74}}
2026-09-12 14:08:06,377 INFO request {"path": "/measure", "payload": {"arena_id": "default", "robot_id": "202601002029", "request_id": "f64228d2d9f64c8f87bc7677f4476352", "position": {"x": 0.0, "y": 0.0}, "channel": 19}, "attempt": 1}
2026-09-12 14:08:06,399 INFO response {"request_id": "f64228d2d9f64c8f87bc7677f4476352", "http_status": 200, "body": {"accepted": true, "real_timestamp_ms": 1789193283042, "virtual_time_s": 113, "measure_result": "no_signal"}}
2026-09-12 14:08:06,399 INFO request {"path": "/measure", "payload": {"arena_id": "default", "robot_id": "202601002029", "request_id": "6434605729354ebaa0f85628450c8212", "position": {"x": 0.0, "y": 0.0}, "channel": 20}, "attempt": 1}
2026-09-12 14:08:06,401 INFO response {"request_id": "6434605729354ebaa0f85628450c8212", "http_status": 200, "body": {"accepted": true, "real_timestamp_ms": 1789193283045, "virtual_time_s": 119, "measure_result": "no_signal"}}
2026-09-12 14:08:06,401 INFO request {"path": "/measure", "payload": {"arena_id": "default", "robot_id": "202601002029", "request_id": "7646656634494406ada5833f32cb15c5", "position": {"x": 1200.0, "y": 0.0}, "channel": 20}, "attempt": 1}
2026-09-12 14:08:06,403 INFO response {"request_id": "7646656634494406ada5833f32cb15c5", "http_status": 200, "body": {"accepted": true, "real_timestamp_ms": 1789193283047, "virtual_time_s": 364, "measure_result": "no_signal"}}
2026-09-12 14:08:06,404 INFO request {"path": "/measure", "payload": {"arena_id": "default", "robot_id": "202601002029", "request_id": "c742da71d56f4f64a70e29952bb3aaea", "position": {"x": 1200.0, "y": 0.0}, "channel": 1}, "attempt": 1}
2026-09-12 14:08:06,418 INFO response {"request_id": "c742da71d56f4f64a70e29952bb3aaea", "http_status": 200, "body": {"accepted": true, "real_timestamp_ms": 1789193283061, "virtual_time_s": 370, "measure_result": "direction", "svd_deg": 79.37}}
2026-09-12 14:08:06,421 INFO request {"path": "/measure", "payload": {"arena_id": "default", "robot_id": "202601002029", "request_id": "267b57ec2d684b73ae9f46815328cb7f", "position": {"x": 1200.0, "y": 0.0}, "channel": 2}, "attempt": 1}
2026-09-12 14:08:06,438 INFO response {"request_id": "267b57ec2d684b73ae9f46815328cb7f", "http_status": 200, "body": {"accepted": true, "real_timestamp_ms": 1789193283081, "virtual_time_s": 376, "measure_result": "no_signal"}}
2026-09-12 14:08:06,438 INFO request {"path": "/measure", "payload": {"arena_id": "default", "robot_id": "202601002029", "request_id": "00558f1cecbb4eae986024ac8b3f279b", "position": {"x": 1200.0, "y": 0.0}, "channel": 3}, "attempt": 1}
2026-09-12 14:08:06,438 INFO response {"request_id": "00558f1cecbb4eae986024ac8b3f279b", "http_status": 200, "body": {"accepted": true, "real_timestamp_ms": 1789193283083, "virtual_time_s": 382, "measure_result": "no_signal"}}
2026-09-12 14:08:06,439 INFO request {"path": "/measure", "payload": {"arena_id": "default", "robot_id": "202601002029", "request_id": "5bdf08b25a1048ac85f44bbe80f065bd", "position": {"x": 1200.0, "y": 0.0}, "channel": 5}, "attempt": 1}
2026-09-12 14:08:06,439 INFO response {"request_id": "5bdf08b25a1048ac85f44bbe80f065bd", "http_status": 200, "body": {"accepted": true, "real_timestamp_ms": 1789193283084, "virtual_time_s": 388, "measure_result": "no_signal"}}
2026-09-12 14:08:06,440 INFO request {"path": "/measure", "payload": {"arena_id": "default", "robot_id": "202601002029", "request_id": "b73c362626684312bc8ce0baf20843a7", "position": {"x": 1200.0, "y": 0.0}, "channel": 7}, "attempt": 1}
2026-09-12 14:08:06,457 INFO response {"request_id": "b73c362626684312bc8ce0baf20843a7", "http_status": 200, "body": {"accepted": true, "real_timestamp_ms": 1789193283100, "virtual_time_s": 394, "measure_result": "no_signal"}}
2026-09-12 14:08:06,457 INFO request {"path": "/measure", "payload": {"arena_id": "default", "robot_id": "202601002029", "request_id": "03e4280d06f34e2ebec667744bf764de", "position": {"x": 1200.0, "y": 0.0}, "channel": 8}, "attempt": 1}
2026-09-12 14:08:06,476 INFO response {"request_id": "03e4280d06f34e2ebec667744bf764de", "http_status": 200, "body": {"accepted": true, "real_timestamp_ms": 1789193283120, "virtual_time_s": 400, "measure_result": "no_signal"}}
2026-09-12 14:08:06,477 INFO request {"path": "/measure", "payload": {"arena_id": "default", "robot_id": "202601002029", "request_id": "ac261b6b549046218948e9697bc37f0e", "position": {"x": 1200.0, "y": 0.0}, "channel": 9}, "attempt": 1}
2026-09-12 14:08:06,496 INFO response {"request_id": "ac261b6b549046218948e9697bc37f0e", "http_status": 200, "body": {"accepted": true, "real_timestamp_ms": 1789193283140, "virtual_time_s": 406, "measure_result": "direction", "svd_deg": 97.8}}
2026-09-12 14:08:06,501 INFO request {"path": "/measure", "payload": {"arena_id": "default", "robot_id": "202601002029", "request_id": "aa36ff40f285454cad6a7b28f07d61c4", "position": {"x": 1200.0, "y": 0.0}, "channel": 10}, "attempt": 1}
2026-09-12 14:08:06,515 INFO response {"request_id": "aa36ff40f285454cad6a7b28f07d61c4", "http_status": 200, "body": {"accepted": true, "real_timestamp_ms": 1789193283159, "virtual_time_s": 412, "measure_result": "no_signal"}}
2026-09-12 14:08:06,515 INFO request {"path": "/measure", "payload": {"arena_id": "default", "robot_id": "202601002029", "request_id": "07205582ed364d9c9dc7b08b5c67f8c2", "position": {"x": 1200.0, "y": 0.0}, "channel": 11}, "attempt": 1}
2026-09-12 14:08:06,517 INFO response {"request_id": "07205582ed364d9c9dc7b08b5c67f8c2", "http_status": 200, "body": {"accepted": true, "real_timestamp_ms": 1789193283161, "virtual_time_s": 418, "measure_result": "no_signal"}}
2026-09-12 14:08:06,517 INFO request {"path": "/measure", "payload": {"arena_id": "default", "robot_id": "202601002029", "request_id": "72e11795102f40f097aad53adb085926", "position": {"x": 1200.0, "y": 0.0}, "channel": 13}, "attempt": 1}
2026-09-12 14:08:06,537 INFO response {"request_id": "72e11795102f40f097aad53adb085926", "http_status": 200, "body": {"accepted": true, "real_timestamp_ms": 1789193283180, "virtual_time_s": 424, "measure_result": "no_signal"}}
2026-09-12 14:08:06,537 INFO request {"path": "/measure", "payload": {"arena_id": "default", "robot_id": "202601002029", "request_id": "730fd7252365491984649adba2908a70", "position": {"x": 1200.0, "y": 0.0}, "channel": 15}, "attempt": 1}
2026-09-12 14:08:06,555 INFO response {"request_id": "730fd7252365491984649adba2908a70", "http_status": 200, "body": {"accepted": true, "real_timestamp_ms": 1789193283198, "virtual_time_s": 430, "measure_result": "direction", "svd_deg": 310.8}}
2026-09-12 14:08:06,562 INFO request {"path": "/measure", "payload": {"arena_id": "default", "robot_id": "202601002029", "request_id": "b878ad08f08b4781b9aed9889c49e660", "position": {"x": 1200.0, "y": 0.0}, "channel": 16}, "attempt": 1}
2026-09-12 14:08:06,563 INFO response {"request_id": "b878ad08f08b4781b9aed9889c49e660", "http_status": 200, "body": {"accepted": true, "real_timestamp_ms": 1789193283206, "virtual_time_s": 436, "measure_result": "no_signal"}}
2026-09-12 14:08:06,563 INFO request {"path": "/measure", "payload": {"arena_id": "default", "robot_id": "202601002029", "request_id": "0a26410a3e1c4286b39c67e119c5a254", "position": {"x": 1200.0, "y": 0.0}, "channel": 17}, "attempt": 1}
2026-09-12 14:08:06,575 INFO response {"request_id": "0a26410a3e1c4286b39c67e119c5a254", "http_status": 200, "body": {"accepted": true, "real_timestamp_ms": 1789193283219, "virtual_time_s": 442, "measure_result": "no_signal"}}
2026-09-12 14:08:06,577 INFO request {"path": "/measure", "payload": {"arena_id": "default", "robot_id": "202601002029", "request_id": "8c3eda0767cc4219bd789709a5d2bffa", "position": {"x": 1200.0, "y": 0.0}, "channel": 19}, "attempt": 1}
2026-09-12 14:08:06,595 INFO response {"request_id": "8c3eda0767cc4219bd789709a5d2bffa", "http_status": 200, "body": {"accepted": true, "real_timestamp_ms": 1789193283238, "virtual_time_s": 448, "measure_result": "no_signal"}}
2026-09-12 14:08:06,623 INFO request {"path": "/measure", "payload": {"arena_id": "default", "robot_id": "202601002029", "request_id": "f9db88e694ee4f3393b43f6be7a64d51", "position": {"x": 1200.0, "y": 0.0}, "channel": 6}, "attempt": 1}
2026-09-12 14:08:06,623 INFO response {"request_id": "f9db88e694ee4f3393b43f6be7a64d51", "http_status": 200, "body": {"accepted": true, "real_timestamp_ms": 1789193283267, "virtual_time_s": 454, "measure_result": "direction", "svd_deg": 236.62}}
2026-09-12 14:08:06,634 INFO request {"path": "/measure", "payload": {"arena_id": "default", "robot_id": "202601002029", "request_id": "e2e0a97d4cc04a4c84167a52018b1925", "position": {"x": 1200.0, "y": 0.0}, "channel": 14}, "attempt": 1}
2026-09-12 14:08:06,654 INFO response {"request_id": "e2e0a97d4cc04a4c84167a52018b1925", "http_status": 200, "body": {"accepted": true, "real_timestamp_ms": 1789193283297, "virtual_time_s": 460, "measure_result": "direction", "svd_deg": 125.33}}
2026-09-12 14:08:06,660 INFO request {"path": "/measure", "payload": {"arena_id": "default", "robot_id": "202601002029", "request_id": "74cd3859e5d043deb31cfc246de91698", "position": {"x": 600.0000000000001, "y": 1039.2304845413264}, "channel": 2}, "attempt": 1}
2026-09-12 14:08:06,673 INFO response {"request_id": "74cd3859e5d043deb31cfc246de91698", "http_status": 200, "body": {"accepted": true, "real_timestamp_ms": 1789193283317, "virtual_time_s": 706, "measure_result": "no_signal"}}
2026-09-12 14:08:06,674 INFO request {"path": "/measure", "payload": {"arena_id": "default", "robot_id": "202601002029", "request_id": "25f4b2412f554b178a1b8c007b5ac4ff", "position": {"x": 600.0000000000001, "y": 1039.2304845413264}, "channel": 3}, "attempt": 1}
2026-09-12 14:08:06,694 INFO response {"request_id": "25f4b2412f554b178a1b8c007b5ac4ff", "http_status": 200, "body": {"accepted": true, "real_timestamp_ms": 1789193283338, "virtual_time_s": 712, "measure_result": "no_signal"}}
2026-09-12 14:08:06,695 INFO request {"path": "/measure", "payload": {"arena_id": "default", "robot_id": "202601002029", "request_id": "e0c1409b44cf40328c971c9057633092", "position": {"x": 600.0000000000001, "y": 1039.2304845413264}, "channel": 5}, "attempt": 1}
2026-09-12 14:08:06,696 INFO response {"request_id": "e0c1409b44cf40328c971c9057633092", "http_status": 200, "body": {"accepted": true, "real_timestamp_ms": 1789193283340, "virtual_time_s": 718, "measure_result": "no_signal"}}
2026-09-12 14:08:06,697 INFO request {"path": "/measure", "payload": {"arena_id": "default", "robot_id": "202601002029", "request_id": "173f1763768a4ff6b64e3676c3e9626e", "position": {"x": 600.0000000000001, "y": 1039.2304845413264}, "channel": 7}, "attempt": 1}
2026-09-12 14:08:06,698 INFO response {"request_id": "173f1763768a4ff6b64e3676c3e9626e", "http_status": 200, "body": {"accepted": true, "real_timestamp_ms": 1789193283342, "virtual_time_s": 724, "measure_result": "direction", "svd_deg": 173.22}}
2026-09-12 14:08:06,701 INFO request {"path": "/measure", "payload": {"arena_id": "default", "robot_id": "202601002029", "request_id": "f954580288f544ab9baea51dfa9e0c5a", "position": {"x": 600.0000000000001, "y": 1039.2304845413264}, "channel": 8}, "attempt": 1}
2026-09-12 14:08:06,703 INFO response {"request_id": "f954580288f544ab9baea51dfa9e0c5a", "http_status": 200, "body": {"accepted": true, "real_timestamp_ms": 1789193283347, "virtual_time_s": 730, "measure_result": "no_signal"}}
2026-09-12 14:08:06,703 INFO request {"path": "/measure", "payload": {"arena_id": "default", "robot_id": "202601002029", "request_id": "e487a42666ff46db80954a21f86c87ac", "position": {"x": 600.0000000000001, "y": 1039.2304845413264}, "channel": 10}, "attempt": 1}
2026-09-12 14:08:06,723 INFO response {"request_id": "e487a42666ff46db80954a21f86c87ac", "http_status": 200, "body": {"accepted": true, "real_timestamp_ms": 1789193283367, "virtual_time_s": 736, "measure_result": "no_signal"}}
2026-09-12 14:08:06,724 INFO request {"path": "/measure", "payload": {"arena_id": "default", "robot_id": "202601002029", "request_id": "1032d05df1974759b25acb4cfc9d4d82", "position": {"x": 600.0000000000001, "y": 1039.2304845413264}, "channel": 11}, "attempt": 1}
2026-09-12 14:08:06,743 INFO response {"request_id": "1032d05df1974759b25acb4cfc9d4d82", "http_status": 200, "body": {"accepted": true, "real_timestamp_ms": 1789193283387, "virtual_time_s": 742, "measure_result": "no_signal"}}
2026-09-12 14:08:06,744 INFO request {"path": "/measure", "payload": {"arena_id": "default", "robot_id": "202601002029", "request_id": "a885d5e84f8a49c7b1126ed3e9fd2cf9", "position": {"x": 600.0000000000001, "y": 1039.2304845413264}, "channel": 13}, "attempt": 1}
2026-09-12 14:08:06,763 INFO response {"request_id": "a885d5e84f8a49c7b1126ed3e9fd2cf9", "http_status": 200, "body": {"accepted": true, "real_timestamp_ms": 1789193283407, "virtual_time_s": 748, "measure_result": "no_signal"}}
2026-09-12 14:08:06,764 INFO request {"path": "/measure", "payload": {"arena_id": "default", "robot_id": "202601002029", "request_id": "20327b536be4451b98663514afd2e61a", "position": {"x": 600.0000000000001, "y": 1039.2304845413264}, "channel": 16}, "attempt": 1}
2026-09-12 14:08:06,766 INFO response {"request_id": "20327b536be4451b98663514afd2e61a", "http_status": 200, "body": {"accepted": true, "real_timestamp_ms": 1789193283409, "virtual_time_s": 754, "measure_result": "no_signal"}}
2026-09-12 14:08:06,766 INFO request {"path": "/measure", "payload": {"arena_id": "default", "robot_id": "202601002029", "request_id": "b78f2124f67440e3bf83510f42fed03a", "position": {"x": 600.0000000000001, "y": 1039.2304845413264}, "channel": 17}, "attempt": 1}
2026-09-12 14:08:06,767 INFO response {"request_id": "b78f2124f67440e3bf83510f42fed03a", "http_status": 200, "body": {"accepted": true, "real_timestamp_ms": 1789193283411, "virtual_time_s": 760, "measure_result": "no_signal"}}
2026-09-12 14:08:06,768 INFO request {"path": "/measure", "payload": {"arena_id": "default", "robot_id": "202601002029", "request_id": "df0e9c1ddb2b4c86905aa43359720af0", "position": {"x": 600.0000000000001, "y": 1039.2304845413264}, "channel": 19}, "attempt": 1}
2026-09-12 14:08:06,769 INFO response {"request_id": "df0e9c1ddb2b4c86905aa43359720af0", "http_status": 200, "body": {"accepted": true, "real_timestamp_ms": 1789193283413, "virtual_time_s": 766, "measure_result": "no_signal"}}
2026-09-12 14:08:06,770 INFO request {"path": "/measure", "payload": {"arena_id": "default", "robot_id": "202601002029", "request_id": "b1e65a504c66410dbaaf4e090f4442cc", "position": {"x": 600.0000000000001, "y": 1039.2304845413264}, "channel": 20}, "attempt": 1}
2026-09-12 14:08:06,771 INFO response {"request_id": "b1e65a504c66410dbaaf4e090f4442cc", "http_status": 200, "body": {"accepted": true, "real_timestamp_ms": 1789193283415, "virtual_time_s": 772, "measure_result": "direction", "svd_deg": 167.81}}
2026-09-12 14:08:06,812 INFO request {"path": "/measure", "payload": {"arena_id": "default", "robot_id": "202601002029", "request_id": "c9ee7bb8d1154dc7a2e98493f102260a", "position": {"x": 600.0000000000001, "y": 1039.2304845413264}, "channel": 18}, "attempt": 1}
2026-09-12 14:08:06,831 INFO response {"request_id": "c9ee7bb8d1154dc7a2e98493f102260a", "http_status": 200, "body": {"accepted": true, "real_timestamp_ms": 1789193283474, "virtual_time_s": 778, "measure_result": "direction", "svd_deg": 196.08}}
2026-09-12 14:08:06,857 INFO request {"path": "/measure", "payload": {"arena_id": "default", "robot_id": "202601002029", "request_id": "ebd89c66c6ae4040956c4d0783634c92", "position": {"x": 600.0000000000001, "y": 1039.2304845413264}, "channel": 1}, "attempt": 1}
2026-09-12 14:08:06,871 INFO response {"request_id": "ebd89c66c6ae4040956c4d0783634c92", "http_status": 200, "body": {"accepted": true, "real_timestamp_ms": 1789193283515, "virtual_time_s": 784, "measure_result": "direction", "svd_deg": 320.81}}
2026-09-12 14:08:06,874 INFO request {"path": "/measure", "payload": {"arena_id": "default", "robot_id": "202601002029", "request_id": "c113fbfd3a52491f9826e65352773fa1", "position": {"x": -599.9999999999998, "y": 1039.2304845413264}, "channel": 2}, "attempt": 1}
2026-09-12 14:08:06,891 INFO response {"request_id": "c113fbfd3a52491f9826e65352773fa1", "http_status": 200, "body": {"accepted": true, "real_timestamp_ms": 1789193283535, "virtual_time_s": 1030, "measure_result": "no_signal"}}
2026-09-12 14:08:06,892 INFO request {"path": "/measure", "payload": {"arena_id": "default", "robot_id": "202601002029", "request_id": "03be6cd8aeaf4b64b371a6f5c48fc487", "position": {"x": -599.9999999999998, "y": 1039.2304845413264}, "channel": 3}, "attempt": 1}
2026-09-12 14:08:06,893 INFO response {"request_id": "03be6cd8aeaf4b64b371a6f5c48fc487", "http_status": 200, "body": {"accepted": true, "real_timestamp_ms": 1789193283537, "virtual_time_s": 1036, "measure_result": "no_signal"}}
2026-09-12 14:08:06,893 INFO request {"path": "/measure", "payload": {"arena_id": "default", "robot_id": "202601002029", "request_id": "5da5743b2dbd4697a29c48546cdebc91", "position": {"x": -599.9999999999998, "y": 1039.2304845413264}, "channel": 5}, "attempt": 1}
2026-09-12 14:08:06,911 INFO response {"request_id": "5da5743b2dbd4697a29c48546cdebc91", "http_status": 200, "body": {"accepted": true, "real_timestamp_ms": 1789193283554, "virtual_time_s": 1042, "measure_result": "no_signal"}}
2026-09-12 14:08:06,911 INFO request {"path": "/measure", "payload": {"arena_id": "default", "robot_id": "202601002029", "request_id": "7d3ff7147cd6496cb7161fe75be7894b", "position": {"x": -599.9999999999998, "y": 1039.2304845413264}, "channel": 8}, "attempt": 1}
2026-09-12 14:08:06,912 INFO response {"request_id": "7d3ff7147cd6496cb7161fe75be7894b", "http_status": 200, "body": {"accepted": true, "real_timestamp_ms": 1789193283555, "virtual_time_s": 1048, "measure_result": "direction", "svd_deg": 222.99}}
2026-09-12 14:08:06,914 INFO request {"path": "/measure", "payload": {"arena_id": "default", "robot_id": "202601002029", "request_id": "8bd03aae819649b7b75990776ca4648c", "position": {"x": -599.9999999999998, "y": 1039.2304845413264}, "channel": 10}, "attempt": 1}
2026-09-12 14:08:06,914 INFO response {"request_id": "8bd03aae819649b7b75990776ca4648c", "http_status": 200, "body": {"accepted": true, "real_timestamp_ms": 1789193283559, "virtual_time_s": 1054, "measure_result": "no_signal"}}
2026-09-12 14:08:06,915 INFO request {"path": "/measure", "payload": {"arena_id": "default", "robot_id": "202601002029", "request_id": "02fe497a96df45e2a2ec40e06f6aaaff", "position": {"x": -599.9999999999998, "y": 1039.2304845413264}, "channel": 11}, "attempt": 1}
2026-09-12 14:08:06,916 INFO response {"request_id": "02fe497a96df45e2a2ec40e06f6aaaff", "http_status": 200, "body": {"accepted": true, "real_timestamp_ms": 1789193283560, "virtual_time_s": 1060, "measure_result": "no_signal"}}
2026-09-12 14:08:06,916 INFO request {"path": "/measure", "payload": {"arena_id": "default", "robot_id": "202601002029", "request_id": "e7644f80b7b049da8cf87cf81f3e11fd", "position": {"x": -599.9999999999998, "y": 1039.2304845413264}, "channel": 13}, "attempt": 1}
2026-09-12 14:08:06,916 INFO response {"request_id": "e7644f80b7b049da8cf87cf81f3e11fd", "http_status": 200, "body": {"accepted": true, "real_timestamp_ms": 1789193283561, "virtual_time_s": 1066, "measure_result": "no_signal"}}
2026-09-12 14:08:06,916 INFO request {"path": "/measure", "payload": {"arena_id": "default", "robot_id": "202601002029", "request_id": "47a2a3dd111943c99061f32e4c390f87", "position": {"x": -599.9999999999998, "y": 1039.2304845413264}, "channel": 16}, "attempt": 1}
2026-09-12 14:08:06,917 INFO response {"request_id": "47a2a3dd111943c99061f32e4c390f87", "http_status": 200, "body": {"accepted": true, "real_timestamp_ms": 1789193283562, "virtual_time_s": 1072, "measure_result": "no_signal"}}
2026-09-12 14:08:06,917 INFO request {"path": "/measure", "payload": {"arena_id": "default", "robot_id": "202601002029", "request_id": "d573787dcebd48fdb22293a9b3449df8", "position": {"x": -599.9999999999998, "y": 1039.2304845413264}, "channel": 17}, "attempt": 1}
2026-09-12 14:08:06,918 INFO response {"request_id": "d573787dcebd48fdb22293a9b3449df8", "http_status": 200, "body": {"accepted": true, "real_timestamp_ms": 1789193283562, "virtual_time_s": 1078, "measure_result": "no_signal"}}
2026-09-12 14:08:06,918 INFO request {"path": "/measure", "payload": {"arena_id": "default", "robot_id": "202601002029", "request_id": "a1837177552e4da0b5692bcddb8e2503", "position": {"x": -599.9999999999998, "y": 1039.2304845413264}, "channel": 19}, "attempt": 1}
2026-09-12 14:08:06,919 INFO response {"request_id": "a1837177552e4da0b5692bcddb8e2503", "http_status": 200, "body": {"accepted": true, "real_timestamp_ms": 1789193283563, "virtual_time_s": 1084, "measure_result": "no_signal"}}
2026-09-12 14:08:06,957 INFO request {"path": "/measure", "payload": {"arena_id": "default", "robot_id": "202601002029", "request_id": "0fb531f1a840473eb68def60832282fa", "position": {"x": -599.9999999999998, "y": 1039.2304845413264}, "channel": 20}, "attempt": 1}
2026-09-12 14:08:06,959 INFO response {"request_id": "0fb531f1a840473eb68def60832282fa", "http_status": 200, "body": {"accepted": true, "real_timestamp_ms": 1789193283603, "virtual_time_s": 1090, "measure_result": "direction", "svd_deg": 26.41}}
2026-09-12 14:08:06,985 INFO request {"path": "/measure", "payload": {"arena_id": "default", "robot_id": "202601002029", "request_id": "5fbe4f4f19c14351a38f0754b76b1184", "position": {"x": -599.9999999999998, "y": 1039.2304845413264}, "channel": 7}, "attempt": 1}
2026-09-12 14:08:07,000 INFO response {"request_id": "5fbe4f4f19c14351a38f0754b76b1184", "http_status": 200, "body": {"accepted": true, "real_timestamp_ms": 1789193283643, "virtual_time_s": 1096, "measure_result": "direction", "svd_deg": 7.5}}
2026-09-12 14:08:07,002 INFO request {"path": "/measure", "payload": {"arena_id": "default", "robot_id": "202601002029", "request_id": "696fa23adb4e49ec92e1d20a3c422817", "position": {"x": -1200.0, "y": 1.4695761589768238e-13}, "channel": 2}, "attempt": 1}
2026-09-12 14:08:07,003 INFO response {"request_id": "696fa23adb4e49ec92e1d20a3c422817", "http_status": 200, "body": {"accepted": true, "real_timestamp_ms": 1789193283647, "virtual_time_s": 1342, "measure_result": "no_signal"}}
2026-09-12 14:08:07,003 INFO request {"path": "/measure", "payload": {"arena_id": "default", "robot_id": "202601002029", "request_id": "9fb6b2d81dd94e5f86117052a88d950c", "position": {"x": -1200.0, "y": 1.4695761589768238e-13}, "channel": 3}, "attempt": 1}
2026-09-12 14:08:07,019 INFO response {"request_id": "9fb6b2d81dd94e5f86117052a88d950c", "http_status": 200, "body": {"accepted": true, "real_timestamp_ms": 1789193283663, "virtual_time_s": 1348, "measure_result": "no_signal"}}
2026-09-12 14:08:07,019 INFO request {"path": "/measure", "payload": {"arena_id": "default", "robot_id": "202601002029", "request_id": "cad4c799c19c44bba60b1ced55fab555", "position": {"x": -1200.0, "y": 1.4695761589768238e-13}, "channel": 5}, "attempt": 1}
2026-09-12 14:08:07,038 INFO response {"request_id": "cad4c799c19c44bba60b1ced55fab555", "http_status": 200, "body": {"accepted": true, "real_timestamp_ms": 1789193283683, "virtual_time_s": 1354, "measure_result": "no_signal"}}
2026-09-12 14:08:07,039 INFO request {"path": "/measure", "payload": {"arena_id": "default", "robot_id": "202601002029", "request_id": "f893ae9700d64fefa69b7aa75a3d8782", "position": {"x": -1200.0, "y": 1.4695761589768238e-13}, "channel": 10}, "attempt": 1}
2026-09-12 14:08:07,039 INFO response {"request_id": "f893ae9700d64fefa69b7aa75a3d8782", "http_status": 200, "body": {"accepted": true, "real_timestamp_ms": 1789193283684, "virtual_time_s": 1360, "measure_result": "no_signal"}}
2026-09-12 14:08:07,040 INFO request {"path": "/measure", "payload": {"arena_id": "default", "robot_id": "202601002029", "request_id": "02c182a83be444b0888188a507786e58", "position": {"x": -1200.0, "y": 1.4695761589768238e-13}, "channel": 11}, "attempt": 1}
2026-09-12 14:08:07,041 INFO response {"request_id": "02c182a83be444b0888188a507786e58", "http_status": 200, "body": {"accepted": true, "real_timestamp_ms": 1789193283685, "virtual_time_s": 1366, "measure_result": "no_signal"}}
2026-09-12 14:08:07,041 INFO request {"path": "/measure", "payload": {"arena_id": "default", "robot_id": "202601002029", "request_id": "3a480f0c3ee147cc9f5d6bda5b8615e0", "position": {"x": -1200.0, "y": 1.4695761589768238e-13}, "channel": 13}, "attempt": 1}
2026-09-12 14:08:07,058 INFO response {"request_id": "3a480f0c3ee147cc9f5d6bda5b8615e0", "http_status": 200, "body": {"accepted": true, "real_timestamp_ms": 1789193283702, "virtual_time_s": 1372, "measure_result": "no_signal"}}
2026-09-12 14:08:07,058 INFO request {"path": "/measure", "payload": {"arena_id": "default", "robot_id": "202601002029", "request_id": "352c6d69fd2748da80261fd8942a7507", "position": {"x": -1200.0, "y": 1.4695761589768238e-13}, "channel": 16}, "attempt": 1}
2026-09-12 14:08:07,060 INFO response {"request_id": "352c6d69fd2748da80261fd8942a7507", "http_status": 200, "body": {"accepted": true, "real_timestamp_ms": 1789193283704, "virtual_time_s": 1378, "measure_result": "no_signal"}}
2026-09-12 14:08:07,060 INFO request {"path": "/measure", "payload": {"arena_id": "default", "robot_id": "202601002029", "request_id": "bfe695189d784d9caa0ca827a67ee1fb", "position": {"x": -1200.0, "y": 1.4695761589768238e-13}, "channel": 17}, "attempt": 1}
2026-09-12 14:08:07,079 INFO response {"request_id": "bfe695189d784d9caa0ca827a67ee1fb", "http_status": 200, "body": {"accepted": true, "real_timestamp_ms": 1789193283723, "virtual_time_s": 1384, "measure_result": "no_signal"}}
2026-09-12 14:08:07,079 INFO request {"path": "/measure", "payload": {"arena_id": "default", "robot_id": "202601002029", "request_id": "96538bfd75c54af89513f39d5e2d8865", "position": {"x": -1200.0, "y": 1.4695761589768238e-13}, "channel": 19}, "attempt": 1}
2026-09-12 14:08:07,081 INFO response {"request_id": "96538bfd75c54af89513f39d5e2d8865", "http_status": 200, "body": {"accepted": true, "real_timestamp_ms": 1789193283724, "virtual_time_s": 1390, "measure_result": "no_signal"}}
2026-09-12 14:08:07,110 INFO request {"path": "/measure", "payload": {"arena_id": "default", "robot_id": "202601002029", "request_id": "8a71dd519e2c49e1aa1cf15d4cd5b008", "position": {"x": -1200.0, "y": 1.4695761589768238e-13}, "channel": 4}, "attempt": 1}
2026-09-12 14:08:07,111 INFO response {"request_id": "8a71dd519e2c49e1aa1cf15d4cd5b008", "http_status": 200, "body": {"accepted": true, "real_timestamp_ms": 1789193283755, "virtual_time_s": 1396, "measure_result": "direction", "svd_deg": 44.69}}
2026-09-12 14:08:07,131 INFO request {"path": "/measure", "payload": {"arena_id": "default", "robot_id": "202601002029", "request_id": "b0fa75c9d23b402f9dd4a0be48aca9e9", "position": {"x": -1200.0, "y": 1.4695761589768238e-13}, "channel": 12}, "attempt": 1}
2026-09-12 14:08:07,148 INFO response {"request_id": "b0fa75c9d23b402f9dd4a0be48aca9e9", "http_status": 200, "body": {"accepted": true, "real_timestamp_ms": 1789193283792, "virtual_time_s": 1402, "measure_result": "direction", "svd_deg": 309.3}}
2026-09-12 14:08:07,151 INFO request {"path": "/measure", "payload": {"arena_id": "default", "robot_id": "202601002029", "request_id": "fe5e972ff8204f5497ed422941f34d2a", "position": {"x": -600.0000000000006, "y": -1039.2304845413262}, "channel": 2}, "attempt": 1}
2026-09-12 14:08:07,168 INFO response {"request_id": "fe5e972ff8204f5497ed422941f34d2a", "http_status": 200, "body": {"accepted": true, "real_timestamp_ms": 1789193283812, "virtual_time_s": 1648, "measure_result": "no_signal"}}
2026-09-12 14:08:07,168 INFO request {"path": "/measure", "payload": {"arena_id": "default", "robot_id": "202601002029", "request_id": "8f4c5db68da045229a8238f298921069", "position": {"x": -600.0000000000006, "y": -1039.2304845413262}, "channel": 3}, "attempt": 1}
2026-09-12 14:08:07,169 INFO response {"request_id": "8f4c5db68da045229a8238f298921069", "http_status": 200, "body": {"accepted": true, "real_timestamp_ms": 1789193283813, "virtual_time_s": 1654, "measure_result": "no_signal"}}
2026-09-12 14:08:07,169 INFO request {"path": "/measure", "payload": {"arena_id": "default", "robot_id": "202601002029", "request_id": "57c99e993eba433e9c7b597de755d5c7", "position": {"x": -600.0000000000006, "y": -1039.2304845413262}, "channel": 5}, "attempt": 1}
2026-09-12 14:08:07,188 INFO response {"request_id": "57c99e993eba433e9c7b597de755d5c7", "http_status": 200, "body": {"accepted": true, "real_timestamp_ms": 1789193283832, "virtual_time_s": 1660, "measure_result": "no_signal"}}
2026-09-12 14:08:07,188 INFO request {"path": "/measure", "payload": {"arena_id": "default", "robot_id": "202601002029", "request_id": "efcbf964534f4170991ac78d109ae447", "position": {"x": -600.0000000000006, "y": -1039.2304845413262}, "channel": 10}, "attempt": 1}
2026-09-12 14:08:07,189 INFO response {"request_id": "efcbf964534f4170991ac78d109ae447", "http_status": 200, "body": {"accepted": true, "real_timestamp_ms": 1789193283833, "virtual_time_s": 1666, "measure_result": "no_signal"}}
2026-09-12 14:08:07,189 INFO request {"path": "/measure", "payload": {"arena_id": "default", "robot_id": "202601002029", "request_id": "df4cc343035040118598790eeb1c2ba3", "position": {"x": -600.0000000000006, "y": -1039.2304845413262}, "channel": 11}, "attempt": 1}
2026-09-12 14:08:07,191 INFO response {"request_id": "df4cc343035040118598790eeb1c2ba3", "http_status": 200, "body": {"accepted": true, "real_timestamp_ms": 1789193283834, "virtual_time_s": 1672, "measure_result": "no_signal"}}
2026-09-12 14:08:07,191 INFO request {"path": "/measure", "payload": {"arena_id": "default", "robot_id": "202601002029", "request_id": "b6483015b93d401c81a327a2d84d4087", "position": {"x": -600.0000000000006, "y": -1039.2304845413262}, "channel": 13}, "attempt": 1}
2026-09-12 14:08:07,192 INFO response {"request_id": "b6483015b93d401c81a327a2d84d4087", "http_status": 200, "body": {"accepted": true, "real_timestamp_ms": 1789193283835, "virtual_time_s": 1678, "measure_result": "no_signal"}}
2026-09-12 14:08:07,192 INFO request {"path": "/measure", "payload": {"arena_id": "default", "robot_id": "202601002029", "request_id": "3e82f7f1e6d64d9e8b7158894c2cd4e0", "position": {"x": -600.0000000000006, "y": -1039.2304845413262}, "channel": 16}, "attempt": 1}
2026-09-12 14:08:07,192 INFO response {"request_id": "3e82f7f1e6d64d9e8b7158894c2cd4e0", "http_status": 200, "body": {"accepted": true, "real_timestamp_ms": 1789193283836, "virtual_time_s": 1684, "measure_result": "no_signal"}}
2026-09-12 14:08:07,193 INFO request {"path": "/measure", "payload": {"arena_id": "default", "robot_id": "202601002029", "request_id": "942346396a7c4392ac99c29ea8928ef9", "position": {"x": -600.0000000000006, "y": -1039.2304845413262}, "channel": 17}, "attempt": 1}
2026-09-12 14:08:07,193 INFO response {"request_id": "942346396a7c4392ac99c29ea8928ef9", "http_status": 200, "body": {"accepted": true, "real_timestamp_ms": 1789193283837, "virtual_time_s": 1690, "measure_result": "no_signal"}}
2026-09-12 14:08:07,194 INFO request {"path": "/measure", "payload": {"arena_id": "default", "robot_id": "202601002029", "request_id": "bd938a68562b4d4dbcefc878fccda40c", "position": {"x": -600.0000000000006, "y": -1039.2304845413262}, "channel": 19}, "attempt": 1}
2026-09-12 14:08:07,209 INFO response {"request_id": "bd938a68562b4d4dbcefc878fccda40c", "http_status": 200, "body": {"accepted": true, "real_timestamp_ms": 1789193283852, "virtual_time_s": 1696, "measure_result": "no_signal"}}
2026-09-12 14:08:07,220 INFO request {"path": "/measure", "payload": {"arena_id": "default", "robot_id": "202601002029", "request_id": "858c569158c545969f507bd3c87e058f", "position": {"x": 600.0000000000001, "y": -1039.2304845413264}, "channel": 19}, "attempt": 1}
2026-09-12 14:08:07,221 INFO response {"request_id": "858c569158c545969f507bd3c87e058f", "http_status": 200, "body": {"accepted": true, "real_timestamp_ms": 1789193283865, "virtual_time_s": 1941, "measure_result": "no_signal"}}
2026-09-12 14:08:07,221 INFO request {"path": "/measure", "payload": {"arena_id": "default", "robot_id": "202601002029", "request_id": "bee6d6c275ed47f7900f7017103f3057", "position": {"x": 600.0000000000001, "y": -1039.2304845413264}, "channel": 2}, "attempt": 1}
2026-09-12 14:08:07,222 INFO response {"request_id": "bee6d6c275ed47f7900f7017103f3057", "http_status": 200, "body": {"accepted": true, "real_timestamp_ms": 1789193283866, "virtual_time_s": 1947, "measure_result": "no_signal"}}
2026-09-12 14:08:07,222 INFO request {"path": "/measure", "payload": {"arena_id": "default", "robot_id": "202601002029", "request_id": "a176c234b50e48faa69f5b5c072b7dbb", "position": {"x": 600.0000000000001, "y": -1039.2304845413264}, "channel": 3}, "attempt": 1}
2026-09-12 14:08:07,223 INFO response {"request_id": "a176c234b50e48faa69f5b5c072b7dbb", "http_status": 200, "body": {"accepted": true, "real_timestamp_ms": 1789193283867, "virtual_time_s": 1953, "measure_result": "no_signal"}}
2026-09-12 14:08:07,223 INFO request {"path": "/measure", "payload": {"arena_id": "default", "robot_id": "202601002029", "request_id": "19a6706346cd4445bea7e40f4c5ff339", "position": {"x": 600.0000000000001, "y": -1039.2304845413264}, "channel": 5}, "attempt": 1}
2026-09-12 14:08:07,224 INFO response {"request_id": "19a6706346cd4445bea7e40f4c5ff339", "http_status": 200, "body": {"accepted": true, "real_timestamp_ms": 1789193283868, "virtual_time_s": 1959, "measure_result": "no_signal"}}
2026-09-12 14:08:07,224 INFO request {"path": "/measure", "payload": {"arena_id": "default", "robot_id": "202601002029", "request_id": "d1424cb6f8b744bf8d0ca947a638efde", "position": {"x": 600.0000000000001, "y": -1039.2304845413264}, "channel": 10}, "attempt": 1}
2026-09-12 14:08:07,226 INFO response {"request_id": "d1424cb6f8b744bf8d0ca947a638efde", "http_status": 200, "body": {"accepted": true, "real_timestamp_ms": 1789193283869, "virtual_time_s": 1965, "measure_result": "no_signal"}}
2026-09-12 14:08:07,226 INFO request {"path": "/measure", "payload": {"arena_id": "default", "robot_id": "202601002029", "request_id": "c0c42dd94f654948b5f47449bd9394d4", "position": {"x": 600.0000000000001, "y": -1039.2304845413264}, "channel": 11}, "attempt": 1}
2026-09-12 14:08:07,227 INFO response {"request_id": "c0c42dd94f654948b5f47449bd9394d4", "http_status": 200, "body": {"accepted": true, "real_timestamp_ms": 1789193283871, "virtual_time_s": 1971, "measure_result": "no_signal"}}
2026-09-12 14:08:07,227 INFO request {"path": "/measure", "payload": {"arena_id": "default", "robot_id": "202601002029", "request_id": "2503e1a39e8f4b89bd576520dcd2499f", "position": {"x": 600.0000000000001, "y": -1039.2304845413264}, "channel": 13}, "attempt": 1}
2026-09-12 14:08:07,228 INFO response {"request_id": "2503e1a39e8f4b89bd576520dcd2499f", "http_status": 200, "body": {"accepted": true, "real_timestamp_ms": 1789193283872, "virtual_time_s": 1977, "measure_result": "no_signal"}}
2026-09-12 14:08:07,228 INFO request {"path": "/measure", "payload": {"arena_id": "default", "robot_id": "202601002029", "request_id": "ee2aeba1fd2b4614a56093378577bd8e", "position": {"x": 600.0000000000001, "y": -1039.2304845413264}, "channel": 16}, "attempt": 1}
2026-09-12 14:08:07,229 INFO response {"request_id": "ee2aeba1fd2b4614a56093378577bd8e", "http_status": 200, "body": {"accepted": true, "real_timestamp_ms": 1789193283873, "virtual_time_s": 1983, "measure_result": "no_signal"}}
2026-09-12 14:08:07,229 INFO request {"path": "/measure", "payload": {"arena_id": "default", "robot_id": "202601002029", "request_id": "ed733ca6eb4f46038765e1318d0967ba", "position": {"x": 600.0000000000001, "y": -1039.2304845413264}, "channel": 17}, "attempt": 1}
2026-09-12 14:08:07,247 INFO response {"request_id": "ed733ca6eb4f46038765e1318d0967ba", "http_status": 200, "body": {"accepted": true, "real_timestamp_ms": 1789193283891, "virtual_time_s": 1989, "measure_result": "no_signal"}}
2026-09-12 14:08:07,259 INFO request {"path": "/measure", "payload": {"arena_id": "default", "robot_id": "202601002029", "request_id": "2337be8a37284b069d97182f7359a3c1", "position": {"x": 600.0000000000001, "y": -1039.2304845413264}, "channel": 6}, "attempt": 1}
2026-09-12 14:08:07,261 INFO response {"request_id": "2337be8a37284b069d97182f7359a3c1", "http_status": 200, "body": {"accepted": true, "real_timestamp_ms": 1789193283904, "virtual_time_s": 1995, "measure_result": "direction", "svd_deg": 75.85}}
2026-09-12 14:08:13,180 INFO request {"path": "/measure", "payload": {"arena_id": "default", "robot_id": "202601002029", "request_id": "ad4aed91b5c34d8884ca99a51ffdfea0", "position": {"x": 245.99116151878377, "y": -858.9385674571141}, "channel": 6}, "attempt": 1}
2026-09-12 14:08:13,194 INFO response {"request_id": "ad4aed91b5c34d8884ca99a51ffdfea0", "http_status": 200, "body": {"accepted": true, "real_timestamp_ms": 1789193289837, "virtual_time_s": 2079.455002, "measure_result": "direction", "svd_deg": 2.9}}
2026-09-12 14:08:13,199 INFO request {"path": "/clear", "payload": {"arena_id": "default", "robot_id": "202601002029", "request_id": "61c7413c1fd34d40ad4746b9f2422c85", "position": {"x": 649.7331047791802, "y": -838.400572763565}, "channel": 6}, "attempt": 1}
2026-09-12 14:08:13,213 INFO response {"request_id": "61c7413c1fd34d40ad4746b9f2422c85", "http_status": 200, "body": {"accepted": true, "real_timestamp_ms": 1789193289856, "virtual_time_s": 2165.307798, "clear_result": "success"}}
2026-09-12 14:08:13,214 INFO request {"path": "/measure", "payload": {"arena_id": "default", "robot_id": "202601002029", "request_id": "c441e6d4f031478186b75603d0e494f5", "position": {"x": 1195.4300609098464, "y": -799.528767110361}, "channel": 15}, "attempt": 1}
2026-09-12 14:08:13,233 INFO response {"request_id": "c441e6d4f031478186b75603d0e494f5", "http_status": 200, "body": {"accepted": true, "real_timestamp_ms": 1789193289876, "virtual_time_s": 2280.723736, "measure_result": "direction", "svd_deg": 87.18}}
2026-09-12 14:08:13,832 INFO request {"path": "/measure", "payload": {"arena_id": "default", "robot_id": "202601002029", "request_id": "157fc1ee5daa486bacdb4ee3147fa18b", "position": {"x": 1010.2115735264672, "y": -370.05535153441326}, "channel": 15}, "attempt": 1}
2026-09-12 14:08:13,845 INFO response {"request_id": "157fc1ee5daa486bacdb4ee3147fa18b", "http_status": 200, "body": {"accepted": true, "real_timestamp_ms": 1789193290490, "virtual_time_s": 2379.265877, "measure_result": "direction", "svd_deg": 55.53}}
2026-09-12 14:08:13,850 INFO request {"path": "/clear", "payload": {"arena_id": "default", "robot_id": "202601002029", "request_id": "0a768c7eee7e4a949133e4a56f32d8f4", "position": {"x": 1235.6827244650117, "y": -41.537650518138676}, "channel": 15}, "attempt": 1}
2026-09-12 14:08:13,865 INFO response {"request_id": "0a768c7eee7e4a949133e4a56f32d8f4", "http_status": 200, "body": {"accepted": true, "real_timestamp_ms": 1789193290509, "virtual_time_s": 2463.955555, "clear_result": "success"}}
2026-09-12 14:08:13,866 INFO request {"path": "/measure", "payload": {"arena_id": "default", "robot_id": "202601002029", "request_id": "d4e17263851d42278bbf81ca2d837dbb", "position": {"x": 890.3125922100178, "y": 476.6662023852783}, "channel": 1}, "attempt": 1}
2026-09-12 14:08:13,866 INFO response {"request_id": "d4e17263851d42278bbf81ca2d837dbb", "http_status": 200, "body": {"accepted": true, "real_timestamp_ms": 1789193290511, "virtual_time_s": 2594.505266, "measure_result": "direction", "svd_deg": 358.72}}
2026-09-12 14:08:13,872 INFO request {"path": "/clear", "payload": {"arena_id": "default", "robot_id": "202601002029", "request_id": "e79eb03c1e0d4983b951c05aec5be37d", "position": {"x": 1288.8396518808981, "y": 469.14254554792416}, "channel": 1}, "attempt": 1}
2026-09-12 14:08:13,873 INFO response {"request_id": "e79eb03c1e0d4983b951c05aec5be37d", "http_status": 200, "body": {"accepted": true, "real_timestamp_ms": 1789193290517, "virtual_time_s": 2679.22488, "clear_result": "success"}}
2026-09-12 14:08:13,873 INFO request {"path": "/measure", "payload": {"arena_id": "default", "robot_id": "202601002029", "request_id": "8b36925e1cb248ee84459b257bcc6d1f", "position": {"x": 1225.209534178182, "y": 657.5616345322983}, "channel": 14}, "attempt": 1}
2026-09-12 14:08:13,875 INFO response {"request_id": "8b36925e1cb248ee84459b257bcc6d1f", "http_status": 200, "body": {"accepted": true, "real_timestamp_ms": 1789193290519, "virtual_time_s": 2724.999518, "measure_result": "direction", "svd_deg": 213.31}}
2026-09-12 14:08:13,882 INFO request {"path": "/clear", "payload": {"arena_id": "default", "robot_id": "202601002029", "request_id": "902fb589bd7a40bab05d92f745617cc3", "position": {"x": 889.8231830091328, "y": 437.37093959991364}, "channel": 14}, "attempt": 1}
2026-09-12 14:08:13,884 INFO response {"request_id": "902fb589bd7a40bab05d92f745617cc3", "http_status": 200, "body": {"accepted": true, "real_timestamp_ms": 1789193290528, "virtual_time_s": 2810.24114, "clear_result": "success"}}
2026-09-12 14:08:13,885 INFO request {"path": "/measure", "payload": {"arena_id": "default", "robot_id": "202601002029", "request_id": "dea067e0ddda483bb136cbebf7867852", "position": {"x": 640.1113822223124, "y": 1158.7476781798737}, "channel": 9}, "attempt": 1}
2026-09-12 14:08:13,886 INFO response {"request_id": "dea067e0ddda483bb136cbebf7867852", "http_status": 200, "body": {"accepted": true, "real_timestamp_ms": 1789193290530, "virtual_time_s": 2968.916008, "measure_result": "direction", "svd_deg": 7.61}}
2026-09-12 14:08:14,530 INFO request {"path": "/measure", "payload": {"arena_id": "default", "robot_id": "202601002029", "request_id": "9ebad371ac3745dfa2b8c17fe77490af", "position": {"x": 1036.316222293846, "y": 811.8365228822665}, "channel": 9}, "attempt": 1}
2026-09-12 14:08:14,546 INFO response {"request_id": "9ebad371ac3745dfa2b8c17fe77490af", "http_status": 200, "body": {"accepted": true, "real_timestamp_ms": 1789193291190, "virtual_time_s": 3079.239438, "measure_result": "direction", "svd_deg": 88.06}}
2026-09-12 14:08:14,553 INFO request {"path": "/clear", "payload": {"arena_id": "default", "robot_id": "202601002029", "request_id": "552949a628b240f78ce8bd58bcf21b6f", "position": {"x": 1048.5878327840373, "y": 1213.4196341953066}, "channel": 9}, "attempt": 1}
2026-09-12 14:08:14,566 INFO response {"request_id": "552949a628b240f78ce8bd58bcf21b6f", "http_status": 200, "body": {"accepted": true, "real_timestamp_ms": 1789193291210, "virtual_time_s": 3164.593551, "clear_result": "success"}}
2026-09-12 14:08:14,566 INFO request {"path": "/measure", "payload": {"arena_id": "default", "robot_id": "202601002029", "request_id": "f2ff129f5565467a842f9f147883569f", "position": {"x": 434.1680845546582, "y": 939.1299069358772}, "channel": 18}, "attempt": 1}
2026-09-12 14:08:14,568 INFO response {"request_id": "f2ff129f5565467a842f9f147883569f", "http_status": 200, "body": {"accepted": true, "real_timestamp_ms": 1789193291212, "virtual_time_s": 3305.166428, "measure_result": "direction", "svd_deg": 190.36}}
2026-09-12 14:08:14,575 INFO request {"path": "/measure", "payload": {"arena_id": "default", "robot_id": "202601002029", "request_id": "afbb1de740024a6f8aadb49643612c9e", "position": {"x": 48.02700729708505, "y": 936.7177364072761}, "channel": 20}, "attempt": 1}
2026-09-12 14:08:14,596 INFO response {"request_id": "afbb1de740024a6f8aadb49643612c9e", "http_status": 200, "body": {"accepted": true, "real_timestamp_ms": 1789193291239, "virtual_time_s": 3388.39615, "measure_result": "direction", "svd_deg": 130.8}}
2026-09-12 14:08:14,602 INFO request {"path": "/clear", "payload": {"arena_id": "default", "robot_id": "202601002029", "request_id": "5753516969ba4cc7aa257251c7d6e4c4", "position": {"x": -208.9085746804907, "y": 1228.8093360213209}, "channel": 20}, "attempt": 1}
2026-09-12 14:08:14,603 INFO response {"request_id": "5753516969ba4cc7aa257251c7d6e4c4", "http_status": 200, "body": {"accepted": true, "real_timestamp_ms": 1789193291247, "virtual_time_s": 3471.199337, "clear_result": "success"}}
2026-09-12 14:08:14,604 INFO request {"path": "/measure", "payload": {"arena_id": "default", "robot_id": "202601002029", "request_id": "13b4cf0d486746bfa22f8b9220594ceb", "position": {"x": -103.60627749817773, "y": 1505.3816468322657}, "channel": 7}, "attempt": 1}
2026-09-12 14:08:14,605 INFO response {"request_id": "13b4cf0d486746bfa22f8b9220594ceb", "http_status": 200, "body": {"accepted": true, "real_timestamp_ms": 1789193291249, "virtual_time_s": 3536.38745, "measure_result": "direction", "svd_deg": 281.21}}
2026-09-12 14:08:14,611 INFO request {"path": "/clear", "payload": {"arena_id": "default", "robot_id": "202601002029", "request_id": "19d85569664d442cb91e205629d238f6", "position": {"x": -25.98359309059834, "y": 1114.666968067756}, "channel": 7}, "attempt": 1}
2026-09-12 14:08:14,614 INFO response {"request_id": "19d85569664d442cb91e205629d238f6", "http_status": 200, "body": {"accepted": true, "real_timestamp_ms": 1789193291257, "virtual_time_s": 3621.05758, "clear_result": "success"}}
2026-09-12 14:08:14,615 INFO request {"path": "/clear", "payload": {"arena_id": "default", "robot_id": "202601002029", "request_id": "33c1a56865e543a9951386c1ee933f7b", "position": {"x": -156.9605965690576, "y": 828.2635299247504}, "channel": 18}, "attempt": 1}
2026-09-12 14:08:14,616 INFO response {"request_id": "33c1a56865e543a9951386c1ee933f7b", "http_status": 200, "body": {"accepted": true, "real_timestamp_ms": 1789193291260, "virtual_time_s": 3689.043898, "clear_result": "success"}}
2026-09-12 14:08:14,616 INFO request {"path": "/measure", "payload": {"arena_id": "default", "robot_id": "202601002029", "request_id": "b3de2767638d46319840ed5152c30469", "position": {"x": -455.9559428367431, "y": 171.61480591683153}, "channel": 4}, "attempt": 1}
2026-09-12 14:08:14,634 INFO response {"request_id": "b3de2767638d46319840ed5152c30469", "http_status": 200, "body": {"accepted": true, "real_timestamp_ms": 1789193291278, "virtual_time_s": 3839.347157, "measure_result": "direction", "svd_deg": 132.68}}
2026-09-12 14:08:14,638 INFO request {"path": "/measure", "payload": {"arena_id": "default", "robot_id": "202601002029", "request_id": "61f4437f58af41848726eb3e1205043a", "position": {"x": -659.7429781122968, "y": -30.38536162730111}, "channel": 12}, "attempt": 1}
2026-09-12 14:08:14,639 INFO response {"request_id": "61f4437f58af41848726eb3e1205043a", "http_status": 200, "body": {"accepted": true, "real_timestamp_ms": 1789193291283, "virtual_time_s": 3902.73469, "measure_result": "direction", "svd_deg": 223.11}}
2026-09-12 14:08:14,644 INFO request {"path": "/clear", "payload": {"arena_id": "default", "robot_id": "202601002029", "request_id": "c1278b08aa874c4dafc8ffb3dd8eb7d3", "position": {"x": -951.6096367154628, "y": -304.34340275531713}, "channel": 12}, "attempt": 1}
2026-09-12 14:08:14,655 INFO response {"request_id": "c1278b08aa874c4dafc8ffb3dd8eb7d3", "http_status": 200, "body": {"accepted": true, "real_timestamp_ms": 1789193291299, "virtual_time_s": 3987.794456, "clear_result": "success"}}
2026-09-12 14:08:14,655 INFO request {"path": "/clear", "payload": {"arena_id": "default", "robot_id": "202601002029", "request_id": "aa590fd5f62b44d4910ca7f6da77bb0c", "position": {"x": -730.0300322105397, "y": 464.81063313119074}, "channel": 4}, "attempt": 1}
2026-09-12 14:08:14,674 INFO response {"request_id": "aa590fd5f62b44d4910ca7f6da77bb0c", "http_status": 200, "body": {"accepted": true, "real_timestamp_ms": 1789193291318, "virtual_time_s": 4152.881364, "clear_result": "success"}}
2026-09-12 14:08:14,674 INFO request {"path": "/measure", "payload": {"arena_id": "default", "robot_id": "202601002029", "request_id": "6e680194ec6842faaae7e0cd51aaeb1c", "position": {"x": -1597.874705247107, "y": 928.9287436488403}, "channel": 8}, "attempt": 1}
2026-09-12 14:08:14,675 INFO response {"request_id": "6e680194ec6842faaae7e0cd51aaeb1c", "http_status": 200, "body": {"accepted": true, "real_timestamp_ms": 1789193291319, "virtual_time_s": 4355.712256, "measure_result": "direction", "svd_deg": 302.51}}
2026-09-12 14:08:15,308 INFO request {"path": "/measure", "payload": {"arena_id": "default", "robot_id": "202601002029", "request_id": "8ae3477f32044ba0b752e06e91726b08", "position": {"x": -986.5696787897502, "y": 698.4483980523473}, "channel": 8}, "attempt": 1}
2026-09-12 14:08:15,327 INFO response {"request_id": "8ae3477f32044ba0b752e06e91726b08", "http_status": 200, "body": {"accepted": true, "real_timestamp_ms": 1789193291970, "virtual_time_s": 4491.37442, "measure_result": "direction", "svd_deg": 225.62}}
2026-09-12 14:08:15,332 INFO request {"path": "/clear", "payload": {"arena_id": "default", "robot_id": "202601002029", "request_id": "5a8c5c8f903140b89cd587adbd9b8655", "position": {"x": -1267.8192190432342, "y": 410.7295832507602}, "channel": 8}, "attempt": 1}
2026-09-12 14:08:15,349 INFO response {"request_id": "5a8c5c8f903140b89cd587adbd9b8655", "http_status": 200, "body": {"accepted": true, "real_timestamp_ms": 1789193291992, "virtual_time_s": 4576.843898, "clear_result": "success"}}
2026-09-12 14:08:15,349 INFO request {"path": "/exit", "payload": {"arena_id": "default", "robot_id": "202601002029", "request_id": "6274d5cefc7644fe9499be97260a145d"}, "attempt": 1}
2026-09-12 14:08:15,366 INFO response {"request_id": "6274d5cefc7644fe9499be97260a145d", "http_status": 200, "body": {"accepted": true, "real_timestamp_ms": 1789193292010, "virtual_time_s": 4576.843898, "exit_reason": "user_exit"}}
