2026-09-13 12:38:42,452 INFO request {"path": "/enter", "payload": {"arena_id": "default", "robot_id": "202601002029", "request_id": "445f8194a0274fd7b19b66e65ca46799"}, "attempt": 1}
2026-09-13 12:38:42,455 INFO response {"request_id": "445f8194a0274fd7b19b66e65ca46799", "http_status": 200, "body": {"accepted": true, "real_timestamp_ms": 1789274318440, "virtual_time_s": 0, "max_virtual_duration_s": 360000, "max_real_duration_s": 1200, "remaining_real_duration_s": 1200}}
2026-09-13 12:38:42,463 INFO request {"path": "/measure", "payload": {"arena_id": "default", "robot_id": "202601002029", "request_id": "bf47488d535146e1a1a91a97aa2ea8aa", "position": {"x": 0.0, "y": 0.0}, "channel": 1}, "attempt": 1}
2026-09-13 12:38:42,483 INFO response {"request_id": "bf47488d535146e1a1a91a97aa2ea8aa", "http_status": 200, "body": {"accepted": true, "real_timestamp_ms": 1789274318467, "virtual_time_s": 5, "measure_result": "no_signal"}}
2026-09-13 12:38:42,485 INFO request {"path": "/measure", "payload": {"arena_id": "default", "robot_id": "202601002029", "request_id": "899954671922487eb73c2c0cad6a19df", "position": {"x": 0.0, "y": 0.0}, "channel": 2}, "attempt": 1}
2026-09-13 12:38:42,488 INFO response {"request_id": "899954671922487eb73c2c0cad6a19df", "http_status": 200, "body": {"accepted": true, "real_timestamp_ms": 1789274318473, "virtual_time_s": 11, "measure_result": "direction", "svd_deg": 179.78}}
2026-09-13 12:38:42,530 INFO request {"path": "/measure", "payload": {"arena_id": "default", "robot_id": "202601002029", "request_id": "64f7397797134ebcb0ebbac5912272ca", "position": {"x": 0.0, "y": 0.0}, "channel": 3}, "attempt": 1}
2026-09-13 12:38:42,533 INFO response {"request_id": "64f7397797134ebcb0ebbac5912272ca", "http_status": 200, "body": {"accepted": true, "real_timestamp_ms": 1789274318517, "virtual_time_s": 17, "measure_result": "no_signal"}}
2026-09-13 12:38:42,533 INFO request {"path": "/measure", "payload": {"arena_id": "default", "robot_id": "202601002029", "request_id": "13e0460d0813403083d9752fbbfb4c2f", "position": {"x": 0.0, "y": 0.0}, "channel": 4}, "attempt": 1}
2026-09-13 12:38:42,546 INFO response {"request_id": "13e0460d0813403083d9752fbbfb4c2f", "http_status": 200, "body": {"accepted": true, "real_timestamp_ms": 1789274318530, "virtual_time_s": 23, "measure_result": "no_signal"}}
2026-09-13 12:38:42,546 INFO request {"path": "/measure", "payload": {"arena_id": "default", "robot_id": "202601002029", "request_id": "dc5fe9744743461693513fb0f2f1f911", "position": {"x": 0.0, "y": 0.0}, "channel": 5}, "attempt": 1}
2026-09-13 12:38:42,562 INFO response {"request_id": "dc5fe9744743461693513fb0f2f1f911", "http_status": 200, "body": {"accepted": true, "real_timestamp_ms": 1789274318546, "virtual_time_s": 29, "measure_result": "no_signal"}}
2026-09-13 12:38:42,563 INFO request {"path": "/measure", "payload": {"arena_id": "default", "robot_id": "202601002029", "request_id": "468bdee64b8b457bac994cbe13449163", "position": {"x": 0.0, "y": 0.0}, "channel": 6}, "attempt": 1}
2026-09-13 12:38:42,565 INFO response {"request_id": "468bdee64b8b457bac994cbe13449163", "http_status": 200, "body": {"accepted": true, "real_timestamp_ms": 1789274318549, "virtual_time_s": 35, "measure_result": "no_signal"}}
2026-09-13 12:38:42,566 INFO request {"path": "/measure", "payload": {"arena_id": "default", "robot_id": "202601002029", "request_id": "a55b72c17fdb48d191cac138687b5e0b", "position": {"x": 0.0, "y": 0.0}, "channel": 7}, "attempt": 1}
2026-09-13 12:38:42,593 INFO response {"request_id": "a55b72c17fdb48d191cac138687b5e0b", "http_status": 200, "body": {"accepted": true, "real_timestamp_ms": 1789274318576, "virtual_time_s": 41, "measure_result": "direction", "svd_deg": 240.64}}
2026-09-13 12:38:42,622 INFO request {"path": "/measure", "payload": {"arena_id": "default", "robot_id": "202601002029", "request_id": "40cdbe01767d4e1e8d517ddf99f30b5d", "position": {"x": 0.0, "y": 0.0}, "channel": 8}, "attempt": 1}
2026-09-13 12:38:42,638 INFO response {"request_id": "40cdbe01767d4e1e8d517ddf99f30b5d", "http_status": 200, "body": {"accepted": true, "real_timestamp_ms": 1789274318621, "virtual_time_s": 47, "measure_result": "no_signal"}}
2026-09-13 12:38:42,639 INFO request {"path": "/measure", "payload": {"arena_id": "default", "robot_id": "202601002029", "request_id": "1036803e82db4cbf90489d7a2773dee9", "position": {"x": 0.0, "y": 0.0}, "channel": 9}, "attempt": 1}
2026-09-13 12:38:42,652 INFO response {"request_id": "1036803e82db4cbf90489d7a2773dee9", "http_status": 200, "body": {"accepted": true, "real_timestamp_ms": 1789274318637, "virtual_time_s": 53, "measure_result": "no_signal"}}
2026-09-13 12:38:42,652 INFO request {"path": "/measure", "payload": {"arena_id": "default", "robot_id": "202601002029", "request_id": "f4fe10c45af14a009c498c66d6658e8e", "position": {"x": 0.0, "y": 0.0}, "channel": 10}, "attempt": 1}
2026-09-13 12:38:42,669 INFO response {"request_id": "f4fe10c45af14a009c498c66d6658e8e", "http_status": 200, "body": {"accepted": true, "real_timestamp_ms": 1789274318652, "virtual_time_s": 59, "measure_result": "no_signal"}}
2026-09-13 12:38:42,669 INFO request {"path": "/measure", "payload": {"arena_id": "default", "robot_id": "202601002029", "request_id": "31a0f12c33d6456891a10e3847d68646", "position": {"x": 0.0, "y": 0.0}, "channel": 11}, "attempt": 1}
2026-09-13 12:38:42,671 INFO response {"request_id": "31a0f12c33d6456891a10e3847d68646", "http_status": 200, "body": {"accepted": true, "real_timestamp_ms": 1789274318655, "virtual_time_s": 65, "measure_result": "no_signal"}}
2026-09-13 12:38:42,671 INFO request {"path": "/measure", "payload": {"arena_id": "default", "robot_id": "202601002029", "request_id": "f31fe5167f1b4be3b0ca2aadf8c75d5c", "position": {"x": 0.0, "y": 0.0}, "channel": 12}, "attempt": 1}
2026-09-13 12:38:42,674 INFO response {"request_id": "f31fe5167f1b4be3b0ca2aadf8c75d5c", "http_status": 200, "body": {"accepted": true, "real_timestamp_ms": 1789274318658, "virtual_time_s": 71, "measure_result": "direction", "svd_deg": 103.26}}
2026-09-13 12:38:42,701 INFO request {"path": "/measure", "payload": {"arena_id": "default", "robot_id": "202601002029", "request_id": "923691377d814cc7b5135e5215af6023", "position": {"x": 0.0, "y": 0.0}, "channel": 13}, "attempt": 1}
2026-09-13 12:38:42,715 INFO response {"request_id": "923691377d814cc7b5135e5215af6023", "http_status": 200, "body": {"accepted": true, "real_timestamp_ms": 1789274318698, "virtual_time_s": 77, "measure_result": "no_signal"}}
2026-09-13 12:38:42,716 INFO request {"path": "/measure", "payload": {"arena_id": "default", "robot_id": "202601002029", "request_id": "af6edfdac2894f848b96db69df5c19c7", "position": {"x": 0.0, "y": 0.0}, "channel": 14}, "attempt": 1}
2026-09-13 12:38:42,730 INFO response {"request_id": "af6edfdac2894f848b96db69df5c19c7", "http_status": 200, "body": {"accepted": true, "real_timestamp_ms": 1789274318714, "virtual_time_s": 83, "measure_result": "no_signal"}}
2026-09-13 12:38:42,730 INFO request {"path": "/measure", "payload": {"arena_id": "default", "robot_id": "202601002029", "request_id": "40a5cba42f7944d3a363df1be489b995", "position": {"x": 0.0, "y": 0.0}, "channel": 15}, "attempt": 1}
2026-09-13 12:38:42,745 INFO response {"request_id": "40a5cba42f7944d3a363df1be489b995", "http_status": 200, "body": {"accepted": true, "real_timestamp_ms": 1789274318729, "virtual_time_s": 89, "measure_result": "direction", "svd_deg": 141.87}}
2026-09-13 12:38:42,768 INFO request {"path": "/measure", "payload": {"arena_id": "default", "robot_id": "202601002029", "request_id": "717264a1cd0b42909ad8ad4be670086b", "position": {"x": 0.0, "y": 0.0}, "channel": 16}, "attempt": 1}
2026-09-13 12:38:42,769 INFO response {"request_id": "717264a1cd0b42909ad8ad4be670086b", "http_status": 200, "body": {"accepted": true, "real_timestamp_ms": 1789274318754, "virtual_time_s": 95, "measure_result": "no_signal"}}
2026-09-13 12:38:42,770 INFO request {"path": "/measure", "payload": {"arena_id": "default", "robot_id": "202601002029", "request_id": "4a75f78e640c4290954cd44fbcf56f0f", "position": {"x": 0.0, "y": 0.0}, "channel": 17}, "attempt": 1}
2026-09-13 12:38:42,771 INFO response {"request_id": "4a75f78e640c4290954cd44fbcf56f0f", "http_status": 200, "body": {"accepted": true, "real_timestamp_ms": 1789274318755, "virtual_time_s": 101, "measure_result": "direction", "svd_deg": 197.64}}
2026-09-13 12:38:42,784 INFO request {"path": "/measure", "payload": {"arena_id": "default", "robot_id": "202601002029", "request_id": "8bd3f84422584fdc920408e7a6a1f659", "position": {"x": 0.0, "y": 0.0}, "channel": 18}, "attempt": 1}
2026-09-13 12:38:42,786 INFO response {"request_id": "8bd3f84422584fdc920408e7a6a1f659", "http_status": 200, "body": {"accepted": true, "real_timestamp_ms": 1789274318770, "virtual_time_s": 107, "measure_result": "direction", "svd_deg": 236.18}}
2026-09-13 12:38:42,800 INFO request {"path": "/measure", "payload": {"arena_id": "default", "robot_id": "202601002029", "request_id": "119b6f7c8e29495fb8daccf47f81b640", "position": {"x": 0.0, "y": 0.0}, "channel": 19}, "attempt": 1}
2026-09-13 12:38:42,802 INFO response {"request_id": "119b6f7c8e29495fb8daccf47f81b640", "http_status": 200, "body": {"accepted": true, "real_timestamp_ms": 1789274318786, "virtual_time_s": 113, "measure_result": "no_signal"}}
2026-09-13 12:38:42,802 INFO request {"path": "/measure", "payload": {"arena_id": "default", "robot_id": "202601002029", "request_id": "eef6d9dff4104066b91d9f827a6d2466", "position": {"x": 0.0, "y": 0.0}, "channel": 20}, "attempt": 1}
2026-09-13 12:38:42,803 INFO response {"request_id": "eef6d9dff4104066b91d9f827a6d2466", "http_status": 200, "body": {"accepted": true, "real_timestamp_ms": 1789274318787, "virtual_time_s": 119, "measure_result": "no_signal"}}
2026-09-13 12:38:42,823 INFO request {"path": "/measure", "payload": {"arena_id": "default", "robot_id": "202601002029", "request_id": "bb90e88ae623497f8a5c746e48af3cc1", "position": {"x": -1130.0, "y": 1.3838508830365092e-13}, "channel": 20}, "attempt": 1}
2026-09-13 12:38:42,825 INFO response {"request_id": "bb90e88ae623497f8a5c746e48af3cc1", "http_status": 200, "body": {"accepted": true, "real_timestamp_ms": 1789274318809, "virtual_time_s": 350, "measure_result": "direction", "svd_deg": 229.52}}
2026-09-13 12:38:42,839 INFO request {"path": "/measure", "payload": {"arena_id": "default", "robot_id": "202601002029", "request_id": "aef4c14adb4d4b47b5b7d11f6ab1f6c9", "position": {"x": -1130.0, "y": 1.3838508830365092e-13}, "channel": 1}, "attempt": 1}
2026-09-13 12:38:42,840 INFO response {"request_id": "aef4c14adb4d4b47b5b7d11f6ab1f6c9", "http_status": 200, "body": {"accepted": true, "real_timestamp_ms": 1789274318825, "virtual_time_s": 356, "measure_result": "no_signal"}}
2026-09-13 12:38:42,841 INFO request {"path": "/measure", "payload": {"arena_id": "default", "robot_id": "202601002029", "request_id": "e0ec7561d5e047e791d6646e1d2c8809", "position": {"x": -1130.0, "y": 1.3838508830365092e-13}, "channel": 3}, "attempt": 1}
2026-09-13 12:38:42,853 INFO response {"request_id": "e0ec7561d5e047e791d6646e1d2c8809", "http_status": 200, "body": {"accepted": true, "real_timestamp_ms": 1789274318838, "virtual_time_s": 362, "measure_result": "no_signal"}}
2026-09-13 12:38:42,854 INFO request {"path": "/measure", "payload": {"arena_id": "default", "robot_id": "202601002029", "request_id": "89f47695d9c54b288085937a1a481f28", "position": {"x": -1130.0, "y": 1.3838508830365092e-13}, "channel": 4}, "attempt": 1}
2026-09-13 12:38:42,868 INFO response {"request_id": "89f47695d9c54b288085937a1a481f28", "http_status": 200, "body": {"accepted": true, "real_timestamp_ms": 1789274318853, "virtual_time_s": 368, "measure_result": "no_signal"}}
2026-09-13 12:38:42,868 INFO request {"path": "/measure", "payload": {"arena_id": "default", "robot_id": "202601002029", "request_id": "c3f00ea8de9d4544a9afdf60ee3a50a8", "position": {"x": -1130.0, "y": 1.3838508830365092e-13}, "channel": 5}, "attempt": 1}
2026-09-13 12:38:42,870 INFO response {"request_id": "c3f00ea8de9d4544a9afdf60ee3a50a8", "http_status": 200, "body": {"accepted": true, "real_timestamp_ms": 1789274318854, "virtual_time_s": 374, "measure_result": "no_signal"}}
2026-09-13 12:38:42,870 INFO request {"path": "/measure", "payload": {"arena_id": "default", "robot_id": "202601002029", "request_id": "4351c28d892c41b38c6941a5da63255a", "position": {"x": -1130.0, "y": 1.3838508830365092e-13}, "channel": 6}, "attempt": 1}
2026-09-13 12:38:42,871 INFO response {"request_id": "4351c28d892c41b38c6941a5da63255a", "http_status": 200, "body": {"accepted": true, "real_timestamp_ms": 1789274318856, "virtual_time_s": 380, "measure_result": "no_signal"}}
2026-09-13 12:38:42,871 INFO request {"path": "/measure", "payload": {"arena_id": "default", "robot_id": "202601002029", "request_id": "6310c99f9bdb4520a76d8d42204fb205", "position": {"x": -1130.0, "y": 1.3838508830365092e-13}, "channel": 8}, "attempt": 1}
2026-09-13 12:38:42,872 INFO response {"request_id": "6310c99f9bdb4520a76d8d42204fb205", "http_status": 200, "body": {"accepted": true, "real_timestamp_ms": 1789274318857, "virtual_time_s": 386, "measure_result": "no_signal"}}
2026-09-13 12:38:42,872 INFO request {"path": "/measure", "payload": {"arena_id": "default", "robot_id": "202601002029", "request_id": "e4971384b79145e881c838728d18693d", "position": {"x": -1130.0, "y": 1.3838508830365092e-13}, "channel": 9}, "attempt": 1}
2026-09-13 12:38:42,873 INFO response {"request_id": "e4971384b79145e881c838728d18693d", "http_status": 200, "body": {"accepted": true, "real_timestamp_ms": 1789274318858, "virtual_time_s": 392, "measure_result": "no_signal"}}
2026-09-13 12:38:42,874 INFO request {"path": "/measure", "payload": {"arena_id": "default", "robot_id": "202601002029", "request_id": "47e419cc4c54418098fc8d97478b2de3", "position": {"x": -1130.0, "y": 1.3838508830365092e-13}, "channel": 10}, "attempt": 1}
2026-09-13 12:38:42,874 INFO response {"request_id": "47e419cc4c54418098fc8d97478b2de3", "http_status": 200, "body": {"accepted": true, "real_timestamp_ms": 1789274318859, "virtual_time_s": 398, "measure_result": "no_signal"}}
2026-09-13 12:38:42,875 INFO request {"path": "/measure", "payload": {"arena_id": "default", "robot_id": "202601002029", "request_id": "5310e09a946642638596679392b34929", "position": {"x": -1130.0, "y": 1.3838508830365092e-13}, "channel": 11}, "attempt": 1}
2026-09-13 12:38:42,898 INFO response {"request_id": "5310e09a946642638596679392b34929", "http_status": 200, "body": {"accepted": true, "real_timestamp_ms": 1789274318882, "virtual_time_s": 404, "measure_result": "direction", "svd_deg": 217.04}}
2026-09-13 12:38:42,916 INFO request {"path": "/measure", "payload": {"arena_id": "default", "robot_id": "202601002029", "request_id": "164aeb962c3749068cfdefb016c64e17", "position": {"x": -1130.0, "y": 1.3838508830365092e-13}, "channel": 13}, "attempt": 1}
2026-09-13 12:38:42,917 INFO response {"request_id": "164aeb962c3749068cfdefb016c64e17", "http_status": 200, "body": {"accepted": true, "real_timestamp_ms": 1789274318902, "virtual_time_s": 410, "measure_result": "no_signal"}}
2026-09-13 12:38:42,917 INFO request {"path": "/measure", "payload": {"arena_id": "default", "robot_id": "202601002029", "request_id": "4dd4068a6b854441aef1f11b78c1878c", "position": {"x": -1130.0, "y": 1.3838508830365092e-13}, "channel": 14}, "attempt": 1}
2026-09-13 12:38:42,919 INFO response {"request_id": "4dd4068a6b854441aef1f11b78c1878c", "http_status": 200, "body": {"accepted": true, "real_timestamp_ms": 1789274318904, "virtual_time_s": 416, "measure_result": "direction", "svd_deg": 122.81}}
2026-09-13 12:38:42,932 INFO request {"path": "/measure", "payload": {"arena_id": "default", "robot_id": "202601002029", "request_id": "b0a8e56e8f294022b8cf9b36293d8aa6", "position": {"x": -1130.0, "y": 1.3838508830365092e-13}, "channel": 16}, "attempt": 1}
2026-09-13 12:38:42,934 INFO response {"request_id": "b0a8e56e8f294022b8cf9b36293d8aa6", "http_status": 200, "body": {"accepted": true, "real_timestamp_ms": 1789274318919, "virtual_time_s": 422, "measure_result": "no_signal"}}
2026-09-13 12:38:42,934 INFO request {"path": "/measure", "payload": {"arena_id": "default", "robot_id": "202601002029", "request_id": "619cd023fa17456b8898fc11f679b810", "position": {"x": -1130.0, "y": 1.3838508830365092e-13}, "channel": 19}, "attempt": 1}
2026-09-13 12:38:42,935 INFO response {"request_id": "619cd023fa17456b8898fc11f679b810", "http_status": 200, "body": {"accepted": true, "real_timestamp_ms": 1789274318920, "virtual_time_s": 428, "measure_result": "no_signal"}}
2026-09-13 12:38:43,086 INFO request {"path": "/measure", "payload": {"arena_id": "default", "robot_id": "202601002029", "request_id": "0a4814bee9b54841a2558ed580922759", "position": {"x": -1130.0, "y": 1.3838508830365092e-13}, "channel": 18}, "attempt": 1}
2026-09-13 12:38:43,100 INFO response {"request_id": "0a4814bee9b54841a2558ed580922759", "http_status": 200, "body": {"accepted": true, "real_timestamp_ms": 1789274319085, "virtual_time_s": 434, "measure_result": "direction", "svd_deg": 303.27}}
2026-09-13 12:38:43,209 INFO request {"path": "/measure", "payload": {"arena_id": "default", "robot_id": "202601002029", "request_id": "56ddc709da074f39a44c0232df65a062", "position": {"x": -1130.0, "y": 1.3838508830365092e-13}, "channel": 7}, "attempt": 1}
2026-09-13 12:38:43,226 INFO response {"request_id": "56ddc709da074f39a44c0232df65a062", "http_status": 200, "body": {"accepted": true, "real_timestamp_ms": 1789274319210, "virtual_time_s": 440, "measure_result": "direction", "svd_deg": 300.32}}
2026-09-13 12:38:43,313 INFO request {"path": "/measure", "payload": {"arena_id": "default", "robot_id": "202601002029", "request_id": "412a8a660a8a4b7899f542006e6760a7", "position": {"x": -565.0000000000005, "y": -978.6087062764154}, "channel": 1}, "attempt": 1}
2026-09-13 12:38:43,314 INFO response {"request_id": "412a8a660a8a4b7899f542006e6760a7", "http_status": 200, "body": {"accepted": true, "real_timestamp_ms": 1789274319299, "virtual_time_s": 672, "measure_result": "direction", "svd_deg": 316.57}}
2026-09-13 12:38:43,341 INFO request {"path": "/measure", "payload": {"arena_id": "default", "robot_id": "202601002029", "request_id": "c1860937e4f64d649efd0755e2ec76f7", "position": {"x": -565.0000000000005, "y": -978.6087062764154}, "channel": 3}, "attempt": 1}
2026-09-13 12:38:43,368 INFO response {"request_id": "c1860937e4f64d649efd0755e2ec76f7", "http_status": 200, "body": {"accepted": true, "real_timestamp_ms": 1789274319352, "virtual_time_s": 678, "measure_result": "no_signal"}}
2026-09-13 12:38:43,368 INFO request {"path": "/measure", "payload": {"arena_id": "default", "robot_id": "202601002029", "request_id": "0ee2b3b4bb7943a792351ab558f15280", "position": {"x": -565.0000000000005, "y": -978.6087062764154}, "channel": 4}, "attempt": 1}
2026-09-13 12:38:43,371 INFO response {"request_id": "0ee2b3b4bb7943a792351ab558f15280", "http_status": 200, "body": {"accepted": true, "real_timestamp_ms": 1789274319355, "virtual_time_s": 684, "measure_result": "no_signal"}}
2026-09-13 12:38:43,371 INFO request {"path": "/measure", "payload": {"arena_id": "default", "robot_id": "202601002029", "request_id": "27723a713bf44342aa6413701e1dade6", "position": {"x": -565.0000000000005, "y": -978.6087062764154}, "channel": 5}, "attempt": 1}
2026-09-13 12:38:43,374 INFO response {"request_id": "27723a713bf44342aa6413701e1dade6", "http_status": 200, "body": {"accepted": true, "real_timestamp_ms": 1789274319358, "virtual_time_s": 690, "measure_result": "no_signal"}}
2026-09-13 12:38:43,374 INFO request {"path": "/measure", "payload": {"arena_id": "default", "robot_id": "202601002029", "request_id": "be749f1100c2475ab537a47dad992e27", "position": {"x": -565.0000000000005, "y": -978.6087062764154}, "channel": 6}, "attempt": 1}
2026-09-13 12:38:43,376 INFO response {"request_id": "be749f1100c2475ab537a47dad992e27", "http_status": 200, "body": {"accepted": true, "real_timestamp_ms": 1789274319361, "virtual_time_s": 696, "measure_result": "no_signal"}}
2026-09-13 12:38:43,377 INFO request {"path": "/measure", "payload": {"arena_id": "default", "robot_id": "202601002029", "request_id": "6e19ed32069d42d6bbbf137ea5753ff7", "position": {"x": -565.0000000000005, "y": -978.6087062764154}, "channel": 8}, "attempt": 1}
2026-09-13 12:38:43,379 INFO response {"request_id": "6e19ed32069d42d6bbbf137ea5753ff7", "http_status": 200, "body": {"accepted": true, "real_timestamp_ms": 1789274319363, "virtual_time_s": 702, "measure_result": "no_signal"}}
2026-09-13 12:38:43,379 INFO request {"path": "/measure", "payload": {"arena_id": "default", "robot_id": "202601002029", "request_id": "92bb93b0482145f4b06f2ff407ce0761", "position": {"x": -565.0000000000005, "y": -978.6087062764154}, "channel": 9}, "attempt": 1}
2026-09-13 12:38:43,381 INFO response {"request_id": "92bb93b0482145f4b06f2ff407ce0761", "http_status": 200, "body": {"accepted": true, "real_timestamp_ms": 1789274319366, "virtual_time_s": 708, "measure_result": "no_signal"}}
2026-09-13 12:38:43,382 INFO request {"path": "/measure", "payload": {"arena_id": "default", "robot_id": "202601002029", "request_id": "5ef2184be0f74b5a9eab671e4d45e684", "position": {"x": -565.0000000000005, "y": -978.6087062764154}, "channel": 10}, "attempt": 1}
2026-09-13 12:38:43,399 INFO response {"request_id": "5ef2184be0f74b5a9eab671e4d45e684", "http_status": 200, "body": {"accepted": true, "real_timestamp_ms": 1789274319383, "virtual_time_s": 714, "measure_result": "no_signal"}}
2026-09-13 12:38:43,400 INFO request {"path": "/measure", "payload": {"arena_id": "default", "robot_id": "202601002029", "request_id": "56521c5d074a4b25a40674cd4f717ce6", "position": {"x": -565.0000000000005, "y": -978.6087062764154}, "channel": 13}, "attempt": 1}
2026-09-13 12:38:43,415 INFO response {"request_id": "56521c5d074a4b25a40674cd4f717ce6", "http_status": 200, "body": {"accepted": true, "real_timestamp_ms": 1789274319398, "virtual_time_s": 720, "measure_result": "no_signal"}}
2026-09-13 12:38:43,415 INFO request {"path": "/measure", "payload": {"arena_id": "default", "robot_id": "202601002029", "request_id": "890587905fc34e59b7af7cf1ca5bed1f", "position": {"x": -565.0000000000005, "y": -978.6087062764154}, "channel": 16}, "attempt": 1}
2026-09-13 12:38:43,429 INFO response {"request_id": "890587905fc34e59b7af7cf1ca5bed1f", "http_status": 200, "body": {"accepted": true, "real_timestamp_ms": 1789274319413, "virtual_time_s": 726, "measure_result": "no_signal"}}
2026-09-13 12:38:43,430 INFO request {"path": "/measure", "payload": {"arena_id": "default", "robot_id": "202601002029", "request_id": "867fae4c9cb548c495c5ff3f11032c64", "position": {"x": -565.0000000000005, "y": -978.6087062764154}, "channel": 19}, "attempt": 1}
2026-09-13 12:38:43,431 INFO response {"request_id": "867fae4c9cb548c495c5ff3f11032c64", "http_status": 200, "body": {"accepted": true, "real_timestamp_ms": 1789274319415, "virtual_time_s": 732, "measure_result": "no_signal"}}
2026-09-13 12:38:43,600 INFO request {"path": "/measure", "payload": {"arena_id": "default", "robot_id": "202601002029", "request_id": "c622b000dea04b7eaf8f3a85540d3ebf", "position": {"x": -565.0000000000005, "y": -978.6087062764154}, "channel": 7}, "attempt": 1}
2026-09-13 12:38:43,602 INFO response {"request_id": "c622b000dea04b7eaf8f3a85540d3ebf", "http_status": 200, "body": {"accepted": true, "real_timestamp_ms": 1789274319586, "virtual_time_s": 738, "measure_result": "direction", "svd_deg": 337.68}}
2026-09-13 12:38:43,715 INFO request {"path": "/measure", "payload": {"arena_id": "default", "robot_id": "202601002029", "request_id": "2377b006958e46dfbbb10ecff535ffe2", "position": {"x": -565.0000000000005, "y": -978.6087062764154}, "channel": 17}, "attempt": 1}
2026-09-13 12:38:43,717 INFO response {"request_id": "2377b006958e46dfbbb10ecff535ffe2", "http_status": 200, "body": {"accepted": true, "real_timestamp_ms": 1789274319701, "virtual_time_s": 744, "measure_result": "direction", "svd_deg": 130.24}}
2026-09-13 12:38:43,778 INFO request {"path": "/clear", "payload": {"arena_id": "default", "robot_id": "202601002029", "request_id": "7ef905d6a113430ebcf0503e8d5c6236", "position": {"x": -549.8221640378124, "y": -984.5324014902556}, "channel": 7}, "attempt": 1}
2026-09-13 12:38:43,806 INFO response {"request_id": "7ef905d6a113430ebcf0503e8d5c6236", "http_status": 200, "body": {"accepted": true, "real_timestamp_ms": 1789274319790, "virtual_time_s": 752.258569, "clear_result": "success"}}
2026-09-13 12:38:43,890 INFO request {"path": "/measure", "payload": {"arena_id": "default", "robot_id": "202601002029", "request_id": "4e3bff8b47684816afa4d17cb94298ce", "position": {"x": -549.8221640378124, "y": -984.5324014902556}, "channel": 20}, "attempt": 1}
2026-09-13 12:38:43,891 INFO response {"request_id": "4e3bff8b47684816afa4d17cb94298ce", "http_status": 200, "body": {"accepted": true, "real_timestamp_ms": 1789274319876, "virtual_time_s": 758.258569, "measure_result": "no_signal"}}
2026-09-13 12:38:43,904 INFO request {"path": "/measure", "payload": {"arena_id": "default", "robot_id": "202601002029", "request_id": "37343de79a8a42899550de7043ec280f", "position": {"x": 565.0000000000001, "y": -978.6087062764157}, "channel": 3}, "attempt": 1}
2026-09-13 12:38:43,906 INFO response {"request_id": "37343de79a8a42899550de7043ec280f", "http_status": 200, "body": {"accepted": true, "real_timestamp_ms": 1789274319891, "virtual_time_s": 987.226149, "measure_result": "no_signal"}}
2026-09-13 12:38:43,906 INFO request {"path": "/measure", "payload": {"arena_id": "default", "robot_id": "202601002029", "request_id": "fc7a1dcb37834d05893196d4bf3550cd", "position": {"x": 565.0000000000001, "y": -978.6087062764157}, "channel": 4}, "attempt": 1}
2026-09-13 12:38:43,907 INFO response {"request_id": "fc7a1dcb37834d05893196d4bf3550cd", "http_status": 200, "body": {"accepted": true, "real_timestamp_ms": 1789274319892, "virtual_time_s": 993.226149, "measure_result": "no_signal"}}
2026-09-13 12:38:43,908 INFO request {"path": "/measure", "payload": {"arena_id": "default", "robot_id": "202601002029", "request_id": "069da2eca0d34135aabc8e9f1902f559", "position": {"x": 565.0000000000001, "y": -978.6087062764157}, "channel": 5}, "attempt": 1}
2026-09-13 12:38:43,908 INFO response {"request_id": "069da2eca0d34135aabc8e9f1902f559", "http_status": 200, "body": {"accepted": true, "real_timestamp_ms": 1789274319893, "virtual_time_s": 999.226149, "measure_result": "direction", "svd_deg": 44.93}}
2026-09-13 12:38:43,922 INFO request {"path": "/measure", "payload": {"arena_id": "default", "robot_id": "202601002029", "request_id": "b0d1d8bf411d453bb91721147f04313e", "position": {"x": 565.0000000000001, "y": -978.6087062764157}, "channel": 6}, "attempt": 1}
2026-09-13 12:38:43,923 INFO response {"request_id": "b0d1d8bf411d453bb91721147f04313e", "http_status": 200, "body": {"accepted": true, "real_timestamp_ms": 1789274319907, "virtual_time_s": 1005.226149, "measure_result": "no_signal"}}
2026-09-13 12:38:43,923 INFO request {"path": "/measure", "payload": {"arena_id": "default", "robot_id": "202601002029", "request_id": "b587ea5165f04d5c8f48b37c6ff0cb73", "position": {"x": 565.0000000000001, "y": -978.6087062764157}, "channel": 8}, "attempt": 1}
2026-09-13 12:38:43,946 INFO response {"request_id": "b587ea5165f04d5c8f48b37c6ff0cb73", "http_status": 200, "body": {"accepted": true, "real_timestamp_ms": 1789274319930, "virtual_time_s": 1011.226149, "measure_result": "direction", "svd_deg": 0.4}}
2026-09-13 12:38:43,966 INFO request {"path": "/measure", "payload": {"arena_id": "default", "robot_id": "202601002029", "request_id": "452f92ac9a03438bb6a4e041b10cb580", "position": {"x": 565.0000000000001, "y": -978.6087062764157}, "channel": 9}, "attempt": 1}
2026-09-13 12:38:43,968 INFO response {"request_id": "452f92ac9a03438bb6a4e041b10cb580", "http_status": 200, "body": {"accepted": true, "real_timestamp_ms": 1789274319952, "virtual_time_s": 1017.226149, "measure_result": "no_signal"}}
2026-09-13 12:38:43,968 INFO request {"path": "/measure", "payload": {"arena_id": "default", "robot_id": "202601002029", "request_id": "a03b6ef1d6574ccb84b2477284179d0a", "position": {"x": 565.0000000000001, "y": -978.6087062764157}, "channel": 10}, "attempt": 1}
2026-09-13 12:38:43,968 INFO response {"request_id": "a03b6ef1d6574ccb84b2477284179d0a", "http_status": 200, "body": {"accepted": true, "real_timestamp_ms": 1789274319953, "virtual_time_s": 1023.226149, "measure_result": "no_signal"}}
2026-09-13 12:38:43,969 INFO request {"path": "/measure", "payload": {"arena_id": "default", "robot_id": "202601002029", "request_id": "b02aa6d02138485caf7f71ea9af4cb07", "position": {"x": 565.0000000000001, "y": -978.6087062764157}, "channel": 13}, "attempt": 1}
2026-09-13 12:38:43,969 INFO response {"request_id": "b02aa6d02138485caf7f71ea9af4cb07", "http_status": 200, "body": {"accepted": true, "real_timestamp_ms": 1789274319954, "virtual_time_s": 1029.226149, "measure_result": "no_signal"}}
2026-09-13 12:38:43,969 INFO request {"path": "/measure", "payload": {"arena_id": "default", "robot_id": "202601002029", "request_id": "75c27b90a3744634b34f96e9ee142e20", "position": {"x": 565.0000000000001, "y": -978.6087062764157}, "channel": 16}, "attempt": 1}
2026-09-13 12:38:43,992 INFO response {"request_id": "75c27b90a3744634b34f96e9ee142e20", "http_status": 200, "body": {"accepted": true, "real_timestamp_ms": 1789274319977, "virtual_time_s": 1035.226149, "measure_result": "no_signal"}}
2026-09-13 12:38:43,992 INFO request {"path": "/measure", "payload": {"arena_id": "default", "robot_id": "202601002029", "request_id": "869c8782770c4472a8525ced0e90ac79", "position": {"x": 565.0000000000001, "y": -978.6087062764157}, "channel": 19}, "attempt": 1}
2026-09-13 12:38:43,994 INFO response {"request_id": "869c8782770c4472a8525ced0e90ac79", "http_status": 200, "body": {"accepted": true, "real_timestamp_ms": 1789274319978, "virtual_time_s": 1041.226149, "measure_result": "no_signal"}}
2026-09-13 12:38:44,040 INFO request {"path": "/measure", "payload": {"arena_id": "default", "robot_id": "202601002029", "request_id": "20b9d704e3bb451e93aed0cbddc9b753", "position": {"x": 565.0000000000001, "y": -978.6087062764157}, "channel": 1}, "attempt": 1}
2026-09-13 12:38:44,054 INFO response {"request_id": "20b9d704e3bb451e93aed0cbddc9b753", "http_status": 200, "body": {"accepted": true, "real_timestamp_ms": 1789274320038, "virtual_time_s": 1047.226149, "measure_result": "direction", "svd_deg": 195.04}}
2026-09-13 12:38:44,076 INFO request {"path": "/measure", "payload": {"arena_id": "default", "robot_id": "202601002029", "request_id": "367d13cc07e94ce3851a6a49aa2e59d5", "position": {"x": 1130.0, "y": 0.0}, "channel": 3}, "attempt": 1}
2026-09-13 12:38:44,078 INFO response {"request_id": "367d13cc07e94ce3851a6a49aa2e59d5", "http_status": 200, "body": {"accepted": true, "real_timestamp_ms": 1789274320063, "virtual_time_s": 1279.226149, "measure_result": "no_signal"}}
2026-09-13 12:38:44,078 INFO request {"path": "/measure", "payload": {"arena_id": "default", "robot_id": "202601002029", "request_id": "41807fe1f0a64d6d8b22ff5dc25b5571", "position": {"x": 1130.0, "y": 0.0}, "channel": 4}, "attempt": 1}
2026-09-13 12:38:44,079 INFO response {"request_id": "41807fe1f0a64d6d8b22ff5dc25b5571", "http_status": 200, "body": {"accepted": true, "real_timestamp_ms": 1789274320064, "virtual_time_s": 1285.226149, "measure_result": "no_signal"}}
2026-09-13 12:38:44,080 INFO request {"path": "/measure", "payload": {"arena_id": "default", "robot_id": "202601002029", "request_id": "9a1ea3ba217e47ddb4fe32af32e72b20", "position": {"x": 1130.0, "y": 0.0}, "channel": 6}, "attempt": 1}
2026-09-13 12:38:44,100 INFO response {"request_id": "9a1ea3ba217e47ddb4fe32af32e72b20", "http_status": 200, "body": {"accepted": true, "real_timestamp_ms": 1789274320084, "virtual_time_s": 1291.226149, "measure_result": "no_signal"}}
2026-09-13 12:38:44,100 INFO request {"path": "/measure", "payload": {"arena_id": "default", "robot_id": "202601002029", "request_id": "99661a45b1834339a78a123e00f37bd4", "position": {"x": 1130.0, "y": 0.0}, "channel": 9}, "attempt": 1}
2026-09-13 12:38:44,102 INFO response {"request_id": "99661a45b1834339a78a123e00f37bd4", "http_status": 200, "body": {"accepted": true, "real_timestamp_ms": 1789274320086, "virtual_time_s": 1297.226149, "measure_result": "no_signal"}}
2026-09-13 12:38:44,103 INFO request {"path": "/measure", "payload": {"arena_id": "default", "robot_id": "202601002029", "request_id": "ea19dea40b8e4afcbdab6ef29a855b45", "position": {"x": 1130.0, "y": 0.0}, "channel": 10}, "attempt": 1}
2026-09-13 12:38:44,104 INFO response {"request_id": "ea19dea40b8e4afcbdab6ef29a855b45", "http_status": 200, "body": {"accepted": true, "real_timestamp_ms": 1789274320088, "virtual_time_s": 1303.226149, "measure_result": "direction", "svd_deg": 86.63}}
2026-09-13 12:38:44,139 INFO request {"path": "/measure", "payload": {"arena_id": "default", "robot_id": "202601002029", "request_id": "6f6ceb60af0e41ecb38aa0eb95277e55", "position": {"x": 1130.0, "y": 0.0}, "channel": 13}, "attempt": 1}
2026-09-13 12:38:44,163 INFO response {"request_id": "6f6ceb60af0e41ecb38aa0eb95277e55", "http_status": 200, "body": {"accepted": true, "real_timestamp_ms": 1789274320146, "virtual_time_s": 1309.226149, "measure_result": "no_signal"}}
2026-09-13 12:38:44,165 INFO request {"path": "/measure", "payload": {"arena_id": "default", "robot_id": "202601002029", "request_id": "e8ba86cc06fd42b4abf5b7facb8391df", "position": {"x": 1130.0, "y": 0.0}, "channel": 16}, "attempt": 1}
2026-09-13 12:38:44,167 INFO response {"request_id": "e8ba86cc06fd42b4abf5b7facb8391df", "http_status": 200, "body": {"accepted": true, "real_timestamp_ms": 1789274320152, "virtual_time_s": 1315.226149, "measure_result": "no_signal"}}
2026-09-13 12:38:44,169 INFO request {"path": "/measure", "payload": {"arena_id": "default", "robot_id": "202601002029", "request_id": "4b5873c89e754f82bb76b909b6123ad7", "position": {"x": 1130.0, "y": 0.0}, "channel": 19}, "attempt": 1}
2026-09-13 12:38:44,170 INFO response {"request_id": "4b5873c89e754f82bb76b909b6123ad7", "http_status": 200, "body": {"accepted": true, "real_timestamp_ms": 1789274320155, "virtual_time_s": 1321.226149, "measure_result": "no_signal"}}
2026-09-13 12:38:44,286 INFO request {"path": "/measure", "payload": {"arena_id": "default", "robot_id": "202601002029", "request_id": "9bf590e1327f40a7bed450e487ca1a4f", "position": {"x": 1130.0, "y": 0.0}, "channel": 8}, "attempt": 1}
2026-09-13 12:38:44,287 INFO response {"request_id": "9bf590e1327f40a7bed450e487ca1a4f", "http_status": 200, "body": {"accepted": true, "real_timestamp_ms": 1789274320272, "virtual_time_s": 1327.226149, "measure_result": "direction", "svd_deg": 283.21}}
2026-09-13 12:38:44,366 INFO request {"path": "/measure", "payload": {"arena_id": "default", "robot_id": "202601002029", "request_id": "eae28436abe74086af784bd7b60e3b98", "position": {"x": 1130.0, "y": 0.0}, "channel": 5}, "attempt": 1}
2026-09-13 12:38:44,368 INFO response {"request_id": "eae28436abe74086af784bd7b60e3b98", "http_status": 200, "body": {"accepted": true, "real_timestamp_ms": 1789274320353, "virtual_time_s": 1333.226149, "measure_result": "direction", "svd_deg": 297.34}}
2026-09-13 12:38:44,401 INFO request {"path": "/measure", "payload": {"arena_id": "default", "robot_id": "202601002029", "request_id": "b7baf540fac045e3afb542cc74fb841c", "position": {"x": 565.0000000000001, "y": 978.6087062764157}, "channel": 3}, "attempt": 1}
2026-09-13 12:38:44,413 INFO response {"request_id": "b7baf540fac045e3afb542cc74fb841c", "http_status": 200, "body": {"accepted": true, "real_timestamp_ms": 1789274320397, "virtual_time_s": 1565.226149, "measure_result": "no_signal"}}
2026-09-13 12:38:44,413 INFO request {"path": "/measure", "payload": {"arena_id": "default", "robot_id": "202601002029", "request_id": "a751683d034e41a78f52a5748992e6a7", "position": {"x": 565.0000000000001, "y": 978.6087062764157}, "channel": 4}, "attempt": 1}
2026-09-13 12:38:44,414 INFO response {"request_id": "a751683d034e41a78f52a5748992e6a7", "http_status": 200, "body": {"accepted": true, "real_timestamp_ms": 1789274320399, "virtual_time_s": 1571.226149, "measure_result": "no_signal"}}
2026-09-13 12:38:44,415 INFO request {"path": "/measure", "payload": {"arena_id": "default", "robot_id": "202601002029", "request_id": "a57a62d3ca6e4e82b0ea0b4c41658e7a", "position": {"x": 565.0000000000001, "y": 978.6087062764157}, "channel": 6}, "attempt": 1}
2026-09-13 12:38:44,416 INFO response {"request_id": "a57a62d3ca6e4e82b0ea0b4c41658e7a", "http_status": 200, "body": {"accepted": true, "real_timestamp_ms": 1789274320400, "virtual_time_s": 1577.226149, "measure_result": "no_signal"}}
2026-09-13 12:38:44,417 INFO request {"path": "/measure", "payload": {"arena_id": "default", "robot_id": "202601002029", "request_id": "76055712303246f1a8a86ecb60fc4d22", "position": {"x": 565.0000000000001, "y": 978.6087062764157}, "channel": 9}, "attempt": 1}
2026-09-13 12:38:44,417 INFO response {"request_id": "76055712303246f1a8a86ecb60fc4d22", "http_status": 200, "body": {"accepted": true, "real_timestamp_ms": 1789274320402, "virtual_time_s": 1583.226149, "measure_result": "no_signal"}}
2026-09-13 12:38:44,418 INFO request {"path": "/measure", "payload": {"arena_id": "default", "robot_id": "202601002029", "request_id": "921dee1fb91a4d01a6d633a35eeacdd4", "position": {"x": 565.0000000000001, "y": 978.6087062764157}, "channel": 13}, "attempt": 1}
2026-09-13 12:38:44,418 INFO response {"request_id": "921dee1fb91a4d01a6d633a35eeacdd4", "http_status": 200, "body": {"accepted": true, "real_timestamp_ms": 1789274320403, "virtual_time_s": 1589.226149, "measure_result": "no_signal"}}
2026-09-13 12:38:44,419 INFO request {"path": "/measure", "payload": {"arena_id": "default", "robot_id": "202601002029", "request_id": "87f9029a07114638aae3c8997cbdfa42", "position": {"x": 565.0000000000001, "y": 978.6087062764157}, "channel": 16}, "attempt": 1}
2026-09-13 12:38:44,419 INFO response {"request_id": "87f9029a07114638aae3c8997cbdfa42", "http_status": 200, "body": {"accepted": true, "real_timestamp_ms": 1789274320404, "virtual_time_s": 1595.226149, "measure_result": "no_signal"}}
2026-09-13 12:38:44,419 INFO request {"path": "/measure", "payload": {"arena_id": "default", "robot_id": "202601002029", "request_id": "0809b4771a18431e969aec10d3578769", "position": {"x": 565.0000000000001, "y": 978.6087062764157}, "channel": 19}, "attempt": 1}
2026-09-13 12:38:44,420 INFO response {"request_id": "0809b4771a18431e969aec10d3578769", "http_status": 200, "body": {"accepted": true, "real_timestamp_ms": 1789274320405, "virtual_time_s": 1601.226149, "measure_result": "direction", "svd_deg": 136.29}}
2026-09-13 12:38:44,563 INFO request {"path": "/measure", "payload": {"arena_id": "default", "robot_id": "202601002029", "request_id": "823cbb7db18142babac85474c7484022", "position": {"x": 565.0000000000001, "y": 978.6087062764157}, "channel": 12}, "attempt": 1}
2026-09-13 12:38:44,586 INFO response {"request_id": "823cbb7db18142babac85474c7484022", "http_status": 200, "body": {"accepted": true, "real_timestamp_ms": 1789274320570, "virtual_time_s": 1607.226149, "measure_result": "direction", "svd_deg": 160.28}}
2026-09-13 12:38:44,654 INFO request {"path": "/measure", "payload": {"arena_id": "default", "robot_id": "202601002029", "request_id": "312eaa2dc26e41f28b5340ebd9fa406d", "position": {"x": 565.0000000000001, "y": 978.6087062764157}, "channel": 10}, "attempt": 1}
2026-09-13 12:38:44,655 INFO response {"request_id": "312eaa2dc26e41f28b5340ebd9fa406d", "http_status": 200, "body": {"accepted": true, "real_timestamp_ms": 1789274320640, "virtual_time_s": 1613.226149, "measure_result": "direction", "svd_deg": 312.14}}
2026-09-13 12:38:44,675 INFO request {"path": "/measure", "payload": {"arena_id": "default", "robot_id": "202601002029", "request_id": "b49c5c4e050243fba1fad84f08b2a779", "position": {"x": -564.9999999999998, "y": 978.6087062764158}, "channel": 3}, "attempt": 1}
2026-09-13 12:38:44,676 INFO response {"request_id": "b49c5c4e050243fba1fad84f08b2a779", "http_status": 200, "body": {"accepted": true, "real_timestamp_ms": 1789274320661, "virtual_time_s": 1845.226149, "measure_result": "no_signal"}}
2026-09-13 12:38:44,677 INFO request {"path": "/measure", "payload": {"arena_id": "default", "robot_id": "202601002029", "request_id": "27a1fd445fc941c5a04f00043324c22e", "position": {"x": -564.9999999999998, "y": 978.6087062764158}, "channel": 4}, "attempt": 1}
2026-09-13 12:38:44,695 INFO response {"request_id": "27a1fd445fc941c5a04f00043324c22e", "http_status": 200, "body": {"accepted": true, "real_timestamp_ms": 1789274320679, "virtual_time_s": 1851.226149, "measure_result": "no_signal"}}
2026-09-13 12:38:44,695 INFO request {"path": "/measure", "payload": {"arena_id": "default", "robot_id": "202601002029", "request_id": "2eab220873ce4d53a7d77fb3c3b513e6", "position": {"x": -564.9999999999998, "y": 978.6087062764158}, "channel": 6}, "attempt": 1}
2026-09-13 12:38:44,710 INFO response {"request_id": "2eab220873ce4d53a7d77fb3c3b513e6", "http_status": 200, "body": {"accepted": true, "real_timestamp_ms": 1789274320694, "virtual_time_s": 1857.226149, "measure_result": "no_signal"}}
2026-09-13 12:38:44,711 INFO request {"path": "/measure", "payload": {"arena_id": "default", "robot_id": "202601002029", "request_id": "075b027514744713b9677f65428967d6", "position": {"x": -564.9999999999998, "y": 978.6087062764158}, "channel": 9}, "attempt": 1}
2026-09-13 12:38:44,726 INFO response {"request_id": "075b027514744713b9677f65428967d6", "http_status": 200, "body": {"accepted": true, "real_timestamp_ms": 1789274320710, "virtual_time_s": 1863.226149, "measure_result": "no_signal"}}
2026-09-13 12:38:44,727 INFO request {"path": "/measure", "payload": {"arena_id": "default", "robot_id": "202601002029", "request_id": "cdc4f86c0f054268b64d1ece93bcee12", "position": {"x": -564.9999999999998, "y": 978.6087062764158}, "channel": 13}, "attempt": 1}
2026-09-13 12:38:44,741 INFO response {"request_id": "cdc4f86c0f054268b64d1ece93bcee12", "http_status": 200, "body": {"accepted": true, "real_timestamp_ms": 1789274320726, "virtual_time_s": 1869.226149, "measure_result": "no_signal"}}
2026-09-13 12:38:44,742 INFO request {"path": "/measure", "payload": {"arena_id": "default", "robot_id": "202601002029", "request_id": "43e1b960ae7744e3ba48f77d774bd663", "position": {"x": -564.9999999999998, "y": 978.6087062764158}, "channel": 16}, "attempt": 1}
2026-09-13 12:38:44,757 INFO response {"request_id": "43e1b960ae7744e3ba48f77d774bd663", "http_status": 200, "body": {"accepted": true, "real_timestamp_ms": 1789274320742, "virtual_time_s": 1875.226149, "measure_result": "no_signal"}}
2026-09-13 12:38:44,977 INFO request {"path": "/measure", "payload": {"arena_id": "default", "robot_id": "202601002029", "request_id": "89cd418acea3428e822d310243881833", "position": {"x": -564.9999999999998, "y": 978.6087062764158}, "channel": 12}, "attempt": 1}
2026-09-13 12:38:44,979 INFO response {"request_id": "89cd418acea3428e822d310243881833", "http_status": 200, "body": {"accepted": true, "real_timestamp_ms": 1789274320964, "virtual_time_s": 1881.226149, "measure_result": "direction", "svd_deg": 46.59}}
2026-09-13 12:38:45,129 INFO request {"path": "/measure", "payload": {"arena_id": "default", "robot_id": "202601002029", "request_id": "46bfafe8a603460baa201656ff126e33", "position": {"x": -564.9999999999998, "y": 978.6087062764158}, "channel": 14}, "attempt": 1}
2026-09-13 12:38:45,130 INFO response {"request_id": "46bfafe8a603460baa201656ff126e33", "http_status": 200, "body": {"accepted": true, "real_timestamp_ms": 1789274321115, "virtual_time_s": 1887.226149, "measure_result": "direction", "svd_deg": 196.35}}
2026-09-13 12:38:53,535 INFO request {"path": "/measure", "payload": {"arena_id": "default", "robot_id": "202601002029", "request_id": "4ab8457d8ed540d4bc273ceb07d7eb5a", "position": {"x": -564.9999999999998, "y": 978.6087062764158}, "channel": 15}, "attempt": 1}
2026-09-13 12:38:53,537 INFO response {"request_id": "4ab8457d8ed540d4bc273ceb07d7eb5a", "http_status": 200, "body": {"accepted": true, "real_timestamp_ms": 1789274329521, "virtual_time_s": 1893.226149, "measure_result": "direction", "svd_deg": 269.54}}
2026-09-13 12:38:53,603 INFO request {"path": "/measure", "payload": {"arena_id": "default", "robot_id": "202601002029", "request_id": "2ca3b952d7c946fd8a4bd8884d61c117", "position": {"x": -564.9999999999998, "y": 978.6087062764158}, "channel": 19}, "attempt": 1}
2026-09-13 12:38:53,621 INFO response {"request_id": "2ca3b952d7c946fd8a4bd8884d61c117", "http_status": 200, "body": {"accepted": true, "real_timestamp_ms": 1789274329606, "virtual_time_s": 1899.226149, "measure_result": "direction", "svd_deg": 52.74}}
2026-09-13 12:38:55,093 INFO request {"path": "/measure", "payload": {"arena_id": "default", "robot_id": "202601002029", "request_id": "54c3196e86b14693b55b3098a6ea84de", "position": {"x": -415.078428725871, "y": 816.0770910764978}, "channel": 15}, "attempt": 1}
2026-09-13 12:38:55,106 INFO response {"request_id": "54c3196e86b14693b55b3098a6ea84de", "http_status": 200, "body": {"accepted": true, "real_timestamp_ms": 1789274331090, "virtual_time_s": 1949.449674, "measure_result": "direction", "svd_deg": 247.25}}
2026-09-13 12:38:55,231 INFO request {"path": "/measure", "payload": {"arena_id": "default", "robot_id": "202601002029", "request_id": "91b527fe20034379aa2e40daa4a36af7", "position": {"x": -310.1924432937917, "y": 1270.730571818947}, "channel": 19}, "attempt": 1}
2026-09-13 12:38:55,233 INFO response {"request_id": "91b527fe20034379aa2e40daa4a36af7", "http_status": 200, "body": {"accepted": true, "real_timestamp_ms": 1789274331218, "virtual_time_s": 2048.768666, "measure_result": "direction", "svd_deg": 55.77}}
2026-09-13 12:38:55,256 INFO request {"path": "/clear", "payload": {"arena_id": "default", "robot_id": "202601002029", "request_id": "1efef46addfc47c09220255e4329cf81", "position": {"x": -287.1604054494743, "y": 1278.8131545252784}, "channel": 12}, "attempt": 1}
2026-09-13 12:38:55,277 INFO response {"request_id": "1efef46addfc47c09220255e4329cf81", "http_status": 200, "body": {"accepted": true, "real_timestamp_ms": 1789274331260, "virtual_time_s": 2058.650481, "clear_result": "success"}}
2026-09-13 12:38:55,297 INFO request {"path": "/clear", "payload": {"arena_id": "default", "robot_id": "202601002029", "request_id": "b2ae986fed6b4388a64e7d9b4689a138", "position": {"x": -85.83916701116243, "y": 1601.0154958510716}, "channel": 19}, "attempt": 1}
2026-09-13 12:38:55,322 INFO response {"request_id": "b2ae986fed6b4388a64e7d9b4689a138", "http_status": 200, "body": {"accepted": true, "real_timestamp_ms": 1789274331307, "virtual_time_s": 2139.635898, "clear_result": "success"}}
2026-09-13 12:38:55,331 INFO request {"path": "/measure", "payload": {"arena_id": "default", "robot_id": "202601002029", "request_id": "19d95aed4eb9412191faa958c323445d", "position": {"x": 864.272932884255, "y": 298.98014282233595}, "channel": 10}, "attempt": 1}
2026-09-13 12:38:55,354 INFO response {"request_id": "19d95aed4eb9412191faa958c323445d", "http_status": 200, "body": {"accepted": true, "real_timestamp_ms": 1789274331339, "virtual_time_s": 2468.002712, "measure_result": "direction", "svd_deg": 9.2}}
2026-09-13 12:38:55,476 INFO request {"path": "/clear", "payload": {"arena_id": "default", "robot_id": "202601002029", "request_id": "8d36ef17d6f142eb988c551e7abd7e68", "position": {"x": 1149.6676088684637, "y": 344.2961340085669}, "channel": 10}, "attempt": 1}
2026-09-13 12:38:55,478 INFO response {"request_id": "8d36ef17d6f142eb988c551e7abd7e68", "http_status": 200, "body": {"accepted": true, "real_timestamp_ms": 1789274331462, "virtual_time_s": 2530.796712, "clear_result": "success"}}
2026-09-13 12:38:55,569 INFO request {"path": "/measure", "payload": {"arena_id": "default", "robot_id": "202601002029", "request_id": "361993409bf94bd2a3ecdd98c3cff6a8", "position": {"x": 1120.7181834801163, "y": -199.78450360849115}, "channel": 5}, "attempt": 1}
2026-09-13 12:38:55,572 INFO response {"request_id": "361993409bf94bd2a3ecdd98c3cff6a8", "http_status": 200, "body": {"accepted": true, "real_timestamp_ms": 1789274331556, "virtual_time_s": 2645.766765, "measure_result": "direction", "svd_deg": 330.89}}
2026-09-13 12:38:55,692 INFO request {"path": "/measure", "payload": {"arena_id": "default", "robot_id": "202601002029", "request_id": "c4d010ac6a1c41d687c0401319ca9d33", "position": {"x": 1120.7181834801163, "y": -199.78450360849115}, "channel": 8}, "attempt": 1}
2026-09-13 12:38:55,693 INFO response {"request_id": "c4d010ac6a1c41d687c0401319ca9d33", "http_status": 200, "body": {"accepted": true, "real_timestamp_ms": 1789274331678, "virtual_time_s": 2651.766765, "measure_result": "direction", "svd_deg": 287.98}}
2026-09-13 12:38:55,713 INFO request {"path": "/clear", "payload": {"arena_id": "default", "robot_id": "202601002029", "request_id": "5869f6f412dc4f4cb8b62260ab35e9c7", "position": {"x": 1275.2481591288265, "y": -283.0898410414661}, "channel": 5}, "attempt": 1}
2026-09-13 12:38:55,714 INFO response {"request_id": "5869f6f412dc4f4cb8b62260ab35e9c7", "http_status": 200, "body": {"accepted": true, "real_timestamp_ms": 1789274331699, "virtual_time_s": 2691.877614, "clear_result": "success"}}
2026-09-13 12:38:55,717 INFO request {"path": "/clear", "payload": {"arena_id": "default", "robot_id": "202601002029", "request_id": "9df17c4cb35f460fbd0002012380afb5", "position": {"x": 1366.3112381518079, "y": -973.2511117694573}, "channel": 8}, "attempt": 1}
2026-09-13 12:38:55,719 INFO response {"request_id": "9df17c4cb35f460fbd0002012380afb5", "http_status": 200, "body": {"accepted": true, "real_timestamp_ms": 1789274331703, "virtual_time_s": 2836.106212, "clear_result": "success"}}
2026-09-13 12:38:55,722 INFO request {"path": "/measure", "payload": {"arena_id": "default", "robot_id": "202601002029", "request_id": "37ef3d937dcf44f387c4d90e0db65679", "position": {"x": 273.6666891615635, "y": -1097.428583395166}, "channel": 1}, "attempt": 1}
2026-09-13 12:38:55,723 INFO response {"request_id": "37ef3d937dcf44f387c4d90e0db65679", "http_status": 200, "body": {"accepted": true, "real_timestamp_ms": 1789274331708, "virtual_time_s": 3062.041853, "measure_result": "direction", "svd_deg": 190.85}}
2026-09-13 12:38:55,800 INFO request {"path": "/measure", "payload": {"arena_id": "default", "robot_id": "202601002029", "request_id": "510bfd2d2d89477d8626ffc9505c886b", "position": {"x": 273.6666891615635, "y": -1097.428583395166}, "channel": 18}, "attempt": 1}
2026-09-13 12:38:55,821 INFO response {"request_id": "510bfd2d2d89477d8626ffc9505c886b", "http_status": 200, "body": {"accepted": true, "real_timestamp_ms": 1789274331806, "virtual_time_s": 3068.041853, "measure_result": "direction", "svd_deg": 162.99}}
2026-09-13 12:38:56,598 INFO request {"path": "/clear", "payload": {"arena_id": "default", "robot_id": "202601002029", "request_id": "2c8963bb484f439eb92362eb6a7dd31d", "position": {"x": -319.01970484379376, "y": -1211.059389622581}, "channel": 1}, "attempt": 1}
2026-09-13 12:38:56,618 INFO response {"request_id": "2c8963bb484f439eb92362eb6a7dd31d", "http_status": 200, "body": {"accepted": true, "real_timestamp_ms": 1789274332602, "virtual_time_s": 3193.738021, "clear_result": "success"}}
2026-09-13 12:38:56,698 INFO request {"path": "/measure", "payload": {"arena_id": "default", "robot_id": "202601002029", "request_id": "59603f7d56884394acf2171c6045e6e4", "position": {"x": -319.01970484379376, "y": -1211.059389622581}, "channel": 18}, "attempt": 1}
2026-09-13 12:38:56,700 INFO response {"request_id": "59603f7d56884394acf2171c6045e6e4", "http_status": 200, "body": {"accepted": true, "real_timestamp_ms": 1789274332685, "virtual_time_s": 3198.738021, "measure_result": "direction", "svd_deg": 123.07}}
2026-09-13 12:38:57,467 INFO request {"path": "/measure", "payload": {"arena_id": "default", "robot_id": "202601002029", "request_id": "f621177e4cc8471398d669e8f79d6670", "position": {"x": -845.4021255068437, "y": -1124.8940306403133}, "channel": 18}, "attempt": 1}
2026-09-13 12:38:57,469 INFO response {"request_id": "f621177e4cc8471398d669e8f79d6670", "http_status": 200, "body": {"accepted": true, "real_timestamp_ms": 1789274333453, "virtual_time_s": 3310.415652, "measure_result": "direction", "svd_deg": 42.82}}
2026-09-13 12:38:57,679 INFO request {"path": "/measure", "payload": {"arena_id": "default", "robot_id": "202601002029", "request_id": "cfefaa6b357e43119ecf073ca6b2210d", "position": {"x": -845.4021255068437, "y": -1124.8940306403133}, "channel": 17}, "attempt": 1}
2026-09-13 12:38:57,680 INFO response {"request_id": "cfefaa6b357e43119ecf073ca6b2210d", "http_status": 200, "body": {"accepted": true, "real_timestamp_ms": 1789274333665, "virtual_time_s": 3316.415652, "measure_result": "direction", "svd_deg": 108.02}}
2026-09-13 12:38:57,793 INFO request {"path": "/measure", "payload": {"arena_id": "default", "robot_id": "202601002029", "request_id": "96dc86a0454e44e9b72a7d0f089f07a5", "position": {"x": -845.4021255068437, "y": -1124.8940306403133}, "channel": 20}, "attempt": 1}
2026-09-13 12:38:57,794 INFO response {"request_id": "96dc86a0454e44e9b72a7d0f089f07a5", "http_status": 200, "body": {"accepted": true, "real_timestamp_ms": 1789274333779, "virtual_time_s": 3322.415652, "measure_result": "direction", "svd_deg": 140.42}}
2026-09-13 12:38:59,392 INFO request {"path": "/clear", "payload": {"arena_id": "default", "robot_id": "202601002029", "request_id": "3fbefe6e331e4a709bfaf07d255a3b39", "position": {"x": -554.2782911066724, "y": -852.5392615349881}, "channel": 18}, "attempt": 1}
2026-09-13 12:38:59,394 INFO response {"request_id": "3fbefe6e331e4a709bfaf07d255a3b39", "http_status": 200, "body": {"accepted": true, "real_timestamp_ms": 1789274335378, "virtual_time_s": 3407.147755, "clear_result": "success"}}
2026-09-13 12:38:59,594 INFO request {"path": "/measure", "payload": {"arena_id": "default", "robot_id": "202601002029", "request_id": "70b79f47b5714f4bb9d906559a23d337", "position": {"x": -554.2782911066724, "y": -852.5392615349881}, "channel": 11}, "attempt": 1}
2026-09-13 12:38:59,595 INFO response {"request_id": "70b79f47b5714f4bb9d906559a23d337", "http_status": 200, "body": {"accepted": true, "real_timestamp_ms": 1789274335580, "virtual_time_s": 3413.147755, "measure_result": "no_signal"}}
2026-09-13 12:38:59,765 INFO request {"path": "/measure", "payload": {"arena_id": "default", "robot_id": "202601002029", "request_id": "137faf8b761c4e3a8663ea0beda46494", "position": {"x": -554.2782911066724, "y": -852.5392615349881}, "channel": 2}, "attempt": 1}
2026-09-13 12:38:59,788 INFO response {"request_id": "137faf8b761c4e3a8663ea0beda46494", "http_status": 200, "body": {"accepted": true, "real_timestamp_ms": 1789274335772, "virtual_time_s": 3419.147755, "measure_result": "direction", "svd_deg": 108.31}}
2026-09-13 12:39:01,097 INFO request {"path": "/measure", "payload": {"arena_id": "default", "robot_id": "202601002029", "request_id": "4153d326ff3042728900eb5f0c7ab9f1", "position": {"x": -1286.99196333715, "y": -783.9589249387094}, "channel": 11}, "attempt": 1}
2026-09-13 12:39:01,098 INFO response {"request_id": "4153d326ff3042728900eb5f0c7ab9f1", "http_status": 200, "body": {"accepted": true, "real_timestamp_ms": 1789274337083, "virtual_time_s": 3572.330986, "measure_result": "direction", "svd_deg": 126.55}}
2026-09-13 12:39:01,294 INFO request {"path": "/measure", "payload": {"arena_id": "default", "robot_id": "202601002029", "request_id": "2252c18cfc1d4aeaa19bb137bfd2c5dc", "position": {"x": -1286.99196333715, "y": -783.9589249387094}, "channel": 2}, "attempt": 1}
2026-09-13 12:39:01,298 INFO response {"request_id": "2252c18cfc1d4aeaa19bb137bfd2c5dc", "http_status": 200, "body": {"accepted": true, "real_timestamp_ms": 1789274337282, "virtual_time_s": 3578.330986, "measure_result": "direction", "svd_deg": 60.99}}
2026-09-13 12:39:01,439 INFO request {"path": "/measure", "payload": {"arena_id": "default", "robot_id": "202601002029", "request_id": "037abd7fc9874734983d74bfd14d3c82", "position": {"x": -1286.99196333715, "y": -783.9589249387094}, "channel": 20}, "attempt": 1}
2026-09-13 12:39:01,441 INFO response {"request_id": "037abd7fc9874734983d74bfd14d3c82", "http_status": 200, "body": {"accepted": true, "real_timestamp_ms": 1789274337425, "virtual_time_s": 3584.330986, "measure_result": "direction", "svd_deg": 137.38}}
2026-09-13 12:39:01,522 INFO request {"path": "/measure", "payload": {"arena_id": "default", "robot_id": "202601002029", "request_id": "43d1f132d31f493ab1be5704096b4d6b", "position": {"x": -1319.891413912036, "y": -682.5988224757068}, "channel": 17}, "attempt": 1}
2026-09-13 12:39:01,524 INFO response {"request_id": "43d1f132d31f493ab1be5704096b4d6b", "http_status": 200, "body": {"accepted": true, "real_timestamp_ms": 1789274337509, "virtual_time_s": 3611.644122, "measure_result": "direction", "svd_deg": 56.93}}
2026-09-13 12:39:01,546 INFO request {"path": "/clear", "payload": {"arena_id": "default", "robot_id": "202601002029", "request_id": "18b54e61c6c2467484bfeeb7a1c02eed", "position": {"x": -1573.592485330676, "y": -519.9423324128284}, "channel": 20}, "attempt": 1}
2026-09-13 12:39:01,559 INFO response {"request_id": "18b54e61c6c2467484bfeeb7a1c02eed", "http_status": 200, "body": {"accepted": true, "real_timestamp_ms": 1789274337544, "virtual_time_s": 3676.917289, "clear_result": "success"}}
2026-09-13 12:39:01,560 INFO request {"path": "/clear", "payload": {"arena_id": "default", "robot_id": "202601002029", "request_id": "522105716800498d8f1c3f54ffb39090", "position": {"x": -1603.4698361493179, "y": -357.1992167328951}, "channel": 11}, "attempt": 1}
2026-09-13 12:39:01,562 INFO response {"request_id": "522105716800498d8f1c3f54ffb39090", "http_status": 200, "body": {"accepted": true, "real_timestamp_ms": 1789274337546, "virtual_time_s": 3715.009873, "clear_result": "success"}}
2026-09-13 12:39:01,619 INFO request {"path": "/measure", "payload": {"arena_id": "default", "robot_id": "202601002029", "request_id": "7a2b64e5f318471a87cbad754dbc0a2d", "position": {"x": -1603.4698361493179, "y": -357.1992167328951}, "channel": 14}, "attempt": 1}
2026-09-13 12:39:01,637 INFO response {"request_id": "7a2b64e5f318471a87cbad754dbc0a2d", "http_status": 200, "body": {"accepted": true, "real_timestamp_ms": 1789274337622, "virtual_time_s": 3721.009873, "measure_result": "direction", "svd_deg": 88.64}}
2026-09-13 12:39:02,593 INFO request {"path": "/clear", "payload": {"arena_id": "default", "robot_id": "202601002029", "request_id": "0b569c6f8f2745b599056cdcc0edf161", "position": {"x": -1100.374218199628, "y": -345.67148477446176}, "channel": 17}, "attempt": 1}
2026-09-13 12:39:02,594 INFO response {"request_id": "0b569c6f8f2745b599056cdcc0edf161", "http_status": 200, "body": {"accepted": true, "real_timestamp_ms": 1789274338579, "virtual_time_s": 3826.655407, "clear_result": "success"}}
2026-09-13 12:39:02,595 INFO request {"path": "/clear", "payload": {"arena_id": "default", "robot_id": "202601002029", "request_id": "91c07d1064364e35916369dc7100fe80", "position": {"x": -842.6592180532123, "y": 7.409604978909339}, "channel": 2}, "attempt": 1}
2026-09-13 12:39:02,612 INFO response {"request_id": "91c07d1064364e35916369dc7100fe80", "http_status": 200, "body": {"accepted": true, "real_timestamp_ms": 1789274338597, "virtual_time_s": 3919.081553, "clear_result": "success"}}
2026-09-13 12:39:02,676 INFO request {"path": "/clear", "payload": {"arena_id": "default", "robot_id": "202601002029", "request_id": "c67541aa9f4c4226b69bee978aab86a2", "position": {"x": -569.4623223046434, "y": 447.234956308244}, "channel": 15}, "attempt": 1}
2026-09-13 12:39:02,678 INFO response {"request_id": "c67541aa9f4c4226b69bee978aab86a2", "http_status": 200, "body": {"accepted": true, "real_timestamp_ms": 1789274338662, "virtual_time_s": 4027.634995, "clear_result": "success"}}
2026-09-13 12:39:02,745 INFO request {"path": "/measure", "payload": {"arena_id": "default", "robot_id": "202601002029", "request_id": "ee4f1437d0d640faa514f624b9a3f8a7", "position": {"x": -569.4623223046434, "y": 447.234956308244}, "channel": 14}, "attempt": 1}
2026-09-13 12:39:02,747 INFO response {"request_id": "ee4f1437d0d640faa514f624b9a3f8a7", "http_status": 200, "body": {"accepted": true, "real_timestamp_ms": 1789274338732, "virtual_time_s": 4032.634995, "measure_result": "direction", "svd_deg": 166.31}}
2026-09-13 12:39:03,825 INFO request {"path": "/measure", "payload": {"arena_id": "default", "robot_id": "202601002029", "request_id": "e59c17e55f8e43b99c44450ffb30f4bc", "position": {"x": -1172.5653765214872, "y": 687.6339719271759}, "channel": 14}, "attempt": 1}
2026-09-13 12:39:03,827 INFO response {"request_id": "e59c17e55f8e43b99c44450ffb30f4bc", "http_status": 200, "body": {"accepted": true, "real_timestamp_ms": 1789274339811, "virtual_time_s": 4167.484905, "measure_result": "direction", "svd_deg": 179.61}}
2026-09-13 12:39:03,854 INFO request {"path": "/clear", "payload": {"arena_id": "default", "robot_id": "202601002029", "request_id": "a9dd5b9e2c034ca59d28bdb074921363", "position": {"x": -1578.219502521994, "y": 689.5665368820916}, "channel": 14}, "attempt": 1}
2026-09-13 12:39:03,855 INFO response {"request_id": "a9dd5b9e2c034ca59d28bdb074921363", "http_status": 200, "body": {"accepted": true, "real_timestamp_ms": 1789274339840, "virtual_time_s": 4253.616651, "clear_result": "success"}}
2026-09-13 12:39:03,855 INFO request {"path": "/exit", "payload": {"arena_id": "default", "robot_id": "202601002029", "request_id": "51559ea1aabe412897c07e0ed5053dd4"}, "attempt": 1}
2026-09-13 12:39:03,856 INFO response {"request_id": "51559ea1aabe412897c07e0ed5053dd4", "http_status": 200, "body": {"accepted": true, "real_timestamp_ms": 1789274339840, "virtual_time_s": 4253.616651, "exit_reason": "user_exit"}}
