2026-09-13 12:19:40,625 INFO request {"path": "/enter", "payload": {"arena_id": "default", "robot_id": "202601002029", "request_id": "0e79468c00b84c638b0049976e5cdf30"}, "attempt": 1}
2026-09-13 12:19:40,629 INFO response {"request_id": "0e79468c00b84c638b0049976e5cdf30", "http_status": 200, "body": {"accepted": true, "real_timestamp_ms": 1789273176606, "virtual_time_s": 0, "max_virtual_duration_s": 360000, "max_real_duration_s": 1200, "remaining_real_duration_s": 1200}}
2026-09-13 12:19:40,635 INFO request {"path": "/measure", "payload": {"arena_id": "default", "robot_id": "202601002029", "request_id": "ba9f343e199542049c50ffaab9b34bb5", "position": {"x": 0.0, "y": 0.0}, "channel": 1}, "attempt": 1}
2026-09-13 12:19:40,636 INFO response {"request_id": "ba9f343e199542049c50ffaab9b34bb5", "http_status": 200, "body": {"accepted": true, "real_timestamp_ms": 1789273176613, "virtual_time_s": 5, "measure_result": "no_signal"}}
2026-09-13 12:19:40,639 INFO request {"path": "/measure", "payload": {"arena_id": "default", "robot_id": "202601002029", "request_id": "ab6e5764fa934667a7cb7d796dff570b", "position": {"x": 0.0, "y": 0.0}, "channel": 2}, "attempt": 1}
2026-09-13 12:19:40,640 INFO response {"request_id": "ab6e5764fa934667a7cb7d796dff570b", "http_status": 200, "body": {"accepted": true, "real_timestamp_ms": 1789273176617, "virtual_time_s": 11, "measure_result": "no_signal"}}
2026-09-13 12:19:40,640 INFO request {"path": "/measure", "payload": {"arena_id": "default", "robot_id": "202601002029", "request_id": "5fc731c410c44b2aabc6147d97d6dceb", "position": {"x": 0.0, "y": 0.0}, "channel": 3}, "attempt": 1}
2026-09-13 12:19:40,641 INFO response {"request_id": "5fc731c410c44b2aabc6147d97d6dceb", "http_status": 200, "body": {"accepted": true, "real_timestamp_ms": 1789273176618, "virtual_time_s": 17, "measure_result": "no_signal"}}
2026-09-13 12:19:40,641 INFO request {"path": "/measure", "payload": {"arena_id": "default", "robot_id": "202601002029", "request_id": "5a0ca9f8aeb64c41aab1a72abd0a451c", "position": {"x": 0.0, "y": 0.0}, "channel": 4}, "attempt": 1}
2026-09-13 12:19:40,642 INFO response {"request_id": "5a0ca9f8aeb64c41aab1a72abd0a451c", "http_status": 200, "body": {"accepted": true, "real_timestamp_ms": 1789273176619, "virtual_time_s": 23, "measure_result": "no_signal"}}
2026-09-13 12:19:40,642 INFO request {"path": "/measure", "payload": {"arena_id": "default", "robot_id": "202601002029", "request_id": "5e170d525dd7417e92fd4696885c623a", "position": {"x": 0.0, "y": 0.0}, "channel": 5}, "attempt": 1}
2026-09-13 12:19:40,643 INFO response {"request_id": "5e170d525dd7417e92fd4696885c623a", "http_status": 200, "body": {"accepted": true, "real_timestamp_ms": 1789273176620, "virtual_time_s": 29, "measure_result": "no_signal"}}
2026-09-13 12:19:40,643 INFO request {"path": "/measure", "payload": {"arena_id": "default", "robot_id": "202601002029", "request_id": "544d4bebad554512a7f44479a2641d31", "position": {"x": 0.0, "y": 0.0}, "channel": 6}, "attempt": 1}
2026-09-13 12:19:40,643 INFO response {"request_id": "544d4bebad554512a7f44479a2641d31", "http_status": 200, "body": {"accepted": true, "real_timestamp_ms": 1789273176621, "virtual_time_s": 35, "measure_result": "no_signal"}}
2026-09-13 12:19:40,644 INFO request {"path": "/measure", "payload": {"arena_id": "default", "robot_id": "202601002029", "request_id": "69d03ba5e69c4b249dbc091d8f4816f2", "position": {"x": 0.0, "y": 0.0}, "channel": 7}, "attempt": 1}
2026-09-13 12:19:40,645 INFO response {"request_id": "69d03ba5e69c4b249dbc091d8f4816f2", "http_status": 200, "body": {"accepted": true, "real_timestamp_ms": 1789273176621, "virtual_time_s": 41, "measure_result": "no_signal"}}
2026-09-13 12:19:40,645 INFO request {"path": "/measure", "payload": {"arena_id": "default", "robot_id": "202601002029", "request_id": "4195cf4d1e8c412d9ecc8cee2c6bec39", "position": {"x": 0.0, "y": 0.0}, "channel": 8}, "attempt": 1}
2026-09-13 12:19:40,645 INFO response {"request_id": "4195cf4d1e8c412d9ecc8cee2c6bec39", "http_status": 200, "body": {"accepted": true, "real_timestamp_ms": 1789273176623, "virtual_time_s": 47, "measure_result": "no_signal"}}
2026-09-13 12:19:40,645 INFO request {"path": "/measure", "payload": {"arena_id": "default", "robot_id": "202601002029", "request_id": "9524738f98994cbf84e568426bde447e", "position": {"x": 0.0, "y": 0.0}, "channel": 9}, "attempt": 1}
2026-09-13 12:19:40,646 INFO response {"request_id": "9524738f98994cbf84e568426bde447e", "http_status": 200, "body": {"accepted": true, "real_timestamp_ms": 1789273176623, "virtual_time_s": 53, "measure_result": "no_signal"}}
2026-09-13 12:19:40,646 INFO request {"path": "/measure", "payload": {"arena_id": "default", "robot_id": "202601002029", "request_id": "6691880aae884eb9829ee7ee19ee1f4d", "position": {"x": 0.0, "y": 0.0}, "channel": 10}, "attempt": 1}
2026-09-13 12:19:40,669 INFO response {"request_id": "6691880aae884eb9829ee7ee19ee1f4d", "http_status": 200, "body": {"accepted": true, "real_timestamp_ms": 1789273176646, "virtual_time_s": 59, "measure_result": "direction", "svd_deg": 89.58}}
2026-09-13 12:19:40,687 INFO request {"path": "/measure", "payload": {"arena_id": "default", "robot_id": "202601002029", "request_id": "acffaf7babb949c79b6231cfd034efef", "position": {"x": 0.0, "y": 0.0}, "channel": 11}, "attempt": 1}
2026-09-13 12:19:40,688 INFO response {"request_id": "acffaf7babb949c79b6231cfd034efef", "http_status": 200, "body": {"accepted": true, "real_timestamp_ms": 1789273176665, "virtual_time_s": 65, "measure_result": "no_signal"}}
2026-09-13 12:19:40,688 INFO request {"path": "/measure", "payload": {"arena_id": "default", "robot_id": "202601002029", "request_id": "d4647067cc154fcd96fc4e98ec798654", "position": {"x": 0.0, "y": 0.0}, "channel": 12}, "attempt": 1}
2026-09-13 12:19:40,689 INFO response {"request_id": "d4647067cc154fcd96fc4e98ec798654", "http_status": 200, "body": {"accepted": true, "real_timestamp_ms": 1789273176666, "virtual_time_s": 71, "measure_result": "no_signal"}}
2026-09-13 12:19:40,689 INFO request {"path": "/measure", "payload": {"arena_id": "default", "robot_id": "202601002029", "request_id": "cf46a2af8cda4ccd9d058c71bc38e52d", "position": {"x": 0.0, "y": 0.0}, "channel": 13}, "attempt": 1}
2026-09-13 12:19:40,714 INFO response {"request_id": "cf46a2af8cda4ccd9d058c71bc38e52d", "http_status": 200, "body": {"accepted": true, "real_timestamp_ms": 1789273176692, "virtual_time_s": 77, "measure_result": "no_signal"}}
2026-09-13 12:19:40,715 INFO request {"path": "/measure", "payload": {"arena_id": "default", "robot_id": "202601002029", "request_id": "b106eb5b99eb43b998d6f5374807b58b", "position": {"x": 0.0, "y": 0.0}, "channel": 14}, "attempt": 1}
2026-09-13 12:19:40,716 INFO response {"request_id": "b106eb5b99eb43b998d6f5374807b58b", "http_status": 200, "body": {"accepted": true, "real_timestamp_ms": 1789273176693, "virtual_time_s": 83, "measure_result": "no_signal"}}
2026-09-13 12:19:40,716 INFO request {"path": "/measure", "payload": {"arena_id": "default", "robot_id": "202601002029", "request_id": "2a8c1e035ba64806b4695eba1f13cda8", "position": {"x": 0.0, "y": 0.0}, "channel": 15}, "attempt": 1}
2026-09-13 12:19:40,731 INFO response {"request_id": "2a8c1e035ba64806b4695eba1f13cda8", "http_status": 200, "body": {"accepted": true, "real_timestamp_ms": 1789273176708, "virtual_time_s": 89, "measure_result": "no_signal"}}
2026-09-13 12:19:40,731 INFO request {"path": "/measure", "payload": {"arena_id": "default", "robot_id": "202601002029", "request_id": "cb515d01ecc64c7cbeb172ed6befc1a1", "position": {"x": 0.0, "y": 0.0}, "channel": 16}, "attempt": 1}
2026-09-13 12:19:40,733 INFO response {"request_id": "cb515d01ecc64c7cbeb172ed6befc1a1", "http_status": 200, "body": {"accepted": true, "real_timestamp_ms": 1789273176710, "virtual_time_s": 95, "measure_result": "direction", "svd_deg": 140.98}}
2026-09-13 12:19:40,748 INFO request {"path": "/measure", "payload": {"arena_id": "default", "robot_id": "202601002029", "request_id": "d049728090524dde84a7bd652f21e31b", "position": {"x": 0.0, "y": 0.0}, "channel": 17}, "attempt": 1}
2026-09-13 12:19:40,763 INFO response {"request_id": "d049728090524dde84a7bd652f21e31b", "http_status": 200, "body": {"accepted": true, "real_timestamp_ms": 1789273176739, "virtual_time_s": 101, "measure_result": "direction", "svd_deg": 231.37}}
2026-09-13 12:19:40,778 INFO request {"path": "/measure", "payload": {"arena_id": "default", "robot_id": "202601002029", "request_id": "4a24ea4e04dd4ea587ba0713ec751b66", "position": {"x": 0.0, "y": 0.0}, "channel": 18}, "attempt": 1}
2026-09-13 12:19:40,779 INFO response {"request_id": "4a24ea4e04dd4ea587ba0713ec751b66", "http_status": 200, "body": {"accepted": true, "real_timestamp_ms": 1789273176756, "virtual_time_s": 107, "measure_result": "no_signal"}}
2026-09-13 12:19:40,780 INFO request {"path": "/measure", "payload": {"arena_id": "default", "robot_id": "202601002029", "request_id": "6f6fdd8299d74766ad511c4d255c2f4c", "position": {"x": 0.0, "y": 0.0}, "channel": 19}, "attempt": 1}
2026-09-13 12:19:40,780 INFO response {"request_id": "6f6fdd8299d74766ad511c4d255c2f4c", "http_status": 200, "body": {"accepted": true, "real_timestamp_ms": 1789273176757, "virtual_time_s": 113, "measure_result": "no_signal"}}
2026-09-13 12:19:40,780 INFO request {"path": "/measure", "payload": {"arena_id": "default", "robot_id": "202601002029", "request_id": "f3d3aaf4771343c081ff47baf5a24577", "position": {"x": 0.0, "y": 0.0}, "channel": 20}, "attempt": 1}
2026-09-13 12:19:40,793 INFO response {"request_id": "f3d3aaf4771343c081ff47baf5a24577", "http_status": 200, "body": {"accepted": true, "real_timestamp_ms": 1789273176770, "virtual_time_s": 119, "measure_result": "no_signal"}}
2026-09-13 12:19:40,819 INFO request {"path": "/measure", "payload": {"arena_id": "default", "robot_id": "202601002029", "request_id": "3ad1a435f262499084751bfc4f5eb562", "position": {"x": -1130.0, "y": 1.3838508830365092e-13}, "channel": 20}, "attempt": 1}
2026-09-13 12:19:40,820 INFO response {"request_id": "3ad1a435f262499084751bfc4f5eb562", "http_status": 200, "body": {"accepted": true, "real_timestamp_ms": 1789273176797, "virtual_time_s": 350, "measure_result": "no_signal"}}
2026-09-13 12:19:40,820 INFO request {"path": "/measure", "payload": {"arena_id": "default", "robot_id": "202601002029", "request_id": "725888ac3506441c9a9840bb879fd3fd", "position": {"x": -1130.0, "y": 1.3838508830365092e-13}, "channel": 1}, "attempt": 1}
2026-09-13 12:19:40,821 INFO response {"request_id": "725888ac3506441c9a9840bb879fd3fd", "http_status": 200, "body": {"accepted": true, "real_timestamp_ms": 1789273176798, "virtual_time_s": 356, "measure_result": "direction", "svd_deg": 260.17}}
2026-09-13 12:19:40,835 INFO request {"path": "/measure", "payload": {"arena_id": "default", "robot_id": "202601002029", "request_id": "296531aea6624d5789c0550a34117091", "position": {"x": -1130.0, "y": 1.3838508830365092e-13}, "channel": 2}, "attempt": 1}
2026-09-13 12:19:40,836 INFO response {"request_id": "296531aea6624d5789c0550a34117091", "http_status": 200, "body": {"accepted": true, "real_timestamp_ms": 1789273176813, "virtual_time_s": 362, "measure_result": "no_signal"}}
2026-09-13 12:19:40,836 INFO request {"path": "/measure", "payload": {"arena_id": "default", "robot_id": "202601002029", "request_id": "9bab72db8f9b4582b964781110de636e", "position": {"x": -1130.0, "y": 1.3838508830365092e-13}, "channel": 3}, "attempt": 1}
2026-09-13 12:19:40,855 INFO response {"request_id": "9bab72db8f9b4582b964781110de636e", "http_status": 200, "body": {"accepted": true, "real_timestamp_ms": 1789273176832, "virtual_time_s": 368, "measure_result": "direction", "svd_deg": 99.82}}
2026-09-13 12:19:40,887 INFO request {"path": "/measure", "payload": {"arena_id": "default", "robot_id": "202601002029", "request_id": "fb18681ae22a414f9a1345ed64aa5494", "position": {"x": -1130.0, "y": 1.3838508830365092e-13}, "channel": 4}, "attempt": 1}
2026-09-13 12:19:40,901 INFO response {"request_id": "fb18681ae22a414f9a1345ed64aa5494", "http_status": 200, "body": {"accepted": true, "real_timestamp_ms": 1789273176878, "virtual_time_s": 374, "measure_result": "direction", "svd_deg": 141.14}}
2026-09-13 12:19:40,935 INFO request {"path": "/measure", "payload": {"arena_id": "default", "robot_id": "202601002029", "request_id": "da48117231a54441a377eb0a15ccdbe9", "position": {"x": -1130.0, "y": 1.3838508830365092e-13}, "channel": 5}, "attempt": 1}
2026-09-13 12:19:40,936 INFO response {"request_id": "da48117231a54441a377eb0a15ccdbe9", "http_status": 200, "body": {"accepted": true, "real_timestamp_ms": 1789273176914, "virtual_time_s": 380, "measure_result": "no_signal"}}
2026-09-13 12:19:40,937 INFO request {"path": "/measure", "payload": {"arena_id": "default", "robot_id": "202601002029", "request_id": "f3ba62e6a6cc49c086f50b82568076f1", "position": {"x": -1130.0, "y": 1.3838508830365092e-13}, "channel": 6}, "attempt": 1}
2026-09-13 12:19:40,938 INFO response {"request_id": "f3ba62e6a6cc49c086f50b82568076f1", "http_status": 200, "body": {"accepted": true, "real_timestamp_ms": 1789273176914, "virtual_time_s": 386, "measure_result": "no_signal"}}
2026-09-13 12:19:40,938 INFO request {"path": "/measure", "payload": {"arena_id": "default", "robot_id": "202601002029", "request_id": "a18425f4aa584cb88ac46f4adc28a6c9", "position": {"x": -1130.0, "y": 1.3838508830365092e-13}, "channel": 7}, "attempt": 1}
2026-09-13 12:19:40,964 INFO response {"request_id": "a18425f4aa584cb88ac46f4adc28a6c9", "http_status": 200, "body": {"accepted": true, "real_timestamp_ms": 1789273176940, "virtual_time_s": 392, "measure_result": "no_signal"}}
2026-09-13 12:19:40,964 INFO request {"path": "/measure", "payload": {"arena_id": "default", "robot_id": "202601002029", "request_id": "63b056869ea246c4a88af508d4930f28", "position": {"x": -1130.0, "y": 1.3838508830365092e-13}, "channel": 8}, "attempt": 1}
2026-09-13 12:19:40,980 INFO response {"request_id": "63b056869ea246c4a88af508d4930f28", "http_status": 200, "body": {"accepted": true, "real_timestamp_ms": 1789273176956, "virtual_time_s": 398, "measure_result": "no_signal"}}
2026-09-13 12:19:40,981 INFO request {"path": "/measure", "payload": {"arena_id": "default", "robot_id": "202601002029", "request_id": "4ced783f46c0462aa544a2a6cbe07eae", "position": {"x": -1130.0, "y": 1.3838508830365092e-13}, "channel": 9}, "attempt": 1}
2026-09-13 12:19:40,995 INFO response {"request_id": "4ced783f46c0462aa544a2a6cbe07eae", "http_status": 200, "body": {"accepted": true, "real_timestamp_ms": 1789273176971, "virtual_time_s": 404, "measure_result": "no_signal"}}
2026-09-13 12:19:40,995 INFO request {"path": "/measure", "payload": {"arena_id": "default", "robot_id": "202601002029", "request_id": "9f10166742cf41c99142be13f7366a55", "position": {"x": -1130.0, "y": 1.3838508830365092e-13}, "channel": 11}, "attempt": 1}
2026-09-13 12:19:41,010 INFO response {"request_id": "9f10166742cf41c99142be13f7366a55", "http_status": 200, "body": {"accepted": true, "real_timestamp_ms": 1789273176986, "virtual_time_s": 410, "measure_result": "no_signal"}}
2026-09-13 12:19:41,011 INFO request {"path": "/measure", "payload": {"arena_id": "default", "robot_id": "202601002029", "request_id": "a4186008dfa6414881ad4a4d2432c1b1", "position": {"x": -1130.0, "y": 1.3838508830365092e-13}, "channel": 12}, "attempt": 1}
2026-09-13 12:19:41,025 INFO response {"request_id": "a4186008dfa6414881ad4a4d2432c1b1", "http_status": 200, "body": {"accepted": true, "real_timestamp_ms": 1789273177001, "virtual_time_s": 416, "measure_result": "no_signal"}}
2026-09-13 12:19:41,026 INFO request {"path": "/measure", "payload": {"arena_id": "default", "robot_id": "202601002029", "request_id": "fcde40cb9140412d93891d08a350ac32", "position": {"x": -1130.0, "y": 1.3838508830365092e-13}, "channel": 13}, "attempt": 1}
2026-09-13 12:19:41,039 INFO response {"request_id": "fcde40cb9140412d93891d08a350ac32", "http_status": 200, "body": {"accepted": true, "real_timestamp_ms": 1789273177016, "virtual_time_s": 422, "measure_result": "no_signal"}}
2026-09-13 12:19:41,041 INFO request {"path": "/measure", "payload": {"arena_id": "default", "robot_id": "202601002029", "request_id": "38b3c31a6cdf4afe9e205b8d8860afc6", "position": {"x": -1130.0, "y": 1.3838508830365092e-13}, "channel": 14}, "attempt": 1}
2026-09-13 12:19:41,055 INFO response {"request_id": "38b3c31a6cdf4afe9e205b8d8860afc6", "http_status": 200, "body": {"accepted": true, "real_timestamp_ms": 1789273177032, "virtual_time_s": 428, "measure_result": "no_signal"}}
2026-09-13 12:19:41,055 INFO request {"path": "/measure", "payload": {"arena_id": "default", "robot_id": "202601002029", "request_id": "1377a22ce52c48ebb04301b634411ada", "position": {"x": -1130.0, "y": 1.3838508830365092e-13}, "channel": 15}, "attempt": 1}
2026-09-13 12:19:41,071 INFO response {"request_id": "1377a22ce52c48ebb04301b634411ada", "http_status": 200, "body": {"accepted": true, "real_timestamp_ms": 1789273177048, "virtual_time_s": 434, "measure_result": "no_signal"}}
2026-09-13 12:19:41,072 INFO request {"path": "/measure", "payload": {"arena_id": "default", "robot_id": "202601002029", "request_id": "2922e9cef287465c9e031b2c759ecd24", "position": {"x": -1130.0, "y": 1.3838508830365092e-13}, "channel": 18}, "attempt": 1}
2026-09-13 12:19:41,073 INFO response {"request_id": "2922e9cef287465c9e031b2c759ecd24", "http_status": 200, "body": {"accepted": true, "real_timestamp_ms": 1789273177050, "virtual_time_s": 440, "measure_result": "no_signal"}}
2026-09-13 12:19:41,073 INFO request {"path": "/measure", "payload": {"arena_id": "default", "robot_id": "202601002029", "request_id": "0c2ddb46780142338aed90cca4103aa7", "position": {"x": -1130.0, "y": 1.3838508830365092e-13}, "channel": 19}, "attempt": 1}
2026-09-13 12:19:41,075 INFO response {"request_id": "0c2ddb46780142338aed90cca4103aa7", "http_status": 200, "body": {"accepted": true, "real_timestamp_ms": 1789273177052, "virtual_time_s": 446, "measure_result": "no_signal"}}
2026-09-13 12:19:41,188 INFO request {"path": "/measure", "payload": {"arena_id": "default", "robot_id": "202601002029", "request_id": "0f4ec0fa5b20444c863756bcbdfd38d8", "position": {"x": -1130.0, "y": 1.3838508830365092e-13}, "channel": 17}, "attempt": 1}
2026-09-13 12:19:41,189 INFO response {"request_id": "0f4ec0fa5b20444c863756bcbdfd38d8", "http_status": 200, "body": {"accepted": true, "real_timestamp_ms": 1789273177166, "virtual_time_s": 452, "measure_result": "direction", "svd_deg": 321.48}}
2026-09-13 12:19:41,254 INFO request {"path": "/measure", "payload": {"arena_id": "default", "robot_id": "202601002029", "request_id": "632abe1f1a664170a44744a2519f5b07", "position": {"x": -1130.0, "y": 1.3838508830365092e-13}, "channel": 16}, "attempt": 1}
2026-09-13 12:19:41,278 INFO response {"request_id": "632abe1f1a664170a44744a2519f5b07", "http_status": 200, "body": {"accepted": true, "real_timestamp_ms": 1789273177255, "virtual_time_s": 458, "measure_result": "direction", "svd_deg": 63.84}}
2026-09-13 12:19:41,341 INFO request {"path": "/measure", "payload": {"arena_id": "default", "robot_id": "202601002029", "request_id": "4402760e310d41a28eb66f532876e47d", "position": {"x": -564.9999999999998, "y": 978.6087062764158}, "channel": 2}, "attempt": 1}
2026-09-13 12:19:41,343 INFO response {"request_id": "4402760e310d41a28eb66f532876e47d", "http_status": 200, "body": {"accepted": true, "real_timestamp_ms": 1789273177320, "virtual_time_s": 690, "measure_result": "no_signal"}}
2026-09-13 12:19:41,343 INFO request {"path": "/measure", "payload": {"arena_id": "default", "robot_id": "202601002029", "request_id": "45caf41fbae2408d940bf4d889510934", "position": {"x": -564.9999999999998, "y": 978.6087062764158}, "channel": 5}, "attempt": 1}
2026-09-13 12:19:41,356 INFO response {"request_id": "45caf41fbae2408d940bf4d889510934", "http_status": 200, "body": {"accepted": true, "real_timestamp_ms": 1789273177333, "virtual_time_s": 696, "measure_result": "no_signal"}}
2026-09-13 12:19:41,357 INFO request {"path": "/measure", "payload": {"arena_id": "default", "robot_id": "202601002029", "request_id": "18783b77b2904ae3a57d548a7fb24cc7", "position": {"x": -564.9999999999998, "y": 978.6087062764158}, "channel": 6}, "attempt": 1}
2026-09-13 12:19:41,358 INFO response {"request_id": "18783b77b2904ae3a57d548a7fb24cc7", "http_status": 200, "body": {"accepted": true, "real_timestamp_ms": 1789273177335, "virtual_time_s": 702, "measure_result": "no_signal"}}
2026-09-13 12:19:41,358 INFO request {"path": "/measure", "payload": {"arena_id": "default", "robot_id": "202601002029", "request_id": "b0c6c3e89ba54cae95dd44555ced6749", "position": {"x": -564.9999999999998, "y": 978.6087062764158}, "channel": 7}, "attempt": 1}
2026-09-13 12:19:41,359 INFO response {"request_id": "b0c6c3e89ba54cae95dd44555ced6749", "http_status": 200, "body": {"accepted": true, "real_timestamp_ms": 1789273177336, "virtual_time_s": 708, "measure_result": "no_signal"}}
2026-09-13 12:19:41,359 INFO request {"path": "/measure", "payload": {"arena_id": "default", "robot_id": "202601002029", "request_id": "6aae5a88c49e46ed865289b0eee7e593", "position": {"x": -564.9999999999998, "y": 978.6087062764158}, "channel": 8}, "attempt": 1}
2026-09-13 12:19:41,360 INFO response {"request_id": "6aae5a88c49e46ed865289b0eee7e593", "http_status": 200, "body": {"accepted": true, "real_timestamp_ms": 1789273177337, "virtual_time_s": 714, "measure_result": "no_signal"}}
2026-09-13 12:19:41,360 INFO request {"path": "/measure", "payload": {"arena_id": "default", "robot_id": "202601002029", "request_id": "6132869bab4a446c829d267921d21e4e", "position": {"x": -564.9999999999998, "y": 978.6087062764158}, "channel": 9}, "attempt": 1}
2026-09-13 12:19:41,360 INFO response {"request_id": "6132869bab4a446c829d267921d21e4e", "http_status": 200, "body": {"accepted": true, "real_timestamp_ms": 1789273177338, "virtual_time_s": 720, "measure_result": "no_signal"}}
2026-09-13 12:19:41,361 INFO request {"path": "/measure", "payload": {"arena_id": "default", "robot_id": "202601002029", "request_id": "84c9f7191d7b4dd588be95ae8c12a5e4", "position": {"x": -564.9999999999998, "y": 978.6087062764158}, "channel": 11}, "attempt": 1}
2026-09-13 12:19:41,373 INFO response {"request_id": "84c9f7191d7b4dd588be95ae8c12a5e4", "http_status": 200, "body": {"accepted": true, "real_timestamp_ms": 1789273177350, "virtual_time_s": 726, "measure_result": "no_signal"}}
2026-09-13 12:19:41,373 INFO request {"path": "/measure", "payload": {"arena_id": "default", "robot_id": "202601002029", "request_id": "721f2baa4b054e5b8c20c573add1062a", "position": {"x": -564.9999999999998, "y": 978.6087062764158}, "channel": 12}, "attempt": 1}
2026-09-13 12:19:41,388 INFO response {"request_id": "721f2baa4b054e5b8c20c573add1062a", "http_status": 200, "body": {"accepted": true, "real_timestamp_ms": 1789273177365, "virtual_time_s": 732, "measure_result": "no_signal"}}
2026-09-13 12:19:41,389 INFO request {"path": "/measure", "payload": {"arena_id": "default", "robot_id": "202601002029", "request_id": "743b7decdf3f4ed097344f405d701afa", "position": {"x": -564.9999999999998, "y": 978.6087062764158}, "channel": 13}, "attempt": 1}
2026-09-13 12:19:41,391 INFO response {"request_id": "743b7decdf3f4ed097344f405d701afa", "http_status": 200, "body": {"accepted": true, "real_timestamp_ms": 1789273177368, "virtual_time_s": 738, "measure_result": "no_signal"}}
2026-09-13 12:19:41,391 INFO request {"path": "/measure", "payload": {"arena_id": "default", "robot_id": "202601002029", "request_id": "d60191cde0cd48b9aa68d559e09fc1db", "position": {"x": -564.9999999999998, "y": 978.6087062764158}, "channel": 14}, "attempt": 1}
2026-09-13 12:19:41,393 INFO response {"request_id": "d60191cde0cd48b9aa68d559e09fc1db", "http_status": 200, "body": {"accepted": true, "real_timestamp_ms": 1789273177370, "virtual_time_s": 744, "measure_result": "no_signal"}}
2026-09-13 12:19:41,393 INFO request {"path": "/measure", "payload": {"arena_id": "default", "robot_id": "202601002029", "request_id": "c75afaef981b4584a2a5f539930db8fa", "position": {"x": -564.9999999999998, "y": 978.6087062764158}, "channel": 15}, "attempt": 1}
2026-09-13 12:19:41,395 INFO response {"request_id": "c75afaef981b4584a2a5f539930db8fa", "http_status": 200, "body": {"accepted": true, "real_timestamp_ms": 1789273177371, "virtual_time_s": 750, "measure_result": "no_signal"}}
2026-09-13 12:19:41,395 INFO request {"path": "/measure", "payload": {"arena_id": "default", "robot_id": "202601002029", "request_id": "9dcd3c34e3d64980b1e521dfb7d83837", "position": {"x": -564.9999999999998, "y": 978.6087062764158}, "channel": 18}, "attempt": 1}
2026-09-13 12:19:41,396 INFO response {"request_id": "9dcd3c34e3d64980b1e521dfb7d83837", "http_status": 200, "body": {"accepted": true, "real_timestamp_ms": 1789273177373, "virtual_time_s": 756, "measure_result": "direction", "svd_deg": 114.69}}
2026-09-13 12:19:41,415 INFO request {"path": "/measure", "payload": {"arena_id": "default", "robot_id": "202601002029", "request_id": "0fa3b44d496e4401bb86997df3e2d5df", "position": {"x": -564.9999999999998, "y": 978.6087062764158}, "channel": 19}, "attempt": 1}
2026-09-13 12:19:41,434 INFO response {"request_id": "0fa3b44d496e4401bb86997df3e2d5df", "http_status": 200, "body": {"accepted": true, "real_timestamp_ms": 1789273177411, "virtual_time_s": 762, "measure_result": "no_signal"}}
2026-09-13 12:19:41,435 INFO request {"path": "/measure", "payload": {"arena_id": "default", "robot_id": "202601002029", "request_id": "04810689814f4110b01deed13055b606", "position": {"x": -564.9999999999998, "y": 978.6087062764158}, "channel": 20}, "attempt": 1}
2026-09-13 12:19:41,450 INFO response {"request_id": "04810689814f4110b01deed13055b606", "http_status": 200, "body": {"accepted": true, "real_timestamp_ms": 1789273177427, "virtual_time_s": 768, "measure_result": "no_signal"}}
2026-09-13 12:19:41,630 INFO request {"path": "/measure", "payload": {"arena_id": "default", "robot_id": "202601002029", "request_id": "a786bc55acac4f338faa1cfa6d0bb944", "position": {"x": -564.9999999999998, "y": 978.6087062764158}, "channel": 16}, "attempt": 1}
2026-09-13 12:19:41,653 INFO response {"request_id": "a786bc55acac4f338faa1cfa6d0bb944", "http_status": 200, "body": {"accepted": true, "real_timestamp_ms": 1789273177630, "virtual_time_s": 774, "measure_result": "direction", "svd_deg": 232.9}}
2026-09-13 12:19:41,761 INFO request {"path": "/measure", "payload": {"arena_id": "default", "robot_id": "202601002029", "request_id": "59e1bdb5d84c4f39a889e58a3d8f0fd1", "position": {"x": -564.9999999999998, "y": 978.6087062764158}, "channel": 10}, "attempt": 1}
2026-09-13 12:19:41,762 INFO response {"request_id": "59e1bdb5d84c4f39a889e58a3d8f0fd1", "http_status": 200, "body": {"accepted": true, "real_timestamp_ms": 1789273177739, "virtual_time_s": 780, "measure_result": "direction", "svd_deg": 41.1}}
2026-09-13 12:19:41,834 INFO request {"path": "/measure", "payload": {"arena_id": "default", "robot_id": "202601002029", "request_id": "41da5ff701b443d0870e7dfee3e99141", "position": {"x": 565.0000000000001, "y": 978.6087062764157}, "channel": 2}, "attempt": 1}
2026-09-13 12:19:41,855 INFO response {"request_id": "41da5ff701b443d0870e7dfee3e99141", "http_status": 200, "body": {"accepted": true, "real_timestamp_ms": 1789273177832, "virtual_time_s": 1012, "measure_result": "no_signal"}}
2026-09-13 12:19:41,855 INFO request {"path": "/measure", "payload": {"arena_id": "default", "robot_id": "202601002029", "request_id": "f618f0c6424347188163592e73e24e09", "position": {"x": 565.0000000000001, "y": 978.6087062764157}, "channel": 5}, "attempt": 1}
2026-09-13 12:19:41,856 INFO response {"request_id": "f618f0c6424347188163592e73e24e09", "http_status": 200, "body": {"accepted": true, "real_timestamp_ms": 1789273177834, "virtual_time_s": 1018, "measure_result": "no_signal"}}
2026-09-13 12:19:41,857 INFO request {"path": "/measure", "payload": {"arena_id": "default", "robot_id": "202601002029", "request_id": "ec1944ba2b024955bf41225d22536e4d", "position": {"x": 565.0000000000001, "y": 978.6087062764157}, "channel": 6}, "attempt": 1}
2026-09-13 12:19:41,857 INFO response {"request_id": "ec1944ba2b024955bf41225d22536e4d", "http_status": 200, "body": {"accepted": true, "real_timestamp_ms": 1789273177835, "virtual_time_s": 1024, "measure_result": "no_signal"}}
2026-09-13 12:19:41,858 INFO request {"path": "/measure", "payload": {"arena_id": "default", "robot_id": "202601002029", "request_id": "2b8f161d75cb4a00b0797422fdc79fd1", "position": {"x": 565.0000000000001, "y": 978.6087062764157}, "channel": 7}, "attempt": 1}
2026-09-13 12:19:41,858 INFO response {"request_id": "2b8f161d75cb4a00b0797422fdc79fd1", "http_status": 200, "body": {"accepted": true, "real_timestamp_ms": 1789273177836, "virtual_time_s": 1030, "measure_result": "no_signal"}}
2026-09-13 12:19:41,859 INFO request {"path": "/measure", "payload": {"arena_id": "default", "robot_id": "202601002029", "request_id": "44263b29f1994f009fd51e8635f8e312", "position": {"x": 565.0000000000001, "y": 978.6087062764157}, "channel": 8}, "attempt": 1}
2026-09-13 12:19:41,859 INFO response {"request_id": "44263b29f1994f009fd51e8635f8e312", "http_status": 200, "body": {"accepted": true, "real_timestamp_ms": 1789273177837, "virtual_time_s": 1036, "measure_result": "no_signal"}}
2026-09-13 12:19:41,860 INFO request {"path": "/measure", "payload": {"arena_id": "default", "robot_id": "202601002029", "request_id": "9a5eb185eb9c43c9bd0e7b081d866b3e", "position": {"x": 565.0000000000001, "y": 978.6087062764157}, "channel": 9}, "attempt": 1}
2026-09-13 12:19:41,860 INFO response {"request_id": "9a5eb185eb9c43c9bd0e7b081d866b3e", "http_status": 200, "body": {"accepted": true, "real_timestamp_ms": 1789273177838, "virtual_time_s": 1042, "measure_result": "no_signal"}}
2026-09-13 12:19:41,860 INFO request {"path": "/measure", "payload": {"arena_id": "default", "robot_id": "202601002029", "request_id": "11fccc6209a54a7dba036fbd6abac88d", "position": {"x": 565.0000000000001, "y": 978.6087062764157}, "channel": 11}, "attempt": 1}
2026-09-13 12:19:41,861 INFO response {"request_id": "11fccc6209a54a7dba036fbd6abac88d", "http_status": 200, "body": {"accepted": true, "real_timestamp_ms": 1789273177838, "virtual_time_s": 1048, "measure_result": "no_signal"}}
2026-09-13 12:19:41,861 INFO request {"path": "/measure", "payload": {"arena_id": "default", "robot_id": "202601002029", "request_id": "f1272e344e29429381c4dcd4299f6695", "position": {"x": 565.0000000000001, "y": 978.6087062764157}, "channel": 12}, "attempt": 1}
2026-09-13 12:19:41,862 INFO response {"request_id": "f1272e344e29429381c4dcd4299f6695", "http_status": 200, "body": {"accepted": true, "real_timestamp_ms": 1789273177839, "virtual_time_s": 1054, "measure_result": "no_signal"}}
2026-09-13 12:19:41,862 INFO request {"path": "/measure", "payload": {"arena_id": "default", "robot_id": "202601002029", "request_id": "a51dd2fd8f5645b488cd038c58954d8d", "position": {"x": 565.0000000000001, "y": 978.6087062764157}, "channel": 13}, "attempt": 1}
2026-09-13 12:19:41,863 INFO response {"request_id": "a51dd2fd8f5645b488cd038c58954d8d", "http_status": 200, "body": {"accepted": true, "real_timestamp_ms": 1789273177840, "virtual_time_s": 1060, "measure_result": "no_signal"}}
2026-09-13 12:19:41,863 INFO request {"path": "/measure", "payload": {"arena_id": "default", "robot_id": "202601002029", "request_id": "6c23ad9f6e234a0ea4391a0295c93adb", "position": {"x": 565.0000000000001, "y": 978.6087062764157}, "channel": 14}, "attempt": 1}
2026-09-13 12:19:41,886 INFO response {"request_id": "6c23ad9f6e234a0ea4391a0295c93adb", "http_status": 200, "body": {"accepted": true, "real_timestamp_ms": 1789273177862, "virtual_time_s": 1066, "measure_result": "no_signal"}}
2026-09-13 12:19:41,886 INFO request {"path": "/measure", "payload": {"arena_id": "default", "robot_id": "202601002029", "request_id": "078d1eb0464e4ea38d912fbdbf10b3b4", "position": {"x": 565.0000000000001, "y": 978.6087062764157}, "channel": 15}, "attempt": 1}
2026-09-13 12:19:41,888 INFO response {"request_id": "078d1eb0464e4ea38d912fbdbf10b3b4", "http_status": 200, "body": {"accepted": true, "real_timestamp_ms": 1789273177865, "virtual_time_s": 1072, "measure_result": "no_signal"}}
2026-09-13 12:19:41,888 INFO request {"path": "/measure", "payload": {"arena_id": "default", "robot_id": "202601002029", "request_id": "f21fc49613874ed59ef177d97c738ee2", "position": {"x": 565.0000000000001, "y": 978.6087062764157}, "channel": 19}, "attempt": 1}
2026-09-13 12:19:41,902 INFO response {"request_id": "f21fc49613874ed59ef177d97c738ee2", "http_status": 200, "body": {"accepted": true, "real_timestamp_ms": 1789273177879, "virtual_time_s": 1078, "measure_result": "no_signal"}}
2026-09-13 12:19:41,903 INFO request {"path": "/measure", "payload": {"arena_id": "default", "robot_id": "202601002029", "request_id": "08f6be206c9d4dada1e51c09f4826bf5", "position": {"x": 565.0000000000001, "y": 978.6087062764157}, "channel": 20}, "attempt": 1}
2026-09-13 12:19:41,905 INFO response {"request_id": "08f6be206c9d4dada1e51c09f4826bf5", "http_status": 200, "body": {"accepted": true, "real_timestamp_ms": 1789273177881, "virtual_time_s": 1084, "measure_result": "no_signal"}}
2026-09-13 12:19:41,974 INFO request {"path": "/measure", "payload": {"arena_id": "default", "robot_id": "202601002029", "request_id": "aad99ea0d5da4a1b96eaa346f5580bcc", "position": {"x": 565.0000000000001, "y": 978.6087062764157}, "channel": 10}, "attempt": 1}
2026-09-13 12:19:41,976 INFO response {"request_id": "aad99ea0d5da4a1b96eaa346f5580bcc", "http_status": 200, "body": {"accepted": true, "real_timestamp_ms": 1789273177952, "virtual_time_s": 1090, "measure_result": "direction", "svd_deg": 141.03}}
2026-09-13 12:19:42,006 INFO request {"path": "/measure", "payload": {"arena_id": "default", "robot_id": "202601002029", "request_id": "760999233a5b49e2a214af71c94acbf7", "position": {"x": 1130.0, "y": 0.0}, "channel": 2}, "attempt": 1}
2026-09-13 12:19:42,027 INFO response {"request_id": "760999233a5b49e2a214af71c94acbf7", "http_status": 200, "body": {"accepted": true, "real_timestamp_ms": 1789273178003, "virtual_time_s": 1322, "measure_result": "no_signal"}}
2026-09-13 12:19:42,027 INFO request {"path": "/measure", "payload": {"arena_id": "default", "robot_id": "202601002029", "request_id": "f51721d1efd24b0bb727ba8b8473675f", "position": {"x": 1130.0, "y": 0.0}, "channel": 5}, "attempt": 1}
2026-09-13 12:19:42,028 INFO response {"request_id": "f51721d1efd24b0bb727ba8b8473675f", "http_status": 200, "body": {"accepted": true, "real_timestamp_ms": 1789273178005, "virtual_time_s": 1328, "measure_result": "no_signal"}}
2026-09-13 12:19:42,028 INFO request {"path": "/measure", "payload": {"arena_id": "default", "robot_id": "202601002029", "request_id": "f7d7f42b3b07483baca33a19a8dad6f0", "position": {"x": 1130.0, "y": 0.0}, "channel": 6}, "attempt": 1}
2026-09-13 12:19:42,042 INFO response {"request_id": "f7d7f42b3b07483baca33a19a8dad6f0", "http_status": 200, "body": {"accepted": true, "real_timestamp_ms": 1789273178019, "virtual_time_s": 1334, "measure_result": "no_signal"}}
2026-09-13 12:19:42,043 INFO request {"path": "/measure", "payload": {"arena_id": "default", "robot_id": "202601002029", "request_id": "06ea22a99f144c1a8ff7c7bc2de8dbee", "position": {"x": 1130.0, "y": 0.0}, "channel": 7}, "attempt": 1}
2026-09-13 12:19:42,044 INFO response {"request_id": "06ea22a99f144c1a8ff7c7bc2de8dbee", "http_status": 200, "body": {"accepted": true, "real_timestamp_ms": 1789273178021, "virtual_time_s": 1340, "measure_result": "no_signal"}}
2026-09-13 12:19:42,045 INFO request {"path": "/measure", "payload": {"arena_id": "default", "robot_id": "202601002029", "request_id": "f6887677e51a402bb5241fc4fc53793d", "position": {"x": 1130.0, "y": 0.0}, "channel": 8}, "attempt": 1}
2026-09-13 12:19:42,060 INFO response {"request_id": "f6887677e51a402bb5241fc4fc53793d", "http_status": 200, "body": {"accepted": true, "real_timestamp_ms": 1789273178037, "virtual_time_s": 1346, "measure_result": "no_signal"}}
2026-09-13 12:19:42,060 INFO request {"path": "/measure", "payload": {"arena_id": "default", "robot_id": "202601002029", "request_id": "8a920b7d6a054e84a634bdfd3d64be56", "position": {"x": 1130.0, "y": 0.0}, "channel": 9}, "attempt": 1}
2026-09-13 12:19:42,063 INFO response {"request_id": "8a920b7d6a054e84a634bdfd3d64be56", "http_status": 200, "body": {"accepted": true, "real_timestamp_ms": 1789273178040, "virtual_time_s": 1352, "measure_result": "direction", "svd_deg": 270.21}}
2026-09-13 12:19:42,088 INFO request {"path": "/measure", "payload": {"arena_id": "default", "robot_id": "202601002029", "request_id": "db6b45ba09a246d4aa8976ea07a0acaf", "position": {"x": 1130.0, "y": 0.0}, "channel": 11}, "attempt": 1}
2026-09-13 12:19:42,090 INFO response {"request_id": "db6b45ba09a246d4aa8976ea07a0acaf", "http_status": 200, "body": {"accepted": true, "real_timestamp_ms": 1789273178067, "virtual_time_s": 1358, "measure_result": "no_signal"}}
2026-09-13 12:19:42,091 INFO request {"path": "/measure", "payload": {"arena_id": "default", "robot_id": "202601002029", "request_id": "e70b2a92b1de4b2d9898f62c17e7a103", "position": {"x": 1130.0, "y": 0.0}, "channel": 12}, "attempt": 1}
2026-09-13 12:19:42,092 INFO response {"request_id": "e70b2a92b1de4b2d9898f62c17e7a103", "http_status": 200, "body": {"accepted": true, "real_timestamp_ms": 1789273178068, "virtual_time_s": 1364, "measure_result": "no_signal"}}
2026-09-13 12:19:42,092 INFO request {"path": "/measure", "payload": {"arena_id": "default", "robot_id": "202601002029", "request_id": "a82828b69361432d8586064489ac89d8", "position": {"x": 1130.0, "y": 0.0}, "channel": 13}, "attempt": 1}
2026-09-13 12:19:42,093 INFO response {"request_id": "a82828b69361432d8586064489ac89d8", "http_status": 200, "body": {"accepted": true, "real_timestamp_ms": 1789273178069, "virtual_time_s": 1370, "measure_result": "no_signal"}}
2026-09-13 12:19:42,093 INFO request {"path": "/measure", "payload": {"arena_id": "default", "robot_id": "202601002029", "request_id": "7efd4e0aea4f4635848df533d8f3de65", "position": {"x": 1130.0, "y": 0.0}, "channel": 14}, "attempt": 1}
2026-09-13 12:19:42,120 INFO response {"request_id": "7efd4e0aea4f4635848df533d8f3de65", "http_status": 200, "body": {"accepted": true, "real_timestamp_ms": 1789273178096, "virtual_time_s": 1376, "measure_result": "no_signal"}}
2026-09-13 12:19:42,120 INFO request {"path": "/measure", "payload": {"arena_id": "default", "robot_id": "202601002029", "request_id": "d53ab800873545a9a1f8f328b309a233", "position": {"x": 1130.0, "y": 0.0}, "channel": 15}, "attempt": 1}
2026-09-13 12:19:42,134 INFO response {"request_id": "d53ab800873545a9a1f8f328b309a233", "http_status": 200, "body": {"accepted": true, "real_timestamp_ms": 1789273178112, "virtual_time_s": 1382, "measure_result": "no_signal"}}
2026-09-13 12:19:42,135 INFO request {"path": "/measure", "payload": {"arena_id": "default", "robot_id": "202601002029", "request_id": "29b71656f3ec42afbc617ddfe03af4e7", "position": {"x": 1130.0, "y": 0.0}, "channel": 19}, "attempt": 1}
2026-09-13 12:19:42,151 INFO response {"request_id": "29b71656f3ec42afbc617ddfe03af4e7", "http_status": 200, "body": {"accepted": true, "real_timestamp_ms": 1789273178128, "virtual_time_s": 1388, "measure_result": "no_signal"}}
2026-09-13 12:19:42,152 INFO request {"path": "/measure", "payload": {"arena_id": "default", "robot_id": "202601002029", "request_id": "c9d87ae325744da7a0c4d97dcc15f21b", "position": {"x": 1130.0, "y": 0.0}, "channel": 20}, "attempt": 1}
2026-09-13 12:19:42,167 INFO response {"request_id": "c9d87ae325744da7a0c4d97dcc15f21b", "http_status": 200, "body": {"accepted": true, "real_timestamp_ms": 1789273178144, "virtual_time_s": 1394, "measure_result": "no_signal"}}
2026-09-13 12:19:42,182 INFO request {"path": "/measure", "payload": {"arena_id": "default", "robot_id": "202601002029", "request_id": "dd6af1c6e1b04b7188b4a4ea530ad330", "position": {"x": 565.0000000000001, "y": -978.6087062764157}, "channel": 20}, "attempt": 1}
2026-09-13 12:19:42,184 INFO response {"request_id": "dd6af1c6e1b04b7188b4a4ea530ad330", "http_status": 200, "body": {"accepted": true, "real_timestamp_ms": 1789273178161, "virtual_time_s": 1625, "measure_result": "no_signal"}}
2026-09-13 12:19:42,184 INFO request {"path": "/measure", "payload": {"arena_id": "default", "robot_id": "202601002029", "request_id": "34a64fca6b324595909c3694275f35f2", "position": {"x": 565.0000000000001, "y": -978.6087062764157}, "channel": 2}, "attempt": 1}
2026-09-13 12:19:42,197 INFO response {"request_id": "34a64fca6b324595909c3694275f35f2", "http_status": 200, "body": {"accepted": true, "real_timestamp_ms": 1789273178174, "virtual_time_s": 1631, "measure_result": "no_signal"}}
2026-09-13 12:19:42,198 INFO request {"path": "/measure", "payload": {"arena_id": "default", "robot_id": "202601002029", "request_id": "c2b9addd4d794f9c807d1f75c0736b65", "position": {"x": 565.0000000000001, "y": -978.6087062764157}, "channel": 5}, "attempt": 1}
2026-09-13 12:19:42,199 INFO response {"request_id": "c2b9addd4d794f9c807d1f75c0736b65", "http_status": 200, "body": {"accepted": true, "real_timestamp_ms": 1789273178176, "virtual_time_s": 1637, "measure_result": "no_signal"}}
2026-09-13 12:19:42,199 INFO request {"path": "/measure", "payload": {"arena_id": "default", "robot_id": "202601002029", "request_id": "415bd591a68b47248e06c4ba7fb1faa8", "position": {"x": 565.0000000000001, "y": -978.6087062764157}, "channel": 6}, "attempt": 1}
2026-09-13 12:19:42,200 INFO response {"request_id": "415bd591a68b47248e06c4ba7fb1faa8", "http_status": 200, "body": {"accepted": true, "real_timestamp_ms": 1789273178177, "virtual_time_s": 1643, "measure_result": "no_signal"}}
2026-09-13 12:19:42,200 INFO request {"path": "/measure", "payload": {"arena_id": "default", "robot_id": "202601002029", "request_id": "2c793b978df04d5b90145d76604abd34", "position": {"x": 565.0000000000001, "y": -978.6087062764157}, "channel": 7}, "attempt": 1}
2026-09-13 12:19:42,201 INFO response {"request_id": "2c793b978df04d5b90145d76604abd34", "http_status": 200, "body": {"accepted": true, "real_timestamp_ms": 1789273178178, "virtual_time_s": 1649, "measure_result": "no_signal"}}
2026-09-13 12:19:42,201 INFO request {"path": "/measure", "payload": {"arena_id": "default", "robot_id": "202601002029", "request_id": "493519a751cd455695d2eb67e08c8f23", "position": {"x": 565.0000000000001, "y": -978.6087062764157}, "channel": 8}, "attempt": 1}
2026-09-13 12:19:42,201 INFO response {"request_id": "493519a751cd455695d2eb67e08c8f23", "http_status": 200, "body": {"accepted": true, "real_timestamp_ms": 1789273178179, "virtual_time_s": 1655, "measure_result": "direction", "svd_deg": 234.14}}
2026-09-13 12:19:42,214 INFO request {"path": "/measure", "payload": {"arena_id": "default", "robot_id": "202601002029", "request_id": "55083d56149b45dca49c2ceb3581eaab", "position": {"x": 565.0000000000001, "y": -978.6087062764157}, "channel": 11}, "attempt": 1}
2026-09-13 12:19:42,215 INFO response {"request_id": "55083d56149b45dca49c2ceb3581eaab", "http_status": 200, "body": {"accepted": true, "real_timestamp_ms": 1789273178193, "virtual_time_s": 1661, "measure_result": "no_signal"}}
2026-09-13 12:19:42,216 INFO request {"path": "/measure", "payload": {"arena_id": "default", "robot_id": "202601002029", "request_id": "59bff5c8e46c47a5aec58699166bd5a8", "position": {"x": 565.0000000000001, "y": -978.6087062764157}, "channel": 12}, "attempt": 1}
2026-09-13 12:19:42,217 INFO response {"request_id": "59bff5c8e46c47a5aec58699166bd5a8", "http_status": 200, "body": {"accepted": true, "real_timestamp_ms": 1789273178194, "virtual_time_s": 1667, "measure_result": "no_signal"}}
2026-09-13 12:19:42,217 INFO request {"path": "/measure", "payload": {"arena_id": "default", "robot_id": "202601002029", "request_id": "b919b297dbd246d6b3127edbd28c399a", "position": {"x": 565.0000000000001, "y": -978.6087062764157}, "channel": 13}, "attempt": 1}
2026-09-13 12:19:42,218 INFO response {"request_id": "b919b297dbd246d6b3127edbd28c399a", "http_status": 200, "body": {"accepted": true, "real_timestamp_ms": 1789273178195, "virtual_time_s": 1673, "measure_result": "no_signal"}}
2026-09-13 12:19:42,218 INFO request {"path": "/measure", "payload": {"arena_id": "default", "robot_id": "202601002029", "request_id": "3023bb5ba7b248609037a3d554881988", "position": {"x": 565.0000000000001, "y": -978.6087062764157}, "channel": 14}, "attempt": 1}
2026-09-13 12:19:42,219 INFO response {"request_id": "3023bb5ba7b248609037a3d554881988", "http_status": 200, "body": {"accepted": true, "real_timestamp_ms": 1789273178196, "virtual_time_s": 1679, "measure_result": "no_signal"}}
2026-09-13 12:19:42,219 INFO request {"path": "/measure", "payload": {"arena_id": "default", "robot_id": "202601002029", "request_id": "a222b15cbec44ebeaa5be68442182873", "position": {"x": 565.0000000000001, "y": -978.6087062764157}, "channel": 15}, "attempt": 1}
2026-09-13 12:19:42,242 INFO response {"request_id": "a222b15cbec44ebeaa5be68442182873", "http_status": 200, "body": {"accepted": true, "real_timestamp_ms": 1789273178220, "virtual_time_s": 1685, "measure_result": "direction", "svd_deg": 230.4}}
2026-09-13 12:19:42,255 INFO request {"path": "/measure", "payload": {"arena_id": "default", "robot_id": "202601002029", "request_id": "bdb1c202d9b9448b82d0c85baf7aea65", "position": {"x": 565.0000000000001, "y": -978.6087062764157}, "channel": 19}, "attempt": 1}
2026-09-13 12:19:42,256 INFO response {"request_id": "bdb1c202d9b9448b82d0c85baf7aea65", "http_status": 200, "body": {"accepted": true, "real_timestamp_ms": 1789273178233, "virtual_time_s": 1691, "measure_result": "no_signal"}}
2026-09-13 12:19:42,308 INFO request {"path": "/measure", "payload": {"arena_id": "default", "robot_id": "202601002029", "request_id": "0b90bba3bea948b7bf1310587b63d9ce", "position": {"x": 565.0000000000001, "y": -978.6087062764157}, "channel": 9}, "attempt": 1}
2026-09-13 12:19:42,309 INFO response {"request_id": "0b90bba3bea948b7bf1310587b63d9ce", "http_status": 200, "body": {"accepted": true, "real_timestamp_ms": 1789273178287, "virtual_time_s": 1697, "measure_result": "direction", "svd_deg": 353.64}}
2026-09-13 12:19:42,328 INFO request {"path": "/measure", "payload": {"arena_id": "default", "robot_id": "202601002029", "request_id": "8388e8eb4cf54c4793ff37b849d228b2", "position": {"x": -565.0000000000005, "y": -978.6087062764154}, "channel": 2}, "attempt": 1}
2026-09-13 12:19:42,353 INFO response {"request_id": "8388e8eb4cf54c4793ff37b849d228b2", "http_status": 200, "body": {"accepted": true, "real_timestamp_ms": 1789273178330, "virtual_time_s": 1929, "measure_result": "no_signal"}}
2026-09-13 12:19:42,355 INFO request {"path": "/measure", "payload": {"arena_id": "default", "robot_id": "202601002029", "request_id": "cb907758616242b4a3744cf29868f87e", "position": {"x": -565.0000000000005, "y": -978.6087062764154}, "channel": 5}, "attempt": 1}
2026-09-13 12:19:42,356 INFO response {"request_id": "cb907758616242b4a3744cf29868f87e", "http_status": 200, "body": {"accepted": true, "real_timestamp_ms": 1789273178334, "virtual_time_s": 1935, "measure_result": "no_signal"}}
2026-09-13 12:19:42,357 INFO request {"path": "/measure", "payload": {"arena_id": "default", "robot_id": "202601002029", "request_id": "02cc856042274a4cb1b1154726d877b7", "position": {"x": -565.0000000000005, "y": -978.6087062764154}, "channel": 6}, "attempt": 1}
2026-09-13 12:19:42,358 INFO response {"request_id": "02cc856042274a4cb1b1154726d877b7", "http_status": 200, "body": {"accepted": true, "real_timestamp_ms": 1789273178335, "virtual_time_s": 1941, "measure_result": "no_signal"}}
2026-09-13 12:19:42,359 INFO request {"path": "/measure", "payload": {"arena_id": "default", "robot_id": "202601002029", "request_id": "c56445e666ac4b4a91e386e1709d50e7", "position": {"x": -565.0000000000005, "y": -978.6087062764154}, "channel": 7}, "attempt": 1}
2026-09-13 12:19:42,384 INFO response {"request_id": "c56445e666ac4b4a91e386e1709d50e7", "http_status": 200, "body": {"accepted": true, "real_timestamp_ms": 1789273178360, "virtual_time_s": 1947, "measure_result": "no_signal"}}
2026-09-13 12:19:42,384 INFO request {"path": "/measure", "payload": {"arena_id": "default", "robot_id": "202601002029", "request_id": "b45e35f8f07b469eafeed57df0b02d81", "position": {"x": -565.0000000000005, "y": -978.6087062764154}, "channel": 11}, "attempt": 1}
2026-09-13 12:19:42,385 INFO response {"request_id": "b45e35f8f07b469eafeed57df0b02d81", "http_status": 200, "body": {"accepted": true, "real_timestamp_ms": 1789273178363, "virtual_time_s": 1953, "measure_result": "no_signal"}}
2026-09-13 12:19:42,386 INFO request {"path": "/measure", "payload": {"arena_id": "default", "robot_id": "202601002029", "request_id": "9c68ab9ffc9940c894ce5b858d4d8145", "position": {"x": -565.0000000000005, "y": -978.6087062764154}, "channel": 12}, "attempt": 1}
2026-09-13 12:19:42,387 INFO response {"request_id": "9c68ab9ffc9940c894ce5b858d4d8145", "http_status": 200, "body": {"accepted": true, "real_timestamp_ms": 1789273178364, "virtual_time_s": 1959, "measure_result": "no_signal"}}
2026-09-13 12:19:42,387 INFO request {"path": "/measure", "payload": {"arena_id": "default", "robot_id": "202601002029", "request_id": "b923319e13924e90833a471061a1ea0e", "position": {"x": -565.0000000000005, "y": -978.6087062764154}, "channel": 13}, "attempt": 1}
2026-09-13 12:19:42,389 INFO response {"request_id": "b923319e13924e90833a471061a1ea0e", "http_status": 200, "body": {"accepted": true, "real_timestamp_ms": 1789273178366, "virtual_time_s": 1965, "measure_result": "no_signal"}}
2026-09-13 12:19:42,389 INFO request {"path": "/measure", "payload": {"arena_id": "default", "robot_id": "202601002029", "request_id": "51f9017cb587486887d963f1d6447a07", "position": {"x": -565.0000000000005, "y": -978.6087062764154}, "channel": 14}, "attempt": 1}
2026-09-13 12:19:42,390 INFO response {"request_id": "51f9017cb587486887d963f1d6447a07", "http_status": 200, "body": {"accepted": true, "real_timestamp_ms": 1789273178366, "virtual_time_s": 1971, "measure_result": "no_signal"}}
2026-09-13 12:19:42,390 INFO request {"path": "/measure", "payload": {"arena_id": "default", "robot_id": "202601002029", "request_id": "4b7fcd8b00e146ed83d1ecf24033af8a", "position": {"x": -565.0000000000005, "y": -978.6087062764154}, "channel": 19}, "attempt": 1}
2026-09-13 12:19:42,391 INFO response {"request_id": "4b7fcd8b00e146ed83d1ecf24033af8a", "http_status": 200, "body": {"accepted": true, "real_timestamp_ms": 1789273178368, "virtual_time_s": 1977, "measure_result": "no_signal"}}
2026-09-13 12:19:42,391 INFO request {"path": "/measure", "payload": {"arena_id": "default", "robot_id": "202601002029", "request_id": "86da758da8be4995acf6b7b3c1e53ec0", "position": {"x": -565.0000000000005, "y": -978.6087062764154}, "channel": 20}, "attempt": 1}
2026-09-13 12:19:42,392 INFO response {"request_id": "86da758da8be4995acf6b7b3c1e53ec0", "http_status": 200, "body": {"accepted": true, "real_timestamp_ms": 1789273178369, "virtual_time_s": 1983, "measure_result": "no_signal"}}
2026-09-13 12:19:42,536 INFO request {"path": "/measure", "payload": {"arena_id": "default", "robot_id": "202601002029", "request_id": "90dd481a871f454aadce1e2495360b30", "position": {"x": -565.0000000000005, "y": -978.6087062764154}, "channel": 8}, "attempt": 1}
2026-09-13 12:19:42,538 INFO response {"request_id": "90dd481a871f454aadce1e2495360b30", "http_status": 200, "body": {"accepted": true, "real_timestamp_ms": 1789273178514, "virtual_time_s": 1989, "measure_result": "direction", "svd_deg": 310.65}}
2026-09-13 12:19:42,653 INFO request {"path": "/measure", "payload": {"arena_id": "default", "robot_id": "202601002029", "request_id": "2b23d87df1544138b4af9d6c712e830c", "position": {"x": -565.0000000000005, "y": -978.6087062764154}, "channel": 1}, "attempt": 1}
2026-09-13 12:19:42,654 INFO response {"request_id": "2b23d87df1544138b4af9d6c712e830c", "http_status": 200, "body": {"accepted": true, "real_timestamp_ms": 1789273178631, "virtual_time_s": 1995, "measure_result": "direction", "svd_deg": 183.21}}
2026-09-13 12:19:47,855 INFO request {"path": "/measure", "payload": {"arena_id": "default", "robot_id": "202601002029", "request_id": "89c9c010df414643b2c7c2629596a51c", "position": {"x": 735.8101892702309, "y": -1042.034461551298}, "channel": 9}, "attempt": 1}
2026-09-13 12:19:47,856 INFO response {"request_id": "89c9c010df414643b2c7c2629596a51c", "http_status": 200, "body": {"accepted": true, "real_timestamp_ms": 1789273183833, "virtual_time_s": 2261.47111, "measure_result": "direction", "svd_deg": 359.28}}
2026-09-13 12:19:47,961 INFO request {"path": "/measure", "payload": {"arena_id": "default", "robot_id": "202601002029", "request_id": "bb1b46bb60814bb9a85ab7d45895ec08", "position": {"x": 735.8101892702309, "y": -1042.034461551298}, "channel": 8}, "attempt": 1}
2026-09-13 12:19:47,962 INFO response {"request_id": "bb1b46bb60814bb9a85ab7d45895ec08", "http_status": 200, "body": {"accepted": true, "real_timestamp_ms": 1789273183939, "virtual_time_s": 2267.47111, "measure_result": "direction", "svd_deg": 223.17}}
2026-09-13 12:19:48,889 INFO request {"path": "/clear", "payload": {"arena_id": "default", "robot_id": "202601002029", "request_id": "0c9ad450f06d4b9dab9125db7cf328bb", "position": {"x": 1133.9645129552066, "y": -1047.321658905305}, "channel": 9}, "attempt": 1}
2026-09-13 12:19:48,891 INFO response {"request_id": "0c9ad450f06d4b9dab9125db7cf328bb", "http_status": 200, "body": {"accepted": true, "real_timestamp_ms": 1789273184868, "virtual_time_s": 2352.108995, "clear_result": "success"}}
2026-09-13 12:19:48,894 INFO request {"path": "/measure", "payload": {"arena_id": "default", "robot_id": "202601002029", "request_id": "44c9ef674b754b71bf647df51351aa8e", "position": {"x": 381.03520182869175, "y": -1470.3555565347226}, "channel": 8}, "attempt": 1}
2026-09-13 12:19:48,907 INFO response {"request_id": "44c9ef674b754b71bf647df51351aa8e", "http_status": 200, "body": {"accepted": true, "real_timestamp_ms": 1789273184883, "virtual_time_s": 2529.835394, "measure_result": "direction", "svd_deg": 212.68}}
2026-09-13 12:19:48,988 INFO request {"path": "/measure", "payload": {"arena_id": "default", "robot_id": "202601002029", "request_id": "69fe4f913fbf4a258057703c10e5dc08", "position": {"x": 381.03520182869175, "y": -1470.3555565347226}, "channel": 15}, "attempt": 1}
2026-09-13 12:19:48,989 INFO response {"request_id": "69fe4f913fbf4a258057703c10e5dc08", "http_status": 200, "body": {"accepted": true, "real_timestamp_ms": 1789273184966, "virtual_time_s": 2535.835394, "measure_result": "direction", "svd_deg": 119.67}}
2026-09-13 12:19:49,007 INFO request {"path": "/clear", "payload": {"arena_id": "default", "robot_id": "202601002029", "request_id": "121290cec2e34dbbb3d135b1853e2357", "position": {"x": 290.3256644469979, "y": -1310.8047179138503}, "channel": 15}, "attempt": 1}
2026-09-13 12:19:49,009 INFO response {"request_id": "121290cec2e34dbbb3d135b1853e2357", "http_status": 200, "body": {"accepted": true, "real_timestamp_ms": 1789273184986, "virtual_time_s": 2577.542173, "clear_result": "success"}}
2026-09-13 12:19:49,011 INFO request {"path": "/clear", "payload": {"arena_id": "default", "robot_id": "202601002029", "request_id": "e7e77f0cde90462d9e43989c6389d6d7", "position": {"x": 44.97035569936999, "y": -1688.8412701788998}, "channel": 8}, "attempt": 1}
2026-09-13 12:19:49,031 INFO response {"request_id": "e7e77f0cde90462d9e43989c6389d6d7", "http_status": 200, "body": {"accepted": true, "real_timestamp_ms": 1789273185009, "virtual_time_s": 2672.677818, "clear_result": "success"}}
2026-09-13 12:19:49,034 INFO request {"path": "/clear", "payload": {"arena_id": "default", "robot_id": "202601002029", "request_id": "ca4979bd02a440d2bc0198da14fca493", "position": {"x": -439.2759483337327, "y": -550.0650486619157}, "channel": 17}, "attempt": 1}
2026-09-13 12:19:49,035 INFO response {"request_id": "ca4979bd02a440d2bc0198da14fca493", "http_status": 200, "body": {"accepted": true, "real_timestamp_ms": 1789273185012, "virtual_time_s": 2925.169698, "clear_result": "success"}}
2026-09-13 12:19:49,115 INFO request {"path": "/measure", "payload": {"arena_id": "default", "robot_id": "202601002029", "request_id": "ae4710f7ef754d3b91ce92239c593956", "position": {"x": -1151.743987236226, "y": -650.3269451753984}, "channel": 1}, "attempt": 1}
2026-09-13 12:19:49,138 INFO response {"request_id": "ae4710f7ef754d3b91ce92239c593956", "http_status": 200, "body": {"accepted": true, "real_timestamp_ms": 1789273185115, "virtual_time_s": 3075.067322, "measure_result": "direction", "svd_deg": 245.1}}
2026-09-13 12:19:49,164 INFO request {"path": "/clear", "payload": {"arena_id": "default", "robot_id": "202601002029", "request_id": "f9f881938e9c4e6095515d7f5eafbc16", "position": {"x": -1318.9563365816248, "y": -1021.0638957839003}, "channel": 1}, "attempt": 1}
2026-09-13 12:19:49,186 INFO response {"request_id": "f9f881938e9c4e6095515d7f5eafbc16", "http_status": 200, "body": {"accepted": true, "real_timestamp_ms": 1789273185162, "virtual_time_s": 3161.40756, "clear_result": "success"}}
2026-09-13 12:19:49,189 INFO request {"path": "/measure", "payload": {"arena_id": "default", "robot_id": "202601002029", "request_id": "ad03582c84f643b88275c1da9e3ab3c8", "position": {"x": -1854.605313830314, "y": 69.61717623721074}, "channel": 4}, "attempt": 1}
2026-09-13 12:19:49,192 INFO response {"request_id": "ad03582c84f643b88275c1da9e3ab3c8", "http_status": 200, "body": {"accepted": true, "real_timestamp_ms": 1789273185168, "virtual_time_s": 3410.430606, "measure_result": "direction", "svd_deg": 23.01}}
2026-09-13 12:19:49,258 INFO request {"path": "/measure", "payload": {"arena_id": "default", "robot_id": "202601002029", "request_id": "20b98a8c63014d85b0dbf1a8edef0e9b", "position": {"x": -1854.605313830314, "y": 69.61717623721074}, "channel": 3}, "attempt": 1}
2026-09-13 12:19:49,261 INFO response {"request_id": "20b98a8c63014d85b0dbf1a8edef0e9b", "http_status": 200, "body": {"accepted": true, "real_timestamp_ms": 1789273185237, "virtual_time_s": 3416.430606, "measure_result": "direction", "svd_deg": 23.66}}
2026-09-13 12:19:49,275 INFO request {"path": "/clear", "payload": {"arena_id": "default", "robot_id": "202601002029", "request_id": "df1cca9120eb4a898caf192039b3c0e3", "position": {"x": -1436.7217898335603, "y": 246.856177023898}, "channel": 4}, "attempt": 1}
2026-09-13 12:19:49,295 INFO response {"request_id": "df1cca9120eb4a898caf192039b3c0e3", "http_status": 200, "body": {"accepted": true, "real_timestamp_ms": 1789273185271, "virtual_time_s": 3512.213931, "clear_result": "success"}}
2026-09-13 12:19:49,296 INFO request {"path": "/clear", "payload": {"arena_id": "default", "robot_id": "202601002029", "request_id": "abe76009ec674c66a0b77b52805387bf", "position": {"x": -1192.068459431053, "y": 360.0834874255999}, "channel": 3}, "attempt": 1}
2026-09-13 12:19:49,297 INFO response {"request_id": "abe76009ec674c66a0b77b52805387bf", "http_status": 200, "body": {"accepted": true, "real_timestamp_ms": 1789273185274, "virtual_time_s": 3571.130784, "clear_result": "success"}}
2026-09-13 12:19:49,299 INFO request {"path": "/clear", "payload": {"arena_id": "default", "robot_id": "202601002029", "request_id": "55dcab10c6324864b9a0a63b4adc2b30", "position": {"x": -808.8831389749, "y": 655.6469735633767}, "channel": 16}, "attempt": 1}
2026-09-13 12:19:49,300 INFO response {"request_id": "55dcab10c6324864b9a0a63b4adc2b30", "http_status": 200, "body": {"accepted": true, "real_timestamp_ms": 1789273185277, "virtual_time_s": 3672.916891, "clear_result": "success"}}
2026-09-13 12:19:49,301 INFO request {"path": "/measure", "payload": {"arena_id": "default", "robot_id": "202601002029", "request_id": "cf813167ebc6440a8774a2bacf4aa467", "position": {"x": -509.4733763301624, "y": 1576.0338430624638}, "channel": 18}, "attempt": 1}
2026-09-13 12:19:49,303 INFO response {"request_id": "cf813167ebc6440a8774a2bacf4aa467", "http_status": 200, "body": {"accepted": true, "real_timestamp_ms": 1789273185280, "virtual_time_s": 3872.48943, "measure_result": "direction", "svd_deg": 200.18}}
2026-09-13 12:19:49,333 INFO request {"path": "/clear", "payload": {"arena_id": "default", "robot_id": "202601002029", "request_id": "272be1eee73146cd804c4dbe481ed7fe", "position": {"x": -792.103575877326, "y": 1472.3428410639399}, "channel": 18}, "attempt": 1}
2026-09-13 12:19:49,335 INFO response {"request_id": "272be1eee73146cd804c4dbe481ed7fe", "http_status": 200, "body": {"accepted": true, "real_timestamp_ms": 1789273185311, "virtual_time_s": 3937.699613, "clear_result": "success"}}
2026-09-13 12:19:49,335 INFO request {"path": "/clear", "payload": {"arena_id": "default", "robot_id": "202601002029", "request_id": "3146fe7084cb49c3b8087d1831f85c64", "position": {"x": -12.740189098124706, "y": 1453.3768117810087}, "channel": 10}, "attempt": 1}
2026-09-13 12:19:49,355 INFO response {"request_id": "3146fe7084cb49c3b8087d1831f85c64", "http_status": 200, "body": {"accepted": true, "real_timestamp_ms": 1789273185332, "virtual_time_s": 4098.618438, "clear_result": "success"}}
2026-09-13 12:19:49,356 INFO request {"path": "/exit", "payload": {"arena_id": "default", "robot_id": "202601002029", "request_id": "a6c101dc57f9475ba1cf287149a52982"}, "attempt": 1}
2026-09-13 12:19:49,357 INFO response {"request_id": "a6c101dc57f9475ba1cf287149a52982", "http_status": 200, "body": {"accepted": true, "real_timestamp_ms": 1789273185334, "virtual_time_s": 4098.618438, "exit_reason": "user_exit"}}
