2026-09-12 15:28:53,448 INFO request {"path": "/enter", "payload": {"arena_id": "default", "robot_id": "202601002029", "request_id": "f2f80e2b06884d1b8e4b309df96fb441"}, "attempt": 1}
2026-09-12 15:28:53,453 INFO response {"request_id": "f2f80e2b06884d1b8e4b309df96fb441", "http_status": 200, "body": {"accepted": true, "real_timestamp_ms": 1789198130140, "virtual_time_s": 0, "max_virtual_duration_s": 360000, "max_real_duration_s": 1200, "remaining_real_duration_s": 1200}}
2026-09-12 15:28:53,453 INFO request {"path": "/measure", "payload": {"arena_id": "default", "robot_id": "202601002029", "request_id": "6123e5a7ade94602a1148af648035a00", "position": {"x": 0.0, "y": 0.0}, "channel": 1}, "attempt": 1}
2026-09-12 15:28:53,454 INFO response {"request_id": "6123e5a7ade94602a1148af648035a00", "http_status": 200, "body": {"accepted": true, "real_timestamp_ms": 1789198130141, "virtual_time_s": 5, "measure_result": "direction", "svd_deg": 15.07}}
2026-09-12 15:28:53,462 INFO request {"path": "/measure", "payload": {"arena_id": "default", "robot_id": "202601002029", "request_id": "6a1a7900ba0c4fac9b730cd2caa7345f", "position": {"x": 0.0, "y": 0.0}, "channel": 2}, "attempt": 1}
2026-09-12 15:28:53,464 INFO response {"request_id": "6a1a7900ba0c4fac9b730cd2caa7345f", "http_status": 200, "body": {"accepted": true, "real_timestamp_ms": 1789198130150, "virtual_time_s": 11, "measure_result": "no_signal"}}
2026-09-12 15:28:53,464 INFO request {"path": "/measure", "payload": {"arena_id": "default", "robot_id": "202601002029", "request_id": "ef18f7aec58f491a905f3da58087fe33", "position": {"x": 0.0, "y": 0.0}, "channel": 3}, "attempt": 1}
2026-09-12 15:28:53,466 INFO response {"request_id": "ef18f7aec58f491a905f3da58087fe33", "http_status": 200, "body": {"accepted": true, "real_timestamp_ms": 1789198130152, "virtual_time_s": 17, "measure_result": "direction", "svd_deg": 101.82}}
2026-09-12 15:28:53,468 INFO request {"path": "/measure", "payload": {"arena_id": "default", "robot_id": "202601002029", "request_id": "904442e67c7842ab8595b2a1a3748105", "position": {"x": 0.0, "y": 0.0}, "channel": 4}, "attempt": 1}
2026-09-12 15:28:53,486 INFO response {"request_id": "904442e67c7842ab8595b2a1a3748105", "http_status": 200, "body": {"accepted": true, "real_timestamp_ms": 1789198130172, "virtual_time_s": 23, "measure_result": "no_signal"}}
2026-09-12 15:28:53,486 INFO request {"path": "/measure", "payload": {"arena_id": "default", "robot_id": "202601002029", "request_id": "1dbe7c4663ae474baa9edac905dc7cc3", "position": {"x": 0.0, "y": 0.0}, "channel": 5}, "attempt": 1}
2026-09-12 15:28:53,505 INFO response {"request_id": "1dbe7c4663ae474baa9edac905dc7cc3", "http_status": 200, "body": {"accepted": true, "real_timestamp_ms": 1789198130192, "virtual_time_s": 29, "measure_result": "direction", "svd_deg": 359.81}}
2026-09-12 15:28:53,507 INFO request {"path": "/measure", "payload": {"arena_id": "default", "robot_id": "202601002029", "request_id": "7436303e83084fadbab3520b27ddb528", "position": {"x": 0.0, "y": 0.0}, "channel": 6}, "attempt": 1}
2026-09-12 15:28:53,509 INFO response {"request_id": "7436303e83084fadbab3520b27ddb528", "http_status": 200, "body": {"accepted": true, "real_timestamp_ms": 1789198130196, "virtual_time_s": 35, "measure_result": "no_signal"}}
2026-09-12 15:28:53,509 INFO request {"path": "/measure", "payload": {"arena_id": "default", "robot_id": "202601002029", "request_id": "5ce7c7cb05c94a2488f1562b69622a5d", "position": {"x": 0.0, "y": 0.0}, "channel": 7}, "attempt": 1}
2026-09-12 15:28:53,525 INFO response {"request_id": "5ce7c7cb05c94a2488f1562b69622a5d", "http_status": 200, "body": {"accepted": true, "real_timestamp_ms": 1789198130212, "virtual_time_s": 41, "measure_result": "direction", "svd_deg": 97.03}}
2026-09-12 15:28:53,528 INFO request {"path": "/measure", "payload": {"arena_id": "default", "robot_id": "202601002029", "request_id": "e7e0b708b2ba4f8e9f595a026d63c00a", "position": {"x": 0.0, "y": 0.0}, "channel": 8}, "attempt": 1}
2026-09-12 15:28:53,529 INFO response {"request_id": "e7e0b708b2ba4f8e9f595a026d63c00a", "http_status": 200, "body": {"accepted": true, "real_timestamp_ms": 1789198130216, "virtual_time_s": 47, "measure_result": "direction", "svd_deg": 244.9}}
2026-09-12 15:28:53,531 INFO request {"path": "/measure", "payload": {"arena_id": "default", "robot_id": "202601002029", "request_id": "5a04476eee8043b4b489faf314c9b696", "position": {"x": 0.0, "y": 0.0}, "channel": 9}, "attempt": 1}
2026-09-12 15:28:53,533 INFO response {"request_id": "5a04476eee8043b4b489faf314c9b696", "http_status": 200, "body": {"accepted": true, "real_timestamp_ms": 1789198130219, "virtual_time_s": 53, "measure_result": "direction", "svd_deg": 217.76}}
2026-09-12 15:28:53,536 INFO request {"path": "/measure", "payload": {"arena_id": "default", "robot_id": "202601002029", "request_id": "dc887b44e867453f811585813b4669ce", "position": {"x": 0.0, "y": 0.0}, "channel": 10}, "attempt": 1}
2026-09-12 15:28:53,536 INFO response {"request_id": "dc887b44e867453f811585813b4669ce", "http_status": 200, "body": {"accepted": true, "real_timestamp_ms": 1789198130223, "virtual_time_s": 59, "measure_result": "no_signal"}}
2026-09-12 15:28:53,537 INFO request {"path": "/measure", "payload": {"arena_id": "default", "robot_id": "202601002029", "request_id": "4e009565aacd4afa98f6df029fe4bd24", "position": {"x": 0.0, "y": 0.0}, "channel": 11}, "attempt": 1}
2026-09-12 15:28:53,554 INFO response {"request_id": "4e009565aacd4afa98f6df029fe4bd24", "http_status": 200, "body": {"accepted": true, "real_timestamp_ms": 1789198130241, "virtual_time_s": 65, "measure_result": "no_signal"}}
2026-09-12 15:28:53,554 INFO request {"path": "/measure", "payload": {"arena_id": "default", "robot_id": "202601002029", "request_id": "2466a2368f0b4c8292a6529a3169a5e1", "position": {"x": 0.0, "y": 0.0}, "channel": 12}, "attempt": 1}
2026-09-12 15:28:53,555 INFO response {"request_id": "2466a2368f0b4c8292a6529a3169a5e1", "http_status": 200, "body": {"accepted": true, "real_timestamp_ms": 1789198130242, "virtual_time_s": 71, "measure_result": "no_signal"}}
2026-09-12 15:28:53,555 INFO request {"path": "/measure", "payload": {"arena_id": "default", "robot_id": "202601002029", "request_id": "47781725f6834aab91ad36610c14d297", "position": {"x": 0.0, "y": 0.0}, "channel": 13}, "attempt": 1}
2026-09-12 15:28:53,556 INFO response {"request_id": "47781725f6834aab91ad36610c14d297", "http_status": 200, "body": {"accepted": true, "real_timestamp_ms": 1789198130243, "virtual_time_s": 77, "measure_result": "direction", "svd_deg": 239.22}}
2026-09-12 15:28:53,557 INFO request {"path": "/measure", "payload": {"arena_id": "default", "robot_id": "202601002029", "request_id": "f27e7ac2192c4503b668f621bd0b5d05", "position": {"x": 0.0, "y": 0.0}, "channel": 14}, "attempt": 1}
2026-09-12 15:28:53,559 INFO response {"request_id": "f27e7ac2192c4503b668f621bd0b5d05", "http_status": 200, "body": {"accepted": true, "real_timestamp_ms": 1789198130246, "virtual_time_s": 83, "measure_result": "no_signal"}}
2026-09-12 15:28:53,559 INFO request {"path": "/measure", "payload": {"arena_id": "default", "robot_id": "202601002029", "request_id": "eb5af4a2ab6e47fca0c44d73c2c81ace", "position": {"x": 0.0, "y": 0.0}, "channel": 15}, "attempt": 1}
2026-09-12 15:28:53,575 INFO response {"request_id": "eb5af4a2ab6e47fca0c44d73c2c81ace", "http_status": 200, "body": {"accepted": true, "real_timestamp_ms": 1789198130261, "virtual_time_s": 89, "measure_result": "direction", "svd_deg": 137.51}}
2026-09-12 15:28:53,576 INFO request {"path": "/measure", "payload": {"arena_id": "default", "robot_id": "202601002029", "request_id": "c900a8c4dd114d818682e727c0d9a76c", "position": {"x": 0.0, "y": 0.0}, "channel": 16}, "attempt": 1}
2026-09-12 15:28:53,578 INFO response {"request_id": "c900a8c4dd114d818682e727c0d9a76c", "http_status": 200, "body": {"accepted": true, "real_timestamp_ms": 1789198130265, "virtual_time_s": 95, "measure_result": "no_signal"}}
2026-09-12 15:28:53,578 INFO request {"path": "/measure", "payload": {"arena_id": "default", "robot_id": "202601002029", "request_id": "f7518beb2b84466b9582d9b404222425", "position": {"x": 0.0, "y": 0.0}, "channel": 17}, "attempt": 1}
2026-09-12 15:28:53,579 INFO response {"request_id": "f7518beb2b84466b9582d9b404222425", "http_status": 200, "body": {"accepted": true, "real_timestamp_ms": 1789198130266, "virtual_time_s": 101, "measure_result": "no_signal"}}
2026-09-12 15:28:53,579 INFO request {"path": "/measure", "payload": {"arena_id": "default", "robot_id": "202601002029", "request_id": "94e27a53406c4ecf94d19ad6de6b1303", "position": {"x": 0.0, "y": 0.0}, "channel": 18}, "attempt": 1}
2026-09-12 15:28:53,594 INFO response {"request_id": "94e27a53406c4ecf94d19ad6de6b1303", "http_status": 200, "body": {"accepted": true, "real_timestamp_ms": 1789198130281, "virtual_time_s": 107, "measure_result": "direction", "svd_deg": 268.84}}
2026-09-12 15:28:53,596 INFO request {"path": "/measure", "payload": {"arena_id": "default", "robot_id": "202601002029", "request_id": "06d6f90e7ad84308bdf9be854ad2cbfe", "position": {"x": 0.0, "y": 0.0}, "channel": 19}, "attempt": 1}
2026-09-12 15:28:53,613 INFO response {"request_id": "06d6f90e7ad84308bdf9be854ad2cbfe", "http_status": 200, "body": {"accepted": true, "real_timestamp_ms": 1789198130299, "virtual_time_s": 113, "measure_result": "direction", "svd_deg": 197.78}}
2026-09-12 15:28:53,615 INFO request {"path": "/measure", "payload": {"arena_id": "default", "robot_id": "202601002029", "request_id": "a83c2fa3d2f6455d8c4df2753ecf5107", "position": {"x": 0.0, "y": 0.0}, "channel": 20}, "attempt": 1}
2026-09-12 15:28:53,616 INFO response {"request_id": "a83c2fa3d2f6455d8c4df2753ecf5107", "http_status": 200, "body": {"accepted": true, "real_timestamp_ms": 1789198130303, "virtual_time_s": 119, "measure_result": "no_signal"}}
2026-09-12 15:28:53,616 INFO request {"path": "/measure", "payload": {"arena_id": "default", "robot_id": "202601002029", "request_id": "5ba73718ac22417eb5a46f54e32468c5", "position": {"x": 1200.0, "y": 0.0}, "channel": 20}, "attempt": 1}
2026-09-12 15:28:53,633 INFO response {"request_id": "5ba73718ac22417eb5a46f54e32468c5", "http_status": 200, "body": {"accepted": true, "real_timestamp_ms": 1789198130319, "virtual_time_s": 364, "measure_result": "no_signal"}}
2026-09-12 15:28:53,634 INFO request {"path": "/measure", "payload": {"arena_id": "default", "robot_id": "202601002029", "request_id": "f1f08afaf4c642eeb22f3c7c79a51e10", "position": {"x": 1200.0, "y": 0.0}, "channel": 2}, "attempt": 1}
2026-09-12 15:28:53,635 INFO response {"request_id": "f1f08afaf4c642eeb22f3c7c79a51e10", "http_status": 200, "body": {"accepted": true, "real_timestamp_ms": 1789198130321, "virtual_time_s": 370, "measure_result": "no_signal"}}
2026-09-12 15:28:53,635 INFO request {"path": "/measure", "payload": {"arena_id": "default", "robot_id": "202601002029", "request_id": "51aaf61d230a4314b84efb5615875773", "position": {"x": 1200.0, "y": 0.0}, "channel": 4}, "attempt": 1}
2026-09-12 15:28:53,635 INFO response {"request_id": "51aaf61d230a4314b84efb5615875773", "http_status": 200, "body": {"accepted": true, "real_timestamp_ms": 1789198130322, "virtual_time_s": 376, "measure_result": "no_signal"}}
2026-09-12 15:28:53,636 INFO request {"path": "/measure", "payload": {"arena_id": "default", "robot_id": "202601002029", "request_id": "1c2468f7c3754e6b94d1782e0a3c2783", "position": {"x": 1200.0, "y": 0.0}, "channel": 6}, "attempt": 1}
2026-09-12 15:28:53,636 INFO response {"request_id": "1c2468f7c3754e6b94d1782e0a3c2783", "http_status": 200, "body": {"accepted": true, "real_timestamp_ms": 1789198130323, "virtual_time_s": 382, "measure_result": "no_signal"}}
2026-09-12 15:28:53,637 INFO request {"path": "/measure", "payload": {"arena_id": "default", "robot_id": "202601002029", "request_id": "f347642fb87a478d9b4e5b3291a47ffc", "position": {"x": 1200.0, "y": 0.0}, "channel": 10}, "attempt": 1}
2026-09-12 15:28:53,651 INFO response {"request_id": "f347642fb87a478d9b4e5b3291a47ffc", "http_status": 200, "body": {"accepted": true, "real_timestamp_ms": 1789198130339, "virtual_time_s": 388, "measure_result": "no_signal"}}
2026-09-12 15:28:53,652 INFO request {"path": "/measure", "payload": {"arena_id": "default", "robot_id": "202601002029", "request_id": "aa09a244d8c743aaa3a0bddd6fca3a36", "position": {"x": 1200.0, "y": 0.0}, "channel": 11}, "attempt": 1}
2026-09-12 15:28:53,653 INFO response {"request_id": "aa09a244d8c743aaa3a0bddd6fca3a36", "http_status": 200, "body": {"accepted": true, "real_timestamp_ms": 1789198130340, "virtual_time_s": 394, "measure_result": "no_signal"}}
2026-09-12 15:28:53,653 INFO request {"path": "/measure", "payload": {"arena_id": "default", "robot_id": "202601002029", "request_id": "6ae3b20adda742548d6a77e65e20c0cf", "position": {"x": 1200.0, "y": 0.0}, "channel": 12}, "attempt": 1}
2026-09-12 15:28:53,654 INFO response {"request_id": "6ae3b20adda742548d6a77e65e20c0cf", "http_status": 200, "body": {"accepted": true, "real_timestamp_ms": 1789198130341, "virtual_time_s": 400, "measure_result": "no_signal"}}
2026-09-12 15:28:53,654 INFO request {"path": "/measure", "payload": {"arena_id": "default", "robot_id": "202601002029", "request_id": "3c3b9cb6f1614864acaf5d629ff30d0b", "position": {"x": 1200.0, "y": 0.0}, "channel": 14}, "attempt": 1}
2026-09-12 15:28:53,655 INFO response {"request_id": "3c3b9cb6f1614864acaf5d629ff30d0b", "http_status": 200, "body": {"accepted": true, "real_timestamp_ms": 1789198130342, "virtual_time_s": 406, "measure_result": "no_signal"}}
2026-09-12 15:28:53,655 INFO request {"path": "/measure", "payload": {"arena_id": "default", "robot_id": "202601002029", "request_id": "e24ed1d0849f4d8c92ea1b9cfbc87a2f", "position": {"x": 1200.0, "y": 0.0}, "channel": 16}, "attempt": 1}
2026-09-12 15:28:53,672 INFO response {"request_id": "e24ed1d0849f4d8c92ea1b9cfbc87a2f", "http_status": 200, "body": {"accepted": true, "real_timestamp_ms": 1789198130359, "virtual_time_s": 412, "measure_result": "direction", "svd_deg": 90.47}}
2026-09-12 15:28:53,674 INFO request {"path": "/measure", "payload": {"arena_id": "default", "robot_id": "202601002029", "request_id": "162d9c9810ca4c1390b64aa12fb4cb75", "position": {"x": 1200.0, "y": 0.0}, "channel": 17}, "attempt": 1}
2026-09-12 15:28:53,691 INFO response {"request_id": "162d9c9810ca4c1390b64aa12fb4cb75", "http_status": 200, "body": {"accepted": true, "real_timestamp_ms": 1789198130378, "virtual_time_s": 418, "measure_result": "no_signal"}}
2026-09-12 15:28:53,699 INFO request {"path": "/measure", "payload": {"arena_id": "default", "robot_id": "202601002029", "request_id": "1c194426a72f42a194424db17dd03311", "position": {"x": 1200.0, "y": 0.0}, "channel": 1}, "attempt": 1}
2026-09-12 15:28:53,711 INFO response {"request_id": "1c194426a72f42a194424db17dd03311", "http_status": 200, "body": {"accepted": true, "real_timestamp_ms": 1789198130397, "virtual_time_s": 424, "measure_result": "direction", "svd_deg": 127.86}}
2026-09-12 15:28:53,715 INFO request {"path": "/measure", "payload": {"arena_id": "default", "robot_id": "202601002029", "request_id": "d9f8ec0db0d44f68a561733a216d38a6", "position": {"x": 600.0000000000001, "y": 1039.2304845413264}, "channel": 2}, "attempt": 1}
2026-09-12 15:28:53,731 INFO response {"request_id": "d9f8ec0db0d44f68a561733a216d38a6", "http_status": 200, "body": {"accepted": true, "real_timestamp_ms": 1789198130417, "virtual_time_s": 670, "measure_result": "no_signal"}}
2026-09-12 15:28:53,731 INFO request {"path": "/measure", "payload": {"arena_id": "default", "robot_id": "202601002029", "request_id": "e06f615d8e134d21aef443c70ef0d404", "position": {"x": 600.0000000000001, "y": 1039.2304845413264}, "channel": 4}, "attempt": 1}
2026-09-12 15:28:53,732 INFO response {"request_id": "e06f615d8e134d21aef443c70ef0d404", "http_status": 200, "body": {"accepted": true, "real_timestamp_ms": 1789198130419, "virtual_time_s": 676, "measure_result": "no_signal"}}
2026-09-12 15:28:53,732 INFO request {"path": "/measure", "payload": {"arena_id": "default", "robot_id": "202601002029", "request_id": "6e1895a3739c4ad2a434c202565c4e7b", "position": {"x": 600.0000000000001, "y": 1039.2304845413264}, "channel": 6}, "attempt": 1}
2026-09-12 15:28:53,734 INFO response {"request_id": "6e1895a3739c4ad2a434c202565c4e7b", "http_status": 200, "body": {"accepted": true, "real_timestamp_ms": 1789198130420, "virtual_time_s": 682, "measure_result": "no_signal"}}
2026-09-12 15:28:53,734 INFO request {"path": "/measure", "payload": {"arena_id": "default", "robot_id": "202601002029", "request_id": "52fe0411abfd4aaa91bb458a2be5ab10", "position": {"x": 600.0000000000001, "y": 1039.2304845413264}, "channel": 10}, "attempt": 1}
2026-09-12 15:28:53,734 INFO response {"request_id": "52fe0411abfd4aaa91bb458a2be5ab10", "http_status": 200, "body": {"accepted": true, "real_timestamp_ms": 1789198130422, "virtual_time_s": 688, "measure_result": "no_signal"}}
2026-09-12 15:28:53,735 INFO request {"path": "/measure", "payload": {"arena_id": "default", "robot_id": "202601002029", "request_id": "f509b01638864144b0c9160c965bf358", "position": {"x": 600.0000000000001, "y": 1039.2304845413264}, "channel": 11}, "attempt": 1}
2026-09-12 15:28:53,750 INFO response {"request_id": "f509b01638864144b0c9160c965bf358", "http_status": 200, "body": {"accepted": true, "real_timestamp_ms": 1789198130436, "virtual_time_s": 694, "measure_result": "no_signal"}}
2026-09-12 15:28:53,750 INFO request {"path": "/measure", "payload": {"arena_id": "default", "robot_id": "202601002029", "request_id": "dd58cb652c7349a5a02498fa4ee9d46f", "position": {"x": 600.0000000000001, "y": 1039.2304845413264}, "channel": 12}, "attempt": 1}
2026-09-12 15:28:53,769 INFO response {"request_id": "dd58cb652c7349a5a02498fa4ee9d46f", "http_status": 200, "body": {"accepted": true, "real_timestamp_ms": 1789198130456, "virtual_time_s": 700, "measure_result": "no_signal"}}
2026-09-12 15:28:53,769 INFO request {"path": "/measure", "payload": {"arena_id": "default", "robot_id": "202601002029", "request_id": "eb77315a62c24657afa2d210bb4ed431", "position": {"x": 600.0000000000001, "y": 1039.2304845413264}, "channel": 14}, "attempt": 1}
2026-09-12 15:28:53,788 INFO response {"request_id": "eb77315a62c24657afa2d210bb4ed431", "http_status": 200, "body": {"accepted": true, "real_timestamp_ms": 1789198130475, "virtual_time_s": 706, "measure_result": "no_signal"}}
2026-09-12 15:28:53,789 INFO request {"path": "/measure", "payload": {"arena_id": "default", "robot_id": "202601002029", "request_id": "e2279a6a33cd4c0d878716327c75e206", "position": {"x": 600.0000000000001, "y": 1039.2304845413264}, "channel": 17}, "attempt": 1}
2026-09-12 15:28:53,790 INFO response {"request_id": "e2279a6a33cd4c0d878716327c75e206", "http_status": 200, "body": {"accepted": true, "real_timestamp_ms": 1789198130476, "virtual_time_s": 712, "measure_result": "no_signal"}}
2026-09-12 15:28:53,790 INFO request {"path": "/measure", "payload": {"arena_id": "default", "robot_id": "202601002029", "request_id": "70938e78a501457fa1cff3562fb6edea", "position": {"x": 600.0000000000001, "y": 1039.2304845413264}, "channel": 20}, "attempt": 1}
2026-09-12 15:28:53,808 INFO response {"request_id": "70938e78a501457fa1cff3562fb6edea", "http_status": 200, "body": {"accepted": true, "real_timestamp_ms": 1789198130495, "virtual_time_s": 718, "measure_result": "no_signal"}}
2026-09-12 15:28:53,846 INFO request {"path": "/measure", "payload": {"arena_id": "default", "robot_id": "202601002029", "request_id": "81fe215aeb8c4abf98ea3b56ce26625e", "position": {"x": 600.0000000000001, "y": 1039.2304845413264}, "channel": 3}, "attempt": 1}
2026-09-12 15:28:53,857 INFO response {"request_id": "81fe215aeb8c4abf98ea3b56ce26625e", "http_status": 200, "body": {"accepted": true, "real_timestamp_ms": 1789198130543, "virtual_time_s": 724, "measure_result": "direction", "svd_deg": 163.56}}
2026-09-12 15:28:53,890 INFO request {"path": "/measure", "payload": {"arena_id": "default", "robot_id": "202601002029", "request_id": "e8a31573413f4113825596a7df7f6941", "position": {"x": 600.0000000000001, "y": 1039.2304845413264}, "channel": 7}, "attempt": 1}
2026-09-12 15:28:53,906 INFO response {"request_id": "e8a31573413f4113825596a7df7f6941", "http_status": 200, "body": {"accepted": true, "real_timestamp_ms": 1789198130593, "virtual_time_s": 730, "measure_result": "direction", "svd_deg": 196.74}}
2026-09-12 15:28:53,914 INFO request {"path": "/measure", "payload": {"arena_id": "default", "robot_id": "202601002029", "request_id": "82c986718a514fdeaa57c08259db7824", "position": {"x": -599.9999999999998, "y": 1039.2304845413264}, "channel": 2}, "attempt": 1}
2026-09-12 15:28:53,915 INFO response {"request_id": "82c986718a514fdeaa57c08259db7824", "http_status": 200, "body": {"accepted": true, "real_timestamp_ms": 1789198130602, "virtual_time_s": 976, "measure_result": "no_signal"}}
2026-09-12 15:28:53,916 INFO request {"path": "/measure", "payload": {"arena_id": "default", "robot_id": "202601002029", "request_id": "e83d03096a1c4836a24b406d18f3e51c", "position": {"x": -599.9999999999998, "y": 1039.2304845413264}, "channel": 4}, "attempt": 1}
2026-09-12 15:28:53,936 INFO response {"request_id": "e83d03096a1c4836a24b406d18f3e51c", "http_status": 200, "body": {"accepted": true, "real_timestamp_ms": 1789198130623, "virtual_time_s": 982, "measure_result": "no_signal"}}
2026-09-12 15:28:53,937 INFO request {"path": "/measure", "payload": {"arena_id": "default", "robot_id": "202601002029", "request_id": "508f17f001f44290a8c5d899a011db84", "position": {"x": -599.9999999999998, "y": 1039.2304845413264}, "channel": 6}, "attempt": 1}
2026-09-12 15:28:53,939 INFO response {"request_id": "508f17f001f44290a8c5d899a011db84", "http_status": 200, "body": {"accepted": true, "real_timestamp_ms": 1789198130625, "virtual_time_s": 988, "measure_result": "no_signal"}}
2026-09-12 15:28:53,939 INFO request {"path": "/measure", "payload": {"arena_id": "default", "robot_id": "202601002029", "request_id": "85424c18b997445695cb7e078a75c0c9", "position": {"x": -599.9999999999998, "y": 1039.2304845413264}, "channel": 10}, "attempt": 1}
2026-09-12 15:28:53,941 INFO response {"request_id": "85424c18b997445695cb7e078a75c0c9", "http_status": 200, "body": {"accepted": true, "real_timestamp_ms": 1789198130628, "virtual_time_s": 994, "measure_result": "no_signal"}}
2026-09-12 15:28:53,941 INFO request {"path": "/measure", "payload": {"arena_id": "default", "robot_id": "202601002029", "request_id": "87274e2bd988477d8c926fad51a0b548", "position": {"x": -599.9999999999998, "y": 1039.2304845413264}, "channel": 11}, "attempt": 1}
2026-09-12 15:28:53,943 INFO response {"request_id": "87274e2bd988477d8c926fad51a0b548", "http_status": 200, "body": {"accepted": true, "real_timestamp_ms": 1789198130630, "virtual_time_s": 1000, "measure_result": "no_signal"}}
2026-09-12 15:28:53,943 INFO request {"path": "/measure", "payload": {"arena_id": "default", "robot_id": "202601002029", "request_id": "c18cc3105b60436f88da1c02e62dd3d7", "position": {"x": -599.9999999999998, "y": 1039.2304845413264}, "channel": 12}, "attempt": 1}
2026-09-12 15:28:53,945 INFO response {"request_id": "c18cc3105b60436f88da1c02e62dd3d7", "http_status": 200, "body": {"accepted": true, "real_timestamp_ms": 1789198130632, "virtual_time_s": 1006, "measure_result": "no_signal"}}
2026-09-12 15:28:53,945 INFO request {"path": "/measure", "payload": {"arena_id": "default", "robot_id": "202601002029", "request_id": "34a811c604ba4205ab81ecf8ec926256", "position": {"x": -599.9999999999998, "y": 1039.2304845413264}, "channel": 14}, "attempt": 1}
2026-09-12 15:28:53,947 INFO response {"request_id": "34a811c604ba4205ab81ecf8ec926256", "http_status": 200, "body": {"accepted": true, "real_timestamp_ms": 1789198130634, "virtual_time_s": 1012, "measure_result": "no_signal"}}
2026-09-12 15:28:53,948 INFO request {"path": "/measure", "payload": {"arena_id": "default", "robot_id": "202601002029", "request_id": "af99150c5a834271b5002c151104d173", "position": {"x": -599.9999999999998, "y": 1039.2304845413264}, "channel": 17}, "attempt": 1}
2026-09-12 15:28:53,949 INFO response {"request_id": "af99150c5a834271b5002c151104d173", "http_status": 200, "body": {"accepted": true, "real_timestamp_ms": 1789198130636, "virtual_time_s": 1018, "measure_result": "no_signal"}}
2026-09-12 15:28:53,949 INFO request {"path": "/measure", "payload": {"arena_id": "default", "robot_id": "202601002029", "request_id": "c65f3b95056b48d88b38ce3651f7cd0f", "position": {"x": -599.9999999999998, "y": 1039.2304845413264}, "channel": 20}, "attempt": 1}
2026-09-12 15:28:53,950 INFO response {"request_id": "c65f3b95056b48d88b38ce3651f7cd0f", "http_status": 200, "body": {"accepted": true, "real_timestamp_ms": 1789198130637, "virtual_time_s": 1024, "measure_result": "no_signal"}}
2026-09-12 15:28:53,996 INFO request {"path": "/measure", "payload": {"arena_id": "default", "robot_id": "202601002029", "request_id": "363afd28614244049baad9dc352bd42a", "position": {"x": -599.9999999999998, "y": 1039.2304845413264}, "channel": 15}, "attempt": 1}
2026-09-12 15:28:54,014 INFO response {"request_id": "363afd28614244049baad9dc352bd42a", "http_status": 200, "body": {"accepted": true, "real_timestamp_ms": 1789198130700, "virtual_time_s": 1030, "measure_result": "direction", "svd_deg": 293.38}}
2026-09-12 15:28:54,063 INFO request {"path": "/measure", "payload": {"arena_id": "default", "robot_id": "202601002029", "request_id": "a28445023b044f14b58e8f0493cd16f2", "position": {"x": -599.9999999999998, "y": 1039.2304845413264}, "channel": 3}, "attempt": 1}
2026-09-12 15:28:54,065 INFO response {"request_id": "a28445023b044f14b58e8f0493cd16f2", "http_status": 200, "body": {"accepted": true, "real_timestamp_ms": 1789198130752, "virtual_time_s": 1036, "measure_result": "direction", "svd_deg": 35.49}}
2026-09-12 15:28:54,071 INFO request {"path": "/measure", "payload": {"arena_id": "default", "robot_id": "202601002029", "request_id": "efa105cc9aa041d090a9538f6be77f64", "position": {"x": -1200.0, "y": 1.4695761589768238e-13}, "channel": 2}, "attempt": 1}
2026-09-12 15:28:54,073 INFO response {"request_id": "efa105cc9aa041d090a9538f6be77f64", "http_status": 200, "body": {"accepted": true, "real_timestamp_ms": 1789198130759, "virtual_time_s": 1282, "measure_result": "no_signal"}}
2026-09-12 15:28:54,073 INFO request {"path": "/measure", "payload": {"arena_id": "default", "robot_id": "202601002029", "request_id": "9de922e6aa894fe894919f10e05e64b8", "position": {"x": -1200.0, "y": 1.4695761589768238e-13}, "channel": 4}, "attempt": 1}
2026-09-12 15:28:54,091 INFO response {"request_id": "9de922e6aa894fe894919f10e05e64b8", "http_status": 200, "body": {"accepted": true, "real_timestamp_ms": 1789198130778, "virtual_time_s": 1288, "measure_result": "no_signal"}}
2026-09-12 15:28:54,092 INFO request {"path": "/measure", "payload": {"arena_id": "default", "robot_id": "202601002029", "request_id": "d157052694394df4b3b2fb686acd77ae", "position": {"x": -1200.0, "y": 1.4695761589768238e-13}, "channel": 6}, "attempt": 1}
2026-09-12 15:28:54,093 INFO response {"request_id": "d157052694394df4b3b2fb686acd77ae", "http_status": 200, "body": {"accepted": true, "real_timestamp_ms": 1789198130780, "virtual_time_s": 1294, "measure_result": "no_signal"}}
2026-09-12 15:28:54,093 INFO request {"path": "/measure", "payload": {"arena_id": "default", "robot_id": "202601002029", "request_id": "b5ea29e44cb7408eb25cefa32c80b299", "position": {"x": -1200.0, "y": 1.4695761589768238e-13}, "channel": 10}, "attempt": 1}
2026-09-12 15:28:54,094 INFO response {"request_id": "b5ea29e44cb7408eb25cefa32c80b299", "http_status": 200, "body": {"accepted": true, "real_timestamp_ms": 1789198130780, "virtual_time_s": 1300, "measure_result": "no_signal"}}
2026-09-12 15:28:54,094 INFO request {"path": "/measure", "payload": {"arena_id": "default", "robot_id": "202601002029", "request_id": "c3baf6c632524d5bad9ca4376cf997f2", "position": {"x": -1200.0, "y": 1.4695761589768238e-13}, "channel": 11}, "attempt": 1}
2026-09-12 15:28:54,111 INFO response {"request_id": "c3baf6c632524d5bad9ca4376cf997f2", "http_status": 200, "body": {"accepted": true, "real_timestamp_ms": 1789198130798, "virtual_time_s": 1306, "measure_result": "no_signal"}}
2026-09-12 15:28:54,111 INFO request {"path": "/measure", "payload": {"arena_id": "default", "robot_id": "202601002029", "request_id": "d20dbb14ddb24e8c97e5567e68f51f3c", "position": {"x": -1200.0, "y": 1.4695761589768238e-13}, "channel": 12}, "attempt": 1}
2026-09-12 15:28:54,131 INFO response {"request_id": "d20dbb14ddb24e8c97e5567e68f51f3c", "http_status": 200, "body": {"accepted": true, "real_timestamp_ms": 1789198130817, "virtual_time_s": 1312, "measure_result": "no_signal"}}
2026-09-12 15:28:54,131 INFO request {"path": "/measure", "payload": {"arena_id": "default", "robot_id": "202601002029", "request_id": "2ad666cdad394ab7869179a97e34afe6", "position": {"x": -1200.0, "y": 1.4695761589768238e-13}, "channel": 14}, "attempt": 1}
2026-09-12 15:28:54,151 INFO response {"request_id": "2ad666cdad394ab7869179a97e34afe6", "http_status": 200, "body": {"accepted": true, "real_timestamp_ms": 1789198130837, "virtual_time_s": 1318, "measure_result": "no_signal"}}
2026-09-12 15:28:54,151 INFO request {"path": "/measure", "payload": {"arena_id": "default", "robot_id": "202601002029", "request_id": "e2f1332cc22342d9b70f31846e75313f", "position": {"x": -1200.0, "y": 1.4695761589768238e-13}, "channel": 17}, "attempt": 1}
2026-09-12 15:28:54,153 INFO response {"request_id": "e2f1332cc22342d9b70f31846e75313f", "http_status": 200, "body": {"accepted": true, "real_timestamp_ms": 1789198130839, "virtual_time_s": 1324, "measure_result": "no_signal"}}
2026-09-12 15:28:54,153 INFO request {"path": "/measure", "payload": {"arena_id": "default", "robot_id": "202601002029", "request_id": "0ec3d3d02b204bb28e092d4bf5e13ff0", "position": {"x": -1200.0, "y": 1.4695761589768238e-13}, "channel": 20}, "attempt": 1}
2026-09-12 15:28:54,155 INFO response {"request_id": "0ec3d3d02b204bb28e092d4bf5e13ff0", "http_status": 200, "body": {"accepted": true, "real_timestamp_ms": 1789198130841, "virtual_time_s": 1330, "measure_result": "no_signal"}}
2026-09-12 15:28:54,207 INFO request {"path": "/measure", "payload": {"arena_id": "default", "robot_id": "202601002029", "request_id": "7a487fae42864152b26922cf3deabd07", "position": {"x": -1200.0, "y": 1.4695761589768238e-13}, "channel": 9}, "attempt": 1}
2026-09-12 15:28:54,208 INFO response {"request_id": "7a487fae42864152b26922cf3deabd07", "http_status": 200, "body": {"accepted": true, "real_timestamp_ms": 1789198130895, "virtual_time_s": 1336, "measure_result": "direction", "svd_deg": 325.89}}
2026-09-12 15:28:54,232 INFO request {"path": "/measure", "payload": {"arena_id": "default", "robot_id": "202601002029", "request_id": "e1061310477744aa8afa391a6d001bcd", "position": {"x": -1200.0, "y": 1.4695761589768238e-13}, "channel": 19}, "attempt": 1}
2026-09-12 15:28:54,248 INFO response {"request_id": "e1061310477744aa8afa391a6d001bcd", "http_status": 200, "body": {"accepted": true, "real_timestamp_ms": 1789198130935, "virtual_time_s": 1342, "measure_result": "direction", "svd_deg": 352.08}}
2026-09-12 15:28:54,251 INFO request {"path": "/measure", "payload": {"arena_id": "default", "robot_id": "202601002029", "request_id": "e72d6f039a75492eb9075ac1f8a814e8", "position": {"x": -600.0000000000006, "y": -1039.2304845413262}, "channel": 2}, "attempt": 1}
2026-09-12 15:28:54,268 INFO response {"request_id": "e72d6f039a75492eb9075ac1f8a814e8", "http_status": 200, "body": {"accepted": true, "real_timestamp_ms": 1789198130955, "virtual_time_s": 1588, "measure_result": "no_signal"}}
2026-09-12 15:28:54,268 INFO request {"path": "/measure", "payload": {"arena_id": "default", "robot_id": "202601002029", "request_id": "4f8874b79df64ba78a7b65151365ee05", "position": {"x": -600.0000000000006, "y": -1039.2304845413262}, "channel": 4}, "attempt": 1}
2026-09-12 15:28:54,269 INFO response {"request_id": "4f8874b79df64ba78a7b65151365ee05", "http_status": 200, "body": {"accepted": true, "real_timestamp_ms": 1789198130956, "virtual_time_s": 1594, "measure_result": "no_signal"}}
2026-09-12 15:28:54,269 INFO request {"path": "/measure", "payload": {"arena_id": "default", "robot_id": "202601002029", "request_id": "caf3899de83c4c4d85419903b754052d", "position": {"x": -600.0000000000006, "y": -1039.2304845413262}, "channel": 6}, "attempt": 1}
2026-09-12 15:28:54,270 INFO response {"request_id": "caf3899de83c4c4d85419903b754052d", "http_status": 200, "body": {"accepted": true, "real_timestamp_ms": 1789198130957, "virtual_time_s": 1600, "measure_result": "no_signal"}}
2026-09-12 15:28:54,270 INFO request {"path": "/measure", "payload": {"arena_id": "default", "robot_id": "202601002029", "request_id": "138901f0f95b4bbf9fc0948d543cc7c4", "position": {"x": -600.0000000000006, "y": -1039.2304845413262}, "channel": 10}, "attempt": 1}
2026-09-12 15:28:54,289 INFO response {"request_id": "138901f0f95b4bbf9fc0948d543cc7c4", "http_status": 200, "body": {"accepted": true, "real_timestamp_ms": 1789198130975, "virtual_time_s": 1606, "measure_result": "no_signal"}}
2026-09-12 15:28:54,289 INFO request {"path": "/measure", "payload": {"arena_id": "default", "robot_id": "202601002029", "request_id": "63ea31ad9b8244f9844069e22ba0748f", "position": {"x": -600.0000000000006, "y": -1039.2304845413262}, "channel": 11}, "attempt": 1}
2026-09-12 15:28:54,290 INFO response {"request_id": "63ea31ad9b8244f9844069e22ba0748f", "http_status": 200, "body": {"accepted": true, "real_timestamp_ms": 1789198130977, "virtual_time_s": 1612, "measure_result": "no_signal"}}
2026-09-12 15:28:54,290 INFO request {"path": "/measure", "payload": {"arena_id": "default", "robot_id": "202601002029", "request_id": "a624ab987f3941a298d910db6083b29c", "position": {"x": -600.0000000000006, "y": -1039.2304845413262}, "channel": 12}, "attempt": 1}
2026-09-12 15:28:54,308 INFO response {"request_id": "a624ab987f3941a298d910db6083b29c", "http_status": 200, "body": {"accepted": true, "real_timestamp_ms": 1789198130995, "virtual_time_s": 1618, "measure_result": "no_signal"}}
2026-09-12 15:28:54,308 INFO request {"path": "/measure", "payload": {"arena_id": "default", "robot_id": "202601002029", "request_id": "17204b9eb24340019d8911802541bfd6", "position": {"x": -600.0000000000006, "y": -1039.2304845413262}, "channel": 14}, "attempt": 1}
2026-09-12 15:28:54,331 INFO response {"request_id": "17204b9eb24340019d8911802541bfd6", "http_status": 200, "body": {"accepted": true, "real_timestamp_ms": 1789198131017, "virtual_time_s": 1624, "measure_result": "no_signal"}}
2026-09-12 15:28:54,331 INFO request {"path": "/measure", "payload": {"arena_id": "default", "robot_id": "202601002029", "request_id": "d9bf45c4ac40400bb7363d591cce0a05", "position": {"x": -600.0000000000006, "y": -1039.2304845413262}, "channel": 17}, "attempt": 1}
2026-09-12 15:28:54,348 INFO response {"request_id": "d9bf45c4ac40400bb7363d591cce0a05", "http_status": 200, "body": {"accepted": true, "real_timestamp_ms": 1789198131035, "virtual_time_s": 1630, "measure_result": "no_signal"}}
2026-09-12 15:28:54,348 INFO request {"path": "/measure", "payload": {"arena_id": "default", "robot_id": "202601002029", "request_id": "a2f5c6fb5a1348078d24eea5b1bf2fcd", "position": {"x": -600.0000000000006, "y": -1039.2304845413262}, "channel": 20}, "attempt": 1}
2026-09-12 15:28:54,349 INFO response {"request_id": "a2f5c6fb5a1348078d24eea5b1bf2fcd", "http_status": 200, "body": {"accepted": true, "real_timestamp_ms": 1789198131036, "virtual_time_s": 1636, "measure_result": "no_signal"}}
2026-09-12 15:28:54,380 INFO request {"path": "/measure", "payload": {"arena_id": "default", "robot_id": "202601002029", "request_id": "96ad70b42ddf4468919efbd22edf3958", "position": {"x": -600.0000000000006, "y": -1039.2304845413262}, "channel": 18}, "attempt": 1}
2026-09-12 15:28:54,396 INFO response {"request_id": "96ad70b42ddf4468919efbd22edf3958", "http_status": 200, "body": {"accepted": true, "real_timestamp_ms": 1789198131083, "virtual_time_s": 1642, "measure_result": "direction", "svd_deg": 346.43}}
2026-09-12 15:28:54,420 INFO request {"path": "/measure", "payload": {"arena_id": "default", "robot_id": "202601002029", "request_id": "50df3c8433a148dd923f601ddca587ba", "position": {"x": -600.0000000000006, "y": -1039.2304845413262}, "channel": 19}, "attempt": 1}
2026-09-12 15:28:54,435 INFO response {"request_id": "50df3c8433a148dd923f601ddca587ba", "http_status": 200, "body": {"accepted": true, "real_timestamp_ms": 1789198131123, "virtual_time_s": 1648, "measure_result": "direction", "svd_deg": 75.29}}
2026-09-12 15:28:54,439 INFO request {"path": "/measure", "payload": {"arena_id": "default", "robot_id": "202601002029", "request_id": "f469cbfc59654b139d18ac6f958b9e76", "position": {"x": 600.0000000000001, "y": -1039.2304845413264}, "channel": 2}, "attempt": 1}
2026-09-12 15:28:54,454 INFO response {"request_id": "f469cbfc59654b139d18ac6f958b9e76", "http_status": 200, "body": {"accepted": true, "real_timestamp_ms": 1789198131141, "virtual_time_s": 1894, "measure_result": "no_signal"}}
2026-09-12 15:28:54,454 INFO request {"path": "/measure", "payload": {"arena_id": "default", "robot_id": "202601002029", "request_id": "2c927e2ec78848d0af0eb0c6504361cb", "position": {"x": 600.0000000000001, "y": -1039.2304845413264}, "channel": 4}, "attempt": 1}
2026-09-12 15:28:54,474 INFO response {"request_id": "2c927e2ec78848d0af0eb0c6504361cb", "http_status": 200, "body": {"accepted": true, "real_timestamp_ms": 1789198131161, "virtual_time_s": 1900, "measure_result": "no_signal"}}
2026-09-12 15:28:54,474 INFO request {"path": "/measure", "payload": {"arena_id": "default", "robot_id": "202601002029", "request_id": "e67acc19d55b43c9b308cddf4beafc9a", "position": {"x": 600.0000000000001, "y": -1039.2304845413264}, "channel": 6}, "attempt": 1}
2026-09-12 15:28:54,494 INFO response {"request_id": "e67acc19d55b43c9b308cddf4beafc9a", "http_status": 200, "body": {"accepted": true, "real_timestamp_ms": 1789198131181, "virtual_time_s": 1906, "measure_result": "no_signal"}}
2026-09-12 15:28:54,494 INFO request {"path": "/measure", "payload": {"arena_id": "default", "robot_id": "202601002029", "request_id": "e1497d2245e244268bc6f5900bef9467", "position": {"x": 600.0000000000001, "y": -1039.2304845413264}, "channel": 10}, "attempt": 1}
2026-09-12 15:28:54,512 INFO response {"request_id": "e1497d2245e244268bc6f5900bef9467", "http_status": 200, "body": {"accepted": true, "real_timestamp_ms": 1789198131199, "virtual_time_s": 1912, "measure_result": "no_signal"}}
2026-09-12 15:28:54,513 INFO request {"path": "/measure", "payload": {"arena_id": "default", "robot_id": "202601002029", "request_id": "1b4f049b21fc4f9a8ec64d896f2e6187", "position": {"x": 600.0000000000001, "y": -1039.2304845413264}, "channel": 11}, "attempt": 1}
2026-09-12 15:28:54,534 INFO response {"request_id": "1b4f049b21fc4f9a8ec64d896f2e6187", "http_status": 200, "body": {"accepted": true, "real_timestamp_ms": 1789198131220, "virtual_time_s": 1918, "measure_result": "no_signal"}}
2026-09-12 15:28:54,534 INFO request {"path": "/measure", "payload": {"arena_id": "default", "robot_id": "202601002029", "request_id": "ae2e1044dc8b460a8421568a7cc8b179", "position": {"x": 600.0000000000001, "y": -1039.2304845413264}, "channel": 12}, "attempt": 1}
2026-09-12 15:28:54,552 INFO response {"request_id": "ae2e1044dc8b460a8421568a7cc8b179", "http_status": 200, "body": {"accepted": true, "real_timestamp_ms": 1789198131239, "virtual_time_s": 1924, "measure_result": "no_signal"}}
2026-09-12 15:28:54,552 INFO request {"path": "/measure", "payload": {"arena_id": "default", "robot_id": "202601002029", "request_id": "6a1be2c974764b8ba85279c61d24d662", "position": {"x": 600.0000000000001, "y": -1039.2304845413264}, "channel": 14}, "attempt": 1}
2026-09-12 15:28:54,572 INFO response {"request_id": "6a1be2c974764b8ba85279c61d24d662", "http_status": 200, "body": {"accepted": true, "real_timestamp_ms": 1789198131259, "virtual_time_s": 1930, "measure_result": "no_signal"}}
2026-09-12 15:28:54,572 INFO request {"path": "/measure", "payload": {"arena_id": "default", "robot_id": "202601002029", "request_id": "3f2304ae18f5441fb4862c27ecfdee49", "position": {"x": 600.0000000000001, "y": -1039.2304845413264}, "channel": 17}, "attempt": 1}
2026-09-12 15:28:54,591 INFO response {"request_id": "3f2304ae18f5441fb4862c27ecfdee49", "http_status": 200, "body": {"accepted": true, "real_timestamp_ms": 1789198131278, "virtual_time_s": 1936, "measure_result": "no_signal"}}
2026-09-12 15:28:54,591 INFO request {"path": "/measure", "payload": {"arena_id": "default", "robot_id": "202601002029", "request_id": "5a47688be7074a7a904b5861549903a0", "position": {"x": 600.0000000000001, "y": -1039.2304845413264}, "channel": 20}, "attempt": 1}
2026-09-12 15:28:54,610 INFO response {"request_id": "5a47688be7074a7a904b5861549903a0", "http_status": 200, "body": {"accepted": true, "real_timestamp_ms": 1789198131297, "virtual_time_s": 1942, "measure_result": "no_signal"}}
2026-09-12 15:28:54,633 INFO request {"path": "/measure", "payload": {"arena_id": "default", "robot_id": "202601002029", "request_id": "bc086a346813454dbb6e6cb6671d4cec", "position": {"x": 600.0000000000001, "y": -1039.2304845413264}, "channel": 8}, "attempt": 1}
2026-09-12 15:28:54,648 INFO response {"request_id": "bc086a346813454dbb6e6cb6671d4cec", "http_status": 200, "body": {"accepted": true, "real_timestamp_ms": 1789198131334, "virtual_time_s": 1948, "measure_result": "direction", "svd_deg": 149.81}}
2026-09-12 15:28:54,666 INFO request {"path": "/measure", "payload": {"arena_id": "default", "robot_id": "202601002029", "request_id": "56f41de7f818435cb7e00080cd6bce5f", "position": {"x": 600.0000000000001, "y": -1039.2304845413264}, "channel": 5}, "attempt": 1}
2026-09-12 15:28:54,668 INFO response {"request_id": "56f41de7f818435cb7e00080cd6bce5f", "http_status": 200, "body": {"accepted": true, "real_timestamp_ms": 1789198131355, "virtual_time_s": 1954, "measure_result": "direction", "svd_deg": 85.61}}
2026-09-12 15:29:00,444 INFO request {"path": "/measure", "payload": {"arena_id": "default", "robot_id": "202601002029", "request_id": "86e28d8bed8b452f9e96532f0120a362", "position": {"x": 47.562325751099365, "y": -1057.4522825023294}, "channel": 13}, "attempt": 1}
2026-09-12 15:29:00,462 INFO response {"request_id": "86e28d8bed8b452f9e96532f0120a362", "http_status": 200, "body": {"accepted": true, "real_timestamp_ms": 1789198137149, "virtual_time_s": 2070.547622, "measure_result": "direction", "svd_deg": 140.73}}
2026-09-12 15:29:00,523 INFO request {"path": "/measure", "payload": {"arena_id": "default", "robot_id": "202601002029", "request_id": "e8cdeb93b9e1416baec1cc19eb21ac4b", "position": {"x": 47.562325751099365, "y": -1057.4522825023294}, "channel": 18}, "attempt": 1}
2026-09-12 15:29:00,525 INFO response {"request_id": "e8cdeb93b9e1416baec1cc19eb21ac4b", "http_status": 200, "body": {"accepted": true, "real_timestamp_ms": 1789198137212, "virtual_time_s": 2076.547622, "measure_result": "direction", "svd_deg": 239.23}}
2026-09-12 15:29:00,570 INFO request {"path": "/measure", "payload": {"arena_id": "default", "robot_id": "202601002029", "request_id": "fbdd96e1130b46fe973387f6eb1d56f0", "position": {"x": 47.562325751099365, "y": -1057.4522825023294}, "channel": 19}, "attempt": 1}
2026-09-12 15:29:00,570 INFO response {"request_id": "fbdd96e1130b46fe973387f6eb1d56f0", "http_status": 200, "body": {"accepted": true, "real_timestamp_ms": 1789198137257, "virtual_time_s": 2082.547622, "measure_result": "direction", "svd_deg": 113.33}}
2026-09-12 15:29:00,576 INFO request {"path": "/clear", "payload": {"arena_id": "default", "robot_id": "202601002029", "request_id": "70b54d8db20c4b8cb5896a5b30947e46", "position": {"x": -24.473513106014018, "y": -1178.0425255613634}, "channel": 18}, "attempt": 1}
2026-09-12 15:29:00,590 INFO response {"request_id": "70b54d8db20c4b8cb5896a5b30947e46", "http_status": 200, "body": {"accepted": true, "real_timestamp_ms": 1789198137277, "virtual_time_s": 2115.641158, "clear_result": "success"}}
2026-09-12 15:29:00,604 INFO request {"path": "/measure", "payload": {"arena_id": "default", "robot_id": "202601002029", "request_id": "a41affb6cf684029b5dcb8fe5c59bf7e", "position": {"x": -24.473513106014018, "y": -1178.0425255613634}, "channel": 9}, "attempt": 1}
2026-09-12 15:29:00,606 INFO response {"request_id": "a41affb6cf684029b5dcb8fe5c59bf7e", "http_status": 200, "body": {"accepted": true, "real_timestamp_ms": 1789198137292, "virtual_time_s": 2121.641158, "measure_result": "direction", "svd_deg": 126.08}}
2026-09-12 15:29:00,613 INFO request {"path": "/measure", "payload": {"arena_id": "default", "robot_id": "202601002029", "request_id": "a40c34a28dd5487eac0d3e7598f527bb", "position": {"x": 116.64803791888909, "y": -695.6460833077406}, "channel": 8}, "attempt": 1}
2026-09-12 15:29:00,631 INFO response {"request_id": "a40c34a28dd5487eac0d3e7598f527bb", "http_status": 200, "body": {"accepted": true, "real_timestamp_ms": 1789198137317, "virtual_time_s": 2228.164115, "measure_result": "direction", "svd_deg": 155.77}}
2026-09-12 15:29:00,652 INFO request {"path": "/clear", "payload": {"arena_id": "default", "robot_id": "202601002029", "request_id": "41cc66b4c01e4d0486d3f01b54d09968", "position": {"x": -249.3492458261558, "y": -531.8133303217271}, "channel": 8}, "attempt": 1}
2026-09-12 15:29:00,655 INFO response {"request_id": "41cc66b4c01e4d0486d3f01b54d09968", "http_status": 200, "body": {"accepted": true, "real_timestamp_ms": 1789198137342, "virtual_time_s": 2313.362664, "clear_result": "success"}}
2026-09-12 15:29:00,689 INFO request {"path": "/measure", "payload": {"arena_id": "default", "robot_id": "202601002029", "request_id": "5249f35b3b8549f990ec0f1d5523013c", "position": {"x": -249.3492458261558, "y": -531.8133303217271}, "channel": 15}, "attempt": 1}
2026-09-12 15:29:00,709 INFO response {"request_id": "5249f35b3b8549f990ec0f1d5523013c", "http_status": 200, "body": {"accepted": true, "real_timestamp_ms": 1789198137395, "virtual_time_s": 2319.362664, "measure_result": "direction", "svd_deg": 87.87}}
2026-09-12 15:29:00,730 INFO request {"path": "/clear", "payload": {"arena_id": "default", "robot_id": "202601002029", "request_id": "130d754e113c4a33a5aad243cbef56b6", "position": {"x": -407.69174230834994, "y": -684.8773228142832}, "channel": 13}, "attempt": 1}
2026-09-12 15:29:00,748 INFO response {"request_id": "130d754e113c4a33a5aad243cbef56b6", "http_status": 200, "body": {"accepted": true, "real_timestamp_ms": 1789198137435, "virtual_time_s": 2368.408518, "clear_result": "success"}}
2026-09-12 15:29:00,749 INFO request {"path": "/clear", "payload": {"arena_id": "default", "robot_id": "202601002029", "request_id": "f6989c924de242c1ba0770c37dd7b18a", "position": {"x": -563.2518613160071, "y": -435.96747901100605}, "channel": 9}, "attempt": 1}
2026-09-12 15:29:00,768 INFO response {"request_id": "f6989c924de242c1ba0770c37dd7b18a", "http_status": 200, "body": {"accepted": true, "real_timestamp_ms": 1789198137455, "virtual_time_s": 2432.112883, "clear_result": "success"}}
2026-09-12 15:29:00,768 INFO request {"path": "/clear", "payload": {"arena_id": "default", "robot_id": "202601002029", "request_id": "49a5afb171e547ddb951e71ea74949c0", "position": {"x": -358.32377726215867, "y": -115.7972763151525}, "channel": 19}, "attempt": 1}
2026-09-12 15:29:00,769 INFO response {"request_id": "49a5afb171e547ddb951e71ea74949c0", "http_status": 200, "body": {"accepted": true, "real_timestamp_ms": 1789198137456, "virtual_time_s": 2513.140372, "clear_result": "success"}}
2026-09-12 15:29:00,788 INFO request {"path": "/clear", "payload": {"arena_id": "default", "robot_id": "202601002029", "request_id": "b917cb7c887042dbbd79f68e1c959b2b", "position": {"x": -224.90030436724624, "y": 206.43376466714312}, "channel": 15}, "attempt": 1}
2026-09-12 15:29:00,807 INFO response {"request_id": "b917cb7c887042dbbd79f68e1c959b2b", "http_status": 200, "body": {"accepted": true, "real_timestamp_ms": 1789198137494, "virtual_time_s": 2587.892696, "clear_result": "success"}}
2026-09-12 15:29:00,825 INFO request {"path": "/measure", "payload": {"arena_id": "default", "robot_id": "202601002029", "request_id": "3028e9f8b6a943329ce9fe91ee4089f2", "position": {"x": -100.5747161280271, "y": 428.75687102375014}, "channel": 7}, "attempt": 1}
2026-09-12 15:29:00,846 INFO response {"request_id": "3028e9f8b6a943329ce9fe91ee4089f2", "http_status": 200, "body": {"accepted": true, "real_timestamp_ms": 1789198137533, "virtual_time_s": 2644.837535, "measure_result": "direction", "svd_deg": 91.47}}
2026-09-12 15:29:00,874 INFO request {"path": "/measure", "payload": {"arena_id": "default", "robot_id": "202601002029", "request_id": "a93724a4eeaa428cb278c0ebb4af6cd1", "position": {"x": -100.5747161280271, "y": 428.75687102375014}, "channel": 5}, "attempt": 1}
2026-09-12 15:29:00,895 INFO response {"request_id": "a93724a4eeaa428cb278c0ebb4af6cd1", "http_status": 200, "body": {"accepted": true, "real_timestamp_ms": 1789198137582, "virtual_time_s": 2650.837535, "measure_result": "direction", "svd_deg": 330.75}}
2026-09-12 15:29:01,642 INFO request {"path": "/clear", "payload": {"arena_id": "default", "robot_id": "202601002029", "request_id": "9023d95f85294d54b585ab10ba09a572", "position": {"x": -109.16195248723903, "y": 825.7619578249685}, "channel": 7}, "attempt": 1}
2026-09-12 15:29:01,643 INFO response {"request_id": "9023d95f85294d54b585ab10ba09a572", "http_status": 200, "body": {"accepted": true, "real_timestamp_ms": 1789198138330, "virtual_time_s": 2735.257124, "clear_result": "success"}}
2026-09-12 15:29:01,643 INFO request {"path": "/clear", "payload": {"arena_id": "default", "robot_id": "202601002029", "request_id": "98dfe79fe09142549fbc5ec0a0a2d717", "position": {"x": -260.05944276841444, "y": 1288.6283297008083}, "channel": 3}, "attempt": 1}
2026-09-12 15:29:01,662 INFO response {"request_id": "98dfe79fe09142549fbc5ec0a0a2d717", "http_status": 200, "body": {"accepted": true, "real_timestamp_ms": 1789198138349, "virtual_time_s": 2837.625565, "clear_result": "success"}}
2026-09-12 15:29:01,662 INFO request {"path": "/measure", "payload": {"arena_id": "default", "robot_id": "202601002029", "request_id": "119efc5ff06f42dd9b91c33e89805dcd", "position": {"x": 800.8958177617152, "y": 1174.5820529899845}, "channel": 16}, "attempt": 1}
2026-09-12 15:29:01,681 INFO response {"request_id": "119efc5ff06f42dd9b91c33e89805dcd", "http_status": 200, "body": {"accepted": true, "real_timestamp_ms": 1789198138368, "virtual_time_s": 3057.039025, "measure_result": "direction", "svd_deg": 320.33}}
2026-09-12 15:29:02,191 INFO request {"path": "/measure", "payload": {"arena_id": "default", "robot_id": "202601002029", "request_id": "2409cbadc33e4e87910410bdab2f9fac", "position": {"x": 1275.5988122628619, "y": 550.4134722936228}, "channel": 1}, "attempt": 1}
2026-09-12 15:29:02,208 INFO response {"request_id": "2409cbadc33e4e87910410bdab2f9fac", "http_status": 200, "body": {"accepted": true, "real_timestamp_ms": 1789198138894, "virtual_time_s": 3219.873887, "measure_result": "direction", "svd_deg": 226.49}}
2026-09-12 15:29:02,222 INFO request {"path": "/measure", "payload": {"arena_id": "default", "robot_id": "202601002029", "request_id": "5a4db10a126f4b43bac9aa3f611c7005", "position": {"x": 1275.5988122628619, "y": 550.4134722936228}, "channel": 5}, "attempt": 1}
2026-09-12 15:29:02,223 INFO response {"request_id": "5a4db10a126f4b43bac9aa3f611c7005", "http_status": 200, "body": {"accepted": true, "real_timestamp_ms": 1789198138910, "virtual_time_s": 3225.873887, "measure_result": "direction", "svd_deg": 223.11}}
2026-09-12 15:29:02,229 INFO request {"path": "/measure", "payload": {"arena_id": "default", "robot_id": "202601002029", "request_id": "9194fac2bac840f6aa74334244d0a211", "position": {"x": 970.2553750490083, "y": 518.3055500130017}, "channel": 16}, "attempt": 1}
2026-09-12 15:29:02,229 INFO response {"request_id": "9194fac2bac840f6aa74334244d0a211", "http_status": 200, "body": {"accepted": true, "real_timestamp_ms": 1789198138916, "virtual_time_s": 3293.279272, "measure_result": "direction", "svd_deg": 57.19}}
2026-09-12 15:29:02,232 INFO request {"path": "/clear", "payload": {"arena_id": "default", "robot_id": "202601002029", "request_id": "822d96b7bd7f43c7a8c84633f0c64dfd", "position": {"x": 1186.739872610343, "y": 854.4060133453236}, "channel": 16}, "attempt": 1}
2026-09-12 15:29:02,246 INFO response {"request_id": "822d96b7bd7f43c7a8c84633f0c64dfd", "http_status": 200, "body": {"accepted": true, "real_timestamp_ms": 1789198138934, "virtual_time_s": 3378.236525, "clear_result": "success"}}
2026-09-12 15:29:02,247 INFO request {"path": "/clear", "payload": {"arena_id": "default", "robot_id": "202601002029", "request_id": "73a0a33eed4542c2a2859ef1efd85597", "position": {"x": 998.4913073887135, "y": 259.42732138817325}, "channel": 1}, "attempt": 1}
2026-09-12 15:29:02,248 INFO response {"request_id": "73a0a33eed4542c2a2859ef1efd85597", "http_status": 200, "body": {"accepted": true, "real_timestamp_ms": 1789198138935, "virtual_time_s": 3508.046327, "clear_result": "success"}}
2026-09-12 15:29:02,248 INFO request {"path": "/clear", "payload": {"arena_id": "default", "robot_id": "202601002029", "request_id": "0b13c9ac9550467bb5f5b0a084a4427b", "position": {"x": 679.3836868476133, "y": -7.034624875774057}, "channel": 5}, "attempt": 1}
2026-09-12 15:29:02,250 INFO response {"request_id": "0b13c9ac9550467bb5f5b0a084a4427b", "http_status": 200, "body": {"accepted": true, "real_timestamp_ms": 1789198138936, "virtual_time_s": 3596.192377, "clear_result": "success"}}
2026-09-12 15:29:02,250 INFO request {"path": "/exit", "payload": {"arena_id": "default", "robot_id": "202601002029", "request_id": "d760d990580043acbf761e65b5733e2a"}, "attempt": 1}
2026-09-12 15:29:02,267 INFO response {"request_id": "d760d990580043acbf761e65b5733e2a", "http_status": 200, "body": {"accepted": true, "real_timestamp_ms": 1789198138954, "virtual_time_s": 3596.192377, "exit_reason": "user_exit"}}
