2026-09-13 11:21:36,351 INFO request {"path": "/enter", "payload": {"arena_id": "default", "robot_id": "202601002029", "request_id": "aec32d9c351b4d05ac50ccf218c2d640"}, "attempt": 1}
2026-09-13 11:21:36,355 INFO response {"request_id": "aec32d9c351b4d05ac50ccf218c2d640", "http_status": 200, "body": {"accepted": true, "real_timestamp_ms": 1789269692308, "virtual_time_s": 0, "max_virtual_duration_s": 360000, "max_real_duration_s": 1200, "remaining_real_duration_s": 1200}}
2026-09-13 11:21:36,355 INFO request {"path": "/measure", "payload": {"arena_id": "default", "robot_id": "202601002029", "request_id": "6c3fb660e45745d5b88c33ee0c0a706c", "position": {"x": 0.0, "y": 0.0}, "channel": 1}, "attempt": 1}
2026-09-13 11:21:36,369 INFO response {"request_id": "6c3fb660e45745d5b88c33ee0c0a706c", "http_status": 200, "body": {"accepted": true, "real_timestamp_ms": 1789269692322, "virtual_time_s": 5, "measure_result": "no_signal"}}
2026-09-13 11:21:36,370 INFO request {"path": "/measure", "payload": {"arena_id": "default", "robot_id": "202601002029", "request_id": "49b46eb50ab5450d83556add27ac947d", "position": {"x": 0.0, "y": 0.0}, "channel": 2}, "attempt": 1}
2026-09-13 11:21:36,386 INFO response {"request_id": "49b46eb50ab5450d83556add27ac947d", "http_status": 200, "body": {"accepted": true, "real_timestamp_ms": 1789269692338, "virtual_time_s": 11, "measure_result": "no_signal"}}
2026-09-13 11:21:36,386 INFO request {"path": "/measure", "payload": {"arena_id": "default", "robot_id": "202601002029", "request_id": "c6f394194f604a9ea51500ee811c6aad", "position": {"x": 0.0, "y": 0.0}, "channel": 3}, "attempt": 1}
2026-09-13 11:21:36,402 INFO response {"request_id": "c6f394194f604a9ea51500ee811c6aad", "http_status": 200, "body": {"accepted": true, "real_timestamp_ms": 1789269692354, "virtual_time_s": 17, "measure_result": "no_signal"}}
2026-09-13 11:21:36,404 INFO request {"path": "/measure", "payload": {"arena_id": "default", "robot_id": "202601002029", "request_id": "46842562ac60477482d7e221790c0d88", "position": {"x": 0.0, "y": 0.0}, "channel": 4}, "attempt": 1}
2026-09-13 11:21:36,406 INFO response {"request_id": "46842562ac60477482d7e221790c0d88", "http_status": 200, "body": {"accepted": true, "real_timestamp_ms": 1789269692359, "virtual_time_s": 23, "measure_result": "no_signal"}}
2026-09-13 11:21:36,407 INFO request {"path": "/measure", "payload": {"arena_id": "default", "robot_id": "202601002029", "request_id": "38edfc352f734a04b37f6e226d4f5326", "position": {"x": 0.0, "y": 0.0}, "channel": 5}, "attempt": 1}
2026-09-13 11:21:36,409 INFO response {"request_id": "38edfc352f734a04b37f6e226d4f5326", "http_status": 200, "body": {"accepted": true, "real_timestamp_ms": 1789269692361, "virtual_time_s": 29, "measure_result": "direction", "svd_deg": 354.61}}
2026-09-13 11:21:36,419 INFO request {"path": "/measure", "payload": {"arena_id": "default", "robot_id": "202601002029", "request_id": "bcde5f4f73434f78b43dc53911a84257", "position": {"x": 0.0, "y": 0.0}, "channel": 6}, "attempt": 1}
2026-09-13 11:21:36,421 INFO response {"request_id": "bcde5f4f73434f78b43dc53911a84257", "http_status": 200, "body": {"accepted": true, "real_timestamp_ms": 1789269692373, "virtual_time_s": 35, "measure_result": "direction", "svd_deg": 43.82}}
2026-09-13 11:21:36,426 INFO request {"path": "/measure", "payload": {"arena_id": "default", "robot_id": "202601002029", "request_id": "aef8d465e9ca46e4bb84780178b7c0dd", "position": {"x": 0.0, "y": 0.0}, "channel": 7}, "attempt": 1}
2026-09-13 11:21:36,448 INFO response {"request_id": "aef8d465e9ca46e4bb84780178b7c0dd", "http_status": 200, "body": {"accepted": true, "real_timestamp_ms": 1789269692401, "virtual_time_s": 41, "measure_result": "no_signal"}}
2026-09-13 11:21:36,449 INFO request {"path": "/measure", "payload": {"arena_id": "default", "robot_id": "202601002029", "request_id": "3aaffd0c47384712acf45ba7ea5010d0", "position": {"x": 0.0, "y": 0.0}, "channel": 8}, "attempt": 1}
2026-09-13 11:21:36,452 INFO response {"request_id": "3aaffd0c47384712acf45ba7ea5010d0", "http_status": 200, "body": {"accepted": true, "real_timestamp_ms": 1789269692404, "virtual_time_s": 47, "measure_result": "no_signal"}}
2026-09-13 11:21:36,452 INFO request {"path": "/measure", "payload": {"arena_id": "default", "robot_id": "202601002029", "request_id": "afc555c01e664dca8fa853ba13a68a9b", "position": {"x": 0.0, "y": 0.0}, "channel": 9}, "attempt": 1}
2026-09-13 11:21:36,454 INFO response {"request_id": "afc555c01e664dca8fa853ba13a68a9b", "http_status": 200, "body": {"accepted": true, "real_timestamp_ms": 1789269692407, "virtual_time_s": 53, "measure_result": "direction", "svd_deg": 320.29}}
2026-09-13 11:21:36,459 INFO request {"path": "/measure", "payload": {"arena_id": "default", "robot_id": "202601002029", "request_id": "df594f68792148f19ca933e44f16b5ae", "position": {"x": 0.0, "y": 0.0}, "channel": 10}, "attempt": 1}
2026-09-13 11:21:36,481 INFO response {"request_id": "df594f68792148f19ca933e44f16b5ae", "http_status": 200, "body": {"accepted": true, "real_timestamp_ms": 1789269692431, "virtual_time_s": 59, "measure_result": "direction", "svd_deg": 177.78}}
2026-09-13 11:21:36,486 INFO request {"path": "/measure", "payload": {"arena_id": "default", "robot_id": "202601002029", "request_id": "fd5d0d547a074a47b08cf2c618d16aa3", "position": {"x": 0.0, "y": 0.0}, "channel": 11}, "attempt": 1}
2026-09-13 11:21:36,488 INFO response {"request_id": "fd5d0d547a074a47b08cf2c618d16aa3", "http_status": 200, "body": {"accepted": true, "real_timestamp_ms": 1789269692441, "virtual_time_s": 65, "measure_result": "no_signal"}}
2026-09-13 11:21:36,489 INFO request {"path": "/measure", "payload": {"arena_id": "default", "robot_id": "202601002029", "request_id": "b6057d51104a4c358f3e4ff708e44a21", "position": {"x": 0.0, "y": 0.0}, "channel": 12}, "attempt": 1}
2026-09-13 11:21:36,508 INFO response {"request_id": "b6057d51104a4c358f3e4ff708e44a21", "http_status": 200, "body": {"accepted": true, "real_timestamp_ms": 1789269692461, "virtual_time_s": 71, "measure_result": "direction", "svd_deg": 86.59}}
2026-09-13 11:21:36,513 INFO request {"path": "/measure", "payload": {"arena_id": "default", "robot_id": "202601002029", "request_id": "2f638cf1c8ff4f2d8848d9d99b23ce75", "position": {"x": 0.0, "y": 0.0}, "channel": 13}, "attempt": 1}
2026-09-13 11:21:36,540 INFO response {"request_id": "2f638cf1c8ff4f2d8848d9d99b23ce75", "http_status": 200, "body": {"accepted": true, "real_timestamp_ms": 1789269692493, "virtual_time_s": 77, "measure_result": "no_signal"}}
2026-09-13 11:21:36,540 INFO request {"path": "/measure", "payload": {"arena_id": "default", "robot_id": "202601002029", "request_id": "a8db043983414dd4bac949fd304acd40", "position": {"x": 0.0, "y": 0.0}, "channel": 14}, "attempt": 1}
2026-09-13 11:21:36,555 INFO response {"request_id": "a8db043983414dd4bac949fd304acd40", "http_status": 200, "body": {"accepted": true, "real_timestamp_ms": 1789269692508, "virtual_time_s": 83, "measure_result": "direction", "svd_deg": 67.66}}
2026-09-13 11:21:36,558 INFO request {"path": "/measure", "payload": {"arena_id": "default", "robot_id": "202601002029", "request_id": "75a1fde603054c1682a5c5f79528e17a", "position": {"x": 0.0, "y": 0.0}, "channel": 15}, "attempt": 1}
2026-09-13 11:21:36,570 INFO response {"request_id": "75a1fde603054c1682a5c5f79528e17a", "http_status": 200, "body": {"accepted": true, "real_timestamp_ms": 1789269692523, "virtual_time_s": 89, "measure_result": "direction", "svd_deg": 279.58}}
2026-09-13 11:21:36,573 INFO request {"path": "/measure", "payload": {"arena_id": "default", "robot_id": "202601002029", "request_id": "93de5cba6b3b4c6e962f07da2da4cd58", "position": {"x": 0.0, "y": 0.0}, "channel": 16}, "attempt": 1}
2026-09-13 11:21:36,586 INFO response {"request_id": "93de5cba6b3b4c6e962f07da2da4cd58", "http_status": 200, "body": {"accepted": true, "real_timestamp_ms": 1789269692538, "virtual_time_s": 95, "measure_result": "direction", "svd_deg": 141.75}}
2026-09-13 11:21:36,588 INFO request {"path": "/measure", "payload": {"arena_id": "default", "robot_id": "202601002029", "request_id": "6a98d611285943fc9d1714504ed19ed6", "position": {"x": 0.0, "y": 0.0}, "channel": 17}, "attempt": 1}
2026-09-13 11:21:36,601 INFO response {"request_id": "6a98d611285943fc9d1714504ed19ed6", "http_status": 200, "body": {"accepted": true, "real_timestamp_ms": 1789269692554, "virtual_time_s": 101, "measure_result": "no_signal"}}
2026-09-13 11:21:36,601 INFO request {"path": "/measure", "payload": {"arena_id": "default", "robot_id": "202601002029", "request_id": "1724f483f36644bd8d7a299853e71dc8", "position": {"x": 0.0, "y": 0.0}, "channel": 18}, "attempt": 1}
2026-09-13 11:21:36,602 INFO response {"request_id": "1724f483f36644bd8d7a299853e71dc8", "http_status": 200, "body": {"accepted": true, "real_timestamp_ms": 1789269692555, "virtual_time_s": 107, "measure_result": "no_signal"}}
2026-09-13 11:21:36,602 INFO request {"path": "/measure", "payload": {"arena_id": "default", "robot_id": "202601002029", "request_id": "f770f30a9ee649c0a6f0149fc0d10a92", "position": {"x": 0.0, "y": 0.0}, "channel": 19}, "attempt": 1}
2026-09-13 11:21:36,618 INFO response {"request_id": "f770f30a9ee649c0a6f0149fc0d10a92", "http_status": 200, "body": {"accepted": true, "real_timestamp_ms": 1789269692570, "virtual_time_s": 113, "measure_result": "no_signal"}}
2026-09-13 11:21:36,618 INFO request {"path": "/measure", "payload": {"arena_id": "default", "robot_id": "202601002029", "request_id": "c9c8bef795124117963c26e17f16682b", "position": {"x": 0.0, "y": 0.0}, "channel": 20}, "attempt": 1}
2026-09-13 11:21:36,633 INFO response {"request_id": "c9c8bef795124117963c26e17f16682b", "http_status": 200, "body": {"accepted": true, "real_timestamp_ms": 1789269692586, "virtual_time_s": 119, "measure_result": "no_signal"}}
2026-09-13 11:21:36,633 INFO request {"path": "/measure", "payload": {"arena_id": "default", "robot_id": "202601002029", "request_id": "ad05965d248d471a98f70eee80f2778d", "position": {"x": 1130.0, "y": 0.0}, "channel": 20}, "attempt": 1}
2026-09-13 11:21:36,648 INFO response {"request_id": "ad05965d248d471a98f70eee80f2778d", "http_status": 200, "body": {"accepted": true, "real_timestamp_ms": 1789269692601, "virtual_time_s": 350, "measure_result": "no_signal"}}
2026-09-13 11:21:36,648 INFO request {"path": "/measure", "payload": {"arena_id": "default", "robot_id": "202601002029", "request_id": "d207a6420c274928974c12f829172cf9", "position": {"x": 1130.0, "y": 0.0}, "channel": 1}, "attempt": 1}
2026-09-13 11:21:36,665 INFO response {"request_id": "d207a6420c274928974c12f829172cf9", "http_status": 200, "body": {"accepted": true, "real_timestamp_ms": 1789269692617, "virtual_time_s": 356, "measure_result": "no_signal"}}
2026-09-13 11:21:36,665 INFO request {"path": "/measure", "payload": {"arena_id": "default", "robot_id": "202601002029", "request_id": "3bb84467c0aa4d59b18cfb871d61d4c6", "position": {"x": 1130.0, "y": 0.0}, "channel": 2}, "attempt": 1}
2026-09-13 11:21:36,668 INFO response {"request_id": "3bb84467c0aa4d59b18cfb871d61d4c6", "http_status": 200, "body": {"accepted": true, "real_timestamp_ms": 1789269692620, "virtual_time_s": 362, "measure_result": "no_signal"}}
2026-09-13 11:21:36,668 INFO request {"path": "/measure", "payload": {"arena_id": "default", "robot_id": "202601002029", "request_id": "010a0a97a2e24de58d2512bc07e2d0f8", "position": {"x": 1130.0, "y": 0.0}, "channel": 3}, "attempt": 1}
2026-09-13 11:21:36,680 INFO response {"request_id": "010a0a97a2e24de58d2512bc07e2d0f8", "http_status": 200, "body": {"accepted": true, "real_timestamp_ms": 1789269692633, "virtual_time_s": 368, "measure_result": "no_signal"}}
2026-09-13 11:21:36,681 INFO request {"path": "/measure", "payload": {"arena_id": "default", "robot_id": "202601002029", "request_id": "4eda14d3f5d8458f98c09aea32fa4a9f", "position": {"x": 1130.0, "y": 0.0}, "channel": 4}, "attempt": 1}
2026-09-13 11:21:36,682 INFO response {"request_id": "4eda14d3f5d8458f98c09aea32fa4a9f", "http_status": 200, "body": {"accepted": true, "real_timestamp_ms": 1789269692635, "virtual_time_s": 374, "measure_result": "no_signal"}}
2026-09-13 11:21:36,683 INFO request {"path": "/measure", "payload": {"arena_id": "default", "robot_id": "202601002029", "request_id": "60bca312c67e415284c1b6f502ee7f14", "position": {"x": 1130.0, "y": 0.0}, "channel": 7}, "attempt": 1}
2026-09-13 11:21:36,697 INFO response {"request_id": "60bca312c67e415284c1b6f502ee7f14", "http_status": 200, "body": {"accepted": true, "real_timestamp_ms": 1789269692649, "virtual_time_s": 380, "measure_result": "no_signal"}}
2026-09-13 11:21:36,697 INFO request {"path": "/measure", "payload": {"arena_id": "default", "robot_id": "202601002029", "request_id": "bf68206d4dc944549860c68928239c32", "position": {"x": 1130.0, "y": 0.0}, "channel": 8}, "attempt": 1}
2026-09-13 11:21:36,711 INFO response {"request_id": "bf68206d4dc944549860c68928239c32", "http_status": 200, "body": {"accepted": true, "real_timestamp_ms": 1789269692664, "virtual_time_s": 386, "measure_result": "no_signal"}}
2026-09-13 11:21:36,712 INFO request {"path": "/measure", "payload": {"arena_id": "default", "robot_id": "202601002029", "request_id": "ec16a7a4a3e34b8f9c49cadc3467ebaa", "position": {"x": 1130.0, "y": 0.0}, "channel": 11}, "attempt": 1}
2026-09-13 11:21:36,727 INFO response {"request_id": "ec16a7a4a3e34b8f9c49cadc3467ebaa", "http_status": 200, "body": {"accepted": true, "real_timestamp_ms": 1789269692680, "virtual_time_s": 392, "measure_result": "direction", "svd_deg": 27.51}}
2026-09-13 11:21:36,733 INFO request {"path": "/measure", "payload": {"arena_id": "default", "robot_id": "202601002029", "request_id": "15a9f87b71fd47c183d5b279406149f8", "position": {"x": 1130.0, "y": 0.0}, "channel": 13}, "attempt": 1}
2026-09-13 11:21:36,759 INFO response {"request_id": "15a9f87b71fd47c183d5b279406149f8", "http_status": 200, "body": {"accepted": true, "real_timestamp_ms": 1789269692712, "virtual_time_s": 398, "measure_result": "no_signal"}}
2026-09-13 11:21:36,759 INFO request {"path": "/measure", "payload": {"arena_id": "default", "robot_id": "202601002029", "request_id": "187915e512614e2bba1c663548cd75e5", "position": {"x": 1130.0, "y": 0.0}, "channel": 17}, "attempt": 1}
2026-09-13 11:21:36,763 INFO response {"request_id": "187915e512614e2bba1c663548cd75e5", "http_status": 200, "body": {"accepted": true, "real_timestamp_ms": 1789269692716, "virtual_time_s": 404, "measure_result": "no_signal"}}
2026-09-13 11:21:36,764 INFO request {"path": "/measure", "payload": {"arena_id": "default", "robot_id": "202601002029", "request_id": "1a06b826cbf740f190aaddad8b6da1da", "position": {"x": 1130.0, "y": 0.0}, "channel": 18}, "attempt": 1}
2026-09-13 11:21:36,765 INFO response {"request_id": "1a06b826cbf740f190aaddad8b6da1da", "http_status": 200, "body": {"accepted": true, "real_timestamp_ms": 1789269692718, "virtual_time_s": 410, "measure_result": "no_signal"}}
2026-09-13 11:21:36,765 INFO request {"path": "/measure", "payload": {"arena_id": "default", "robot_id": "202601002029", "request_id": "f4cb8cbed284446aae51d2eedf4a3d7d", "position": {"x": 1130.0, "y": 0.0}, "channel": 19}, "attempt": 1}
2026-09-13 11:21:36,791 INFO response {"request_id": "f4cb8cbed284446aae51d2eedf4a3d7d", "http_status": 200, "body": {"accepted": true, "real_timestamp_ms": 1789269692743, "virtual_time_s": 416, "measure_result": "no_signal"}}
2026-09-13 11:21:36,832 INFO request {"path": "/measure", "payload": {"arena_id": "default", "robot_id": "202601002029", "request_id": "54e4cdeac2c64cafbe4c8ab1598640cd", "position": {"x": 1130.0, "y": 0.0}, "channel": 9}, "attempt": 1}
2026-09-13 11:21:36,833 INFO response {"request_id": "54e4cdeac2c64cafbe4c8ab1598640cd", "http_status": 200, "body": {"accepted": true, "real_timestamp_ms": 1789269692786, "virtual_time_s": 422, "measure_result": "direction", "svd_deg": 255.42}}
2026-09-13 11:21:36,848 INFO request {"path": "/measure", "payload": {"arena_id": "default", "robot_id": "202601002029", "request_id": "b4c4e37d483e45eea4f26f0d4f1e3d8c", "position": {"x": 1130.0, "y": 0.0}, "channel": 6}, "attempt": 1}
2026-09-13 11:21:36,849 INFO response {"request_id": "b4c4e37d483e45eea4f26f0d4f1e3d8c", "http_status": 200, "body": {"accepted": true, "real_timestamp_ms": 1789269692802, "virtual_time_s": 428, "measure_result": "direction", "svd_deg": 115.74}}
2026-09-13 11:21:36,852 INFO request {"path": "/measure", "payload": {"arena_id": "default", "robot_id": "202601002029", "request_id": "6b2c9188e9ef4084bcbd62e327e86edb", "position": {"x": 565.0000000000001, "y": 978.6087062764157}, "channel": 1}, "attempt": 1}
2026-09-13 11:21:36,854 INFO response {"request_id": "6b2c9188e9ef4084bcbd62e327e86edb", "http_status": 200, "body": {"accepted": true, "real_timestamp_ms": 1789269692806, "virtual_time_s": 660, "measure_result": "no_signal"}}
2026-09-13 11:21:36,854 INFO request {"path": "/measure", "payload": {"arena_id": "default", "robot_id": "202601002029", "request_id": "65c208634cb346dba655e9a9695bab1c", "position": {"x": 565.0000000000001, "y": 978.6087062764157}, "channel": 2}, "attempt": 1}
2026-09-13 11:21:36,854 INFO response {"request_id": "65c208634cb346dba655e9a9695bab1c", "http_status": 200, "body": {"accepted": true, "real_timestamp_ms": 1789269692807, "virtual_time_s": 666, "measure_result": "no_signal"}}
2026-09-13 11:21:36,855 INFO request {"path": "/measure", "payload": {"arena_id": "default", "robot_id": "202601002029", "request_id": "dbebe20e56c3446a9487a2a4cf959e61", "position": {"x": 565.0000000000001, "y": 978.6087062764157}, "channel": 3}, "attempt": 1}
2026-09-13 11:21:36,855 INFO response {"request_id": "dbebe20e56c3446a9487a2a4cf959e61", "http_status": 200, "body": {"accepted": true, "real_timestamp_ms": 1789269692808, "virtual_time_s": 672, "measure_result": "no_signal"}}
2026-09-13 11:21:36,855 INFO request {"path": "/measure", "payload": {"arena_id": "default", "robot_id": "202601002029", "request_id": "9b9f902e5b4e484095016a89fd4ae25d", "position": {"x": 565.0000000000001, "y": 978.6087062764157}, "channel": 4}, "attempt": 1}
2026-09-13 11:21:36,856 INFO response {"request_id": "9b9f902e5b4e484095016a89fd4ae25d", "http_status": 200, "body": {"accepted": true, "real_timestamp_ms": 1789269692809, "virtual_time_s": 678, "measure_result": "no_signal"}}
2026-09-13 11:21:36,856 INFO request {"path": "/measure", "payload": {"arena_id": "default", "robot_id": "202601002029", "request_id": "5993243f6b3d45c4a91081dfe92cddc4", "position": {"x": 565.0000000000001, "y": 978.6087062764157}, "channel": 7}, "attempt": 1}
2026-09-13 11:21:36,857 INFO response {"request_id": "5993243f6b3d45c4a91081dfe92cddc4", "http_status": 200, "body": {"accepted": true, "real_timestamp_ms": 1789269692810, "virtual_time_s": 684, "measure_result": "no_signal"}}
2026-09-13 11:21:36,857 INFO request {"path": "/measure", "payload": {"arena_id": "default", "robot_id": "202601002029", "request_id": "511c40bf44464f7494a7ab6d4c149c0a", "position": {"x": 565.0000000000001, "y": 978.6087062764157}, "channel": 8}, "attempt": 1}
2026-09-13 11:21:36,857 INFO response {"request_id": "511c40bf44464f7494a7ab6d4c149c0a", "http_status": 200, "body": {"accepted": true, "real_timestamp_ms": 1789269692811, "virtual_time_s": 690, "measure_result": "no_signal"}}
2026-09-13 11:21:36,857 INFO request {"path": "/measure", "payload": {"arena_id": "default", "robot_id": "202601002029", "request_id": "29a09ba9da6c40d6b66d08fbeb89a805", "position": {"x": 565.0000000000001, "y": 978.6087062764157}, "channel": 13}, "attempt": 1}
2026-09-13 11:21:36,858 INFO response {"request_id": "29a09ba9da6c40d6b66d08fbeb89a805", "http_status": 200, "body": {"accepted": true, "real_timestamp_ms": 1789269692811, "virtual_time_s": 696, "measure_result": "direction", "svd_deg": 92.94}}
2026-09-13 11:21:36,860 INFO request {"path": "/measure", "payload": {"arena_id": "default", "robot_id": "202601002029", "request_id": "dc8ac1db05a24690bcd2a59b2f252db6", "position": {"x": 565.0000000000001, "y": 978.6087062764157}, "channel": 17}, "attempt": 1}
2026-09-13 11:21:36,883 INFO response {"request_id": "dc8ac1db05a24690bcd2a59b2f252db6", "http_status": 200, "body": {"accepted": true, "real_timestamp_ms": 1789269692836, "virtual_time_s": 702, "measure_result": "no_signal"}}
2026-09-13 11:21:36,883 INFO request {"path": "/measure", "payload": {"arena_id": "default", "robot_id": "202601002029", "request_id": "55486938bb3d463e9c11e747db076dc1", "position": {"x": 565.0000000000001, "y": 978.6087062764157}, "channel": 18}, "attempt": 1}
2026-09-13 11:21:36,898 INFO response {"request_id": "55486938bb3d463e9c11e747db076dc1", "http_status": 200, "body": {"accepted": true, "real_timestamp_ms": 1789269692851, "virtual_time_s": 708, "measure_result": "no_signal"}}
2026-09-13 11:21:36,903 INFO request {"path": "/measure", "payload": {"arena_id": "default", "robot_id": "202601002029", "request_id": "498a22fb90ef41a4b98d85c686da5d7c", "position": {"x": 565.0000000000001, "y": 978.6087062764157}, "channel": 19}, "attempt": 1}
2026-09-13 11:21:36,930 INFO response {"request_id": "498a22fb90ef41a4b98d85c686da5d7c", "http_status": 200, "body": {"accepted": true, "real_timestamp_ms": 1789269692882, "virtual_time_s": 714, "measure_result": "no_signal"}}
2026-09-13 11:21:36,931 INFO request {"path": "/measure", "payload": {"arena_id": "default", "robot_id": "202601002029", "request_id": "5dd2cd26e31f4dad8474d0f572206458", "position": {"x": 565.0000000000001, "y": 978.6087062764157}, "channel": 20}, "attempt": 1}
2026-09-13 11:21:36,945 INFO response {"request_id": "5dd2cd26e31f4dad8474d0f572206458", "http_status": 200, "body": {"accepted": true, "real_timestamp_ms": 1789269692897, "virtual_time_s": 720, "measure_result": "no_signal"}}
2026-09-13 11:21:37,027 INFO request {"path": "/measure", "payload": {"arena_id": "default", "robot_id": "202601002029", "request_id": "e770976e66bd4c6595643b2420e5b3dd", "position": {"x": 565.0000000000001, "y": 978.6087062764157}, "channel": 6}, "attempt": 1}
2026-09-13 11:21:37,053 INFO response {"request_id": "e770976e66bd4c6595643b2420e5b3dd", "http_status": 200, "body": {"accepted": true, "real_timestamp_ms": 1789269693005, "virtual_time_s": 726, "measure_result": "direction", "svd_deg": 309.72}}
2026-09-13 11:21:37,103 INFO request {"path": "/measure", "payload": {"arena_id": "default", "robot_id": "202601002029", "request_id": "d783c0d8b4f446b2a9f6a7c53901e854", "position": {"x": 565.0000000000001, "y": 978.6087062764157}, "channel": 14}, "attempt": 1}
2026-09-13 11:21:37,115 INFO response {"request_id": "d783c0d8b4f446b2a9f6a7c53901e854", "http_status": 200, "body": {"accepted": true, "real_timestamp_ms": 1789269693068, "virtual_time_s": 732, "measure_result": "direction", "svd_deg": 239.61}}
2026-09-13 11:21:37,120 INFO request {"path": "/measure", "payload": {"arena_id": "default", "robot_id": "202601002029", "request_id": "cb8fdc9afaf54934afb29373b0b24197", "position": {"x": -564.9999999999998, "y": 978.6087062764158}, "channel": 1}, "attempt": 1}
2026-09-13 11:21:37,121 INFO response {"request_id": "cb8fdc9afaf54934afb29373b0b24197", "http_status": 200, "body": {"accepted": true, "real_timestamp_ms": 1789269693074, "virtual_time_s": 964, "measure_result": "no_signal"}}
2026-09-13 11:21:37,122 INFO request {"path": "/measure", "payload": {"arena_id": "default", "robot_id": "202601002029", "request_id": "75e02b0a50b24fae9fb6fa8d97927869", "position": {"x": -564.9999999999998, "y": 978.6087062764158}, "channel": 2}, "attempt": 1}
2026-09-13 11:21:37,123 INFO response {"request_id": "75e02b0a50b24fae9fb6fa8d97927869", "http_status": 200, "body": {"accepted": true, "real_timestamp_ms": 1789269693076, "virtual_time_s": 970, "measure_result": "no_signal"}}
2026-09-13 11:21:37,123 INFO request {"path": "/measure", "payload": {"arena_id": "default", "robot_id": "202601002029", "request_id": "1bfb0b8e057242d1a0048213970a5afb", "position": {"x": -564.9999999999998, "y": 978.6087062764158}, "channel": 3}, "attempt": 1}
2026-09-13 11:21:37,125 INFO response {"request_id": "1bfb0b8e057242d1a0048213970a5afb", "http_status": 200, "body": {"accepted": true, "real_timestamp_ms": 1789269693078, "virtual_time_s": 976, "measure_result": "no_signal"}}
2026-09-13 11:21:37,125 INFO request {"path": "/measure", "payload": {"arena_id": "default", "robot_id": "202601002029", "request_id": "a3dc1248ef344b79a43915fdf5b6a39a", "position": {"x": -564.9999999999998, "y": 978.6087062764158}, "channel": 4}, "attempt": 1}
2026-09-13 11:21:37,127 INFO response {"request_id": "a3dc1248ef344b79a43915fdf5b6a39a", "http_status": 200, "body": {"accepted": true, "real_timestamp_ms": 1789269693080, "virtual_time_s": 982, "measure_result": "no_signal"}}
2026-09-13 11:21:37,127 INFO request {"path": "/measure", "payload": {"arena_id": "default", "robot_id": "202601002029", "request_id": "4095fdc4be7b4403b201d08e8dc17c22", "position": {"x": -564.9999999999998, "y": 978.6087062764158}, "channel": 7}, "attempt": 1}
2026-09-13 11:21:37,129 INFO response {"request_id": "4095fdc4be7b4403b201d08e8dc17c22", "http_status": 200, "body": {"accepted": true, "real_timestamp_ms": 1789269693081, "virtual_time_s": 988, "measure_result": "no_signal"}}
2026-09-13 11:21:37,129 INFO request {"path": "/measure", "payload": {"arena_id": "default", "robot_id": "202601002029", "request_id": "13fbe27b9f0b47d5b0bd8cd636b1e02f", "position": {"x": -564.9999999999998, "y": 978.6087062764158}, "channel": 8}, "attempt": 1}
2026-09-13 11:21:37,146 INFO response {"request_id": "13fbe27b9f0b47d5b0bd8cd636b1e02f", "http_status": 200, "body": {"accepted": true, "real_timestamp_ms": 1789269693098, "virtual_time_s": 994, "measure_result": "no_signal"}}
2026-09-13 11:21:37,146 INFO request {"path": "/measure", "payload": {"arena_id": "default", "robot_id": "202601002029", "request_id": "220a90f88de34d80bd85acd2f70ae4be", "position": {"x": -564.9999999999998, "y": 978.6087062764158}, "channel": 17}, "attempt": 1}
2026-09-13 11:21:37,149 INFO response {"request_id": "220a90f88de34d80bd85acd2f70ae4be", "http_status": 200, "body": {"accepted": true, "real_timestamp_ms": 1789269693101, "virtual_time_s": 1000, "measure_result": "no_signal"}}
2026-09-13 11:21:37,149 INFO request {"path": "/measure", "payload": {"arena_id": "default", "robot_id": "202601002029", "request_id": "e6154c2a9a0145a6a91c67ac7ba7aeab", "position": {"x": -564.9999999999998, "y": 978.6087062764158}, "channel": 18}, "attempt": 1}
2026-09-13 11:21:37,151 INFO response {"request_id": "e6154c2a9a0145a6a91c67ac7ba7aeab", "http_status": 200, "body": {"accepted": true, "real_timestamp_ms": 1789269693104, "virtual_time_s": 1006, "measure_result": "no_signal"}}
2026-09-13 11:21:37,152 INFO request {"path": "/measure", "payload": {"arena_id": "default", "robot_id": "202601002029", "request_id": "e6959685985d47bea8add4c8ae0160f7", "position": {"x": -564.9999999999998, "y": 978.6087062764158}, "channel": 19}, "attempt": 1}
2026-09-13 11:21:37,176 INFO response {"request_id": "e6959685985d47bea8add4c8ae0160f7", "http_status": 200, "body": {"accepted": true, "real_timestamp_ms": 1789269693129, "virtual_time_s": 1012, "measure_result": "no_signal"}}
2026-09-13 11:21:37,176 INFO request {"path": "/measure", "payload": {"arena_id": "default", "robot_id": "202601002029", "request_id": "20c0450a29074e18a74aa78069cb8971", "position": {"x": -564.9999999999998, "y": 978.6087062764158}, "channel": 20}, "attempt": 1}
2026-09-13 11:21:37,177 INFO response {"request_id": "20c0450a29074e18a74aa78069cb8971", "http_status": 200, "body": {"accepted": true, "real_timestamp_ms": 1789269693130, "virtual_time_s": 1018, "measure_result": "no_signal"}}
2026-09-13 11:21:37,207 INFO request {"path": "/measure", "payload": {"arena_id": "default", "robot_id": "202601002029", "request_id": "eaaa84cc78c44d699e965116c7965106", "position": {"x": -564.9999999999998, "y": 978.6087062764158}, "channel": 16}, "attempt": 1}
2026-09-13 11:21:37,208 INFO response {"request_id": "eaaa84cc78c44d699e965116c7965106", "http_status": 200, "body": {"accepted": true, "real_timestamp_ms": 1789269693161, "virtual_time_s": 1024, "measure_result": "direction", "svd_deg": 291.34}}
2026-09-13 11:21:37,235 INFO request {"path": "/measure", "payload": {"arena_id": "default", "robot_id": "202601002029", "request_id": "16f7e642157c4647bf3fa84238c3ba42", "position": {"x": -564.9999999999998, "y": 978.6087062764158}, "channel": 12}, "attempt": 1}
2026-09-13 11:21:37,255 INFO response {"request_id": "16f7e642157c4647bf3fa84238c3ba42", "http_status": 200, "body": {"accepted": true, "real_timestamp_ms": 1789269693207, "virtual_time_s": 1030, "measure_result": "direction", "svd_deg": 7.79}}
2026-09-13 11:21:37,257 INFO request {"path": "/measure", "payload": {"arena_id": "default", "robot_id": "202601002029", "request_id": "4326907dd2204feab5835cfa25f568a4", "position": {"x": -1130.0, "y": 1.3838508830365092e-13}, "channel": 1}, "attempt": 1}
2026-09-13 11:21:37,258 INFO response {"request_id": "4326907dd2204feab5835cfa25f568a4", "http_status": 200, "body": {"accepted": true, "real_timestamp_ms": 1789269693211, "virtual_time_s": 1262, "measure_result": "no_signal"}}
2026-09-13 11:21:37,259 INFO request {"path": "/measure", "payload": {"arena_id": "default", "robot_id": "202601002029", "request_id": "099ebe51eda149a0983f463621cfaf5b", "position": {"x": -1130.0, "y": 1.3838508830365092e-13}, "channel": 2}, "attempt": 1}
2026-09-13 11:21:37,271 INFO response {"request_id": "099ebe51eda149a0983f463621cfaf5b", "http_status": 200, "body": {"accepted": true, "real_timestamp_ms": 1789269693224, "virtual_time_s": 1268, "measure_result": "no_signal"}}
2026-09-13 11:21:37,271 INFO request {"path": "/measure", "payload": {"arena_id": "default", "robot_id": "202601002029", "request_id": "97fb9ea64d15494fae728a3606907c1d", "position": {"x": -1130.0, "y": 1.3838508830365092e-13}, "channel": 3}, "attempt": 1}
2026-09-13 11:21:37,286 INFO response {"request_id": "97fb9ea64d15494fae728a3606907c1d", "http_status": 200, "body": {"accepted": true, "real_timestamp_ms": 1789269693239, "virtual_time_s": 1274, "measure_result": "no_signal"}}
2026-09-13 11:21:37,286 INFO request {"path": "/measure", "payload": {"arena_id": "default", "robot_id": "202601002029", "request_id": "3cb3a9695b7d4c829e03315551ec1a8f", "position": {"x": -1130.0, "y": 1.3838508830365092e-13}, "channel": 4}, "attempt": 1}
2026-09-13 11:21:37,301 INFO response {"request_id": "3cb3a9695b7d4c829e03315551ec1a8f", "http_status": 200, "body": {"accepted": true, "real_timestamp_ms": 1789269693254, "virtual_time_s": 1280, "measure_result": "no_signal"}}
2026-09-13 11:21:37,301 INFO request {"path": "/measure", "payload": {"arena_id": "default", "robot_id": "202601002029", "request_id": "d2f7899b5e4549158e3cdc634b5155f0", "position": {"x": -1130.0, "y": 1.3838508830365092e-13}, "channel": 7}, "attempt": 1}
2026-09-13 11:21:37,302 INFO response {"request_id": "d2f7899b5e4549158e3cdc634b5155f0", "http_status": 200, "body": {"accepted": true, "real_timestamp_ms": 1789269693254, "virtual_time_s": 1286, "measure_result": "no_signal"}}
2026-09-13 11:21:37,303 INFO request {"path": "/measure", "payload": {"arena_id": "default", "robot_id": "202601002029", "request_id": "36e96a6bb94b4bc89711f851e73cca93", "position": {"x": -1130.0, "y": 1.3838508830365092e-13}, "channel": 8}, "attempt": 1}
2026-09-13 11:21:37,303 INFO response {"request_id": "36e96a6bb94b4bc89711f851e73cca93", "http_status": 200, "body": {"accepted": true, "real_timestamp_ms": 1789269693256, "virtual_time_s": 1292, "measure_result": "no_signal"}}
2026-09-13 11:21:37,303 INFO request {"path": "/measure", "payload": {"arena_id": "default", "robot_id": "202601002029", "request_id": "7d38322294254165a92f40067564ecd0", "position": {"x": -1130.0, "y": 1.3838508830365092e-13}, "channel": 17}, "attempt": 1}
2026-09-13 11:21:37,304 INFO response {"request_id": "7d38322294254165a92f40067564ecd0", "http_status": 200, "body": {"accepted": true, "real_timestamp_ms": 1789269693257, "virtual_time_s": 1298, "measure_result": "no_signal"}}
2026-09-13 11:21:37,305 INFO request {"path": "/measure", "payload": {"arena_id": "default", "robot_id": "202601002029", "request_id": "28c2b7a5f83e4cbfa81ac66008ae5154", "position": {"x": -1130.0, "y": 1.3838508830365092e-13}, "channel": 18}, "attempt": 1}
2026-09-13 11:21:37,305 INFO response {"request_id": "28c2b7a5f83e4cbfa81ac66008ae5154", "http_status": 200, "body": {"accepted": true, "real_timestamp_ms": 1789269693258, "virtual_time_s": 1304, "measure_result": "no_signal"}}
2026-09-13 11:21:37,306 INFO request {"path": "/measure", "payload": {"arena_id": "default", "robot_id": "202601002029", "request_id": "f7e964ceb999406c9ca3dea7c8a85913", "position": {"x": -1130.0, "y": 1.3838508830365092e-13}, "channel": 19}, "attempt": 1}
2026-09-13 11:21:37,306 INFO response {"request_id": "f7e964ceb999406c9ca3dea7c8a85913", "http_status": 200, "body": {"accepted": true, "real_timestamp_ms": 1789269693259, "virtual_time_s": 1310, "measure_result": "no_signal"}}
2026-09-13 11:21:37,307 INFO request {"path": "/measure", "payload": {"arena_id": "default", "robot_id": "202601002029", "request_id": "cc7881b7052749ec93333e395f0cfd6d", "position": {"x": -1130.0, "y": 1.3838508830365092e-13}, "channel": 20}, "attempt": 1}
2026-09-13 11:21:37,307 INFO response {"request_id": "cc7881b7052749ec93333e395f0cfd6d", "http_status": 200, "body": {"accepted": true, "real_timestamp_ms": 1789269693260, "virtual_time_s": 1316, "measure_result": "no_signal"}}
2026-09-13 11:21:37,326 INFO request {"path": "/measure", "payload": {"arena_id": "default", "robot_id": "202601002029", "request_id": "2e18436007f54f549a291c1c7121f707", "position": {"x": -1130.0, "y": 1.3838508830365092e-13}, "channel": 10}, "attempt": 1}
2026-09-13 11:21:37,348 INFO response {"request_id": "2e18436007f54f549a291c1c7121f707", "http_status": 200, "body": {"accepted": true, "real_timestamp_ms": 1789269693301, "virtual_time_s": 1322, "measure_result": "direction", "svd_deg": 48.65}}
2026-09-13 11:21:37,363 INFO request {"path": "/measure", "payload": {"arena_id": "default", "robot_id": "202601002029", "request_id": "8faaeea6cc15421db8463b754a73c834", "position": {"x": -1130.0, "y": 1.3838508830365092e-13}, "channel": 16}, "attempt": 1}
2026-09-13 11:21:37,364 INFO response {"request_id": "8faaeea6cc15421db8463b754a73c834", "http_status": 200, "body": {"accepted": true, "real_timestamp_ms": 1789269693316, "virtual_time_s": 1328, "measure_result": "direction", "svd_deg": 13.73}}
2026-09-13 11:21:37,367 INFO request {"path": "/measure", "payload": {"arena_id": "default", "robot_id": "202601002029", "request_id": "85a42dd656ea453f967e892d8cdabeae", "position": {"x": -565.0000000000005, "y": -978.6087062764154}, "channel": 1}, "attempt": 1}
2026-09-13 11:21:37,368 INFO response {"request_id": "85a42dd656ea453f967e892d8cdabeae", "http_status": 200, "body": {"accepted": true, "real_timestamp_ms": 1789269693322, "virtual_time_s": 1560, "measure_result": "no_signal"}}
2026-09-13 11:21:37,369 INFO request {"path": "/measure", "payload": {"arena_id": "default", "robot_id": "202601002029", "request_id": "82e5646cb57445e1b1d3d20c1f59f1f1", "position": {"x": -565.0000000000005, "y": -978.6087062764154}, "channel": 2}, "attempt": 1}
2026-09-13 11:21:37,369 INFO response {"request_id": "82e5646cb57445e1b1d3d20c1f59f1f1", "http_status": 200, "body": {"accepted": true, "real_timestamp_ms": 1789269693323, "virtual_time_s": 1566, "measure_result": "no_signal"}}
2026-09-13 11:21:37,370 INFO request {"path": "/measure", "payload": {"arena_id": "default", "robot_id": "202601002029", "request_id": "ca43caa303e64009b017118071f3ffa3", "position": {"x": -565.0000000000005, "y": -978.6087062764154}, "channel": 3}, "attempt": 1}
2026-09-13 11:21:37,370 INFO response {"request_id": "ca43caa303e64009b017118071f3ffa3", "http_status": 200, "body": {"accepted": true, "real_timestamp_ms": 1789269693323, "virtual_time_s": 1572, "measure_result": "no_signal"}}
2026-09-13 11:21:37,370 INFO request {"path": "/measure", "payload": {"arena_id": "default", "robot_id": "202601002029", "request_id": "71ab9bb8bcc54511b2f95e130b152f59", "position": {"x": -565.0000000000005, "y": -978.6087062764154}, "channel": 4}, "attempt": 1}
2026-09-13 11:21:37,371 INFO response {"request_id": "71ab9bb8bcc54511b2f95e130b152f59", "http_status": 200, "body": {"accepted": true, "real_timestamp_ms": 1789269693324, "virtual_time_s": 1578, "measure_result": "no_signal"}}
2026-09-13 11:21:37,371 INFO request {"path": "/measure", "payload": {"arena_id": "default", "robot_id": "202601002029", "request_id": "e252927d95514e65a12ccba3e6cf4a7b", "position": {"x": -565.0000000000005, "y": -978.6087062764154}, "channel": 7}, "attempt": 1}
2026-09-13 11:21:37,395 INFO response {"request_id": "e252927d95514e65a12ccba3e6cf4a7b", "http_status": 200, "body": {"accepted": true, "real_timestamp_ms": 1789269693348, "virtual_time_s": 1584, "measure_result": "no_signal"}}
2026-09-13 11:21:37,395 INFO request {"path": "/measure", "payload": {"arena_id": "default", "robot_id": "202601002029", "request_id": "ff92d66312fa472e8a96be1b646181f6", "position": {"x": -565.0000000000005, "y": -978.6087062764154}, "channel": 8}, "attempt": 1}
2026-09-13 11:21:37,410 INFO response {"request_id": "ff92d66312fa472e8a96be1b646181f6", "http_status": 200, "body": {"accepted": true, "real_timestamp_ms": 1789269693363, "virtual_time_s": 1590, "measure_result": "direction", "svd_deg": 352.53}}
2026-09-13 11:21:37,412 INFO request {"path": "/measure", "payload": {"arena_id": "default", "robot_id": "202601002029", "request_id": "a4f7691b27a446ccb8f239a128966cd8", "position": {"x": -565.0000000000005, "y": -978.6087062764154}, "channel": 17}, "attempt": 1}
2026-09-13 11:21:37,426 INFO response {"request_id": "a4f7691b27a446ccb8f239a128966cd8", "http_status": 200, "body": {"accepted": true, "real_timestamp_ms": 1789269693379, "virtual_time_s": 1596, "measure_result": "no_signal"}}
2026-09-13 11:21:37,426 INFO request {"path": "/measure", "payload": {"arena_id": "default", "robot_id": "202601002029", "request_id": "e13c75f91eaa4f299406c3a40c9b157c", "position": {"x": -565.0000000000005, "y": -978.6087062764154}, "channel": 18}, "attempt": 1}
2026-09-13 11:21:37,442 INFO response {"request_id": "e13c75f91eaa4f299406c3a40c9b157c", "http_status": 200, "body": {"accepted": true, "real_timestamp_ms": 1789269693395, "virtual_time_s": 1602, "measure_result": "no_signal"}}
2026-09-13 11:21:37,442 INFO request {"path": "/measure", "payload": {"arena_id": "default", "robot_id": "202601002029", "request_id": "2dbf55c390f944f892851d0b72246d6c", "position": {"x": -565.0000000000005, "y": -978.6087062764154}, "channel": 19}, "attempt": 1}
2026-09-13 11:21:37,458 INFO response {"request_id": "2dbf55c390f944f892851d0b72246d6c", "http_status": 200, "body": {"accepted": true, "real_timestamp_ms": 1789269693411, "virtual_time_s": 1608, "measure_result": "no_signal"}}
2026-09-13 11:21:37,458 INFO request {"path": "/measure", "payload": {"arena_id": "default", "robot_id": "202601002029", "request_id": "2351d6890a7b415eb3cc71e4a2978af2", "position": {"x": -565.0000000000005, "y": -978.6087062764154}, "channel": 20}, "attempt": 1}
2026-09-13 11:21:37,459 INFO response {"request_id": "2351d6890a7b415eb3cc71e4a2978af2", "http_status": 200, "body": {"accepted": true, "real_timestamp_ms": 1789269693412, "virtual_time_s": 1614, "measure_result": "no_signal"}}
2026-09-13 11:21:37,467 INFO request {"path": "/measure", "payload": {"arena_id": "default", "robot_id": "202601002029", "request_id": "2ca0000f764b4d13994291963a4993a3", "position": {"x": -565.0000000000005, "y": -978.6087062764154}, "channel": 15}, "attempt": 1}
2026-09-13 11:21:37,469 INFO response {"request_id": "2ca0000f764b4d13994291963a4993a3", "http_status": 200, "body": {"accepted": true, "real_timestamp_ms": 1789269693422, "virtual_time_s": 1620, "measure_result": "direction", "svd_deg": 52.96}}
2026-09-13 11:21:37,473 INFO request {"path": "/measure", "payload": {"arena_id": "default", "robot_id": "202601002029", "request_id": "fff21a0885a54f3bad1128d791449530", "position": {"x": 565.0000000000001, "y": -978.6087062764157}, "channel": 1}, "attempt": 1}
2026-09-13 11:21:37,490 INFO response {"request_id": "fff21a0885a54f3bad1128d791449530", "http_status": 200, "body": {"accepted": true, "real_timestamp_ms": 1789269693442, "virtual_time_s": 1852, "measure_result": "no_signal"}}
2026-09-13 11:21:37,490 INFO request {"path": "/measure", "payload": {"arena_id": "default", "robot_id": "202601002029", "request_id": "c5ad5d20cd2d46978193cade01a617e8", "position": {"x": 565.0000000000001, "y": -978.6087062764157}, "channel": 2}, "attempt": 1}
2026-09-13 11:21:37,491 INFO response {"request_id": "c5ad5d20cd2d46978193cade01a617e8", "http_status": 200, "body": {"accepted": true, "real_timestamp_ms": 1789269693444, "virtual_time_s": 1858, "measure_result": "no_signal"}}
2026-09-13 11:21:37,492 INFO request {"path": "/measure", "payload": {"arena_id": "default", "robot_id": "202601002029", "request_id": "4418a64af1564be6917d25d8a39f905b", "position": {"x": 565.0000000000001, "y": -978.6087062764157}, "channel": 3}, "attempt": 1}
2026-09-13 11:21:37,505 INFO response {"request_id": "4418a64af1564be6917d25d8a39f905b", "http_status": 200, "body": {"accepted": true, "real_timestamp_ms": 1789269693457, "virtual_time_s": 1864, "measure_result": "no_signal"}}
2026-09-13 11:21:37,505 INFO request {"path": "/measure", "payload": {"arena_id": "default", "robot_id": "202601002029", "request_id": "f9b64d60056443488204971c95a45c14", "position": {"x": 565.0000000000001, "y": -978.6087062764157}, "channel": 4}, "attempt": 1}
2026-09-13 11:21:37,520 INFO response {"request_id": "f9b64d60056443488204971c95a45c14", "http_status": 200, "body": {"accepted": true, "real_timestamp_ms": 1789269693472, "virtual_time_s": 1870, "measure_result": "no_signal"}}
2026-09-13 11:21:37,520 INFO request {"path": "/measure", "payload": {"arena_id": "default", "robot_id": "202601002029", "request_id": "cb5984912d7c4427b5e8087acfb2a151", "position": {"x": 565.0000000000001, "y": -978.6087062764157}, "channel": 7}, "attempt": 1}
2026-09-13 11:21:37,521 INFO response {"request_id": "cb5984912d7c4427b5e8087acfb2a151", "http_status": 200, "body": {"accepted": true, "real_timestamp_ms": 1789269693474, "virtual_time_s": 1876, "measure_result": "no_signal"}}
2026-09-13 11:21:37,521 INFO request {"path": "/measure", "payload": {"arena_id": "default", "robot_id": "202601002029", "request_id": "40d1b151a0d34ceea789f49fa9562a05", "position": {"x": 565.0000000000001, "y": -978.6087062764157}, "channel": 17}, "attempt": 1}
2026-09-13 11:21:37,535 INFO response {"request_id": "40d1b151a0d34ceea789f49fa9562a05", "http_status": 200, "body": {"accepted": true, "real_timestamp_ms": 1789269693488, "virtual_time_s": 1882, "measure_result": "no_signal"}}
2026-09-13 11:21:37,536 INFO request {"path": "/measure", "payload": {"arena_id": "default", "robot_id": "202601002029", "request_id": "6fd1e4f5f4c84e919aec491cfeff1e75", "position": {"x": 565.0000000000001, "y": -978.6087062764157}, "channel": 18}, "attempt": 1}
2026-09-13 11:21:37,537 INFO response {"request_id": "6fd1e4f5f4c84e919aec491cfeff1e75", "http_status": 200, "body": {"accepted": true, "real_timestamp_ms": 1789269693489, "virtual_time_s": 1888, "measure_result": "no_signal"}}
2026-09-13 11:21:37,537 INFO request {"path": "/measure", "payload": {"arena_id": "default", "robot_id": "202601002029", "request_id": "e197a5889efe48cfa83586500964c80c", "position": {"x": 565.0000000000001, "y": -978.6087062764157}, "channel": 19}, "attempt": 1}
2026-09-13 11:21:37,538 INFO response {"request_id": "e197a5889efe48cfa83586500964c80c", "http_status": 200, "body": {"accepted": true, "real_timestamp_ms": 1789269693491, "virtual_time_s": 1894, "measure_result": "no_signal"}}
2026-09-13 11:21:37,538 INFO request {"path": "/measure", "payload": {"arena_id": "default", "robot_id": "202601002029", "request_id": "16e69c08f21042fba705ab824c02f573", "position": {"x": 565.0000000000001, "y": -978.6087062764157}, "channel": 20}, "attempt": 1}
2026-09-13 11:21:37,539 INFO response {"request_id": "16e69c08f21042fba705ab824c02f573", "http_status": 200, "body": {"accepted": true, "real_timestamp_ms": 1789269693492, "virtual_time_s": 1900, "measure_result": "no_signal"}}
2026-09-13 11:21:37,572 INFO request {"path": "/measure", "payload": {"arena_id": "default", "robot_id": "202601002029", "request_id": "2dfa2aa32e0b4ee184809abc560bffdc", "position": {"x": 565.0000000000001, "y": -978.6087062764157}, "channel": 9}, "attempt": 1}
2026-09-13 11:21:37,598 INFO response {"request_id": "2dfa2aa32e0b4ee184809abc560bffdc", "http_status": 200, "body": {"accepted": true, "real_timestamp_ms": 1789269693550, "virtual_time_s": 1906, "measure_result": "direction", "svd_deg": 28.44}}
2026-09-13 11:21:37,620 INFO request {"path": "/measure", "payload": {"arena_id": "default", "robot_id": "202601002029", "request_id": "d88d3ede7c074067a755a20eabe24416", "position": {"x": 565.0000000000001, "y": -978.6087062764157}, "channel": 5}, "attempt": 1}
2026-09-13 11:21:37,622 INFO response {"request_id": "d88d3ede7c074067a755a20eabe24416", "http_status": 200, "body": {"accepted": true, "real_timestamp_ms": 1789269693575, "virtual_time_s": 1912, "measure_result": "direction", "svd_deg": 105.08}}
2026-09-13 11:21:43,418 INFO request {"path": "/clear", "payload": {"arena_id": "default", "robot_id": "202601002029", "request_id": "115956cf81a6400385e741c0af7be10b", "position": {"x": 928.7770605424826, "y": -774.6193973037492}, "channel": 9}, "attempt": 1}
2026-09-13 11:21:43,419 INFO response {"request_id": "115956cf81a6400385e741c0af7be10b", "http_status": 200, "body": {"accepted": true, "real_timestamp_ms": 1789269699372, "virtual_time_s": 2000.413521, "clear_result": "success"}}
2026-09-13 11:21:43,431 INFO request {"path": "/measure", "payload": {"arena_id": "default", "robot_id": "202601002029", "request_id": "816eece2034841ff810474c9bb2ce89f", "position": {"x": 928.7770605424826, "y": -774.6193973037492}, "channel": 15}, "attempt": 1}
2026-09-13 11:21:43,432 INFO response {"request_id": "816eece2034841ff810474c9bb2ce89f", "http_status": 200, "body": {"accepted": true, "real_timestamp_ms": 1789269699385, "virtual_time_s": 2006.413521, "measure_result": "direction", "svd_deg": 146.77}}
2026-09-13 11:21:44,375 INFO request {"path": "/measure", "payload": {"arena_id": "default", "robot_id": "202601002029", "request_id": "f177a47398dc4123a4a0b7068de8f3d5", "position": {"x": 1729.43349163083, "y": -26.067011935999197}, "channel": 11}, "attempt": 1}
2026-09-13 11:21:44,376 INFO response {"request_id": "f177a47398dc4123a4a0b7068de8f3d5", "http_status": 200, "body": {"accepted": true, "real_timestamp_ms": 1789269700329, "virtual_time_s": 2231.628611, "measure_result": "direction", "svd_deg": 135.81}}
2026-09-13 11:21:44,380 INFO request {"path": "/clear", "payload": {"arena_id": "default", "robot_id": "202601002029", "request_id": "a509cf0a198d49fcbaae91c5f089b364", "position": {"x": 1502.8180415165843, "y": 193.9974580448984}, "channel": 11}, "attempt": 1}
2026-09-13 11:21:44,392 INFO response {"request_id": "a509cf0a198d49fcbaae91c5f089b364", "http_status": 200, "body": {"accepted": true, "real_timestamp_ms": 1789269700345, "virtual_time_s": 2299.805484, "clear_result": "success"}}
2026-09-13 11:21:44,395 INFO request {"path": "/measure", "payload": {"arena_id": "default", "robot_id": "202601002029", "request_id": "8d893b6b33d24f78b225afea23686af9", "position": {"x": 620.4392205841737, "y": -71.22547552292085}, "channel": 15}, "attempt": 1}
2026-09-13 11:21:44,397 INFO response {"request_id": "8d893b6b33d24f78b225afea23686af9", "http_status": 200, "body": {"accepted": true, "real_timestamp_ms": 1789269700350, "virtual_time_s": 2490.080885, "measure_result": "direction", "svd_deg": 189.86}}
2026-09-13 11:21:44,445 INFO request {"path": "/measure", "payload": {"arena_id": "default", "robot_id": "202601002029", "request_id": "f2b348322e2c4749bf5836197cad6c8e", "position": {"x": 620.4392205841737, "y": -71.22547552292085}, "channel": 14}, "attempt": 1}
2026-09-13 11:21:44,447 INFO response {"request_id": "f2b348322e2c4749bf5836197cad6c8e", "http_status": 200, "body": {"accepted": true, "real_timestamp_ms": 1789269700399, "virtual_time_s": 2496.080885, "measure_result": "direction", "svd_deg": 160.6}}
2026-09-13 11:21:44,477 INFO request {"path": "/measure", "payload": {"arena_id": "default", "robot_id": "202601002029", "request_id": "4291cb832f034a37a5bb89208dccf600", "position": {"x": 643.5864147165489, "y": 192.96914457928096}, "channel": 5}, "attempt": 1}
2026-09-13 11:21:44,501 INFO response {"request_id": "4291cb832f034a37a5bb89208dccf600", "http_status": 200, "body": {"accepted": true, "real_timestamp_ms": 1789269700453, "virtual_time_s": 2555.122224, "measure_result": "direction", "svd_deg": 213.2}}
2026-09-13 11:21:44,537 INFO request {"path": "/measure", "payload": {"arena_id": "default", "robot_id": "202601002029", "request_id": "00031236d5cf4535a47a1ea385cc88f4", "position": {"x": 643.5864147165489, "y": 192.96914457928096}, "channel": 12}, "attempt": 1}
2026-09-13 11:21:44,538 INFO response {"request_id": "00031236d5cf4535a47a1ea385cc88f4", "http_status": 200, "body": {"accepted": true, "real_timestamp_ms": 1789269700491, "virtual_time_s": 2561.122224, "measure_result": "direction", "svd_deg": 124.19}}
2026-09-13 11:21:44,565 INFO request {"path": "/clear", "payload": {"arena_id": "default", "robot_id": "202601002029", "request_id": "8d353110a3db4127b0b4a3fd3e2280de", "position": {"x": 766.4204377720653, "y": 735.6502692000954}, "channel": 6}, "attempt": 1}
2026-09-13 11:21:44,578 INFO response {"request_id": "8d353110a3db4127b0b4a3fd3e2280de", "http_status": 200, "body": {"accepted": true, "real_timestamp_ms": 1789269700531, "virtual_time_s": 2677.404028, "clear_result": "success"}}
2026-09-13 11:21:44,580 INFO request {"path": "/measure", "payload": {"arena_id": "default", "robot_id": "202601002029", "request_id": "272b1e2a965a4190899998b0889689df", "position": {"x": 934.3003689417559, "y": 1541.5497489707868}, "channel": 13}, "attempt": 1}
2026-09-13 11:21:44,581 INFO response {"request_id": "272b1e2a965a4190899998b0889689df", "http_status": 200, "body": {"accepted": true, "real_timestamp_ms": 1789269700533, "virtual_time_s": 2848.043955, "measure_result": "direction", "svd_deg": 164.52}}
2026-09-13 11:21:44,584 INFO request {"path": "/clear", "payload": {"arena_id": "default", "robot_id": "202601002029", "request_id": "a95e6344cde24a3cafb016b171ecaec0", "position": {"x": 530.122387935111, "y": 1653.7557410010763}, "channel": 13}, "attempt": 1}
2026-09-13 11:21:44,585 INFO response {"request_id": "a95e6344cde24a3cafb016b171ecaec0", "http_status": 200, "body": {"accepted": true, "real_timestamp_ms": 1789269700539, "virtual_time_s": 2936.93675, "clear_result": "success"}}
2026-09-13 11:21:44,586 INFO request {"path": "/clear", "payload": {"arena_id": "default", "robot_id": "202601002029", "request_id": "181ac2a54c8b409fa6125352b703483d", "position": {"x": 60.892070468675534, "y": 1061.37118133094}, "channel": 12}, "attempt": 1}
2026-09-13 11:21:44,587 INFO response {"request_id": "181ac2a54c8b409fa6125352b703483d", "http_status": 200, "body": {"accepted": true, "real_timestamp_ms": 1789269700540, "virtual_time_s": 3093.078611, "clear_result": "success"}}
2026-09-13 11:21:44,601 INFO request {"path": "/measure", "payload": {"arena_id": "default", "robot_id": "202601002029", "request_id": "ec1b253574cc46c0887e5ee722c9ec1b", "position": {"x": 60.892070468675534, "y": 1061.37118133094}, "channel": 16}, "attempt": 1}
2026-09-13 11:21:44,625 INFO response {"request_id": "ec1b253574cc46c0887e5ee722c9ec1b", "http_status": 200, "body": {"accepted": true, "real_timestamp_ms": 1789269700578, "virtual_time_s": 3099.078611, "measure_result": "direction", "svd_deg": 248.38}}
2026-09-13 11:21:44,634 INFO request {"path": "/measure", "payload": {"arena_id": "default", "robot_id": "202601002029", "request_id": "d6081cb667a1449fbddc4bc0fc279ea8", "position": {"x": -692.4457147692035, "y": 42.48457638662034}, "channel": 10}, "attempt": 1}
2026-09-13 11:21:44,656 INFO response {"request_id": "d6081cb667a1449fbddc4bc0fc279ea8", "http_status": 200, "body": {"accepted": true, "real_timestamp_ms": 1789269700608, "virtual_time_s": 3358.506923, "measure_result": "direction", "svd_deg": 181.64}}
2026-09-13 11:21:44,662 INFO request {"path": "/clear", "payload": {"arena_id": "default", "robot_id": "202601002029", "request_id": "0a98651b2b314c239976c64e2ce098d8", "position": {"x": -1102.6478694398043, "y": 30.810348165648595}, "channel": 10}, "attempt": 1}
2026-09-13 11:21:44,687 INFO response {"request_id": "0a98651b2b314c239976c64e2ce098d8", "http_status": 200, "body": {"accepted": true, "real_timestamp_ms": 1789269700640, "virtual_time_s": 3445.580572, "clear_result": "success"}}
2026-09-13 11:21:44,688 INFO request {"path": "/clear", "payload": {"arena_id": "default", "robot_id": "202601002029", "request_id": "02dbdc63fc6541b1aba9b5b3586a0eb8", "position": {"x": -273.8947372671495, "y": 211.18862915975495}, "channel": 16}, "attempt": 1}
2026-09-13 11:21:44,703 INFO response {"request_id": "02dbdc63fc6541b1aba9b5b3586a0eb8", "http_status": 200, "body": {"accepted": true, "real_timestamp_ms": 1789269700656, "virtual_time_s": 3620.21171, "clear_result": "success"}}
2026-09-13 11:21:44,705 INFO request {"path": "/clear", "payload": {"arena_id": "default", "robot_id": "202601002029", "request_id": "8b0b4190590b4258be206c43a514ba24", "position": {"x": 53.023046797258694, "y": 128.53834914627961}, "channel": 14}, "attempt": 1}
2026-09-13 11:21:44,707 INFO response {"request_id": "8b0b4190590b4258be206c43a514ba24", "http_status": 200, "body": {"accepted": true, "real_timestamp_ms": 1789269700659, "virtual_time_s": 3692.652441, "clear_result": "success"}}
2026-09-13 11:21:44,708 INFO request {"path": "/clear", "payload": {"arena_id": "default", "robot_id": "202601002029", "request_id": "ffd202ebc234434e9a3a83e6eb08300c", "position": {"x": 307.1907506902468, "y": -26.860201750235095}, "channel": 5}, "attempt": 1}
2026-09-13 11:21:44,709 INFO response {"request_id": "ffd202ebc234434e9a3a83e6eb08300c", "http_status": 200, "body": {"accepted": true, "real_timestamp_ms": 1789269700662, "virtual_time_s": 3757.234294, "clear_result": "success"}}
2026-09-13 11:21:44,725 INFO request {"path": "/measure", "payload": {"arena_id": "default", "robot_id": "202601002029", "request_id": "c8a60a2f956548d0bf2e5d19badb26a4", "position": {"x": 307.1907506902468, "y": -26.860201750235095}, "channel": 8}, "attempt": 1}
2026-09-13 11:21:44,727 INFO response {"request_id": "c8a60a2f956548d0bf2e5d19badb26a4", "http_status": 200, "body": {"accepted": true, "real_timestamp_ms": 1789269700679, "virtual_time_s": 3763.234294, "measure_result": "direction", "svd_deg": 275.15}}
2026-09-13 11:21:45,571 INFO request {"path": "/clear", "payload": {"arena_id": "default", "robot_id": "202601002029", "request_id": "f4d03d6193f5462896ee28351d06c8d0", "position": {"x": 29.144442803054485, "y": -174.08135187351144}, "channel": 15}, "attempt": 1}
2026-09-13 11:21:45,572 INFO response {"request_id": "f4d03d6193f5462896ee28351d06c8d0", "http_status": 200, "body": {"accepted": true, "real_timestamp_ms": 1789269701525, "virtual_time_s": 3831.157681, "clear_result": "success"}}
2026-09-13 11:21:45,582 INFO request {"path": "/measure", "payload": {"arena_id": "default", "robot_id": "202601002029", "request_id": "15ecb7f1e6dd460babb115292ee43225", "position": {"x": 406.53594047904636, "y": -705.693327737268}, "channel": 8}, "attempt": 1}
2026-09-13 11:21:45,583 INFO response {"request_id": "15ecb7f1e6dd460babb115292ee43225", "http_status": 200, "body": {"accepted": true, "real_timestamp_ms": 1789269701536, "virtual_time_s": 3966.547195, "measure_result": "direction", "svd_deg": 269.59}}
2026-09-13 11:21:45,586 INFO request {"path": "/clear", "payload": {"arena_id": "default", "robot_id": "202601002029", "request_id": "e37addc3b9434964863137a79d8f0d19", "position": {"x": 403.9877669479607, "y": -1105.823336585047}, "channel": 8}, "attempt": 1}
2026-09-13 11:21:45,587 INFO response {"request_id": "e37addc3b9434964863137a79d8f0d19", "http_status": 200, "body": {"accepted": true, "real_timestamp_ms": 1789269701540, "virtual_time_s": 4051.57482, "clear_result": "success"}}
2026-09-13 11:21:45,587 INFO request {"path": "/exit", "payload": {"arena_id": "default", "robot_id": "202601002029", "request_id": "cdf756ddc8454e56982e20fc953fd600"}, "attempt": 1}
2026-09-13 11:21:45,588 INFO response {"request_id": "cdf756ddc8454e56982e20fc953fd600", "http_status": 200, "body": {"accepted": true, "real_timestamp_ms": 1789269701541, "virtual_time_s": 4051.57482, "exit_reason": "user_exit"}}
