2026-09-12 16:47:33,464 INFO request {"path": "/enter", "payload": {"arena_id": "default", "robot_id": "202601002029", "request_id": "54452439672d42cfb73e2902d1f04ff6"}, "attempt": 1}
2026-09-12 16:47:33,467 INFO response {"request_id": "54452439672d42cfb73e2902d1f04ff6", "http_status": 200, "body": {"accepted": true, "real_timestamp_ms": 1789202850191, "virtual_time_s": 0, "max_virtual_duration_s": 360000, "max_real_duration_s": 1200, "remaining_real_duration_s": 1200}}
2026-09-12 16:47:33,468 INFO request {"path": "/measure", "payload": {"arena_id": "default", "robot_id": "202601002029", "request_id": "8bbd354fd78c449bb2b458aaec701329", "position": {"x": 0.0, "y": 0.0}, "channel": 1}, "attempt": 1}
2026-09-12 16:47:33,486 INFO response {"request_id": "8bbd354fd78c449bb2b458aaec701329", "http_status": 200, "body": {"accepted": true, "real_timestamp_ms": 1789202850209, "virtual_time_s": 5, "measure_result": "no_signal"}}
2026-09-12 16:47:33,487 INFO request {"path": "/measure", "payload": {"arena_id": "default", "robot_id": "202601002029", "request_id": "e2f13bd0b1104f7a8b524e7cc62f3b62", "position": {"x": 0.0, "y": 0.0}, "channel": 2}, "attempt": 1}
2026-09-12 16:47:33,489 INFO response {"request_id": "e2f13bd0b1104f7a8b524e7cc62f3b62", "http_status": 200, "body": {"accepted": true, "real_timestamp_ms": 1789202850212, "virtual_time_s": 11, "measure_result": "direction", "svd_deg": 183.84}}
2026-09-12 16:47:33,495 INFO request {"path": "/measure", "payload": {"arena_id": "default", "robot_id": "202601002029", "request_id": "4266e1a4e1f1415ebe35c41e33578f03", "position": {"x": 0.0, "y": 0.0}, "channel": 3}, "attempt": 1}
2026-09-12 16:47:33,497 INFO response {"request_id": "4266e1a4e1f1415ebe35c41e33578f03", "http_status": 200, "body": {"accepted": true, "real_timestamp_ms": 1789202850220, "virtual_time_s": 17, "measure_result": "no_signal"}}
2026-09-12 16:47:33,497 INFO request {"path": "/measure", "payload": {"arena_id": "default", "robot_id": "202601002029", "request_id": "5e71fbb5b7754d379d81c9f50c38270f", "position": {"x": 0.0, "y": 0.0}, "channel": 4}, "attempt": 1}
2026-09-12 16:47:33,498 INFO response {"request_id": "5e71fbb5b7754d379d81c9f50c38270f", "http_status": 200, "body": {"accepted": true, "real_timestamp_ms": 1789202850222, "virtual_time_s": 23, "measure_result": "no_signal"}}
2026-09-12 16:47:33,498 INFO request {"path": "/measure", "payload": {"arena_id": "default", "robot_id": "202601002029", "request_id": "cb65458d00014c8da1f9f4ad3875d7b6", "position": {"x": 0.0, "y": 0.0}, "channel": 5}, "attempt": 1}
2026-09-12 16:47:33,499 INFO response {"request_id": "cb65458d00014c8da1f9f4ad3875d7b6", "http_status": 200, "body": {"accepted": true, "real_timestamp_ms": 1789202850223, "virtual_time_s": 29, "measure_result": "no_signal"}}
2026-09-12 16:47:33,499 INFO request {"path": "/measure", "payload": {"arena_id": "default", "robot_id": "202601002029", "request_id": "0c7176e1b2434c2296c7a3809324b426", "position": {"x": 0.0, "y": 0.0}, "channel": 6}, "attempt": 1}
2026-09-12 16:47:33,500 INFO response {"request_id": "0c7176e1b2434c2296c7a3809324b426", "http_status": 200, "body": {"accepted": true, "real_timestamp_ms": 1789202850224, "virtual_time_s": 35, "measure_result": "no_signal"}}
2026-09-12 16:47:33,500 INFO request {"path": "/measure", "payload": {"arena_id": "default", "robot_id": "202601002029", "request_id": "52fdd7b1646c4c16835143217771b979", "position": {"x": 0.0, "y": 0.0}, "channel": 7}, "attempt": 1}
2026-09-12 16:47:33,501 INFO response {"request_id": "52fdd7b1646c4c16835143217771b979", "http_status": 200, "body": {"accepted": true, "real_timestamp_ms": 1789202850225, "virtual_time_s": 41, "measure_result": "no_signal"}}
2026-09-12 16:47:33,501 INFO request {"path": "/measure", "payload": {"arena_id": "default", "robot_id": "202601002029", "request_id": "d97e21b23fc843deac8e77a9d0045cc5", "position": {"x": 0.0, "y": 0.0}, "channel": 8}, "attempt": 1}
2026-09-12 16:47:33,502 INFO response {"request_id": "d97e21b23fc843deac8e77a9d0045cc5", "http_status": 200, "body": {"accepted": true, "real_timestamp_ms": 1789202850225, "virtual_time_s": 47, "measure_result": "direction", "svd_deg": 8.59}}
2026-09-12 16:47:33,503 INFO request {"path": "/measure", "payload": {"arena_id": "default", "robot_id": "202601002029", "request_id": "91ca5ada5cde45d0be245579382e6f6f", "position": {"x": 0.0, "y": 0.0}, "channel": 9}, "attempt": 1}
2026-09-12 16:47:33,505 INFO response {"request_id": "91ca5ada5cde45d0be245579382e6f6f", "http_status": 200, "body": {"accepted": true, "real_timestamp_ms": 1789202850228, "virtual_time_s": 53, "measure_result": "direction", "svd_deg": 47.05}}
2026-09-12 16:47:33,507 INFO request {"path": "/measure", "payload": {"arena_id": "default", "robot_id": "202601002029", "request_id": "eb22b5d530634793935790bf633b2e12", "position": {"x": 0.0, "y": 0.0}, "channel": 10}, "attempt": 1}
2026-09-12 16:47:33,523 INFO response {"request_id": "eb22b5d530634793935790bf633b2e12", "http_status": 200, "body": {"accepted": true, "real_timestamp_ms": 1789202850246, "virtual_time_s": 59, "measure_result": "direction", "svd_deg": 65.67}}
2026-09-12 16:47:33,525 INFO request {"path": "/measure", "payload": {"arena_id": "default", "robot_id": "202601002029", "request_id": "b5d038c1d63c4d35a62c619d9bc46eef", "position": {"x": 0.0, "y": 0.0}, "channel": 11}, "attempt": 1}
2026-09-12 16:47:33,542 INFO response {"request_id": "b5d038c1d63c4d35a62c619d9bc46eef", "http_status": 200, "body": {"accepted": true, "real_timestamp_ms": 1789202850266, "virtual_time_s": 65, "measure_result": "direction", "svd_deg": 259.89}}
2026-09-12 16:47:33,545 INFO request {"path": "/measure", "payload": {"arena_id": "default", "robot_id": "202601002029", "request_id": "2cc0b96ddf4b4b2da986894d013ad1b8", "position": {"x": 0.0, "y": 0.0}, "channel": 12}, "attempt": 1}
2026-09-12 16:47:33,563 INFO response {"request_id": "2cc0b96ddf4b4b2da986894d013ad1b8", "http_status": 200, "body": {"accepted": true, "real_timestamp_ms": 1789202850286, "virtual_time_s": 71, "measure_result": "no_signal"}}
2026-09-12 16:47:33,563 INFO request {"path": "/measure", "payload": {"arena_id": "default", "robot_id": "202601002029", "request_id": "257e95ddcb8c444eba6fc571e2f9b273", "position": {"x": 0.0, "y": 0.0}, "channel": 13}, "attempt": 1}
2026-09-12 16:47:33,582 INFO response {"request_id": "257e95ddcb8c444eba6fc571e2f9b273", "http_status": 200, "body": {"accepted": true, "real_timestamp_ms": 1789202850305, "virtual_time_s": 77, "measure_result": "direction", "svd_deg": 221.93}}
2026-09-12 16:47:33,586 INFO request {"path": "/measure", "payload": {"arena_id": "default", "robot_id": "202601002029", "request_id": "55cf6fc5dee74ca4bf652c4c8e2393b6", "position": {"x": 0.0, "y": 0.0}, "channel": 14}, "attempt": 1}
2026-09-12 16:47:33,602 INFO response {"request_id": "55cf6fc5dee74ca4bf652c4c8e2393b6", "http_status": 200, "body": {"accepted": true, "real_timestamp_ms": 1789202850324, "virtual_time_s": 83, "measure_result": "direction", "svd_deg": 40.96}}
2026-09-12 16:47:33,607 INFO request {"path": "/measure", "payload": {"arena_id": "default", "robot_id": "202601002029", "request_id": "135770a1cf4f4465ac9c9a9c52a6a501", "position": {"x": 0.0, "y": 0.0}, "channel": 15}, "attempt": 1}
2026-09-12 16:47:33,609 INFO response {"request_id": "135770a1cf4f4465ac9c9a9c52a6a501", "http_status": 200, "body": {"accepted": true, "real_timestamp_ms": 1789202850332, "virtual_time_s": 89, "measure_result": "no_signal"}}
2026-09-12 16:47:33,609 INFO request {"path": "/measure", "payload": {"arena_id": "default", "robot_id": "202601002029", "request_id": "f70887195796426fa3c036d2dd091526", "position": {"x": 0.0, "y": 0.0}, "channel": 16}, "attempt": 1}
2026-09-12 16:47:33,611 INFO response {"request_id": "f70887195796426fa3c036d2dd091526", "http_status": 200, "body": {"accepted": true, "real_timestamp_ms": 1789202850334, "virtual_time_s": 95, "measure_result": "no_signal"}}
2026-09-12 16:47:33,612 INFO request {"path": "/measure", "payload": {"arena_id": "default", "robot_id": "202601002029", "request_id": "a4320383422640fd943f94fcadae33e2", "position": {"x": 0.0, "y": 0.0}, "channel": 17}, "attempt": 1}
2026-09-12 16:47:33,613 INFO response {"request_id": "a4320383422640fd943f94fcadae33e2", "http_status": 200, "body": {"accepted": true, "real_timestamp_ms": 1789202850337, "virtual_time_s": 101, "measure_result": "no_signal"}}
2026-09-12 16:47:33,614 INFO request {"path": "/measure", "payload": {"arena_id": "default", "robot_id": "202601002029", "request_id": "52378fcdffe643ae9d58bbb2780e9ec5", "position": {"x": 0.0, "y": 0.0}, "channel": 18}, "attempt": 1}
2026-09-12 16:47:33,615 INFO response {"request_id": "52378fcdffe643ae9d58bbb2780e9ec5", "http_status": 200, "body": {"accepted": true, "real_timestamp_ms": 1789202850339, "virtual_time_s": 107, "measure_result": "direction", "svd_deg": 291.98}}
2026-09-12 16:47:33,620 INFO request {"path": "/measure", "payload": {"arena_id": "default", "robot_id": "202601002029", "request_id": "703c69fe55254d4dafb1336259e080bc", "position": {"x": 0.0, "y": 0.0}, "channel": 19}, "attempt": 1}
2026-09-12 16:47:33,641 INFO response {"request_id": "703c69fe55254d4dafb1336259e080bc", "http_status": 200, "body": {"accepted": true, "real_timestamp_ms": 1789202850364, "virtual_time_s": 113, "measure_result": "no_signal"}}
2026-09-12 16:47:33,641 INFO request {"path": "/measure", "payload": {"arena_id": "default", "robot_id": "202601002029", "request_id": "99c8d77b34794e72942deb9503914f5a", "position": {"x": 0.0, "y": 0.0}, "channel": 20}, "attempt": 1}
2026-09-12 16:47:33,643 INFO response {"request_id": "99c8d77b34794e72942deb9503914f5a", "http_status": 200, "body": {"accepted": true, "real_timestamp_ms": 1789202850366, "virtual_time_s": 119, "measure_result": "direction", "svd_deg": 11.71}}
2026-09-12 16:47:33,647 INFO request {"path": "/measure", "payload": {"arena_id": "default", "robot_id": "202601002029", "request_id": "99a8e0b53d084e36aa149a48574248f9", "position": {"x": 1200.0, "y": 0.0}, "channel": 1}, "attempt": 1}
2026-09-12 16:47:33,649 INFO response {"request_id": "99a8e0b53d084e36aa149a48574248f9", "http_status": 200, "body": {"accepted": true, "real_timestamp_ms": 1789202850372, "virtual_time_s": 365, "measure_result": "no_signal"}}
2026-09-12 16:47:33,649 INFO request {"path": "/measure", "payload": {"arena_id": "default", "robot_id": "202601002029", "request_id": "23ee59c8361e4df1a89dc9ac8c1f4baf", "position": {"x": 1200.0, "y": 0.0}, "channel": 3}, "attempt": 1}
2026-09-12 16:47:33,650 INFO response {"request_id": "23ee59c8361e4df1a89dc9ac8c1f4baf", "http_status": 200, "body": {"accepted": true, "real_timestamp_ms": 1789202850374, "virtual_time_s": 371, "measure_result": "no_signal"}}
2026-09-12 16:47:33,650 INFO request {"path": "/measure", "payload": {"arena_id": "default", "robot_id": "202601002029", "request_id": "26553336d21643908843ed780da42891", "position": {"x": 1200.0, "y": 0.0}, "channel": 4}, "attempt": 1}
2026-09-12 16:47:33,652 INFO response {"request_id": "26553336d21643908843ed780da42891", "http_status": 200, "body": {"accepted": true, "real_timestamp_ms": 1789202850375, "virtual_time_s": 377, "measure_result": "no_signal"}}
2026-09-12 16:47:33,652 INFO request {"path": "/measure", "payload": {"arena_id": "default", "robot_id": "202601002029", "request_id": "e2c7408e99d54ad3b9ca2a920d8ed2ef", "position": {"x": 1200.0, "y": 0.0}, "channel": 5}, "attempt": 1}
2026-09-12 16:47:33,654 INFO response {"request_id": "e2c7408e99d54ad3b9ca2a920d8ed2ef", "http_status": 200, "body": {"accepted": true, "real_timestamp_ms": 1789202850377, "virtual_time_s": 383, "measure_result": "no_signal"}}
2026-09-12 16:47:33,654 INFO request {"path": "/measure", "payload": {"arena_id": "default", "robot_id": "202601002029", "request_id": "e467e7ebde8b4b40a9424221e559077a", "position": {"x": 1200.0, "y": 0.0}, "channel": 6}, "attempt": 1}
2026-09-12 16:47:33,655 INFO response {"request_id": "e467e7ebde8b4b40a9424221e559077a", "http_status": 200, "body": {"accepted": true, "real_timestamp_ms": 1789202850379, "virtual_time_s": 389, "measure_result": "no_signal"}}
2026-09-12 16:47:33,655 INFO request {"path": "/measure", "payload": {"arena_id": "default", "robot_id": "202601002029", "request_id": "19f6e208bbc44d018897d8ebeb3b5835", "position": {"x": 1200.0, "y": 0.0}, "channel": 7}, "attempt": 1}
2026-09-12 16:47:33,657 INFO response {"request_id": "19f6e208bbc44d018897d8ebeb3b5835", "http_status": 200, "body": {"accepted": true, "real_timestamp_ms": 1789202850380, "virtual_time_s": 395, "measure_result": "no_signal"}}
2026-09-12 16:47:33,657 INFO request {"path": "/measure", "payload": {"arena_id": "default", "robot_id": "202601002029", "request_id": "2faa861cd4f34044a85ee57a4d2ca1a3", "position": {"x": 1200.0, "y": 0.0}, "channel": 12}, "attempt": 1}
2026-09-12 16:47:33,659 INFO response {"request_id": "2faa861cd4f34044a85ee57a4d2ca1a3", "http_status": 200, "body": {"accepted": true, "real_timestamp_ms": 1789202850382, "virtual_time_s": 401, "measure_result": "no_signal"}}
2026-09-12 16:47:33,659 INFO request {"path": "/measure", "payload": {"arena_id": "default", "robot_id": "202601002029", "request_id": "361df16b56504102b6f334637705f7b4", "position": {"x": 1200.0, "y": 0.0}, "channel": 15}, "attempt": 1}
2026-09-12 16:47:33,672 INFO response {"request_id": "361df16b56504102b6f334637705f7b4", "http_status": 200, "body": {"accepted": true, "real_timestamp_ms": 1789202850395, "virtual_time_s": 407, "measure_result": "no_signal"}}
2026-09-12 16:47:33,673 INFO request {"path": "/measure", "payload": {"arena_id": "default", "robot_id": "202601002029", "request_id": "a33e34140e504e1ba0132161919c0f98", "position": {"x": 1200.0, "y": 0.0}, "channel": 16}, "attempt": 1}
2026-09-12 16:47:33,676 INFO response {"request_id": "a33e34140e504e1ba0132161919c0f98", "http_status": 200, "body": {"accepted": true, "real_timestamp_ms": 1789202850399, "virtual_time_s": 413, "measure_result": "no_signal"}}
2026-09-12 16:47:33,677 INFO request {"path": "/measure", "payload": {"arena_id": "default", "robot_id": "202601002029", "request_id": "69742a53306c417584bc365dd1809e78", "position": {"x": 1200.0, "y": 0.0}, "channel": 17}, "attempt": 1}
2026-09-12 16:47:33,680 INFO response {"request_id": "69742a53306c417584bc365dd1809e78", "http_status": 200, "body": {"accepted": true, "real_timestamp_ms": 1789202850403, "virtual_time_s": 419, "measure_result": "direction", "svd_deg": 19.04}}
2026-09-12 16:47:33,686 INFO request {"path": "/measure", "payload": {"arena_id": "default", "robot_id": "202601002029", "request_id": "48537c23171b44e3a759d00153b47a73", "position": {"x": 1200.0, "y": 0.0}, "channel": 19}, "attempt": 1}
2026-09-12 16:47:33,688 INFO response {"request_id": "48537c23171b44e3a759d00153b47a73", "http_status": 200, "body": {"accepted": true, "real_timestamp_ms": 1789202850411, "virtual_time_s": 425, "measure_result": "direction", "svd_deg": 48.53}}
2026-09-12 16:47:33,724 INFO request {"path": "/measure", "payload": {"arena_id": "default", "robot_id": "202601002029", "request_id": "002918182d2e43319f9a53954a775feb", "position": {"x": 1200.0, "y": 0.0}, "channel": 9}, "attempt": 1}
2026-09-12 16:47:33,738 INFO response {"request_id": "002918182d2e43319f9a53954a775feb", "http_status": 200, "body": {"accepted": true, "real_timestamp_ms": 1789202850462, "virtual_time_s": 431, "measure_result": "direction", "svd_deg": 128.77}}
2026-09-12 16:47:33,769 INFO request {"path": "/measure", "payload": {"arena_id": "default", "robot_id": "202601002029", "request_id": "2bad361a8f214d829ea0842b21babb82", "position": {"x": 1200.0, "y": 0.0}, "channel": 14}, "attempt": 1}
2026-09-12 16:47:33,770 INFO response {"request_id": "2bad361a8f214d829ea0842b21babb82", "http_status": 200, "body": {"accepted": true, "real_timestamp_ms": 1789202850494, "virtual_time_s": 437, "measure_result": "direction", "svd_deg": 143.58}}
2026-09-12 16:47:33,773 INFO request {"path": "/measure", "payload": {"arena_id": "default", "robot_id": "202601002029", "request_id": "7bce2ed2787546b5ba405223cd53e8ef", "position": {"x": 600.0000000000001, "y": 1039.2304845413264}, "channel": 1}, "attempt": 1}
2026-09-12 16:47:33,774 INFO response {"request_id": "7bce2ed2787546b5ba405223cd53e8ef", "http_status": 200, "body": {"accepted": true, "real_timestamp_ms": 1789202850498, "virtual_time_s": 683, "measure_result": "no_signal"}}
2026-09-12 16:47:33,774 INFO request {"path": "/measure", "payload": {"arena_id": "default", "robot_id": "202601002029", "request_id": "89661fa3ac8c4a0d92c3572a3b861317", "position": {"x": 600.0000000000001, "y": 1039.2304845413264}, "channel": 3}, "attempt": 1}
2026-09-12 16:47:33,775 INFO response {"request_id": "89661fa3ac8c4a0d92c3572a3b861317", "http_status": 200, "body": {"accepted": true, "real_timestamp_ms": 1789202850499, "virtual_time_s": 689, "measure_result": "no_signal"}}
2026-09-12 16:47:33,775 INFO request {"path": "/measure", "payload": {"arena_id": "default", "robot_id": "202601002029", "request_id": "e53b3f7f5de444fcbe0039b4d0d8e76c", "position": {"x": 600.0000000000001, "y": 1039.2304845413264}, "channel": 4}, "attempt": 1}
2026-09-12 16:47:33,776 INFO response {"request_id": "e53b3f7f5de444fcbe0039b4d0d8e76c", "http_status": 200, "body": {"accepted": true, "real_timestamp_ms": 1789202850499, "virtual_time_s": 695, "measure_result": "no_signal"}}
2026-09-12 16:47:33,776 INFO request {"path": "/measure", "payload": {"arena_id": "default", "robot_id": "202601002029", "request_id": "dfbdaa0a9693487c9ed8c17ae59b9d8b", "position": {"x": 600.0000000000001, "y": 1039.2304845413264}, "channel": 5}, "attempt": 1}
2026-09-12 16:47:33,777 INFO response {"request_id": "dfbdaa0a9693487c9ed8c17ae59b9d8b", "http_status": 200, "body": {"accepted": true, "real_timestamp_ms": 1789202850501, "virtual_time_s": 701, "measure_result": "no_signal"}}
2026-09-12 16:47:33,777 INFO request {"path": "/measure", "payload": {"arena_id": "default", "robot_id": "202601002029", "request_id": "4caf1752af0544eda86b1812cc2aaa98", "position": {"x": 600.0000000000001, "y": 1039.2304845413264}, "channel": 6}, "attempt": 1}
2026-09-12 16:47:33,778 INFO response {"request_id": "4caf1752af0544eda86b1812cc2aaa98", "http_status": 200, "body": {"accepted": true, "real_timestamp_ms": 1789202850502, "virtual_time_s": 707, "measure_result": "no_signal"}}
2026-09-12 16:47:33,778 INFO request {"path": "/measure", "payload": {"arena_id": "default", "robot_id": "202601002029", "request_id": "ccad8b97e9524016857673c5a2f4047c", "position": {"x": 600.0000000000001, "y": 1039.2304845413264}, "channel": 7}, "attempt": 1}
2026-09-12 16:47:33,779 INFO response {"request_id": "ccad8b97e9524016857673c5a2f4047c", "http_status": 200, "body": {"accepted": true, "real_timestamp_ms": 1789202850502, "virtual_time_s": 713, "measure_result": "no_signal"}}
2026-09-12 16:47:33,779 INFO request {"path": "/measure", "payload": {"arena_id": "default", "robot_id": "202601002029", "request_id": "baed6a3bf5584f7db9ad3f9a2ce84f7f", "position": {"x": 600.0000000000001, "y": 1039.2304845413264}, "channel": 12}, "attempt": 1}
2026-09-12 16:47:33,796 INFO response {"request_id": "baed6a3bf5584f7db9ad3f9a2ce84f7f", "http_status": 200, "body": {"accepted": true, "real_timestamp_ms": 1789202850520, "virtual_time_s": 719, "measure_result": "no_signal"}}
2026-09-12 16:47:33,797 INFO request {"path": "/measure", "payload": {"arena_id": "default", "robot_id": "202601002029", "request_id": "7da980ab35eb4222b5f89ec168d341b6", "position": {"x": 600.0000000000001, "y": 1039.2304845413264}, "channel": 15}, "attempt": 1}
2026-09-12 16:47:33,797 INFO response {"request_id": "7da980ab35eb4222b5f89ec168d341b6", "http_status": 200, "body": {"accepted": true, "real_timestamp_ms": 1789202850521, "virtual_time_s": 725, "measure_result": "no_signal"}}
2026-09-12 16:47:33,797 INFO request {"path": "/measure", "payload": {"arena_id": "default", "robot_id": "202601002029", "request_id": "b7dd2838450a40c1baa4d49e73d74237", "position": {"x": 600.0000000000001, "y": 1039.2304845413264}, "channel": 16}, "attempt": 1}
2026-09-12 16:47:33,798 INFO response {"request_id": "b7dd2838450a40c1baa4d49e73d74237", "http_status": 200, "body": {"accepted": true, "real_timestamp_ms": 1789202850522, "virtual_time_s": 731, "measure_result": "no_signal"}}
2026-09-12 16:47:33,850 INFO request {"path": "/measure", "payload": {"arena_id": "default", "robot_id": "202601002029", "request_id": "62fb95a2987e4f33b52791b180af4314", "position": {"x": 600.0000000000001, "y": 1039.2304845413264}, "channel": 14}, "attempt": 1}
2026-09-12 16:47:33,867 INFO response {"request_id": "62fb95a2987e4f33b52791b180af4314", "http_status": 200, "body": {"accepted": true, "real_timestamp_ms": 1789202850590, "virtual_time_s": 737, "measure_result": "direction", "svd_deg": 265.31}}
2026-09-12 16:47:33,906 INFO request {"path": "/measure", "payload": {"arena_id": "default", "robot_id": "202601002029", "request_id": "e6be7590b03149a6b9e4eaa363a528e0", "position": {"x": 600.0000000000001, "y": 1039.2304845413264}, "channel": 10}, "attempt": 1}
2026-09-12 16:47:33,908 INFO response {"request_id": "e6be7590b03149a6b9e4eaa363a528e0", "http_status": 200, "body": {"accepted": true, "real_timestamp_ms": 1789202850631, "virtual_time_s": 743, "measure_result": "direction", "svd_deg": 236.45}}
2026-09-12 16:47:33,910 INFO request {"path": "/measure", "payload": {"arena_id": "default", "robot_id": "202601002029", "request_id": "a76d51f890dc459aafb5430130ee8da8", "position": {"x": -599.9999999999998, "y": 1039.2304845413264}, "channel": 1}, "attempt": 1}
2026-09-12 16:47:33,911 INFO response {"request_id": "a76d51f890dc459aafb5430130ee8da8", "http_status": 200, "body": {"accepted": true, "real_timestamp_ms": 1789202850635, "virtual_time_s": 989, "measure_result": "no_signal"}}
2026-09-12 16:47:33,912 INFO request {"path": "/measure", "payload": {"arena_id": "default", "robot_id": "202601002029", "request_id": "354cd970d91548efb27ffa82d04d4aea", "position": {"x": -599.9999999999998, "y": 1039.2304845413264}, "channel": 3}, "attempt": 1}
2026-09-12 16:47:33,912 INFO response {"request_id": "354cd970d91548efb27ffa82d04d4aea", "http_status": 200, "body": {"accepted": true, "real_timestamp_ms": 1789202850636, "virtual_time_s": 995, "measure_result": "direction", "svd_deg": 180.84}}
2026-09-12 16:47:33,914 INFO request {"path": "/measure", "payload": {"arena_id": "default", "robot_id": "202601002029", "request_id": "36f888b433c94780b9e0db232c93ab53", "position": {"x": -599.9999999999998, "y": 1039.2304845413264}, "channel": 4}, "attempt": 1}
2026-09-12 16:47:33,915 INFO response {"request_id": "36f888b433c94780b9e0db232c93ab53", "http_status": 200, "body": {"accepted": true, "real_timestamp_ms": 1789202850639, "virtual_time_s": 1001, "measure_result": "no_signal"}}
2026-09-12 16:47:33,916 INFO request {"path": "/measure", "payload": {"arena_id": "default", "robot_id": "202601002029", "request_id": "b8b0e7a34f7f4a7d8eb71190044d9a45", "position": {"x": -599.9999999999998, "y": 1039.2304845413264}, "channel": 5}, "attempt": 1}
2026-09-12 16:47:33,936 INFO response {"request_id": "b8b0e7a34f7f4a7d8eb71190044d9a45", "http_status": 200, "body": {"accepted": true, "real_timestamp_ms": 1789202850659, "virtual_time_s": 1007, "measure_result": "no_signal"}}
2026-09-12 16:47:33,936 INFO request {"path": "/measure", "payload": {"arena_id": "default", "robot_id": "202601002029", "request_id": "7ad54a4f2e314633b5941b4d369422b4", "position": {"x": -599.9999999999998, "y": 1039.2304845413264}, "channel": 6}, "attempt": 1}
2026-09-12 16:47:33,939 INFO response {"request_id": "7ad54a4f2e314633b5941b4d369422b4", "http_status": 200, "body": {"accepted": true, "real_timestamp_ms": 1789202850661, "virtual_time_s": 1013, "measure_result": "no_signal"}}
2026-09-12 16:47:33,939 INFO request {"path": "/measure", "payload": {"arena_id": "default", "robot_id": "202601002029", "request_id": "916587377eab46c19914eeb85e7af1e0", "position": {"x": -599.9999999999998, "y": 1039.2304845413264}, "channel": 7}, "attempt": 1}
2026-09-12 16:47:33,940 INFO response {"request_id": "916587377eab46c19914eeb85e7af1e0", "http_status": 200, "body": {"accepted": true, "real_timestamp_ms": 1789202850664, "virtual_time_s": 1019, "measure_result": "no_signal"}}
2026-09-12 16:47:33,941 INFO request {"path": "/measure", "payload": {"arena_id": "default", "robot_id": "202601002029", "request_id": "bbb3fd2a58f74975a96141ac537d8dc6", "position": {"x": -599.9999999999998, "y": 1039.2304845413264}, "channel": 12}, "attempt": 1}
2026-09-12 16:47:33,956 INFO response {"request_id": "bbb3fd2a58f74975a96141ac537d8dc6", "http_status": 200, "body": {"accepted": true, "real_timestamp_ms": 1789202850679, "virtual_time_s": 1025, "measure_result": "no_signal"}}
2026-09-12 16:47:33,956 INFO request {"path": "/measure", "payload": {"arena_id": "default", "robot_id": "202601002029", "request_id": "d680c1b72dfc4454945febc29b4f7268", "position": {"x": -599.9999999999998, "y": 1039.2304845413264}, "channel": 15}, "attempt": 1}
2026-09-12 16:47:33,958 INFO response {"request_id": "d680c1b72dfc4454945febc29b4f7268", "http_status": 200, "body": {"accepted": true, "real_timestamp_ms": 1789202850681, "virtual_time_s": 1031, "measure_result": "no_signal"}}
2026-09-12 16:47:33,958 INFO request {"path": "/measure", "payload": {"arena_id": "default", "robot_id": "202601002029", "request_id": "fb51cd15fbc14fadbb1f73446bb2f7ea", "position": {"x": -599.9999999999998, "y": 1039.2304845413264}, "channel": 16}, "attempt": 1}
2026-09-12 16:47:33,959 INFO response {"request_id": "fb51cd15fbc14fadbb1f73446bb2f7ea", "http_status": 200, "body": {"accepted": true, "real_timestamp_ms": 1789202850683, "virtual_time_s": 1037, "measure_result": "no_signal"}}
2026-09-12 16:47:33,982 INFO request {"path": "/measure", "payload": {"arena_id": "default", "robot_id": "202601002029", "request_id": "ad368c11b3734ffaa0679030358beb6f", "position": {"x": -599.9999999999998, "y": 1039.2304845413264}, "channel": 10}, "attempt": 1}
2026-09-12 16:47:33,994 INFO response {"request_id": "ad368c11b3734ffaa0679030358beb6f", "http_status": 200, "body": {"accepted": true, "real_timestamp_ms": 1789202850717, "virtual_time_s": 1043, "measure_result": "direction", "svd_deg": 322.04}}
2026-09-12 16:47:34,006 INFO request {"path": "/measure", "payload": {"arena_id": "default", "robot_id": "202601002029", "request_id": "918af5401f74404ea19e8047fc4445be", "position": {"x": -599.9999999999998, "y": 1039.2304845413264}, "channel": 2}, "attempt": 1}
2026-09-12 16:47:34,024 INFO response {"request_id": "918af5401f74404ea19e8047fc4445be", "http_status": 200, "body": {"accepted": true, "real_timestamp_ms": 1789202850747, "virtual_time_s": 1049, "measure_result": "direction", "svd_deg": 270.18}}
2026-09-12 16:47:34,026 INFO request {"path": "/measure", "payload": {"arena_id": "default", "robot_id": "202601002029", "request_id": "b006679f91b94c18b9940a9b9a1ae91b", "position": {"x": -1200.0, "y": 1.4695761589768238e-13}, "channel": 1}, "attempt": 1}
2026-09-12 16:47:34,043 INFO response {"request_id": "b006679f91b94c18b9940a9b9a1ae91b", "http_status": 200, "body": {"accepted": true, "real_timestamp_ms": 1789202850767, "virtual_time_s": 1295, "measure_result": "direction", "svd_deg": 297.83}}
2026-09-12 16:47:34,048 INFO request {"path": "/measure", "payload": {"arena_id": "default", "robot_id": "202601002029", "request_id": "420028b3cd954aa2bd5fb3c636aa5376", "position": {"x": -1200.0, "y": 1.4695761589768238e-13}, "channel": 4}, "attempt": 1}
2026-09-12 16:47:34,062 INFO response {"request_id": "420028b3cd954aa2bd5fb3c636aa5376", "http_status": 200, "body": {"accepted": true, "real_timestamp_ms": 1789202850786, "virtual_time_s": 1301, "measure_result": "no_signal"}}
2026-09-12 16:47:34,062 INFO request {"path": "/measure", "payload": {"arena_id": "default", "robot_id": "202601002029", "request_id": "1f9c917a320d4d28995542af39011b49", "position": {"x": -1200.0, "y": 1.4695761589768238e-13}, "channel": 5}, "attempt": 1}
2026-09-12 16:47:34,083 INFO response {"request_id": "1f9c917a320d4d28995542af39011b49", "http_status": 200, "body": {"accepted": true, "real_timestamp_ms": 1789202850806, "virtual_time_s": 1307, "measure_result": "no_signal"}}
2026-09-12 16:47:34,083 INFO request {"path": "/measure", "payload": {"arena_id": "default", "robot_id": "202601002029", "request_id": "5634a533b00a46c3a4f30d48ea567d78", "position": {"x": -1200.0, "y": 1.4695761589768238e-13}, "channel": 6}, "attempt": 1}
2026-09-12 16:47:34,101 INFO response {"request_id": "5634a533b00a46c3a4f30d48ea567d78", "http_status": 200, "body": {"accepted": true, "real_timestamp_ms": 1789202850825, "virtual_time_s": 1313, "measure_result": "no_signal"}}
2026-09-12 16:47:34,101 INFO request {"path": "/measure", "payload": {"arena_id": "default", "robot_id": "202601002029", "request_id": "b5785ef6701047ac9ed47a6f2b439844", "position": {"x": -1200.0, "y": 1.4695761589768238e-13}, "channel": 7}, "attempt": 1}
2026-09-12 16:47:34,103 INFO response {"request_id": "b5785ef6701047ac9ed47a6f2b439844", "http_status": 200, "body": {"accepted": true, "real_timestamp_ms": 1789202850827, "virtual_time_s": 1319, "measure_result": "no_signal"}}
2026-09-12 16:47:34,103 INFO request {"path": "/measure", "payload": {"arena_id": "default", "robot_id": "202601002029", "request_id": "ac4671cd46df4d438f61387ee0dcf09d", "position": {"x": -1200.0, "y": 1.4695761589768238e-13}, "channel": 12}, "attempt": 1}
2026-09-12 16:47:34,106 INFO response {"request_id": "ac4671cd46df4d438f61387ee0dcf09d", "http_status": 200, "body": {"accepted": true, "real_timestamp_ms": 1789202850829, "virtual_time_s": 1325, "measure_result": "no_signal"}}
2026-09-12 16:47:34,106 INFO request {"path": "/measure", "payload": {"arena_id": "default", "robot_id": "202601002029", "request_id": "bd9bdd6b64a147d681faa11e0f0628c1", "position": {"x": -1200.0, "y": 1.4695761589768238e-13}, "channel": 15}, "attempt": 1}
2026-09-12 16:47:34,122 INFO response {"request_id": "bd9bdd6b64a147d681faa11e0f0628c1", "http_status": 200, "body": {"accepted": true, "real_timestamp_ms": 1789202850846, "virtual_time_s": 1331, "measure_result": "no_signal"}}
2026-09-12 16:47:34,123 INFO request {"path": "/measure", "payload": {"arena_id": "default", "robot_id": "202601002029", "request_id": "8e606651d31a4eb79fb29b1c7b47c0fa", "position": {"x": -1200.0, "y": 1.4695761589768238e-13}, "channel": 16}, "attempt": 1}
2026-09-12 16:47:34,126 INFO response {"request_id": "8e606651d31a4eb79fb29b1c7b47c0fa", "http_status": 200, "body": {"accepted": true, "real_timestamp_ms": 1789202850848, "virtual_time_s": 1337, "measure_result": "no_signal"}}
2026-09-12 16:47:34,164 INFO request {"path": "/measure", "payload": {"arena_id": "default", "robot_id": "202601002029", "request_id": "1ee356b05ccc4a529bed55aa8af3cf1b", "position": {"x": -1200.0, "y": 1.4695761589768238e-13}, "channel": 2}, "attempt": 1}
2026-09-12 16:47:34,181 INFO response {"request_id": "1ee356b05ccc4a529bed55aa8af3cf1b", "http_status": 200, "body": {"accepted": true, "real_timestamp_ms": 1789202850904, "virtual_time_s": 1343, "measure_result": "direction", "svd_deg": 356.49}}
2026-09-12 16:47:34,200 INFO request {"path": "/measure", "payload": {"arena_id": "default", "robot_id": "202601002029", "request_id": "52dcba012fa04d9191452633d3f90663", "position": {"x": -1200.0, "y": 1.4695761589768238e-13}, "channel": 13}, "attempt": 1}
2026-09-12 16:47:34,220 INFO response {"request_id": "52dcba012fa04d9191452633d3f90663", "http_status": 200, "body": {"accepted": true, "real_timestamp_ms": 1789202850943, "virtual_time_s": 1349, "measure_result": "direction", "svd_deg": 320.79}}
2026-09-12 16:47:34,225 INFO request {"path": "/measure", "payload": {"arena_id": "default", "robot_id": "202601002029", "request_id": "575ed606ad3547bbaa644d2d16660237", "position": {"x": -600.0000000000006, "y": -1039.2304845413262}, "channel": 4}, "attempt": 1}
2026-09-12 16:47:34,240 INFO response {"request_id": "575ed606ad3547bbaa644d2d16660237", "http_status": 200, "body": {"accepted": true, "real_timestamp_ms": 1789202850963, "virtual_time_s": 1595, "measure_result": "no_signal"}}
2026-09-12 16:47:34,240 INFO request {"path": "/measure", "payload": {"arena_id": "default", "robot_id": "202601002029", "request_id": "dc4014fbdfe4460ca6b069cf29699fb6", "position": {"x": -600.0000000000006, "y": -1039.2304845413262}, "channel": 5}, "attempt": 1}
2026-09-12 16:47:34,260 INFO response {"request_id": "dc4014fbdfe4460ca6b069cf29699fb6", "http_status": 200, "body": {"accepted": true, "real_timestamp_ms": 1789202850983, "virtual_time_s": 1601, "measure_result": "no_signal"}}
2026-09-12 16:47:34,260 INFO request {"path": "/measure", "payload": {"arena_id": "default", "robot_id": "202601002029", "request_id": "b940301216b74368917c7b552833d5d4", "position": {"x": -600.0000000000006, "y": -1039.2304845413262}, "channel": 6}, "attempt": 1}
2026-09-12 16:47:34,262 INFO response {"request_id": "b940301216b74368917c7b552833d5d4", "http_status": 200, "body": {"accepted": true, "real_timestamp_ms": 1789202850985, "virtual_time_s": 1607, "measure_result": "no_signal"}}
2026-09-12 16:47:34,262 INFO request {"path": "/measure", "payload": {"arena_id": "default", "robot_id": "202601002029", "request_id": "e92df08cd9474d1c8bbcef739c71fc3d", "position": {"x": -600.0000000000006, "y": -1039.2304845413262}, "channel": 7}, "attempt": 1}
2026-09-12 16:47:34,264 INFO response {"request_id": "e92df08cd9474d1c8bbcef739c71fc3d", "http_status": 200, "body": {"accepted": true, "real_timestamp_ms": 1789202850987, "virtual_time_s": 1613, "measure_result": "no_signal"}}
2026-09-12 16:47:34,264 INFO request {"path": "/measure", "payload": {"arena_id": "default", "robot_id": "202601002029", "request_id": "b8d82df00c384f54ab57f1ed98e7e04d", "position": {"x": -600.0000000000006, "y": -1039.2304845413262}, "channel": 12}, "attempt": 1}
2026-09-12 16:47:34,266 INFO response {"request_id": "b8d82df00c384f54ab57f1ed98e7e04d", "http_status": 200, "body": {"accepted": true, "real_timestamp_ms": 1789202850989, "virtual_time_s": 1619, "measure_result": "no_signal"}}
2026-09-12 16:47:34,266 INFO request {"path": "/measure", "payload": {"arena_id": "default", "robot_id": "202601002029", "request_id": "fe13be26d40c4ffaa5c62843c4e7e9e7", "position": {"x": -600.0000000000006, "y": -1039.2304845413262}, "channel": 15}, "attempt": 1}
2026-09-12 16:47:34,267 INFO response {"request_id": "fe13be26d40c4ffaa5c62843c4e7e9e7", "http_status": 200, "body": {"accepted": true, "real_timestamp_ms": 1789202850991, "virtual_time_s": 1625, "measure_result": "no_signal"}}
2026-09-12 16:47:34,268 INFO request {"path": "/measure", "payload": {"arena_id": "default", "robot_id": "202601002029", "request_id": "719ee70d074040c0a1d9ed91a7eaf2e7", "position": {"x": -600.0000000000006, "y": -1039.2304845413262}, "channel": 16}, "attempt": 1}
2026-09-12 16:47:34,279 INFO response {"request_id": "719ee70d074040c0a1d9ed91a7eaf2e7", "http_status": 200, "body": {"accepted": true, "real_timestamp_ms": 1789202851002, "virtual_time_s": 1631, "measure_result": "no_signal"}}
2026-09-12 16:47:34,344 INFO request {"path": "/measure", "payload": {"arena_id": "default", "robot_id": "202601002029", "request_id": "8dbd09ddb187446dad7d39be3864e236", "position": {"x": -600.0000000000006, "y": -1039.2304845413262}, "channel": 13}, "attempt": 1}
2026-09-12 16:47:34,357 INFO response {"request_id": "8dbd09ddb187446dad7d39be3864e236", "http_status": 200, "body": {"accepted": true, "real_timestamp_ms": 1789202851080, "virtual_time_s": 1637, "measure_result": "direction", "svd_deg": 86.27}}
2026-09-12 16:47:34,388 INFO request {"path": "/measure", "payload": {"arena_id": "default", "robot_id": "202601002029", "request_id": "0502abe6529f413197416f6ac460b228", "position": {"x": -600.0000000000006, "y": -1039.2304845413262}, "channel": 2}, "attempt": 1}
2026-09-12 16:47:34,407 INFO response {"request_id": "0502abe6529f413197416f6ac460b228", "http_status": 200, "body": {"accepted": true, "real_timestamp_ms": 1789202851131, "virtual_time_s": 1643, "measure_result": "direction", "svd_deg": 90.59}}
2026-09-12 16:47:34,419 INFO request {"path": "/measure", "payload": {"arena_id": "default", "robot_id": "202601002029", "request_id": "10bffd0a0d034cb6a2590190b28ae028", "position": {"x": 600.0000000000001, "y": -1039.2304845413264}, "channel": 4}, "attempt": 1}
2026-09-12 16:47:34,420 INFO response {"request_id": "10bffd0a0d034cb6a2590190b28ae028", "http_status": 200, "body": {"accepted": true, "real_timestamp_ms": 1789202851143, "virtual_time_s": 1889, "measure_result": "no_signal"}}
2026-09-12 16:47:34,420 INFO request {"path": "/measure", "payload": {"arena_id": "default", "robot_id": "202601002029", "request_id": "ab38aa943d9f40788ab4b7ce3456069a", "position": {"x": 600.0000000000001, "y": -1039.2304845413264}, "channel": 5}, "attempt": 1}
2026-09-12 16:47:34,422 INFO response {"request_id": "ab38aa943d9f40788ab4b7ce3456069a", "http_status": 200, "body": {"accepted": true, "real_timestamp_ms": 1789202851145, "virtual_time_s": 1895, "measure_result": "no_signal"}}
2026-09-12 16:47:34,422 INFO request {"path": "/measure", "payload": {"arena_id": "default", "robot_id": "202601002029", "request_id": "7c38881956084246b41b167545b46e17", "position": {"x": 600.0000000000001, "y": -1039.2304845413264}, "channel": 6}, "attempt": 1}
2026-09-12 16:47:34,423 INFO response {"request_id": "7c38881956084246b41b167545b46e17", "http_status": 200, "body": {"accepted": true, "real_timestamp_ms": 1789202851147, "virtual_time_s": 1901, "measure_result": "no_signal"}}
2026-09-12 16:47:34,423 INFO request {"path": "/measure", "payload": {"arena_id": "default", "robot_id": "202601002029", "request_id": "7f7d67565d7f4094866ac2448a61c137", "position": {"x": 600.0000000000001, "y": -1039.2304845413264}, "channel": 7}, "attempt": 1}
2026-09-12 16:47:34,425 INFO response {"request_id": "7f7d67565d7f4094866ac2448a61c137", "http_status": 200, "body": {"accepted": true, "real_timestamp_ms": 1789202851148, "virtual_time_s": 1907, "measure_result": "no_signal"}}
2026-09-12 16:47:34,425 INFO request {"path": "/measure", "payload": {"arena_id": "default", "robot_id": "202601002029", "request_id": "43875b0162ee4a60b0dc6c6608073935", "position": {"x": 600.0000000000001, "y": -1039.2304845413264}, "channel": 12}, "attempt": 1}
2026-09-12 16:47:34,439 INFO response {"request_id": "43875b0162ee4a60b0dc6c6608073935", "http_status": 200, "body": {"accepted": true, "real_timestamp_ms": 1789202851162, "virtual_time_s": 1913, "measure_result": "no_signal"}}
2026-09-12 16:47:34,439 INFO request {"path": "/measure", "payload": {"arena_id": "default", "robot_id": "202601002029", "request_id": "bc3408d6418b4cdeb8a9c08bfd2c8ee2", "position": {"x": 600.0000000000001, "y": -1039.2304845413264}, "channel": 15}, "attempt": 1}
2026-09-12 16:47:34,441 INFO response {"request_id": "bc3408d6418b4cdeb8a9c08bfd2c8ee2", "http_status": 200, "body": {"accepted": true, "real_timestamp_ms": 1789202851164, "virtual_time_s": 1919, "measure_result": "no_signal"}}
2026-09-12 16:47:34,441 INFO request {"path": "/measure", "payload": {"arena_id": "default", "robot_id": "202601002029", "request_id": "75717987b8054a3797950782c6b00830", "position": {"x": 600.0000000000001, "y": -1039.2304845413264}, "channel": 16}, "attempt": 1}
2026-09-12 16:47:34,455 INFO response {"request_id": "75717987b8054a3797950782c6b00830", "http_status": 200, "body": {"accepted": true, "real_timestamp_ms": 1789202851179, "virtual_time_s": 1925, "measure_result": "no_signal"}}
2026-09-12 16:47:34,463 INFO request {"path": "/measure", "payload": {"arena_id": "default", "robot_id": "202601002029", "request_id": "f16a36b6aeaa41b2a8881012f7ccd7cb", "position": {"x": 600.0000000000001, "y": -1039.2304845413264}, "channel": 11}, "attempt": 1}
2026-09-12 16:47:34,465 INFO response {"request_id": "f16a36b6aeaa41b2a8881012f7ccd7cb", "http_status": 200, "body": {"accepted": true, "real_timestamp_ms": 1789202851189, "virtual_time_s": 1931, "measure_result": "direction", "svd_deg": 146.83}}
2026-09-12 16:47:41,357 INFO request {"path": "/measure", "payload": {"arena_id": "default", "robot_id": "202601002029", "request_id": "8c1cd860c17b46e5b17afdab5c73956a", "position": {"x": 267.37315212233074, "y": -732.8338314275406}, "channel": 11}, "attempt": 1}
2026-09-12 16:47:41,370 INFO response {"request_id": "8c1cd860c17b46e5b17afdab5c73956a", "http_status": 200, "body": {"accepted": true, "real_timestamp_ms": 1789202858094, "virtual_time_s": 2026.447671, "measure_result": "direction", "svd_deg": 155.27}}
2026-09-12 16:47:41,376 INFO request {"path": "/measure", "payload": {"arena_id": "default", "robot_id": "202601002029", "request_id": "380f75fe6d314aeda0c5e094bd178aeb", "position": {"x": -225.9494104000691, "y": -1008.2182895030965}, "channel": 18}, "attempt": 1}
2026-09-12 16:47:41,377 INFO response {"request_id": "380f75fe6d314aeda0c5e094bd178aeb", "http_status": 200, "body": {"accepted": true, "real_timestamp_ms": 1789202858100, "virtual_time_s": 2145.44391, "measure_result": "direction", "svd_deg": 352.41}}
2026-09-12 16:47:42,049 INFO request {"path": "/measure", "payload": {"arena_id": "default", "robot_id": "202601002029", "request_id": "7fb5cbd8f16b46f2a36805a283d492cb", "position": {"x": 223.38551266074927, "y": -1430.153061638174}, "channel": 18}, "attempt": 1}
2026-09-12 16:47:42,061 INFO response {"request_id": "7fb5cbd8f16b46f2a36805a283d492cb", "http_status": 200, "body": {"accepted": true, "real_timestamp_ms": 1789202858785, "virtual_time_s": 2273.720968, "measure_result": "direction", "svd_deg": 58.81}}
2026-09-12 16:47:42,068 INFO request {"path": "/clear", "payload": {"arena_id": "default", "robot_id": "202601002029", "request_id": "c4dae5b48b9b41c5a728d75a8ea748b4", "position": {"x": 431.5566697849481, "y": -1095.1812863882417}, "channel": 18}, "attempt": 1}
2026-09-12 16:47:42,069 INFO response {"request_id": "c4dae5b48b9b41c5a728d75a8ea748b4", "http_status": 200, "body": {"accepted": true, "real_timestamp_ms": 1789202858792, "virtual_time_s": 2357.598423, "clear_result": "success"}}
2026-09-12 16:47:42,071 INFO request {"path": "/clear", "payload": {"arena_id": "default", "robot_id": "202601002029", "request_id": "cc2480fb2787437db8182f7f8bc1ed32", "position": {"x": -100.8328486259318, "y": -566.1904707751239}, "channel": 11}, "attempt": 1}
2026-09-12 16:47:42,091 INFO response {"request_id": "cc2480fb2787437db8182f7f8bc1ed32", "http_status": 200, "body": {"accepted": true, "real_timestamp_ms": 1789202858815, "virtual_time_s": 2512.701039, "clear_result": "success"}}
2026-09-12 16:47:42,139 INFO request {"path": "/measure", "payload": {"arena_id": "default", "robot_id": "202601002029", "request_id": "d172424cf9604f6887172ef0c4b63ff9", "position": {"x": -100.8328486259318, "y": -566.1904707751239}, "channel": 1}, "attempt": 1}
2026-09-12 16:47:42,162 INFO response {"request_id": "d172424cf9604f6887172ef0c4b63ff9", "http_status": 200, "body": {"accepted": true, "real_timestamp_ms": 1789202858885, "virtual_time_s": 2518.701039, "measure_result": "direction", "svd_deg": 202.17}}
2026-09-12 16:47:43,272 INFO request {"path": "/measure", "payload": {"arena_id": "default", "robot_id": "202601002029", "request_id": "6222043affd744928830ded057245095", "position": {"x": 1275.8018713895522, "y": -412.2642884362717}, "channel": 8}, "attempt": 1}
2026-09-12 16:47:43,274 INFO response {"request_id": "6222043affd744928830ded057245095", "http_status": 200, "body": {"accepted": true, "real_timestamp_ms": 1789202859997, "virtual_time_s": 2801.743738, "measure_result": "direction", "svd_deg": 125.44}}
2026-09-12 16:47:43,284 INFO request {"path": "/measure", "payload": {"arena_id": "default", "robot_id": "202601002029", "request_id": "40b83949aca946e0a172fd68f21334be", "position": {"x": 1275.8018713895522, "y": -412.2642884362717}, "channel": 20}, "attempt": 1}
2026-09-12 16:47:43,285 INFO response {"request_id": "40b83949aca946e0a172fd68f21334be", "http_status": 200, "body": {"accepted": true, "real_timestamp_ms": 1789202860009, "virtual_time_s": 2807.743738, "measure_result": "direction", "svd_deg": 139.7}}
2026-09-12 16:47:44,683 INFO request {"path": "/measure", "payload": {"arena_id": "default", "robot_id": "202601002029", "request_id": "d9cecdbf998f40d7a95f55796fdd98e3", "position": {"x": 1789.0560924172385, "y": -114.07418632685415}, "channel": 17}, "attempt": 1}
2026-09-12 16:47:44,684 INFO response {"request_id": "d9cecdbf998f40d7a95f55796fdd98e3", "http_status": 200, "body": {"accepted": true, "real_timestamp_ms": 1789202861408, "virtual_time_s": 2932.461425, "measure_result": "direction", "svd_deg": 100.88}}
2026-09-12 16:47:44,696 INFO request {"path": "/measure", "payload": {"arena_id": "default", "robot_id": "202601002029", "request_id": "17e2b0c36f534f6a869580042639a802", "position": {"x": 1789.0560924172385, "y": -114.07418632685415}, "channel": 19}, "attempt": 1}
2026-09-12 16:47:44,696 INFO response {"request_id": "17e2b0c36f534f6a869580042639a802", "http_status": 200, "body": {"accepted": true, "real_timestamp_ms": 1789202861420, "virtual_time_s": 2938.461425, "measure_result": "direction", "svd_deg": 140.27}}
2026-09-12 16:47:44,700 INFO request {"path": "/clear", "payload": {"arena_id": "default", "robot_id": "202601002029", "request_id": "39fd5cd3bf13448089e1c248750258a4", "position": {"x": 1732.0067267970257, "y": 183.7248938743232}, "channel": 17}, "attempt": 1}
2026-09-12 16:47:44,702 INFO response {"request_id": "39fd5cd3bf13448089e1c248750258a4", "http_status": 200, "body": {"accepted": true, "real_timestamp_ms": 1789202861425, "virtual_time_s": 3004.104288, "clear_result": "success"}}
2026-09-12 16:47:44,714 INFO request {"path": "/clear", "payload": {"arena_id": "default", "robot_id": "202601002029", "request_id": "fa7f08103249495c977256a19778632c", "position": {"x": 1391.3700314941038, "y": 216.35372767369012}, "channel": 19}, "attempt": 1}
2026-09-12 16:47:44,726 INFO response {"request_id": "fa7f08103249495c977256a19778632c", "http_status": 200, "body": {"accepted": true, "real_timestamp_ms": 1789202861450, "virtual_time_s": 3077.543458, "clear_result": "success"}}
2026-09-12 16:47:44,755 INFO request {"path": "/measure", "payload": {"arena_id": "default", "robot_id": "202601002029", "request_id": "2a7a582d47d7426abb01b12722f7e7c6", "position": {"x": 1391.3700314941038, "y": 216.35372767369012}, "channel": 8}, "attempt": 1}
2026-09-12 16:47:44,756 INFO response {"request_id": "2a7a582d47d7426abb01b12722f7e7c6", "http_status": 200, "body": {"accepted": true, "real_timestamp_ms": 1789202861480, "virtual_time_s": 3083.543458, "measure_result": "direction", "svd_deg": 187.65}}
2026-09-12 16:47:44,782 INFO request {"path": "/measure", "payload": {"arena_id": "default", "robot_id": "202601002029", "request_id": "c9d375d2441b4c7085d379766ce680c2", "position": {"x": 1391.3700314941038, "y": 216.35372767369012}, "channel": 9}, "attempt": 1}
2026-09-12 16:47:44,794 INFO response {"request_id": "c9d375d2441b4c7085d379766ce680c2", "http_status": 200, "body": {"accepted": true, "real_timestamp_ms": 1789202861518, "virtual_time_s": 3089.543458, "measure_result": "direction", "svd_deg": 148.25}}
2026-09-12 16:47:44,800 INFO request {"path": "/measure", "payload": {"arena_id": "default", "robot_id": "202601002029", "request_id": "d2074588e4b74174904cf98369e4d948", "position": {"x": 968.7964418983922, "y": 354.189292809166}, "channel": 20}, "attempt": 1}
2026-09-12 16:47:44,815 INFO response {"request_id": "d2074588e4b74174904cf98369e4d948", "http_status": 200, "body": {"accepted": true, "real_timestamp_ms": 1789202861537, "virtual_time_s": 3184.440495, "measure_result": "direction", "svd_deg": 213.39}}
2026-09-12 16:47:44,849 INFO request {"path": "/measure", "payload": {"arena_id": "default", "robot_id": "202601002029", "request_id": "6dd6b3238fae49afa1dc4e3b8311ad55", "position": {"x": 968.7964418983922, "y": 354.189292809166}, "channel": 10}, "attempt": 1}
2026-09-12 16:47:44,863 INFO response {"request_id": "6dd6b3238fae49afa1dc4e3b8311ad55", "http_status": 200, "body": {"accepted": true, "real_timestamp_ms": 1789202861586, "virtual_time_s": 3190.440495, "measure_result": "direction", "svd_deg": 175.76}}
2026-09-12 16:47:44,875 INFO request {"path": "/clear", "payload": {"arena_id": "default", "robot_id": "202601002029", "request_id": "6a2f27d3aed24490a3de59129915e9fe", "position": {"x": 880.020123359215, "y": 143.48695781495618}, "channel": 8}, "attempt": 1}
2026-09-12 16:47:44,876 INFO response {"request_id": "6a2f27d3aed24490a3de59129915e9fe", "http_status": 200, "body": {"accepted": true, "real_timestamp_ms": 1789202861600, "virtual_time_s": 3241.168696, "clear_result": "success"}}
2026-09-12 16:47:44,877 INFO request {"path": "/clear", "payload": {"arena_id": "default", "robot_id": "202601002029", "request_id": "0351212b84a64c7c86e6bbd8878d5d2d", "position": {"x": 632.592136389684, "y": 132.9511462648569}, "channel": 20}, "attempt": 1}
2026-09-12 16:47:44,879 INFO response {"request_id": "0351212b84a64c7c86e6bbd8878d5d2d", "http_status": 200, "body": {"accepted": true, "real_timestamp_ms": 1789202861603, "virtual_time_s": 3295.699136, "clear_result": "success"}}
2026-09-12 16:47:44,880 INFO request {"path": "/clear", "payload": {"arena_id": "default", "robot_id": "202601002029", "request_id": "fd3972b888a44c6eb5fa9fce73e73d72", "position": {"x": 551.2985111605715, "y": 478.8285720913783}, "channel": 14}, "attempt": 1}
2026-09-12 16:47:44,882 INFO response {"request_id": "fd3972b888a44c6eb5fa9fce73e73d72", "http_status": 200, "body": {"accepted": true, "real_timestamp_ms": 1789202861606, "virtual_time_s": 3371.759631, "clear_result": "success"}}
2026-09-12 16:47:44,883 INFO request {"path": "/clear", "payload": {"arena_id": "default", "robot_id": "202601002029", "request_id": "fbe648d3d16d4a37993cfa3b265cc12c", "position": {"x": 641.7713310156901, "y": 687.4799501205698}, "channel": 9}, "attempt": 1}
2026-09-12 16:47:44,902 INFO response {"request_id": "fbe648d3d16d4a37993cfa3b265cc12c", "http_status": 200, "body": {"accepted": true, "real_timestamp_ms": 1789202861625, "virtual_time_s": 3422.244015, "clear_result": "success"}}
2026-09-12 16:47:44,905 INFO request {"path": "/clear", "payload": {"arena_id": "default", "robot_id": "202601002029", "request_id": "5962ce2c06674771aacbd8676d3d4a9b", "position": {"x": 190.75089624759164, "y": 414.8106879364006}, "channel": 10}, "attempt": 1}
2026-09-12 16:47:44,907 INFO response {"request_id": "5962ce2c06674771aacbd8676d3d4a9b", "http_status": 200, "body": {"accepted": true, "real_timestamp_ms": 1789202861630, "virtual_time_s": 3532.651407, "clear_result": "success"}}
2026-09-12 16:47:44,909 INFO request {"path": "/measure", "payload": {"arena_id": "default", "robot_id": "202601002029", "request_id": "ff36ed3329894665a273bc2955e1a8b1", "position": {"x": -497.10350628895765, "y": -511.6967475098432}, "channel": 1}, "attempt": 1}
2026-09-12 16:47:44,911 INFO response {"request_id": "ff36ed3329894665a273bc2955e1a8b1", "http_status": 200, "body": {"accepted": true, "real_timestamp_ms": 1789202861634, "virtual_time_s": 3769.437863, "measure_result": "direction", "svd_deg": 230.22}}
2026-09-12 16:47:44,920 INFO request {"path": "/clear", "payload": {"arena_id": "default", "robot_id": "202601002029", "request_id": "5506dee99ea549469e3cbddaa4fe4d84", "position": {"x": -571.1646504907573, "y": -513.3042331190321}, "channel": 13}, "attempt": 1}
2026-09-12 16:47:44,921 INFO response {"request_id": "5506dee99ea549469e3cbddaa4fe4d84", "http_status": 200, "body": {"accepted": true, "real_timestamp_ms": 1789202861645, "virtual_time_s": 3789.25358, "clear_result": "success"}}
2026-09-12 16:47:44,923 INFO request {"path": "/clear", "payload": {"arena_id": "default", "robot_id": "202601002029", "request_id": "78aa0932d2324027abb21edda63ff492", "position": {"x": -759.7988415541948, "y": -834.2362721506663}, "channel": 1}, "attempt": 1}
2026-09-12 16:47:44,924 INFO response {"request_id": "78aa0932d2324027abb21edda63ff492", "http_status": 200, "body": {"accepted": true, "real_timestamp_ms": 1789202861648, "virtual_time_s": 3868.706312, "clear_result": "success"}}
2026-09-12 16:47:44,925 INFO request {"path": "/clear", "payload": {"arena_id": "default", "robot_id": "202601002029", "request_id": "6ff1e53df45748c79a1313f2562f0daa", "position": {"x": -603.6155789438079, "y": -38.56902040418075}, "channel": 2}, "attempt": 1}
2026-09-12 16:47:44,926 INFO response {"request_id": "6ff1e53df45748c79a1313f2562f0daa", "http_status": 200, "body": {"accepted": true, "real_timestamp_ms": 1789202861650, "virtual_time_s": 4035.876542, "clear_result": "success"}}
2026-09-12 16:47:44,927 INFO request {"path": "/measure", "payload": {"arena_id": "default", "robot_id": "202601002029", "request_id": "dde9e496eb9e47b8acafac1719f769b1", "position": {"x": -1334.436849951827, "y": 625.9292810819588}, "channel": 3}, "attempt": 1}
2026-09-12 16:47:44,940 INFO response {"request_id": "dde9e496eb9e47b8acafac1719f769b1", "http_status": 200, "body": {"accepted": true, "real_timestamp_ms": 1789202861664, "virtual_time_s": 4239.427318, "measure_result": "direction", "svd_deg": 83.33}}
2026-09-12 16:47:44,945 INFO request {"path": "/clear", "payload": {"arena_id": "default", "robot_id": "202601002029", "request_id": "a396b24926e04533b20048c42670e8d0", "position": {"x": -1287.0713288775569, "y": 1029.0044312396656}, "channel": 3}, "attempt": 1}
2026-09-12 16:47:44,948 INFO response {"request_id": "a396b24926e04533b20048c42670e8d0", "http_status": 200, "body": {"accepted": true, "real_timestamp_ms": 1789202861671, "virtual_time_s": 4325.597034, "clear_result": "success"}}
2026-09-12 16:47:44,948 INFO request {"path": "/exit", "payload": {"arena_id": "default", "robot_id": "202601002029", "request_id": "658090d9ec37470d80541b8c4d19a86b"}, "attempt": 1}
2026-09-12 16:47:44,960 INFO response {"request_id": "658090d9ec37470d80541b8c4d19a86b", "http_status": 200, "body": {"accepted": true, "real_timestamp_ms": 1789202861684, "virtual_time_s": 4325.597034, "exit_reason": "user_exit"}}
