2026-09-12 15:32:46,018 INFO request {"path": "/enter", "payload": {"arena_id": "default", "robot_id": "202601002029", "request_id": "597c2a1bc96542fbb10a93ccdcf9ca65"}, "attempt": 1}
2026-09-12 15:32:46,022 INFO response {"request_id": "597c2a1bc96542fbb10a93ccdcf9ca65", "http_status": 200, "body": {"accepted": true, "real_timestamp_ms": 1789198362687, "virtual_time_s": 0, "max_virtual_duration_s": 360000, "max_real_duration_s": 1200, "remaining_real_duration_s": 1200}}
2026-09-12 15:32:46,023 INFO request {"path": "/measure", "payload": {"arena_id": "default", "robot_id": "202601002029", "request_id": "6733eb287b5d4b78b49d7ad3dc4c6d5a", "position": {"x": 0.0, "y": 0.0}, "channel": 1}, "attempt": 1}
2026-09-12 15:32:46,040 INFO response {"request_id": "6733eb287b5d4b78b49d7ad3dc4c6d5a", "http_status": 200, "body": {"accepted": true, "real_timestamp_ms": 1789198362704, "virtual_time_s": 5, "measure_result": "no_signal"}}
2026-09-12 15:32:46,041 INFO request {"path": "/measure", "payload": {"arena_id": "default", "robot_id": "202601002029", "request_id": "588855b720cc4c108259e7179069e73a", "position": {"x": 0.0, "y": 0.0}, "channel": 2}, "attempt": 1}
2026-09-12 15:32:46,044 INFO response {"request_id": "588855b720cc4c108259e7179069e73a", "http_status": 200, "body": {"accepted": true, "real_timestamp_ms": 1789198362709, "virtual_time_s": 11, "measure_result": "no_signal"}}
2026-09-12 15:32:46,044 INFO request {"path": "/measure", "payload": {"arena_id": "default", "robot_id": "202601002029", "request_id": "6e554e61e3ea4c47ba52c8b2bb596e93", "position": {"x": 0.0, "y": 0.0}, "channel": 3}, "attempt": 1}
2026-09-12 15:32:46,045 INFO response {"request_id": "6e554e61e3ea4c47ba52c8b2bb596e93", "http_status": 200, "body": {"accepted": true, "real_timestamp_ms": 1789198362709, "virtual_time_s": 17, "measure_result": "no_signal"}}
2026-09-12 15:32:46,045 INFO request {"path": "/measure", "payload": {"arena_id": "default", "robot_id": "202601002029", "request_id": "81fa0bf1c1f54baeaa55b0e9881dc3b6", "position": {"x": 0.0, "y": 0.0}, "channel": 4}, "attempt": 1}
2026-09-12 15:32:46,045 INFO response {"request_id": "81fa0bf1c1f54baeaa55b0e9881dc3b6", "http_status": 200, "body": {"accepted": true, "real_timestamp_ms": 1789198362710, "virtual_time_s": 23, "measure_result": "no_signal"}}
2026-09-12 15:32:46,045 INFO request {"path": "/measure", "payload": {"arena_id": "default", "robot_id": "202601002029", "request_id": "b2d7a204b6bd46d2972b7a88294938ef", "position": {"x": 0.0, "y": 0.0}, "channel": 5}, "attempt": 1}
2026-09-12 15:32:46,046 INFO response {"request_id": "b2d7a204b6bd46d2972b7a88294938ef", "http_status": 200, "body": {"accepted": true, "real_timestamp_ms": 1789198362711, "virtual_time_s": 29, "measure_result": "direction", "svd_deg": 310.79}}
2026-09-12 15:32:46,050 INFO request {"path": "/measure", "payload": {"arena_id": "default", "robot_id": "202601002029", "request_id": "f8793b6e8b304272970a003fccf41ee5", "position": {"x": 0.0, "y": 0.0}, "channel": 6}, "attempt": 1}
2026-09-12 15:32:46,051 INFO response {"request_id": "f8793b6e8b304272970a003fccf41ee5", "http_status": 200, "body": {"accepted": true, "real_timestamp_ms": 1789198362716, "virtual_time_s": 35, "measure_result": "no_signal"}}
2026-09-12 15:32:46,051 INFO request {"path": "/measure", "payload": {"arena_id": "default", "robot_id": "202601002029", "request_id": "5a60d70e711e492f98a1fd60c0c0e885", "position": {"x": 0.0, "y": 0.0}, "channel": 7}, "attempt": 1}
2026-09-12 15:32:46,052 INFO response {"request_id": "5a60d70e711e492f98a1fd60c0c0e885", "http_status": 200, "body": {"accepted": true, "real_timestamp_ms": 1789198362717, "virtual_time_s": 41, "measure_result": "no_signal"}}
2026-09-12 15:32:46,052 INFO request {"path": "/measure", "payload": {"arena_id": "default", "robot_id": "202601002029", "request_id": "c1f1d2c2cbf94da4b974018af6231e2e", "position": {"x": 0.0, "y": 0.0}, "channel": 8}, "attempt": 1}
2026-09-12 15:32:46,053 INFO response {"request_id": "c1f1d2c2cbf94da4b974018af6231e2e", "http_status": 200, "body": {"accepted": true, "real_timestamp_ms": 1789198362717, "virtual_time_s": 47, "measure_result": "direction", "svd_deg": 289.54}}
2026-09-12 15:32:46,056 INFO request {"path": "/measure", "payload": {"arena_id": "default", "robot_id": "202601002029", "request_id": "deb946bb105547e2b132073b7cb9f4f5", "position": {"x": 0.0, "y": 0.0}, "channel": 9}, "attempt": 1}
2026-09-12 15:32:46,057 INFO response {"request_id": "deb946bb105547e2b132073b7cb9f4f5", "http_status": 200, "body": {"accepted": true, "real_timestamp_ms": 1789198362721, "virtual_time_s": 53, "measure_result": "direction", "svd_deg": 237.05}}
2026-09-12 15:32:46,060 INFO request {"path": "/measure", "payload": {"arena_id": "default", "robot_id": "202601002029", "request_id": "500987300e5b45b19d337f66cd9b1074", "position": {"x": 0.0, "y": 0.0}, "channel": 10}, "attempt": 1}
2026-09-12 15:32:46,078 INFO response {"request_id": "500987300e5b45b19d337f66cd9b1074", "http_status": 200, "body": {"accepted": true, "real_timestamp_ms": 1789198362743, "virtual_time_s": 59, "measure_result": "no_signal"}}
2026-09-12 15:32:46,079 INFO request {"path": "/measure", "payload": {"arena_id": "default", "robot_id": "202601002029", "request_id": "cee1f3b7a10044848f9143b14116b218", "position": {"x": 0.0, "y": 0.0}, "channel": 11}, "attempt": 1}
2026-09-12 15:32:46,099 INFO response {"request_id": "cee1f3b7a10044848f9143b14116b218", "http_status": 200, "body": {"accepted": true, "real_timestamp_ms": 1789198362763, "virtual_time_s": 65, "measure_result": "direction", "svd_deg": 301.67}}
2026-09-12 15:32:46,104 INFO request {"path": "/measure", "payload": {"arena_id": "default", "robot_id": "202601002029", "request_id": "2efd5995991348668b8a70faf55d532f", "position": {"x": 0.0, "y": 0.0}, "channel": 12}, "attempt": 1}
2026-09-12 15:32:46,119 INFO response {"request_id": "2efd5995991348668b8a70faf55d532f", "http_status": 200, "body": {"accepted": true, "real_timestamp_ms": 1789198362783, "virtual_time_s": 71, "measure_result": "direction", "svd_deg": 327.45}}
2026-09-12 15:32:46,123 INFO request {"path": "/measure", "payload": {"arena_id": "default", "robot_id": "202601002029", "request_id": "17f98fafb67740ef8969284cec3c30d7", "position": {"x": 0.0, "y": 0.0}, "channel": 13}, "attempt": 1}
2026-09-12 15:32:46,138 INFO response {"request_id": "17f98fafb67740ef8969284cec3c30d7", "http_status": 200, "body": {"accepted": true, "real_timestamp_ms": 1789198362803, "virtual_time_s": 77, "measure_result": "no_signal"}}
2026-09-12 15:32:46,139 INFO request {"path": "/measure", "payload": {"arena_id": "default", "robot_id": "202601002029", "request_id": "713f423793a340beabb8cfcaf8427b03", "position": {"x": 0.0, "y": 0.0}, "channel": 14}, "attempt": 1}
2026-09-12 15:32:46,159 INFO response {"request_id": "713f423793a340beabb8cfcaf8427b03", "http_status": 200, "body": {"accepted": true, "real_timestamp_ms": 1789198362823, "virtual_time_s": 83, "measure_result": "no_signal"}}
2026-09-12 15:32:46,159 INFO request {"path": "/measure", "payload": {"arena_id": "default", "robot_id": "202601002029", "request_id": "f6936097c8e741fda793c81b18309574", "position": {"x": 0.0, "y": 0.0}, "channel": 15}, "attempt": 1}
2026-09-12 15:32:46,178 INFO response {"request_id": "f6936097c8e741fda793c81b18309574", "http_status": 200, "body": {"accepted": true, "real_timestamp_ms": 1789198362843, "virtual_time_s": 89, "measure_result": "direction", "svd_deg": 82.79}}
2026-09-12 15:32:46,183 INFO request {"path": "/measure", "payload": {"arena_id": "default", "robot_id": "202601002029", "request_id": "b1bd84d9e7424343ac4595076888e185", "position": {"x": 0.0, "y": 0.0}, "channel": 16}, "attempt": 1}
2026-09-12 15:32:46,185 INFO response {"request_id": "b1bd84d9e7424343ac4595076888e185", "http_status": 200, "body": {"accepted": true, "real_timestamp_ms": 1789198362849, "virtual_time_s": 95, "measure_result": "no_signal"}}
2026-09-12 15:32:46,185 INFO request {"path": "/measure", "payload": {"arena_id": "default", "robot_id": "202601002029", "request_id": "7dd7009baa694ef6b733a8768567c16b", "position": {"x": 0.0, "y": 0.0}, "channel": 17}, "attempt": 1}
2026-09-12 15:32:46,198 INFO response {"request_id": "7dd7009baa694ef6b733a8768567c16b", "http_status": 200, "body": {"accepted": true, "real_timestamp_ms": 1789198362862, "virtual_time_s": 101, "measure_result": "direction", "svd_deg": 117.88}}
2026-09-12 15:32:46,202 INFO request {"path": "/measure", "payload": {"arena_id": "default", "robot_id": "202601002029", "request_id": "6724d024e8174033892a8f21c07b7120", "position": {"x": 0.0, "y": 0.0}, "channel": 18}, "attempt": 1}
2026-09-12 15:32:46,204 INFO response {"request_id": "6724d024e8174033892a8f21c07b7120", "http_status": 200, "body": {"accepted": true, "real_timestamp_ms": 1789198362868, "virtual_time_s": 107, "measure_result": "direction", "svd_deg": 231.6}}
2026-09-12 15:32:46,208 INFO request {"path": "/measure", "payload": {"arena_id": "default", "robot_id": "202601002029", "request_id": "bb4861755832476f9ff6e5c915f40dde", "position": {"x": 0.0, "y": 0.0}, "channel": 19}, "attempt": 1}
2026-09-12 15:32:46,210 INFO response {"request_id": "bb4861755832476f9ff6e5c915f40dde", "http_status": 200, "body": {"accepted": true, "real_timestamp_ms": 1789198362874, "virtual_time_s": 113, "measure_result": "direction", "svd_deg": 37.28}}
2026-09-12 15:32:46,214 INFO request {"path": "/measure", "payload": {"arena_id": "default", "robot_id": "202601002029", "request_id": "3c96e850bcfd4e69b0abe7ff8bc2e765", "position": {"x": 0.0, "y": 0.0}, "channel": 20}, "attempt": 1}
2026-09-12 15:32:46,216 INFO response {"request_id": "3c96e850bcfd4e69b0abe7ff8bc2e765", "http_status": 200, "body": {"accepted": true, "real_timestamp_ms": 1789198362880, "virtual_time_s": 119, "measure_result": "no_signal"}}
2026-09-12 15:32:46,216 INFO request {"path": "/measure", "payload": {"arena_id": "default", "robot_id": "202601002029", "request_id": "ed3f744ca50b48d6bd64b801644974ae", "position": {"x": 1200.0, "y": 0.0}, "channel": 20}, "attempt": 1}
2026-09-12 15:32:46,236 INFO response {"request_id": "ed3f744ca50b48d6bd64b801644974ae", "http_status": 200, "body": {"accepted": true, "real_timestamp_ms": 1789198362900, "virtual_time_s": 364, "measure_result": "no_signal"}}
2026-09-12 15:32:46,236 INFO request {"path": "/measure", "payload": {"arena_id": "default", "robot_id": "202601002029", "request_id": "5a00eaeef78443c9a236cf2956a6fd0b", "position": {"x": 1200.0, "y": 0.0}, "channel": 1}, "attempt": 1}
2026-09-12 15:32:46,237 INFO response {"request_id": "5a00eaeef78443c9a236cf2956a6fd0b", "http_status": 200, "body": {"accepted": true, "real_timestamp_ms": 1789198362901, "virtual_time_s": 370, "measure_result": "no_signal"}}
2026-09-12 15:32:46,237 INFO request {"path": "/measure", "payload": {"arena_id": "default", "robot_id": "202601002029", "request_id": "9c26a97743c14adaad2e54920d43bad3", "position": {"x": 1200.0, "y": 0.0}, "channel": 2}, "attempt": 1}
2026-09-12 15:32:46,256 INFO response {"request_id": "9c26a97743c14adaad2e54920d43bad3", "http_status": 200, "body": {"accepted": true, "real_timestamp_ms": 1789198362920, "virtual_time_s": 376, "measure_result": "no_signal"}}
2026-09-12 15:32:46,256 INFO request {"path": "/measure", "payload": {"arena_id": "default", "robot_id": "202601002029", "request_id": "78416d5854ad40fa8fedf9cefc4964ce", "position": {"x": 1200.0, "y": 0.0}, "channel": 3}, "attempt": 1}
2026-09-12 15:32:46,257 INFO response {"request_id": "78416d5854ad40fa8fedf9cefc4964ce", "http_status": 200, "body": {"accepted": true, "real_timestamp_ms": 1789198362922, "virtual_time_s": 382, "measure_result": "no_signal"}}
2026-09-12 15:32:46,257 INFO request {"path": "/measure", "payload": {"arena_id": "default", "robot_id": "202601002029", "request_id": "22d3aeed7173464da6eed3df43375af4", "position": {"x": 1200.0, "y": 0.0}, "channel": 4}, "attempt": 1}
2026-09-12 15:32:46,259 INFO response {"request_id": "22d3aeed7173464da6eed3df43375af4", "http_status": 200, "body": {"accepted": true, "real_timestamp_ms": 1789198362923, "virtual_time_s": 388, "measure_result": "no_signal"}}
2026-09-12 15:32:46,259 INFO request {"path": "/measure", "payload": {"arena_id": "default", "robot_id": "202601002029", "request_id": "1f905ee07dca4c2e82042b3f7e8be247", "position": {"x": 1200.0, "y": 0.0}, "channel": 6}, "attempt": 1}
2026-09-12 15:32:46,277 INFO response {"request_id": "1f905ee07dca4c2e82042b3f7e8be247", "http_status": 200, "body": {"accepted": true, "real_timestamp_ms": 1789198362941, "virtual_time_s": 394, "measure_result": "no_signal"}}
2026-09-12 15:32:46,277 INFO request {"path": "/measure", "payload": {"arena_id": "default", "robot_id": "202601002029", "request_id": "fc0a1b6c42cf45e3b0cc53b47364ed88", "position": {"x": 1200.0, "y": 0.0}, "channel": 7}, "attempt": 1}
2026-09-12 15:32:46,279 INFO response {"request_id": "fc0a1b6c42cf45e3b0cc53b47364ed88", "http_status": 200, "body": {"accepted": true, "real_timestamp_ms": 1789198362944, "virtual_time_s": 400, "measure_result": "no_signal"}}
2026-09-12 15:32:46,279 INFO request {"path": "/measure", "payload": {"arena_id": "default", "robot_id": "202601002029", "request_id": "f1c5905970bd4e3e97889e76d8cba572", "position": {"x": 1200.0, "y": 0.0}, "channel": 10}, "attempt": 1}
2026-09-12 15:32:46,281 INFO response {"request_id": "f1c5905970bd4e3e97889e76d8cba572", "http_status": 200, "body": {"accepted": true, "real_timestamp_ms": 1789198362945, "virtual_time_s": 406, "measure_result": "no_signal"}}
2026-09-12 15:32:46,281 INFO request {"path": "/measure", "payload": {"arena_id": "default", "robot_id": "202601002029", "request_id": "09dd95654f834b79aaf1d16c77c59643", "position": {"x": 1200.0, "y": 0.0}, "channel": 13}, "attempt": 1}
2026-09-12 15:32:46,281 INFO response {"request_id": "09dd95654f834b79aaf1d16c77c59643", "http_status": 200, "body": {"accepted": true, "real_timestamp_ms": 1789198362946, "virtual_time_s": 412, "measure_result": "no_signal"}}
2026-09-12 15:32:46,282 INFO request {"path": "/measure", "payload": {"arena_id": "default", "robot_id": "202601002029", "request_id": "ac335dbe13b64e84864d2a79eb4f1642", "position": {"x": 1200.0, "y": 0.0}, "channel": 14}, "attempt": 1}
2026-09-12 15:32:46,282 INFO response {"request_id": "ac335dbe13b64e84864d2a79eb4f1642", "http_status": 200, "body": {"accepted": true, "real_timestamp_ms": 1789198362947, "virtual_time_s": 418, "measure_result": "no_signal"}}
2026-09-12 15:32:46,282 INFO request {"path": "/measure", "payload": {"arena_id": "default", "robot_id": "202601002029", "request_id": "e445771669a546a187943f64a06577fe", "position": {"x": 1200.0, "y": 0.0}, "channel": 16}, "attempt": 1}
2026-09-12 15:32:46,295 INFO response {"request_id": "e445771669a546a187943f64a06577fe", "http_status": 200, "body": {"accepted": true, "real_timestamp_ms": 1789198362960, "virtual_time_s": 424, "measure_result": "no_signal"}}
2026-09-12 15:32:46,331 INFO request {"path": "/measure", "payload": {"arena_id": "default", "robot_id": "202601002029", "request_id": "3a06e0e30b0e4ee884a590035893286d", "position": {"x": 1200.0, "y": 0.0}, "channel": 5}, "attempt": 1}
2026-09-12 15:32:46,346 INFO response {"request_id": "3a06e0e30b0e4ee884a590035893286d", "http_status": 200, "body": {"accepted": true, "real_timestamp_ms": 1789198363010, "virtual_time_s": 430, "measure_result": "direction", "svd_deg": 228.38}}
2026-09-12 15:32:46,387 INFO request {"path": "/measure", "payload": {"arena_id": "default", "robot_id": "202601002029", "request_id": "2c80789ec6294e139f211e03c6742148", "position": {"x": 1200.0, "y": 0.0}, "channel": 19}, "attempt": 1}
2026-09-12 15:32:46,405 INFO response {"request_id": "2c80789ec6294e139f211e03c6742148", "http_status": 200, "body": {"accepted": true, "real_timestamp_ms": 1789198363070, "virtual_time_s": 436, "measure_result": "direction", "svd_deg": 135.87}}
2026-09-12 15:32:46,410 INFO request {"path": "/measure", "payload": {"arena_id": "default", "robot_id": "202601002029", "request_id": "bf7d54154b7543eb8bcf4e1d0ea9a1c2", "position": {"x": 600.0000000000001, "y": 1039.2304845413264}, "channel": 1}, "attempt": 1}
2026-09-12 15:32:46,411 INFO response {"request_id": "bf7d54154b7543eb8bcf4e1d0ea9a1c2", "http_status": 200, "body": {"accepted": true, "real_timestamp_ms": 1789198363076, "virtual_time_s": 682, "measure_result": "no_signal"}}
2026-09-12 15:32:46,412 INFO request {"path": "/measure", "payload": {"arena_id": "default", "robot_id": "202601002029", "request_id": "3aeea917b67c4cc7a22ac9863cbfb525", "position": {"x": 600.0000000000001, "y": 1039.2304845413264}, "channel": 2}, "attempt": 1}
2026-09-12 15:32:46,416 INFO response {"request_id": "3aeea917b67c4cc7a22ac9863cbfb525", "http_status": 200, "body": {"accepted": true, "real_timestamp_ms": 1789198363079, "virtual_time_s": 688, "measure_result": "no_signal"}}
2026-09-12 15:32:46,416 INFO request {"path": "/measure", "payload": {"arena_id": "default", "robot_id": "202601002029", "request_id": "93d4822cf58b40b0a6aa997a7ed399e2", "position": {"x": 600.0000000000001, "y": 1039.2304845413264}, "channel": 3}, "attempt": 1}
2026-09-12 15:32:46,417 INFO response {"request_id": "93d4822cf58b40b0a6aa997a7ed399e2", "http_status": 200, "body": {"accepted": true, "real_timestamp_ms": 1789198363081, "virtual_time_s": 694, "measure_result": "no_signal"}}
2026-09-12 15:32:46,417 INFO request {"path": "/measure", "payload": {"arena_id": "default", "robot_id": "202601002029", "request_id": "fa53db7bc5f645a0831e4d9dde71e85a", "position": {"x": 600.0000000000001, "y": 1039.2304845413264}, "channel": 4}, "attempt": 1}
2026-09-12 15:32:46,435 INFO response {"request_id": "fa53db7bc5f645a0831e4d9dde71e85a", "http_status": 200, "body": {"accepted": true, "real_timestamp_ms": 1789198363099, "virtual_time_s": 700, "measure_result": "no_signal"}}
2026-09-12 15:32:46,435 INFO request {"path": "/measure", "payload": {"arena_id": "default", "robot_id": "202601002029", "request_id": "e1ff0c1b6dc04cbaa876cb2745f051c9", "position": {"x": 600.0000000000001, "y": 1039.2304845413264}, "channel": 6}, "attempt": 1}
2026-09-12 15:32:46,437 INFO response {"request_id": "e1ff0c1b6dc04cbaa876cb2745f051c9", "http_status": 200, "body": {"accepted": true, "real_timestamp_ms": 1789198363101, "virtual_time_s": 706, "measure_result": "direction", "svd_deg": 130.92}}
2026-09-12 15:32:46,440 INFO request {"path": "/measure", "payload": {"arena_id": "default", "robot_id": "202601002029", "request_id": "64126b1c518f4dffa5e314ea3b62363c", "position": {"x": 600.0000000000001, "y": 1039.2304845413264}, "channel": 7}, "attempt": 1}
2026-09-12 15:32:46,442 INFO response {"request_id": "64126b1c518f4dffa5e314ea3b62363c", "http_status": 200, "body": {"accepted": true, "real_timestamp_ms": 1789198363107, "virtual_time_s": 712, "measure_result": "no_signal"}}
2026-09-12 15:32:46,442 INFO request {"path": "/measure", "payload": {"arena_id": "default", "robot_id": "202601002029", "request_id": "c27f4ed3bc2f47bb8bbaaf2c364bf887", "position": {"x": 600.0000000000001, "y": 1039.2304845413264}, "channel": 10}, "attempt": 1}
2026-09-12 15:32:46,443 INFO response {"request_id": "c27f4ed3bc2f47bb8bbaaf2c364bf887", "http_status": 200, "body": {"accepted": true, "real_timestamp_ms": 1789198363108, "virtual_time_s": 718, "measure_result": "no_signal"}}
2026-09-12 15:32:46,443 INFO request {"path": "/measure", "payload": {"arena_id": "default", "robot_id": "202601002029", "request_id": "2abbfb48a4a0457c93f3203fd0fae6ff", "position": {"x": 600.0000000000001, "y": 1039.2304845413264}, "channel": 13}, "attempt": 1}
2026-09-12 15:32:46,445 INFO response {"request_id": "2abbfb48a4a0457c93f3203fd0fae6ff", "http_status": 200, "body": {"accepted": true, "real_timestamp_ms": 1789198363109, "virtual_time_s": 724, "measure_result": "no_signal"}}
2026-09-12 15:32:46,445 INFO request {"path": "/measure", "payload": {"arena_id": "default", "robot_id": "202601002029", "request_id": "373b74b3dbd74de283c6a24578003a0c", "position": {"x": 600.0000000000001, "y": 1039.2304845413264}, "channel": 14}, "attempt": 1}
2026-09-12 15:32:46,445 INFO response {"request_id": "373b74b3dbd74de283c6a24578003a0c", "http_status": 200, "body": {"accepted": true, "real_timestamp_ms": 1789198363110, "virtual_time_s": 730, "measure_result": "no_signal"}}
2026-09-12 15:32:46,446 INFO request {"path": "/measure", "payload": {"arena_id": "default", "robot_id": "202601002029", "request_id": "aab9aadd8af9436bb97abfbc55499f32", "position": {"x": 600.0000000000001, "y": 1039.2304845413264}, "channel": 16}, "attempt": 1}
2026-09-12 15:32:46,465 INFO response {"request_id": "aab9aadd8af9436bb97abfbc55499f32", "http_status": 200, "body": {"accepted": true, "real_timestamp_ms": 1789198363129, "virtual_time_s": 736, "measure_result": "no_signal"}}
2026-09-12 15:32:46,465 INFO request {"path": "/measure", "payload": {"arena_id": "default", "robot_id": "202601002029", "request_id": "c728ced8faad48c68a9a6137aa3edaf4", "position": {"x": 600.0000000000001, "y": 1039.2304845413264}, "channel": 20}, "attempt": 1}
2026-09-12 15:32:46,484 INFO response {"request_id": "c728ced8faad48c68a9a6137aa3edaf4", "http_status": 200, "body": {"accepted": true, "real_timestamp_ms": 1789198363148, "virtual_time_s": 742, "measure_result": "no_signal"}}
2026-09-12 15:32:46,501 INFO request {"path": "/measure", "payload": {"arena_id": "default", "robot_id": "202601002029", "request_id": "5b6e7002b65047cea6b8e3ee444f9a06", "position": {"x": 600.0000000000001, "y": 1039.2304845413264}, "channel": 15}, "attempt": 1}
2026-09-12 15:32:46,502 INFO response {"request_id": "5b6e7002b65047cea6b8e3ee444f9a06", "http_status": 200, "body": {"accepted": true, "real_timestamp_ms": 1789198363167, "virtual_time_s": 748, "measure_result": "direction", "svd_deg": 197.75}}
2026-09-12 15:32:46,520 INFO request {"path": "/measure", "payload": {"arena_id": "default", "robot_id": "202601002029", "request_id": "b7014de81da04b1ba0ef65cdbd29588f", "position": {"x": 600.0000000000001, "y": 1039.2304845413264}, "channel": 19}, "attempt": 1}
2026-09-12 15:32:46,534 INFO response {"request_id": "b7014de81da04b1ba0ef65cdbd29588f", "http_status": 200, "body": {"accepted": true, "real_timestamp_ms": 1789198363198, "virtual_time_s": 754, "measure_result": "direction", "svd_deg": 278.1}}
2026-09-12 15:32:46,539 INFO request {"path": "/measure", "payload": {"arena_id": "default", "robot_id": "202601002029", "request_id": "ce266bd3bddf455cb2d7a4acca92b7d3", "position": {"x": -599.9999999999998, "y": 1039.2304845413264}, "channel": 1}, "attempt": 1}
2026-09-12 15:32:46,553 INFO response {"request_id": "ce266bd3bddf455cb2d7a4acca92b7d3", "http_status": 200, "body": {"accepted": true, "real_timestamp_ms": 1789198363218, "virtual_time_s": 1000, "measure_result": "no_signal"}}
2026-09-12 15:32:46,553 INFO request {"path": "/measure", "payload": {"arena_id": "default", "robot_id": "202601002029", "request_id": "1ab125379bfb428bae30c76da3875209", "position": {"x": -599.9999999999998, "y": 1039.2304845413264}, "channel": 2}, "attempt": 1}
2026-09-12 15:32:46,574 INFO response {"request_id": "1ab125379bfb428bae30c76da3875209", "http_status": 200, "body": {"accepted": true, "real_timestamp_ms": 1789198363238, "virtual_time_s": 1006, "measure_result": "no_signal"}}
2026-09-12 15:32:46,574 INFO request {"path": "/measure", "payload": {"arena_id": "default", "robot_id": "202601002029", "request_id": "b825bbd9257743d89a8a9c2392b34c36", "position": {"x": -599.9999999999998, "y": 1039.2304845413264}, "channel": 3}, "attempt": 1}
2026-09-12 15:32:46,593 INFO response {"request_id": "b825bbd9257743d89a8a9c2392b34c36", "http_status": 200, "body": {"accepted": true, "real_timestamp_ms": 1789198363257, "virtual_time_s": 1012, "measure_result": "no_signal"}}
2026-09-12 15:32:46,593 INFO request {"path": "/measure", "payload": {"arena_id": "default", "robot_id": "202601002029", "request_id": "0a9773330a31483991699c212938735b", "position": {"x": -599.9999999999998, "y": 1039.2304845413264}, "channel": 4}, "attempt": 1}
2026-09-12 15:32:46,613 INFO response {"request_id": "0a9773330a31483991699c212938735b", "http_status": 200, "body": {"accepted": true, "real_timestamp_ms": 1789198363277, "virtual_time_s": 1018, "measure_result": "no_signal"}}
2026-09-12 15:32:46,613 INFO request {"path": "/measure", "payload": {"arena_id": "default", "robot_id": "202601002029", "request_id": "8087a18d728548fa97751595faa1fdb4", "position": {"x": -599.9999999999998, "y": 1039.2304845413264}, "channel": 7}, "attempt": 1}
2026-09-12 15:32:46,615 INFO response {"request_id": "8087a18d728548fa97751595faa1fdb4", "http_status": 200, "body": {"accepted": true, "real_timestamp_ms": 1789198363280, "virtual_time_s": 1024, "measure_result": "no_signal"}}
2026-09-12 15:32:46,616 INFO request {"path": "/measure", "payload": {"arena_id": "default", "robot_id": "202601002029", "request_id": "6597e943cac3449ea7a6053bbaba673a", "position": {"x": -599.9999999999998, "y": 1039.2304845413264}, "channel": 10}, "attempt": 1}
2026-09-12 15:32:46,633 INFO response {"request_id": "6597e943cac3449ea7a6053bbaba673a", "http_status": 200, "body": {"accepted": true, "real_timestamp_ms": 1789198363298, "virtual_time_s": 1030, "measure_result": "no_signal"}}
2026-09-12 15:32:46,633 INFO request {"path": "/measure", "payload": {"arena_id": "default", "robot_id": "202601002029", "request_id": "5e45d00251b3437aa9a18d1a82c337d7", "position": {"x": -599.9999999999998, "y": 1039.2304845413264}, "channel": 13}, "attempt": 1}
2026-09-12 15:32:46,635 INFO response {"request_id": "5e45d00251b3437aa9a18d1a82c337d7", "http_status": 200, "body": {"accepted": true, "real_timestamp_ms": 1789198363300, "virtual_time_s": 1036, "measure_result": "no_signal"}}
2026-09-12 15:32:46,636 INFO request {"path": "/measure", "payload": {"arena_id": "default", "robot_id": "202601002029", "request_id": "54abe1e6853946b584eebac7ed95f1f3", "position": {"x": -599.9999999999998, "y": 1039.2304845413264}, "channel": 14}, "attempt": 1}
2026-09-12 15:32:46,637 INFO response {"request_id": "54abe1e6853946b584eebac7ed95f1f3", "http_status": 200, "body": {"accepted": true, "real_timestamp_ms": 1789198363301, "virtual_time_s": 1042, "measure_result": "no_signal"}}
2026-09-12 15:32:46,637 INFO request {"path": "/measure", "payload": {"arena_id": "default", "robot_id": "202601002029", "request_id": "6ae6d24836454704a1f0d927b4ec265a", "position": {"x": -599.9999999999998, "y": 1039.2304845413264}, "channel": 16}, "attempt": 1}
2026-09-12 15:32:46,639 INFO response {"request_id": "6ae6d24836454704a1f0d927b4ec265a", "http_status": 200, "body": {"accepted": true, "real_timestamp_ms": 1789198363303, "virtual_time_s": 1048, "measure_result": "no_signal"}}
2026-09-12 15:32:46,639 INFO request {"path": "/measure", "payload": {"arena_id": "default", "robot_id": "202601002029", "request_id": "b3a355bd52a6461c98bd507a92e27795", "position": {"x": -599.9999999999998, "y": 1039.2304845413264}, "channel": 20}, "attempt": 1}
2026-09-12 15:32:46,640 INFO response {"request_id": "b3a355bd52a6461c98bd507a92e27795", "http_status": 200, "body": {"accepted": true, "real_timestamp_ms": 1789198363305, "virtual_time_s": 1054, "measure_result": "no_signal"}}
2026-09-12 15:32:46,677 INFO request {"path": "/measure", "payload": {"arena_id": "default", "robot_id": "202601002029", "request_id": "ba20c00980934d60be6989db81a7187a", "position": {"x": -599.9999999999998, "y": 1039.2304845413264}, "channel": 6}, "attempt": 1}
2026-09-12 15:32:46,692 INFO response {"request_id": "ba20c00980934d60be6989db81a7187a", "http_status": 200, "body": {"accepted": true, "real_timestamp_ms": 1789198363356, "virtual_time_s": 1060, "measure_result": "direction", "svd_deg": 47.73}}
2026-09-12 15:32:46,721 INFO request {"path": "/measure", "payload": {"arena_id": "default", "robot_id": "202601002029", "request_id": "888a6ad843e64571954afb8ab33bffa9", "position": {"x": -599.9999999999998, "y": 1039.2304845413264}, "channel": 15}, "attempt": 1}
2026-09-12 15:32:46,741 INFO response {"request_id": "888a6ad843e64571954afb8ab33bffa9", "http_status": 200, "body": {"accepted": true, "real_timestamp_ms": 1789198363405, "virtual_time_s": 1066, "measure_result": "direction", "svd_deg": 346.92}}
2026-09-12 15:32:46,750 INFO request {"path": "/measure", "payload": {"arena_id": "default", "robot_id": "202601002029", "request_id": "7f82c3c412b748d489e20cf54f8e7b7d", "position": {"x": -1200.0, "y": 1.4695761589768238e-13}, "channel": 1}, "attempt": 1}
2026-09-12 15:32:46,771 INFO response {"request_id": "7f82c3c412b748d489e20cf54f8e7b7d", "http_status": 200, "body": {"accepted": true, "real_timestamp_ms": 1789198363435, "virtual_time_s": 1312, "measure_result": "no_signal"}}
2026-09-12 15:32:46,771 INFO request {"path": "/measure", "payload": {"arena_id": "default", "robot_id": "202601002029", "request_id": "357c80cdec724a678300e78385fc1f72", "position": {"x": -1200.0, "y": 1.4695761589768238e-13}, "channel": 2}, "attempt": 1}
2026-09-12 15:32:46,773 INFO response {"request_id": "357c80cdec724a678300e78385fc1f72", "http_status": 200, "body": {"accepted": true, "real_timestamp_ms": 1789198363438, "virtual_time_s": 1318, "measure_result": "no_signal"}}
2026-09-12 15:32:46,774 INFO request {"path": "/measure", "payload": {"arena_id": "default", "robot_id": "202601002029", "request_id": "e5debc3463374fb4a2a6bcbcf496c9a6", "position": {"x": -1200.0, "y": 1.4695761589768238e-13}, "channel": 3}, "attempt": 1}
2026-09-12 15:32:46,791 INFO response {"request_id": "e5debc3463374fb4a2a6bcbcf496c9a6", "http_status": 200, "body": {"accepted": true, "real_timestamp_ms": 1789198363455, "virtual_time_s": 1324, "measure_result": "no_signal"}}
2026-09-12 15:32:46,791 INFO request {"path": "/measure", "payload": {"arena_id": "default", "robot_id": "202601002029", "request_id": "ad79e5dde8454a38a105ea06a641db7a", "position": {"x": -1200.0, "y": 1.4695761589768238e-13}, "channel": 4}, "attempt": 1}
2026-09-12 15:32:46,792 INFO response {"request_id": "ad79e5dde8454a38a105ea06a641db7a", "http_status": 200, "body": {"accepted": true, "real_timestamp_ms": 1789198363457, "virtual_time_s": 1330, "measure_result": "no_signal"}}
2026-09-12 15:32:46,792 INFO request {"path": "/measure", "payload": {"arena_id": "default", "robot_id": "202601002029", "request_id": "3d643475a94c4f3f8048fa2e43bcd186", "position": {"x": -1200.0, "y": 1.4695761589768238e-13}, "channel": 7}, "attempt": 1}
2026-09-12 15:32:46,793 INFO response {"request_id": "3d643475a94c4f3f8048fa2e43bcd186", "http_status": 200, "body": {"accepted": true, "real_timestamp_ms": 1789198363458, "virtual_time_s": 1336, "measure_result": "no_signal"}}
2026-09-12 15:32:46,793 INFO request {"path": "/measure", "payload": {"arena_id": "default", "robot_id": "202601002029", "request_id": "44429bce493c49a1b80b63c8fde6a52d", "position": {"x": -1200.0, "y": 1.4695761589768238e-13}, "channel": 10}, "attempt": 1}
2026-09-12 15:32:46,811 INFO response {"request_id": "44429bce493c49a1b80b63c8fde6a52d", "http_status": 200, "body": {"accepted": true, "real_timestamp_ms": 1789198363475, "virtual_time_s": 1342, "measure_result": "no_signal"}}
2026-09-12 15:32:46,811 INFO request {"path": "/measure", "payload": {"arena_id": "default", "robot_id": "202601002029", "request_id": "fe2fe0fdb7824869b5da98cbb53dffc9", "position": {"x": -1200.0, "y": 1.4695761589768238e-13}, "channel": 13}, "attempt": 1}
2026-09-12 15:32:46,813 INFO response {"request_id": "fe2fe0fdb7824869b5da98cbb53dffc9", "http_status": 200, "body": {"accepted": true, "real_timestamp_ms": 1789198363477, "virtual_time_s": 1348, "measure_result": "no_signal"}}
2026-09-12 15:32:46,813 INFO request {"path": "/measure", "payload": {"arena_id": "default", "robot_id": "202601002029", "request_id": "8f1c59a5a7cd4b4eb8e45d066cd1ff3c", "position": {"x": -1200.0, "y": 1.4695761589768238e-13}, "channel": 14}, "attempt": 1}
2026-09-12 15:32:46,814 INFO response {"request_id": "8f1c59a5a7cd4b4eb8e45d066cd1ff3c", "http_status": 200, "body": {"accepted": true, "real_timestamp_ms": 1789198363479, "virtual_time_s": 1354, "measure_result": "no_signal"}}
2026-09-12 15:32:46,814 INFO request {"path": "/measure", "payload": {"arena_id": "default", "robot_id": "202601002029", "request_id": "c7323dcf3b6248189881bcebfbf86634", "position": {"x": -1200.0, "y": 1.4695761589768238e-13}, "channel": 16}, "attempt": 1}
2026-09-12 15:32:46,816 INFO response {"request_id": "c7323dcf3b6248189881bcebfbf86634", "http_status": 200, "body": {"accepted": true, "real_timestamp_ms": 1789198363480, "virtual_time_s": 1360, "measure_result": "no_signal"}}
2026-09-12 15:32:46,817 INFO request {"path": "/measure", "payload": {"arena_id": "default", "robot_id": "202601002029", "request_id": "75aea4a9206f45ce8414ad43cc04db45", "position": {"x": -1200.0, "y": 1.4695761589768238e-13}, "channel": 20}, "attempt": 1}
2026-09-12 15:32:46,830 INFO response {"request_id": "75aea4a9206f45ce8414ad43cc04db45", "http_status": 200, "body": {"accepted": true, "real_timestamp_ms": 1789198363494, "virtual_time_s": 1366, "measure_result": "no_signal"}}
2026-09-12 15:32:46,856 INFO request {"path": "/measure", "payload": {"arena_id": "default", "robot_id": "202601002029", "request_id": "fa15e05870174ad68b30cdc808b3acb4", "position": {"x": -1200.0, "y": 1.4695761589768238e-13}, "channel": 18}, "attempt": 1}
2026-09-12 15:32:46,857 INFO response {"request_id": "fa15e05870174ad68b30cdc808b3acb4", "http_status": 200, "body": {"accepted": true, "real_timestamp_ms": 1789198363522, "virtual_time_s": 1372, "measure_result": "direction", "svd_deg": 350.72}}
2026-09-12 15:32:46,866 INFO request {"path": "/measure", "payload": {"arena_id": "default", "robot_id": "202601002029", "request_id": "21e38c3235b447199de840dbb96feb63", "position": {"x": -1200.0, "y": 1.4695761589768238e-13}, "channel": 9}, "attempt": 1}
2026-09-12 15:32:46,868 INFO response {"request_id": "21e38c3235b447199de840dbb96feb63", "http_status": 200, "body": {"accepted": true, "real_timestamp_ms": 1789198363533, "virtual_time_s": 1378, "measure_result": "no_signal"}}
2026-09-12 15:32:46,868 INFO request {"path": "/measure", "payload": {"arena_id": "default", "robot_id": "202601002029", "request_id": "9fd679fb5205474b86a288fabe8162f0", "position": {"x": -600.0000000000006, "y": -1039.2304845413262}, "channel": 1}, "attempt": 1}
2026-09-12 15:32:46,869 INFO response {"request_id": "9fd679fb5205474b86a288fabe8162f0", "http_status": 200, "body": {"accepted": true, "real_timestamp_ms": 1789198363534, "virtual_time_s": 1624, "measure_result": "no_signal"}}
2026-09-12 15:32:46,869 INFO request {"path": "/measure", "payload": {"arena_id": "default", "robot_id": "202601002029", "request_id": "9f328b0b496a4467a5ad4f824a947c9d", "position": {"x": -600.0000000000006, "y": -1039.2304845413262}, "channel": 2}, "attempt": 1}
2026-09-12 15:32:46,870 INFO response {"request_id": "9f328b0b496a4467a5ad4f824a947c9d", "http_status": 200, "body": {"accepted": true, "real_timestamp_ms": 1789198363535, "virtual_time_s": 1630, "measure_result": "no_signal"}}
2026-09-12 15:32:46,870 INFO request {"path": "/measure", "payload": {"arena_id": "default", "robot_id": "202601002029", "request_id": "81153a2bb00740aeb49cab917fe226fb", "position": {"x": -600.0000000000006, "y": -1039.2304845413262}, "channel": 3}, "attempt": 1}
2026-09-12 15:32:46,890 INFO response {"request_id": "81153a2bb00740aeb49cab917fe226fb", "http_status": 200, "body": {"accepted": true, "real_timestamp_ms": 1789198363554, "virtual_time_s": 1636, "measure_result": "direction", "svd_deg": 346.89}}
2026-09-12 15:32:46,892 INFO request {"path": "/measure", "payload": {"arena_id": "default", "robot_id": "202601002029", "request_id": "feb166d698904b9dad1641ff2924ba8a", "position": {"x": -600.0000000000006, "y": -1039.2304845413262}, "channel": 4}, "attempt": 1}
2026-09-12 15:32:46,892 INFO response {"request_id": "feb166d698904b9dad1641ff2924ba8a", "http_status": 200, "body": {"accepted": true, "real_timestamp_ms": 1789198363557, "virtual_time_s": 1642, "measure_result": "no_signal"}}
2026-09-12 15:32:46,893 INFO request {"path": "/measure", "payload": {"arena_id": "default", "robot_id": "202601002029", "request_id": "cccbd8af07c04a9185650f4b21573448", "position": {"x": -600.0000000000006, "y": -1039.2304845413262}, "channel": 7}, "attempt": 1}
2026-09-12 15:32:46,893 INFO response {"request_id": "cccbd8af07c04a9185650f4b21573448", "http_status": 200, "body": {"accepted": true, "real_timestamp_ms": 1789198363558, "virtual_time_s": 1648, "measure_result": "no_signal"}}
2026-09-12 15:32:46,894 INFO request {"path": "/measure", "payload": {"arena_id": "default", "robot_id": "202601002029", "request_id": "af51c3ba643649139ab862f28c8d0719", "position": {"x": -600.0000000000006, "y": -1039.2304845413262}, "channel": 10}, "attempt": 1}
2026-09-12 15:32:46,909 INFO response {"request_id": "af51c3ba643649139ab862f28c8d0719", "http_status": 200, "body": {"accepted": true, "real_timestamp_ms": 1789198363574, "virtual_time_s": 1654, "measure_result": "no_signal"}}
2026-09-12 15:32:46,910 INFO request {"path": "/measure", "payload": {"arena_id": "default", "robot_id": "202601002029", "request_id": "01e7c24e8e0744009b2a876fa100ef06", "position": {"x": -600.0000000000006, "y": -1039.2304845413262}, "channel": 13}, "attempt": 1}
2026-09-12 15:32:46,930 INFO response {"request_id": "01e7c24e8e0744009b2a876fa100ef06", "http_status": 200, "body": {"accepted": true, "real_timestamp_ms": 1789198363594, "virtual_time_s": 1660, "measure_result": "direction", "svd_deg": 239.38}}
2026-09-12 15:32:46,931 INFO request {"path": "/measure", "payload": {"arena_id": "default", "robot_id": "202601002029", "request_id": "0480f767edc24e3ca992b1e46a1a1597", "position": {"x": -600.0000000000006, "y": -1039.2304845413262}, "channel": 14}, "attempt": 1}
2026-09-12 15:32:46,933 INFO response {"request_id": "0480f767edc24e3ca992b1e46a1a1597", "http_status": 200, "body": {"accepted": true, "real_timestamp_ms": 1789198363597, "virtual_time_s": 1666, "measure_result": "no_signal"}}
2026-09-12 15:32:46,933 INFO request {"path": "/measure", "payload": {"arena_id": "default", "robot_id": "202601002029", "request_id": "69acc1d757124d80b5149bfed5991c0a", "position": {"x": -600.0000000000006, "y": -1039.2304845413262}, "channel": 16}, "attempt": 1}
2026-09-12 15:32:46,934 INFO response {"request_id": "69acc1d757124d80b5149bfed5991c0a", "http_status": 200, "body": {"accepted": true, "real_timestamp_ms": 1789198363598, "virtual_time_s": 1672, "measure_result": "no_signal"}}
2026-09-12 15:32:46,934 INFO request {"path": "/measure", "payload": {"arena_id": "default", "robot_id": "202601002029", "request_id": "4c823b5d3c78410586b23e0b26f11aca", "position": {"x": -600.0000000000006, "y": -1039.2304845413262}, "channel": 20}, "attempt": 1}
2026-09-12 15:32:46,949 INFO response {"request_id": "4c823b5d3c78410586b23e0b26f11aca", "http_status": 200, "body": {"accepted": true, "real_timestamp_ms": 1789198363613, "virtual_time_s": 1678, "measure_result": "no_signal"}}
2026-09-12 15:32:46,966 INFO request {"path": "/measure", "payload": {"arena_id": "default", "robot_id": "202601002029", "request_id": "1d0f72bc17724121b200ff9d66d19b02", "position": {"x": -600.0000000000006, "y": -1039.2304845413262}, "channel": 8}, "attempt": 1}
2026-09-12 15:32:46,967 INFO response {"request_id": "1d0f72bc17724121b200ff9d66d19b02", "http_status": 200, "body": {"accepted": true, "real_timestamp_ms": 1789198363632, "virtual_time_s": 1684, "measure_result": "direction", "svd_deg": 26.69}}
2026-09-12 15:32:46,979 INFO request {"path": "/measure", "payload": {"arena_id": "default", "robot_id": "202601002029", "request_id": "3b80542eafd148eea73f69c8bfba1a7a", "position": {"x": 600.0000000000001, "y": -1039.2304845413264}, "channel": 1}, "attempt": 1}
2026-09-12 15:32:46,980 INFO response {"request_id": "3b80542eafd148eea73f69c8bfba1a7a", "http_status": 200, "body": {"accepted": true, "real_timestamp_ms": 1789198363645, "virtual_time_s": 1930, "measure_result": "no_signal"}}
2026-09-12 15:32:46,980 INFO request {"path": "/measure", "payload": {"arena_id": "default", "robot_id": "202601002029", "request_id": "d95abfc3d5d24a9786d8726404d867bd", "position": {"x": 600.0000000000001, "y": -1039.2304845413264}, "channel": 2}, "attempt": 1}
2026-09-12 15:32:46,997 INFO response {"request_id": "d95abfc3d5d24a9786d8726404d867bd", "http_status": 200, "body": {"accepted": true, "real_timestamp_ms": 1789198363662, "virtual_time_s": 1936, "measure_result": "no_signal"}}
2026-09-12 15:32:46,998 INFO request {"path": "/measure", "payload": {"arena_id": "default", "robot_id": "202601002029", "request_id": "5b4399d4d2fe49a19dae76d2cf985302", "position": {"x": 600.0000000000001, "y": -1039.2304845413264}, "channel": 4}, "attempt": 1}
2026-09-12 15:32:47,018 INFO response {"request_id": "5b4399d4d2fe49a19dae76d2cf985302", "http_status": 200, "body": {"accepted": true, "real_timestamp_ms": 1789198363683, "virtual_time_s": 1942, "measure_result": "no_signal"}}
2026-09-12 15:32:47,018 INFO request {"path": "/measure", "payload": {"arena_id": "default", "robot_id": "202601002029", "request_id": "4561f18cf4ef4b9f8aec93a97876aa3a", "position": {"x": 600.0000000000001, "y": -1039.2304845413264}, "channel": 7}, "attempt": 1}
2026-09-12 15:32:47,039 INFO response {"request_id": "4561f18cf4ef4b9f8aec93a97876aa3a", "http_status": 200, "body": {"accepted": true, "real_timestamp_ms": 1789198363703, "virtual_time_s": 1948, "measure_result": "no_signal"}}
2026-09-12 15:32:47,039 INFO request {"path": "/measure", "payload": {"arena_id": "default", "robot_id": "202601002029", "request_id": "f69f33cd38c54a20adb1d86fb94e3a1b", "position": {"x": 600.0000000000001, "y": -1039.2304845413264}, "channel": 10}, "attempt": 1}
2026-09-12 15:32:47,041 INFO response {"request_id": "f69f33cd38c54a20adb1d86fb94e3a1b", "http_status": 200, "body": {"accepted": true, "real_timestamp_ms": 1789198363705, "virtual_time_s": 1954, "measure_result": "no_signal"}}
2026-09-12 15:32:47,041 INFO request {"path": "/measure", "payload": {"arena_id": "default", "robot_id": "202601002029", "request_id": "6acf110ea42c483c8dbb4b15142e7abd", "position": {"x": 600.0000000000001, "y": -1039.2304845413264}, "channel": 14}, "attempt": 1}
2026-09-12 15:32:47,056 INFO response {"request_id": "6acf110ea42c483c8dbb4b15142e7abd", "http_status": 200, "body": {"accepted": true, "real_timestamp_ms": 1789198363721, "virtual_time_s": 1960, "measure_result": "no_signal"}}
2026-09-12 15:32:47,057 INFO request {"path": "/measure", "payload": {"arena_id": "default", "robot_id": "202601002029", "request_id": "72822aa33f9c4492b59ff35d22ba6433", "position": {"x": 600.0000000000001, "y": -1039.2304845413264}, "channel": 16}, "attempt": 1}
2026-09-12 15:32:47,058 INFO response {"request_id": "72822aa33f9c4492b59ff35d22ba6433", "http_status": 200, "body": {"accepted": true, "real_timestamp_ms": 1789198363722, "virtual_time_s": 1966, "measure_result": "no_signal"}}
2026-09-12 15:32:47,058 INFO request {"path": "/measure", "payload": {"arena_id": "default", "robot_id": "202601002029", "request_id": "d8975b00cb0b4c649711d1fa07646a35", "position": {"x": 600.0000000000001, "y": -1039.2304845413264}, "channel": 20}, "attempt": 1}
2026-09-12 15:32:47,059 INFO response {"request_id": "d8975b00cb0b4c649711d1fa07646a35", "http_status": 200, "body": {"accepted": true, "real_timestamp_ms": 1789198363724, "virtual_time_s": 1972, "measure_result": "no_signal"}}
2026-09-12 15:32:47,092 INFO request {"path": "/measure", "payload": {"arena_id": "default", "robot_id": "202601002029", "request_id": "2334afecfa1f4307ba084b6f37cb891c", "position": {"x": 600.0000000000001, "y": -1039.2304845413264}, "channel": 3}, "attempt": 1}
2026-09-12 15:32:47,107 INFO response {"request_id": "2334afecfa1f4307ba084b6f37cb891c", "http_status": 200, "body": {"accepted": true, "real_timestamp_ms": 1789198363772, "virtual_time_s": 1978, "measure_result": "direction", "svd_deg": 292.75}}
2026-09-12 15:32:47,129 INFO request {"path": "/measure", "payload": {"arena_id": "default", "robot_id": "202601002029", "request_id": "55e07955ff944d82bbbe530e658f9901", "position": {"x": 600.0000000000001, "y": -1039.2304845413264}, "channel": 12}, "attempt": 1}
2026-09-12 15:32:47,131 INFO response {"request_id": "55e07955ff944d82bbbe530e658f9901", "http_status": 200, "body": {"accepted": true, "real_timestamp_ms": 1789198363795, "virtual_time_s": 1984, "measure_result": "direction", "svd_deg": 109.17}}
2026-09-12 15:32:52,554 INFO request {"path": "/measure", "payload": {"arena_id": "default", "robot_id": "202601002029", "request_id": "cbc768a3764e41e8bdce449409fcadda", "position": {"x": 814.3727970687335, "y": -1016.2962302125813}, "channel": 5}, "attempt": 1}
2026-09-12 15:32:52,566 INFO response {"request_id": "cbc768a3764e41e8bdce449409fcadda", "http_status": 200, "body": {"accepted": true, "real_timestamp_ms": 1789198369231, "virtual_time_s": 2033.119219, "measure_result": "direction", "svd_deg": 122.68}}
2026-09-12 15:32:52,588 INFO request {"path": "/measure", "payload": {"arena_id": "default", "robot_id": "202601002029", "request_id": "7607883dd1014a158857adaf63611b9b", "position": {"x": 814.3727970687335, "y": -1016.2962302125813}, "channel": 3}, "attempt": 1}
2026-09-12 15:32:52,589 INFO response {"request_id": "7607883dd1014a158857adaf63611b9b", "http_status": 200, "body": {"accepted": true, "real_timestamp_ms": 1789198369254, "virtual_time_s": 2039.119219, "measure_result": "direction", "svd_deg": 257.48}}
2026-09-12 15:32:52,602 INFO request {"path": "/measure", "payload": {"arena_id": "default", "robot_id": "202601002029", "request_id": "bbfe08159681481cb0b80a70803af9ba", "position": {"x": 814.3727970687335, "y": -1016.2962302125813}, "channel": 8}, "attempt": 1}
2026-09-12 15:32:52,603 INFO response {"request_id": "bbfe08159681481cb0b80a70803af9ba", "http_status": 200, "body": {"accepted": true, "real_timestamp_ms": 1789198369267, "virtual_time_s": 2045.119219, "measure_result": "direction", "svd_deg": 145.99}}
2026-09-12 15:32:52,607 INFO request {"path": "/clear", "payload": {"arena_id": "default", "robot_id": "202601002029", "request_id": "a237485feaa648008dce3b298e3f0f5c", "position": {"x": 738.0256162052042, "y": -1361.2410865363067}, "channel": 3}, "attempt": 1}
2026-09-12 15:32:52,608 INFO response {"request_id": "a237485feaa648008dce3b298e3f0f5c", "http_status": 200, "body": {"accepted": true, "real_timestamp_ms": 1789198369273, "virtual_time_s": 2120.777791, "clear_result": "success"}}
2026-09-12 15:32:52,609 INFO request {"path": "/measure", "payload": {"arena_id": "default", "robot_id": "202601002029", "request_id": "f33d150a19f64554be381c12c519ee43", "position": {"x": -475.3596020165323, "y": -1589.6900251267602}, "channel": 13}, "attempt": 1}
2026-09-12 15:32:52,626 INFO response {"request_id": "f33d150a19f64554be381c12c519ee43", "http_status": 200, "body": {"accepted": true, "real_timestamp_ms": 1789198369290, "virtual_time_s": 2373.718481, "measure_result": "direction", "svd_deg": 158.55}}
2026-09-12 15:32:52,628 INFO request {"path": "/clear", "payload": {"arena_id": "default", "robot_id": "202601002029", "request_id": "4932f907515744f4b71a9b5d377101bf", "position": {"x": -841.0362215297167, "y": -1446.1922719550726}, "channel": 13}, "attempt": 1}
2026-09-12 15:32:52,646 INFO response {"request_id": "4932f907515744f4b71a9b5d377101bf", "http_status": 200, "body": {"accepted": true, "real_timestamp_ms": 1789198369310, "virtual_time_s": 2457.283357, "clear_result": "success"}}
2026-09-12 15:32:52,647 INFO request {"path": "/measure", "payload": {"arena_id": "default", "robot_id": "202601002029", "request_id": "f4e65ac97de94438bc85e1cd03cfa4c2", "position": {"x": -32.87059985189535, "y": -1057.4522825023294}, "channel": 11}, "attempt": 1}
2026-09-12 15:32:52,649 INFO response {"request_id": "f4e65ac97de94438bc85e1cd03cfa4c2", "http_status": 200, "body": {"accepted": true, "real_timestamp_ms": 1789198369313, "virtual_time_s": 2642.643381, "measure_result": "direction", "svd_deg": 21.84}}
2026-09-12 15:32:52,698 INFO request {"path": "/measure", "payload": {"arena_id": "default", "robot_id": "202601002029", "request_id": "780563b498dd486e9345f2525a9f4aa3", "position": {"x": -32.87059985189535, "y": -1057.4522825023294}, "channel": 9}, "attempt": 1}
2026-09-12 15:32:52,700 INFO response {"request_id": "780563b498dd486e9345f2525a9f4aa3", "http_status": 200, "body": {"accepted": true, "real_timestamp_ms": 1789198369364, "virtual_time_s": 2648.643381, "measure_result": "direction", "svd_deg": 96.43}}
2026-09-12 15:32:52,722 INFO request {"path": "/measure", "payload": {"arena_id": "default", "robot_id": "202601002029", "request_id": "fdd61967aac649d380cefb3ac3d5422f", "position": {"x": -32.87059985189535, "y": -1057.4522825023294}, "channel": 12}, "attempt": 1}
2026-09-12 15:32:52,735 INFO response {"request_id": "fdd61967aac649d380cefb3ac3d5422f", "http_status": 200, "body": {"accepted": true, "real_timestamp_ms": 1789198369400, "virtual_time_s": 2654.643381, "measure_result": "direction", "svd_deg": 66.93}}
2026-09-12 15:32:53,779 INFO request {"path": "/measure", "payload": {"arena_id": "default", "robot_id": "202601002029", "request_id": "2044b75ab7144f4c8b429dcdc20ef950", "position": {"x": 600.0000000000001, "y": -1039.2304845413264}, "channel": 11}, "attempt": 1}
2026-09-12 15:32:53,801 INFO response {"request_id": "2044b75ab7144f4c8b429dcdc20ef950", "http_status": 200, "body": {"accepted": true, "real_timestamp_ms": 1789198370466, "virtual_time_s": 2787.269955, "measure_result": "direction", "svd_deg": 109.21}}
2026-09-12 15:32:53,814 INFO request {"path": "/clear", "payload": {"arena_id": "default", "robot_id": "202601002029", "request_id": "79650635067142048bebc46a2c095d49", "position": {"x": 527.7525388852423, "y": -832.784736612564}, "channel": 11}, "attempt": 1}
2026-09-12 15:32:53,830 INFO response {"request_id": "79650635067142048bebc46a2c095d49", "http_status": 200, "body": {"accepted": true, "real_timestamp_ms": 1789198370494, "virtual_time_s": 2836.01446, "clear_result": "success"}}
2026-09-12 15:32:53,874 INFO request {"path": "/measure", "payload": {"arena_id": "default", "robot_id": "202601002029", "request_id": "0797975b5d014648a58e9fb6116ce98f", "position": {"x": 527.7525388852423, "y": -832.784736612564}, "channel": 9}, "attempt": 1}
2026-09-12 15:32:53,875 INFO response {"request_id": "0797975b5d014648a58e9fb6116ce98f", "http_status": 200, "body": {"accepted": true, "real_timestamp_ms": 1789198370540, "virtual_time_s": 2842.01446, "measure_result": "direction", "svd_deg": 136.47}}
2026-09-12 15:32:53,888 INFO request {"path": "/measure", "payload": {"arena_id": "default", "robot_id": "202601002029", "request_id": "2feabf772ca04ff5bcdc0078d78f9c21", "position": {"x": 527.7525388852423, "y": -832.784736612564}, "channel": 18}, "attempt": 1}
2026-09-12 15:32:53,889 INFO response {"request_id": "2feabf772ca04ff5bcdc0078d78f9c21", "http_status": 200, "body": {"accepted": true, "real_timestamp_ms": 1789198370554, "virtual_time_s": 2848.01446, "measure_result": "direction", "svd_deg": 135.9}}
2026-09-12 15:32:53,892 INFO request {"path": "/clear", "payload": {"arena_id": "default", "robot_id": "202601002029", "request_id": "afdabd480123421fb130151fd1633e89", "position": {"x": 596.5566662510399, "y": -679.4568018167822}, "channel": 5}, "attempt": 1}
2026-09-12 15:32:53,893 INFO response {"request_id": "afdabd480123421fb130151fd1633e89", "http_status": 200, "body": {"accepted": true, "real_timestamp_ms": 1789198370558, "virtual_time_s": 2886.626043, "clear_result": "success"}}
2026-09-12 15:32:53,893 INFO request {"path": "/clear", "payload": {"arena_id": "default", "robot_id": "202601002029", "request_id": "71c544922c0f429dabadc31a7b5d0816", "position": {"x": 223.6848573743544, "y": -623.9713738806224}, "channel": 8}, "attempt": 1}
2026-09-12 15:32:53,894 INFO response {"request_id": "71c544922c0f429dabadc31a7b5d0816", "http_status": 200, "body": {"accepted": true, "real_timestamp_ms": 1789198370558, "virtual_time_s": 2967.021539, "clear_result": "success"}}
2026-09-12 15:32:53,895 INFO request {"path": "/clear", "payload": {"arena_id": "default", "robot_id": "202601002029", "request_id": "8a541be7156e499dba1dd941f4ab475b", "position": {"x": -132.67168383984935, "y": -205.23203904413973}, "channel": 9}, "attempt": 1}
2026-09-12 15:32:53,909 INFO response {"request_id": "8a541be7156e499dba1dd941f4ab475b", "http_status": 200, "body": {"accepted": true, "real_timestamp_ms": 1789198370573, "virtual_time_s": 3081.991101, "clear_result": "success"}}
2026-09-12 15:32:53,910 INFO request {"path": "/clear", "payload": {"arena_id": "default", "robot_id": "202601002029", "request_id": "a0b3ff1509cf44f48037907f212966a3", "position": {"x": -144.27273470972025, "y": -179.27312004371635}, "channel": 18}, "attempt": 1}
2026-09-12 15:32:53,929 INFO response {"request_id": "a0b3ff1509cf44f48037907f212966a3", "http_status": 200, "body": {"accepted": true, "real_timestamp_ms": 1789198370593, "virtual_time_s": 3092.677752, "clear_result": "success"}}
2026-09-12 15:32:53,930 INFO request {"path": "/clear", "payload": {"arena_id": "default", "robot_id": "202601002029", "request_id": "21a839a21acf4cd28dbd4e85a93fd0f1", "position": {"x": 323.9577843801958, "y": -207.04204319780257}, "channel": 12}, "attempt": 1}
2026-09-12 15:32:53,931 INFO response {"request_id": "21a839a21acf4cd28dbd4e85a93fd0f1", "http_status": 200, "body": {"accepted": true, "real_timestamp_ms": 1789198370595, "virtual_time_s": 3191.488398, "clear_result": "success"}}
2026-09-12 15:32:53,931 INFO request {"path": "/clear", "payload": {"arena_id": "default", "robot_id": "202601002029", "request_id": "03efa1b0f7c441dea5ff1d7c7b18dd82", "position": {"x": 672.4202591296064, "y": 512.1119745175364}, "channel": 19}, "attempt": 1}
2026-09-12 15:32:53,933 INFO response {"request_id": "03efa1b0f7c441dea5ff1d7c7b18dd82", "http_status": 200, "body": {"accepted": true, "real_timestamp_ms": 1789198370598, "virtual_time_s": 3356.314378, "clear_result": "success"}}
2026-09-12 15:32:53,933 INFO request {"path": "/clear", "payload": {"arena_id": "default", "robot_id": "202601002029", "request_id": "86197e29e882419b9c209743d557fb99", "position": {"x": 110.73181394415136, "y": 876.005947260315}, "channel": 15}, "attempt": 1}
2026-09-12 15:32:53,935 INFO response {"request_id": "86197e29e882419b9c209743d557fb99", "http_status": 200, "body": {"accepted": true, "real_timestamp_ms": 1789198370600, "virtual_time_s": 3495.166944, "clear_result": "success"}}
2026-09-12 15:32:53,958 INFO request {"path": "/measure", "payload": {"arena_id": "default", "robot_id": "202601002029", "request_id": "29f95daae0024652a68d58cc26aa75e5", "position": {"x": 110.73181394415136, "y": 876.005947260315}, "channel": 17}, "attempt": 1}
2026-09-12 15:32:53,978 INFO response {"request_id": "29f95daae0024652a68d58cc26aa75e5", "http_status": 200, "body": {"accepted": true, "real_timestamp_ms": 1789198370643, "virtual_time_s": 3501.166944, "measure_result": "direction", "svd_deg": 173.57}}
2026-09-12 15:32:54,503 INFO request {"path": "/measure", "payload": {"arena_id": "default", "robot_id": "202601002029", "request_id": "5299a25ac29d429b93212145e9a2260a", "position": {"x": 237.37720814470245, "y": 1383.9549564350248}, "channel": 6}, "attempt": 1}
2026-09-12 15:32:54,505 INFO response {"request_id": "5299a25ac29d429b93212145e9a2260a", "http_status": 200, "body": {"accepted": true, "real_timestamp_ms": 1789198371169, "virtual_time_s": 3611.866753, "measure_result": "direction", "svd_deg": 122.92}}
2026-09-12 15:32:54,516 INFO request {"path": "/measure", "payload": {"arena_id": "default", "robot_id": "202601002029", "request_id": "4a40734872c94f0c9c7126572f517299", "position": {"x": 237.37720814470245, "y": 1383.9549564350248}, "channel": 17}, "attempt": 1}
2026-09-12 15:32:54,517 INFO response {"request_id": "4a40734872c94f0c9c7126572f517299", "http_status": 200, "body": {"accepted": true, "real_timestamp_ms": 1789198371182, "virtual_time_s": 3617.866753, "measure_result": "direction", "svd_deg": 210.17}}
2026-09-12 15:32:55,102 INFO request {"path": "/clear", "payload": {"arena_id": "default", "robot_id": "202601002029", "request_id": "444e4ec260874b6f848e05a18b154380", "position": {"x": 18.98681966332448, "y": 1720.4821197571564}, "channel": 6}, "attempt": 1}
2026-09-12 15:32:55,114 INFO response {"request_id": "444e4ec260874b6f848e05a18b154380", "http_status": 200, "body": {"accepted": true, "real_timestamp_ms": 1789198371779, "virtual_time_s": 3703.102629, "clear_result": "success"}}
2026-09-12 15:32:55,135 INFO request {"path": "/measure", "payload": {"arena_id": "default", "robot_id": "202601002029", "request_id": "e5a2b1461716470182faf4457f571f83", "position": {"x": 18.98681966332448, "y": 1720.4821197571564}, "channel": 17}, "attempt": 1}
2026-09-12 15:32:55,136 INFO response {"request_id": "e5a2b1461716470182faf4457f571f83", "http_status": 200, "body": {"accepted": true, "real_timestamp_ms": 1789198371801, "virtual_time_s": 3708.102629, "measure_result": "direction", "svd_deg": 235.6}}
2026-09-12 15:32:55,140 INFO request {"path": "/clear", "payload": {"arena_id": "default", "robot_id": "202601002029", "request_id": "6331e53c61de4be980fe1cd10a1983b3", "position": {"x": -506.2337081302659, "y": 952.7580617322019}, "channel": 17}, "attempt": 1}
2026-09-12 15:32:55,141 INFO response {"request_id": "6331e53c61de4be980fe1cd10a1983b3", "http_status": 200, "body": {"accepted": true, "real_timestamp_ms": 1789198371806, "virtual_time_s": 3899.140994, "clear_result": "success"}}
2026-09-12 15:32:55,141 INFO request {"path": "/exit", "payload": {"arena_id": "default", "robot_id": "202601002029", "request_id": "f78243c9626a439fbe9ce459a1208e80"}, "attempt": 1}
2026-09-12 15:32:55,142 INFO response {"request_id": "f78243c9626a439fbe9ce459a1208e80", "http_status": 200, "body": {"accepted": true, "real_timestamp_ms": 1789198371807, "virtual_time_s": 3899.140994, "exit_reason": "user_exit"}}
