2026-09-12 13:37:07,443 INFO request {"path": "/enter", "payload": {"arena_id": "default", "robot_id": "202601002029", "request_id": "86ff26a2c7a943299da8ff748bc72fcd"}, "attempt": 1}
2026-09-12 13:37:07,447 INFO response {"request_id": "86ff26a2c7a943299da8ff748bc72fcd", "http_status": 200, "body": {"accepted": true, "real_timestamp_ms": 1789191424076, "virtual_time_s": 0, "max_virtual_duration_s": 360000, "max_real_duration_s": 1200, "remaining_real_duration_s": 1200}}
2026-09-12 13:37:07,448 INFO request {"path": "/measure", "payload": {"arena_id": "default", "robot_id": "202601002029", "request_id": "6b858d35d9164d09bbea363aaea49964", "position": {"x": 0.0, "y": 0.0}, "channel": 1}, "attempt": 1}
2026-09-12 13:37:07,464 INFO response {"request_id": "6b858d35d9164d09bbea363aaea49964", "http_status": 200, "body": {"accepted": true, "real_timestamp_ms": 1789191424092, "virtual_time_s": 5, "measure_result": "no_signal"}}
2026-09-12 13:37:07,466 INFO request {"path": "/measure", "payload": {"arena_id": "default", "robot_id": "202601002029", "request_id": "0858b035d31a40809ab1542b38b486ef", "position": {"x": 0.0, "y": 0.0}, "channel": 2}, "attempt": 1}
2026-09-12 13:37:07,468 INFO response {"request_id": "0858b035d31a40809ab1542b38b486ef", "http_status": 200, "body": {"accepted": true, "real_timestamp_ms": 1789191424096, "virtual_time_s": 11, "measure_result": "no_signal"}}
2026-09-12 13:37:07,468 INFO request {"path": "/measure", "payload": {"arena_id": "default", "robot_id": "202601002029", "request_id": "d877ca515697499aaad01c0bea4ea294", "position": {"x": 0.0, "y": 0.0}, "channel": 3}, "attempt": 1}
2026-09-12 13:37:07,469 INFO response {"request_id": "d877ca515697499aaad01c0bea4ea294", "http_status": 200, "body": {"accepted": true, "real_timestamp_ms": 1789191424097, "virtual_time_s": 17, "measure_result": "no_signal"}}
2026-09-12 13:37:07,469 INFO request {"path": "/measure", "payload": {"arena_id": "default", "robot_id": "202601002029", "request_id": "ec87bce4f7d24c37a1e008cdb4e40c78", "position": {"x": 0.0, "y": 0.0}, "channel": 4}, "attempt": 1}
2026-09-12 13:37:07,484 INFO response {"request_id": "ec87bce4f7d24c37a1e008cdb4e40c78", "http_status": 200, "body": {"accepted": true, "real_timestamp_ms": 1789191424112, "virtual_time_s": 23, "measure_result": "direction", "svd_deg": 233.13}}
2026-09-12 13:37:07,488 INFO request {"path": "/measure", "payload": {"arena_id": "default", "robot_id": "202601002029", "request_id": "81353ddac2cb4315943a6e33224961d4", "position": {"x": 0.0, "y": 0.0}, "channel": 5}, "attempt": 1}
2026-09-12 13:37:07,489 INFO response {"request_id": "81353ddac2cb4315943a6e33224961d4", "http_status": 200, "body": {"accepted": true, "real_timestamp_ms": 1789191424118, "virtual_time_s": 29, "measure_result": "no_signal"}}
2026-09-12 13:37:07,490 INFO request {"path": "/measure", "payload": {"arena_id": "default", "robot_id": "202601002029", "request_id": "40f314ebd6de43cbac908e9fc6f3a7e9", "position": {"x": 0.0, "y": 0.0}, "channel": 6}, "attempt": 1}
2026-09-12 13:37:07,490 INFO response {"request_id": "40f314ebd6de43cbac908e9fc6f3a7e9", "http_status": 200, "body": {"accepted": true, "real_timestamp_ms": 1789191424119, "virtual_time_s": 35, "measure_result": "no_signal"}}
2026-09-12 13:37:07,490 INFO request {"path": "/measure", "payload": {"arena_id": "default", "robot_id": "202601002029", "request_id": "ca23c39e33804a08ae7933e3389e5373", "position": {"x": 0.0, "y": 0.0}, "channel": 7}, "attempt": 1}
2026-09-12 13:37:07,492 INFO response {"request_id": "ca23c39e33804a08ae7933e3389e5373", "http_status": 200, "body": {"accepted": true, "real_timestamp_ms": 1789191424120, "virtual_time_s": 41, "measure_result": "direction", "svd_deg": 76.88}}
2026-09-12 13:37:07,495 INFO request {"path": "/measure", "payload": {"arena_id": "default", "robot_id": "202601002029", "request_id": "2aeb0c842c864bdaabb1941d0549590f", "position": {"x": 0.0, "y": 0.0}, "channel": 8}, "attempt": 1}
2026-09-12 13:37:07,496 INFO response {"request_id": "2aeb0c842c864bdaabb1941d0549590f", "http_status": 200, "body": {"accepted": true, "real_timestamp_ms": 1789191424124, "virtual_time_s": 47, "measure_result": "no_signal"}}
2026-09-12 13:37:07,496 INFO request {"path": "/measure", "payload": {"arena_id": "default", "robot_id": "202601002029", "request_id": "42fa56a88cd948a284caa468751c5184", "position": {"x": 0.0, "y": 0.0}, "channel": 9}, "attempt": 1}
2026-09-12 13:37:07,515 INFO response {"request_id": "42fa56a88cd948a284caa468751c5184", "http_status": 200, "body": {"accepted": true, "real_timestamp_ms": 1789191424143, "virtual_time_s": 53, "measure_result": "no_signal"}}
2026-09-12 13:37:07,515 INFO request {"path": "/measure", "payload": {"arena_id": "default", "robot_id": "202601002029", "request_id": "cb6e66db88234f94bc10c3a8a51ec4e5", "position": {"x": 0.0, "y": 0.0}, "channel": 10}, "attempt": 1}
2026-09-12 13:37:07,534 INFO response {"request_id": "cb6e66db88234f94bc10c3a8a51ec4e5", "http_status": 200, "body": {"accepted": true, "real_timestamp_ms": 1789191424162, "virtual_time_s": 59, "measure_result": "no_signal"}}
2026-09-12 13:37:07,535 INFO request {"path": "/measure", "payload": {"arena_id": "default", "robot_id": "202601002029", "request_id": "418d8312c9374eeab27b912a5e12e696", "position": {"x": 0.0, "y": 0.0}, "channel": 11}, "attempt": 1}
2026-09-12 13:37:07,553 INFO response {"request_id": "418d8312c9374eeab27b912a5e12e696", "http_status": 200, "body": {"accepted": true, "real_timestamp_ms": 1789191424181, "virtual_time_s": 65, "measure_result": "direction", "svd_deg": 190.87}}
2026-09-12 13:37:07,558 INFO request {"path": "/measure", "payload": {"arena_id": "default", "robot_id": "202601002029", "request_id": "3cf0700b46f04d5a87d0e6da6cbfceb5", "position": {"x": 0.0, "y": 0.0}, "channel": 12}, "attempt": 1}
2026-09-12 13:37:07,560 INFO response {"request_id": "3cf0700b46f04d5a87d0e6da6cbfceb5", "http_status": 200, "body": {"accepted": true, "real_timestamp_ms": 1789191424188, "virtual_time_s": 71, "measure_result": "no_signal"}}
2026-09-12 13:37:07,560 INFO request {"path": "/measure", "payload": {"arena_id": "default", "robot_id": "202601002029", "request_id": "73e706d19f5145598cc53830a9f8761a", "position": {"x": 0.0, "y": 0.0}, "channel": 13}, "attempt": 1}
2026-09-12 13:37:07,573 INFO response {"request_id": "73e706d19f5145598cc53830a9f8761a", "http_status": 200, "body": {"accepted": true, "real_timestamp_ms": 1789191424201, "virtual_time_s": 77, "measure_result": "no_signal"}}
2026-09-12 13:37:07,573 INFO request {"path": "/measure", "payload": {"arena_id": "default", "robot_id": "202601002029", "request_id": "1e22520bd0264ae5aca6e16328153f19", "position": {"x": 0.0, "y": 0.0}, "channel": 14}, "attempt": 1}
2026-09-12 13:37:07,575 INFO response {"request_id": "1e22520bd0264ae5aca6e16328153f19", "http_status": 200, "body": {"accepted": true, "real_timestamp_ms": 1789191424203, "virtual_time_s": 83, "measure_result": "no_signal"}}
2026-09-12 13:37:07,575 INFO request {"path": "/measure", "payload": {"arena_id": "default", "robot_id": "202601002029", "request_id": "5b5c41234a3f4ee99b6ac03ac9464b05", "position": {"x": 0.0, "y": 0.0}, "channel": 15}, "attempt": 1}
2026-09-12 13:37:07,577 INFO response {"request_id": "5b5c41234a3f4ee99b6ac03ac9464b05", "http_status": 200, "body": {"accepted": true, "real_timestamp_ms": 1789191424205, "virtual_time_s": 89, "measure_result": "no_signal"}}
2026-09-12 13:37:07,577 INFO request {"path": "/measure", "payload": {"arena_id": "default", "robot_id": "202601002029", "request_id": "08e15949d815415db513aa4ac9cf8188", "position": {"x": 0.0, "y": 0.0}, "channel": 16}, "attempt": 1}
2026-09-12 13:37:07,593 INFO response {"request_id": "08e15949d815415db513aa4ac9cf8188", "http_status": 200, "body": {"accepted": true, "real_timestamp_ms": 1789191424220, "virtual_time_s": 95, "measure_result": "direction", "svd_deg": 299.69}}
2026-09-12 13:37:07,598 INFO request {"path": "/measure", "payload": {"arena_id": "default", "robot_id": "202601002029", "request_id": "1e526252fcca4580b05c8b478431f9f3", "position": {"x": 0.0, "y": 0.0}, "channel": 17}, "attempt": 1}
2026-09-12 13:37:07,612 INFO response {"request_id": "1e526252fcca4580b05c8b478431f9f3", "http_status": 200, "body": {"accepted": true, "real_timestamp_ms": 1789191424240, "virtual_time_s": 101, "measure_result": "no_signal"}}
2026-09-12 13:37:07,612 INFO request {"path": "/measure", "payload": {"arena_id": "default", "robot_id": "202601002029", "request_id": "0467f08d6cb94ed5907fd0dae0267a4a", "position": {"x": 0.0, "y": 0.0}, "channel": 18}, "attempt": 1}
2026-09-12 13:37:07,632 INFO response {"request_id": "0467f08d6cb94ed5907fd0dae0267a4a", "http_status": 200, "body": {"accepted": true, "real_timestamp_ms": 1789191424259, "virtual_time_s": 107, "measure_result": "no_signal"}}
2026-09-12 13:37:07,632 INFO request {"path": "/measure", "payload": {"arena_id": "default", "robot_id": "202601002029", "request_id": "43dc0c3abd034e1e8068d7588e71f369", "position": {"x": 0.0, "y": 0.0}, "channel": 19}, "attempt": 1}
2026-09-12 13:37:07,651 INFO response {"request_id": "43dc0c3abd034e1e8068d7588e71f369", "http_status": 200, "body": {"accepted": true, "real_timestamp_ms": 1789191424279, "virtual_time_s": 113, "measure_result": "direction", "svd_deg": 261.04}}
2026-09-12 13:37:07,656 INFO request {"path": "/measure", "payload": {"arena_id": "default", "robot_id": "202601002029", "request_id": "8c5000597fc940b4b19763f1f9f63474", "position": {"x": 0.0, "y": 0.0}, "channel": 20}, "attempt": 1}
2026-09-12 13:37:07,672 INFO response {"request_id": "8c5000597fc940b4b19763f1f9f63474", "http_status": 200, "body": {"accepted": true, "real_timestamp_ms": 1789191424300, "virtual_time_s": 119, "measure_result": "no_signal"}}
2026-09-12 13:37:07,673 INFO request {"path": "/measure", "payload": {"arena_id": "default", "robot_id": "202601002029", "request_id": "a75eeaad64b04ba98d58fdf8967276d1", "position": {"x": 1200.0, "y": 0.0}, "channel": 20}, "attempt": 1}
2026-09-12 13:37:07,692 INFO response {"request_id": "a75eeaad64b04ba98d58fdf8967276d1", "http_status": 200, "body": {"accepted": true, "real_timestamp_ms": 1789191424319, "virtual_time_s": 364, "measure_result": "no_signal"}}
2026-09-12 13:37:07,692 INFO request {"path": "/measure", "payload": {"arena_id": "default", "robot_id": "202601002029", "request_id": "86844bcd70da4139b768e3b1965e8c66", "position": {"x": 1200.0, "y": 0.0}, "channel": 1}, "attempt": 1}
2026-09-12 13:37:07,711 INFO response {"request_id": "86844bcd70da4139b768e3b1965e8c66", "http_status": 200, "body": {"accepted": true, "real_timestamp_ms": 1789191424339, "virtual_time_s": 370, "measure_result": "no_signal"}}
2026-09-12 13:37:07,712 INFO request {"path": "/measure", "payload": {"arena_id": "default", "robot_id": "202601002029", "request_id": "74c0b2631e644e2a9ae1683968534aa3", "position": {"x": 1200.0, "y": 0.0}, "channel": 2}, "attempt": 1}
2026-09-12 13:37:07,713 INFO response {"request_id": "74c0b2631e644e2a9ae1683968534aa3", "http_status": 200, "body": {"accepted": true, "real_timestamp_ms": 1789191424341, "virtual_time_s": 376, "measure_result": "no_signal"}}
2026-09-12 13:37:07,714 INFO request {"path": "/measure", "payload": {"arena_id": "default", "robot_id": "202601002029", "request_id": "7554f38fed854e039ddcc54debc421be", "position": {"x": 1200.0, "y": 0.0}, "channel": 3}, "attempt": 1}
2026-09-12 13:37:07,716 INFO response {"request_id": "7554f38fed854e039ddcc54debc421be", "http_status": 200, "body": {"accepted": true, "real_timestamp_ms": 1789191424344, "virtual_time_s": 382, "measure_result": "no_signal"}}
2026-09-12 13:37:07,716 INFO request {"path": "/measure", "payload": {"arena_id": "default", "robot_id": "202601002029", "request_id": "4f6dba6b9dcf47b99ccf64feca9f618f", "position": {"x": 1200.0, "y": 0.0}, "channel": 5}, "attempt": 1}
2026-09-12 13:37:07,718 INFO response {"request_id": "4f6dba6b9dcf47b99ccf64feca9f618f", "http_status": 200, "body": {"accepted": true, "real_timestamp_ms": 1789191424346, "virtual_time_s": 388, "measure_result": "no_signal"}}
2026-09-12 13:37:07,718 INFO request {"path": "/measure", "payload": {"arena_id": "default", "robot_id": "202601002029", "request_id": "9749103253674b5a95355d20f8bd0d88", "position": {"x": 1200.0, "y": 0.0}, "channel": 6}, "attempt": 1}
2026-09-12 13:37:07,719 INFO response {"request_id": "9749103253674b5a95355d20f8bd0d88", "http_status": 200, "body": {"accepted": true, "real_timestamp_ms": 1789191424347, "virtual_time_s": 394, "measure_result": "no_signal"}}
2026-09-12 13:37:07,719 INFO request {"path": "/measure", "payload": {"arena_id": "default", "robot_id": "202601002029", "request_id": "e85580ab521c49eaac884be0ff0f067a", "position": {"x": 1200.0, "y": 0.0}, "channel": 8}, "attempt": 1}
2026-09-12 13:37:07,721 INFO response {"request_id": "e85580ab521c49eaac884be0ff0f067a", "http_status": 200, "body": {"accepted": true, "real_timestamp_ms": 1789191424349, "virtual_time_s": 400, "measure_result": "direction", "svd_deg": 59.05}}
2026-09-12 13:37:07,725 INFO request {"path": "/measure", "payload": {"arena_id": "default", "robot_id": "202601002029", "request_id": "fddf237a2ba64481b336f3ef822f5f11", "position": {"x": 1200.0, "y": 0.0}, "channel": 9}, "attempt": 1}
2026-09-12 13:37:07,726 INFO response {"request_id": "fddf237a2ba64481b336f3ef822f5f11", "http_status": 200, "body": {"accepted": true, "real_timestamp_ms": 1789191424354, "virtual_time_s": 406, "measure_result": "no_signal"}}
2026-09-12 13:37:07,726 INFO request {"path": "/measure", "payload": {"arena_id": "default", "robot_id": "202601002029", "request_id": "022a72464fae401cbd87de463b048c6c", "position": {"x": 1200.0, "y": 0.0}, "channel": 10}, "attempt": 1}
2026-09-12 13:37:07,727 INFO response {"request_id": "022a72464fae401cbd87de463b048c6c", "http_status": 200, "body": {"accepted": true, "real_timestamp_ms": 1789191424356, "virtual_time_s": 412, "measure_result": "no_signal"}}
2026-09-12 13:37:07,728 INFO request {"path": "/measure", "payload": {"arena_id": "default", "robot_id": "202601002029", "request_id": "fa480fe9a06e48aeb9df7ee8bb9dbe44", "position": {"x": 1200.0, "y": 0.0}, "channel": 12}, "attempt": 1}
2026-09-12 13:37:07,741 INFO response {"request_id": "fa480fe9a06e48aeb9df7ee8bb9dbe44", "http_status": 200, "body": {"accepted": true, "real_timestamp_ms": 1789191424368, "virtual_time_s": 418, "measure_result": "no_signal"}}
2026-09-12 13:37:07,741 INFO request {"path": "/measure", "payload": {"arena_id": "default", "robot_id": "202601002029", "request_id": "d1ba36fb852a4ce08947b7e91f32c79c", "position": {"x": 1200.0, "y": 0.0}, "channel": 13}, "attempt": 1}
2026-09-12 13:37:07,742 INFO response {"request_id": "d1ba36fb852a4ce08947b7e91f32c79c", "http_status": 200, "body": {"accepted": true, "real_timestamp_ms": 1789191424370, "virtual_time_s": 424, "measure_result": "no_signal"}}
2026-09-12 13:37:07,743 INFO request {"path": "/measure", "payload": {"arena_id": "default", "robot_id": "202601002029", "request_id": "3bb447f3bd29409f979e7b2359ea7145", "position": {"x": 1200.0, "y": 0.0}, "channel": 14}, "attempt": 1}
2026-09-12 13:37:07,760 INFO response {"request_id": "3bb447f3bd29409f979e7b2359ea7145", "http_status": 200, "body": {"accepted": true, "real_timestamp_ms": 1789191424388, "virtual_time_s": 430, "measure_result": "no_signal"}}
2026-09-12 13:37:07,760 INFO request {"path": "/measure", "payload": {"arena_id": "default", "robot_id": "202601002029", "request_id": "73b5981cfad5449198a57bbb6264de62", "position": {"x": 1200.0, "y": 0.0}, "channel": 15}, "attempt": 1}
2026-09-12 13:37:07,780 INFO response {"request_id": "73b5981cfad5449198a57bbb6264de62", "http_status": 200, "body": {"accepted": true, "real_timestamp_ms": 1789191424408, "virtual_time_s": 436, "measure_result": "no_signal"}}
2026-09-12 13:37:07,780 INFO request {"path": "/measure", "payload": {"arena_id": "default", "robot_id": "202601002029", "request_id": "98e36656804344e095a77f04ef200c29", "position": {"x": 1200.0, "y": 0.0}, "channel": 17}, "attempt": 1}
2026-09-12 13:37:07,782 INFO response {"request_id": "98e36656804344e095a77f04ef200c29", "http_status": 200, "body": {"accepted": true, "real_timestamp_ms": 1789191424410, "virtual_time_s": 442, "measure_result": "direction", "svd_deg": 21.4}}
2026-09-12 13:37:07,785 INFO request {"path": "/measure", "payload": {"arena_id": "default", "robot_id": "202601002029", "request_id": "635816533d5c4b9cae36e64192e83414", "position": {"x": 1200.0, "y": 0.0}, "channel": 18}, "attempt": 1}
2026-09-12 13:37:07,800 INFO response {"request_id": "635816533d5c4b9cae36e64192e83414", "http_status": 200, "body": {"accepted": true, "real_timestamp_ms": 1789191424428, "virtual_time_s": 448, "measure_result": "no_signal"}}
2026-09-12 13:37:07,800 INFO request {"path": "/measure", "payload": {"arena_id": "default", "robot_id": "202601002029", "request_id": "a6ff6e65578e432d8298fae26bea9c62", "position": {"x": 600.0000000000001, "y": 1039.2304845413264}, "channel": 18}, "attempt": 1}
2026-09-12 13:37:07,802 INFO response {"request_id": "a6ff6e65578e432d8298fae26bea9c62", "http_status": 200, "body": {"accepted": true, "real_timestamp_ms": 1789191424430, "virtual_time_s": 693, "measure_result": "no_signal"}}
2026-09-12 13:37:07,802 INFO request {"path": "/measure", "payload": {"arena_id": "default", "robot_id": "202601002029", "request_id": "f2a8a8723a7647f5a3b7584ab6ca3363", "position": {"x": 600.0000000000001, "y": 1039.2304845413264}, "channel": 1}, "attempt": 1}
2026-09-12 13:37:07,819 INFO response {"request_id": "f2a8a8723a7647f5a3b7584ab6ca3363", "http_status": 200, "body": {"accepted": true, "real_timestamp_ms": 1789191424447, "virtual_time_s": 699, "measure_result": "no_signal"}}
2026-09-12 13:37:07,820 INFO request {"path": "/measure", "payload": {"arena_id": "default", "robot_id": "202601002029", "request_id": "b8366d75073249e19a39e11873f70b88", "position": {"x": 600.0000000000001, "y": 1039.2304845413264}, "channel": 2}, "attempt": 1}
2026-09-12 13:37:07,821 INFO response {"request_id": "b8366d75073249e19a39e11873f70b88", "http_status": 200, "body": {"accepted": true, "real_timestamp_ms": 1789191424449, "virtual_time_s": 705, "measure_result": "no_signal"}}
2026-09-12 13:37:07,821 INFO request {"path": "/measure", "payload": {"arena_id": "default", "robot_id": "202601002029", "request_id": "37f51fd75cc74f408c43f65e197399b7", "position": {"x": 600.0000000000001, "y": 1039.2304845413264}, "channel": 3}, "attempt": 1}
2026-09-12 13:37:07,839 INFO response {"request_id": "37f51fd75cc74f408c43f65e197399b7", "http_status": 200, "body": {"accepted": true, "real_timestamp_ms": 1789191424467, "virtual_time_s": 711, "measure_result": "no_signal"}}
2026-09-12 13:37:07,839 INFO request {"path": "/measure", "payload": {"arena_id": "default", "robot_id": "202601002029", "request_id": "13f65d6c3e004c0581dcd3341d70c88d", "position": {"x": 600.0000000000001, "y": 1039.2304845413264}, "channel": 5}, "attempt": 1}
2026-09-12 13:37:07,859 INFO response {"request_id": "13f65d6c3e004c0581dcd3341d70c88d", "http_status": 200, "body": {"accepted": true, "real_timestamp_ms": 1789191424487, "virtual_time_s": 717, "measure_result": "no_signal"}}
2026-09-12 13:37:07,859 INFO request {"path": "/measure", "payload": {"arena_id": "default", "robot_id": "202601002029", "request_id": "5e3817dbd72844e7abe1f5e40cbf6f84", "position": {"x": 600.0000000000001, "y": 1039.2304845413264}, "channel": 6}, "attempt": 1}
2026-09-12 13:37:07,860 INFO response {"request_id": "5e3817dbd72844e7abe1f5e40cbf6f84", "http_status": 200, "body": {"accepted": true, "real_timestamp_ms": 1789191424488, "virtual_time_s": 723, "measure_result": "no_signal"}}
2026-09-12 13:37:07,860 INFO request {"path": "/measure", "payload": {"arena_id": "default", "robot_id": "202601002029", "request_id": "5aa2c00fb4cd4714a257418a52ec03f5", "position": {"x": 600.0000000000001, "y": 1039.2304845413264}, "channel": 9}, "attempt": 1}
2026-09-12 13:37:07,862 INFO response {"request_id": "5aa2c00fb4cd4714a257418a52ec03f5", "http_status": 200, "body": {"accepted": true, "real_timestamp_ms": 1789191424490, "virtual_time_s": 729, "measure_result": "no_signal"}}
2026-09-12 13:37:07,862 INFO request {"path": "/measure", "payload": {"arena_id": "default", "robot_id": "202601002029", "request_id": "b66f05d12e714552a6f73f8e8d03e8da", "position": {"x": 600.0000000000001, "y": 1039.2304845413264}, "channel": 10}, "attempt": 1}
2026-09-12 13:37:07,877 INFO response {"request_id": "b66f05d12e714552a6f73f8e8d03e8da", "http_status": 200, "body": {"accepted": true, "real_timestamp_ms": 1789191424506, "virtual_time_s": 735, "measure_result": "no_signal"}}
2026-09-12 13:37:07,878 INFO request {"path": "/measure", "payload": {"arena_id": "default", "robot_id": "202601002029", "request_id": "3213b7871e7a4bdf9bded43d89b5f6ac", "position": {"x": 600.0000000000001, "y": 1039.2304845413264}, "channel": 12}, "attempt": 1}
2026-09-12 13:37:07,879 INFO response {"request_id": "3213b7871e7a4bdf9bded43d89b5f6ac", "http_status": 200, "body": {"accepted": true, "real_timestamp_ms": 1789191424507, "virtual_time_s": 741, "measure_result": "no_signal"}}
2026-09-12 13:37:07,880 INFO request {"path": "/measure", "payload": {"arena_id": "default", "robot_id": "202601002029", "request_id": "b34aa490f8f842818932845b54f59ce3", "position": {"x": 600.0000000000001, "y": 1039.2304845413264}, "channel": 13}, "attempt": 1}
2026-09-12 13:37:07,881 INFO response {"request_id": "b34aa490f8f842818932845b54f59ce3", "http_status": 200, "body": {"accepted": true, "real_timestamp_ms": 1789191424509, "virtual_time_s": 747, "measure_result": "no_signal"}}
2026-09-12 13:37:07,881 INFO request {"path": "/measure", "payload": {"arena_id": "default", "robot_id": "202601002029", "request_id": "7276301441a942d7bc3223d29297a6f5", "position": {"x": 600.0000000000001, "y": 1039.2304845413264}, "channel": 14}, "attempt": 1}
2026-09-12 13:37:07,882 INFO response {"request_id": "7276301441a942d7bc3223d29297a6f5", "http_status": 200, "body": {"accepted": true, "real_timestamp_ms": 1789191424511, "virtual_time_s": 753, "measure_result": "no_signal"}}
2026-09-12 13:37:07,882 INFO request {"path": "/measure", "payload": {"arena_id": "default", "robot_id": "202601002029", "request_id": "8a0da59b4e254209aa041eb427229438", "position": {"x": 600.0000000000001, "y": 1039.2304845413264}, "channel": 15}, "attempt": 1}
2026-09-12 13:37:07,884 INFO response {"request_id": "8a0da59b4e254209aa041eb427229438", "http_status": 200, "body": {"accepted": true, "real_timestamp_ms": 1789191424512, "virtual_time_s": 759, "measure_result": "no_signal"}}
2026-09-12 13:37:07,884 INFO request {"path": "/measure", "payload": {"arena_id": "default", "robot_id": "202601002029", "request_id": "de17ea6e80954d6c96395f7b6e36ba5b", "position": {"x": 600.0000000000001, "y": 1039.2304845413264}, "channel": 20}, "attempt": 1}
2026-09-12 13:37:07,885 INFO response {"request_id": "de17ea6e80954d6c96395f7b6e36ba5b", "http_status": 200, "body": {"accepted": true, "real_timestamp_ms": 1789191424513, "virtual_time_s": 765, "measure_result": "no_signal"}}
2026-09-12 13:37:07,911 INFO request {"path": "/measure", "payload": {"arena_id": "default", "robot_id": "202601002029", "request_id": "975d7b6e39514d91be67210c914badba", "position": {"x": 600.0000000000001, "y": 1039.2304845413264}, "channel": 7}, "attempt": 1}
2026-09-12 13:37:07,911 INFO response {"request_id": "975d7b6e39514d91be67210c914badba", "http_status": 200, "body": {"accepted": true, "real_timestamp_ms": 1789191424540, "virtual_time_s": 771, "measure_result": "direction", "svd_deg": 186.79}}
2026-09-12 13:37:07,921 INFO request {"path": "/measure", "payload": {"arena_id": "default", "robot_id": "202601002029", "request_id": "bf339d6a34794f11b6fb5f24149e422f", "position": {"x": 600.0000000000001, "y": 1039.2304845413264}, "channel": 8}, "attempt": 1}
2026-09-12 13:37:07,937 INFO response {"request_id": "bf339d6a34794f11b6fb5f24149e422f", "http_status": 200, "body": {"accepted": true, "real_timestamp_ms": 1789191424565, "virtual_time_s": 777, "measure_result": "direction", "svd_deg": 335.5}}
2026-09-12 13:37:07,943 INFO request {"path": "/measure", "payload": {"arena_id": "default", "robot_id": "202601002029", "request_id": "920b6d3693234d5698beb745c4eba5ba", "position": {"x": -599.9999999999998, "y": 1039.2304845413264}, "channel": 1}, "attempt": 1}
2026-09-12 13:37:07,957 INFO response {"request_id": "920b6d3693234d5698beb745c4eba5ba", "http_status": 200, "body": {"accepted": true, "real_timestamp_ms": 1789191424584, "virtual_time_s": 1023, "measure_result": "no_signal"}}
2026-09-12 13:37:07,957 INFO request {"path": "/measure", "payload": {"arena_id": "default", "robot_id": "202601002029", "request_id": "38167ab086344a66a2ad79ef21b89711", "position": {"x": -599.9999999999998, "y": 1039.2304845413264}, "channel": 2}, "attempt": 1}
2026-09-12 13:37:07,976 INFO response {"request_id": "38167ab086344a66a2ad79ef21b89711", "http_status": 200, "body": {"accepted": true, "real_timestamp_ms": 1789191424604, "virtual_time_s": 1029, "measure_result": "no_signal"}}
2026-09-12 13:37:07,976 INFO request {"path": "/measure", "payload": {"arena_id": "default", "robot_id": "202601002029", "request_id": "bf7b58d2fc63453289553014b8f78c6f", "position": {"x": -599.9999999999998, "y": 1039.2304845413264}, "channel": 3}, "attempt": 1}
2026-09-12 13:37:07,997 INFO response {"request_id": "bf7b58d2fc63453289553014b8f78c6f", "http_status": 200, "body": {"accepted": true, "real_timestamp_ms": 1789191424625, "virtual_time_s": 1035, "measure_result": "no_signal"}}
2026-09-12 13:37:07,998 INFO request {"path": "/measure", "payload": {"arena_id": "default", "robot_id": "202601002029", "request_id": "08af743af98542a2bdc61b41595131bd", "position": {"x": -599.9999999999998, "y": 1039.2304845413264}, "channel": 5}, "attempt": 1}
2026-09-12 13:37:08,017 INFO response {"request_id": "08af743af98542a2bdc61b41595131bd", "http_status": 200, "body": {"accepted": true, "real_timestamp_ms": 1789191424645, "virtual_time_s": 1041, "measure_result": "no_signal"}}
2026-09-12 13:37:08,017 INFO request {"path": "/measure", "payload": {"arena_id": "default", "robot_id": "202601002029", "request_id": "856d1e2698c14eb0be4a44da67cb88d0", "position": {"x": -599.9999999999998, "y": 1039.2304845413264}, "channel": 6}, "attempt": 1}
2026-09-12 13:37:08,020 INFO response {"request_id": "856d1e2698c14eb0be4a44da67cb88d0", "http_status": 200, "body": {"accepted": true, "real_timestamp_ms": 1789191424647, "virtual_time_s": 1047, "measure_result": "no_signal"}}
2026-09-12 13:37:08,020 INFO request {"path": "/measure", "payload": {"arena_id": "default", "robot_id": "202601002029", "request_id": "82e4799fdd2540cd9b0daf84969e9d3f", "position": {"x": -599.9999999999998, "y": 1039.2304845413264}, "channel": 9}, "attempt": 1}
2026-09-12 13:37:08,022 INFO response {"request_id": "82e4799fdd2540cd9b0daf84969e9d3f", "http_status": 200, "body": {"accepted": true, "real_timestamp_ms": 1789191424650, "virtual_time_s": 1053, "measure_result": "no_signal"}}
2026-09-12 13:37:08,023 INFO request {"path": "/measure", "payload": {"arena_id": "default", "robot_id": "202601002029", "request_id": "fca9aca0a2264ef2b55be5b2198ac20a", "position": {"x": -599.9999999999998, "y": 1039.2304845413264}, "channel": 10}, "attempt": 1}
2026-09-12 13:37:08,024 INFO response {"request_id": "fca9aca0a2264ef2b55be5b2198ac20a", "http_status": 200, "body": {"accepted": true, "real_timestamp_ms": 1789191424652, "virtual_time_s": 1059, "measure_result": "no_signal"}}
2026-09-12 13:37:08,024 INFO request {"path": "/measure", "payload": {"arena_id": "default", "robot_id": "202601002029", "request_id": "28302c8ddb6b44e38f9b4e318e364182", "position": {"x": -599.9999999999998, "y": 1039.2304845413264}, "channel": 12}, "attempt": 1}
2026-09-12 13:37:08,037 INFO response {"request_id": "28302c8ddb6b44e38f9b4e318e364182", "http_status": 200, "body": {"accepted": true, "real_timestamp_ms": 1789191424665, "virtual_time_s": 1065, "measure_result": "no_signal"}}
2026-09-12 13:37:08,037 INFO request {"path": "/measure", "payload": {"arena_id": "default", "robot_id": "202601002029", "request_id": "600c2b8b964646d1a7b9eb869ac34ba5", "position": {"x": -599.9999999999998, "y": 1039.2304845413264}, "channel": 13}, "attempt": 1}
2026-09-12 13:37:08,056 INFO response {"request_id": "600c2b8b964646d1a7b9eb869ac34ba5", "http_status": 200, "body": {"accepted": true, "real_timestamp_ms": 1789191424684, "virtual_time_s": 1071, "measure_result": "no_signal"}}
2026-09-12 13:37:08,056 INFO request {"path": "/measure", "payload": {"arena_id": "default", "robot_id": "202601002029", "request_id": "fdb4f77d287a4553a1d3a8d8a240ea03", "position": {"x": -599.9999999999998, "y": 1039.2304845413264}, "channel": 14}, "attempt": 1}
2026-09-12 13:37:08,057 INFO response {"request_id": "fdb4f77d287a4553a1d3a8d8a240ea03", "http_status": 200, "body": {"accepted": true, "real_timestamp_ms": 1789191424686, "virtual_time_s": 1077, "measure_result": "no_signal"}}
2026-09-12 13:37:08,057 INFO request {"path": "/measure", "payload": {"arena_id": "default", "robot_id": "202601002029", "request_id": "5fd3d686b9c3472a8de7d1283686e43e", "position": {"x": -599.9999999999998, "y": 1039.2304845413264}, "channel": 15}, "attempt": 1}
2026-09-12 13:37:08,059 INFO response {"request_id": "5fd3d686b9c3472a8de7d1283686e43e", "http_status": 200, "body": {"accepted": true, "real_timestamp_ms": 1789191424687, "virtual_time_s": 1083, "measure_result": "no_signal"}}
2026-09-12 13:37:08,059 INFO request {"path": "/measure", "payload": {"arena_id": "default", "robot_id": "202601002029", "request_id": "6100dbff007c4c5aaeec88c44a4a0b42", "position": {"x": -599.9999999999998, "y": 1039.2304845413264}, "channel": 18}, "attempt": 1}
2026-09-12 13:37:08,059 INFO response {"request_id": "6100dbff007c4c5aaeec88c44a4a0b42", "http_status": 200, "body": {"accepted": true, "real_timestamp_ms": 1789191424687, "virtual_time_s": 1089, "measure_result": "no_signal"}}
2026-09-12 13:37:08,060 INFO request {"path": "/measure", "payload": {"arena_id": "default", "robot_id": "202601002029", "request_id": "e6ff53e300db4dc8a0b12461dd08e295", "position": {"x": -599.9999999999998, "y": 1039.2304845413264}, "channel": 20}, "attempt": 1}
2026-09-12 13:37:08,061 INFO response {"request_id": "e6ff53e300db4dc8a0b12461dd08e295", "http_status": 200, "body": {"accepted": true, "real_timestamp_ms": 1789191424689, "virtual_time_s": 1095, "measure_result": "no_signal"}}
2026-09-12 13:37:08,061 INFO request {"path": "/measure", "payload": {"arena_id": "default", "robot_id": "202601002029", "request_id": "563b4b6e69164a36845726518a436ca6", "position": {"x": -1200.0, "y": 1.4695761589768238e-13}, "channel": 20}, "attempt": 1}
2026-09-12 13:37:08,061 INFO response {"request_id": "563b4b6e69164a36845726518a436ca6", "http_status": 200, "body": {"accepted": true, "real_timestamp_ms": 1789191424690, "virtual_time_s": 1340, "measure_result": "no_signal"}}
2026-09-12 13:37:08,062 INFO request {"path": "/measure", "payload": {"arena_id": "default", "robot_id": "202601002029", "request_id": "c2e1687f6b6a4194b10b780cea11e1d7", "position": {"x": -1200.0, "y": 1.4695761589768238e-13}, "channel": 1}, "attempt": 1}
2026-09-12 13:37:08,075 INFO response {"request_id": "c2e1687f6b6a4194b10b780cea11e1d7", "http_status": 200, "body": {"accepted": true, "real_timestamp_ms": 1789191424704, "virtual_time_s": 1346, "measure_result": "no_signal"}}
2026-09-12 13:37:08,076 INFO request {"path": "/measure", "payload": {"arena_id": "default", "robot_id": "202601002029", "request_id": "752f5cd7d7784664af2eb5b86f445c6a", "position": {"x": -1200.0, "y": 1.4695761589768238e-13}, "channel": 2}, "attempt": 1}
2026-09-12 13:37:08,095 INFO response {"request_id": "752f5cd7d7784664af2eb5b86f445c6a", "http_status": 200, "body": {"accepted": true, "real_timestamp_ms": 1789191424724, "virtual_time_s": 1352, "measure_result": "no_signal"}}
2026-09-12 13:37:08,095 INFO request {"path": "/measure", "payload": {"arena_id": "default", "robot_id": "202601002029", "request_id": "766457357e4248eca0eb4a4dbd420fbf", "position": {"x": -1200.0, "y": 1.4695761589768238e-13}, "channel": 3}, "attempt": 1}
2026-09-12 13:37:08,115 INFO response {"request_id": "766457357e4248eca0eb4a4dbd420fbf", "http_status": 200, "body": {"accepted": true, "real_timestamp_ms": 1789191424743, "virtual_time_s": 1358, "measure_result": "no_signal"}}
2026-09-12 13:37:08,115 INFO request {"path": "/measure", "payload": {"arena_id": "default", "robot_id": "202601002029", "request_id": "b84f6c1b4c5a426597cd5d0ee1e0d897", "position": {"x": -1200.0, "y": 1.4695761589768238e-13}, "channel": 5}, "attempt": 1}
2026-09-12 13:37:08,117 INFO response {"request_id": "b84f6c1b4c5a426597cd5d0ee1e0d897", "http_status": 200, "body": {"accepted": true, "real_timestamp_ms": 1789191424745, "virtual_time_s": 1364, "measure_result": "direction", "svd_deg": 269.73}}
2026-09-12 13:37:08,122 INFO request {"path": "/measure", "payload": {"arena_id": "default", "robot_id": "202601002029", "request_id": "29e8b533abdc4c6d928c1afe91769d32", "position": {"x": -1200.0, "y": 1.4695761589768238e-13}, "channel": 6}, "attempt": 1}
2026-09-12 13:37:08,124 INFO response {"request_id": "29e8b533abdc4c6d928c1afe91769d32", "http_status": 200, "body": {"accepted": true, "real_timestamp_ms": 1789191424752, "virtual_time_s": 1370, "measure_result": "no_signal"}}
2026-09-12 13:37:08,124 INFO request {"path": "/measure", "payload": {"arena_id": "default", "robot_id": "202601002029", "request_id": "d31831c15c6e4c35b6d9aabd9731db07", "position": {"x": -1200.0, "y": 1.4695761589768238e-13}, "channel": 9}, "attempt": 1}
2026-09-12 13:37:08,144 INFO response {"request_id": "d31831c15c6e4c35b6d9aabd9731db07", "http_status": 200, "body": {"accepted": true, "real_timestamp_ms": 1789191424772, "virtual_time_s": 1376, "measure_result": "no_signal"}}
2026-09-12 13:37:08,144 INFO request {"path": "/measure", "payload": {"arena_id": "default", "robot_id": "202601002029", "request_id": "e490157b4d3a42b89f35a81c601b957b", "position": {"x": -1200.0, "y": 1.4695761589768238e-13}, "channel": 10}, "attempt": 1}
2026-09-12 13:37:08,146 INFO response {"request_id": "e490157b4d3a42b89f35a81c601b957b", "http_status": 200, "body": {"accepted": true, "real_timestamp_ms": 1789191424774, "virtual_time_s": 1382, "measure_result": "direction", "svd_deg": 252.28}}
2026-09-12 13:37:08,151 INFO request {"path": "/measure", "payload": {"arena_id": "default", "robot_id": "202601002029", "request_id": "ba0a29a65c0f4610a004f04b69154336", "position": {"x": -1200.0, "y": 1.4695761589768238e-13}, "channel": 12}, "attempt": 1}
2026-09-12 13:37:08,162 INFO response {"request_id": "ba0a29a65c0f4610a004f04b69154336", "http_status": 200, "body": {"accepted": true, "real_timestamp_ms": 1789191424791, "virtual_time_s": 1388, "measure_result": "direction", "svd_deg": 142.4}}
2026-09-12 13:37:08,168 INFO request {"path": "/measure", "payload": {"arena_id": "default", "robot_id": "202601002029", "request_id": "649039d9e9a54890b527e5f16e80434e", "position": {"x": -1200.0, "y": 1.4695761589768238e-13}, "channel": 13}, "attempt": 1}
2026-09-12 13:37:08,183 INFO response {"request_id": "649039d9e9a54890b527e5f16e80434e", "http_status": 200, "body": {"accepted": true, "real_timestamp_ms": 1789191424811, "virtual_time_s": 1394, "measure_result": "no_signal"}}
2026-09-12 13:37:08,184 INFO request {"path": "/measure", "payload": {"arena_id": "default", "robot_id": "202601002029", "request_id": "4d689469ca054938bc0ab9d3948167e6", "position": {"x": -1200.0, "y": 1.4695761589768238e-13}, "channel": 14}, "attempt": 1}
2026-09-12 13:37:08,203 INFO response {"request_id": "4d689469ca054938bc0ab9d3948167e6", "http_status": 200, "body": {"accepted": true, "real_timestamp_ms": 1789191424831, "virtual_time_s": 1400, "measure_result": "no_signal"}}
2026-09-12 13:37:08,203 INFO request {"path": "/measure", "payload": {"arena_id": "default", "robot_id": "202601002029", "request_id": "5766390a7f6c4fcda8f7d4cd11374ab2", "position": {"x": -1200.0, "y": 1.4695761589768238e-13}, "channel": 15}, "attempt": 1}
2026-09-12 13:37:08,205 INFO response {"request_id": "5766390a7f6c4fcda8f7d4cd11374ab2", "http_status": 200, "body": {"accepted": true, "real_timestamp_ms": 1789191424833, "virtual_time_s": 1406, "measure_result": "no_signal"}}
2026-09-12 13:37:08,206 INFO request {"path": "/measure", "payload": {"arena_id": "default", "robot_id": "202601002029", "request_id": "12b7b60e64da4b90ac490e4200fef66d", "position": {"x": -1200.0, "y": 1.4695761589768238e-13}, "channel": 18}, "attempt": 1}
2026-09-12 13:37:08,214 INFO response {"request_id": "12b7b60e64da4b90ac490e4200fef66d", "http_status": 200, "body": {"accepted": true, "real_timestamp_ms": 1789191424841, "virtual_time_s": 1412, "measure_result": "no_signal"}}
2026-09-12 13:37:08,231 INFO request {"path": "/measure", "payload": {"arena_id": "default", "robot_id": "202601002029", "request_id": "28107317e59c4bfe816c052b5a928c11", "position": {"x": -1200.0, "y": 1.4695761589768238e-13}, "channel": 4}, "attempt": 1}
2026-09-12 13:37:08,251 INFO response {"request_id": "28107317e59c4bfe816c052b5a928c11", "http_status": 200, "body": {"accepted": true, "real_timestamp_ms": 1789191424879, "virtual_time_s": 1418, "measure_result": "direction", "svd_deg": 314.07}}
2026-09-12 13:37:08,264 INFO request {"path": "/measure", "payload": {"arena_id": "default", "robot_id": "202601002029", "request_id": "fa07f9a624644808bfd652799caef771", "position": {"x": -1200.0, "y": 1.4695761589768238e-13}, "channel": 11}, "attempt": 1}
2026-09-12 13:37:08,265 INFO response {"request_id": "fa07f9a624644808bfd652799caef771", "http_status": 200, "body": {"accepted": true, "real_timestamp_ms": 1789191424893, "virtual_time_s": 1424, "measure_result": "direction", "svd_deg": 262.86}}
2026-09-12 13:37:08,267 INFO request {"path": "/measure", "payload": {"arena_id": "default", "robot_id": "202601002029", "request_id": "11654135302545dc829b9b7a41627fe1", "position": {"x": -600.0000000000006, "y": -1039.2304845413262}, "channel": 1}, "attempt": 1}
2026-09-12 13:37:08,280 INFO response {"request_id": "11654135302545dc829b9b7a41627fe1", "http_status": 200, "body": {"accepted": true, "real_timestamp_ms": 1789191424908, "virtual_time_s": 1670, "measure_result": "no_signal"}}
2026-09-12 13:37:08,280 INFO request {"path": "/measure", "payload": {"arena_id": "default", "robot_id": "202601002029", "request_id": "e773590418e744c5ade3f11875256569", "position": {"x": -600.0000000000006, "y": -1039.2304845413262}, "channel": 2}, "attempt": 1}
2026-09-12 13:37:08,300 INFO response {"request_id": "e773590418e744c5ade3f11875256569", "http_status": 200, "body": {"accepted": true, "real_timestamp_ms": 1789191424928, "virtual_time_s": 1676, "measure_result": "no_signal"}}
2026-09-12 13:37:08,301 INFO request {"path": "/measure", "payload": {"arena_id": "default", "robot_id": "202601002029", "request_id": "8d5ac79dbec24bd7ad0ccf3afcb75de6", "position": {"x": -600.0000000000006, "y": -1039.2304845413262}, "channel": 3}, "attempt": 1}
2026-09-12 13:37:08,320 INFO response {"request_id": "8d5ac79dbec24bd7ad0ccf3afcb75de6", "http_status": 200, "body": {"accepted": true, "real_timestamp_ms": 1789191424948, "virtual_time_s": 1682, "measure_result": "no_signal"}}
2026-09-12 13:37:08,320 INFO request {"path": "/measure", "payload": {"arena_id": "default", "robot_id": "202601002029", "request_id": "48e891d7fbe54d028739d3f8c693269e", "position": {"x": -600.0000000000006, "y": -1039.2304845413262}, "channel": 6}, "attempt": 1}
2026-09-12 13:37:08,340 INFO response {"request_id": "48e891d7fbe54d028739d3f8c693269e", "http_status": 200, "body": {"accepted": true, "real_timestamp_ms": 1789191424968, "virtual_time_s": 1688, "measure_result": "no_signal"}}
2026-09-12 13:37:08,340 INFO request {"path": "/measure", "payload": {"arena_id": "default", "robot_id": "202601002029", "request_id": "25892ffcb3b449a2987eb277b1934faa", "position": {"x": -600.0000000000006, "y": -1039.2304845413262}, "channel": 9}, "attempt": 1}
2026-09-12 13:37:08,343 INFO response {"request_id": "25892ffcb3b449a2987eb277b1934faa", "http_status": 200, "body": {"accepted": true, "real_timestamp_ms": 1789191424971, "virtual_time_s": 1694, "measure_result": "no_signal"}}
2026-09-12 13:37:08,343 INFO request {"path": "/measure", "payload": {"arena_id": "default", "robot_id": "202601002029", "request_id": "fe1e81af953948318641418f93905ce3", "position": {"x": -600.0000000000006, "y": -1039.2304845413262}, "channel": 13}, "attempt": 1}
2026-09-12 13:37:08,360 INFO response {"request_id": "fe1e81af953948318641418f93905ce3", "http_status": 200, "body": {"accepted": true, "real_timestamp_ms": 1789191424988, "virtual_time_s": 1700, "measure_result": "no_signal"}}
2026-09-12 13:37:08,361 INFO request {"path": "/measure", "payload": {"arena_id": "default", "robot_id": "202601002029", "request_id": "bea45dd591a44d9f9e3d5f23e3148f3c", "position": {"x": -600.0000000000006, "y": -1039.2304845413262}, "channel": 14}, "attempt": 1}
2026-09-12 13:37:08,362 INFO response {"request_id": "bea45dd591a44d9f9e3d5f23e3148f3c", "http_status": 200, "body": {"accepted": true, "real_timestamp_ms": 1789191424990, "virtual_time_s": 1706, "measure_result": "no_signal"}}
2026-09-12 13:37:08,362 INFO request {"path": "/measure", "payload": {"arena_id": "default", "robot_id": "202601002029", "request_id": "10de76b3985b49d099e0cb2f5c5dae06", "position": {"x": -600.0000000000006, "y": -1039.2304845413262}, "channel": 15}, "attempt": 1}
2026-09-12 13:37:08,363 INFO response {"request_id": "10de76b3985b49d099e0cb2f5c5dae06", "http_status": 200, "body": {"accepted": true, "real_timestamp_ms": 1789191424991, "virtual_time_s": 1712, "measure_result": "no_signal"}}
2026-09-12 13:37:08,363 INFO request {"path": "/measure", "payload": {"arena_id": "default", "robot_id": "202601002029", "request_id": "e735a35d9d454a7385ab5f4d881e4ad2", "position": {"x": -600.0000000000006, "y": -1039.2304845413262}, "channel": 18}, "attempt": 1}
2026-09-12 13:37:08,364 INFO response {"request_id": "e735a35d9d454a7385ab5f4d881e4ad2", "http_status": 200, "body": {"accepted": true, "real_timestamp_ms": 1789191424992, "virtual_time_s": 1718, "measure_result": "no_signal"}}
2026-09-12 13:37:08,364 INFO request {"path": "/measure", "payload": {"arena_id": "default", "robot_id": "202601002029", "request_id": "514547d928cb47ceba92fc30f889792a", "position": {"x": -600.0000000000006, "y": -1039.2304845413262}, "channel": 20}, "attempt": 1}
2026-09-12 13:37:08,365 INFO response {"request_id": "514547d928cb47ceba92fc30f889792a", "http_status": 200, "body": {"accepted": true, "real_timestamp_ms": 1789191424993, "virtual_time_s": 1724, "measure_result": "no_signal"}}
2026-09-12 13:37:08,414 INFO request {"path": "/measure", "payload": {"arena_id": "default", "robot_id": "202601002029", "request_id": "84fb6eec31914b80ad3bb4241d9f66fc", "position": {"x": -600.0000000000006, "y": -1039.2304845413262}, "channel": 10}, "attempt": 1}
2026-09-12 13:37:08,429 INFO response {"request_id": "84fb6eec31914b80ad3bb4241d9f66fc", "http_status": 200, "body": {"accepted": true, "real_timestamp_ms": 1789191425057, "virtual_time_s": 1730, "measure_result": "direction", "svd_deg": 171.82}}
2026-09-12 13:37:08,478 INFO request {"path": "/measure", "payload": {"arena_id": "default", "robot_id": "202601002029", "request_id": "a69828f097c24f808ef842c43871b441", "position": {"x": -600.0000000000006, "y": -1039.2304845413262}, "channel": 19}, "attempt": 1}
2026-09-12 13:37:08,480 INFO response {"request_id": "a69828f097c24f808ef842c43871b441", "http_status": 200, "body": {"accepted": true, "real_timestamp_ms": 1789191425107, "virtual_time_s": 1736, "measure_result": "direction", "svd_deg": 27.29}}
2026-09-12 13:37:08,484 INFO request {"path": "/measure", "payload": {"arena_id": "default", "robot_id": "202601002029", "request_id": "3a26f0fb53b849b48fdb10fa1caf73bb", "position": {"x": 600.0000000000001, "y": -1039.2304845413264}, "channel": 1}, "attempt": 1}
2026-09-12 13:37:08,485 INFO response {"request_id": "3a26f0fb53b849b48fdb10fa1caf73bb", "http_status": 200, "body": {"accepted": true, "real_timestamp_ms": 1789191425113, "virtual_time_s": 1982, "measure_result": "no_signal"}}
2026-09-12 13:37:08,486 INFO request {"path": "/measure", "payload": {"arena_id": "default", "robot_id": "202601002029", "request_id": "97e174f5a87941d983b82b40c90799dc", "position": {"x": 600.0000000000001, "y": -1039.2304845413264}, "channel": 2}, "attempt": 1}
2026-09-12 13:37:08,486 INFO response {"request_id": "97e174f5a87941d983b82b40c90799dc", "http_status": 200, "body": {"accepted": true, "real_timestamp_ms": 1789191425115, "virtual_time_s": 1988, "measure_result": "no_signal"}}
2026-09-12 13:37:08,487 INFO request {"path": "/measure", "payload": {"arena_id": "default", "robot_id": "202601002029", "request_id": "39881a1bd96a40d9a463a8b4cc2b6352", "position": {"x": 600.0000000000001, "y": -1039.2304845413264}, "channel": 3}, "attempt": 1}
2026-09-12 13:37:08,488 INFO response {"request_id": "39881a1bd96a40d9a463a8b4cc2b6352", "http_status": 200, "body": {"accepted": true, "real_timestamp_ms": 1789191425115, "virtual_time_s": 1994, "measure_result": "direction", "svd_deg": 276.15}}
2026-09-12 13:37:08,490 INFO request {"path": "/measure", "payload": {"arena_id": "default", "robot_id": "202601002029", "request_id": "70cb294b942a463eaa6d487d5413034c", "position": {"x": 600.0000000000001, "y": -1039.2304845413264}, "channel": 6}, "attempt": 1}
2026-09-12 13:37:08,508 INFO response {"request_id": "70cb294b942a463eaa6d487d5413034c", "http_status": 200, "body": {"accepted": true, "real_timestamp_ms": 1789191425136, "virtual_time_s": 2000, "measure_result": "direction", "svd_deg": 301.3}}
2026-09-12 13:37:08,510 INFO request {"path": "/measure", "payload": {"arena_id": "default", "robot_id": "202601002029", "request_id": "981be40b92b544899e881a54321b2b78", "position": {"x": 600.0000000000001, "y": -1039.2304845413264}, "channel": 9}, "attempt": 1}
2026-09-12 13:37:08,511 INFO response {"request_id": "981be40b92b544899e881a54321b2b78", "http_status": 200, "body": {"accepted": true, "real_timestamp_ms": 1789191425140, "virtual_time_s": 2006, "measure_result": "no_signal"}}
2026-09-12 13:37:08,512 INFO request {"path": "/measure", "payload": {"arena_id": "default", "robot_id": "202601002029", "request_id": "faa9195a1e1743349074ad518610996d", "position": {"x": 600.0000000000001, "y": -1039.2304845413264}, "channel": 13}, "attempt": 1}
2026-09-12 13:37:08,512 INFO response {"request_id": "faa9195a1e1743349074ad518610996d", "http_status": 200, "body": {"accepted": true, "real_timestamp_ms": 1789191425141, "virtual_time_s": 2012, "measure_result": "no_signal"}}
2026-09-12 13:37:08,513 INFO request {"path": "/measure", "payload": {"arena_id": "default", "robot_id": "202601002029", "request_id": "7de1637d352843b782259391eece199f", "position": {"x": 600.0000000000001, "y": -1039.2304845413264}, "channel": 14}, "attempt": 1}
2026-09-12 13:37:08,513 INFO response {"request_id": "7de1637d352843b782259391eece199f", "http_status": 200, "body": {"accepted": true, "real_timestamp_ms": 1789191425142, "virtual_time_s": 2018, "measure_result": "no_signal"}}
2026-09-12 13:37:08,514 INFO request {"path": "/measure", "payload": {"arena_id": "default", "robot_id": "202601002029", "request_id": "53dcaaa51ee14a09ac010c575143ae16", "position": {"x": 600.0000000000001, "y": -1039.2304845413264}, "channel": 15}, "attempt": 1}
2026-09-12 13:37:08,514 INFO response {"request_id": "53dcaaa51ee14a09ac010c575143ae16", "http_status": 200, "body": {"accepted": true, "real_timestamp_ms": 1789191425143, "virtual_time_s": 2024, "measure_result": "no_signal"}}
2026-09-12 13:37:08,515 INFO request {"path": "/measure", "payload": {"arena_id": "default", "robot_id": "202601002029", "request_id": "caa7a94d01c1444989b0fe38b2557834", "position": {"x": 600.0000000000001, "y": -1039.2304845413264}, "channel": 18}, "attempt": 1}
2026-09-12 13:37:08,527 INFO response {"request_id": "caa7a94d01c1444989b0fe38b2557834", "http_status": 200, "body": {"accepted": true, "real_timestamp_ms": 1789191425156, "virtual_time_s": 2030, "measure_result": "no_signal"}}
2026-09-12 13:37:08,528 INFO request {"path": "/measure", "payload": {"arena_id": "default", "robot_id": "202601002029", "request_id": "884db0fb86fc43feb72d452b46df22a1", "position": {"x": 600.0000000000001, "y": -1039.2304845413264}, "channel": 20}, "attempt": 1}
2026-09-12 13:37:08,548 INFO response {"request_id": "884db0fb86fc43feb72d452b46df22a1", "http_status": 200, "body": {"accepted": true, "real_timestamp_ms": 1789191425176, "virtual_time_s": 2036, "measure_result": "no_signal"}}
2026-09-12 13:37:08,559 INFO request {"path": "/measure", "payload": {"arena_id": "default", "robot_id": "202601002029", "request_id": "ea227663f67742da8242b38c1e08982f", "position": {"x": 600.0000000000001, "y": -1039.2304845413264}, "channel": 19}, "attempt": 1}
2026-09-12 13:37:08,577 INFO response {"request_id": "ea227663f67742da8242b38c1e08982f", "http_status": 200, "body": {"accepted": true, "real_timestamp_ms": 1789191425205, "virtual_time_s": 2042, "measure_result": "direction", "svd_deg": 160.33}}
2026-09-12 13:37:14,447 INFO request {"path": "/measure", "payload": {"arena_id": "default", "robot_id": "202601002029", "request_id": "055436c27de94b579d42c1dcdf668b02", "position": {"x": 437.5596623197015, "y": -1541.5015929216831}, "channel": 6}, "attempt": 1}
2026-09-12 13:37:14,460 INFO response {"request_id": "055436c27de94b579d42c1dcdf668b02", "http_status": 200, "body": {"accepted": true, "real_timestamp_ms": 1789191431088, "virtual_time_s": 2153.577105, "measure_result": "direction", "svd_deg": 43.05}}
2026-09-12 13:37:16,410 INFO request {"path": "/clear", "payload": {"arena_id": "default", "robot_id": "202601002029", "request_id": "a4da4e1dc4dc427e9451450f5fe82e30", "position": {"x": 735.7595023121331, "y": -1262.7920452899907}, "channel": 6}, "attempt": 1}
2026-09-12 13:37:16,427 INFO response {"request_id": "a4da4e1dc4dc427e9451450f5fe82e30", "http_status": 200, "body": {"accepted": true, "real_timestamp_ms": 1789191433056, "virtual_time_s": 2240.21096, "clear_result": "success"}}
2026-09-12 13:37:18,630 INFO request {"path": "/measure", "payload": {"arena_id": "default", "robot_id": "202601002029", "request_id": "ec8b9178bee644b788020a2b85424e45", "position": {"x": 1033.191497966804, "y": -1324.5282953225446}, "channel": 3}, "attempt": 1}
2026-09-12 13:37:18,632 INFO response {"request_id": "ec8b9178bee644b788020a2b85424e45", "http_status": 200, "body": {"accepted": true, "real_timestamp_ms": 1789191435260, "virtual_time_s": 2306.965271, "measure_result": "direction", "svd_deg": 209.73}}
2026-09-12 13:37:20,605 INFO request {"path": "/clear", "payload": {"arena_id": "default", "robot_id": "202601002029", "request_id": "31eef395417841868f2d6e32b3ca819d", "position": {"x": 653.8958810414831, "y": -1541.398244525691}, "channel": 3}, "attempt": 1}
2026-09-12 13:37:20,623 INFO response {"request_id": "31eef395417841868f2d6e32b3ca819d", "http_status": 200, "body": {"accepted": true, "real_timestamp_ms": 1789191437251, "virtual_time_s": 2399.348963, "clear_result": "success"}}
2026-09-12 13:37:20,623 INFO request {"path": "/measure", "payload": {"arena_id": "default", "robot_id": "202601002029", "request_id": "5f0158e49cf84043b1ca37666fad126b", "position": {"x": -123.42431500016721, "y": -993.6840900415493}, "channel": 16}, "attempt": 1}
2026-09-12 13:37:20,624 INFO response {"request_id": "5f0158e49cf84043b1ca37666fad126b", "http_status": 200, "body": {"accepted": true, "real_timestamp_ms": 1789191437253, "virtual_time_s": 2595.529665, "measure_result": "direction", "svd_deg": 7.49}}
2026-09-12 13:37:21,071 INFO request {"path": "/measure", "payload": {"arena_id": "default", "robot_id": "202601002029", "request_id": "a195f714da42423e8ac4aed193402f4b", "position": {"x": -603.1238160317705, "y": -735.7861157811651}, "channel": 5}, "attempt": 1}
2026-09-12 13:37:21,072 INFO response {"request_id": "a195f714da42423e8ac4aed193402f4b", "http_status": 200, "body": {"accepted": true, "real_timestamp_ms": 1789191437700, "virtual_time_s": 2710.455874, "measure_result": "direction", "svd_deg": 214.25}}
2026-09-12 13:37:21,522 INFO request {"path": "/clear", "payload": {"arena_id": "default", "robot_id": "202601002029", "request_id": "accdf0c4f13741f09bd3a8f21a017761", "position": {"x": -121.52004938260377, "y": -784.649109630069}, "channel": 19}, "attempt": 1}
2026-09-12 13:37:21,534 INFO response {"request_id": "accdf0c4f13741f09bd3a8f21a017761", "http_status": 200, "body": {"accepted": true, "real_timestamp_ms": 1789191438162, "virtual_time_s": 2812.271117, "clear_result": "success"}}
2026-09-12 13:37:21,535 INFO request {"path": "/measure", "payload": {"arena_id": "default", "robot_id": "202601002029", "request_id": "9e7df6fd4b6546ca88010cd4c17280bc", "position": {"x": 581.9967851606052, "y": -513.587100500216}, "channel": 16}, "attempt": 1}
2026-09-12 13:37:21,554 INFO response {"request_id": "9e7df6fd4b6546ca88010cd4c17280bc", "http_status": 200, "body": {"accepted": true, "real_timestamp_ms": 1789191438182, "virtual_time_s": 2969.057131, "measure_result": "direction", "svd_deg": 258.62}}
2026-09-12 13:37:21,562 INFO request {"path": "/clear", "payload": {"arena_id": "default", "robot_id": "202601002029", "request_id": "bc603cd6ad5948b4b132b4873d756ebf", "position": {"x": 505.6535129858701, "y": -909.8828048417944}, "channel": 16}, "attempt": 1}
2026-09-12 13:37:21,564 INFO response {"request_id": "bc603cd6ad5948b4b132b4873d756ebf", "http_status": 200, "body": {"accepted": true, "real_timestamp_ms": 1789191438192, "virtual_time_s": 3054.773568, "clear_result": "success"}}
2026-09-12 13:37:21,565 INFO request {"path": "/measure", "payload": {"arena_id": "default", "robot_id": "202601002029", "request_id": "08c09ef3233d49e599e5a204037be281", "position": {"x": 1780.038052099393, "y": -200.16467979848647}, "channel": 17}, "attempt": 1}
2026-09-12 13:37:21,567 INFO response {"request_id": "08c09ef3233d49e599e5a204037be281", "http_status": 200, "body": {"accepted": true, "real_timestamp_ms": 1789191438195, "virtual_time_s": 3352.510146, "measure_result": "direction", "svd_deg": 99.33}}
2026-09-12 13:37:21,571 INFO request {"path": "/clear", "payload": {"arena_id": "default", "robot_id": "202601002029", "request_id": "d8a618a2cfd545c6ad27bb890ad3c3a2", "position": {"x": 1714.2163671967244, "y": 201.6941113690243}, "channel": 17}, "attempt": 1}
2026-09-12 13:37:21,573 INFO response {"request_id": "d8a618a2cfd545c6ad27bb890ad3c3a2", "http_status": 200, "body": {"accepted": true, "real_timestamp_ms": 1789191438201, "virtual_time_s": 3438.952882, "clear_result": "success"}}
2026-09-12 13:37:21,573 INFO request {"path": "/measure", "payload": {"arena_id": "default", "robot_id": "202601002029", "request_id": "730a9781849145c2b6b3054fac7a388d", "position": {"x": 317.4755045062589, "y": 604.5372758633521}, "channel": 7}, "attempt": 1}
2026-09-12 13:37:21,575 INFO response {"request_id": "730a9781849145c2b6b3054fac7a388d", "http_status": 200, "body": {"accepted": true, "real_timestamp_ms": 1789191438203, "virtual_time_s": 3735.687651, "measure_result": "direction", "svd_deg": 105.0}}
2026-09-12 13:37:21,583 INFO request {"path": "/clear", "payload": {"arena_id": "default", "robot_id": "202601002029", "request_id": "a45573d9f4bb4eb68b1466c0d89ea6f9", "position": {"x": 216.03571828563656, "y": 992.9649337748851}, "channel": 7}, "attempt": 1}
2026-09-12 13:37:21,602 INFO response {"request_id": "a45573d9f4bb4eb68b1466c0d89ea6f9", "http_status": 200, "body": {"accepted": true, "real_timestamp_ms": 1789191438230, "virtual_time_s": 3820.978641, "clear_result": "success"}}
2026-09-12 13:37:21,602 INFO request {"path": "/measure", "payload": {"arena_id": "default", "robot_id": "202601002029", "request_id": "1428208845244fc9bb429a3ec1ad556e", "position": {"x": -1380.1743027277987, "y": 641.3796461249681}, "channel": 12}, "attempt": 1}
2026-09-12 13:37:21,622 INFO response {"request_id": "1428208845244fc9bb429a3ec1ad556e", "http_status": 200, "body": {"accepted": true, "real_timestamp_ms": 1789191438251, "virtual_time_s": 4153.873037, "measure_result": "direction", "svd_deg": 236.62}}
2026-09-12 13:37:21,628 INFO request {"path": "/clear", "payload": {"arena_id": "default", "robot_id": "202601002029", "request_id": "a83a61d4e7bd4bfc99583817263ed742", "position": {"x": -1599.6664680646531, "y": 307.9528581013739}, "channel": 12}, "attempt": 1}
2026-09-12 13:37:21,642 INFO response {"request_id": "a83a61d4e7bd4bfc99583817263ed742", "http_status": 200, "body": {"accepted": true, "real_timestamp_ms": 1789191438270, "virtual_time_s": 4238.71043, "clear_result": "success"}}
2026-09-12 13:37:21,642 INFO request {"path": "/measure", "payload": {"arena_id": "default", "robot_id": "202601002029", "request_id": "4fb5b47fff9040ac928a0d341b0e7a55", "position": {"x": -1521.9894687578878, "y": -902.4375472425687}, "channel": 5}, "attempt": 1}
2026-09-12 13:37:21,661 INFO response {"request_id": "4fb5b47fff9040ac928a0d341b0e7a55", "http_status": 200, "body": {"accepted": true, "real_timestamp_ms": 1789191438289, "virtual_time_s": 4487.286492, "measure_result": "direction", "svd_deg": 325.4}}
2026-09-12 13:37:21,673 INFO request {"path": "/clear", "payload": {"arena_id": "default", "robot_id": "202601002029", "request_id": "86c1ba74e187480ea68d1f4abe8c4ea0", "position": {"x": -1192.8250593346922, "y": -1133.8261314985887}, "channel": 5}, "attempt": 1}
2026-09-12 13:37:21,691 INFO response {"request_id": "86c1ba74e187480ea68d1f4abe8c4ea0", "http_status": 200, "body": {"accepted": true, "real_timestamp_ms": 1789191438319, "virtual_time_s": 4572.757576, "clear_result": "success"}}
2026-09-12 13:37:21,691 INFO request {"path": "/exit", "payload": {"arena_id": "default", "robot_id": "202601002029", "request_id": "6dceeb4cefab42078f66da78418db5cf"}, "attempt": 1}
2026-09-12 13:37:21,711 INFO response {"request_id": "6dceeb4cefab42078f66da78418db5cf", "http_status": 200, "body": {"accepted": true, "real_timestamp_ms": 1789191438339, "virtual_time_s": 4572.757576, "exit_reason": "user_exit"}}
