2026-09-12 16:55:15,521 INFO request {"path": "/enter", "payload": {"arena_id": "default", "robot_id": "202601002029", "request_id": "12f4b4de60ed48fe92bb0f1fa687f66d"}, "attempt": 1}
2026-09-12 16:55:15,525 INFO response {"request_id": "12f4b4de60ed48fe92bb0f1fa687f66d", "http_status": 200, "body": {"accepted": true, "real_timestamp_ms": 1789203312247, "virtual_time_s": 0, "max_virtual_duration_s": 360000, "max_real_duration_s": 1200, "remaining_real_duration_s": 1200}}
2026-09-12 16:55:15,525 INFO request {"path": "/measure", "payload": {"arena_id": "default", "robot_id": "202601002029", "request_id": "4196e7963271405b8fc3889327f49413", "position": {"x": 0.0, "y": 0.0}, "channel": 1}, "attempt": 1}
2026-09-12 16:55:15,537 INFO response {"request_id": "4196e7963271405b8fc3889327f49413", "http_status": 200, "body": {"accepted": true, "real_timestamp_ms": 1789203312259, "virtual_time_s": 5, "measure_result": "direction", "svd_deg": 310.17}}
2026-09-12 16:55:15,542 INFO request {"path": "/measure", "payload": {"arena_id": "default", "robot_id": "202601002029", "request_id": "ede9fbedb9ea4b10a7607182403d6157", "position": {"x": 0.0, "y": 0.0}, "channel": 2}, "attempt": 1}
2026-09-12 16:55:15,544 INFO response {"request_id": "ede9fbedb9ea4b10a7607182403d6157", "http_status": 200, "body": {"accepted": true, "real_timestamp_ms": 1789203312266, "virtual_time_s": 11, "measure_result": "no_signal"}}
2026-09-12 16:55:15,544 INFO request {"path": "/measure", "payload": {"arena_id": "default", "robot_id": "202601002029", "request_id": "89071cc56d9e42d4bf016b4124a2fb90", "position": {"x": 0.0, "y": 0.0}, "channel": 3}, "attempt": 1}
2026-09-12 16:55:15,547 INFO response {"request_id": "89071cc56d9e42d4bf016b4124a2fb90", "http_status": 200, "body": {"accepted": true, "real_timestamp_ms": 1789203312268, "virtual_time_s": 17, "measure_result": "direction", "svd_deg": 23.12}}
2026-09-12 16:55:15,549 INFO request {"path": "/measure", "payload": {"arena_id": "default", "robot_id": "202601002029", "request_id": "a92fd721d25e4b6f80bbde401ec31d05", "position": {"x": 0.0, "y": 0.0}, "channel": 4}, "attempt": 1}
2026-09-12 16:55:15,566 INFO response {"request_id": "a92fd721d25e4b6f80bbde401ec31d05", "http_status": 200, "body": {"accepted": true, "real_timestamp_ms": 1789203312288, "virtual_time_s": 23, "measure_result": "direction", "svd_deg": 54.87}}
2026-09-12 16:55:15,569 INFO request {"path": "/measure", "payload": {"arena_id": "default", "robot_id": "202601002029", "request_id": "14fabfa995e34cdd886213576b9a1f9f", "position": {"x": 0.0, "y": 0.0}, "channel": 5}, "attempt": 1}
2026-09-12 16:55:15,586 INFO response {"request_id": "14fabfa995e34cdd886213576b9a1f9f", "http_status": 200, "body": {"accepted": true, "real_timestamp_ms": 1789203312307, "virtual_time_s": 29, "measure_result": "direction", "svd_deg": 168.95}}
2026-09-12 16:55:15,590 INFO request {"path": "/measure", "payload": {"arena_id": "default", "robot_id": "202601002029", "request_id": "8a41fc0701ed43c08423639c8125c16b", "position": {"x": 0.0, "y": 0.0}, "channel": 6}, "attempt": 1}
2026-09-12 16:55:15,606 INFO response {"request_id": "8a41fc0701ed43c08423639c8125c16b", "http_status": 200, "body": {"accepted": true, "real_timestamp_ms": 1789203312328, "virtual_time_s": 35, "measure_result": "no_signal"}}
2026-09-12 16:55:15,606 INFO request {"path": "/measure", "payload": {"arena_id": "default", "robot_id": "202601002029", "request_id": "121d16975d724c718ada6d25b3dca1c4", "position": {"x": 0.0, "y": 0.0}, "channel": 7}, "attempt": 1}
2026-09-12 16:55:15,626 INFO response {"request_id": "121d16975d724c718ada6d25b3dca1c4", "http_status": 200, "body": {"accepted": true, "real_timestamp_ms": 1789203312347, "virtual_time_s": 41, "measure_result": "no_signal"}}
2026-09-12 16:55:15,627 INFO request {"path": "/measure", "payload": {"arena_id": "default", "robot_id": "202601002029", "request_id": "7d5c7c984a7c44998b4084ad2927a820", "position": {"x": 0.0, "y": 0.0}, "channel": 8}, "attempt": 1}
2026-09-12 16:55:15,629 INFO response {"request_id": "7d5c7c984a7c44998b4084ad2927a820", "http_status": 200, "body": {"accepted": true, "real_timestamp_ms": 1789203312350, "virtual_time_s": 47, "measure_result": "direction", "svd_deg": 322.83}}
2026-09-12 16:55:15,635 INFO request {"path": "/measure", "payload": {"arena_id": "default", "robot_id": "202601002029", "request_id": "9ee3acbe12f74eb3b30788271245c592", "position": {"x": 0.0, "y": 0.0}, "channel": 9}, "attempt": 1}
2026-09-12 16:55:15,654 INFO response {"request_id": "9ee3acbe12f74eb3b30788271245c592", "http_status": 200, "body": {"accepted": true, "real_timestamp_ms": 1789203312375, "virtual_time_s": 53, "measure_result": "no_signal"}}
2026-09-12 16:55:15,654 INFO request {"path": "/measure", "payload": {"arena_id": "default", "robot_id": "202601002029", "request_id": "674eb37c2a2c4cac924b7a8b1196b5ce", "position": {"x": 0.0, "y": 0.0}, "channel": 10}, "attempt": 1}
2026-09-12 16:55:15,674 INFO response {"request_id": "674eb37c2a2c4cac924b7a8b1196b5ce", "http_status": 200, "body": {"accepted": true, "real_timestamp_ms": 1789203312396, "virtual_time_s": 59, "measure_result": "direction", "svd_deg": 109.04}}
2026-09-12 16:55:15,677 INFO request {"path": "/measure", "payload": {"arena_id": "default", "robot_id": "202601002029", "request_id": "1d3cd610ae704cef9ba0af4430fcf913", "position": {"x": 0.0, "y": 0.0}, "channel": 11}, "attempt": 1}
2026-09-12 16:55:15,693 INFO response {"request_id": "1d3cd610ae704cef9ba0af4430fcf913", "http_status": 200, "body": {"accepted": true, "real_timestamp_ms": 1789203312415, "virtual_time_s": 65, "measure_result": "no_signal"}}
2026-09-12 16:55:15,694 INFO request {"path": "/measure", "payload": {"arena_id": "default", "robot_id": "202601002029", "request_id": "47854a7e1bcd43d288b7c06027d19333", "position": {"x": 0.0, "y": 0.0}, "channel": 12}, "attempt": 1}
2026-09-12 16:55:15,713 INFO response {"request_id": "47854a7e1bcd43d288b7c06027d19333", "http_status": 200, "body": {"accepted": true, "real_timestamp_ms": 1789203312435, "virtual_time_s": 71, "measure_result": "direction", "svd_deg": 85.25}}
2026-09-12 16:55:15,715 INFO request {"path": "/measure", "payload": {"arena_id": "default", "robot_id": "202601002029", "request_id": "ee218052bc5d42c4a54886383b3056d6", "position": {"x": 0.0, "y": 0.0}, "channel": 13}, "attempt": 1}
2026-09-12 16:55:15,716 INFO response {"request_id": "ee218052bc5d42c4a54886383b3056d6", "http_status": 200, "body": {"accepted": true, "real_timestamp_ms": 1789203312438, "virtual_time_s": 77, "measure_result": "no_signal"}}
2026-09-12 16:55:15,716 INFO request {"path": "/measure", "payload": {"arena_id": "default", "robot_id": "202601002029", "request_id": "7e06b91e95ee473582a1b7a6a729648a", "position": {"x": 0.0, "y": 0.0}, "channel": 14}, "attempt": 1}
2026-09-12 16:55:15,733 INFO response {"request_id": "7e06b91e95ee473582a1b7a6a729648a", "http_status": 200, "body": {"accepted": true, "real_timestamp_ms": 1789203312455, "virtual_time_s": 83, "measure_result": "direction", "svd_deg": 280.54}}
2026-09-12 16:55:15,738 INFO request {"path": "/measure", "payload": {"arena_id": "default", "robot_id": "202601002029", "request_id": "ee6743787ca6411b857fa8cbede1c888", "position": {"x": 0.0, "y": 0.0}, "channel": 15}, "attempt": 1}
2026-09-12 16:55:15,754 INFO response {"request_id": "ee6743787ca6411b857fa8cbede1c888", "http_status": 200, "body": {"accepted": true, "real_timestamp_ms": 1789203312475, "virtual_time_s": 89, "measure_result": "no_signal"}}
2026-09-12 16:55:15,754 INFO request {"path": "/measure", "payload": {"arena_id": "default", "robot_id": "202601002029", "request_id": "7410bf4bd0294f248daf5fe77ed450c2", "position": {"x": 0.0, "y": 0.0}, "channel": 16}, "attempt": 1}
2026-09-12 16:55:15,756 INFO response {"request_id": "7410bf4bd0294f248daf5fe77ed450c2", "http_status": 200, "body": {"accepted": true, "real_timestamp_ms": 1789203312478, "virtual_time_s": 95, "measure_result": "no_signal"}}
2026-09-12 16:55:15,757 INFO request {"path": "/measure", "payload": {"arena_id": "default", "robot_id": "202601002029", "request_id": "44c10948f43e479db7bc4f0e12358863", "position": {"x": 0.0, "y": 0.0}, "channel": 17}, "attempt": 1}
2026-09-12 16:55:15,773 INFO response {"request_id": "44c10948f43e479db7bc4f0e12358863", "http_status": 200, "body": {"accepted": true, "real_timestamp_ms": 1789203312494, "virtual_time_s": 101, "measure_result": "direction", "svd_deg": 330.86}}
2026-09-12 16:55:15,777 INFO request {"path": "/measure", "payload": {"arena_id": "default", "robot_id": "202601002029", "request_id": "517d22db2b914ecdb6c4588e3007e9df", "position": {"x": 0.0, "y": 0.0}, "channel": 18}, "attempt": 1}
2026-09-12 16:55:15,791 INFO response {"request_id": "517d22db2b914ecdb6c4588e3007e9df", "http_status": 200, "body": {"accepted": true, "real_timestamp_ms": 1789203312514, "virtual_time_s": 107, "measure_result": "no_signal"}}
2026-09-12 16:55:15,800 INFO request {"path": "/measure", "payload": {"arena_id": "default", "robot_id": "202601002029", "request_id": "df8049124e2a465f9ea5e4226c50f946", "position": {"x": 0.0, "y": 0.0}, "channel": 19}, "attempt": 1}
2026-09-12 16:55:15,802 INFO response {"request_id": "df8049124e2a465f9ea5e4226c50f946", "http_status": 200, "body": {"accepted": true, "real_timestamp_ms": 1789203312524, "virtual_time_s": 113, "measure_result": "direction", "svd_deg": 167.37}}
2026-09-12 16:55:15,805 INFO request {"path": "/measure", "payload": {"arena_id": "default", "robot_id": "202601002029", "request_id": "a3120b2d53e44e9b89422c5240bcde8e", "position": {"x": 0.0, "y": 0.0}, "channel": 20}, "attempt": 1}
2026-09-12 16:55:15,822 INFO response {"request_id": "a3120b2d53e44e9b89422c5240bcde8e", "http_status": 200, "body": {"accepted": true, "real_timestamp_ms": 1789203312544, "virtual_time_s": 119, "measure_result": "no_signal"}}
2026-09-12 16:55:15,823 INFO request {"path": "/measure", "payload": {"arena_id": "default", "robot_id": "202601002029", "request_id": "991c3e262daa42f691a6cfbf9484702e", "position": {"x": 1130.0, "y": 0.0}, "channel": 20}, "attempt": 1}
2026-09-12 16:55:15,843 INFO response {"request_id": "991c3e262daa42f691a6cfbf9484702e", "http_status": 200, "body": {"accepted": true, "real_timestamp_ms": 1789203312564, "virtual_time_s": 350, "measure_result": "no_signal"}}
2026-09-12 16:55:15,843 INFO request {"path": "/measure", "payload": {"arena_id": "default", "robot_id": "202601002029", "request_id": "58b2558fe000443c933a06dd8b6ecbbc", "position": {"x": 1130.0, "y": 0.0}, "channel": 2}, "attempt": 1}
2026-09-12 16:55:15,862 INFO response {"request_id": "58b2558fe000443c933a06dd8b6ecbbc", "http_status": 200, "body": {"accepted": true, "real_timestamp_ms": 1789203312584, "virtual_time_s": 356, "measure_result": "direction", "svd_deg": 313.16}}
2026-09-12 16:55:15,867 INFO request {"path": "/measure", "payload": {"arena_id": "default", "robot_id": "202601002029", "request_id": "1bdf3b5dabda40cdb3dfcc1b25875309", "position": {"x": 1130.0, "y": 0.0}, "channel": 6}, "attempt": 1}
2026-09-12 16:55:15,882 INFO response {"request_id": "1bdf3b5dabda40cdb3dfcc1b25875309", "http_status": 200, "body": {"accepted": true, "real_timestamp_ms": 1789203312603, "virtual_time_s": 362, "measure_result": "direction", "svd_deg": 280.41}}
2026-09-12 16:55:15,885 INFO request {"path": "/measure", "payload": {"arena_id": "default", "robot_id": "202601002029", "request_id": "044ae361506d4fda8c500e2507de96f2", "position": {"x": 1130.0, "y": 0.0}, "channel": 7}, "attempt": 1}
2026-09-12 16:55:15,902 INFO response {"request_id": "044ae361506d4fda8c500e2507de96f2", "http_status": 200, "body": {"accepted": true, "real_timestamp_ms": 1789203312623, "virtual_time_s": 368, "measure_result": "direction", "svd_deg": 60.32}}
2026-09-12 16:55:15,907 INFO request {"path": "/measure", "payload": {"arena_id": "default", "robot_id": "202601002029", "request_id": "f4e25e1f7fb645659046cb1dd47689b0", "position": {"x": 1130.0, "y": 0.0}, "channel": 9}, "attempt": 1}
2026-09-12 16:55:15,921 INFO response {"request_id": "f4e25e1f7fb645659046cb1dd47689b0", "http_status": 200, "body": {"accepted": true, "real_timestamp_ms": 1789203312642, "virtual_time_s": 374, "measure_result": "no_signal"}}
2026-09-12 16:55:15,921 INFO request {"path": "/measure", "payload": {"arena_id": "default", "robot_id": "202601002029", "request_id": "fc1a78e4726e42419944386ec468f26b", "position": {"x": 1130.0, "y": 0.0}, "channel": 11}, "attempt": 1}
2026-09-12 16:55:15,940 INFO response {"request_id": "fc1a78e4726e42419944386ec468f26b", "http_status": 200, "body": {"accepted": true, "real_timestamp_ms": 1789203312662, "virtual_time_s": 380, "measure_result": "no_signal"}}
2026-09-12 16:55:15,941 INFO request {"path": "/measure", "payload": {"arena_id": "default", "robot_id": "202601002029", "request_id": "e1922f7a8e7141d2b80e942c406d4bcf", "position": {"x": 1130.0, "y": 0.0}, "channel": 13}, "attempt": 1}
2026-09-12 16:55:15,960 INFO response {"request_id": "e1922f7a8e7141d2b80e942c406d4bcf", "http_status": 200, "body": {"accepted": true, "real_timestamp_ms": 1789203312681, "virtual_time_s": 386, "measure_result": "no_signal"}}
2026-09-12 16:55:15,960 INFO request {"path": "/measure", "payload": {"arena_id": "default", "robot_id": "202601002029", "request_id": "be99c3949eca402788cc362520452688", "position": {"x": 1130.0, "y": 0.0}, "channel": 15}, "attempt": 1}
2026-09-12 16:55:15,978 INFO response {"request_id": "be99c3949eca402788cc362520452688", "http_status": 200, "body": {"accepted": true, "real_timestamp_ms": 1789203312700, "virtual_time_s": 392, "measure_result": "no_signal"}}
2026-09-12 16:55:15,979 INFO request {"path": "/measure", "payload": {"arena_id": "default", "robot_id": "202601002029", "request_id": "60ceb193ba7a4dec961b184e0e41e2a9", "position": {"x": 1130.0, "y": 0.0}, "channel": 16}, "attempt": 1}
2026-09-12 16:55:15,979 INFO response {"request_id": "60ceb193ba7a4dec961b184e0e41e2a9", "http_status": 200, "body": {"accepted": true, "real_timestamp_ms": 1789203312702, "virtual_time_s": 398, "measure_result": "no_signal"}}
2026-09-12 16:55:15,980 INFO request {"path": "/measure", "payload": {"arena_id": "default", "robot_id": "202601002029", "request_id": "ca5130d9044c4d53a653e94af397c8ae", "position": {"x": 1130.0, "y": 0.0}, "channel": 18}, "attempt": 1}
2026-09-12 16:55:15,999 INFO response {"request_id": "ca5130d9044c4d53a653e94af397c8ae", "http_status": 200, "body": {"accepted": true, "real_timestamp_ms": 1789203312721, "virtual_time_s": 404, "measure_result": "no_signal"}}
2026-09-12 16:55:16,047 INFO request {"path": "/measure", "payload": {"arena_id": "default", "robot_id": "202601002029", "request_id": "3a05aa145c1b470a87b08c38e62e011b", "position": {"x": 1130.0, "y": 0.0}, "channel": 4}, "attempt": 1}
2026-09-12 16:55:16,067 INFO response {"request_id": "3a05aa145c1b470a87b08c38e62e011b", "http_status": 200, "body": {"accepted": true, "real_timestamp_ms": 1789203312789, "virtual_time_s": 410, "measure_result": "direction", "svd_deg": 127.95}}
2026-09-12 16:55:16,100 INFO request {"path": "/measure", "payload": {"arena_id": "default", "robot_id": "202601002029", "request_id": "ace8323a1eee4e28aebce26ff4ff3990", "position": {"x": 1130.0, "y": 0.0}, "channel": 3}, "attempt": 1}
2026-09-12 16:55:16,115 INFO response {"request_id": "ace8323a1eee4e28aebce26ff4ff3990", "http_status": 200, "body": {"accepted": true, "real_timestamp_ms": 1789203312837, "virtual_time_s": 416, "measure_result": "direction", "svd_deg": 131.69}}
2026-09-12 16:55:16,119 INFO request {"path": "/measure", "payload": {"arena_id": "default", "robot_id": "202601002029", "request_id": "c71181da78d44be9a137eba46fa88450", "position": {"x": 565.0000000000001, "y": 978.6087062764157}, "channel": 9}, "attempt": 1}
2026-09-12 16:55:16,135 INFO response {"request_id": "c71181da78d44be9a137eba46fa88450", "http_status": 200, "body": {"accepted": true, "real_timestamp_ms": 1789203312857, "virtual_time_s": 648, "measure_result": "no_signal"}}
2026-09-12 16:55:16,135 INFO request {"path": "/measure", "payload": {"arena_id": "default", "robot_id": "202601002029", "request_id": "06cf320fb7b24b67a8987181cda42555", "position": {"x": 565.0000000000001, "y": 978.6087062764157}, "channel": 11}, "attempt": 1}
2026-09-12 16:55:16,138 INFO response {"request_id": "06cf320fb7b24b67a8987181cda42555", "http_status": 200, "body": {"accepted": true, "real_timestamp_ms": 1789203312859, "virtual_time_s": 654, "measure_result": "no_signal"}}
2026-09-12 16:55:16,138 INFO request {"path": "/measure", "payload": {"arena_id": "default", "robot_id": "202601002029", "request_id": "acd719a0490444dfa9a328444f77f789", "position": {"x": 565.0000000000001, "y": 978.6087062764157}, "channel": 13}, "attempt": 1}
2026-09-12 16:55:16,155 INFO response {"request_id": "acd719a0490444dfa9a328444f77f789", "http_status": 200, "body": {"accepted": true, "real_timestamp_ms": 1789203312877, "virtual_time_s": 660, "measure_result": "no_signal"}}
2026-09-12 16:55:16,155 INFO request {"path": "/measure", "payload": {"arena_id": "default", "robot_id": "202601002029", "request_id": "eaa5a25957194d038f25d91489b5fbcb", "position": {"x": 565.0000000000001, "y": 978.6087062764157}, "channel": 15}, "attempt": 1}
2026-09-12 16:55:16,156 INFO response {"request_id": "eaa5a25957194d038f25d91489b5fbcb", "http_status": 200, "body": {"accepted": true, "real_timestamp_ms": 1789203312878, "virtual_time_s": 666, "measure_result": "no_signal"}}
2026-09-12 16:55:16,156 INFO request {"path": "/measure", "payload": {"arena_id": "default", "robot_id": "202601002029", "request_id": "c7b2c0de7b3847159c102062b35923cb", "position": {"x": 565.0000000000001, "y": 978.6087062764157}, "channel": 16}, "attempt": 1}
2026-09-12 16:55:16,157 INFO response {"request_id": "c7b2c0de7b3847159c102062b35923cb", "http_status": 200, "body": {"accepted": true, "real_timestamp_ms": 1789203312879, "virtual_time_s": 672, "measure_result": "no_signal"}}
2026-09-12 16:55:16,157 INFO request {"path": "/measure", "payload": {"arena_id": "default", "robot_id": "202601002029", "request_id": "5bd4514ad7b64633bb7f5da02b346c08", "position": {"x": 565.0000000000001, "y": 978.6087062764157}, "channel": 18}, "attempt": 1}
2026-09-12 16:55:16,174 INFO response {"request_id": "5bd4514ad7b64633bb7f5da02b346c08", "http_status": 200, "body": {"accepted": true, "real_timestamp_ms": 1789203312897, "virtual_time_s": 678, "measure_result": "no_signal"}}
2026-09-12 16:55:16,174 INFO request {"path": "/measure", "payload": {"arena_id": "default", "robot_id": "202601002029", "request_id": "0559a77f47924ec69d40259ee0e6439c", "position": {"x": 565.0000000000001, "y": 978.6087062764157}, "channel": 20}, "attempt": 1}
2026-09-12 16:55:16,175 INFO response {"request_id": "0559a77f47924ec69d40259ee0e6439c", "http_status": 200, "body": {"accepted": true, "real_timestamp_ms": 1789203312897, "virtual_time_s": 684, "measure_result": "no_signal"}}
2026-09-12 16:55:16,217 INFO request {"path": "/measure", "payload": {"arena_id": "default", "robot_id": "202601002029", "request_id": "4f80c43a56e54a16abbdf2fd94326a91", "position": {"x": 565.0000000000001, "y": 978.6087062764157}, "channel": 3}, "attempt": 1}
2026-09-12 16:55:16,218 INFO response {"request_id": "4f80c43a56e54a16abbdf2fd94326a91", "http_status": 200, "body": {"accepted": true, "real_timestamp_ms": 1789203312939, "virtual_time_s": 690, "measure_result": "direction", "svd_deg": 292.82}}
2026-09-12 16:55:16,251 INFO request {"path": "/measure", "payload": {"arena_id": "default", "robot_id": "202601002029", "request_id": "d37b9f805c6d4bc2a6c8abc200dbf4cc", "position": {"x": 565.0000000000001, "y": 978.6087062764157}, "channel": 10}, "attempt": 1}
2026-09-12 16:55:16,262 INFO response {"request_id": "d37b9f805c6d4bc2a6c8abc200dbf4cc", "http_status": 200, "body": {"accepted": true, "real_timestamp_ms": 1789203312985, "virtual_time_s": 696, "measure_result": "direction", "svd_deg": 162.78}}
2026-09-12 16:55:16,265 INFO request {"path": "/measure", "payload": {"arena_id": "default", "robot_id": "202601002029", "request_id": "731149c7b97e438787071d3cfd951003", "position": {"x": -564.9999999999998, "y": 978.6087062764158}, "channel": 9}, "attempt": 1}
2026-09-12 16:55:16,283 INFO response {"request_id": "731149c7b97e438787071d3cfd951003", "http_status": 200, "body": {"accepted": true, "real_timestamp_ms": 1789203313005, "virtual_time_s": 928, "measure_result": "direction", "svd_deg": 228.98}}
2026-09-12 16:55:16,287 INFO request {"path": "/measure", "payload": {"arena_id": "default", "robot_id": "202601002029", "request_id": "45c27c0152704759b818e2e65f68a79e", "position": {"x": -564.9999999999998, "y": 978.6087062764158}, "channel": 11}, "attempt": 1}
2026-09-12 16:55:16,303 INFO response {"request_id": "45c27c0152704759b818e2e65f68a79e", "http_status": 200, "body": {"accepted": true, "real_timestamp_ms": 1789203313025, "virtual_time_s": 934, "measure_result": "no_signal"}}
2026-09-12 16:55:16,303 INFO request {"path": "/measure", "payload": {"arena_id": "default", "robot_id": "202601002029", "request_id": "738480f78c63425ea037b7a70707e4b0", "position": {"x": -564.9999999999998, "y": 978.6087062764158}, "channel": 13}, "attempt": 1}
2026-09-12 16:55:16,322 INFO response {"request_id": "738480f78c63425ea037b7a70707e4b0", "http_status": 200, "body": {"accepted": true, "real_timestamp_ms": 1789203313044, "virtual_time_s": 940, "measure_result": "no_signal"}}
2026-09-12 16:55:16,322 INFO request {"path": "/measure", "payload": {"arena_id": "default", "robot_id": "202601002029", "request_id": "10bfe54ccec44404a8239f0c63d44e62", "position": {"x": -564.9999999999998, "y": 978.6087062764158}, "channel": 15}, "attempt": 1}
2026-09-12 16:55:16,342 INFO response {"request_id": "10bfe54ccec44404a8239f0c63d44e62", "http_status": 200, "body": {"accepted": true, "real_timestamp_ms": 1789203313063, "virtual_time_s": 946, "measure_result": "no_signal"}}
2026-09-12 16:55:16,342 INFO request {"path": "/measure", "payload": {"arena_id": "default", "robot_id": "202601002029", "request_id": "7c8e2aa4bee84848bad807d7d2096445", "position": {"x": -564.9999999999998, "y": 978.6087062764158}, "channel": 16}, "attempt": 1}
2026-09-12 16:55:16,361 INFO response {"request_id": "7c8e2aa4bee84848bad807d7d2096445", "http_status": 200, "body": {"accepted": true, "real_timestamp_ms": 1789203313083, "virtual_time_s": 952, "measure_result": "no_signal"}}
2026-09-12 16:55:16,362 INFO request {"path": "/measure", "payload": {"arena_id": "default", "robot_id": "202601002029", "request_id": "5c2daddc33224d4f85333c800cf8725f", "position": {"x": -564.9999999999998, "y": 978.6087062764158}, "channel": 18}, "attempt": 1}
2026-09-12 16:55:16,363 INFO response {"request_id": "5c2daddc33224d4f85333c800cf8725f", "http_status": 200, "body": {"accepted": true, "real_timestamp_ms": 1789203313085, "virtual_time_s": 958, "measure_result": "no_signal"}}
2026-09-12 16:55:16,363 INFO request {"path": "/measure", "payload": {"arena_id": "default", "robot_id": "202601002029", "request_id": "2cdfad9f495143d5b60efa5b51dfa3f5", "position": {"x": -564.9999999999998, "y": 978.6087062764158}, "channel": 20}, "attempt": 1}
2026-09-12 16:55:16,365 INFO response {"request_id": "2cdfad9f495143d5b60efa5b51dfa3f5", "http_status": 200, "body": {"accepted": true, "real_timestamp_ms": 1789203313087, "virtual_time_s": 964, "measure_result": "no_signal"}}
2026-09-12 16:55:16,438 INFO request {"path": "/measure", "payload": {"arena_id": "default", "robot_id": "202601002029", "request_id": "2e6f2c11d342402f807aa2807587ccb2", "position": {"x": -564.9999999999998, "y": 978.6087062764158}, "channel": 10}, "attempt": 1}
2026-09-12 16:55:16,440 INFO response {"request_id": "2e6f2c11d342402f807aa2807587ccb2", "http_status": 200, "body": {"accepted": true, "real_timestamp_ms": 1789203313161, "virtual_time_s": 970, "measure_result": "direction", "svd_deg": 71.41}}
2026-09-12 16:55:16,481 INFO request {"path": "/measure", "payload": {"arena_id": "default", "robot_id": "202601002029", "request_id": "00e63c2174b340c6a7673d786151d9b8", "position": {"x": -564.9999999999998, "y": 978.6087062764158}, "channel": 19}, "attempt": 1}
2026-09-12 16:55:16,483 INFO response {"request_id": "00e63c2174b340c6a7673d786151d9b8", "http_status": 200, "body": {"accepted": true, "real_timestamp_ms": 1789203313205, "virtual_time_s": 976, "measure_result": "direction", "svd_deg": 275.03}}
2026-09-12 16:55:16,486 INFO request {"path": "/measure", "payload": {"arena_id": "default", "robot_id": "202601002029", "request_id": "d83e01514bba4d2e8426aa5d7059b530", "position": {"x": -1130.0, "y": 1.3838508830365092e-13}, "channel": 11}, "attempt": 1}
2026-09-12 16:55:16,499 INFO response {"request_id": "d83e01514bba4d2e8426aa5d7059b530", "http_status": 200, "body": {"accepted": true, "real_timestamp_ms": 1789203313221, "virtual_time_s": 1208, "measure_result": "no_signal"}}
2026-09-12 16:55:16,499 INFO request {"path": "/measure", "payload": {"arena_id": "default", "robot_id": "202601002029", "request_id": "0d0013022e2144fdb75148301af10e96", "position": {"x": -1130.0, "y": 1.3838508830365092e-13}, "channel": 13}, "attempt": 1}
2026-09-12 16:55:16,519 INFO response {"request_id": "0d0013022e2144fdb75148301af10e96", "http_status": 200, "body": {"accepted": true, "real_timestamp_ms": 1789203313241, "virtual_time_s": 1214, "measure_result": "no_signal"}}
2026-09-12 16:55:16,519 INFO request {"path": "/measure", "payload": {"arena_id": "default", "robot_id": "202601002029", "request_id": "080814ac84554969873362fb2c9e3931", "position": {"x": -1130.0, "y": 1.3838508830365092e-13}, "channel": 15}, "attempt": 1}
2026-09-12 16:55:16,538 INFO response {"request_id": "080814ac84554969873362fb2c9e3931", "http_status": 200, "body": {"accepted": true, "real_timestamp_ms": 1789203313260, "virtual_time_s": 1220, "measure_result": "no_signal"}}
2026-09-12 16:55:16,538 INFO request {"path": "/measure", "payload": {"arena_id": "default", "robot_id": "202601002029", "request_id": "a178ba72739245dc9d01fd4fe4c9d928", "position": {"x": -1130.0, "y": 1.3838508830365092e-13}, "channel": 16}, "attempt": 1}
2026-09-12 16:55:16,539 INFO response {"request_id": "a178ba72739245dc9d01fd4fe4c9d928", "http_status": 200, "body": {"accepted": true, "real_timestamp_ms": 1789203313261, "virtual_time_s": 1226, "measure_result": "no_signal"}}
2026-09-12 16:55:16,539 INFO request {"path": "/measure", "payload": {"arena_id": "default", "robot_id": "202601002029", "request_id": "7d0b5881b3fd46bea95093d67b6227a2", "position": {"x": -1130.0, "y": 1.3838508830365092e-13}, "channel": 18}, "attempt": 1}
2026-09-12 16:55:16,540 INFO response {"request_id": "7d0b5881b3fd46bea95093d67b6227a2", "http_status": 200, "body": {"accepted": true, "real_timestamp_ms": 1789203313262, "virtual_time_s": 1232, "measure_result": "direction", "svd_deg": 271.94}}
2026-09-12 16:55:16,543 INFO request {"path": "/measure", "payload": {"arena_id": "default", "robot_id": "202601002029", "request_id": "206f2c128bfd4666bbb44c1de3711f3f", "position": {"x": -1130.0, "y": 1.3838508830365092e-13}, "channel": 20}, "attempt": 1}
2026-09-12 16:55:16,557 INFO response {"request_id": "206f2c128bfd4666bbb44c1de3711f3f", "http_status": 200, "body": {"accepted": true, "real_timestamp_ms": 1789203313279, "virtual_time_s": 1238, "measure_result": "no_signal"}}
2026-09-12 16:55:16,577 INFO request {"path": "/measure", "payload": {"arena_id": "default", "robot_id": "202601002029", "request_id": "5bbc12f2963d480fa422abe8706bb045", "position": {"x": -1130.0, "y": 1.3838508830365092e-13}, "channel": 19}, "attempt": 1}
2026-09-12 16:55:16,579 INFO response {"request_id": "5bbc12f2963d480fa422abe8706bb045", "http_status": 200, "body": {"accepted": true, "real_timestamp_ms": 1789203313301, "virtual_time_s": 1244, "measure_result": "direction", "svd_deg": 8.27}}
2026-09-12 16:55:16,593 INFO request {"path": "/measure", "payload": {"arena_id": "default", "robot_id": "202601002029", "request_id": "dcbebe04937749e08af86b914827bbdc", "position": {"x": -1130.0, "y": 1.3838508830365092e-13}, "channel": 5}, "attempt": 1}
2026-09-12 16:55:16,595 INFO response {"request_id": "dcbebe04937749e08af86b914827bbdc", "http_status": 200, "body": {"accepted": true, "real_timestamp_ms": 1789203313317, "virtual_time_s": 1250, "measure_result": "direction", "svd_deg": 58.65}}
2026-09-12 16:55:16,598 INFO request {"path": "/measure", "payload": {"arena_id": "default", "robot_id": "202601002029", "request_id": "2aa34b975b3b4e75a675651600efbacc", "position": {"x": -565.0000000000005, "y": -978.6087062764154}, "channel": 11}, "attempt": 1}
2026-09-12 16:55:16,600 INFO response {"request_id": "2aa34b975b3b4e75a675651600efbacc", "http_status": 200, "body": {"accepted": true, "real_timestamp_ms": 1789203313322, "virtual_time_s": 1482, "measure_result": "no_signal"}}
2026-09-12 16:55:16,600 INFO request {"path": "/measure", "payload": {"arena_id": "default", "robot_id": "202601002029", "request_id": "5f6c4b56495148629b6b3ea286a3db69", "position": {"x": -565.0000000000005, "y": -978.6087062764154}, "channel": 13}, "attempt": 1}
2026-09-12 16:55:16,618 INFO response {"request_id": "5f6c4b56495148629b6b3ea286a3db69", "http_status": 200, "body": {"accepted": true, "real_timestamp_ms": 1789203313340, "virtual_time_s": 1488, "measure_result": "no_signal"}}
2026-09-12 16:55:16,618 INFO request {"path": "/measure", "payload": {"arena_id": "default", "robot_id": "202601002029", "request_id": "38daaaae58b14004b9b49d5a5759f622", "position": {"x": -565.0000000000005, "y": -978.6087062764154}, "channel": 15}, "attempt": 1}
2026-09-12 16:55:16,637 INFO response {"request_id": "38daaaae58b14004b9b49d5a5759f622", "http_status": 200, "body": {"accepted": true, "real_timestamp_ms": 1789203313359, "virtual_time_s": 1494, "measure_result": "no_signal"}}
2026-09-12 16:55:16,637 INFO request {"path": "/measure", "payload": {"arena_id": "default", "robot_id": "202601002029", "request_id": "f6d94980abb84f608aecc745d8c3dfe1", "position": {"x": -565.0000000000005, "y": -978.6087062764154}, "channel": 16}, "attempt": 1}
2026-09-12 16:55:16,657 INFO response {"request_id": "f6d94980abb84f608aecc745d8c3dfe1", "http_status": 200, "body": {"accepted": true, "real_timestamp_ms": 1789203313379, "virtual_time_s": 1500, "measure_result": "direction", "svd_deg": 305.32}}
2026-09-12 16:55:16,675 INFO request {"path": "/measure", "payload": {"arena_id": "default", "robot_id": "202601002029", "request_id": "a1be9f742bf140ec843bf54f2308aa01", "position": {"x": -565.0000000000005, "y": -978.6087062764154}, "channel": 14}, "attempt": 1}
2026-09-12 16:55:16,678 INFO response {"request_id": "a1be9f742bf140ec843bf54f2308aa01", "http_status": 200, "body": {"accepted": true, "real_timestamp_ms": 1789203313399, "virtual_time_s": 1506, "measure_result": "direction", "svd_deg": 21.64}}
2026-09-12 16:55:16,689 INFO request {"path": "/measure", "payload": {"arena_id": "default", "robot_id": "202601002029", "request_id": "6ea3c6c220ad439b909055a374e64b6d", "position": {"x": -565.0000000000005, "y": -978.6087062764154}, "channel": 18}, "attempt": 1}
2026-09-12 16:55:16,706 INFO response {"request_id": "6ea3c6c220ad439b909055a374e64b6d", "http_status": 200, "body": {"accepted": true, "real_timestamp_ms": 1789203313428, "virtual_time_s": 1512, "measure_result": "direction", "svd_deg": 182.71}}
2026-09-12 16:55:24,537 INFO request {"path": "/measure", "payload": {"arena_id": "default", "robot_id": "202601002029", "request_id": "da5d4a44bb5c4f59aeccc0272686e56e", "position": {"x": -237.65983037247122, "y": -854.8497799881902}, "channel": 14}, "attempt": 1}
2026-09-12 16:55:24,550 INFO response {"request_id": "da5d4a44bb5c4f59aeccc0272686e56e", "http_status": 200, "body": {"accepted": true, "real_timestamp_ms": 1789203321271, "virtual_time_s": 1587.990816, "measure_result": "direction", "svd_deg": 23.05}}
2026-09-12 16:55:24,591 INFO request {"path": "/measure", "payload": {"arena_id": "default", "robot_id": "202601002029", "request_id": "628d822dd6bb4192a90a0b46cade4df3", "position": {"x": -237.65983037247122, "y": -854.8497799881902}, "channel": 1}, "attempt": 1}
2026-09-12 16:55:24,607 INFO response {"request_id": "628d822dd6bb4192a90a0b46cade4df3", "http_status": 200, "body": {"accepted": true, "real_timestamp_ms": 1789203321330, "virtual_time_s": 1593.990816, "measure_result": "direction", "svd_deg": 42.78}}
2026-09-12 16:55:24,631 INFO request {"path": "/measure", "payload": {"arena_id": "default", "robot_id": "202601002029", "request_id": "e2d4d0d19d64443192da616e2a8159ac", "position": {"x": -237.65983037247122, "y": -854.8497799881902}, "channel": 8}, "attempt": 1}
2026-09-12 16:55:24,647 INFO response {"request_id": "e2d4d0d19d64443192da616e2a8159ac", "http_status": 200, "body": {"accepted": true, "real_timestamp_ms": 1789203321369, "virtual_time_s": 1599.990816, "measure_result": "direction", "svd_deg": 55.39}}
2026-09-12 16:55:24,653 INFO request {"path": "/clear", "payload": {"arena_id": "default", "robot_id": "202601002029", "request_id": "7caf58e1fcab4ae894dd78ad6db09da1", "position": {"x": -1096.1564224374229, "y": -1004.0589585313993}, "channel": 18}, "attempt": 1}
2026-09-12 16:55:24,667 INFO response {"request_id": "7caf58e1fcab4ae894dd78ad6db09da1", "http_status": 200, "body": {"accepted": true, "real_timestamp_ms": 1789203321389, "virtual_time_s": 1779.264139, "clear_result": "success"}}
2026-09-12 16:55:24,679 INFO request {"path": "/measure", "payload": {"arena_id": "default", "robot_id": "202601002029", "request_id": "8811001a30ed44c5a4f00dbf283da3e1", "position": {"x": -1009.2259245147404, "y": -202.64122074723718}, "channel": 5}, "attempt": 1}
2026-09-12 16:55:24,697 INFO response {"request_id": "8811001a30ed44c5a4f00dbf283da3e1", "http_status": 200, "body": {"accepted": true, "real_timestamp_ms": 1789203321418, "virtual_time_s": 1946.487872, "measure_result": "direction", "svd_deg": 89.69}}
2026-09-12 16:55:24,713 INFO request {"path": "/clear", "payload": {"arena_id": "default", "robot_id": "202601002029", "request_id": "44a9cf6304b24edd8aea442cadb11a4e", "position": {"x": -1006.7931104794715, "y": 198.37270013517562}, "channel": 5}, "attempt": 1}
2026-09-12 16:55:24,714 INFO response {"request_id": "44a9cf6304b24edd8aea442cadb11a4e", "http_status": 200, "body": {"accepted": true, "real_timestamp_ms": 1789203321436, "virtual_time_s": 2031.692132, "clear_result": "success"}}
2026-09-12 16:55:24,725 INFO request {"path": "/measure", "payload": {"arena_id": "default", "robot_id": "202601002029", "request_id": "d0a8540011b448d494fb575c21ecd70f", "position": {"x": -1006.7931104794715, "y": 198.37270013517562}, "channel": 9}, "attempt": 1}
2026-09-12 16:55:24,726 INFO response {"request_id": "d0a8540011b448d494fb575c21ecd70f", "http_status": 200, "body": {"accepted": true, "real_timestamp_ms": 1789203321448, "virtual_time_s": 2037.692132, "measure_result": "direction", "svd_deg": 166.98}}
2026-09-12 16:55:25,481 INFO request {"path": "/measure", "payload": {"arena_id": "default", "robot_id": "202601002029", "request_id": "dc16297626374c85b32ce2b44cdd6b12", "position": {"x": -1153.0162294254442, "y": 334.8234219570549}, "channel": 9}, "attempt": 1}
2026-09-12 16:55:25,493 INFO response {"request_id": "dc16297626374c85b32ce2b44cdd6b12", "http_status": 200, "body": {"accepted": true, "real_timestamp_ms": 1789203322215, "virtual_time_s": 2082.692132, "measure_result": "direction", "svd_deg": 247.88}}
2026-09-12 16:55:25,500 INFO request {"path": "/clear", "payload": {"arena_id": "default", "robot_id": "202601002029", "request_id": "5abcb93cf5d7494292e4a5093a762283", "position": {"x": -1191.2289241388262, "y": 240.979308022554}, "channel": 9}, "attempt": 1}
2026-09-12 16:55:25,512 INFO response {"request_id": "5abcb93cf5d7494292e4a5093a762283", "http_status": 200, "body": {"accepted": true, "real_timestamp_ms": 1789203322234, "virtual_time_s": 2107.957302, "clear_result": "success"}}
2026-09-12 16:55:25,516 INFO request {"path": "/clear", "payload": {"arena_id": "default", "robot_id": "202601002029", "request_id": "db5649df10f64fe88fe60f388a9d374f", "position": {"x": -485.6712777654702, "y": 100.78209449470414}, "channel": 19}, "attempt": 1}
2026-09-12 16:55:25,531 INFO response {"request_id": "db5649df10f64fe88fe60f388a9d374f", "http_status": 200, "body": {"accepted": true, "real_timestamp_ms": 1789203322253, "virtual_time_s": 2256.82764, "clear_result": "success"}}
2026-09-12 16:55:25,536 INFO request {"path": "/clear", "payload": {"arena_id": "default", "robot_id": "202601002029", "request_id": "5a31e320131f4104a76ccef670dffa59", "position": {"x": 129.74136878781727, "y": -698.2484789357588}, "channel": 14}, "attempt": 1}
2026-09-12 16:55:25,552 INFO response {"request_id": "5a31e320131f4104a76ccef670dffa59", "http_status": 200, "body": {"accepted": true, "real_timestamp_ms": 1789203322274, "virtual_time_s": 2463.53858, "clear_result": "success"}}
2026-09-12 16:55:25,570 INFO request {"path": "/measure", "payload": {"arena_id": "default", "robot_id": "202601002029", "request_id": "ae4f702f2e7a47519eed712c840a9ca0", "position": {"x": 129.74136878781727, "y": -698.2484789357588}, "channel": 17}, "attempt": 1}
2026-09-12 16:55:25,581 INFO response {"request_id": "ae4f702f2e7a47519eed712c840a9ca0", "http_status": 200, "body": {"accepted": true, "real_timestamp_ms": 1789203322304, "virtual_time_s": 2469.53858, "measure_result": "direction", "svd_deg": 52.5}}
2026-09-12 16:55:25,594 INFO request {"path": "/measure", "payload": {"arena_id": "default", "robot_id": "202601002029", "request_id": "f3e45bb6300346bca012a28885db95fd", "position": {"x": 129.74136878781727, "y": -698.2484789357588}, "channel": 16}, "attempt": 1}
2026-09-12 16:55:25,610 INFO response {"request_id": "f3e45bb6300346bca012a28885db95fd", "http_status": 200, "body": {"accepted": true, "real_timestamp_ms": 1789203322332, "virtual_time_s": 2475.53858, "measure_result": "direction", "svd_deg": 223.73}}
2026-09-12 16:55:25,614 INFO request {"path": "/clear", "payload": {"arena_id": "default", "robot_id": "202601002029", "request_id": "120e375a46664896bfcd805bef113e5a", "position": {"x": -402.8344702883847, "y": -1207.8884314647148}, "channel": 16}, "attempt": 1}
2026-09-12 16:55:25,630 INFO response {"request_id": "120e375a46664896bfcd805bef113e5a", "http_status": 200, "body": {"accepted": true, "real_timestamp_ms": 1789203322352, "virtual_time_s": 2627.965837, "clear_result": "success"}}
2026-09-12 16:55:25,631 INFO request {"path": "/clear", "payload": {"arena_id": "default", "robot_id": "202601002029", "request_id": "fc3215041ba248c696b5901ac70a1626", "position": {"x": 231.04433981286707, "y": -175.50245324275375}, "channel": 8}, "attempt": 1}
2026-09-12 16:55:25,650 INFO response {"request_id": "fc3215041ba248c696b5901ac70a1626", "http_status": 200, "body": {"accepted": true, "real_timestamp_ms": 1789203322372, "virtual_time_s": 2875.256832, "clear_result": "success"}}
2026-09-12 16:55:25,663 INFO request {"path": "/clear", "payload": {"arena_id": "default", "robot_id": "202601002029", "request_id": "d3f8a3cf91e24cc097acc33972a983ef", "position": {"x": 300.6521103114726, "y": -356.50870590468236}, "channel": 1}, "attempt": 1}
2026-09-12 16:55:25,679 INFO response {"request_id": "d3f8a3cf91e24cc097acc33972a983ef", "http_status": 200, "body": {"accepted": true, "real_timestamp_ms": 1789203322401, "virtual_time_s": 2919.042657, "clear_result": "success"}}
2026-09-12 16:55:25,705 INFO request {"path": "/measure", "payload": {"arena_id": "default", "robot_id": "202601002029", "request_id": "f8db47428fc3410ba0aa9773271ac3ff", "position": {"x": 300.6521103114726, "y": -356.50870590468236}, "channel": 6}, "attempt": 1}
2026-09-12 16:55:25,719 INFO response {"request_id": "f8db47428fc3410ba0aa9773271ac3ff", "http_status": 200, "body": {"accepted": true, "real_timestamp_ms": 1789203322441, "virtual_time_s": 2925.042657, "measure_result": "direction", "svd_deg": 332.92}}
2026-09-12 16:55:26,466 INFO request {"path": "/measure", "payload": {"arena_id": "default", "robot_id": "202601002029", "request_id": "d0b887868aac47ff99884a78cb003575", "position": {"x": 254.4410840340508, "y": 477.8901832545516}, "channel": 4}, "attempt": 1}
2026-09-12 16:55:26,489 INFO response {"request_id": "d0b887868aac47ff99884a78cb003575", "http_status": 200, "body": {"accepted": true, "real_timestamp_ms": 1789203323210, "virtual_time_s": 3098.178167, "measure_result": "direction", "svd_deg": 46.85}}
2026-09-12 16:55:26,498 INFO request {"path": "/clear", "payload": {"arena_id": "default", "robot_id": "202601002029", "request_id": "8905d4f0dc2a4493af54f046ae2ee194", "position": {"x": 466.4095954180738, "y": -259.8046366536039}, "channel": 17}, "attempt": 1}
2026-09-12 16:55:26,518 INFO response {"request_id": "8905d4f0dc2a4493af54f046ae2ee194", "http_status": 200, "body": {"accepted": true, "real_timestamp_ms": 1789203323240, "virtual_time_s": 3256.687033, "clear_result": "success"}}
2026-09-12 16:55:26,533 INFO request {"path": "/measure", "payload": {"arena_id": "default", "robot_id": "202601002029", "request_id": "00c5d770811241cf8cdb3a97f2801215", "position": {"x": 466.4095954180738, "y": -259.8046366536039}, "channel": 2}, "attempt": 1}
2026-09-12 16:55:26,547 INFO response {"request_id": "00c5d770811241cf8cdb3a97f2801215", "http_status": 200, "body": {"accepted": true, "real_timestamp_ms": 1789203323269, "virtual_time_s": 3262.687033, "measure_result": "direction", "svd_deg": 10.28}}
2026-09-12 16:55:26,554 INFO request {"path": "/measure", "payload": {"arena_id": "default", "robot_id": "202601002029", "request_id": "2c124bbdabb445b8b19fef1587c2eda1", "position": {"x": 890.2981849406488, "y": -862.325123524099}, "channel": 6}, "attempt": 1}
2026-09-12 16:55:26,569 INFO response {"request_id": "2c124bbdabb445b8b19fef1587c2eda1", "http_status": 200, "body": {"accepted": true, "real_timestamp_ms": 1789203323290, "virtual_time_s": 3416.025076, "measure_result": "direction", "svd_deg": 2.32}}
2026-09-12 16:55:26,574 INFO request {"path": "/clear", "payload": {"arena_id": "default", "robot_id": "202601002029", "request_id": "c5622ded97c4485587cf7564e9a5bdb4", "position": {"x": 1285.6925164744362, "y": -846.5884719399826}, "channel": 6}, "attempt": 1}
2026-09-12 16:55:26,576 INFO response {"request_id": "c5622ded97c4485587cf7564e9a5bdb4", "http_status": 200, "body": {"accepted": true, "real_timestamp_ms": 1789203323298, "virtual_time_s": 3500.166549, "clear_result": "success"}}
2026-09-12 16:55:26,577 INFO request {"path": "/clear", "payload": {"arena_id": "default", "robot_id": "202601002029", "request_id": "b464af788d714a799b425336855345a3", "position": {"x": 1242.3080670537047, "y": -119.29800144502363}, "channel": 2}, "attempt": 1}
2026-09-12 16:55:26,598 INFO response {"request_id": "b464af788d714a799b425336855345a3", "http_status": 200, "body": {"accepted": true, "real_timestamp_ms": 1789203323320, "virtual_time_s": 3650.883211, "clear_result": "success"}}
2026-09-12 16:55:26,600 INFO request {"path": "/measure", "payload": {"arena_id": "default", "robot_id": "202601002029", "request_id": "f1419ba2bbba46af93964c80d9a3e724", "position": {"x": 1877.241881009895, "y": 499.9895037616114}, "channel": 7}, "attempt": 1}
2026-09-12 16:55:26,602 INFO response {"request_id": "f1419ba2bbba46af93964c80d9a3e724", "http_status": 200, "body": {"accepted": true, "real_timestamp_ms": 1789203323324, "virtual_time_s": 3834.270692, "measure_result": "direction", "svd_deg": 164.62}}
2026-09-12 16:55:26,605 INFO request {"path": "/clear", "payload": {"arena_id": "default", "robot_id": "202601002029", "request_id": "52db275a378f44728101076fe76e32f8", "position": {"x": 1477.662986677371, "y": 609.6395882787867}, "channel": 7}, "attempt": 1}
2026-09-12 16:55:26,619 INFO response {"request_id": "52db275a378f44728101076fe76e32f8", "http_status": 200, "body": {"accepted": true, "real_timestamp_ms": 1789203323340, "virtual_time_s": 3922.140815, "clear_result": "success"}}
2026-09-12 16:55:26,623 INFO request {"path": "/clear", "payload": {"arena_id": "default", "robot_id": "202601002029", "request_id": "7eec884ad0f84d8eae84988c25fd8bb2", "position": {"x": 824.2977887302523, "y": 351.74912263064545}, "channel": 3}, "attempt": 1}
2026-09-12 16:55:26,639 INFO response {"request_id": "7eec884ad0f84d8eae84988c25fd8bb2", "http_status": 200, "body": {"accepted": true, "real_timestamp_ms": 1789203323360, "virtual_time_s": 4067.624775, "clear_result": "success"}}
2026-09-12 16:55:26,656 INFO request {"path": "/measure", "payload": {"arena_id": "default", "robot_id": "202601002029", "request_id": "922092f116674e0787713b48ec662cb0", "position": {"x": 824.2977887302523, "y": 351.74912263064545}, "channel": 12}, "attempt": 1}
2026-09-12 16:55:26,658 INFO response {"request_id": "922092f116674e0787713b48ec662cb0", "http_status": 200, "body": {"accepted": true, "real_timestamp_ms": 1789203323380, "virtual_time_s": 4073.624775, "measure_result": "direction", "svd_deg": 144.06}}
2026-09-12 16:55:27,292 INFO request {"path": "/clear", "payload": {"arena_id": "default", "robot_id": "202601002029", "request_id": "09e6e8ea0299482587df7bfb5e2d8c83", "position": {"x": 528.8556779654144, "y": 771.0924514475338}, "channel": 4}, "attempt": 1}
2026-09-12 16:55:27,311 INFO response {"request_id": "09e6e8ea0299482587df7bfb5e2d8c83", "http_status": 200, "body": {"accepted": true, "real_timestamp_ms": 1789203324034, "virtual_time_s": 4181.218121, "clear_result": "success"}}
2026-09-12 16:55:27,325 INFO request {"path": "/measure", "payload": {"arena_id": "default", "robot_id": "202601002029", "request_id": "2a14ab199bc4472c90c3d808c4d00a9e", "position": {"x": 528.8556779654144, "y": 771.0924514475338}, "channel": 12}, "attempt": 1}
2026-09-12 16:55:27,326 INFO response {"request_id": "2a14ab199bc4472c90c3d808c4d00a9e", "http_status": 200, "body": {"accepted": true, "real_timestamp_ms": 1789203324048, "virtual_time_s": 4186.218121, "measure_result": "direction", "svd_deg": 163.1}}
2026-09-12 16:55:27,330 INFO request {"path": "/clear", "payload": {"arena_id": "default", "robot_id": "202601002029", "request_id": "28f927795a964b6ba2a9b5757c2966cd", "position": {"x": 75.34124137570464, "y": 909.2103435008742}, "channel": 12}, "attempt": 1}
2026-09-12 16:55:27,331 INFO response {"request_id": "28f927795a964b6ba2a9b5757c2966cd", "http_status": 200, "body": {"accepted": true, "real_timestamp_ms": 1789203324054, "virtual_time_s": 4286.034132, "clear_result": "success"}}
2026-09-12 16:55:27,331 INFO request {"path": "/clear", "payload": {"arena_id": "default", "robot_id": "202601002029", "request_id": "a3a0dbf8d7c74c07ba4157e17c531f56", "position": {"x": -458.13854908517845, "y": 1295.9481416284275}, "channel": 10}, "attempt": 1}
2026-09-12 16:55:27,332 INFO response {"request_id": "a3a0dbf8d7c74c07ba4157e17c531f56", "http_status": 200, "body": {"accepted": true, "real_timestamp_ms": 1789203324054, "virtual_time_s": 4422.816803, "clear_result": "success"}}
2026-09-12 16:55:27,332 INFO request {"path": "/exit", "payload": {"arena_id": "default", "robot_id": "202601002029", "request_id": "49a9b6e470da4dd9af0df7a9c3b98208"}, "attempt": 1}
2026-09-12 16:55:27,333 INFO response {"request_id": "49a9b6e470da4dd9af0df7a9c3b98208", "http_status": 200, "body": {"accepted": true, "real_timestamp_ms": 1789203324055, "virtual_time_s": 4422.816803, "exit_reason": "user_exit"}}
