2026-09-12 16:04:16,051 INFO request {"path": "/enter", "payload": {"arena_id": "default", "robot_id": "202601002029", "request_id": "0407ff80969c4237bec799bcf70ad766"}, "attempt": 1}
2026-09-12 16:04:16,056 INFO response {"request_id": "0407ff80969c4237bec799bcf70ad766", "http_status": 200, "body": {"accepted": true, "real_timestamp_ms": 1789200252749, "virtual_time_s": 0, "max_virtual_duration_s": 360000, "max_real_duration_s": 1200, "remaining_real_duration_s": 1200}}
2026-09-12 16:04:16,056 INFO request {"path": "/measure", "payload": {"arena_id": "default", "robot_id": "202601002029", "request_id": "202f8292e957456789fbd0fdd6a654da", "position": {"x": 0.0, "y": 0.0}, "channel": 1}, "attempt": 1}
2026-09-12 16:04:16,056 INFO response {"request_id": "202f8292e957456789fbd0fdd6a654da", "http_status": 200, "body": {"accepted": true, "real_timestamp_ms": 1789200252750, "virtual_time_s": 5, "measure_result": "no_signal"}}
2026-09-12 16:04:16,057 INFO request {"path": "/measure", "payload": {"arena_id": "default", "robot_id": "202601002029", "request_id": "9559feedac7a4bcd823f537017d3f1c3", "position": {"x": 0.0, "y": 0.0}, "channel": 2}, "attempt": 1}
2026-09-12 16:04:16,058 INFO response {"request_id": "9559feedac7a4bcd823f537017d3f1c3", "http_status": 200, "body": {"accepted": true, "real_timestamp_ms": 1789200252751, "virtual_time_s": 11, "measure_result": "no_signal"}}
2026-09-12 16:04:16,058 INFO request {"path": "/measure", "payload": {"arena_id": "default", "robot_id": "202601002029", "request_id": "1125a4923cc64739803d4acecf7fe5e6", "position": {"x": 0.0, "y": 0.0}, "channel": 3}, "attempt": 1}
2026-09-12 16:04:16,059 INFO response {"request_id": "1125a4923cc64739803d4acecf7fe5e6", "http_status": 200, "body": {"accepted": true, "real_timestamp_ms": 1789200252752, "virtual_time_s": 17, "measure_result": "no_signal"}}
2026-09-12 16:04:16,059 INFO request {"path": "/measure", "payload": {"arena_id": "default", "robot_id": "202601002029", "request_id": "9d3a08720e8646a4a837c856512d7973", "position": {"x": 0.0, "y": 0.0}, "channel": 4}, "attempt": 1}
2026-09-12 16:04:16,060 INFO response {"request_id": "9d3a08720e8646a4a837c856512d7973", "http_status": 200, "body": {"accepted": true, "real_timestamp_ms": 1789200252753, "virtual_time_s": 23, "measure_result": "no_signal"}}
2026-09-12 16:04:16,060 INFO request {"path": "/measure", "payload": {"arena_id": "default", "robot_id": "202601002029", "request_id": "98275c640d164a6db811e5f4341429c7", "position": {"x": 0.0, "y": 0.0}, "channel": 5}, "attempt": 1}
2026-09-12 16:04:16,061 INFO response {"request_id": "98275c640d164a6db811e5f4341429c7", "http_status": 200, "body": {"accepted": true, "real_timestamp_ms": 1789200252754, "virtual_time_s": 29, "measure_result": "no_signal"}}
2026-09-12 16:04:16,061 INFO request {"path": "/measure", "payload": {"arena_id": "default", "robot_id": "202601002029", "request_id": "af9043fd45f241c7a417d85bc78b08be", "position": {"x": 0.0, "y": 0.0}, "channel": 6}, "attempt": 1}
2026-09-12 16:04:16,062 INFO response {"request_id": "af9043fd45f241c7a417d85bc78b08be", "http_status": 200, "body": {"accepted": true, "real_timestamp_ms": 1789200252755, "virtual_time_s": 35, "measure_result": "no_signal"}}
2026-09-12 16:04:16,062 INFO request {"path": "/measure", "payload": {"arena_id": "default", "robot_id": "202601002029", "request_id": "29f9d516797b4e808cda45ba14143d7e", "position": {"x": 0.0, "y": 0.0}, "channel": 7}, "attempt": 1}
2026-09-12 16:04:16,078 INFO response {"request_id": "29f9d516797b4e808cda45ba14143d7e", "http_status": 200, "body": {"accepted": true, "real_timestamp_ms": 1789200252771, "virtual_time_s": 41, "measure_result": "no_signal"}}
2026-09-12 16:04:16,078 INFO request {"path": "/measure", "payload": {"arena_id": "default", "robot_id": "202601002029", "request_id": "54c86b245b464f5685519820ec48a705", "position": {"x": 0.0, "y": 0.0}, "channel": 8}, "attempt": 1}
2026-09-12 16:04:16,079 INFO response {"request_id": "54c86b245b464f5685519820ec48a705", "http_status": 200, "body": {"accepted": true, "real_timestamp_ms": 1789200252772, "virtual_time_s": 47, "measure_result": "direction", "svd_deg": 6.56}}
2026-09-12 16:04:16,087 INFO request {"path": "/measure", "payload": {"arena_id": "default", "robot_id": "202601002029", "request_id": "bebd7c4503164bacbd9b532ef8396515", "position": {"x": 0.0, "y": 0.0}, "channel": 9}, "attempt": 1}
2026-09-12 16:04:16,088 INFO response {"request_id": "bebd7c4503164bacbd9b532ef8396515", "http_status": 200, "body": {"accepted": true, "real_timestamp_ms": 1789200252781, "virtual_time_s": 53, "measure_result": "no_signal"}}
2026-09-12 16:04:16,088 INFO request {"path": "/measure", "payload": {"arena_id": "default", "robot_id": "202601002029", "request_id": "cabc4d0a79ed42079b8cfd91e1967f3f", "position": {"x": 0.0, "y": 0.0}, "channel": 10}, "attempt": 1}
2026-09-12 16:04:16,089 INFO response {"request_id": "cabc4d0a79ed42079b8cfd91e1967f3f", "http_status": 200, "body": {"accepted": true, "real_timestamp_ms": 1789200252782, "virtual_time_s": 59, "measure_result": "no_signal"}}
2026-09-12 16:04:16,089 INFO request {"path": "/measure", "payload": {"arena_id": "default", "robot_id": "202601002029", "request_id": "113d0fe1edad463f94f92201a4be9622", "position": {"x": 0.0, "y": 0.0}, "channel": 11}, "attempt": 1}
2026-09-12 16:04:16,090 INFO response {"request_id": "113d0fe1edad463f94f92201a4be9622", "http_status": 200, "body": {"accepted": true, "real_timestamp_ms": 1789200252783, "virtual_time_s": 65, "measure_result": "direction", "svd_deg": 67.31}}
2026-09-12 16:04:16,091 INFO request {"path": "/measure", "payload": {"arena_id": "default", "robot_id": "202601002029", "request_id": "c30eeedb50a74581b9f0cbf08d2f79ba", "position": {"x": 0.0, "y": 0.0}, "channel": 12}, "attempt": 1}
2026-09-12 16:04:16,092 INFO response {"request_id": "c30eeedb50a74581b9f0cbf08d2f79ba", "http_status": 200, "body": {"accepted": true, "real_timestamp_ms": 1789200252786, "virtual_time_s": 71, "measure_result": "no_signal"}}
2026-09-12 16:04:16,093 INFO request {"path": "/measure", "payload": {"arena_id": "default", "robot_id": "202601002029", "request_id": "43b4239e9c534342b6c6982a45c76c40", "position": {"x": 0.0, "y": 0.0}, "channel": 13}, "attempt": 1}
2026-09-12 16:04:16,093 INFO response {"request_id": "43b4239e9c534342b6c6982a45c76c40", "http_status": 200, "body": {"accepted": true, "real_timestamp_ms": 1789200252787, "virtual_time_s": 77, "measure_result": "no_signal"}}
2026-09-12 16:04:16,094 INFO request {"path": "/measure", "payload": {"arena_id": "default", "robot_id": "202601002029", "request_id": "c8405bff74d94b1995b3ba59f5d5dfc4", "position": {"x": 0.0, "y": 0.0}, "channel": 14}, "attempt": 1}
2026-09-12 16:04:16,107 INFO response {"request_id": "c8405bff74d94b1995b3ba59f5d5dfc4", "http_status": 200, "body": {"accepted": true, "real_timestamp_ms": 1789200252801, "virtual_time_s": 83, "measure_result": "direction", "svd_deg": 356.2}}
2026-09-12 16:04:16,110 INFO request {"path": "/measure", "payload": {"arena_id": "default", "robot_id": "202601002029", "request_id": "c65223f19464415186c5b6a69e35f14f", "position": {"x": 0.0, "y": 0.0}, "channel": 15}, "attempt": 1}
2026-09-12 16:04:16,111 INFO response {"request_id": "c65223f19464415186c5b6a69e35f14f", "http_status": 200, "body": {"accepted": true, "real_timestamp_ms": 1789200252804, "virtual_time_s": 89, "measure_result": "direction", "svd_deg": 188.27}}
2026-09-12 16:04:16,112 INFO request {"path": "/measure", "payload": {"arena_id": "default", "robot_id": "202601002029", "request_id": "6c8774f41dc449ab89bce51e853573a9", "position": {"x": 0.0, "y": 0.0}, "channel": 16}, "attempt": 1}
2026-09-12 16:04:16,128 INFO response {"request_id": "6c8774f41dc449ab89bce51e853573a9", "http_status": 200, "body": {"accepted": true, "real_timestamp_ms": 1789200252821, "virtual_time_s": 95, "measure_result": "direction", "svd_deg": 249.6}}
2026-09-12 16:04:16,130 INFO request {"path": "/measure", "payload": {"arena_id": "default", "robot_id": "202601002029", "request_id": "4747637f9fba48a68df2ffa5e3916b0a", "position": {"x": 0.0, "y": 0.0}, "channel": 17}, "attempt": 1}
2026-09-12 16:04:16,147 INFO response {"request_id": "4747637f9fba48a68df2ffa5e3916b0a", "http_status": 200, "body": {"accepted": true, "real_timestamp_ms": 1789200252840, "virtual_time_s": 101, "measure_result": "no_signal"}}
2026-09-12 16:04:16,147 INFO request {"path": "/measure", "payload": {"arena_id": "default", "robot_id": "202601002029", "request_id": "5e74d25612a84aa091d6d0f147c6c338", "position": {"x": 0.0, "y": 0.0}, "channel": 18}, "attempt": 1}
2026-09-12 16:04:16,148 INFO response {"request_id": "5e74d25612a84aa091d6d0f147c6c338", "http_status": 200, "body": {"accepted": true, "real_timestamp_ms": 1789200252841, "virtual_time_s": 107, "measure_result": "no_signal"}}
2026-09-12 16:04:16,148 INFO request {"path": "/measure", "payload": {"arena_id": "default", "robot_id": "202601002029", "request_id": "fe9b292b369f4290af6a060b085a2cee", "position": {"x": 0.0, "y": 0.0}, "channel": 19}, "attempt": 1}
2026-09-12 16:04:16,167 INFO response {"request_id": "fe9b292b369f4290af6a060b085a2cee", "http_status": 200, "body": {"accepted": true, "real_timestamp_ms": 1789200252860, "virtual_time_s": 113, "measure_result": "direction", "svd_deg": 237.51}}
2026-09-12 16:04:16,169 INFO request {"path": "/measure", "payload": {"arena_id": "default", "robot_id": "202601002029", "request_id": "df0e911ad0de489788826455659f336e", "position": {"x": 0.0, "y": 0.0}, "channel": 20}, "attempt": 1}
2026-09-12 16:04:16,170 INFO response {"request_id": "df0e911ad0de489788826455659f336e", "http_status": 200, "body": {"accepted": true, "real_timestamp_ms": 1789200252864, "virtual_time_s": 119, "measure_result": "no_signal"}}
2026-09-12 16:04:16,172 INFO request {"path": "/measure", "payload": {"arena_id": "default", "robot_id": "202601002029", "request_id": "bbb62ad2a4cd4377979fc8d1babdbbc7", "position": {"x": 1200.0, "y": 0.0}, "channel": 20}, "attempt": 1}
2026-09-12 16:04:16,174 INFO response {"request_id": "bbb62ad2a4cd4377979fc8d1babdbbc7", "http_status": 200, "body": {"accepted": true, "real_timestamp_ms": 1789200252867, "virtual_time_s": 364, "measure_result": "direction", "svd_deg": 114.69}}
2026-09-12 16:04:16,177 INFO request {"path": "/measure", "payload": {"arena_id": "default", "robot_id": "202601002029", "request_id": "bb826315d94549beb112fa7489a4bb49", "position": {"x": 1200.0, "y": 0.0}, "channel": 1}, "attempt": 1}
2026-09-12 16:04:16,179 INFO response {"request_id": "bb826315d94549beb112fa7489a4bb49", "http_status": 200, "body": {"accepted": true, "real_timestamp_ms": 1789200252872, "virtual_time_s": 370, "measure_result": "no_signal"}}
2026-09-12 16:04:16,179 INFO request {"path": "/measure", "payload": {"arena_id": "default", "robot_id": "202601002029", "request_id": "5c04777d178a40d5b3e6500550cc0eda", "position": {"x": 1200.0, "y": 0.0}, "channel": 2}, "attempt": 1}
2026-09-12 16:04:16,196 INFO response {"request_id": "5c04777d178a40d5b3e6500550cc0eda", "http_status": 200, "body": {"accepted": true, "real_timestamp_ms": 1789200252889, "virtual_time_s": 376, "measure_result": "no_signal"}}
2026-09-12 16:04:16,196 INFO request {"path": "/measure", "payload": {"arena_id": "default", "robot_id": "202601002029", "request_id": "2dc4d826e7d94be78bd3f0588b5446a9", "position": {"x": 1200.0, "y": 0.0}, "channel": 3}, "attempt": 1}
2026-09-12 16:04:16,216 INFO response {"request_id": "2dc4d826e7d94be78bd3f0588b5446a9", "http_status": 200, "body": {"accepted": true, "real_timestamp_ms": 1789200252909, "virtual_time_s": 382, "measure_result": "direction", "svd_deg": 317.42}}
2026-09-12 16:04:16,218 INFO request {"path": "/measure", "payload": {"arena_id": "default", "robot_id": "202601002029", "request_id": "d537c264a4b848edbc530d3c3f911491", "position": {"x": 1200.0, "y": 0.0}, "channel": 4}, "attempt": 1}
2026-09-12 16:04:16,235 INFO response {"request_id": "d537c264a4b848edbc530d3c3f911491", "http_status": 200, "body": {"accepted": true, "real_timestamp_ms": 1789200252928, "virtual_time_s": 388, "measure_result": "no_signal"}}
2026-09-12 16:04:16,235 INFO request {"path": "/measure", "payload": {"arena_id": "default", "robot_id": "202601002029", "request_id": "1262be0333f94a4394baac060db5fd61", "position": {"x": 1200.0, "y": 0.0}, "channel": 5}, "attempt": 1}
2026-09-12 16:04:16,236 INFO response {"request_id": "1262be0333f94a4394baac060db5fd61", "http_status": 200, "body": {"accepted": true, "real_timestamp_ms": 1789200252930, "virtual_time_s": 394, "measure_result": "no_signal"}}
2026-09-12 16:04:16,237 INFO request {"path": "/measure", "payload": {"arena_id": "default", "robot_id": "202601002029", "request_id": "bff6dd50813c4dafb5f3b729d1a2fca4", "position": {"x": 1200.0, "y": 0.0}, "channel": 6}, "attempt": 1}
2026-09-12 16:04:16,255 INFO response {"request_id": "bff6dd50813c4dafb5f3b729d1a2fca4", "http_status": 200, "body": {"accepted": true, "real_timestamp_ms": 1789200252948, "virtual_time_s": 400, "measure_result": "no_signal"}}
2026-09-12 16:04:16,255 INFO request {"path": "/measure", "payload": {"arena_id": "default", "robot_id": "202601002029", "request_id": "d6f733ae2081476689cc6eb2020744e3", "position": {"x": 1200.0, "y": 0.0}, "channel": 7}, "attempt": 1}
2026-09-12 16:04:16,274 INFO response {"request_id": "d6f733ae2081476689cc6eb2020744e3", "http_status": 200, "body": {"accepted": true, "real_timestamp_ms": 1789200252967, "virtual_time_s": 406, "measure_result": "no_signal"}}
2026-09-12 16:04:16,274 INFO request {"path": "/measure", "payload": {"arena_id": "default", "robot_id": "202601002029", "request_id": "384f9fffb3ec4dbaa1e122b9ba8a4cb4", "position": {"x": 1200.0, "y": 0.0}, "channel": 9}, "attempt": 1}
2026-09-12 16:04:16,277 INFO response {"request_id": "384f9fffb3ec4dbaa1e122b9ba8a4cb4", "http_status": 200, "body": {"accepted": true, "real_timestamp_ms": 1789200252970, "virtual_time_s": 412, "measure_result": "direction", "svd_deg": 330.27}}
2026-09-12 16:04:16,280 INFO request {"path": "/measure", "payload": {"arena_id": "default", "robot_id": "202601002029", "request_id": "ff525deb5ca84723b299080caa12102f", "position": {"x": 1200.0, "y": 0.0}, "channel": 10}, "attempt": 1}
2026-09-12 16:04:16,282 INFO response {"request_id": "ff525deb5ca84723b299080caa12102f", "http_status": 200, "body": {"accepted": true, "real_timestamp_ms": 1789200252975, "virtual_time_s": 418, "measure_result": "direction", "svd_deg": 79.98}}
2026-09-12 16:04:16,285 INFO request {"path": "/measure", "payload": {"arena_id": "default", "robot_id": "202601002029", "request_id": "2d93d25d1e1b420c861b424ca79a7813", "position": {"x": 1200.0, "y": 0.0}, "channel": 12}, "attempt": 1}
2026-09-12 16:04:16,287 INFO response {"request_id": "2d93d25d1e1b420c861b424ca79a7813", "http_status": 200, "body": {"accepted": true, "real_timestamp_ms": 1789200252980, "virtual_time_s": 424, "measure_result": "no_signal"}}
2026-09-12 16:04:16,287 INFO request {"path": "/measure", "payload": {"arena_id": "default", "robot_id": "202601002029", "request_id": "e4825adeae154d3fb20118d241f7d2d3", "position": {"x": 1200.0, "y": 0.0}, "channel": 13}, "attempt": 1}
2026-09-12 16:04:16,288 INFO response {"request_id": "e4825adeae154d3fb20118d241f7d2d3", "http_status": 200, "body": {"accepted": true, "real_timestamp_ms": 1789200252981, "virtual_time_s": 430, "measure_result": "no_signal"}}
2026-09-12 16:04:16,288 INFO request {"path": "/measure", "payload": {"arena_id": "default", "robot_id": "202601002029", "request_id": "97a263ad5fa04b7cb39f26e7fc877578", "position": {"x": 1200.0, "y": 0.0}, "channel": 17}, "attempt": 1}
2026-09-12 16:04:16,289 INFO response {"request_id": "97a263ad5fa04b7cb39f26e7fc877578", "http_status": 200, "body": {"accepted": true, "real_timestamp_ms": 1789200252982, "virtual_time_s": 436, "measure_result": "no_signal"}}
2026-09-12 16:04:16,289 INFO request {"path": "/measure", "payload": {"arena_id": "default", "robot_id": "202601002029", "request_id": "1e6b0be4379143a9abf1abdf960d4d83", "position": {"x": 1200.0, "y": 0.0}, "channel": 18}, "attempt": 1}
2026-09-12 16:04:16,289 INFO response {"request_id": "1e6b0be4379143a9abf1abdf960d4d83", "http_status": 200, "body": {"accepted": true, "real_timestamp_ms": 1789200252983, "virtual_time_s": 442, "measure_result": "no_signal"}}
2026-09-12 16:04:16,290 INFO request {"path": "/measure", "payload": {"arena_id": "default", "robot_id": "202601002029", "request_id": "a108ffe9461f4476b76520c654b39337", "position": {"x": 600.0000000000001, "y": 1039.2304845413264}, "channel": 18}, "attempt": 1}
2026-09-12 16:04:16,291 INFO response {"request_id": "a108ffe9461f4476b76520c654b39337", "http_status": 200, "body": {"accepted": true, "real_timestamp_ms": 1789200252985, "virtual_time_s": 687, "measure_result": "no_signal"}}
2026-09-12 16:04:16,291 INFO request {"path": "/measure", "payload": {"arena_id": "default", "robot_id": "202601002029", "request_id": "404d667823224f3384151820e715bca5", "position": {"x": 600.0000000000001, "y": 1039.2304845413264}, "channel": 1}, "attempt": 1}
2026-09-12 16:04:16,292 INFO response {"request_id": "404d667823224f3384151820e715bca5", "http_status": 200, "body": {"accepted": true, "real_timestamp_ms": 1789200252985, "virtual_time_s": 693, "measure_result": "no_signal"}}
2026-09-12 16:04:16,292 INFO request {"path": "/measure", "payload": {"arena_id": "default", "robot_id": "202601002029", "request_id": "c8ac2d5c7c584c96b15682a73bf4458a", "position": {"x": 600.0000000000001, "y": 1039.2304845413264}, "channel": 2}, "attempt": 1}
2026-09-12 16:04:16,293 INFO response {"request_id": "c8ac2d5c7c584c96b15682a73bf4458a", "http_status": 200, "body": {"accepted": true, "real_timestamp_ms": 1789200252986, "virtual_time_s": 699, "measure_result": "no_signal"}}
2026-09-12 16:04:16,293 INFO request {"path": "/measure", "payload": {"arena_id": "default", "robot_id": "202601002029", "request_id": "6b160b415b114c8c9462beb4d1b706b9", "position": {"x": 600.0000000000001, "y": 1039.2304845413264}, "channel": 4}, "attempt": 1}
2026-09-12 16:04:16,294 INFO response {"request_id": "6b160b415b114c8c9462beb4d1b706b9", "http_status": 200, "body": {"accepted": true, "real_timestamp_ms": 1789200252987, "virtual_time_s": 705, "measure_result": "no_signal"}}
2026-09-12 16:04:16,294 INFO request {"path": "/measure", "payload": {"arena_id": "default", "robot_id": "202601002029", "request_id": "64d2e6f6c90a4910ba3b1d15d797fbcb", "position": {"x": 600.0000000000001, "y": 1039.2304845413264}, "channel": 5}, "attempt": 1}
2026-09-12 16:04:16,294 INFO response {"request_id": "64d2e6f6c90a4910ba3b1d15d797fbcb", "http_status": 200, "body": {"accepted": true, "real_timestamp_ms": 1789200252988, "virtual_time_s": 711, "measure_result": "direction", "svd_deg": 129.6}}
2026-09-12 16:04:16,296 INFO request {"path": "/measure", "payload": {"arena_id": "default", "robot_id": "202601002029", "request_id": "516c987f71e34003927a0631ce837b8d", "position": {"x": 600.0000000000001, "y": 1039.2304845413264}, "channel": 6}, "attempt": 1}
2026-09-12 16:04:16,313 INFO response {"request_id": "516c987f71e34003927a0631ce837b8d", "http_status": 200, "body": {"accepted": true, "real_timestamp_ms": 1789200253006, "virtual_time_s": 717, "measure_result": "no_signal"}}
2026-09-12 16:04:16,314 INFO request {"path": "/measure", "payload": {"arena_id": "default", "robot_id": "202601002029", "request_id": "9f1e17a0c3d14effba11179c9294d272", "position": {"x": 600.0000000000001, "y": 1039.2304845413264}, "channel": 7}, "attempt": 1}
2026-09-12 16:04:16,333 INFO response {"request_id": "9f1e17a0c3d14effba11179c9294d272", "http_status": 200, "body": {"accepted": true, "real_timestamp_ms": 1789200253026, "virtual_time_s": 723, "measure_result": "direction", "svd_deg": 143.15}}
2026-09-12 16:04:16,338 INFO request {"path": "/measure", "payload": {"arena_id": "default", "robot_id": "202601002029", "request_id": "2693829bb8614e7ba5717b8245eb6b85", "position": {"x": 600.0000000000001, "y": 1039.2304845413264}, "channel": 12}, "attempt": 1}
2026-09-12 16:04:16,354 INFO response {"request_id": "2693829bb8614e7ba5717b8245eb6b85", "http_status": 200, "body": {"accepted": true, "real_timestamp_ms": 1789200253047, "virtual_time_s": 729, "measure_result": "direction", "svd_deg": 147.67}}
2026-09-12 16:04:16,360 INFO request {"path": "/measure", "payload": {"arena_id": "default", "robot_id": "202601002029", "request_id": "26c404b5e0064981b4fa8126481cee26", "position": {"x": 600.0000000000001, "y": 1039.2304845413264}, "channel": 13}, "attempt": 1}
2026-09-12 16:04:16,374 INFO response {"request_id": "26c404b5e0064981b4fa8126481cee26", "http_status": 200, "body": {"accepted": true, "real_timestamp_ms": 1789200253067, "virtual_time_s": 735, "measure_result": "no_signal"}}
2026-09-12 16:04:16,374 INFO request {"path": "/measure", "payload": {"arena_id": "default", "robot_id": "202601002029", "request_id": "591fb59b3b204884a803591faaa009a2", "position": {"x": 600.0000000000001, "y": 1039.2304845413264}, "channel": 17}, "attempt": 1}
2026-09-12 16:04:16,393 INFO response {"request_id": "591fb59b3b204884a803591faaa009a2", "http_status": 200, "body": {"accepted": true, "real_timestamp_ms": 1789200253086, "virtual_time_s": 741, "measure_result": "no_signal"}}
2026-09-12 16:04:16,429 INFO request {"path": "/measure", "payload": {"arena_id": "default", "robot_id": "202601002029", "request_id": "e315999518a3415e8137674a4e50ddb0", "position": {"x": 600.0000000000001, "y": 1039.2304845413264}, "channel": 10}, "attempt": 1}
2026-09-12 16:04:16,443 INFO response {"request_id": "e315999518a3415e8137674a4e50ddb0", "http_status": 200, "body": {"accepted": true, "real_timestamp_ms": 1789200253136, "virtual_time_s": 747, "measure_result": "direction", "svd_deg": 345.51}}
2026-09-12 16:04:16,459 INFO request {"path": "/measure", "payload": {"arena_id": "default", "robot_id": "202601002029", "request_id": "64bd3f6941b44e1b891c004fe19092f1", "position": {"x": 600.0000000000001, "y": 1039.2304845413264}, "channel": 8}, "attempt": 1}
2026-09-12 16:04:16,481 INFO response {"request_id": "64bd3f6941b44e1b891c004fe19092f1", "http_status": 200, "body": {"accepted": true, "real_timestamp_ms": 1789200253175, "virtual_time_s": 753, "measure_result": "direction", "svd_deg": 306.36}}
2026-09-12 16:04:16,487 INFO request {"path": "/measure", "payload": {"arena_id": "default", "robot_id": "202601002029", "request_id": "52b5ca5abd78432ea405a9dde720a467", "position": {"x": -599.9999999999998, "y": 1039.2304845413264}, "channel": 1}, "attempt": 1}
2026-09-12 16:04:16,501 INFO response {"request_id": "52b5ca5abd78432ea405a9dde720a467", "http_status": 200, "body": {"accepted": true, "real_timestamp_ms": 1789200253194, "virtual_time_s": 999, "measure_result": "no_signal"}}
2026-09-12 16:04:16,501 INFO request {"path": "/measure", "payload": {"arena_id": "default", "robot_id": "202601002029", "request_id": "c5152890e3994495af8c0232bbd7e129", "position": {"x": -599.9999999999998, "y": 1039.2304845413264}, "channel": 2}, "attempt": 1}
2026-09-12 16:04:16,503 INFO response {"request_id": "c5152890e3994495af8c0232bbd7e129", "http_status": 200, "body": {"accepted": true, "real_timestamp_ms": 1789200253197, "virtual_time_s": 1005, "measure_result": "no_signal"}}
2026-09-12 16:04:16,503 INFO request {"path": "/measure", "payload": {"arena_id": "default", "robot_id": "202601002029", "request_id": "aa962edeac4a4713bc7a7f38c0033467", "position": {"x": -599.9999999999998, "y": 1039.2304845413264}, "channel": 4}, "attempt": 1}
2026-09-12 16:04:16,523 INFO response {"request_id": "aa962edeac4a4713bc7a7f38c0033467", "http_status": 200, "body": {"accepted": true, "real_timestamp_ms": 1789200253214, "virtual_time_s": 1011, "measure_result": "no_signal"}}
2026-09-12 16:04:16,523 INFO request {"path": "/measure", "payload": {"arena_id": "default", "robot_id": "202601002029", "request_id": "7ec310c3a460408d9cb6a83b9eb589cc", "position": {"x": -599.9999999999998, "y": 1039.2304845413264}, "channel": 6}, "attempt": 1}
2026-09-12 16:04:16,541 INFO response {"request_id": "7ec310c3a460408d9cb6a83b9eb589cc", "http_status": 200, "body": {"accepted": true, "real_timestamp_ms": 1789200253233, "virtual_time_s": 1017, "measure_result": "no_signal"}}
2026-09-12 16:04:16,541 INFO request {"path": "/measure", "payload": {"arena_id": "default", "robot_id": "202601002029", "request_id": "12d05d0a2bd041c895b7fd8e416491aa", "position": {"x": -599.9999999999998, "y": 1039.2304845413264}, "channel": 13}, "attempt": 1}
2026-09-12 16:04:16,543 INFO response {"request_id": "12d05d0a2bd041c895b7fd8e416491aa", "http_status": 200, "body": {"accepted": true, "real_timestamp_ms": 1789200253236, "virtual_time_s": 1023, "measure_result": "no_signal"}}
2026-09-12 16:04:16,544 INFO request {"path": "/measure", "payload": {"arena_id": "default", "robot_id": "202601002029", "request_id": "d88bc14dd3ca44afac2219387331cf75", "position": {"x": -599.9999999999998, "y": 1039.2304845413264}, "channel": 17}, "attempt": 1}
2026-09-12 16:04:16,545 INFO response {"request_id": "d88bc14dd3ca44afac2219387331cf75", "http_status": 200, "body": {"accepted": true, "real_timestamp_ms": 1789200253239, "virtual_time_s": 1029, "measure_result": "no_signal"}}
2026-09-12 16:04:16,546 INFO request {"path": "/measure", "payload": {"arena_id": "default", "robot_id": "202601002029", "request_id": "39fe678db5a24ab19499b2672fa3d138", "position": {"x": -599.9999999999998, "y": 1039.2304845413264}, "channel": 18}, "attempt": 1}
2026-09-12 16:04:16,548 INFO response {"request_id": "39fe678db5a24ab19499b2672fa3d138", "http_status": 200, "body": {"accepted": true, "real_timestamp_ms": 1789200253241, "virtual_time_s": 1035, "measure_result": "no_signal"}}
2026-09-12 16:04:16,593 INFO request {"path": "/measure", "payload": {"arena_id": "default", "robot_id": "202601002029", "request_id": "f01a36c01f194024a3a6e3cfa6536a8c", "position": {"x": -599.9999999999998, "y": 1039.2304845413264}, "channel": 11}, "attempt": 1}
2026-09-12 16:04:16,595 INFO response {"request_id": "f01a36c01f194024a3a6e3cfa6536a8c", "http_status": 200, "body": {"accepted": true, "real_timestamp_ms": 1789200253288, "virtual_time_s": 1041, "measure_result": "direction", "svd_deg": 3.76}}
2026-09-12 16:04:16,618 INFO request {"path": "/measure", "payload": {"arena_id": "default", "robot_id": "202601002029", "request_id": "b13cc82c63a843b4a877045f259b2669", "position": {"x": -599.9999999999998, "y": 1039.2304845413264}, "channel": 12}, "attempt": 1}
2026-09-12 16:04:16,619 INFO response {"request_id": "b13cc82c63a843b4a877045f259b2669", "http_status": 200, "body": {"accepted": true, "real_timestamp_ms": 1789200253313, "virtual_time_s": 1047, "measure_result": "direction", "svd_deg": 47.55}}
2026-09-12 16:04:16,621 INFO request {"path": "/measure", "payload": {"arena_id": "default", "robot_id": "202601002029", "request_id": "18962e78a88d46f78b2864b0f6f883dd", "position": {"x": -1200.0, "y": 1.4695761589768238e-13}, "channel": 1}, "attempt": 1}
2026-09-12 16:04:16,638 INFO response {"request_id": "18962e78a88d46f78b2864b0f6f883dd", "http_status": 200, "body": {"accepted": true, "real_timestamp_ms": 1789200253331, "virtual_time_s": 1293, "measure_result": "no_signal"}}
2026-09-12 16:04:16,638 INFO request {"path": "/measure", "payload": {"arena_id": "default", "robot_id": "202601002029", "request_id": "f111b4f3eff74ec6a454ed957e5bd143", "position": {"x": -1200.0, "y": 1.4695761589768238e-13}, "channel": 2}, "attempt": 1}
2026-09-12 16:04:16,639 INFO response {"request_id": "f111b4f3eff74ec6a454ed957e5bd143", "http_status": 200, "body": {"accepted": true, "real_timestamp_ms": 1789200253333, "virtual_time_s": 1299, "measure_result": "no_signal"}}
2026-09-12 16:04:16,640 INFO request {"path": "/measure", "payload": {"arena_id": "default", "robot_id": "202601002029", "request_id": "1cb018af87854ac19dd9a693d28d2417", "position": {"x": -1200.0, "y": 1.4695761589768238e-13}, "channel": 4}, "attempt": 1}
2026-09-12 16:04:16,640 INFO response {"request_id": "1cb018af87854ac19dd9a693d28d2417", "http_status": 200, "body": {"accepted": true, "real_timestamp_ms": 1789200253334, "virtual_time_s": 1305, "measure_result": "no_signal"}}
2026-09-12 16:04:16,641 INFO request {"path": "/measure", "payload": {"arena_id": "default", "robot_id": "202601002029", "request_id": "2ce56a03d8a846319d05921eed71744e", "position": {"x": -1200.0, "y": 1.4695761589768238e-13}, "channel": 6}, "attempt": 1}
2026-09-12 16:04:16,641 INFO response {"request_id": "2ce56a03d8a846319d05921eed71744e", "http_status": 200, "body": {"accepted": true, "real_timestamp_ms": 1789200253335, "virtual_time_s": 1311, "measure_result": "no_signal"}}
2026-09-12 16:04:16,642 INFO request {"path": "/measure", "payload": {"arena_id": "default", "robot_id": "202601002029", "request_id": "77d479b6807b4b30afbbdc1323ec99e2", "position": {"x": -1200.0, "y": 1.4695761589768238e-13}, "channel": 13}, "attempt": 1}
2026-09-12 16:04:16,658 INFO response {"request_id": "77d479b6807b4b30afbbdc1323ec99e2", "http_status": 200, "body": {"accepted": true, "real_timestamp_ms": 1789200253351, "virtual_time_s": 1317, "measure_result": "no_signal"}}
2026-09-12 16:04:16,658 INFO request {"path": "/measure", "payload": {"arena_id": "default", "robot_id": "202601002029", "request_id": "3d652fb18b704e59bc732852a1b3608a", "position": {"x": -1200.0, "y": 1.4695761589768238e-13}, "channel": 17}, "attempt": 1}
2026-09-12 16:04:16,660 INFO response {"request_id": "3d652fb18b704e59bc732852a1b3608a", "http_status": 200, "body": {"accepted": true, "real_timestamp_ms": 1789200253353, "virtual_time_s": 1323, "measure_result": "no_signal"}}
2026-09-12 16:04:16,660 INFO request {"path": "/measure", "payload": {"arena_id": "default", "robot_id": "202601002029", "request_id": "dbb0ebddb06a4be2bcaa5ba1c93ae333", "position": {"x": -1200.0, "y": 1.4695761589768238e-13}, "channel": 18}, "attempt": 1}
2026-09-12 16:04:16,661 INFO response {"request_id": "dbb0ebddb06a4be2bcaa5ba1c93ae333", "http_status": 200, "body": {"accepted": true, "real_timestamp_ms": 1789200253355, "virtual_time_s": 1329, "measure_result": "no_signal"}}
2026-09-12 16:04:16,674 INFO request {"path": "/measure", "payload": {"arena_id": "default", "robot_id": "202601002029", "request_id": "28d99cc4af314c46bf5cc011d3a92a73", "position": {"x": -1200.0, "y": 1.4695761589768238e-13}, "channel": 19}, "attempt": 1}
2026-09-12 16:04:16,676 INFO response {"request_id": "28d99cc4af314c46bf5cc011d3a92a73", "http_status": 200, "body": {"accepted": true, "real_timestamp_ms": 1789200253369, "virtual_time_s": 1335, "measure_result": "direction", "svd_deg": 335.4}}
2026-09-12 16:04:16,680 INFO request {"path": "/measure", "payload": {"arena_id": "default", "robot_id": "202601002029", "request_id": "88234024320a42fb945084be5edfe2e8", "position": {"x": -600.0000000000006, "y": -1039.2304845413262}, "channel": 1}, "attempt": 1}
2026-09-12 16:04:16,681 INFO response {"request_id": "88234024320a42fb945084be5edfe2e8", "http_status": 200, "body": {"accepted": true, "real_timestamp_ms": 1789200253374, "virtual_time_s": 1581, "measure_result": "no_signal"}}
2026-09-12 16:04:16,681 INFO request {"path": "/measure", "payload": {"arena_id": "default", "robot_id": "202601002029", "request_id": "c892af70077a419591bb8a1769d5c70e", "position": {"x": -600.0000000000006, "y": -1039.2304845413262}, "channel": 2}, "attempt": 1}
2026-09-12 16:04:16,682 INFO response {"request_id": "c892af70077a419591bb8a1769d5c70e", "http_status": 200, "body": {"accepted": true, "real_timestamp_ms": 1789200253376, "virtual_time_s": 1587, "measure_result": "direction", "svd_deg": 316.33}}
2026-09-12 16:04:16,684 INFO request {"path": "/measure", "payload": {"arena_id": "default", "robot_id": "202601002029", "request_id": "7aaa77c2d3c945fc92a37a1f6d88350f", "position": {"x": -600.0000000000006, "y": -1039.2304845413262}, "channel": 4}, "attempt": 1}
2026-09-12 16:04:16,697 INFO response {"request_id": "7aaa77c2d3c945fc92a37a1f6d88350f", "http_status": 200, "body": {"accepted": true, "real_timestamp_ms": 1789200253391, "virtual_time_s": 1593, "measure_result": "no_signal"}}
2026-09-12 16:04:16,698 INFO request {"path": "/measure", "payload": {"arena_id": "default", "robot_id": "202601002029", "request_id": "84ac1499a29d4d36af45883713dbdfa1", "position": {"x": -600.0000000000006, "y": -1039.2304845413262}, "channel": 6}, "attempt": 1}
2026-09-12 16:04:16,717 INFO response {"request_id": "84ac1499a29d4d36af45883713dbdfa1", "http_status": 200, "body": {"accepted": true, "real_timestamp_ms": 1789200253410, "virtual_time_s": 1599, "measure_result": "no_signal"}}
2026-09-12 16:04:16,717 INFO request {"path": "/measure", "payload": {"arena_id": "default", "robot_id": "202601002029", "request_id": "bae151d328d84692beb2a7b1cd4119b9", "position": {"x": -600.0000000000006, "y": -1039.2304845413262}, "channel": 13}, "attempt": 1}
2026-09-12 16:04:16,718 INFO response {"request_id": "bae151d328d84692beb2a7b1cd4119b9", "http_status": 200, "body": {"accepted": true, "real_timestamp_ms": 1789200253411, "virtual_time_s": 1605, "measure_result": "no_signal"}}
2026-09-12 16:04:16,718 INFO request {"path": "/measure", "payload": {"arena_id": "default", "robot_id": "202601002029", "request_id": "10561d40cc5c4167a3320bdbff01d013", "position": {"x": -600.0000000000006, "y": -1039.2304845413262}, "channel": 17}, "attempt": 1}
2026-09-12 16:04:16,737 INFO response {"request_id": "10561d40cc5c4167a3320bdbff01d013", "http_status": 200, "body": {"accepted": true, "real_timestamp_ms": 1789200253430, "virtual_time_s": 1611, "measure_result": "direction", "svd_deg": 324.59}}
2026-09-12 16:04:16,742 INFO request {"path": "/measure", "payload": {"arena_id": "default", "robot_id": "202601002029", "request_id": "8bc5d4ccad4d4224b1f6492218489a07", "position": {"x": -600.0000000000006, "y": -1039.2304845413262}, "channel": 18}, "attempt": 1}
2026-09-12 16:04:16,743 INFO response {"request_id": "8bc5d4ccad4d4224b1f6492218489a07", "http_status": 200, "body": {"accepted": true, "real_timestamp_ms": 1789200253437, "virtual_time_s": 1617, "measure_result": "no_signal"}}
2026-09-12 16:04:16,773 INFO request {"path": "/measure", "payload": {"arena_id": "default", "robot_id": "202601002029", "request_id": "3ddddb82748a4577b6ccaa56d3099e30", "position": {"x": -600.0000000000006, "y": -1039.2304845413262}, "channel": 15}, "attempt": 1}
2026-09-12 16:04:16,789 INFO response {"request_id": "3ddddb82748a4577b6ccaa56d3099e30", "http_status": 200, "body": {"accepted": true, "real_timestamp_ms": 1789200253480, "virtual_time_s": 1623, "measure_result": "direction", "svd_deg": 96.67}}
2026-09-12 16:04:16,813 INFO request {"path": "/measure", "payload": {"arena_id": "default", "robot_id": "202601002029", "request_id": "91baec213f1e4735b27914d7eed2b687", "position": {"x": 600.0000000000001, "y": -1039.2304845413264}, "channel": 1}, "attempt": 1}
2026-09-12 16:04:16,827 INFO response {"request_id": "91baec213f1e4735b27914d7eed2b687", "http_status": 200, "body": {"accepted": true, "real_timestamp_ms": 1789200253520, "virtual_time_s": 1869, "measure_result": "no_signal"}}
2026-09-12 16:04:16,827 INFO request {"path": "/measure", "payload": {"arena_id": "default", "robot_id": "202601002029", "request_id": "7993cc7b5cba4381aa07298f6124b11c", "position": {"x": 600.0000000000001, "y": -1039.2304845413264}, "channel": 4}, "attempt": 1}
2026-09-12 16:04:16,829 INFO response {"request_id": "7993cc7b5cba4381aa07298f6124b11c", "http_status": 200, "body": {"accepted": true, "real_timestamp_ms": 1789200253522, "virtual_time_s": 1875, "measure_result": "no_signal"}}
2026-09-12 16:04:16,829 INFO request {"path": "/measure", "payload": {"arena_id": "default", "robot_id": "202601002029", "request_id": "a872893d783448a988ea797240ed01d0", "position": {"x": 600.0000000000001, "y": -1039.2304845413264}, "channel": 6}, "attempt": 1}
2026-09-12 16:04:16,847 INFO response {"request_id": "a872893d783448a988ea797240ed01d0", "http_status": 200, "body": {"accepted": true, "real_timestamp_ms": 1789200253539, "virtual_time_s": 1881, "measure_result": "no_signal"}}
2026-09-12 16:04:16,847 INFO request {"path": "/measure", "payload": {"arena_id": "default", "robot_id": "202601002029", "request_id": "2fbaf0cb3d8a4d13aabaee8b46fe47b9", "position": {"x": 600.0000000000001, "y": -1039.2304845413264}, "channel": 13}, "attempt": 1}
2026-09-12 16:04:16,849 INFO response {"request_id": "2fbaf0cb3d8a4d13aabaee8b46fe47b9", "http_status": 200, "body": {"accepted": true, "real_timestamp_ms": 1789200253542, "virtual_time_s": 1887, "measure_result": "no_signal"}}
2026-09-12 16:04:16,849 INFO request {"path": "/measure", "payload": {"arena_id": "default", "robot_id": "202601002029", "request_id": "43fd74ad7ccc4dfaabc3d423194cc429", "position": {"x": 600.0000000000001, "y": -1039.2304845413264}, "channel": 18}, "attempt": 1}
2026-09-12 16:04:16,866 INFO response {"request_id": "43fd74ad7ccc4dfaabc3d423194cc429", "http_status": 200, "body": {"accepted": true, "real_timestamp_ms": 1789200253559, "virtual_time_s": 1893, "measure_result": "no_signal"}}
2026-09-12 16:04:16,912 INFO request {"path": "/measure", "payload": {"arena_id": "default", "robot_id": "202601002029", "request_id": "acde7d3a20494449a6b05df8eb5ca6ac", "position": {"x": 600.0000000000001, "y": -1039.2304845413264}, "channel": 16}, "attempt": 1}
2026-09-12 16:04:16,924 INFO response {"request_id": "acde7d3a20494449a6b05df8eb5ca6ac", "http_status": 200, "body": {"accepted": true, "real_timestamp_ms": 1789200253617, "virtual_time_s": 1899, "measure_result": "direction", "svd_deg": 147.27}}
2026-09-12 16:04:16,960 INFO request {"path": "/measure", "payload": {"arena_id": "default", "robot_id": "202601002029", "request_id": "eecb090d49704eab9d01abec7c023af6", "position": {"x": 600.0000000000001, "y": -1039.2304845413264}, "channel": 14}, "attempt": 1}
2026-09-12 16:04:16,973 INFO response {"request_id": "eecb090d49704eab9d01abec7c023af6", "http_status": 200, "body": {"accepted": true, "real_timestamp_ms": 1789200253666, "virtual_time_s": 1905, "measure_result": "direction", "svd_deg": 78.32}}
2026-09-12 16:04:26,979 INFO request {"path": "/measure", "payload": {"arena_id": "default", "robot_id": "202601002029", "request_id": "680e0f7a46d6446c9ba53a5527ec5f59", "position": {"x": 390.76252684868587, "y": -1204.515819108174}, "channel": 17}, "attempt": 1}
2026-09-12 16:04:26,990 INFO response {"request_id": "680e0f7a46d6446c9ba53a5527ec5f59", "http_status": 200, "body": {"accepted": true, "real_timestamp_ms": 1789200263683, "virtual_time_s": 1964.329002, "measure_result": "direction", "svd_deg": 184.53}}
2026-09-12 16:04:27,038 INFO request {"path": "/measure", "payload": {"arena_id": "default", "robot_id": "202601002029", "request_id": "0470a69725a249a996325e2870bbc0d0", "position": {"x": 390.76252684868587, "y": -1204.515819108174}, "channel": 2}, "attempt": 1}
2026-09-12 16:04:27,040 INFO response {"request_id": "0470a69725a249a996325e2870bbc0d0", "http_status": 200, "body": {"accepted": true, "real_timestamp_ms": 1789200263733, "virtual_time_s": 1970.329002, "measure_result": "direction", "svd_deg": 233.21}}
2026-09-12 16:04:27,062 INFO request {"path": "/measure", "payload": {"arena_id": "default", "robot_id": "202601002029", "request_id": "2c950599174b4320af58cd65408087b9", "position": {"x": 390.76252684868587, "y": -1204.515819108174}, "channel": 19}, "attempt": 1}
2026-09-12 16:04:27,064 INFO response {"request_id": "2c950599174b4320af58cd65408087b9", "http_status": 200, "body": {"accepted": true, "real_timestamp_ms": 1789200263757, "virtual_time_s": 1976.329002, "measure_result": "direction", "svd_deg": 129.7}}
2026-09-12 16:04:27,691 INFO request {"path": "/clear", "payload": {"arena_id": "default", "robot_id": "202601002029", "request_id": "8994065831ae4e968b24c1b95d966037", "position": {"x": 50.289616659071704, "y": -1660.296710007168}, "channel": 2}, "attempt": 1}
2026-09-12 16:04:27,711 INFO response {"request_id": "8994065831ae4e968b24c1b95d966037", "http_status": 200, "body": {"accepted": true, "real_timestamp_ms": 1789200264404, "virtual_time_s": 2095.110903, "clear_result": "success"}}
2026-09-12 16:04:27,727 INFO request {"path": "/measure", "payload": {"arena_id": "default", "robot_id": "202601002029", "request_id": "2e23ba78528f4343bf6c889564dee098", "position": {"x": 50.289616659071704, "y": -1660.296710007168}, "channel": 17}, "attempt": 1}
2026-09-12 16:04:27,741 INFO response {"request_id": "2e23ba78528f4343bf6c889564dee098", "http_status": 200, "body": {"accepted": true, "real_timestamp_ms": 1789200264434, "virtual_time_s": 2101.110903, "measure_result": "direction", "svd_deg": 130.01}}
2026-09-12 16:04:28,539 INFO request {"path": "/measure", "payload": {"arena_id": "default", "robot_id": "202601002029", "request_id": "6ffbd1f6c149454fb6cd0290781c9cf0", "position": {"x": -64.5290301535976, "y": -1593.409021661404}, "channel": 17}, "attempt": 1}
2026-09-12 16:04:28,540 INFO response {"request_id": "6ffbd1f6c149454fb6cd0290781c9cf0", "http_status": 200, "body": {"accepted": true, "real_timestamp_ms": 1789200265233, "virtual_time_s": 2132.687046, "measure_result": "direction", "svd_deg": 124.02}}
2026-09-12 16:04:28,556 INFO request {"path": "/clear", "payload": {"arena_id": "default", "robot_id": "202601002029", "request_id": "6b2860cdb65d49838cabe6ccebbfd1dc", "position": {"x": -291.11955470569154, "y": -1258.2800881767016}, "channel": 17}, "attempt": 1}
2026-09-12 16:04:28,575 INFO response {"request_id": "6b2860cdb65d49838cabe6ccebbfd1dc", "http_status": 200, "body": {"accepted": true, "real_timestamp_ms": 1789200265268, "virtual_time_s": 2218.595554, "clear_result": "success"}}
2026-09-12 16:04:28,586 INFO request {"path": "/measure", "payload": {"arena_id": "default", "robot_id": "202601002029", "request_id": "23724f2fa30641e7b2759e76829ded45", "position": {"x": -417.318407275759, "y": -860.2989578177846}, "channel": 16}, "attempt": 1}
2026-09-12 16:04:28,604 INFO response {"request_id": "23724f2fa30641e7b2759e76829ded45", "http_status": 200, "body": {"accepted": true, "real_timestamp_ms": 1789200265297, "virtual_time_s": 2308.097681, "measure_result": "direction", "svd_deg": 56.44}}
2026-09-12 16:04:28,632 INFO request {"path": "/measure", "payload": {"arena_id": "default", "robot_id": "202601002029", "request_id": "144e83e333154fef91a19b91aea0f9e3", "position": {"x": -417.318407275759, "y": -860.2989578177846}, "channel": 15}, "attempt": 1}
2026-09-12 16:04:28,634 INFO response {"request_id": "144e83e333154fef91a19b91aea0f9e3", "http_status": 200, "body": {"accepted": true, "real_timestamp_ms": 1789200265327, "virtual_time_s": 2314.097681, "measure_result": "direction", "svd_deg": 111.23}}
2026-09-12 16:04:29,336 INFO request {"path": "/measure", "payload": {"arena_id": "default", "robot_id": "202601002029", "request_id": "4f30ba88ac55473bb6b41066a0c1c1a8", "position": {"x": -490.5489319247098, "y": -437.0701995615264}, "channel": 15}, "attempt": 1}
2026-09-12 16:04:29,355 INFO response {"request_id": "4f30ba88ac55473bb6b41066a0c1c1a8", "http_status": 200, "body": {"accepted": true, "real_timestamp_ms": 1789200266049, "virtual_time_s": 2405.001183, "measure_result": "direction", "svd_deg": 122.2}}
2026-09-12 16:04:29,366 INFO request {"path": "/clear", "payload": {"arena_id": "default", "robot_id": "202601002029", "request_id": "69c10ecb83f94dc18896a317bcacdecd", "position": {"x": -196.61154987630317, "y": -527.0859433671105}, "channel": 16}, "attempt": 1}
2026-09-12 16:04:29,368 INFO response {"request_id": "69c10ecb83f94dc18896a317bcacdecd", "http_status": 200, "body": {"accepted": true, "real_timestamp_ms": 1789200266061, "virtual_time_s": 2471.483544, "clear_result": "success"}}
2026-09-12 16:04:29,369 INFO request {"path": "/clear", "payload": {"arena_id": "default", "robot_id": "202601002029", "request_id": "999175c3e69040f0b23a2475ad1d7fa7", "position": {"x": -266.5664025503662, "y": -422.38738455810784}, "channel": 19}, "attempt": 1}
2026-09-12 16:04:29,371 INFO response {"request_id": "999175c3e69040f0b23a2475ad1d7fa7", "http_status": 200, "body": {"accepted": true, "real_timestamp_ms": 1789200266064, "virtual_time_s": 2501.667245, "clear_result": "success"}}
2026-09-12 16:04:29,372 INFO request {"path": "/clear", "payload": {"arena_id": "default", "robot_id": "202601002029", "request_id": "3f38756bf0254da594f20ecfcb03b2b3", "position": {"x": -704.7101125017939, "y": -102.246952330683}, "channel": 15}, "attempt": 1}
2026-09-12 16:04:29,385 INFO response {"request_id": "3f38756bf0254da594f20ecfcb03b2b3", "http_status": 200, "body": {"accepted": true, "real_timestamp_ms": 1789200266079, "virtual_time_s": 2615.195547, "clear_result": "success"}}
2026-09-12 16:04:29,388 INFO request {"path": "/measure", "payload": {"arena_id": "default", "robot_id": "202601002029", "request_id": "ea1dd8da4c574269b47ef8e104a07745", "position": {"x": -388.337275887561, "y": 965.442023172079}, "channel": 12}, "attempt": 1}
2026-09-12 16:04:29,406 INFO response {"request_id": "ea1dd8da4c574269b47ef8e104a07745", "http_status": 200, "body": {"accepted": true, "real_timestamp_ms": 1789200266099, "virtual_time_s": 2843.910748, "measure_result": "direction", "svd_deg": 67.54}}
2026-09-12 16:04:29,439 INFO request {"path": "/measure", "payload": {"arena_id": "default", "robot_id": "202601002029", "request_id": "090248bc999e4706aba87bfc9c9730db", "position": {"x": -388.337275887561, "y": 965.442023172079}, "channel": 7}, "attempt": 1}
2026-09-12 16:04:29,455 INFO response {"request_id": "090248bc999e4706aba87bfc9c9730db", "http_status": 200, "body": {"accepted": true, "real_timestamp_ms": 1789200266148, "virtual_time_s": 2849.910748, "measure_result": "direction", "svd_deg": 79.12}}
2026-09-12 16:04:29,483 INFO request {"path": "/measure", "payload": {"arena_id": "default", "robot_id": "202601002029", "request_id": "b76385b6e50f418689feb4aea69667cb", "position": {"x": -388.337275887561, "y": 965.442023172079}, "channel": 5}, "attempt": 1}
2026-09-12 16:04:29,495 INFO response {"request_id": "b76385b6e50f418689feb4aea69667cb", "http_status": 200, "body": {"accepted": true, "real_timestamp_ms": 1789200266188, "virtual_time_s": 2855.910748, "measure_result": "direction", "svd_deg": 59.81}}
2026-09-12 16:04:30,791 INFO request {"path": "/measure", "payload": {"arena_id": "default", "robot_id": "202601002029", "request_id": "25b2fd492f1b431ab1143d00cb0ae084", "position": {"x": -533.103170264036, "y": 1394.3104048632042}, "channel": 7}, "attempt": 1}
2026-09-12 16:04:30,792 INFO response {"request_id": "25b2fd492f1b431ab1143d00cb0ae084", "http_status": 200, "body": {"accepted": true, "real_timestamp_ms": 1789200267486, "virtual_time_s": 2952.439252, "measure_result": "direction", "svd_deg": 45.3}}
2026-09-12 16:04:30,814 INFO request {"path": "/measure", "payload": {"arena_id": "default", "robot_id": "202601002029", "request_id": "af92497853334478981b26fe269f19ae", "position": {"x": -533.103170264036, "y": 1394.3104048632042}, "channel": 5}, "attempt": 1}
2026-09-12 16:04:30,816 INFO response {"request_id": "af92497853334478981b26fe269f19ae", "http_status": 200, "body": {"accepted": true, "real_timestamp_ms": 1789200267509, "virtual_time_s": 2958.439252, "measure_result": "direction", "svd_deg": 28.3}}
2026-09-12 16:04:30,830 INFO request {"path": "/measure", "payload": {"arena_id": "default", "robot_id": "202601002029", "request_id": "11185f2f8b3541cfafe0e64afee01170", "position": {"x": -533.103170264036, "y": 1394.3104048632042}, "channel": 11}, "attempt": 1}
2026-09-12 16:04:30,831 INFO response {"request_id": "11185f2f8b3541cfafe0e64afee01170", "http_status": 200, "body": {"accepted": true, "real_timestamp_ms": 1789200267525, "virtual_time_s": 2964.439252, "measure_result": "direction", "svd_deg": 345.15}}
2026-09-12 16:04:31,512 INFO request {"path": "/clear", "payload": {"arena_id": "default", "robot_id": "202601002029", "request_id": "12ea9799ae63402b996a4c7ed91e36d4", "position": {"x": -251.85396786367966, "y": 1677.8490551314917}, "channel": 7}, "attempt": 1}
2026-09-12 16:04:31,513 INFO response {"request_id": "12ea9799ae63402b996a4c7ed91e36d4", "http_status": 200, "body": {"accepted": true, "real_timestamp_ms": 1789200268206, "virtual_time_s": 3049.312972, "clear_result": "success"}}
2026-09-12 16:04:31,525 INFO request {"path": "/measure", "payload": {"arena_id": "default", "robot_id": "202601002029", "request_id": "61384300807e4cea931d8ae9206cd657", "position": {"x": -251.85396786367966, "y": 1677.8490551314917}, "channel": 11}, "attempt": 1}
2026-09-12 16:04:31,540 INFO response {"request_id": "61384300807e4cea931d8ae9206cd657", "http_status": 200, "body": {"accepted": true, "real_timestamp_ms": 1789200268234, "virtual_time_s": 3054.312972, "measure_result": "direction", "svd_deg": 322.72}}
2026-09-12 16:04:32,354 INFO request {"path": "/clear", "payload": {"arena_id": "default", "robot_id": "202601002029", "request_id": "76f6f3ea9f374f6aa9b230afaef66fc4", "position": {"x": -160.08272838937114, "y": 1520.4879778789384}, "channel": 12}, "attempt": 1}
2026-09-12 16:04:32,375 INFO response {"request_id": "76f6f3ea9f374f6aa9b230afaef66fc4", "http_status": 200, "body": {"accepted": true, "real_timestamp_ms": 1789200269068, "virtual_time_s": 3095.746182, "clear_result": "success"}}
2026-09-12 16:04:32,396 INFO request {"path": "/measure", "payload": {"arena_id": "default", "robot_id": "202601002029", "request_id": "86b5cba939814700abcb4eeb9d3c2bcd", "position": {"x": -160.08272838937114, "y": 1520.4879778789384}, "channel": 11}, "attempt": 1}
2026-09-12 16:04:32,414 INFO response {"request_id": "86b5cba939814700abcb4eeb9d3c2bcd", "http_status": 200, "body": {"accepted": true, "real_timestamp_ms": 1789200269107, "virtual_time_s": 3100.746182, "measure_result": "direction", "svd_deg": 327.67}}
2026-09-12 16:04:33,157 INFO request {"path": "/clear", "payload": {"arena_id": "default", "robot_id": "202601002029", "request_id": "593ca360e3524b48ac7a20ea56eca9f0", "position": {"x": 45.047810388794375, "y": 1708.9737775070712}, "channel": 5}, "attempt": 1}
2026-09-12 16:04:33,159 INFO response {"request_id": "593ca360e3524b48ac7a20ea56eca9f0", "http_status": 200, "body": {"accepted": true, "real_timestamp_ms": 1789200269852, "virtual_time_s": 3161.461686, "clear_result": "success"}}
2026-09-12 16:04:33,180 INFO request {"path": "/measure", "payload": {"arena_id": "default", "robot_id": "202601002029", "request_id": "6ec33ec4c82c41c9bd285ed8a35d4e55", "position": {"x": 45.047810388794375, "y": 1708.9737775070712}, "channel": 11}, "attempt": 1}
2026-09-12 16:04:33,198 INFO response {"request_id": "6ec33ec4c82c41c9bd285ed8a35d4e55", "http_status": 200, "body": {"accepted": true, "real_timestamp_ms": 1789200269892, "virtual_time_s": 3166.461686, "measure_result": "direction", "svd_deg": 305.65}}
2026-09-12 16:04:34,074 INFO request {"path": "/measure", "payload": {"arena_id": "default", "robot_id": "202601002029", "request_id": "2cebbc24c1034031bee23ad428bba20f", "position": {"x": 236.6794005940578, "y": 1672.8029099305895}, "channel": 11}, "attempt": 1}
2026-09-12 16:04:34,075 INFO response {"request_id": "2cebbc24c1034031bee23ad428bba20f", "http_status": 200, "body": {"accepted": true, "real_timestamp_ms": 1789200270768, "virtual_time_s": 3210.464762, "measure_result": "direction", "svd_deg": 293.68}}
2026-09-12 16:04:34,082 INFO request {"path": "/clear", "payload": {"arena_id": "default", "robot_id": "202601002029", "request_id": "706a65d29dde4eb5a28849fe20a9707b", "position": {"x": 474.6795054015922, "y": 1116.5668873966802}, "channel": 11}, "attempt": 1}
2026-09-12 16:04:34,085 INFO response {"request_id": "706a65d29dde4eb5a28849fe20a9707b", "http_status": 200, "body": {"accepted": true, "real_timestamp_ms": 1789200270778, "virtual_time_s": 3336.467665, "clear_result": "success"}}
2026-09-12 16:04:34,093 INFO request {"path": "/measure", "payload": {"arena_id": "default", "robot_id": "202601002029", "request_id": "fbb401b0465843848352fa0bb70c1c25", "position": {"x": 328.81373280214274, "y": 943.4725512374981}, "channel": 20}, "attempt": 1}
2026-09-12 16:04:34,094 INFO response {"request_id": "fbb401b0465843848352fa0bb70c1c25", "http_status": 200, "body": {"accepted": true, "real_timestamp_ms": 1789200270788, "virtual_time_s": 3387.739499, "measure_result": "direction", "svd_deg": 355.11}}
2026-09-12 16:04:34,712 INFO request {"path": "/measure", "payload": {"arena_id": "default", "robot_id": "202601002029", "request_id": "cfe32c1d46cd4b0bb03cbb90187016ba", "position": {"x": 416.5092156316802, "y": 751.3751028941838}, "channel": 20}, "attempt": 1}
2026-09-12 16:04:34,725 INFO response {"request_id": "cfe32c1d46cd4b0bb03cbb90187016ba", "http_status": 200, "body": {"accepted": true, "real_timestamp_ms": 1789200271419, "virtual_time_s": 3434.9731, "measure_result": "direction", "svd_deg": 22.26}}
2026-09-12 16:04:34,747 INFO request {"path": "/measure", "payload": {"arena_id": "default", "robot_id": "202601002029", "request_id": "bf6acb4c9e06479794036518d45abaa8", "position": {"x": 416.5092156316802, "y": 751.3751028941838}, "channel": 10}, "attempt": 1}
2026-09-12 16:04:34,749 INFO response {"request_id": "bf6acb4c9e06479794036518d45abaa8", "http_status": 200, "body": {"accepted": true, "real_timestamp_ms": 1789200271442, "virtual_time_s": 3440.9731, "measure_result": "direction", "svd_deg": 5.83}}
2026-09-12 16:04:34,761 INFO request {"path": "/measure", "payload": {"arena_id": "default", "robot_id": "202601002029", "request_id": "b05f6393b1a447a6b1be6eaa3c7ed3d7", "position": {"x": 416.5092156316802, "y": 751.3751028941838}, "channel": 14}, "attempt": 1}
2026-09-12 16:04:34,762 INFO response {"request_id": "b05f6393b1a447a6b1be6eaa3c7ed3d7", "http_status": 200, "body": {"accepted": true, "real_timestamp_ms": 1789200271455, "virtual_time_s": 3446.9731, "measure_result": "direction", "svd_deg": 294.6}}
2026-09-12 16:04:34,766 INFO request {"path": "/clear", "payload": {"arena_id": "default", "robot_id": "202601002029", "request_id": "5ca89a27203549aabb21d1b855e62090", "position": {"x": 785.1923598076289, "y": 901.9497923988478}, "channel": 20}, "attempt": 1}
2026-09-12 16:04:34,784 INFO response {"request_id": "5ca89a27203549aabb21d1b855e62090", "http_status": 200, "body": {"accepted": true, "real_timestamp_ms": 1789200271478, "virtual_time_s": 3531.62233, "clear_result": "success"}}
2026-09-12 16:04:34,794 INFO request {"path": "/measure", "payload": {"arena_id": "default", "robot_id": "202601002029", "request_id": "5813a35c84ae4407b505cdc911c120a4", "position": {"x": 785.1923598076289, "y": 901.9497923988478}, "channel": 8}, "attempt": 1}
2026-09-12 16:04:34,814 INFO response {"request_id": "5813a35c84ae4407b505cdc911c120a4", "http_status": 200, "body": {"accepted": true, "real_timestamp_ms": 1789200271507, "virtual_time_s": 3537.62233, "measure_result": "direction", "svd_deg": 302.67}}
2026-09-12 16:04:35,415 INFO request {"path": "/clear", "payload": {"arena_id": "default", "robot_id": "202601002029", "request_id": "2b980ae291b849c59f0465c9fe4070c3", "position": {"x": 1349.3267986950264, "y": 846.428639389781}, "channel": 10}, "attempt": 1}
2026-09-12 16:04:35,429 INFO response {"request_id": "2b980ae291b849c59f0465c9fe4070c3", "http_status": 200, "body": {"accepted": true, "real_timestamp_ms": 1789200272122, "virtual_time_s": 3655.994331, "clear_result": "success"}}
2026-09-12 16:04:35,473 INFO request {"path": "/measure", "payload": {"arena_id": "default", "robot_id": "202601002029", "request_id": "f4e52e6f6ffa4f5184365e728edf39bc", "position": {"x": 1349.3267986950264, "y": 846.428639389781}, "channel": 9}, "attempt": 1}
2026-09-12 16:04:35,474 INFO response {"request_id": "f4e52e6f6ffa4f5184365e728edf39bc", "http_status": 200, "body": {"accepted": true, "real_timestamp_ms": 1789200272167, "virtual_time_s": 3661.994331, "measure_result": "direction", "svd_deg": 288.57}}
2026-09-12 16:04:35,489 INFO request {"path": "/measure", "payload": {"arena_id": "default", "robot_id": "202601002029", "request_id": "e895d1495dc64160b3c932a21460b8c5", "position": {"x": 1349.3267986950264, "y": 846.428639389781}, "channel": 8}, "attempt": 1}
2026-09-12 16:04:35,509 INFO response {"request_id": "e895d1495dc64160b3c932a21460b8c5", "http_status": 200, "body": {"accepted": true, "real_timestamp_ms": 1789200272202, "virtual_time_s": 3667.994331, "measure_result": "direction", "svd_deg": 262.56}}
2026-09-12 16:04:36,926 INFO request {"path": "/measure", "payload": {"arena_id": "default", "robot_id": "202601002029", "request_id": "e3abdce08fcd495ca884e42eb5708450", "position": {"x": 1543.9553087056227, "y": 432.0549145469348}, "channel": 8}, "attempt": 1}
2026-09-12 16:04:36,943 INFO response {"request_id": "e3abdce08fcd495ca884e42eb5708450", "http_status": 200, "body": {"accepted": true, "real_timestamp_ms": 1789200273636, "virtual_time_s": 3764.555423, "measure_result": "direction", "svd_deg": 226.42}}
2026-09-12 16:04:36,972 INFO request {"path": "/measure", "payload": {"arena_id": "default", "robot_id": "202601002029", "request_id": "e4644d768ed14d0bb7a697ac5dfac349", "position": {"x": 1543.9553087056227, "y": 432.0549145469348}, "channel": 3}, "attempt": 1}
2026-09-12 16:04:36,993 INFO response {"request_id": "e4644d768ed14d0bb7a697ac5dfac349", "http_status": 200, "body": {"accepted": true, "real_timestamp_ms": 1789200273686, "virtual_time_s": 3770.555423, "measure_result": "direction", "svd_deg": 276.59}}
2026-09-12 16:04:37,018 INFO request {"path": "/measure", "payload": {"arena_id": "default", "robot_id": "202601002029", "request_id": "281fe91348374a7bb5b9b56899210224", "position": {"x": 1543.9553087056227, "y": 432.0549145469348}, "channel": 9}, "attempt": 1}
2026-09-12 16:04:37,033 INFO response {"request_id": "281fe91348374a7bb5b9b56899210224", "http_status": 200, "body": {"accepted": true, "real_timestamp_ms": 1789200273726, "virtual_time_s": 3776.555423, "measure_result": "direction", "svd_deg": 282.99}}
2026-09-12 16:04:38,324 INFO request {"path": "/measure", "payload": {"arena_id": "default", "robot_id": "202601002029", "request_id": "5c04ac5cce894939b89c106da28270b2", "position": {"x": 1718.8970721407195, "y": 103.71204955770361}, "channel": 9}, "attempt": 1}
2026-09-12 16:04:38,340 INFO response {"request_id": "5c04ac5cce894939b89c106da28270b2", "http_status": 200, "body": {"accepted": true, "real_timestamp_ms": 1789200275033, "virtual_time_s": 3855.963395, "measure_result": "direction", "svd_deg": 269.4}}
2026-09-12 16:04:38,358 INFO request {"path": "/measure", "payload": {"arena_id": "default", "robot_id": "202601002029", "request_id": "5795152f06624f20ae155b6af3e2a10d", "position": {"x": 1718.8970721407195, "y": 103.71204955770361}, "channel": 3}, "attempt": 1}
2026-09-12 16:04:38,378 INFO response {"request_id": "5795152f06624f20ae155b6af3e2a10d", "http_status": 200, "body": {"accepted": true, "real_timestamp_ms": 1789200275071, "virtual_time_s": 3861.963395, "measure_result": "direction", "svd_deg": 260.33}}
2026-09-12 16:04:39,022 INFO request {"path": "/measure", "payload": {"arena_id": "default", "robot_id": "202601002029", "request_id": "0b758c1827334241bb4b4d212ec2dd8e", "position": {"x": 1785.8807865655488, "y": -28.780215717216265}, "channel": 3}, "attempt": 1}
2026-09-12 16:04:39,023 INFO response {"request_id": "0b758c1827334241bb4b4d212ec2dd8e", "http_status": 200, "body": {"accepted": true, "real_timestamp_ms": 1789200275717, "virtual_time_s": 3896.655831, "measure_result": "direction", "svd_deg": 247.72}}
2026-09-12 16:04:39,028 INFO request {"path": "/clear", "payload": {"arena_id": "default", "robot_id": "202601002029", "request_id": "3f720ada2f074d2bacece5095aebed78", "position": {"x": 1715.0025689629651, "y": -294.38566955413955}, "channel": 9}, "attempt": 1}
2026-09-12 16:04:39,029 INFO response {"request_id": "3f720ada2f074d2bacece5095aebed78", "http_status": 200, "body": {"accepted": true, "real_timestamp_ms": 1789200275722, "virtual_time_s": 3956.63582, "clear_result": "success"}}
2026-09-12 16:04:39,029 INFO request {"path": "/clear", "payload": {"arena_id": "default", "robot_id": "202601002029", "request_id": "a3648fee6ccc453191e9cea94c111850", "position": {"x": 1634.3053990926314, "y": -399.3515298554516}, "channel": 3}, "attempt": 1}
2026-09-12 16:04:39,040 INFO response {"request_id": "a3648fee6ccc453191e9cea94c111850", "http_status": 200, "body": {"accepted": true, "real_timestamp_ms": 1789200275734, "virtual_time_s": 3988.115899, "clear_result": "success"}}
2026-09-12 16:04:39,041 INFO request {"path": "/clear", "payload": {"arena_id": "default", "robot_id": "202601002029", "request_id": "4caf85e258714ab8abf001418e47ddea", "position": {"x": 1267.366923210855, "y": 141.07350298122722}, "channel": 8}, "attempt": 1}
2026-09-12 16:04:39,060 INFO response {"request_id": "4caf85e258714ab8abf001418e47ddea", "http_status": 200, "body": {"accepted": true, "real_timestamp_ms": 1789200275753, "virtual_time_s": 4123.760924, "clear_result": "success"}}
2026-09-12 16:04:39,060 INFO request {"path": "/clear", "payload": {"arena_id": "default", "robot_id": "202601002029", "request_id": "2ce491a04e154252abb7bd456fe2279d", "position": {"x": 797.3742932798891, "y": -54.30415607365261}, "channel": 14}, "attempt": 1}
2026-09-12 16:04:39,080 INFO response {"request_id": "2ce491a04e154252abb7bd456fe2279d", "http_status": 200, "body": {"accepted": true, "real_timestamp_ms": 1789200275773, "virtual_time_s": 4230.557879, "clear_result": "success"}}
2026-09-12 16:04:39,080 INFO request {"path": "/exit", "payload": {"arena_id": "default", "robot_id": "202601002029", "request_id": "2b1ebad8359846afb05f2ddc84ce9cfb"}, "attempt": 1}
2026-09-12 16:04:39,081 INFO response {"request_id": "2b1ebad8359846afb05f2ddc84ce9cfb", "http_status": 200, "body": {"accepted": true, "real_timestamp_ms": 1789200275774, "virtual_time_s": 4230.557879, "exit_reason": "user_exit"}}
