2026-09-12 16:45:33,292 INFO request {"path": "/enter", "payload": {"arena_id": "default", "robot_id": "202601002029", "request_id": "b3426ddc67e349cd9e9d86426ad3ce6c"}, "attempt": 1}
2026-09-12 16:45:33,297 INFO response {"request_id": "b3426ddc67e349cd9e9d86426ad3ce6c", "http_status": 200, "body": {"accepted": true, "real_timestamp_ms": 1789202730019, "virtual_time_s": 0, "max_virtual_duration_s": 360000, "max_real_duration_s": 1200, "remaining_real_duration_s": 1200}}
2026-09-12 16:45:33,297 INFO request {"path": "/measure", "payload": {"arena_id": "default", "robot_id": "202601002029", "request_id": "79db18d916014e2187143585b718863a", "position": {"x": 0.0, "y": 0.0}, "channel": 1}, "attempt": 1}
2026-09-12 16:45:33,313 INFO response {"request_id": "79db18d916014e2187143585b718863a", "http_status": 200, "body": {"accepted": true, "real_timestamp_ms": 1789202730036, "virtual_time_s": 5, "measure_result": "no_signal"}}
2026-09-12 16:45:33,315 INFO request {"path": "/measure", "payload": {"arena_id": "default", "robot_id": "202601002029", "request_id": "6c441bfb81e24b6d8e2d9e8f217666ef", "position": {"x": 0.0, "y": 0.0}, "channel": 2}, "attempt": 1}
2026-09-12 16:45:33,334 INFO response {"request_id": "6c441bfb81e24b6d8e2d9e8f217666ef", "http_status": 200, "body": {"accepted": true, "real_timestamp_ms": 1789202730056, "virtual_time_s": 11, "measure_result": "no_signal"}}
2026-09-12 16:45:33,334 INFO request {"path": "/measure", "payload": {"arena_id": "default", "robot_id": "202601002029", "request_id": "d61373edcd054029948e876f9f587b61", "position": {"x": 0.0, "y": 0.0}, "channel": 3}, "attempt": 1}
2026-09-12 16:45:33,352 INFO response {"request_id": "d61373edcd054029948e876f9f587b61", "http_status": 200, "body": {"accepted": true, "real_timestamp_ms": 1789202730075, "virtual_time_s": 17, "measure_result": "no_signal"}}
2026-09-12 16:45:33,354 INFO request {"path": "/measure", "payload": {"arena_id": "default", "robot_id": "202601002029", "request_id": "5fc5389da9d8435e912fdf62c59c64f4", "position": {"x": 0.0, "y": 0.0}, "channel": 4}, "attempt": 1}
2026-09-12 16:45:33,372 INFO response {"request_id": "5fc5389da9d8435e912fdf62c59c64f4", "http_status": 200, "body": {"accepted": true, "real_timestamp_ms": 1789202730095, "virtual_time_s": 23, "measure_result": "no_signal"}}
2026-09-12 16:45:33,372 INFO request {"path": "/measure", "payload": {"arena_id": "default", "robot_id": "202601002029", "request_id": "34cd8686a3334da6a4c3d381123c2102", "position": {"x": 0.0, "y": 0.0}, "channel": 5}, "attempt": 1}
2026-09-12 16:45:33,373 INFO response {"request_id": "34cd8686a3334da6a4c3d381123c2102", "http_status": 200, "body": {"accepted": true, "real_timestamp_ms": 1789202730096, "virtual_time_s": 29, "measure_result": "no_signal"}}
2026-09-12 16:45:33,373 INFO request {"path": "/measure", "payload": {"arena_id": "default", "robot_id": "202601002029", "request_id": "cf4c40c458b64344b9906d3b9ec4b0df", "position": {"x": 0.0, "y": 0.0}, "channel": 6}, "attempt": 1}
2026-09-12 16:45:33,392 INFO response {"request_id": "cf4c40c458b64344b9906d3b9ec4b0df", "http_status": 200, "body": {"accepted": true, "real_timestamp_ms": 1789202730114, "virtual_time_s": 35, "measure_result": "direction", "svd_deg": 172.94}}
2026-09-12 16:45:33,401 INFO request {"path": "/measure", "payload": {"arena_id": "default", "robot_id": "202601002029", "request_id": "e7dcf1bfd679439f9c6c89c4aea9570b", "position": {"x": 0.0, "y": 0.0}, "channel": 7}, "attempt": 1}
2026-09-12 16:45:33,402 INFO response {"request_id": "e7dcf1bfd679439f9c6c89c4aea9570b", "http_status": 200, "body": {"accepted": true, "real_timestamp_ms": 1789202730124, "virtual_time_s": 41, "measure_result": "no_signal"}}
2026-09-12 16:45:33,402 INFO request {"path": "/measure", "payload": {"arena_id": "default", "robot_id": "202601002029", "request_id": "3d79c7faf29142bba193b9ae813b93c6", "position": {"x": 0.0, "y": 0.0}, "channel": 8}, "attempt": 1}
2026-09-12 16:45:33,404 INFO response {"request_id": "3d79c7faf29142bba193b9ae813b93c6", "http_status": 200, "body": {"accepted": true, "real_timestamp_ms": 1789202730127, "virtual_time_s": 47, "measure_result": "no_signal"}}
2026-09-12 16:45:33,405 INFO request {"path": "/measure", "payload": {"arena_id": "default", "robot_id": "202601002029", "request_id": "d36f3404d64040179f934abf15c0175a", "position": {"x": 0.0, "y": 0.0}, "channel": 9}, "attempt": 1}
2026-09-12 16:45:33,406 INFO response {"request_id": "d36f3404d64040179f934abf15c0175a", "http_status": 200, "body": {"accepted": true, "real_timestamp_ms": 1789202730129, "virtual_time_s": 53, "measure_result": "no_signal"}}
2026-09-12 16:45:33,406 INFO request {"path": "/measure", "payload": {"arena_id": "default", "robot_id": "202601002029", "request_id": "9f3c4f6426934d0489759d82df749608", "position": {"x": 0.0, "y": 0.0}, "channel": 10}, "attempt": 1}
2026-09-12 16:45:33,422 INFO response {"request_id": "9f3c4f6426934d0489759d82df749608", "http_status": 200, "body": {"accepted": true, "real_timestamp_ms": 1789202730144, "virtual_time_s": 59, "measure_result": "no_signal"}}
2026-09-12 16:45:33,422 INFO request {"path": "/measure", "payload": {"arena_id": "default", "robot_id": "202601002029", "request_id": "775d3c75b704441a864366f4b654a2e6", "position": {"x": 0.0, "y": 0.0}, "channel": 11}, "attempt": 1}
2026-09-12 16:45:33,424 INFO response {"request_id": "775d3c75b704441a864366f4b654a2e6", "http_status": 200, "body": {"accepted": true, "real_timestamp_ms": 1789202730146, "virtual_time_s": 65, "measure_result": "direction", "svd_deg": 135.23}}
2026-09-12 16:45:33,430 INFO request {"path": "/measure", "payload": {"arena_id": "default", "robot_id": "202601002029", "request_id": "711e967cf188477cbee7aebc968616e2", "position": {"x": 0.0, "y": 0.0}, "channel": 12}, "attempt": 1}
2026-09-12 16:45:33,441 INFO response {"request_id": "711e967cf188477cbee7aebc968616e2", "http_status": 200, "body": {"accepted": true, "real_timestamp_ms": 1789202730163, "virtual_time_s": 71, "measure_result": "direction", "svd_deg": 65.18}}
2026-09-12 16:45:33,446 INFO request {"path": "/measure", "payload": {"arena_id": "default", "robot_id": "202601002029", "request_id": "a7861033f906407aaf2cf9746a960f47", "position": {"x": 0.0, "y": 0.0}, "channel": 13}, "attempt": 1}
2026-09-12 16:45:33,461 INFO response {"request_id": "a7861033f906407aaf2cf9746a960f47", "http_status": 200, "body": {"accepted": true, "real_timestamp_ms": 1789202730184, "virtual_time_s": 77, "measure_result": "no_signal"}}
2026-09-12 16:45:33,462 INFO request {"path": "/measure", "payload": {"arena_id": "default", "robot_id": "202601002029", "request_id": "b61d7efe8c6643b1b2c573d0d66963dd", "position": {"x": 0.0, "y": 0.0}, "channel": 14}, "attempt": 1}
2026-09-12 16:45:33,481 INFO response {"request_id": "b61d7efe8c6643b1b2c573d0d66963dd", "http_status": 200, "body": {"accepted": true, "real_timestamp_ms": 1789202730203, "virtual_time_s": 83, "measure_result": "direction", "svd_deg": 230.29}}
2026-09-12 16:45:33,485 INFO request {"path": "/measure", "payload": {"arena_id": "default", "robot_id": "202601002029", "request_id": "c92d53f47a714c6cb754b463c6467635", "position": {"x": 0.0, "y": 0.0}, "channel": 15}, "attempt": 1}
2026-09-12 16:45:33,500 INFO response {"request_id": "c92d53f47a714c6cb754b463c6467635", "http_status": 200, "body": {"accepted": true, "real_timestamp_ms": 1789202730222, "virtual_time_s": 89, "measure_result": "no_signal"}}
2026-09-12 16:45:33,500 INFO request {"path": "/measure", "payload": {"arena_id": "default", "robot_id": "202601002029", "request_id": "e42334e0935542a7970b288444cb47e4", "position": {"x": 0.0, "y": 0.0}, "channel": 16}, "attempt": 1}
2026-09-12 16:45:33,520 INFO response {"request_id": "e42334e0935542a7970b288444cb47e4", "http_status": 200, "body": {"accepted": true, "real_timestamp_ms": 1789202730242, "virtual_time_s": 95, "measure_result": "no_signal"}}
2026-09-12 16:45:33,520 INFO request {"path": "/measure", "payload": {"arena_id": "default", "robot_id": "202601002029", "request_id": "9afe57935d044ed59e57528705942c08", "position": {"x": 0.0, "y": 0.0}, "channel": 17}, "attempt": 1}
2026-09-12 16:45:33,522 INFO response {"request_id": "9afe57935d044ed59e57528705942c08", "http_status": 200, "body": {"accepted": true, "real_timestamp_ms": 1789202730244, "virtual_time_s": 101, "measure_result": "no_signal"}}
2026-09-12 16:45:33,522 INFO request {"path": "/measure", "payload": {"arena_id": "default", "robot_id": "202601002029", "request_id": "1634b05797f44c1181810d63d71d65ee", "position": {"x": 0.0, "y": 0.0}, "channel": 18}, "attempt": 1}
2026-09-12 16:45:33,538 INFO response {"request_id": "1634b05797f44c1181810d63d71d65ee", "http_status": 200, "body": {"accepted": true, "real_timestamp_ms": 1789202730261, "virtual_time_s": 107, "measure_result": "no_signal"}}
2026-09-12 16:45:33,538 INFO request {"path": "/measure", "payload": {"arena_id": "default", "robot_id": "202601002029", "request_id": "1d95fd0fb9024ed6afafc7986b52a324", "position": {"x": 0.0, "y": 0.0}, "channel": 19}, "attempt": 1}
2026-09-12 16:45:33,540 INFO response {"request_id": "1d95fd0fb9024ed6afafc7986b52a324", "http_status": 200, "body": {"accepted": true, "real_timestamp_ms": 1789202730263, "virtual_time_s": 113, "measure_result": "direction", "svd_deg": 108.91}}
2026-09-12 16:45:33,545 INFO request {"path": "/measure", "payload": {"arena_id": "default", "robot_id": "202601002029", "request_id": "1fb3f8a924b7434f83991753559331d5", "position": {"x": 0.0, "y": 0.0}, "channel": 20}, "attempt": 1}
2026-09-12 16:45:33,559 INFO response {"request_id": "1fb3f8a924b7434f83991753559331d5", "http_status": 200, "body": {"accepted": true, "real_timestamp_ms": 1789202730281, "virtual_time_s": 119, "measure_result": "no_signal"}}
2026-09-12 16:45:33,559 INFO request {"path": "/measure", "payload": {"arena_id": "default", "robot_id": "202601002029", "request_id": "d5db5952ed474a819e04dd428c141880", "position": {"x": 1200.0, "y": 0.0}, "channel": 20}, "attempt": 1}
2026-09-12 16:45:33,560 INFO response {"request_id": "d5db5952ed474a819e04dd428c141880", "http_status": 200, "body": {"accepted": true, "real_timestamp_ms": 1789202730283, "virtual_time_s": 364, "measure_result": "no_signal"}}
2026-09-12 16:45:33,562 INFO request {"path": "/measure", "payload": {"arena_id": "default", "robot_id": "202601002029", "request_id": "229bda0709244eb081b3c0b0bb42eaee", "position": {"x": 1200.0, "y": 0.0}, "channel": 1}, "attempt": 1}
2026-09-12 16:45:33,578 INFO response {"request_id": "229bda0709244eb081b3c0b0bb42eaee", "http_status": 200, "body": {"accepted": true, "real_timestamp_ms": 1789202730301, "virtual_time_s": 370, "measure_result": "no_signal"}}
2026-09-12 16:45:33,579 INFO request {"path": "/measure", "payload": {"arena_id": "default", "robot_id": "202601002029", "request_id": "f31b30093b3e45d1bd32fee36b2e24a0", "position": {"x": 1200.0, "y": 0.0}, "channel": 2}, "attempt": 1}
2026-09-12 16:45:33,597 INFO response {"request_id": "f31b30093b3e45d1bd32fee36b2e24a0", "http_status": 200, "body": {"accepted": true, "real_timestamp_ms": 1789202730319, "virtual_time_s": 376, "measure_result": "no_signal"}}
2026-09-12 16:45:33,597 INFO request {"path": "/measure", "payload": {"arena_id": "default", "robot_id": "202601002029", "request_id": "3638b9a8ceab4abdb43285e5d0002fa3", "position": {"x": 1200.0, "y": 0.0}, "channel": 3}, "attempt": 1}
2026-09-12 16:45:33,598 INFO response {"request_id": "3638b9a8ceab4abdb43285e5d0002fa3", "http_status": 200, "body": {"accepted": true, "real_timestamp_ms": 1789202730321, "virtual_time_s": 382, "measure_result": "no_signal"}}
2026-09-12 16:45:33,598 INFO request {"path": "/measure", "payload": {"arena_id": "default", "robot_id": "202601002029", "request_id": "39b66a1c1b0c43188e1f6776e998bb67", "position": {"x": 1200.0, "y": 0.0}, "channel": 4}, "attempt": 1}
2026-09-12 16:45:33,616 INFO response {"request_id": "39b66a1c1b0c43188e1f6776e998bb67", "http_status": 200, "body": {"accepted": true, "real_timestamp_ms": 1789202730339, "virtual_time_s": 388, "measure_result": "no_signal"}}
2026-09-12 16:45:33,616 INFO request {"path": "/measure", "payload": {"arena_id": "default", "robot_id": "202601002029", "request_id": "757310ec62084201ba0ba605800452a6", "position": {"x": 1200.0, "y": 0.0}, "channel": 5}, "attempt": 1}
2026-09-12 16:45:33,617 INFO response {"request_id": "757310ec62084201ba0ba605800452a6", "http_status": 200, "body": {"accepted": true, "real_timestamp_ms": 1789202730340, "virtual_time_s": 394, "measure_result": "no_signal"}}
2026-09-12 16:45:33,617 INFO request {"path": "/measure", "payload": {"arena_id": "default", "robot_id": "202601002029", "request_id": "f14df6f686fc46b58054ef4be559e84d", "position": {"x": 1200.0, "y": 0.0}, "channel": 7}, "attempt": 1}
2026-09-12 16:45:33,636 INFO response {"request_id": "f14df6f686fc46b58054ef4be559e84d", "http_status": 200, "body": {"accepted": true, "real_timestamp_ms": 1789202730358, "virtual_time_s": 400, "measure_result": "no_signal"}}
2026-09-12 16:45:33,636 INFO request {"path": "/measure", "payload": {"arena_id": "default", "robot_id": "202601002029", "request_id": "d57730bc285f47998872dd8773ae708d", "position": {"x": 1200.0, "y": 0.0}, "channel": 8}, "attempt": 1}
2026-09-12 16:45:33,637 INFO response {"request_id": "d57730bc285f47998872dd8773ae708d", "http_status": 200, "body": {"accepted": true, "real_timestamp_ms": 1789202730360, "virtual_time_s": 406, "measure_result": "no_signal"}}
2026-09-12 16:45:33,637 INFO request {"path": "/measure", "payload": {"arena_id": "default", "robot_id": "202601002029", "request_id": "501e66c2b7954ec6a91e2dc85e9503a9", "position": {"x": 1200.0, "y": 0.0}, "channel": 9}, "attempt": 1}
2026-09-12 16:45:33,638 INFO response {"request_id": "501e66c2b7954ec6a91e2dc85e9503a9", "http_status": 200, "body": {"accepted": true, "real_timestamp_ms": 1789202730361, "virtual_time_s": 412, "measure_result": "no_signal"}}
2026-09-12 16:45:33,638 INFO request {"path": "/measure", "payload": {"arena_id": "default", "robot_id": "202601002029", "request_id": "f948537c7159423d84a8a7a10652de89", "position": {"x": 1200.0, "y": 0.0}, "channel": 10}, "attempt": 1}
2026-09-12 16:45:33,656 INFO response {"request_id": "f948537c7159423d84a8a7a10652de89", "http_status": 200, "body": {"accepted": true, "real_timestamp_ms": 1789202730378, "virtual_time_s": 418, "measure_result": "no_signal"}}
2026-09-12 16:45:33,656 INFO request {"path": "/measure", "payload": {"arena_id": "default", "robot_id": "202601002029", "request_id": "9cea63131ab1480b989f9716a4aabdac", "position": {"x": 1200.0, "y": 0.0}, "channel": 13}, "attempt": 1}
2026-09-12 16:45:33,656 INFO response {"request_id": "9cea63131ab1480b989f9716a4aabdac", "http_status": 200, "body": {"accepted": true, "real_timestamp_ms": 1789202730379, "virtual_time_s": 424, "measure_result": "no_signal"}}
2026-09-12 16:45:33,657 INFO request {"path": "/measure", "payload": {"arena_id": "default", "robot_id": "202601002029", "request_id": "b07c726c62af48a7b9da2ba2f86064c4", "position": {"x": 1200.0, "y": 0.0}, "channel": 15}, "attempt": 1}
2026-09-12 16:45:33,657 INFO response {"request_id": "b07c726c62af48a7b9da2ba2f86064c4", "http_status": 200, "body": {"accepted": true, "real_timestamp_ms": 1789202730380, "virtual_time_s": 430, "measure_result": "no_signal"}}
2026-09-12 16:45:33,658 INFO request {"path": "/measure", "payload": {"arena_id": "default", "robot_id": "202601002029", "request_id": "5d2a679498ca430a9ac4f6773dfc7f90", "position": {"x": 1200.0, "y": 0.0}, "channel": 16}, "attempt": 1}
2026-09-12 16:45:33,675 INFO response {"request_id": "5d2a679498ca430a9ac4f6773dfc7f90", "http_status": 200, "body": {"accepted": true, "real_timestamp_ms": 1789202730398, "virtual_time_s": 436, "measure_result": "no_signal"}}
2026-09-12 16:45:33,675 INFO request {"path": "/measure", "payload": {"arena_id": "default", "robot_id": "202601002029", "request_id": "9f6285ce4d824394ba81f87474b092ed", "position": {"x": 1200.0, "y": 0.0}, "channel": 17}, "attempt": 1}
2026-09-12 16:45:33,694 INFO response {"request_id": "9f6285ce4d824394ba81f87474b092ed", "http_status": 200, "body": {"accepted": true, "real_timestamp_ms": 1789202730417, "virtual_time_s": 442, "measure_result": "no_signal"}}
2026-09-12 16:45:33,695 INFO request {"path": "/measure", "payload": {"arena_id": "default", "robot_id": "202601002029", "request_id": "725c20fdd6af4e148d6ef891bffefcf0", "position": {"x": 1200.0, "y": 0.0}, "channel": 18}, "attempt": 1}
2026-09-12 16:45:33,697 INFO response {"request_id": "725c20fdd6af4e148d6ef891bffefcf0", "http_status": 200, "body": {"accepted": true, "real_timestamp_ms": 1789202730419, "virtual_time_s": 448, "measure_result": "direction", "svd_deg": 316.92}}
2026-09-12 16:45:33,700 INFO request {"path": "/measure", "payload": {"arena_id": "default", "robot_id": "202601002029", "request_id": "c36a6fb941044cc090a269735dc85ec3", "position": {"x": 600.0000000000001, "y": 1039.2304845413264}, "channel": 1}, "attempt": 1}
2026-09-12 16:45:33,714 INFO response {"request_id": "c36a6fb941044cc090a269735dc85ec3", "http_status": 200, "body": {"accepted": true, "real_timestamp_ms": 1789202730437, "virtual_time_s": 694, "measure_result": "no_signal"}}
2026-09-12 16:45:33,714 INFO request {"path": "/measure", "payload": {"arena_id": "default", "robot_id": "202601002029", "request_id": "047ba60c56164e499d30fd56a3c4abb3", "position": {"x": 600.0000000000001, "y": 1039.2304845413264}, "channel": 2}, "attempt": 1}
2026-09-12 16:45:33,716 INFO response {"request_id": "047ba60c56164e499d30fd56a3c4abb3", "http_status": 200, "body": {"accepted": true, "real_timestamp_ms": 1789202730438, "virtual_time_s": 700, "measure_result": "no_signal"}}
2026-09-12 16:45:33,716 INFO request {"path": "/measure", "payload": {"arena_id": "default", "robot_id": "202601002029", "request_id": "2d441bc00e3343b2afdebd0cb08ebbfe", "position": {"x": 600.0000000000001, "y": 1039.2304845413264}, "channel": 3}, "attempt": 1}
2026-09-12 16:45:33,716 INFO response {"request_id": "2d441bc00e3343b2afdebd0cb08ebbfe", "http_status": 200, "body": {"accepted": true, "real_timestamp_ms": 1789202730439, "virtual_time_s": 706, "measure_result": "no_signal"}}
2026-09-12 16:45:33,717 INFO request {"path": "/measure", "payload": {"arena_id": "default", "robot_id": "202601002029", "request_id": "514ace41ab2b4aa787d93471bdd4764d", "position": {"x": 600.0000000000001, "y": 1039.2304845413264}, "channel": 4}, "attempt": 1}
2026-09-12 16:45:33,717 INFO response {"request_id": "514ace41ab2b4aa787d93471bdd4764d", "http_status": 200, "body": {"accepted": true, "real_timestamp_ms": 1789202730440, "virtual_time_s": 712, "measure_result": "no_signal"}}
2026-09-12 16:45:33,717 INFO request {"path": "/measure", "payload": {"arena_id": "default", "robot_id": "202601002029", "request_id": "7b6c25b5cea940c9bc6ce888cd9bffee", "position": {"x": 600.0000000000001, "y": 1039.2304845413264}, "channel": 5}, "attempt": 1}
2026-09-12 16:45:33,718 INFO response {"request_id": "7b6c25b5cea940c9bc6ce888cd9bffee", "http_status": 200, "body": {"accepted": true, "real_timestamp_ms": 1789202730441, "virtual_time_s": 718, "measure_result": "no_signal"}}
2026-09-12 16:45:33,718 INFO request {"path": "/measure", "payload": {"arena_id": "default", "robot_id": "202601002029", "request_id": "6e82951a1d804f73bafd875e5003920c", "position": {"x": 600.0000000000001, "y": 1039.2304845413264}, "channel": 7}, "attempt": 1}
2026-09-12 16:45:33,719 INFO response {"request_id": "6e82951a1d804f73bafd875e5003920c", "http_status": 200, "body": {"accepted": true, "real_timestamp_ms": 1789202730442, "virtual_time_s": 724, "measure_result": "no_signal"}}
2026-09-12 16:45:33,719 INFO request {"path": "/measure", "payload": {"arena_id": "default", "robot_id": "202601002029", "request_id": "82df6a1428c843278b3408ead3fd923a", "position": {"x": 600.0000000000001, "y": 1039.2304845413264}, "channel": 8}, "attempt": 1}
2026-09-12 16:45:33,720 INFO response {"request_id": "82df6a1428c843278b3408ead3fd923a", "http_status": 200, "body": {"accepted": true, "real_timestamp_ms": 1789202730443, "virtual_time_s": 730, "measure_result": "no_signal"}}
2026-09-12 16:45:33,720 INFO request {"path": "/measure", "payload": {"arena_id": "default", "robot_id": "202601002029", "request_id": "00b5b41042a641ecb76ddec301c67b26", "position": {"x": 600.0000000000001, "y": 1039.2304845413264}, "channel": 9}, "attempt": 1}
2026-09-12 16:45:33,720 INFO response {"request_id": "00b5b41042a641ecb76ddec301c67b26", "http_status": 200, "body": {"accepted": true, "real_timestamp_ms": 1789202730443, "virtual_time_s": 736, "measure_result": "no_signal"}}
2026-09-12 16:45:33,721 INFO request {"path": "/measure", "payload": {"arena_id": "default", "robot_id": "202601002029", "request_id": "e993398957fb434aa9d4812753251c1e", "position": {"x": 600.0000000000001, "y": 1039.2304845413264}, "channel": 10}, "attempt": 1}
2026-09-12 16:45:33,721 INFO response {"request_id": "e993398957fb434aa9d4812753251c1e", "http_status": 200, "body": {"accepted": true, "real_timestamp_ms": 1789202730444, "virtual_time_s": 742, "measure_result": "direction", "svd_deg": 160.82}}
2026-09-12 16:45:33,724 INFO request {"path": "/measure", "payload": {"arena_id": "default", "robot_id": "202601002029", "request_id": "4ad61837a9604b898366533d15771638", "position": {"x": 600.0000000000001, "y": 1039.2304845413264}, "channel": 13}, "attempt": 1}
2026-09-12 16:45:33,724 INFO response {"request_id": "4ad61837a9604b898366533d15771638", "http_status": 200, "body": {"accepted": true, "real_timestamp_ms": 1789202730447, "virtual_time_s": 748, "measure_result": "no_signal"}}
2026-09-12 16:45:33,725 INFO request {"path": "/measure", "payload": {"arena_id": "default", "robot_id": "202601002029", "request_id": "22cdc01b14374e379ae5fe988bea7b4e", "position": {"x": 600.0000000000001, "y": 1039.2304845413264}, "channel": 15}, "attempt": 1}
2026-09-12 16:45:33,725 INFO response {"request_id": "22cdc01b14374e379ae5fe988bea7b4e", "http_status": 200, "body": {"accepted": true, "real_timestamp_ms": 1789202730448, "virtual_time_s": 754, "measure_result": "no_signal"}}
2026-09-12 16:45:33,726 INFO request {"path": "/measure", "payload": {"arena_id": "default", "robot_id": "202601002029", "request_id": "2bfc21b1b0c34573ac584a1f6d16e8f5", "position": {"x": 600.0000000000001, "y": 1039.2304845413264}, "channel": 16}, "attempt": 1}
2026-09-12 16:45:33,726 INFO response {"request_id": "2bfc21b1b0c34573ac584a1f6d16e8f5", "http_status": 200, "body": {"accepted": true, "real_timestamp_ms": 1789202730449, "virtual_time_s": 760, "measure_result": "no_signal"}}
2026-09-12 16:45:33,726 INFO request {"path": "/measure", "payload": {"arena_id": "default", "robot_id": "202601002029", "request_id": "f3527c78673e4a20b3c297a4e3995118", "position": {"x": 600.0000000000001, "y": 1039.2304845413264}, "channel": 17}, "attempt": 1}
2026-09-12 16:45:33,727 INFO response {"request_id": "f3527c78673e4a20b3c297a4e3995118", "http_status": 200, "body": {"accepted": true, "real_timestamp_ms": 1789202730450, "virtual_time_s": 766, "measure_result": "no_signal"}}
2026-09-12 16:45:33,727 INFO request {"path": "/measure", "payload": {"arena_id": "default", "robot_id": "202601002029", "request_id": "35dac1a0ceaa4b6ab906f1a244865c55", "position": {"x": 600.0000000000001, "y": 1039.2304845413264}, "channel": 20}, "attempt": 1}
2026-09-12 16:45:33,727 INFO response {"request_id": "35dac1a0ceaa4b6ab906f1a244865c55", "http_status": 200, "body": {"accepted": true, "real_timestamp_ms": 1789202730450, "virtual_time_s": 772, "measure_result": "no_signal"}}
2026-09-12 16:45:33,745 INFO request {"path": "/measure", "payload": {"arena_id": "default", "robot_id": "202601002029", "request_id": "871880fe021b4932947bde58e0340a32", "position": {"x": 600.0000000000001, "y": 1039.2304845413264}, "channel": 12}, "attempt": 1}
2026-09-12 16:45:33,746 INFO response {"request_id": "871880fe021b4932947bde58e0340a32", "http_status": 200, "body": {"accepted": true, "real_timestamp_ms": 1789202730469, "virtual_time_s": 778, "measure_result": "direction", "svd_deg": 236.48}}
2026-09-12 16:45:33,758 INFO request {"path": "/measure", "payload": {"arena_id": "default", "robot_id": "202601002029", "request_id": "664c0245f5bc466da02e331f745fbe89", "position": {"x": 600.0000000000001, "y": 1039.2304845413264}, "channel": 19}, "attempt": 1}
2026-09-12 16:45:33,759 INFO response {"request_id": "664c0245f5bc466da02e331f745fbe89", "http_status": 200, "body": {"accepted": true, "real_timestamp_ms": 1789202730481, "virtual_time_s": 784, "measure_result": "direction", "svd_deg": 235.95}}
2026-09-12 16:45:33,761 INFO request {"path": "/measure", "payload": {"arena_id": "default", "robot_id": "202601002029", "request_id": "d0a298e078024949b124a5f91a75030e", "position": {"x": -599.9999999999998, "y": 1039.2304845413264}, "channel": 1}, "attempt": 1}
2026-09-12 16:45:33,773 INFO response {"request_id": "d0a298e078024949b124a5f91a75030e", "http_status": 200, "body": {"accepted": true, "real_timestamp_ms": 1789202730496, "virtual_time_s": 1030, "measure_result": "no_signal"}}
2026-09-12 16:45:33,774 INFO request {"path": "/measure", "payload": {"arena_id": "default", "robot_id": "202601002029", "request_id": "d3f097c5aa7940a492b59c734243f970", "position": {"x": -599.9999999999998, "y": 1039.2304845413264}, "channel": 2}, "attempt": 1}
2026-09-12 16:45:33,793 INFO response {"request_id": "d3f097c5aa7940a492b59c734243f970", "http_status": 200, "body": {"accepted": true, "real_timestamp_ms": 1789202730516, "virtual_time_s": 1036, "measure_result": "no_signal"}}
2026-09-12 16:45:33,793 INFO request {"path": "/measure", "payload": {"arena_id": "default", "robot_id": "202601002029", "request_id": "07185e9cea974a6f836ab05ce7207c09", "position": {"x": -599.9999999999998, "y": 1039.2304845413264}, "channel": 3}, "attempt": 1}
2026-09-12 16:45:33,794 INFO response {"request_id": "07185e9cea974a6f836ab05ce7207c09", "http_status": 200, "body": {"accepted": true, "real_timestamp_ms": 1789202730517, "virtual_time_s": 1042, "measure_result": "no_signal"}}
2026-09-12 16:45:33,794 INFO request {"path": "/measure", "payload": {"arena_id": "default", "robot_id": "202601002029", "request_id": "cf161f1a3e9443e4b9a5291eb19b1c40", "position": {"x": -599.9999999999998, "y": 1039.2304845413264}, "channel": 4}, "attempt": 1}
2026-09-12 16:45:33,795 INFO response {"request_id": "cf161f1a3e9443e4b9a5291eb19b1c40", "http_status": 200, "body": {"accepted": true, "real_timestamp_ms": 1789202730518, "virtual_time_s": 1048, "measure_result": "no_signal"}}
2026-09-12 16:45:33,795 INFO request {"path": "/measure", "payload": {"arena_id": "default", "robot_id": "202601002029", "request_id": "4951874ef41a4bf39ab491e34708136d", "position": {"x": -599.9999999999998, "y": 1039.2304845413264}, "channel": 5}, "attempt": 1}
2026-09-12 16:45:33,796 INFO response {"request_id": "4951874ef41a4bf39ab491e34708136d", "http_status": 200, "body": {"accepted": true, "real_timestamp_ms": 1789202730519, "virtual_time_s": 1054, "measure_result": "no_signal"}}
2026-09-12 16:45:33,796 INFO request {"path": "/measure", "payload": {"arena_id": "default", "robot_id": "202601002029", "request_id": "f1261039c5264c95837fafc08d9a9277", "position": {"x": -599.9999999999998, "y": 1039.2304845413264}, "channel": 7}, "attempt": 1}
2026-09-12 16:45:33,796 INFO response {"request_id": "f1261039c5264c95837fafc08d9a9277", "http_status": 200, "body": {"accepted": true, "real_timestamp_ms": 1789202730520, "virtual_time_s": 1060, "measure_result": "no_signal"}}
2026-09-12 16:45:33,797 INFO request {"path": "/measure", "payload": {"arena_id": "default", "robot_id": "202601002029", "request_id": "3be66a629c0d43f3b24fb6d78cc93d46", "position": {"x": -599.9999999999998, "y": 1039.2304845413264}, "channel": 8}, "attempt": 1}
2026-09-12 16:45:33,797 INFO response {"request_id": "3be66a629c0d43f3b24fb6d78cc93d46", "http_status": 200, "body": {"accepted": true, "real_timestamp_ms": 1789202730520, "virtual_time_s": 1066, "measure_result": "no_signal"}}
2026-09-12 16:45:33,798 INFO request {"path": "/measure", "payload": {"arena_id": "default", "robot_id": "202601002029", "request_id": "aa6f6a6c31df4c7eab8c72aeae261ef5", "position": {"x": -599.9999999999998, "y": 1039.2304845413264}, "channel": 9}, "attempt": 1}
2026-09-12 16:45:33,799 INFO response {"request_id": "aa6f6a6c31df4c7eab8c72aeae261ef5", "http_status": 200, "body": {"accepted": true, "real_timestamp_ms": 1789202730521, "virtual_time_s": 1072, "measure_result": "no_signal"}}
2026-09-12 16:45:33,799 INFO request {"path": "/measure", "payload": {"arena_id": "default", "robot_id": "202601002029", "request_id": "444b017f20784fecbd906ebd0a4f3579", "position": {"x": -599.9999999999998, "y": 1039.2304845413264}, "channel": 13}, "attempt": 1}
2026-09-12 16:45:33,813 INFO response {"request_id": "444b017f20784fecbd906ebd0a4f3579", "http_status": 200, "body": {"accepted": true, "real_timestamp_ms": 1789202730535, "virtual_time_s": 1078, "measure_result": "no_signal"}}
2026-09-12 16:45:33,813 INFO request {"path": "/measure", "payload": {"arena_id": "default", "robot_id": "202601002029", "request_id": "39c1eb8a43af4dada64388871bf2d357", "position": {"x": -599.9999999999998, "y": 1039.2304845413264}, "channel": 15}, "attempt": 1}
2026-09-12 16:45:33,815 INFO response {"request_id": "39c1eb8a43af4dada64388871bf2d357", "http_status": 200, "body": {"accepted": true, "real_timestamp_ms": 1789202730537, "virtual_time_s": 1084, "measure_result": "no_signal"}}
2026-09-12 16:45:33,815 INFO request {"path": "/measure", "payload": {"arena_id": "default", "robot_id": "202601002029", "request_id": "db62d52249a84646968fe501461f6f8a", "position": {"x": -599.9999999999998, "y": 1039.2304845413264}, "channel": 16}, "attempt": 1}
2026-09-12 16:45:33,816 INFO response {"request_id": "db62d52249a84646968fe501461f6f8a", "http_status": 200, "body": {"accepted": true, "real_timestamp_ms": 1789202730539, "virtual_time_s": 1090, "measure_result": "no_signal"}}
2026-09-12 16:45:33,816 INFO request {"path": "/measure", "payload": {"arena_id": "default", "robot_id": "202601002029", "request_id": "b8c8d7adc8344271adbfe852d04495f1", "position": {"x": -599.9999999999998, "y": 1039.2304845413264}, "channel": 17}, "attempt": 1}
2026-09-12 16:45:33,817 INFO response {"request_id": "b8c8d7adc8344271adbfe852d04495f1", "http_status": 200, "body": {"accepted": true, "real_timestamp_ms": 1789202730540, "virtual_time_s": 1096, "measure_result": "no_signal"}}
2026-09-12 16:45:33,817 INFO request {"path": "/measure", "payload": {"arena_id": "default", "robot_id": "202601002029", "request_id": "d136dc27687a4876afa1624d304eedda", "position": {"x": -599.9999999999998, "y": 1039.2304845413264}, "channel": 20}, "attempt": 1}
2026-09-12 16:45:33,818 INFO response {"request_id": "d136dc27687a4876afa1624d304eedda", "http_status": 200, "body": {"accepted": true, "real_timestamp_ms": 1789202730541, "virtual_time_s": 1102, "measure_result": "no_signal"}}
2026-09-12 16:45:33,864 INFO request {"path": "/measure", "payload": {"arena_id": "default", "robot_id": "202601002029", "request_id": "c13374fa49be43c8862ddc069600aa91", "position": {"x": -599.9999999999998, "y": 1039.2304845413264}, "channel": 11}, "attempt": 1}
2026-09-12 16:45:33,866 INFO response {"request_id": "c13374fa49be43c8862ddc069600aa91", "http_status": 200, "body": {"accepted": true, "real_timestamp_ms": 1789202730588, "virtual_time_s": 1108, "measure_result": "direction", "svd_deg": 295.63}}
2026-09-12 16:45:33,903 INFO request {"path": "/measure", "payload": {"arena_id": "default", "robot_id": "202601002029", "request_id": "868cd32b4628443abd0c0ffe7dade645", "position": {"x": -599.9999999999998, "y": 1039.2304845413264}, "channel": 10}, "attempt": 1}
2026-09-12 16:45:33,904 INFO response {"request_id": "868cd32b4628443abd0c0ffe7dade645", "http_status": 200, "body": {"accepted": true, "real_timestamp_ms": 1789202730627, "virtual_time_s": 1114, "measure_result": "direction", "svd_deg": 53.98}}
2026-09-12 16:45:33,906 INFO request {"path": "/measure", "payload": {"arena_id": "default", "robot_id": "202601002029", "request_id": "a77da8ea5ac842f987c1731e0dbeb0b3", "position": {"x": -1200.0, "y": 1.4695761589768238e-13}, "channel": 1}, "attempt": 1}
2026-09-12 16:45:33,921 INFO response {"request_id": "a77da8ea5ac842f987c1731e0dbeb0b3", "http_status": 200, "body": {"accepted": true, "real_timestamp_ms": 1789202730643, "virtual_time_s": 1360, "measure_result": "no_signal"}}
2026-09-12 16:45:33,921 INFO request {"path": "/measure", "payload": {"arena_id": "default", "robot_id": "202601002029", "request_id": "1ebb1c31b1bf4329bf1b4ce314e8cdcf", "position": {"x": -1200.0, "y": 1.4695761589768238e-13}, "channel": 2}, "attempt": 1}
2026-09-12 16:45:33,942 INFO response {"request_id": "1ebb1c31b1bf4329bf1b4ce314e8cdcf", "http_status": 200, "body": {"accepted": true, "real_timestamp_ms": 1789202730664, "virtual_time_s": 1366, "measure_result": "no_signal"}}
2026-09-12 16:45:33,942 INFO request {"path": "/measure", "payload": {"arena_id": "default", "robot_id": "202601002029", "request_id": "da545d05e65a4889bc0f8e33686a1a17", "position": {"x": -1200.0, "y": 1.4695761589768238e-13}, "channel": 3}, "attempt": 1}
2026-09-12 16:45:33,960 INFO response {"request_id": "da545d05e65a4889bc0f8e33686a1a17", "http_status": 200, "body": {"accepted": true, "real_timestamp_ms": 1789202730683, "virtual_time_s": 1372, "measure_result": "no_signal"}}
2026-09-12 16:45:33,961 INFO request {"path": "/measure", "payload": {"arena_id": "default", "robot_id": "202601002029", "request_id": "5c8427347a0545de9151dc3bfaaf1917", "position": {"x": -1200.0, "y": 1.4695761589768238e-13}, "channel": 4}, "attempt": 1}
2026-09-12 16:45:33,980 INFO response {"request_id": "5c8427347a0545de9151dc3bfaaf1917", "http_status": 200, "body": {"accepted": true, "real_timestamp_ms": 1789202730703, "virtual_time_s": 1378, "measure_result": "no_signal"}}
2026-09-12 16:45:33,981 INFO request {"path": "/measure", "payload": {"arena_id": "default", "robot_id": "202601002029", "request_id": "2526037410f94bfd822436d381ea6485", "position": {"x": -1200.0, "y": 1.4695761589768238e-13}, "channel": 5}, "attempt": 1}
2026-09-12 16:45:34,000 INFO response {"request_id": "2526037410f94bfd822436d381ea6485", "http_status": 200, "body": {"accepted": true, "real_timestamp_ms": 1789202730723, "virtual_time_s": 1384, "measure_result": "no_signal"}}
2026-09-12 16:45:34,001 INFO request {"path": "/measure", "payload": {"arena_id": "default", "robot_id": "202601002029", "request_id": "493096eb72c443778cd1aacd4180489f", "position": {"x": -1200.0, "y": 1.4695761589768238e-13}, "channel": 7}, "attempt": 1}
2026-09-12 16:45:34,003 INFO response {"request_id": "493096eb72c443778cd1aacd4180489f", "http_status": 200, "body": {"accepted": true, "real_timestamp_ms": 1789202730725, "virtual_time_s": 1390, "measure_result": "no_signal"}}
2026-09-12 16:45:34,003 INFO request {"path": "/measure", "payload": {"arena_id": "default", "robot_id": "202601002029", "request_id": "2f39b951fed34d17ab5ae24ef9df6b2d", "position": {"x": -1200.0, "y": 1.4695761589768238e-13}, "channel": 8}, "attempt": 1}
2026-09-12 16:45:34,005 INFO response {"request_id": "2f39b951fed34d17ab5ae24ef9df6b2d", "http_status": 200, "body": {"accepted": true, "real_timestamp_ms": 1789202730728, "virtual_time_s": 1396, "measure_result": "direction", "svd_deg": 212.6}}
2026-09-12 16:45:34,010 INFO request {"path": "/measure", "payload": {"arena_id": "default", "robot_id": "202601002029", "request_id": "0c8f037d5d3d48e7aa3978ea42114631", "position": {"x": -1200.0, "y": 1.4695761589768238e-13}, "channel": 9}, "attempt": 1}
2026-09-12 16:45:34,012 INFO response {"request_id": "0c8f037d5d3d48e7aa3978ea42114631", "http_status": 200, "body": {"accepted": true, "real_timestamp_ms": 1789202730735, "virtual_time_s": 1402, "measure_result": "no_signal"}}
2026-09-12 16:45:34,013 INFO request {"path": "/measure", "payload": {"arena_id": "default", "robot_id": "202601002029", "request_id": "4a644e5c8100402f8ba15cf38199cc0b", "position": {"x": -1200.0, "y": 1.4695761589768238e-13}, "channel": 13}, "attempt": 1}
2026-09-12 16:45:34,030 INFO response {"request_id": "4a644e5c8100402f8ba15cf38199cc0b", "http_status": 200, "body": {"accepted": true, "real_timestamp_ms": 1789202730752, "virtual_time_s": 1408, "measure_result": "no_signal"}}
2026-09-12 16:45:34,030 INFO request {"path": "/measure", "payload": {"arena_id": "default", "robot_id": "202601002029", "request_id": "325e8bf1b48f4b69917582ed7f2bc070", "position": {"x": -1200.0, "y": 1.4695761589768238e-13}, "channel": 15}, "attempt": 1}
2026-09-12 16:45:34,050 INFO response {"request_id": "325e8bf1b48f4b69917582ed7f2bc070", "http_status": 200, "body": {"accepted": true, "real_timestamp_ms": 1789202730772, "virtual_time_s": 1414, "measure_result": "no_signal"}}
2026-09-12 16:45:34,050 INFO request {"path": "/measure", "payload": {"arena_id": "default", "robot_id": "202601002029", "request_id": "8b5a71cfd6f84ff98786d33bb87dd2de", "position": {"x": -1200.0, "y": 1.4695761589768238e-13}, "channel": 16}, "attempt": 1}
2026-09-12 16:45:34,069 INFO response {"request_id": "8b5a71cfd6f84ff98786d33bb87dd2de", "http_status": 200, "body": {"accepted": true, "real_timestamp_ms": 1789202730791, "virtual_time_s": 1420, "measure_result": "no_signal"}}
2026-09-12 16:45:34,069 INFO request {"path": "/measure", "payload": {"arena_id": "default", "robot_id": "202601002029", "request_id": "6fe7772fbfe348b3b235d94a60c9c45b", "position": {"x": -1200.0, "y": 1.4695761589768238e-13}, "channel": 17}, "attempt": 1}
2026-09-12 16:45:34,073 INFO response {"request_id": "6fe7772fbfe348b3b235d94a60c9c45b", "http_status": 200, "body": {"accepted": true, "real_timestamp_ms": 1789202730795, "virtual_time_s": 1426, "measure_result": "direction", "svd_deg": 266.36}}
2026-09-12 16:45:34,077 INFO request {"path": "/measure", "payload": {"arena_id": "default", "robot_id": "202601002029", "request_id": "9876ede919154064aca33263199d23b4", "position": {"x": -1200.0, "y": 1.4695761589768238e-13}, "channel": 20}, "attempt": 1}
2026-09-12 16:45:34,099 INFO response {"request_id": "9876ede919154064aca33263199d23b4", "http_status": 200, "body": {"accepted": true, "real_timestamp_ms": 1789202730821, "virtual_time_s": 1432, "measure_result": "no_signal"}}
2026-09-12 16:45:34,151 INFO request {"path": "/measure", "payload": {"arena_id": "default", "robot_id": "202601002029", "request_id": "a5c0fc99d9d54fb9845f1582ae8e29f5", "position": {"x": -1200.0, "y": 1.4695761589768238e-13}, "channel": 6}, "attempt": 1}
2026-09-12 16:45:34,168 INFO response {"request_id": "a5c0fc99d9d54fb9845f1582ae8e29f5", "http_status": 200, "body": {"accepted": true, "real_timestamp_ms": 1789202730890, "virtual_time_s": 1438, "measure_result": "direction", "svd_deg": 1.73}}
2026-09-12 16:45:34,195 INFO request {"path": "/measure", "payload": {"arena_id": "default", "robot_id": "202601002029", "request_id": "6cc312d8eebc440b8d8d17220387461c", "position": {"x": -1200.0, "y": 1.4695761589768238e-13}, "channel": 14}, "attempt": 1}
2026-09-12 16:45:34,216 INFO response {"request_id": "6cc312d8eebc440b8d8d17220387461c", "http_status": 200, "body": {"accepted": true, "real_timestamp_ms": 1789202730939, "virtual_time_s": 1444, "measure_result": "direction", "svd_deg": 343.73}}
2026-09-12 16:45:34,219 INFO request {"path": "/measure", "payload": {"arena_id": "default", "robot_id": "202601002029", "request_id": "c76bea592e4f4148909e1bba486404a8", "position": {"x": -600.0000000000006, "y": -1039.2304845413262}, "channel": 1}, "attempt": 1}
2026-09-12 16:45:34,237 INFO response {"request_id": "c76bea592e4f4148909e1bba486404a8", "http_status": 200, "body": {"accepted": true, "real_timestamp_ms": 1789202730959, "virtual_time_s": 1690, "measure_result": "no_signal"}}
2026-09-12 16:45:34,237 INFO request {"path": "/measure", "payload": {"arena_id": "default", "robot_id": "202601002029", "request_id": "571f5e8fcc63470094df9b8e03c2d3e6", "position": {"x": -600.0000000000006, "y": -1039.2304845413262}, "channel": 2}, "attempt": 1}
2026-09-12 16:45:34,255 INFO response {"request_id": "571f5e8fcc63470094df9b8e03c2d3e6", "http_status": 200, "body": {"accepted": true, "real_timestamp_ms": 1789202730978, "virtual_time_s": 1696, "measure_result": "direction", "svd_deg": 279.15}}
2026-09-12 16:45:34,259 INFO request {"path": "/measure", "payload": {"arena_id": "default", "robot_id": "202601002029", "request_id": "630645c49adf4741916527ee7b503ea8", "position": {"x": -600.0000000000006, "y": -1039.2304845413262}, "channel": 3}, "attempt": 1}
2026-09-12 16:45:34,274 INFO response {"request_id": "630645c49adf4741916527ee7b503ea8", "http_status": 200, "body": {"accepted": true, "real_timestamp_ms": 1789202730997, "virtual_time_s": 1702, "measure_result": "no_signal"}}
2026-09-12 16:45:34,274 INFO request {"path": "/measure", "payload": {"arena_id": "default", "robot_id": "202601002029", "request_id": "ab312ec052c54881a52f90db09dc95ec", "position": {"x": -600.0000000000006, "y": -1039.2304845413262}, "channel": 4}, "attempt": 1}
2026-09-12 16:45:34,276 INFO response {"request_id": "ab312ec052c54881a52f90db09dc95ec", "http_status": 200, "body": {"accepted": true, "real_timestamp_ms": 1789202730998, "virtual_time_s": 1708, "measure_result": "no_signal"}}
2026-09-12 16:45:34,276 INFO request {"path": "/measure", "payload": {"arena_id": "default", "robot_id": "202601002029", "request_id": "8b5324da634f4d41a34fffbe25cada19", "position": {"x": -600.0000000000006, "y": -1039.2304845413262}, "channel": 5}, "attempt": 1}
2026-09-12 16:45:34,276 INFO response {"request_id": "8b5324da634f4d41a34fffbe25cada19", "http_status": 200, "body": {"accepted": true, "real_timestamp_ms": 1789202730999, "virtual_time_s": 1714, "measure_result": "no_signal"}}
2026-09-12 16:45:34,277 INFO request {"path": "/measure", "payload": {"arena_id": "default", "robot_id": "202601002029", "request_id": "cc0f88c436e14faf9a0f50967e41b8d5", "position": {"x": -600.0000000000006, "y": -1039.2304845413262}, "channel": 7}, "attempt": 1}
2026-09-12 16:45:34,295 INFO response {"request_id": "cc0f88c436e14faf9a0f50967e41b8d5", "http_status": 200, "body": {"accepted": true, "real_timestamp_ms": 1789202731017, "virtual_time_s": 1720, "measure_result": "no_signal"}}
2026-09-12 16:45:34,295 INFO request {"path": "/measure", "payload": {"arena_id": "default", "robot_id": "202601002029", "request_id": "812ecb6bdd30485f8161b49b50691113", "position": {"x": -600.0000000000006, "y": -1039.2304845413262}, "channel": 9}, "attempt": 1}
2026-09-12 16:45:34,296 INFO response {"request_id": "812ecb6bdd30485f8161b49b50691113", "http_status": 200, "body": {"accepted": true, "real_timestamp_ms": 1789202731019, "virtual_time_s": 1726, "measure_result": "no_signal"}}
2026-09-12 16:45:34,297 INFO request {"path": "/measure", "payload": {"arena_id": "default", "robot_id": "202601002029", "request_id": "b00f76516dc34be3a833466c03f6ff4d", "position": {"x": -600.0000000000006, "y": -1039.2304845413262}, "channel": 13}, "attempt": 1}
2026-09-12 16:45:34,313 INFO response {"request_id": "b00f76516dc34be3a833466c03f6ff4d", "http_status": 200, "body": {"accepted": true, "real_timestamp_ms": 1789202731036, "virtual_time_s": 1732, "measure_result": "no_signal"}}
2026-09-12 16:45:34,313 INFO request {"path": "/measure", "payload": {"arena_id": "default", "robot_id": "202601002029", "request_id": "b2641fd87a8f4365ad8962cea98be87e", "position": {"x": -600.0000000000006, "y": -1039.2304845413262}, "channel": 15}, "attempt": 1}
2026-09-12 16:45:34,315 INFO response {"request_id": "b2641fd87a8f4365ad8962cea98be87e", "http_status": 200, "body": {"accepted": true, "real_timestamp_ms": 1789202731037, "virtual_time_s": 1738, "measure_result": "direction", "svd_deg": 276.19}}
2026-09-12 16:45:34,317 INFO request {"path": "/measure", "payload": {"arena_id": "default", "robot_id": "202601002029", "request_id": "edc8fdbb2df04e5c9ea206aa24d33887", "position": {"x": -600.0000000000006, "y": -1039.2304845413262}, "channel": 16}, "attempt": 1}
2026-09-12 16:45:34,333 INFO response {"request_id": "edc8fdbb2df04e5c9ea206aa24d33887", "http_status": 200, "body": {"accepted": true, "real_timestamp_ms": 1789202731055, "virtual_time_s": 1744, "measure_result": "direction", "svd_deg": 291.44}}
2026-09-12 16:45:34,336 INFO request {"path": "/measure", "payload": {"arena_id": "default", "robot_id": "202601002029", "request_id": "a4f315794a5d4fc8acd1cd14f69b77e2", "position": {"x": -600.0000000000006, "y": -1039.2304845413262}, "channel": 20}, "attempt": 1}
2026-09-12 16:45:34,352 INFO response {"request_id": "a4f315794a5d4fc8acd1cd14f69b77e2", "http_status": 200, "body": {"accepted": true, "real_timestamp_ms": 1789202731075, "virtual_time_s": 1750, "measure_result": "no_signal"}}
2026-09-12 16:45:34,379 INFO request {"path": "/measure", "payload": {"arena_id": "default", "robot_id": "202601002029", "request_id": "43aa88500f0b436599d7b12902342bee", "position": {"x": -600.0000000000006, "y": -1039.2304845413262}, "channel": 17}, "attempt": 1}
2026-09-12 16:45:34,381 INFO response {"request_id": "43aa88500f0b436599d7b12902342bee", "http_status": 200, "body": {"accepted": true, "real_timestamp_ms": 1789202731103, "virtual_time_s": 1756, "measure_result": "direction", "svd_deg": 191.3}}
2026-09-12 16:45:34,395 INFO request {"path": "/measure", "payload": {"arena_id": "default", "robot_id": "202601002029", "request_id": "642b643407504cfa88e69133879fb2c1", "position": {"x": 600.0000000000001, "y": -1039.2304845413264}, "channel": 1}, "attempt": 1}
2026-09-12 16:45:34,411 INFO response {"request_id": "642b643407504cfa88e69133879fb2c1", "http_status": 200, "body": {"accepted": true, "real_timestamp_ms": 1789202731134, "virtual_time_s": 2002, "measure_result": "no_signal"}}
2026-09-12 16:45:34,412 INFO request {"path": "/measure", "payload": {"arena_id": "default", "robot_id": "202601002029", "request_id": "3a99b84ba99d40a3942206a75ad44afb", "position": {"x": 600.0000000000001, "y": -1039.2304845413264}, "channel": 3}, "attempt": 1}
2026-09-12 16:45:34,431 INFO response {"request_id": "3a99b84ba99d40a3942206a75ad44afb", "http_status": 200, "body": {"accepted": true, "real_timestamp_ms": 1789202731154, "virtual_time_s": 2008, "measure_result": "direction", "svd_deg": 331.93}}
2026-09-12 16:45:34,432 INFO request {"path": "/measure", "payload": {"arena_id": "default", "robot_id": "202601002029", "request_id": "c3c7a9f4a7d049a29ca17adae0dd401c", "position": {"x": 600.0000000000001, "y": -1039.2304845413264}, "channel": 4}, "attempt": 1}
2026-09-12 16:45:34,451 INFO response {"request_id": "c3c7a9f4a7d049a29ca17adae0dd401c", "http_status": 200, "body": {"accepted": true, "real_timestamp_ms": 1789202731174, "virtual_time_s": 2014, "measure_result": "no_signal"}}
2026-09-12 16:45:34,451 INFO request {"path": "/measure", "payload": {"arena_id": "default", "robot_id": "202601002029", "request_id": "f805ae85030c46c3ac8409a9dd30d9a6", "position": {"x": 600.0000000000001, "y": -1039.2304845413264}, "channel": 5}, "attempt": 1}
2026-09-12 16:45:34,471 INFO response {"request_id": "f805ae85030c46c3ac8409a9dd30d9a6", "http_status": 200, "body": {"accepted": true, "real_timestamp_ms": 1789202731193, "virtual_time_s": 2020, "measure_result": "no_signal"}}
2026-09-12 16:45:34,471 INFO request {"path": "/measure", "payload": {"arena_id": "default", "robot_id": "202601002029", "request_id": "3e8cf56132894a4cb6f968bba76e2737", "position": {"x": 600.0000000000001, "y": -1039.2304845413264}, "channel": 7}, "attempt": 1}
2026-09-12 16:45:34,490 INFO response {"request_id": "3e8cf56132894a4cb6f968bba76e2737", "http_status": 200, "body": {"accepted": true, "real_timestamp_ms": 1789202731213, "virtual_time_s": 2026, "measure_result": "no_signal"}}
2026-09-12 16:45:34,490 INFO request {"path": "/measure", "payload": {"arena_id": "default", "robot_id": "202601002029", "request_id": "258e475888b040d6b90eadb4d91aba6b", "position": {"x": 600.0000000000001, "y": -1039.2304845413264}, "channel": 9}, "attempt": 1}
2026-09-12 16:45:34,492 INFO response {"request_id": "258e475888b040d6b90eadb4d91aba6b", "http_status": 200, "body": {"accepted": true, "real_timestamp_ms": 1789202731214, "virtual_time_s": 2032, "measure_result": "no_signal"}}
2026-09-12 16:45:34,492 INFO request {"path": "/measure", "payload": {"arena_id": "default", "robot_id": "202601002029", "request_id": "5e7d0f6e25aa4c479718571e8b9cff87", "position": {"x": 600.0000000000001, "y": -1039.2304845413264}, "channel": 13}, "attempt": 1}
2026-09-12 16:45:34,494 INFO response {"request_id": "5e7d0f6e25aa4c479718571e8b9cff87", "http_status": 200, "body": {"accepted": true, "real_timestamp_ms": 1789202731217, "virtual_time_s": 2038, "measure_result": "no_signal"}}
2026-09-12 16:45:34,494 INFO request {"path": "/measure", "payload": {"arena_id": "default", "robot_id": "202601002029", "request_id": "9e0c0d8de0c34c759fc4d88dbfe80953", "position": {"x": 600.0000000000001, "y": -1039.2304845413264}, "channel": 20}, "attempt": 1}
2026-09-12 16:45:34,496 INFO response {"request_id": "9e0c0d8de0c34c759fc4d88dbfe80953", "http_status": 200, "body": {"accepted": true, "real_timestamp_ms": 1789202731219, "virtual_time_s": 2044, "measure_result": "no_signal"}}
2026-09-12 16:45:43,552 INFO request {"path": "/measure", "payload": {"arena_id": "default", "robot_id": "202601002029", "request_id": "3dc9db8e2d5647938ecfa73b0afe810b", "position": {"x": 141.71160033170196, "y": -1312.839324437657}, "channel": 16}, "attempt": 1}
2026-09-12 16:45:43,554 INFO response {"request_id": "3dc9db8e2d5647938ecfa73b0afe810b", "http_status": 200, "body": {"accepted": true, "real_timestamp_ms": 1789202740277, "virtual_time_s": 2156.750186, "measure_result": "direction", "svd_deg": 223.42}}
2026-09-12 16:45:43,582 INFO request {"path": "/measure", "payload": {"arena_id": "default", "robot_id": "202601002029", "request_id": "bb823f8a2d1746e1a4e7901e4b25f57a", "position": {"x": 141.71160033170196, "y": -1312.839324437657}, "channel": 2}, "attempt": 1}
2026-09-12 16:45:43,598 INFO response {"request_id": "bb823f8a2d1746e1a4e7901e4b25f57a", "http_status": 200, "body": {"accepted": true, "real_timestamp_ms": 1789202740321, "virtual_time_s": 2162.750186, "measure_result": "direction", "svd_deg": 205.83}}
2026-09-12 16:45:43,630 INFO request {"path": "/measure", "payload": {"arena_id": "default", "robot_id": "202601002029", "request_id": "7ffaf804b348419cb179ab2455fe3c02", "position": {"x": 141.71160033170196, "y": -1312.839324437657}, "channel": 15}, "attempt": 1}
2026-09-12 16:45:43,648 INFO response {"request_id": "7ffaf804b348419cb179ab2455fe3c02", "http_status": 200, "body": {"accepted": true, "real_timestamp_ms": 1789202740371, "virtual_time_s": 2168.750186, "measure_result": "direction", "svd_deg": 189.99}}
2026-09-12 16:45:44,428 INFO request {"path": "/measure", "payload": {"arena_id": "default", "robot_id": "202601002029", "request_id": "d64aef2258af4ac2ae79541ace6d6193", "position": {"x": 73.04917307809046, "y": -1020.7664293826385}, "channel": 14}, "attempt": 1}
2026-09-12 16:45:44,446 INFO response {"request_id": "d64aef2258af4ac2ae79541ace6d6193", "http_status": 200, "body": {"accepted": true, "real_timestamp_ms": 1789202741169, "virtual_time_s": 2234.757221, "measure_result": "direction", "svd_deg": 111.95}}
2026-09-12 16:45:44,483 INFO request {"path": "/measure", "payload": {"arena_id": "default", "robot_id": "202601002029", "request_id": "5e63e1422d8b4dc389b6218d0c0e3965", "position": {"x": 73.04917307809046, "y": -1020.7664293826385}, "channel": 6}, "attempt": 1}
2026-09-12 16:45:44,485 INFO response {"request_id": "5e63e1422d8b4dc389b6218d0c0e3965", "http_status": 200, "body": {"accepted": true, "real_timestamp_ms": 1789202741208, "virtual_time_s": 2240.757221, "measure_result": "direction", "svd_deg": 107.78}}
2026-09-12 16:45:45,199 INFO request {"path": "/measure", "payload": {"arena_id": "default", "robot_id": "202601002029", "request_id": "9cf66fdd398f4b0685071723778de73c", "position": {"x": -145.69555349925375, "y": -555.7964772264481}, "channel": 6}, "attempt": 1}
2026-09-12 16:45:45,220 INFO response {"request_id": "9cf66fdd398f4b0685071723778de73c", "http_status": 200, "body": {"accepted": true, "real_timestamp_ms": 1789202741943, "virtual_time_s": 2348.528095, "measure_result": "direction", "svd_deg": 100.33}}
2026-09-12 16:45:45,227 INFO request {"path": "/clear", "payload": {"arena_id": "default", "robot_id": "202601002029", "request_id": "03c81afd5f814b408d3eae25577f1fcc", "position": {"x": -225.5811639789272, "y": -280.7303496599554}, "channel": 14}, "attempt": 1}
2026-09-12 16:45:45,228 INFO response {"request_id": "03c81afd5f814b408d3eae25577f1fcc", "http_status": 200, "body": {"accepted": true, "real_timestamp_ms": 1789202741950, "virtual_time_s": 2410.814423, "clear_result": "success"}}
2026-09-12 16:45:45,248 INFO request {"path": "/measure", "payload": {"arena_id": "default", "robot_id": "202601002029", "request_id": "04704015b01b4adb990776a4c386e98c", "position": {"x": -225.5811639789272, "y": -280.7303496599554}, "channel": 11}, "attempt": 1}
2026-09-12 16:45:45,249 INFO response {"request_id": "04704015b01b4adb990776a4c386e98c", "http_status": 200, "body": {"accepted": true, "real_timestamp_ms": 1789202741972, "virtual_time_s": 2416.814423, "measure_result": "direction", "svd_deg": 85.5}}
2026-09-12 16:45:45,267 INFO request {"path": "/measure", "payload": {"arena_id": "default", "robot_id": "202601002029", "request_id": "c84382cdd0aa4da7a01caf91043f08b6", "position": {"x": -225.5811639789272, "y": -280.7303496599554}, "channel": 19}, "attempt": 1}
2026-09-12 16:45:45,268 INFO response {"request_id": "c84382cdd0aa4da7a01caf91043f08b6", "http_status": 200, "body": {"accepted": true, "real_timestamp_ms": 1789202741991, "virtual_time_s": 2422.814423, "measure_result": "direction", "svd_deg": 62.57}}
2026-09-12 16:45:45,273 INFO request {"path": "/clear", "payload": {"arena_id": "default", "robot_id": "202601002029", "request_id": "c00dd0d7fd3d447a8b982a27247c4341", "position": {"x": -253.53842985296737, "y": 31.605263600981587}, "channel": 6}, "attempt": 1}
2026-09-12 16:45:45,274 INFO response {"request_id": "c00dd0d7fd3d447a8b982a27247c4341", "http_status": 200, "body": {"accepted": true, "real_timestamp_ms": 1789202741997, "virtual_time_s": 2490.531293, "clear_result": "success"}}
2026-09-12 16:45:45,278 INFO request {"path": "/clear", "payload": {"arena_id": "default", "robot_id": "202601002029", "request_id": "5f504b371a074cdbb9d0a7b72d89b9f2", "position": {"x": -31.70211316205161, "y": 93.17721960395033}, "channel": 19}, "attempt": 1}
2026-09-12 16:45:45,298 INFO response {"request_id": "5f504b371a074cdbb9d0a7b72d89b9f2", "http_status": 200, "body": {"accepted": true, "real_timestamp_ms": 1789202742021, "virtual_time_s": 2541.575818, "clear_result": "success"}}
2026-09-12 16:45:45,304 INFO request {"path": "/clear", "payload": {"arena_id": "default", "robot_id": "202601002029", "request_id": "2119e18faac0423999ecdf6110373adc", "position": {"x": -188.93643969121882, "y": 187.7867947229371}, "channel": 11}, "attempt": 1}
2026-09-12 16:45:45,318 INFO response {"request_id": "2119e18faac0423999ecdf6110373adc", "http_status": 200, "body": {"accepted": true, "real_timestamp_ms": 1789202742040, "virtual_time_s": 2583.276556, "clear_result": "success"}}
2026-09-12 16:45:45,323 INFO request {"path": "/measure", "payload": {"arena_id": "default", "robot_id": "202601002029", "request_id": "c1b238382e634a55a2ccb2b43824cc96", "position": {"x": -191.96196416471437, "y": 445.3394757085594}, "channel": 12}, "attempt": 1}
2026-09-12 16:45:45,325 INFO response {"request_id": "c1b238382e634a55a2ccb2b43824cc96", "http_status": 200, "body": {"accepted": true, "real_timestamp_ms": 1789202742047, "virtual_time_s": 2640.790646, "measure_result": "direction", "svd_deg": 0.95}}
2026-09-12 16:45:45,347 INFO request {"path": "/measure", "payload": {"arena_id": "default", "robot_id": "202601002029", "request_id": "b059b3352f214842bb6704580d87c290", "position": {"x": -191.96196416471437, "y": 445.3394757085594}, "channel": 10}, "attempt": 1}
2026-09-12 16:45:45,358 INFO response {"request_id": "b059b3352f214842bb6704580d87c290", "http_status": 200, "body": {"accepted": true, "real_timestamp_ms": 1789202742081, "virtual_time_s": 2646.790646, "measure_result": "direction", "svd_deg": 100.42}}
2026-09-12 16:45:45,368 INFO request {"path": "/clear", "payload": {"arena_id": "default", "robot_id": "202601002029", "request_id": "2847ab292bc64531bfb3bae263c366be", "position": {"x": 209.3779808290677, "y": 452.22222967698144}, "channel": 12}, "attempt": 1}
2026-09-12 16:45:45,388 INFO response {"request_id": "2847ab292bc64531bfb3bae263c366be", "http_status": 200, "body": {"accepted": true, "real_timestamp_ms": 1789202742110, "virtual_time_s": 2732.070438, "clear_result": "success"}}
2026-09-12 16:45:45,393 INFO request {"path": "/clear", "payload": {"arena_id": "default", "robot_id": "202601002029", "request_id": "3e916d3d2d824f4e98ed84f6ce436af1", "position": {"x": -361.91762358586095, "y": 1373.6773655924649}, "channel": 10}, "attempt": 1}
2026-09-12 16:45:45,395 INFO response {"request_id": "3e916d3d2d824f4e98ed84f6ce436af1", "http_status": 200, "body": {"accepted": true, "real_timestamp_ms": 1789202742117, "virtual_time_s": 2953.907541, "clear_result": "success"}}
2026-09-12 16:45:45,397 INFO request {"path": "/measure", "payload": {"arena_id": "default", "robot_id": "202601002029", "request_id": "528329ee1ba7451aade8a449d5977110", "position": {"x": -1799.382341874429, "y": -27.217792877551954}, "channel": 8}, "attempt": 1}
2026-09-12 16:45:45,400 INFO response {"request_id": "528329ee1ba7451aade8a449d5977110", "http_status": 200, "body": {"accepted": true, "real_timestamp_ms": 1789202742122, "virtual_time_s": 3361.345559, "measure_result": "direction", "svd_deg": 310.31}}
2026-09-12 16:45:45,408 INFO request {"path": "/clear", "payload": {"arena_id": "default", "robot_id": "202601002029", "request_id": "76bdd04815d34e32aa64bdc4a79378eb", "position": {"x": -1603.4728418533186, "y": -257.8977492219056}, "channel": 8}, "attempt": 1}
2026-09-12 16:45:45,410 INFO response {"request_id": "76bdd04815d34e32aa64bdc4a79378eb", "http_status": 200, "body": {"accepted": true, "real_timestamp_ms": 1789202742132, "virtual_time_s": 3426.874486, "clear_result": "success"}}
2026-09-12 16:45:45,433 INFO request {"path": "/measure", "payload": {"arena_id": "default", "robot_id": "202601002029", "request_id": "229e96bbbdcb48a4ab3113b71c3d9e0c", "position": {"x": -1603.4728418533186, "y": -257.8977492219056}, "channel": 17}, "attempt": 1}
2026-09-12 16:45:45,446 INFO response {"request_id": "229e96bbbdcb48a4ab3113b71c3d9e0c", "http_status": 200, "body": {"accepted": true, "real_timestamp_ms": 1789202742168, "virtual_time_s": 3432.874486, "measure_result": "direction", "svd_deg": 289.75}}
2026-09-12 16:45:46,572 INFO request {"path": "/measure", "payload": {"arena_id": "default", "robot_id": "202601002029", "request_id": "cd193dae5dd948b1819383f5e2465fdb", "position": {"x": -1532.3837418362143, "y": -499.52081854809273}, "channel": 17}, "attempt": 1}
2026-09-12 16:45:46,588 INFO response {"request_id": "cd193dae5dd948b1819383f5e2465fdb", "http_status": 200, "body": {"accepted": true, "real_timestamp_ms": 1789202743311, "virtual_time_s": 3488.247244, "measure_result": "direction", "svd_deg": 291.59}}
2026-09-12 16:45:46,593 INFO request {"path": "/clear", "payload": {"arena_id": "default", "robot_id": "202601002029", "request_id": "80fe59f84a5a4282b4512407738229e2", "position": {"x": -1268.7481552772274, "y": -1172.6432236421788}, "channel": 17}, "attempt": 1}
2026-09-12 16:45:46,595 INFO response {"request_id": "80fe59f84a5a4282b4512407738229e2", "http_status": 200, "body": {"accepted": true, "real_timestamp_ms": 1789202743318, "virtual_time_s": 3637.829054, "clear_result": "success"}}
2026-09-12 16:45:46,595 INFO request {"path": "/measure", "payload": {"arena_id": "default", "robot_id": "202601002029", "request_id": "e0551640ce7744009115b048613416fe", "position": {"x": -818.4865839102781, "y": -1415.3036901120263}, "channel": 16}, "attempt": 1}
2026-09-12 16:45:46,607 INFO response {"request_id": "e0551640ce7744009115b048613416fe", "http_status": 200, "body": {"accepted": true, "real_timestamp_ms": 1789202743330, "virtual_time_s": 3746.126578, "measure_result": "direction", "svd_deg": 327.72}}
2026-09-12 16:45:46,613 INFO request {"path": "/clear", "payload": {"arena_id": "default", "robot_id": "202601002029", "request_id": "47e73f8363f94996a54803071517008c", "position": {"x": -557.1838690926354, "y": -1436.0860259256908}, "channel": 15}, "attempt": 1}
2026-09-12 16:45:46,627 INFO response {"request_id": "47e73f8363f94996a54803071517008c", "http_status": 200, "body": {"accepted": true, "real_timestamp_ms": 1789202743349, "virtual_time_s": 3803.55215, "clear_result": "success"}}
2026-09-12 16:45:46,629 INFO request {"path": "/clear", "payload": {"arena_id": "default", "robot_id": "202601002029", "request_id": "ec4177269ae4401cbcbf1a4e47295528", "position": {"x": -505.6942640150579, "y": -1626.509000238855}, "channel": 2}, "attempt": 1}
2026-09-12 16:45:46,646 INFO response {"request_id": "ec4177269ae4401cbcbf1a4e47295528", "http_status": 200, "body": {"accepted": true, "real_timestamp_ms": 1789202743369, "virtual_time_s": 3848.004445, "clear_result": "success"}}
2026-09-12 16:45:46,647 INFO request {"path": "/clear", "payload": {"arena_id": "default", "robot_id": "202601002029", "request_id": "92187f393eeb4856abdbe024eab97c6e", "position": {"x": -313.1743468180182, "y": -1741.8960798074775}, "channel": 16}, "attempt": 1}
2026-09-12 16:45:46,667 INFO response {"request_id": "92187f393eeb4856abdbe024eab97c6e", "http_status": 200, "body": {"accepted": true, "real_timestamp_ms": 1789202743389, "virtual_time_s": 3897.894576, "clear_result": "success"}}
2026-09-12 16:45:46,667 INFO request {"path": "/measure", "payload": {"arena_id": "default", "robot_id": "202601002029", "request_id": "b14ae1e79f114825a8f9936a0cd827e2", "position": {"x": 740.6127921643626, "y": -1565.2512821656558}, "channel": 3}, "attempt": 1}
2026-09-12 16:45:46,685 INFO response {"request_id": "b14ae1e79f114825a8f9936a0cd827e2", "http_status": 200, "body": {"accepted": true, "real_timestamp_ms": 1789202743407, "virtual_time_s": 4117.592561, "measure_result": "direction", "svd_deg": 39.56}}
2026-09-12 16:45:46,689 INFO request {"path": "/clear", "payload": {"arena_id": "default", "robot_id": "202601002029", "request_id": "303e15d4af744b749f9e1fbdacfc44ab", "position": {"x": 1072.8031918880006, "y": -1291.1288801206667}, "channel": 3}, "attempt": 1}
2026-09-12 16:45:46,691 INFO response {"request_id": "303e15d4af744b749f9e1fbdacfc44ab", "http_status": 200, "body": {"accepted": true, "real_timestamp_ms": 1789202743413, "virtual_time_s": 4208.730486, "clear_result": "success"}}
2026-09-12 16:45:46,691 INFO request {"path": "/measure", "payload": {"arena_id": "default", "robot_id": "202601002029", "request_id": "aeeb54009f444f8cbb0a14194ad94375", "position": {"x": 1237.9712010074422, "y": -804.7426795943359}, "channel": 18}, "attempt": 1}
2026-09-12 16:45:46,705 INFO response {"request_id": "aeeb54009f444f8cbb0a14194ad94375", "http_status": 200, "body": {"accepted": true, "real_timestamp_ms": 1789202743428, "virtual_time_s": 4317.46354, "measure_result": "direction", "svd_deg": 77.9}}
2026-09-12 16:45:46,709 INFO request {"path": "/clear", "payload": {"arena_id": "default", "robot_id": "202601002029", "request_id": "780e3d3c0b554c828a380bbbc24f7ca0", "position": {"x": 1375.0991922689059, "y": -164.11917758945896}, "channel": 18}, "attempt": 1}
2026-09-12 16:45:46,711 INFO response {"request_id": "780e3d3c0b554c828a380bbbc24f7ca0", "http_status": 200, "body": {"accepted": true, "real_timestamp_ms": 1789202743434, "virtual_time_s": 4453.490645, "clear_result": "success"}}
2026-09-12 16:45:46,711 INFO request {"path": "/exit", "payload": {"arena_id": "default", "robot_id": "202601002029", "request_id": "9973058b4c264bad9994b56673710103"}, "attempt": 1}
2026-09-12 16:45:46,726 INFO response {"request_id": "9973058b4c264bad9994b56673710103", "http_status": 200, "body": {"accepted": true, "real_timestamp_ms": 1789202743448, "virtual_time_s": 4453.490645, "exit_reason": "user_exit"}}
