2026-09-13 12:21:41,240 INFO request {"path": "/enter", "payload": {"arena_id": "default", "robot_id": "202601002029", "request_id": "1c5862d194754cdf85fc6d7751b33dfd"}, "attempt": 1}
2026-09-13 12:21:41,244 INFO response {"request_id": "1c5862d194754cdf85fc6d7751b33dfd", "http_status": 200, "body": {"accepted": true, "real_timestamp_ms": 1789273297212, "virtual_time_s": 0, "max_virtual_duration_s": 360000, "max_real_duration_s": 1200, "remaining_real_duration_s": 1200}}
2026-09-13 12:21:41,252 INFO request {"path": "/measure", "payload": {"arena_id": "default", "robot_id": "202601002029", "request_id": "d61fb6773ca64a6da928eb5cc51d5faa", "position": {"x": 0.0, "y": 0.0}, "channel": 1}, "attempt": 1}
2026-09-13 12:21:41,254 INFO response {"request_id": "d61fb6773ca64a6da928eb5cc51d5faa", "http_status": 200, "body": {"accepted": true, "real_timestamp_ms": 1789273297221, "virtual_time_s": 5, "measure_result": "no_signal"}}
2026-09-13 12:21:41,256 INFO request {"path": "/measure", "payload": {"arena_id": "default", "robot_id": "202601002029", "request_id": "b6bb6fe754364098a634d5c4a2c0125f", "position": {"x": 0.0, "y": 0.0}, "channel": 2}, "attempt": 1}
2026-09-13 12:21:41,257 INFO response {"request_id": "b6bb6fe754364098a634d5c4a2c0125f", "http_status": 200, "body": {"accepted": true, "real_timestamp_ms": 1789273297225, "virtual_time_s": 11, "measure_result": "direction", "svd_deg": 83.43}}
2026-09-13 12:21:41,289 INFO request {"path": "/measure", "payload": {"arena_id": "default", "robot_id": "202601002029", "request_id": "f2e03214ceae431e96e61e7e22de80ac", "position": {"x": 0.0, "y": 0.0}, "channel": 3}, "attempt": 1}
2026-09-13 12:21:41,302 INFO response {"request_id": "f2e03214ceae431e96e61e7e22de80ac", "http_status": 200, "body": {"accepted": true, "real_timestamp_ms": 1789273297269, "virtual_time_s": 17, "measure_result": "no_signal"}}
2026-09-13 12:21:41,303 INFO request {"path": "/measure", "payload": {"arena_id": "default", "robot_id": "202601002029", "request_id": "3c16e80fef69486590766302585f7754", "position": {"x": 0.0, "y": 0.0}, "channel": 4}, "attempt": 1}
2026-09-13 12:21:41,318 INFO response {"request_id": "3c16e80fef69486590766302585f7754", "http_status": 200, "body": {"accepted": true, "real_timestamp_ms": 1789273297285, "virtual_time_s": 23, "measure_result": "no_signal"}}
2026-09-13 12:21:41,318 INFO request {"path": "/measure", "payload": {"arena_id": "default", "robot_id": "202601002029", "request_id": "bcb3b878d46d448aafd2932d35657c58", "position": {"x": 0.0, "y": 0.0}, "channel": 5}, "attempt": 1}
2026-09-13 12:21:41,321 INFO response {"request_id": "bcb3b878d46d448aafd2932d35657c58", "http_status": 200, "body": {"accepted": true, "real_timestamp_ms": 1789273297289, "virtual_time_s": 29, "measure_result": "no_signal"}}
2026-09-13 12:21:41,322 INFO request {"path": "/measure", "payload": {"arena_id": "default", "robot_id": "202601002029", "request_id": "c2bf32dd70ee40f3b17a133fe5271ccc", "position": {"x": 0.0, "y": 0.0}, "channel": 6}, "attempt": 1}
2026-09-13 12:21:41,348 INFO response {"request_id": "c2bf32dd70ee40f3b17a133fe5271ccc", "http_status": 200, "body": {"accepted": true, "real_timestamp_ms": 1789273297315, "virtual_time_s": 35, "measure_result": "no_signal"}}
2026-09-13 12:21:41,349 INFO request {"path": "/measure", "payload": {"arena_id": "default", "robot_id": "202601002029", "request_id": "f8d8b05373fa423692171ebb339de9d6", "position": {"x": 0.0, "y": 0.0}, "channel": 7}, "attempt": 1}
2026-09-13 12:21:41,352 INFO response {"request_id": "f8d8b05373fa423692171ebb339de9d6", "http_status": 200, "body": {"accepted": true, "real_timestamp_ms": 1789273297319, "virtual_time_s": 41, "measure_result": "direction", "svd_deg": 176.39}}
2026-09-13 12:21:41,387 INFO request {"path": "/measure", "payload": {"arena_id": "default", "robot_id": "202601002029", "request_id": "fe1b3055bf4543c09f7732c4215479d0", "position": {"x": 0.0, "y": 0.0}, "channel": 8}, "attempt": 1}
2026-09-13 12:21:41,412 INFO response {"request_id": "fe1b3055bf4543c09f7732c4215479d0", "http_status": 200, "body": {"accepted": true, "real_timestamp_ms": 1789273297379, "virtual_time_s": 47, "measure_result": "direction", "svd_deg": 131.79}}
2026-09-13 12:21:41,459 INFO request {"path": "/measure", "payload": {"arena_id": "default", "robot_id": "202601002029", "request_id": "c0c0b4d71d4e493996a9d975416ae5bd", "position": {"x": 0.0, "y": 0.0}, "channel": 9}, "attempt": 1}
2026-09-13 12:21:41,463 INFO response {"request_id": "c0c0b4d71d4e493996a9d975416ae5bd", "http_status": 200, "body": {"accepted": true, "real_timestamp_ms": 1789273297430, "virtual_time_s": 53, "measure_result": "direction", "svd_deg": 81.38}}
2026-09-13 12:21:41,480 INFO request {"path": "/measure", "payload": {"arena_id": "default", "robot_id": "202601002029", "request_id": "46ef40398af840c0aa1bcae3d62bee57", "position": {"x": 0.0, "y": 0.0}, "channel": 10}, "attempt": 1}
2026-09-13 12:21:41,505 INFO response {"request_id": "46ef40398af840c0aa1bcae3d62bee57", "http_status": 200, "body": {"accepted": true, "real_timestamp_ms": 1789273297473, "virtual_time_s": 59, "measure_result": "direction", "svd_deg": 289.34}}
2026-09-13 12:21:41,519 INFO request {"path": "/measure", "payload": {"arena_id": "default", "robot_id": "202601002029", "request_id": "3478c6a6ed6147de8906f820149d28a5", "position": {"x": 0.0, "y": 0.0}, "channel": 11}, "attempt": 1}
2026-09-13 12:21:41,520 INFO response {"request_id": "3478c6a6ed6147de8906f820149d28a5", "http_status": 200, "body": {"accepted": true, "real_timestamp_ms": 1789273297488, "virtual_time_s": 65, "measure_result": "no_signal"}}
2026-09-13 12:21:41,520 INFO request {"path": "/measure", "payload": {"arena_id": "default", "robot_id": "202601002029", "request_id": "4bc686f6e9584ac2b595c378831e2f53", "position": {"x": 0.0, "y": 0.0}, "channel": 12}, "attempt": 1}
2026-09-13 12:21:41,535 INFO response {"request_id": "4bc686f6e9584ac2b595c378831e2f53", "http_status": 200, "body": {"accepted": true, "real_timestamp_ms": 1789273297503, "virtual_time_s": 71, "measure_result": "direction", "svd_deg": 74.4}}
2026-09-13 12:21:41,547 INFO request {"path": "/measure", "payload": {"arena_id": "default", "robot_id": "202601002029", "request_id": "9d35b18383354de49da10e5748dd3d62", "position": {"x": 0.0, "y": 0.0}, "channel": 13}, "attempt": 1}
2026-09-13 12:21:41,549 INFO response {"request_id": "9d35b18383354de49da10e5748dd3d62", "http_status": 200, "body": {"accepted": true, "real_timestamp_ms": 1789273297517, "virtual_time_s": 77, "measure_result": "no_signal"}}
2026-09-13 12:21:41,549 INFO request {"path": "/measure", "payload": {"arena_id": "default", "robot_id": "202601002029", "request_id": "a3bbfeead35a4fbcac850ebab2898e07", "position": {"x": 0.0, "y": 0.0}, "channel": 14}, "attempt": 1}
2026-09-13 12:21:41,551 INFO response {"request_id": "a3bbfeead35a4fbcac850ebab2898e07", "http_status": 200, "body": {"accepted": true, "real_timestamp_ms": 1789273297518, "virtual_time_s": 83, "measure_result": "no_signal"}}
2026-09-13 12:21:41,551 INFO request {"path": "/measure", "payload": {"arena_id": "default", "robot_id": "202601002029", "request_id": "1171b7671982465e86e234905a8cd43e", "position": {"x": 0.0, "y": 0.0}, "channel": 15}, "attempt": 1}
2026-09-13 12:21:41,567 INFO response {"request_id": "1171b7671982465e86e234905a8cd43e", "http_status": 200, "body": {"accepted": true, "real_timestamp_ms": 1789273297535, "virtual_time_s": 89, "measure_result": "no_signal"}}
2026-09-13 12:21:41,568 INFO request {"path": "/measure", "payload": {"arena_id": "default", "robot_id": "202601002029", "request_id": "10a4a5812d5d46229a2cbbbc6f973b7c", "position": {"x": 0.0, "y": 0.0}, "channel": 16}, "attempt": 1}
2026-09-13 12:21:41,582 INFO response {"request_id": "10a4a5812d5d46229a2cbbbc6f973b7c", "http_status": 200, "body": {"accepted": true, "real_timestamp_ms": 1789273297550, "virtual_time_s": 95, "measure_result": "no_signal"}}
2026-09-13 12:21:41,583 INFO request {"path": "/measure", "payload": {"arena_id": "default", "robot_id": "202601002029", "request_id": "c6706d4bc5214a649e9916e4dc3ae0be", "position": {"x": 0.0, "y": 0.0}, "channel": 17}, "attempt": 1}
2026-09-13 12:21:41,584 INFO response {"request_id": "c6706d4bc5214a649e9916e4dc3ae0be", "http_status": 200, "body": {"accepted": true, "real_timestamp_ms": 1789273297552, "virtual_time_s": 101, "measure_result": "no_signal"}}
2026-09-13 12:21:41,584 INFO request {"path": "/measure", "payload": {"arena_id": "default", "robot_id": "202601002029", "request_id": "21616198b3b74226bcccb1808faabc7d", "position": {"x": 0.0, "y": 0.0}, "channel": 18}, "attempt": 1}
2026-09-13 12:21:41,585 INFO response {"request_id": "21616198b3b74226bcccb1808faabc7d", "http_status": 200, "body": {"accepted": true, "real_timestamp_ms": 1789273297553, "virtual_time_s": 107, "measure_result": "no_signal"}}
2026-09-13 12:21:41,586 INFO request {"path": "/measure", "payload": {"arena_id": "default", "robot_id": "202601002029", "request_id": "623c8807875e4cc991aa6601ea52d825", "position": {"x": 0.0, "y": 0.0}, "channel": 19}, "attempt": 1}
2026-09-13 12:21:41,598 INFO response {"request_id": "623c8807875e4cc991aa6601ea52d825", "http_status": 200, "body": {"accepted": true, "real_timestamp_ms": 1789273297565, "virtual_time_s": 113, "measure_result": "direction", "svd_deg": 17.59}}
2026-09-13 12:21:41,611 INFO request {"path": "/measure", "payload": {"arena_id": "default", "robot_id": "202601002029", "request_id": "5fdb0a445b544c62b590b2281e061d3e", "position": {"x": 0.0, "y": 0.0}, "channel": 20}, "attempt": 1}
2026-09-13 12:21:41,613 INFO response {"request_id": "5fdb0a445b544c62b590b2281e061d3e", "http_status": 200, "body": {"accepted": true, "real_timestamp_ms": 1789273297581, "virtual_time_s": 119, "measure_result": "direction", "svd_deg": 57.03}}
2026-09-13 12:21:41,644 INFO request {"path": "/measure", "payload": {"arena_id": "default", "robot_id": "202601002029", "request_id": "cf22ea7d130b4621b4ba3f9cf98c2987", "position": {"x": -564.9999999999998, "y": 978.6087062764158}, "channel": 1}, "attempt": 1}
2026-09-13 12:21:41,646 INFO response {"request_id": "cf22ea7d130b4621b4ba3f9cf98c2987", "http_status": 200, "body": {"accepted": true, "real_timestamp_ms": 1789273297614, "virtual_time_s": 351, "measure_result": "no_signal"}}
2026-09-13 12:21:41,647 INFO request {"path": "/measure", "payload": {"arena_id": "default", "robot_id": "202601002029", "request_id": "2fb6472b33f64640ae95d5f9ce80aa2a", "position": {"x": -564.9999999999998, "y": 978.6087062764158}, "channel": 3}, "attempt": 1}
2026-09-13 12:21:41,647 INFO response {"request_id": "2fb6472b33f64640ae95d5f9ce80aa2a", "http_status": 200, "body": {"accepted": true, "real_timestamp_ms": 1789273297615, "virtual_time_s": 357, "measure_result": "no_signal"}}
2026-09-13 12:21:41,648 INFO request {"path": "/measure", "payload": {"arena_id": "default", "robot_id": "202601002029", "request_id": "2abc48c3c8d5442caee0fa3447d57def", "position": {"x": -564.9999999999998, "y": 978.6087062764158}, "channel": 4}, "attempt": 1}
2026-09-13 12:21:41,648 INFO response {"request_id": "2abc48c3c8d5442caee0fa3447d57def", "http_status": 200, "body": {"accepted": true, "real_timestamp_ms": 1789273297617, "virtual_time_s": 363, "measure_result": "no_signal"}}
2026-09-13 12:21:41,648 INFO request {"path": "/measure", "payload": {"arena_id": "default", "robot_id": "202601002029", "request_id": "f1862a3900a84675aaf19ca2d2a0df7e", "position": {"x": -564.9999999999998, "y": 978.6087062764158}, "channel": 5}, "attempt": 1}
2026-09-13 12:21:41,649 INFO response {"request_id": "f1862a3900a84675aaf19ca2d2a0df7e", "http_status": 200, "body": {"accepted": true, "real_timestamp_ms": 1789273297617, "virtual_time_s": 369, "measure_result": "no_signal"}}
2026-09-13 12:21:41,650 INFO request {"path": "/measure", "payload": {"arena_id": "default", "robot_id": "202601002029", "request_id": "5942619f868247f7a23da9c636b19d97", "position": {"x": -564.9999999999998, "y": 978.6087062764158}, "channel": 6}, "attempt": 1}
2026-09-13 12:21:41,675 INFO response {"request_id": "5942619f868247f7a23da9c636b19d97", "http_status": 200, "body": {"accepted": true, "real_timestamp_ms": 1789273297642, "virtual_time_s": 375, "measure_result": "no_signal"}}
2026-09-13 12:21:41,675 INFO request {"path": "/measure", "payload": {"arena_id": "default", "robot_id": "202601002029", "request_id": "0ca3ed8a81a244249ca9daf0241427bf", "position": {"x": -564.9999999999998, "y": 978.6087062764158}, "channel": 11}, "attempt": 1}
2026-09-13 12:21:41,676 INFO response {"request_id": "0ca3ed8a81a244249ca9daf0241427bf", "http_status": 200, "body": {"accepted": true, "real_timestamp_ms": 1789273297644, "virtual_time_s": 381, "measure_result": "no_signal"}}
2026-09-13 12:21:41,677 INFO request {"path": "/measure", "payload": {"arena_id": "default", "robot_id": "202601002029", "request_id": "e9b96659d4cc4666a016fcd4124a1104", "position": {"x": -564.9999999999998, "y": 978.6087062764158}, "channel": 13}, "attempt": 1}
2026-09-13 12:21:41,689 INFO response {"request_id": "e9b96659d4cc4666a016fcd4124a1104", "http_status": 200, "body": {"accepted": true, "real_timestamp_ms": 1789273297657, "virtual_time_s": 387, "measure_result": "no_signal"}}
2026-09-13 12:21:41,689 INFO request {"path": "/measure", "payload": {"arena_id": "default", "robot_id": "202601002029", "request_id": "0c703e4707d84b609361b77cb201fd6b", "position": {"x": -564.9999999999998, "y": 978.6087062764158}, "channel": 14}, "attempt": 1}
2026-09-13 12:21:41,691 INFO response {"request_id": "0c703e4707d84b609361b77cb201fd6b", "http_status": 200, "body": {"accepted": true, "real_timestamp_ms": 1789273297659, "virtual_time_s": 393, "measure_result": "direction", "svd_deg": 43.58}}
2026-09-13 12:21:41,707 INFO request {"path": "/measure", "payload": {"arena_id": "default", "robot_id": "202601002029", "request_id": "ae6c7ae2b68b4bbb8c21f6c366c039df", "position": {"x": -564.9999999999998, "y": 978.6087062764158}, "channel": 15}, "attempt": 1}
2026-09-13 12:21:41,709 INFO response {"request_id": "ae6c7ae2b68b4bbb8c21f6c366c039df", "http_status": 200, "body": {"accepted": true, "real_timestamp_ms": 1789273297677, "virtual_time_s": 399, "measure_result": "no_signal"}}
2026-09-13 12:21:41,710 INFO request {"path": "/measure", "payload": {"arena_id": "default", "robot_id": "202601002029", "request_id": "53cc0d0f4980466ba1164c84436f47ec", "position": {"x": -564.9999999999998, "y": 978.6087062764158}, "channel": 16}, "attempt": 1}
2026-09-13 12:21:41,736 INFO response {"request_id": "53cc0d0f4980466ba1164c84436f47ec", "http_status": 200, "body": {"accepted": true, "real_timestamp_ms": 1789273297704, "virtual_time_s": 405, "measure_result": "no_signal"}}
2026-09-13 12:21:41,736 INFO request {"path": "/measure", "payload": {"arena_id": "default", "robot_id": "202601002029", "request_id": "23ef99b384d8450d9b3b7e0080cd6a63", "position": {"x": -564.9999999999998, "y": 978.6087062764158}, "channel": 17}, "attempt": 1}
2026-09-13 12:21:41,737 INFO response {"request_id": "23ef99b384d8450d9b3b7e0080cd6a63", "http_status": 200, "body": {"accepted": true, "real_timestamp_ms": 1789273297706, "virtual_time_s": 411, "measure_result": "no_signal"}}
2026-09-13 12:21:41,738 INFO request {"path": "/measure", "payload": {"arena_id": "default", "robot_id": "202601002029", "request_id": "912bff8b3d994a93a0f9a396f5879786", "position": {"x": -564.9999999999998, "y": 978.6087062764158}, "channel": 18}, "attempt": 1}
2026-09-13 12:21:41,739 INFO response {"request_id": "912bff8b3d994a93a0f9a396f5879786", "http_status": 200, "body": {"accepted": true, "real_timestamp_ms": 1789273297707, "virtual_time_s": 417, "measure_result": "no_signal"}}
2026-09-13 12:21:41,976 INFO request {"path": "/measure", "payload": {"arena_id": "default", "robot_id": "202601002029", "request_id": "927a7f3b62ba4002a6e6f19ddd5b94b1", "position": {"x": -564.9999999999998, "y": 978.6087062764158}, "channel": 9}, "attempt": 1}
2026-09-13 12:21:41,990 INFO response {"request_id": "927a7f3b62ba4002a6e6f19ddd5b94b1", "http_status": 200, "body": {"accepted": true, "real_timestamp_ms": 1789273297958, "virtual_time_s": 423, "measure_result": "direction", "svd_deg": 336.41}}
2026-09-13 12:21:42,200 INFO request {"path": "/measure", "payload": {"arena_id": "default", "robot_id": "202601002029", "request_id": "0cdad9d47fcf4ac482d9770efcdfb7a3", "position": {"x": -564.9999999999998, "y": 978.6087062764158}, "channel": 2}, "attempt": 1}
2026-09-13 12:21:42,201 INFO response {"request_id": "0cdad9d47fcf4ac482d9770efcdfb7a3", "http_status": 200, "body": {"accepted": true, "real_timestamp_ms": 1789273298169, "virtual_time_s": 429, "measure_result": "direction", "svd_deg": 10.31}}
2026-09-13 12:21:42,378 INFO request {"path": "/measure", "payload": {"arena_id": "default", "robot_id": "202601002029", "request_id": "eb4a6cb9eaa14a5a8d77fb05b6ae82f7", "position": {"x": 565.0000000000001, "y": 978.6087062764157}, "channel": 1}, "attempt": 1}
2026-09-13 12:21:42,400 INFO response {"request_id": "eb4a6cb9eaa14a5a8d77fb05b6ae82f7", "http_status": 200, "body": {"accepted": true, "real_timestamp_ms": 1789273298368, "virtual_time_s": 661, "measure_result": "no_signal"}}
2026-09-13 12:21:42,401 INFO request {"path": "/measure", "payload": {"arena_id": "default", "robot_id": "202601002029", "request_id": "92704fef18244284a9a9b8d4281137c2", "position": {"x": 565.0000000000001, "y": 978.6087062764157}, "channel": 3}, "attempt": 1}
2026-09-13 12:21:42,415 INFO response {"request_id": "92704fef18244284a9a9b8d4281137c2", "http_status": 200, "body": {"accepted": true, "real_timestamp_ms": 1789273298383, "virtual_time_s": 667, "measure_result": "no_signal"}}
2026-09-13 12:21:42,415 INFO request {"path": "/measure", "payload": {"arena_id": "default", "robot_id": "202601002029", "request_id": "8b6ab9ed24de467cacc0262b539565f1", "position": {"x": 565.0000000000001, "y": 978.6087062764157}, "channel": 4}, "attempt": 1}
2026-09-13 12:21:42,417 INFO response {"request_id": "8b6ab9ed24de467cacc0262b539565f1", "http_status": 200, "body": {"accepted": true, "real_timestamp_ms": 1789273298384, "virtual_time_s": 673, "measure_result": "no_signal"}}
2026-09-13 12:21:42,417 INFO request {"path": "/measure", "payload": {"arena_id": "default", "robot_id": "202601002029", "request_id": "67671864f5b54c2687077676b53cdda5", "position": {"x": 565.0000000000001, "y": 978.6087062764157}, "channel": 5}, "attempt": 1}
2026-09-13 12:21:42,431 INFO response {"request_id": "67671864f5b54c2687077676b53cdda5", "http_status": 200, "body": {"accepted": true, "real_timestamp_ms": 1789273298399, "virtual_time_s": 679, "measure_result": "no_signal"}}
2026-09-13 12:21:42,431 INFO request {"path": "/measure", "payload": {"arena_id": "default", "robot_id": "202601002029", "request_id": "6209148ca5d04dbe959698632d1fce50", "position": {"x": 565.0000000000001, "y": 978.6087062764157}, "channel": 6}, "attempt": 1}
2026-09-13 12:21:42,448 INFO response {"request_id": "6209148ca5d04dbe959698632d1fce50", "http_status": 200, "body": {"accepted": true, "real_timestamp_ms": 1789273298415, "virtual_time_s": 685, "measure_result": "no_signal"}}
2026-09-13 12:21:42,449 INFO request {"path": "/measure", "payload": {"arena_id": "default", "robot_id": "202601002029", "request_id": "ad62bc34bf394e8ab9a3aaa946b0fe6f", "position": {"x": 565.0000000000001, "y": 978.6087062764157}, "channel": 11}, "attempt": 1}
2026-09-13 12:21:42,451 INFO response {"request_id": "ad62bc34bf394e8ab9a3aaa946b0fe6f", "http_status": 200, "body": {"accepted": true, "real_timestamp_ms": 1789273298419, "virtual_time_s": 691, "measure_result": "direction", "svd_deg": 91.81}}
2026-09-13 12:21:42,484 INFO request {"path": "/measure", "payload": {"arena_id": "default", "robot_id": "202601002029", "request_id": "d7471c86377147d8b64245390be52e51", "position": {"x": 565.0000000000001, "y": 978.6087062764157}, "channel": 13}, "attempt": 1}
2026-09-13 12:21:42,509 INFO response {"request_id": "d7471c86377147d8b64245390be52e51", "http_status": 200, "body": {"accepted": true, "real_timestamp_ms": 1789273298476, "virtual_time_s": 697, "measure_result": "no_signal"}}
2026-09-13 12:21:42,509 INFO request {"path": "/measure", "payload": {"arena_id": "default", "robot_id": "202601002029", "request_id": "e200ee8d90264ded99c8cee32631a422", "position": {"x": 565.0000000000001, "y": 978.6087062764157}, "channel": 15}, "attempt": 1}
2026-09-13 12:21:42,511 INFO response {"request_id": "e200ee8d90264ded99c8cee32631a422", "http_status": 200, "body": {"accepted": true, "real_timestamp_ms": 1789273298479, "virtual_time_s": 703, "measure_result": "no_signal"}}
2026-09-13 12:21:42,512 INFO request {"path": "/measure", "payload": {"arena_id": "default", "robot_id": "202601002029", "request_id": "f846a1b997ce4fbcb07846325ca9d78e", "position": {"x": 565.0000000000001, "y": 978.6087062764157}, "channel": 16}, "attempt": 1}
2026-09-13 12:21:42,514 INFO response {"request_id": "f846a1b997ce4fbcb07846325ca9d78e", "http_status": 200, "body": {"accepted": true, "real_timestamp_ms": 1789273298482, "virtual_time_s": 709, "measure_result": "no_signal"}}
2026-09-13 12:21:42,514 INFO request {"path": "/measure", "payload": {"arena_id": "default", "robot_id": "202601002029", "request_id": "b875c4af2f5148f0b4233aba19c8ec76", "position": {"x": 565.0000000000001, "y": 978.6087062764157}, "channel": 17}, "attempt": 1}
2026-09-13 12:21:42,540 INFO response {"request_id": "b875c4af2f5148f0b4233aba19c8ec76", "http_status": 200, "body": {"accepted": true, "real_timestamp_ms": 1789273298508, "virtual_time_s": 715, "measure_result": "no_signal"}}
2026-09-13 12:21:42,540 INFO request {"path": "/measure", "payload": {"arena_id": "default", "robot_id": "202601002029", "request_id": "ac809db67ceb42f789baff15ae3d02dd", "position": {"x": 565.0000000000001, "y": 978.6087062764157}, "channel": 18}, "attempt": 1}
2026-09-13 12:21:42,555 INFO response {"request_id": "ac809db67ceb42f789baff15ae3d02dd", "http_status": 200, "body": {"accepted": true, "real_timestamp_ms": 1789273298523, "virtual_time_s": 721, "measure_result": "no_signal"}}
2026-09-13 12:21:42,893 INFO request {"path": "/measure", "payload": {"arena_id": "default", "robot_id": "202601002029", "request_id": "5e97471ae5c44f1aba83e858a82cb542", "position": {"x": 565.0000000000001, "y": 978.6087062764157}, "channel": 9}, "attempt": 1}
2026-09-13 12:21:42,917 INFO response {"request_id": "5e97471ae5c44f1aba83e858a82cb542", "http_status": 200, "body": {"accepted": true, "real_timestamp_ms": 1789273298885, "virtual_time_s": 727, "measure_result": "direction", "svd_deg": 212.95}}
2026-09-13 12:21:43,181 INFO request {"path": "/measure", "payload": {"arena_id": "default", "robot_id": "202601002029", "request_id": "254ecb1e1d12414b921bf2de3c7aa613", "position": {"x": 565.0000000000001, "y": 978.6087062764157}, "channel": 19}, "attempt": 1}
2026-09-13 12:21:43,183 INFO response {"request_id": "254ecb1e1d12414b921bf2de3c7aa613", "http_status": 200, "body": {"accepted": true, "real_timestamp_ms": 1789273299151, "virtual_time_s": 733, "measure_result": "direction", "svd_deg": 304.71}}
2026-09-13 12:21:43,407 INFO request {"path": "/measure", "payload": {"arena_id": "default", "robot_id": "202601002029", "request_id": "1bf2f2fdf3dc4ef6bfabbbf5921bdf2c", "position": {"x": 1130.0, "y": 0.0}, "channel": 1}, "attempt": 1}
2026-09-13 12:21:43,408 INFO response {"request_id": "1bf2f2fdf3dc4ef6bfabbbf5921bdf2c", "http_status": 200, "body": {"accepted": true, "real_timestamp_ms": 1789273299376, "virtual_time_s": 965, "measure_result": "no_signal"}}
2026-09-13 12:21:43,408 INFO request {"path": "/measure", "payload": {"arena_id": "default", "robot_id": "202601002029", "request_id": "b94eb2d89c6c4882be912197bbd9bdec", "position": {"x": 1130.0, "y": 0.0}, "channel": 3}, "attempt": 1}
2026-09-13 12:21:43,420 INFO response {"request_id": "b94eb2d89c6c4882be912197bbd9bdec", "http_status": 200, "body": {"accepted": true, "real_timestamp_ms": 1789273299388, "virtual_time_s": 971, "measure_result": "no_signal"}}
2026-09-13 12:21:43,421 INFO request {"path": "/measure", "payload": {"arena_id": "default", "robot_id": "202601002029", "request_id": "d743059d415040fca0ef4ba3b0406680", "position": {"x": 1130.0, "y": 0.0}, "channel": 4}, "attempt": 1}
2026-09-13 12:21:43,421 INFO response {"request_id": "d743059d415040fca0ef4ba3b0406680", "http_status": 200, "body": {"accepted": true, "real_timestamp_ms": 1789273299389, "virtual_time_s": 977, "measure_result": "no_signal"}}
2026-09-13 12:21:43,422 INFO request {"path": "/measure", "payload": {"arena_id": "default", "robot_id": "202601002029", "request_id": "7573f29490ff413a97dc1ae256932a64", "position": {"x": 1130.0, "y": 0.0}, "channel": 5}, "attempt": 1}
2026-09-13 12:21:43,436 INFO response {"request_id": "7573f29490ff413a97dc1ae256932a64", "http_status": 200, "body": {"accepted": true, "real_timestamp_ms": 1789273299404, "virtual_time_s": 983, "measure_result": "no_signal"}}
2026-09-13 12:21:43,437 INFO request {"path": "/measure", "payload": {"arena_id": "default", "robot_id": "202601002029", "request_id": "372b1c8c36c74585bef6070eab3353bc", "position": {"x": 1130.0, "y": 0.0}, "channel": 6}, "attempt": 1}
2026-09-13 12:21:43,451 INFO response {"request_id": "372b1c8c36c74585bef6070eab3353bc", "http_status": 200, "body": {"accepted": true, "real_timestamp_ms": 1789273299419, "virtual_time_s": 989, "measure_result": "no_signal"}}
2026-09-13 12:21:43,452 INFO request {"path": "/measure", "payload": {"arena_id": "default", "robot_id": "202601002029", "request_id": "d9a1b9a8d6ae40089f38cb45377dfc02", "position": {"x": 1130.0, "y": 0.0}, "channel": 13}, "attempt": 1}
2026-09-13 12:21:43,452 INFO response {"request_id": "d9a1b9a8d6ae40089f38cb45377dfc02", "http_status": 200, "body": {"accepted": true, "real_timestamp_ms": 1789273299420, "virtual_time_s": 995, "measure_result": "no_signal"}}
2026-09-13 12:21:43,453 INFO request {"path": "/measure", "payload": {"arena_id": "default", "robot_id": "202601002029", "request_id": "af8511b4e9664158b92507c9d5abb406", "position": {"x": 1130.0, "y": 0.0}, "channel": 15}, "attempt": 1}
2026-09-13 12:21:43,466 INFO response {"request_id": "af8511b4e9664158b92507c9d5abb406", "http_status": 200, "body": {"accepted": true, "real_timestamp_ms": 1789273299434, "virtual_time_s": 1001, "measure_result": "no_signal"}}
2026-09-13 12:21:43,467 INFO request {"path": "/measure", "payload": {"arena_id": "default", "robot_id": "202601002029", "request_id": "57ba29104831451eba505a83dba4fbda", "position": {"x": 1130.0, "y": 0.0}, "channel": 16}, "attempt": 1}
2026-09-13 12:21:43,467 INFO response {"request_id": "57ba29104831451eba505a83dba4fbda", "http_status": 200, "body": {"accepted": true, "real_timestamp_ms": 1789273299436, "virtual_time_s": 1007, "measure_result": "no_signal"}}
2026-09-13 12:21:43,468 INFO request {"path": "/measure", "payload": {"arena_id": "default", "robot_id": "202601002029", "request_id": "c6f7c32fa4934ae8b414a440744bbce6", "position": {"x": 1130.0, "y": 0.0}, "channel": 17}, "attempt": 1}
2026-09-13 12:21:43,469 INFO response {"request_id": "c6f7c32fa4934ae8b414a440744bbce6", "http_status": 200, "body": {"accepted": true, "real_timestamp_ms": 1789273299437, "virtual_time_s": 1013, "measure_result": "no_signal"}}
2026-09-13 12:21:43,469 INFO request {"path": "/measure", "payload": {"arena_id": "default", "robot_id": "202601002029", "request_id": "f9a9b95e0c7d455ea5addde74a53b284", "position": {"x": 1130.0, "y": 0.0}, "channel": 18}, "attempt": 1}
2026-09-13 12:21:43,470 INFO response {"request_id": "f9a9b95e0c7d455ea5addde74a53b284", "http_status": 200, "body": {"accepted": true, "real_timestamp_ms": 1789273299439, "virtual_time_s": 1019, "measure_result": "no_signal"}}
2026-09-13 12:21:43,599 INFO request {"path": "/measure", "payload": {"arena_id": "default", "robot_id": "202601002029", "request_id": "e036767d55aa4b889cb3639e2a961120", "position": {"x": 1130.0, "y": 0.0}, "channel": 19}, "attempt": 1}
2026-09-13 12:21:43,600 INFO response {"request_id": "e036767d55aa4b889cb3639e2a961120", "http_status": 200, "body": {"accepted": true, "real_timestamp_ms": 1789273299568, "virtual_time_s": 1025, "measure_result": "direction", "svd_deg": 108.99}}
2026-09-13 12:21:43,663 INFO request {"path": "/measure", "payload": {"arena_id": "default", "robot_id": "202601002029", "request_id": "a53a78c41f744db68259ba3f350637da", "position": {"x": 1130.0, "y": 0.0}, "channel": 20}, "attempt": 1}
2026-09-13 12:21:43,686 INFO response {"request_id": "a53a78c41f744db68259ba3f350637da", "http_status": 200, "body": {"accepted": true, "real_timestamp_ms": 1789273299654, "virtual_time_s": 1031, "measure_result": "direction", "svd_deg": 125.22}}
2026-09-13 12:21:43,724 INFO request {"path": "/measure", "payload": {"arena_id": "default", "robot_id": "202601002029", "request_id": "7df7b456f5944bb29a4df2c767dc5bd7", "position": {"x": 565.0000000000001, "y": -978.6087062764157}, "channel": 1}, "attempt": 1}
2026-09-13 12:21:43,749 INFO response {"request_id": "7df7b456f5944bb29a4df2c767dc5bd7", "http_status": 200, "body": {"accepted": true, "real_timestamp_ms": 1789273299716, "virtual_time_s": 1263, "measure_result": "no_signal"}}
2026-09-13 12:21:43,749 INFO request {"path": "/measure", "payload": {"arena_id": "default", "robot_id": "202601002029", "request_id": "b65a7152fe92439cb486c18682bebe16", "position": {"x": 565.0000000000001, "y": -978.6087062764157}, "channel": 3}, "attempt": 1}
2026-09-13 12:21:43,764 INFO response {"request_id": "b65a7152fe92439cb486c18682bebe16", "http_status": 200, "body": {"accepted": true, "real_timestamp_ms": 1789273299732, "virtual_time_s": 1269, "measure_result": "no_signal"}}
2026-09-13 12:21:43,764 INFO request {"path": "/measure", "payload": {"arena_id": "default", "robot_id": "202601002029", "request_id": "ae1bb9ba85d541b5a76780f886839c5b", "position": {"x": 565.0000000000001, "y": -978.6087062764157}, "channel": 4}, "attempt": 1}
2026-09-13 12:21:43,780 INFO response {"request_id": "ae1bb9ba85d541b5a76780f886839c5b", "http_status": 200, "body": {"accepted": true, "real_timestamp_ms": 1789273299747, "virtual_time_s": 1275, "measure_result": "no_signal"}}
2026-09-13 12:21:43,781 INFO request {"path": "/measure", "payload": {"arena_id": "default", "robot_id": "202601002029", "request_id": "f7084c8c7da74bd4990ef83ab84cd2ea", "position": {"x": 565.0000000000001, "y": -978.6087062764157}, "channel": 5}, "attempt": 1}
2026-09-13 12:21:43,782 INFO response {"request_id": "f7084c8c7da74bd4990ef83ab84cd2ea", "http_status": 200, "body": {"accepted": true, "real_timestamp_ms": 1789273299750, "virtual_time_s": 1281, "measure_result": "no_signal"}}
2026-09-13 12:21:43,783 INFO request {"path": "/measure", "payload": {"arena_id": "default", "robot_id": "202601002029", "request_id": "c7b3e184616945b7a5dd7088b7c68554", "position": {"x": 565.0000000000001, "y": -978.6087062764157}, "channel": 6}, "attempt": 1}
2026-09-13 12:21:43,796 INFO response {"request_id": "c7b3e184616945b7a5dd7088b7c68554", "http_status": 200, "body": {"accepted": true, "real_timestamp_ms": 1789273299763, "virtual_time_s": 1287, "measure_result": "no_signal"}}
2026-09-13 12:21:43,796 INFO request {"path": "/measure", "payload": {"arena_id": "default", "robot_id": "202601002029", "request_id": "cbfc2bca0c0b4b9ca975351eb8e77945", "position": {"x": 565.0000000000001, "y": -978.6087062764157}, "channel": 13}, "attempt": 1}
2026-09-13 12:21:43,798 INFO response {"request_id": "cbfc2bca0c0b4b9ca975351eb8e77945", "http_status": 200, "body": {"accepted": true, "real_timestamp_ms": 1789273299765, "virtual_time_s": 1293, "measure_result": "no_signal"}}
2026-09-13 12:21:43,798 INFO request {"path": "/measure", "payload": {"arena_id": "default", "robot_id": "202601002029", "request_id": "f943cfb475d2419787ac7088cbdc3d40", "position": {"x": 565.0000000000001, "y": -978.6087062764157}, "channel": 15}, "attempt": 1}
2026-09-13 12:21:43,826 INFO response {"request_id": "f943cfb475d2419787ac7088cbdc3d40", "http_status": 200, "body": {"accepted": true, "real_timestamp_ms": 1789273299793, "virtual_time_s": 1299, "measure_result": "no_signal"}}
2026-09-13 12:21:43,827 INFO request {"path": "/measure", "payload": {"arena_id": "default", "robot_id": "202601002029", "request_id": "0b0c471bb9434889908cbadecc0162ee", "position": {"x": 565.0000000000001, "y": -978.6087062764157}, "channel": 16}, "attempt": 1}
2026-09-13 12:21:43,841 INFO response {"request_id": "0b0c471bb9434889908cbadecc0162ee", "http_status": 200, "body": {"accepted": true, "real_timestamp_ms": 1789273299808, "virtual_time_s": 1305, "measure_result": "no_signal"}}
2026-09-13 12:21:43,842 INFO request {"path": "/measure", "payload": {"arena_id": "default", "robot_id": "202601002029", "request_id": "fb7b87924fbd4a76957d965914a063d9", "position": {"x": 565.0000000000001, "y": -978.6087062764157}, "channel": 17}, "attempt": 1}
2026-09-13 12:21:43,844 INFO response {"request_id": "fb7b87924fbd4a76957d965914a063d9", "http_status": 200, "body": {"accepted": true, "real_timestamp_ms": 1789273299811, "virtual_time_s": 1311, "measure_result": "no_signal"}}
2026-09-13 12:21:43,845 INFO request {"path": "/measure", "payload": {"arena_id": "default", "robot_id": "202601002029", "request_id": "0e0f9c9cd79348ce8aae74e697c30338", "position": {"x": 565.0000000000001, "y": -978.6087062764157}, "channel": 18}, "attempt": 1}
2026-09-13 12:21:43,871 INFO response {"request_id": "0e0f9c9cd79348ce8aae74e697c30338", "http_status": 200, "body": {"accepted": true, "real_timestamp_ms": 1789273299839, "virtual_time_s": 1317, "measure_result": "no_signal"}}
2026-09-13 12:21:43,895 INFO request {"path": "/measure", "payload": {"arena_id": "default", "robot_id": "202601002029", "request_id": "e2a62e2f2e0e466ab4c44dc4352e61b9", "position": {"x": -565.0000000000005, "y": -978.6087062764154}, "channel": 18}, "attempt": 1}
2026-09-13 12:21:43,917 INFO response {"request_id": "e2a62e2f2e0e466ab4c44dc4352e61b9", "http_status": 200, "body": {"accepted": true, "real_timestamp_ms": 1789273299885, "virtual_time_s": 1548, "measure_result": "no_signal"}}
2026-09-13 12:21:43,917 INFO request {"path": "/measure", "payload": {"arena_id": "default", "robot_id": "202601002029", "request_id": "628212bfa4904025a12703abe7dc7b5b", "position": {"x": -565.0000000000005, "y": -978.6087062764154}, "channel": 1}, "attempt": 1}
2026-09-13 12:21:43,918 INFO response {"request_id": "628212bfa4904025a12703abe7dc7b5b", "http_status": 200, "body": {"accepted": true, "real_timestamp_ms": 1789273299886, "virtual_time_s": 1554, "measure_result": "no_signal"}}
2026-09-13 12:21:43,918 INFO request {"path": "/measure", "payload": {"arena_id": "default", "robot_id": "202601002029", "request_id": "55415621d8a84bfb8f4e70a5546d695a", "position": {"x": -565.0000000000005, "y": -978.6087062764154}, "channel": 3}, "attempt": 1}
2026-09-13 12:21:43,933 INFO response {"request_id": "55415621d8a84bfb8f4e70a5546d695a", "http_status": 200, "body": {"accepted": true, "real_timestamp_ms": 1789273299900, "virtual_time_s": 1560, "measure_result": "no_signal"}}
2026-09-13 12:21:43,933 INFO request {"path": "/measure", "payload": {"arena_id": "default", "robot_id": "202601002029", "request_id": "d1863c03f4304dfd9dd42e141bac11ca", "position": {"x": -565.0000000000005, "y": -978.6087062764154}, "channel": 4}, "attempt": 1}
2026-09-13 12:21:43,949 INFO response {"request_id": "d1863c03f4304dfd9dd42e141bac11ca", "http_status": 200, "body": {"accepted": true, "real_timestamp_ms": 1789273299916, "virtual_time_s": 1566, "measure_result": "no_signal"}}
2026-09-13 12:21:43,949 INFO request {"path": "/measure", "payload": {"arena_id": "default", "robot_id": "202601002029", "request_id": "3b190e0363994919add75afe6fcc4499", "position": {"x": -565.0000000000005, "y": -978.6087062764154}, "channel": 5}, "attempt": 1}
2026-09-13 12:21:43,950 INFO response {"request_id": "3b190e0363994919add75afe6fcc4499", "http_status": 200, "body": {"accepted": true, "real_timestamp_ms": 1789273299918, "virtual_time_s": 1572, "measure_result": "no_signal"}}
2026-09-13 12:21:43,951 INFO request {"path": "/measure", "payload": {"arena_id": "default", "robot_id": "202601002029", "request_id": "347e3f57dfcb4590979ee26675edd96a", "position": {"x": -565.0000000000005, "y": -978.6087062764154}, "channel": 6}, "attempt": 1}
2026-09-13 12:21:43,964 INFO response {"request_id": "347e3f57dfcb4590979ee26675edd96a", "http_status": 200, "body": {"accepted": true, "real_timestamp_ms": 1789273299932, "virtual_time_s": 1578, "measure_result": "no_signal"}}
2026-09-13 12:21:43,965 INFO request {"path": "/measure", "payload": {"arena_id": "default", "robot_id": "202601002029", "request_id": "6de0c924de404da784a6bf3f669c419d", "position": {"x": -565.0000000000005, "y": -978.6087062764154}, "channel": 13}, "attempt": 1}
2026-09-13 12:21:43,981 INFO response {"request_id": "6de0c924de404da784a6bf3f669c419d", "http_status": 200, "body": {"accepted": true, "real_timestamp_ms": 1789273299948, "virtual_time_s": 1584, "measure_result": "no_signal"}}
2026-09-13 12:21:43,981 INFO request {"path": "/measure", "payload": {"arena_id": "default", "robot_id": "202601002029", "request_id": "f1d81f6faa48495db118806d190f0c2b", "position": {"x": -565.0000000000005, "y": -978.6087062764154}, "channel": 15}, "attempt": 1}
2026-09-13 12:21:43,996 INFO response {"request_id": "f1d81f6faa48495db118806d190f0c2b", "http_status": 200, "body": {"accepted": true, "real_timestamp_ms": 1789273299964, "virtual_time_s": 1590, "measure_result": "no_signal"}}
2026-09-13 12:21:43,997 INFO request {"path": "/measure", "payload": {"arena_id": "default", "robot_id": "202601002029", "request_id": "dde0e72a1ca2497392fad1bfcc6f9b3c", "position": {"x": -565.0000000000005, "y": -978.6087062764154}, "channel": 16}, "attempt": 1}
2026-09-13 12:21:44,011 INFO response {"request_id": "dde0e72a1ca2497392fad1bfcc6f9b3c", "http_status": 200, "body": {"accepted": true, "real_timestamp_ms": 1789273299979, "virtual_time_s": 1596, "measure_result": "no_signal"}}
2026-09-13 12:21:44,012 INFO request {"path": "/measure", "payload": {"arena_id": "default", "robot_id": "202601002029", "request_id": "615b2bb41ef540bd9472bd78a9b55d9a", "position": {"x": -565.0000000000005, "y": -978.6087062764154}, "channel": 17}, "attempt": 1}
2026-09-13 12:21:44,028 INFO response {"request_id": "615b2bb41ef540bd9472bd78a9b55d9a", "http_status": 200, "body": {"accepted": true, "real_timestamp_ms": 1789273299995, "virtual_time_s": 1602, "measure_result": "no_signal"}}
2026-09-13 12:21:44,106 INFO request {"path": "/measure", "payload": {"arena_id": "default", "robot_id": "202601002029", "request_id": "274ce787d0f047ed804ce64fc67f2d57", "position": {"x": -565.0000000000005, "y": -978.6087062764154}, "channel": 10}, "attempt": 1}
2026-09-13 12:21:44,118 INFO response {"request_id": "274ce787d0f047ed804ce64fc67f2d57", "http_status": 200, "body": {"accepted": true, "real_timestamp_ms": 1789273300086, "virtual_time_s": 1608, "measure_result": "direction", "svd_deg": 7.43}}
2026-09-13 12:21:44,150 INFO request {"path": "/measure", "payload": {"arena_id": "default", "robot_id": "202601002029", "request_id": "7443cbbdf51a465481a69ebea6d764a3", "position": {"x": -1130.0, "y": 1.3838508830365092e-13}, "channel": 1}, "attempt": 1}
2026-09-13 12:21:44,166 INFO response {"request_id": "7443cbbdf51a465481a69ebea6d764a3", "http_status": 200, "body": {"accepted": true, "real_timestamp_ms": 1789273300134, "virtual_time_s": 1840, "measure_result": "direction", "svd_deg": 197.17}}
2026-09-13 12:21:44,198 INFO request {"path": "/measure", "payload": {"arena_id": "default", "robot_id": "202601002029", "request_id": "8848b9da794841eab6ad613eba371207", "position": {"x": -1130.0, "y": 1.3838508830365092e-13}, "channel": 3}, "attempt": 1}
2026-09-13 12:21:44,212 INFO response {"request_id": "8848b9da794841eab6ad613eba371207", "http_status": 200, "body": {"accepted": true, "real_timestamp_ms": 1789273300179, "virtual_time_s": 1846, "measure_result": "no_signal"}}
2026-09-13 12:21:44,212 INFO request {"path": "/measure", "payload": {"arena_id": "default", "robot_id": "202601002029", "request_id": "856b97ef56704b479dee510cb4356ac2", "position": {"x": -1130.0, "y": 1.3838508830365092e-13}, "channel": 4}, "attempt": 1}
2026-09-13 12:21:44,214 INFO response {"request_id": "856b97ef56704b479dee510cb4356ac2", "http_status": 200, "body": {"accepted": true, "real_timestamp_ms": 1789273300181, "virtual_time_s": 1852, "measure_result": "no_signal"}}
2026-09-13 12:21:44,215 INFO request {"path": "/measure", "payload": {"arena_id": "default", "robot_id": "202601002029", "request_id": "f6aa3686557c4f80b2610e1729f3683c", "position": {"x": -1130.0, "y": 1.3838508830365092e-13}, "channel": 5}, "attempt": 1}
2026-09-13 12:21:44,242 INFO response {"request_id": "f6aa3686557c4f80b2610e1729f3683c", "http_status": 200, "body": {"accepted": true, "real_timestamp_ms": 1789273300209, "virtual_time_s": 1858, "measure_result": "no_signal"}}
2026-09-13 12:21:44,242 INFO request {"path": "/measure", "payload": {"arena_id": "default", "robot_id": "202601002029", "request_id": "9cc96a65011749cf8fb7fef906a32511", "position": {"x": -1130.0, "y": 1.3838508830365092e-13}, "channel": 6}, "attempt": 1}
2026-09-13 12:21:44,243 INFO response {"request_id": "9cc96a65011749cf8fb7fef906a32511", "http_status": 200, "body": {"accepted": true, "real_timestamp_ms": 1789273300211, "virtual_time_s": 1864, "measure_result": "no_signal"}}
2026-09-13 12:21:44,244 INFO request {"path": "/measure", "payload": {"arena_id": "default", "robot_id": "202601002029", "request_id": "46c874906ac140fba6583808a077dd9e", "position": {"x": -1130.0, "y": 1.3838508830365092e-13}, "channel": 13}, "attempt": 1}
2026-09-13 12:21:44,257 INFO response {"request_id": "46c874906ac140fba6583808a077dd9e", "http_status": 200, "body": {"accepted": true, "real_timestamp_ms": 1789273300225, "virtual_time_s": 1870, "measure_result": "no_signal"}}
2026-09-13 12:21:44,257 INFO request {"path": "/measure", "payload": {"arena_id": "default", "robot_id": "202601002029", "request_id": "cb491c16735a442d87976b2b2d8ee907", "position": {"x": -1130.0, "y": 1.3838508830365092e-13}, "channel": 15}, "attempt": 1}
2026-09-13 12:21:44,272 INFO response {"request_id": "cb491c16735a442d87976b2b2d8ee907", "http_status": 200, "body": {"accepted": true, "real_timestamp_ms": 1789273300240, "virtual_time_s": 1876, "measure_result": "no_signal"}}
2026-09-13 12:21:44,273 INFO request {"path": "/measure", "payload": {"arena_id": "default", "robot_id": "202601002029", "request_id": "bd67ed06bae44cb39b660b0f5d406131", "position": {"x": -1130.0, "y": 1.3838508830365092e-13}, "channel": 16}, "attempt": 1}
2026-09-13 12:21:44,273 INFO response {"request_id": "bd67ed06bae44cb39b660b0f5d406131", "http_status": 200, "body": {"accepted": true, "real_timestamp_ms": 1789273300241, "virtual_time_s": 1882, "measure_result": "no_signal"}}
2026-09-13 12:21:44,274 INFO request {"path": "/measure", "payload": {"arena_id": "default", "robot_id": "202601002029", "request_id": "912e8a684aef4b309897e96fa1f9b5fb", "position": {"x": -1130.0, "y": 1.3838508830365092e-13}, "channel": 17}, "attempt": 1}
2026-09-13 12:21:44,275 INFO response {"request_id": "912e8a684aef4b309897e96fa1f9b5fb", "http_status": 200, "body": {"accepted": true, "real_timestamp_ms": 1789273300242, "virtual_time_s": 1888, "measure_result": "no_signal"}}
2026-09-13 12:21:44,275 INFO request {"path": "/measure", "payload": {"arena_id": "default", "robot_id": "202601002029", "request_id": "19a3aee4627540a89a41f6b29b19e6e9", "position": {"x": -1130.0, "y": 1.3838508830365092e-13}, "channel": 18}, "attempt": 1}
2026-09-13 12:21:44,288 INFO response {"request_id": "19a3aee4627540a89a41f6b29b19e6e9", "http_status": 200, "body": {"accepted": true, "real_timestamp_ms": 1789273300256, "virtual_time_s": 1894, "measure_result": "no_signal"}}
2026-09-13 12:21:44,391 INFO request {"path": "/measure", "payload": {"arena_id": "default", "robot_id": "202601002029", "request_id": "05acb1bed1454efead245e0316a42986", "position": {"x": -1130.0, "y": 1.3838508830365092e-13}, "channel": 7}, "attempt": 1}
2026-09-13 12:21:44,392 INFO response {"request_id": "05acb1bed1454efead245e0316a42986", "http_status": 200, "body": {"accepted": true, "real_timestamp_ms": 1789273300360, "virtual_time_s": 1900, "measure_result": "direction", "svd_deg": 1.9}}
2026-09-13 12:21:44,451 INFO request {"path": "/measure", "payload": {"arena_id": "default", "robot_id": "202601002029", "request_id": "e1efcaf609424abca14a756aeab8dca9", "position": {"x": -1130.0, "y": 1.3838508830365092e-13}, "channel": 8}, "attempt": 1}
2026-09-13 12:21:44,476 INFO response {"request_id": "e1efcaf609424abca14a756aeab8dca9", "http_status": 200, "body": {"accepted": true, "real_timestamp_ms": 1789273300444, "virtual_time_s": 1906, "measure_result": "direction", "svd_deg": 26.85}}
2026-09-13 12:21:50,748 INFO request {"path": "/measure", "payload": {"arena_id": "default", "robot_id": "202601002029", "request_id": "322c421e91b246e48b829c9f84f5dcaa", "position": {"x": -1715.0199308704468, "y": 133.2354325408135}, "channel": 1}, "attempt": 1}
2026-09-13 12:21:50,749 INFO response {"request_id": "322c421e91b246e48b829c9f84f5dcaa", "http_status": 200, "body": {"accepted": true, "real_timestamp_ms": 1789273306718, "virtual_time_s": 2032, "measure_result": "direction", "svd_deg": 264.91}}
2026-09-13 12:21:50,775 INFO request {"path": "/clear", "payload": {"arena_id": "default", "robot_id": "202601002029", "request_id": "b816235b080946d6b58a4f7737d3738c", "position": {"x": -1744.0575353227982, "y": -189.9259860932699}, "channel": 1}, "attempt": 1}
2026-09-13 12:21:50,791 INFO response {"request_id": "b816235b080946d6b58a4f7737d3738c", "http_status": 200, "body": {"accepted": true, "real_timestamp_ms": 1789273306759, "virtual_time_s": 2101.892676, "clear_result": "success"}}
2026-09-13 12:21:50,799 INFO request {"path": "/measure", "payload": {"arena_id": "default", "robot_id": "202601002029", "request_id": "13a11d8a24c74734929d472bb2b5537d", "position": {"x": -654.7284517693402, "y": -259.7998392906731}, "channel": 7}, "attempt": 1}
2026-09-13 12:21:50,801 INFO response {"request_id": "13a11d8a24c74734929d472bb2b5537d", "http_status": 200, "body": {"accepted": true, "real_timestamp_ms": 1789273306769, "virtual_time_s": 2326.206231, "measure_result": "direction", "svd_deg": 37.26}}
2026-09-13 12:21:50,939 INFO request {"path": "/measure", "payload": {"arena_id": "default", "robot_id": "202601002029", "request_id": "f840e87f236c4fc98f2a2533e9f3b775", "position": {"x": -654.7284517693402, "y": -259.7998392906731}, "channel": 8}, "attempt": 1}
2026-09-13 12:21:50,961 INFO response {"request_id": "f840e87f236c4fc98f2a2533e9f3b775", "http_status": 200, "body": {"accepted": true, "real_timestamp_ms": 1789273306929, "virtual_time_s": 2332.206231, "measure_result": "direction", "svd_deg": 64.57}}
2026-09-13 12:21:50,992 INFO request {"path": "/clear", "payload": {"arena_id": "default", "robot_id": "202601002029", "request_id": "da6b09bad21d4263bb84ed3d77afabba", "position": {"x": -289.143394138263, "y": 17.92562013916414}, "channel": 7}, "attempt": 1}
2026-09-13 12:21:51,007 INFO response {"request_id": "da6b09bad21d4263bb84ed3d77afabba", "http_status": 200, "body": {"accepted": true, "real_timestamp_ms": 1789273306975, "virtual_time_s": 2429.028639, "clear_result": "success"}}
2026-09-13 12:21:51,071 INFO request {"path": "/clear", "payload": {"arena_id": "default", "robot_id": "202601002029", "request_id": "e8cd81a2ce52453a800bd451bda24dc3", "position": {"x": -347.244495064908, "y": 392.93317773131673}, "channel": 8}, "attempt": 1}
2026-09-13 12:21:51,073 INFO response {"request_id": "e8cd81a2ce52453a800bd451bda24dc3", "http_status": 200, "body": {"accepted": true, "real_timestamp_ms": 1789273307041, "virtual_time_s": 2509.924991, "clear_result": "success"}}
2026-09-13 12:21:51,190 INFO request {"path": "/measure", "payload": {"arena_id": "default", "robot_id": "202601002029", "request_id": "5a9a50fa057e43b99ca97d2d97c570bc", "position": {"x": -347.244495064908, "y": 392.93317773131673}, "channel": 20}, "attempt": 1}
2026-09-13 12:21:51,191 INFO response {"request_id": "5a9a50fa057e43b99ca97d2d97c570bc", "http_status": 200, "body": {"accepted": true, "real_timestamp_ms": 1789273307159, "virtual_time_s": 2515.924991, "measure_result": "direction", "svd_deg": 26.6}}
2026-09-13 12:21:51,986 INFO request {"path": "/measure", "payload": {"arena_id": "default", "robot_id": "202601002029", "request_id": "e72c016cac634630b9527748b8f5322e", "position": {"x": 305.418672630435, "y": -464.8227640313372}, "channel": 10}, "attempt": 1}
2026-09-13 12:21:52,003 INFO response {"request_id": "e72c016cac634630b9527748b8f5322e", "http_status": 200, "body": {"accepted": true, "real_timestamp_ms": 1789273307971, "virtual_time_s": 2737.490709, "measure_result": "direction", "svd_deg": 268.81}}
2026-09-13 12:21:52,023 INFO request {"path": "/clear", "payload": {"arena_id": "default", "robot_id": "202601002029", "request_id": "f761f225e19c452fa596f0bda6016b05", "position": {"x": 298.25687733213, "y": -865.8922006099272}, "channel": 10}, "attempt": 1}
2026-09-13 12:21:52,024 INFO response {"request_id": "f761f225e19c452fa596f0bda6016b05", "http_status": 200, "body": {"accepted": true, "real_timestamp_ms": 1789273307992, "virtual_time_s": 2822.717384, "clear_result": "success"}}
2026-09-13 12:21:52,027 INFO request {"path": "/clear", "payload": {"arena_id": "default", "robot_id": "202601002029", "request_id": "fefc18c47029462993d39c7c710f1a99", "position": {"x": 1018.734313171275, "y": 322.9188607909669}, "channel": 19}, "attempt": 1}
2026-09-13 12:21:52,027 INFO response {"request_id": "fefc18c47029462993d39c7c710f1a99", "http_status": 200, "body": {"accepted": true, "real_timestamp_ms": 1789273307995, "virtual_time_s": 3105.736051, "clear_result": "success"}}
2026-09-13 12:21:52,150 INFO request {"path": "/measure", "payload": {"arena_id": "default", "robot_id": "202601002029", "request_id": "4f7a17eda6974ebb8f597873edc6674a", "position": {"x": 1018.734313171275, "y": 322.9188607909669}, "channel": 20}, "attempt": 1}
2026-09-13 12:21:52,151 INFO response {"request_id": "4f7a17eda6974ebb8f597873edc6674a", "http_status": 200, "body": {"accepted": true, "real_timestamp_ms": 1789273308119, "virtual_time_s": 3111.736051, "measure_result": "direction", "svd_deg": 132.11}}
2026-09-13 12:21:52,229 INFO request {"path": "/measure", "payload": {"arena_id": "default", "robot_id": "202601002029", "request_id": "4267d3fa8d224468ac0553bd345b7a2f", "position": {"x": 1018.734313171275, "y": 322.9188607909669}, "channel": 12}, "attempt": 1}
2026-09-13 12:21:52,254 INFO response {"request_id": "4267d3fa8d224468ac0553bd345b7a2f", "http_status": 200, "body": {"accepted": true, "real_timestamp_ms": 1789273308222, "virtual_time_s": 3117.736051, "measure_result": "direction", "svd_deg": 145.16}}
2026-09-13 12:21:52,974 INFO request {"path": "/measure", "payload": {"arena_id": "default", "robot_id": "202601002029", "request_id": "9e975f349acd4c96a2937aefa281da82", "position": {"x": 945.1682202897924, "y": 1520.1265595346301}, "channel": 11}, "attempt": 1}
2026-09-13 12:21:52,994 INFO response {"request_id": "9e975f349acd4c96a2937aefa281da82", "http_status": 200, "body": {"accepted": true, "real_timestamp_ms": 1789273308961, "virtual_time_s": 3363.629214, "measure_result": "direction", "svd_deg": 160.79}}
2026-09-13 12:21:53,188 INFO request {"path": "/measure", "payload": {"arena_id": "default", "robot_id": "202601002029", "request_id": "d5d257180f254d6d921c380b8688bd0b", "position": {"x": 945.1682202897924, "y": 1520.1265595346301}, "channel": 12}, "attempt": 1}
2026-09-13 12:21:53,190 INFO response {"request_id": "d5d257180f254d6d921c380b8688bd0b", "http_status": 200, "body": {"accepted": true, "real_timestamp_ms": 1789273309158, "virtual_time_s": 3369.629214, "measure_result": "direction", "svd_deg": 222.81}}
2026-09-13 12:21:53,309 INFO request {"path": "/measure", "payload": {"arena_id": "default", "robot_id": "202601002029", "request_id": "22b3172e7b3a4d7bb5346bcf1a287efd", "position": {"x": 945.1682202897924, "y": 1520.1265595346301}, "channel": 14}, "attempt": 1}
2026-09-13 12:21:53,311 INFO response {"request_id": "22b3172e7b3a4d7bb5346bcf1a287efd", "http_status": 200, "body": {"accepted": true, "real_timestamp_ms": 1789273309278, "virtual_time_s": 3375.629214, "measure_result": "direction", "svd_deg": 175.66}}
2026-09-13 12:21:54,902 INFO request {"path": "/clear", "payload": {"arena_id": "default", "robot_id": "202601002029", "request_id": "a73a905331814a4384444b43b5b219f4", "position": {"x": 543.2338303492296, "y": 1660.4621674329642}, "channel": 11}, "attempt": 1}
2026-09-13 12:21:54,904 INFO response {"request_id": "a73a905331814a4384444b43b5b219f4", "http_status": 200, "body": {"accepted": true, "real_timestamp_ms": 1789273310871, "virtual_time_s": 3465.77505, "clear_result": "success"}}
2026-09-13 12:21:54,997 INFO request {"path": "/measure", "payload": {"arena_id": "default", "robot_id": "202601002029", "request_id": "2517d8e1f51b4fcc8e47b433919e4028", "position": {"x": 129.50689958783636, "y": 1505.2845736849165}, "channel": 2}, "attempt": 1}
2026-09-13 12:21:55,020 INFO response {"request_id": "2517d8e1f51b4fcc8e47b433919e4028", "http_status": 200, "body": {"accepted": true, "real_timestamp_ms": 1789273310987, "virtual_time_s": 3560.149268, "measure_result": "direction", "svd_deg": 270.65}}
2026-09-13 12:21:55,241 INFO request {"path": "/measure", "payload": {"arena_id": "default", "robot_id": "202601002029", "request_id": "73a8c4d871ba48a79bc83eaa200a213a", "position": {"x": 129.50689958783636, "y": 1505.2845736849165}, "channel": 14}, "attempt": 1}
2026-09-13 12:21:55,242 INFO response {"request_id": "73a8c4d871ba48a79bc83eaa200a213a", "http_status": 200, "body": {"accepted": true, "real_timestamp_ms": 1789273311210, "virtual_time_s": 3566.149268, "measure_result": "direction", "svd_deg": 125.79}}
2026-09-13 12:21:55,315 INFO request {"path": "/clear", "payload": {"arena_id": "default", "robot_id": "202601002029", "request_id": "81d422c02074425ebd5854f6fbae2c64", "position": {"x": 72.27140850219695, "y": 1585.1423582311213}, "channel": 14}, "attempt": 1}
2026-09-13 12:21:55,318 INFO response {"request_id": "81d422c02074425ebd5854f6fbae2c64", "http_status": 200, "body": {"accepted": true, "real_timestamp_ms": 1789273311286, "virtual_time_s": 3590.799375, "clear_result": "success"}}
2026-09-13 12:21:55,386 INFO request {"path": "/measure", "payload": {"arena_id": "default", "robot_id": "202601002029", "request_id": "a780a6ca912a4990a84155a2dfba85a2", "position": {"x": -41.60413528216321, "y": 1148.7934521828856}, "channel": 12}, "attempt": 1}
2026-09-13 12:21:55,412 INFO response {"request_id": "a780a6ca912a4990a84155a2dfba85a2", "http_status": 200, "body": {"accepted": true, "real_timestamp_ms": 1789273311380, "virtual_time_s": 3686.992059, "measure_result": "direction", "svd_deg": 314.22}}
2026-09-13 12:21:55,432 INFO request {"path": "/clear", "payload": {"arena_id": "default", "robot_id": "202601002029", "request_id": "f7ae9ecf92064e2c8614a9847242a93f", "position": {"x": 133.7978193092964, "y": 1105.8906995653092}, "channel": 2}, "attempt": 1}
2026-09-13 12:21:55,434 INFO response {"request_id": "f7ae9ecf92064e2c8614a9847242a93f", "http_status": 200, "body": {"accepted": true, "real_timestamp_ms": 1789273311402, "virtual_time_s": 3728.106594, "clear_result": "success"}}
2026-09-13 12:21:55,435 INFO request {"path": "/clear", "payload": {"arena_id": "default", "robot_id": "202601002029", "request_id": "8226b4b567cd42488c8d97e756469a70", "position": {"x": 236.44684531842285, "y": 863.2384891346915}, "channel": 12}, "attempt": 1}
2026-09-13 12:21:55,435 INFO response {"request_id": "8226b4b567cd42488c8d97e756469a70", "http_status": 200, "body": {"accepted": true, "real_timestamp_ms": 1789273311403, "virtual_time_s": 3785.800775, "clear_result": "success"}}
2026-09-13 12:21:55,436 INFO request {"path": "/clear", "payload": {"arena_id": "default", "robot_id": "202601002029", "request_id": "704f5ea9bc304e329032407293cc2b97", "position": {"x": 104.50196735658955, "y": 686.1097348505386}, "channel": 9}, "attempt": 1}
2026-09-13 12:21:55,436 INFO response {"request_id": "704f5ea9bc304e329032407293cc2b97", "http_status": 200, "body": {"accepted": true, "real_timestamp_ms": 1789273311404, "virtual_time_s": 3834.974997, "clear_result": "success"}}
2026-09-13 12:21:55,437 INFO request {"path": "/clear", "payload": {"arena_id": "default", "robot_id": "202601002029", "request_id": "b22146f49a534e1b996e48b3be14bf13", "position": {"x": 546.1081317699092, "y": 841.0713605507605}, "channel": 20}, "attempt": 1}
2026-09-13 12:21:55,437 INFO response {"request_id": "b22146f49a534e1b996e48b3be14bf13", "http_status": 200, "body": {"accepted": true, "real_timestamp_ms": 1789273311405, "virtual_time_s": 3933.576089, "clear_result": "success"}}
2026-09-13 12:21:55,437 INFO request {"path": "/exit", "payload": {"arena_id": "default", "robot_id": "202601002029", "request_id": "5554797e32974fe6a79f212953add746"}, "attempt": 1}
2026-09-13 12:21:55,459 INFO response {"request_id": "5554797e32974fe6a79f212953add746", "http_status": 200, "body": {"accepted": true, "real_timestamp_ms": 1789273311427, "virtual_time_s": 3933.576089, "exit_reason": "user_exit"}}
