2026-09-13 10:21:08,826 INFO request {"path": "/enter", "payload": {"arena_id": "default", "robot_id": "202601002029", "request_id": "8787680ba4874a93b18cf4913fa17547"}, "attempt": 1}
2026-09-13 10:21:08,840 INFO response {"request_id": "8787680ba4874a93b18cf4913fa17547", "http_status": 200, "body": {"accepted": true, "real_timestamp_ms": 1789266064758, "virtual_time_s": 0, "max_virtual_duration_s": 360000, "max_real_duration_s": 1200, "remaining_real_duration_s": 1200}}
2026-09-13 10:21:08,849 INFO request {"path": "/measure", "payload": {"arena_id": "default", "robot_id": "202601002029", "request_id": "7572210922d34555b607069e59ee69aa", "position": {"x": 0.0, "y": 0.0}, "channel": 1}, "attempt": 1}
2026-09-13 10:21:08,851 INFO response {"request_id": "7572210922d34555b607069e59ee69aa", "http_status": 200, "body": {"accepted": true, "real_timestamp_ms": 1789266064769, "virtual_time_s": 5, "measure_result": "no_signal"}}
2026-09-13 10:21:08,851 INFO request {"path": "/measure", "payload": {"arena_id": "default", "robot_id": "202601002029", "request_id": "c432769bc49b4c30870d6c78fa961a9a", "position": {"x": 0.0, "y": 0.0}, "channel": 2}, "attempt": 1}
2026-09-13 10:21:08,871 INFO response {"request_id": "c432769bc49b4c30870d6c78fa961a9a", "http_status": 200, "body": {"accepted": true, "real_timestamp_ms": 1789266064789, "virtual_time_s": 11, "measure_result": "no_signal"}}
2026-09-13 10:21:08,873 INFO request {"path": "/measure", "payload": {"arena_id": "default", "robot_id": "202601002029", "request_id": "6e40abf433274c118df76b25b987df14", "position": {"x": 0.0, "y": 0.0}, "channel": 3}, "attempt": 1}
2026-09-13 10:21:08,887 INFO response {"request_id": "6e40abf433274c118df76b25b987df14", "http_status": 200, "body": {"accepted": true, "real_timestamp_ms": 1789266064804, "virtual_time_s": 17, "measure_result": "no_signal"}}
2026-09-13 10:21:08,888 INFO request {"path": "/measure", "payload": {"arena_id": "default", "robot_id": "202601002029", "request_id": "ccdaa913e3be40d3b97caafee6dd4895", "position": {"x": 0.0, "y": 0.0}, "channel": 4}, "attempt": 1}
2026-09-13 10:21:08,890 INFO response {"request_id": "ccdaa913e3be40d3b97caafee6dd4895", "http_status": 200, "body": {"accepted": true, "real_timestamp_ms": 1789266064808, "virtual_time_s": 23, "measure_result": "direction", "svd_deg": 350.52}}
2026-09-13 10:21:08,934 INFO request {"path": "/measure", "payload": {"arena_id": "default", "robot_id": "202601002029", "request_id": "94887d63d0c74dcead169317aed20c90", "position": {"x": 0.0, "y": 0.0}, "channel": 5}, "attempt": 1}
2026-09-13 10:21:08,937 INFO response {"request_id": "94887d63d0c74dcead169317aed20c90", "http_status": 200, "body": {"accepted": true, "real_timestamp_ms": 1789266064854, "virtual_time_s": 29, "measure_result": "no_signal"}}
2026-09-13 10:21:08,937 INFO request {"path": "/measure", "payload": {"arena_id": "default", "robot_id": "202601002029", "request_id": "12c276e7b05145dc9b760b880dd495ba", "position": {"x": 0.0, "y": 0.0}, "channel": 6}, "attempt": 1}
2026-09-13 10:21:08,964 INFO response {"request_id": "12c276e7b05145dc9b760b880dd495ba", "http_status": 200, "body": {"accepted": true, "real_timestamp_ms": 1789266064882, "virtual_time_s": 35, "measure_result": "direction", "svd_deg": 334.3}}
2026-09-13 10:21:08,997 INFO request {"path": "/measure", "payload": {"arena_id": "default", "robot_id": "202601002029", "request_id": "9ee5600a69004a7b9d1e8e8f9b5bf0c7", "position": {"x": 0.0, "y": 0.0}, "channel": 7}, "attempt": 1}
2026-09-13 10:21:09,011 INFO response {"request_id": "9ee5600a69004a7b9d1e8e8f9b5bf0c7", "http_status": 200, "body": {"accepted": true, "real_timestamp_ms": 1789266064929, "virtual_time_s": 41, "measure_result": "no_signal"}}
2026-09-13 10:21:09,012 INFO request {"path": "/measure", "payload": {"arena_id": "default", "robot_id": "202601002029", "request_id": "6b3eaeed88784e4797576359c8ac8f1e", "position": {"x": 0.0, "y": 0.0}, "channel": 8}, "attempt": 1}
2026-09-13 10:21:09,027 INFO response {"request_id": "6b3eaeed88784e4797576359c8ac8f1e", "http_status": 200, "body": {"accepted": true, "real_timestamp_ms": 1789266064945, "virtual_time_s": 47, "measure_result": "direction", "svd_deg": 315.85}}
2026-09-13 10:21:09,052 INFO request {"path": "/measure", "payload": {"arena_id": "default", "robot_id": "202601002029", "request_id": "a5267d317c15437ba8a73425537bc821", "position": {"x": 0.0, "y": 0.0}, "channel": 9}, "attempt": 1}
2026-09-13 10:21:09,053 INFO response {"request_id": "a5267d317c15437ba8a73425537bc821", "http_status": 200, "body": {"accepted": true, "real_timestamp_ms": 1789266064971, "virtual_time_s": 53, "measure_result": "direction", "svd_deg": 298.78}}
2026-09-13 10:21:09,073 INFO request {"path": "/measure", "payload": {"arena_id": "default", "robot_id": "202601002029", "request_id": "88108ea153f7466e813de8d04fee1468", "position": {"x": 0.0, "y": 0.0}, "channel": 10}, "attempt": 1}
2026-09-13 10:21:09,074 INFO response {"request_id": "88108ea153f7466e813de8d04fee1468", "http_status": 200, "body": {"accepted": true, "real_timestamp_ms": 1789266064993, "virtual_time_s": 59, "measure_result": "no_signal"}}
2026-09-13 10:21:09,075 INFO request {"path": "/measure", "payload": {"arena_id": "default", "robot_id": "202601002029", "request_id": "5b7751f8ab2849ceb2e92e09de05da94", "position": {"x": 0.0, "y": 0.0}, "channel": 11}, "attempt": 1}
2026-09-13 10:21:09,089 INFO response {"request_id": "5b7751f8ab2849ceb2e92e09de05da94", "http_status": 200, "body": {"accepted": true, "real_timestamp_ms": 1789266065007, "virtual_time_s": 65, "measure_result": "no_signal"}}
2026-09-13 10:21:09,090 INFO request {"path": "/measure", "payload": {"arena_id": "default", "robot_id": "202601002029", "request_id": "baeacbe4b7954565800912cc2e450d52", "position": {"x": 0.0, "y": 0.0}, "channel": 12}, "attempt": 1}
2026-09-13 10:21:09,105 INFO response {"request_id": "baeacbe4b7954565800912cc2e450d52", "http_status": 200, "body": {"accepted": true, "real_timestamp_ms": 1789266065022, "virtual_time_s": 71, "measure_result": "direction", "svd_deg": 235.92}}
2026-09-13 10:21:09,130 INFO request {"path": "/measure", "payload": {"arena_id": "default", "robot_id": "202601002029", "request_id": "7b338c0d95504deca813ba0f6e101c06", "position": {"x": 0.0, "y": 0.0}, "channel": 13}, "attempt": 1}
2026-09-13 10:21:09,151 INFO response {"request_id": "7b338c0d95504deca813ba0f6e101c06", "http_status": 200, "body": {"accepted": true, "real_timestamp_ms": 1789266065069, "virtual_time_s": 77, "measure_result": "direction", "svd_deg": 108.35}}
2026-09-13 10:21:09,165 INFO request {"path": "/measure", "payload": {"arena_id": "default", "robot_id": "202601002029", "request_id": "ec2db3e7430f45ab9e2155915bf789ee", "position": {"x": 0.0, "y": 0.0}, "channel": 14}, "attempt": 1}
2026-09-13 10:21:09,167 INFO response {"request_id": "ec2db3e7430f45ab9e2155915bf789ee", "http_status": 200, "body": {"accepted": true, "real_timestamp_ms": 1789266065085, "virtual_time_s": 83, "measure_result": "no_signal"}}
2026-09-13 10:21:09,168 INFO request {"path": "/measure", "payload": {"arena_id": "default", "robot_id": "202601002029", "request_id": "dcc0bb8537a145f3aabcca283979a01d", "position": {"x": 0.0, "y": 0.0}, "channel": 15}, "attempt": 1}
2026-09-13 10:21:09,170 INFO response {"request_id": "dcc0bb8537a145f3aabcca283979a01d", "http_status": 200, "body": {"accepted": true, "real_timestamp_ms": 1789266065088, "virtual_time_s": 89, "measure_result": "no_signal"}}
2026-09-13 10:21:09,170 INFO request {"path": "/measure", "payload": {"arena_id": "default", "robot_id": "202601002029", "request_id": "e612c6d331f24eb58038864690e6dfa7", "position": {"x": 0.0, "y": 0.0}, "channel": 16}, "attempt": 1}
2026-09-13 10:21:09,172 INFO response {"request_id": "e612c6d331f24eb58038864690e6dfa7", "http_status": 200, "body": {"accepted": true, "real_timestamp_ms": 1789266065090, "virtual_time_s": 95, "measure_result": "no_signal"}}
2026-09-13 10:21:09,173 INFO request {"path": "/measure", "payload": {"arena_id": "default", "robot_id": "202601002029", "request_id": "b6e67815d0964aaa83587f0ef4ca625e", "position": {"x": 0.0, "y": 0.0}, "channel": 17}, "attempt": 1}
2026-09-13 10:21:09,174 INFO response {"request_id": "b6e67815d0964aaa83587f0ef4ca625e", "http_status": 200, "body": {"accepted": true, "real_timestamp_ms": 1789266065092, "virtual_time_s": 101, "measure_result": "no_signal"}}
2026-09-13 10:21:09,175 INFO request {"path": "/measure", "payload": {"arena_id": "default", "robot_id": "202601002029", "request_id": "8d9ca4db368641d49371e635eb5f91ad", "position": {"x": 0.0, "y": 0.0}, "channel": 18}, "attempt": 1}
2026-09-13 10:21:09,198 INFO response {"request_id": "8d9ca4db368641d49371e635eb5f91ad", "http_status": 200, "body": {"accepted": true, "real_timestamp_ms": 1789266065116, "virtual_time_s": 107, "measure_result": "direction", "svd_deg": 300.71}}
2026-09-13 10:21:09,211 INFO request {"path": "/measure", "payload": {"arena_id": "default", "robot_id": "202601002029", "request_id": "bea598a2099e4584bf02315cdf7abc20", "position": {"x": 0.0, "y": 0.0}, "channel": 19}, "attempt": 1}
2026-09-13 10:21:09,213 INFO response {"request_id": "bea598a2099e4584bf02315cdf7abc20", "http_status": 200, "body": {"accepted": true, "real_timestamp_ms": 1789266065131, "virtual_time_s": 113, "measure_result": "direction", "svd_deg": 64.92}}
2026-09-13 10:21:09,225 INFO request {"path": "/measure", "payload": {"arena_id": "default", "robot_id": "202601002029", "request_id": "b6a0bea1c2174d4ca675cddd17e6d42c", "position": {"x": 0.0, "y": 0.0}, "channel": 20}, "attempt": 1}
2026-09-13 10:21:09,228 INFO response {"request_id": "b6a0bea1c2174d4ca675cddd17e6d42c", "http_status": 200, "body": {"accepted": true, "real_timestamp_ms": 1789266065146, "virtual_time_s": 119, "measure_result": "no_signal"}}
2026-09-13 10:21:09,244 INFO request {"path": "/measure", "payload": {"arena_id": "default", "robot_id": "202601002029", "request_id": "bfb0dff68fad454c8d007c0f4fa4da7b", "position": {"x": 1130.0, "y": 0.0}, "channel": 20}, "attempt": 1}
2026-09-13 10:21:09,259 INFO response {"request_id": "bfb0dff68fad454c8d007c0f4fa4da7b", "http_status": 200, "body": {"accepted": true, "real_timestamp_ms": 1789266065177, "virtual_time_s": 350, "measure_result": "no_signal"}}
2026-09-13 10:21:09,259 INFO request {"path": "/measure", "payload": {"arena_id": "default", "robot_id": "202601002029", "request_id": "27b1b26ab22a4a33ad1e6548bf870f9f", "position": {"x": 1130.0, "y": 0.0}, "channel": 1}, "attempt": 1}
2026-09-13 10:21:09,260 INFO response {"request_id": "27b1b26ab22a4a33ad1e6548bf870f9f", "http_status": 200, "body": {"accepted": true, "real_timestamp_ms": 1789266065179, "virtual_time_s": 356, "measure_result": "no_signal"}}
2026-09-13 10:21:09,261 INFO request {"path": "/measure", "payload": {"arena_id": "default", "robot_id": "202601002029", "request_id": "f703528eb2094fb0bb3b894962dd687a", "position": {"x": 1130.0, "y": 0.0}, "channel": 2}, "attempt": 1}
2026-09-13 10:21:09,275 INFO response {"request_id": "f703528eb2094fb0bb3b894962dd687a", "http_status": 200, "body": {"accepted": true, "real_timestamp_ms": 1789266065193, "virtual_time_s": 362, "measure_result": "no_signal"}}
2026-09-13 10:21:09,276 INFO request {"path": "/measure", "payload": {"arena_id": "default", "robot_id": "202601002029", "request_id": "60f560c2d8b74b259b325e30e711b24a", "position": {"x": 1130.0, "y": 0.0}, "channel": 3}, "attempt": 1}
2026-09-13 10:21:09,278 INFO response {"request_id": "60f560c2d8b74b259b325e30e711b24a", "http_status": 200, "body": {"accepted": true, "real_timestamp_ms": 1789266065196, "virtual_time_s": 368, "measure_result": "no_signal"}}
2026-09-13 10:21:09,278 INFO request {"path": "/measure", "payload": {"arena_id": "default", "robot_id": "202601002029", "request_id": "726d6b65db8e4fe0b59a266c654c37e8", "position": {"x": 1130.0, "y": 0.0}, "channel": 5}, "attempt": 1}
2026-09-13 10:21:09,280 INFO response {"request_id": "726d6b65db8e4fe0b59a266c654c37e8", "http_status": 200, "body": {"accepted": true, "real_timestamp_ms": 1789266065198, "virtual_time_s": 374, "measure_result": "no_signal"}}
2026-09-13 10:21:09,280 INFO request {"path": "/measure", "payload": {"arena_id": "default", "robot_id": "202601002029", "request_id": "a90373c7a723497aaf4623760fb326c4", "position": {"x": 1130.0, "y": 0.0}, "channel": 7}, "attempt": 1}
2026-09-13 10:21:09,282 INFO response {"request_id": "a90373c7a723497aaf4623760fb326c4", "http_status": 200, "body": {"accepted": true, "real_timestamp_ms": 1789266065200, "virtual_time_s": 380, "measure_result": "direction", "svd_deg": 281.89}}
2026-09-13 10:21:09,306 INFO request {"path": "/measure", "payload": {"arena_id": "default", "robot_id": "202601002029", "request_id": "db2bcbc07f5b4e788c6c209c992fbb18", "position": {"x": 1130.0, "y": 0.0}, "channel": 10}, "attempt": 1}
2026-09-13 10:21:09,321 INFO response {"request_id": "db2bcbc07f5b4e788c6c209c992fbb18", "http_status": 200, "body": {"accepted": true, "real_timestamp_ms": 1789266065239, "virtual_time_s": 386, "measure_result": "no_signal"}}
2026-09-13 10:21:09,321 INFO request {"path": "/measure", "payload": {"arena_id": "default", "robot_id": "202601002029", "request_id": "6a0e87c4f60f4e9b9a545b04bf482522", "position": {"x": 1130.0, "y": 0.0}, "channel": 11}, "attempt": 1}
2026-09-13 10:21:09,337 INFO response {"request_id": "6a0e87c4f60f4e9b9a545b04bf482522", "http_status": 200, "body": {"accepted": true, "real_timestamp_ms": 1789266065255, "virtual_time_s": 392, "measure_result": "no_signal"}}
2026-09-13 10:21:09,338 INFO request {"path": "/measure", "payload": {"arena_id": "default", "robot_id": "202601002029", "request_id": "9b95926a9e20497ead6d980b38df24ec", "position": {"x": 1130.0, "y": 0.0}, "channel": 14}, "attempt": 1}
2026-09-13 10:21:09,340 INFO response {"request_id": "9b95926a9e20497ead6d980b38df24ec", "http_status": 200, "body": {"accepted": true, "real_timestamp_ms": 1789266065258, "virtual_time_s": 398, "measure_result": "no_signal"}}
2026-09-13 10:21:09,340 INFO request {"path": "/measure", "payload": {"arena_id": "default", "robot_id": "202601002029", "request_id": "8f944a9960554584967162b2a77c1e6e", "position": {"x": 1130.0, "y": 0.0}, "channel": 15}, "attempt": 1}
2026-09-13 10:21:09,352 INFO response {"request_id": "8f944a9960554584967162b2a77c1e6e", "http_status": 200, "body": {"accepted": true, "real_timestamp_ms": 1789266065270, "virtual_time_s": 404, "measure_result": "no_signal"}}
2026-09-13 10:21:09,352 INFO request {"path": "/measure", "payload": {"arena_id": "default", "robot_id": "202601002029", "request_id": "6ac6a7f81035425390d1b5f84633cf19", "position": {"x": 1130.0, "y": 0.0}, "channel": 16}, "attempt": 1}
2026-09-13 10:21:09,354 INFO response {"request_id": "6ac6a7f81035425390d1b5f84633cf19", "http_status": 200, "body": {"accepted": true, "real_timestamp_ms": 1789266065272, "virtual_time_s": 410, "measure_result": "no_signal"}}
2026-09-13 10:21:09,354 INFO request {"path": "/measure", "payload": {"arena_id": "default", "robot_id": "202601002029", "request_id": "7bf02e3e2edd410cb315313a7a46266f", "position": {"x": 1130.0, "y": 0.0}, "channel": 17}, "attempt": 1}
2026-09-13 10:21:09,367 INFO response {"request_id": "7bf02e3e2edd410cb315313a7a46266f", "http_status": 200, "body": {"accepted": true, "real_timestamp_ms": 1789266065285, "virtual_time_s": 416, "measure_result": "no_signal"}}
2026-09-13 10:21:09,600 INFO request {"path": "/measure", "payload": {"arena_id": "default", "robot_id": "202601002029", "request_id": "ec7531b43da440c4abcee1a2a200ead5", "position": {"x": 1130.0, "y": 0.0}, "channel": 8}, "attempt": 1}
2026-09-13 10:21:09,617 INFO response {"request_id": "ec7531b43da440c4abcee1a2a200ead5", "http_status": 200, "body": {"accepted": true, "real_timestamp_ms": 1789266065535, "virtual_time_s": 422, "measure_result": "direction", "svd_deg": 186.79}}
2026-09-13 10:21:09,774 INFO request {"path": "/measure", "payload": {"arena_id": "default", "robot_id": "202601002029", "request_id": "f096302aeb0347268dbc354fc9848629", "position": {"x": 1130.0, "y": 0.0}, "channel": 18}, "attempt": 1}
2026-09-13 10:21:09,776 INFO response {"request_id": "f096302aeb0347268dbc354fc9848629", "http_status": 200, "body": {"accepted": true, "real_timestamp_ms": 1789266065694, "virtual_time_s": 428, "measure_result": "direction", "svd_deg": 246.11}}
2026-09-13 10:21:09,926 INFO request {"path": "/measure", "payload": {"arena_id": "default", "robot_id": "202601002029", "request_id": "41ec20e42ed342d58cd4c7eba5b58719", "position": {"x": 565.0000000000001, "y": -978.6087062764157}, "channel": 1}, "attempt": 1}
2026-09-13 10:21:09,939 INFO response {"request_id": "41ec20e42ed342d58cd4c7eba5b58719", "http_status": 200, "body": {"accepted": true, "real_timestamp_ms": 1789266065857, "virtual_time_s": 660, "measure_result": "no_signal"}}
2026-09-13 10:21:09,939 INFO request {"path": "/measure", "payload": {"arena_id": "default", "robot_id": "202601002029", "request_id": "ed438237cfcf4c02b29e3db65cb6bfb6", "position": {"x": 565.0000000000001, "y": -978.6087062764157}, "channel": 2}, "attempt": 1}
2026-09-13 10:21:09,957 INFO response {"request_id": "ed438237cfcf4c02b29e3db65cb6bfb6", "http_status": 200, "body": {"accepted": true, "real_timestamp_ms": 1789266065873, "virtual_time_s": 666, "measure_result": "no_signal"}}
2026-09-13 10:21:09,957 INFO request {"path": "/measure", "payload": {"arena_id": "default", "robot_id": "202601002029", "request_id": "e44ba56accf44935a550f45d123a7946", "position": {"x": 565.0000000000001, "y": -978.6087062764157}, "channel": 3}, "attempt": 1}
2026-09-13 10:21:09,960 INFO response {"request_id": "e44ba56accf44935a550f45d123a7946", "http_status": 200, "body": {"accepted": true, "real_timestamp_ms": 1789266065877, "virtual_time_s": 672, "measure_result": "no_signal"}}
2026-09-13 10:21:09,961 INFO request {"path": "/measure", "payload": {"arena_id": "default", "robot_id": "202601002029", "request_id": "e9e0c3711bc841258924fd542a59e23e", "position": {"x": 565.0000000000001, "y": -978.6087062764157}, "channel": 5}, "attempt": 1}
2026-09-13 10:21:09,963 INFO response {"request_id": "e9e0c3711bc841258924fd542a59e23e", "http_status": 200, "body": {"accepted": true, "real_timestamp_ms": 1789266065880, "virtual_time_s": 678, "measure_result": "no_signal"}}
2026-09-13 10:21:09,963 INFO request {"path": "/measure", "payload": {"arena_id": "default", "robot_id": "202601002029", "request_id": "84a634e041854d1aa7c2414e7487de52", "position": {"x": 565.0000000000001, "y": -978.6087062764157}, "channel": 10}, "attempt": 1}
2026-09-13 10:21:09,965 INFO response {"request_id": "84a634e041854d1aa7c2414e7487de52", "http_status": 200, "body": {"accepted": true, "real_timestamp_ms": 1789266065883, "virtual_time_s": 684, "measure_result": "no_signal"}}
2026-09-13 10:21:09,965 INFO request {"path": "/measure", "payload": {"arena_id": "default", "robot_id": "202601002029", "request_id": "b285fbb760e349e3902f8539315947d9", "position": {"x": 565.0000000000001, "y": -978.6087062764157}, "channel": 11}, "attempt": 1}
2026-09-13 10:21:09,966 INFO response {"request_id": "b285fbb760e349e3902f8539315947d9", "http_status": 200, "body": {"accepted": true, "real_timestamp_ms": 1789266065884, "virtual_time_s": 690, "measure_result": "no_signal"}}
2026-09-13 10:21:09,967 INFO request {"path": "/measure", "payload": {"arena_id": "default", "robot_id": "202601002029", "request_id": "16cad18b552f4cfe95e12fe358ce177f", "position": {"x": 565.0000000000001, "y": -978.6087062764157}, "channel": 14}, "attempt": 1}
2026-09-13 10:21:09,968 INFO response {"request_id": "16cad18b552f4cfe95e12fe358ce177f", "http_status": 200, "body": {"accepted": true, "real_timestamp_ms": 1789266065886, "virtual_time_s": 696, "measure_result": "no_signal"}}
2026-09-13 10:21:09,968 INFO request {"path": "/measure", "payload": {"arena_id": "default", "robot_id": "202601002029", "request_id": "eb80d7920d984a6baca1b76de858e692", "position": {"x": 565.0000000000001, "y": -978.6087062764157}, "channel": 15}, "attempt": 1}
2026-09-13 10:21:09,971 INFO response {"request_id": "eb80d7920d984a6baca1b76de858e692", "http_status": 200, "body": {"accepted": true, "real_timestamp_ms": 1789266065888, "virtual_time_s": 702, "measure_result": "no_signal"}}
2026-09-13 10:21:09,971 INFO request {"path": "/measure", "payload": {"arena_id": "default", "robot_id": "202601002029", "request_id": "eba5cd2f1d51479e99f565adad0d11b7", "position": {"x": 565.0000000000001, "y": -978.6087062764157}, "channel": 16}, "attempt": 1}
2026-09-13 10:21:09,973 INFO response {"request_id": "eba5cd2f1d51479e99f565adad0d11b7", "http_status": 200, "body": {"accepted": true, "real_timestamp_ms": 1789266065891, "virtual_time_s": 708, "measure_result": "no_signal"}}
2026-09-13 10:21:09,973 INFO request {"path": "/measure", "payload": {"arena_id": "default", "robot_id": "202601002029", "request_id": "9804c3e3eb0f47e0a554dbe1184d7686", "position": {"x": 565.0000000000001, "y": -978.6087062764157}, "channel": 17}, "attempt": 1}
2026-09-13 10:21:09,975 INFO response {"request_id": "9804c3e3eb0f47e0a554dbe1184d7686", "http_status": 200, "body": {"accepted": true, "real_timestamp_ms": 1789266065892, "virtual_time_s": 714, "measure_result": "no_signal"}}
2026-09-13 10:21:09,975 INFO request {"path": "/measure", "payload": {"arena_id": "default", "robot_id": "202601002029", "request_id": "7686ad618d934bcfb9004df08b9e9c3f", "position": {"x": 565.0000000000001, "y": -978.6087062764157}, "channel": 20}, "attempt": 1}
2026-09-13 10:21:09,977 INFO response {"request_id": "7686ad618d934bcfb9004df08b9e9c3f", "http_status": 200, "body": {"accepted": true, "real_timestamp_ms": 1789266065894, "virtual_time_s": 720, "measure_result": "no_signal"}}
2026-09-13 10:21:10,275 INFO request {"path": "/measure", "payload": {"arena_id": "default", "robot_id": "202601002029", "request_id": "368d814cb7634cf58b12a933c9cf0da0", "position": {"x": 565.0000000000001, "y": -978.6087062764157}, "channel": 4}, "attempt": 1}
2026-09-13 10:21:10,277 INFO response {"request_id": "368d814cb7634cf58b12a933c9cf0da0", "http_status": 200, "body": {"accepted": true, "real_timestamp_ms": 1789266066195, "virtual_time_s": 726, "measure_result": "direction", "svd_deg": 57.73}}
2026-09-13 10:21:10,526 INFO request {"path": "/measure", "payload": {"arena_id": "default", "robot_id": "202601002029", "request_id": "58bf954ed9de4e2e9a3ba063262c6015", "position": {"x": 565.0000000000001, "y": -978.6087062764157}, "channel": 12}, "attempt": 1}
2026-09-13 10:21:10,546 INFO response {"request_id": "58bf954ed9de4e2e9a3ba063262c6015", "http_status": 200, "body": {"accepted": true, "real_timestamp_ms": 1789266066465, "virtual_time_s": 732, "measure_result": "direction", "svd_deg": 155.23}}
2026-09-13 10:21:10,817 INFO request {"path": "/measure", "payload": {"arena_id": "default", "robot_id": "202601002029", "request_id": "4a3f53820e1b41b9a8580e9717ed854c", "position": {"x": -565.0000000000005, "y": -978.6087062764154}, "channel": 1}, "attempt": 1}
2026-09-13 10:21:10,844 INFO response {"request_id": "4a3f53820e1b41b9a8580e9717ed854c", "http_status": 200, "body": {"accepted": true, "real_timestamp_ms": 1789266066762, "virtual_time_s": 964, "measure_result": "no_signal"}}
2026-09-13 10:21:10,844 INFO request {"path": "/measure", "payload": {"arena_id": "default", "robot_id": "202601002029", "request_id": "1076484542254d5fae41ba6d98824754", "position": {"x": -565.0000000000005, "y": -978.6087062764154}, "channel": 2}, "attempt": 1}
2026-09-13 10:21:10,860 INFO response {"request_id": "1076484542254d5fae41ba6d98824754", "http_status": 200, "body": {"accepted": true, "real_timestamp_ms": 1789266066778, "virtual_time_s": 970, "measure_result": "direction", "svd_deg": 166.28}}
2026-09-13 10:21:10,889 INFO request {"path": "/measure", "payload": {"arena_id": "default", "robot_id": "202601002029", "request_id": "1d27e3ea3447423484827a68b73d7d99", "position": {"x": -565.0000000000005, "y": -978.6087062764154}, "channel": 3}, "attempt": 1}
2026-09-13 10:21:10,892 INFO response {"request_id": "1d27e3ea3447423484827a68b73d7d99", "http_status": 200, "body": {"accepted": true, "real_timestamp_ms": 1789266066809, "virtual_time_s": 976, "measure_result": "direction", "svd_deg": 206.09}}
2026-09-13 10:21:10,911 INFO request {"path": "/measure", "payload": {"arena_id": "default", "robot_id": "202601002029", "request_id": "e92ac950035a45edb2864dd59a7481b8", "position": {"x": -565.0000000000005, "y": -978.6087062764154}, "channel": 5}, "attempt": 1}
2026-09-13 10:21:10,913 INFO response {"request_id": "e92ac950035a45edb2864dd59a7481b8", "http_status": 200, "body": {"accepted": true, "real_timestamp_ms": 1789266066831, "virtual_time_s": 982, "measure_result": "no_signal"}}
2026-09-13 10:21:10,913 INFO request {"path": "/measure", "payload": {"arena_id": "default", "robot_id": "202601002029", "request_id": "4dfe329d9d644813b0eaea4191c007a3", "position": {"x": -565.0000000000005, "y": -978.6087062764154}, "channel": 10}, "attempt": 1}
2026-09-13 10:21:10,937 INFO response {"request_id": "4dfe329d9d644813b0eaea4191c007a3", "http_status": 200, "body": {"accepted": true, "real_timestamp_ms": 1789266066855, "virtual_time_s": 988, "measure_result": "no_signal"}}
2026-09-13 10:21:10,938 INFO request {"path": "/measure", "payload": {"arena_id": "default", "robot_id": "202601002029", "request_id": "a54b3c5c6d644df1a735b1768b7b6eb6", "position": {"x": -565.0000000000005, "y": -978.6087062764154}, "channel": 11}, "attempt": 1}
2026-09-13 10:21:10,953 INFO response {"request_id": "a54b3c5c6d644df1a735b1768b7b6eb6", "http_status": 200, "body": {"accepted": true, "real_timestamp_ms": 1789266066871, "virtual_time_s": 994, "measure_result": "no_signal"}}
2026-09-13 10:21:10,953 INFO request {"path": "/measure", "payload": {"arena_id": "default", "robot_id": "202601002029", "request_id": "76536ddb24314e64a791e43be7aa3de3", "position": {"x": -565.0000000000005, "y": -978.6087062764154}, "channel": 14}, "attempt": 1}
2026-09-13 10:21:10,967 INFO response {"request_id": "76536ddb24314e64a791e43be7aa3de3", "http_status": 200, "body": {"accepted": true, "real_timestamp_ms": 1789266066885, "virtual_time_s": 1000, "measure_result": "no_signal"}}
2026-09-13 10:21:10,968 INFO request {"path": "/measure", "payload": {"arena_id": "default", "robot_id": "202601002029", "request_id": "8fc560d672e04dc0a5c03872c0dfa515", "position": {"x": -565.0000000000005, "y": -978.6087062764154}, "channel": 15}, "attempt": 1}
2026-09-13 10:21:10,983 INFO response {"request_id": "8fc560d672e04dc0a5c03872c0dfa515", "http_status": 200, "body": {"accepted": true, "real_timestamp_ms": 1789266066901, "virtual_time_s": 1006, "measure_result": "no_signal"}}
2026-09-13 10:21:10,983 INFO request {"path": "/measure", "payload": {"arena_id": "default", "robot_id": "202601002029", "request_id": "c0880f6e51724588937f43ee44342842", "position": {"x": -565.0000000000005, "y": -978.6087062764154}, "channel": 16}, "attempt": 1}
2026-09-13 10:21:10,997 INFO response {"request_id": "c0880f6e51724588937f43ee44342842", "http_status": 200, "body": {"accepted": true, "real_timestamp_ms": 1789266066915, "virtual_time_s": 1012, "measure_result": "no_signal"}}
2026-09-13 10:21:10,998 INFO request {"path": "/measure", "payload": {"arena_id": "default", "robot_id": "202601002029", "request_id": "4b0a5ffa42644144a9644904b7b01c0d", "position": {"x": -565.0000000000005, "y": -978.6087062764154}, "channel": 17}, "attempt": 1}
2026-09-13 10:21:11,013 INFO response {"request_id": "4b0a5ffa42644144a9644904b7b01c0d", "http_status": 200, "body": {"accepted": true, "real_timestamp_ms": 1789266066931, "virtual_time_s": 1018, "measure_result": "no_signal"}}
2026-09-13 10:21:11,013 INFO request {"path": "/measure", "payload": {"arena_id": "default", "robot_id": "202601002029", "request_id": "f209f4992d1c44e5976504954bfbfa9d", "position": {"x": -565.0000000000005, "y": -978.6087062764154}, "channel": 20}, "attempt": 1}
2026-09-13 10:21:11,029 INFO response {"request_id": "f209f4992d1c44e5976504954bfbfa9d", "http_status": 200, "body": {"accepted": true, "real_timestamp_ms": 1789266066946, "virtual_time_s": 1024, "measure_result": "direction", "svd_deg": 148.38}}
2026-09-13 10:21:11,188 INFO request {"path": "/measure", "payload": {"arena_id": "default", "robot_id": "202601002029", "request_id": "b91bb0a359a0486991c065e27d48608f", "position": {"x": -565.0000000000005, "y": -978.6087062764154}, "channel": 12}, "attempt": 1}
2026-09-13 10:21:11,190 INFO response {"request_id": "b91bb0a359a0486991c065e27d48608f", "http_status": 200, "body": {"accepted": true, "real_timestamp_ms": 1789266067108, "virtual_time_s": 1030, "measure_result": "direction", "svd_deg": 66.51}}
2026-09-13 10:21:11,265 INFO request {"path": "/measure", "payload": {"arena_id": "default", "robot_id": "202601002029", "request_id": "647278c26f354fac9302ab62a2586beb", "position": {"x": -565.0000000000005, "y": -978.6087062764154}, "channel": 9}, "attempt": 1}
2026-09-13 10:21:11,266 INFO response {"request_id": "647278c26f354fac9302ab62a2586beb", "http_status": 200, "body": {"accepted": true, "real_timestamp_ms": 1789266067185, "virtual_time_s": 1036, "measure_result": "direction", "svd_deg": 3.14}}
2026-09-13 10:21:11,289 INFO request {"path": "/clear", "payload": {"arena_id": "default", "robot_id": "202601002029", "request_id": "828a01d8726a4a97ae8fd99de1cdb729", "position": {"x": -376.014253536163, "y": -544.5479691401081}, "channel": 12}, "attempt": 1}
2026-09-13 10:21:11,307 INFO response {"request_id": "828a01d8726a4a97ae8fd99de1cdb729", "http_status": 200, "body": {"accepted": true, "real_timestamp_ms": 1789266067225, "virtual_time_s": 1135.683544, "clear_result": "success"}}
2026-09-13 10:21:11,387 INFO request {"path": "/measure", "payload": {"arena_id": "default", "robot_id": "202601002029", "request_id": "5ed49dc4f4464a5baac570ff5b343ce0", "position": {"x": -376.014253536163, "y": -544.5479691401081}, "channel": 8}, "attempt": 1}
2026-09-13 10:21:11,389 INFO response {"request_id": "5ed49dc4f4464a5baac570ff5b343ce0", "http_status": 200, "body": {"accepted": true, "real_timestamp_ms": 1789266067307, "virtual_time_s": 1141.683544, "measure_result": "direction", "svd_deg": 39.31}}
2026-09-13 10:21:11,422 INFO request {"path": "/measure", "payload": {"arena_id": "default", "robot_id": "202601002029", "request_id": "f3a3cb3fa5af4c6c81a0df9887feb853", "position": {"x": -1130.0, "y": 1.3838508830365092e-13}, "channel": 1}, "attempt": 1}
2026-09-13 10:21:11,448 INFO response {"request_id": "f3a3cb3fa5af4c6c81a0df9887feb853", "http_status": 200, "body": {"accepted": true, "real_timestamp_ms": 1789266067365, "virtual_time_s": 1333.697199, "measure_result": "no_signal"}}
2026-09-13 10:21:11,448 INFO request {"path": "/measure", "payload": {"arena_id": "default", "robot_id": "202601002029", "request_id": "432ea60607fb4154b9e9c63b274ce0bf", "position": {"x": -1130.0, "y": 1.3838508830365092e-13}, "channel": 5}, "attempt": 1}
2026-09-13 10:21:11,449 INFO response {"request_id": "432ea60607fb4154b9e9c63b274ce0bf", "http_status": 200, "body": {"accepted": true, "real_timestamp_ms": 1789266067368, "virtual_time_s": 1339.697199, "measure_result": "no_signal"}}
2026-09-13 10:21:11,450 INFO request {"path": "/measure", "payload": {"arena_id": "default", "robot_id": "202601002029", "request_id": "a7ae6ba7219f4c4d940ce2794003f549", "position": {"x": -1130.0, "y": 1.3838508830365092e-13}, "channel": 10}, "attempt": 1}
2026-09-13 10:21:11,463 INFO response {"request_id": "a7ae6ba7219f4c4d940ce2794003f549", "http_status": 200, "body": {"accepted": true, "real_timestamp_ms": 1789266067381, "virtual_time_s": 1345.697199, "measure_result": "direction", "svd_deg": 90.59}}
2026-09-13 10:21:11,480 INFO request {"path": "/measure", "payload": {"arena_id": "default", "robot_id": "202601002029", "request_id": "df5e8b3e3c234498b64ccb76b88aa660", "position": {"x": -1130.0, "y": 1.3838508830365092e-13}, "channel": 11}, "attempt": 1}
2026-09-13 10:21:11,495 INFO response {"request_id": "df5e8b3e3c234498b64ccb76b88aa660", "http_status": 200, "body": {"accepted": true, "real_timestamp_ms": 1789266067413, "virtual_time_s": 1351.697199, "measure_result": "no_signal"}}
2026-09-13 10:21:11,495 INFO request {"path": "/measure", "payload": {"arena_id": "default", "robot_id": "202601002029", "request_id": "d2dcf219b88f4f54b01476fe902968c3", "position": {"x": -1130.0, "y": 1.3838508830365092e-13}, "channel": 14}, "attempt": 1}
2026-09-13 10:21:11,510 INFO response {"request_id": "d2dcf219b88f4f54b01476fe902968c3", "http_status": 200, "body": {"accepted": true, "real_timestamp_ms": 1789266067428, "virtual_time_s": 1357.697199, "measure_result": "no_signal"}}
2026-09-13 10:21:11,510 INFO request {"path": "/measure", "payload": {"arena_id": "default", "robot_id": "202601002029", "request_id": "9bdf4dbd1ba6411bb7a11f69f20a95a8", "position": {"x": -1130.0, "y": 1.3838508830365092e-13}, "channel": 15}, "attempt": 1}
2026-09-13 10:21:11,512 INFO response {"request_id": "9bdf4dbd1ba6411bb7a11f69f20a95a8", "http_status": 200, "body": {"accepted": true, "real_timestamp_ms": 1789266067430, "virtual_time_s": 1363.697199, "measure_result": "no_signal"}}
2026-09-13 10:21:11,512 INFO request {"path": "/measure", "payload": {"arena_id": "default", "robot_id": "202601002029", "request_id": "0af3412a0de249889abd2a525acc4ff6", "position": {"x": -1130.0, "y": 1.3838508830365092e-13}, "channel": 16}, "attempt": 1}
2026-09-13 10:21:11,515 INFO response {"request_id": "0af3412a0de249889abd2a525acc4ff6", "http_status": 200, "body": {"accepted": true, "real_timestamp_ms": 1789266067432, "virtual_time_s": 1369.697199, "measure_result": "direction", "svd_deg": 104.06}}
2026-09-13 10:21:11,548 INFO request {"path": "/measure", "payload": {"arena_id": "default", "robot_id": "202601002029", "request_id": "c0d9a2752c3b4089a548a509d20083ff", "position": {"x": -1130.0, "y": 1.3838508830365092e-13}, "channel": 17}, "attempt": 1}
2026-09-13 10:21:11,571 INFO response {"request_id": "c0d9a2752c3b4089a548a509d20083ff", "http_status": 200, "body": {"accepted": true, "real_timestamp_ms": 1789266067489, "virtual_time_s": 1375.697199, "measure_result": "no_signal"}}
2026-09-13 10:21:11,692 INFO request {"path": "/measure", "payload": {"arena_id": "default", "robot_id": "202601002029", "request_id": "6d04e81ee78e4279a7e3ad0362024bd2", "position": {"x": -1130.0, "y": 1.3838508830365092e-13}, "channel": 2}, "attempt": 1}
2026-09-13 10:21:11,708 INFO response {"request_id": "6d04e81ee78e4279a7e3ad0362024bd2", "http_status": 200, "body": {"accepted": true, "real_timestamp_ms": 1789266067626, "virtual_time_s": 1381.697199, "measure_result": "direction", "svd_deg": 239.75}}
2026-09-13 10:21:11,800 INFO request {"path": "/measure", "payload": {"arena_id": "default", "robot_id": "202601002029", "request_id": "a4037d8f32b94ba3887354581893c158", "position": {"x": -1130.0, "y": 1.3838508830365092e-13}, "channel": 20}, "attempt": 1}
2026-09-13 10:21:11,802 INFO response {"request_id": "a4037d8f32b94ba3887354581893c158", "http_status": 200, "body": {"accepted": true, "real_timestamp_ms": 1789266067720, "virtual_time_s": 1387.697199, "measure_result": "direction", "svd_deg": 236.63}}
2026-09-13 10:21:11,835 INFO request {"path": "/measure", "payload": {"arena_id": "default", "robot_id": "202601002029", "request_id": "fe8adfa0eb4041879a61ff687b6ad4fe", "position": {"x": -564.9999999999998, "y": 978.6087062764158}, "channel": 1}, "attempt": 1}
2026-09-13 10:21:11,837 INFO response {"request_id": "fe8adfa0eb4041879a61ff687b6ad4fe", "http_status": 200, "body": {"accepted": true, "real_timestamp_ms": 1789266067755, "virtual_time_s": 1619.697199, "measure_result": "no_signal"}}
2026-09-13 10:21:11,837 INFO request {"path": "/measure", "payload": {"arena_id": "default", "robot_id": "202601002029", "request_id": "e7036bb5f016410691730e926d228eed", "position": {"x": -564.9999999999998, "y": 978.6087062764158}, "channel": 5}, "attempt": 1}
2026-09-13 10:21:11,849 INFO response {"request_id": "e7036bb5f016410691730e926d228eed", "http_status": 200, "body": {"accepted": true, "real_timestamp_ms": 1789266067767, "virtual_time_s": 1625.697199, "measure_result": "no_signal"}}
2026-09-13 10:21:11,850 INFO request {"path": "/measure", "payload": {"arena_id": "default", "robot_id": "202601002029", "request_id": "a92fb788835a4c49a5df9642599cd9d6", "position": {"x": -564.9999999999998, "y": 978.6087062764158}, "channel": 11}, "attempt": 1}
2026-09-13 10:21:11,852 INFO response {"request_id": "a92fb788835a4c49a5df9642599cd9d6", "http_status": 200, "body": {"accepted": true, "real_timestamp_ms": 1789266067769, "virtual_time_s": 1631.697199, "measure_result": "no_signal"}}
2026-09-13 10:21:11,852 INFO request {"path": "/measure", "payload": {"arena_id": "default", "robot_id": "202601002029", "request_id": "7252eb7dc737458ab1c0b447c212c567", "position": {"x": -564.9999999999998, "y": 978.6087062764158}, "channel": 14}, "attempt": 1}
2026-09-13 10:21:11,864 INFO response {"request_id": "7252eb7dc737458ab1c0b447c212c567", "http_status": 200, "body": {"accepted": true, "real_timestamp_ms": 1789266067782, "virtual_time_s": 1637.697199, "measure_result": "no_signal"}}
2026-09-13 10:21:11,864 INFO request {"path": "/measure", "payload": {"arena_id": "default", "robot_id": "202601002029", "request_id": "7da3bc29615449c0ae95b8c811528147", "position": {"x": -564.9999999999998, "y": 978.6087062764158}, "channel": 15}, "attempt": 1}
2026-09-13 10:21:11,879 INFO response {"request_id": "7da3bc29615449c0ae95b8c811528147", "http_status": 200, "body": {"accepted": true, "real_timestamp_ms": 1789266067797, "virtual_time_s": 1643.697199, "measure_result": "no_signal"}}
2026-09-13 10:21:11,880 INFO request {"path": "/measure", "payload": {"arena_id": "default", "robot_id": "202601002029", "request_id": "8b92d9538b9d4161a8232b49cfbdfb46", "position": {"x": -564.9999999999998, "y": 978.6087062764158}, "channel": 17}, "attempt": 1}
2026-09-13 10:21:11,894 INFO response {"request_id": "8b92d9538b9d4161a8232b49cfbdfb46", "http_status": 200, "body": {"accepted": true, "real_timestamp_ms": 1789266067812, "virtual_time_s": 1649.697199, "measure_result": "no_signal"}}
2026-09-13 10:21:12,115 INFO request {"path": "/measure", "payload": {"arena_id": "default", "robot_id": "202601002029", "request_id": "472704d3b9d048978ce4ad0fab2ef8b8", "position": {"x": -564.9999999999998, "y": 978.6087062764158}, "channel": 10}, "attempt": 1}
2026-09-13 10:21:12,130 INFO response {"request_id": "472704d3b9d048978ce4ad0fab2ef8b8", "http_status": 200, "body": {"accepted": true, "real_timestamp_ms": 1789266068048, "virtual_time_s": 1655.697199, "measure_result": "direction", "svd_deg": 174.59}}
2026-09-13 10:21:12,302 INFO request {"path": "/measure", "payload": {"arena_id": "default", "robot_id": "202601002029", "request_id": "cccef06aa607400b8c4d9c38f09b69db", "position": {"x": -564.9999999999998, "y": 978.6087062764158}, "channel": 16}, "attempt": 1}
2026-09-13 10:21:12,304 INFO response {"request_id": "cccef06aa607400b8c4d9c38f09b69db", "http_status": 200, "body": {"accepted": true, "real_timestamp_ms": 1789266068222, "virtual_time_s": 1661.697199, "measure_result": "direction", "svd_deg": 182.69}}
2026-09-13 10:21:12,433 INFO request {"path": "/measure", "payload": {"arena_id": "default", "robot_id": "202601002029", "request_id": "fdf47e0415e14c81bda46f1c4d2e8363", "position": {"x": 565.0000000000001, "y": 978.6087062764157}, "channel": 1}, "attempt": 1}
2026-09-13 10:21:12,434 INFO response {"request_id": "fdf47e0415e14c81bda46f1c4d2e8363", "http_status": 200, "body": {"accepted": true, "real_timestamp_ms": 1789266068353, "virtual_time_s": 1893.697199, "measure_result": "no_signal"}}
2026-09-13 10:21:12,435 INFO request {"path": "/measure", "payload": {"arena_id": "default", "robot_id": "202601002029", "request_id": "e454047aea1943ff80ad0ada3181cefc", "position": {"x": 565.0000000000001, "y": 978.6087062764157}, "channel": 5}, "attempt": 1}
2026-09-13 10:21:12,455 INFO response {"request_id": "e454047aea1943ff80ad0ada3181cefc", "http_status": 200, "body": {"accepted": true, "real_timestamp_ms": 1789266068373, "virtual_time_s": 1899.697199, "measure_result": "no_signal"}}
2026-09-13 10:21:12,455 INFO request {"path": "/measure", "payload": {"arena_id": "default", "robot_id": "202601002029", "request_id": "00463fcd328646599bbb1bd5684b2e46", "position": {"x": 565.0000000000001, "y": 978.6087062764157}, "channel": 11}, "attempt": 1}
2026-09-13 10:21:12,457 INFO response {"request_id": "00463fcd328646599bbb1bd5684b2e46", "http_status": 200, "body": {"accepted": true, "real_timestamp_ms": 1789266068375, "virtual_time_s": 1905.697199, "measure_result": "no_signal"}}
2026-09-13 10:21:12,457 INFO request {"path": "/measure", "payload": {"arena_id": "default", "robot_id": "202601002029", "request_id": "9a4e4ec0b48948d8b50b574baa9f9c53", "position": {"x": 565.0000000000001, "y": 978.6087062764157}, "channel": 14}, "attempt": 1}
2026-09-13 10:21:12,471 INFO response {"request_id": "9a4e4ec0b48948d8b50b574baa9f9c53", "http_status": 200, "body": {"accepted": true, "real_timestamp_ms": 1789266068389, "virtual_time_s": 1911.697199, "measure_result": "no_signal"}}
2026-09-13 10:21:12,471 INFO request {"path": "/measure", "payload": {"arena_id": "default", "robot_id": "202601002029", "request_id": "e9e9625df01846458b0f989b36e4dd36", "position": {"x": 565.0000000000001, "y": 978.6087062764157}, "channel": 15}, "attempt": 1}
2026-09-13 10:21:12,471 INFO response {"request_id": "e9e9625df01846458b0f989b36e4dd36", "http_status": 200, "body": {"accepted": true, "real_timestamp_ms": 1789266068390, "virtual_time_s": 1917.697199, "measure_result": "no_signal"}}
2026-09-13 10:21:12,472 INFO request {"path": "/measure", "payload": {"arena_id": "default", "robot_id": "202601002029", "request_id": "2d83c05cada146dda4b9fe35d1ce97a6", "position": {"x": 565.0000000000001, "y": 978.6087062764157}, "channel": 17}, "attempt": 1}
2026-09-13 10:21:12,486 INFO response {"request_id": "2d83c05cada146dda4b9fe35d1ce97a6", "http_status": 200, "body": {"accepted": true, "real_timestamp_ms": 1789266068404, "virtual_time_s": 1923.697199, "measure_result": "no_signal"}}
2026-09-13 10:21:12,580 INFO request {"path": "/measure", "payload": {"arena_id": "default", "robot_id": "202601002029", "request_id": "41e9801097ac465d9ce7ac5c9052b66e", "position": {"x": 565.0000000000001, "y": 978.6087062764157}, "channel": 19}, "attempt": 1}
2026-09-13 10:21:12,596 INFO response {"request_id": "41e9801097ac465d9ce7ac5c9052b66e", "http_status": 200, "body": {"accepted": true, "real_timestamp_ms": 1789266068515, "virtual_time_s": 1929.697199, "measure_result": "direction", "svd_deg": 235.65}}
2026-09-13 10:21:12,659 INFO request {"path": "/measure", "payload": {"arena_id": "default", "robot_id": "202601002029", "request_id": "159925f8408448db9c17556d7b9555ae", "position": {"x": 565.0000000000001, "y": 978.6087062764157}, "channel": 13}, "attempt": 1}
2026-09-13 10:21:12,675 INFO response {"request_id": "159925f8408448db9c17556d7b9555ae", "http_status": 200, "body": {"accepted": true, "real_timestamp_ms": 1789266068593, "virtual_time_s": 1935.697199, "measure_result": "direction", "svd_deg": 167.49}}
2026-09-13 10:21:21,812 INFO request {"path": "/clear", "payload": {"arena_id": "default", "robot_id": "202601002029", "request_id": "711073ca2a6b443aa172ca953eaef687", "position": {"x": 132.47340776736735, "y": -128.31018121509447}, "channel": 8}, "attempt": 1}
2026-09-13 10:21:21,831 INFO response {"request_id": "711073ca2a6b443aa172ca953eaef687", "http_status": 200, "body": {"accepted": true, "real_timestamp_ms": 1789266077749, "virtual_time_s": 2178.381753, "clear_result": "success"}}
2026-09-13 10:21:22,080 INFO request {"path": "/measure", "payload": {"arena_id": "default", "robot_id": "202601002029", "request_id": "821ec12f42324f3bbea56f7f6dea9b02", "position": {"x": 132.47340776736735, "y": -128.31018121509447}, "channel": 9}, "attempt": 1}
2026-09-13 10:21:22,081 INFO response {"request_id": "821ec12f42324f3bbea56f7f6dea9b02", "http_status": 200, "body": {"accepted": true, "real_timestamp_ms": 1789266078000, "virtual_time_s": 2184.381753, "measure_result": "direction", "svd_deg": 295.3}}
2026-09-13 10:21:22,210 INFO request {"path": "/measure", "payload": {"arena_id": "default", "robot_id": "202601002029", "request_id": "d0688e935e6e49af89b7b6c32e3dc760", "position": {"x": 132.47340776736735, "y": -128.31018121509447}, "channel": 18}, "attempt": 1}
2026-09-13 10:21:22,224 INFO response {"request_id": "d0688e935e6e49af89b7b6c32e3dc760", "http_status": 200, "body": {"accepted": true, "real_timestamp_ms": 1789266078142, "virtual_time_s": 2190.381753, "measure_result": "direction", "svd_deg": 296.26}}
2026-09-13 10:21:23,634 INFO request {"path": "/measure", "payload": {"arena_id": "default", "robot_id": "202601002029", "request_id": "8fa7a182fc3f46b581fe5fa38caf8631", "position": {"x": 840.9683346740521, "y": -697.2276037446884}, "channel": 9}, "attempt": 1}
2026-09-13 10:21:23,636 INFO response {"request_id": "8fa7a182fc3f46b581fe5fa38caf8631", "http_status": 200, "body": {"accepted": true, "real_timestamp_ms": 1789266079554, "virtual_time_s": 2378.110352, "measure_result": "direction", "svd_deg": 212.21}}
2026-09-13 10:21:23,862 INFO request {"path": "/measure", "payload": {"arena_id": "default", "robot_id": "202601002029", "request_id": "dff1a7acc01e470ba451cde3ab902838", "position": {"x": 840.9683346740521, "y": -697.2276037446884}, "channel": 18}, "attempt": 1}
2026-09-13 10:21:23,887 INFO response {"request_id": "dff1a7acc01e470ba451cde3ab902838", "http_status": 200, "body": {"accepted": true, "real_timestamp_ms": 1789266079805, "virtual_time_s": 2384.110352, "measure_result": "direction", "svd_deg": 242.36}}
2026-09-13 10:21:24,027 INFO request {"path": "/measure", "payload": {"arena_id": "default", "robot_id": "202601002029", "request_id": "b23c0925716f4f61976e3c0d7272fc03", "position": {"x": 840.9683346740521, "y": -697.2276037446884}, "channel": 7}, "attempt": 1}
2026-09-13 10:21:24,041 INFO response {"request_id": "b23c0925716f4f61976e3c0d7272fc03", "http_status": 200, "body": {"accepted": true, "real_timestamp_ms": 1789266079959, "virtual_time_s": 2390.110352, "measure_result": "direction", "svd_deg": 329.37}}
2026-09-13 10:21:24,982 INFO request {"path": "/clear", "payload": {"arena_id": "default", "robot_id": "202601002029", "request_id": "5bb9c1c991cd49279f2fd13d73d3520f", "position": {"x": 502.8857626693011, "y": -912.6448629381837}, "channel": 9}, "attempt": 1}
2026-09-13 10:21:24,983 INFO response {"request_id": "5bb9c1c991cd49279f2fd13d73d3520f", "http_status": 200, "body": {"accepted": true, "real_timestamp_ms": 1789266080902, "virtual_time_s": 2475.286264, "clear_result": "success"}}
2026-09-13 10:21:25,139 INFO request {"path": "/measure", "payload": {"arena_id": "default", "robot_id": "202601002029", "request_id": "6c802e8096454d7bb8f7691e3b66dd6f", "position": {"x": 502.8857626693011, "y": -912.6448629381837}, "channel": 6}, "attempt": 1}
2026-09-13 10:21:25,163 INFO response {"request_id": "6c802e8096454d7bb8f7691e3b66dd6f", "http_status": 200, "body": {"accepted": true, "real_timestamp_ms": 1789266081081, "virtual_time_s": 2481.286264, "measure_result": "direction", "svd_deg": 31.25}}
2026-09-13 10:21:25,320 INFO request {"path": "/measure", "payload": {"arena_id": "default", "robot_id": "202601002029", "request_id": "98d744e55ae447918a069406867a670b", "position": {"x": 502.8857626693011, "y": -912.6448629381837}, "channel": 7}, "attempt": 1}
2026-09-13 10:21:25,334 INFO response {"request_id": "98d744e55ae447918a069406867a670b", "http_status": 200, "body": {"accepted": true, "real_timestamp_ms": 1789266081252, "virtual_time_s": 2487.286264, "measure_result": "direction", "svd_deg": 354.58}}
2026-09-13 10:21:27,226 INFO request {"path": "/clear", "payload": {"arena_id": "default", "robot_id": "202601002029", "request_id": "ae8633e1b04a45fd9357659d6b8332f6", "position": {"x": 630.45713477559, "y": -1099.5238839440003}, "channel": 18}, "attempt": 1}
2026-09-13 10:21:27,241 INFO response {"request_id": "ae8633e1b04a45fd9357659d6b8332f6", "http_status": 200, "body": {"accepted": true, "real_timestamp_ms": 1789266083159, "virtual_time_s": 2537.540313, "clear_result": "success"}}
2026-09-13 10:21:27,440 INFO request {"path": "/measure", "payload": {"arena_id": "default", "robot_id": "202601002029", "request_id": "2daff67f58f74c1fa3e934194ef1efaa", "position": {"x": 630.45713477559, "y": -1099.5238839440003}, "channel": 6}, "attempt": 1}
2026-09-13 10:21:27,461 INFO response {"request_id": "2daff67f58f74c1fa3e934194ef1efaa", "http_status": 200, "body": {"accepted": true, "real_timestamp_ms": 1789266083378, "virtual_time_s": 2543.540313, "measure_result": "direction", "svd_deg": 48.72}}
2026-09-13 10:21:27,616 INFO request {"path": "/measure", "payload": {"arena_id": "default", "robot_id": "202601002029", "request_id": "00f97979b6c9424d87051f6baf04b2f9", "position": {"x": 630.45713477559, "y": -1099.5238839440003}, "channel": 7}, "attempt": 1}
2026-09-13 10:21:27,617 INFO response {"request_id": "00f97979b6c9424d87051f6baf04b2f9", "http_status": 200, "body": {"accepted": true, "real_timestamp_ms": 1789266083536, "virtual_time_s": 2549.540313, "measure_result": "direction", "svd_deg": 8.44}}
2026-09-13 10:21:29,856 INFO request {"path": "/measure", "payload": {"arena_id": "default", "robot_id": "202601002029", "request_id": "3eafa34f855c4bd8b775dd3d64b77480", "position": {"x": 1037.1473426177213, "y": -1045.8158950601567}, "channel": 7}, "attempt": 1}
2026-09-13 10:21:29,880 INFO response {"request_id": "3eafa34f855c4bd8b775dd3d64b77480", "http_status": 200, "body": {"accepted": true, "real_timestamp_ms": 1789266085798, "virtual_time_s": 2636.584563, "measure_result": "direction", "svd_deg": 8.14}}
2026-09-13 10:21:30,036 INFO request {"path": "/measure", "payload": {"arena_id": "default", "robot_id": "202601002029", "request_id": "0bbc11f9d8ea44f997ab9d56ae1db210", "position": {"x": 1037.1473426177213, "y": -1045.8158950601567}, "channel": 6}, "attempt": 1}
2026-09-13 10:21:30,037 INFO response {"request_id": "0bbc11f9d8ea44f997ab9d56ae1db210", "http_status": 200, "body": {"accepted": true, "real_timestamp_ms": 1789266085956, "virtual_time_s": 2642.584563, "measure_result": "direction", "svd_deg": 81.52}}
2026-09-13 10:21:30,143 INFO request {"path": "/measure", "payload": {"arena_id": "default", "robot_id": "202601002029", "request_id": "b9098d71ca354051a3db001a5147204e", "position": {"x": 1037.1473426177213, "y": -1045.8158950601567}, "channel": 4}, "attempt": 1}
2026-09-13 10:21:30,163 INFO response {"request_id": "b9098d71ca354051a3db001a5147204e", "http_status": 200, "body": {"accepted": true, "real_timestamp_ms": 1789266086081, "virtual_time_s": 2648.584563, "measure_result": "direction", "svd_deg": 87.14}}
2026-09-13 10:21:31,648 INFO request {"path": "/clear", "payload": {"arena_id": "default", "robot_id": "202601002029", "request_id": "f6b6584a430f4a96a50c662eea435bc4", "position": {"x": 1345.0827052004142, "y": -1001.4608715630682}, "channel": 7}, "attempt": 1}
2026-09-13 10:21:31,673 INFO response {"request_id": "f6b6584a430f4a96a50c662eea435bc4", "http_status": 200, "body": {"accepted": true, "real_timestamp_ms": 1789266087591, "virtual_time_s": 2715.807246, "clear_result": "success"}}
2026-09-13 10:21:31,898 INFO request {"path": "/measure", "payload": {"arena_id": "default", "robot_id": "202601002029", "request_id": "0f304cf34503416187c1e54417a02088", "position": {"x": 1345.0827052004142, "y": -1001.4608715630682}, "channel": 6}, "attempt": 1}
2026-09-13 10:21:31,899 INFO response {"request_id": "0f304cf34503416187c1e54417a02088", "http_status": 200, "body": {"accepted": true, "real_timestamp_ms": 1789266087817, "virtual_time_s": 2721.807246, "measure_result": "direction", "svd_deg": 118.25}}
2026-09-13 10:21:31,982 INFO request {"path": "/measure", "payload": {"arena_id": "default", "robot_id": "202601002029", "request_id": "e6c86789dbb841a1aa311294a48a035c", "position": {"x": 1345.0827052004142, "y": -1001.4608715630682}, "channel": 4}, "attempt": 1}
2026-09-13 10:21:31,984 INFO response {"request_id": "e6c86789dbb841a1aa311294a48a035c", "http_status": 200, "body": {"accepted": true, "real_timestamp_ms": 1789266087902, "virtual_time_s": 2727.807246, "measure_result": "direction", "svd_deg": 107.3}}
2026-09-13 10:21:32,651 INFO request {"path": "/measure", "payload": {"arena_id": "default", "robot_id": "202601002029", "request_id": "6089a9c011114f29b8d2235ae434d3ae", "position": {"x": 1202.8373046975448, "y": -759.5106746622449}, "channel": 4}, "attempt": 1}
2026-09-13 10:21:32,652 INFO response {"request_id": "6089a9c011114f29b8d2235ae434d3ae", "http_status": 200, "body": {"accepted": true, "real_timestamp_ms": 1789266088571, "virtual_time_s": 2788.940534, "measure_result": "direction", "svd_deg": 100.27}}
2026-09-13 10:21:32,678 INFO request {"path": "/clear", "payload": {"arena_id": "default", "robot_id": "202601002029", "request_id": "ae3b283756c0471698536ba106481d99", "position": {"x": 1108.326225561127, "y": -548.1876155106531}, "channel": 6}, "attempt": 1}
2026-09-13 10:21:32,682 INFO response {"request_id": "ae3b283756c0471698536ba106481d99", "http_status": 200, "body": {"accepted": true, "real_timestamp_ms": 1789266088600, "virtual_time_s": 2840.239467, "clear_result": "success"}}
2026-09-13 10:21:32,688 INFO request {"path": "/clear", "payload": {"arena_id": "default", "robot_id": "202601002029", "request_id": "b9557c16cb16495c972e2e6553d1a880", "position": {"x": 1088.903518679516, "y": -171.1041472889073}, "channel": 4}, "attempt": 1}
2026-09-13 10:21:32,709 INFO response {"request_id": "b9557c16cb16495c972e2e6553d1a880", "http_status": 200, "body": {"accepted": true, "real_timestamp_ms": 1789266088627, "virtual_time_s": 2920.756136, "clear_result": "success"}}
2026-09-13 10:21:32,827 INFO request {"path": "/measure", "payload": {"arena_id": "default", "robot_id": "202601002029", "request_id": "7f86f72bc6024f91a2eaed7de2d51860", "position": {"x": 1088.903518679516, "y": -171.1041472889073}, "channel": 19}, "attempt": 1}
2026-09-13 10:21:32,828 INFO response {"request_id": "7f86f72bc6024f91a2eaed7de2d51860", "http_status": 200, "body": {"accepted": true, "real_timestamp_ms": 1789266088746, "virtual_time_s": 2926.756136, "measure_result": "direction", "svd_deg": 145.09}}
2026-09-13 10:21:33,457 INFO request {"path": "/measure", "payload": {"arena_id": "default", "robot_id": "202601002029", "request_id": "c4e269a24d7243619540cad0e24e240d", "position": {"x": 871.9577323967584, "y": 0.5730515572477657}, "channel": 19}, "attempt": 1}
2026-09-13 10:21:33,475 INFO response {"request_id": "c4e269a24d7243619540cad0e24e240d", "http_status": 200, "body": {"accepted": true, "real_timestamp_ms": 1789266089393, "virtual_time_s": 2987.087333, "measure_result": "direction", "svd_deg": 146.57}}
2026-09-13 10:21:33,511 INFO request {"path": "/clear", "payload": {"arena_id": "default", "robot_id": "202601002029", "request_id": "c3c341f084aa4eeb8503994f07d68133", "position": {"x": 203.14932638724915, "y": 442.2284854667379}, "channel": 19}, "attempt": 1}
2026-09-13 10:21:33,514 INFO response {"request_id": "c3c341f084aa4eeb8503994f07d68133", "http_status": 200, "body": {"accepted": true, "real_timestamp_ms": 1789266089432, "virtual_time_s": 3152.382586, "clear_result": "success"}}
2026-09-13 10:21:33,517 INFO request {"path": "/measure", "payload": {"arena_id": "default", "robot_id": "202601002029", "request_id": "0ff7105a9ee74a9889866bd539a06cfc", "position": {"x": -393.03381598668193, "y": 791.7281397112761}, "channel": 13}, "attempt": 1}
2026-09-13 10:21:33,537 INFO response {"request_id": "0ff7105a9ee74a9889866bd539a06cfc", "http_status": 200, "body": {"accepted": true, "real_timestamp_ms": 1789266089455, "virtual_time_s": 3296.597541, "measure_result": "direction", "svd_deg": 93.1}}
2026-09-13 10:21:34,517 INFO request {"path": "/measure", "payload": {"arena_id": "default", "robot_id": "202601002029", "request_id": "f44459b7d2304b20b86034ccdf3015f1", "position": {"x": -564.9999999999998, "y": 978.6087062764158}, "channel": 13}, "attempt": 1}
2026-09-13 10:21:34,537 INFO response {"request_id": "f44459b7d2304b20b86034ccdf3015f1", "http_status": 200, "body": {"accepted": true, "real_timestamp_ms": 1789266090455, "virtual_time_s": 3352.389948, "measure_result": "direction", "svd_deg": 54.34}}
2026-09-13 10:21:34,568 INFO request {"path": "/clear", "payload": {"arena_id": "default", "robot_id": "202601002029", "request_id": "b150bf65410040caa4df416d9c189a7f", "position": {"x": -411.4096861142528, "y": 1193.0242907809502}, "channel": 13}, "attempt": 1}
2026-09-13 10:21:34,583 INFO response {"request_id": "b150bf65410040caa4df416d9c189a7f", "http_status": 200, "body": {"accepted": true, "real_timestamp_ms": 1789266090501, "virtual_time_s": 3410.139935, "clear_result": "success"}}
2026-09-13 10:21:34,776 INFO request {"path": "/measure", "payload": {"arena_id": "default", "robot_id": "202601002029", "request_id": "39ccf38d6cd240c2ba024958b1248d79", "position": {"x": -411.4096861142528, "y": 1193.0242907809502}, "channel": 10}, "attempt": 1}
2026-09-13 10:21:34,778 INFO response {"request_id": "39ccf38d6cd240c2ba024958b1248d79", "http_status": 200, "body": {"accepted": true, "real_timestamp_ms": 1789266090696, "virtual_time_s": 3416.139935, "measure_result": "direction", "svd_deg": 191.59}}
2026-09-13 10:21:34,864 INFO request {"path": "/measure", "payload": {"arena_id": "default", "robot_id": "202601002029", "request_id": "f1487d9c0ad343bc97092f4e2937e2b1", "position": {"x": -411.4096861142528, "y": 1193.0242907809502}, "channel": 16}, "attempt": 1}
2026-09-13 10:21:34,879 INFO response {"request_id": "f1487d9c0ad343bc97092f4e2937e2b1", "http_status": 200, "body": {"accepted": true, "real_timestamp_ms": 1789266090797, "virtual_time_s": 3422.139935, "measure_result": "direction", "svd_deg": 194.87}}
2026-09-13 10:21:36,143 INFO request {"path": "/measure", "payload": {"arena_id": "default", "robot_id": "202601002029", "request_id": "8d5a728bae164be68d6413f4c64d5a64", "position": {"x": -1213.836238441716, "y": 1313.1234577261926}, "channel": 16}, "attempt": 1}
2026-09-13 10:21:36,144 INFO response {"request_id": "8d5a728bae164be68d6413f4c64d5a64", "http_status": 200, "body": {"accepted": true, "real_timestamp_ms": 1789266092062, "virtual_time_s": 3589.412814, "measure_result": "direction", "svd_deg": 247.49}}
2026-09-13 10:21:36,170 INFO request {"path": "/clear", "payload": {"arena_id": "default", "robot_id": "202601002029", "request_id": "7dcc80a521f441a3b57a6e80bad5dfc5", "position": {"x": -1141.5759868712792, "y": 1036.2334968938715}, "channel": 10}, "attempt": 1}
2026-09-13 10:21:36,192 INFO response {"request_id": "7dcc80a521f441a3b57a6e80bad5dfc5", "http_status": 200, "body": {"accepted": true, "real_timestamp_ms": 1789266092110, "virtual_time_s": 3651.64553, "clear_result": "success"}}
2026-09-13 10:21:36,197 INFO request {"path": "/clear", "payload": {"arena_id": "default", "robot_id": "202601002029", "request_id": "21c50c6eb4b14c4f9f3b5f6ffa100826", "position": {"x": -1367.0223287108092, "y": 940.7022629571225}, "channel": 16}, "attempt": 1}
2026-09-13 10:21:36,200 INFO response {"request_id": "21c50c6eb4b14c4f9f3b5f6ffa100826", "http_status": 200, "body": {"accepted": true, "real_timestamp_ms": 1789266092117, "virtual_time_s": 3705.615835, "clear_result": "success"}}
2026-09-13 10:21:36,204 INFO request {"path": "/measure", "payload": {"arena_id": "default", "robot_id": "202601002029", "request_id": "2db776e90004491592bba7460b7906ca", "position": {"x": -1666.3518009027187, "y": -268.9363227018813}, "channel": 20}, "attempt": 1}
2026-09-13 10:21:36,206 INFO response {"request_id": "2db776e90004491592bba7460b7906ca", "http_status": 200, "body": {"accepted": true, "real_timestamp_ms": 1789266092124, "virtual_time_s": 3960.840524, "measure_result": "direction", "svd_deg": 324.78}}
2026-09-13 10:21:36,295 INFO request {"path": "/measure", "payload": {"arena_id": "default", "robot_id": "202601002029", "request_id": "9e731f1d44c04807801ea0f038d8fda0", "position": {"x": -1666.3518009027187, "y": -268.9363227018813}, "channel": 2}, "attempt": 1}
2026-09-13 10:21:36,297 INFO response {"request_id": "9e731f1d44c04807801ea0f038d8fda0", "http_status": 200, "body": {"accepted": true, "real_timestamp_ms": 1789266092215, "virtual_time_s": 3966.840524, "measure_result": "direction", "svd_deg": 283.97}}
2026-09-13 10:21:37,390 INFO request {"path": "/measure", "payload": {"arena_id": "default", "robot_id": "202601002029", "request_id": "4e4ae99eb7ff477b9c3f5535591bb361", "position": {"x": -1346.6707095955594, "y": -729.2148746069429}, "channel": 3}, "attempt": 1}
2026-09-13 10:21:37,391 INFO response {"request_id": "4e4ae99eb7ff477b9c3f5535591bb361", "http_status": 200, "body": {"accepted": true, "real_timestamp_ms": 1789266093310, "virtual_time_s": 4084.921271, "measure_result": "direction", "svd_deg": 301.84}}
2026-09-13 10:21:37,480 INFO request {"path": "/measure", "payload": {"arena_id": "default", "robot_id": "202601002029", "request_id": "d5063fb00def4f12914b07b2ee3fdc82", "position": {"x": -1346.6707095955594, "y": -729.2148746069429}, "channel": 2}, "attempt": 1}
2026-09-13 10:21:37,504 INFO response {"request_id": "d5063fb00def4f12914b07b2ee3fdc82", "http_status": 200, "body": {"accepted": true, "real_timestamp_ms": 1789266093422, "virtual_time_s": 4090.921271, "measure_result": "direction", "svd_deg": 184.75}}
2026-09-13 10:21:37,539 INFO request {"path": "/clear", "payload": {"arena_id": "default", "robot_id": "202601002029", "request_id": "4c4777e0e0a54c22830621d3139e3688", "position": {"x": -1421.152276965623, "y": -442.2349606453381}, "channel": 20}, "attempt": 1}
2026-09-13 10:21:37,540 INFO response {"request_id": "4c4777e0e0a54c22830621d3139e3688", "http_status": 200, "body": {"accepted": true, "real_timestamp_ms": 1789266093458, "virtual_time_s": 4155.218817, "clear_result": "success"}}
2026-09-13 10:21:37,545 INFO request {"path": "/clear", "payload": {"arena_id": "default", "robot_id": "202601002029", "request_id": "1baed072f206494caf1178f1db29b38b", "position": {"x": -1551.2399049166495, "y": -745.4543536475139}, "channel": 2}, "attempt": 1}
2026-09-13 10:21:37,548 INFO response {"request_id": "1baed072f206494caf1178f1db29b38b", "http_status": 200, "body": {"accepted": true, "real_timestamp_ms": 1789266093466, "virtual_time_s": 4226.208147, "clear_result": "success"}}
2026-09-13 10:21:37,550 INFO request {"path": "/clear", "payload": {"arena_id": "default", "robot_id": "202601002029", "request_id": "4a4db505168b41249636264301143279", "position": {"x": -1045.5795116965837, "y": -1213.7254052002952}, "channel": 3}, "attempt": 1}
2026-09-13 10:21:37,564 INFO response {"request_id": "4a4db505168b41249636264301143279", "http_status": 200, "body": {"accepted": true, "real_timestamp_ms": 1789266093482, "virtual_time_s": 4369.044312, "clear_result": "success"}}
2026-09-13 10:21:37,566 INFO request {"path": "/exit", "payload": {"arena_id": "default", "robot_id": "202601002029", "request_id": "7d4048d100d04406b347416f1bac75c9"}, "attempt": 1}
2026-09-13 10:21:37,580 INFO response {"request_id": "7d4048d100d04406b347416f1bac75c9", "http_status": 200, "body": {"accepted": true, "real_timestamp_ms": 1789266093498, "virtual_time_s": 4369.044312, "exit_reason": "user_exit"}}
