2026-09-12 16:51:40,651 INFO request {"path": "/enter", "payload": {"arena_id": "default", "robot_id": "202601002029", "request_id": "c88c418375584d67a74ba45b27e7b85a"}, "attempt": 1}
2026-09-12 16:51:40,655 INFO response {"request_id": "c88c418375584d67a74ba45b27e7b85a", "http_status": 200, "body": {"accepted": true, "real_timestamp_ms": 1789203097377, "virtual_time_s": 0, "max_virtual_duration_s": 360000, "max_real_duration_s": 1200, "remaining_real_duration_s": 1200}}
2026-09-12 16:51:40,656 INFO request {"path": "/measure", "payload": {"arena_id": "default", "robot_id": "202601002029", "request_id": "bbbb62f73ce840b9a0296869cae3ec17", "position": {"x": 0.0, "y": 0.0}, "channel": 1}, "attempt": 1}
2026-09-12 16:51:40,671 INFO response {"request_id": "bbbb62f73ce840b9a0296869cae3ec17", "http_status": 200, "body": {"accepted": true, "real_timestamp_ms": 1789203097393, "virtual_time_s": 5, "measure_result": "no_signal"}}
2026-09-12 16:51:40,673 INFO request {"path": "/measure", "payload": {"arena_id": "default", "robot_id": "202601002029", "request_id": "d0f231b1089f4c2c91ac4dfae0cffadc", "position": {"x": 0.0, "y": 0.0}, "channel": 2}, "attempt": 1}
2026-09-12 16:51:40,691 INFO response {"request_id": "d0f231b1089f4c2c91ac4dfae0cffadc", "http_status": 200, "body": {"accepted": true, "real_timestamp_ms": 1789203097412, "virtual_time_s": 11, "measure_result": "direction", "svd_deg": 323.7}}
2026-09-12 16:51:40,697 INFO request {"path": "/measure", "payload": {"arena_id": "default", "robot_id": "202601002029", "request_id": "c2e3db87e1574d3895985563074bc524", "position": {"x": 0.0, "y": 0.0}, "channel": 3}, "attempt": 1}
2026-09-12 16:51:40,699 INFO response {"request_id": "c2e3db87e1574d3895985563074bc524", "http_status": 200, "body": {"accepted": true, "real_timestamp_ms": 1789203097420, "virtual_time_s": 17, "measure_result": "no_signal"}}
2026-09-12 16:51:40,701 INFO request {"path": "/measure", "payload": {"arena_id": "default", "robot_id": "202601002029", "request_id": "aec3603c0e734423a5ba4a400713b98c", "position": {"x": 0.0, "y": 0.0}, "channel": 4}, "attempt": 1}
2026-09-12 16:51:40,703 INFO response {"request_id": "aec3603c0e734423a5ba4a400713b98c", "http_status": 200, "body": {"accepted": true, "real_timestamp_ms": 1789203097424, "virtual_time_s": 23, "measure_result": "direction", "svd_deg": 199.09}}
2026-09-12 16:51:40,705 INFO request {"path": "/measure", "payload": {"arena_id": "default", "robot_id": "202601002029", "request_id": "17167cdfe82d44b6a48a615749e5eeda", "position": {"x": 0.0, "y": 0.0}, "channel": 5}, "attempt": 1}
2026-09-12 16:51:40,720 INFO response {"request_id": "17167cdfe82d44b6a48a615749e5eeda", "http_status": 200, "body": {"accepted": true, "real_timestamp_ms": 1789203097442, "virtual_time_s": 29, "measure_result": "no_signal"}}
2026-09-12 16:51:40,720 INFO request {"path": "/measure", "payload": {"arena_id": "default", "robot_id": "202601002029", "request_id": "13ac1f361b534e3a8aad61a71ad9c29a", "position": {"x": 0.0, "y": 0.0}, "channel": 6}, "attempt": 1}
2026-09-12 16:51:40,740 INFO response {"request_id": "13ac1f361b534e3a8aad61a71ad9c29a", "http_status": 200, "body": {"accepted": true, "real_timestamp_ms": 1789203097462, "virtual_time_s": 35, "measure_result": "direction", "svd_deg": 300.33}}
2026-09-12 16:51:40,746 INFO request {"path": "/measure", "payload": {"arena_id": "default", "robot_id": "202601002029", "request_id": "7e645a73f8e845b7ae13485f85d5b4e5", "position": {"x": 0.0, "y": 0.0}, "channel": 7}, "attempt": 1}
2026-09-12 16:51:40,760 INFO response {"request_id": "7e645a73f8e845b7ae13485f85d5b4e5", "http_status": 200, "body": {"accepted": true, "real_timestamp_ms": 1789203097481, "virtual_time_s": 41, "measure_result": "direction", "svd_deg": 355.0}}
2026-09-12 16:51:40,765 INFO request {"path": "/measure", "payload": {"arena_id": "default", "robot_id": "202601002029", "request_id": "f5d2ffeb6951479a86054a76f76629b4", "position": {"x": 0.0, "y": 0.0}, "channel": 8}, "attempt": 1}
2026-09-12 16:51:40,780 INFO response {"request_id": "f5d2ffeb6951479a86054a76f76629b4", "http_status": 200, "body": {"accepted": true, "real_timestamp_ms": 1789203097501, "virtual_time_s": 47, "measure_result": "direction", "svd_deg": 82.2}}
2026-09-12 16:51:40,783 INFO request {"path": "/measure", "payload": {"arena_id": "default", "robot_id": "202601002029", "request_id": "28b4623eb3ab4708afa12caffe4870ab", "position": {"x": 0.0, "y": 0.0}, "channel": 9}, "attempt": 1}
2026-09-12 16:51:40,800 INFO response {"request_id": "28b4623eb3ab4708afa12caffe4870ab", "http_status": 200, "body": {"accepted": true, "real_timestamp_ms": 1789203097520, "virtual_time_s": 53, "measure_result": "direction", "svd_deg": 313.05}}
2026-09-12 16:51:40,805 INFO request {"path": "/measure", "payload": {"arena_id": "default", "robot_id": "202601002029", "request_id": "5bca6de565cf4033bd8246b3c5b21e3f", "position": {"x": 0.0, "y": 0.0}, "channel": 10}, "attempt": 1}
2026-09-12 16:51:40,807 INFO response {"request_id": "5bca6de565cf4033bd8246b3c5b21e3f", "http_status": 200, "body": {"accepted": true, "real_timestamp_ms": 1789203097529, "virtual_time_s": 59, "measure_result": "direction", "svd_deg": 80.8}}
2026-09-12 16:51:40,812 INFO request {"path": "/measure", "payload": {"arena_id": "default", "robot_id": "202601002029", "request_id": "9fc721902e6e4b478c8d139a0767bb50", "position": {"x": 0.0, "y": 0.0}, "channel": 11}, "attempt": 1}
2026-09-12 16:51:40,835 INFO response {"request_id": "9fc721902e6e4b478c8d139a0767bb50", "http_status": 200, "body": {"accepted": true, "real_timestamp_ms": 1789203097556, "virtual_time_s": 65, "measure_result": "no_signal"}}
2026-09-12 16:51:40,835 INFO request {"path": "/measure", "payload": {"arena_id": "default", "robot_id": "202601002029", "request_id": "f908a489cb354ae78b53052fff3de431", "position": {"x": 0.0, "y": 0.0}, "channel": 12}, "attempt": 1}
2026-09-12 16:51:40,847 INFO response {"request_id": "f908a489cb354ae78b53052fff3de431", "http_status": 200, "body": {"accepted": true, "real_timestamp_ms": 1789203097569, "virtual_time_s": 71, "measure_result": "direction", "svd_deg": 337.57}}
2026-09-12 16:51:40,854 INFO request {"path": "/measure", "payload": {"arena_id": "default", "robot_id": "202601002029", "request_id": "235053563b8d44638a9b00bcf42443c5", "position": {"x": 0.0, "y": 0.0}, "channel": 13}, "attempt": 1}
2026-09-12 16:51:40,858 INFO response {"request_id": "235053563b8d44638a9b00bcf42443c5", "http_status": 200, "body": {"accepted": true, "real_timestamp_ms": 1789203097579, "virtual_time_s": 77, "measure_result": "direction", "svd_deg": 120.22}}
2026-09-12 16:51:40,863 INFO request {"path": "/measure", "payload": {"arena_id": "default", "robot_id": "202601002029", "request_id": "83b9e9913fed41bb8e9c010471eaccb4", "position": {"x": 0.0, "y": 0.0}, "channel": 14}, "attempt": 1}
2026-09-12 16:51:40,865 INFO response {"request_id": "83b9e9913fed41bb8e9c010471eaccb4", "http_status": 200, "body": {"accepted": true, "real_timestamp_ms": 1789203097586, "virtual_time_s": 83, "measure_result": "no_signal"}}
2026-09-12 16:51:40,865 INFO request {"path": "/measure", "payload": {"arena_id": "default", "robot_id": "202601002029", "request_id": "99dbd4771b054523b0822b5c68efacb9", "position": {"x": 0.0, "y": 0.0}, "channel": 15}, "attempt": 1}
2026-09-12 16:51:40,868 INFO response {"request_id": "99dbd4771b054523b0822b5c68efacb9", "http_status": 200, "body": {"accepted": true, "real_timestamp_ms": 1789203097590, "virtual_time_s": 89, "measure_result": "direction", "svd_deg": 169.49}}
2026-09-12 16:51:40,874 INFO request {"path": "/measure", "payload": {"arena_id": "default", "robot_id": "202601002029", "request_id": "ccde29807f77447f9468f9ea9398420a", "position": {"x": 0.0, "y": 0.0}, "channel": 16}, "attempt": 1}
2026-09-12 16:51:40,877 INFO response {"request_id": "ccde29807f77447f9468f9ea9398420a", "http_status": 200, "body": {"accepted": true, "real_timestamp_ms": 1789203097598, "virtual_time_s": 95, "measure_result": "direction", "svd_deg": 96.84}}
2026-09-12 16:51:40,881 INFO request {"path": "/measure", "payload": {"arena_id": "default", "robot_id": "202601002029", "request_id": "78089f2a4497428c95a462e50192f930", "position": {"x": 0.0, "y": 0.0}, "channel": 17}, "attempt": 1}
2026-09-12 16:51:40,883 INFO response {"request_id": "78089f2a4497428c95a462e50192f930", "http_status": 200, "body": {"accepted": true, "real_timestamp_ms": 1789203097604, "virtual_time_s": 101, "measure_result": "no_signal"}}
2026-09-12 16:51:40,883 INFO request {"path": "/measure", "payload": {"arena_id": "default", "robot_id": "202601002029", "request_id": "fdccef6fbdc64d0b8e1344afd5c99fb2", "position": {"x": 0.0, "y": 0.0}, "channel": 18}, "attempt": 1}
2026-09-12 16:51:40,885 INFO response {"request_id": "fdccef6fbdc64d0b8e1344afd5c99fb2", "http_status": 200, "body": {"accepted": true, "real_timestamp_ms": 1789203097606, "virtual_time_s": 107, "measure_result": "no_signal"}}
2026-09-12 16:51:40,885 INFO request {"path": "/measure", "payload": {"arena_id": "default", "robot_id": "202601002029", "request_id": "6e96ac8f39734c8d84996705645017c0", "position": {"x": 0.0, "y": 0.0}, "channel": 19}, "attempt": 1}
2026-09-12 16:51:40,904 INFO response {"request_id": "6e96ac8f39734c8d84996705645017c0", "http_status": 200, "body": {"accepted": true, "real_timestamp_ms": 1789203097627, "virtual_time_s": 113, "measure_result": "direction", "svd_deg": 104.08}}
2026-09-12 16:51:40,907 INFO request {"path": "/measure", "payload": {"arena_id": "default", "robot_id": "202601002029", "request_id": "71c49404ea2d4a869f34fb0eeb979858", "position": {"x": 0.0, "y": 0.0}, "channel": 20}, "attempt": 1}
2026-09-12 16:51:40,908 INFO response {"request_id": "71c49404ea2d4a869f34fb0eeb979858", "http_status": 200, "body": {"accepted": true, "real_timestamp_ms": 1789203097630, "virtual_time_s": 119, "measure_result": "no_signal"}}
2026-09-12 16:51:40,908 INFO request {"path": "/measure", "payload": {"arena_id": "default", "robot_id": "202601002029", "request_id": "c2b7aab4c0264638800220cd3183ba60", "position": {"x": 1130.0, "y": 0.0}, "channel": 20}, "attempt": 1}
2026-09-12 16:51:40,924 INFO response {"request_id": "c2b7aab4c0264638800220cd3183ba60", "http_status": 200, "body": {"accepted": true, "real_timestamp_ms": 1789203097646, "virtual_time_s": 350, "measure_result": "no_signal"}}
2026-09-12 16:51:40,925 INFO request {"path": "/measure", "payload": {"arena_id": "default", "robot_id": "202601002029", "request_id": "752635472b6842c39fbcb659690b472f", "position": {"x": 1130.0, "y": 0.0}, "channel": 1}, "attempt": 1}
2026-09-12 16:51:40,943 INFO response {"request_id": "752635472b6842c39fbcb659690b472f", "http_status": 200, "body": {"accepted": true, "real_timestamp_ms": 1789203097666, "virtual_time_s": 356, "measure_result": "no_signal"}}
2026-09-12 16:51:40,944 INFO request {"path": "/measure", "payload": {"arena_id": "default", "robot_id": "202601002029", "request_id": "42554e57ec354f03a435656d56af3060", "position": {"x": 1130.0, "y": 0.0}, "channel": 3}, "attempt": 1}
2026-09-12 16:51:40,945 INFO response {"request_id": "42554e57ec354f03a435656d56af3060", "http_status": 200, "body": {"accepted": true, "real_timestamp_ms": 1789203097667, "virtual_time_s": 362, "measure_result": "direction", "svd_deg": 116.28}}
2026-09-12 16:51:40,948 INFO request {"path": "/measure", "payload": {"arena_id": "default", "robot_id": "202601002029", "request_id": "24789c0f01584176be2173d72dd0b890", "position": {"x": 1130.0, "y": 0.0}, "channel": 5}, "attempt": 1}
2026-09-12 16:51:40,963 INFO response {"request_id": "24789c0f01584176be2173d72dd0b890", "http_status": 200, "body": {"accepted": true, "real_timestamp_ms": 1789203097685, "virtual_time_s": 368, "measure_result": "no_signal"}}
2026-09-12 16:51:40,963 INFO request {"path": "/measure", "payload": {"arena_id": "default", "robot_id": "202601002029", "request_id": "dce03817aab6449db2c5b566b7677793", "position": {"x": 1130.0, "y": 0.0}, "channel": 11}, "attempt": 1}
2026-09-12 16:51:40,965 INFO response {"request_id": "dce03817aab6449db2c5b566b7677793", "http_status": 200, "body": {"accepted": true, "real_timestamp_ms": 1789203097686, "virtual_time_s": 374, "measure_result": "direction", "svd_deg": 264.13}}
2026-09-12 16:51:40,968 INFO request {"path": "/measure", "payload": {"arena_id": "default", "robot_id": "202601002029", "request_id": "0583de9d706e45d4a85f8a1dad5631bc", "position": {"x": 1130.0, "y": 0.0}, "channel": 14}, "attempt": 1}
2026-09-12 16:51:40,985 INFO response {"request_id": "0583de9d706e45d4a85f8a1dad5631bc", "http_status": 200, "body": {"accepted": true, "real_timestamp_ms": 1789203097706, "virtual_time_s": 380, "measure_result": "no_signal"}}
2026-09-12 16:51:40,985 INFO request {"path": "/measure", "payload": {"arena_id": "default", "robot_id": "202601002029", "request_id": "2bd101d9e3e945b68e35abe463575f50", "position": {"x": 1130.0, "y": 0.0}, "channel": 17}, "attempt": 1}
2026-09-12 16:51:41,004 INFO response {"request_id": "2bd101d9e3e945b68e35abe463575f50", "http_status": 200, "body": {"accepted": true, "real_timestamp_ms": 1789203097726, "virtual_time_s": 386, "measure_result": "no_signal"}}
2026-09-12 16:51:41,004 INFO request {"path": "/measure", "payload": {"arena_id": "default", "robot_id": "202601002029", "request_id": "56350658434945cd92963406ac65edcc", "position": {"x": 1130.0, "y": 0.0}, "channel": 18}, "attempt": 1}
2026-09-12 16:51:41,024 INFO response {"request_id": "56350658434945cd92963406ac65edcc", "http_status": 200, "body": {"accepted": true, "real_timestamp_ms": 1789203097745, "virtual_time_s": 392, "measure_result": "no_signal"}}
2026-09-12 16:51:41,071 INFO request {"path": "/measure", "payload": {"arena_id": "default", "robot_id": "202601002029", "request_id": "4d2a7c951c864f68ad484f7a758d2f0b", "position": {"x": 1130.0, "y": 0.0}, "channel": 9}, "attempt": 1}
2026-09-12 16:51:41,072 INFO response {"request_id": "4d2a7c951c864f68ad484f7a758d2f0b", "http_status": 200, "body": {"accepted": true, "real_timestamp_ms": 1789203097794, "virtual_time_s": 398, "measure_result": "direction", "svd_deg": 249.52}}
2026-09-12 16:51:41,100 INFO request {"path": "/measure", "payload": {"arena_id": "default", "robot_id": "202601002029", "request_id": "e92a29e2a86e4b948035e1c2e26405ca", "position": {"x": 1130.0, "y": 0.0}, "channel": 2}, "attempt": 1}
2026-09-12 16:51:41,101 INFO response {"request_id": "e92a29e2a86e4b948035e1c2e26405ca", "http_status": 200, "body": {"accepted": true, "real_timestamp_ms": 1789203097823, "virtual_time_s": 404, "measure_result": "direction", "svd_deg": 212.92}}
2026-09-12 16:51:41,104 INFO request {"path": "/measure", "payload": {"arena_id": "default", "robot_id": "202601002029", "request_id": "b14a2ef1db68451fae46c77a37b5bc38", "position": {"x": 565.0000000000001, "y": 978.6087062764157}, "channel": 1}, "attempt": 1}
2026-09-12 16:51:41,105 INFO response {"request_id": "b14a2ef1db68451fae46c77a37b5bc38", "http_status": 200, "body": {"accepted": true, "real_timestamp_ms": 1789203097826, "virtual_time_s": 636, "measure_result": "no_signal"}}
2026-09-12 16:51:41,105 INFO request {"path": "/measure", "payload": {"arena_id": "default", "robot_id": "202601002029", "request_id": "c595baa196564218a6ed8db76c3bba5e", "position": {"x": 565.0000000000001, "y": 978.6087062764157}, "channel": 5}, "attempt": 1}
2026-09-12 16:51:41,122 INFO response {"request_id": "c595baa196564218a6ed8db76c3bba5e", "http_status": 200, "body": {"accepted": true, "real_timestamp_ms": 1789203097843, "virtual_time_s": 642, "measure_result": "no_signal"}}
2026-09-12 16:51:41,122 INFO request {"path": "/measure", "payload": {"arena_id": "default", "robot_id": "202601002029", "request_id": "7992489023d34e78b5e199b05c6dd3c3", "position": {"x": 565.0000000000001, "y": 978.6087062764157}, "channel": 14}, "attempt": 1}
2026-09-12 16:51:41,123 INFO response {"request_id": "7992489023d34e78b5e199b05c6dd3c3", "http_status": 200, "body": {"accepted": true, "real_timestamp_ms": 1789203097845, "virtual_time_s": 648, "measure_result": "no_signal"}}
2026-09-12 16:51:41,123 INFO request {"path": "/measure", "payload": {"arena_id": "default", "robot_id": "202601002029", "request_id": "3112682b71034c2493fd720984838a3e", "position": {"x": 565.0000000000001, "y": 978.6087062764157}, "channel": 17}, "attempt": 1}
2026-09-12 16:51:41,142 INFO response {"request_id": "3112682b71034c2493fd720984838a3e", "http_status": 200, "body": {"accepted": true, "real_timestamp_ms": 1789203097864, "virtual_time_s": 654, "measure_result": "no_signal"}}
2026-09-12 16:51:41,142 INFO request {"path": "/measure", "payload": {"arena_id": "default", "robot_id": "202601002029", "request_id": "f7e4546d5184480a8b0efb06b2304cb5", "position": {"x": 565.0000000000001, "y": 978.6087062764157}, "channel": 18}, "attempt": 1}
2026-09-12 16:51:41,162 INFO response {"request_id": "f7e4546d5184480a8b0efb06b2304cb5", "http_status": 200, "body": {"accepted": true, "real_timestamp_ms": 1789203097883, "virtual_time_s": 660, "measure_result": "no_signal"}}
2026-09-12 16:51:41,163 INFO request {"path": "/measure", "payload": {"arena_id": "default", "robot_id": "202601002029", "request_id": "5842809d407f48d097b6be971a07e96a", "position": {"x": 565.0000000000001, "y": 978.6087062764157}, "channel": 20}, "attempt": 1}
2026-09-12 16:51:41,165 INFO response {"request_id": "5842809d407f48d097b6be971a07e96a", "http_status": 200, "body": {"accepted": true, "real_timestamp_ms": 1789203097887, "virtual_time_s": 666, "measure_result": "no_signal"}}
2026-09-12 16:51:41,233 INFO request {"path": "/measure", "payload": {"arena_id": "default", "robot_id": "202601002029", "request_id": "4543949bf37541c5ab42138fbcb5740d", "position": {"x": 565.0000000000001, "y": 978.6087062764157}, "channel": 3}, "attempt": 1}
2026-09-12 16:51:41,250 INFO response {"request_id": "4543949bf37541c5ab42138fbcb5740d", "http_status": 200, "body": {"accepted": true, "real_timestamp_ms": 1789203097972, "virtual_time_s": 672, "measure_result": "direction", "svd_deg": 319.07}}
2026-09-12 16:51:41,304 INFO request {"path": "/measure", "payload": {"arena_id": "default", "robot_id": "202601002029", "request_id": "272142139552429b92a41827cc0e8983", "position": {"x": 565.0000000000001, "y": 978.6087062764157}, "channel": 19}, "attempt": 1}
2026-09-12 16:51:41,320 INFO response {"request_id": "272142139552429b92a41827cc0e8983", "http_status": 200, "body": {"accepted": true, "real_timestamp_ms": 1789203098042, "virtual_time_s": 678, "measure_result": "direction", "svd_deg": 187.41}}
2026-09-12 16:51:41,323 INFO request {"path": "/measure", "payload": {"arena_id": "default", "robot_id": "202601002029", "request_id": "6b3eae64906b475fbb51c266d8c305bd", "position": {"x": -564.9999999999998, "y": 978.6087062764158}, "channel": 1}, "attempt": 1}
2026-09-12 16:51:41,324 INFO response {"request_id": "6b3eae64906b475fbb51c266d8c305bd", "http_status": 200, "body": {"accepted": true, "real_timestamp_ms": 1789203098046, "virtual_time_s": 910, "measure_result": "no_signal"}}
2026-09-12 16:51:41,324 INFO request {"path": "/measure", "payload": {"arena_id": "default", "robot_id": "202601002029", "request_id": "c9848ed319674decbfb7e83215a6ee7b", "position": {"x": -564.9999999999998, "y": 978.6087062764158}, "channel": 5}, "attempt": 1}
2026-09-12 16:51:41,340 INFO response {"request_id": "c9848ed319674decbfb7e83215a6ee7b", "http_status": 200, "body": {"accepted": true, "real_timestamp_ms": 1789203098062, "virtual_time_s": 916, "measure_result": "no_signal"}}
2026-09-12 16:51:41,340 INFO request {"path": "/measure", "payload": {"arena_id": "default", "robot_id": "202601002029", "request_id": "e0b63c4fe77045c4bb5032ffca294140", "position": {"x": -564.9999999999998, "y": 978.6087062764158}, "channel": 14}, "attempt": 1}
2026-09-12 16:51:41,341 INFO response {"request_id": "e0b63c4fe77045c4bb5032ffca294140", "http_status": 200, "body": {"accepted": true, "real_timestamp_ms": 1789203098063, "virtual_time_s": 922, "measure_result": "direction", "svd_deg": 75.19}}
2026-09-12 16:51:41,344 INFO request {"path": "/measure", "payload": {"arena_id": "default", "robot_id": "202601002029", "request_id": "6064b564c4774d6cac6ec1149d361fc9", "position": {"x": -564.9999999999998, "y": 978.6087062764158}, "channel": 17}, "attempt": 1}
2026-09-12 16:51:41,359 INFO response {"request_id": "6064b564c4774d6cac6ec1149d361fc9", "http_status": 200, "body": {"accepted": true, "real_timestamp_ms": 1789203098081, "virtual_time_s": 928, "measure_result": "no_signal"}}
2026-09-12 16:51:41,360 INFO request {"path": "/measure", "payload": {"arena_id": "default", "robot_id": "202601002029", "request_id": "11ac4eccb41f413c8491940de10c29c0", "position": {"x": -564.9999999999998, "y": 978.6087062764158}, "channel": 18}, "attempt": 1}
2026-09-12 16:51:41,361 INFO response {"request_id": "11ac4eccb41f413c8491940de10c29c0", "http_status": 200, "body": {"accepted": true, "real_timestamp_ms": 1789203098083, "virtual_time_s": 934, "measure_result": "no_signal"}}
2026-09-12 16:51:41,361 INFO request {"path": "/measure", "payload": {"arena_id": "default", "robot_id": "202601002029", "request_id": "8dbe4c3467cd40b4b26ed05dfbad6c3e", "position": {"x": -564.9999999999998, "y": 978.6087062764158}, "channel": 20}, "attempt": 1}
2026-09-12 16:51:41,379 INFO response {"request_id": "8dbe4c3467cd40b4b26ed05dfbad6c3e", "http_status": 200, "body": {"accepted": true, "real_timestamp_ms": 1789203098100, "virtual_time_s": 940, "measure_result": "no_signal"}}
2026-09-12 16:51:41,444 INFO request {"path": "/measure", "payload": {"arena_id": "default", "robot_id": "202601002029", "request_id": "a6094e8cf0d346109e72d8c531068a78", "position": {"x": -564.9999999999998, "y": 978.6087062764158}, "channel": 16}, "attempt": 1}
2026-09-12 16:51:41,459 INFO response {"request_id": "a6094e8cf0d346109e72d8c531068a78", "http_status": 200, "body": {"accepted": true, "real_timestamp_ms": 1789203098180, "virtual_time_s": 946, "measure_result": "direction", "svd_deg": 345.08}}
2026-09-12 16:51:41,494 INFO request {"path": "/measure", "payload": {"arena_id": "default", "robot_id": "202601002029", "request_id": "b153cb86312148d09f055a00861b60c2", "position": {"x": -564.9999999999998, "y": 978.6087062764158}, "channel": 10}, "attempt": 1}
2026-09-12 16:51:41,495 INFO response {"request_id": "b153cb86312148d09f055a00861b60c2", "http_status": 200, "body": {"accepted": true, "real_timestamp_ms": 1789203098217, "virtual_time_s": 952, "measure_result": "direction", "svd_deg": 20.27}}
2026-09-12 16:51:41,498 INFO request {"path": "/measure", "payload": {"arena_id": "default", "robot_id": "202601002029", "request_id": "05750175448c4291ac7a492f795cfa8c", "position": {"x": -1130.0, "y": 1.3838508830365092e-13}, "channel": 1}, "attempt": 1}
2026-09-12 16:51:41,499 INFO response {"request_id": "05750175448c4291ac7a492f795cfa8c", "http_status": 200, "body": {"accepted": true, "real_timestamp_ms": 1789203098221, "virtual_time_s": 1184, "measure_result": "no_signal"}}
2026-09-12 16:51:41,499 INFO request {"path": "/measure", "payload": {"arena_id": "default", "robot_id": "202601002029", "request_id": "0364f8b045a445a787e697e3df006a7d", "position": {"x": -1130.0, "y": 1.3838508830365092e-13}, "channel": 5}, "attempt": 1}
2026-09-12 16:51:41,500 INFO response {"request_id": "0364f8b045a445a787e697e3df006a7d", "http_status": 200, "body": {"accepted": true, "real_timestamp_ms": 1789203098222, "virtual_time_s": 1190, "measure_result": "direction", "svd_deg": 265.67}}
2026-09-12 16:51:41,521 INFO request {"path": "/measure", "payload": {"arena_id": "default", "robot_id": "202601002029", "request_id": "b5a2f1165eaf482984b4bb8385485d96", "position": {"x": -1130.0, "y": 1.3838508830365092e-13}, "channel": 15}, "attempt": 1}
2026-09-12 16:51:41,523 INFO response {"request_id": "b5a2f1165eaf482984b4bb8385485d96", "http_status": 200, "body": {"accepted": true, "real_timestamp_ms": 1789203098244, "virtual_time_s": 1196, "measure_result": "direction", "svd_deg": 66.95}}
2026-09-12 16:51:41,537 INFO request {"path": "/measure", "payload": {"arena_id": "default", "robot_id": "202601002029", "request_id": "9a9340586c57446f801063817754851a", "position": {"x": -1130.0, "y": 1.3838508830365092e-13}, "channel": 4}, "attempt": 1}
2026-09-12 16:51:41,538 INFO response {"request_id": "9a9340586c57446f801063817754851a", "http_status": 200, "body": {"accepted": true, "real_timestamp_ms": 1789203098260, "virtual_time_s": 1202, "measure_result": "direction", "svd_deg": 331.92}}
2026-09-12 16:51:51,884 INFO request {"path": "/measure", "payload": {"arena_id": "default", "robot_id": "202601002029", "request_id": "2c604e057e804161bc48384af405319c", "position": {"x": -967.4004167693149, "y": 46.42787145322117}, "channel": 4}, "attempt": 1}
2026-09-12 16:51:51,902 INFO response {"request_id": "2c604e057e804161bc48384af405319c", "http_status": 200, "body": {"accepted": true, "real_timestamp_ms": 1789203108625, "virtual_time_s": 1240.819623, "measure_result": "direction", "svd_deg": 315.81}}
2026-09-12 16:51:51,925 INFO request {"path": "/measure", "payload": {"arena_id": "default", "robot_id": "202601002029", "request_id": "ec60b90f65294523ac995f2bd9a6646f", "position": {"x": -967.4004167693149, "y": 46.42787145322117}, "channel": 15}, "attempt": 1}
2026-09-12 16:51:51,942 INFO response {"request_id": "ec60b90f65294523ac995f2bd9a6646f", "http_status": 200, "body": {"accepted": true, "real_timestamp_ms": 1789203108664, "virtual_time_s": 1246.819623, "measure_result": "direction", "svd_deg": 115.05}}
2026-09-12 16:51:51,954 INFO request {"path": "/measure", "payload": {"arena_id": "default", "robot_id": "202601002029", "request_id": "0d07c2466e70454883b0efba8b3bb595", "position": {"x": -967.4004167693149, "y": 46.42787145322117}, "channel": 13}, "attempt": 1}
2026-09-12 16:51:51,974 INFO response {"request_id": "0d07c2466e70454883b0efba8b3bb595", "http_status": 200, "body": {"accepted": true, "real_timestamp_ms": 1789203108695, "virtual_time_s": 1252.819623, "measure_result": "direction", "svd_deg": 58.23}}
2026-09-12 16:51:52,589 INFO request {"path": "/clear", "payload": {"arena_id": "default", "robot_id": "202601002029", "request_id": "551d4a9581164bc09023c5c34d3450d8", "position": {"x": -678.0696980341165, "y": -234.40817660778777}, "channel": 4}, "attempt": 1}
2026-09-12 16:51:52,607 INFO response {"request_id": "551d4a9581164bc09023c5c34d3450d8", "http_status": 200, "body": {"accepted": true, "real_timestamp_ms": 1789203109329, "virtual_time_s": 1338.462329, "clear_result": "success"}}
2026-09-12 16:51:52,612 INFO request {"path": "/measure", "payload": {"arena_id": "default", "robot_id": "202601002029", "request_id": "39f76f8fe2cf40a3975140b2f7732fe8", "position": {"x": -592.2616715765929, "y": -791.9303429010121}, "channel": 5}, "attempt": 1}
2026-09-12 16:51:52,614 INFO response {"request_id": "39f76f8fe2cf40a3975140b2f7732fe8", "http_status": 200, "body": {"accepted": true, "real_timestamp_ms": 1789203109336, "virtual_time_s": 1457.279701, "measure_result": "direction", "svd_deg": 208.1}}
2026-09-12 16:51:52,628 INFO request {"path": "/measure", "payload": {"arena_id": "default", "robot_id": "202601002029", "request_id": "ed24081ada904d40bbcc2a8f8c69c57a", "position": {"x": -592.2616715765929, "y": -791.9303429010121}, "channel": 6}, "attempt": 1}
2026-09-12 16:51:52,630 INFO response {"request_id": "ed24081ada904d40bbcc2a8f8c69c57a", "http_status": 200, "body": {"accepted": true, "real_timestamp_ms": 1789203109352, "virtual_time_s": 1463.279701, "measure_result": "direction", "svd_deg": 9.07}}
2026-09-12 16:51:54,008 INFO request {"path": "/measure", "payload": {"arena_id": "default", "robot_id": "202601002029", "request_id": "a42bd963964b4370941771c457186ba4", "position": {"x": -843.6001478415635, "y": -1276.3890101702302}, "channel": 5}, "attempt": 1}
2026-09-12 16:51:54,010 INFO response {"request_id": "a42bd963964b4370941771c457186ba4", "http_status": 200, "body": {"accepted": true, "real_timestamp_ms": 1789203110732, "virtual_time_s": 1578.434862, "measure_result": "direction", "svd_deg": 159.05}}
2026-09-12 16:51:54,016 INFO request {"path": "/clear", "payload": {"arena_id": "default", "robot_id": "202601002029", "request_id": "61cd3fdc8c36414d9b5e3e7172bc8b6d", "position": {"x": -1219.5239907329974, "y": -1128.776026536412}, "channel": 5}, "attempt": 1}
2026-09-12 16:51:54,017 INFO response {"request_id": "61cd3fdc8c36414d9b5e3e7172bc8b6d", "http_status": 200, "body": {"accepted": true, "real_timestamp_ms": 1789203110739, "virtual_time_s": 1664.208206, "clear_result": "success"}}
2026-09-12 16:51:54,021 INFO request {"path": "/measure", "payload": {"arena_id": "default", "robot_id": "202601002029", "request_id": "e78e29a3105f4899bb77793b1a08a7cd", "position": {"x": 5.028562066084078, "y": -790.4066258932609}, "channel": 6}, "attempt": 1}
2026-09-12 16:51:54,021 INFO response {"request_id": "e78e29a3105f4899bb77793b1a08a7cd", "http_status": 200, "body": {"accepted": true, "real_timestamp_ms": 1789203110743, "virtual_time_s": 1924.296601, "measure_result": "direction", "svd_deg": 23.36}}
2026-09-12 16:51:54,072 INFO request {"path": "/measure", "payload": {"arena_id": "default", "robot_id": "202601002029", "request_id": "16f3738ee62748edb8d0cc88275a8d2c", "position": {"x": 5.028562066084078, "y": -790.4066258932609}, "channel": 2}, "attempt": 1}
2026-09-12 16:51:54,091 INFO response {"request_id": "16f3738ee62748edb8d0cc88275a8d2c", "http_status": 200, "body": {"accepted": true, "real_timestamp_ms": 1789203110813, "virtual_time_s": 1930.296601, "measure_result": "direction", "svd_deg": 36.67}}
2026-09-12 16:51:54,130 INFO request {"path": "/measure", "payload": {"arena_id": "default", "robot_id": "202601002029", "request_id": "1a4894af9c2e46398e4cc8f32605d68b", "position": {"x": 5.028562066084078, "y": -790.4066258932609}, "channel": 12}, "attempt": 1}
2026-09-12 16:51:54,149 INFO response {"request_id": "1a4894af9c2e46398e4cc8f32605d68b", "http_status": 200, "body": {"accepted": true, "real_timestamp_ms": 1789203110871, "virtual_time_s": 1936.296601, "measure_result": "direction", "svd_deg": 15.86}}
2026-09-12 16:51:54,840 INFO request {"path": "/clear", "payload": {"arena_id": "default", "robot_id": "202601002029", "request_id": "55a9c66e02ec4f7aa5a1b5da3e875077", "position": {"x": 370.4251784010838, "y": -632.8494869408892}, "channel": 6}, "attempt": 1}
2026-09-12 16:51:54,841 INFO response {"request_id": "55a9c66e02ec4f7aa5a1b5da3e875077", "http_status": 200, "body": {"accepted": true, "real_timestamp_ms": 1789203111563, "virtual_time_s": 2020.880252, "clear_result": "success"}}
2026-09-12 16:51:54,866 INFO request {"path": "/measure", "payload": {"arena_id": "default", "robot_id": "202601002029", "request_id": "28e18db3f8ae4d9280dc3bb74104e92e", "position": {"x": 370.4251784010838, "y": -632.8494869408892}, "channel": 11}, "attempt": 1}
2026-09-12 16:51:54,884 INFO response {"request_id": "28e18db3f8ae4d9280dc3bb74104e92e", "http_status": 200, "body": {"accepted": true, "real_timestamp_ms": 1789203111605, "virtual_time_s": 2026.880252, "measure_result": "direction", "svd_deg": 6.89}}
2026-09-12 16:51:54,913 INFO request {"path": "/measure", "payload": {"arena_id": "default", "robot_id": "202601002029", "request_id": "5f7fd8e454a247afbd6f167decbfaa01", "position": {"x": 370.4251784010838, "y": -632.8494869408892}, "channel": 9}, "attempt": 1}
2026-09-12 16:51:54,924 INFO response {"request_id": "5f7fd8e454a247afbd6f167decbfaa01", "http_status": 200, "body": {"accepted": true, "real_timestamp_ms": 1789203111645, "virtual_time_s": 2032.880252, "measure_result": "direction", "svd_deg": 332.92}}
2026-09-12 16:51:54,933 INFO request {"path": "/clear", "payload": {"arena_id": "default", "robot_id": "202601002029", "request_id": "8ece2e2f85d14fdea2017d750c1f9187", "position": {"x": 534.1435417958664, "y": -392.11333481787085}, "channel": 2}, "attempt": 1}
2026-09-12 16:51:54,935 INFO response {"request_id": "8ece2e2f85d14fdea2017d750c1f9187", "http_status": 200, "body": {"accepted": true, "real_timestamp_ms": 1789203111657, "virtual_time_s": 2096.106568, "clear_result": "success"}}
2026-09-12 16:51:54,951 INFO request {"path": "/measure", "payload": {"arena_id": "default", "robot_id": "202601002029", "request_id": "b033c1764bcc4cda8af0c6d4528c48a9", "position": {"x": 534.1435417958664, "y": -392.11333481787085}, "channel": 7}, "attempt": 1}
2026-09-12 16:51:54,961 INFO response {"request_id": "b033c1764bcc4cda8af0c6d4528c48a9", "http_status": 200, "body": {"accepted": true, "real_timestamp_ms": 1789203111683, "virtual_time_s": 2102.106568, "measure_result": "direction", "svd_deg": 32.66}}
2026-09-12 16:51:55,662 INFO request {"path": "/clear", "payload": {"arena_id": "default", "robot_id": "202601002029", "request_id": "e79555aa56a6490f86d6d0ea16012801", "position": {"x": 809.8064502321142, "y": -857.8337039156172}, "channel": 9}, "attempt": 1}
2026-09-12 16:51:55,664 INFO response {"request_id": "e79555aa56a6490f86d6d0ea16012801", "http_status": 200, "body": {"accepted": true, "real_timestamp_ms": 1789203112385, "virtual_time_s": 2215.344362, "clear_result": "success"}}
2026-09-12 16:51:55,684 INFO request {"path": "/measure", "payload": {"arena_id": "default", "robot_id": "202601002029", "request_id": "db5dd220bc15409eb3d4312cb025b68c", "position": {"x": 809.8064502321142, "y": -857.8337039156172}, "channel": 12}, "attempt": 1}
2026-09-12 16:51:55,696 INFO response {"request_id": "db5dd220bc15409eb3d4312cb025b68c", "http_status": 200, "body": {"accepted": true, "real_timestamp_ms": 1789203112418, "virtual_time_s": 2221.344362, "measure_result": "direction", "svd_deg": 49.13}}
2026-09-12 16:51:55,709 INFO request {"path": "/measure", "payload": {"arena_id": "default", "robot_id": "202601002029", "request_id": "db5a8ff2780d416b9ef53a9408323612", "position": {"x": 809.8064502321142, "y": -857.8337039156172}, "channel": 7}, "attempt": 1}
2026-09-12 16:51:55,710 INFO response {"request_id": "db5a8ff2780d416b9ef53a9408323612", "http_status": 200, "body": {"accepted": true, "real_timestamp_ms": 1789203112433, "virtual_time_s": 2227.344362, "measure_result": "direction", "svd_deg": 73.7}}
2026-09-12 16:51:56,449 INFO request {"path": "/clear", "payload": {"arena_id": "default", "robot_id": "202601002029", "request_id": "3e71f8e0a79e4443bd1129351a11a47b", "position": {"x": 1073.4321850520516, "y": -547.6783145284289}, "channel": 11}, "attempt": 1}
2026-09-12 16:51:56,451 INFO response {"request_id": "3e71f8e0a79e4443bd1129351a11a47b", "http_status": 200, "body": {"accepted": true, "real_timestamp_ms": 1789203113172, "virtual_time_s": 2313.755637, "clear_result": "success"}}
2026-09-12 16:51:56,463 INFO request {"path": "/measure", "payload": {"arena_id": "default", "robot_id": "202601002029", "request_id": "58cecbd0a26144188a8b147cdbb8b5d1", "position": {"x": 1073.4321850520516, "y": -547.6783145284289}, "channel": 12}, "attempt": 1}
2026-09-12 16:51:56,476 INFO response {"request_id": "58cecbd0a26144188a8b147cdbb8b5d1", "http_status": 200, "body": {"accepted": true, "real_timestamp_ms": 1789203113198, "virtual_time_s": 2319.755637, "measure_result": "direction", "svd_deg": 46.13}}
2026-09-12 16:51:57,068 INFO request {"path": "/measure", "payload": {"arena_id": "default", "robot_id": "202601002029", "request_id": "3abf27d4f8214276a83b023e8f66d2e3", "position": {"x": 1146.0747825481099, "y": -872.4188097555302}, "channel": 12}, "attempt": 1}
2026-09-12 16:51:57,084 INFO response {"request_id": "3abf27d4f8214276a83b023e8f66d2e3", "http_status": 200, "body": {"accepted": true, "real_timestamp_ms": 1789203113806, "virtual_time_s": 2391.308875, "measure_result": "direction", "svd_deg": 88.7}}
2026-09-12 16:51:57,091 INFO request {"path": "/clear", "payload": {"arena_id": "default", "robot_id": "202601002029", "request_id": "c23a850b68d84c6c9eccb9fe9ccef720", "position": {"x": 1155.476178555586, "y": -464.4974735845419}, "channel": 12}, "attempt": 1}
2026-09-12 16:51:57,092 INFO response {"request_id": "c23a850b68d84c6c9eccb9fe9ccef720", "http_status": 200, "body": {"accepted": true, "real_timestamp_ms": 1789203113814, "virtual_time_s": 2477.914807, "clear_result": "success"}}
2026-09-12 16:51:57,093 INFO request {"path": "/clear", "payload": {"arena_id": "default", "robot_id": "202601002029", "request_id": "8462bd5603c943548e66579be7b07432", "position": {"x": 1034.9321171811312, "y": -83.30277463182382}, "channel": 7}, "attempt": 1}
2026-09-12 16:51:57,113 INFO response {"request_id": "8462bd5603c943548e66579be7b07432", "http_status": 200, "body": {"accepted": true, "real_timestamp_ms": 1789203113835, "virtual_time_s": 2562.874864, "clear_result": "success"}}
2026-09-12 16:51:57,117 INFO request {"path": "/measure", "payload": {"arena_id": "default", "robot_id": "202601002029", "request_id": "81d06cc73c514c3e99816285414fe52b", "position": {"x": 695.6892320215925, "y": 600.5606608726516}, "channel": 3}, "attempt": 1}
2026-09-12 16:51:57,134 INFO response {"request_id": "81d06cc73c514c3e99816285414fe52b", "http_status": 200, "body": {"accepted": true, "real_timestamp_ms": 1789203113855, "virtual_time_s": 2721.551638, "measure_result": "direction", "svd_deg": 89.2}}
2026-09-12 16:51:57,201 INFO request {"path": "/measure", "payload": {"arena_id": "default", "robot_id": "202601002029", "request_id": "4a8274e5ec5344869404111a1e847190", "position": {"x": 695.6892320215925, "y": 600.5606608726516}, "channel": 8}, "attempt": 1}
2026-09-12 16:51:57,222 INFO response {"request_id": "4a8274e5ec5344869404111a1e847190", "http_status": 200, "body": {"accepted": true, "real_timestamp_ms": 1789203113944, "virtual_time_s": 2727.551638, "measure_result": "direction", "svd_deg": 146.46}}
2026-09-12 16:51:57,258 INFO request {"path": "/measure", "payload": {"arena_id": "default", "robot_id": "202601002029", "request_id": "37ba7811fcf9490386831ae5c17ea2f5", "position": {"x": 695.6892320215925, "y": 600.5606608726516}, "channel": 10}, "attempt": 1}
2026-09-12 16:51:57,271 INFO response {"request_id": "37ba7811fcf9490386831ae5c17ea2f5", "http_status": 200, "body": {"accepted": true, "real_timestamp_ms": 1789203113993, "virtual_time_s": 2733.551638, "measure_result": "direction", "svd_deg": 127.55}}
2026-09-12 16:51:57,924 INFO request {"path": "/clear", "payload": {"arena_id": "default", "robot_id": "202601002029", "request_id": "90c35d485d5c45f2a977a913ff277dd3", "position": {"x": 699.202363136719, "y": 862.0375656941769}, "channel": 3}, "attempt": 1}
2026-09-12 16:51:57,926 INFO response {"request_id": "90c35d485d5c45f2a977a913ff277dd3", "http_status": 200, "body": {"accepted": true, "real_timestamp_ms": 1789203114647, "virtual_time_s": 2790.851739, "clear_result": "success"}}
2026-09-12 16:51:57,954 INFO request {"path": "/measure", "payload": {"arena_id": "default", "robot_id": "202601002029", "request_id": "1c6739320e2a4277975f71ca8744d730", "position": {"x": 699.202363136719, "y": 862.0375656941769}, "channel": 8}, "attempt": 1}
2026-09-12 16:51:57,965 INFO response {"request_id": "1c6739320e2a4277975f71ca8744d730", "http_status": 200, "body": {"accepted": true, "real_timestamp_ms": 1789203114687, "virtual_time_s": 2796.851739, "measure_result": "direction", "svd_deg": 168.72}}
2026-09-12 16:51:58,813 INFO request {"path": "/measure", "payload": {"arena_id": "default", "robot_id": "202601002029", "request_id": "9cd8b413870e4eeb84452ac3d67f35dc", "position": {"x": 532.2473248123755, "y": 974.1190507715345}, "channel": 8}, "attempt": 1}
2026-09-12 16:51:58,826 INFO response {"request_id": "9cd8b413870e4eeb84452ac3d67f35dc", "http_status": 200, "body": {"accepted": true, "real_timestamp_ms": 1789203115548, "virtual_time_s": 2842.06927, "measure_result": "direction", "svd_deg": 180.35}}
2026-09-12 16:51:58,850 INFO request {"path": "/measure", "payload": {"arena_id": "default", "robot_id": "202601002029", "request_id": "54c6fc3d618c4382a10c0f4bafea8379", "position": {"x": 532.2473248123755, "y": 974.1190507715345}, "channel": 16}, "attempt": 1}
2026-09-12 16:51:58,865 INFO response {"request_id": "54c6fc3d618c4382a10c0f4bafea8379", "http_status": 200, "body": {"accepted": true, "real_timestamp_ms": 1789203115587, "virtual_time_s": 2848.06927, "measure_result": "direction", "svd_deg": 190.86}}
2026-09-12 16:51:58,881 INFO request {"path": "/measure", "payload": {"arena_id": "default", "robot_id": "202601002029", "request_id": "6fccc0ac8f6f441d8b46f55580600cf8", "position": {"x": 532.2473248123755, "y": 974.1190507715345}, "channel": 13}, "attempt": 1}
2026-09-12 16:51:58,896 INFO response {"request_id": "6fccc0ac8f6f441d8b46f55580600cf8", "http_status": 200, "body": {"accepted": true, "real_timestamp_ms": 1789203115618, "virtual_time_s": 2854.06927, "measure_result": "direction", "svd_deg": 188.36}}
2026-09-12 16:51:59,648 INFO request {"path": "/measure", "payload": {"arena_id": "default", "robot_id": "202601002029", "request_id": "e839f4c14a2e48ca9afa6c7549bf91f3", "position": {"x": 370.2117757667696, "y": 994.1185907068682}, "channel": 19}, "attempt": 1}
2026-09-12 16:51:59,660 INFO response {"request_id": "e839f4c14a2e48ca9afa6c7549bf91f3", "http_status": 200, "body": {"accepted": true, "real_timestamp_ms": 1789203116382, "virtual_time_s": 2892.722295, "measure_result": "direction", "svd_deg": 191.12}}
2026-09-12 16:51:59,687 INFO request {"path": "/measure", "payload": {"arena_id": "default", "robot_id": "202601002029", "request_id": "8cc0a85f29a44e6abada63b45d11894d", "position": {"x": 370.2117757667696, "y": 994.1185907068682}, "channel": 13}, "attempt": 1}
2026-09-12 16:51:59,688 INFO response {"request_id": "8cc0a85f29a44e6abada63b45d11894d", "http_status": 200, "body": {"accepted": true, "real_timestamp_ms": 1789203116410, "virtual_time_s": 2898.722295, "measure_result": "direction", "svd_deg": 190.82}}
2026-09-12 16:51:59,702 INFO request {"path": "/measure", "payload": {"arena_id": "default", "robot_id": "202601002029", "request_id": "5c453aa4609a4dd58f4830e7b905ec51", "position": {"x": 370.2117757667696, "y": 994.1185907068682}, "channel": 14}, "attempt": 1}
2026-09-12 16:51:59,702 INFO response {"request_id": "5c453aa4609a4dd58f4830e7b905ec51", "http_status": 200, "body": {"accepted": true, "real_timestamp_ms": 1789203116425, "virtual_time_s": 2904.722295, "measure_result": "direction", "svd_deg": 162.9}}
2026-09-12 16:51:59,705 INFO request {"path": "/clear", "payload": {"arena_id": "default", "robot_id": "202601002029", "request_id": "538909e84a9f4eb0971f6234dba76c42", "position": {"x": 195.85874802596433, "y": 1256.3416136447427}, "channel": 10}, "attempt": 1}
2026-09-12 16:51:59,706 INFO response {"request_id": "538909e84a9f4eb0971f6234dba76c42", "http_status": 200, "body": {"accepted": true, "real_timestamp_ms": 1789203116428, "virtual_time_s": 2972.701622, "clear_result": "success"}}
2026-09-12 16:51:59,706 INFO request {"path": "/clear", "payload": {"arena_id": "default", "robot_id": "202601002029", "request_id": "505ac7cfc6ce4de2bbd6b0929c63b1d3", "position": {"x": 133.39431962515326, "y": 972.8853581899243}, "channel": 8}, "attempt": 1}
2026-09-12 16:51:59,707 INFO response {"request_id": "505ac7cfc6ce4de2bbd6b0929c63b1d3", "http_status": 200, "body": {"accepted": true, "real_timestamp_ms": 1789203116429, "virtual_time_s": 3035.753066, "clear_result": "success"}}
2026-09-12 16:51:59,707 INFO request {"path": "/clear", "payload": {"arena_id": "default", "robot_id": "202601002029", "request_id": "dd2818033752422e8197f7d9e8470915", "position": {"x": -102.45134459803637, "y": 852.6078046759337}, "channel": 16}, "attempt": 1}
2026-09-12 16:51:59,720 INFO response {"request_id": "dd2818033752422e8197f7d9e8470915", "http_status": 200, "body": {"accepted": true, "real_timestamp_ms": 1789203116442, "virtual_time_s": 3093.702048, "clear_result": "success"}}
2026-09-12 16:51:59,721 INFO request {"path": "/clear", "payload": {"arena_id": "default", "robot_id": "202601002029", "request_id": "280fcc2150e443c398da99699b929b11", "position": {"x": -220.49286532785507, "y": 878.3040256895263}, "channel": 19}, "attempt": 1}
2026-09-12 16:51:59,740 INFO response {"request_id": "280fcc2150e443c398da99699b929b11", "http_status": 200, "body": {"accepted": true, "real_timestamp_ms": 1789203116462, "virtual_time_s": 3122.863254, "clear_result": "success"}}
2026-09-12 16:51:59,741 INFO request {"path": "/clear", "payload": {"arena_id": "default", "robot_id": "202601002029", "request_id": "16d742e6163f4392995097e38aef4fd5", "position": {"x": -491.10086814870687, "y": 1259.1970138292245}, "channel": 14}, "attempt": 1}
2026-09-12 16:51:59,760 INFO response {"request_id": "16d742e6163f4392995097e38aef4fd5", "http_status": 200, "body": {"accepted": true, "real_timestamp_ms": 1789203116481, "virtual_time_s": 3221.310171, "clear_result": "success"}}
2026-09-12 16:51:59,760 INFO request {"path": "/clear", "payload": {"arena_id": "default", "robot_id": "202601002029", "request_id": "ab16b26c37bc4898a8079fbafb2fa03f", "position": {"x": -482.80954301401243, "y": 828.5621198561865}, "channel": 13}, "attempt": 1}
2026-09-12 16:51:59,762 INFO response {"request_id": "ab16b26c37bc4898a8079fbafb2fa03f", "http_status": 200, "body": {"accepted": true, "real_timestamp_ms": 1789203116484, "virtual_time_s": 3312.453112, "clear_result": "success"}}
2026-09-12 16:51:59,762 INFO request {"path": "/clear", "payload": {"arena_id": "default", "robot_id": "202601002029", "request_id": "02280d9957184ed7955c1a228d2dc329", "position": {"x": -1042.733249959323, "y": 205.3651366601842}, "channel": 15}, "attempt": 1}
2026-09-12 16:51:59,764 INFO response {"request_id": "02280d9957184ed7955c1a228d2dc329", "http_status": 200, "body": {"accepted": true, "real_timestamp_ms": 1789203116485, "virtual_time_s": 3485.010748, "clear_result": "success"}}
2026-09-12 16:51:59,764 INFO request {"path": "/exit", "payload": {"arena_id": "default", "robot_id": "202601002029", "request_id": "f698b5f645c2447b8e2e42f7caf1f683"}, "attempt": 1}
2026-09-12 16:51:59,778 INFO response {"request_id": "f698b5f645c2447b8e2e42f7caf1f683", "http_status": 200, "body": {"accepted": true, "real_timestamp_ms": 1789203116500, "virtual_time_s": 3485.010748, "exit_reason": "user_exit"}}
