2026-09-12 14:39:45,009 INFO request {"path": "/enter", "payload": {"arena_id": "default", "robot_id": "202601002029", "request_id": "ca2028c132404d278f19828591a1ed1e"}, "attempt": 1}
2026-09-12 14:39:45,013 INFO response {"request_id": "ca2028c132404d278f19828591a1ed1e", "http_status": 200, "body": {"accepted": true, "real_timestamp_ms": 1789195181677, "virtual_time_s": 0, "max_virtual_duration_s": 360000, "max_real_duration_s": 1200, "remaining_real_duration_s": 1200}}
2026-09-12 14:39:45,013 INFO request {"path": "/measure", "payload": {"arena_id": "default", "robot_id": "202601002029", "request_id": "60cb9a9f0aec4481a20e97ee4ce89eec", "position": {"x": 0.0, "y": 0.0}, "channel": 1}, "attempt": 1}
2026-09-12 14:39:45,014 INFO response {"request_id": "60cb9a9f0aec4481a20e97ee4ce89eec", "http_status": 200, "body": {"accepted": true, "real_timestamp_ms": 1789195181678, "virtual_time_s": 5, "measure_result": "direction", "svd_deg": 245.09}}
2026-09-12 14:39:45,018 INFO request {"path": "/measure", "payload": {"arena_id": "default", "robot_id": "202601002029", "request_id": "2488d2902ca448e2a0109962449d3416", "position": {"x": 0.0, "y": 0.0}, "channel": 2}, "attempt": 1}
2026-09-12 14:39:45,019 INFO response {"request_id": "2488d2902ca448e2a0109962449d3416", "http_status": 200, "body": {"accepted": true, "real_timestamp_ms": 1789195181683, "virtual_time_s": 11, "measure_result": "no_signal"}}
2026-09-12 14:39:45,020 INFO request {"path": "/measure", "payload": {"arena_id": "default", "robot_id": "202601002029", "request_id": "4690eab0d2a446bfbd2f32d28fbc2b47", "position": {"x": 0.0, "y": 0.0}, "channel": 3}, "attempt": 1}
2026-09-12 14:39:45,021 INFO response {"request_id": "4690eab0d2a446bfbd2f32d28fbc2b47", "http_status": 200, "body": {"accepted": true, "real_timestamp_ms": 1789195181684, "virtual_time_s": 17, "measure_result": "direction", "svd_deg": 39.52}}
2026-09-12 14:39:45,026 INFO request {"path": "/measure", "payload": {"arena_id": "default", "robot_id": "202601002029", "request_id": "61e3ff72e5864a8891672b35395465e2", "position": {"x": 0.0, "y": 0.0}, "channel": 4}, "attempt": 1}
2026-09-12 14:39:45,027 INFO response {"request_id": "61e3ff72e5864a8891672b35395465e2", "http_status": 200, "body": {"accepted": true, "real_timestamp_ms": 1789195181691, "virtual_time_s": 23, "measure_result": "direction", "svd_deg": 248.21}}
2026-09-12 14:39:45,030 INFO request {"path": "/measure", "payload": {"arena_id": "default", "robot_id": "202601002029", "request_id": "d78a7ceac70b404a9013576eb77820ca", "position": {"x": 0.0, "y": 0.0}, "channel": 5}, "attempt": 1}
2026-09-12 14:39:45,031 INFO response {"request_id": "d78a7ceac70b404a9013576eb77820ca", "http_status": 200, "body": {"accepted": true, "real_timestamp_ms": 1789195181694, "virtual_time_s": 29, "measure_result": "no_signal"}}
2026-09-12 14:39:45,031 INFO request {"path": "/measure", "payload": {"arena_id": "default", "robot_id": "202601002029", "request_id": "650c6fd86f704459b8c70e17a78ccbc4", "position": {"x": 0.0, "y": 0.0}, "channel": 6}, "attempt": 1}
2026-09-12 14:39:45,043 INFO response {"request_id": "650c6fd86f704459b8c70e17a78ccbc4", "http_status": 200, "body": {"accepted": true, "real_timestamp_ms": 1789195181707, "virtual_time_s": 35, "measure_result": "direction", "svd_deg": 94.42}}
2026-09-12 14:39:45,046 INFO request {"path": "/measure", "payload": {"arena_id": "default", "robot_id": "202601002029", "request_id": "2085d61337a94fb5a5ea3885dba2a9fc", "position": {"x": 0.0, "y": 0.0}, "channel": 7}, "attempt": 1}
2026-09-12 14:39:45,047 INFO response {"request_id": "2085d61337a94fb5a5ea3885dba2a9fc", "http_status": 200, "body": {"accepted": true, "real_timestamp_ms": 1789195181711, "virtual_time_s": 41, "measure_result": "direction", "svd_deg": 54.98}}
2026-09-12 14:39:45,051 INFO request {"path": "/measure", "payload": {"arena_id": "default", "robot_id": "202601002029", "request_id": "a469edba444d4dfd928b0c30073a9f6b", "position": {"x": 0.0, "y": 0.0}, "channel": 8}, "attempt": 1}
2026-09-12 14:39:45,052 INFO response {"request_id": "a469edba444d4dfd928b0c30073a9f6b", "http_status": 200, "body": {"accepted": true, "real_timestamp_ms": 1789195181715, "virtual_time_s": 47, "measure_result": "no_signal"}}
2026-09-12 14:39:45,053 INFO request {"path": "/measure", "payload": {"arena_id": "default", "robot_id": "202601002029", "request_id": "8c5c4e9fb0b3428996aa9ed7ec15ab13", "position": {"x": 0.0, "y": 0.0}, "channel": 9}, "attempt": 1}
2026-09-12 14:39:45,073 INFO response {"request_id": "8c5c4e9fb0b3428996aa9ed7ec15ab13", "http_status": 200, "body": {"accepted": true, "real_timestamp_ms": 1789195181736, "virtual_time_s": 53, "measure_result": "no_signal"}}
2026-09-12 14:39:45,073 INFO request {"path": "/measure", "payload": {"arena_id": "default", "robot_id": "202601002029", "request_id": "16718f3b58d24245a11ea7309a3fc8f6", "position": {"x": 0.0, "y": 0.0}, "channel": 10}, "attempt": 1}
2026-09-12 14:39:45,093 INFO response {"request_id": "16718f3b58d24245a11ea7309a3fc8f6", "http_status": 200, "body": {"accepted": true, "real_timestamp_ms": 1789195181756, "virtual_time_s": 59, "measure_result": "no_signal"}}
2026-09-12 14:39:45,093 INFO request {"path": "/measure", "payload": {"arena_id": "default", "robot_id": "202601002029", "request_id": "310b6cfad8ab4dcca996a32327c831bb", "position": {"x": 0.0, "y": 0.0}, "channel": 11}, "attempt": 1}
2026-09-12 14:39:45,095 INFO response {"request_id": "310b6cfad8ab4dcca996a32327c831bb", "http_status": 200, "body": {"accepted": true, "real_timestamp_ms": 1789195181758, "virtual_time_s": 65, "measure_result": "no_signal"}}
2026-09-12 14:39:45,095 INFO request {"path": "/measure", "payload": {"arena_id": "default", "robot_id": "202601002029", "request_id": "0b102d7d2b644f8aa9ea5f25ce406cbb", "position": {"x": 0.0, "y": 0.0}, "channel": 12}, "attempt": 1}
2026-09-12 14:39:45,097 INFO response {"request_id": "0b102d7d2b644f8aa9ea5f25ce406cbb", "http_status": 200, "body": {"accepted": true, "real_timestamp_ms": 1789195181760, "virtual_time_s": 71, "measure_result": "no_signal"}}
2026-09-12 14:39:45,097 INFO request {"path": "/measure", "payload": {"arena_id": "default", "robot_id": "202601002029", "request_id": "e35c9aac0eca47eaa77be69ebac316d4", "position": {"x": 0.0, "y": 0.0}, "channel": 13}, "attempt": 1}
2026-09-12 14:39:45,099 INFO response {"request_id": "e35c9aac0eca47eaa77be69ebac316d4", "http_status": 200, "body": {"accepted": true, "real_timestamp_ms": 1789195181762, "virtual_time_s": 77, "measure_result": "no_signal"}}
2026-09-12 14:39:45,099 INFO request {"path": "/measure", "payload": {"arena_id": "default", "robot_id": "202601002029", "request_id": "05bcfbf7c6424e33bd707b6e2eb8046e", "position": {"x": 0.0, "y": 0.0}, "channel": 14}, "attempt": 1}
2026-09-12 14:39:45,113 INFO response {"request_id": "05bcfbf7c6424e33bd707b6e2eb8046e", "http_status": 200, "body": {"accepted": true, "real_timestamp_ms": 1789195181776, "virtual_time_s": 83, "measure_result": "no_signal"}}
2026-09-12 14:39:45,113 INFO request {"path": "/measure", "payload": {"arena_id": "default", "robot_id": "202601002029", "request_id": "89fcaa8d5ef7480195b36f659100f0ee", "position": {"x": 0.0, "y": 0.0}, "channel": 15}, "attempt": 1}
2026-09-12 14:39:45,115 INFO response {"request_id": "89fcaa8d5ef7480195b36f659100f0ee", "http_status": 200, "body": {"accepted": true, "real_timestamp_ms": 1789195181778, "virtual_time_s": 89, "measure_result": "no_signal"}}
2026-09-12 14:39:45,115 INFO request {"path": "/measure", "payload": {"arena_id": "default", "robot_id": "202601002029", "request_id": "d1ff278a0c3d4392930f11cfed26b585", "position": {"x": 0.0, "y": 0.0}, "channel": 16}, "attempt": 1}
2026-09-12 14:39:45,133 INFO response {"request_id": "d1ff278a0c3d4392930f11cfed26b585", "http_status": 200, "body": {"accepted": true, "real_timestamp_ms": 1789195181796, "virtual_time_s": 95, "measure_result": "no_signal"}}
2026-09-12 14:39:45,133 INFO request {"path": "/measure", "payload": {"arena_id": "default", "robot_id": "202601002029", "request_id": "886349978398472fa8646fbce38a3c87", "position": {"x": 0.0, "y": 0.0}, "channel": 17}, "attempt": 1}
2026-09-12 14:39:45,152 INFO response {"request_id": "886349978398472fa8646fbce38a3c87", "http_status": 200, "body": {"accepted": true, "real_timestamp_ms": 1789195181815, "virtual_time_s": 101, "measure_result": "no_signal"}}
2026-09-12 14:39:45,153 INFO request {"path": "/measure", "payload": {"arena_id": "default", "robot_id": "202601002029", "request_id": "cfd1fa1827ee4204a90927e53a36ff9a", "position": {"x": 0.0, "y": 0.0}, "channel": 18}, "attempt": 1}
2026-09-12 14:39:45,172 INFO response {"request_id": "cfd1fa1827ee4204a90927e53a36ff9a", "http_status": 200, "body": {"accepted": true, "real_timestamp_ms": 1789195181836, "virtual_time_s": 107, "measure_result": "no_signal"}}
2026-09-12 14:39:45,172 INFO request {"path": "/measure", "payload": {"arena_id": "default", "robot_id": "202601002029", "request_id": "91cdbf9a7b684a838fdc716df96a20ee", "position": {"x": 0.0, "y": 0.0}, "channel": 19}, "attempt": 1}
2026-09-12 14:39:45,174 INFO response {"request_id": "91cdbf9a7b684a838fdc716df96a20ee", "http_status": 200, "body": {"accepted": true, "real_timestamp_ms": 1789195181837, "virtual_time_s": 113, "measure_result": "no_signal"}}
2026-09-12 14:39:45,174 INFO request {"path": "/measure", "payload": {"arena_id": "default", "robot_id": "202601002029", "request_id": "950764b6795a489fa72e1dfc5ea30a1b", "position": {"x": 0.0, "y": 0.0}, "channel": 20}, "attempt": 1}
2026-09-12 14:39:45,176 INFO response {"request_id": "950764b6795a489fa72e1dfc5ea30a1b", "http_status": 200, "body": {"accepted": true, "real_timestamp_ms": 1789195181839, "virtual_time_s": 119, "measure_result": "no_signal"}}
2026-09-12 14:39:45,177 INFO request {"path": "/measure", "payload": {"arena_id": "default", "robot_id": "202601002029", "request_id": "0c747ecfc6b748458d4d635e54faabd4", "position": {"x": 1200.0, "y": 0.0}, "channel": 20}, "attempt": 1}
2026-09-12 14:39:45,192 INFO response {"request_id": "0c747ecfc6b748458d4d635e54faabd4", "http_status": 200, "body": {"accepted": true, "real_timestamp_ms": 1789195181855, "virtual_time_s": 364, "measure_result": "direction", "svd_deg": 265.37}}
2026-09-12 14:39:45,197 INFO request {"path": "/measure", "payload": {"arena_id": "default", "robot_id": "202601002029", "request_id": "55e878ac1356482d892f4227373b60a5", "position": {"x": 1200.0, "y": 0.0}, "channel": 2}, "attempt": 1}
2026-09-12 14:39:45,212 INFO response {"request_id": "55e878ac1356482d892f4227373b60a5", "http_status": 200, "body": {"accepted": true, "real_timestamp_ms": 1789195181875, "virtual_time_s": 370, "measure_result": "no_signal"}}
2026-09-12 14:39:45,212 INFO request {"path": "/measure", "payload": {"arena_id": "default", "robot_id": "202601002029", "request_id": "d21f63485d6742fabc77b93fb4d2edc4", "position": {"x": 1200.0, "y": 0.0}, "channel": 5}, "attempt": 1}
2026-09-12 14:39:45,233 INFO response {"request_id": "d21f63485d6742fabc77b93fb4d2edc4", "http_status": 200, "body": {"accepted": true, "real_timestamp_ms": 1789195181897, "virtual_time_s": 376, "measure_result": "no_signal"}}
2026-09-12 14:39:45,234 INFO request {"path": "/measure", "payload": {"arena_id": "default", "robot_id": "202601002029", "request_id": "129754bfab354b18a94b68e5b2adf9ed", "position": {"x": 1200.0, "y": 0.0}, "channel": 8}, "attempt": 1}
2026-09-12 14:39:45,238 INFO response {"request_id": "129754bfab354b18a94b68e5b2adf9ed", "http_status": 200, "body": {"accepted": true, "real_timestamp_ms": 1789195181901, "virtual_time_s": 382, "measure_result": "no_signal"}}
2026-09-12 14:39:45,238 INFO request {"path": "/measure", "payload": {"arena_id": "default", "robot_id": "202601002029", "request_id": "6caa8c2de607495a8fe81a74ff3dd99b", "position": {"x": 1200.0, "y": 0.0}, "channel": 9}, "attempt": 1}
2026-09-12 14:39:45,240 INFO response {"request_id": "6caa8c2de607495a8fe81a74ff3dd99b", "http_status": 200, "body": {"accepted": true, "real_timestamp_ms": 1789195181904, "virtual_time_s": 388, "measure_result": "no_signal"}}
2026-09-12 14:39:45,241 INFO request {"path": "/measure", "payload": {"arena_id": "default", "robot_id": "202601002029", "request_id": "886f7f1d8be0414eb91290c3e9525931", "position": {"x": 1200.0, "y": 0.0}, "channel": 10}, "attempt": 1}
2026-09-12 14:39:45,243 INFO response {"request_id": "886f7f1d8be0414eb91290c3e9525931", "http_status": 200, "body": {"accepted": true, "real_timestamp_ms": 1789195181906, "virtual_time_s": 394, "measure_result": "no_signal"}}
2026-09-12 14:39:45,243 INFO request {"path": "/measure", "payload": {"arena_id": "default", "robot_id": "202601002029", "request_id": "7243edbf4e8248c2ae3becf0b8ab4183", "position": {"x": 1200.0, "y": 0.0}, "channel": 11}, "attempt": 1}
2026-09-12 14:39:45,245 INFO response {"request_id": "7243edbf4e8248c2ae3becf0b8ab4183", "http_status": 200, "body": {"accepted": true, "real_timestamp_ms": 1789195181908, "virtual_time_s": 400, "measure_result": "no_signal"}}
2026-09-12 14:39:45,245 INFO request {"path": "/measure", "payload": {"arena_id": "default", "robot_id": "202601002029", "request_id": "00953fb3ec454ce8bb093569ecff70d2", "position": {"x": 1200.0, "y": 0.0}, "channel": 12}, "attempt": 1}
2026-09-12 14:39:45,247 INFO response {"request_id": "00953fb3ec454ce8bb093569ecff70d2", "http_status": 200, "body": {"accepted": true, "real_timestamp_ms": 1789195181910, "virtual_time_s": 406, "measure_result": "no_signal"}}
2026-09-12 14:39:45,247 INFO request {"path": "/measure", "payload": {"arena_id": "default", "robot_id": "202601002029", "request_id": "08e672b79de94d2f965fb97825355a26", "position": {"x": 1200.0, "y": 0.0}, "channel": 13}, "attempt": 1}
2026-09-12 14:39:45,249 INFO response {"request_id": "08e672b79de94d2f965fb97825355a26", "http_status": 200, "body": {"accepted": true, "real_timestamp_ms": 1789195181912, "virtual_time_s": 412, "measure_result": "no_signal"}}
2026-09-12 14:39:45,249 INFO request {"path": "/measure", "payload": {"arena_id": "default", "robot_id": "202601002029", "request_id": "4655bb2e7f2741b39d9d9de1378cc905", "position": {"x": 1200.0, "y": 0.0}, "channel": 14}, "attempt": 1}
2026-09-12 14:39:45,251 INFO response {"request_id": "4655bb2e7f2741b39d9d9de1378cc905", "http_status": 200, "body": {"accepted": true, "real_timestamp_ms": 1789195181914, "virtual_time_s": 418, "measure_result": "no_signal"}}
2026-09-12 14:39:45,251 INFO request {"path": "/measure", "payload": {"arena_id": "default", "robot_id": "202601002029", "request_id": "02ea3ad2655a46aca0595acb5d7a2383", "position": {"x": 1200.0, "y": 0.0}, "channel": 15}, "attempt": 1}
2026-09-12 14:39:45,271 INFO response {"request_id": "02ea3ad2655a46aca0595acb5d7a2383", "http_status": 200, "body": {"accepted": true, "real_timestamp_ms": 1789195181934, "virtual_time_s": 424, "measure_result": "no_signal"}}
2026-09-12 14:39:45,271 INFO request {"path": "/measure", "payload": {"arena_id": "default", "robot_id": "202601002029", "request_id": "e4a213dcbdc140fea7237c2e94425809", "position": {"x": 1200.0, "y": 0.0}, "channel": 16}, "attempt": 1}
2026-09-12 14:39:45,272 INFO response {"request_id": "e4a213dcbdc140fea7237c2e94425809", "http_status": 200, "body": {"accepted": true, "real_timestamp_ms": 1789195181935, "virtual_time_s": 430, "measure_result": "no_signal"}}
2026-09-12 14:39:45,272 INFO request {"path": "/measure", "payload": {"arena_id": "default", "robot_id": "202601002029", "request_id": "0354f308d753456d8f15f083e449ea1d", "position": {"x": 1200.0, "y": 0.0}, "channel": 17}, "attempt": 1}
2026-09-12 14:39:45,272 INFO response {"request_id": "0354f308d753456d8f15f083e449ea1d", "http_status": 200, "body": {"accepted": true, "real_timestamp_ms": 1789195181936, "virtual_time_s": 436, "measure_result": "no_signal"}}
2026-09-12 14:39:45,273 INFO request {"path": "/measure", "payload": {"arena_id": "default", "robot_id": "202601002029", "request_id": "249ed34a762642e7a7a65f9103477c27", "position": {"x": 1200.0, "y": 0.0}, "channel": 18}, "attempt": 1}
2026-09-12 14:39:45,273 INFO response {"request_id": "249ed34a762642e7a7a65f9103477c27", "http_status": 200, "body": {"accepted": true, "real_timestamp_ms": 1789195181937, "virtual_time_s": 442, "measure_result": "no_signal"}}
2026-09-12 14:39:45,274 INFO request {"path": "/measure", "payload": {"arena_id": "default", "robot_id": "202601002029", "request_id": "dd12c68e3c8b4285a8df7b274a967c50", "position": {"x": 1200.0, "y": 0.0}, "channel": 19}, "attempt": 1}
2026-09-12 14:39:45,275 INFO response {"request_id": "dd12c68e3c8b4285a8df7b274a967c50", "http_status": 200, "body": {"accepted": true, "real_timestamp_ms": 1789195181938, "virtual_time_s": 448, "measure_result": "direction", "svd_deg": 311.29}}
2026-09-12 14:39:45,290 INFO request {"path": "/measure", "payload": {"arena_id": "default", "robot_id": "202601002029", "request_id": "c2f517d204ce4ac58774a5f1821cfc0d", "position": {"x": 1200.0, "y": 0.0}, "channel": 3}, "attempt": 1}
2026-09-12 14:39:45,310 INFO response {"request_id": "c2f517d204ce4ac58774a5f1821cfc0d", "http_status": 200, "body": {"accepted": true, "real_timestamp_ms": 1789195181973, "virtual_time_s": 454, "measure_result": "direction", "svd_deg": 97.41}}
2026-09-12 14:39:45,335 INFO request {"path": "/measure", "payload": {"arena_id": "default", "robot_id": "202601002029", "request_id": "0c5c1d6b042f47b9afe6370200f64153", "position": {"x": 1200.0, "y": 0.0}, "channel": 7}, "attempt": 1}
2026-09-12 14:39:45,351 INFO response {"request_id": "0c5c1d6b042f47b9afe6370200f64153", "http_status": 200, "body": {"accepted": true, "real_timestamp_ms": 1789195182013, "virtual_time_s": 460, "measure_result": "direction", "svd_deg": 133.12}}
2026-09-12 14:39:45,358 INFO request {"path": "/measure", "payload": {"arena_id": "default", "robot_id": "202601002029", "request_id": "9a7361fe2fa2426bad56f700a123067a", "position": {"x": 600.0000000000001, "y": 1039.2304845413264}, "channel": 2}, "attempt": 1}
2026-09-12 14:39:45,361 INFO response {"request_id": "9a7361fe2fa2426bad56f700a123067a", "http_status": 200, "body": {"accepted": true, "real_timestamp_ms": 1789195182024, "virtual_time_s": 706, "measure_result": "no_signal"}}
2026-09-12 14:39:45,361 INFO request {"path": "/measure", "payload": {"arena_id": "default", "robot_id": "202601002029", "request_id": "7b373601e4ee44428e888bfdf022ebc4", "position": {"x": 600.0000000000001, "y": 1039.2304845413264}, "channel": 5}, "attempt": 1}
2026-09-12 14:39:45,363 INFO response {"request_id": "7b373601e4ee44428e888bfdf022ebc4", "http_status": 200, "body": {"accepted": true, "real_timestamp_ms": 1789195182026, "virtual_time_s": 712, "measure_result": "no_signal"}}
2026-09-12 14:39:45,363 INFO request {"path": "/measure", "payload": {"arena_id": "default", "robot_id": "202601002029", "request_id": "c774450a27c54a2fbe2316ae066fb680", "position": {"x": 600.0000000000001, "y": 1039.2304845413264}, "channel": 8}, "attempt": 1}
2026-09-12 14:39:45,379 INFO response {"request_id": "c774450a27c54a2fbe2316ae066fb680", "http_status": 200, "body": {"accepted": true, "real_timestamp_ms": 1789195182043, "virtual_time_s": 718, "measure_result": "direction", "svd_deg": 150.89}}
2026-09-12 14:39:45,383 INFO request {"path": "/measure", "payload": {"arena_id": "default", "robot_id": "202601002029", "request_id": "8d614edd00d84d64ae48f5b84f036f08", "position": {"x": 600.0000000000001, "y": 1039.2304845413264}, "channel": 9}, "attempt": 1}
2026-09-12 14:39:45,400 INFO response {"request_id": "8d614edd00d84d64ae48f5b84f036f08", "http_status": 200, "body": {"accepted": true, "real_timestamp_ms": 1789195182063, "virtual_time_s": 724, "measure_result": "no_signal"}}
2026-09-12 14:39:45,400 INFO request {"path": "/measure", "payload": {"arena_id": "default", "robot_id": "202601002029", "request_id": "e3fe1738d6ea4e2fb6e2f0d8d83b6814", "position": {"x": 600.0000000000001, "y": 1039.2304845413264}, "channel": 10}, "attempt": 1}
2026-09-12 14:39:45,419 INFO response {"request_id": "e3fe1738d6ea4e2fb6e2f0d8d83b6814", "http_status": 200, "body": {"accepted": true, "real_timestamp_ms": 1789195182082, "virtual_time_s": 730, "measure_result": "no_signal"}}
2026-09-12 14:39:45,419 INFO request {"path": "/measure", "payload": {"arena_id": "default", "robot_id": "202601002029", "request_id": "f78cf86dde5c4778b6b1b6a506b47f72", "position": {"x": 600.0000000000001, "y": 1039.2304845413264}, "channel": 11}, "attempt": 1}
2026-09-12 14:39:45,421 INFO response {"request_id": "f78cf86dde5c4778b6b1b6a506b47f72", "http_status": 200, "body": {"accepted": true, "real_timestamp_ms": 1789195182085, "virtual_time_s": 736, "measure_result": "no_signal"}}
2026-09-12 14:39:45,421 INFO request {"path": "/measure", "payload": {"arena_id": "default", "robot_id": "202601002029", "request_id": "d024a0eeb7db4e358c44244b70f27432", "position": {"x": 600.0000000000001, "y": 1039.2304845413264}, "channel": 12}, "attempt": 1}
2026-09-12 14:39:45,440 INFO response {"request_id": "d024a0eeb7db4e358c44244b70f27432", "http_status": 200, "body": {"accepted": true, "real_timestamp_ms": 1789195182103, "virtual_time_s": 742, "measure_result": "no_signal"}}
2026-09-12 14:39:45,440 INFO request {"path": "/measure", "payload": {"arena_id": "default", "robot_id": "202601002029", "request_id": "ce5788346d33424ba68e0a63db32176d", "position": {"x": 600.0000000000001, "y": 1039.2304845413264}, "channel": 13}, "attempt": 1}
2026-09-12 14:39:45,459 INFO response {"request_id": "ce5788346d33424ba68e0a63db32176d", "http_status": 200, "body": {"accepted": true, "real_timestamp_ms": 1789195182122, "virtual_time_s": 748, "measure_result": "no_signal"}}
2026-09-12 14:39:45,459 INFO request {"path": "/measure", "payload": {"arena_id": "default", "robot_id": "202601002029", "request_id": "2842484d53cc49249cb5b537f985c2cd", "position": {"x": 600.0000000000001, "y": 1039.2304845413264}, "channel": 14}, "attempt": 1}
2026-09-12 14:39:45,479 INFO response {"request_id": "2842484d53cc49249cb5b537f985c2cd", "http_status": 200, "body": {"accepted": true, "real_timestamp_ms": 1789195182142, "virtual_time_s": 754, "measure_result": "direction", "svd_deg": 149.95}}
2026-09-12 14:39:45,481 INFO request {"path": "/measure", "payload": {"arena_id": "default", "robot_id": "202601002029", "request_id": "a80643fc13a540c1987bfcd71ed2303a", "position": {"x": 600.0000000000001, "y": 1039.2304845413264}, "channel": 15}, "attempt": 1}
2026-09-12 14:39:45,499 INFO response {"request_id": "a80643fc13a540c1987bfcd71ed2303a", "http_status": 200, "body": {"accepted": true, "real_timestamp_ms": 1789195182162, "virtual_time_s": 760, "measure_result": "no_signal"}}
2026-09-12 14:39:45,499 INFO request {"path": "/measure", "payload": {"arena_id": "default", "robot_id": "202601002029", "request_id": "ad88e746893c4b5c8b3be0312eee8b5c", "position": {"x": 600.0000000000001, "y": 1039.2304845413264}, "channel": 16}, "attempt": 1}
2026-09-12 14:39:45,500 INFO response {"request_id": "ad88e746893c4b5c8b3be0312eee8b5c", "http_status": 200, "body": {"accepted": true, "real_timestamp_ms": 1789195182163, "virtual_time_s": 766, "measure_result": "no_signal"}}
2026-09-12 14:39:45,500 INFO request {"path": "/measure", "payload": {"arena_id": "default", "robot_id": "202601002029", "request_id": "68351c0182c047ce9c90e126ac44d652", "position": {"x": 600.0000000000001, "y": 1039.2304845413264}, "channel": 17}, "attempt": 1}
2026-09-12 14:39:45,501 INFO response {"request_id": "68351c0182c047ce9c90e126ac44d652", "http_status": 200, "body": {"accepted": true, "real_timestamp_ms": 1789195182164, "virtual_time_s": 772, "measure_result": "no_signal"}}
2026-09-12 14:39:45,501 INFO request {"path": "/measure", "payload": {"arena_id": "default", "robot_id": "202601002029", "request_id": "f94c0cc9386b45df8847c158b0d459f7", "position": {"x": 600.0000000000001, "y": 1039.2304845413264}, "channel": 18}, "attempt": 1}
2026-09-12 14:39:45,518 INFO response {"request_id": "f94c0cc9386b45df8847c158b0d459f7", "http_status": 200, "body": {"accepted": true, "real_timestamp_ms": 1789195182182, "virtual_time_s": 778, "measure_result": "no_signal"}}
2026-09-12 14:39:45,576 INFO request {"path": "/measure", "payload": {"arena_id": "default", "robot_id": "202601002029", "request_id": "59cc04b5dcfe4256912e6f1d381e985d", "position": {"x": 600.0000000000001, "y": 1039.2304845413264}, "channel": 6}, "attempt": 1}
2026-09-12 14:39:45,596 INFO response {"request_id": "59cc04b5dcfe4256912e6f1d381e985d", "http_status": 200, "body": {"accepted": true, "real_timestamp_ms": 1789195182259, "virtual_time_s": 784, "measure_result": "direction", "svd_deg": 215.36}}
2026-09-12 14:39:45,641 INFO request {"path": "/measure", "payload": {"arena_id": "default", "robot_id": "202601002029", "request_id": "4ea2988c2917474393654388baeb6964", "position": {"x": 600.0000000000001, "y": 1039.2304845413264}, "channel": 3}, "attempt": 1}
2026-09-12 14:39:45,654 INFO response {"request_id": "4ea2988c2917474393654388baeb6964", "http_status": 200, "body": {"accepted": true, "real_timestamp_ms": 1789195182317, "virtual_time_s": 790, "measure_result": "direction", "svd_deg": 342.76}}
2026-09-12 14:39:45,660 INFO request {"path": "/measure", "payload": {"arena_id": "default", "robot_id": "202601002029", "request_id": "ac540f2da7e74d689be850c3c4fd15ec", "position": {"x": -599.9999999999998, "y": 1039.2304845413264}, "channel": 2}, "attempt": 1}
2026-09-12 14:39:45,661 INFO response {"request_id": "ac540f2da7e74d689be850c3c4fd15ec", "http_status": 200, "body": {"accepted": true, "real_timestamp_ms": 1789195182324, "virtual_time_s": 1036, "measure_result": "no_signal"}}
2026-09-12 14:39:45,661 INFO request {"path": "/measure", "payload": {"arena_id": "default", "robot_id": "202601002029", "request_id": "08b1009629134b4b9d8bb5f10bf4940a", "position": {"x": -599.9999999999998, "y": 1039.2304845413264}, "channel": 5}, "attempt": 1}
2026-09-12 14:39:45,683 INFO response {"request_id": "08b1009629134b4b9d8bb5f10bf4940a", "http_status": 200, "body": {"accepted": true, "real_timestamp_ms": 1789195182346, "virtual_time_s": 1042, "measure_result": "no_signal"}}
2026-09-12 14:39:45,683 INFO request {"path": "/measure", "payload": {"arena_id": "default", "robot_id": "202601002029", "request_id": "03ded2b8db7c4d089e631be4c2382b74", "position": {"x": -599.9999999999998, "y": 1039.2304845413264}, "channel": 9}, "attempt": 1}
2026-09-12 14:39:45,702 INFO response {"request_id": "03ded2b8db7c4d089e631be4c2382b74", "http_status": 200, "body": {"accepted": true, "real_timestamp_ms": 1789195182365, "virtual_time_s": 1048, "measure_result": "no_signal"}}
2026-09-12 14:39:45,702 INFO request {"path": "/measure", "payload": {"arena_id": "default", "robot_id": "202601002029", "request_id": "10c41671162f46af8fee19997c0714b5", "position": {"x": -599.9999999999998, "y": 1039.2304845413264}, "channel": 10}, "attempt": 1}
2026-09-12 14:39:45,721 INFO response {"request_id": "10c41671162f46af8fee19997c0714b5", "http_status": 200, "body": {"accepted": true, "real_timestamp_ms": 1789195182385, "virtual_time_s": 1054, "measure_result": "no_signal"}}
2026-09-12 14:39:45,722 INFO request {"path": "/measure", "payload": {"arena_id": "default", "robot_id": "202601002029", "request_id": "0d978d6e47b743f1b22f93193080a5c6", "position": {"x": -599.9999999999998, "y": 1039.2304845413264}, "channel": 11}, "attempt": 1}
2026-09-12 14:39:45,742 INFO response {"request_id": "0d978d6e47b743f1b22f93193080a5c6", "http_status": 200, "body": {"accepted": true, "real_timestamp_ms": 1789195182405, "virtual_time_s": 1060, "measure_result": "no_signal"}}
2026-09-12 14:39:45,742 INFO request {"path": "/measure", "payload": {"arena_id": "default", "robot_id": "202601002029", "request_id": "3c6ed568565a439bbe2f0c22e1ee5901", "position": {"x": -599.9999999999998, "y": 1039.2304845413264}, "channel": 12}, "attempt": 1}
2026-09-12 14:39:45,761 INFO response {"request_id": "3c6ed568565a439bbe2f0c22e1ee5901", "http_status": 200, "body": {"accepted": true, "real_timestamp_ms": 1789195182423, "virtual_time_s": 1066, "measure_result": "no_signal"}}
2026-09-12 14:39:45,761 INFO request {"path": "/measure", "payload": {"arena_id": "default", "robot_id": "202601002029", "request_id": "7ed209d4c05b4d6f88642f8da27fc05d", "position": {"x": -599.9999999999998, "y": 1039.2304845413264}, "channel": 13}, "attempt": 1}
2026-09-12 14:39:45,781 INFO response {"request_id": "7ed209d4c05b4d6f88642f8da27fc05d", "http_status": 200, "body": {"accepted": true, "real_timestamp_ms": 1789195182444, "virtual_time_s": 1072, "measure_result": "no_signal"}}
2026-09-12 14:39:45,782 INFO request {"path": "/measure", "payload": {"arena_id": "default", "robot_id": "202601002029", "request_id": "8844792963af4cb085f112e57e8b4245", "position": {"x": -599.9999999999998, "y": 1039.2304845413264}, "channel": 15}, "attempt": 1}
2026-09-12 14:39:45,783 INFO response {"request_id": "8844792963af4cb085f112e57e8b4245", "http_status": 200, "body": {"accepted": true, "real_timestamp_ms": 1789195182447, "virtual_time_s": 1078, "measure_result": "direction", "svd_deg": 210.28}}
2026-09-12 14:39:45,787 INFO request {"path": "/measure", "payload": {"arena_id": "default", "robot_id": "202601002029", "request_id": "0c58910f5904410a9167c996c5ddfd0c", "position": {"x": -599.9999999999998, "y": 1039.2304845413264}, "channel": 16}, "attempt": 1}
2026-09-12 14:39:45,801 INFO response {"request_id": "0c58910f5904410a9167c996c5ddfd0c", "http_status": 200, "body": {"accepted": true, "real_timestamp_ms": 1789195182464, "virtual_time_s": 1084, "measure_result": "no_signal"}}
2026-09-12 14:39:45,802 INFO request {"path": "/measure", "payload": {"arena_id": "default", "robot_id": "202601002029", "request_id": "ef163b0377aa4b74809a8f6b9b6c6e67", "position": {"x": -599.9999999999998, "y": 1039.2304845413264}, "channel": 17}, "attempt": 1}
2026-09-12 14:39:45,803 INFO response {"request_id": "ef163b0377aa4b74809a8f6b9b6c6e67", "http_status": 200, "body": {"accepted": true, "real_timestamp_ms": 1789195182467, "virtual_time_s": 1090, "measure_result": "no_signal"}}
2026-09-12 14:39:45,803 INFO request {"path": "/measure", "payload": {"arena_id": "default", "robot_id": "202601002029", "request_id": "760636ddb73d4bba8b0d7f148a2b572e", "position": {"x": -599.9999999999998, "y": 1039.2304845413264}, "channel": 18}, "attempt": 1}
2026-09-12 14:39:45,820 INFO response {"request_id": "760636ddb73d4bba8b0d7f148a2b572e", "http_status": 200, "body": {"accepted": true, "real_timestamp_ms": 1789195182484, "virtual_time_s": 1096, "measure_result": "no_signal"}}
2026-09-12 14:39:45,863 INFO request {"path": "/measure", "payload": {"arena_id": "default", "robot_id": "202601002029", "request_id": "09fb24268ef94771ab6660588b170a95", "position": {"x": -599.9999999999998, "y": 1039.2304845413264}, "channel": 8}, "attempt": 1}
2026-09-12 14:39:45,864 INFO response {"request_id": "09fb24268ef94771ab6660588b170a95", "http_status": 200, "body": {"accepted": true, "real_timestamp_ms": 1789195182528, "virtual_time_s": 1102, "measure_result": "direction", "svd_deg": 62.34}}
2026-09-12 14:39:45,892 INFO request {"path": "/measure", "payload": {"arena_id": "default", "robot_id": "202601002029", "request_id": "0401229c80be426eb8425f5eb2134533", "position": {"x": -599.9999999999998, "y": 1039.2304845413264}, "channel": 14}, "attempt": 1}
2026-09-12 14:39:45,893 INFO response {"request_id": "0401229c80be426eb8425f5eb2134533", "http_status": 200, "body": {"accepted": true, "real_timestamp_ms": 1789195182557, "virtual_time_s": 1108, "measure_result": "direction", "svd_deg": 33.33}}
2026-09-12 14:39:45,896 INFO request {"path": "/measure", "payload": {"arena_id": "default", "robot_id": "202601002029", "request_id": "6bac82fd3d8e45b8ae3efb17a235fa24", "position": {"x": -1200.0, "y": 1.4695761589768238e-13}, "channel": 2}, "attempt": 1}
2026-09-12 14:39:45,897 INFO response {"request_id": "6bac82fd3d8e45b8ae3efb17a235fa24", "http_status": 200, "body": {"accepted": true, "real_timestamp_ms": 1789195182561, "virtual_time_s": 1354, "measure_result": "no_signal"}}
2026-09-12 14:39:45,897 INFO request {"path": "/measure", "payload": {"arena_id": "default", "robot_id": "202601002029", "request_id": "6cdcbdbac64645268695e471f36c3ef8", "position": {"x": -1200.0, "y": 1.4695761589768238e-13}, "channel": 5}, "attempt": 1}
2026-09-12 14:39:45,908 INFO response {"request_id": "6cdcbdbac64645268695e471f36c3ef8", "http_status": 200, "body": {"accepted": true, "real_timestamp_ms": 1789195182572, "virtual_time_s": 1360, "measure_result": "no_signal"}}
2026-09-12 14:39:45,909 INFO request {"path": "/measure", "payload": {"arena_id": "default", "robot_id": "202601002029", "request_id": "d47e4b4bdfdb4b2e850e0b215315a326", "position": {"x": -1200.0, "y": 1.4695761589768238e-13}, "channel": 9}, "attempt": 1}
2026-09-12 14:39:45,909 INFO response {"request_id": "d47e4b4bdfdb4b2e850e0b215315a326", "http_status": 200, "body": {"accepted": true, "real_timestamp_ms": 1789195182573, "virtual_time_s": 1366, "measure_result": "no_signal"}}
2026-09-12 14:39:45,909 INFO request {"path": "/measure", "payload": {"arena_id": "default", "robot_id": "202601002029", "request_id": "c1888a00d8404ed8a70b1d81617bb7b4", "position": {"x": -1200.0, "y": 1.4695761589768238e-13}, "channel": 10}, "attempt": 1}
2026-09-12 14:39:45,928 INFO response {"request_id": "c1888a00d8404ed8a70b1d81617bb7b4", "http_status": 200, "body": {"accepted": true, "real_timestamp_ms": 1789195182591, "virtual_time_s": 1372, "measure_result": "no_signal"}}
2026-09-12 14:39:45,928 INFO request {"path": "/measure", "payload": {"arena_id": "default", "robot_id": "202601002029", "request_id": "84e403640a8840e29c0ff0ed5466fcb8", "position": {"x": -1200.0, "y": 1.4695761589768238e-13}, "channel": 11}, "attempt": 1}
2026-09-12 14:39:45,929 INFO response {"request_id": "84e403640a8840e29c0ff0ed5466fcb8", "http_status": 200, "body": {"accepted": true, "real_timestamp_ms": 1789195182593, "virtual_time_s": 1378, "measure_result": "no_signal"}}
2026-09-12 14:39:45,929 INFO request {"path": "/measure", "payload": {"arena_id": "default", "robot_id": "202601002029", "request_id": "c8529e46f1b24ac1aebfa829b8b1b0b3", "position": {"x": -1200.0, "y": 1.4695761589768238e-13}, "channel": 12}, "attempt": 1}
2026-09-12 14:39:45,930 INFO response {"request_id": "c8529e46f1b24ac1aebfa829b8b1b0b3", "http_status": 200, "body": {"accepted": true, "real_timestamp_ms": 1789195182593, "virtual_time_s": 1384, "measure_result": "direction", "svd_deg": 263.64}}
2026-09-12 14:39:45,932 INFO request {"path": "/measure", "payload": {"arena_id": "default", "robot_id": "202601002029", "request_id": "bb8d0274c9274d39ab30d4380955ba21", "position": {"x": -1200.0, "y": 1.4695761589768238e-13}, "channel": 13}, "attempt": 1}
2026-09-12 14:39:45,933 INFO response {"request_id": "bb8d0274c9274d39ab30d4380955ba21", "http_status": 200, "body": {"accepted": true, "real_timestamp_ms": 1789195182596, "virtual_time_s": 1390, "measure_result": "no_signal"}}
2026-09-12 14:39:45,933 INFO request {"path": "/measure", "payload": {"arena_id": "default", "robot_id": "202601002029", "request_id": "cb320315451b4eccb66ae17b2a6e65c1", "position": {"x": -1200.0, "y": 1.4695761589768238e-13}, "channel": 16}, "attempt": 1}
2026-09-12 14:39:45,934 INFO response {"request_id": "cb320315451b4eccb66ae17b2a6e65c1", "http_status": 200, "body": {"accepted": true, "real_timestamp_ms": 1789195182597, "virtual_time_s": 1396, "measure_result": "no_signal"}}
2026-09-12 14:39:45,934 INFO request {"path": "/measure", "payload": {"arena_id": "default", "robot_id": "202601002029", "request_id": "8021d89a4e56405c8e96164cd7343c2e", "position": {"x": -1200.0, "y": 1.4695761589768238e-13}, "channel": 17}, "attempt": 1}
2026-09-12 14:39:45,934 INFO response {"request_id": "8021d89a4e56405c8e96164cd7343c2e", "http_status": 200, "body": {"accepted": true, "real_timestamp_ms": 1789195182598, "virtual_time_s": 1402, "measure_result": "no_signal"}}
2026-09-12 14:39:45,934 INFO request {"path": "/measure", "payload": {"arena_id": "default", "robot_id": "202601002029", "request_id": "56edae33c4bc4c8091e69cf505b73f84", "position": {"x": -1200.0, "y": 1.4695761589768238e-13}, "channel": 18}, "attempt": 1}
2026-09-12 14:39:45,935 INFO response {"request_id": "56edae33c4bc4c8091e69cf505b73f84", "http_status": 200, "body": {"accepted": true, "real_timestamp_ms": 1789195182599, "virtual_time_s": 1408, "measure_result": "no_signal"}}
2026-09-12 14:39:45,944 INFO request {"path": "/measure", "payload": {"arena_id": "default", "robot_id": "202601002029", "request_id": "c7de744a5da64210b1a8d7e6000ba5d9", "position": {"x": -1200.0, "y": 1.4695761589768238e-13}, "channel": 15}, "attempt": 1}
2026-09-12 14:39:45,945 INFO response {"request_id": "c7de744a5da64210b1a8d7e6000ba5d9", "http_status": 200, "body": {"accepted": true, "real_timestamp_ms": 1789195182608, "virtual_time_s": 1414, "measure_result": "direction", "svd_deg": 92.11}}
2026-09-12 14:39:45,947 INFO request {"path": "/measure", "payload": {"arena_id": "default", "robot_id": "202601002029", "request_id": "5e281674ac6a4461936c656febecdab3", "position": {"x": -600.0000000000006, "y": -1039.2304845413262}, "channel": 2}, "attempt": 1}
2026-09-12 14:39:45,948 INFO response {"request_id": "5e281674ac6a4461936c656febecdab3", "http_status": 200, "body": {"accepted": true, "real_timestamp_ms": 1789195182612, "virtual_time_s": 1660, "measure_result": "no_signal"}}
2026-09-12 14:39:45,949 INFO request {"path": "/measure", "payload": {"arena_id": "default", "robot_id": "202601002029", "request_id": "0abe41c7b2f347e4886d5f9c31951ee4", "position": {"x": -600.0000000000006, "y": -1039.2304845413262}, "channel": 5}, "attempt": 1}
2026-09-12 14:39:45,949 INFO response {"request_id": "0abe41c7b2f347e4886d5f9c31951ee4", "http_status": 200, "body": {"accepted": true, "real_timestamp_ms": 1789195182613, "virtual_time_s": 1666, "measure_result": "no_signal"}}
2026-09-12 14:39:45,950 INFO request {"path": "/measure", "payload": {"arena_id": "default", "robot_id": "202601002029", "request_id": "db4c2d225f9a4f4098147c4903ab2d0c", "position": {"x": -600.0000000000006, "y": -1039.2304845413262}, "channel": 9}, "attempt": 1}
2026-09-12 14:39:45,968 INFO response {"request_id": "db4c2d225f9a4f4098147c4903ab2d0c", "http_status": 200, "body": {"accepted": true, "real_timestamp_ms": 1789195182631, "virtual_time_s": 1672, "measure_result": "direction", "svd_deg": 250.74}}
2026-09-12 14:39:45,970 INFO request {"path": "/measure", "payload": {"arena_id": "default", "robot_id": "202601002029", "request_id": "0b5ab94777384f868818ffd8d246d709", "position": {"x": -600.0000000000006, "y": -1039.2304845413262}, "channel": 10}, "attempt": 1}
2026-09-12 14:39:45,971 INFO response {"request_id": "0b5ab94777384f868818ffd8d246d709", "http_status": 200, "body": {"accepted": true, "real_timestamp_ms": 1789195182634, "virtual_time_s": 1678, "measure_result": "no_signal"}}
2026-09-12 14:39:45,971 INFO request {"path": "/measure", "payload": {"arena_id": "default", "robot_id": "202601002029", "request_id": "0a6ab437b6684decb58f52a91fd7a2b2", "position": {"x": -600.0000000000006, "y": -1039.2304845413262}, "channel": 11}, "attempt": 1}
2026-09-12 14:39:45,987 INFO response {"request_id": "0a6ab437b6684decb58f52a91fd7a2b2", "http_status": 200, "body": {"accepted": true, "real_timestamp_ms": 1789195182650, "virtual_time_s": 1684, "measure_result": "no_signal"}}
2026-09-12 14:39:45,987 INFO request {"path": "/measure", "payload": {"arena_id": "default", "robot_id": "202601002029", "request_id": "e5997929bdf446e2826a855a025082a4", "position": {"x": -600.0000000000006, "y": -1039.2304845413262}, "channel": 13}, "attempt": 1}
2026-09-12 14:39:46,006 INFO response {"request_id": "e5997929bdf446e2826a855a025082a4", "http_status": 200, "body": {"accepted": true, "real_timestamp_ms": 1789195182669, "virtual_time_s": 1690, "measure_result": "direction", "svd_deg": 335.1}}
2026-09-12 14:39:46,008 INFO request {"path": "/measure", "payload": {"arena_id": "default", "robot_id": "202601002029", "request_id": "f744967b504044dc83d05b34ccae1ba6", "position": {"x": -600.0000000000006, "y": -1039.2304845413262}, "channel": 16}, "attempt": 1}
2026-09-12 14:39:46,009 INFO response {"request_id": "f744967b504044dc83d05b34ccae1ba6", "http_status": 200, "body": {"accepted": true, "real_timestamp_ms": 1789195182673, "virtual_time_s": 1696, "measure_result": "no_signal"}}
2026-09-12 14:39:46,009 INFO request {"path": "/measure", "payload": {"arena_id": "default", "robot_id": "202601002029", "request_id": "e4ef120101b54bb2a15da40208195076", "position": {"x": -600.0000000000006, "y": -1039.2304845413262}, "channel": 17}, "attempt": 1}
2026-09-12 14:39:46,026 INFO response {"request_id": "e4ef120101b54bb2a15da40208195076", "http_status": 200, "body": {"accepted": true, "real_timestamp_ms": 1789195182689, "virtual_time_s": 1702, "measure_result": "no_signal"}}
2026-09-12 14:39:46,026 INFO request {"path": "/measure", "payload": {"arena_id": "default", "robot_id": "202601002029", "request_id": "ca61d9cf88614895971469f103d04942", "position": {"x": -600.0000000000006, "y": -1039.2304845413262}, "channel": 18}, "attempt": 1}
2026-09-12 14:39:46,027 INFO response {"request_id": "ca61d9cf88614895971469f103d04942", "http_status": 200, "body": {"accepted": true, "real_timestamp_ms": 1789195182691, "virtual_time_s": 1708, "measure_result": "direction", "svd_deg": 258.33}}
2026-09-12 14:39:46,040 INFO request {"path": "/measure", "payload": {"arena_id": "default", "robot_id": "202601002029", "request_id": "1adac84e8a524dd6a95617bb42811574", "position": {"x": -600.0000000000006, "y": -1039.2304845413262}, "channel": 12}, "attempt": 1}
2026-09-12 14:39:46,041 INFO response {"request_id": "1adac84e8a524dd6a95617bb42811574", "http_status": 200, "body": {"accepted": true, "real_timestamp_ms": 1789195182704, "virtual_time_s": 1714, "measure_result": "direction", "svd_deg": 133.31}}
2026-09-12 14:39:46,044 INFO request {"path": "/measure", "payload": {"arena_id": "default", "robot_id": "202601002029", "request_id": "455771258d3f4c2794d12396d0466359", "position": {"x": 600.0000000000001, "y": -1039.2304845413264}, "channel": 2}, "attempt": 1}
2026-09-12 14:39:46,046 INFO response {"request_id": "455771258d3f4c2794d12396d0466359", "http_status": 200, "body": {"accepted": true, "real_timestamp_ms": 1789195182710, "virtual_time_s": 1960, "measure_result": "no_signal"}}
2026-09-12 14:39:46,047 INFO request {"path": "/measure", "payload": {"arena_id": "default", "robot_id": "202601002029", "request_id": "97a70d8ffc21461c82d6e4bd65b23a53", "position": {"x": 600.0000000000001, "y": -1039.2304845413264}, "channel": 5}, "attempt": 1}
2026-09-12 14:39:46,065 INFO response {"request_id": "97a70d8ffc21461c82d6e4bd65b23a53", "http_status": 200, "body": {"accepted": true, "real_timestamp_ms": 1789195182729, "virtual_time_s": 1966, "measure_result": "no_signal"}}
2026-09-12 14:39:46,065 INFO request {"path": "/measure", "payload": {"arena_id": "default", "robot_id": "202601002029", "request_id": "8a1773e0ab0a45dc910a8bcd4e0d1e15", "position": {"x": 600.0000000000001, "y": -1039.2304845413264}, "channel": 10}, "attempt": 1}
2026-09-12 14:39:46,085 INFO response {"request_id": "8a1773e0ab0a45dc910a8bcd4e0d1e15", "http_status": 200, "body": {"accepted": true, "real_timestamp_ms": 1789195182749, "virtual_time_s": 1972, "measure_result": "no_signal"}}
2026-09-12 14:39:46,085 INFO request {"path": "/measure", "payload": {"arena_id": "default", "robot_id": "202601002029", "request_id": "b5b01ce8f18b4f18a40ddfab9c0ced66", "position": {"x": 600.0000000000001, "y": -1039.2304845413264}, "channel": 11}, "attempt": 1}
2026-09-12 14:39:46,105 INFO response {"request_id": "b5b01ce8f18b4f18a40ddfab9c0ced66", "http_status": 200, "body": {"accepted": true, "real_timestamp_ms": 1789195182768, "virtual_time_s": 1978, "measure_result": "no_signal"}}
2026-09-12 14:39:46,105 INFO request {"path": "/measure", "payload": {"arena_id": "default", "robot_id": "202601002029", "request_id": "8bead26b2a0f4eb7850080489362d734", "position": {"x": 600.0000000000001, "y": -1039.2304845413264}, "channel": 16}, "attempt": 1}
2026-09-12 14:39:46,125 INFO response {"request_id": "8bead26b2a0f4eb7850080489362d734", "http_status": 200, "body": {"accepted": true, "real_timestamp_ms": 1789195182788, "virtual_time_s": 1984, "measure_result": "no_signal"}}
2026-09-12 14:39:46,126 INFO request {"path": "/measure", "payload": {"arena_id": "default", "robot_id": "202601002029", "request_id": "00daca4bf3ee488fb7e9699d18ec4659", "position": {"x": 600.0000000000001, "y": -1039.2304845413264}, "channel": 17}, "attempt": 1}
2026-09-12 14:39:46,144 INFO response {"request_id": "00daca4bf3ee488fb7e9699d18ec4659", "http_status": 200, "body": {"accepted": true, "real_timestamp_ms": 1789195182808, "virtual_time_s": 1990, "measure_result": "no_signal"}}
2026-09-12 14:39:46,187 INFO request {"path": "/measure", "payload": {"arena_id": "default", "robot_id": "202601002029", "request_id": "d23b705bb6c9489d86c9d388bde37aa9", "position": {"x": 600.0000000000001, "y": -1039.2304845413264}, "channel": 1}, "attempt": 1}
2026-09-12 14:39:46,203 INFO response {"request_id": "d23b705bb6c9489d86c9d388bde37aa9", "http_status": 200, "body": {"accepted": true, "real_timestamp_ms": 1789195182866, "virtual_time_s": 1996, "measure_result": "direction", "svd_deg": 154.54}}
2026-09-12 14:39:46,261 INFO request {"path": "/measure", "payload": {"arena_id": "default", "robot_id": "202601002029", "request_id": "f23899463ebc4eda9fb18af214ab648f", "position": {"x": 600.0000000000001, "y": -1039.2304845413264}, "channel": 4}, "attempt": 1}
2026-09-12 14:39:46,281 INFO response {"request_id": "f23899463ebc4eda9fb18af214ab648f", "http_status": 200, "body": {"accepted": true, "real_timestamp_ms": 1789195182944, "virtual_time_s": 2002, "measure_result": "direction", "svd_deg": 187.49}}
2026-09-12 14:39:53,565 INFO request {"path": "/measure", "payload": {"arena_id": "default", "robot_id": "202601002029", "request_id": "a335d2d20a4a4a6f9bcc524a056b2786", "position": {"x": 398.179814898057, "y": -1148.1133624957442}, "channel": 13}, "attempt": 1}
2026-09-12 14:39:53,586 INFO response {"request_id": "a335d2d20a4a4a6f9bcc524a056b2786", "http_status": 200, "body": {"accepted": true, "real_timestamp_ms": 1789195190249, "virtual_time_s": 2053.863654, "measure_result": "direction", "svd_deg": 205.75}}
2026-09-12 14:39:53,628 INFO request {"path": "/measure", "payload": {"arena_id": "default", "robot_id": "202601002029", "request_id": "a6d04608cc964f6da5e505735b858d19", "position": {"x": 398.179814898057, "y": -1148.1133624957442}, "channel": 20}, "attempt": 1}
2026-09-12 14:39:53,643 INFO response {"request_id": "a6d04608cc964f6da5e505735b858d19", "http_status": 200, "body": {"accepted": true, "real_timestamp_ms": 1789195190306, "virtual_time_s": 2059.863654, "measure_result": "no_signal"}}
2026-09-12 14:39:53,671 INFO request {"path": "/measure", "payload": {"arena_id": "default", "robot_id": "202601002029", "request_id": "2ab34c787d0043ba97d973f1af418dee", "position": {"x": 398.179814898057, "y": -1148.1133624957442}, "channel": 4}, "attempt": 1}
2026-09-12 14:39:53,673 INFO response {"request_id": "2ab34c787d0043ba97d973f1af418dee", "http_status": 200, "body": {"accepted": true, "real_timestamp_ms": 1789195190336, "virtual_time_s": 2065.863654, "measure_result": "direction", "svd_deg": 182.62}}
2026-09-12 14:39:55,071 INFO request {"path": "/measure", "payload": {"arena_id": "default", "robot_id": "202601002029", "request_id": "f7aaaf56594944328186c2b84eeb7573", "position": {"x": 24.988745192405922, "y": -928.867223261637}, "channel": 13}, "attempt": 1}
2026-09-12 14:39:55,083 INFO response {"request_id": "f7aaaf56594944328186c2b84eeb7573", "http_status": 200, "body": {"accepted": true, "real_timestamp_ms": 1789195191746, "virtual_time_s": 2158.429339, "measure_result": "direction", "svd_deg": 268.43}}
2026-09-12 14:39:55,113 INFO request {"path": "/measure", "payload": {"arena_id": "default", "robot_id": "202601002029", "request_id": "46d954f46f7644c18f8f4af5478beaec", "position": {"x": 24.988745192405922, "y": -928.867223261637}, "channel": 20}, "attempt": 1}
2026-09-12 14:39:55,132 INFO response {"request_id": "46d954f46f7644c18f8f4af5478beaec", "http_status": 200, "body": {"accepted": true, "real_timestamp_ms": 1789195191795, "virtual_time_s": 2164.429339, "measure_result": "no_signal"}}
2026-09-12 14:39:55,157 INFO request {"path": "/measure", "payload": {"arena_id": "default", "robot_id": "202601002029", "request_id": "e5affcc7098b4ab3aa5f58968b210719", "position": {"x": 24.988745192405922, "y": -928.867223261637}, "channel": 1}, "attempt": 1}
2026-09-12 14:39:55,170 INFO response {"request_id": "e5affcc7098b4ab3aa5f58968b210719", "http_status": 200, "body": {"accepted": true, "real_timestamp_ms": 1789195191834, "virtual_time_s": 2170.429339, "measure_result": "direction", "svd_deg": 136.12}}
2026-09-12 14:39:55,721 INFO request {"path": "/clear", "payload": {"arena_id": "default", "robot_id": "202601002029", "request_id": "1cf02f5b98ff4fb98fe3fcc4375c7269", "position": {"x": 15.803099493978163, "y": -1330.1458026702303}, "channel": 13}, "attempt": 1}
2026-09-12 14:39:55,724 INFO response {"request_id": "1cf02f5b98ff4fb98fe3fcc4375c7269", "http_status": 200, "body": {"accepted": true, "real_timestamp_ms": 1789195192387, "virtual_time_s": 2255.706079, "clear_result": "success"}}
2026-09-12 14:39:55,761 INFO request {"path": "/measure", "payload": {"arena_id": "default", "robot_id": "202601002029", "request_id": "e198b296ac1749d4bfa8df9e6e8bbd5e", "position": {"x": 15.803099493978163, "y": -1330.1458026702303}, "channel": 9}, "attempt": 1}
2026-09-12 14:39:55,763 INFO response {"request_id": "e198b296ac1749d4bfa8df9e6e8bbd5e", "http_status": 200, "body": {"accepted": true, "real_timestamp_ms": 1789195192427, "virtual_time_s": 2261.706079, "measure_result": "direction", "svd_deg": 197.83}}
2026-09-12 14:39:55,785 INFO request {"path": "/measure", "payload": {"arena_id": "default", "robot_id": "202601002029", "request_id": "8a020f4c92d549d3b047664402325c3e", "position": {"x": 15.803099493978163, "y": -1330.1458026702303}, "channel": 18}, "attempt": 1}
2026-09-12 14:39:55,803 INFO response {"request_id": "8a020f4c92d549d3b047664402325c3e", "http_status": 200, "body": {"accepted": true, "real_timestamp_ms": 1789195192466, "virtual_time_s": 2267.706079, "measure_result": "direction", "svd_deg": 183.73}}
2026-09-12 14:39:56,313 INFO request {"path": "/measure", "payload": {"arena_id": "default", "robot_id": "202601002029", "request_id": "fe0c5e5cdb1d4d91befa54d53a006f7a", "position": {"x": -319.97450751119595, "y": -1556.108011066905}, "channel": 4}, "attempt": 1}
2026-09-12 14:39:56,329 INFO response {"request_id": "fe0c5e5cdb1d4d91befa54d53a006f7a", "http_status": 200, "body": {"accepted": true, "real_timestamp_ms": 1789195192993, "virtual_time_s": 2354.651869, "measure_result": "direction", "svd_deg": 112.44}}
2026-09-12 14:39:56,348 INFO request {"path": "/measure", "payload": {"arena_id": "default", "robot_id": "202601002029", "request_id": "f91331267ec24406905cb2377152695a", "position": {"x": -319.97450751119595, "y": -1556.108011066905}, "channel": 9}, "attempt": 1}
2026-09-12 14:39:56,350 INFO response {"request_id": "f91331267ec24406905cb2377152695a", "http_status": 200, "body": {"accepted": true, "real_timestamp_ms": 1789195193013, "virtual_time_s": 2360.651869, "measure_result": "direction", "svd_deg": 183.26}}
2026-09-12 14:39:56,355 INFO request {"path": "/clear", "payload": {"arena_id": "default", "robot_id": "202601002029", "request_id": "688b2dde394446ab8fd6e91c44b68e5d", "position": {"x": -790.292342572191, "y": -1583.1469234345705}, "channel": 9}, "attempt": 1}
2026-09-12 14:39:56,369 INFO response {"request_id": "688b2dde394446ab8fd6e91c44b68e5d", "http_status": 200, "body": {"accepted": true, "real_timestamp_ms": 1789195193032, "virtual_time_s": 2459.870756, "clear_result": "success"}}
2026-09-12 14:39:56,370 INFO request {"path": "/clear", "payload": {"arena_id": "default", "robot_id": "202601002029", "request_id": "d49b369ccbea4dc6869e126fcf75901b", "position": {"x": -669.6013369662571, "y": -1374.9956719709896}, "channel": 18}, "attempt": 1}
2026-09-12 14:39:56,388 INFO response {"request_id": "d49b369ccbea4dc6869e126fcf75901b", "http_status": 200, "body": {"accepted": true, "real_timestamp_ms": 1789195193051, "virtual_time_s": 2512.992793, "clear_result": "success"}}
2026-09-12 14:39:56,391 INFO request {"path": "/clear", "payload": {"arena_id": "default", "robot_id": "202601002029", "request_id": "56acfb99e33d40169ec6621f22dd7d28", "position": {"x": -473.3983422173654, "y": -1185.3474300266694}, "channel": 4}, "attempt": 1}
2026-09-12 14:39:56,393 INFO response {"request_id": "56acfb99e33d40169ec6621f22dd7d28", "http_status": 200, "body": {"accepted": true, "real_timestamp_ms": 1789195193056, "virtual_time_s": 2572.568271, "clear_result": "success"}}
2026-09-12 14:39:56,395 INFO request {"path": "/clear", "payload": {"arena_id": "default", "robot_id": "202601002029", "request_id": "0251c1c0679c43f689bc6f2daccfe8fd", "position": {"x": -289.3445511307308, "y": -623.4736382080048}, "channel": 1}, "attempt": 1}
2026-09-12 14:39:56,409 INFO response {"request_id": "0251c1c0679c43f689bc6f2daccfe8fd", "http_status": 200, "body": {"accepted": true, "real_timestamp_ms": 1789195193072, "virtual_time_s": 2695.818507, "clear_result": "success"}}
2026-09-12 14:39:56,433 INFO request {"path": "/measure", "payload": {"arena_id": "default", "robot_id": "202601002029", "request_id": "3e096b5775114cd4a339a5a7218c9edf", "position": {"x": -289.3445511307308, "y": -623.4736382080048}, "channel": 12}, "attempt": 1}
2026-09-12 14:39:56,449 INFO response {"request_id": "3e096b5775114cd4a339a5a7218c9edf", "http_status": 200, "body": {"accepted": true, "real_timestamp_ms": 1789195193111, "virtual_time_s": 2701.818507, "measure_result": "direction", "svd_deg": 163.91}}
2026-09-12 14:39:56,458 INFO request {"path": "/measure", "payload": {"arena_id": "default", "robot_id": "202601002029", "request_id": "e7820e19da834489b5354224a50d6a60", "position": {"x": 554.3331089472243, "y": -768.8767122444395}, "channel": 20}, "attempt": 1}
2026-09-12 14:39:56,478 INFO response {"request_id": "e7820e19da834489b5354224a50d6a60", "http_status": 200, "body": {"accepted": true, "real_timestamp_ms": 1789195193141, "virtual_time_s": 2879.041642, "measure_result": "direction", "svd_deg": 31.98}}
2026-09-12 14:39:56,502 INFO request {"path": "/measure", "payload": {"arena_id": "default", "robot_id": "202601002029", "request_id": "1512ef91dbe944bea0dc6316e13193bb", "position": {"x": 554.3331089472243, "y": -768.8767122444395}, "channel": 19}, "attempt": 1}
2026-09-12 14:39:56,504 INFO response {"request_id": "1512ef91dbe944bea0dc6316e13193bb", "http_status": 200, "body": {"accepted": true, "real_timestamp_ms": 1789195193167, "virtual_time_s": 2885.041642, "measure_result": "direction", "svd_deg": 16.53}}
2026-09-12 14:39:57,453 INFO request {"path": "/measure", "payload": {"arena_id": "default", "robot_id": "202601002029", "request_id": "79599078f9244d71960d01d0d8779c07", "position": {"x": 1320.4050719729923, "y": -740.1534101686806}, "channel": 19}, "attempt": 1}
2026-09-12 14:39:57,455 INFO response {"request_id": "79599078f9244d71960d01d0d8779c07", "http_status": 200, "body": {"accepted": true, "real_timestamp_ms": 1789195194119, "virtual_time_s": 3043.363693, "measure_result": "direction", "svd_deg": 42.86}}
2026-09-12 14:39:57,467 INFO request {"path": "/measure", "payload": {"arena_id": "default", "robot_id": "202601002029", "request_id": "2057bf89f4d0496e8d7063e178c1df44", "position": {"x": 1320.4050719729923, "y": -740.1534101686806}, "channel": 20}, "attempt": 1}
2026-09-12 14:39:57,468 INFO response {"request_id": "2057bf89f4d0496e8d7063e178c1df44", "http_status": 200, "body": {"accepted": true, "real_timestamp_ms": 1789195194132, "virtual_time_s": 3049.363693, "measure_result": "direction", "svd_deg": 112.41}}
2026-09-12 14:39:57,472 INFO request {"path": "/clear", "payload": {"arena_id": "default", "robot_id": "202601002029", "request_id": "71810cf90e1b4e43bea54aab71f4acfd", "position": {"x": 1612.3569880963844, "y": -469.08895280572676}, "channel": 19}, "attempt": 1}
2026-09-12 14:39:57,473 INFO response {"request_id": "71810cf90e1b4e43bea54aab71f4acfd", "http_status": 200, "body": {"accepted": true, "real_timestamp_ms": 1789195194137, "virtual_time_s": 3134.041008, "clear_result": "success"}}
2026-09-12 14:39:57,474 INFO request {"path": "/clear", "payload": {"arena_id": "default", "robot_id": "202601002029", "request_id": "3e246bad763e4516ac59742c9d2b38f1", "position": {"x": 1173.1148692363467, "y": -382.3340883534549}, "channel": 20}, "attempt": 1}
2026-09-12 14:39:57,491 INFO response {"request_id": "3e246bad763e4516ac59742c9d2b38f1", "http_status": 200, "body": {"accepted": true, "real_timestamp_ms": 1789195194155, "virtual_time_s": 3228.586537, "clear_result": "success"}}
2026-09-12 14:39:57,491 INFO request {"path": "/measure", "payload": {"arena_id": "default", "robot_id": "202601002029", "request_id": "deb8b4e6dc0646e5ab6c413a23b89981", "position": {"x": 1087.639505198113, "y": 485.943453927168}, "channel": 3}, "attempt": 1}
2026-09-12 14:39:57,493 INFO response {"request_id": "deb8b4e6dc0646e5ab6c413a23b89981", "http_status": 200, "body": {"accepted": true, "real_timestamp_ms": 1789195194156, "virtual_time_s": 3409.081457, "measure_result": "direction", "svd_deg": 88.69}}
2026-09-12 14:39:57,520 INFO request {"path": "/measure", "payload": {"arena_id": "default", "robot_id": "202601002029", "request_id": "89a0ef2810ea42b9b4d51c2b1f3c731e", "position": {"x": 1087.639505198113, "y": 485.943453927168}, "channel": 7}, "attempt": 1}
2026-09-12 14:39:57,523 INFO response {"request_id": "89a0ef2810ea42b9b4d51c2b1f3c731e", "http_status": 200, "body": {"accepted": true, "real_timestamp_ms": 1789195194185, "virtual_time_s": 3415.081457, "measure_result": "direction", "svd_deg": 157.42}}
2026-09-12 14:39:57,532 INFO request {"path": "/clear", "payload": {"arena_id": "default", "robot_id": "202601002029", "request_id": "f2c1ac1c53154c7b801395d1f0641682", "position": {"x": 1094.4176219060391, "y": 885.6658942052584}, "channel": 3}, "attempt": 1}
2026-09-12 14:39:57,551 INFO response {"request_id": "f2c1ac1c53154c7b801395d1f0641682", "http_status": 200, "body": {"accepted": true, "real_timestamp_ms": 1789195194214, "virtual_time_s": 3500.037438, "clear_result": "success"}}
2026-09-12 14:39:57,551 INFO request {"path": "/clear", "payload": {"arena_id": "default", "robot_id": "202601002029", "request_id": "b2a92d621c9e456cbd97be86ae8739e5", "position": {"x": 511.35030715286035, "y": 729.411030687696}, "channel": 7}, "attempt": 1}
2026-09-12 14:39:57,553 INFO response {"request_id": "b2a92d621c9e456cbd97be86ae8739e5", "http_status": 200, "body": {"accepted": true, "real_timestamp_ms": 1789195194216, "virtual_time_s": 3625.765741, "clear_result": "success"}}
2026-09-12 14:39:57,605 INFO request {"path": "/measure", "payload": {"arena_id": "default", "robot_id": "202601002029", "request_id": "495ded8d41254a9193e64326aabb098d", "position": {"x": 511.35030715286035, "y": 729.411030687696}, "channel": 6}, "attempt": 1}
2026-09-12 14:39:57,620 INFO response {"request_id": "495ded8d41254a9193e64326aabb098d", "http_status": 200, "body": {"accepted": true, "real_timestamp_ms": 1789195194283, "virtual_time_s": 3631.765741, "measure_result": "direction", "svd_deg": 193.34}}
2026-09-12 14:39:57,648 INFO request {"path": "/measure", "payload": {"arena_id": "default", "robot_id": "202601002029", "request_id": "5fd44c42e8364af58a05ef4af948f5cc", "position": {"x": 511.35030715286035, "y": 729.411030687696}, "channel": 14}, "attempt": 1}
2026-09-12 14:39:57,669 INFO response {"request_id": "5fd44c42e8364af58a05ef4af948f5cc", "http_status": 200, "body": {"accepted": true, "real_timestamp_ms": 1789195194333, "virtual_time_s": 3637.765741, "measure_result": "direction", "svd_deg": 128.87}}
2026-09-12 14:39:58,149 INFO request {"path": "/measure", "payload": {"arena_id": "default", "robot_id": "202601002029", "request_id": "79b95358c78e4eff8af94dffcb3b7f26", "position": {"x": 246.49706331192874, "y": 1124.779425654099}, "channel": 14}, "attempt": 1}
2026-09-12 14:39:58,150 INFO response {"request_id": "79b95358c78e4eff8af94dffcb3b7f26", "http_status": 200, "body": {"accepted": true, "real_timestamp_ms": 1789195194814, "virtual_time_s": 3737.942084, "measure_result": "direction", "svd_deg": 135.4}}
2026-09-12 14:39:58,164 INFO request {"path": "/measure", "payload": {"arena_id": "default", "robot_id": "202601002029", "request_id": "5ecbecde6de945c6991966078fc1be9d", "position": {"x": 246.49706331192874, "y": 1124.779425654099}, "channel": 8}, "attempt": 1}
2026-09-12 14:39:58,182 INFO response {"request_id": "5ecbecde6de945c6991966078fc1be9d", "http_status": 200, "body": {"accepted": true, "real_timestamp_ms": 1789195194846, "virtual_time_s": 3743.942084, "measure_result": "direction", "svd_deg": 144.83}}
2026-09-12 14:39:58,189 INFO request {"path": "/clear", "payload": {"arena_id": "default", "robot_id": "202601002029", "request_id": "c8b5de7672404b269c810bf4154b6bee", "position": {"x": -40.19793493711299, "y": 1407.169143009518}, "channel": 14}, "attempt": 1}
2026-09-12 14:39:58,202 INFO response {"request_id": "c8b5de7672404b269c810bf4154b6bee", "http_status": 200, "body": {"accepted": true, "real_timestamp_ms": 1789195194865, "virtual_time_s": 3829.425119, "clear_result": "success"}}
2026-09-12 14:39:58,202 INFO request {"path": "/clear", "payload": {"arena_id": "default", "robot_id": "202601002029", "request_id": "50a283a366b24543b0110a67035e5749", "position": {"x": -335.0551338641348, "y": 1544.9428035614008}, "channel": 8}, "attempt": 1}
2026-09-12 14:39:58,222 INFO response {"request_id": "50a283a366b24543b0110a67035e5749", "http_status": 200, "body": {"accepted": true, "real_timestamp_ms": 1789195194885, "virtual_time_s": 3899.516547, "clear_result": "success"}}
2026-09-12 14:39:58,222 INFO request {"path": "/clear", "payload": {"arena_id": "default", "robot_id": "202601002029", "request_id": "d00d5b9a278d40d5ba8b14873bc3d747", "position": {"x": -45.786864976264155, "y": 594.4185325324826}, "channel": 6}, "attempt": 1}
2026-09-12 14:39:58,241 INFO response {"request_id": "d00d5b9a278d40d5ba8b14873bc3d747", "http_status": 200, "body": {"accepted": true, "real_timestamp_ms": 1789195194904, "virtual_time_s": 4103.229659, "clear_result": "success"}}
2026-09-12 14:39:58,242 INFO request {"path": "/measure", "payload": {"arena_id": "default", "robot_id": "202601002029", "request_id": "19daf165d3f94710ae0f0b1cd5fd600b", "position": {"x": -823.5015007693785, "y": 675.3497408396852}, "channel": 15}, "attempt": 1}
2026-09-12 14:39:58,260 INFO response {"request_id": "19daf165d3f94710ae0f0b1cd5fd600b", "http_status": 200, "body": {"accepted": true, "real_timestamp_ms": 1789195194923, "virtual_time_s": 4265.612512, "measure_result": "direction", "svd_deg": 177.87}}
2026-09-12 14:39:58,268 INFO request {"path": "/clear", "payload": {"arena_id": "default", "robot_id": "202601002029", "request_id": "b8ddcf8ffd8b49309a7effe20672884d", "position": {"x": -1223.7550339219886, "y": 688.9411269398665}, "channel": 15}, "attempt": 1}
2026-09-12 14:39:58,270 INFO response {"request_id": "b8ddcf8ffd8b49309a7effe20672884d", "http_status": 200, "body": {"accepted": true, "real_timestamp_ms": 1789195194933, "virtual_time_s": 4350.709358, "clear_result": "success"}}
2026-09-12 14:39:58,270 INFO request {"path": "/clear", "payload": {"arena_id": "default", "robot_id": "202601002029", "request_id": "9f41500b7c644b35bb84fee0465b2e3b", "position": {"x": -1238.7879307827525, "y": -350.7223463201561}, "channel": 12}, "attempt": 1}
2026-09-12 14:39:58,272 INFO response {"request_id": "9f41500b7c644b35bb84fee0465b2e3b", "http_status": 200, "body": {"accepted": true, "real_timestamp_ms": 1789195194935, "virtual_time_s": 4563.663788, "clear_result": "success"}}
2026-09-12 14:39:58,272 INFO request {"path": "/exit", "payload": {"arena_id": "default", "robot_id": "202601002029", "request_id": "71c593fc418c4151b5ece8e14a29f0a1"}, "attempt": 1}
2026-09-12 14:39:58,274 INFO response {"request_id": "71c593fc418c4151b5ece8e14a29f0a1", "http_status": 200, "body": {"accepted": true, "real_timestamp_ms": 1789195194937, "virtual_time_s": 4563.663788, "exit_reason": "user_exit"}}
