2026-09-12 15:39:29,246 INFO request {"path": "/enter", "payload": {"arena_id": "default", "robot_id": "202601002029", "request_id": "0750d2de661642168ff06fccba0bdc89"}, "attempt": 1}
2026-09-12 15:39:29,250 INFO response {"request_id": "0750d2de661642168ff06fccba0bdc89", "http_status": 200, "body": {"accepted": true, "real_timestamp_ms": 1789198765932, "virtual_time_s": 0, "max_virtual_duration_s": 360000, "max_real_duration_s": 1200, "remaining_real_duration_s": 1200}}
2026-09-12 15:39:29,251 INFO request {"path": "/measure", "payload": {"arena_id": "default", "robot_id": "202601002029", "request_id": "5b0005da9a3345c19d820727b19bfd71", "position": {"x": 0.0, "y": 0.0}, "channel": 1}, "attempt": 1}
2026-09-12 15:39:29,284 INFO response {"request_id": "5b0005da9a3345c19d820727b19bfd71", "http_status": 200, "body": {"accepted": true, "real_timestamp_ms": 1789198765965, "virtual_time_s": 5, "measure_result": "direction", "svd_deg": 312.3}}
2026-09-12 15:39:29,290 INFO request {"path": "/measure", "payload": {"arena_id": "default", "robot_id": "202601002029", "request_id": "dc04641f489f4d1f8edaef439e20401b", "position": {"x": 0.0, "y": 0.0}, "channel": 2}, "attempt": 1}
2026-09-12 15:39:29,292 INFO response {"request_id": "dc04641f489f4d1f8edaef439e20401b", "http_status": 200, "body": {"accepted": true, "real_timestamp_ms": 1789198765974, "virtual_time_s": 11, "measure_result": "direction", "svd_deg": 60.76}}
2026-09-12 15:39:29,294 INFO request {"path": "/measure", "payload": {"arena_id": "default", "robot_id": "202601002029", "request_id": "df3323301519440e9c11ab19f9045ea5", "position": {"x": 0.0, "y": 0.0}, "channel": 3}, "attempt": 1}
2026-09-12 15:39:29,295 INFO response {"request_id": "df3323301519440e9c11ab19f9045ea5", "http_status": 200, "body": {"accepted": true, "real_timestamp_ms": 1789198765977, "virtual_time_s": 17, "measure_result": "no_signal"}}
2026-09-12 15:39:29,295 INFO request {"path": "/measure", "payload": {"arena_id": "default", "robot_id": "202601002029", "request_id": "722610e429ad4935990d6040cfb3c868", "position": {"x": 0.0, "y": 0.0}, "channel": 4}, "attempt": 1}
2026-09-12 15:39:29,296 INFO response {"request_id": "722610e429ad4935990d6040cfb3c868", "http_status": 200, "body": {"accepted": true, "real_timestamp_ms": 1789198765978, "virtual_time_s": 23, "measure_result": "direction", "svd_deg": 199.72}}
2026-09-12 15:39:29,297 INFO request {"path": "/measure", "payload": {"arena_id": "default", "robot_id": "202601002029", "request_id": "1a75206e70de49c09362c087a5d7f488", "position": {"x": 0.0, "y": 0.0}, "channel": 5}, "attempt": 1}
2026-09-12 15:39:29,299 INFO response {"request_id": "1a75206e70de49c09362c087a5d7f488", "http_status": 200, "body": {"accepted": true, "real_timestamp_ms": 1789198765981, "virtual_time_s": 29, "measure_result": "no_signal"}}
2026-09-12 15:39:29,299 INFO request {"path": "/measure", "payload": {"arena_id": "default", "robot_id": "202601002029", "request_id": "3df747ea782d42cb9a17ac3d4bbbbb41", "position": {"x": 0.0, "y": 0.0}, "channel": 6}, "attempt": 1}
2026-09-12 15:39:29,299 INFO response {"request_id": "3df747ea782d42cb9a17ac3d4bbbbb41", "http_status": 200, "body": {"accepted": true, "real_timestamp_ms": 1789198765982, "virtual_time_s": 35, "measure_result": "no_signal"}}
2026-09-12 15:39:29,299 INFO request {"path": "/measure", "payload": {"arena_id": "default", "robot_id": "202601002029", "request_id": "4e0d5e158dd5466185c410d8060c4ce8", "position": {"x": 0.0, "y": 0.0}, "channel": 7}, "attempt": 1}
2026-09-12 15:39:29,307 INFO response {"request_id": "4e0d5e158dd5466185c410d8060c4ce8", "http_status": 200, "body": {"accepted": true, "real_timestamp_ms": 1789198765989, "virtual_time_s": 41, "measure_result": "no_signal"}}
2026-09-12 15:39:29,307 INFO request {"path": "/measure", "payload": {"arena_id": "default", "robot_id": "202601002029", "request_id": "208ca186e0ea4e31a16af55c78059c47", "position": {"x": 0.0, "y": 0.0}, "channel": 8}, "attempt": 1}
2026-09-12 15:39:29,308 INFO response {"request_id": "208ca186e0ea4e31a16af55c78059c47", "http_status": 200, "body": {"accepted": true, "real_timestamp_ms": 1789198765990, "virtual_time_s": 47, "measure_result": "no_signal"}}
2026-09-12 15:39:29,308 INFO request {"path": "/measure", "payload": {"arena_id": "default", "robot_id": "202601002029", "request_id": "47ea3a65782240bf81b3d5bb738704ca", "position": {"x": 0.0, "y": 0.0}, "channel": 9}, "attempt": 1}
2026-09-12 15:39:29,325 INFO response {"request_id": "47ea3a65782240bf81b3d5bb738704ca", "http_status": 200, "body": {"accepted": true, "real_timestamp_ms": 1789198766007, "virtual_time_s": 53, "measure_result": "no_signal"}}
2026-09-12 15:39:29,325 INFO request {"path": "/measure", "payload": {"arena_id": "default", "robot_id": "202601002029", "request_id": "608e8e38f8e24b78bc60d8adfb52300f", "position": {"x": 0.0, "y": 0.0}, "channel": 10}, "attempt": 1}
2026-09-12 15:39:29,327 INFO response {"request_id": "608e8e38f8e24b78bc60d8adfb52300f", "http_status": 200, "body": {"accepted": true, "real_timestamp_ms": 1789198766009, "virtual_time_s": 59, "measure_result": "direction", "svd_deg": 161.09}}
2026-09-12 15:39:29,328 INFO request {"path": "/measure", "payload": {"arena_id": "default", "robot_id": "202601002029", "request_id": "60404df4a2f64efa9e9b5252fda50c1d", "position": {"x": 0.0, "y": 0.0}, "channel": 11}, "attempt": 1}
2026-09-12 15:39:29,345 INFO response {"request_id": "60404df4a2f64efa9e9b5252fda50c1d", "http_status": 200, "body": {"accepted": true, "real_timestamp_ms": 1789198766027, "virtual_time_s": 65, "measure_result": "no_signal"}}
2026-09-12 15:39:29,345 INFO request {"path": "/measure", "payload": {"arena_id": "default", "robot_id": "202601002029", "request_id": "154da4166be34466bed903373596a83d", "position": {"x": 0.0, "y": 0.0}, "channel": 12}, "attempt": 1}
2026-09-12 15:39:29,366 INFO response {"request_id": "154da4166be34466bed903373596a83d", "http_status": 200, "body": {"accepted": true, "real_timestamp_ms": 1789198766047, "virtual_time_s": 71, "measure_result": "no_signal"}}
2026-09-12 15:39:29,366 INFO request {"path": "/measure", "payload": {"arena_id": "default", "robot_id": "202601002029", "request_id": "c8077a0ce07f4bf98f19482de467184e", "position": {"x": 0.0, "y": 0.0}, "channel": 13}, "attempt": 1}
2026-09-12 15:39:29,385 INFO response {"request_id": "c8077a0ce07f4bf98f19482de467184e", "http_status": 200, "body": {"accepted": true, "real_timestamp_ms": 1789198766066, "virtual_time_s": 77, "measure_result": "direction", "svd_deg": 108.66}}
2026-09-12 15:39:29,389 INFO request {"path": "/measure", "payload": {"arena_id": "default", "robot_id": "202601002029", "request_id": "62119ac368054fd297dffd99939f772c", "position": {"x": 0.0, "y": 0.0}, "channel": 14}, "attempt": 1}
2026-09-12 15:39:29,405 INFO response {"request_id": "62119ac368054fd297dffd99939f772c", "http_status": 200, "body": {"accepted": true, "real_timestamp_ms": 1789198766087, "virtual_time_s": 83, "measure_result": "no_signal"}}
2026-09-12 15:39:29,405 INFO request {"path": "/measure", "payload": {"arena_id": "default", "robot_id": "202601002029", "request_id": "1663dc8c303e4a6f91f2ba3224e24250", "position": {"x": 0.0, "y": 0.0}, "channel": 15}, "attempt": 1}
2026-09-12 15:39:29,424 INFO response {"request_id": "1663dc8c303e4a6f91f2ba3224e24250", "http_status": 200, "body": {"accepted": true, "real_timestamp_ms": 1789198766105, "virtual_time_s": 89, "measure_result": "no_signal"}}
2026-09-12 15:39:29,424 INFO request {"path": "/measure", "payload": {"arena_id": "default", "robot_id": "202601002029", "request_id": "6a1714a4f6bb4084ad0dcf61745b9ab7", "position": {"x": 0.0, "y": 0.0}, "channel": 16}, "attempt": 1}
2026-09-12 15:39:29,426 INFO response {"request_id": "6a1714a4f6bb4084ad0dcf61745b9ab7", "http_status": 200, "body": {"accepted": true, "real_timestamp_ms": 1789198766108, "virtual_time_s": 95, "measure_result": "no_signal"}}
2026-09-12 15:39:29,427 INFO request {"path": "/measure", "payload": {"arena_id": "default", "robot_id": "202601002029", "request_id": "489a13fb70fc494e925e0ac9176f75c6", "position": {"x": 0.0, "y": 0.0}, "channel": 17}, "attempt": 1}
2026-09-12 15:39:29,444 INFO response {"request_id": "489a13fb70fc494e925e0ac9176f75c6", "http_status": 200, "body": {"accepted": true, "real_timestamp_ms": 1789198766124, "virtual_time_s": 101, "measure_result": "direction", "svd_deg": 259.9}}
2026-09-12 15:39:29,449 INFO request {"path": "/measure", "payload": {"arena_id": "default", "robot_id": "202601002029", "request_id": "79659f27141141c096783cc9181c8348", "position": {"x": 0.0, "y": 0.0}, "channel": 18}, "attempt": 1}
2026-09-12 15:39:29,451 INFO response {"request_id": "79659f27141141c096783cc9181c8348", "http_status": 200, "body": {"accepted": true, "real_timestamp_ms": 1789198766132, "virtual_time_s": 107, "measure_result": "no_signal"}}
2026-09-12 15:39:29,451 INFO request {"path": "/measure", "payload": {"arena_id": "default", "robot_id": "202601002029", "request_id": "59145cfecaab46b0af15e3886ca39ffe", "position": {"x": 0.0, "y": 0.0}, "channel": 19}, "attempt": 1}
2026-09-12 15:39:29,463 INFO response {"request_id": "59145cfecaab46b0af15e3886ca39ffe", "http_status": 200, "body": {"accepted": true, "real_timestamp_ms": 1789198766144, "virtual_time_s": 113, "measure_result": "direction", "svd_deg": 19.82}}
2026-09-12 15:39:29,468 INFO request {"path": "/measure", "payload": {"arena_id": "default", "robot_id": "202601002029", "request_id": "f156c458aa814863ab0caf1e09109b52", "position": {"x": 0.0, "y": 0.0}, "channel": 20}, "attempt": 1}
2026-09-12 15:39:29,484 INFO response {"request_id": "f156c458aa814863ab0caf1e09109b52", "http_status": 200, "body": {"accepted": true, "real_timestamp_ms": 1789198766166, "virtual_time_s": 119, "measure_result": "no_signal"}}
2026-09-12 15:39:29,485 INFO request {"path": "/measure", "payload": {"arena_id": "default", "robot_id": "202601002029", "request_id": "6b8ca93ddec24665b9dab02af8095869", "position": {"x": 1200.0, "y": 0.0}, "channel": 20}, "attempt": 1}
2026-09-12 15:39:29,486 INFO response {"request_id": "6b8ca93ddec24665b9dab02af8095869", "http_status": 200, "body": {"accepted": true, "real_timestamp_ms": 1789198766168, "virtual_time_s": 364, "measure_result": "no_signal"}}
2026-09-12 15:39:29,487 INFO request {"path": "/measure", "payload": {"arena_id": "default", "robot_id": "202601002029", "request_id": "a9d16d58fc2c49e4a451ca29ed6bf8f4", "position": {"x": 1200.0, "y": 0.0}, "channel": 3}, "attempt": 1}
2026-09-12 15:39:29,503 INFO response {"request_id": "a9d16d58fc2c49e4a451ca29ed6bf8f4", "http_status": 200, "body": {"accepted": true, "real_timestamp_ms": 1789198766184, "virtual_time_s": 370, "measure_result": "direction", "svd_deg": 272.49}}
2026-09-12 15:39:29,506 INFO request {"path": "/measure", "payload": {"arena_id": "default", "robot_id": "202601002029", "request_id": "d35819be85bb4422943ee5ef5a9e90d1", "position": {"x": 1200.0, "y": 0.0}, "channel": 5}, "attempt": 1}
2026-09-12 15:39:29,508 INFO response {"request_id": "d35819be85bb4422943ee5ef5a9e90d1", "http_status": 200, "body": {"accepted": true, "real_timestamp_ms": 1789198766190, "virtual_time_s": 376, "measure_result": "no_signal"}}
2026-09-12 15:39:29,508 INFO request {"path": "/measure", "payload": {"arena_id": "default", "robot_id": "202601002029", "request_id": "d4e7fee786be4de5a29bdafec4cfdef4", "position": {"x": 1200.0, "y": 0.0}, "channel": 6}, "attempt": 1}
2026-09-12 15:39:29,509 INFO response {"request_id": "d4e7fee786be4de5a29bdafec4cfdef4", "http_status": 200, "body": {"accepted": true, "real_timestamp_ms": 1789198766191, "virtual_time_s": 382, "measure_result": "no_signal"}}
2026-09-12 15:39:29,510 INFO request {"path": "/measure", "payload": {"arena_id": "default", "robot_id": "202601002029", "request_id": "4aafb95a17f4495da8556a20b29c5c80", "position": {"x": 1200.0, "y": 0.0}, "channel": 7}, "attempt": 1}
2026-09-12 15:39:29,511 INFO response {"request_id": "4aafb95a17f4495da8556a20b29c5c80", "http_status": 200, "body": {"accepted": true, "real_timestamp_ms": 1789198766192, "virtual_time_s": 388, "measure_result": "no_signal"}}
2026-09-12 15:39:29,511 INFO request {"path": "/measure", "payload": {"arena_id": "default", "robot_id": "202601002029", "request_id": "0cf2a90dbf0a4ab0948cabe53a2fc8f9", "position": {"x": 1200.0, "y": 0.0}, "channel": 8}, "attempt": 1}
2026-09-12 15:39:29,522 INFO response {"request_id": "0cf2a90dbf0a4ab0948cabe53a2fc8f9", "http_status": 200, "body": {"accepted": true, "real_timestamp_ms": 1789198766204, "virtual_time_s": 394, "measure_result": "no_signal"}}
2026-09-12 15:39:29,522 INFO request {"path": "/measure", "payload": {"arena_id": "default", "robot_id": "202601002029", "request_id": "3cb51bbffd5c4a60bb807494fe73e194", "position": {"x": 1200.0, "y": 0.0}, "channel": 9}, "attempt": 1}
2026-09-12 15:39:29,524 INFO response {"request_id": "3cb51bbffd5c4a60bb807494fe73e194", "http_status": 200, "body": {"accepted": true, "real_timestamp_ms": 1789198766205, "virtual_time_s": 400, "measure_result": "direction", "svd_deg": 264.28}}
2026-09-12 15:39:29,526 INFO request {"path": "/measure", "payload": {"arena_id": "default", "robot_id": "202601002029", "request_id": "b7ffb5f551144c39901df043c901e4f3", "position": {"x": 1200.0, "y": 0.0}, "channel": 11}, "attempt": 1}
2026-09-12 15:39:29,541 INFO response {"request_id": "b7ffb5f551144c39901df043c901e4f3", "http_status": 200, "body": {"accepted": true, "real_timestamp_ms": 1789198766224, "virtual_time_s": 406, "measure_result": "no_signal"}}
2026-09-12 15:39:29,542 INFO request {"path": "/measure", "payload": {"arena_id": "default", "robot_id": "202601002029", "request_id": "ae185e4a33b74025ad72240900317c79", "position": {"x": 1200.0, "y": 0.0}, "channel": 12}, "attempt": 1}
2026-09-12 15:39:29,562 INFO response {"request_id": "ae185e4a33b74025ad72240900317c79", "http_status": 200, "body": {"accepted": true, "real_timestamp_ms": 1789198766243, "virtual_time_s": 412, "measure_result": "no_signal"}}
2026-09-12 15:39:29,562 INFO request {"path": "/measure", "payload": {"arena_id": "default", "robot_id": "202601002029", "request_id": "3e33a04ec95543d4a9955dd1fdd58a1c", "position": {"x": 1200.0, "y": 0.0}, "channel": 14}, "attempt": 1}
2026-09-12 15:39:29,562 INFO response {"request_id": "3e33a04ec95543d4a9955dd1fdd58a1c", "http_status": 200, "body": {"accepted": true, "real_timestamp_ms": 1789198766245, "virtual_time_s": 418, "measure_result": "no_signal"}}
2026-09-12 15:39:29,563 INFO request {"path": "/measure", "payload": {"arena_id": "default", "robot_id": "202601002029", "request_id": "5b85b4351ac0489eb730c807ae96abe4", "position": {"x": 1200.0, "y": 0.0}, "channel": 15}, "attempt": 1}
2026-09-12 15:39:29,564 INFO response {"request_id": "5b85b4351ac0489eb730c807ae96abe4", "http_status": 200, "body": {"accepted": true, "real_timestamp_ms": 1789198766246, "virtual_time_s": 424, "measure_result": "no_signal"}}
2026-09-12 15:39:29,565 INFO request {"path": "/measure", "payload": {"arena_id": "default", "robot_id": "202601002029", "request_id": "77bd6341f7944aeda2e82b1952f34369", "position": {"x": 1200.0, "y": 0.0}, "channel": 16}, "attempt": 1}
2026-09-12 15:39:29,566 INFO response {"request_id": "77bd6341f7944aeda2e82b1952f34369", "http_status": 200, "body": {"accepted": true, "real_timestamp_ms": 1789198766248, "virtual_time_s": 430, "measure_result": "no_signal"}}
2026-09-12 15:39:29,567 INFO request {"path": "/measure", "payload": {"arena_id": "default", "robot_id": "202601002029", "request_id": "775f6e91ce574e1b9ae3545c40bf8b36", "position": {"x": 1200.0, "y": 0.0}, "channel": 18}, "attempt": 1}
2026-09-12 15:39:29,568 INFO response {"request_id": "775f6e91ce574e1b9ae3545c40bf8b36", "http_status": 200, "body": {"accepted": true, "real_timestamp_ms": 1789198766250, "virtual_time_s": 436, "measure_result": "no_signal"}}
2026-09-12 15:39:29,585 INFO request {"path": "/measure", "payload": {"arena_id": "default", "robot_id": "202601002029", "request_id": "089657942600433aa00dfb603293a6b6", "position": {"x": 1200.0, "y": 0.0}, "channel": 1}, "attempt": 1}
2026-09-12 15:39:29,601 INFO response {"request_id": "089657942600433aa00dfb603293a6b6", "http_status": 200, "body": {"accepted": true, "real_timestamp_ms": 1789198766283, "virtual_time_s": 442, "measure_result": "direction", "svd_deg": 241.79}}
2026-09-12 15:39:29,619 INFO request {"path": "/measure", "payload": {"arena_id": "default", "robot_id": "202601002029", "request_id": "b42fcffa2ca7477fbea5a076f552f966", "position": {"x": 1200.0, "y": 0.0}, "channel": 19}, "attempt": 1}
2026-09-12 15:39:29,621 INFO response {"request_id": "b42fcffa2ca7477fbea5a076f552f966", "http_status": 200, "body": {"accepted": true, "real_timestamp_ms": 1789198766303, "virtual_time_s": 448, "measure_result": "direction", "svd_deg": 144.88}}
2026-09-12 15:39:29,626 INFO request {"path": "/measure", "payload": {"arena_id": "default", "robot_id": "202601002029", "request_id": "06d326503f804460a5f1599911a03322", "position": {"x": 600.0000000000001, "y": 1039.2304845413264}, "channel": 5}, "attempt": 1}
2026-09-12 15:39:29,627 INFO response {"request_id": "06d326503f804460a5f1599911a03322", "http_status": 200, "body": {"accepted": true, "real_timestamp_ms": 1789198766309, "virtual_time_s": 694, "measure_result": "no_signal"}}
2026-09-12 15:39:29,628 INFO request {"path": "/measure", "payload": {"arena_id": "default", "robot_id": "202601002029", "request_id": "eb803074e38c40b3aad79f9938eb10de", "position": {"x": 600.0000000000001, "y": 1039.2304845413264}, "channel": 6}, "attempt": 1}
2026-09-12 15:39:29,629 INFO response {"request_id": "eb803074e38c40b3aad79f9938eb10de", "http_status": 200, "body": {"accepted": true, "real_timestamp_ms": 1789198766311, "virtual_time_s": 700, "measure_result": "no_signal"}}
2026-09-12 15:39:29,629 INFO request {"path": "/measure", "payload": {"arena_id": "default", "robot_id": "202601002029", "request_id": "dcbdbd3c641648d8970d79ab8bc2d4fc", "position": {"x": 600.0000000000001, "y": 1039.2304845413264}, "channel": 7}, "attempt": 1}
2026-09-12 15:39:29,650 INFO response {"request_id": "dcbdbd3c641648d8970d79ab8bc2d4fc", "http_status": 200, "body": {"accepted": true, "real_timestamp_ms": 1789198766332, "virtual_time_s": 706, "measure_result": "no_signal"}}
2026-09-12 15:39:29,650 INFO request {"path": "/measure", "payload": {"arena_id": "default", "robot_id": "202601002029", "request_id": "b79811b6ce834f1ea5eb59bfa8b39665", "position": {"x": 600.0000000000001, "y": 1039.2304845413264}, "channel": 8}, "attempt": 1}
2026-09-12 15:39:29,670 INFO response {"request_id": "b79811b6ce834f1ea5eb59bfa8b39665", "http_status": 200, "body": {"accepted": true, "real_timestamp_ms": 1789198766352, "virtual_time_s": 712, "measure_result": "no_signal"}}
2026-09-12 15:39:29,670 INFO request {"path": "/measure", "payload": {"arena_id": "default", "robot_id": "202601002029", "request_id": "5e930ad63ed34468b25a7ce3523d9ff1", "position": {"x": 600.0000000000001, "y": 1039.2304845413264}, "channel": 11}, "attempt": 1}
2026-09-12 15:39:29,671 INFO response {"request_id": "5e930ad63ed34468b25a7ce3523d9ff1", "http_status": 200, "body": {"accepted": true, "real_timestamp_ms": 1789198766353, "virtual_time_s": 718, "measure_result": "no_signal"}}
2026-09-12 15:39:29,672 INFO request {"path": "/measure", "payload": {"arena_id": "default", "robot_id": "202601002029", "request_id": "26b4204739a547859290a7b725896ed2", "position": {"x": 600.0000000000001, "y": 1039.2304845413264}, "channel": 12}, "attempt": 1}
2026-09-12 15:39:29,672 INFO response {"request_id": "26b4204739a547859290a7b725896ed2", "http_status": 200, "body": {"accepted": true, "real_timestamp_ms": 1789198766355, "virtual_time_s": 724, "measure_result": "no_signal"}}
2026-09-12 15:39:29,672 INFO request {"path": "/measure", "payload": {"arena_id": "default", "robot_id": "202601002029", "request_id": "cf5e62ac5fe24f3090fab07ca1c941b1", "position": {"x": 600.0000000000001, "y": 1039.2304845413264}, "channel": 14}, "attempt": 1}
2026-09-12 15:39:29,690 INFO response {"request_id": "cf5e62ac5fe24f3090fab07ca1c941b1", "http_status": 200, "body": {"accepted": true, "real_timestamp_ms": 1789198766372, "virtual_time_s": 730, "measure_result": "no_signal"}}
2026-09-12 15:39:29,691 INFO request {"path": "/measure", "payload": {"arena_id": "default", "robot_id": "202601002029", "request_id": "9204e357638c4a768b51b094d73ddf18", "position": {"x": 600.0000000000001, "y": 1039.2304845413264}, "channel": 15}, "attempt": 1}
2026-09-12 15:39:29,709 INFO response {"request_id": "9204e357638c4a768b51b094d73ddf18", "http_status": 200, "body": {"accepted": true, "real_timestamp_ms": 1789198766392, "virtual_time_s": 736, "measure_result": "no_signal"}}
2026-09-12 15:39:29,710 INFO request {"path": "/measure", "payload": {"arena_id": "default", "robot_id": "202601002029", "request_id": "b2b498bfa9584dd1bad50666d5df45e2", "position": {"x": 600.0000000000001, "y": 1039.2304845413264}, "channel": 16}, "attempt": 1}
2026-09-12 15:39:29,710 INFO response {"request_id": "b2b498bfa9584dd1bad50666d5df45e2", "http_status": 200, "body": {"accepted": true, "real_timestamp_ms": 1789198766393, "virtual_time_s": 742, "measure_result": "no_signal"}}
2026-09-12 15:39:29,711 INFO request {"path": "/measure", "payload": {"arena_id": "default", "robot_id": "202601002029", "request_id": "dcf291a8fea942839b32b3ca00815cde", "position": {"x": 600.0000000000001, "y": 1039.2304845413264}, "channel": 18}, "attempt": 1}
2026-09-12 15:39:29,711 INFO response {"request_id": "dcf291a8fea942839b32b3ca00815cde", "http_status": 200, "body": {"accepted": true, "real_timestamp_ms": 1789198766394, "virtual_time_s": 748, "measure_result": "no_signal"}}
2026-09-12 15:39:29,712 INFO request {"path": "/measure", "payload": {"arena_id": "default", "robot_id": "202601002029", "request_id": "fee8d39a764c4eaea95120ede77f85ec", "position": {"x": 600.0000000000001, "y": 1039.2304845413264}, "channel": 20}, "attempt": 1}
2026-09-12 15:39:29,712 INFO response {"request_id": "fee8d39a764c4eaea95120ede77f85ec", "http_status": 200, "body": {"accepted": true, "real_timestamp_ms": 1789198766394, "virtual_time_s": 754, "measure_result": "direction", "svd_deg": 171.07}}
2026-09-12 15:39:29,731 INFO request {"path": "/measure", "payload": {"arena_id": "default", "robot_id": "202601002029", "request_id": "7f568b59593a43deadeeeb9867e115d7", "position": {"x": 600.0000000000001, "y": 1039.2304845413264}, "channel": 13}, "attempt": 1}
2026-09-12 15:39:29,750 INFO response {"request_id": "7f568b59593a43deadeeeb9867e115d7", "http_status": 200, "body": {"accepted": true, "real_timestamp_ms": 1789198766432, "virtual_time_s": 760, "measure_result": "direction", "svd_deg": 164.93}}
2026-09-12 15:39:29,763 INFO request {"path": "/measure", "payload": {"arena_id": "default", "robot_id": "202601002029", "request_id": "2125786b40674489a7d5cbb70b3e45d8", "position": {"x": 600.0000000000001, "y": 1039.2304845413264}, "channel": 19}, "attempt": 1}
2026-09-12 15:39:29,765 INFO response {"request_id": "2125786b40674489a7d5cbb70b3e45d8", "http_status": 200, "body": {"accepted": true, "real_timestamp_ms": 1789198766447, "virtual_time_s": 766, "measure_result": "direction", "svd_deg": 283.73}}
2026-09-12 15:39:29,772 INFO request {"path": "/measure", "payload": {"arena_id": "default", "robot_id": "202601002029", "request_id": "d274d1843d644e428f2326a155160c3e", "position": {"x": -599.9999999999998, "y": 1039.2304845413264}, "channel": 5}, "attempt": 1}
2026-09-12 15:39:29,788 INFO response {"request_id": "d274d1843d644e428f2326a155160c3e", "http_status": 200, "body": {"accepted": true, "real_timestamp_ms": 1789198766470, "virtual_time_s": 1012, "measure_result": "no_signal"}}
2026-09-12 15:39:29,788 INFO request {"path": "/measure", "payload": {"arena_id": "default", "robot_id": "202601002029", "request_id": "9aaab5a2b88e4454afdd1219497985db", "position": {"x": -599.9999999999998, "y": 1039.2304845413264}, "channel": 6}, "attempt": 1}
2026-09-12 15:39:29,809 INFO response {"request_id": "9aaab5a2b88e4454afdd1219497985db", "http_status": 200, "body": {"accepted": true, "real_timestamp_ms": 1789198766490, "virtual_time_s": 1018, "measure_result": "no_signal"}}
2026-09-12 15:39:29,809 INFO request {"path": "/measure", "payload": {"arena_id": "default", "robot_id": "202601002029", "request_id": "2888446ce5d34aeeac557ef0dddec5b9", "position": {"x": -599.9999999999998, "y": 1039.2304845413264}, "channel": 7}, "attempt": 1}
2026-09-12 15:39:29,827 INFO response {"request_id": "2888446ce5d34aeeac557ef0dddec5b9", "http_status": 200, "body": {"accepted": true, "real_timestamp_ms": 1789198766509, "virtual_time_s": 1024, "measure_result": "no_signal"}}
2026-09-12 15:39:29,828 INFO request {"path": "/measure", "payload": {"arena_id": "default", "robot_id": "202601002029", "request_id": "171e6f20d3d34e77b25ce910cdf30121", "position": {"x": -599.9999999999998, "y": 1039.2304845413264}, "channel": 8}, "attempt": 1}
2026-09-12 15:39:29,847 INFO response {"request_id": "171e6f20d3d34e77b25ce910cdf30121", "http_status": 200, "body": {"accepted": true, "real_timestamp_ms": 1789198766528, "virtual_time_s": 1030, "measure_result": "no_signal"}}
2026-09-12 15:39:29,847 INFO request {"path": "/measure", "payload": {"arena_id": "default", "robot_id": "202601002029", "request_id": "6f8a40fa6052469f93186694c6ccdfed", "position": {"x": -599.9999999999998, "y": 1039.2304845413264}, "channel": 11}, "attempt": 1}
2026-09-12 15:39:29,866 INFO response {"request_id": "6f8a40fa6052469f93186694c6ccdfed", "http_status": 200, "body": {"accepted": true, "real_timestamp_ms": 1789198766548, "virtual_time_s": 1036, "measure_result": "no_signal"}}
2026-09-12 15:39:29,866 INFO request {"path": "/measure", "payload": {"arena_id": "default", "robot_id": "202601002029", "request_id": "37ddc28980154babbc538da82853b991", "position": {"x": -599.9999999999998, "y": 1039.2304845413264}, "channel": 12}, "attempt": 1}
2026-09-12 15:39:29,867 INFO response {"request_id": "37ddc28980154babbc538da82853b991", "http_status": 200, "body": {"accepted": true, "real_timestamp_ms": 1789198766549, "virtual_time_s": 1042, "measure_result": "no_signal"}}
2026-09-12 15:39:29,867 INFO request {"path": "/measure", "payload": {"arena_id": "default", "robot_id": "202601002029", "request_id": "2307fa690c2b43589842ae90f3fe7a9e", "position": {"x": -599.9999999999998, "y": 1039.2304845413264}, "channel": 14}, "attempt": 1}
2026-09-12 15:39:29,887 INFO response {"request_id": "2307fa690c2b43589842ae90f3fe7a9e", "http_status": 200, "body": {"accepted": true, "real_timestamp_ms": 1789198766569, "virtual_time_s": 1048, "measure_result": "no_signal"}}
2026-09-12 15:39:29,888 INFO request {"path": "/measure", "payload": {"arena_id": "default", "robot_id": "202601002029", "request_id": "b2d54c9440cf499798ecad52eb31aeff", "position": {"x": -599.9999999999998, "y": 1039.2304845413264}, "channel": 15}, "attempt": 1}
2026-09-12 15:39:29,907 INFO response {"request_id": "b2d54c9440cf499798ecad52eb31aeff", "http_status": 200, "body": {"accepted": true, "real_timestamp_ms": 1789198766588, "virtual_time_s": 1054, "measure_result": "direction", "svd_deg": 147.52}}
2026-09-12 15:39:29,912 INFO request {"path": "/measure", "payload": {"arena_id": "default", "robot_id": "202601002029", "request_id": "59cd85c4f46d4d57a7a124fbcdd0d0f2", "position": {"x": -599.9999999999998, "y": 1039.2304845413264}, "channel": 16}, "attempt": 1}
2026-09-12 15:39:29,914 INFO response {"request_id": "59cd85c4f46d4d57a7a124fbcdd0d0f2", "http_status": 200, "body": {"accepted": true, "real_timestamp_ms": 1789198766596, "virtual_time_s": 1060, "measure_result": "no_signal"}}
2026-09-12 15:39:29,914 INFO request {"path": "/measure", "payload": {"arena_id": "default", "robot_id": "202601002029", "request_id": "16ec07f4d96549be98f7ac36927c3735", "position": {"x": -599.9999999999998, "y": 1039.2304845413264}, "channel": 18}, "attempt": 1}
2026-09-12 15:39:29,916 INFO response {"request_id": "16ec07f4d96549be98f7ac36927c3735", "http_status": 200, "body": {"accepted": true, "real_timestamp_ms": 1789198766597, "virtual_time_s": 1066, "measure_result": "no_signal"}}
2026-09-12 15:39:29,945 INFO request {"path": "/measure", "payload": {"arena_id": "default", "robot_id": "202601002029", "request_id": "36bc1bac5e8d44e3a3cef09fe77914a4", "position": {"x": -599.9999999999998, "y": 1039.2304845413264}, "channel": 20}, "attempt": 1}
2026-09-12 15:39:29,946 INFO response {"request_id": "36bc1bac5e8d44e3a3cef09fe77914a4", "http_status": 200, "body": {"accepted": true, "real_timestamp_ms": 1789198766628, "virtual_time_s": 1072, "measure_result": "direction", "svd_deg": 50.47}}
2026-09-12 15:39:29,967 INFO request {"path": "/measure", "payload": {"arena_id": "default", "robot_id": "202601002029", "request_id": "f9a153b305f34d8ab6dba5f916aab03a", "position": {"x": -599.9999999999998, "y": 1039.2304845413264}, "channel": 10}, "attempt": 1}
2026-09-12 15:39:29,985 INFO response {"request_id": "f9a153b305f34d8ab6dba5f916aab03a", "http_status": 200, "body": {"accepted": true, "real_timestamp_ms": 1789198766667, "virtual_time_s": 1078, "measure_result": "direction", "svd_deg": 280.28}}
2026-09-12 15:39:29,989 INFO request {"path": "/measure", "payload": {"arena_id": "default", "robot_id": "202601002029", "request_id": "7d6dc1d8e412499a98d388b08a1a1ede", "position": {"x": -1200.0, "y": 1.4695761589768238e-13}, "channel": 5}, "attempt": 1}
2026-09-12 15:39:29,990 INFO response {"request_id": "7d6dc1d8e412499a98d388b08a1a1ede", "http_status": 200, "body": {"accepted": true, "real_timestamp_ms": 1789198766672, "virtual_time_s": 1324, "measure_result": "no_signal"}}
2026-09-12 15:39:29,990 INFO request {"path": "/measure", "payload": {"arena_id": "default", "robot_id": "202601002029", "request_id": "871e7d80fc45465cb415072a95a5d5c9", "position": {"x": -1200.0, "y": 1.4695761589768238e-13}, "channel": 6}, "attempt": 1}
2026-09-12 15:39:29,991 INFO response {"request_id": "871e7d80fc45465cb415072a95a5d5c9", "http_status": 200, "body": {"accepted": true, "real_timestamp_ms": 1789198766673, "virtual_time_s": 1330, "measure_result": "direction", "svd_deg": 258.31}}
2026-09-12 15:39:29,993 INFO request {"path": "/measure", "payload": {"arena_id": "default", "robot_id": "202601002029", "request_id": "8a215130374e4a05b517bfa7b17a2bca", "position": {"x": -1200.0, "y": 1.4695761589768238e-13}, "channel": 7}, "attempt": 1}
2026-09-12 15:39:30,006 INFO response {"request_id": "8a215130374e4a05b517bfa7b17a2bca", "http_status": 200, "body": {"accepted": true, "real_timestamp_ms": 1789198766688, "virtual_time_s": 1336, "measure_result": "no_signal"}}
2026-09-12 15:39:30,006 INFO request {"path": "/measure", "payload": {"arena_id": "default", "robot_id": "202601002029", "request_id": "abedccbc684a4558b51555b1dc35623d", "position": {"x": -1200.0, "y": 1.4695761589768238e-13}, "channel": 8}, "attempt": 1}
2026-09-12 15:39:30,027 INFO response {"request_id": "abedccbc684a4558b51555b1dc35623d", "http_status": 200, "body": {"accepted": true, "real_timestamp_ms": 1789198766708, "virtual_time_s": 1342, "measure_result": "no_signal"}}
2026-09-12 15:39:30,027 INFO request {"path": "/measure", "payload": {"arena_id": "default", "robot_id": "202601002029", "request_id": "40144c4aba68473db067586a50a3a4a0", "position": {"x": -1200.0, "y": 1.4695761589768238e-13}, "channel": 11}, "attempt": 1}
2026-09-12 15:39:30,046 INFO response {"request_id": "40144c4aba68473db067586a50a3a4a0", "http_status": 200, "body": {"accepted": true, "real_timestamp_ms": 1789198766727, "virtual_time_s": 1348, "measure_result": "no_signal"}}
2026-09-12 15:39:30,046 INFO request {"path": "/measure", "payload": {"arena_id": "default", "robot_id": "202601002029", "request_id": "6dd5cb4349ad42199b1694f9ddcab223", "position": {"x": -1200.0, "y": 1.4695761589768238e-13}, "channel": 12}, "attempt": 1}
2026-09-12 15:39:30,050 INFO response {"request_id": "6dd5cb4349ad42199b1694f9ddcab223", "http_status": 200, "body": {"accepted": true, "real_timestamp_ms": 1789198766731, "virtual_time_s": 1354, "measure_result": "no_signal"}}
2026-09-12 15:39:30,051 INFO request {"path": "/measure", "payload": {"arena_id": "default", "robot_id": "202601002029", "request_id": "2117616358f74132baad9878c10f198e", "position": {"x": -1200.0, "y": 1.4695761589768238e-13}, "channel": 14}, "attempt": 1}
2026-09-12 15:39:30,052 INFO response {"request_id": "2117616358f74132baad9878c10f198e", "http_status": 200, "body": {"accepted": true, "real_timestamp_ms": 1789198766733, "virtual_time_s": 1360, "measure_result": "no_signal"}}
2026-09-12 15:39:30,052 INFO request {"path": "/measure", "payload": {"arena_id": "default", "robot_id": "202601002029", "request_id": "4769924707df4a9a907f4d0edbae6b2e", "position": {"x": -1200.0, "y": 1.4695761589768238e-13}, "channel": 16}, "attempt": 1}
2026-09-12 15:39:30,054 INFO response {"request_id": "4769924707df4a9a907f4d0edbae6b2e", "http_status": 200, "body": {"accepted": true, "real_timestamp_ms": 1789198766736, "virtual_time_s": 1366, "measure_result": "direction", "svd_deg": 267.42}}
2026-09-12 15:39:30,059 INFO request {"path": "/measure", "payload": {"arena_id": "default", "robot_id": "202601002029", "request_id": "29fe26ab18624215bdc1dbfe00784674", "position": {"x": -1200.0, "y": 1.4695761589768238e-13}, "channel": 18}, "attempt": 1}
2026-09-12 15:39:30,075 INFO response {"request_id": "29fe26ab18624215bdc1dbfe00784674", "http_status": 200, "body": {"accepted": true, "real_timestamp_ms": 1789198766757, "virtual_time_s": 1372, "measure_result": "no_signal"}}
2026-09-12 15:39:30,098 INFO request {"path": "/measure", "payload": {"arena_id": "default", "robot_id": "202601002029", "request_id": "c4bf371a00604a31aaabd5e83864e182", "position": {"x": -1200.0, "y": 1.4695761589768238e-13}, "channel": 4}, "attempt": 1}
2026-09-12 15:39:30,114 INFO response {"request_id": "c4bf371a00604a31aaabd5e83864e182", "http_status": 200, "body": {"accepted": true, "real_timestamp_ms": 1789198766796, "virtual_time_s": 1378, "measure_result": "direction", "svd_deg": 326.16}}
2026-09-12 15:39:30,127 INFO request {"path": "/measure", "payload": {"arena_id": "default", "robot_id": "202601002029", "request_id": "036b16de51b44972aec721834687d86b", "position": {"x": -1200.0, "y": 1.4695761589768238e-13}, "channel": 10}, "attempt": 1}
2026-09-12 15:39:30,143 INFO response {"request_id": "036b16de51b44972aec721834687d86b", "http_status": 200, "body": {"accepted": true, "real_timestamp_ms": 1789198766825, "virtual_time_s": 1384, "measure_result": "direction", "svd_deg": 10.61}}
2026-09-12 15:39:30,147 INFO request {"path": "/measure", "payload": {"arena_id": "default", "robot_id": "202601002029", "request_id": "008735fda48d4a0d822db3c12d3c7bdc", "position": {"x": -600.0000000000006, "y": -1039.2304845413262}, "channel": 5}, "attempt": 1}
2026-09-12 15:39:30,162 INFO response {"request_id": "008735fda48d4a0d822db3c12d3c7bdc", "http_status": 200, "body": {"accepted": true, "real_timestamp_ms": 1789198766845, "virtual_time_s": 1630, "measure_result": "no_signal"}}
2026-09-12 15:39:30,163 INFO request {"path": "/measure", "payload": {"arena_id": "default", "robot_id": "202601002029", "request_id": "659f06b89c17450db101faa64d862737", "position": {"x": -600.0000000000006, "y": -1039.2304845413262}, "channel": 7}, "attempt": 1}
2026-09-12 15:39:30,163 INFO response {"request_id": "659f06b89c17450db101faa64d862737", "http_status": 200, "body": {"accepted": true, "real_timestamp_ms": 1789198766846, "virtual_time_s": 1636, "measure_result": "no_signal"}}
2026-09-12 15:39:30,163 INFO request {"path": "/measure", "payload": {"arena_id": "default", "robot_id": "202601002029", "request_id": "22682d2cef23451e8279663aae350d23", "position": {"x": -600.0000000000006, "y": -1039.2304845413262}, "channel": 8}, "attempt": 1}
2026-09-12 15:39:30,165 INFO response {"request_id": "22682d2cef23451e8279663aae350d23", "http_status": 200, "body": {"accepted": true, "real_timestamp_ms": 1789198766847, "virtual_time_s": 1642, "measure_result": "no_signal"}}
2026-09-12 15:39:30,165 INFO request {"path": "/measure", "payload": {"arena_id": "default", "robot_id": "202601002029", "request_id": "9e552e74728e4388bb73c97297fb1057", "position": {"x": -600.0000000000006, "y": -1039.2304845413262}, "channel": 11}, "attempt": 1}
2026-09-12 15:39:30,183 INFO response {"request_id": "9e552e74728e4388bb73c97297fb1057", "http_status": 200, "body": {"accepted": true, "real_timestamp_ms": 1789198766864, "virtual_time_s": 1648, "measure_result": "no_signal"}}
2026-09-12 15:39:30,183 INFO request {"path": "/measure", "payload": {"arena_id": "default", "robot_id": "202601002029", "request_id": "31af0f5b196b44468308220e3d17fd71", "position": {"x": -600.0000000000006, "y": -1039.2304845413262}, "channel": 12}, "attempt": 1}
2026-09-12 15:39:30,202 INFO response {"request_id": "31af0f5b196b44468308220e3d17fd71", "http_status": 200, "body": {"accepted": true, "real_timestamp_ms": 1789198766884, "virtual_time_s": 1654, "measure_result": "direction", "svd_deg": 244.2}}
2026-09-12 15:39:30,204 INFO request {"path": "/measure", "payload": {"arena_id": "default", "robot_id": "202601002029", "request_id": "a287e41b58c346f1897a7e815986b7ac", "position": {"x": -600.0000000000006, "y": -1039.2304845413262}, "channel": 14}, "attempt": 1}
2026-09-12 15:39:30,205 INFO response {"request_id": "a287e41b58c346f1897a7e815986b7ac", "http_status": 200, "body": {"accepted": true, "real_timestamp_ms": 1789198766887, "virtual_time_s": 1660, "measure_result": "no_signal"}}
2026-09-12 15:39:30,206 INFO request {"path": "/measure", "payload": {"arena_id": "default", "robot_id": "202601002029", "request_id": "eb35d0141c2f4c75aff4fdc82870912b", "position": {"x": -600.0000000000006, "y": -1039.2304845413262}, "channel": 18}, "attempt": 1}
2026-09-12 15:39:30,206 INFO response {"request_id": "eb35d0141c2f4c75aff4fdc82870912b", "http_status": 200, "body": {"accepted": true, "real_timestamp_ms": 1789198766888, "virtual_time_s": 1666, "measure_result": "no_signal"}}
2026-09-12 15:39:30,258 INFO request {"path": "/measure", "payload": {"arena_id": "default", "robot_id": "202601002029", "request_id": "6a4183eb64154dcea2807f91c74d822c", "position": {"x": -600.0000000000006, "y": -1039.2304845413262}, "channel": 6}, "attempt": 1}
2026-09-12 15:39:30,272 INFO response {"request_id": "6a4183eb64154dcea2807f91c74d822c", "http_status": 200, "body": {"accepted": true, "real_timestamp_ms": 1789198766953, "virtual_time_s": 1672, "measure_result": "direction", "svd_deg": 158.25}}
2026-09-12 15:39:30,311 INFO request {"path": "/measure", "payload": {"arena_id": "default", "robot_id": "202601002029", "request_id": "21a750533714413489aa5271d0474e66", "position": {"x": -600.0000000000006, "y": -1039.2304845413262}, "channel": 17}, "attempt": 1}
2026-09-12 15:39:30,330 INFO response {"request_id": "21a750533714413489aa5271d0474e66", "http_status": 200, "body": {"accepted": true, "real_timestamp_ms": 1789198767012, "virtual_time_s": 1678, "measure_result": "direction", "svd_deg": 331.95}}
2026-09-12 15:39:30,333 INFO request {"path": "/measure", "payload": {"arena_id": "default", "robot_id": "202601002029", "request_id": "23b4a829e5dd4ae3ac8f45266b9d0971", "position": {"x": 600.0000000000001, "y": -1039.2304845413264}, "channel": 5}, "attempt": 1}
2026-09-12 15:39:30,334 INFO response {"request_id": "23b4a829e5dd4ae3ac8f45266b9d0971", "http_status": 200, "body": {"accepted": true, "real_timestamp_ms": 1789198767016, "virtual_time_s": 1924, "measure_result": "no_signal"}}
2026-09-12 15:39:30,334 INFO request {"path": "/measure", "payload": {"arena_id": "default", "robot_id": "202601002029", "request_id": "d5b80bb8888a4b519f8dc1b633fb315a", "position": {"x": 600.0000000000001, "y": -1039.2304845413264}, "channel": 7}, "attempt": 1}
2026-09-12 15:39:30,335 INFO response {"request_id": "d5b80bb8888a4b519f8dc1b633fb315a", "http_status": 200, "body": {"accepted": true, "real_timestamp_ms": 1789198767017, "virtual_time_s": 1930, "measure_result": "no_signal"}}
2026-09-12 15:39:30,336 INFO request {"path": "/measure", "payload": {"arena_id": "default", "robot_id": "202601002029", "request_id": "74177f10f144415fbc7e9d4284f2e104", "position": {"x": 600.0000000000001, "y": -1039.2304845413264}, "channel": 8}, "attempt": 1}
2026-09-12 15:39:30,350 INFO response {"request_id": "74177f10f144415fbc7e9d4284f2e104", "http_status": 200, "body": {"accepted": true, "real_timestamp_ms": 1789198767031, "virtual_time_s": 1936, "measure_result": "no_signal"}}
2026-09-12 15:39:30,350 INFO request {"path": "/measure", "payload": {"arena_id": "default", "robot_id": "202601002029", "request_id": "1780712cc2c14d26b2ee7b1aa853129b", "position": {"x": 600.0000000000001, "y": -1039.2304845413264}, "channel": 11}, "attempt": 1}
2026-09-12 15:39:30,369 INFO response {"request_id": "1780712cc2c14d26b2ee7b1aa853129b", "http_status": 200, "body": {"accepted": true, "real_timestamp_ms": 1789198767051, "virtual_time_s": 1942, "measure_result": "no_signal"}}
2026-09-12 15:39:30,369 INFO request {"path": "/measure", "payload": {"arena_id": "default", "robot_id": "202601002029", "request_id": "6889c71f9f114cb8abef26097e14b692", "position": {"x": 600.0000000000001, "y": -1039.2304845413264}, "channel": 14}, "attempt": 1}
2026-09-12 15:39:30,389 INFO response {"request_id": "6889c71f9f114cb8abef26097e14b692", "http_status": 200, "body": {"accepted": true, "real_timestamp_ms": 1789198767071, "virtual_time_s": 1948, "measure_result": "no_signal"}}
2026-09-12 15:39:30,389 INFO request {"path": "/measure", "payload": {"arena_id": "default", "robot_id": "202601002029", "request_id": "3f68d62b38844f83b828ea7e9b887db9", "position": {"x": 600.0000000000001, "y": -1039.2304845413264}, "channel": 18}, "attempt": 1}
2026-09-12 15:39:30,409 INFO response {"request_id": "3f68d62b38844f83b828ea7e9b887db9", "http_status": 200, "body": {"accepted": true, "real_timestamp_ms": 1789198767091, "virtual_time_s": 1954, "measure_result": "no_signal"}}
2026-09-12 15:39:30,444 INFO request {"path": "/measure", "payload": {"arena_id": "default", "robot_id": "202601002029", "request_id": "a0853bc6d8794b0ba06deec25aad89aa", "position": {"x": 600.0000000000001, "y": -1039.2304845413264}, "channel": 9}, "attempt": 1}
2026-09-12 15:39:30,460 INFO response {"request_id": "a0853bc6d8794b0ba06deec25aad89aa", "http_status": 200, "body": {"accepted": true, "real_timestamp_ms": 1789198767142, "virtual_time_s": 1960, "measure_result": "direction", "svd_deg": 25.85}}
2026-09-12 15:39:30,491 INFO request {"path": "/measure", "payload": {"arena_id": "default", "robot_id": "202601002029", "request_id": "e1be4c6f8c04489cab836d2c1d3b4d87", "position": {"x": 600.0000000000001, "y": -1039.2304845413264}, "channel": 3}, "attempt": 1}
2026-09-12 15:39:30,508 INFO response {"request_id": "e1be4c6f8c04489cab836d2c1d3b4d87", "http_status": 200, "body": {"accepted": true, "real_timestamp_ms": 1789198767190, "virtual_time_s": 1966, "measure_result": "direction", "svd_deg": 356.26}}
2026-09-12 15:39:37,471 INFO request {"path": "/measure", "payload": {"arena_id": "default", "robot_id": "202601002029", "request_id": "41541f7ef6a2436b896ecbee383ec28d", "position": {"x": 473.58502554391936, "y": -1113.7012407242992}, "channel": 1}, "attempt": 1}
2026-09-12 15:39:37,472 INFO response {"request_id": "41541f7ef6a2436b896ecbee383ec28d", "http_status": 200, "body": {"accepted": true, "real_timestamp_ms": 1789198774154, "virtual_time_s": 2001.343919, "measure_result": "direction", "svd_deg": 46.01}}
2026-09-12 15:39:37,519 INFO request {"path": "/measure", "payload": {"arena_id": "default", "robot_id": "202601002029", "request_id": "effa4b7d2c32450380a3712a60ba0fc9", "position": {"x": 473.58502554391936, "y": -1113.7012407242992}, "channel": 17}, "attempt": 1}
2026-09-12 15:39:37,521 INFO response {"request_id": "effa4b7d2c32450380a3712a60ba0fc9", "http_status": 200, "body": {"accepted": true, "real_timestamp_ms": 1789198774203, "virtual_time_s": 2007.343919, "measure_result": "direction", "svd_deg": 191.32}}
2026-09-12 15:39:37,551 INFO request {"path": "/measure", "payload": {"arena_id": "default", "robot_id": "202601002029", "request_id": "c82a1464bde540ba8657aea11914f48a", "position": {"x": 473.58502554391936, "y": -1113.7012407242992}, "channel": 3}, "attempt": 1}
2026-09-12 15:39:37,552 INFO response {"request_id": "c82a1464bde540ba8657aea11914f48a", "http_status": 200, "body": {"accepted": true, "real_timestamp_ms": 1789198774234, "virtual_time_s": 2013.343919, "measure_result": "direction", "svd_deg": 2.66}}
2026-09-12 15:39:38,615 INFO request {"path": "/measure", "payload": {"arena_id": "default", "robot_id": "202601002029", "request_id": "a701b430a8be4833b29bc2cd90f8f05e", "position": {"x": 974.4717265396139, "y": -1158.7044703266124}, "channel": 1}, "attempt": 1}
2026-09-12 15:39:38,635 INFO response {"request_id": "a701b430a8be4833b29bc2cd90f8f05e", "http_status": 200, "body": {"accepted": true, "real_timestamp_ms": 1789198775317, "virtual_time_s": 2119.924788, "measure_result": "direction", "svd_deg": 122.85}}
2026-09-12 15:39:38,666 INFO request {"path": "/measure", "payload": {"arena_id": "default", "robot_id": "202601002029", "request_id": "d11e39571c324819b997e5d55c8337cc", "position": {"x": 974.4717265396139, "y": -1158.7044703266124}, "channel": 3}, "attempt": 1}
2026-09-12 15:39:38,668 INFO response {"request_id": "d11e39571c324819b997e5d55c8337cc", "http_status": 200, "body": {"accepted": true, "real_timestamp_ms": 1789198775350, "virtual_time_s": 2125.924788, "measure_result": "direction", "svd_deg": 14.91}}
2026-09-12 15:39:39,273 INFO request {"path": "/measure", "payload": {"arena_id": "default", "robot_id": "202601002029", "request_id": "0bf29aee6aa942f5b2e2f03d8f518e85", "position": {"x": 1344.8737024285442, "y": -1118.235246011219}, "channel": 9}, "attempt": 1}
2026-09-12 15:39:39,275 INFO response {"request_id": "0bf29aee6aa942f5b2e2f03d8f518e85", "http_status": 200, "body": {"accepted": true, "real_timestamp_ms": 1789198775957, "virtual_time_s": 2206.446028, "measure_result": "direction", "svd_deg": 125.35}}
2026-09-12 15:39:39,302 INFO request {"path": "/measure", "payload": {"arena_id": "default", "robot_id": "202601002029", "request_id": "5e93423c784f4f7da4ecab7d93fe071e", "position": {"x": 1344.8737024285442, "y": -1118.235246011219}, "channel": 3}, "attempt": 1}
2026-09-12 15:39:39,315 INFO response {"request_id": "5e93423c784f4f7da4ecab7d93fe071e", "http_status": 200, "body": {"accepted": true, "real_timestamp_ms": 1789198775996, "virtual_time_s": 2212.446028, "measure_result": "direction", "svd_deg": 161.12}}
2026-09-12 15:39:39,323 INFO request {"path": "/clear", "payload": {"arena_id": "default", "robot_id": "202601002029", "request_id": "b77960a3764840ba97d1a38e10d6c5c0", "position": {"x": 1249.2254304546186, "y": -1085.7380208659454}, "channel": 3}, "attempt": 1}
2026-09-12 15:39:39,324 INFO response {"request_id": "b77960a3764840ba97d1a38e10d6c5c0", "http_status": 200, "body": {"accepted": true, "real_timestamp_ms": 1789198776007, "virtual_time_s": 2237.649653, "clear_result": "success"}}
2026-09-12 15:39:39,326 INFO request {"path": "/clear", "payload": {"arena_id": "default", "robot_id": "202601002029", "request_id": "687ddc3ec7f443ce84f99b8619f2a02b", "position": {"x": 1114.6275749580043, "y": -790.8016384046372}, "channel": 9}, "attempt": 1}
2026-09-12 15:39:39,343 INFO response {"request_id": "687ddc3ec7f443ce84f99b8619f2a02b", "http_status": 200, "body": {"accepted": true, "real_timestamp_ms": 1789198776025, "virtual_time_s": 2307.489163, "clear_result": "success"}}
2026-09-12 15:39:39,347 INFO request {"path": "/clear", "payload": {"arena_id": "default", "robot_id": "202601002029", "request_id": "19a86be85a9e472884360a2d163069f7", "position": {"x": 756.3338966141237, "y": -820.5808762299002}, "channel": 1}, "attempt": 1}
2026-09-12 15:39:39,348 INFO response {"request_id": "19a86be85a9e472884360a2d163069f7", "http_status": 200, "body": {"accepted": true, "real_timestamp_ms": 1789198776030, "virtual_time_s": 2384.39498, "clear_result": "success"}}
2026-09-12 15:39:39,351 INFO request {"path": "/clear", "payload": {"arena_id": "default", "robot_id": "202601002029", "request_id": "cf1f495913ad49dcb3c07ee00e94d3be", "position": {"x": -216.84492833950586, "y": -1249.5101866247699}, "channel": 17}, "attempt": 1}
2026-09-12 15:39:39,352 INFO response {"request_id": "cf1f495913ad49dcb3c07ee00e94d3be", "http_status": 200, "body": {"accepted": true, "real_timestamp_ms": 1789198776034, "virtual_time_s": 2602.097343, "clear_result": "success"}}
2026-09-12 15:39:39,372 INFO request {"path": "/measure", "payload": {"arena_id": "default", "robot_id": "202601002029", "request_id": "cead7f0745b349aca2551ae29fe854e2", "position": {"x": -216.84492833950586, "y": -1249.5101866247699}, "channel": 16}, "attempt": 1}
2026-09-12 15:39:39,374 INFO response {"request_id": "cead7f0745b349aca2551ae29fe854e2", "http_status": 200, "body": {"accepted": true, "real_timestamp_ms": 1789198776056, "virtual_time_s": 2608.097343, "measure_result": "direction", "svd_deg": 163.43}}
2026-09-12 15:39:39,382 INFO request {"path": "/measure", "payload": {"arena_id": "default", "robot_id": "202601002029", "request_id": "dd46ee2c041641c7a181d60aa39ba023", "position": {"x": -216.84492833950586, "y": -1249.5101866247699}, "channel": 12}, "attempt": 1}
2026-09-12 15:39:39,383 INFO response {"request_id": "dd46ee2c041641c7a181d60aa39ba023", "http_status": 200, "body": {"accepted": true, "real_timestamp_ms": 1789198776065, "virtual_time_s": 2614.097343, "measure_result": "direction", "svd_deg": 183.69}}
2026-09-12 15:39:40,009 INFO request {"path": "/clear", "payload": {"arena_id": "default", "robot_id": "202601002029", "request_id": "c588e71d304f408a8ad62da68a80f44f", "position": {"x": -717.5993277838718, "y": -1281.9860167101883}, "channel": 12}, "attempt": 1}
2026-09-12 15:39:40,026 INFO response {"request_id": "c588e71d304f408a8ad62da68a80f44f", "http_status": 200, "body": {"accepted": true, "real_timestamp_ms": 1789198776708, "virtual_time_s": 2719.45862, "clear_result": "success"}}
2026-09-12 15:39:40,057 INFO request {"path": "/measure", "payload": {"arena_id": "default", "robot_id": "202601002029", "request_id": "13b4fc4931e24d17872a6000b668494f", "position": {"x": -717.5993277838718, "y": -1281.9860167101883}, "channel": 4}, "attempt": 1}
2026-09-12 15:39:40,074 INFO response {"request_id": "13b4fc4931e24d17872a6000b668494f", "http_status": 200, "body": {"accepted": true, "real_timestamp_ms": 1789198776756, "virtual_time_s": 2725.45862, "measure_result": "direction", "svd_deg": 93.88}}
2026-09-12 15:39:40,099 INFO request {"path": "/measure", "payload": {"arena_id": "default", "robot_id": "202601002029", "request_id": "ac2f09a75cac429987485cb21db32cd8", "position": {"x": -717.5993277838718, "y": -1281.9860167101883}, "channel": 16}, "attempt": 1}
2026-09-12 15:39:40,114 INFO response {"request_id": "ac2f09a75cac429987485cb21db32cd8", "http_status": 200, "body": {"accepted": true, "real_timestamp_ms": 1789198776796, "virtual_time_s": 2731.45862, "measure_result": "direction", "svd_deg": 147.65}}
2026-09-12 15:39:41,314 INFO request {"path": "/measure", "payload": {"arena_id": "default", "robot_id": "202601002029", "request_id": "f2c8e3cb0a3a458fb3d8dcec94cd9398", "position": {"x": -981.8821586349204, "y": -892.142161349298}, "channel": 6}, "attempt": 1}
2026-09-12 15:39:41,329 INFO response {"request_id": "f2c8e3cb0a3a458fb3d8dcec94cd9398", "http_status": 200, "body": {"accepted": true, "real_timestamp_ms": 1789198778011, "virtual_time_s": 2831.654935, "measure_result": "direction", "svd_deg": 159.68}}
2026-09-12 15:39:41,362 INFO request {"path": "/measure", "payload": {"arena_id": "default", "robot_id": "202601002029", "request_id": "a7c12d5042254ab98988938b701aeb4f", "position": {"x": -981.8821586349204, "y": -892.142161349298}, "channel": 16}, "attempt": 1}
2026-09-12 15:39:41,377 INFO response {"request_id": "a7c12d5042254ab98988938b701aeb4f", "http_status": 200, "body": {"accepted": true, "real_timestamp_ms": 1789198778059, "virtual_time_s": 2837.654935, "measure_result": "direction", "svd_deg": 189.67}}
2026-09-12 15:39:41,404 INFO request {"path": "/measure", "payload": {"arena_id": "default", "robot_id": "202601002029", "request_id": "edd5ee8af66e45ed965aec09cd00760d", "position": {"x": -981.8821586349204, "y": -892.142161349298}, "channel": 4}, "attempt": 1}
2026-09-12 15:39:41,406 INFO response {"request_id": "edd5ee8af66e45ed965aec09cd00760d", "http_status": 200, "body": {"accepted": true, "real_timestamp_ms": 1789198778088, "virtual_time_s": 2843.654935, "measure_result": "direction", "svd_deg": 70.27}}
2026-09-12 15:39:41,412 INFO request {"path": "/clear", "payload": {"arena_id": "default", "robot_id": "202601002029", "request_id": "93ee2b0413d64fefbcd409f23ab8e14c", "position": {"x": -1248.4419850114748, "y": -939.9886954580378}, "channel": 16}, "attempt": 1}
2026-09-12 15:39:41,427 INFO response {"request_id": "93ee2b0413d64fefbcd409f23ab8e14c", "http_status": 200, "body": {"accepted": true, "real_timestamp_ms": 1789198778109, "virtual_time_s": 2902.81892, "clear_result": "success"}}
2026-09-12 15:39:41,428 INFO request {"path": "/clear", "payload": {"arena_id": "default", "robot_id": "202601002029", "request_id": "90799f9236d74ce0b61f8212276d84d1", "position": {"x": -1355.0380037646469, "y": -749.7699048992979}, "channel": 6}, "attempt": 1}
2026-09-12 15:39:41,429 INFO response {"request_id": "90799f9236d74ce0b61f8212276d84d1", "http_status": 200, "body": {"accepted": true, "real_timestamp_ms": 1789198778111, "virtual_time_s": 2951.428964, "clear_result": "success"}}
2026-09-12 15:39:41,429 INFO request {"path": "/clear", "payload": {"arena_id": "default", "robot_id": "202601002029", "request_id": "f7b47510fff94e5d8629ced525b2a3e6", "position": {"x": -775.1733081455615, "y": -284.8937882506307}, "channel": 4}, "attempt": 1}
2026-09-12 15:39:41,447 INFO response {"request_id": "f7b47510fff94e5d8629ced525b2a3e6", "http_status": 200, "body": {"accepted": true, "real_timestamp_ms": 1789198778129, "virtual_time_s": 3105.069856, "clear_result": "success"}}
2026-09-12 15:39:41,447 INFO request {"path": "/clear", "payload": {"arena_id": "default", "robot_id": "202601002029", "request_id": "6614cbd538ad47758f730eddcf2355e3", "position": {"x": -437.4866348908233, "y": 144.34368626127446}, "channel": 10}, "attempt": 1}
2026-09-12 15:39:41,448 INFO response {"request_id": "6614cbd538ad47758f730eddcf2355e3", "http_status": 200, "body": {"accepted": true, "real_timestamp_ms": 1789198778130, "virtual_time_s": 3219.299357, "clear_result": "success"}}
2026-09-12 15:39:41,459 INFO request {"path": "/measure", "payload": {"arena_id": "default", "robot_id": "202601002029", "request_id": "341ac56674ca44ca9b91f4e408ef0370", "position": {"x": -437.4866348908233, "y": 144.34368626127446}, "channel": 20}, "attempt": 1}
2026-09-12 15:39:41,476 INFO response {"request_id": "341ac56674ca44ca9b91f4e408ef0370", "http_status": 200, "body": {"accepted": true, "real_timestamp_ms": 1789198778158, "virtual_time_s": 3225.299357, "measure_result": "direction", "svd_deg": 90.41}}
2026-09-12 15:39:41,480 INFO request {"path": "/measure", "payload": {"arena_id": "default", "robot_id": "202601002029", "request_id": "680c982222eb4871ad281f2ee780a0bb", "position": {"x": -1201.101871170974, "y": 951.6059071192692}, "channel": 15}, "attempt": 1}
2026-09-12 15:39:41,481 INFO response {"request_id": "680c982222eb4871ad281f2ee780a0bb", "http_status": 200, "body": {"accepted": true, "real_timestamp_ms": 1789198778163, "virtual_time_s": 3453.540714, "measure_result": "direction", "svd_deg": 75.35}}
2026-09-12 15:39:41,494 INFO request {"path": "/measure", "payload": {"arena_id": "default", "robot_id": "202601002029", "request_id": "7b2a44ee26f643e7b5c9d5fda7b37f6a", "position": {"x": -1201.101871170974, "y": 951.6059071192692}, "channel": 13}, "attempt": 1}
2026-09-12 15:39:41,495 INFO response {"request_id": "7b2a44ee26f643e7b5c9d5fda7b37f6a", "http_status": 200, "body": {"accepted": true, "real_timestamp_ms": 1789198778178, "virtual_time_s": 3459.540714, "measure_result": "direction", "svd_deg": 27.37}}
2026-09-12 15:39:42,078 INFO request {"path": "/clear", "payload": {"arena_id": "default", "robot_id": "202601002029", "request_id": "11f5690f5bc044b39cab88c47bb5c7d1", "position": {"x": -1095.8575962869295, "y": 1355.1098395942513}, "channel": 15}, "attempt": 1}
2026-09-12 15:39:42,090 INFO response {"request_id": "11f5690f5bc044b39cab88c47bb5c7d1", "http_status": 200, "body": {"accepted": true, "real_timestamp_ms": 1789198778772, "virtual_time_s": 3547.941381, "clear_result": "success"}}
2026-09-12 15:39:42,106 INFO request {"path": "/measure", "payload": {"arena_id": "default", "robot_id": "202601002029", "request_id": "d4a01dd990b1468eaa5b858e9f304242", "position": {"x": -1095.8575962869295, "y": 1355.1098395942513}, "channel": 13}, "attempt": 1}
2026-09-12 15:39:42,119 INFO response {"request_id": "d4a01dd990b1468eaa5b858e9f304242", "http_status": 200, "body": {"accepted": true, "real_timestamp_ms": 1789198778801, "virtual_time_s": 3552.941381, "measure_result": "direction", "svd_deg": 359.24}}
2026-09-12 15:39:42,678 INFO request {"path": "/measure", "payload": {"arena_id": "default", "robot_id": "202601002029", "request_id": "d32cff8f85194d48904ac9881a7fd50a", "position": {"x": -599.9999999999998, "y": 1039.2304845413264}, "channel": 13}, "attempt": 1}
2026-09-12 15:39:42,679 INFO response {"request_id": "d32cff8f85194d48904ac9881a7fd50a", "http_status": 200, "body": {"accepted": true, "real_timestamp_ms": 1789198779361, "virtual_time_s": 3675.526163, "measure_result": "direction", "svd_deg": 64.5}}
2026-09-12 15:39:42,683 INFO request {"path": "/clear", "payload": {"arena_id": "default", "robot_id": "202601002029", "request_id": "67fe4ec81c1c4b63992bcf87910ec8ba", "position": {"x": -453.6065434842792, "y": 1210.4535788908247}, "channel": 20}, "attempt": 1}
2026-09-12 15:39:42,685 INFO response {"request_id": "67fe4ec81c1c4b63992bcf87910ec8ba", "http_status": 200, "body": {"accepted": true, "real_timestamp_ms": 1789198779367, "virtual_time_s": 3725.580971, "clear_result": "success"}}
2026-09-12 15:39:42,691 INFO request {"path": "/measure", "payload": {"arena_id": "default", "robot_id": "202601002029", "request_id": "15a4d18eff3a494a8077d52fcbcf7f75", "position": {"x": -453.6065434842792, "y": 1210.4535788908247}, "channel": 2}, "attempt": 1}
2026-09-12 15:39:42,692 INFO response {"request_id": "15a4d18eff3a494a8077d52fcbcf7f75", "http_status": 200, "body": {"accepted": true, "real_timestamp_ms": 1789198779374, "virtual_time_s": 3731.580971, "measure_result": "direction", "svd_deg": 344.15}}
2026-09-12 15:39:43,219 INFO request {"path": "/clear", "payload": {"arena_id": "default", "robot_id": "202601002029", "request_id": "32b516a9690b47e2a4c5e290bbd0d9a0", "position": {"x": -457.08792901571803, "y": 1338.610130519548}, "channel": 13}, "attempt": 1}
2026-09-12 15:39:43,237 INFO response {"request_id": "32b516a9690b47e2a4c5e290bbd0d9a0", "http_status": 200, "body": {"accepted": true, "real_timestamp_ms": 1789198779919, "virtual_time_s": 3762.221737, "clear_result": "success"}}
2026-09-12 15:39:43,247 INFO request {"path": "/measure", "payload": {"arena_id": "default", "robot_id": "202601002029", "request_id": "5d1153347b6e4187b9fc291fb43dc57a", "position": {"x": -457.08792901571803, "y": 1338.610130519548}, "channel": 2}, "attempt": 1}
2026-09-12 15:39:43,249 INFO response {"request_id": "5d1153347b6e4187b9fc291fb43dc57a", "http_status": 200, "body": {"accepted": true, "real_timestamp_ms": 1789198779931, "virtual_time_s": 3767.221737, "measure_result": "direction", "svd_deg": 337.13}}
2026-09-12 15:39:43,806 INFO request {"path": "/measure", "payload": {"arena_id": "default", "robot_id": "202601002029", "request_id": "df6141e1e2b641b18fbb52f6e28ee096", "position": {"x": 600.0000000000001, "y": 1039.2304845413264}, "channel": 2}, "attempt": 1}
2026-09-12 15:39:43,819 INFO response {"request_id": "df6141e1e2b641b18fbb52f6e28ee096", "http_status": 200, "body": {"accepted": true, "real_timestamp_ms": 1789198780501, "virtual_time_s": 3991.95458, "measure_result": "direction", "svd_deg": 239.55}}
2026-09-12 15:39:43,824 INFO request {"path": "/clear", "payload": {"arena_id": "default", "robot_id": "202601002029", "request_id": "f299dbc48070439583c0b99ce65bdaf3", "position": {"x": 533.0935662728873, "y": 925.923429026506}, "channel": 2}, "attempt": 1}
2026-09-12 15:39:43,826 INFO response {"request_id": "f299dbc48070439583c0b99ce65bdaf3", "http_status": 200, "body": {"accepted": true, "real_timestamp_ms": 1789198780508, "virtual_time_s": 4023.271844, "clear_result": "success"}}
2026-09-12 15:39:43,826 INFO request {"path": "/clear", "payload": {"arena_id": "default", "robot_id": "202601002029", "request_id": "b7e47091a1ff4b05951acf593d5d071d", "position": {"x": 785.0722189930766, "y": 282.72816375314625}, "channel": 19}, "attempt": 1}
2026-09-12 15:39:43,840 INFO response {"request_id": "b7e47091a1ff4b05951acf593d5d071d", "http_status": 200, "body": {"accepted": true, "real_timestamp_ms": 1789198780521, "virtual_time_s": 4166.430216, "clear_result": "success"}}
2026-09-12 15:39:43,840 INFO request {"path": "/exit", "payload": {"arena_id": "default", "robot_id": "202601002029", "request_id": "36b6e278daac4fa886930ba65f4fad41"}, "attempt": 1}
2026-09-12 15:39:43,842 INFO response {"request_id": "36b6e278daac4fa886930ba65f4fad41", "http_status": 200, "body": {"accepted": true, "real_timestamp_ms": 1789198780523, "virtual_time_s": 4166.430216, "exit_reason": "user_exit"}}
