2026-09-12 16:54:29,527 INFO request {"path": "/enter", "payload": {"arena_id": "default", "robot_id": "202601002029", "request_id": "808b7e70d83f4618955830bbef1a5a25"}, "attempt": 1}
2026-09-12 16:54:29,530 INFO response {"request_id": "808b7e70d83f4618955830bbef1a5a25", "http_status": 200, "body": {"accepted": true, "real_timestamp_ms": 1789203266253, "virtual_time_s": 0, "max_virtual_duration_s": 360000, "max_real_duration_s": 1200, "remaining_real_duration_s": 1200}}
2026-09-12 16:54:29,530 INFO request {"path": "/measure", "payload": {"arena_id": "default", "robot_id": "202601002029", "request_id": "a74e8dfee5ef47039c62d33cae28b582", "position": {"x": 0.0, "y": 0.0}, "channel": 1}, "attempt": 1}
2026-09-12 16:54:29,545 INFO response {"request_id": "a74e8dfee5ef47039c62d33cae28b582", "http_status": 200, "body": {"accepted": true, "real_timestamp_ms": 1789203266267, "virtual_time_s": 5, "measure_result": "direction", "svd_deg": 269.68}}
2026-09-12 16:54:29,552 INFO request {"path": "/measure", "payload": {"arena_id": "default", "robot_id": "202601002029", "request_id": "7234a200ef034c988e1b40652d1c18aa", "position": {"x": 0.0, "y": 0.0}, "channel": 2}, "attempt": 1}
2026-09-12 16:54:29,554 INFO response {"request_id": "7234a200ef034c988e1b40652d1c18aa", "http_status": 200, "body": {"accepted": true, "real_timestamp_ms": 1789203266276, "virtual_time_s": 11, "measure_result": "no_signal"}}
2026-09-12 16:54:29,554 INFO request {"path": "/measure", "payload": {"arena_id": "default", "robot_id": "202601002029", "request_id": "b7f3158a3b844ce0904887f43776f9f4", "position": {"x": 0.0, "y": 0.0}, "channel": 3}, "attempt": 1}
2026-09-12 16:54:29,555 INFO response {"request_id": "b7f3158a3b844ce0904887f43776f9f4", "http_status": 200, "body": {"accepted": true, "real_timestamp_ms": 1789203266277, "virtual_time_s": 17, "measure_result": "no_signal"}}
2026-09-12 16:54:29,555 INFO request {"path": "/measure", "payload": {"arena_id": "default", "robot_id": "202601002029", "request_id": "e8ed01e3ee67499283590ade5aaf2642", "position": {"x": 0.0, "y": 0.0}, "channel": 4}, "attempt": 1}
2026-09-12 16:54:29,557 INFO response {"request_id": "e8ed01e3ee67499283590ade5aaf2642", "http_status": 200, "body": {"accepted": true, "real_timestamp_ms": 1789203266279, "virtual_time_s": 23, "measure_result": "no_signal"}}
2026-09-12 16:54:29,558 INFO request {"path": "/measure", "payload": {"arena_id": "default", "robot_id": "202601002029", "request_id": "7289ea3eee944dfeac1ebe681ecf85c8", "position": {"x": 0.0, "y": 0.0}, "channel": 5}, "attempt": 1}
2026-09-12 16:54:29,559 INFO response {"request_id": "7289ea3eee944dfeac1ebe681ecf85c8", "http_status": 200, "body": {"accepted": true, "real_timestamp_ms": 1789203266281, "virtual_time_s": 29, "measure_result": "no_signal"}}
2026-09-12 16:54:29,559 INFO request {"path": "/measure", "payload": {"arena_id": "default", "robot_id": "202601002029", "request_id": "8e06f54e189a4ca8a8660fefb1dff941", "position": {"x": 0.0, "y": 0.0}, "channel": 6}, "attempt": 1}
2026-09-12 16:54:29,575 INFO response {"request_id": "8e06f54e189a4ca8a8660fefb1dff941", "http_status": 200, "body": {"accepted": true, "real_timestamp_ms": 1789203266298, "virtual_time_s": 35, "measure_result": "no_signal"}}
2026-09-12 16:54:29,575 INFO request {"path": "/measure", "payload": {"arena_id": "default", "robot_id": "202601002029", "request_id": "6966c0ce7bbe464c986ffd651c4236eb", "position": {"x": 0.0, "y": 0.0}, "channel": 7}, "attempt": 1}
2026-09-12 16:54:29,595 INFO response {"request_id": "6966c0ce7bbe464c986ffd651c4236eb", "http_status": 200, "body": {"accepted": true, "real_timestamp_ms": 1789203266317, "virtual_time_s": 41, "measure_result": "no_signal"}}
2026-09-12 16:54:29,596 INFO request {"path": "/measure", "payload": {"arena_id": "default", "robot_id": "202601002029", "request_id": "13906479032744bd98b14d20e9a71eb3", "position": {"x": 0.0, "y": 0.0}, "channel": 8}, "attempt": 1}
2026-09-12 16:54:29,602 INFO response {"request_id": "13906479032744bd98b14d20e9a71eb3", "http_status": 200, "body": {"accepted": true, "real_timestamp_ms": 1789203266325, "virtual_time_s": 47, "measure_result": "direction", "svd_deg": 259.2}}
2026-09-12 16:54:29,608 INFO request {"path": "/measure", "payload": {"arena_id": "default", "robot_id": "202601002029", "request_id": "10b4a94ed85c4b2ba9a4bcac94a4c5d9", "position": {"x": 0.0, "y": 0.0}, "channel": 9}, "attempt": 1}
2026-09-12 16:54:29,624 INFO response {"request_id": "10b4a94ed85c4b2ba9a4bcac94a4c5d9", "http_status": 200, "body": {"accepted": true, "real_timestamp_ms": 1789203266347, "virtual_time_s": 53, "measure_result": "no_signal"}}
2026-09-12 16:54:29,625 INFO request {"path": "/measure", "payload": {"arena_id": "default", "robot_id": "202601002029", "request_id": "5562c00a8555483dbbad111811e7601c", "position": {"x": 0.0, "y": 0.0}, "channel": 10}, "attempt": 1}
2026-09-12 16:54:29,644 INFO response {"request_id": "5562c00a8555483dbbad111811e7601c", "http_status": 200, "body": {"accepted": true, "real_timestamp_ms": 1789203266366, "virtual_time_s": 59, "measure_result": "no_signal"}}
2026-09-12 16:54:29,644 INFO request {"path": "/measure", "payload": {"arena_id": "default", "robot_id": "202601002029", "request_id": "0b22cdcf5ff44c74b79bbfb44d081fd8", "position": {"x": 0.0, "y": 0.0}, "channel": 11}, "attempt": 1}
2026-09-12 16:54:29,663 INFO response {"request_id": "0b22cdcf5ff44c74b79bbfb44d081fd8", "http_status": 200, "body": {"accepted": true, "real_timestamp_ms": 1789203266385, "virtual_time_s": 65, "measure_result": "no_signal"}}
2026-09-12 16:54:29,663 INFO request {"path": "/measure", "payload": {"arena_id": "default", "robot_id": "202601002029", "request_id": "57d4af735e624c4a8fc8873569278f0e", "position": {"x": 0.0, "y": 0.0}, "channel": 12}, "attempt": 1}
2026-09-12 16:54:29,682 INFO response {"request_id": "57d4af735e624c4a8fc8873569278f0e", "http_status": 200, "body": {"accepted": true, "real_timestamp_ms": 1789203266404, "virtual_time_s": 71, "measure_result": "no_signal"}}
2026-09-12 16:54:29,682 INFO request {"path": "/measure", "payload": {"arena_id": "default", "robot_id": "202601002029", "request_id": "954135bed6644997bb101a1424461875", "position": {"x": 0.0, "y": 0.0}, "channel": 13}, "attempt": 1}
2026-09-12 16:54:29,685 INFO response {"request_id": "954135bed6644997bb101a1424461875", "http_status": 200, "body": {"accepted": true, "real_timestamp_ms": 1789203266407, "virtual_time_s": 77, "measure_result": "direction", "svd_deg": 196.52}}
2026-09-12 16:54:29,689 INFO request {"path": "/measure", "payload": {"arena_id": "default", "robot_id": "202601002029", "request_id": "605c370a7caa4d57bf08b8fe6e2c6525", "position": {"x": 0.0, "y": 0.0}, "channel": 14}, "attempt": 1}
2026-09-12 16:54:29,702 INFO response {"request_id": "605c370a7caa4d57bf08b8fe6e2c6525", "http_status": 200, "body": {"accepted": true, "real_timestamp_ms": 1789203266423, "virtual_time_s": 83, "measure_result": "direction", "svd_deg": 59.25}}
2026-09-12 16:54:29,707 INFO request {"path": "/measure", "payload": {"arena_id": "default", "robot_id": "202601002029", "request_id": "2fea8a827bdf422192678fa38da30d1f", "position": {"x": 0.0, "y": 0.0}, "channel": 15}, "attempt": 1}
2026-09-12 16:54:29,721 INFO response {"request_id": "2fea8a827bdf422192678fa38da30d1f", "http_status": 200, "body": {"accepted": true, "real_timestamp_ms": 1789203266443, "virtual_time_s": 89, "measure_result": "direction", "svd_deg": 289.74}}
2026-09-12 16:54:29,726 INFO request {"path": "/measure", "payload": {"arena_id": "default", "robot_id": "202601002029", "request_id": "e688b9b4c3ef45b9921f4e5a8d5edce8", "position": {"x": 0.0, "y": 0.0}, "channel": 16}, "attempt": 1}
2026-09-12 16:54:29,729 INFO response {"request_id": "e688b9b4c3ef45b9921f4e5a8d5edce8", "http_status": 200, "body": {"accepted": true, "real_timestamp_ms": 1789203266451, "virtual_time_s": 95, "measure_result": "no_signal"}}
2026-09-12 16:54:29,729 INFO request {"path": "/measure", "payload": {"arena_id": "default", "robot_id": "202601002029", "request_id": "c6272e8656d34e608c049091e6325de6", "position": {"x": 0.0, "y": 0.0}, "channel": 17}, "attempt": 1}
2026-09-12 16:54:29,731 INFO response {"request_id": "c6272e8656d34e608c049091e6325de6", "http_status": 200, "body": {"accepted": true, "real_timestamp_ms": 1789203266453, "virtual_time_s": 101, "measure_result": "no_signal"}}
2026-09-12 16:54:29,731 INFO request {"path": "/measure", "payload": {"arena_id": "default", "robot_id": "202601002029", "request_id": "06a4aa12dea0458d875ddeb714df6856", "position": {"x": 0.0, "y": 0.0}, "channel": 18}, "attempt": 1}
2026-09-12 16:54:29,733 INFO response {"request_id": "06a4aa12dea0458d875ddeb714df6856", "http_status": 200, "body": {"accepted": true, "real_timestamp_ms": 1789203266455, "virtual_time_s": 107, "measure_result": "no_signal"}}
2026-09-12 16:54:29,733 INFO request {"path": "/measure", "payload": {"arena_id": "default", "robot_id": "202601002029", "request_id": "5716cfb51fe44a45b556a849c98d75a1", "position": {"x": 0.0, "y": 0.0}, "channel": 19}, "attempt": 1}
2026-09-12 16:54:29,735 INFO response {"request_id": "5716cfb51fe44a45b556a849c98d75a1", "http_status": 200, "body": {"accepted": true, "real_timestamp_ms": 1789203266457, "virtual_time_s": 113, "measure_result": "no_signal"}}
2026-09-12 16:54:29,735 INFO request {"path": "/measure", "payload": {"arena_id": "default", "robot_id": "202601002029", "request_id": "b84083f844d04be8a6de4d214dcd40a9", "position": {"x": 0.0, "y": 0.0}, "channel": 20}, "attempt": 1}
2026-09-12 16:54:29,737 INFO response {"request_id": "b84083f844d04be8a6de4d214dcd40a9", "http_status": 200, "body": {"accepted": true, "real_timestamp_ms": 1789203266459, "virtual_time_s": 119, "measure_result": "no_signal"}}
2026-09-12 16:54:29,737 INFO request {"path": "/measure", "payload": {"arena_id": "default", "robot_id": "202601002029", "request_id": "d1bf287f9efb44fba4af2841300ea9bf", "position": {"x": 1130.0, "y": 0.0}, "channel": 20}, "attempt": 1}
2026-09-12 16:54:29,739 INFO response {"request_id": "d1bf287f9efb44fba4af2841300ea9bf", "http_status": 200, "body": {"accepted": true, "real_timestamp_ms": 1789203266461, "virtual_time_s": 350, "measure_result": "no_signal"}}
2026-09-12 16:54:29,739 INFO request {"path": "/measure", "payload": {"arena_id": "default", "robot_id": "202601002029", "request_id": "2710bd067d0f4588a96370e49a2d7336", "position": {"x": 1130.0, "y": 0.0}, "channel": 2}, "attempt": 1}
2026-09-12 16:54:29,741 INFO response {"request_id": "2710bd067d0f4588a96370e49a2d7336", "http_status": 200, "body": {"accepted": true, "real_timestamp_ms": 1789203266463, "virtual_time_s": 356, "measure_result": "no_signal"}}
2026-09-12 16:54:29,741 INFO request {"path": "/measure", "payload": {"arena_id": "default", "robot_id": "202601002029", "request_id": "0183adaa85a74a69b63240f1964c4fd8", "position": {"x": 1130.0, "y": 0.0}, "channel": 3}, "attempt": 1}
2026-09-12 16:54:29,743 INFO response {"request_id": "0183adaa85a74a69b63240f1964c4fd8", "http_status": 200, "body": {"accepted": true, "real_timestamp_ms": 1789203266465, "virtual_time_s": 362, "measure_result": "direction", "svd_deg": 100.05}}
2026-09-12 16:54:29,748 INFO request {"path": "/measure", "payload": {"arena_id": "default", "robot_id": "202601002029", "request_id": "07e9eb30774c455c9203c5fc7f46b261", "position": {"x": 1130.0, "y": 0.0}, "channel": 4}, "attempt": 1}
2026-09-12 16:54:29,760 INFO response {"request_id": "07e9eb30774c455c9203c5fc7f46b261", "http_status": 200, "body": {"accepted": true, "real_timestamp_ms": 1789203266482, "virtual_time_s": 368, "measure_result": "no_signal"}}
2026-09-12 16:54:29,760 INFO request {"path": "/measure", "payload": {"arena_id": "default", "robot_id": "202601002029", "request_id": "6805352ece5c4a979e8f03bab9f657a6", "position": {"x": 1130.0, "y": 0.0}, "channel": 5}, "attempt": 1}
2026-09-12 16:54:29,779 INFO response {"request_id": "6805352ece5c4a979e8f03bab9f657a6", "http_status": 200, "body": {"accepted": true, "real_timestamp_ms": 1789203266501, "virtual_time_s": 374, "measure_result": "no_signal"}}
2026-09-12 16:54:29,779 INFO request {"path": "/measure", "payload": {"arena_id": "default", "robot_id": "202601002029", "request_id": "b900eb5e05b94a49830df8cfdaae76c8", "position": {"x": 1130.0, "y": 0.0}, "channel": 6}, "attempt": 1}
2026-09-12 16:54:29,799 INFO response {"request_id": "b900eb5e05b94a49830df8cfdaae76c8", "http_status": 200, "body": {"accepted": true, "real_timestamp_ms": 1789203266521, "virtual_time_s": 380, "measure_result": "no_signal"}}
2026-09-12 16:54:29,799 INFO request {"path": "/measure", "payload": {"arena_id": "default", "robot_id": "202601002029", "request_id": "fdd8b03994d6431da151621b1cc7b57c", "position": {"x": 1130.0, "y": 0.0}, "channel": 7}, "attempt": 1}
2026-09-12 16:54:29,818 INFO response {"request_id": "fdd8b03994d6431da151621b1cc7b57c", "http_status": 200, "body": {"accepted": true, "real_timestamp_ms": 1789203266541, "virtual_time_s": 386, "measure_result": "no_signal"}}
2026-09-12 16:54:29,818 INFO request {"path": "/measure", "payload": {"arena_id": "default", "robot_id": "202601002029", "request_id": "c5a2fda13b214cf585bcbbf06bd11eeb", "position": {"x": 1130.0, "y": 0.0}, "channel": 9}, "attempt": 1}
2026-09-12 16:54:29,819 INFO response {"request_id": "c5a2fda13b214cf585bcbbf06bd11eeb", "http_status": 200, "body": {"accepted": true, "real_timestamp_ms": 1789203266542, "virtual_time_s": 392, "measure_result": "no_signal"}}
2026-09-12 16:54:29,819 INFO request {"path": "/measure", "payload": {"arena_id": "default", "robot_id": "202601002029", "request_id": "9a8b049ce32844c08e8c0103128e2616", "position": {"x": 1130.0, "y": 0.0}, "channel": 10}, "attempt": 1}
2026-09-12 16:54:29,838 INFO response {"request_id": "9a8b049ce32844c08e8c0103128e2616", "http_status": 200, "body": {"accepted": true, "real_timestamp_ms": 1789203266560, "virtual_time_s": 398, "measure_result": "no_signal"}}
2026-09-12 16:54:29,838 INFO request {"path": "/measure", "payload": {"arena_id": "default", "robot_id": "202601002029", "request_id": "ab5471c904144c2e85a20bd0126c497d", "position": {"x": 1130.0, "y": 0.0}, "channel": 11}, "attempt": 1}
2026-09-12 16:54:29,839 INFO response {"request_id": "ab5471c904144c2e85a20bd0126c497d", "http_status": 200, "body": {"accepted": true, "real_timestamp_ms": 1789203266561, "virtual_time_s": 404, "measure_result": "no_signal"}}
2026-09-12 16:54:29,839 INFO request {"path": "/measure", "payload": {"arena_id": "default", "robot_id": "202601002029", "request_id": "51cac338aa6e4e908cc6ee9b4a666647", "position": {"x": 1130.0, "y": 0.0}, "channel": 12}, "attempt": 1}
2026-09-12 16:54:29,840 INFO response {"request_id": "51cac338aa6e4e908cc6ee9b4a666647", "http_status": 200, "body": {"accepted": true, "real_timestamp_ms": 1789203266562, "virtual_time_s": 410, "measure_result": "no_signal"}}
2026-09-12 16:54:29,840 INFO request {"path": "/measure", "payload": {"arena_id": "default", "robot_id": "202601002029", "request_id": "290f9e02d5984cb3a4d98a9f457a9664", "position": {"x": 1130.0, "y": 0.0}, "channel": 16}, "attempt": 1}
2026-09-12 16:54:29,840 INFO response {"request_id": "290f9e02d5984cb3a4d98a9f457a9664", "http_status": 200, "body": {"accepted": true, "real_timestamp_ms": 1789203266563, "virtual_time_s": 416, "measure_result": "no_signal"}}
2026-09-12 16:54:29,841 INFO request {"path": "/measure", "payload": {"arena_id": "default", "robot_id": "202601002029", "request_id": "3b9369c931674f9b8242ee9365143345", "position": {"x": 1130.0, "y": 0.0}, "channel": 17}, "attempt": 1}
2026-09-12 16:54:29,841 INFO response {"request_id": "3b9369c931674f9b8242ee9365143345", "http_status": 200, "body": {"accepted": true, "real_timestamp_ms": 1789203266564, "virtual_time_s": 422, "measure_result": "no_signal"}}
2026-09-12 16:54:29,842 INFO request {"path": "/measure", "payload": {"arena_id": "default", "robot_id": "202601002029", "request_id": "6eee0861d7bd44089931725e770ab56c", "position": {"x": 1130.0, "y": 0.0}, "channel": 18}, "attempt": 1}
2026-09-12 16:54:29,842 INFO response {"request_id": "6eee0861d7bd44089931725e770ab56c", "http_status": 200, "body": {"accepted": true, "real_timestamp_ms": 1789203266565, "virtual_time_s": 428, "measure_result": "no_signal"}}
2026-09-12 16:54:29,842 INFO request {"path": "/measure", "payload": {"arena_id": "default", "robot_id": "202601002029", "request_id": "e690cdd922834f7ab1dfc6510d53cf6f", "position": {"x": 1130.0, "y": 0.0}, "channel": 19}, "attempt": 1}
2026-09-12 16:54:29,843 INFO response {"request_id": "e690cdd922834f7ab1dfc6510d53cf6f", "http_status": 200, "body": {"accepted": true, "real_timestamp_ms": 1789203266566, "virtual_time_s": 434, "measure_result": "direction", "svd_deg": 277.59}}
2026-09-12 16:54:29,847 INFO request {"path": "/measure", "payload": {"arena_id": "default", "robot_id": "202601002029", "request_id": "bce57b47cb3145ec95c658c024ac7f45", "position": {"x": 565.0000000000001, "y": 978.6087062764157}, "channel": 2}, "attempt": 1}
2026-09-12 16:54:29,848 INFO response {"request_id": "bce57b47cb3145ec95c658c024ac7f45", "http_status": 200, "body": {"accepted": true, "real_timestamp_ms": 1789203266571, "virtual_time_s": 666, "measure_result": "no_signal"}}
2026-09-12 16:54:29,849 INFO request {"path": "/measure", "payload": {"arena_id": "default", "robot_id": "202601002029", "request_id": "0b102e390872414b95bfbdaee864c645", "position": {"x": 565.0000000000001, "y": 978.6087062764157}, "channel": 4}, "attempt": 1}
2026-09-12 16:54:29,849 INFO response {"request_id": "0b102e390872414b95bfbdaee864c645", "http_status": 200, "body": {"accepted": true, "real_timestamp_ms": 1789203266572, "virtual_time_s": 672, "measure_result": "no_signal"}}
2026-09-12 16:54:29,849 INFO request {"path": "/measure", "payload": {"arena_id": "default", "robot_id": "202601002029", "request_id": "784abc8d237841e1b15bc5b7364023a8", "position": {"x": 565.0000000000001, "y": 978.6087062764157}, "channel": 5}, "attempt": 1}
2026-09-12 16:54:29,868 INFO response {"request_id": "784abc8d237841e1b15bc5b7364023a8", "http_status": 200, "body": {"accepted": true, "real_timestamp_ms": 1789203266590, "virtual_time_s": 678, "measure_result": "no_signal"}}
2026-09-12 16:54:29,868 INFO request {"path": "/measure", "payload": {"arena_id": "default", "robot_id": "202601002029", "request_id": "825d7cc93dcc42a481926de1b38251e0", "position": {"x": 565.0000000000001, "y": 978.6087062764157}, "channel": 6}, "attempt": 1}
2026-09-12 16:54:29,888 INFO response {"request_id": "825d7cc93dcc42a481926de1b38251e0", "http_status": 200, "body": {"accepted": true, "real_timestamp_ms": 1789203266610, "virtual_time_s": 684, "measure_result": "no_signal"}}
2026-09-12 16:54:29,888 INFO request {"path": "/measure", "payload": {"arena_id": "default", "robot_id": "202601002029", "request_id": "7390ca3b01d24009abbd84db64fb5f2f", "position": {"x": 565.0000000000001, "y": 978.6087062764157}, "channel": 7}, "attempt": 1}
2026-09-12 16:54:29,907 INFO response {"request_id": "7390ca3b01d24009abbd84db64fb5f2f", "http_status": 200, "body": {"accepted": true, "real_timestamp_ms": 1789203266630, "virtual_time_s": 690, "measure_result": "direction", "svd_deg": 172.3}}
2026-09-12 16:54:29,910 INFO request {"path": "/measure", "payload": {"arena_id": "default", "robot_id": "202601002029", "request_id": "09ac3a45090f4f08bd110522ff15ef0f", "position": {"x": 565.0000000000001, "y": 978.6087062764157}, "channel": 9}, "attempt": 1}
2026-09-12 16:54:29,926 INFO response {"request_id": "09ac3a45090f4f08bd110522ff15ef0f", "http_status": 200, "body": {"accepted": true, "real_timestamp_ms": 1789203266649, "virtual_time_s": 696, "measure_result": "no_signal"}}
2026-09-12 16:54:29,926 INFO request {"path": "/measure", "payload": {"arena_id": "default", "robot_id": "202601002029", "request_id": "164ebb52e5d149b9a0574631d06a2c60", "position": {"x": 565.0000000000001, "y": 978.6087062764157}, "channel": 10}, "attempt": 1}
2026-09-12 16:54:29,928 INFO response {"request_id": "164ebb52e5d149b9a0574631d06a2c60", "http_status": 200, "body": {"accepted": true, "real_timestamp_ms": 1789203266650, "virtual_time_s": 702, "measure_result": "no_signal"}}
2026-09-12 16:54:29,928 INFO request {"path": "/measure", "payload": {"arena_id": "default", "robot_id": "202601002029", "request_id": "a9d7ac5c66814eb69ec68c505f34c308", "position": {"x": 565.0000000000001, "y": 978.6087062764157}, "channel": 11}, "attempt": 1}
2026-09-12 16:54:29,945 INFO response {"request_id": "a9d7ac5c66814eb69ec68c505f34c308", "http_status": 200, "body": {"accepted": true, "real_timestamp_ms": 1789203266668, "virtual_time_s": 708, "measure_result": "no_signal"}}
2026-09-12 16:54:29,945 INFO request {"path": "/measure", "payload": {"arena_id": "default", "robot_id": "202601002029", "request_id": "35df223f17374520afd280ccb229b4d7", "position": {"x": 565.0000000000001, "y": 978.6087062764157}, "channel": 12}, "attempt": 1}
2026-09-12 16:54:29,946 INFO response {"request_id": "35df223f17374520afd280ccb229b4d7", "http_status": 200, "body": {"accepted": true, "real_timestamp_ms": 1789203266669, "virtual_time_s": 714, "measure_result": "no_signal"}}
2026-09-12 16:54:29,947 INFO request {"path": "/measure", "payload": {"arena_id": "default", "robot_id": "202601002029", "request_id": "6c8bd0da603b4c5ca0d3239860524a49", "position": {"x": 565.0000000000001, "y": 978.6087062764157}, "channel": 16}, "attempt": 1}
2026-09-12 16:54:29,947 INFO response {"request_id": "6c8bd0da603b4c5ca0d3239860524a49", "http_status": 200, "body": {"accepted": true, "real_timestamp_ms": 1789203266670, "virtual_time_s": 720, "measure_result": "no_signal"}}
2026-09-12 16:54:29,948 INFO request {"path": "/measure", "payload": {"arena_id": "default", "robot_id": "202601002029", "request_id": "ccb49772234341a49f2fae609e34654e", "position": {"x": 565.0000000000001, "y": 978.6087062764157}, "channel": 17}, "attempt": 1}
2026-09-12 16:54:29,965 INFO response {"request_id": "ccb49772234341a49f2fae609e34654e", "http_status": 200, "body": {"accepted": true, "real_timestamp_ms": 1789203266688, "virtual_time_s": 726, "measure_result": "no_signal"}}
2026-09-12 16:54:29,966 INFO request {"path": "/measure", "payload": {"arena_id": "default", "robot_id": "202601002029", "request_id": "8619b1611628481080d375f728ab713c", "position": {"x": 565.0000000000001, "y": 978.6087062764157}, "channel": 18}, "attempt": 1}
2026-09-12 16:54:29,985 INFO response {"request_id": "8619b1611628481080d375f728ab713c", "http_status": 200, "body": {"accepted": true, "real_timestamp_ms": 1789203266708, "virtual_time_s": 732, "measure_result": "no_signal"}}
2026-09-12 16:54:29,985 INFO request {"path": "/measure", "payload": {"arena_id": "default", "robot_id": "202601002029", "request_id": "70b9b23c5e314aa0ac2dd20d31b89075", "position": {"x": 565.0000000000001, "y": 978.6087062764157}, "channel": 20}, "attempt": 1}
2026-09-12 16:54:30,005 INFO response {"request_id": "70b9b23c5e314aa0ac2dd20d31b89075", "http_status": 200, "body": {"accepted": true, "real_timestamp_ms": 1789203266727, "virtual_time_s": 738, "measure_result": "no_signal"}}
2026-09-12 16:54:30,014 INFO request {"path": "/measure", "payload": {"arena_id": "default", "robot_id": "202601002029", "request_id": "4ae044b8c78e46f383685bcce7fd23ff", "position": {"x": 565.0000000000001, "y": 978.6087062764157}, "channel": 3}, "attempt": 1}
2026-09-12 16:54:30,015 INFO response {"request_id": "4ae044b8c78e46f383685bcce7fd23ff", "http_status": 200, "body": {"accepted": true, "real_timestamp_ms": 1789203266737, "virtual_time_s": 744, "measure_result": "direction", "svd_deg": 331.67}}
2026-09-12 16:54:30,019 INFO request {"path": "/measure", "payload": {"arena_id": "default", "robot_id": "202601002029", "request_id": "5ffe054048c14bf8aab2c5345041c521", "position": {"x": -564.9999999999998, "y": 978.6087062764158}, "channel": 2}, "attempt": 1}
2026-09-12 16:54:30,021 INFO response {"request_id": "5ffe054048c14bf8aab2c5345041c521", "http_status": 200, "body": {"accepted": true, "real_timestamp_ms": 1789203266743, "virtual_time_s": 976, "measure_result": "no_signal"}}
2026-09-12 16:54:30,021 INFO request {"path": "/measure", "payload": {"arena_id": "default", "robot_id": "202601002029", "request_id": "cf973364c3fa45eb8e48ff26c83d2c5c", "position": {"x": -564.9999999999998, "y": 978.6087062764158}, "channel": 4}, "attempt": 1}
2026-09-12 16:54:30,022 INFO response {"request_id": "cf973364c3fa45eb8e48ff26c83d2c5c", "http_status": 200, "body": {"accepted": true, "real_timestamp_ms": 1789203266744, "virtual_time_s": 982, "measure_result": "no_signal"}}
2026-09-12 16:54:30,022 INFO request {"path": "/measure", "payload": {"arena_id": "default", "robot_id": "202601002029", "request_id": "75c42a4f0d174860b0edf428dd6ea8ea", "position": {"x": -564.9999999999998, "y": 978.6087062764158}, "channel": 5}, "attempt": 1}
2026-09-12 16:54:30,023 INFO response {"request_id": "75c42a4f0d174860b0edf428dd6ea8ea", "http_status": 200, "body": {"accepted": true, "real_timestamp_ms": 1789203266746, "virtual_time_s": 988, "measure_result": "no_signal"}}
2026-09-12 16:54:30,023 INFO request {"path": "/measure", "payload": {"arena_id": "default", "robot_id": "202601002029", "request_id": "b9a3a1b99a874361b4688d94376c7b5d", "position": {"x": -564.9999999999998, "y": 978.6087062764158}, "channel": 6}, "attempt": 1}
2026-09-12 16:54:30,024 INFO response {"request_id": "b9a3a1b99a874361b4688d94376c7b5d", "http_status": 200, "body": {"accepted": true, "real_timestamp_ms": 1789203266747, "virtual_time_s": 994, "measure_result": "no_signal"}}
2026-09-12 16:54:30,024 INFO request {"path": "/measure", "payload": {"arena_id": "default", "robot_id": "202601002029", "request_id": "bfce0d42a2f64f2c8028095b7bced040", "position": {"x": -564.9999999999998, "y": 978.6087062764158}, "channel": 9}, "attempt": 1}
2026-09-12 16:54:30,025 INFO response {"request_id": "bfce0d42a2f64f2c8028095b7bced040", "http_status": 200, "body": {"accepted": true, "real_timestamp_ms": 1789203266748, "virtual_time_s": 1000, "measure_result": "no_signal"}}
2026-09-12 16:54:30,025 INFO request {"path": "/measure", "payload": {"arena_id": "default", "robot_id": "202601002029", "request_id": "1f4874667b774798a2dc2bf56a445de7", "position": {"x": -564.9999999999998, "y": 978.6087062764158}, "channel": 10}, "attempt": 1}
2026-09-12 16:54:30,044 INFO response {"request_id": "1f4874667b774798a2dc2bf56a445de7", "http_status": 200, "body": {"accepted": true, "real_timestamp_ms": 1789203266767, "virtual_time_s": 1006, "measure_result": "no_signal"}}
2026-09-12 16:54:30,044 INFO request {"path": "/measure", "payload": {"arena_id": "default", "robot_id": "202601002029", "request_id": "9b48f9f2af404dc9b60e0a32916e9743", "position": {"x": -564.9999999999998, "y": 978.6087062764158}, "channel": 11}, "attempt": 1}
2026-09-12 16:54:30,045 INFO response {"request_id": "9b48f9f2af404dc9b60e0a32916e9743", "http_status": 200, "body": {"accepted": true, "real_timestamp_ms": 1789203266768, "virtual_time_s": 1012, "measure_result": "no_signal"}}
2026-09-12 16:54:30,045 INFO request {"path": "/measure", "payload": {"arena_id": "default", "robot_id": "202601002029", "request_id": "aa7ece1621e544a98814b18a1d98d4b3", "position": {"x": -564.9999999999998, "y": 978.6087062764158}, "channel": 12}, "attempt": 1}
2026-09-12 16:54:30,046 INFO response {"request_id": "aa7ece1621e544a98814b18a1d98d4b3", "http_status": 200, "body": {"accepted": true, "real_timestamp_ms": 1789203266769, "virtual_time_s": 1018, "measure_result": "no_signal"}}
2026-09-12 16:54:30,046 INFO request {"path": "/measure", "payload": {"arena_id": "default", "robot_id": "202601002029", "request_id": "ceff2b039ae545d1bfbb9825f90fb898", "position": {"x": -564.9999999999998, "y": 978.6087062764158}, "channel": 16}, "attempt": 1}
2026-09-12 16:54:30,063 INFO response {"request_id": "ceff2b039ae545d1bfbb9825f90fb898", "http_status": 200, "body": {"accepted": true, "real_timestamp_ms": 1789203266786, "virtual_time_s": 1024, "measure_result": "no_signal"}}
2026-09-12 16:54:30,063 INFO request {"path": "/measure", "payload": {"arena_id": "default", "robot_id": "202601002029", "request_id": "ed434c0d1485413bbbe71c546cd9e0ff", "position": {"x": -564.9999999999998, "y": 978.6087062764158}, "channel": 17}, "attempt": 1}
2026-09-12 16:54:30,065 INFO response {"request_id": "ed434c0d1485413bbbe71c546cd9e0ff", "http_status": 200, "body": {"accepted": true, "real_timestamp_ms": 1789203266787, "virtual_time_s": 1030, "measure_result": "no_signal"}}
2026-09-12 16:54:30,065 INFO request {"path": "/measure", "payload": {"arena_id": "default", "robot_id": "202601002029", "request_id": "c0ded3d249a34568aa4ccb854a09f056", "position": {"x": -564.9999999999998, "y": 978.6087062764158}, "channel": 18}, "attempt": 1}
2026-09-12 16:54:30,083 INFO response {"request_id": "c0ded3d249a34568aa4ccb854a09f056", "http_status": 200, "body": {"accepted": true, "real_timestamp_ms": 1789203266805, "virtual_time_s": 1036, "measure_result": "no_signal"}}
2026-09-12 16:54:30,083 INFO request {"path": "/measure", "payload": {"arena_id": "default", "robot_id": "202601002029", "request_id": "4812952b122a475ea24925e67ed533cd", "position": {"x": -564.9999999999998, "y": 978.6087062764158}, "channel": 20}, "attempt": 1}
2026-09-12 16:54:30,103 INFO response {"request_id": "4812952b122a475ea24925e67ed533cd", "http_status": 200, "body": {"accepted": true, "real_timestamp_ms": 1789203266826, "virtual_time_s": 1042, "measure_result": "no_signal"}}
2026-09-12 16:54:30,124 INFO request {"path": "/measure", "payload": {"arena_id": "default", "robot_id": "202601002029", "request_id": "84be512cfdab43d7bff24b5a90e6aa34", "position": {"x": -564.9999999999998, "y": 978.6087062764158}, "channel": 7}, "attempt": 1}
2026-09-12 16:54:30,126 INFO response {"request_id": "84be512cfdab43d7bff24b5a90e6aa34", "http_status": 200, "body": {"accepted": true, "real_timestamp_ms": 1789203266849, "virtual_time_s": 1048, "measure_result": "direction", "svd_deg": 3.1}}
2026-09-12 16:54:30,133 INFO request {"path": "/measure", "payload": {"arena_id": "default", "robot_id": "202601002029", "request_id": "2ab1c93f64d74876a1592ed7d9a06ed3", "position": {"x": -1130.0, "y": 1.3838508830365092e-13}, "channel": 2}, "attempt": 1}
2026-09-12 16:54:30,133 INFO response {"request_id": "2ab1c93f64d74876a1592ed7d9a06ed3", "http_status": 200, "body": {"accepted": true, "real_timestamp_ms": 1789203266856, "virtual_time_s": 1280, "measure_result": "no_signal"}}
2026-09-12 16:54:30,134 INFO request {"path": "/measure", "payload": {"arena_id": "default", "robot_id": "202601002029", "request_id": "478d58851539473fa82bc54110e264b9", "position": {"x": -1130.0, "y": 1.3838508830365092e-13}, "channel": 4}, "attempt": 1}
2026-09-12 16:54:30,153 INFO response {"request_id": "478d58851539473fa82bc54110e264b9", "http_status": 200, "body": {"accepted": true, "real_timestamp_ms": 1789203266875, "virtual_time_s": 1286, "measure_result": "no_signal"}}
2026-09-12 16:54:30,153 INFO request {"path": "/measure", "payload": {"arena_id": "default", "robot_id": "202601002029", "request_id": "a3507f81b88c405a961db7427d24c939", "position": {"x": -1130.0, "y": 1.3838508830365092e-13}, "channel": 5}, "attempt": 1}
2026-09-12 16:54:30,172 INFO response {"request_id": "a3507f81b88c405a961db7427d24c939", "http_status": 200, "body": {"accepted": true, "real_timestamp_ms": 1789203266895, "virtual_time_s": 1292, "measure_result": "no_signal"}}
2026-09-12 16:54:30,172 INFO request {"path": "/measure", "payload": {"arena_id": "default", "robot_id": "202601002029", "request_id": "9a8c0722d3024fe284053fe2b327caeb", "position": {"x": -1130.0, "y": 1.3838508830365092e-13}, "channel": 6}, "attempt": 1}
2026-09-12 16:54:30,192 INFO response {"request_id": "9a8c0722d3024fe284053fe2b327caeb", "http_status": 200, "body": {"accepted": true, "real_timestamp_ms": 1789203266915, "virtual_time_s": 1298, "measure_result": "no_signal"}}
2026-09-12 16:54:30,192 INFO request {"path": "/measure", "payload": {"arena_id": "default", "robot_id": "202601002029", "request_id": "b308d2fc19374ee4b6efeb349a350280", "position": {"x": -1130.0, "y": 1.3838508830365092e-13}, "channel": 9}, "attempt": 1}
2026-09-12 16:54:30,194 INFO response {"request_id": "b308d2fc19374ee4b6efeb349a350280", "http_status": 200, "body": {"accepted": true, "real_timestamp_ms": 1789203266917, "virtual_time_s": 1304, "measure_result": "no_signal"}}
2026-09-12 16:54:30,194 INFO request {"path": "/measure", "payload": {"arena_id": "default", "robot_id": "202601002029", "request_id": "2770101e18ce4843b11dfb783d208f63", "position": {"x": -1130.0, "y": 1.3838508830365092e-13}, "channel": 10}, "attempt": 1}
2026-09-12 16:54:30,196 INFO response {"request_id": "2770101e18ce4843b11dfb783d208f63", "http_status": 200, "body": {"accepted": true, "real_timestamp_ms": 1789203266918, "virtual_time_s": 1310, "measure_result": "no_signal"}}
2026-09-12 16:54:30,196 INFO request {"path": "/measure", "payload": {"arena_id": "default", "robot_id": "202601002029", "request_id": "d116240ae2a540fdb3344781c09eb357", "position": {"x": -1130.0, "y": 1.3838508830365092e-13}, "channel": 11}, "attempt": 1}
2026-09-12 16:54:30,198 INFO response {"request_id": "d116240ae2a540fdb3344781c09eb357", "http_status": 200, "body": {"accepted": true, "real_timestamp_ms": 1789203266920, "virtual_time_s": 1316, "measure_result": "no_signal"}}
2026-09-12 16:54:30,198 INFO request {"path": "/measure", "payload": {"arena_id": "default", "robot_id": "202601002029", "request_id": "db713b7e5e61438c99b2742e51b980dd", "position": {"x": -1130.0, "y": 1.3838508830365092e-13}, "channel": 12}, "attempt": 1}
2026-09-12 16:54:30,211 INFO response {"request_id": "db713b7e5e61438c99b2742e51b980dd", "http_status": 200, "body": {"accepted": true, "real_timestamp_ms": 1789203266934, "virtual_time_s": 1322, "measure_result": "no_signal"}}
2026-09-12 16:54:30,212 INFO request {"path": "/measure", "payload": {"arena_id": "default", "robot_id": "202601002029", "request_id": "63096b154a4e4c9c95e7fcf0d8bc2239", "position": {"x": -1130.0, "y": 1.3838508830365092e-13}, "channel": 16}, "attempt": 1}
2026-09-12 16:54:30,214 INFO response {"request_id": "63096b154a4e4c9c95e7fcf0d8bc2239", "http_status": 200, "body": {"accepted": true, "real_timestamp_ms": 1789203266936, "virtual_time_s": 1328, "measure_result": "no_signal"}}
2026-09-12 16:54:30,214 INFO request {"path": "/measure", "payload": {"arena_id": "default", "robot_id": "202601002029", "request_id": "0b00016cef5742cab39f689f1c415321", "position": {"x": -1130.0, "y": 1.3838508830365092e-13}, "channel": 17}, "attempt": 1}
2026-09-12 16:54:30,216 INFO response {"request_id": "0b00016cef5742cab39f689f1c415321", "http_status": 200, "body": {"accepted": true, "real_timestamp_ms": 1789203266939, "virtual_time_s": 1334, "measure_result": "direction", "svd_deg": 221.11}}
2026-09-12 16:54:30,221 INFO request {"path": "/measure", "payload": {"arena_id": "default", "robot_id": "202601002029", "request_id": "c355d979daa84e6899d3b0a4ee579e38", "position": {"x": -1130.0, "y": 1.3838508830365092e-13}, "channel": 18}, "attempt": 1}
2026-09-12 16:54:30,223 INFO response {"request_id": "c355d979daa84e6899d3b0a4ee579e38", "http_status": 200, "body": {"accepted": true, "real_timestamp_ms": 1789203266946, "virtual_time_s": 1340, "measure_result": "no_signal"}}
2026-09-12 16:54:30,223 INFO request {"path": "/measure", "payload": {"arena_id": "default", "robot_id": "202601002029", "request_id": "5fac613d059e4853898b7eb7728e1f64", "position": {"x": -1130.0, "y": 1.3838508830365092e-13}, "channel": 20}, "attempt": 1}
2026-09-12 16:54:30,242 INFO response {"request_id": "5fac613d059e4853898b7eb7728e1f64", "http_status": 200, "body": {"accepted": true, "real_timestamp_ms": 1789203266964, "virtual_time_s": 1346, "measure_result": "no_signal"}}
2026-09-12 16:54:30,247 INFO request {"path": "/measure", "payload": {"arena_id": "default", "robot_id": "202601002029", "request_id": "cd300e480b804622a022851d4bbebacf", "position": {"x": -565.0000000000005, "y": -978.6087062764154}, "channel": 20}, "attempt": 1}
2026-09-12 16:54:30,262 INFO response {"request_id": "cd300e480b804622a022851d4bbebacf", "http_status": 200, "body": {"accepted": true, "real_timestamp_ms": 1789203266984, "virtual_time_s": 1577, "measure_result": "no_signal"}}
2026-09-12 16:54:30,262 INFO request {"path": "/measure", "payload": {"arena_id": "default", "robot_id": "202601002029", "request_id": "ea2dde91f677442491a91cd36523d5be", "position": {"x": -565.0000000000005, "y": -978.6087062764154}, "channel": 2}, "attempt": 1}
2026-09-12 16:54:30,264 INFO response {"request_id": "ea2dde91f677442491a91cd36523d5be", "http_status": 200, "body": {"accepted": true, "real_timestamp_ms": 1789203266986, "virtual_time_s": 1583, "measure_result": "no_signal"}}
2026-09-12 16:54:30,265 INFO request {"path": "/measure", "payload": {"arena_id": "default", "robot_id": "202601002029", "request_id": "ebdcbde036a54c13b28aa78f5ddf6dbc", "position": {"x": -565.0000000000005, "y": -978.6087062764154}, "channel": 4}, "attempt": 1}
2026-09-12 16:54:30,266 INFO response {"request_id": "ebdcbde036a54c13b28aa78f5ddf6dbc", "http_status": 200, "body": {"accepted": true, "real_timestamp_ms": 1789203266988, "virtual_time_s": 1589, "measure_result": "no_signal"}}
2026-09-12 16:54:30,267 INFO request {"path": "/measure", "payload": {"arena_id": "default", "robot_id": "202601002029", "request_id": "c10c9f678f4a4414971a1464d8d64a40", "position": {"x": -565.0000000000005, "y": -978.6087062764154}, "channel": 5}, "attempt": 1}
2026-09-12 16:54:30,282 INFO response {"request_id": "c10c9f678f4a4414971a1464d8d64a40", "http_status": 200, "body": {"accepted": true, "real_timestamp_ms": 1789203267005, "virtual_time_s": 1595, "measure_result": "no_signal"}}
2026-09-12 16:54:30,282 INFO request {"path": "/measure", "payload": {"arena_id": "default", "robot_id": "202601002029", "request_id": "de2343a1a2b34eed9c56b12d675037ce", "position": {"x": -565.0000000000005, "y": -978.6087062764154}, "channel": 6}, "attempt": 1}
2026-09-12 16:54:30,284 INFO response {"request_id": "de2343a1a2b34eed9c56b12d675037ce", "http_status": 200, "body": {"accepted": true, "real_timestamp_ms": 1789203267006, "virtual_time_s": 1601, "measure_result": "no_signal"}}
2026-09-12 16:54:30,284 INFO request {"path": "/measure", "payload": {"arena_id": "default", "robot_id": "202601002029", "request_id": "775339b9933b4055bc181c13c5e065b1", "position": {"x": -565.0000000000005, "y": -978.6087062764154}, "channel": 9}, "attempt": 1}
2026-09-12 16:54:30,284 INFO response {"request_id": "775339b9933b4055bc181c13c5e065b1", "http_status": 200, "body": {"accepted": true, "real_timestamp_ms": 1789203267007, "virtual_time_s": 1607, "measure_result": "no_signal"}}
2026-09-12 16:54:30,285 INFO request {"path": "/measure", "payload": {"arena_id": "default", "robot_id": "202601002029", "request_id": "4c2262f950d1448f95b8b66280d2df45", "position": {"x": -565.0000000000005, "y": -978.6087062764154}, "channel": 10}, "attempt": 1}
2026-09-12 16:54:30,285 INFO response {"request_id": "4c2262f950d1448f95b8b66280d2df45", "http_status": 200, "body": {"accepted": true, "real_timestamp_ms": 1789203267008, "virtual_time_s": 1613, "measure_result": "no_signal"}}
2026-09-12 16:54:30,286 INFO request {"path": "/measure", "payload": {"arena_id": "default", "robot_id": "202601002029", "request_id": "1654aaff314d4affad3e12c7e712a7fc", "position": {"x": -565.0000000000005, "y": -978.6087062764154}, "channel": 11}, "attempt": 1}
2026-09-12 16:54:30,287 INFO response {"request_id": "1654aaff314d4affad3e12c7e712a7fc", "http_status": 200, "body": {"accepted": true, "real_timestamp_ms": 1789203267009, "virtual_time_s": 1619, "measure_result": "no_signal"}}
2026-09-12 16:54:30,287 INFO request {"path": "/measure", "payload": {"arena_id": "default", "robot_id": "202601002029", "request_id": "86ca4dc80e6c4bae94aa81bb786bae11", "position": {"x": -565.0000000000005, "y": -978.6087062764154}, "channel": 12}, "attempt": 1}
2026-09-12 16:54:30,287 INFO response {"request_id": "86ca4dc80e6c4bae94aa81bb786bae11", "http_status": 200, "body": {"accepted": true, "real_timestamp_ms": 1789203267010, "virtual_time_s": 1625, "measure_result": "no_signal"}}
2026-09-12 16:54:30,288 INFO request {"path": "/measure", "payload": {"arena_id": "default", "robot_id": "202601002029", "request_id": "f1b2a4e052f441fba71437da1181a258", "position": {"x": -565.0000000000005, "y": -978.6087062764154}, "channel": 16}, "attempt": 1}
2026-09-12 16:54:30,289 INFO response {"request_id": "f1b2a4e052f441fba71437da1181a258", "http_status": 200, "body": {"accepted": true, "real_timestamp_ms": 1789203267011, "virtual_time_s": 1631, "measure_result": "no_signal"}}
2026-09-12 16:54:30,289 INFO request {"path": "/measure", "payload": {"arena_id": "default", "robot_id": "202601002029", "request_id": "d50b15d138e04ed1be0585b6f0b5dc12", "position": {"x": -565.0000000000005, "y": -978.6087062764154}, "channel": 18}, "attempt": 1}
2026-09-12 16:54:30,290 INFO response {"request_id": "d50b15d138e04ed1be0585b6f0b5dc12", "http_status": 200, "body": {"accepted": true, "real_timestamp_ms": 1789203267013, "virtual_time_s": 1637, "measure_result": "no_signal"}}
2026-09-12 16:54:30,349 INFO request {"path": "/measure", "payload": {"arena_id": "default", "robot_id": "202601002029", "request_id": "7f85d75260cd4a5093083d4b6d943511", "position": {"x": -565.0000000000005, "y": -978.6087062764154}, "channel": 13}, "attempt": 1}
2026-09-12 16:54:30,351 INFO response {"request_id": "7f85d75260cd4a5093083d4b6d943511", "http_status": 200, "body": {"accepted": true, "real_timestamp_ms": 1789203267073, "virtual_time_s": 1643, "measure_result": "direction", "svd_deg": 122.12}}
2026-09-12 16:54:30,379 INFO request {"path": "/measure", "payload": {"arena_id": "default", "robot_id": "202601002029", "request_id": "0c67a2f994c4435294fa7efe5aeb4b09", "position": {"x": -565.0000000000005, "y": -978.6087062764154}, "channel": 15}, "attempt": 1}
2026-09-12 16:54:30,381 INFO response {"request_id": "0c67a2f994c4435294fa7efe5aeb4b09", "http_status": 200, "body": {"accepted": true, "real_timestamp_ms": 1789203267103, "virtual_time_s": 1649, "measure_result": "direction", "svd_deg": 29.08}}
2026-09-12 16:54:30,383 INFO request {"path": "/measure", "payload": {"arena_id": "default", "robot_id": "202601002029", "request_id": "a688de338c5446e8abda0958fbfd5e19", "position": {"x": 565.0000000000001, "y": -978.6087062764157}, "channel": 2}, "attempt": 1}
2026-09-12 16:54:30,384 INFO response {"request_id": "a688de338c5446e8abda0958fbfd5e19", "http_status": 200, "body": {"accepted": true, "real_timestamp_ms": 1789203267107, "virtual_time_s": 1881, "measure_result": "no_signal"}}
2026-09-12 16:54:30,384 INFO request {"path": "/measure", "payload": {"arena_id": "default", "robot_id": "202601002029", "request_id": "56f3fef1b2f048349deae644dedb5f90", "position": {"x": 565.0000000000001, "y": -978.6087062764157}, "channel": 4}, "attempt": 1}
2026-09-12 16:54:30,385 INFO response {"request_id": "56f3fef1b2f048349deae644dedb5f90", "http_status": 200, "body": {"accepted": true, "real_timestamp_ms": 1789203267107, "virtual_time_s": 1887, "measure_result": "no_signal"}}
2026-09-12 16:54:30,385 INFO request {"path": "/measure", "payload": {"arena_id": "default", "robot_id": "202601002029", "request_id": "09647cfd50554e14a9eb7042331628b1", "position": {"x": 565.0000000000001, "y": -978.6087062764157}, "channel": 5}, "attempt": 1}
2026-09-12 16:54:30,399 INFO response {"request_id": "09647cfd50554e14a9eb7042331628b1", "http_status": 200, "body": {"accepted": true, "real_timestamp_ms": 1789203267122, "virtual_time_s": 1893, "measure_result": "no_signal"}}
2026-09-12 16:54:30,400 INFO request {"path": "/measure", "payload": {"arena_id": "default", "robot_id": "202601002029", "request_id": "56c0e426023348159df4f7b5882a1962", "position": {"x": 565.0000000000001, "y": -978.6087062764157}, "channel": 6}, "attempt": 1}
2026-09-12 16:54:30,400 INFO response {"request_id": "56c0e426023348159df4f7b5882a1962", "http_status": 200, "body": {"accepted": true, "real_timestamp_ms": 1789203267123, "virtual_time_s": 1899, "measure_result": "no_signal"}}
2026-09-12 16:54:30,401 INFO request {"path": "/measure", "payload": {"arena_id": "default", "robot_id": "202601002029", "request_id": "a88648c92e584fc29bf46a9e7b34fcf3", "position": {"x": 565.0000000000001, "y": -978.6087062764157}, "channel": 9}, "attempt": 1}
2026-09-12 16:54:30,401 INFO response {"request_id": "a88648c92e584fc29bf46a9e7b34fcf3", "http_status": 200, "body": {"accepted": true, "real_timestamp_ms": 1789203267124, "virtual_time_s": 1905, "measure_result": "no_signal"}}
2026-09-12 16:54:30,401 INFO request {"path": "/measure", "payload": {"arena_id": "default", "robot_id": "202601002029", "request_id": "1a611ffc56a8479ead3be70475e41cf8", "position": {"x": 565.0000000000001, "y": -978.6087062764157}, "channel": 10}, "attempt": 1}
2026-09-12 16:54:30,402 INFO response {"request_id": "1a611ffc56a8479ead3be70475e41cf8", "http_status": 200, "body": {"accepted": true, "real_timestamp_ms": 1789203267125, "virtual_time_s": 1911, "measure_result": "no_signal"}}
2026-09-12 16:54:30,402 INFO request {"path": "/measure", "payload": {"arena_id": "default", "robot_id": "202601002029", "request_id": "134ed18643464bd898b03f032219b81c", "position": {"x": 565.0000000000001, "y": -978.6087062764157}, "channel": 11}, "attempt": 1}
2026-09-12 16:54:30,403 INFO response {"request_id": "134ed18643464bd898b03f032219b81c", "http_status": 200, "body": {"accepted": true, "real_timestamp_ms": 1789203267126, "virtual_time_s": 1917, "measure_result": "no_signal"}}
2026-09-12 16:54:30,403 INFO request {"path": "/measure", "payload": {"arena_id": "default", "robot_id": "202601002029", "request_id": "c85779ad0e2744a5be37dcc6dc9e6577", "position": {"x": 565.0000000000001, "y": -978.6087062764157}, "channel": 12}, "attempt": 1}
2026-09-12 16:54:30,403 INFO response {"request_id": "c85779ad0e2744a5be37dcc6dc9e6577", "http_status": 200, "body": {"accepted": true, "real_timestamp_ms": 1789203267126, "virtual_time_s": 1923, "measure_result": "no_signal"}}
2026-09-12 16:54:30,403 INFO request {"path": "/measure", "payload": {"arena_id": "default", "robot_id": "202601002029", "request_id": "18e3ec3253524e31afcac815a22b8a4e", "position": {"x": 565.0000000000001, "y": -978.6087062764157}, "channel": 16}, "attempt": 1}
2026-09-12 16:54:30,419 INFO response {"request_id": "18e3ec3253524e31afcac815a22b8a4e", "http_status": 200, "body": {"accepted": true, "real_timestamp_ms": 1789203267142, "virtual_time_s": 1929, "measure_result": "no_signal"}}
2026-09-12 16:54:30,419 INFO request {"path": "/measure", "payload": {"arena_id": "default", "robot_id": "202601002029", "request_id": "54714f4a103c4bafb2719a751388f17e", "position": {"x": 565.0000000000001, "y": -978.6087062764157}, "channel": 18}, "attempt": 1}
2026-09-12 16:54:30,420 INFO response {"request_id": "54714f4a103c4bafb2719a751388f17e", "http_status": 200, "body": {"accepted": true, "real_timestamp_ms": 1789203267143, "virtual_time_s": 1935, "measure_result": "direction", "svd_deg": 270.35}}
2026-09-12 16:54:30,423 INFO request {"path": "/measure", "payload": {"arena_id": "default", "robot_id": "202601002029", "request_id": "fc2576d4afcc470fb770c3461cc5128e", "position": {"x": 565.0000000000001, "y": -978.6087062764157}, "channel": 20}, "attempt": 1}
2026-09-12 16:54:30,424 INFO response {"request_id": "fc2576d4afcc470fb770c3461cc5128e", "http_status": 200, "body": {"accepted": true, "real_timestamp_ms": 1789203267147, "virtual_time_s": 1941, "measure_result": "no_signal"}}
2026-09-12 16:54:30,448 INFO request {"path": "/measure", "payload": {"arena_id": "default", "robot_id": "202601002029", "request_id": "103676f816f54fe193f36887bac02df6", "position": {"x": 565.0000000000001, "y": -978.6087062764157}, "channel": 8}, "attempt": 1}
2026-09-12 16:54:30,449 INFO response {"request_id": "103676f816f54fe193f36887bac02df6", "http_status": 200, "body": {"accepted": true, "real_timestamp_ms": 1789203267171, "virtual_time_s": 1947, "measure_result": "direction", "svd_deg": 171.43}}
2026-09-12 16:54:30,467 INFO request {"path": "/measure", "payload": {"arena_id": "default", "robot_id": "202601002029", "request_id": "a155667630614894b2f6add9101c5b14", "position": {"x": 565.0000000000001, "y": -978.6087062764157}, "channel": 19}, "attempt": 1}
2026-09-12 16:54:30,468 INFO response {"request_id": "a155667630614894b2f6add9101c5b14", "http_status": 200, "body": {"accepted": true, "real_timestamp_ms": 1789203267190, "virtual_time_s": 1953, "measure_result": "direction", "svd_deg": 349.48}}
2026-09-12 16:54:36,435 INFO request {"path": "/measure", "payload": {"arena_id": "default", "robot_id": "202601002029", "request_id": "f31153274c0e45b9b25197096cc4827e", "position": {"x": 1058.0782700158306, "y": -1443.8244994954941}, "channel": 19}, "attempt": 1}
2026-09-12 16:54:36,437 INFO response {"request_id": "f31153274c0e45b9b25197096cc4827e", "http_status": 200, "body": {"accepted": true, "real_timestamp_ms": 1789203273159, "virtual_time_s": 2093.580517, "measure_result": "direction", "svd_deg": 56.19}}
2026-09-12 16:54:36,449 INFO request {"path": "/measure", "payload": {"arena_id": "default", "robot_id": "202601002029", "request_id": "3a9a65a9238940a6a10a967f9c1bda1d", "position": {"x": 1058.0782700158306, "y": -1443.8244994954941}, "channel": 18}, "attempt": 1}
2026-09-12 16:54:36,466 INFO response {"request_id": "3a9a65a9238940a6a10a967f9c1bda1d", "http_status": 200, "body": {"accepted": true, "real_timestamp_ms": 1789203273188, "virtual_time_s": 2099.580517, "measure_result": "direction", "svd_deg": 199.74}}
2026-09-12 16:54:36,470 INFO request {"path": "/clear", "payload": {"arena_id": "default", "robot_id": "202601002029", "request_id": "a904af4e7f4a4dddaa9bc67dba0e431c", "position": {"x": 1281.0860161335777, "y": -1111.353754055183}, "channel": 19}, "attempt": 1}
2026-09-12 16:54:36,472 INFO response {"request_id": "a904af4e7f4a4dddaa9bc67dba0e431c", "http_status": 200, "body": {"accepted": true, "real_timestamp_ms": 1789203273194, "virtual_time_s": 2184.647802, "clear_result": "success"}}
2026-09-12 16:54:36,474 INFO request {"path": "/clear", "payload": {"arena_id": "default", "robot_id": "202601002029", "request_id": "01bbd7601fcc4ba0990f759d29117c17", "position": {"x": 568.6796408702068, "y": -1619.7194006603727}, "channel": 18}, "attempt": 1}
2026-09-12 16:54:36,486 INFO response {"request_id": "01bbd7601fcc4ba0990f759d29117c17", "http_status": 200, "body": {"accepted": true, "real_timestamp_ms": 1789203273209, "virtual_time_s": 2364.685909, "clear_result": "success"}}
2026-09-12 16:54:36,497 INFO request {"path": "/measure", "payload": {"arena_id": "default", "robot_id": "202601002029", "request_id": "91e1230581f348518c3deb3121ddb698", "position": {"x": 568.6796408702068, "y": -1619.7194006603727}, "channel": 8}, "attempt": 1}
2026-09-12 16:54:36,516 INFO response {"request_id": "91e1230581f348518c3deb3121ddb698", "http_status": 200, "body": {"accepted": true, "real_timestamp_ms": 1789203273238, "virtual_time_s": 2370.685909, "measure_result": "direction", "svd_deg": 133.51}}
2026-09-12 16:54:36,529 INFO request {"path": "/measure", "payload": {"arena_id": "default", "robot_id": "202601002029", "request_id": "f7dd06fbbbb34f4dbce9867586bebdf6", "position": {"x": 584.758092470502, "y": -840.0150621648869}, "channel": 1}, "attempt": 1}
2026-09-12 16:54:36,531 INFO response {"request_id": "f7dd06fbbbb34f4dbce9867586bebdf6", "http_status": 200, "body": {"accepted": true, "real_timestamp_ms": 1789203273253, "virtual_time_s": 2532.659929, "measure_result": "direction", "svd_deg": 178.93}}
2026-09-12 16:54:36,539 INFO request {"path": "/clear", "payload": {"arena_id": "default", "robot_id": "202601002029", "request_id": "9dd7c0b77ddd40128214d8acee158f5d", "position": {"x": 198.40526951571206, "y": -553.793815361558}, "channel": 15}, "attempt": 1}
2026-09-12 16:54:36,540 INFO response {"request_id": "9dd7c0b77ddd40128214d8acee158f5d", "http_status": 200, "body": {"accepted": true, "real_timestamp_ms": 1789203273263, "virtual_time_s": 2633.824602, "clear_result": "success"}}
2026-09-12 16:54:36,543 INFO request {"path": "/clear", "payload": {"arena_id": "default", "robot_id": "202601002029", "request_id": "4905ffd2ea904bdfb6f1782381bd19d3", "position": {"x": -4.676179350984825, "y": -829.0698331386305}, "channel": 1}, "attempt": 1}
2026-09-12 16:54:36,555 INFO response {"request_id": "4905ffd2ea904bdfb6f1782381bd19d3", "http_status": 200, "body": {"accepted": true, "real_timestamp_ms": 1789203273278, "virtual_time_s": 2707.240671, "clear_result": "success"}}
2026-09-12 16:54:36,558 INFO request {"path": "/clear", "payload": {"arena_id": "default", "robot_id": "202601002029", "request_id": "d3237b27350f4c0bb5e757193837d538", "position": {"x": -165.35292367279425, "y": -868.2200108092558}, "channel": 8}, "attempt": 1}
2026-09-12 16:54:36,560 INFO response {"request_id": "d3237b27350f4c0bb5e757193837d538", "http_status": 200, "body": {"accepted": true, "real_timestamp_ms": 1789203273282, "virtual_time_s": 2745.316192, "clear_result": "success"}}
2026-09-12 16:54:36,586 INFO request {"path": "/measure", "payload": {"arena_id": "default", "robot_id": "202601002029", "request_id": "cd2d61a43bf145f4b2a1e3261eb6efb8", "position": {"x": -1217.42322502593, "y": -843.3230808902023}, "channel": 17}, "attempt": 1}
2026-09-12 16:54:36,606 INFO response {"request_id": "cd2d61a43bf145f4b2a1e3261eb6efb8", "http_status": 200, "body": {"accepted": true, "real_timestamp_ms": 1789203273328, "virtual_time_s": 2961.789162, "measure_result": "direction", "svd_deg": 118.76}}
2026-09-12 16:54:36,632 INFO request {"path": "/measure", "payload": {"arena_id": "default", "robot_id": "202601002029", "request_id": "41634747167c4d5ebdecaca46488eed7", "position": {"x": -1217.42322502593, "y": -843.3230808902023}, "channel": 13}, "attempt": 1}
2026-09-12 16:54:36,645 INFO response {"request_id": "41634747167c4d5ebdecaca46488eed7", "http_status": 200, "body": {"accepted": true, "real_timestamp_ms": 1789203273367, "virtual_time_s": 2967.789162, "measure_result": "direction", "svd_deg": 66.88}}
2026-09-12 16:54:36,650 INFO request {"path": "/clear", "payload": {"arena_id": "default", "robot_id": "202601002029", "request_id": "5c9e855999d5466992a00df200bdfa31", "position": {"x": -1501.81502005411, "y": -324.7577478739108}, "channel": 17}, "attempt": 1}
2026-09-12 16:54:36,664 INFO response {"request_id": "5c9e855999d5466992a00df200bdfa31", "http_status": 200, "body": {"accepted": true, "real_timestamp_ms": 1789203273387, "virtual_time_s": 3091.075036, "clear_result": "success"}}
2026-09-12 16:54:36,668 INFO request {"path": "/clear", "payload": {"arena_id": "default", "robot_id": "202601002029", "request_id": "55475151aacc4dde8ce3d78147be1a84", "position": {"x": -992.7972323305692, "y": -296.68754616547153}, "channel": 13}, "attempt": 1}
2026-09-12 16:54:36,670 INFO response {"request_id": "55475151aacc4dde8ce3d78147be1a84", "http_status": 200, "body": {"accepted": true, "real_timestamp_ms": 1789203273392, "virtual_time_s": 3198.033271, "clear_result": "success"}}
2026-09-12 16:54:36,672 INFO request {"path": "/measure", "payload": {"arena_id": "default", "robot_id": "202601002029", "request_id": "761c5e429f5945df83bd6ea9ba528c50", "position": {"x": -35.21359969334938, "y": 738.787464726601}, "channel": 7}, "attempt": 1}
2026-09-12 16:54:36,674 INFO response {"request_id": "761c5e429f5945df83bd6ea9ba528c50", "http_status": 200, "body": {"accepted": true, "real_timestamp_ms": 1789203273396, "virtual_time_s": 3486.109496, "measure_result": "direction", "svd_deg": 48.42}}
2026-09-12 16:54:36,699 INFO request {"path": "/measure", "payload": {"arena_id": "default", "robot_id": "202601002029", "request_id": "60f8c14c43ca4076ab827a024f25d5d5", "position": {"x": -35.21359969334938, "y": 738.787464726601}, "channel": 3}, "attempt": 1}
2026-09-12 16:54:36,701 INFO response {"request_id": "60f8c14c43ca4076ab827a024f25d5d5", "http_status": 200, "body": {"accepted": true, "real_timestamp_ms": 1789203273424, "virtual_time_s": 3492.109496, "measure_result": "direction", "svd_deg": 359.92}}
2026-09-12 16:54:37,655 INFO request {"path": "/clear", "payload": {"arena_id": "default", "robot_id": "202601002029", "request_id": "d0481cd75cff4139b1b7e10534da415c", "position": {"x": 219.13497285031218, "y": 1025.1576047818426}, "channel": 7}, "attempt": 1}
2026-09-12 16:54:37,674 INFO response {"request_id": "d0481cd75cff4139b1b7e10534da415c", "http_status": 200, "body": {"accepted": true, "real_timestamp_ms": 1789203274396, "virtual_time_s": 3573.712643, "clear_result": "success"}}
2026-09-12 16:54:37,704 INFO request {"path": "/measure", "payload": {"arena_id": "default", "robot_id": "202601002029", "request_id": "b912e86842334891bef2dd036fc148c0", "position": {"x": 219.13497285031218, "y": 1025.1576047818426}, "channel": 14}, "attempt": 1}
2026-09-12 16:54:37,723 INFO response {"request_id": "b912e86842334891bef2dd036fc148c0", "http_status": 200, "body": {"accepted": true, "real_timestamp_ms": 1789203274445, "virtual_time_s": 3579.712643, "measure_result": "direction", "svd_deg": 325.14}}
2026-09-12 16:54:37,741 INFO request {"path": "/clear", "payload": {"arena_id": "default", "robot_id": "202601002029", "request_id": "da22b13fd4bf4b879fb68f3f7b9771a3", "position": {"x": 495.15366742902586, "y": 832.5210571246284}, "channel": 14}, "attempt": 1}
2026-09-12 16:54:37,753 INFO response {"request_id": "da22b13fd4bf4b879fb68f3f7b9771a3", "http_status": 200, "body": {"accepted": true, "real_timestamp_ms": 1789203274475, "virtual_time_s": 3652.031336, "clear_result": "success"}}
2026-09-12 16:54:37,778 INFO request {"path": "/measure", "payload": {"arena_id": "default", "robot_id": "202601002029", "request_id": "e322bd4d402c40a799414a44deb2533c", "position": {"x": 495.15366742902586, "y": 832.5210571246284}, "channel": 3}, "attempt": 1}
2026-09-12 16:54:37,779 INFO response {"request_id": "e322bd4d402c40a799414a44deb2533c", "http_status": 200, "body": {"accepted": true, "real_timestamp_ms": 1789203274502, "virtual_time_s": 3658.031336, "measure_result": "direction", "svd_deg": 350.36}}
2026-09-12 16:54:37,788 INFO request {"path": "/clear", "payload": {"arena_id": "default", "robot_id": "202601002029", "request_id": "9fd960d86a7746c396bf7d5a04775970", "position": {"x": 997.7113079221665, "y": 745.1930988400202}, "channel": 3}, "attempt": 1}
2026-09-12 16:54:37,789 INFO response {"request_id": "9fd960d86a7746c396bf7d5a04775970", "http_status": 200, "body": {"accepted": true, "real_timestamp_ms": 1789203274512, "virtual_time_s": 3765.049051, "clear_result": "success"}}
2026-09-12 16:54:37,789 INFO request {"path": "/exit", "payload": {"arena_id": "default", "robot_id": "202601002029", "request_id": "2a9f5bfca5e14fadbcb36a040fc0c88f"}, "attempt": 1}
2026-09-12 16:54:37,791 INFO response {"request_id": "2a9f5bfca5e14fadbcb36a040fc0c88f", "http_status": 200, "body": {"accepted": true, "real_timestamp_ms": 1789203274514, "virtual_time_s": 3765.049051, "exit_reason": "user_exit"}}
