2026-09-13 11:18:23,937 INFO request {"path": "/enter", "payload": {"arena_id": "default", "robot_id": "202601002029", "request_id": "ef323f2a90774c258c5a1c21a545b966"}, "attempt": 1}
2026-09-13 11:18:23,942 INFO response {"request_id": "ef323f2a90774c258c5a1c21a545b966", "http_status": 200, "body": {"accepted": true, "real_timestamp_ms": 1789269499891, "virtual_time_s": 0, "max_virtual_duration_s": 360000, "max_real_duration_s": 1200, "remaining_real_duration_s": 1200}}
2026-09-13 11:18:23,942 INFO request {"path": "/measure", "payload": {"arena_id": "default", "robot_id": "202601002029", "request_id": "cabae63fb61e4b97b10f06a65bd5f6be", "position": {"x": 0.0, "y": 0.0}, "channel": 1}, "attempt": 1}
2026-09-13 11:18:23,966 INFO response {"request_id": "cabae63fb61e4b97b10f06a65bd5f6be", "http_status": 200, "body": {"accepted": true, "real_timestamp_ms": 1789269499915, "virtual_time_s": 5, "measure_result": "direction", "svd_deg": 323.74}}
2026-09-13 11:18:23,973 INFO request {"path": "/measure", "payload": {"arena_id": "default", "robot_id": "202601002029", "request_id": "3045a771994643baab8cd7346b468b5c", "position": {"x": 0.0, "y": 0.0}, "channel": 2}, "attempt": 1}
2026-09-13 11:18:23,977 INFO response {"request_id": "3045a771994643baab8cd7346b468b5c", "http_status": 200, "body": {"accepted": true, "real_timestamp_ms": 1789269499925, "virtual_time_s": 11, "measure_result": "no_signal"}}
2026-09-13 11:18:23,977 INFO request {"path": "/measure", "payload": {"arena_id": "default", "robot_id": "202601002029", "request_id": "63a6b415cca04de280c13aca0bdcfeb8", "position": {"x": 0.0, "y": 0.0}, "channel": 3}, "attempt": 1}
2026-09-13 11:18:23,979 INFO response {"request_id": "63a6b415cca04de280c13aca0bdcfeb8", "http_status": 200, "body": {"accepted": true, "real_timestamp_ms": 1789269499928, "virtual_time_s": 17, "measure_result": "direction", "svd_deg": 99.68}}
2026-09-13 11:18:23,984 INFO request {"path": "/measure", "payload": {"arena_id": "default", "robot_id": "202601002029", "request_id": "5b5f8fdbb03244c39d9e628452cd42ab", "position": {"x": 0.0, "y": 0.0}, "channel": 4}, "attempt": 1}
2026-09-13 11:18:23,984 INFO response {"request_id": "5b5f8fdbb03244c39d9e628452cd42ab", "http_status": 200, "body": {"accepted": true, "real_timestamp_ms": 1789269499934, "virtual_time_s": 23, "measure_result": "direction", "svd_deg": 41.58}}
2026-09-13 11:18:23,986 INFO request {"path": "/measure", "payload": {"arena_id": "default", "robot_id": "202601002029", "request_id": "4692d202bfce47758b92363720cd1974", "position": {"x": 0.0, "y": 0.0}, "channel": 5}, "attempt": 1}
2026-09-13 11:18:23,988 INFO response {"request_id": "4692d202bfce47758b92363720cd1974", "http_status": 200, "body": {"accepted": true, "real_timestamp_ms": 1789269499937, "virtual_time_s": 29, "measure_result": "no_signal"}}
2026-09-13 11:18:23,988 INFO request {"path": "/measure", "payload": {"arena_id": "default", "robot_id": "202601002029", "request_id": "a475e5774d304dd7b9e91001e14da091", "position": {"x": 0.0, "y": 0.0}, "channel": 6}, "attempt": 1}
2026-09-13 11:18:23,989 INFO response {"request_id": "a475e5774d304dd7b9e91001e14da091", "http_status": 200, "body": {"accepted": true, "real_timestamp_ms": 1789269499938, "virtual_time_s": 35, "measure_result": "no_signal"}}
2026-09-13 11:18:23,989 INFO request {"path": "/measure", "payload": {"arena_id": "default", "robot_id": "202601002029", "request_id": "598f5b368cb4476a8269f390f15c2f00", "position": {"x": 0.0, "y": 0.0}, "channel": 7}, "attempt": 1}
2026-09-13 11:18:23,990 INFO response {"request_id": "598f5b368cb4476a8269f390f15c2f00", "http_status": 200, "body": {"accepted": true, "real_timestamp_ms": 1789269499940, "virtual_time_s": 41, "measure_result": "no_signal"}}
2026-09-13 11:18:23,991 INFO request {"path": "/measure", "payload": {"arena_id": "default", "robot_id": "202601002029", "request_id": "b159f47682494c9c9d5053ef0bb87e16", "position": {"x": 0.0, "y": 0.0}, "channel": 8}, "attempt": 1}
2026-09-13 11:18:24,012 INFO response {"request_id": "b159f47682494c9c9d5053ef0bb87e16", "http_status": 200, "body": {"accepted": true, "real_timestamp_ms": 1789269499962, "virtual_time_s": 47, "measure_result": "direction", "svd_deg": 266.09}}
2026-09-13 11:18:24,017 INFO request {"path": "/measure", "payload": {"arena_id": "default", "robot_id": "202601002029", "request_id": "8419fb77d92e4d93977632cf04f92df4", "position": {"x": 0.0, "y": 0.0}, "channel": 9}, "attempt": 1}
2026-09-13 11:18:24,019 INFO response {"request_id": "8419fb77d92e4d93977632cf04f92df4", "http_status": 200, "body": {"accepted": true, "real_timestamp_ms": 1789269499969, "virtual_time_s": 53, "measure_result": "direction", "svd_deg": 261.63}}
2026-09-13 11:18:24,024 INFO request {"path": "/measure", "payload": {"arena_id": "default", "robot_id": "202601002029", "request_id": "b16f8c2d527e4ba8be6c66517b85e846", "position": {"x": 0.0, "y": 0.0}, "channel": 10}, "attempt": 1}
2026-09-13 11:18:24,044 INFO response {"request_id": "b16f8c2d527e4ba8be6c66517b85e846", "http_status": 200, "body": {"accepted": true, "real_timestamp_ms": 1789269499992, "virtual_time_s": 59, "measure_result": "no_signal"}}
2026-09-13 11:18:24,045 INFO request {"path": "/measure", "payload": {"arena_id": "default", "robot_id": "202601002029", "request_id": "f402976d1936495b9fe1f525aa02439e", "position": {"x": 0.0, "y": 0.0}, "channel": 11}, "attempt": 1}
2026-09-13 11:18:24,059 INFO response {"request_id": "f402976d1936495b9fe1f525aa02439e", "http_status": 200, "body": {"accepted": true, "real_timestamp_ms": 1789269500008, "virtual_time_s": 65, "measure_result": "no_signal"}}
2026-09-13 11:18:24,060 INFO request {"path": "/measure", "payload": {"arena_id": "default", "robot_id": "202601002029", "request_id": "6ba3027b0de948f6bd754d084a8e6e73", "position": {"x": 0.0, "y": 0.0}, "channel": 12}, "attempt": 1}
2026-09-13 11:18:24,075 INFO response {"request_id": "6ba3027b0de948f6bd754d084a8e6e73", "http_status": 200, "body": {"accepted": true, "real_timestamp_ms": 1789269500024, "virtual_time_s": 71, "measure_result": "no_signal"}}
2026-09-13 11:18:24,076 INFO request {"path": "/measure", "payload": {"arena_id": "default", "robot_id": "202601002029", "request_id": "6ca3926b87474d02afea396d6789ae55", "position": {"x": 0.0, "y": 0.0}, "channel": 13}, "attempt": 1}
2026-09-13 11:18:24,091 INFO response {"request_id": "6ca3926b87474d02afea396d6789ae55", "http_status": 200, "body": {"accepted": true, "real_timestamp_ms": 1789269500040, "virtual_time_s": 77, "measure_result": "no_signal"}}
2026-09-13 11:18:24,091 INFO request {"path": "/measure", "payload": {"arena_id": "default", "robot_id": "202601002029", "request_id": "ede8aa888b524acf9cd0cbab232adf8a", "position": {"x": 0.0, "y": 0.0}, "channel": 14}, "attempt": 1}
2026-09-13 11:18:24,107 INFO response {"request_id": "ede8aa888b524acf9cd0cbab232adf8a", "http_status": 200, "body": {"accepted": true, "real_timestamp_ms": 1789269500056, "virtual_time_s": 83, "measure_result": "no_signal"}}
2026-09-13 11:18:24,108 INFO request {"path": "/measure", "payload": {"arena_id": "default", "robot_id": "202601002029", "request_id": "bf7d66f04912481e86407d52006b46c3", "position": {"x": 0.0, "y": 0.0}, "channel": 15}, "attempt": 1}
2026-09-13 11:18:24,110 INFO response {"request_id": "bf7d66f04912481e86407d52006b46c3", "http_status": 200, "body": {"accepted": true, "real_timestamp_ms": 1789269500059, "virtual_time_s": 89, "measure_result": "direction", "svd_deg": 358.0}}
2026-09-13 11:18:24,116 INFO request {"path": "/measure", "payload": {"arena_id": "default", "robot_id": "202601002029", "request_id": "d4df79bfe5c245f49c40db0fafa0043d", "position": {"x": 0.0, "y": 0.0}, "channel": 16}, "attempt": 1}
2026-09-13 11:18:24,138 INFO response {"request_id": "d4df79bfe5c245f49c40db0fafa0043d", "http_status": 200, "body": {"accepted": true, "real_timestamp_ms": 1789269500087, "virtual_time_s": 95, "measure_result": "no_signal"}}
2026-09-13 11:18:24,139 INFO request {"path": "/measure", "payload": {"arena_id": "default", "robot_id": "202601002029", "request_id": "d7f904c510cc4aa68b70065d1cbaa100", "position": {"x": 0.0, "y": 0.0}, "channel": 17}, "attempt": 1}
2026-09-13 11:18:24,153 INFO response {"request_id": "d7f904c510cc4aa68b70065d1cbaa100", "http_status": 200, "body": {"accepted": true, "real_timestamp_ms": 1789269500102, "virtual_time_s": 101, "measure_result": "no_signal"}}
2026-09-13 11:18:24,153 INFO request {"path": "/measure", "payload": {"arena_id": "default", "robot_id": "202601002029", "request_id": "cb71607ec30e49ac8aac639c0f61ebfb", "position": {"x": 0.0, "y": 0.0}, "channel": 18}, "attempt": 1}
2026-09-13 11:18:24,169 INFO response {"request_id": "cb71607ec30e49ac8aac639c0f61ebfb", "http_status": 200, "body": {"accepted": true, "real_timestamp_ms": 1789269500118, "virtual_time_s": 107, "measure_result": "direction", "svd_deg": 97.98}}
2026-09-13 11:18:24,174 INFO request {"path": "/measure", "payload": {"arena_id": "default", "robot_id": "202601002029", "request_id": "1b90dbfa49a04c9c9e401c7b1b1ac469", "position": {"x": 0.0, "y": 0.0}, "channel": 19}, "attempt": 1}
2026-09-13 11:18:24,176 INFO response {"request_id": "1b90dbfa49a04c9c9e401c7b1b1ac469", "http_status": 200, "body": {"accepted": true, "real_timestamp_ms": 1789269500124, "virtual_time_s": 113, "measure_result": "direction", "svd_deg": 343.77}}
2026-09-13 11:18:24,179 INFO request {"path": "/measure", "payload": {"arena_id": "default", "robot_id": "202601002029", "request_id": "c5da0a23391d4c9b9fced06d6b61d623", "position": {"x": 0.0, "y": 0.0}, "channel": 20}, "attempt": 1}
2026-09-13 11:18:24,200 INFO response {"request_id": "c5da0a23391d4c9b9fced06d6b61d623", "http_status": 200, "body": {"accepted": true, "real_timestamp_ms": 1789269500149, "virtual_time_s": 119, "measure_result": "no_signal"}}
2026-09-13 11:18:24,201 INFO request {"path": "/measure", "payload": {"arena_id": "default", "robot_id": "202601002029", "request_id": "fd522c0cfde049158510e41015f37327", "position": {"x": 1130.0, "y": 0.0}, "channel": 20}, "attempt": 1}
2026-09-13 11:18:24,216 INFO response {"request_id": "fd522c0cfde049158510e41015f37327", "http_status": 200, "body": {"accepted": true, "real_timestamp_ms": 1789269500165, "virtual_time_s": 350, "measure_result": "no_signal"}}
2026-09-13 11:18:24,216 INFO request {"path": "/measure", "payload": {"arena_id": "default", "robot_id": "202601002029", "request_id": "41d5d5afcab44476b9ca4c84dd55f021", "position": {"x": 1130.0, "y": 0.0}, "channel": 2}, "attempt": 1}
2026-09-13 11:18:24,231 INFO response {"request_id": "41d5d5afcab44476b9ca4c84dd55f021", "http_status": 200, "body": {"accepted": true, "real_timestamp_ms": 1789269500180, "virtual_time_s": 356, "measure_result": "no_signal"}}
2026-09-13 11:18:24,231 INFO request {"path": "/measure", "payload": {"arena_id": "default", "robot_id": "202601002029", "request_id": "063c74c0e9a5483c96c08c89cc69dfec", "position": {"x": 1130.0, "y": 0.0}, "channel": 5}, "attempt": 1}
2026-09-13 11:18:24,246 INFO response {"request_id": "063c74c0e9a5483c96c08c89cc69dfec", "http_status": 200, "body": {"accepted": true, "real_timestamp_ms": 1789269500196, "virtual_time_s": 362, "measure_result": "no_signal"}}
2026-09-13 11:18:24,247 INFO request {"path": "/measure", "payload": {"arena_id": "default", "robot_id": "202601002029", "request_id": "0ab40346afc046bca25d49dd0f01b03d", "position": {"x": 1130.0, "y": 0.0}, "channel": 6}, "attempt": 1}
2026-09-13 11:18:24,263 INFO response {"request_id": "0ab40346afc046bca25d49dd0f01b03d", "http_status": 200, "body": {"accepted": true, "real_timestamp_ms": 1789269500212, "virtual_time_s": 368, "measure_result": "direction", "svd_deg": 40.77}}
2026-09-13 11:18:24,266 INFO request {"path": "/measure", "payload": {"arena_id": "default", "robot_id": "202601002029", "request_id": "7d106c49c16c4bce8d7539edf396f13c", "position": {"x": 1130.0, "y": 0.0}, "channel": 7}, "attempt": 1}
2026-09-13 11:18:24,267 INFO response {"request_id": "7d106c49c16c4bce8d7539edf396f13c", "http_status": 200, "body": {"accepted": true, "real_timestamp_ms": 1789269500216, "virtual_time_s": 374, "measure_result": "no_signal"}}
2026-09-13 11:18:24,267 INFO request {"path": "/measure", "payload": {"arena_id": "default", "robot_id": "202601002029", "request_id": "0e69234fb2f14bd8b4286ae2f495ac6c", "position": {"x": 1130.0, "y": 0.0}, "channel": 10}, "attempt": 1}
2026-09-13 11:18:24,278 INFO response {"request_id": "0e69234fb2f14bd8b4286ae2f495ac6c", "http_status": 200, "body": {"accepted": true, "real_timestamp_ms": 1789269500228, "virtual_time_s": 380, "measure_result": "direction", "svd_deg": 40.26}}
2026-09-13 11:18:24,280 INFO request {"path": "/measure", "payload": {"arena_id": "default", "robot_id": "202601002029", "request_id": "46f2b47b0e084c02ad0dce606180a969", "position": {"x": 1130.0, "y": 0.0}, "channel": 11}, "attempt": 1}
2026-09-13 11:18:24,293 INFO response {"request_id": "46f2b47b0e084c02ad0dce606180a969", "http_status": 200, "body": {"accepted": true, "real_timestamp_ms": 1789269500242, "virtual_time_s": 386, "measure_result": "no_signal"}}
2026-09-13 11:18:24,293 INFO request {"path": "/measure", "payload": {"arena_id": "default", "robot_id": "202601002029", "request_id": "c406bd84356246cabfd84b70e5189054", "position": {"x": 1130.0, "y": 0.0}, "channel": 12}, "attempt": 1}
2026-09-13 11:18:24,309 INFO response {"request_id": "c406bd84356246cabfd84b70e5189054", "http_status": 200, "body": {"accepted": true, "real_timestamp_ms": 1789269500258, "virtual_time_s": 392, "measure_result": "no_signal"}}
2026-09-13 11:18:24,309 INFO request {"path": "/measure", "payload": {"arena_id": "default", "robot_id": "202601002029", "request_id": "9cd81cc2442b4a5a85b845e545daf3d2", "position": {"x": 1130.0, "y": 0.0}, "channel": 13}, "attempt": 1}
2026-09-13 11:18:24,311 INFO response {"request_id": "9cd81cc2442b4a5a85b845e545daf3d2", "http_status": 200, "body": {"accepted": true, "real_timestamp_ms": 1789269500260, "virtual_time_s": 398, "measure_result": "no_signal"}}
2026-09-13 11:18:24,311 INFO request {"path": "/measure", "payload": {"arena_id": "default", "robot_id": "202601002029", "request_id": "09fe5a83dba24e2eb94f0668aeb9a975", "position": {"x": 1130.0, "y": 0.0}, "channel": 14}, "attempt": 1}
2026-09-13 11:18:24,324 INFO response {"request_id": "09fe5a83dba24e2eb94f0668aeb9a975", "http_status": 200, "body": {"accepted": true, "real_timestamp_ms": 1789269500273, "virtual_time_s": 404, "measure_result": "no_signal"}}
2026-09-13 11:18:24,324 INFO request {"path": "/measure", "payload": {"arena_id": "default", "robot_id": "202601002029", "request_id": "1e30667892fe400eb694c8568cfc3432", "position": {"x": 1130.0, "y": 0.0}, "channel": 16}, "attempt": 1}
2026-09-13 11:18:24,340 INFO response {"request_id": "1e30667892fe400eb694c8568cfc3432", "http_status": 200, "body": {"accepted": true, "real_timestamp_ms": 1789269500289, "virtual_time_s": 410, "measure_result": "no_signal"}}
2026-09-13 11:18:24,340 INFO request {"path": "/measure", "payload": {"arena_id": "default", "robot_id": "202601002029", "request_id": "9653de32fb5a4beaaa3366927f133d84", "position": {"x": 1130.0, "y": 0.0}, "channel": 17}, "attempt": 1}
2026-09-13 11:18:24,356 INFO response {"request_id": "9653de32fb5a4beaaa3366927f133d84", "http_status": 200, "body": {"accepted": true, "real_timestamp_ms": 1789269500304, "virtual_time_s": 416, "measure_result": "no_signal"}}
2026-09-13 11:18:24,385 INFO request {"path": "/measure", "payload": {"arena_id": "default", "robot_id": "202601002029", "request_id": "b82a92aae7d34e6e9b510b60a6239359", "position": {"x": 1130.0, "y": 0.0}, "channel": 4}, "attempt": 1}
2026-09-13 11:18:24,403 INFO response {"request_id": "b82a92aae7d34e6e9b510b60a6239359", "http_status": 200, "body": {"accepted": true, "real_timestamp_ms": 1789269500351, "virtual_time_s": 422, "measure_result": "direction", "svd_deg": 132.61}}
2026-09-13 11:18:24,429 INFO request {"path": "/measure", "payload": {"arena_id": "default", "robot_id": "202601002029", "request_id": "01c1e746f1eb4fd1856c4d4affc86518", "position": {"x": 1130.0, "y": 0.0}, "channel": 1}, "attempt": 1}
2026-09-13 11:18:24,431 INFO response {"request_id": "01c1e746f1eb4fd1856c4d4affc86518", "http_status": 200, "body": {"accepted": true, "real_timestamp_ms": 1789269500381, "virtual_time_s": 428, "measure_result": "direction", "svd_deg": 205.64}}
2026-09-13 11:18:24,438 INFO request {"path": "/clear", "payload": {"arena_id": "default", "robot_id": "202601002029", "request_id": "d50a15f9111346648fdd97b47888135e", "position": {"x": 622.2031107475866, "y": 552.0201510899966}, "channel": 4}, "attempt": 1}
2026-09-13 11:18:24,440 INFO response {"request_id": "d50a15f9111346648fdd97b47888135e", "http_status": 200, "body": {"accepted": true, "real_timestamp_ms": 1789269500389, "virtual_time_s": 583.01119, "clear_result": "success"}}
2026-09-13 11:18:24,496 INFO request {"path": "/measure", "payload": {"arena_id": "default", "robot_id": "202601002029", "request_id": "7f9b28ffc73c42dcbd262d350f0deac9", "position": {"x": 622.2031107475866, "y": 552.0201510899966}, "channel": 15}, "attempt": 1}
2026-09-13 11:18:24,497 INFO response {"request_id": "7f9b28ffc73c42dcbd262d350f0deac9", "http_status": 200, "body": {"accepted": true, "real_timestamp_ms": 1789269500447, "virtual_time_s": 589.01119, "measure_result": "direction", "svd_deg": 232.14}}
2026-09-13 11:18:24,549 INFO request {"path": "/measure", "payload": {"arena_id": "default", "robot_id": "202601002029", "request_id": "2680feee28ff488e842dad63594f083b", "position": {"x": 622.2031107475866, "y": 552.0201510899966}, "channel": 1}, "attempt": 1}
2026-09-13 11:18:24,572 INFO response {"request_id": "2680feee28ff488e842dad63594f083b", "http_status": 200, "body": {"accepted": true, "real_timestamp_ms": 1789269500520, "virtual_time_s": 595.01119, "measure_result": "direction", "svd_deg": 258.12}}
2026-09-13 11:18:24,580 INFO request {"path": "/measure", "payload": {"arena_id": "default", "robot_id": "202601002029", "request_id": "d05f88c76e0c42a3a9f4cd479e9ec44c", "position": {"x": 565.0000000000001, "y": 978.6087062764157}, "channel": 2}, "attempt": 1}
2026-09-13 11:18:24,582 INFO response {"request_id": "d05f88c76e0c42a3a9f4cd479e9ec44c", "http_status": 200, "body": {"accepted": true, "real_timestamp_ms": 1789269500531, "virtual_time_s": 687.092545, "measure_result": "no_signal"}}
2026-09-13 11:18:24,582 INFO request {"path": "/measure", "payload": {"arena_id": "default", "robot_id": "202601002029", "request_id": "efa2196be1d84a4a8c7d800ef19e8bc6", "position": {"x": 565.0000000000001, "y": 978.6087062764157}, "channel": 5}, "attempt": 1}
2026-09-13 11:18:24,602 INFO response {"request_id": "efa2196be1d84a4a8c7d800ef19e8bc6", "http_status": 200, "body": {"accepted": true, "real_timestamp_ms": 1789269500551, "virtual_time_s": 693.092545, "measure_result": "no_signal"}}
2026-09-13 11:18:24,603 INFO request {"path": "/measure", "payload": {"arena_id": "default", "robot_id": "202601002029", "request_id": "7a6b17184ec34c068c306008f0039ebe", "position": {"x": 565.0000000000001, "y": 978.6087062764157}, "channel": 7}, "attempt": 1}
2026-09-13 11:18:24,605 INFO response {"request_id": "7a6b17184ec34c068c306008f0039ebe", "http_status": 200, "body": {"accepted": true, "real_timestamp_ms": 1789269500554, "virtual_time_s": 699.092545, "measure_result": "no_signal"}}
2026-09-13 11:18:24,605 INFO request {"path": "/measure", "payload": {"arena_id": "default", "robot_id": "202601002029", "request_id": "014ed2614e9f4f29a6dcbbc36d95365e", "position": {"x": 565.0000000000001, "y": 978.6087062764157}, "channel": 11}, "attempt": 1}
2026-09-13 11:18:24,608 INFO response {"request_id": "014ed2614e9f4f29a6dcbbc36d95365e", "http_status": 200, "body": {"accepted": true, "real_timestamp_ms": 1789269500556, "virtual_time_s": 705.092545, "measure_result": "direction", "svd_deg": 159.09}}
2026-09-13 11:18:24,615 INFO request {"path": "/measure", "payload": {"arena_id": "default", "robot_id": "202601002029", "request_id": "d70a618bc7a348f9a53bb5944b4b71a5", "position": {"x": 565.0000000000001, "y": 978.6087062764157}, "channel": 12}, "attempt": 1}
2026-09-13 11:18:24,618 INFO response {"request_id": "d70a618bc7a348f9a53bb5944b4b71a5", "http_status": 200, "body": {"accepted": true, "real_timestamp_ms": 1789269500566, "virtual_time_s": 711.092545, "measure_result": "no_signal"}}
2026-09-13 11:18:24,619 INFO request {"path": "/measure", "payload": {"arena_id": "default", "robot_id": "202601002029", "request_id": "59154f8cf3b94127af1f674693eb28e7", "position": {"x": 565.0000000000001, "y": 978.6087062764157}, "channel": 13}, "attempt": 1}
2026-09-13 11:18:24,634 INFO response {"request_id": "59154f8cf3b94127af1f674693eb28e7", "http_status": 200, "body": {"accepted": true, "real_timestamp_ms": 1789269500582, "virtual_time_s": 717.092545, "measure_result": "no_signal"}}
2026-09-13 11:18:24,634 INFO request {"path": "/measure", "payload": {"arena_id": "default", "robot_id": "202601002029", "request_id": "461422c0e10d45998f409b3835c17ff9", "position": {"x": 565.0000000000001, "y": 978.6087062764157}, "channel": 14}, "attempt": 1}
2026-09-13 11:18:24,637 INFO response {"request_id": "461422c0e10d45998f409b3835c17ff9", "http_status": 200, "body": {"accepted": true, "real_timestamp_ms": 1789269500586, "virtual_time_s": 723.092545, "measure_result": "no_signal"}}
2026-09-13 11:18:24,637 INFO request {"path": "/measure", "payload": {"arena_id": "default", "robot_id": "202601002029", "request_id": "a6b5c124fab546bda5e3ca8eda22ff11", "position": {"x": 565.0000000000001, "y": 978.6087062764157}, "channel": 16}, "attempt": 1}
2026-09-13 11:18:24,664 INFO response {"request_id": "a6b5c124fab546bda5e3ca8eda22ff11", "http_status": 200, "body": {"accepted": true, "real_timestamp_ms": 1789269500612, "virtual_time_s": 729.092545, "measure_result": "no_signal"}}
2026-09-13 11:18:24,664 INFO request {"path": "/measure", "payload": {"arena_id": "default", "robot_id": "202601002029", "request_id": "17f47973591a4f0cb32ea0dbb8ea9069", "position": {"x": 565.0000000000001, "y": 978.6087062764157}, "channel": 17}, "attempt": 1}
2026-09-13 11:18:24,680 INFO response {"request_id": "17f47973591a4f0cb32ea0dbb8ea9069", "http_status": 200, "body": {"accepted": true, "real_timestamp_ms": 1789269500628, "virtual_time_s": 735.092545, "measure_result": "no_signal"}}
2026-09-13 11:18:24,681 INFO request {"path": "/measure", "payload": {"arena_id": "default", "robot_id": "202601002029", "request_id": "ca2df16134e944ab81417dea438ef38f", "position": {"x": 565.0000000000001, "y": 978.6087062764157}, "channel": 20}, "attempt": 1}
2026-09-13 11:18:24,687 INFO response {"request_id": "ca2df16134e944ab81417dea438ef38f", "http_status": 200, "body": {"accepted": true, "real_timestamp_ms": 1789269500634, "virtual_time_s": 741.092545, "measure_result": "no_signal"}}
2026-09-13 11:18:24,721 INFO request {"path": "/measure", "payload": {"arena_id": "default", "robot_id": "202601002029", "request_id": "2a472402f014490ca7ee8e8781c4e765", "position": {"x": 565.0000000000001, "y": 978.6087062764157}, "channel": 3}, "attempt": 1}
2026-09-13 11:18:24,722 INFO response {"request_id": "2a472402f014490ca7ee8e8781c4e765", "http_status": 200, "body": {"accepted": true, "real_timestamp_ms": 1789269500671, "virtual_time_s": 747.092545, "measure_result": "direction", "svd_deg": 187.68}}
2026-09-13 11:18:24,734 INFO request {"path": "/measure", "payload": {"arena_id": "default", "robot_id": "202601002029", "request_id": "a25827519c09465987d2401c20ff45f7", "position": {"x": 565.0000000000001, "y": 978.6087062764157}, "channel": 18}, "attempt": 1}
2026-09-13 11:18:24,756 INFO response {"request_id": "a25827519c09465987d2401c20ff45f7", "http_status": 200, "body": {"accepted": true, "real_timestamp_ms": 1789269500705, "virtual_time_s": 753.092545, "measure_result": "direction", "svd_deg": 197.29}}
2026-09-13 11:18:24,762 INFO request {"path": "/clear", "payload": {"arena_id": "default", "robot_id": "202601002029", "request_id": "64db79f60e9141ef80f735099dc0686a", "position": {"x": -107.54011831621716, "y": 768.9766208300277}, "channel": 18}, "attempt": 1}
2026-09-13 11:18:24,764 INFO response {"request_id": "64db79f60e9141ef80f735099dc0686a", "http_status": 200, "body": {"accepted": true, "real_timestamp_ms": 1789269500713, "virtual_time_s": 898.983399, "clear_result": "success"}}
2026-09-13 11:18:24,780 INFO request {"path": "/measure", "payload": {"arena_id": "default", "robot_id": "202601002029", "request_id": "d507060e6c8b4abea28963fb00057ffa", "position": {"x": -107.54011831621716, "y": 768.9766208300277}, "channel": 3}, "attempt": 1}
2026-09-13 11:18:24,781 INFO response {"request_id": "d507060e6c8b4abea28963fb00057ffa", "http_status": 200, "body": {"accepted": true, "real_timestamp_ms": 1789269500730, "virtual_time_s": 904.983399, "measure_result": "direction", "svd_deg": 116.33}}
2026-09-13 11:18:24,788 INFO request {"path": "/measure", "payload": {"arena_id": "default", "robot_id": "202601002029", "request_id": "e8edbac015164c9e846dc46a457752ad", "position": {"x": -564.9999999999998, "y": 978.6087062764158}, "channel": 2}, "attempt": 1}
2026-09-13 11:18:24,804 INFO response {"request_id": "e8edbac015164c9e846dc46a457752ad", "http_status": 200, "body": {"accepted": true, "real_timestamp_ms": 1789269500753, "virtual_time_s": 1011.624376, "measure_result": "direction", "svd_deg": 169.96}}
2026-09-13 11:18:24,806 INFO request {"path": "/measure", "payload": {"arena_id": "default", "robot_id": "202601002029", "request_id": "3abdf38d6eb844a4a51bcc69c64b2ce2", "position": {"x": -564.9999999999998, "y": 978.6087062764158}, "channel": 5}, "attempt": 1}
2026-09-13 11:18:24,819 INFO response {"request_id": "3abdf38d6eb844a4a51bcc69c64b2ce2", "http_status": 200, "body": {"accepted": true, "real_timestamp_ms": 1789269500768, "virtual_time_s": 1017.624376, "measure_result": "no_signal"}}
2026-09-13 11:18:24,820 INFO request {"path": "/measure", "payload": {"arena_id": "default", "robot_id": "202601002029", "request_id": "f213f528e15d45af8be30f6431c8e0e6", "position": {"x": -564.9999999999998, "y": 978.6087062764158}, "channel": 7}, "attempt": 1}
2026-09-13 11:18:24,821 INFO response {"request_id": "f213f528e15d45af8be30f6431c8e0e6", "http_status": 200, "body": {"accepted": true, "real_timestamp_ms": 1789269500769, "virtual_time_s": 1023.624376, "measure_result": "no_signal"}}
2026-09-13 11:18:24,821 INFO request {"path": "/measure", "payload": {"arena_id": "default", "robot_id": "202601002029", "request_id": "b973dd5022c644dd8cf533757d104e5b", "position": {"x": -564.9999999999998, "y": 978.6087062764158}, "channel": 12}, "attempt": 1}
2026-09-13 11:18:24,835 INFO response {"request_id": "b973dd5022c644dd8cf533757d104e5b", "http_status": 200, "body": {"accepted": true, "real_timestamp_ms": 1789269500784, "virtual_time_s": 1029.624376, "measure_result": "no_signal"}}
2026-09-13 11:18:24,835 INFO request {"path": "/measure", "payload": {"arena_id": "default", "robot_id": "202601002029", "request_id": "f2e4f94921f141ea813430caff01b874", "position": {"x": -564.9999999999998, "y": 978.6087062764158}, "channel": 13}, "attempt": 1}
2026-09-13 11:18:24,836 INFO response {"request_id": "f2e4f94921f141ea813430caff01b874", "http_status": 200, "body": {"accepted": true, "real_timestamp_ms": 1789269500785, "virtual_time_s": 1035.624376, "measure_result": "no_signal"}}
2026-09-13 11:18:24,836 INFO request {"path": "/measure", "payload": {"arena_id": "default", "robot_id": "202601002029", "request_id": "973295daddb7495295a0eed5b28b74f6", "position": {"x": -564.9999999999998, "y": 978.6087062764158}, "channel": 14}, "attempt": 1}
2026-09-13 11:18:24,837 INFO response {"request_id": "973295daddb7495295a0eed5b28b74f6", "http_status": 200, "body": {"accepted": true, "real_timestamp_ms": 1789269500786, "virtual_time_s": 1041.624376, "measure_result": "no_signal"}}
2026-09-13 11:18:24,837 INFO request {"path": "/measure", "payload": {"arena_id": "default", "robot_id": "202601002029", "request_id": "342e39b3480c41a7a1268988838671a5", "position": {"x": -564.9999999999998, "y": 978.6087062764158}, "channel": 16}, "attempt": 1}
2026-09-13 11:18:24,851 INFO response {"request_id": "342e39b3480c41a7a1268988838671a5", "http_status": 200, "body": {"accepted": true, "real_timestamp_ms": 1789269500800, "virtual_time_s": 1047.624376, "measure_result": "no_signal"}}
2026-09-13 11:18:24,851 INFO request {"path": "/measure", "payload": {"arena_id": "default", "robot_id": "202601002029", "request_id": "b09bbea1a27d4b2cbbfa0d13b166278a", "position": {"x": -564.9999999999998, "y": 978.6087062764158}, "channel": 17}, "attempt": 1}
2026-09-13 11:18:24,867 INFO response {"request_id": "b09bbea1a27d4b2cbbfa0d13b166278a", "http_status": 200, "body": {"accepted": true, "real_timestamp_ms": 1789269500815, "virtual_time_s": 1053.624376, "measure_result": "no_signal"}}
2026-09-13 11:18:24,867 INFO request {"path": "/measure", "payload": {"arena_id": "default", "robot_id": "202601002029", "request_id": "9bc9a481f84148e6a41003d97ec9bc22", "position": {"x": -564.9999999999998, "y": 978.6087062764158}, "channel": 20}, "attempt": 1}
2026-09-13 11:18:24,868 INFO response {"request_id": "9bc9a481f84148e6a41003d97ec9bc22", "http_status": 200, "body": {"accepted": true, "real_timestamp_ms": 1789269500817, "virtual_time_s": 1059.624376, "measure_result": "no_signal"}}
2026-09-13 11:18:24,881 INFO request {"path": "/measure", "payload": {"arena_id": "default", "robot_id": "202601002029", "request_id": "494beec801174ab1ac1b2463e0268423", "position": {"x": -564.9999999999998, "y": 978.6087062764158}, "channel": 11}, "attempt": 1}
2026-09-13 11:18:24,883 INFO response {"request_id": "494beec801174ab1ac1b2463e0268423", "http_status": 200, "body": {"accepted": true, "real_timestamp_ms": 1789269500832, "virtual_time_s": 1065.624376, "measure_result": "direction", "svd_deg": 66.2}}
2026-09-13 11:18:24,886 INFO request {"path": "/measure", "payload": {"arena_id": "default", "robot_id": "202601002029", "request_id": "4f139832ed3c494585198cbddfb06e2d", "position": {"x": -1130.0, "y": 1.3838508830365092e-13}, "channel": 5}, "attempt": 1}
2026-09-13 11:18:24,912 INFO response {"request_id": "4f139832ed3c494585198cbddfb06e2d", "http_status": 200, "body": {"accepted": true, "real_timestamp_ms": 1789269500861, "virtual_time_s": 1297.624376, "measure_result": "no_signal"}}
2026-09-13 11:18:24,912 INFO request {"path": "/measure", "payload": {"arena_id": "default", "robot_id": "202601002029", "request_id": "226f4dda71fc469687cdeee2256cc513", "position": {"x": -1130.0, "y": 1.3838508830365092e-13}, "channel": 7}, "attempt": 1}
2026-09-13 11:18:24,927 INFO response {"request_id": "226f4dda71fc469687cdeee2256cc513", "http_status": 200, "body": {"accepted": true, "real_timestamp_ms": 1789269500877, "virtual_time_s": 1303.624376, "measure_result": "no_signal"}}
2026-09-13 11:18:24,928 INFO request {"path": "/measure", "payload": {"arena_id": "default", "robot_id": "202601002029", "request_id": "4b6235b2946a4bb4b3f647ad345e6533", "position": {"x": -1130.0, "y": 1.3838508830365092e-13}, "channel": 12}, "attempt": 1}
2026-09-13 11:18:24,944 INFO response {"request_id": "4b6235b2946a4bb4b3f647ad345e6533", "http_status": 200, "body": {"accepted": true, "real_timestamp_ms": 1789269500893, "virtual_time_s": 1309.624376, "measure_result": "no_signal"}}
2026-09-13 11:18:24,944 INFO request {"path": "/measure", "payload": {"arena_id": "default", "robot_id": "202601002029", "request_id": "83d10f48ea1e4acab118027ea31ba176", "position": {"x": -1130.0, "y": 1.3838508830365092e-13}, "channel": 13}, "attempt": 1}
2026-09-13 11:18:24,959 INFO response {"request_id": "83d10f48ea1e4acab118027ea31ba176", "http_status": 200, "body": {"accepted": true, "real_timestamp_ms": 1789269500908, "virtual_time_s": 1315.624376, "measure_result": "no_signal"}}
2026-09-13 11:18:24,960 INFO request {"path": "/measure", "payload": {"arena_id": "default", "robot_id": "202601002029", "request_id": "70e7c8be04d84b978ac21ddd29c5ec4d", "position": {"x": -1130.0, "y": 1.3838508830365092e-13}, "channel": 14}, "attempt": 1}
2026-09-13 11:18:24,961 INFO response {"request_id": "70e7c8be04d84b978ac21ddd29c5ec4d", "http_status": 200, "body": {"accepted": true, "real_timestamp_ms": 1789269500911, "virtual_time_s": 1321.624376, "measure_result": "no_signal"}}
2026-09-13 11:18:24,961 INFO request {"path": "/measure", "payload": {"arena_id": "default", "robot_id": "202601002029", "request_id": "b8cd17e31236480faec6bf06dd195a4a", "position": {"x": -1130.0, "y": 1.3838508830365092e-13}, "channel": 16}, "attempt": 1}
2026-09-13 11:18:24,963 INFO response {"request_id": "b8cd17e31236480faec6bf06dd195a4a", "http_status": 200, "body": {"accepted": true, "real_timestamp_ms": 1789269500912, "virtual_time_s": 1327.624376, "measure_result": "no_signal"}}
2026-09-13 11:18:24,963 INFO request {"path": "/measure", "payload": {"arena_id": "default", "robot_id": "202601002029", "request_id": "c44b50a3c9c348fd9d899d8a87dd2584", "position": {"x": -1130.0, "y": 1.3838508830365092e-13}, "channel": 17}, "attempt": 1}
2026-09-13 11:18:24,991 INFO response {"request_id": "c44b50a3c9c348fd9d899d8a87dd2584", "http_status": 200, "body": {"accepted": true, "real_timestamp_ms": 1789269500940, "virtual_time_s": 1333.624376, "measure_result": "no_signal"}}
2026-09-13 11:18:24,991 INFO request {"path": "/measure", "payload": {"arena_id": "default", "robot_id": "202601002029", "request_id": "93f0b6390e764130a8d4968253de4a28", "position": {"x": -1130.0, "y": 1.3838508830365092e-13}, "channel": 20}, "attempt": 1}
2026-09-13 11:18:24,993 INFO response {"request_id": "93f0b6390e764130a8d4968253de4a28", "http_status": 200, "body": {"accepted": true, "real_timestamp_ms": 1789269500942, "virtual_time_s": 1339.624376, "measure_result": "no_signal"}}
2026-09-13 11:18:24,995 INFO request {"path": "/measure", "payload": {"arena_id": "default", "robot_id": "202601002029", "request_id": "847e33377e7e488995582105c491609d", "position": {"x": -565.0000000000005, "y": -978.6087062764154}, "channel": 20}, "attempt": 1}
2026-09-13 11:18:24,997 INFO response {"request_id": "847e33377e7e488995582105c491609d", "http_status": 200, "body": {"accepted": true, "real_timestamp_ms": 1789269500946, "virtual_time_s": 1570.624376, "measure_result": "direction", "svd_deg": 340.42}}
2026-09-13 11:18:25,000 INFO request {"path": "/measure", "payload": {"arena_id": "default", "robot_id": "202601002029", "request_id": "8c8ee0a0befe4e9c934f09e2be2bd916", "position": {"x": -565.0000000000005, "y": -978.6087062764154}, "channel": 5}, "attempt": 1}
2026-09-13 11:18:25,001 INFO response {"request_id": "8c8ee0a0befe4e9c934f09e2be2bd916", "http_status": 200, "body": {"accepted": true, "real_timestamp_ms": 1789269500950, "virtual_time_s": 1576.624376, "measure_result": "no_signal"}}
2026-09-13 11:18:25,001 INFO request {"path": "/measure", "payload": {"arena_id": "default", "robot_id": "202601002029", "request_id": "b802d6a364a64395bdd392cb21a7e6f7", "position": {"x": -565.0000000000005, "y": -978.6087062764154}, "channel": 7}, "attempt": 1}
2026-09-13 11:18:25,022 INFO response {"request_id": "b802d6a364a64395bdd392cb21a7e6f7", "http_status": 200, "body": {"accepted": true, "real_timestamp_ms": 1789269500971, "virtual_time_s": 1582.624376, "measure_result": "no_signal"}}
2026-09-13 11:18:25,022 INFO request {"path": "/measure", "payload": {"arena_id": "default", "robot_id": "202601002029", "request_id": "b680941f685e4bed80310fcdca1e98d2", "position": {"x": -565.0000000000005, "y": -978.6087062764154}, "channel": 12}, "attempt": 1}
2026-09-13 11:18:25,037 INFO response {"request_id": "b680941f685e4bed80310fcdca1e98d2", "http_status": 200, "body": {"accepted": true, "real_timestamp_ms": 1789269500986, "virtual_time_s": 1588.624376, "measure_result": "no_signal"}}
2026-09-13 11:18:25,037 INFO request {"path": "/measure", "payload": {"arena_id": "default", "robot_id": "202601002029", "request_id": "c85ec9af31d840fc8d491d63e675d209", "position": {"x": -565.0000000000005, "y": -978.6087062764154}, "channel": 13}, "attempt": 1}
2026-09-13 11:18:25,053 INFO response {"request_id": "c85ec9af31d840fc8d491d63e675d209", "http_status": 200, "body": {"accepted": true, "real_timestamp_ms": 1789269501002, "virtual_time_s": 1594.624376, "measure_result": "direction", "svd_deg": 317.81}}
2026-09-13 11:18:25,054 INFO request {"path": "/measure", "payload": {"arena_id": "default", "robot_id": "202601002029", "request_id": "06ccac35f81e467faaf74089615a8637", "position": {"x": -565.0000000000005, "y": -978.6087062764154}, "channel": 14}, "attempt": 1}
2026-09-13 11:18:25,069 INFO response {"request_id": "06ccac35f81e467faaf74089615a8637", "http_status": 200, "body": {"accepted": true, "real_timestamp_ms": 1789269501018, "virtual_time_s": 1600.624376, "measure_result": "no_signal"}}
2026-09-13 11:18:25,069 INFO request {"path": "/measure", "payload": {"arena_id": "default", "robot_id": "202601002029", "request_id": "fa12af9c32544657a7ba603b9f8db255", "position": {"x": -565.0000000000005, "y": -978.6087062764154}, "channel": 16}, "attempt": 1}
2026-09-13 11:18:25,085 INFO response {"request_id": "fa12af9c32544657a7ba603b9f8db255", "http_status": 200, "body": {"accepted": true, "real_timestamp_ms": 1789269501034, "virtual_time_s": 1606.624376, "measure_result": "no_signal"}}
2026-09-13 11:18:25,085 INFO request {"path": "/measure", "payload": {"arena_id": "default", "robot_id": "202601002029", "request_id": "498813b978104735a3d1029cad616144", "position": {"x": -565.0000000000005, "y": -978.6087062764154}, "channel": 17}, "attempt": 1}
2026-09-13 11:18:25,086 INFO response {"request_id": "498813b978104735a3d1029cad616144", "http_status": 200, "body": {"accepted": true, "real_timestamp_ms": 1789269501035, "virtual_time_s": 1612.624376, "measure_result": "no_signal"}}
2026-09-13 11:18:25,102 INFO request {"path": "/measure", "payload": {"arena_id": "default", "robot_id": "202601002029", "request_id": "17f89b52603848cea560223c9ae761d6", "position": {"x": -565.0000000000005, "y": -978.6087062764154}, "channel": 9}, "attempt": 1}
2026-09-13 11:18:25,116 INFO response {"request_id": "17f89b52603848cea560223c9ae761d6", "http_status": 200, "body": {"accepted": true, "real_timestamp_ms": 1789269501065, "virtual_time_s": 1618.624376, "measure_result": "direction", "svd_deg": 341.32}}
2026-09-13 11:18:25,128 INFO request {"path": "/measure", "payload": {"arena_id": "default", "robot_id": "202601002029", "request_id": "2d3c1341a85a425da76d843e8ec0c8ef", "position": {"x": -565.0000000000005, "y": -978.6087062764154}, "channel": 8}, "attempt": 1}
2026-09-13 11:18:25,147 INFO response {"request_id": "2d3c1341a85a425da76d843e8ec0c8ef", "http_status": 200, "body": {"accepted": true, "real_timestamp_ms": 1789269501097, "virtual_time_s": 1624.624376, "measure_result": "direction", "svd_deg": 329.85}}
2026-09-13 11:18:25,154 INFO request {"path": "/measure", "payload": {"arena_id": "default", "robot_id": "202601002029", "request_id": "40469010a3b24761bf6746c8770ecdb1", "position": {"x": 565.0000000000001, "y": -978.6087062764157}, "channel": 5}, "attempt": 1}
2026-09-13 11:18:25,155 INFO response {"request_id": "40469010a3b24761bf6746c8770ecdb1", "http_status": 200, "body": {"accepted": true, "real_timestamp_ms": 1789269501105, "virtual_time_s": 1856.624376, "measure_result": "no_signal"}}
2026-09-13 11:18:25,156 INFO request {"path": "/measure", "payload": {"arena_id": "default", "robot_id": "202601002029", "request_id": "9c67a5bd60ea48aa9faab6eda918ed02", "position": {"x": 565.0000000000001, "y": -978.6087062764157}, "channel": 7}, "attempt": 1}
2026-09-13 11:18:25,157 INFO response {"request_id": "9c67a5bd60ea48aa9faab6eda918ed02", "http_status": 200, "body": {"accepted": true, "real_timestamp_ms": 1789269501107, "virtual_time_s": 1862.624376, "measure_result": "no_signal"}}
2026-09-13 11:18:25,157 INFO request {"path": "/measure", "payload": {"arena_id": "default", "robot_id": "202601002029", "request_id": "c9ac49de381c46ae9834f4e11bd7f11e", "position": {"x": 565.0000000000001, "y": -978.6087062764157}, "channel": 12}, "attempt": 1}
2026-09-13 11:18:25,159 INFO response {"request_id": "c9ac49de381c46ae9834f4e11bd7f11e", "http_status": 200, "body": {"accepted": true, "real_timestamp_ms": 1789269501108, "virtual_time_s": 1868.624376, "measure_result": "no_signal"}}
2026-09-13 11:18:25,159 INFO request {"path": "/measure", "payload": {"arena_id": "default", "robot_id": "202601002029", "request_id": "6b82e8c142e54fbd822f39c94e869113", "position": {"x": 565.0000000000001, "y": -978.6087062764157}, "channel": 14}, "attempt": 1}
2026-09-13 11:18:25,179 INFO response {"request_id": "6b82e8c142e54fbd822f39c94e869113", "http_status": 200, "body": {"accepted": true, "real_timestamp_ms": 1789269501128, "virtual_time_s": 1874.624376, "measure_result": "no_signal"}}
2026-09-13 11:18:25,180 INFO request {"path": "/measure", "payload": {"arena_id": "default", "robot_id": "202601002029", "request_id": "a01a1d2e231949fbaf586ece51f899f7", "position": {"x": 565.0000000000001, "y": -978.6087062764157}, "channel": 16}, "attempt": 1}
2026-09-13 11:18:25,182 INFO response {"request_id": "a01a1d2e231949fbaf586ece51f899f7", "http_status": 200, "body": {"accepted": true, "real_timestamp_ms": 1789269501131, "virtual_time_s": 1880.624376, "measure_result": "no_signal"}}
2026-09-13 11:18:25,183 INFO request {"path": "/measure", "payload": {"arena_id": "default", "robot_id": "202601002029", "request_id": "61b4a7d9f8694aacad77c6f679fd6705", "position": {"x": 565.0000000000001, "y": -978.6087062764157}, "channel": 17}, "attempt": 1}
2026-09-13 11:18:25,185 INFO response {"request_id": "61b4a7d9f8694aacad77c6f679fd6705", "http_status": 200, "body": {"accepted": true, "real_timestamp_ms": 1789269501134, "virtual_time_s": 1886.624376, "measure_result": "no_signal"}}
2026-09-13 11:18:25,263 INFO request {"path": "/measure", "payload": {"arena_id": "default", "robot_id": "202601002029", "request_id": "a4d6087261c3416188a970d54d7c8b8c", "position": {"x": 565.0000000000001, "y": -978.6087062764157}, "channel": 19}, "attempt": 1}
2026-09-13 11:18:25,286 INFO response {"request_id": "a4d6087261c3416188a970d54d7c8b8c", "http_status": 200, "body": {"accepted": true, "real_timestamp_ms": 1789269501235, "virtual_time_s": 1892.624376, "measure_result": "direction", "svd_deg": 57.43}}
2026-09-13 11:18:25,331 INFO request {"path": "/measure", "payload": {"arena_id": "default", "robot_id": "202601002029", "request_id": "ca6f5372c2244438adc383677c7be12c", "position": {"x": 565.0000000000001, "y": -978.6087062764157}, "channel": 20}, "attempt": 1}
2026-09-13 11:18:25,332 INFO response {"request_id": "ca6f5372c2244438adc383677c7be12c", "http_status": 200, "body": {"accepted": true, "real_timestamp_ms": 1789269501281, "virtual_time_s": 1898.624376, "measure_result": "direction", "svd_deg": 247.99}}
2026-09-13 11:18:30,598 INFO request {"path": "/clear", "payload": {"arena_id": "default", "robot_id": "202601002029", "request_id": "d1eed961a01c450dbaed8419908975ce", "position": {"x": 422.69406653254345, "y": -1329.7852771164034}, "channel": 20}, "attempt": 1}
2026-09-13 11:18:30,600 INFO response {"request_id": "d1eed961a01c450dbaed8419908975ce", "http_status": 200, "body": {"accepted": true, "real_timestamp_ms": 1789269506549, "virtual_time_s": 1979.407214, "clear_result": "success"}}
2026-09-13 11:18:30,638 INFO request {"path": "/measure", "payload": {"arena_id": "default", "robot_id": "202601002029", "request_id": "d436c8865ade4ccbb76bf5253420c457", "position": {"x": 422.69406653254345, "y": -1329.7852771164034}, "channel": 13}, "attempt": 1}
2026-09-13 11:18:30,639 INFO response {"request_id": "d436c8865ade4ccbb76bf5253420c457", "http_status": 200, "body": {"accepted": true, "real_timestamp_ms": 1789269506588, "virtual_time_s": 1985.407214, "measure_result": "direction", "svd_deg": 210.13}}
2026-09-13 11:18:30,674 INFO request {"path": "/measure", "payload": {"arena_id": "default", "robot_id": "202601002029", "request_id": "584573d9a52c469f8adb9ebd91bae947", "position": {"x": 422.69406653254345, "y": -1329.7852771164034}, "channel": 8}, "attempt": 1}
2026-09-13 11:18:30,698 INFO response {"request_id": "584573d9a52c469f8adb9ebd91bae947", "http_status": 200, "body": {"accepted": true, "real_timestamp_ms": 1789269506647, "virtual_time_s": 1991.407214, "measure_result": "direction", "svd_deg": 171.78}}
2026-09-13 11:18:31,464 INFO request {"path": "/clear", "payload": {"arena_id": "default", "robot_id": "202601002029", "request_id": "c1860b2cfda848849cbe51ae3eb704a7", "position": {"x": 56.7009568983018, "y": -1541.8424979214628}, "channel": 13}, "attempt": 1}
2026-09-13 11:18:31,465 INFO response {"request_id": "c1860b2cfda848849cbe51ae3eb704a7", "http_status": 200, "body": {"accepted": true, "real_timestamp_ms": 1789269507414, "virtual_time_s": 2081.004902, "clear_result": "success"}}
2026-09-13 11:18:31,478 INFO request {"path": "/measure", "payload": {"arena_id": "default", "robot_id": "202601002029", "request_id": "f4e1239c86ac4ddeb3854efae2c091c1", "position": {"x": 56.7009568983018, "y": -1541.8424979214628}, "channel": 8}, "attempt": 1}
2026-09-13 11:18:31,497 INFO response {"request_id": "f4e1239c86ac4ddeb3854efae2c091c1", "http_status": 200, "body": {"accepted": true, "real_timestamp_ms": 1789269507446, "virtual_time_s": 2086.004902, "measure_result": "direction", "svd_deg": 115.2}}
2026-09-13 11:18:31,510 INFO request {"path": "/measure", "payload": {"arena_id": "default", "robot_id": "202601002029", "request_id": "3e5e0ccd845a490a80f0e434407edfae", "position": {"x": -161.8206034629944, "y": -1514.7752809603314}, "channel": 9}, "attempt": 1}
2026-09-13 11:18:31,512 INFO response {"request_id": "3e5e0ccd845a490a80f0e434407edfae", "http_status": 200, "body": {"accepted": true, "real_timestamp_ms": 1789269507461, "virtual_time_s": 2136.043206, "measure_result": "direction", "svd_deg": 88.07}}
2026-09-13 11:18:31,520 INFO request {"path": "/clear", "payload": {"arena_id": "default", "robot_id": "202601002029", "request_id": "ee23298b4c184fbd918a15d470ed846e", "position": {"x": -77.46136348769026, "y": -1257.314873270483}, "channel": 8}, "attempt": 1}
2026-09-13 11:18:31,544 INFO response {"request_id": "ee23298b4c184fbd918a15d470ed846e", "http_status": 200, "body": {"accepted": true, "real_timestamp_ms": 1789269507493, "virtual_time_s": 2195.22894, "clear_result": "success"}}
2026-09-13 11:18:31,548 INFO request {"path": "/clear", "payload": {"arena_id": "default", "robot_id": "202601002029", "request_id": "cbdda78d5eb148339b4b51d9a0019723", "position": {"x": -150.60026038899002, "y": -1118.851835760131}, "channel": 9}, "attempt": 1}
2026-09-13 11:18:31,576 INFO response {"request_id": "cbdda78d5eb148339b4b51d9a0019723", "http_status": 200, "body": {"accepted": true, "real_timestamp_ms": 1789269507524, "virtual_time_s": 2231.547504, "clear_result": "success"}}
2026-09-13 11:18:31,580 INFO request {"path": "/clear", "payload": {"arena_id": "default", "robot_id": "202601002029", "request_id": "e33400f244714feca5a866e3c4693cfc", "position": {"x": 440.16965367982715, "y": -328.65592919683957}, "channel": 1}, "attempt": 1}
2026-09-13 11:18:31,582 INFO response {"request_id": "e33400f244714feca5a866e3c4693cfc", "http_status": 200, "body": {"accepted": true, "real_timestamp_ms": 1789269507531, "virtual_time_s": 2433.871467, "clear_result": "success"}}
2026-09-13 11:18:31,610 INFO request {"path": "/measure", "payload": {"arena_id": "default", "robot_id": "202601002029", "request_id": "26657183c4ab4a6f8626a56f7e1ca96d", "position": {"x": 440.16965367982715, "y": -328.65592919683957}, "channel": 19}, "attempt": 1}
2026-09-13 11:18:31,612 INFO response {"request_id": "26657183c4ab4a6f8626a56f7e1ca96d", "http_status": 200, "body": {"accepted": true, "real_timestamp_ms": 1789269507561, "virtual_time_s": 2439.871467, "measure_result": "direction", "svd_deg": 1.84}}
2026-09-13 11:18:31,621 INFO request {"path": "/clear", "payload": {"arena_id": "default", "robot_id": "202601002029", "request_id": "6ce8b594586c476a9371ae0b70a81d16", "position": {"x": 997.4600543019887, "y": -301.97032547399067}, "channel": 19}, "attempt": 1}
2026-09-13 11:18:31,637 INFO response {"request_id": "6ce8b594586c476a9371ae0b70a81d16", "http_status": 200, "body": {"accepted": true, "real_timestamp_ms": 1789269507586, "virtual_time_s": 2556.457257, "clear_result": "success"}}
2026-09-13 11:18:31,641 INFO request {"path": "/measure", "payload": {"arena_id": "default", "robot_id": "202601002029", "request_id": "a222f6ffff3e4b1ca4506cc5cae0f050", "position": {"x": 1857.913526637933, "y": 102.81432254904382}, "channel": 6}, "attempt": 1}
2026-09-13 11:18:31,642 INFO response {"request_id": "a222f6ffff3e4b1ca4506cc5cae0f050", "http_status": 200, "body": {"accepted": true, "real_timestamp_ms": 1789269507591, "virtual_time_s": 2752.639358, "measure_result": "direction", "svd_deg": 152.66}}
2026-09-13 11:18:31,662 INFO request {"path": "/measure", "payload": {"arena_id": "default", "robot_id": "202601002029", "request_id": "eb98302e55774495993e3249b5f5cffd", "position": {"x": 1857.913526637933, "y": 102.81432254904382}, "channel": 10}, "attempt": 1}
2026-09-13 11:18:31,663 INFO response {"request_id": "eb98302e55774495993e3249b5f5cffd", "http_status": 200, "body": {"accepted": true, "real_timestamp_ms": 1789269507612, "virtual_time_s": 2758.639358, "measure_result": "direction", "svd_deg": 131.6}}
2026-09-13 11:18:31,665 INFO request {"path": "/clear", "payload": {"arena_id": "default", "robot_id": "202601002029", "request_id": "5833d63b89824fcea50f85492c15b871", "position": {"x": 1597.5887940211699, "y": 395.9280794721892}, "channel": 10}, "attempt": 1}
2026-09-13 11:18:31,667 INFO response {"request_id": "5833d63b89824fcea50f85492c15b871", "http_status": 200, "body": {"accepted": true, "real_timestamp_ms": 1789269507616, "virtual_time_s": 2842.044623, "clear_result": "success"}}
2026-09-13 11:18:31,667 INFO request {"path": "/clear", "payload": {"arena_id": "default", "robot_id": "202601002029", "request_id": "f6168a6611be4ee69a288f9a3bfaa778", "position": {"x": 1477.4213523272065, "y": 299.30897355404784}, "channel": 6}, "attempt": 1}
2026-09-13 11:18:31,681 INFO response {"request_id": "f6168a6611be4ee69a288f9a3bfaa778", "http_status": 200, "body": {"accepted": true, "real_timestamp_ms": 1789269507630, "virtual_time_s": 2877.883213, "clear_result": "success"}}
2026-09-13 11:18:31,683 INFO request {"path": "/clear", "payload": {"arena_id": "default", "robot_id": "202601002029", "request_id": "36c90417520c4462a2d38d4078985861", "position": {"x": 187.93624557515994, "y": -6.255382245559261}, "channel": 15}, "attempt": 1}
2026-09-13 11:18:31,684 INFO response {"request_id": "36c90417520c4462a2d38d4078985861", "http_status": 200, "body": {"accepted": true, "real_timestamp_ms": 1789269507633, "virtual_time_s": 3147.922185, "clear_result": "success"}}
2026-09-13 11:18:31,685 INFO request {"path": "/clear", "payload": {"arena_id": "default", "robot_id": "202601002029", "request_id": "8735e9ce216e4b3282229c891dd6afef", "position": {"x": -161.55715395464102, "y": 880.7230426635176}, "channel": 3}, "attempt": 1}
2026-09-13 11:18:31,686 INFO response {"request_id": "8735e9ce216e4b3282229c891dd6afef", "http_status": 200, "body": {"accepted": true, "real_timestamp_ms": 1789269507636, "virtual_time_s": 3343.5922, "clear_result": "success"}}
2026-09-13 11:18:31,687 INFO request {"path": "/clear", "payload": {"arena_id": "default", "robot_id": "202601002029", "request_id": "f7bb76496cd14f97ab06773e55c02bbc", "position": {"x": -401.7987503038243, "y": 1347.8377309052137}, "channel": 11}, "attempt": 1}
2026-09-13 11:18:31,688 INFO response {"request_id": "f7bb76496cd14f97ab06773e55c02bbc", "http_status": 200, "body": {"accepted": true, "real_timestamp_ms": 1789269507637, "virtual_time_s": 3453.646882, "clear_result": "success"}}
2026-09-13 11:18:31,689 INFO request {"path": "/measure", "payload": {"arena_id": "default", "robot_id": "202601002029", "request_id": "f6577c7e1ff5418d85cca5fad0d0f4d5", "position": {"x": -1253.4964560183464, "y": 1506.639709741871}, "channel": 2}, "attempt": 1}
2026-09-13 11:18:31,690 INFO response {"request_id": "f6577c7e1ff5418d85cca5fad0d0f4d5", "http_status": 200, "body": {"accepted": true, "real_timestamp_ms": 1789269507639, "virtual_time_s": 3632.922045, "measure_result": "direction", "svd_deg": 280.6}}
2026-09-13 11:18:31,694 INFO request {"path": "/clear", "payload": {"arena_id": "default", "robot_id": "202601002029", "request_id": "9643a7abb48949cca956a253336823d1", "position": {"x": -1174.663345325101, "y": 1086.7611353188288}, "channel": 2}, "attempt": 1}
2026-09-13 11:18:31,695 INFO response {"request_id": "9643a7abb48949cca956a253336823d1", "http_status": 200, "body": {"accepted": true, "real_timestamp_ms": 1789269507644, "virtual_time_s": 3723.36505, "clear_result": "success"}}
2026-09-13 11:18:31,695 INFO request {"path": "/exit", "payload": {"arena_id": "default", "robot_id": "202601002029", "request_id": "bfcc10e34f424c29b060dc2181b23312"}, "attempt": 1}
2026-09-13 11:18:31,696 INFO response {"request_id": "bfcc10e34f424c29b060dc2181b23312", "http_status": 200, "body": {"accepted": true, "real_timestamp_ms": 1789269507646, "virtual_time_s": 3723.36505, "exit_reason": "user_exit"}}
