2026-09-12 14:18:54,440 INFO request {"path": "/enter", "payload": {"arena_id": "default", "robot_id": "202601002029", "request_id": "39dd7a81078e477bbf04ed025918e3d6"}, "attempt": 1}
2026-09-12 14:18:54,444 INFO response {"request_id": "39dd7a81078e477bbf04ed025918e3d6", "http_status": 200, "body": {"accepted": true, "real_timestamp_ms": 1789193931087, "virtual_time_s": 0, "max_virtual_duration_s": 360000, "max_real_duration_s": 1200, "remaining_real_duration_s": 1200}}
2026-09-12 14:18:54,445 INFO request {"path": "/measure", "payload": {"arena_id": "default", "robot_id": "202601002029", "request_id": "c4af11f128094a13859075ebf8653a30", "position": {"x": 0.0, "y": 0.0}, "channel": 1}, "attempt": 1}
2026-09-12 14:18:54,445 INFO response {"request_id": "c4af11f128094a13859075ebf8653a30", "http_status": 200, "body": {"accepted": true, "real_timestamp_ms": 1789193931089, "virtual_time_s": 5, "measure_result": "direction", "svd_deg": 324.74}}
2026-09-12 14:18:54,450 INFO request {"path": "/measure", "payload": {"arena_id": "default", "robot_id": "202601002029", "request_id": "91788071e3cc4093950765da33df356e", "position": {"x": 0.0, "y": 0.0}, "channel": 2}, "attempt": 1}
2026-09-12 14:18:54,463 INFO response {"request_id": "91788071e3cc4093950765da33df356e", "http_status": 200, "body": {"accepted": true, "real_timestamp_ms": 1789193931106, "virtual_time_s": 11, "measure_result": "no_signal"}}
2026-09-12 14:18:54,464 INFO request {"path": "/measure", "payload": {"arena_id": "default", "robot_id": "202601002029", "request_id": "3e123ccdb3e148bfa4141c621a4c016d", "position": {"x": 0.0, "y": 0.0}, "channel": 3}, "attempt": 1}
2026-09-12 14:18:54,465 INFO response {"request_id": "3e123ccdb3e148bfa4141c621a4c016d", "http_status": 200, "body": {"accepted": true, "real_timestamp_ms": 1789193931108, "virtual_time_s": 17, "measure_result": "direction", "svd_deg": 188.05}}
2026-09-12 14:18:54,469 INFO request {"path": "/measure", "payload": {"arena_id": "default", "robot_id": "202601002029", "request_id": "75ad3e0853de4a56b0f511b30e7e20f0", "position": {"x": 0.0, "y": 0.0}, "channel": 4}, "attempt": 1}
2026-09-12 14:18:54,483 INFO response {"request_id": "75ad3e0853de4a56b0f511b30e7e20f0", "http_status": 200, "body": {"accepted": true, "real_timestamp_ms": 1789193931125, "virtual_time_s": 23, "measure_result": "no_signal"}}
2026-09-12 14:18:54,483 INFO request {"path": "/measure", "payload": {"arena_id": "default", "robot_id": "202601002029", "request_id": "b6282c255e8c412cb94c5815c4ac8cbb", "position": {"x": 0.0, "y": 0.0}, "channel": 5}, "attempt": 1}
2026-09-12 14:18:54,503 INFO response {"request_id": "b6282c255e8c412cb94c5815c4ac8cbb", "http_status": 200, "body": {"accepted": true, "real_timestamp_ms": 1789193931146, "virtual_time_s": 29, "measure_result": "no_signal"}}
2026-09-12 14:18:54,503 INFO request {"path": "/measure", "payload": {"arena_id": "default", "robot_id": "202601002029", "request_id": "a0fc7e1757fb4d009b82a7bc625caf4f", "position": {"x": 0.0, "y": 0.0}, "channel": 6}, "attempt": 1}
2026-09-12 14:18:54,523 INFO response {"request_id": "a0fc7e1757fb4d009b82a7bc625caf4f", "http_status": 200, "body": {"accepted": true, "real_timestamp_ms": 1789193931165, "virtual_time_s": 35, "measure_result": "no_signal"}}
2026-09-12 14:18:54,523 INFO request {"path": "/measure", "payload": {"arena_id": "default", "robot_id": "202601002029", "request_id": "f14e8e32a5234b8b89c7a9e11e64c551", "position": {"x": 0.0, "y": 0.0}, "channel": 7}, "attempt": 1}
2026-09-12 14:18:54,525 INFO response {"request_id": "f14e8e32a5234b8b89c7a9e11e64c551", "http_status": 200, "body": {"accepted": true, "real_timestamp_ms": 1789193931168, "virtual_time_s": 41, "measure_result": "direction", "svd_deg": 204.95}}
2026-09-12 14:18:54,528 INFO request {"path": "/measure", "payload": {"arena_id": "default", "robot_id": "202601002029", "request_id": "360a44a1d49b45aa80cf62171556cf64", "position": {"x": 0.0, "y": 0.0}, "channel": 8}, "attempt": 1}
2026-09-12 14:18:54,542 INFO response {"request_id": "360a44a1d49b45aa80cf62171556cf64", "http_status": 200, "body": {"accepted": true, "real_timestamp_ms": 1789193931185, "virtual_time_s": 47, "measure_result": "direction", "svd_deg": 141.06}}
2026-09-12 14:18:54,546 INFO request {"path": "/measure", "payload": {"arena_id": "default", "robot_id": "202601002029", "request_id": "19444e7537e844aba44e081d1579e2d3", "position": {"x": 0.0, "y": 0.0}, "channel": 9}, "attempt": 1}
2026-09-12 14:18:54,561 INFO response {"request_id": "19444e7537e844aba44e081d1579e2d3", "http_status": 200, "body": {"accepted": true, "real_timestamp_ms": 1789193931204, "virtual_time_s": 53, "measure_result": "no_signal"}}
2026-09-12 14:18:54,561 INFO request {"path": "/measure", "payload": {"arena_id": "default", "robot_id": "202601002029", "request_id": "26a8bf67cd994000942b89f69e29bc59", "position": {"x": 0.0, "y": 0.0}, "channel": 10}, "attempt": 1}
2026-09-12 14:18:54,581 INFO response {"request_id": "26a8bf67cd994000942b89f69e29bc59", "http_status": 200, "body": {"accepted": true, "real_timestamp_ms": 1789193931224, "virtual_time_s": 59, "measure_result": "no_signal"}}
2026-09-12 14:18:54,581 INFO request {"path": "/measure", "payload": {"arena_id": "default", "robot_id": "202601002029", "request_id": "f558d44ea9ab4a26be430c3b0d27144a", "position": {"x": 0.0, "y": 0.0}, "channel": 11}, "attempt": 1}
2026-09-12 14:18:54,601 INFO response {"request_id": "f558d44ea9ab4a26be430c3b0d27144a", "http_status": 200, "body": {"accepted": true, "real_timestamp_ms": 1789193931243, "virtual_time_s": 65, "measure_result": "no_signal"}}
2026-09-12 14:18:54,601 INFO request {"path": "/measure", "payload": {"arena_id": "default", "robot_id": "202601002029", "request_id": "8e24d3fe346247618a0d336c98ba9282", "position": {"x": 0.0, "y": 0.0}, "channel": 12}, "attempt": 1}
2026-09-12 14:18:54,620 INFO response {"request_id": "8e24d3fe346247618a0d336c98ba9282", "http_status": 200, "body": {"accepted": true, "real_timestamp_ms": 1789193931263, "virtual_time_s": 71, "measure_result": "no_signal"}}
2026-09-12 14:18:54,621 INFO request {"path": "/measure", "payload": {"arena_id": "default", "robot_id": "202601002029", "request_id": "9c5de40a00e24522a778901c547cbf1a", "position": {"x": 0.0, "y": 0.0}, "channel": 13}, "attempt": 1}
2026-09-12 14:18:54,623 INFO response {"request_id": "9c5de40a00e24522a778901c547cbf1a", "http_status": 200, "body": {"accepted": true, "real_timestamp_ms": 1789193931265, "virtual_time_s": 77, "measure_result": "no_signal"}}
2026-09-12 14:18:54,623 INFO request {"path": "/measure", "payload": {"arena_id": "default", "robot_id": "202601002029", "request_id": "34227d51e78449efb2341b47a22cbe4f", "position": {"x": 0.0, "y": 0.0}, "channel": 14}, "attempt": 1}
2026-09-12 14:18:54,625 INFO response {"request_id": "34227d51e78449efb2341b47a22cbe4f", "http_status": 200, "body": {"accepted": true, "real_timestamp_ms": 1789193931268, "virtual_time_s": 83, "measure_result": "direction", "svd_deg": 95.12}}
2026-09-12 14:18:54,630 INFO request {"path": "/measure", "payload": {"arena_id": "default", "robot_id": "202601002029", "request_id": "3611d15dd18544aab62cd3060f1c1e74", "position": {"x": 0.0, "y": 0.0}, "channel": 15}, "attempt": 1}
2026-09-12 14:18:54,650 INFO response {"request_id": "3611d15dd18544aab62cd3060f1c1e74", "http_status": 200, "body": {"accepted": true, "real_timestamp_ms": 1789193931293, "virtual_time_s": 89, "measure_result": "direction", "svd_deg": 117.45}}
2026-09-12 14:18:54,655 INFO request {"path": "/measure", "payload": {"arena_id": "default", "robot_id": "202601002029", "request_id": "458927e7c91f45b0a60e2b2ce76bda2b", "position": {"x": 0.0, "y": 0.0}, "channel": 16}, "attempt": 1}
2026-09-12 14:18:54,657 INFO response {"request_id": "458927e7c91f45b0a60e2b2ce76bda2b", "http_status": 200, "body": {"accepted": true, "real_timestamp_ms": 1789193931300, "virtual_time_s": 95, "measure_result": "no_signal"}}
2026-09-12 14:18:54,658 INFO request {"path": "/measure", "payload": {"arena_id": "default", "robot_id": "202601002029", "request_id": "a444704185c34e1aba5c3730a6f91aed", "position": {"x": 0.0, "y": 0.0}, "channel": 17}, "attempt": 1}
2026-09-12 14:18:54,680 INFO response {"request_id": "a444704185c34e1aba5c3730a6f91aed", "http_status": 200, "body": {"accepted": true, "real_timestamp_ms": 1789193931322, "virtual_time_s": 101, "measure_result": "no_signal"}}
2026-09-12 14:18:54,680 INFO request {"path": "/measure", "payload": {"arena_id": "default", "robot_id": "202601002029", "request_id": "4e0cce94efd546a5ae6f80d0a10720d7", "position": {"x": 0.0, "y": 0.0}, "channel": 18}, "attempt": 1}
2026-09-12 14:18:54,682 INFO response {"request_id": "4e0cce94efd546a5ae6f80d0a10720d7", "http_status": 200, "body": {"accepted": true, "real_timestamp_ms": 1789193931325, "virtual_time_s": 107, "measure_result": "no_signal"}}
2026-09-12 14:18:54,682 INFO request {"path": "/measure", "payload": {"arena_id": "default", "robot_id": "202601002029", "request_id": "13b251dd4fed4cafb29eaa1a5893a798", "position": {"x": 0.0, "y": 0.0}, "channel": 19}, "attempt": 1}
2026-09-12 14:18:54,685 INFO response {"request_id": "13b251dd4fed4cafb29eaa1a5893a798", "http_status": 200, "body": {"accepted": true, "real_timestamp_ms": 1789193931327, "virtual_time_s": 113, "measure_result": "no_signal"}}
2026-09-12 14:18:54,685 INFO request {"path": "/measure", "payload": {"arena_id": "default", "robot_id": "202601002029", "request_id": "27c659f96961489d99f0955a38c13941", "position": {"x": 0.0, "y": 0.0}, "channel": 20}, "attempt": 1}
2026-09-12 14:18:54,687 INFO response {"request_id": "27c659f96961489d99f0955a38c13941", "http_status": 200, "body": {"accepted": true, "real_timestamp_ms": 1789193931329, "virtual_time_s": 119, "measure_result": "no_signal"}}
2026-09-12 14:18:54,687 INFO request {"path": "/measure", "payload": {"arena_id": "default", "robot_id": "202601002029", "request_id": "d011d7a9b8cc43efb2a5d1d7d575b092", "position": {"x": 1200.0, "y": 0.0}, "channel": 20}, "attempt": 1}
2026-09-12 14:18:54,695 INFO response {"request_id": "d011d7a9b8cc43efb2a5d1d7d575b092", "http_status": 200, "body": {"accepted": true, "real_timestamp_ms": 1789193931331, "virtual_time_s": 364, "measure_result": "no_signal"}}
2026-09-12 14:18:54,696 INFO request {"path": "/measure", "payload": {"arena_id": "default", "robot_id": "202601002029", "request_id": "87f340c6f09a4345b29138b3fe4886b6", "position": {"x": 1200.0, "y": 0.0}, "channel": 2}, "attempt": 1}
2026-09-12 14:18:54,708 INFO response {"request_id": "87f340c6f09a4345b29138b3fe4886b6", "http_status": 200, "body": {"accepted": true, "real_timestamp_ms": 1789193931351, "virtual_time_s": 370, "measure_result": "no_signal"}}
2026-09-12 14:18:54,708 INFO request {"path": "/measure", "payload": {"arena_id": "default", "robot_id": "202601002029", "request_id": "45deab02aca846718cf03db7e9363e12", "position": {"x": 1200.0, "y": 0.0}, "channel": 4}, "attempt": 1}
2026-09-12 14:18:54,729 INFO response {"request_id": "45deab02aca846718cf03db7e9363e12", "http_status": 200, "body": {"accepted": true, "real_timestamp_ms": 1789193931371, "virtual_time_s": 376, "measure_result": "no_signal"}}
2026-09-12 14:18:54,729 INFO request {"path": "/measure", "payload": {"arena_id": "default", "robot_id": "202601002029", "request_id": "6ba4cdcd18d74d0fb80f5e9d97ce5316", "position": {"x": 1200.0, "y": 0.0}, "channel": 5}, "attempt": 1}
2026-09-12 14:18:54,749 INFO response {"request_id": "6ba4cdcd18d74d0fb80f5e9d97ce5316", "http_status": 200, "body": {"accepted": true, "real_timestamp_ms": 1789193931391, "virtual_time_s": 382, "measure_result": "no_signal"}}
2026-09-12 14:18:54,749 INFO request {"path": "/measure", "payload": {"arena_id": "default", "robot_id": "202601002029", "request_id": "c12861830ee54b199ef6a458a63a7899", "position": {"x": 1200.0, "y": 0.0}, "channel": 6}, "attempt": 1}
2026-09-12 14:18:54,767 INFO response {"request_id": "c12861830ee54b199ef6a458a63a7899", "http_status": 200, "body": {"accepted": true, "real_timestamp_ms": 1789193931410, "virtual_time_s": 388, "measure_result": "no_signal"}}
2026-09-12 14:18:54,768 INFO request {"path": "/measure", "payload": {"arena_id": "default", "robot_id": "202601002029", "request_id": "ed906ffa963442dbaa3810c641c51f31", "position": {"x": 1200.0, "y": 0.0}, "channel": 9}, "attempt": 1}
2026-09-12 14:18:54,787 INFO response {"request_id": "ed906ffa963442dbaa3810c641c51f31", "http_status": 200, "body": {"accepted": true, "real_timestamp_ms": 1789193931430, "virtual_time_s": 394, "measure_result": "no_signal"}}
2026-09-12 14:18:54,787 INFO request {"path": "/measure", "payload": {"arena_id": "default", "robot_id": "202601002029", "request_id": "d64727bd6d8042649d531662da1df5d6", "position": {"x": 1200.0, "y": 0.0}, "channel": 10}, "attempt": 1}
2026-09-12 14:18:54,790 INFO response {"request_id": "d64727bd6d8042649d531662da1df5d6", "http_status": 200, "body": {"accepted": true, "real_timestamp_ms": 1789193931432, "virtual_time_s": 400, "measure_result": "direction", "svd_deg": 262.39}}
2026-09-12 14:18:54,795 INFO request {"path": "/measure", "payload": {"arena_id": "default", "robot_id": "202601002029", "request_id": "581cb9cf15c4418293f212f31cb4b1b4", "position": {"x": 1200.0, "y": 0.0}, "channel": 11}, "attempt": 1}
2026-09-12 14:18:54,806 INFO response {"request_id": "581cb9cf15c4418293f212f31cb4b1b4", "http_status": 200, "body": {"accepted": true, "real_timestamp_ms": 1789193931449, "virtual_time_s": 406, "measure_result": "no_signal"}}
2026-09-12 14:18:54,806 INFO request {"path": "/measure", "payload": {"arena_id": "default", "robot_id": "202601002029", "request_id": "80c02006bb054f9e921aa62acf2eaf92", "position": {"x": 1200.0, "y": 0.0}, "channel": 12}, "attempt": 1}
2026-09-12 14:18:54,808 INFO response {"request_id": "80c02006bb054f9e921aa62acf2eaf92", "http_status": 200, "body": {"accepted": true, "real_timestamp_ms": 1789193931451, "virtual_time_s": 412, "measure_result": "no_signal"}}
2026-09-12 14:18:54,808 INFO request {"path": "/measure", "payload": {"arena_id": "default", "robot_id": "202601002029", "request_id": "71ee0c1572c2402baf16581700193b23", "position": {"x": 1200.0, "y": 0.0}, "channel": 13}, "attempt": 1}
2026-09-12 14:18:54,826 INFO response {"request_id": "71ee0c1572c2402baf16581700193b23", "http_status": 200, "body": {"accepted": true, "real_timestamp_ms": 1789193931468, "virtual_time_s": 418, "measure_result": "no_signal"}}
2026-09-12 14:18:54,826 INFO request {"path": "/measure", "payload": {"arena_id": "default", "robot_id": "202601002029", "request_id": "5ca9a0f92bfc423c9001bc8c2e24627d", "position": {"x": 1200.0, "y": 0.0}, "channel": 16}, "attempt": 1}
2026-09-12 14:18:54,827 INFO response {"request_id": "5ca9a0f92bfc423c9001bc8c2e24627d", "http_status": 200, "body": {"accepted": true, "real_timestamp_ms": 1789193931470, "virtual_time_s": 424, "measure_result": "no_signal"}}
2026-09-12 14:18:54,827 INFO request {"path": "/measure", "payload": {"arena_id": "default", "robot_id": "202601002029", "request_id": "7bfe9bedd06d466d9e923e52a51de402", "position": {"x": 1200.0, "y": 0.0}, "channel": 17}, "attempt": 1}
2026-09-12 14:18:54,829 INFO response {"request_id": "7bfe9bedd06d466d9e923e52a51de402", "http_status": 200, "body": {"accepted": true, "real_timestamp_ms": 1789193931471, "virtual_time_s": 430, "measure_result": "no_signal"}}
2026-09-12 14:18:54,829 INFO request {"path": "/measure", "payload": {"arena_id": "default", "robot_id": "202601002029", "request_id": "38f38e6fef234671a7e016230c1295f6", "position": {"x": 1200.0, "y": 0.0}, "channel": 18}, "attempt": 1}
2026-09-12 14:18:54,831 INFO response {"request_id": "38f38e6fef234671a7e016230c1295f6", "http_status": 200, "body": {"accepted": true, "real_timestamp_ms": 1789193931473, "virtual_time_s": 436, "measure_result": "direction", "svd_deg": 100.96}}
2026-09-12 14:18:54,836 INFO request {"path": "/measure", "payload": {"arena_id": "default", "robot_id": "202601002029", "request_id": "3187920d601f4531a81fe4011c7532af", "position": {"x": 1200.0, "y": 0.0}, "channel": 19}, "attempt": 1}
2026-09-12 14:18:54,838 INFO response {"request_id": "3187920d601f4531a81fe4011c7532af", "http_status": 200, "body": {"accepted": true, "real_timestamp_ms": 1789193931481, "virtual_time_s": 442, "measure_result": "no_signal"}}
2026-09-12 14:18:54,848 INFO request {"path": "/measure", "payload": {"arena_id": "default", "robot_id": "202601002029", "request_id": "d3355904f1c547498ec8848ae69ad312", "position": {"x": 1200.0, "y": 0.0}, "channel": 1}, "attempt": 1}
2026-09-12 14:18:54,849 INFO response {"request_id": "d3355904f1c547498ec8848ae69ad312", "http_status": 200, "body": {"accepted": true, "real_timestamp_ms": 1789193931492, "virtual_time_s": 448, "measure_result": "direction", "svd_deg": 197.88}}
2026-09-12 14:18:54,852 INFO request {"path": "/measure", "payload": {"arena_id": "default", "robot_id": "202601002029", "request_id": "14f2308d89ea41679440e6cefa872cd7", "position": {"x": 600.0000000000001, "y": 1039.2304845413264}, "channel": 2}, "attempt": 1}
2026-09-12 14:18:54,854 INFO response {"request_id": "14f2308d89ea41679440e6cefa872cd7", "http_status": 200, "body": {"accepted": true, "real_timestamp_ms": 1789193931497, "virtual_time_s": 694, "measure_result": "no_signal"}}
2026-09-12 14:18:54,854 INFO request {"path": "/measure", "payload": {"arena_id": "default", "robot_id": "202601002029", "request_id": "be0d3e31e8094eaba2fda5d23b5b62ef", "position": {"x": 600.0000000000001, "y": 1039.2304845413264}, "channel": 4}, "attempt": 1}
2026-09-12 14:18:54,875 INFO response {"request_id": "be0d3e31e8094eaba2fda5d23b5b62ef", "http_status": 200, "body": {"accepted": true, "real_timestamp_ms": 1789193931517, "virtual_time_s": 700, "measure_result": "no_signal"}}
2026-09-12 14:18:54,875 INFO request {"path": "/measure", "payload": {"arena_id": "default", "robot_id": "202601002029", "request_id": "49c8f034618c4887a40c7845da4296c7", "position": {"x": 600.0000000000001, "y": 1039.2304845413264}, "channel": 5}, "attempt": 1}
2026-09-12 14:18:54,876 INFO response {"request_id": "49c8f034618c4887a40c7845da4296c7", "http_status": 200, "body": {"accepted": true, "real_timestamp_ms": 1789193931519, "virtual_time_s": 706, "measure_result": "no_signal"}}
2026-09-12 14:18:54,877 INFO request {"path": "/measure", "payload": {"arena_id": "default", "robot_id": "202601002029", "request_id": "fb709d08c5c041409ac4c6975e9afb0b", "position": {"x": 600.0000000000001, "y": 1039.2304845413264}, "channel": 6}, "attempt": 1}
2026-09-12 14:18:54,879 INFO response {"request_id": "fb709d08c5c041409ac4c6975e9afb0b", "http_status": 200, "body": {"accepted": true, "real_timestamp_ms": 1789193931521, "virtual_time_s": 712, "measure_result": "no_signal"}}
2026-09-12 14:18:54,879 INFO request {"path": "/measure", "payload": {"arena_id": "default", "robot_id": "202601002029", "request_id": "0df17b95b505436fbf212115190e3e53", "position": {"x": 600.0000000000001, "y": 1039.2304845413264}, "channel": 9}, "attempt": 1}
2026-09-12 14:18:54,895 INFO response {"request_id": "0df17b95b505436fbf212115190e3e53", "http_status": 200, "body": {"accepted": true, "real_timestamp_ms": 1789193931537, "virtual_time_s": 718, "measure_result": "no_signal"}}
2026-09-12 14:18:54,895 INFO request {"path": "/measure", "payload": {"arena_id": "default", "robot_id": "202601002029", "request_id": "fc296721c918480382af403c7e715ee7", "position": {"x": 600.0000000000001, "y": 1039.2304845413264}, "channel": 11}, "attempt": 1}
2026-09-12 14:18:54,896 INFO response {"request_id": "fc296721c918480382af403c7e715ee7", "http_status": 200, "body": {"accepted": true, "real_timestamp_ms": 1789193931539, "virtual_time_s": 724, "measure_result": "no_signal"}}
2026-09-12 14:18:54,896 INFO request {"path": "/measure", "payload": {"arena_id": "default", "robot_id": "202601002029", "request_id": "311822f9f9be49858514a87f299f1900", "position": {"x": 600.0000000000001, "y": 1039.2304845413264}, "channel": 12}, "attempt": 1}
2026-09-12 14:18:54,914 INFO response {"request_id": "311822f9f9be49858514a87f299f1900", "http_status": 200, "body": {"accepted": true, "real_timestamp_ms": 1789193931557, "virtual_time_s": 730, "measure_result": "direction", "svd_deg": 111.5}}
2026-09-12 14:18:54,916 INFO request {"path": "/measure", "payload": {"arena_id": "default", "robot_id": "202601002029", "request_id": "7a4e739d625a469689a3722e94c3591b", "position": {"x": 600.0000000000001, "y": 1039.2304845413264}, "channel": 13}, "attempt": 1}
2026-09-12 14:18:54,934 INFO response {"request_id": "7a4e739d625a469689a3722e94c3591b", "http_status": 200, "body": {"accepted": true, "real_timestamp_ms": 1789193931577, "virtual_time_s": 736, "measure_result": "direction", "svd_deg": 101.1}}
2026-09-12 14:18:54,936 INFO request {"path": "/measure", "payload": {"arena_id": "default", "robot_id": "202601002029", "request_id": "91be39602f8a41a7a44356c829b12f47", "position": {"x": 600.0000000000001, "y": 1039.2304845413264}, "channel": 16}, "attempt": 1}
2026-09-12 14:18:54,954 INFO response {"request_id": "91be39602f8a41a7a44356c829b12f47", "http_status": 200, "body": {"accepted": true, "real_timestamp_ms": 1789193931597, "virtual_time_s": 742, "measure_result": "direction", "svd_deg": 133.57}}
2026-09-12 14:18:54,956 INFO request {"path": "/measure", "payload": {"arena_id": "default", "robot_id": "202601002029", "request_id": "067dc88234b6479f8cb919340b0d5bae", "position": {"x": 600.0000000000001, "y": 1039.2304845413264}, "channel": 17}, "attempt": 1}
2026-09-12 14:18:54,957 INFO response {"request_id": "067dc88234b6479f8cb919340b0d5bae", "http_status": 200, "body": {"accepted": true, "real_timestamp_ms": 1789193931600, "virtual_time_s": 748, "measure_result": "no_signal"}}
2026-09-12 14:18:54,958 INFO request {"path": "/measure", "payload": {"arena_id": "default", "robot_id": "202601002029", "request_id": "ddc09e9fc87e424a8227add06a829837", "position": {"x": 600.0000000000001, "y": 1039.2304845413264}, "channel": 19}, "attempt": 1}
2026-09-12 14:18:54,958 INFO response {"request_id": "ddc09e9fc87e424a8227add06a829837", "http_status": 200, "body": {"accepted": true, "real_timestamp_ms": 1789193931601, "virtual_time_s": 754, "measure_result": "no_signal"}}
2026-09-12 14:18:54,959 INFO request {"path": "/measure", "payload": {"arena_id": "default", "robot_id": "202601002029", "request_id": "fb55230f9d844443a7c31f9348f4ee8a", "position": {"x": 600.0000000000001, "y": 1039.2304845413264}, "channel": 20}, "attempt": 1}
2026-09-12 14:18:54,973 INFO response {"request_id": "fb55230f9d844443a7c31f9348f4ee8a", "http_status": 200, "body": {"accepted": true, "real_timestamp_ms": 1789193931616, "virtual_time_s": 760, "measure_result": "no_signal"}}
2026-09-12 14:18:54,997 INFO request {"path": "/measure", "payload": {"arena_id": "default", "robot_id": "202601002029", "request_id": "954e58042a2a4982a94181367f5cf17b", "position": {"x": 600.0000000000001, "y": 1039.2304845413264}, "channel": 15}, "attempt": 1}
2026-09-12 14:18:54,998 INFO response {"request_id": "954e58042a2a4982a94181367f5cf17b", "http_status": 200, "body": {"accepted": true, "real_timestamp_ms": 1789193931641, "virtual_time_s": 766, "measure_result": "direction", "svd_deg": 210.1}}
2026-09-12 14:18:55,017 INFO request {"path": "/measure", "payload": {"arena_id": "default", "robot_id": "202601002029", "request_id": "326d92c29f4749d7bf1499af819cd988", "position": {"x": 600.0000000000001, "y": 1039.2304845413264}, "channel": 18}, "attempt": 1}
2026-09-12 14:18:55,033 INFO response {"request_id": "326d92c29f4749d7bf1499af819cd988", "http_status": 200, "body": {"accepted": true, "real_timestamp_ms": 1789193931676, "virtual_time_s": 772, "measure_result": "direction", "svd_deg": 359.81}}
2026-09-12 14:18:55,036 INFO request {"path": "/measure", "payload": {"arena_id": "default", "robot_id": "202601002029", "request_id": "3ad30845179442218a225b61d59c216e", "position": {"x": -599.9999999999998, "y": 1039.2304845413264}, "channel": 2}, "attempt": 1}
2026-09-12 14:18:55,052 INFO response {"request_id": "3ad30845179442218a225b61d59c216e", "http_status": 200, "body": {"accepted": true, "real_timestamp_ms": 1789193931695, "virtual_time_s": 1018, "measure_result": "direction", "svd_deg": 84.95}}
2026-09-12 14:18:55,054 INFO request {"path": "/measure", "payload": {"arena_id": "default", "robot_id": "202601002029", "request_id": "cf46737c7c1441789ea3227b0b6b229f", "position": {"x": -599.9999999999998, "y": 1039.2304845413264}, "channel": 4}, "attempt": 1}
2026-09-12 14:18:55,055 INFO response {"request_id": "cf46737c7c1441789ea3227b0b6b229f", "http_status": 200, "body": {"accepted": true, "real_timestamp_ms": 1789193931698, "virtual_time_s": 1024, "measure_result": "no_signal"}}
2026-09-12 14:18:55,055 INFO request {"path": "/measure", "payload": {"arena_id": "default", "robot_id": "202601002029", "request_id": "88faa8ddcadb4b7fb82cf16814c1cdb0", "position": {"x": -599.9999999999998, "y": 1039.2304845413264}, "channel": 5}, "attempt": 1}
2026-09-12 14:18:55,072 INFO response {"request_id": "88faa8ddcadb4b7fb82cf16814c1cdb0", "http_status": 200, "body": {"accepted": true, "real_timestamp_ms": 1789193931715, "virtual_time_s": 1030, "measure_result": "direction", "svd_deg": 223.03}}
2026-09-12 14:18:55,075 INFO request {"path": "/measure", "payload": {"arena_id": "default", "robot_id": "202601002029", "request_id": "378cc65dae704bad98caa3f1f2e3a26d", "position": {"x": -599.9999999999998, "y": 1039.2304845413264}, "channel": 6}, "attempt": 1}
2026-09-12 14:18:55,077 INFO response {"request_id": "378cc65dae704bad98caa3f1f2e3a26d", "http_status": 200, "body": {"accepted": true, "real_timestamp_ms": 1789193931720, "virtual_time_s": 1036, "measure_result": "no_signal"}}
2026-09-12 14:18:55,077 INFO request {"path": "/measure", "payload": {"arena_id": "default", "robot_id": "202601002029", "request_id": "d9dcc6118ca145ceb92c3b2e76ea18e2", "position": {"x": -599.9999999999998, "y": 1039.2304845413264}, "channel": 9}, "attempt": 1}
2026-09-12 14:18:55,092 INFO response {"request_id": "d9dcc6118ca145ceb92c3b2e76ea18e2", "http_status": 200, "body": {"accepted": true, "real_timestamp_ms": 1789193931735, "virtual_time_s": 1042, "measure_result": "no_signal"}}
2026-09-12 14:18:55,092 INFO request {"path": "/measure", "payload": {"arena_id": "default", "robot_id": "202601002029", "request_id": "b8b813f74f8743678e6cad39d46fe813", "position": {"x": -599.9999999999998, "y": 1039.2304845413264}, "channel": 11}, "attempt": 1}
2026-09-12 14:18:55,093 INFO response {"request_id": "b8b813f74f8743678e6cad39d46fe813", "http_status": 200, "body": {"accepted": true, "real_timestamp_ms": 1789193931736, "virtual_time_s": 1048, "measure_result": "no_signal"}}
2026-09-12 14:18:55,094 INFO request {"path": "/measure", "payload": {"arena_id": "default", "robot_id": "202601002029", "request_id": "6057dbcc52e846eda951221af01f7b2b", "position": {"x": -599.9999999999998, "y": 1039.2304845413264}, "channel": 17}, "attempt": 1}
2026-09-12 14:18:55,110 INFO response {"request_id": "6057dbcc52e846eda951221af01f7b2b", "http_status": 200, "body": {"accepted": true, "real_timestamp_ms": 1789193931752, "virtual_time_s": 1054, "measure_result": "no_signal"}}
2026-09-12 14:18:55,110 INFO request {"path": "/measure", "payload": {"arena_id": "default", "robot_id": "202601002029", "request_id": "60b49c55ab4549b19301cc31a1f80f8a", "position": {"x": -599.9999999999998, "y": 1039.2304845413264}, "channel": 19}, "attempt": 1}
2026-09-12 14:18:55,130 INFO response {"request_id": "60b49c55ab4549b19301cc31a1f80f8a", "http_status": 200, "body": {"accepted": true, "real_timestamp_ms": 1789193931773, "virtual_time_s": 1060, "measure_result": "no_signal"}}
2026-09-12 14:18:55,131 INFO request {"path": "/measure", "payload": {"arena_id": "default", "robot_id": "202601002029", "request_id": "5df3ea59ce164401afb8d7e5cfd34f10", "position": {"x": -599.9999999999998, "y": 1039.2304845413264}, "channel": 20}, "attempt": 1}
2026-09-12 14:18:55,132 INFO response {"request_id": "5df3ea59ce164401afb8d7e5cfd34f10", "http_status": 200, "body": {"accepted": true, "real_timestamp_ms": 1789193931775, "virtual_time_s": 1066, "measure_result": "no_signal"}}
2026-09-12 14:18:55,180 INFO request {"path": "/measure", "payload": {"arena_id": "default", "robot_id": "202601002029", "request_id": "19c733d721f7475d8c50a1c3aa20f2f4", "position": {"x": -599.9999999999998, "y": 1039.2304845413264}, "channel": 8}, "attempt": 1}
2026-09-12 14:18:55,182 INFO response {"request_id": "19c733d721f7475d8c50a1c3aa20f2f4", "http_status": 200, "body": {"accepted": true, "real_timestamp_ms": 1789193931825, "virtual_time_s": 1072, "measure_result": "direction", "svd_deg": 260.65}}
2026-09-12 14:18:55,213 INFO request {"path": "/measure", "payload": {"arena_id": "default", "robot_id": "202601002029", "request_id": "dc5098a358fa4b4380e4883e2656b7f0", "position": {"x": -599.9999999999998, "y": 1039.2304845413264}, "channel": 14}, "attempt": 1}
2026-09-12 14:18:55,228 INFO response {"request_id": "dc5098a358fa4b4380e4883e2656b7f0", "http_status": 200, "body": {"accepted": true, "real_timestamp_ms": 1789193931871, "virtual_time_s": 1078, "measure_result": "direction", "svd_deg": 35.04}}
2026-09-12 14:18:55,235 INFO request {"path": "/measure", "payload": {"arena_id": "default", "robot_id": "202601002029", "request_id": "ce86ff4920c144869b1100732744f1f8", "position": {"x": -1200.0, "y": 1.4695761589768238e-13}, "channel": 4}, "attempt": 1}
2026-09-12 14:18:55,249 INFO response {"request_id": "ce86ff4920c144869b1100732744f1f8", "http_status": 200, "body": {"accepted": true, "real_timestamp_ms": 1789193931891, "virtual_time_s": 1324, "measure_result": "no_signal"}}
2026-09-12 14:18:55,249 INFO request {"path": "/measure", "payload": {"arena_id": "default", "robot_id": "202601002029", "request_id": "c36ef4458b2a4e8f843674b3bfb90b14", "position": {"x": -1200.0, "y": 1.4695761589768238e-13}, "channel": 6}, "attempt": 1}
2026-09-12 14:18:55,251 INFO response {"request_id": "c36ef4458b2a4e8f843674b3bfb90b14", "http_status": 200, "body": {"accepted": true, "real_timestamp_ms": 1789193931893, "virtual_time_s": 1330, "measure_result": "no_signal"}}
2026-09-12 14:18:55,251 INFO request {"path": "/measure", "payload": {"arena_id": "default", "robot_id": "202601002029", "request_id": "3706f8e810c04dcda0aa0c5891194494", "position": {"x": -1200.0, "y": 1.4695761589768238e-13}, "channel": 9}, "attempt": 1}
2026-09-12 14:18:55,253 INFO response {"request_id": "3706f8e810c04dcda0aa0c5891194494", "http_status": 200, "body": {"accepted": true, "real_timestamp_ms": 1789193931896, "virtual_time_s": 1336, "measure_result": "no_signal"}}
2026-09-12 14:18:55,254 INFO request {"path": "/measure", "payload": {"arena_id": "default", "robot_id": "202601002029", "request_id": "1b0ff3137c0d42b7903111a28863dc14", "position": {"x": -1200.0, "y": 1.4695761589768238e-13}, "channel": 11}, "attempt": 1}
2026-09-12 14:18:55,255 INFO response {"request_id": "1b0ff3137c0d42b7903111a28863dc14", "http_status": 200, "body": {"accepted": true, "real_timestamp_ms": 1789193931898, "virtual_time_s": 1342, "measure_result": "no_signal"}}
2026-09-12 14:18:55,256 INFO request {"path": "/measure", "payload": {"arena_id": "default", "robot_id": "202601002029", "request_id": "e6c998ccd93e4b198156307888c9956a", "position": {"x": -1200.0, "y": 1.4695761589768238e-13}, "channel": 17}, "attempt": 1}
2026-09-12 14:18:55,258 INFO response {"request_id": "e6c998ccd93e4b198156307888c9956a", "http_status": 200, "body": {"accepted": true, "real_timestamp_ms": 1789193931900, "virtual_time_s": 1348, "measure_result": "no_signal"}}
2026-09-12 14:18:55,258 INFO request {"path": "/measure", "payload": {"arena_id": "default", "robot_id": "202601002029", "request_id": "9554b11a9a4f4ae5a0f3012198025258", "position": {"x": -1200.0, "y": 1.4695761589768238e-13}, "channel": 19}, "attempt": 1}
2026-09-12 14:18:55,260 INFO response {"request_id": "9554b11a9a4f4ae5a0f3012198025258", "http_status": 200, "body": {"accepted": true, "real_timestamp_ms": 1789193931902, "virtual_time_s": 1354, "measure_result": "no_signal"}}
2026-09-12 14:18:55,260 INFO request {"path": "/measure", "payload": {"arena_id": "default", "robot_id": "202601002029", "request_id": "12d7e7f388d04669816e0d102346abf6", "position": {"x": -1200.0, "y": 1.4695761589768238e-13}, "channel": 20}, "attempt": 1}
2026-09-12 14:18:55,262 INFO response {"request_id": "12d7e7f388d04669816e0d102346abf6", "http_status": 200, "body": {"accepted": true, "real_timestamp_ms": 1789193931904, "virtual_time_s": 1360, "measure_result": "no_signal"}}
2026-09-12 14:18:55,312 INFO request {"path": "/measure", "payload": {"arena_id": "default", "robot_id": "202601002029", "request_id": "e43bc1b348344303898f991ab61d0a81", "position": {"x": -1200.0, "y": 1.4695761589768238e-13}, "channel": 7}, "attempt": 1}
2026-09-12 14:18:55,314 INFO response {"request_id": "e43bc1b348344303898f991ab61d0a81", "http_status": 200, "body": {"accepted": true, "real_timestamp_ms": 1789193931957, "virtual_time_s": 1366, "measure_result": "direction", "svd_deg": 287.59}}
2026-09-12 14:18:55,341 INFO request {"path": "/measure", "payload": {"arena_id": "default", "robot_id": "202601002029", "request_id": "e303d5cc01724c14b8462558741adddb", "position": {"x": -1200.0, "y": 1.4695761589768238e-13}, "channel": 5}, "attempt": 1}
2026-09-12 14:18:55,342 INFO response {"request_id": "e303d5cc01724c14b8462558741adddb", "http_status": 200, "body": {"accepted": true, "real_timestamp_ms": 1789193931985, "virtual_time_s": 1372, "measure_result": "direction", "svd_deg": 100.68}}
2026-09-12 14:18:55,344 INFO request {"path": "/measure", "payload": {"arena_id": "default", "robot_id": "202601002029", "request_id": "1c3685f9f6fb408eb4839ef975405c0f", "position": {"x": -600.0000000000006, "y": -1039.2304845413262}, "channel": 4}, "attempt": 1}
2026-09-12 14:18:55,345 INFO response {"request_id": "1c3685f9f6fb408eb4839ef975405c0f", "http_status": 200, "body": {"accepted": true, "real_timestamp_ms": 1789193931989, "virtual_time_s": 1618, "measure_result": "no_signal"}}
2026-09-12 14:18:55,346 INFO request {"path": "/measure", "payload": {"arena_id": "default", "robot_id": "202601002029", "request_id": "e7f227f498184769870ce99508c5e025", "position": {"x": -600.0000000000006, "y": -1039.2304845413262}, "channel": 6}, "attempt": 1}
2026-09-12 14:18:55,346 INFO response {"request_id": "e7f227f498184769870ce99508c5e025", "http_status": 200, "body": {"accepted": true, "real_timestamp_ms": 1789193931990, "virtual_time_s": 1624, "measure_result": "no_signal"}}
2026-09-12 14:18:55,346 INFO request {"path": "/measure", "payload": {"arena_id": "default", "robot_id": "202601002029", "request_id": "406739d0c83e43d8825156a212f4b03e", "position": {"x": -600.0000000000006, "y": -1039.2304845413262}, "channel": 9}, "attempt": 1}
2026-09-12 14:18:55,347 INFO response {"request_id": "406739d0c83e43d8825156a212f4b03e", "http_status": 200, "body": {"accepted": true, "real_timestamp_ms": 1789193931990, "virtual_time_s": 1630, "measure_result": "no_signal"}}
2026-09-12 14:18:55,347 INFO request {"path": "/measure", "payload": {"arena_id": "default", "robot_id": "202601002029", "request_id": "d77e1cebf4914d6988c151a30679515d", "position": {"x": -600.0000000000006, "y": -1039.2304845413262}, "channel": 11}, "attempt": 1}
2026-09-12 14:18:55,348 INFO response {"request_id": "d77e1cebf4914d6988c151a30679515d", "http_status": 200, "body": {"accepted": true, "real_timestamp_ms": 1789193931991, "virtual_time_s": 1636, "measure_result": "no_signal"}}
2026-09-12 14:18:55,348 INFO request {"path": "/measure", "payload": {"arena_id": "default", "robot_id": "202601002029", "request_id": "b5ff2ff311624be78aca37a0e59fee3a", "position": {"x": -600.0000000000006, "y": -1039.2304845413262}, "channel": 17}, "attempt": 1}
2026-09-12 14:18:55,348 INFO response {"request_id": "b5ff2ff311624be78aca37a0e59fee3a", "http_status": 200, "body": {"accepted": true, "real_timestamp_ms": 1789193931992, "virtual_time_s": 1642, "measure_result": "direction", "svd_deg": 334.59}}
2026-09-12 14:18:55,350 INFO request {"path": "/measure", "payload": {"arena_id": "default", "robot_id": "202601002029", "request_id": "206705a2d4874c6887c69e3c1b20ae08", "position": {"x": -600.0000000000006, "y": -1039.2304845413262}, "channel": 19}, "attempt": 1}
2026-09-12 14:18:55,351 INFO response {"request_id": "206705a2d4874c6887c69e3c1b20ae08", "http_status": 200, "body": {"accepted": true, "real_timestamp_ms": 1789193931994, "virtual_time_s": 1648, "measure_result": "no_signal"}}
2026-09-12 14:18:55,351 INFO request {"path": "/measure", "payload": {"arena_id": "default", "robot_id": "202601002029", "request_id": "9b6a483a858f47149997c7c4852a89bd", "position": {"x": -600.0000000000006, "y": -1039.2304845413262}, "channel": 20}, "attempt": 1}
2026-09-12 14:18:55,352 INFO response {"request_id": "9b6a483a858f47149997c7c4852a89bd", "http_status": 200, "body": {"accepted": true, "real_timestamp_ms": 1789193931995, "virtual_time_s": 1654, "measure_result": "direction", "svd_deg": 245.21}}
2026-09-12 14:18:55,370 INFO request {"path": "/measure", "payload": {"arena_id": "default", "robot_id": "202601002029", "request_id": "aba2a5486d204ef198fae9e7545a44ed", "position": {"x": -600.0000000000006, "y": -1039.2304845413262}, "channel": 3}, "attempt": 1}
2026-09-12 14:18:55,371 INFO response {"request_id": "aba2a5486d204ef198fae9e7545a44ed", "http_status": 200, "body": {"accepted": true, "real_timestamp_ms": 1789193932014, "virtual_time_s": 1660, "measure_result": "direction", "svd_deg": 108.15}}
2026-09-12 14:18:55,383 INFO request {"path": "/measure", "payload": {"arena_id": "default", "robot_id": "202601002029", "request_id": "78d45b2297af4eeab5b647854b5fc3ca", "position": {"x": -600.0000000000006, "y": -1039.2304845413262}, "channel": 7}, "attempt": 1}
2026-09-12 14:18:55,385 INFO response {"request_id": "78d45b2297af4eeab5b647854b5fc3ca", "http_status": 200, "body": {"accepted": true, "real_timestamp_ms": 1789193932028, "virtual_time_s": 1666, "measure_result": "direction", "svd_deg": 129.48}}
2026-09-12 14:18:55,389 INFO request {"path": "/measure", "payload": {"arena_id": "default", "robot_id": "202601002029", "request_id": "fe2c0575233d4e0f9cc6f13889d945bf", "position": {"x": 600.0000000000001, "y": -1039.2304845413264}, "channel": 4}, "attempt": 1}
2026-09-12 14:18:55,405 INFO response {"request_id": "fe2c0575233d4e0f9cc6f13889d945bf", "http_status": 200, "body": {"accepted": true, "real_timestamp_ms": 1789193932047, "virtual_time_s": 1912, "measure_result": "no_signal"}}
2026-09-12 14:18:55,405 INFO request {"path": "/measure", "payload": {"arena_id": "default", "robot_id": "202601002029", "request_id": "489dc85dc3074ae5bf48560125f4b64e", "position": {"x": 600.0000000000001, "y": -1039.2304845413264}, "channel": 6}, "attempt": 1}
2026-09-12 14:18:55,424 INFO response {"request_id": "489dc85dc3074ae5bf48560125f4b64e", "http_status": 200, "body": {"accepted": true, "real_timestamp_ms": 1789193932067, "virtual_time_s": 1918, "measure_result": "no_signal"}}
2026-09-12 14:18:55,424 INFO request {"path": "/measure", "payload": {"arena_id": "default", "robot_id": "202601002029", "request_id": "ed1a80df67ed4bde8f122289408c8e1c", "position": {"x": 600.0000000000001, "y": -1039.2304845413264}, "channel": 9}, "attempt": 1}
2026-09-12 14:18:55,444 INFO response {"request_id": "ed1a80df67ed4bde8f122289408c8e1c", "http_status": 200, "body": {"accepted": true, "real_timestamp_ms": 1789193932087, "virtual_time_s": 1924, "measure_result": "no_signal"}}
2026-09-12 14:18:55,444 INFO request {"path": "/measure", "payload": {"arena_id": "default", "robot_id": "202601002029", "request_id": "b61c9c71a34a4687acc370d898652e30", "position": {"x": 600.0000000000001, "y": -1039.2304845413264}, "channel": 11}, "attempt": 1}
2026-09-12 14:18:55,464 INFO response {"request_id": "b61c9c71a34a4687acc370d898652e30", "http_status": 200, "body": {"accepted": true, "real_timestamp_ms": 1789193932107, "virtual_time_s": 1930, "measure_result": "direction", "svd_deg": 353.56}}
2026-09-12 14:18:55,491 INFO request {"path": "/measure", "payload": {"arena_id": "default", "robot_id": "202601002029", "request_id": "4082a08e5b714636a1b0f27883138914", "position": {"x": 600.0000000000001, "y": -1039.2304845413264}, "channel": 17}, "attempt": 1}
2026-09-12 14:18:55,503 INFO response {"request_id": "4082a08e5b714636a1b0f27883138914", "http_status": 200, "body": {"accepted": true, "real_timestamp_ms": 1789193932146, "virtual_time_s": 1936, "measure_result": "direction", "svd_deg": 182.87}}
2026-09-12 14:18:55,524 INFO request {"path": "/measure", "payload": {"arena_id": "default", "robot_id": "202601002029", "request_id": "0c7d4abc675346b28fa2f7ad838440ba", "position": {"x": 600.0000000000001, "y": -1039.2304845413264}, "channel": 10}, "attempt": 1}
2026-09-12 14:18:55,525 INFO response {"request_id": "0c7d4abc675346b28fa2f7ad838440ba", "http_status": 200, "body": {"accepted": true, "real_timestamp_ms": 1789193932168, "virtual_time_s": 1942, "measure_result": "direction", "svd_deg": 27.95}}
2026-09-12 14:19:03,923 INFO request {"path": "/measure", "payload": {"arena_id": "default", "robot_id": "202601002029", "request_id": "ed3520d5b54d49919da5f726a37c19f1", "position": {"x": 788.6771559781876, "y": -520.8674885175036}, "channel": 10}, "attempt": 1}
2026-09-12 14:19:03,942 INFO response {"request_id": "ed3520d5b54d49919da5f726a37c19f1", "http_status": 200, "body": {"accepted": true, "real_timestamp_ms": 1789193940585, "virtual_time_s": 2057.326654, "measure_result": "direction", "svd_deg": 320.45}}
2026-09-12 14:19:03,950 INFO request {"path": "/clear", "payload": {"arena_id": "default", "robot_id": "202601002029", "request_id": "5f615e403bbe4ed6979261ba4d278813", "position": {"x": 1096.3533902298095, "y": -776.0634902084657}, "channel": 10}, "attempt": 1}
2026-09-12 14:19:03,963 INFO response {"request_id": "5f615e403bbe4ed6979261ba4d278813", "http_status": 200, "body": {"accepted": true, "real_timestamp_ms": 1789193940605, "virtual_time_s": 2142.274053, "clear_result": "success"}}
2026-09-12 14:19:03,965 INFO request {"path": "/measure", "payload": {"arena_id": "default", "robot_id": "202601002029", "request_id": "e6eb0c3d2f1a4000846607407edee57e", "position": {"x": 1296.0625331734695, "y": -533.8997580040847}, "channel": 11}, "attempt": 1}
2026-09-12 14:19:03,982 INFO response {"request_id": "e6eb0c3d2f1a4000846607407edee57e", "http_status": 200, "body": {"accepted": true, "real_timestamp_ms": 1789193940625, "virtual_time_s": 2211.052079, "measure_result": "direction", "svd_deg": 274.86}}
2026-09-12 14:19:03,989 INFO request {"path": "/clear", "payload": {"arena_id": "default", "robot_id": "202601002029", "request_id": "f559cc96639344c1b73c7498df36dbe3", "position": {"x": 1346.4836960163545, "y": -1123.7209115145793}, "channel": 11}, "attempt": 1}
2026-09-12 14:19:04,001 INFO response {"request_id": "f559cc96639344c1b73c7498df36dbe3", "http_status": 200, "body": {"accepted": true, "real_timestamp_ms": 1789193940645, "virtual_time_s": 2334.446553, "clear_result": "success"}}
2026-09-12 14:19:04,006 INFO request {"path": "/measure", "payload": {"arena_id": "default", "robot_id": "202601002029", "request_id": "0161bf6421cc4d19a1ca73aaf3bad8ce", "position": {"x": 1000.9379457210555, "y": 638.0294081870607}, "channel": 18}, "attempt": 1}
2026-09-12 14:19:04,022 INFO response {"request_id": "0161bf6421cc4d19a1ca73aaf3bad8ce", "http_status": 200, "body": {"accepted": true, "real_timestamp_ms": 1789193940665, "virtual_time_s": 2699.510116, "measure_result": "direction", "svd_deg": 88.28}}
2026-09-12 14:19:04,032 INFO request {"path": "/clear", "payload": {"arena_id": "default", "robot_id": "202601002029", "request_id": "8ea9bd609caa46c980aeffd726a6f9e0", "position": {"x": 1012.542073961044, "y": 1037.7487354297891}, "channel": 18}, "attempt": 1}
2026-09-12 14:19:04,052 INFO response {"request_id": "8ea9bd609caa46c980aeffd726a6f9e0", "http_status": 200, "body": {"accepted": true, "real_timestamp_ms": 1789193940695, "virtual_time_s": 2784.487662, "clear_result": "success"}}
2026-09-12 14:19:04,054 INFO request {"path": "/measure", "payload": {"arena_id": "default", "robot_id": "202601002029", "request_id": "f803b08df57146b684c8f93d741589e4", "position": {"x": 579.2214802693372, "y": 79.81073222157283}, "channel": 1}, "attempt": 1}
2026-09-12 14:19:04,055 INFO response {"request_id": "f803b08df57146b684c8f93d741589e4", "http_status": 200, "body": {"accepted": true, "real_timestamp_ms": 1789193940697, "virtual_time_s": 3000.764808, "measure_result": "direction", "svd_deg": 241.77}}
2026-09-12 14:19:04,060 INFO request {"path": "/clear", "payload": {"arena_id": "default", "robot_id": "202601002029", "request_id": "d941ca5e06af4725ad8ba34a01448ad8", "position": {"x": 388.4527482396421, "y": -273.851025148046}, "channel": 1}, "attempt": 1}
2026-09-12 14:19:04,072 INFO response {"request_id": "d941ca5e06af4725ad8ba34a01448ad8", "http_status": 200, "body": {"accepted": true, "real_timestamp_ms": 1789193940714, "virtual_time_s": 3086.131305, "clear_result": "success"}}
2026-09-12 14:19:04,074 INFO request {"path": "/measure", "payload": {"arena_id": "default", "robot_id": "202601002029", "request_id": "393b060c830e46a29b3544a83aa7f476", "position": {"x": 86.59832569569744, "y": 702.8345377406876}, "channel": 15}, "attempt": 1}
2026-09-12 14:19:04,092 INFO response {"request_id": "393b060c830e46a29b3544a83aa7f476", "http_status": 200, "body": {"accepted": true, "real_timestamp_ms": 1789193940735, "virtual_time_s": 3296.584799, "measure_result": "direction", "svd_deg": 203.61}}
2026-09-12 14:19:04,098 INFO request {"path": "/measure", "payload": {"arena_id": "default", "robot_id": "202601002029", "request_id": "e8b309d796894a88a60f5e2989c0686b", "position": {"x": 120.80781425029038, "y": 1055.3517835039734}, "channel": 14}, "attempt": 1}
2026-09-12 14:19:04,111 INFO response {"request_id": "e8b309d796894a88a60f5e2989c0686b", "http_status": 200, "body": {"accepted": true, "real_timestamp_ms": 1789193940754, "virtual_time_s": 3373.419451, "measure_result": "direction", "svd_deg": 127.4}}
2026-09-12 14:19:04,117 INFO request {"path": "/measure", "payload": {"arena_id": "default", "robot_id": "202601002029", "request_id": "a3208eb5b44144358dfe41da68ee0239", "position": {"x": 20.529099951528735, "y": 1413.6865189154732}, "channel": 12}, "attempt": 1}
2026-09-12 14:19:04,118 INFO response {"request_id": "a3208eb5b44144358dfe41da68ee0239", "http_status": 200, "body": {"accepted": true, "real_timestamp_ms": 1789193940761, "virtual_time_s": 3453.839772, "measure_result": "direction", "svd_deg": 354.59}}
2026-09-12 14:19:04,121 INFO request {"path": "/clear", "payload": {"arena_id": "default", "robot_id": "202601002029", "request_id": "501249a2956646429a9fa6d7e77cc266", "position": {"x": -122.81557260099065, "y": 1373.69709464368}, "channel": 14}, "attempt": 1}
2026-09-12 14:19:04,122 INFO response {"request_id": "501249a2956646429a9fa6d7e77cc266", "http_status": 200, "body": {"accepted": true, "real_timestamp_ms": 1789193940766, "virtual_time_s": 3488.603407, "clear_result": "success"}}
2026-09-12 14:19:04,124 INFO request {"path": "/measure", "payload": {"arena_id": "default", "robot_id": "202601002029", "request_id": "cd70c001ce6041f481aeb5201a2d9e0c", "position": {"x": -214.349898461139, "y": 1309.4852855015145}, "channel": 16}, "attempt": 1}
2026-09-12 14:19:04,141 INFO response {"request_id": "cd70c001ce6041f481aeb5201a2d9e0c", "http_status": 200, "body": {"accepted": true, "real_timestamp_ms": 1789193940784, "virtual_time_s": 3516.965598, "measure_result": "direction", "svd_deg": 66.78}}
2026-09-12 14:19:04,677 INFO request {"path": "/measure", "payload": {"arena_id": "default", "robot_id": "202601002029", "request_id": "cc588c5cd13247628e0fae76981670a3", "position": {"x": -156.13682767030917, "y": 1539.874954254511}, "channel": 2}, "attempt": 1}
2026-09-12 14:19:04,693 INFO response {"request_id": "cc588c5cd13247628e0fae76981670a3", "http_status": 200, "body": {"accepted": true, "real_timestamp_ms": 1789193941336, "virtual_time_s": 3570.491659, "measure_result": "direction", "svd_deg": 226.0}}
2026-09-12 14:19:04,701 INFO request {"path": "/measure", "payload": {"arena_id": "default", "robot_id": "202601002029", "request_id": "b12328258d51400fbc75c45432f6c7dc", "position": {"x": 93.072139257571, "y": 1573.0846343366356}, "channel": 13}, "attempt": 1}
2026-09-12 14:19:04,703 INFO response {"request_id": "b12328258d51400fbc75c45432f6c7dc", "http_status": 200, "body": {"accepted": true, "real_timestamp_ms": 1789193941346, "virtual_time_s": 3626.774058, "measure_result": "direction", "svd_deg": 2.41}}
2026-09-12 14:19:04,711 INFO request {"path": "/measure", "payload": {"arena_id": "default", "robot_id": "202601002029", "request_id": "24173833c12940ff8c7daf9f204c9706", "position": {"x": 333.79086293578746, "y": 1571.6304159648723}, "channel": 16}, "attempt": 1}
2026-09-12 14:19:04,713 INFO response {"request_id": "24173833c12940ff8c7daf9f204c9706", "http_status": 200, "body": {"accepted": true, "real_timestamp_ms": 1789193941355, "virtual_time_s": 3680.918681, "measure_result": "direction", "svd_deg": 159.24}}
2026-09-12 14:19:04,721 INFO request {"path": "/clear", "payload": {"arena_id": "default", "robot_id": "202601002029", "request_id": "8cf86ef6c156485fa2c3038d1186cb09", "position": {"x": 491.8547721174285, "y": 1589.6766455855695}, "channel": 13}, "attempt": 1}
2026-09-12 14:19:04,722 INFO response {"request_id": "8cf86ef6c156485fa2c3038d1186cb09", "http_status": 200, "body": {"accepted": true, "real_timestamp_ms": 1789193941365, "virtual_time_s": 3717.73683, "clear_result": "success"}}
2026-09-12 14:19:04,722 INFO request {"path": "/clear", "payload": {"arena_id": "default", "robot_id": "202601002029", "request_id": "3fc09a80334a4f8f927ff75c2a5ba0c5", "position": {"x": 469.08209864512617, "y": 1371.014385551712}, "channel": 12}, "attempt": 1}
2026-09-12 14:19:04,723 INFO response {"request_id": "3fc09a80334a4f8f927ff75c2a5ba0c5", "http_status": 200, "body": {"accepted": true, "real_timestamp_ms": 1789193941367, "virtual_time_s": 3766.705809, "clear_result": "success"}}
2026-09-12 14:19:04,724 INFO request {"path": "/clear", "payload": {"arena_id": "default", "robot_id": "202601002029", "request_id": "f5e52ee195df4ae6a7caf23d26cf6cdf", "position": {"x": -40.880091014565366, "y": 1713.5063204435787}, "channel": 16}, "attempt": 1}
2026-09-12 14:19:04,742 INFO response {"request_id": "f5e52ee195df4ae6a7caf23d26cf6cdf", "http_status": 200, "body": {"accepted": true, "real_timestamp_ms": 1789193941384, "virtual_time_s": 3894.56543, "clear_result": "success"}}
2026-09-12 14:19:04,743 INFO request {"path": "/clear", "payload": {"arena_id": "default", "robot_id": "202601002029", "request_id": "0c3f828eb24546b38cb1dd227b6cbb25", "position": {"x": -595.6895225875022, "y": 1084.32972516165}, "channel": 2}, "attempt": 1}
2026-09-12 14:19:04,761 INFO response {"request_id": "0c3f828eb24546b38cb1dd227b6cbb25", "http_status": 200, "body": {"accepted": true, "real_timestamp_ms": 1789193941404, "virtual_time_s": 4067.336309, "clear_result": "success"}}
2026-09-12 14:19:04,762 INFO request {"path": "/measure", "payload": {"arena_id": "default", "robot_id": "202601002029", "request_id": "1b461f7a7b844c04a7efb6efe699d950", "position": {"x": -279.5692703744801, "y": 549.738959580322}, "channel": 8}, "attempt": 1}
2026-09-12 14:19:04,782 INFO response {"request_id": "1b461f7a7b844c04a7efb6efe699d950", "http_status": 200, "body": {"accepted": true, "real_timestamp_ms": 1789193941424, "virtual_time_s": 4197.548917, "measure_result": "direction", "svd_deg": 179.62}}
2026-09-12 14:19:04,790 INFO request {"path": "/clear", "payload": {"arena_id": "default", "robot_id": "202601002029", "request_id": "07688a7a476d48abb922d18c8f790305", "position": {"x": -281.10310804698963, "y": 541.5540906351778}, "channel": 15}, "attempt": 1}
2026-09-12 14:19:04,811 INFO response {"request_id": "07688a7a476d48abb922d18c8f790305", "http_status": 200, "body": {"accepted": true, "real_timestamp_ms": 1789193941454, "virtual_time_s": 4204.214387, "clear_result": "success"}}
2026-09-12 14:19:04,812 INFO request {"path": "/clear", "payload": {"arena_id": "default", "robot_id": "202601002029", "request_id": "a0f75c066cdf405381e7c4a879bd3186", "position": {"x": -680.3359243579238, "y": 552.2254578818824}, "channel": 8}, "attempt": 1}
2026-09-12 14:19:04,813 INFO response {"request_id": "a0f75c066cdf405381e7c4a879bd3186", "http_status": 200, "body": {"accepted": true, "real_timestamp_ms": 1789193941456, "virtual_time_s": 4289.089469, "clear_result": "success"}}
2026-09-12 14:19:04,814 INFO request {"path": "/measure", "payload": {"arena_id": "default", "robot_id": "202601002029", "request_id": "e6a752ec34664dcab93db1ad5571c28a", "position": {"x": -878.5911469820942, "y": 452.65377827087497}, "channel": 5}, "attempt": 1}
2026-09-12 14:19:04,814 INFO response {"request_id": "e6a752ec34664dcab93db1ad5571c28a", "http_status": 200, "body": {"accepted": true, "real_timestamp_ms": 1789193941458, "virtual_time_s": 4339.460474, "measure_result": "direction", "svd_deg": 187.12}}
2026-09-12 14:19:04,819 INFO request {"path": "/clear", "payload": {"arena_id": "default", "robot_id": "202601002029", "request_id": "583063d873cb453c9847ad1b457d5dba", "position": {"x": -1276.1582964956078, "y": 403.1271010456685}, "channel": 5}, "attempt": 1}
2026-09-12 14:19:04,831 INFO response {"request_id": "583063d873cb453c9847ad1b457d5dba", "http_status": 200, "body": {"accepted": true, "real_timestamp_ms": 1789193941475, "virtual_time_s": 4424.588504, "clear_result": "success"}}
2026-09-12 14:19:04,832 INFO request {"path": "/measure", "payload": {"arena_id": "default", "robot_id": "202601002029", "request_id": "eb947f0a696a4ff18d71068bdf72d0bc", "position": {"x": -614.5122774638822, "y": 156.31667636439903}, "channel": 3}, "attempt": 1}
2026-09-12 14:19:04,852 INFO response {"request_id": "eb947f0a696a4ff18d71068bdf72d0bc", "http_status": 200, "body": {"accepted": true, "real_timestamp_ms": 1789193941495, "virtual_time_s": 4571.824596, "measure_result": "direction", "svd_deg": 225.19}}
2026-09-12 14:19:05,419 INFO request {"path": "/measure", "payload": {"arena_id": "default", "robot_id": "202601002029", "request_id": "dcc6ac081b664103b51fac03680f2699", "position": {"x": -761.8517950769024, "y": -206.71647209214274}, "channel": 7}, "attempt": 1}
2026-09-12 14:19:05,430 INFO response {"request_id": "dcc6ac081b664103b51fac03680f2699", "http_status": 200, "body": {"accepted": true, "real_timestamp_ms": 1789193942073, "virtual_time_s": 4656.183259, "measure_result": "direction", "svd_deg": 226.83}}
2026-09-12 14:19:05,435 INFO request {"path": "/measure", "payload": {"arena_id": "default", "robot_id": "202601002029", "request_id": "cbbf1994af9549d5ad11246b6a94977e", "position": {"x": -571.2809601717236, "y": -359.39691719744314}, "channel": 3}, "attempt": 1}
2026-09-12 14:19:05,450 INFO response {"request_id": "cbbf1994af9549d5ad11246b6a94977e", "http_status": 200, "body": {"accepted": true, "real_timestamp_ms": 1789193942093, "virtual_time_s": 4711.021179, "measure_result": "direction", "svd_deg": 146.44}}
2026-09-12 14:19:05,455 INFO request {"path": "/clear", "payload": {"arena_id": "default", "robot_id": "202601002029", "request_id": "40d9ee7074f54424b18ae02482c545c0", "position": {"x": -904.6296467916264, "y": -135.6701062449932}, "channel": 3}, "attempt": 1}
2026-09-12 14:19:05,470 INFO response {"request_id": "40d9ee7074f54424b18ae02482c545c0", "http_status": 200, "body": {"accepted": true, "real_timestamp_ms": 1789193942113, "virtual_time_s": 4796.3144, "clear_result": "success"}}
2026-09-12 14:19:05,470 INFO request {"path": "/clear", "payload": {"arena_id": "default", "robot_id": "202601002029", "request_id": "0eb594e48aa24c9a9a11d6679885ab6a", "position": {"x": -1042.4146475523044, "y": -499.8820741721464}, "channel": 7}, "attempt": 1}
2026-09-12 14:19:05,472 INFO response {"request_id": "0eb594e48aa24c9a9a11d6679885ab6a", "http_status": 200, "body": {"accepted": true, "real_timestamp_ms": 1789193942115, "virtual_time_s": 4879.195094, "clear_result": "success"}}
2026-09-12 14:19:05,472 INFO request {"path": "/measure", "payload": {"arena_id": "default", "robot_id": "202601002029", "request_id": "10c1b7cd7c6d46f485b143a45c64a5b9", "position": {"x": -316.83873458216516, "y": -730.5805986264146}, "channel": 17}, "attempt": 1}
2026-09-12 14:19:05,474 INFO response {"request_id": "10c1b7cd7c6d46f485b143a45c64a5b9", "http_status": 200, "body": {"accepted": true, "real_timestamp_ms": 1789193942116, "virtual_time_s": 5037.468823, "measure_result": "direction", "svd_deg": 244.38}}
2026-09-12 14:19:05,482 INFO request {"path": "/clear", "payload": {"arena_id": "default", "robot_id": "202601002029", "request_id": "0062fd790baa42d986213e9dffb3a45a", "position": {"x": -489.9419920255058, "y": -1091.6202211093419}, "channel": 17}, "attempt": 1}
2026-09-12 14:19:05,484 INFO response {"request_id": "0062fd790baa42d986213e9dffb3a45a", "http_status": 200, "body": {"accepted": true, "real_timestamp_ms": 1789193942126, "virtual_time_s": 5122.547371, "clear_result": "success"}}
2026-09-12 14:19:05,484 INFO request {"path": "/measure", "payload": {"arena_id": "default", "robot_id": "202601002029", "request_id": "bca51967c9374618ba1058ce9034864a", "position": {"x": -440.5716148876223, "y": -1589.6900251267605}, "channel": 20}, "attempt": 1}
2026-09-12 14:19:05,486 INFO response {"request_id": "bca51967c9374618ba1058ce9034864a", "http_status": 200, "body": {"accepted": true, "real_timestamp_ms": 1789193942128, "virtual_time_s": 5228.649512, "measure_result": "direction", "svd_deg": 150.12}}
2026-09-12 14:19:05,493 INFO request {"path": "/clear", "payload": {"arena_id": "default", "robot_id": "202601002029", "request_id": "39dbe0aaca1e4eff8357653787339766", "position": {"x": -767.3161465049461, "y": -1401.8026562490572}, "channel": 20}, "attempt": 1}
2026-09-12 14:19:05,495 INFO response {"request_id": "39dbe0aaca1e4eff8357653787339766", "http_status": 200, "body": {"accepted": true, "real_timestamp_ms": 1789193942138, "virtual_time_s": 5309.032176, "clear_result": "success"}}
2026-09-12 14:19:05,495 INFO request {"path": "/exit", "payload": {"arena_id": "default", "robot_id": "202601002029", "request_id": "c384e04d409f41dfa3f9bcc2ef8f3867"}, "attempt": 1}
2026-09-12 14:19:05,497 INFO response {"request_id": "c384e04d409f41dfa3f9bcc2ef8f3867", "http_status": 200, "body": {"accepted": true, "real_timestamp_ms": 1789193942140, "virtual_time_s": 5309.032176, "exit_reason": "user_exit"}}
