2026-09-12 14:05:20,245 INFO request {"path": "/enter", "payload": {"arena_id": "default", "robot_id": "202601002029", "request_id": "de4af240ebab4652a8a54b099ffc2122"}, "attempt": 1}
2026-09-12 14:05:20,248 INFO response {"request_id": "de4af240ebab4652a8a54b099ffc2122", "http_status": 200, "body": {"accepted": true, "real_timestamp_ms": 1789193116888, "virtual_time_s": 0, "max_virtual_duration_s": 360000, "max_real_duration_s": 1200, "remaining_real_duration_s": 1200}}
2026-09-12 14:05:20,249 INFO request {"path": "/measure", "payload": {"arena_id": "default", "robot_id": "202601002029", "request_id": "7190950c0fc24c06be0111578ad211c1", "position": {"x": 0.0, "y": 0.0}, "channel": 1}, "attempt": 1}
2026-09-12 14:05:20,249 INFO response {"request_id": "7190950c0fc24c06be0111578ad211c1", "http_status": 200, "body": {"accepted": true, "real_timestamp_ms": 1789193116889, "virtual_time_s": 5, "measure_result": "direction", "svd_deg": 214.99}}
2026-09-12 14:05:20,253 INFO request {"path": "/measure", "payload": {"arena_id": "default", "robot_id": "202601002029", "request_id": "6f4a26d80544444fa5f3875a2c480688", "position": {"x": 0.0, "y": 0.0}, "channel": 2}, "attempt": 1}
2026-09-12 14:05:20,254 INFO response {"request_id": "6f4a26d80544444fa5f3875a2c480688", "http_status": 200, "body": {"accepted": true, "real_timestamp_ms": 1789193116895, "virtual_time_s": 11, "measure_result": "no_signal"}}
2026-09-12 14:05:20,255 INFO request {"path": "/measure", "payload": {"arena_id": "default", "robot_id": "202601002029", "request_id": "84d26aa79571499b98d3f4d403e0b06b", "position": {"x": 0.0, "y": 0.0}, "channel": 3}, "attempt": 1}
2026-09-12 14:05:20,255 INFO response {"request_id": "84d26aa79571499b98d3f4d403e0b06b", "http_status": 200, "body": {"accepted": true, "real_timestamp_ms": 1789193116895, "virtual_time_s": 17, "measure_result": "direction", "svd_deg": 215.27}}
2026-09-12 14:05:20,258 INFO request {"path": "/measure", "payload": {"arena_id": "default", "robot_id": "202601002029", "request_id": "f70b128e1b7c4efdbea8cf4d5fdbe901", "position": {"x": 0.0, "y": 0.0}, "channel": 4}, "attempt": 1}
2026-09-12 14:05:20,260 INFO response {"request_id": "f70b128e1b7c4efdbea8cf4d5fdbe901", "http_status": 200, "body": {"accepted": true, "real_timestamp_ms": 1789193116900, "virtual_time_s": 23, "measure_result": "no_signal"}}
2026-09-12 14:05:20,261 INFO request {"path": "/measure", "payload": {"arena_id": "default", "robot_id": "202601002029", "request_id": "ab4680ab5264467b9e35d3abe9a092a2", "position": {"x": 0.0, "y": 0.0}, "channel": 5}, "attempt": 1}
2026-09-12 14:05:20,262 INFO response {"request_id": "ab4680ab5264467b9e35d3abe9a092a2", "http_status": 200, "body": {"accepted": true, "real_timestamp_ms": 1789193116902, "virtual_time_s": 29, "measure_result": "direction", "svd_deg": 271.8}}
2026-09-12 14:05:20,264 INFO request {"path": "/measure", "payload": {"arena_id": "default", "robot_id": "202601002029", "request_id": "8853df2573a94cf4b1e1eef929d91cff", "position": {"x": 0.0, "y": 0.0}, "channel": 6}, "attempt": 1}
2026-09-12 14:05:20,265 INFO response {"request_id": "8853df2573a94cf4b1e1eef929d91cff", "http_status": 200, "body": {"accepted": true, "real_timestamp_ms": 1789193116904, "virtual_time_s": 35, "measure_result": "direction", "svd_deg": 131.0}}
2026-09-12 14:05:20,266 INFO request {"path": "/measure", "payload": {"arena_id": "default", "robot_id": "202601002029", "request_id": "78703314e7114b2cb6dcaef90f349fc5", "position": {"x": 0.0, "y": 0.0}, "channel": 7}, "attempt": 1}
2026-09-12 14:05:20,267 INFO response {"request_id": "78703314e7114b2cb6dcaef90f349fc5", "http_status": 200, "body": {"accepted": true, "real_timestamp_ms": 1789193116907, "virtual_time_s": 41, "measure_result": "direction", "svd_deg": 154.51}}
2026-09-12 14:05:20,269 INFO request {"path": "/measure", "payload": {"arena_id": "default", "robot_id": "202601002029", "request_id": "9ba0b09459df4ec29ec77b49bce92516", "position": {"x": 0.0, "y": 0.0}, "channel": 8}, "attempt": 1}
2026-09-12 14:05:20,269 INFO response {"request_id": "9ba0b09459df4ec29ec77b49bce92516", "http_status": 200, "body": {"accepted": true, "real_timestamp_ms": 1789193116910, "virtual_time_s": 47, "measure_result": "no_signal"}}
2026-09-12 14:05:20,270 INFO request {"path": "/measure", "payload": {"arena_id": "default", "robot_id": "202601002029", "request_id": "416d8db819cd483e8569d417573f02ab", "position": {"x": 0.0, "y": 0.0}, "channel": 9}, "attempt": 1}
2026-09-12 14:05:20,286 INFO response {"request_id": "416d8db819cd483e8569d417573f02ab", "http_status": 200, "body": {"accepted": true, "real_timestamp_ms": 1789193116926, "virtual_time_s": 53, "measure_result": "direction", "svd_deg": 169.85}}
2026-09-12 14:05:20,287 INFO request {"path": "/measure", "payload": {"arena_id": "default", "robot_id": "202601002029", "request_id": "91f95deca89a43b58da17f8ebc9d18ea", "position": {"x": 0.0, "y": 0.0}, "channel": 10}, "attempt": 1}
2026-09-12 14:05:20,307 INFO response {"request_id": "91f95deca89a43b58da17f8ebc9d18ea", "http_status": 200, "body": {"accepted": true, "real_timestamp_ms": 1789193116947, "virtual_time_s": 59, "measure_result": "no_signal"}}
2026-09-12 14:05:20,307 INFO request {"path": "/measure", "payload": {"arena_id": "default", "robot_id": "202601002029", "request_id": "8c95b7b727f74c998a1be0f9e398707e", "position": {"x": 0.0, "y": 0.0}, "channel": 11}, "attempt": 1}
2026-09-12 14:05:20,326 INFO response {"request_id": "8c95b7b727f74c998a1be0f9e398707e", "http_status": 200, "body": {"accepted": true, "real_timestamp_ms": 1789193116966, "virtual_time_s": 65, "measure_result": "no_signal"}}
2026-09-12 14:05:20,327 INFO request {"path": "/measure", "payload": {"arena_id": "default", "robot_id": "202601002029", "request_id": "1bf77187164b450ea12ee1c48fca845f", "position": {"x": 0.0, "y": 0.0}, "channel": 12}, "attempt": 1}
2026-09-12 14:05:20,347 INFO response {"request_id": "1bf77187164b450ea12ee1c48fca845f", "http_status": 200, "body": {"accepted": true, "real_timestamp_ms": 1789193116986, "virtual_time_s": 71, "measure_result": "no_signal"}}
2026-09-12 14:05:20,347 INFO request {"path": "/measure", "payload": {"arena_id": "default", "robot_id": "202601002029", "request_id": "55090c9ce56e4f3588c0d926fb2e7f3c", "position": {"x": 0.0, "y": 0.0}, "channel": 13}, "attempt": 1}
2026-09-12 14:05:20,367 INFO response {"request_id": "55090c9ce56e4f3588c0d926fb2e7f3c", "http_status": 200, "body": {"accepted": true, "real_timestamp_ms": 1789193117007, "virtual_time_s": 77, "measure_result": "no_signal"}}
2026-09-12 14:05:20,367 INFO request {"path": "/measure", "payload": {"arena_id": "default", "robot_id": "202601002029", "request_id": "1be878027b534273be2007b23e4e7461", "position": {"x": 0.0, "y": 0.0}, "channel": 14}, "attempt": 1}
2026-09-12 14:05:20,386 INFO response {"request_id": "1be878027b534273be2007b23e4e7461", "http_status": 200, "body": {"accepted": true, "real_timestamp_ms": 1789193117026, "virtual_time_s": 83, "measure_result": "direction", "svd_deg": 283.31}}
2026-09-12 14:05:20,389 INFO request {"path": "/measure", "payload": {"arena_id": "default", "robot_id": "202601002029", "request_id": "6ad175be4a554f969b90ac73b923fae3", "position": {"x": 0.0, "y": 0.0}, "channel": 15}, "attempt": 1}
2026-09-12 14:05:20,390 INFO response {"request_id": "6ad175be4a554f969b90ac73b923fae3", "http_status": 200, "body": {"accepted": true, "real_timestamp_ms": 1789193117030, "virtual_time_s": 89, "measure_result": "direction", "svd_deg": 55.18}}
2026-09-12 14:05:20,393 INFO request {"path": "/measure", "payload": {"arena_id": "default", "robot_id": "202601002029", "request_id": "debb092dbce641d4af7e013d1cefac11", "position": {"x": 0.0, "y": 0.0}, "channel": 16}, "attempt": 1}
2026-09-12 14:05:20,405 INFO response {"request_id": "debb092dbce641d4af7e013d1cefac11", "http_status": 200, "body": {"accepted": true, "real_timestamp_ms": 1789193117045, "virtual_time_s": 95, "measure_result": "no_signal"}}
2026-09-12 14:05:20,405 INFO request {"path": "/measure", "payload": {"arena_id": "default", "robot_id": "202601002029", "request_id": "4bce4bfca1be4833872be035078cc0f9", "position": {"x": 0.0, "y": 0.0}, "channel": 17}, "attempt": 1}
2026-09-12 14:05:20,406 INFO response {"request_id": "4bce4bfca1be4833872be035078cc0f9", "http_status": 200, "body": {"accepted": true, "real_timestamp_ms": 1789193117047, "virtual_time_s": 101, "measure_result": "no_signal"}}
2026-09-12 14:05:20,406 INFO request {"path": "/measure", "payload": {"arena_id": "default", "robot_id": "202601002029", "request_id": "3b3b12af26e648da9f7d0cd11c4f0667", "position": {"x": 0.0, "y": 0.0}, "channel": 18}, "attempt": 1}
2026-09-12 14:05:20,425 INFO response {"request_id": "3b3b12af26e648da9f7d0cd11c4f0667", "http_status": 200, "body": {"accepted": true, "real_timestamp_ms": 1789193117065, "virtual_time_s": 107, "measure_result": "no_signal"}}
2026-09-12 14:05:20,425 INFO request {"path": "/measure", "payload": {"arena_id": "default", "robot_id": "202601002029", "request_id": "05f734e7d0134b5c96dff6e41157d6c1", "position": {"x": 0.0, "y": 0.0}, "channel": 19}, "attempt": 1}
2026-09-12 14:05:20,427 INFO response {"request_id": "05f734e7d0134b5c96dff6e41157d6c1", "http_status": 200, "body": {"accepted": true, "real_timestamp_ms": 1789193117067, "virtual_time_s": 113, "measure_result": "direction", "svd_deg": 43.15}}
2026-09-12 14:05:20,429 INFO request {"path": "/measure", "payload": {"arena_id": "default", "robot_id": "202601002029", "request_id": "3c5333704a714f1f80d3e079ee999551", "position": {"x": 0.0, "y": 0.0}, "channel": 20}, "attempt": 1}
2026-09-12 14:05:20,432 INFO response {"request_id": "3c5333704a714f1f80d3e079ee999551", "http_status": 200, "body": {"accepted": true, "real_timestamp_ms": 1789193117072, "virtual_time_s": 119, "measure_result": "direction", "svd_deg": 317.24}}
2026-09-12 14:05:20,435 INFO request {"path": "/measure", "payload": {"arena_id": "default", "robot_id": "202601002029", "request_id": "6c6c552c2b0c4e44a69c2a1e2f38fc3e", "position": {"x": 1200.0, "y": 0.0}, "channel": 2}, "attempt": 1}
2026-09-12 14:05:20,455 INFO response {"request_id": "6c6c552c2b0c4e44a69c2a1e2f38fc3e", "http_status": 200, "body": {"accepted": true, "real_timestamp_ms": 1789193117095, "virtual_time_s": 365, "measure_result": "no_signal"}}
2026-09-12 14:05:20,455 INFO request {"path": "/measure", "payload": {"arena_id": "default", "robot_id": "202601002029", "request_id": "b1b4cf2c6304477bbd7c85fbe08d7dbb", "position": {"x": 1200.0, "y": 0.0}, "channel": 4}, "attempt": 1}
2026-09-12 14:05:20,475 INFO response {"request_id": "b1b4cf2c6304477bbd7c85fbe08d7dbb", "http_status": 200, "body": {"accepted": true, "real_timestamp_ms": 1789193117115, "virtual_time_s": 371, "measure_result": "direction", "svd_deg": 14.88}}
2026-09-12 14:05:20,479 INFO request {"path": "/measure", "payload": {"arena_id": "default", "robot_id": "202601002029", "request_id": "1db899594da9425586d4023bdafbc814", "position": {"x": 1200.0, "y": 0.0}, "channel": 8}, "attempt": 1}
2026-09-12 14:05:20,495 INFO response {"request_id": "1db899594da9425586d4023bdafbc814", "http_status": 200, "body": {"accepted": true, "real_timestamp_ms": 1789193117135, "virtual_time_s": 377, "measure_result": "no_signal"}}
2026-09-12 14:05:20,495 INFO request {"path": "/measure", "payload": {"arena_id": "default", "robot_id": "202601002029", "request_id": "9fea2e2d374a4a6a8ce67a7620a10f79", "position": {"x": 1200.0, "y": 0.0}, "channel": 10}, "attempt": 1}
2026-09-12 14:05:20,515 INFO response {"request_id": "9fea2e2d374a4a6a8ce67a7620a10f79", "http_status": 200, "body": {"accepted": true, "real_timestamp_ms": 1789193117155, "virtual_time_s": 383, "measure_result": "no_signal"}}
2026-09-12 14:05:20,515 INFO request {"path": "/measure", "payload": {"arena_id": "default", "robot_id": "202601002029", "request_id": "35905bf74f0042f9959634e09e64bfb0", "position": {"x": 1200.0, "y": 0.0}, "channel": 11}, "attempt": 1}
2026-09-12 14:05:20,517 INFO response {"request_id": "35905bf74f0042f9959634e09e64bfb0", "http_status": 200, "body": {"accepted": true, "real_timestamp_ms": 1789193117157, "virtual_time_s": 389, "measure_result": "no_signal"}}
2026-09-12 14:05:20,517 INFO request {"path": "/measure", "payload": {"arena_id": "default", "robot_id": "202601002029", "request_id": "ef33aaed63ba42d8bffe5a42e353f486", "position": {"x": 1200.0, "y": 0.0}, "channel": 12}, "attempt": 1}
2026-09-12 14:05:20,519 INFO response {"request_id": "ef33aaed63ba42d8bffe5a42e353f486", "http_status": 200, "body": {"accepted": true, "real_timestamp_ms": 1789193117159, "virtual_time_s": 395, "measure_result": "no_signal"}}
2026-09-12 14:05:20,519 INFO request {"path": "/measure", "payload": {"arena_id": "default", "robot_id": "202601002029", "request_id": "0208bd85d8134b31a47c905345918016", "position": {"x": 1200.0, "y": 0.0}, "channel": 13}, "attempt": 1}
2026-09-12 14:05:20,521 INFO response {"request_id": "0208bd85d8134b31a47c905345918016", "http_status": 200, "body": {"accepted": true, "real_timestamp_ms": 1789193117161, "virtual_time_s": 401, "measure_result": "no_signal"}}
2026-09-12 14:05:20,521 INFO request {"path": "/measure", "payload": {"arena_id": "default", "robot_id": "202601002029", "request_id": "e41b39190f2542a78826da9f31e8b30f", "position": {"x": 1200.0, "y": 0.0}, "channel": 16}, "attempt": 1}
2026-09-12 14:05:20,523 INFO response {"request_id": "e41b39190f2542a78826da9f31e8b30f", "http_status": 200, "body": {"accepted": true, "real_timestamp_ms": 1789193117163, "virtual_time_s": 407, "measure_result": "no_signal"}}
2026-09-12 14:05:20,523 INFO request {"path": "/measure", "payload": {"arena_id": "default", "robot_id": "202601002029", "request_id": "db7a1fa6adfb4978b9c6a3534f2fafd7", "position": {"x": 1200.0, "y": 0.0}, "channel": 17}, "attempt": 1}
2026-09-12 14:05:20,525 INFO response {"request_id": "db7a1fa6adfb4978b9c6a3534f2fafd7", "http_status": 200, "body": {"accepted": true, "real_timestamp_ms": 1789193117165, "virtual_time_s": 413, "measure_result": "no_signal"}}
2026-09-12 14:05:20,525 INFO request {"path": "/measure", "payload": {"arena_id": "default", "robot_id": "202601002029", "request_id": "24beb22152fe4c38a084e571a4780e94", "position": {"x": 1200.0, "y": 0.0}, "channel": 18}, "attempt": 1}
2026-09-12 14:05:20,527 INFO response {"request_id": "24beb22152fe4c38a084e571a4780e94", "http_status": 200, "body": {"accepted": true, "real_timestamp_ms": 1789193117167, "virtual_time_s": 419, "measure_result": "no_signal"}}
2026-09-12 14:05:20,562 INFO request {"path": "/measure", "payload": {"arena_id": "default", "robot_id": "202601002029", "request_id": "5ca6e87ae53947d6a93108b4cf01d48d", "position": {"x": 1200.0, "y": 0.0}, "channel": 19}, "attempt": 1}
2026-09-12 14:05:20,563 INFO response {"request_id": "5ca6e87ae53947d6a93108b4cf01d48d", "http_status": 200, "body": {"accepted": true, "real_timestamp_ms": 1789193117204, "virtual_time_s": 425, "measure_result": "direction", "svd_deg": 153.35}}
2026-09-12 14:05:20,586 INFO request {"path": "/measure", "payload": {"arena_id": "default", "robot_id": "202601002029", "request_id": "34a456754ede48348daa9c1f96302a24", "position": {"x": 1200.0, "y": 0.0}, "channel": 20}, "attempt": 1}
2026-09-12 14:05:20,587 INFO response {"request_id": "34a456754ede48348daa9c1f96302a24", "http_status": 200, "body": {"accepted": true, "real_timestamp_ms": 1789193117227, "virtual_time_s": 431, "measure_result": "direction", "svd_deg": 246.02}}
2026-09-12 14:05:20,589 INFO request {"path": "/measure", "payload": {"arena_id": "default", "robot_id": "202601002029", "request_id": "43dcaa6efafc4572bd9c007f43b4411d", "position": {"x": 600.0000000000001, "y": 1039.2304845413264}, "channel": 2}, "attempt": 1}
2026-09-12 14:05:20,603 INFO response {"request_id": "43dcaa6efafc4572bd9c007f43b4411d", "http_status": 200, "body": {"accepted": true, "real_timestamp_ms": 1789193117243, "virtual_time_s": 677, "measure_result": "no_signal"}}
2026-09-12 14:05:20,603 INFO request {"path": "/measure", "payload": {"arena_id": "default", "robot_id": "202601002029", "request_id": "08b190e5222044cba844fc9a6c0ec370", "position": {"x": 600.0000000000001, "y": 1039.2304845413264}, "channel": 8}, "attempt": 1}
2026-09-12 14:05:20,604 INFO response {"request_id": "08b190e5222044cba844fc9a6c0ec370", "http_status": 200, "body": {"accepted": true, "real_timestamp_ms": 1789193117245, "virtual_time_s": 683, "measure_result": "direction", "svd_deg": 40.03}}
2026-09-12 14:05:20,607 INFO request {"path": "/measure", "payload": {"arena_id": "default", "robot_id": "202601002029", "request_id": "e8debf18379e4712bd331bd3e58c748a", "position": {"x": 600.0000000000001, "y": 1039.2304845413264}, "channel": 10}, "attempt": 1}
2026-09-12 14:05:20,608 INFO response {"request_id": "e8debf18379e4712bd331bd3e58c748a", "http_status": 200, "body": {"accepted": true, "real_timestamp_ms": 1789193117248, "virtual_time_s": 689, "measure_result": "no_signal"}}
2026-09-12 14:05:20,608 INFO request {"path": "/measure", "payload": {"arena_id": "default", "robot_id": "202601002029", "request_id": "92add6d60a3c4a668ea2941f6621a49c", "position": {"x": 600.0000000000001, "y": 1039.2304845413264}, "channel": 11}, "attempt": 1}
2026-09-12 14:05:20,623 INFO response {"request_id": "92add6d60a3c4a668ea2941f6621a49c", "http_status": 200, "body": {"accepted": true, "real_timestamp_ms": 1789193117263, "virtual_time_s": 695, "measure_result": "no_signal"}}
2026-09-12 14:05:20,623 INFO request {"path": "/measure", "payload": {"arena_id": "default", "robot_id": "202601002029", "request_id": "81668d6e731341808d450897df203e73", "position": {"x": 600.0000000000001, "y": 1039.2304845413264}, "channel": 12}, "attempt": 1}
2026-09-12 14:05:20,643 INFO response {"request_id": "81668d6e731341808d450897df203e73", "http_status": 200, "body": {"accepted": true, "real_timestamp_ms": 1789193117283, "virtual_time_s": 701, "measure_result": "no_signal"}}
2026-09-12 14:05:20,643 INFO request {"path": "/measure", "payload": {"arena_id": "default", "robot_id": "202601002029", "request_id": "2fa5422e551a481d96285da9e1bb9a45", "position": {"x": 600.0000000000001, "y": 1039.2304845413264}, "channel": 13}, "attempt": 1}
2026-09-12 14:05:20,662 INFO response {"request_id": "2fa5422e551a481d96285da9e1bb9a45", "http_status": 200, "body": {"accepted": true, "real_timestamp_ms": 1789193117302, "virtual_time_s": 707, "measure_result": "no_signal"}}
2026-09-12 14:05:20,662 INFO request {"path": "/measure", "payload": {"arena_id": "default", "robot_id": "202601002029", "request_id": "609e185640a24a0a84bee468a22359e9", "position": {"x": 600.0000000000001, "y": 1039.2304845413264}, "channel": 16}, "attempt": 1}
2026-09-12 14:05:20,663 INFO response {"request_id": "609e185640a24a0a84bee468a22359e9", "http_status": 200, "body": {"accepted": true, "real_timestamp_ms": 1789193117303, "virtual_time_s": 713, "measure_result": "direction", "svd_deg": 97.51}}
2026-09-12 14:05:20,665 INFO request {"path": "/measure", "payload": {"arena_id": "default", "robot_id": "202601002029", "request_id": "98716658ee2142b5b7b8bbce7678adba", "position": {"x": 600.0000000000001, "y": 1039.2304845413264}, "channel": 17}, "attempt": 1}
2026-09-12 14:05:20,682 INFO response {"request_id": "98716658ee2142b5b7b8bbce7678adba", "http_status": 200, "body": {"accepted": true, "real_timestamp_ms": 1789193117322, "virtual_time_s": 719, "measure_result": "no_signal"}}
2026-09-12 14:05:20,682 INFO request {"path": "/measure", "payload": {"arena_id": "default", "robot_id": "202601002029", "request_id": "6ba2a4d77ae848c8a80d0e6b6aafcd21", "position": {"x": 600.0000000000001, "y": 1039.2304845413264}, "channel": 18}, "attempt": 1}
2026-09-12 14:05:20,702 INFO response {"request_id": "6ba2a4d77ae848c8a80d0e6b6aafcd21", "http_status": 200, "body": {"accepted": true, "real_timestamp_ms": 1789193117342, "virtual_time_s": 725, "measure_result": "no_signal"}}
2026-09-12 14:05:20,722 INFO request {"path": "/measure", "payload": {"arena_id": "default", "robot_id": "202601002029", "request_id": "d663966b93a042799a2988a90b79a242", "position": {"x": 600.0000000000001, "y": 1039.2304845413264}, "channel": 15}, "attempt": 1}
2026-09-12 14:05:20,741 INFO response {"request_id": "d663966b93a042799a2988a90b79a242", "http_status": 200, "body": {"accepted": true, "real_timestamp_ms": 1789193117381, "virtual_time_s": 731, "measure_result": "direction", "svd_deg": 351.61}}
2026-09-12 14:05:20,756 INFO request {"path": "/measure", "payload": {"arena_id": "default", "robot_id": "202601002029", "request_id": "8eed13ceac014f19810fef0c898fc941", "position": {"x": 600.0000000000001, "y": 1039.2304845413264}, "channel": 19}, "attempt": 1}
2026-09-12 14:05:20,770 INFO response {"request_id": "8eed13ceac014f19810fef0c898fc941", "http_status": 200, "body": {"accepted": true, "real_timestamp_ms": 1789193117411, "virtual_time_s": 737, "measure_result": "direction", "svd_deg": 255.09}}
2026-09-12 14:05:20,774 INFO request {"path": "/measure", "payload": {"arena_id": "default", "robot_id": "202601002029", "request_id": "bdb21e3511ae4f8db8574f8e1cdaddfb", "position": {"x": -599.9999999999998, "y": 1039.2304845413264}, "channel": 2}, "attempt": 1}
2026-09-12 14:05:20,775 INFO response {"request_id": "bdb21e3511ae4f8db8574f8e1cdaddfb", "http_status": 200, "body": {"accepted": true, "real_timestamp_ms": 1789193117416, "virtual_time_s": 983, "measure_result": "no_signal"}}
2026-09-12 14:05:20,775 INFO request {"path": "/measure", "payload": {"arena_id": "default", "robot_id": "202601002029", "request_id": "a1587e254e03427babcc4c3b4a4d51f9", "position": {"x": -599.9999999999998, "y": 1039.2304845413264}, "channel": 10}, "attempt": 1}
2026-09-12 14:05:20,776 INFO response {"request_id": "a1587e254e03427babcc4c3b4a4d51f9", "http_status": 200, "body": {"accepted": true, "real_timestamp_ms": 1789193117416, "virtual_time_s": 989, "measure_result": "no_signal"}}
2026-09-12 14:05:20,776 INFO request {"path": "/measure", "payload": {"arena_id": "default", "robot_id": "202601002029", "request_id": "4229530e55c742d9ab4cfd0701a9e623", "position": {"x": -599.9999999999998, "y": 1039.2304845413264}, "channel": 11}, "attempt": 1}
2026-09-12 14:05:20,777 INFO response {"request_id": "4229530e55c742d9ab4cfd0701a9e623", "http_status": 200, "body": {"accepted": true, "real_timestamp_ms": 1789193117417, "virtual_time_s": 995, "measure_result": "no_signal"}}
2026-09-12 14:05:20,777 INFO request {"path": "/measure", "payload": {"arena_id": "default", "robot_id": "202601002029", "request_id": "04766acb4af440d88bfc42e61bd6dd2d", "position": {"x": -599.9999999999998, "y": 1039.2304845413264}, "channel": 12}, "attempt": 1}
2026-09-12 14:05:20,778 INFO response {"request_id": "04766acb4af440d88bfc42e61bd6dd2d", "http_status": 200, "body": {"accepted": true, "real_timestamp_ms": 1789193117418, "virtual_time_s": 1001, "measure_result": "no_signal"}}
2026-09-12 14:05:20,778 INFO request {"path": "/measure", "payload": {"arena_id": "default", "robot_id": "202601002029", "request_id": "123cdf34575548e2b8b33260cf487633", "position": {"x": -599.9999999999998, "y": 1039.2304845413264}, "channel": 13}, "attempt": 1}
2026-09-12 14:05:20,779 INFO response {"request_id": "123cdf34575548e2b8b33260cf487633", "http_status": 200, "body": {"accepted": true, "real_timestamp_ms": 1789193117419, "virtual_time_s": 1007, "measure_result": "direction", "svd_deg": 115.17}}
2026-09-12 14:05:20,780 INFO request {"path": "/measure", "payload": {"arena_id": "default", "robot_id": "202601002029", "request_id": "8c33be5dc7744e46866702fa50dac361", "position": {"x": -599.9999999999998, "y": 1039.2304845413264}, "channel": 17}, "attempt": 1}
2026-09-12 14:05:20,799 INFO response {"request_id": "8c33be5dc7744e46866702fa50dac361", "http_status": 200, "body": {"accepted": true, "real_timestamp_ms": 1789193117439, "virtual_time_s": 1013, "measure_result": "direction", "svd_deg": 99.58}}
2026-09-12 14:05:20,801 INFO request {"path": "/measure", "payload": {"arena_id": "default", "robot_id": "202601002029", "request_id": "c119df35144f41caa8206332fb540cfd", "position": {"x": -599.9999999999998, "y": 1039.2304845413264}, "channel": 18}, "attempt": 1}
2026-09-12 14:05:20,820 INFO response {"request_id": "c119df35144f41caa8206332fb540cfd", "http_status": 200, "body": {"accepted": true, "real_timestamp_ms": 1789193117459, "virtual_time_s": 1019, "measure_result": "no_signal"}}
2026-09-12 14:05:20,867 INFO request {"path": "/measure", "payload": {"arena_id": "default", "robot_id": "202601002029", "request_id": "6124ee6714c94374a97c9f1342ccc205", "position": {"x": -599.9999999999998, "y": 1039.2304845413264}, "channel": 6}, "attempt": 1}
2026-09-12 14:05:20,878 INFO response {"request_id": "6124ee6714c94374a97c9f1342ccc205", "http_status": 200, "body": {"accepted": true, "real_timestamp_ms": 1789193117518, "virtual_time_s": 1025, "measure_result": "direction", "svd_deg": 229.89}}
2026-09-12 14:05:20,917 INFO request {"path": "/measure", "payload": {"arena_id": "default", "robot_id": "202601002029", "request_id": "129e86086dc64f1f8bdc911837e47b75", "position": {"x": -599.9999999999998, "y": 1039.2304845413264}, "channel": 7}, "attempt": 1}
2026-09-12 14:05:20,937 INFO response {"request_id": "129e86086dc64f1f8bdc911837e47b75", "http_status": 200, "body": {"accepted": true, "real_timestamp_ms": 1789193117577, "virtual_time_s": 1031, "measure_result": "direction", "svd_deg": 259.52}}
2026-09-12 14:05:20,942 INFO request {"path": "/measure", "payload": {"arena_id": "default", "robot_id": "202601002029", "request_id": "d0244cf14c1f4dc7ba428cfa55ad10d8", "position": {"x": -1200.0, "y": 1.4695761589768238e-13}, "channel": 2}, "attempt": 1}
2026-09-12 14:05:20,957 INFO response {"request_id": "d0244cf14c1f4dc7ba428cfa55ad10d8", "http_status": 200, "body": {"accepted": true, "real_timestamp_ms": 1789193117597, "virtual_time_s": 1277, "measure_result": "no_signal"}}
2026-09-12 14:05:20,957 INFO request {"path": "/measure", "payload": {"arena_id": "default", "robot_id": "202601002029", "request_id": "35b80a12e055494aa1d8d45534590d83", "position": {"x": -1200.0, "y": 1.4695761589768238e-13}, "channel": 10}, "attempt": 1}
2026-09-12 14:05:20,977 INFO response {"request_id": "35b80a12e055494aa1d8d45534590d83", "http_status": 200, "body": {"accepted": true, "real_timestamp_ms": 1789193117617, "virtual_time_s": 1283, "measure_result": "no_signal"}}
2026-09-12 14:05:20,977 INFO request {"path": "/measure", "payload": {"arena_id": "default", "robot_id": "202601002029", "request_id": "3a24fa9882b34671bc10a44c4ad13179", "position": {"x": -1200.0, "y": 1.4695761589768238e-13}, "channel": 11}, "attempt": 1}
2026-09-12 14:05:20,979 INFO response {"request_id": "3a24fa9882b34671bc10a44c4ad13179", "http_status": 200, "body": {"accepted": true, "real_timestamp_ms": 1789193117619, "virtual_time_s": 1289, "measure_result": "no_signal"}}
2026-09-12 14:05:20,979 INFO request {"path": "/measure", "payload": {"arena_id": "default", "robot_id": "202601002029", "request_id": "ee5c7b8c3df64c4abcf5bb2a4cfd7a1b", "position": {"x": -1200.0, "y": 1.4695761589768238e-13}, "channel": 12}, "attempt": 1}
2026-09-12 14:05:20,981 INFO response {"request_id": "ee5c7b8c3df64c4abcf5bb2a4cfd7a1b", "http_status": 200, "body": {"accepted": true, "real_timestamp_ms": 1789193117621, "virtual_time_s": 1295, "measure_result": "no_signal"}}
2026-09-12 14:05:20,981 INFO request {"path": "/measure", "payload": {"arena_id": "default", "robot_id": "202601002029", "request_id": "3d8c0a31b3604bde82c09ab80aed5bd3", "position": {"x": -1200.0, "y": 1.4695761589768238e-13}, "channel": 18}, "attempt": 1}
2026-09-12 14:05:20,983 INFO response {"request_id": "3d8c0a31b3604bde82c09ab80aed5bd3", "http_status": 200, "body": {"accepted": true, "real_timestamp_ms": 1789193117623, "virtual_time_s": 1301, "measure_result": "no_signal"}}
2026-09-12 14:05:21,051 INFO request {"path": "/measure", "payload": {"arena_id": "default", "robot_id": "202601002029", "request_id": "062610723eb44de094c1d7d462961f11", "position": {"x": -1200.0, "y": 1.4695761589768238e-13}, "channel": 3}, "attempt": 1}
2026-09-12 14:05:21,052 INFO response {"request_id": "062610723eb44de094c1d7d462961f11", "http_status": 200, "body": {"accepted": true, "real_timestamp_ms": 1789193117692, "virtual_time_s": 1307, "measure_result": "direction", "svd_deg": 357.88}}
2026-09-12 14:05:21,082 INFO request {"path": "/measure", "payload": {"arena_id": "default", "robot_id": "202601002029", "request_id": "dddf51356815488c9961ddf8adecf6ee", "position": {"x": -1200.0, "y": 1.4695761589768238e-13}, "channel": 1}, "attempt": 1}
2026-09-12 14:05:21,093 INFO response {"request_id": "dddf51356815488c9961ddf8adecf6ee", "http_status": 200, "body": {"accepted": true, "real_timestamp_ms": 1789193117734, "virtual_time_s": 1313, "measure_result": "direction", "svd_deg": 334.06}}
2026-09-12 14:05:21,098 INFO request {"path": "/measure", "payload": {"arena_id": "default", "robot_id": "202601002029", "request_id": "728e36e2e8e54adc8a65dac19bfd6bd3", "position": {"x": -600.0000000000006, "y": -1039.2304845413262}, "channel": 2}, "attempt": 1}
2026-09-12 14:05:21,113 INFO response {"request_id": "728e36e2e8e54adc8a65dac19bfd6bd3", "http_status": 200, "body": {"accepted": true, "real_timestamp_ms": 1789193117753, "virtual_time_s": 1559, "measure_result": "no_signal"}}
2026-09-12 14:05:21,114 INFO request {"path": "/measure", "payload": {"arena_id": "default", "robot_id": "202601002029", "request_id": "f54b3a8bcb7f455aa8b74591ad1a9e47", "position": {"x": -600.0000000000006, "y": -1039.2304845413262}, "channel": 10}, "attempt": 1}
2026-09-12 14:05:21,132 INFO response {"request_id": "f54b3a8bcb7f455aa8b74591ad1a9e47", "http_status": 200, "body": {"accepted": true, "real_timestamp_ms": 1789193117772, "virtual_time_s": 1565, "measure_result": "no_signal"}}
2026-09-12 14:05:21,132 INFO request {"path": "/measure", "payload": {"arena_id": "default", "robot_id": "202601002029", "request_id": "2a1dbad592514c5b97a090b2a28f049a", "position": {"x": -600.0000000000006, "y": -1039.2304845413262}, "channel": 11}, "attempt": 1}
2026-09-12 14:05:21,152 INFO response {"request_id": "2a1dbad592514c5b97a090b2a28f049a", "http_status": 200, "body": {"accepted": true, "real_timestamp_ms": 1789193117792, "virtual_time_s": 1571, "measure_result": "no_signal"}}
2026-09-12 14:05:21,152 INFO request {"path": "/measure", "payload": {"arena_id": "default", "robot_id": "202601002029", "request_id": "5c46354810fa48aa98082e869303a9f1", "position": {"x": -600.0000000000006, "y": -1039.2304845413262}, "channel": 12}, "attempt": 1}
2026-09-12 14:05:21,172 INFO response {"request_id": "5c46354810fa48aa98082e869303a9f1", "http_status": 200, "body": {"accepted": true, "real_timestamp_ms": 1789193117812, "virtual_time_s": 1577, "measure_result": "no_signal"}}
2026-09-12 14:05:21,172 INFO request {"path": "/measure", "payload": {"arena_id": "default", "robot_id": "202601002029", "request_id": "c8f6d54dae534e7db0fa4ecc0a673bd9", "position": {"x": -600.0000000000006, "y": -1039.2304845413262}, "channel": 18}, "attempt": 1}
2026-09-12 14:05:21,173 INFO response {"request_id": "c8f6d54dae534e7db0fa4ecc0a673bd9", "http_status": 200, "body": {"accepted": true, "real_timestamp_ms": 1789193117814, "virtual_time_s": 1583, "measure_result": "no_signal"}}
2026-09-12 14:05:21,205 INFO request {"path": "/measure", "payload": {"arena_id": "default", "robot_id": "202601002029", "request_id": "db1a46d03f4044268cf3565da3415ce5", "position": {"x": -600.0000000000006, "y": -1039.2304845413262}, "channel": 14}, "attempt": 1}
2026-09-12 14:05:21,221 INFO response {"request_id": "db1a46d03f4044268cf3565da3415ce5", "http_status": 200, "body": {"accepted": true, "real_timestamp_ms": 1789193117861, "virtual_time_s": 1589, "measure_result": "direction", "svd_deg": 353.39}}
2026-09-12 14:05:21,252 INFO request {"path": "/measure", "payload": {"arena_id": "default", "robot_id": "202601002029", "request_id": "563e3d697bc048a78c64719d4b689370", "position": {"x": -600.0000000000006, "y": -1039.2304845413262}, "channel": 5}, "attempt": 1}
2026-09-12 14:05:21,270 INFO response {"request_id": "563e3d697bc048a78c64719d4b689370", "http_status": 200, "body": {"accepted": true, "real_timestamp_ms": 1789193117910, "virtual_time_s": 1595, "measure_result": "direction", "svd_deg": 350.55}}
2026-09-12 14:05:21,273 INFO request {"path": "/measure", "payload": {"arena_id": "default", "robot_id": "202601002029", "request_id": "6439b253ceca47ef860d0eb362676fa1", "position": {"x": 600.0000000000001, "y": -1039.2304845413264}, "channel": 2}, "attempt": 1}
2026-09-12 14:05:21,290 INFO response {"request_id": "6439b253ceca47ef860d0eb362676fa1", "http_status": 200, "body": {"accepted": true, "real_timestamp_ms": 1789193117930, "virtual_time_s": 1841, "measure_result": "no_signal"}}
2026-09-12 14:05:21,290 INFO request {"path": "/measure", "payload": {"arena_id": "default", "robot_id": "202601002029", "request_id": "0614785b578e48ff8d79f3b35ab42d0f", "position": {"x": 600.0000000000001, "y": -1039.2304845413264}, "channel": 10}, "attempt": 1}
2026-09-12 14:05:21,310 INFO response {"request_id": "0614785b578e48ff8d79f3b35ab42d0f", "http_status": 200, "body": {"accepted": true, "real_timestamp_ms": 1789193117950, "virtual_time_s": 1847, "measure_result": "no_signal"}}
2026-09-12 14:05:21,310 INFO request {"path": "/measure", "payload": {"arena_id": "default", "robot_id": "202601002029", "request_id": "72603e1ba54044a29b65862ae3954949", "position": {"x": 600.0000000000001, "y": -1039.2304845413264}, "channel": 11}, "attempt": 1}
2026-09-12 14:05:21,330 INFO response {"request_id": "72603e1ba54044a29b65862ae3954949", "http_status": 200, "body": {"accepted": true, "real_timestamp_ms": 1789193117970, "virtual_time_s": 1853, "measure_result": "no_signal"}}
2026-09-12 14:05:21,330 INFO request {"path": "/measure", "payload": {"arena_id": "default", "robot_id": "202601002029", "request_id": "ec0870423564477f836f5e152353b157", "position": {"x": 600.0000000000001, "y": -1039.2304845413264}, "channel": 12}, "attempt": 1}
2026-09-12 14:05:21,349 INFO response {"request_id": "ec0870423564477f836f5e152353b157", "http_status": 200, "body": {"accepted": true, "real_timestamp_ms": 1789193117989, "virtual_time_s": 1859, "measure_result": "no_signal"}}
2026-09-12 14:05:21,349 INFO request {"path": "/measure", "payload": {"arena_id": "default", "robot_id": "202601002029", "request_id": "2cf8cf9fedca405cb13462fc7e663965", "position": {"x": 600.0000000000001, "y": -1039.2304845413264}, "channel": 18}, "attempt": 1}
2026-09-12 14:05:21,368 INFO response {"request_id": "2cf8cf9fedca405cb13462fc7e663965", "http_status": 200, "body": {"accepted": true, "real_timestamp_ms": 1789193118008, "virtual_time_s": 1865, "measure_result": "no_signal"}}
2026-09-12 14:05:21,421 INFO request {"path": "/measure", "payload": {"arena_id": "default", "robot_id": "202601002029", "request_id": "9212f4c438444410be78096b482e5974", "position": {"x": 600.0000000000001, "y": -1039.2304845413264}, "channel": 14}, "attempt": 1}
2026-09-12 14:05:21,437 INFO response {"request_id": "9212f4c438444410be78096b482e5974", "http_status": 200, "body": {"accepted": true, "real_timestamp_ms": 1789193118077, "virtual_time_s": 1871, "measure_result": "direction", "svd_deg": 195.81}}
2026-09-12 14:05:21,461 INFO request {"path": "/measure", "payload": {"arena_id": "default", "robot_id": "202601002029", "request_id": "ef6f192743a94d28ab24603e1b65a9e3", "position": {"x": 600.0000000000001, "y": -1039.2304845413264}, "channel": 20}, "attempt": 1}
2026-09-12 14:05:21,476 INFO response {"request_id": "ef6f192743a94d28ab24603e1b65a9e3", "http_status": 200, "body": {"accepted": true, "real_timestamp_ms": 1789193118116, "virtual_time_s": 1877, "measure_result": "direction", "svd_deg": 47.42}}
2026-09-12 14:05:29,686 INFO request {"path": "/measure", "payload": {"arena_id": "default", "robot_id": "202601002029", "request_id": "36ed15a3c7e04b2494b7da44967d1853", "position": {"x": 191.28353442633087, "y": -775.6987316723059}, "channel": 5}, "attempt": 1}
2026-09-12 14:05:29,700 INFO response {"request_id": "36ed15a3c7e04b2494b7da44967d1853", "http_status": 200, "body": {"accepted": true, "real_timestamp_ms": 1789193126340, "virtual_time_s": 1980.262148, "measure_result": "direction", "svd_deg": 248.44}}
2026-09-12 14:05:29,705 INFO request {"path": "/clear", "payload": {"arena_id": "default", "robot_id": "202601002029", "request_id": "40e3c28e72cc47baa2a0fd4fecacbf4a", "position": {"x": 44.43424338245573, "y": -1146.3272151519645}, "channel": 5}, "attempt": 1}
2026-09-12 14:05:29,719 INFO response {"request_id": "40e3c28e72cc47baa2a0fd4fecacbf4a", "http_status": 200, "body": {"accepted": true, "real_timestamp_ms": 1789193126359, "virtual_time_s": 2064.994246, "clear_result": "success"}}
2026-09-12 14:05:29,722 INFO request {"path": "/measure", "payload": {"arena_id": "default", "robot_id": "202601002029", "request_id": "ce567f5edfee484f888bd60258860db0", "position": {"x": -268.3375939482933, "y": -677.2063364875006}, "channel": 1}, "attempt": 1}
2026-09-12 14:05:29,724 INFO response {"request_id": "ce567f5edfee484f888bd60258860db0", "http_status": 200, "body": {"accepted": true, "real_timestamp_ms": 1789193126364, "virtual_time_s": 2183.759599, "measure_result": "direction", "svd_deg": 122.05}}
2026-09-12 14:05:29,731 INFO request {"path": "/measure", "payload": {"arena_id": "default", "robot_id": "202601002029", "request_id": "e8e4ab8b9d8b4252b1057982bf445a12", "position": {"x": -1388.3577375989294, "y": -347.93979507817437}, "channel": 9}, "attempt": 1}
2026-09-12 14:05:29,748 INFO response {"request_id": "e8e4ab8b9d8b4252b1057982bf445a12", "http_status": 200, "body": {"accepted": true, "real_timestamp_ms": 1789193126389, "virtual_time_s": 2423.242924, "measure_result": "direction", "svd_deg": 26.92}}
2026-09-12 14:05:30,354 INFO request {"path": "/measure", "payload": {"arena_id": "default", "robot_id": "202601002029", "request_id": "9751055d78c04dd2b3ef2feb8db0fcf6", "position": {"x": -1009.5177125507794, "y": 64.01138087352075}, "channel": 7}, "attempt": 1}
2026-09-12 14:05:30,355 INFO response {"request_id": "9751055d78c04dd2b3ef2feb8db0fcf6", "http_status": 200, "body": {"accepted": true, "real_timestamp_ms": 1789193126996, "virtual_time_s": 2541.175678, "measure_result": "direction", "svd_deg": 43.82}}
2026-09-12 14:05:30,360 INFO request {"path": "/clear", "payload": {"arena_id": "default", "robot_id": "202601002029", "request_id": "8e9f71c946fb465c8e3a26daa44f5683", "position": {"x": -724.228167759726, "y": 344.55136043715174}, "channel": 7}, "attempt": 1}
2026-09-12 14:05:30,372 INFO response {"request_id": "8e9f71c946fb465c8e3a26daa44f5683", "http_status": 200, "body": {"accepted": true, "real_timestamp_ms": 1789193127012, "virtual_time_s": 2626.198876, "clear_result": "success"}}
2026-09-12 14:05:30,373 INFO request {"path": "/measure", "payload": {"arena_id": "default", "robot_id": "202601002029", "request_id": "df23828b7be447149c88735c77d7ccda", "position": {"x": -594.2740288306354, "y": 484.71366183684466}, "channel": 9}, "attempt": 1}
2026-09-12 14:05:30,393 INFO response {"request_id": "df23828b7be447149c88735c77d7ccda", "http_status": 200, "body": {"accepted": true, "real_timestamp_ms": 1789193127032, "virtual_time_s": 2670.426379, "measure_result": "direction", "svd_deg": 281.18}}
2026-09-12 14:05:30,398 INFO request {"path": "/measure", "payload": {"arena_id": "default", "robot_id": "202601002029", "request_id": "7cef1298d8374f368a6fd3d87ea44922", "position": {"x": -526.475190978289, "y": 529.4281615164532}, "channel": 6}, "attempt": 1}
2026-09-12 14:05:30,413 INFO response {"request_id": "7cef1298d8374f368a6fd3d87ea44922", "http_status": 200, "body": {"accepted": true, "real_timestamp_ms": 1789193127053, "virtual_time_s": 2692.669616, "measure_result": "direction", "svd_deg": 121.65}}
2026-09-12 14:05:30,422 INFO request {"path": "/measure", "payload": {"arena_id": "default", "robot_id": "202601002029", "request_id": "bf73224e25cc4ad9a389cae1f9d17070", "position": {"x": -341.17761014729797, "y": 241.46083798106704}, "channel": 3}, "attempt": 1}
2026-09-12 14:05:30,442 INFO response {"request_id": "bf73224e25cc4ad9a389cae1f9d17070", "http_status": 200, "body": {"accepted": true, "real_timestamp_ms": 1789193127082, "virtual_time_s": 2767.15622, "measure_result": "direction", "svd_deg": 310.5}}
2026-09-12 14:05:30,448 INFO request {"path": "/clear", "payload": {"arena_id": "default", "robot_id": "202601002029", "request_id": "f51a6411cf004220b493458cdc99ac45", "position": {"x": -516.5672432969402, "y": 92.67604027317776}, "channel": 9}, "attempt": 1}
2026-09-12 14:05:30,462 INFO response {"request_id": "f51a6411cf004220b493458cdc99ac45", "http_status": 200, "body": {"accepted": true, "real_timestamp_ms": 1789193127101, "virtual_time_s": 2818.155541, "clear_result": "success"}}
2026-09-12 14:05:30,464 INFO request {"path": "/clear", "payload": {"arena_id": "default", "robot_id": "202601002029", "request_id": "c30d416c89264f829324b28a59fcf3dd", "position": {"x": -481.81723958971315, "y": -337.51539587689945}, "channel": 1}, "attempt": 1}
2026-09-12 14:05:30,482 INFO response {"request_id": "c30d416c89264f829324b28a59fcf3dd", "http_status": 200, "body": {"accepted": true, "real_timestamp_ms": 1789193127122, "virtual_time_s": 2909.474075, "clear_result": "success"}}
2026-09-12 14:05:30,484 INFO request {"path": "/measure", "payload": {"arena_id": "default", "robot_id": "202601002029", "request_id": "0907643493014f27b3f8b3a33474cdfe", "position": {"x": 192.0979266509306, "y": -740.3014574046873}, "channel": 14}, "attempt": 1}
2026-09-12 14:05:30,485 INFO response {"request_id": "0907643493014f27b3f8b3a33474cdfe", "http_status": 200, "body": {"accepted": true, "real_timestamp_ms": 1789193127125, "virtual_time_s": 3072.496145, "measure_result": "direction", "svd_deg": 279.26}}
2026-09-12 14:05:30,498 INFO request {"path": "/clear", "payload": {"arena_id": "default", "robot_id": "202601002029", "request_id": "1b4f7d9324e14e93b47956d1bd0f318b", "position": {"x": 256.5870939101795, "y": -1136.6122406876543}, "channel": 14}, "attempt": 1}
2026-09-12 14:05:30,499 INFO response {"request_id": "1b4f7d9324e14e93b47956d1bd0f318b", "http_status": 200, "body": {"accepted": true, "real_timestamp_ms": 1789193127139, "virtual_time_s": 3157.800837, "clear_result": "success"}}
2026-09-12 14:05:30,502 INFO request {"path": "/measure", "payload": {"arena_id": "default", "robot_id": "202601002029", "request_id": "e8d36de4aa414f4796bba418e4c9e698", "position": {"x": 560.426226490355, "y": -493.26773549020925}, "channel": 20}, "attempt": 1}
2026-09-12 14:05:30,521 INFO response {"request_id": "e8d36de4aa414f4796bba418e4c9e698", "http_status": 200, "body": {"accepted": true, "real_timestamp_ms": 1789193127161, "virtual_time_s": 3306.097762, "measure_result": "direction", "svd_deg": 316.19}}
2026-09-12 14:05:30,534 INFO request {"path": "/clear", "payload": {"arena_id": "default", "robot_id": "202601002029", "request_id": "624db06dce2f426c946735236fad94a2", "position": {"x": 848.0622762157991, "y": -769.2336148204085}, "channel": 20}, "attempt": 1}
2026-09-12 14:05:30,551 INFO response {"request_id": "624db06dce2f426c946735236fad94a2", "http_status": 200, "body": {"accepted": true, "real_timestamp_ms": 1789193127190, "virtual_time_s": 3390.820196, "clear_result": "success"}}
2026-09-12 14:05:30,553 INFO request {"path": "/measure", "payload": {"arena_id": "default", "robot_id": "202601002029", "request_id": "33759ab238c94b29baa077603dea6ffe", "position": {"x": 1860.8424455886861, "y": -213.6918465917115}, "channel": 4}, "attempt": 1}
2026-09-12 14:05:30,556 INFO response {"request_id": "33759ab238c94b29baa077603dea6ffe", "http_status": 200, "body": {"accepted": true, "real_timestamp_ms": 1789193127196, "virtual_time_s": 3627.848361, "measure_result": "direction", "svd_deg": 140.2}}
2026-09-12 14:05:30,562 INFO request {"path": "/clear", "payload": {"arena_id": "default", "robot_id": "202601002029", "request_id": "231d051e0f2046059bfa75c17d426c11", "position": {"x": 1506.5560872733229, "y": 81.20475617084662}, "channel": 4}, "attempt": 1}
2026-09-12 14:05:30,580 INFO response {"request_id": "231d051e0f2046059bfa75c17d426c11", "http_status": 200, "body": {"accepted": true, "real_timestamp_ms": 1789193127220, "virtual_time_s": 3725.040081, "clear_result": "success"}}
2026-09-12 14:05:30,582 INFO request {"path": "/measure", "payload": {"arena_id": "default", "robot_id": "202601002029", "request_id": "c1ef9d9b023a4ff2b879245e4b7409a5", "position": {"x": 711.2340999597857, "y": 623.051453443878}, "channel": 15}, "attempt": 1}
2026-09-12 14:05:30,584 INFO response {"request_id": "c1ef9d9b023a4ff2b879245e4b7409a5", "http_status": 200, "body": {"accepted": true, "real_timestamp_ms": 1789193127223, "virtual_time_s": 3923.511887, "measure_result": "direction", "svd_deg": 90.4}}
2026-09-12 14:05:30,593 INFO request {"path": "/clear", "payload": {"arena_id": "default", "robot_id": "202601002029", "request_id": "4638664307b74f6db774b6782510c42e", "position": {"x": 423.90264684986295, "y": 391.1034295333279}, "channel": 19}, "attempt": 1}
2026-09-12 14:05:30,611 INFO response {"request_id": "4638664307b74f6db774b6782510c42e", "http_status": 200, "body": {"accepted": true, "real_timestamp_ms": 1789193127250, "virtual_time_s": 4002.365594, "clear_result": "success"}}
2026-09-12 14:05:30,611 INFO request {"path": "/clear", "payload": {"arena_id": "default", "robot_id": "202601002029", "request_id": "6236955eb1db413789987c5cfb30ef98", "position": {"x": -83.11335725874234, "y": -58.65794686409994}, "channel": 3}, "attempt": 1}
2026-09-12 14:05:30,630 INFO response {"request_id": "6236955eb1db413789987c5cfb30ef98", "http_status": 200, "body": {"accepted": true, "real_timestamp_ms": 1789193127269, "virtual_time_s": 4142.9164, "clear_result": "success"}}
2026-09-12 14:05:30,630 INFO request {"path": "/clear", "payload": {"arena_id": "default", "robot_id": "202601002029", "request_id": "c061f68dbec742eeb1f442ee5d02f547", "position": {"x": -740.1182133324821, "y": 872.7108495514899}, "channel": 6}, "attempt": 1}
2026-09-12 14:05:30,631 INFO response {"request_id": "c061f68dbec742eeb1f442ee5d02f547", "http_status": 200, "body": {"accepted": true, "real_timestamp_ms": 1789193127271, "virtual_time_s": 4375.872818, "clear_result": "success"}}
2026-09-12 14:05:30,632 INFO request {"path": "/measure", "payload": {"arena_id": "default", "robot_id": "202601002029", "request_id": "db47337ac946419e8e3de10232195315", "position": {"x": -1175.687406292233, "y": 1330.6043240966987}, "channel": 13}, "attempt": 1}
2026-09-12 14:05:30,649 INFO response {"request_id": "db47337ac946419e8e3de10232195315", "http_status": 200, "body": {"accepted": true, "real_timestamp_ms": 1789193127289, "virtual_time_s": 4508.266956, "measure_result": "direction", "svd_deg": 354.36}}
2026-09-12 14:05:30,652 INFO request {"path": "/measure", "payload": {"arena_id": "default", "robot_id": "202601002029", "request_id": "f82d1242a60b4a3ca117dd73802776a9", "position": {"x": -1082.820238037953, "y": 1527.7953321429668}, "channel": 17}, "attempt": 1}
2026-09-12 14:05:30,653 INFO response {"request_id": "f82d1242a60b4a3ca117dd73802776a9", "http_status": 200, "body": {"accepted": true, "real_timestamp_ms": 1789193127293, "virtual_time_s": 4557.859893, "measure_result": "direction", "svd_deg": 338.91}}
2026-09-12 14:05:30,657 INFO request {"path": "/clear", "payload": {"arena_id": "default", "robot_id": "202601002029", "request_id": "38ee1956aabc4465bde89dd1fb651128", "position": {"x": -715.7287005382406, "y": 1284.9995297137257}, "channel": 13}, "attempt": 1}
2026-09-12 14:05:30,659 INFO response {"request_id": "38ee1956aabc4465bde89dd1fb651128", "http_status": 200, "body": {"accepted": true, "real_timestamp_ms": 1789193127298, "virtual_time_s": 4650.88398, "clear_result": "success"}}
2026-09-12 14:05:30,659 INFO request {"path": "/clear", "payload": {"arena_id": "default", "robot_id": "202601002029", "request_id": "6bc681c4009d4193a8b1543a87b0ca64", "position": {"x": -654.7863521865049, "y": 1362.503281379108}, "channel": 17}, "attempt": 1}
2026-09-12 14:05:30,678 INFO response {"request_id": "6bc681c4009d4193a8b1543a87b0ca64", "http_status": 200, "body": {"accepted": true, "real_timestamp_ms": 1789193127318, "virtual_time_s": 4675.602805, "clear_result": "success"}}
2026-09-12 14:05:30,679 INFO request {"path": "/measure", "payload": {"arena_id": "default", "robot_id": "202601002029", "request_id": "9656f085e6c14083aebd8d0e694a875f", "position": {"x": 20.67709480331996, "y": 1513.596600101663}, "channel": 16}, "attempt": 1}
2026-09-12 14:05:30,698 INFO response {"request_id": "9656f085e6c14083aebd8d0e694a875f", "http_status": 200, "body": {"accepted": true, "real_timestamp_ms": 1789193127338, "virtual_time_s": 4820.034024, "measure_result": "direction", "svd_deg": 18.17}}
2026-09-12 14:05:30,701 INFO request {"path": "/clear", "payload": {"arena_id": "default", "robot_id": "202601002029", "request_id": "0ff0b7d82a75403f92a6b1f919ec777d", "position": {"x": 516.1932576790205, "y": 1676.467781069474}, "channel": 16}, "attempt": 1}
2026-09-12 14:05:30,717 INFO response {"request_id": "0ff0b7d82a75403f92a6b1f919ec777d", "http_status": 200, "body": {"accepted": true, "real_timestamp_ms": 1789193127357, "virtual_time_s": 4929.353397, "clear_result": "success"}}
2026-09-12 14:05:30,718 INFO request {"path": "/measure", "payload": {"arena_id": "default", "robot_id": "202601002029", "request_id": "6852a491619144e2bd389ab3f19c3a28", "position": {"x": 743.5817268995895, "y": 1671.3280685911118}, "channel": 8}, "attempt": 1}
2026-09-12 14:05:30,719 INFO response {"request_id": "6852a491619144e2bd389ab3f19c3a28", "http_status": 200, "body": {"accepted": true, "real_timestamp_ms": 1789193127360, "virtual_time_s": 4980.842707, "measure_result": "direction", "svd_deg": 299.69}}
2026-09-12 14:05:30,727 INFO request {"path": "/clear", "payload": {"arena_id": "default", "robot_id": "202601002029", "request_id": "30bf0564f9ee4f27b33c8bfedb7d7817", "position": {"x": 940.5730708448584, "y": 1325.5025142103336}, "channel": 8}, "attempt": 1}
2026-09-12 14:05:30,729 INFO response {"request_id": "30bf0564f9ee4f27b33c8bfedb7d7817", "http_status": 200, "body": {"accepted": true, "real_timestamp_ms": 1789193127369, "virtual_time_s": 5065.441929, "clear_result": "success"}}
2026-09-12 14:05:30,729 INFO request {"path": "/clear", "payload": {"arena_id": "default", "robot_id": "202601002029", "request_id": "806980ac544649268e21d6a9ee026988", "position": {"x": 708.3884543889055, "y": 1023.1145040669012}, "channel": 15}, "attempt": 1}
2026-09-12 14:05:30,731 INFO response {"request_id": "806980ac544649268e21d6a9ee026988", "http_status": 200, "body": {"accepted": true, "real_timestamp_ms": 1789193127371, "virtual_time_s": 5146.691048, "clear_result": "success"}}
2026-09-12 14:05:30,731 INFO request {"path": "/exit", "payload": {"arena_id": "default", "robot_id": "202601002029", "request_id": "877861be19e5467a947ba9667c2040b6"}, "attempt": 1}
2026-09-12 14:05:30,747 INFO response {"request_id": "877861be19e5467a947ba9667c2040b6", "http_status": 200, "body": {"accepted": true, "real_timestamp_ms": 1789193127387, "virtual_time_s": 5146.691048, "exit_reason": "user_exit"}}
