2026-09-13 11:09:12,766 INFO request {"path": "/enter", "payload": {"arena_id": "default", "robot_id": "202601002029", "request_id": "c8f36de172ac47668054bbc87cb77f01"}, "attempt": 1}
2026-09-13 11:09:12,770 INFO response {"request_id": "c8f36de172ac47668054bbc87cb77f01", "http_status": 200, "body": {"accepted": true, "real_timestamp_ms": 1789268948712, "virtual_time_s": 0, "max_virtual_duration_s": 360000, "max_real_duration_s": 1200, "remaining_real_duration_s": 1200}}
2026-09-13 11:09:12,770 INFO request {"path": "/measure", "payload": {"arena_id": "default", "robot_id": "202601002029", "request_id": "6665ddebf4bc4df88591633be77a9b76", "position": {"x": 0.0, "y": 0.0}, "channel": 1}, "attempt": 1}
2026-09-13 11:09:12,771 INFO response {"request_id": "6665ddebf4bc4df88591633be77a9b76", "http_status": 200, "body": {"accepted": true, "real_timestamp_ms": 1789268948713, "virtual_time_s": 5, "measure_result": "no_signal"}}
2026-09-13 11:09:12,771 INFO request {"path": "/measure", "payload": {"arena_id": "default", "robot_id": "202601002029", "request_id": "c1f8347c5ee8449eb405f9d45877dc0b", "position": {"x": 0.0, "y": 0.0}, "channel": 2}, "attempt": 1}
2026-09-13 11:09:12,772 INFO response {"request_id": "c1f8347c5ee8449eb405f9d45877dc0b", "http_status": 200, "body": {"accepted": true, "real_timestamp_ms": 1789268948714, "virtual_time_s": 11, "measure_result": "direction", "svd_deg": 283.01}}
2026-09-13 11:09:12,776 INFO request {"path": "/measure", "payload": {"arena_id": "default", "robot_id": "202601002029", "request_id": "c52b1f92176e407fbd1f53a79a1ccb2a", "position": {"x": 0.0, "y": 0.0}, "channel": 3}, "attempt": 1}
2026-09-13 11:09:12,776 INFO response {"request_id": "c52b1f92176e407fbd1f53a79a1ccb2a", "http_status": 200, "body": {"accepted": true, "real_timestamp_ms": 1789268948719, "virtual_time_s": 17, "measure_result": "no_signal"}}
2026-09-13 11:09:12,777 INFO request {"path": "/measure", "payload": {"arena_id": "default", "robot_id": "202601002029", "request_id": "400a6a30929644ad96089355c5e69041", "position": {"x": 0.0, "y": 0.0}, "channel": 4}, "attempt": 1}
2026-09-13 11:09:12,777 INFO response {"request_id": "400a6a30929644ad96089355c5e69041", "http_status": 200, "body": {"accepted": true, "real_timestamp_ms": 1789268948720, "virtual_time_s": 23, "measure_result": "direction", "svd_deg": 75.07}}
2026-09-13 11:09:12,780 INFO request {"path": "/measure", "payload": {"arena_id": "default", "robot_id": "202601002029", "request_id": "049366d59ec44b4996c1c9f8eb61f157", "position": {"x": 0.0, "y": 0.0}, "channel": 5}, "attempt": 1}
2026-09-13 11:09:12,782 INFO response {"request_id": "049366d59ec44b4996c1c9f8eb61f157", "http_status": 200, "body": {"accepted": true, "real_timestamp_ms": 1789268948723, "virtual_time_s": 29, "measure_result": "no_signal"}}
2026-09-13 11:09:12,782 INFO request {"path": "/measure", "payload": {"arena_id": "default", "robot_id": "202601002029", "request_id": "f11b02d8174044b4b8f947718e08ee3f", "position": {"x": 0.0, "y": 0.0}, "channel": 6}, "attempt": 1}
2026-09-13 11:09:12,806 INFO response {"request_id": "f11b02d8174044b4b8f947718e08ee3f", "http_status": 200, "body": {"accepted": true, "real_timestamp_ms": 1789268948749, "virtual_time_s": 35, "measure_result": "no_signal"}}
2026-09-13 11:09:12,807 INFO request {"path": "/measure", "payload": {"arena_id": "default", "robot_id": "202601002029", "request_id": "684c775ad30846459139252d7500b731", "position": {"x": 0.0, "y": 0.0}, "channel": 7}, "attempt": 1}
2026-09-13 11:09:12,822 INFO response {"request_id": "684c775ad30846459139252d7500b731", "http_status": 200, "body": {"accepted": true, "real_timestamp_ms": 1789268948764, "virtual_time_s": 41, "measure_result": "no_signal"}}
2026-09-13 11:09:12,822 INFO request {"path": "/measure", "payload": {"arena_id": "default", "robot_id": "202601002029", "request_id": "8c2c712a6ac34e41ae330c1b763b1dcb", "position": {"x": 0.0, "y": 0.0}, "channel": 8}, "attempt": 1}
2026-09-13 11:09:12,837 INFO response {"request_id": "8c2c712a6ac34e41ae330c1b763b1dcb", "http_status": 200, "body": {"accepted": true, "real_timestamp_ms": 1789268948779, "virtual_time_s": 47, "measure_result": "no_signal"}}
2026-09-13 11:09:12,837 INFO request {"path": "/measure", "payload": {"arena_id": "default", "robot_id": "202601002029", "request_id": "828b7f6e6ab243539bc567ef4a47d38a", "position": {"x": 0.0, "y": 0.0}, "channel": 9}, "attempt": 1}
2026-09-13 11:09:12,854 INFO response {"request_id": "828b7f6e6ab243539bc567ef4a47d38a", "http_status": 200, "body": {"accepted": true, "real_timestamp_ms": 1789268948796, "virtual_time_s": 53, "measure_result": "direction", "svd_deg": 100.88}}
2026-09-13 11:09:12,860 INFO request {"path": "/measure", "payload": {"arena_id": "default", "robot_id": "202601002029", "request_id": "cf4009d4931846f58b7476d7a2748fa0", "position": {"x": 0.0, "y": 0.0}, "channel": 10}, "attempt": 1}
2026-09-13 11:09:12,886 INFO response {"request_id": "cf4009d4931846f58b7476d7a2748fa0", "http_status": 200, "body": {"accepted": true, "real_timestamp_ms": 1789268948827, "virtual_time_s": 59, "measure_result": "direction", "svd_deg": 56.71}}
2026-09-13 11:09:12,890 INFO request {"path": "/measure", "payload": {"arena_id": "default", "robot_id": "202601002029", "request_id": "ad9b878502dc4aca94665c636ea3053e", "position": {"x": 0.0, "y": 0.0}, "channel": 11}, "attempt": 1}
2026-09-13 11:09:12,916 INFO response {"request_id": "ad9b878502dc4aca94665c636ea3053e", "http_status": 200, "body": {"accepted": true, "real_timestamp_ms": 1789268948858, "virtual_time_s": 65, "measure_result": "direction", "svd_deg": 34.19}}
2026-09-13 11:09:12,919 INFO request {"path": "/measure", "payload": {"arena_id": "default", "robot_id": "202601002029", "request_id": "b021985c748b4cc79bb167f2de92b35a", "position": {"x": 0.0, "y": 0.0}, "channel": 12}, "attempt": 1}
2026-09-13 11:09:12,932 INFO response {"request_id": "b021985c748b4cc79bb167f2de92b35a", "http_status": 200, "body": {"accepted": true, "real_timestamp_ms": 1789268948873, "virtual_time_s": 71, "measure_result": "no_signal"}}
2026-09-13 11:09:12,932 INFO request {"path": "/measure", "payload": {"arena_id": "default", "robot_id": "202601002029", "request_id": "33bbf4a347bb4848a5c5446c6d540705", "position": {"x": 0.0, "y": 0.0}, "channel": 13}, "attempt": 1}
2026-09-13 11:09:12,947 INFO response {"request_id": "33bbf4a347bb4848a5c5446c6d540705", "http_status": 200, "body": {"accepted": true, "real_timestamp_ms": 1789268948889, "virtual_time_s": 77, "measure_result": "no_signal"}}
2026-09-13 11:09:12,947 INFO request {"path": "/measure", "payload": {"arena_id": "default", "robot_id": "202601002029", "request_id": "d3026c541ae74838a96cf3984a52e5d8", "position": {"x": 0.0, "y": 0.0}, "channel": 14}, "attempt": 1}
2026-09-13 11:09:12,963 INFO response {"request_id": "d3026c541ae74838a96cf3984a52e5d8", "http_status": 200, "body": {"accepted": true, "real_timestamp_ms": 1789268948905, "virtual_time_s": 83, "measure_result": "direction", "svd_deg": 281.86}}
2026-09-13 11:09:12,967 INFO request {"path": "/measure", "payload": {"arena_id": "default", "robot_id": "202601002029", "request_id": "82b736b47dc6492bbda3d77de7fbef62", "position": {"x": 0.0, "y": 0.0}, "channel": 15}, "attempt": 1}
2026-09-13 11:09:12,979 INFO response {"request_id": "82b736b47dc6492bbda3d77de7fbef62", "http_status": 200, "body": {"accepted": true, "real_timestamp_ms": 1789268948920, "virtual_time_s": 89, "measure_result": "no_signal"}}
2026-09-13 11:09:12,979 INFO request {"path": "/measure", "payload": {"arena_id": "default", "robot_id": "202601002029", "request_id": "4c81d4914a1f47259c1c5e577a53f3c6", "position": {"x": 0.0, "y": 0.0}, "channel": 16}, "attempt": 1}
2026-09-13 11:09:12,994 INFO response {"request_id": "4c81d4914a1f47259c1c5e577a53f3c6", "http_status": 200, "body": {"accepted": true, "real_timestamp_ms": 1789268948936, "virtual_time_s": 95, "measure_result": "no_signal"}}
2026-09-13 11:09:12,994 INFO request {"path": "/measure", "payload": {"arena_id": "default", "robot_id": "202601002029", "request_id": "49ce8e6c220240cb991f7fc2902223f4", "position": {"x": 0.0, "y": 0.0}, "channel": 17}, "attempt": 1}
2026-09-13 11:09:13,010 INFO response {"request_id": "49ce8e6c220240cb991f7fc2902223f4", "http_status": 200, "body": {"accepted": true, "real_timestamp_ms": 1789268948952, "virtual_time_s": 101, "measure_result": "direction", "svd_deg": 295.19}}
2026-09-13 11:09:13,014 INFO request {"path": "/measure", "payload": {"arena_id": "default", "robot_id": "202601002029", "request_id": "3405974b151e479aad8ce3f36cf777fa", "position": {"x": 0.0, "y": 0.0}, "channel": 18}, "attempt": 1}
2026-09-13 11:09:13,016 INFO response {"request_id": "3405974b151e479aad8ce3f36cf777fa", "http_status": 200, "body": {"accepted": true, "real_timestamp_ms": 1789268948958, "virtual_time_s": 107, "measure_result": "no_signal"}}
2026-09-13 11:09:13,016 INFO request {"path": "/measure", "payload": {"arena_id": "default", "robot_id": "202601002029", "request_id": "adbf94a711834f9d8268ef888bdbc6ae", "position": {"x": 0.0, "y": 0.0}, "channel": 19}, "attempt": 1}
2026-09-13 11:09:13,041 INFO response {"request_id": "adbf94a711834f9d8268ef888bdbc6ae", "http_status": 200, "body": {"accepted": true, "real_timestamp_ms": 1789268948983, "virtual_time_s": 113, "measure_result": "no_signal"}}
2026-09-13 11:09:13,042 INFO request {"path": "/measure", "payload": {"arena_id": "default", "robot_id": "202601002029", "request_id": "8f6e9a640cb04aa7b85944fbfa25e7e6", "position": {"x": 0.0, "y": 0.0}, "channel": 20}, "attempt": 1}
2026-09-13 11:09:13,058 INFO response {"request_id": "8f6e9a640cb04aa7b85944fbfa25e7e6", "http_status": 200, "body": {"accepted": true, "real_timestamp_ms": 1789268948999, "virtual_time_s": 119, "measure_result": "no_signal"}}
2026-09-13 11:09:13,059 INFO request {"path": "/measure", "payload": {"arena_id": "default", "robot_id": "202601002029", "request_id": "c24e5a37d91341bf80af575d89887059", "position": {"x": 1130.0, "y": 0.0}, "channel": 20}, "attempt": 1}
2026-09-13 11:09:13,061 INFO response {"request_id": "c24e5a37d91341bf80af575d89887059", "http_status": 200, "body": {"accepted": true, "real_timestamp_ms": 1789268949002, "virtual_time_s": 350, "measure_result": "no_signal"}}
2026-09-13 11:09:13,061 INFO request {"path": "/measure", "payload": {"arena_id": "default", "robot_id": "202601002029", "request_id": "e06caa54604a46ab9da7c3e677274391", "position": {"x": 1130.0, "y": 0.0}, "channel": 1}, "attempt": 1}
2026-09-13 11:09:13,063 INFO response {"request_id": "e06caa54604a46ab9da7c3e677274391", "http_status": 200, "body": {"accepted": true, "real_timestamp_ms": 1789268949005, "virtual_time_s": 356, "measure_result": "no_signal"}}
2026-09-13 11:09:13,063 INFO request {"path": "/measure", "payload": {"arena_id": "default", "robot_id": "202601002029", "request_id": "f9ae640e7cc3449f83c11441d3274613", "position": {"x": 1130.0, "y": 0.0}, "channel": 3}, "attempt": 1}
2026-09-13 11:09:13,064 INFO response {"request_id": "f9ae640e7cc3449f83c11441d3274613", "http_status": 200, "body": {"accepted": true, "real_timestamp_ms": 1789268949006, "virtual_time_s": 362, "measure_result": "no_signal"}}
2026-09-13 11:09:13,064 INFO request {"path": "/measure", "payload": {"arena_id": "default", "robot_id": "202601002029", "request_id": "c766d6679c5d42928240594833906df7", "position": {"x": 1130.0, "y": 0.0}, "channel": 5}, "attempt": 1}
2026-09-13 11:09:13,066 INFO response {"request_id": "c766d6679c5d42928240594833906df7", "http_status": 200, "body": {"accepted": true, "real_timestamp_ms": 1789268949008, "virtual_time_s": 368, "measure_result": "no_signal"}}
2026-09-13 11:09:13,066 INFO request {"path": "/measure", "payload": {"arena_id": "default", "robot_id": "202601002029", "request_id": "ea74a01b6e144f97884e598031554828", "position": {"x": 1130.0, "y": 0.0}, "channel": 6}, "attempt": 1}
2026-09-13 11:09:13,067 INFO response {"request_id": "ea74a01b6e144f97884e598031554828", "http_status": 200, "body": {"accepted": true, "real_timestamp_ms": 1789268949009, "virtual_time_s": 374, "measure_result": "no_signal"}}
2026-09-13 11:09:13,067 INFO request {"path": "/measure", "payload": {"arena_id": "default", "robot_id": "202601002029", "request_id": "b451beb8be214e8485502eda574e4a74", "position": {"x": 1130.0, "y": 0.0}, "channel": 7}, "attempt": 1}
2026-09-13 11:09:13,088 INFO response {"request_id": "b451beb8be214e8485502eda574e4a74", "http_status": 200, "body": {"accepted": true, "real_timestamp_ms": 1789268949030, "virtual_time_s": 380, "measure_result": "no_signal"}}
2026-09-13 11:09:13,089 INFO request {"path": "/measure", "payload": {"arena_id": "default", "robot_id": "202601002029", "request_id": "0d7cbacf547b43acbeebdf456f0bdd06", "position": {"x": 1130.0, "y": 0.0}, "channel": 8}, "attempt": 1}
2026-09-13 11:09:13,091 INFO response {"request_id": "0d7cbacf547b43acbeebdf456f0bdd06", "http_status": 200, "body": {"accepted": true, "real_timestamp_ms": 1789268949033, "virtual_time_s": 386, "measure_result": "no_signal"}}
2026-09-13 11:09:13,091 INFO request {"path": "/measure", "payload": {"arena_id": "default", "robot_id": "202601002029", "request_id": "aaa3f62511094bbd9da43cfabda9962c", "position": {"x": 1130.0, "y": 0.0}, "channel": 12}, "attempt": 1}
2026-09-13 11:09:13,093 INFO response {"request_id": "aaa3f62511094bbd9da43cfabda9962c", "http_status": 200, "body": {"accepted": true, "real_timestamp_ms": 1789268949035, "virtual_time_s": 392, "measure_result": "no_signal"}}
2026-09-13 11:09:13,093 INFO request {"path": "/measure", "payload": {"arena_id": "default", "robot_id": "202601002029", "request_id": "a596056287d241c2800d53219afd9c6c", "position": {"x": 1130.0, "y": 0.0}, "channel": 13}, "attempt": 1}
2026-09-13 11:09:13,095 INFO response {"request_id": "a596056287d241c2800d53219afd9c6c", "http_status": 200, "body": {"accepted": true, "real_timestamp_ms": 1789268949037, "virtual_time_s": 398, "measure_result": "no_signal"}}
2026-09-13 11:09:13,095 INFO request {"path": "/measure", "payload": {"arena_id": "default", "robot_id": "202601002029", "request_id": "0392e8486f7349c0bb08ffd9170cd6bc", "position": {"x": 1130.0, "y": 0.0}, "channel": 15}, "attempt": 1}
2026-09-13 11:09:13,096 INFO response {"request_id": "0392e8486f7349c0bb08ffd9170cd6bc", "http_status": 200, "body": {"accepted": true, "real_timestamp_ms": 1789268949039, "virtual_time_s": 404, "measure_result": "no_signal"}}
2026-09-13 11:09:13,097 INFO request {"path": "/measure", "payload": {"arena_id": "default", "robot_id": "202601002029", "request_id": "8350bccb5784407c9b9c9a709c02f3d2", "position": {"x": 1130.0, "y": 0.0}, "channel": 16}, "attempt": 1}
2026-09-13 11:09:13,099 INFO response {"request_id": "8350bccb5784407c9b9c9a709c02f3d2", "http_status": 200, "body": {"accepted": true, "real_timestamp_ms": 1789268949040, "virtual_time_s": 410, "measure_result": "no_signal"}}
2026-09-13 11:09:13,099 INFO request {"path": "/measure", "payload": {"arena_id": "default", "robot_id": "202601002029", "request_id": "e0fe4ff8c55e469a9b130fe65b5294a9", "position": {"x": 1130.0, "y": 0.0}, "channel": 18}, "attempt": 1}
2026-09-13 11:09:13,100 INFO response {"request_id": "e0fe4ff8c55e469a9b130fe65b5294a9", "http_status": 200, "body": {"accepted": true, "real_timestamp_ms": 1789268949042, "virtual_time_s": 416, "measure_result": "no_signal"}}
2026-09-13 11:09:13,100 INFO request {"path": "/measure", "payload": {"arena_id": "default", "robot_id": "202601002029", "request_id": "bdba37165940488586a24fc26c0b855b", "position": {"x": 1130.0, "y": 0.0}, "channel": 19}, "attempt": 1}
2026-09-13 11:09:13,101 INFO response {"request_id": "bdba37165940488586a24fc26c0b855b", "http_status": 200, "body": {"accepted": true, "real_timestamp_ms": 1789268949044, "virtual_time_s": 422, "measure_result": "direction", "svd_deg": 261.84}}
2026-09-13 11:09:13,138 INFO request {"path": "/measure", "payload": {"arena_id": "default", "robot_id": "202601002029", "request_id": "1db971d7720e4f9c825738752df2587a", "position": {"x": 1130.0, "y": 0.0}, "channel": 11}, "attempt": 1}
2026-09-13 11:09:13,150 INFO response {"request_id": "1db971d7720e4f9c825738752df2587a", "http_status": 200, "body": {"accepted": true, "real_timestamp_ms": 1789268949092, "virtual_time_s": 428, "measure_result": "direction", "svd_deg": 118.9}}
2026-09-13 11:09:13,167 INFO request {"path": "/measure", "payload": {"arena_id": "default", "robot_id": "202601002029", "request_id": "450032dfc4c2410f803b8fbf76e1dcc6", "position": {"x": 1130.0, "y": 0.0}, "channel": 17}, "attempt": 1}
2026-09-13 11:09:13,167 INFO response {"request_id": "450032dfc4c2410f803b8fbf76e1dcc6", "http_status": 200, "body": {"accepted": true, "real_timestamp_ms": 1789268949110, "virtual_time_s": 434, "measure_result": "no_signal"}}
2026-09-13 11:09:13,168 INFO request {"path": "/measure", "payload": {"arena_id": "default", "robot_id": "202601002029", "request_id": "54d7cbce4fcf4029b031f26f35b9950c", "position": {"x": 565.0000000000001, "y": 978.6087062764157}, "channel": 1}, "attempt": 1}
2026-09-13 11:09:13,180 INFO response {"request_id": "54d7cbce4fcf4029b031f26f35b9950c", "http_status": 200, "body": {"accepted": true, "real_timestamp_ms": 1789268949122, "virtual_time_s": 666, "measure_result": "no_signal"}}
2026-09-13 11:09:13,180 INFO request {"path": "/measure", "payload": {"arena_id": "default", "robot_id": "202601002029", "request_id": "c490925b406d457ab428f12919040752", "position": {"x": 565.0000000000001, "y": 978.6087062764157}, "channel": 3}, "attempt": 1}
2026-09-13 11:09:13,181 INFO response {"request_id": "c490925b406d457ab428f12919040752", "http_status": 200, "body": {"accepted": true, "real_timestamp_ms": 1789268949123, "virtual_time_s": 672, "measure_result": "no_signal"}}
2026-09-13 11:09:13,181 INFO request {"path": "/measure", "payload": {"arena_id": "default", "robot_id": "202601002029", "request_id": "23b2bcaf544f44f4b19efbeff8885611", "position": {"x": 565.0000000000001, "y": 978.6087062764157}, "channel": 5}, "attempt": 1}
2026-09-13 11:09:13,182 INFO response {"request_id": "23b2bcaf544f44f4b19efbeff8885611", "http_status": 200, "body": {"accepted": true, "real_timestamp_ms": 1789268949124, "virtual_time_s": 678, "measure_result": "no_signal"}}
2026-09-13 11:09:13,182 INFO request {"path": "/measure", "payload": {"arena_id": "default", "robot_id": "202601002029", "request_id": "be472e8d07ec4c3f943948a5aa50f096", "position": {"x": 565.0000000000001, "y": 978.6087062764157}, "channel": 6}, "attempt": 1}
2026-09-13 11:09:13,195 INFO response {"request_id": "be472e8d07ec4c3f943948a5aa50f096", "http_status": 200, "body": {"accepted": true, "real_timestamp_ms": 1789268949137, "virtual_time_s": 684, "measure_result": "no_signal"}}
2026-09-13 11:09:13,196 INFO request {"path": "/measure", "payload": {"arena_id": "default", "robot_id": "202601002029", "request_id": "776e45a8219b4cbb8d831cbe02b12d7c", "position": {"x": 565.0000000000001, "y": 978.6087062764157}, "channel": 7}, "attempt": 1}
2026-09-13 11:09:13,211 INFO response {"request_id": "776e45a8219b4cbb8d831cbe02b12d7c", "http_status": 200, "body": {"accepted": true, "real_timestamp_ms": 1789268949152, "virtual_time_s": 690, "measure_result": "no_signal"}}
2026-09-13 11:09:13,211 INFO request {"path": "/measure", "payload": {"arena_id": "default", "robot_id": "202601002029", "request_id": "3e6ed94f36684c4493d51734f3c335c6", "position": {"x": 565.0000000000001, "y": 978.6087062764157}, "channel": 8}, "attempt": 1}
2026-09-13 11:09:13,213 INFO response {"request_id": "3e6ed94f36684c4493d51734f3c335c6", "http_status": 200, "body": {"accepted": true, "real_timestamp_ms": 1789268949155, "virtual_time_s": 696, "measure_result": "no_signal"}}
2026-09-13 11:09:13,213 INFO request {"path": "/measure", "payload": {"arena_id": "default", "robot_id": "202601002029", "request_id": "6744821c2e6b4f2084917a47fa284f77", "position": {"x": 565.0000000000001, "y": 978.6087062764157}, "channel": 12}, "attempt": 1}
2026-09-13 11:09:13,214 INFO response {"request_id": "6744821c2e6b4f2084917a47fa284f77", "http_status": 200, "body": {"accepted": true, "real_timestamp_ms": 1789268949156, "virtual_time_s": 702, "measure_result": "no_signal"}}
2026-09-13 11:09:13,215 INFO request {"path": "/measure", "payload": {"arena_id": "default", "robot_id": "202601002029", "request_id": "bb018d0f39cf468a9ee1228545f934fd", "position": {"x": 565.0000000000001, "y": 978.6087062764157}, "channel": 13}, "attempt": 1}
2026-09-13 11:09:13,216 INFO response {"request_id": "bb018d0f39cf468a9ee1228545f934fd", "http_status": 200, "body": {"accepted": true, "real_timestamp_ms": 1789268949158, "virtual_time_s": 708, "measure_result": "no_signal"}}
2026-09-13 11:09:13,216 INFO request {"path": "/measure", "payload": {"arena_id": "default", "robot_id": "202601002029", "request_id": "4bdb7ed02d5d41a292fa2601573d8fcb", "position": {"x": 565.0000000000001, "y": 978.6087062764157}, "channel": 15}, "attempt": 1}
2026-09-13 11:09:13,241 INFO response {"request_id": "4bdb7ed02d5d41a292fa2601573d8fcb", "http_status": 200, "body": {"accepted": true, "real_timestamp_ms": 1789268949183, "virtual_time_s": 714, "measure_result": "no_signal"}}
2026-09-13 11:09:13,241 INFO request {"path": "/measure", "payload": {"arena_id": "default", "robot_id": "202601002029", "request_id": "8fd02d2b36014c199d50a57e403af4b1", "position": {"x": 565.0000000000001, "y": 978.6087062764157}, "channel": 16}, "attempt": 1}
2026-09-13 11:09:13,256 INFO response {"request_id": "8fd02d2b36014c199d50a57e403af4b1", "http_status": 200, "body": {"accepted": true, "real_timestamp_ms": 1789268949198, "virtual_time_s": 720, "measure_result": "no_signal"}}
2026-09-13 11:09:13,256 INFO request {"path": "/measure", "payload": {"arena_id": "default", "robot_id": "202601002029", "request_id": "94feade3991044f1a90e0dc04b291968", "position": {"x": 565.0000000000001, "y": 978.6087062764157}, "channel": 18}, "attempt": 1}
2026-09-13 11:09:13,273 INFO response {"request_id": "94feade3991044f1a90e0dc04b291968", "http_status": 200, "body": {"accepted": true, "real_timestamp_ms": 1789268949214, "virtual_time_s": 726, "measure_result": "no_signal"}}
2026-09-13 11:09:13,273 INFO request {"path": "/measure", "payload": {"arena_id": "default", "robot_id": "202601002029", "request_id": "53c9a7b5ff8b4f87ae4f525b8237c570", "position": {"x": 565.0000000000001, "y": 978.6087062764157}, "channel": 20}, "attempt": 1}
2026-09-13 11:09:13,274 INFO response {"request_id": "53c9a7b5ff8b4f87ae4f525b8237c570", "http_status": 200, "body": {"accepted": true, "real_timestamp_ms": 1789268949216, "virtual_time_s": 732, "measure_result": "no_signal"}}
2026-09-13 11:09:13,307 INFO request {"path": "/measure", "payload": {"arena_id": "default", "robot_id": "202601002029", "request_id": "0a9bda30bd7e4fc3b361403908f38d23", "position": {"x": 565.0000000000001, "y": 978.6087062764157}, "channel": 11}, "attempt": 1}
2026-09-13 11:09:13,319 INFO response {"request_id": "0a9bda30bd7e4fc3b361403908f38d23", "http_status": 200, "body": {"accepted": true, "real_timestamp_ms": 1789268949261, "virtual_time_s": 738, "measure_result": "direction", "svd_deg": 301.26}}
2026-09-13 11:09:13,338 INFO request {"path": "/measure", "payload": {"arena_id": "default", "robot_id": "202601002029", "request_id": "e0510440825f4a27b0995f7977a5d45c", "position": {"x": 565.0000000000001, "y": 978.6087062764157}, "channel": 4}, "attempt": 1}
2026-09-13 11:09:13,352 INFO response {"request_id": "e0510440825f4a27b0995f7977a5d45c", "http_status": 200, "body": {"accepted": true, "real_timestamp_ms": 1789268949294, "virtual_time_s": 744, "measure_result": "direction", "svd_deg": 211.95}}
2026-09-13 11:09:13,356 INFO request {"path": "/measure", "payload": {"arena_id": "default", "robot_id": "202601002029", "request_id": "ebccf32b029d4309898c862e09b77a9e", "position": {"x": -564.9999999999998, "y": 978.6087062764158}, "channel": 1}, "attempt": 1}
2026-09-13 11:09:13,357 INFO response {"request_id": "ebccf32b029d4309898c862e09b77a9e", "http_status": 200, "body": {"accepted": true, "real_timestamp_ms": 1789268949299, "virtual_time_s": 976, "measure_result": "no_signal"}}
2026-09-13 11:09:13,358 INFO request {"path": "/measure", "payload": {"arena_id": "default", "robot_id": "202601002029", "request_id": "4aeff6b68b29495a9fcce2d2713d93b5", "position": {"x": -564.9999999999998, "y": 978.6087062764158}, "channel": 3}, "attempt": 1}
2026-09-13 11:09:13,358 INFO response {"request_id": "4aeff6b68b29495a9fcce2d2713d93b5", "http_status": 200, "body": {"accepted": true, "real_timestamp_ms": 1789268949300, "virtual_time_s": 982, "measure_result": "no_signal"}}
2026-09-13 11:09:13,358 INFO request {"path": "/measure", "payload": {"arena_id": "default", "robot_id": "202601002029", "request_id": "a87b4d7ddf01454094a3d8d63f199835", "position": {"x": -564.9999999999998, "y": 978.6087062764158}, "channel": 5}, "attempt": 1}
2026-09-13 11:09:13,359 INFO response {"request_id": "a87b4d7ddf01454094a3d8d63f199835", "http_status": 200, "body": {"accepted": true, "real_timestamp_ms": 1789268949301, "virtual_time_s": 988, "measure_result": "direction", "svd_deg": 96.18}}
2026-09-13 11:09:13,360 INFO request {"path": "/measure", "payload": {"arena_id": "default", "robot_id": "202601002029", "request_id": "8a5e6597e14142568201ae28d68fb637", "position": {"x": -564.9999999999998, "y": 978.6087062764158}, "channel": 6}, "attempt": 1}
2026-09-13 11:09:13,381 INFO response {"request_id": "8a5e6597e14142568201ae28d68fb637", "http_status": 200, "body": {"accepted": true, "real_timestamp_ms": 1789268949323, "virtual_time_s": 994, "measure_result": "direction", "svd_deg": 222.15}}
2026-09-13 11:09:13,390 INFO request {"path": "/measure", "payload": {"arena_id": "default", "robot_id": "202601002029", "request_id": "440691000e7e4cdabe9bbec00ba3ecd9", "position": {"x": -564.9999999999998, "y": 978.6087062764158}, "channel": 7}, "attempt": 1}
2026-09-13 11:09:13,392 INFO response {"request_id": "440691000e7e4cdabe9bbec00ba3ecd9", "http_status": 200, "body": {"accepted": true, "real_timestamp_ms": 1789268949334, "virtual_time_s": 1000, "measure_result": "no_signal"}}
2026-09-13 11:09:13,392 INFO request {"path": "/measure", "payload": {"arena_id": "default", "robot_id": "202601002029", "request_id": "788181d8969f414aa8c52b02705df7c2", "position": {"x": -564.9999999999998, "y": 978.6087062764158}, "channel": 8}, "attempt": 1}
2026-09-13 11:09:13,413 INFO response {"request_id": "788181d8969f414aa8c52b02705df7c2", "http_status": 200, "body": {"accepted": true, "real_timestamp_ms": 1789268949355, "virtual_time_s": 1006, "measure_result": "no_signal"}}
2026-09-13 11:09:13,414 INFO request {"path": "/measure", "payload": {"arena_id": "default", "robot_id": "202601002029", "request_id": "a28c7e9a28354bad9954868e5ff0a60a", "position": {"x": -564.9999999999998, "y": 978.6087062764158}, "channel": 12}, "attempt": 1}
2026-09-13 11:09:13,417 INFO response {"request_id": "a28c7e9a28354bad9954868e5ff0a60a", "http_status": 200, "body": {"accepted": true, "real_timestamp_ms": 1789268949358, "virtual_time_s": 1012, "measure_result": "no_signal"}}
2026-09-13 11:09:13,417 INFO request {"path": "/measure", "payload": {"arena_id": "default", "robot_id": "202601002029", "request_id": "415bdf9dc8364708bb041444e8fa4aa2", "position": {"x": -564.9999999999998, "y": 978.6087062764158}, "channel": 13}, "attempt": 1}
2026-09-13 11:09:13,446 INFO response {"request_id": "415bdf9dc8364708bb041444e8fa4aa2", "http_status": 200, "body": {"accepted": true, "real_timestamp_ms": 1789268949386, "virtual_time_s": 1018, "measure_result": "no_signal"}}
2026-09-13 11:09:13,594 INFO request {"path": "/measure", "payload": {"arena_id": "default", "robot_id": "202601002029", "request_id": "9bc7577659f748b7bb8f693b2d784ef4", "position": {"x": -564.9999999999998, "y": 978.6087062764158}, "channel": 15}, "attempt": 1}
2026-09-13 11:09:13,598 INFO response {"request_id": "9bc7577659f748b7bb8f693b2d784ef4", "http_status": 200, "body": {"accepted": true, "real_timestamp_ms": 1789268949539, "virtual_time_s": 1024, "measure_result": "no_signal"}}
2026-09-13 11:09:13,598 INFO request {"path": "/measure", "payload": {"arena_id": "default", "robot_id": "202601002029", "request_id": "c4b63d977b1743b0a77255ee5068bc11", "position": {"x": -564.9999999999998, "y": 978.6087062764158}, "channel": 16}, "attempt": 1}
2026-09-13 11:09:13,616 INFO response {"request_id": "c4b63d977b1743b0a77255ee5068bc11", "http_status": 200, "body": {"accepted": true, "real_timestamp_ms": 1789268949558, "virtual_time_s": 1030, "measure_result": "no_signal"}}
2026-09-13 11:09:13,616 INFO request {"path": "/measure", "payload": {"arena_id": "default", "robot_id": "202601002029", "request_id": "db5572205f3f45ee9135159d486dac99", "position": {"x": -564.9999999999998, "y": 978.6087062764158}, "channel": 18}, "attempt": 1}
2026-09-13 11:09:13,618 INFO response {"request_id": "db5572205f3f45ee9135159d486dac99", "http_status": 200, "body": {"accepted": true, "real_timestamp_ms": 1789268949560, "virtual_time_s": 1036, "measure_result": "no_signal"}}
2026-09-13 11:09:13,619 INFO request {"path": "/measure", "payload": {"arena_id": "default", "robot_id": "202601002029", "request_id": "f343e47a0fde4340b52ea40e413819bb", "position": {"x": -564.9999999999998, "y": 978.6087062764158}, "channel": 20}, "attempt": 1}
2026-09-13 11:09:13,632 INFO response {"request_id": "f343e47a0fde4340b52ea40e413819bb", "http_status": 200, "body": {"accepted": true, "real_timestamp_ms": 1789268949573, "virtual_time_s": 1042, "measure_result": "no_signal"}}
2026-09-13 11:09:13,668 INFO request {"path": "/measure", "payload": {"arena_id": "default", "robot_id": "202601002029", "request_id": "2b7b922d4e7b447f8d4af65802509d9e", "position": {"x": -564.9999999999998, "y": 978.6087062764158}, "channel": 4}, "attempt": 1}
2026-09-13 11:09:13,695 INFO response {"request_id": "2b7b922d4e7b447f8d4af65802509d9e", "http_status": 200, "body": {"accepted": true, "real_timestamp_ms": 1789268949636, "virtual_time_s": 1048, "measure_result": "direction", "svd_deg": 342.11}}
2026-09-13 11:09:13,712 INFO request {"path": "/measure", "payload": {"arena_id": "default", "robot_id": "202601002029", "request_id": "81842c5ecb724483881314487ad89c33", "position": {"x": -564.9999999999998, "y": 978.6087062764158}, "channel": 9}, "attempt": 1}
2026-09-13 11:09:13,714 INFO response {"request_id": "81842c5ecb724483881314487ad89c33", "http_status": 200, "body": {"accepted": true, "real_timestamp_ms": 1789268949656, "virtual_time_s": 1054, "measure_result": "direction", "svd_deg": 302.52}}
2026-09-13 11:09:13,717 INFO request {"path": "/measure", "payload": {"arena_id": "default", "robot_id": "202601002029", "request_id": "0f026156ad554095829eb5084ad1f9a8", "position": {"x": -1130.0, "y": 1.3838508830365092e-13}, "channel": 1}, "attempt": 1}
2026-09-13 11:09:13,718 INFO response {"request_id": "0f026156ad554095829eb5084ad1f9a8", "http_status": 200, "body": {"accepted": true, "real_timestamp_ms": 1789268949661, "virtual_time_s": 1286, "measure_result": "no_signal"}}
2026-09-13 11:09:13,719 INFO request {"path": "/measure", "payload": {"arena_id": "default", "robot_id": "202601002029", "request_id": "14de0b81a63544f0a9da6521a7232b40", "position": {"x": -1130.0, "y": 1.3838508830365092e-13}, "channel": 3}, "attempt": 1}
2026-09-13 11:09:13,741 INFO response {"request_id": "14de0b81a63544f0a9da6521a7232b40", "http_status": 200, "body": {"accepted": true, "real_timestamp_ms": 1789268949683, "virtual_time_s": 1292, "measure_result": "no_signal"}}
2026-09-13 11:09:13,741 INFO request {"path": "/measure", "payload": {"arena_id": "default", "robot_id": "202601002029", "request_id": "cf855ffc447e4134bf82396438107715", "position": {"x": -1130.0, "y": 1.3838508830365092e-13}, "channel": 7}, "attempt": 1}
2026-09-13 11:09:13,757 INFO response {"request_id": "cf855ffc447e4134bf82396438107715", "http_status": 200, "body": {"accepted": true, "real_timestamp_ms": 1789268949699, "virtual_time_s": 1298, "measure_result": "no_signal"}}
2026-09-13 11:09:13,757 INFO request {"path": "/measure", "payload": {"arena_id": "default", "robot_id": "202601002029", "request_id": "47f85e9625294174bc1c57d5dfb19430", "position": {"x": -1130.0, "y": 1.3838508830365092e-13}, "channel": 8}, "attempt": 1}
2026-09-13 11:09:13,772 INFO response {"request_id": "47f85e9625294174bc1c57d5dfb19430", "http_status": 200, "body": {"accepted": true, "real_timestamp_ms": 1789268949715, "virtual_time_s": 1304, "measure_result": "no_signal"}}
2026-09-13 11:09:13,773 INFO request {"path": "/measure", "payload": {"arena_id": "default", "robot_id": "202601002029", "request_id": "27d28ad25666433f9fd56f791fd5ac4a", "position": {"x": -1130.0, "y": 1.3838508830365092e-13}, "channel": 12}, "attempt": 1}
2026-09-13 11:09:13,789 INFO response {"request_id": "27d28ad25666433f9fd56f791fd5ac4a", "http_status": 200, "body": {"accepted": true, "real_timestamp_ms": 1789268949731, "virtual_time_s": 1310, "measure_result": "direction", "svd_deg": 226.5}}
2026-09-13 11:09:13,792 INFO request {"path": "/measure", "payload": {"arena_id": "default", "robot_id": "202601002029", "request_id": "bee1b483c0d3410d8ceb88502c206398", "position": {"x": -1130.0, "y": 1.3838508830365092e-13}, "channel": 13}, "attempt": 1}
2026-09-13 11:09:13,794 INFO response {"request_id": "bee1b483c0d3410d8ceb88502c206398", "http_status": 200, "body": {"accepted": true, "real_timestamp_ms": 1789268949736, "virtual_time_s": 1316, "measure_result": "no_signal"}}
2026-09-13 11:09:13,795 INFO request {"path": "/measure", "payload": {"arena_id": "default", "robot_id": "202601002029", "request_id": "e40f9c8fc2d747eea6fa0235bbb5ea3a", "position": {"x": -1130.0, "y": 1.3838508830365092e-13}, "channel": 15}, "attempt": 1}
2026-09-13 11:09:13,820 INFO response {"request_id": "e40f9c8fc2d747eea6fa0235bbb5ea3a", "http_status": 200, "body": {"accepted": true, "real_timestamp_ms": 1789268949762, "virtual_time_s": 1322, "measure_result": "no_signal"}}
2026-09-13 11:09:13,820 INFO request {"path": "/measure", "payload": {"arena_id": "default", "robot_id": "202601002029", "request_id": "e4564b3ada7240c6ac3b0a987dcd756b", "position": {"x": -1130.0, "y": 1.3838508830365092e-13}, "channel": 16}, "attempt": 1}
2026-09-13 11:09:13,821 INFO response {"request_id": "e4564b3ada7240c6ac3b0a987dcd756b", "http_status": 200, "body": {"accepted": true, "real_timestamp_ms": 1789268949762, "virtual_time_s": 1328, "measure_result": "no_signal"}}
2026-09-13 11:09:13,821 INFO request {"path": "/measure", "payload": {"arena_id": "default", "robot_id": "202601002029", "request_id": "1291c94cf58648d2a934cb66338aac37", "position": {"x": -1130.0, "y": 1.3838508830365092e-13}, "channel": 18}, "attempt": 1}
2026-09-13 11:09:13,835 INFO response {"request_id": "1291c94cf58648d2a934cb66338aac37", "http_status": 200, "body": {"accepted": true, "real_timestamp_ms": 1789268949777, "virtual_time_s": 1334, "measure_result": "no_signal"}}
2026-09-13 11:09:13,836 INFO request {"path": "/measure", "payload": {"arena_id": "default", "robot_id": "202601002029", "request_id": "87c5ebb67c0f40ad8bf5f21f6e4f5ecb", "position": {"x": -1130.0, "y": 1.3838508830365092e-13}, "channel": 20}, "attempt": 1}
2026-09-13 11:09:13,836 INFO response {"request_id": "87c5ebb67c0f40ad8bf5f21f6e4f5ecb", "http_status": 200, "body": {"accepted": true, "real_timestamp_ms": 1789268949779, "virtual_time_s": 1340, "measure_result": "no_signal"}}
2026-09-13 11:09:13,849 INFO request {"path": "/measure", "payload": {"arena_id": "default", "robot_id": "202601002029", "request_id": "a882d57b0ca64270a6b5ad38a71467e4", "position": {"x": -1130.0, "y": 1.3838508830365092e-13}, "channel": 6}, "attempt": 1}
2026-09-13 11:09:13,850 INFO response {"request_id": "a882d57b0ca64270a6b5ad38a71467e4", "http_status": 200, "body": {"accepted": true, "real_timestamp_ms": 1789268949792, "virtual_time_s": 1346, "measure_result": "direction", "svd_deg": 115.36}}
2026-09-13 11:09:13,855 INFO request {"path": "/measure", "payload": {"arena_id": "default", "robot_id": "202601002029", "request_id": "2704d1f94e494e96bbca7ec1f517e7e0", "position": {"x": -565.0000000000005, "y": -978.6087062764154}, "channel": 1}, "attempt": 1}
2026-09-13 11:09:13,882 INFO response {"request_id": "2704d1f94e494e96bbca7ec1f517e7e0", "http_status": 200, "body": {"accepted": true, "real_timestamp_ms": 1789268949824, "virtual_time_s": 1578, "measure_result": "no_signal"}}
2026-09-13 11:09:13,883 INFO request {"path": "/measure", "payload": {"arena_id": "default", "robot_id": "202601002029", "request_id": "e7e137b3ab374fd0b9eafd34789aa757", "position": {"x": -565.0000000000005, "y": -978.6087062764154}, "channel": 3}, "attempt": 1}
2026-09-13 11:09:13,885 INFO response {"request_id": "e7e137b3ab374fd0b9eafd34789aa757", "http_status": 200, "body": {"accepted": true, "real_timestamp_ms": 1789268949826, "virtual_time_s": 1584, "measure_result": "no_signal"}}
2026-09-13 11:09:13,885 INFO request {"path": "/measure", "payload": {"arena_id": "default", "robot_id": "202601002029", "request_id": "d88a08688c6f44acb37092f052b1e3ce", "position": {"x": -565.0000000000005, "y": -978.6087062764154}, "channel": 7}, "attempt": 1}
2026-09-13 11:09:13,888 INFO response {"request_id": "d88a08688c6f44acb37092f052b1e3ce", "http_status": 200, "body": {"accepted": true, "real_timestamp_ms": 1789268949828, "virtual_time_s": 1590, "measure_result": "no_signal"}}
2026-09-13 11:09:13,888 INFO request {"path": "/measure", "payload": {"arena_id": "default", "robot_id": "202601002029", "request_id": "47e0ac156cb74ff693ad3a9e014d9ebd", "position": {"x": -565.0000000000005, "y": -978.6087062764154}, "channel": 8}, "attempt": 1}
2026-09-13 11:09:13,889 INFO response {"request_id": "47e0ac156cb74ff693ad3a9e014d9ebd", "http_status": 200, "body": {"accepted": true, "real_timestamp_ms": 1789268949831, "virtual_time_s": 1596, "measure_result": "no_signal"}}
2026-09-13 11:09:13,889 INFO request {"path": "/measure", "payload": {"arena_id": "default", "robot_id": "202601002029", "request_id": "ad5339aa4711488e834276e75b692f79", "position": {"x": -565.0000000000005, "y": -978.6087062764154}, "channel": 13}, "attempt": 1}
2026-09-13 11:09:13,891 INFO response {"request_id": "ad5339aa4711488e834276e75b692f79", "http_status": 200, "body": {"accepted": true, "real_timestamp_ms": 1789268949832, "virtual_time_s": 1602, "measure_result": "no_signal"}}
2026-09-13 11:09:13,891 INFO request {"path": "/measure", "payload": {"arena_id": "default", "robot_id": "202601002029", "request_id": "08223afcd4b04c5391eba4553144b45f", "position": {"x": -565.0000000000005, "y": -978.6087062764154}, "channel": 15}, "attempt": 1}
2026-09-13 11:09:13,912 INFO response {"request_id": "08223afcd4b04c5391eba4553144b45f", "http_status": 200, "body": {"accepted": true, "real_timestamp_ms": 1789268949854, "virtual_time_s": 1608, "measure_result": "no_signal"}}
2026-09-13 11:09:13,912 INFO request {"path": "/measure", "payload": {"arena_id": "default", "robot_id": "202601002029", "request_id": "fdeb387ffa3045e4ab8a912b29cde616", "position": {"x": -565.0000000000005, "y": -978.6087062764154}, "channel": 16}, "attempt": 1}
2026-09-13 11:09:13,914 INFO response {"request_id": "fdeb387ffa3045e4ab8a912b29cde616", "http_status": 200, "body": {"accepted": true, "real_timestamp_ms": 1789268949856, "virtual_time_s": 1614, "measure_result": "no_signal"}}
2026-09-13 11:09:13,914 INFO request {"path": "/measure", "payload": {"arena_id": "default", "robot_id": "202601002029", "request_id": "35bff144490d4cb89487509c405707a3", "position": {"x": -565.0000000000005, "y": -978.6087062764154}, "channel": 18}, "attempt": 1}
2026-09-13 11:09:13,914 INFO response {"request_id": "35bff144490d4cb89487509c405707a3", "http_status": 200, "body": {"accepted": true, "real_timestamp_ms": 1789268949857, "virtual_time_s": 1620, "measure_result": "no_signal"}}
2026-09-13 11:09:13,915 INFO request {"path": "/measure", "payload": {"arena_id": "default", "robot_id": "202601002029", "request_id": "95328aaf999c4907add352b411b1485d", "position": {"x": -565.0000000000005, "y": -978.6087062764154}, "channel": 20}, "attempt": 1}
2026-09-13 11:09:13,928 INFO response {"request_id": "95328aaf999c4907add352b411b1485d", "http_status": 200, "body": {"accepted": true, "real_timestamp_ms": 1789268949870, "virtual_time_s": 1626, "measure_result": "no_signal"}}
2026-09-13 11:09:13,965 INFO request {"path": "/measure", "payload": {"arena_id": "default", "robot_id": "202601002029", "request_id": "4a1b95e9a6f44ed29d5eef8614c6ac1b", "position": {"x": -565.0000000000005, "y": -978.6087062764154}, "channel": 2}, "attempt": 1}
2026-09-13 11:09:13,989 INFO response {"request_id": "4a1b95e9a6f44ed29d5eef8614c6ac1b", "http_status": 200, "body": {"accepted": true, "real_timestamp_ms": 1789268949932, "virtual_time_s": 1632, "measure_result": "direction", "svd_deg": 356.51}}
2026-09-13 11:09:14,021 INFO request {"path": "/measure", "payload": {"arena_id": "default", "robot_id": "202601002029", "request_id": "306052c7dd8d449096c4249c7ffacadc", "position": {"x": -565.0000000000005, "y": -978.6087062764154}, "channel": 17}, "attempt": 1}
2026-09-13 11:09:14,022 INFO response {"request_id": "306052c7dd8d449096c4249c7ffacadc", "http_status": 200, "body": {"accepted": true, "real_timestamp_ms": 1789268949965, "virtual_time_s": 1638, "measure_result": "direction", "svd_deg": 4.96}}
2026-09-13 11:09:14,026 INFO request {"path": "/measure", "payload": {"arena_id": "default", "robot_id": "202601002029", "request_id": "fb3dba41227c4fdbb7677331f18415a3", "position": {"x": 565.0000000000001, "y": -978.6087062764157}, "channel": 1}, "attempt": 1}
2026-09-13 11:09:14,052 INFO response {"request_id": "fb3dba41227c4fdbb7677331f18415a3", "http_status": 200, "body": {"accepted": true, "real_timestamp_ms": 1789268949994, "virtual_time_s": 1870, "measure_result": "no_signal"}}
2026-09-13 11:09:14,052 INFO request {"path": "/measure", "payload": {"arena_id": "default", "robot_id": "202601002029", "request_id": "6d4c54fbf65048dfae1d372dd01ccfe4", "position": {"x": 565.0000000000001, "y": -978.6087062764157}, "channel": 3}, "attempt": 1}
2026-09-13 11:09:14,052 INFO response {"request_id": "6d4c54fbf65048dfae1d372dd01ccfe4", "http_status": 200, "body": {"accepted": true, "real_timestamp_ms": 1789268949995, "virtual_time_s": 1876, "measure_result": "no_signal"}}
2026-09-13 11:09:14,053 INFO request {"path": "/measure", "payload": {"arena_id": "default", "robot_id": "202601002029", "request_id": "8de692974e714fa8978adc155f0013bc", "position": {"x": 565.0000000000001, "y": -978.6087062764157}, "channel": 7}, "attempt": 1}
2026-09-13 11:09:14,053 INFO response {"request_id": "8de692974e714fa8978adc155f0013bc", "http_status": 200, "body": {"accepted": true, "real_timestamp_ms": 1789268949996, "virtual_time_s": 1882, "measure_result": "no_signal"}}
2026-09-13 11:09:14,053 INFO request {"path": "/measure", "payload": {"arena_id": "default", "robot_id": "202601002029", "request_id": "81cfc03a66ec47b194bb9650433f02c7", "position": {"x": 565.0000000000001, "y": -978.6087062764157}, "channel": 8}, "attempt": 1}
2026-09-13 11:09:14,067 INFO response {"request_id": "81cfc03a66ec47b194bb9650433f02c7", "http_status": 200, "body": {"accepted": true, "real_timestamp_ms": 1789268950009, "virtual_time_s": 1888, "measure_result": "no_signal"}}
2026-09-13 11:09:14,067 INFO request {"path": "/measure", "payload": {"arena_id": "default", "robot_id": "202601002029", "request_id": "1b626e9a4b254f479148c01dab2cee78", "position": {"x": 565.0000000000001, "y": -978.6087062764157}, "channel": 13}, "attempt": 1}
2026-09-13 11:09:14,083 INFO response {"request_id": "1b626e9a4b254f479148c01dab2cee78", "http_status": 200, "body": {"accepted": true, "real_timestamp_ms": 1789268950025, "virtual_time_s": 1894, "measure_result": "no_signal"}}
2026-09-13 11:09:14,083 INFO request {"path": "/measure", "payload": {"arena_id": "default", "robot_id": "202601002029", "request_id": "04f0d0161d934c87aee1f2c4b5d36039", "position": {"x": 565.0000000000001, "y": -978.6087062764157}, "channel": 15}, "attempt": 1}
2026-09-13 11:09:14,085 INFO response {"request_id": "04f0d0161d934c87aee1f2c4b5d36039", "http_status": 200, "body": {"accepted": true, "real_timestamp_ms": 1789268950027, "virtual_time_s": 1900, "measure_result": "no_signal"}}
2026-09-13 11:09:14,085 INFO request {"path": "/measure", "payload": {"arena_id": "default", "robot_id": "202601002029", "request_id": "20d838d1c161405c8950a60e02631e5b", "position": {"x": 565.0000000000001, "y": -978.6087062764157}, "channel": 16}, "attempt": 1}
2026-09-13 11:09:14,085 INFO response {"request_id": "20d838d1c161405c8950a60e02631e5b", "http_status": 200, "body": {"accepted": true, "real_timestamp_ms": 1789268950028, "virtual_time_s": 1906, "measure_result": "direction", "svd_deg": 312.43}}
2026-09-13 11:09:14,088 INFO request {"path": "/measure", "payload": {"arena_id": "default", "robot_id": "202601002029", "request_id": "e8e06acacbf942cd979706eebf4cab23", "position": {"x": 565.0000000000001, "y": -978.6087062764157}, "channel": 18}, "attempt": 1}
2026-09-13 11:09:14,089 INFO response {"request_id": "e8e06acacbf942cd979706eebf4cab23", "http_status": 200, "body": {"accepted": true, "real_timestamp_ms": 1789268950031, "virtual_time_s": 1912, "measure_result": "no_signal"}}
2026-09-13 11:09:14,089 INFO request {"path": "/measure", "payload": {"arena_id": "default", "robot_id": "202601002029", "request_id": "a9d8f664f0fa49fd89c434a44c4948b9", "position": {"x": 565.0000000000001, "y": -978.6087062764157}, "channel": 20}, "attempt": 1}
2026-09-13 11:09:14,114 INFO response {"request_id": "a9d8f664f0fa49fd89c434a44c4948b9", "http_status": 200, "body": {"accepted": true, "real_timestamp_ms": 1789268950056, "virtual_time_s": 1918, "measure_result": "no_signal"}}
2026-09-13 11:09:14,133 INFO request {"path": "/measure", "payload": {"arena_id": "default", "robot_id": "202601002029", "request_id": "3d5112eb31914750805e5f3631cd2a33", "position": {"x": 565.0000000000001, "y": -978.6087062764157}, "channel": 2}, "attempt": 1}
2026-09-13 11:09:14,134 INFO response {"request_id": "3d5112eb31914750805e5f3631cd2a33", "http_status": 200, "body": {"accepted": true, "real_timestamp_ms": 1789268950076, "virtual_time_s": 1924, "measure_result": "direction", "svd_deg": 188.2}}
2026-09-13 11:09:14,156 INFO request {"path": "/measure", "payload": {"arena_id": "default", "robot_id": "202601002029", "request_id": "45da29d82c6b45de9e9d5208182244d8", "position": {"x": 565.0000000000001, "y": -978.6087062764157}, "channel": 19}, "attempt": 1}
2026-09-13 11:09:14,176 INFO response {"request_id": "45da29d82c6b45de9e9d5208182244d8", "http_status": 200, "body": {"accepted": true, "real_timestamp_ms": 1789268950118, "virtual_time_s": 1930, "measure_result": "direction", "svd_deg": 14.51}}
2026-09-13 11:09:20,754 INFO request {"path": "/measure", "payload": {"arena_id": "default", "robot_id": "202601002029", "request_id": "abe402faaed24b95a08b1f895f81c32a", "position": {"x": 707.625621309436, "y": -838.4019584142054}, "channel": 19}, "attempt": 1}
2026-09-13 11:09:20,757 INFO response {"request_id": "abe402faaed24b95a08b1f895f81c32a", "http_status": 200, "body": {"accepted": true, "real_timestamp_ms": 1789268956698, "virtual_time_s": 1975, "measure_result": "direction", "svd_deg": 356.42}}
2026-09-13 11:09:20,807 INFO request {"path": "/measure", "payload": {"arena_id": "default", "robot_id": "202601002029", "request_id": "39ab426b680242e49bd42e81769b574d", "position": {"x": 707.625621309436, "y": -838.4019584142054}, "channel": 17}, "attempt": 1}
2026-09-13 11:09:20,833 INFO response {"request_id": "39ab426b680242e49bd42e81769b574d", "http_status": 200, "body": {"accepted": true, "real_timestamp_ms": 1789268956774, "virtual_time_s": 1981, "measure_result": "direction", "svd_deg": 191.01}}
2026-09-13 11:09:20,873 INFO request {"path": "/measure", "payload": {"arena_id": "default", "robot_id": "202601002029", "request_id": "a51189521f5a4ac0909d70c8797c82ce", "position": {"x": 707.625621309436, "y": -838.4019584142054}, "channel": 14}, "attempt": 1}
2026-09-13 11:09:20,874 INFO response {"request_id": "a51189521f5a4ac0909d70c8797c82ce", "http_status": 200, "body": {"accepted": true, "real_timestamp_ms": 1789268956817, "virtual_time_s": 1987, "measure_result": "direction", "svd_deg": 146.75}}
2026-09-13 11:09:21,601 INFO request {"path": "/clear", "payload": {"arena_id": "default", "robot_id": "202601002029", "request_id": "c9113078a96b405f9cd121e52c050f9b", "position": {"x": 1007.021044688149, "y": -856.8609611432621}, "channel": 19}, "attempt": 1}
2026-09-13 11:09:21,602 INFO response {"request_id": "c9113078a96b405f9cd121e52c050f9b", "http_status": 200, "body": {"accepted": true, "real_timestamp_ms": 1789268957544, "virtual_time_s": 2051.992784, "clear_result": "success"}}
2026-09-13 11:09:21,621 INFO request {"path": "/measure", "payload": {"arena_id": "default", "robot_id": "202601002029", "request_id": "02074a0b85604c34a37cc02aa5b383a8", "position": {"x": 1007.021044688149, "y": -856.8609611432621}, "channel": 16}, "attempt": 1}
2026-09-13 11:09:21,622 INFO response {"request_id": "02074a0b85604c34a37cc02aa5b383a8", "http_status": 200, "body": {"accepted": true, "real_timestamp_ms": 1789268957564, "virtual_time_s": 2057.992784, "measure_result": "direction", "svd_deg": 246.67}}
2026-09-13 11:09:21,661 INFO request {"path": "/clear", "payload": {"arena_id": "default", "robot_id": "202601002029", "request_id": "0ac9bbb3487c4e20b372487fdbd373a1", "position": {"x": 829.7000711467415, "y": -1268.4894143615097}, "channel": 16}, "attempt": 1}
2026-09-13 11:09:21,674 INFO response {"request_id": "0ac9bbb3487c4e20b372487fdbd373a1", "http_status": 200, "body": {"accepted": true, "real_timestamp_ms": 1789268957617, "virtual_time_s": 2152.63222, "clear_result": "success"}}
2026-09-13 11:09:21,681 INFO request {"path": "/clear", "payload": {"arena_id": "default", "robot_id": "202601002029", "request_id": "2aab76ba14434a4c939eab8477239d1d", "position": {"x": 237.08213156188577, "y": -1025.528656463854}, "channel": 2}, "attempt": 1}
2026-09-13 11:09:21,683 INFO response {"request_id": "2aab76ba14434a4c939eab8477239d1d", "http_status": 200, "body": {"accepted": true, "real_timestamp_ms": 1789268957625, "virtual_time_s": 2285.729988, "clear_result": "success"}}
2026-09-13 11:09:21,688 INFO request {"path": "/clear", "payload": {"arena_id": "default", "robot_id": "202601002029", "request_id": "61f48be357d0453a82f7756d9b5375c6", "position": {"x": 420.632666884783, "y": -893.9005166975485}, "channel": 17}, "attempt": 1}
2026-09-13 11:09:21,690 INFO response {"request_id": "61f48be357d0453a82f7756d9b5375c6", "http_status": 200, "body": {"accepted": true, "real_timestamp_ms": 1789268957632, "virtual_time_s": 2335.903771, "clear_result": "success"}}
2026-09-13 11:09:21,695 INFO request {"path": "/measure", "payload": {"arena_id": "default", "robot_id": "202601002029", "request_id": "dada882f4ffd4a11b834c7690b8d052a", "position": {"x": 461.7445259452398, "y": -587.3837228992129}, "channel": 14}, "attempt": 1}
2026-09-13 11:09:21,698 INFO response {"request_id": "dada882f4ffd4a11b834c7690b8d052a", "http_status": 200, "body": {"accepted": true, "real_timestamp_ms": 1789268957640, "virtual_time_s": 2403.756089, "measure_result": "direction", "svd_deg": 157.26}}
2026-09-13 11:09:21,713 INFO request {"path": "/clear", "payload": {"arena_id": "default", "robot_id": "202601002029", "request_id": "388c98d24d864e7dbc9bea9e6b15d5c3", "position": {"x": 90.902251031888, "y": -431.6840373269069}, "channel": 14}, "attempt": 1}
2026-09-13 11:09:21,737 INFO response {"request_id": "388c98d24d864e7dbc9bea9e6b15d5c3", "http_status": 200, "body": {"accepted": true, "real_timestamp_ms": 1789268957680, "virtual_time_s": 2489.196473, "clear_result": "success"}}
2026-09-13 11:09:21,745 INFO request {"path": "/measure", "payload": {"arena_id": "default", "robot_id": "202601002029", "request_id": "0226e89a87e644e4bb4a97763f1045de", "position": {"x": -1140.311267466671, "y": -885.1409462833356}, "channel": 12}, "attempt": 1}
2026-09-13 11:09:21,747 INFO response {"request_id": "0226e89a87e644e4bb4a97763f1045de", "http_status": 200, "body": {"accepted": true, "real_timestamp_ms": 1789268957688, "virtual_time_s": 2757.609117, "measure_result": "direction", "svd_deg": 138.23}}
2026-09-13 11:09:21,762 INFO request {"path": "/clear", "payload": {"arena_id": "default", "robot_id": "202601002029", "request_id": "97d8c4ec429a4d6793229d67cad08efe", "position": {"x": -1589.647308443698, "y": -484.0915707120601}, "channel": 12}, "attempt": 1}
2026-09-13 11:09:21,765 INFO response {"request_id": "97d8c4ec429a4d6793229d67cad08efe", "http_status": 200, "body": {"accepted": true, "real_timestamp_ms": 1789268957707, "virtual_time_s": 2883.065496, "clear_result": "success"}}
2026-09-13 11:09:21,803 INFO request {"path": "/measure", "payload": {"arena_id": "default", "robot_id": "202601002029", "request_id": "a0730e1c888c449dbd6c3e7636668755", "position": {"x": -1506.7546953139101, "y": -4.897564864348396}, "channel": 6}, "attempt": 1}
2026-09-13 11:09:21,805 INFO response {"request_id": "a0730e1c888c449dbd6c3e7636668755", "http_status": 200, "body": {"accepted": true, "real_timestamp_ms": 1789268957747, "virtual_time_s": 2986.327633, "measure_result": "direction", "svd_deg": 56.54}}
2026-09-13 11:09:21,821 INFO request {"path": "/clear", "payload": {"arena_id": "default", "robot_id": "202601002029", "request_id": "a0c111d6898d489f99b619f8a92b7bc7", "position": {"x": -1285.96801743061, "y": 329.5507372915175}, "channel": 6}, "attempt": 1}
2026-09-13 11:09:21,847 INFO response {"request_id": "a0c111d6898d489f99b619f8a92b7bc7", "http_status": 200, "body": {"accepted": true, "real_timestamp_ms": 1789268957789, "virtual_time_s": 3071.478097, "clear_result": "success"}}
2026-09-13 11:09:21,850 INFO request {"path": "/measure", "payload": {"arena_id": "default", "robot_id": "202601002029", "request_id": "3eaaec92ee044eba895a4c1ea499014c", "position": {"x": -417.3130161296353, "y": 208.93244901391736}, "channel": 9}, "attempt": 1}
2026-09-13 11:09:21,854 INFO response {"request_id": "3eaaec92ee044eba895a4c1ea499014c", "http_status": 200, "body": {"accepted": true, "real_timestamp_ms": 1789268957796, "virtual_time_s": 3252.875963, "measure_result": "direction", "svd_deg": 353.3}}
2026-09-13 11:09:21,868 INFO request {"path": "/clear", "payload": {"arena_id": "default", "robot_id": "202601002029", "request_id": "3bfe7ecf74d64aeeb2d91e506b8f590e", "position": {"x": -31.57395576029233, "y": 163.52717683309714}, "channel": 9}, "attempt": 1}
2026-09-13 11:09:21,870 INFO response {"request_id": "3bfe7ecf74d64aeeb2d91e506b8f590e", "http_status": 200, "body": {"accepted": true, "real_timestamp_ms": 1789268957812, "virtual_time_s": 3335.556401, "clear_result": "success"}}
2026-09-13 11:09:21,873 INFO request {"path": "/clear", "payload": {"arena_id": "default", "robot_id": "202601002029", "request_id": "7e3a2548762f4ce2abf518e5d270d8ff", "position": {"x": 192.3604180003004, "y": 737.9397481576992}, "channel": 4}, "attempt": 1}
2026-09-13 11:09:21,875 INFO response {"request_id": "7e3a2548762f4ce2abf518e5d270d8ff", "http_status": 200, "body": {"accepted": true, "real_timestamp_ms": 1789268957817, "virtual_time_s": 3463.860319, "clear_result": "success"}}
2026-09-13 11:09:21,879 INFO request {"path": "/clear", "payload": {"arena_id": "default", "robot_id": "202601002029", "request_id": "f695490255654419a8670757185dd7a5", "position": {"x": 820.2950983488254, "y": 557.4630403498579}, "channel": 11}, "attempt": 1}
2026-09-13 11:09:21,881 INFO response {"request_id": "f695490255654419a8670757185dd7a5", "http_status": 200, "body": {"accepted": true, "real_timestamp_ms": 1789268957823, "virtual_time_s": 3599.53148, "clear_result": "success"}}
2026-09-13 11:09:21,904 INFO request {"path": "/measure", "payload": {"arena_id": "default", "robot_id": "202601002029", "request_id": "02e2bcc70f5346a490b3ff15e75ad8cd", "position": {"x": 820.2950983488254, "y": 557.4630403498579}, "channel": 10}, "attempt": 1}
2026-09-13 11:09:21,924 INFO response {"request_id": "02e2bcc70f5346a490b3ff15e75ad8cd", "http_status": 200, "body": {"accepted": true, "real_timestamp_ms": 1789268957866, "virtual_time_s": 3605.53148, "measure_result": "direction", "svd_deg": 152.89}}
2026-09-13 11:09:21,932 INFO request {"path": "/clear", "payload": {"arena_id": "default", "robot_id": "202601002029", "request_id": "1393eb3c2fd84c3b84db64f711286324", "position": {"x": 480.30372353234463, "y": 731.2049544887169}, "channel": 10}, "attempt": 1}
2026-09-13 11:09:21,956 INFO response {"request_id": "1393eb3c2fd84c3b84db64f711286324", "http_status": 200, "body": {"accepted": true, "real_timestamp_ms": 1789268957897, "virtual_time_s": 3686.893876, "clear_result": "success"}}
2026-09-13 11:09:21,957 INFO request {"path": "/measure", "payload": {"arena_id": "default", "robot_id": "202601002029", "request_id": "00f9910e141c4db3a4bc9a9931f310f1", "position": {"x": -322.6812082389652, "y": 1527.4999552132817}, "channel": 5}, "attempt": 1}
2026-09-13 11:09:21,959 INFO response {"request_id": "00f9910e141c4db3a4bc9a9931f310f1", "http_status": 200, "body": {"accepted": true, "real_timestamp_ms": 1789268957902, "virtual_time_s": 3919.068192, "measure_result": "direction", "svd_deg": 224.72}}
2026-09-13 11:09:21,967 INFO request {"path": "/clear", "payload": {"arena_id": "default", "robot_id": "202601002029", "request_id": "2cd1da1d8cd54187abecd39d35ef326c", "position": {"x": -594.9864116417884, "y": 1257.5585293422107}, "channel": 5}, "attempt": 1}
2026-09-13 11:09:21,969 INFO response {"request_id": "2cd1da1d8cd54187abecd39d35ef326c", "http_status": 200, "body": {"accepted": true, "real_timestamp_ms": 1789268957911, "virtual_time_s": 4000.754174, "clear_result": "success"}}
2026-09-13 11:09:21,969 INFO request {"path": "/exit", "payload": {"arena_id": "default", "robot_id": "202601002029", "request_id": "3de0c753671749cb9660b37713d4897c"}, "attempt": 1}
2026-09-13 11:09:21,986 INFO response {"request_id": "3de0c753671749cb9660b37713d4897c", "http_status": 200, "body": {"accepted": true, "real_timestamp_ms": 1789268957928, "virtual_time_s": 4000.754174, "exit_reason": "user_exit"}}
