2026-09-12 15:20:23,612 INFO request {"path": "/enter", "payload": {"arena_id": "default", "robot_id": "202601002029", "request_id": "3710d998fd934931b06f9ace4f377d88"}, "attempt": 1}
2026-09-12 15:20:23,617 INFO response {"request_id": "3710d998fd934931b06f9ace4f377d88", "http_status": 200, "body": {"accepted": true, "real_timestamp_ms": 1789197620284, "virtual_time_s": 0, "max_virtual_duration_s": 360000, "max_real_duration_s": 1200, "remaining_real_duration_s": 1200}}
2026-09-12 15:20:23,617 INFO request {"path": "/measure", "payload": {"arena_id": "default", "robot_id": "202601002029", "request_id": "b704299f45074b86b5b82160345969eb", "position": {"x": 0.0, "y": 0.0}, "channel": 1}, "attempt": 1}
2026-09-12 15:20:23,628 INFO response {"request_id": "b704299f45074b86b5b82160345969eb", "http_status": 200, "body": {"accepted": true, "real_timestamp_ms": 1789197620296, "virtual_time_s": 5, "measure_result": "no_signal"}}
2026-09-12 15:20:23,631 INFO request {"path": "/measure", "payload": {"arena_id": "default", "robot_id": "202601002029", "request_id": "d69459852cb142808c4b50ed2639ec68", "position": {"x": 0.0, "y": 0.0}, "channel": 2}, "attempt": 1}
2026-09-12 15:20:23,648 INFO response {"request_id": "d69459852cb142808c4b50ed2639ec68", "http_status": 200, "body": {"accepted": true, "real_timestamp_ms": 1789197620315, "virtual_time_s": 11, "measure_result": "no_signal"}}
2026-09-12 15:20:23,648 INFO request {"path": "/measure", "payload": {"arena_id": "default", "robot_id": "202601002029", "request_id": "e4659d2a51254e45b0831467624f2a2c", "position": {"x": 0.0, "y": 0.0}, "channel": 3}, "attempt": 1}
2026-09-12 15:20:23,667 INFO response {"request_id": "e4659d2a51254e45b0831467624f2a2c", "http_status": 200, "body": {"accepted": true, "real_timestamp_ms": 1789197620335, "virtual_time_s": 17, "measure_result": "no_signal"}}
2026-09-12 15:20:23,668 INFO request {"path": "/measure", "payload": {"arena_id": "default", "robot_id": "202601002029", "request_id": "216787aa885f438e8787a9de5a0700c2", "position": {"x": 0.0, "y": 0.0}, "channel": 4}, "attempt": 1}
2026-09-12 15:20:23,669 INFO response {"request_id": "216787aa885f438e8787a9de5a0700c2", "http_status": 200, "body": {"accepted": true, "real_timestamp_ms": 1789197620337, "virtual_time_s": 23, "measure_result": "no_signal"}}
2026-09-12 15:20:23,669 INFO request {"path": "/measure", "payload": {"arena_id": "default", "robot_id": "202601002029", "request_id": "0dd6f201874f421fb1e282ae579add37", "position": {"x": 0.0, "y": 0.0}, "channel": 5}, "attempt": 1}
2026-09-12 15:20:23,670 INFO response {"request_id": "0dd6f201874f421fb1e282ae579add37", "http_status": 200, "body": {"accepted": true, "real_timestamp_ms": 1789197620338, "virtual_time_s": 29, "measure_result": "direction", "svd_deg": 133.3}}
2026-09-12 15:20:23,686 INFO request {"path": "/measure", "payload": {"arena_id": "default", "robot_id": "202601002029", "request_id": "267df35cd2f24a0d8f8a418b5998e8e7", "position": {"x": 0.0, "y": 0.0}, "channel": 6}, "attempt": 1}
2026-09-12 15:20:23,706 INFO response {"request_id": "267df35cd2f24a0d8f8a418b5998e8e7", "http_status": 200, "body": {"accepted": true, "real_timestamp_ms": 1789197620374, "virtual_time_s": 35, "measure_result": "direction", "svd_deg": 107.94}}
2026-09-12 15:20:23,707 INFO request {"path": "/measure", "payload": {"arena_id": "default", "robot_id": "202601002029", "request_id": "4a57fed8161846dfb540f42ef08a9240", "position": {"x": 0.0, "y": 0.0}, "channel": 7}, "attempt": 1}
2026-09-12 15:20:23,725 INFO response {"request_id": "4a57fed8161846dfb540f42ef08a9240", "http_status": 200, "body": {"accepted": true, "real_timestamp_ms": 1789197620394, "virtual_time_s": 41, "measure_result": "no_signal"}}
2026-09-12 15:20:23,726 INFO request {"path": "/measure", "payload": {"arena_id": "default", "robot_id": "202601002029", "request_id": "94c26fad826141d7a5a4152764b71c5d", "position": {"x": 0.0, "y": 0.0}, "channel": 8}, "attempt": 1}
2026-09-12 15:20:23,745 INFO response {"request_id": "94c26fad826141d7a5a4152764b71c5d", "http_status": 200, "body": {"accepted": true, "real_timestamp_ms": 1789197620413, "virtual_time_s": 47, "measure_result": "no_signal"}}
2026-09-12 15:20:23,745 INFO request {"path": "/measure", "payload": {"arena_id": "default", "robot_id": "202601002029", "request_id": "8e0c0437396e4efbb8ec2ed426c93715", "position": {"x": 0.0, "y": 0.0}, "channel": 9}, "attempt": 1}
2026-09-12 15:20:23,766 INFO response {"request_id": "8e0c0437396e4efbb8ec2ed426c93715", "http_status": 200, "body": {"accepted": true, "real_timestamp_ms": 1789197620432, "virtual_time_s": 53, "measure_result": "no_signal"}}
2026-09-12 15:20:23,766 INFO request {"path": "/measure", "payload": {"arena_id": "default", "robot_id": "202601002029", "request_id": "4da1ba2208de4a6fba87abcc533e114f", "position": {"x": 0.0, "y": 0.0}, "channel": 10}, "attempt": 1}
2026-09-12 15:20:23,784 INFO response {"request_id": "4da1ba2208de4a6fba87abcc533e114f", "http_status": 200, "body": {"accepted": true, "real_timestamp_ms": 1789197620452, "virtual_time_s": 59, "measure_result": "no_signal"}}
2026-09-12 15:20:23,784 INFO request {"path": "/measure", "payload": {"arena_id": "default", "robot_id": "202601002029", "request_id": "6ef5dfc60ad7498fb07cc5deb371abf6", "position": {"x": 0.0, "y": 0.0}, "channel": 11}, "attempt": 1}
2026-09-12 15:20:23,805 INFO response {"request_id": "6ef5dfc60ad7498fb07cc5deb371abf6", "http_status": 200, "body": {"accepted": true, "real_timestamp_ms": 1789197620473, "virtual_time_s": 65, "measure_result": "no_signal"}}
2026-09-12 15:20:23,806 INFO request {"path": "/measure", "payload": {"arena_id": "default", "robot_id": "202601002029", "request_id": "27dc8e02ca3d4a0d884aecbb7746f300", "position": {"x": 0.0, "y": 0.0}, "channel": 12}, "attempt": 1}
2026-09-12 15:20:23,807 INFO response {"request_id": "27dc8e02ca3d4a0d884aecbb7746f300", "http_status": 200, "body": {"accepted": true, "real_timestamp_ms": 1789197620475, "virtual_time_s": 71, "measure_result": "no_signal"}}
2026-09-12 15:20:23,807 INFO request {"path": "/measure", "payload": {"arena_id": "default", "robot_id": "202601002029", "request_id": "214f1b8354664263b894374f47b5f063", "position": {"x": 0.0, "y": 0.0}, "channel": 13}, "attempt": 1}
2026-09-12 15:20:23,810 INFO response {"request_id": "214f1b8354664263b894374f47b5f063", "http_status": 200, "body": {"accepted": true, "real_timestamp_ms": 1789197620477, "virtual_time_s": 77, "measure_result": "direction", "svd_deg": 100.96}}
2026-09-12 15:20:23,814 INFO request {"path": "/measure", "payload": {"arena_id": "default", "robot_id": "202601002029", "request_id": "7c95bf7ebd9045ff9743bf0fa9b818e2", "position": {"x": 0.0, "y": 0.0}, "channel": 14}, "attempt": 1}
2026-09-12 15:20:23,815 INFO response {"request_id": "7c95bf7ebd9045ff9743bf0fa9b818e2", "http_status": 200, "body": {"accepted": true, "real_timestamp_ms": 1789197620483, "virtual_time_s": 83, "measure_result": "no_signal"}}
2026-09-12 15:20:23,816 INFO request {"path": "/measure", "payload": {"arena_id": "default", "robot_id": "202601002029", "request_id": "e921d63aad90436484370e4d5b2bf964", "position": {"x": 0.0, "y": 0.0}, "channel": 15}, "attempt": 1}
2026-09-12 15:20:23,817 INFO response {"request_id": "e921d63aad90436484370e4d5b2bf964", "http_status": 200, "body": {"accepted": true, "real_timestamp_ms": 1789197620485, "virtual_time_s": 89, "measure_result": "direction", "svd_deg": 221.12}}
2026-09-12 15:20:23,821 INFO request {"path": "/measure", "payload": {"arena_id": "default", "robot_id": "202601002029", "request_id": "956f667e00104bc9ac61c10694f48b1d", "position": {"x": 0.0, "y": 0.0}, "channel": 16}, "attempt": 1}
2026-09-12 15:20:23,822 INFO response {"request_id": "956f667e00104bc9ac61c10694f48b1d", "http_status": 200, "body": {"accepted": true, "real_timestamp_ms": 1789197620490, "virtual_time_s": 95, "measure_result": "direction", "svd_deg": 159.62}}
2026-09-12 15:20:23,826 INFO request {"path": "/measure", "payload": {"arena_id": "default", "robot_id": "202601002029", "request_id": "5a9fdfa396f94e84b69ea31a56f07f3e", "position": {"x": 0.0, "y": 0.0}, "channel": 17}, "attempt": 1}
2026-09-12 15:20:23,844 INFO response {"request_id": "5a9fdfa396f94e84b69ea31a56f07f3e", "http_status": 200, "body": {"accepted": true, "real_timestamp_ms": 1789197620511, "virtual_time_s": 101, "measure_result": "direction", "svd_deg": 47.21}}
2026-09-12 15:20:23,848 INFO request {"path": "/measure", "payload": {"arena_id": "default", "robot_id": "202601002029", "request_id": "5fcad35296fa4dbcb24c46f6150882f4", "position": {"x": 0.0, "y": 0.0}, "channel": 18}, "attempt": 1}
2026-09-12 15:20:23,849 INFO response {"request_id": "5fcad35296fa4dbcb24c46f6150882f4", "http_status": 200, "body": {"accepted": true, "real_timestamp_ms": 1789197620517, "virtual_time_s": 107, "measure_result": "no_signal"}}
2026-09-12 15:20:23,849 INFO request {"path": "/measure", "payload": {"arena_id": "default", "robot_id": "202601002029", "request_id": "ed6ec9760eb84321be5c18b0385a5007", "position": {"x": 0.0, "y": 0.0}, "channel": 19}, "attempt": 1}
2026-09-12 15:20:23,851 INFO response {"request_id": "ed6ec9760eb84321be5c18b0385a5007", "http_status": 200, "body": {"accepted": true, "real_timestamp_ms": 1789197620518, "virtual_time_s": 113, "measure_result": "no_signal"}}
2026-09-12 15:20:23,851 INFO request {"path": "/measure", "payload": {"arena_id": "default", "robot_id": "202601002029", "request_id": "f971697bac864383ae2bbdd5e31566a6", "position": {"x": 0.0, "y": 0.0}, "channel": 20}, "attempt": 1}
2026-09-12 15:20:23,853 INFO response {"request_id": "f971697bac864383ae2bbdd5e31566a6", "http_status": 200, "body": {"accepted": true, "real_timestamp_ms": 1789197620521, "virtual_time_s": 119, "measure_result": "direction", "svd_deg": 249.63}}
2026-09-12 15:20:23,856 INFO request {"path": "/measure", "payload": {"arena_id": "default", "robot_id": "202601002029", "request_id": "e284f086e81f409aa4ea9748bf156872", "position": {"x": 1200.0, "y": 0.0}, "channel": 1}, "attempt": 1}
2026-09-12 15:20:23,874 INFO response {"request_id": "e284f086e81f409aa4ea9748bf156872", "http_status": 200, "body": {"accepted": true, "real_timestamp_ms": 1789197620541, "virtual_time_s": 365, "measure_result": "no_signal"}}
2026-09-12 15:20:23,874 INFO request {"path": "/measure", "payload": {"arena_id": "default", "robot_id": "202601002029", "request_id": "7a02e583382e4ca6911a3c19fb865b9f", "position": {"x": 1200.0, "y": 0.0}, "channel": 2}, "attempt": 1}
2026-09-12 15:20:23,893 INFO response {"request_id": "7a02e583382e4ca6911a3c19fb865b9f", "http_status": 200, "body": {"accepted": true, "real_timestamp_ms": 1789197620561, "virtual_time_s": 371, "measure_result": "no_signal"}}
2026-09-12 15:20:23,894 INFO request {"path": "/measure", "payload": {"arena_id": "default", "robot_id": "202601002029", "request_id": "1eccb462f7704fd1971be6a463f6e3a0", "position": {"x": 1200.0, "y": 0.0}, "channel": 3}, "attempt": 1}
2026-09-12 15:20:23,895 INFO response {"request_id": "1eccb462f7704fd1971be6a463f6e3a0", "http_status": 200, "body": {"accepted": true, "real_timestamp_ms": 1789197620563, "virtual_time_s": 377, "measure_result": "no_signal"}}
2026-09-12 15:20:23,896 INFO request {"path": "/measure", "payload": {"arena_id": "default", "robot_id": "202601002029", "request_id": "e64e04e2dbb1482e8b172901affbb71f", "position": {"x": 1200.0, "y": 0.0}, "channel": 4}, "attempt": 1}
2026-09-12 15:20:23,912 INFO response {"request_id": "e64e04e2dbb1482e8b172901affbb71f", "http_status": 200, "body": {"accepted": true, "real_timestamp_ms": 1789197620580, "virtual_time_s": 383, "measure_result": "no_signal"}}
2026-09-12 15:20:23,913 INFO request {"path": "/measure", "payload": {"arena_id": "default", "robot_id": "202601002029", "request_id": "4fada24cf584498f87866dbd098f4f35", "position": {"x": 1200.0, "y": 0.0}, "channel": 7}, "attempt": 1}
2026-09-12 15:20:23,915 INFO response {"request_id": "4fada24cf584498f87866dbd098f4f35", "http_status": 200, "body": {"accepted": true, "real_timestamp_ms": 1789197620582, "virtual_time_s": 389, "measure_result": "no_signal"}}
2026-09-12 15:20:23,915 INFO request {"path": "/measure", "payload": {"arena_id": "default", "robot_id": "202601002029", "request_id": "a50c036faf854cf2836ac9e477378223", "position": {"x": 1200.0, "y": 0.0}, "channel": 8}, "attempt": 1}
2026-09-12 15:20:23,916 INFO response {"request_id": "a50c036faf854cf2836ac9e477378223", "http_status": 200, "body": {"accepted": true, "real_timestamp_ms": 1789197620584, "virtual_time_s": 395, "measure_result": "no_signal"}}
2026-09-12 15:20:23,916 INFO request {"path": "/measure", "payload": {"arena_id": "default", "robot_id": "202601002029", "request_id": "f3be1535079e48d0a71983f3df8e4b68", "position": {"x": 1200.0, "y": 0.0}, "channel": 9}, "attempt": 1}
2026-09-12 15:20:23,918 INFO response {"request_id": "f3be1535079e48d0a71983f3df8e4b68", "http_status": 200, "body": {"accepted": true, "real_timestamp_ms": 1789197620586, "virtual_time_s": 401, "measure_result": "no_signal"}}
2026-09-12 15:20:23,918 INFO request {"path": "/measure", "payload": {"arena_id": "default", "robot_id": "202601002029", "request_id": "e9689e01c77d4bbba3fa70c925ac8faa", "position": {"x": 1200.0, "y": 0.0}, "channel": 10}, "attempt": 1}
2026-09-12 15:20:23,933 INFO response {"request_id": "e9689e01c77d4bbba3fa70c925ac8faa", "http_status": 200, "body": {"accepted": true, "real_timestamp_ms": 1789197620601, "virtual_time_s": 407, "measure_result": "no_signal"}}
2026-09-12 15:20:23,933 INFO request {"path": "/measure", "payload": {"arena_id": "default", "robot_id": "202601002029", "request_id": "f9ae38848c6349f39bb9b30936692aed", "position": {"x": 1200.0, "y": 0.0}, "channel": 11}, "attempt": 1}
2026-09-12 15:20:23,952 INFO response {"request_id": "f9ae38848c6349f39bb9b30936692aed", "http_status": 200, "body": {"accepted": true, "real_timestamp_ms": 1789197620620, "virtual_time_s": 413, "measure_result": "no_signal"}}
2026-09-12 15:20:23,953 INFO request {"path": "/measure", "payload": {"arena_id": "default", "robot_id": "202601002029", "request_id": "51786c328cfa44efa997cd22793fa21e", "position": {"x": 1200.0, "y": 0.0}, "channel": 12}, "attempt": 1}
2026-09-12 15:20:23,972 INFO response {"request_id": "51786c328cfa44efa997cd22793fa21e", "http_status": 200, "body": {"accepted": true, "real_timestamp_ms": 1789197620640, "virtual_time_s": 419, "measure_result": "no_signal"}}
2026-09-12 15:20:23,972 INFO request {"path": "/measure", "payload": {"arena_id": "default", "robot_id": "202601002029", "request_id": "c0e503b1ea4a4d2086cf3525681defce", "position": {"x": 1200.0, "y": 0.0}, "channel": 14}, "attempt": 1}
2026-09-12 15:20:23,973 INFO response {"request_id": "c0e503b1ea4a4d2086cf3525681defce", "http_status": 200, "body": {"accepted": true, "real_timestamp_ms": 1789197620641, "virtual_time_s": 425, "measure_result": "no_signal"}}
2026-09-12 15:20:23,973 INFO request {"path": "/measure", "payload": {"arena_id": "default", "robot_id": "202601002029", "request_id": "ab75cf36a2c34de281fe7e957a31aef4", "position": {"x": 1200.0, "y": 0.0}, "channel": 18}, "attempt": 1}
2026-09-12 15:20:23,974 INFO response {"request_id": "ab75cf36a2c34de281fe7e957a31aef4", "http_status": 200, "body": {"accepted": true, "real_timestamp_ms": 1789197620642, "virtual_time_s": 431, "measure_result": "direction", "svd_deg": 260.11}}
2026-09-12 15:20:23,977 INFO request {"path": "/measure", "payload": {"arena_id": "default", "robot_id": "202601002029", "request_id": "d55ed65f3e764f9d98d67e7c7e07cf0f", "position": {"x": 1200.0, "y": 0.0}, "channel": 19}, "attempt": 1}
2026-09-12 15:20:23,978 INFO response {"request_id": "d55ed65f3e764f9d98d67e7c7e07cf0f", "http_status": 200, "body": {"accepted": true, "real_timestamp_ms": 1789197620646, "virtual_time_s": 437, "measure_result": "no_signal"}}
2026-09-12 15:20:23,988 INFO request {"path": "/measure", "payload": {"arena_id": "default", "robot_id": "202601002029", "request_id": "a82e67ce7bbf4300bda5ee2bbfdb2534", "position": {"x": 1200.0, "y": 0.0}, "channel": 17}, "attempt": 1}
2026-09-12 15:20:24,001 INFO response {"request_id": "a82e67ce7bbf4300bda5ee2bbfdb2534", "http_status": 200, "body": {"accepted": true, "real_timestamp_ms": 1789197620669, "virtual_time_s": 443, "measure_result": "direction", "svd_deg": 130.62}}
2026-09-12 15:20:24,004 INFO request {"path": "/measure", "payload": {"arena_id": "default", "robot_id": "202601002029", "request_id": "b4efc0246c6843eb8765c23bd90f4bb2", "position": {"x": 600.0000000000001, "y": 1039.2304845413264}, "channel": 1}, "attempt": 1}
2026-09-12 15:20:24,005 INFO response {"request_id": "b4efc0246c6843eb8765c23bd90f4bb2", "http_status": 200, "body": {"accepted": true, "real_timestamp_ms": 1789197620673, "virtual_time_s": 689, "measure_result": "no_signal"}}
2026-09-12 15:20:24,005 INFO request {"path": "/measure", "payload": {"arena_id": "default", "robot_id": "202601002029", "request_id": "1da33f2820334fe49a8e8b6557a1688c", "position": {"x": 600.0000000000001, "y": 1039.2304845413264}, "channel": 2}, "attempt": 1}
2026-09-12 15:20:24,006 INFO response {"request_id": "1da33f2820334fe49a8e8b6557a1688c", "http_status": 200, "body": {"accepted": true, "real_timestamp_ms": 1789197620674, "virtual_time_s": 695, "measure_result": "direction", "svd_deg": 145.72}}
2026-09-12 15:20:24,007 INFO request {"path": "/measure", "payload": {"arena_id": "default", "robot_id": "202601002029", "request_id": "2f5c60c36a594fc0b9ed7e39b88e5e9f", "position": {"x": 600.0000000000001, "y": 1039.2304845413264}, "channel": 3}, "attempt": 1}
2026-09-12 15:20:24,021 INFO response {"request_id": "2f5c60c36a594fc0b9ed7e39b88e5e9f", "http_status": 200, "body": {"accepted": true, "real_timestamp_ms": 1789197620689, "virtual_time_s": 701, "measure_result": "direction", "svd_deg": 145.52}}
2026-09-12 15:20:24,023 INFO request {"path": "/measure", "payload": {"arena_id": "default", "robot_id": "202601002029", "request_id": "eadf88f506504a7399fd0fd6141fabb4", "position": {"x": 600.0000000000001, "y": 1039.2304845413264}, "channel": 4}, "attempt": 1}
2026-09-12 15:20:24,024 INFO response {"request_id": "eadf88f506504a7399fd0fd6141fabb4", "http_status": 200, "body": {"accepted": true, "real_timestamp_ms": 1789197620693, "virtual_time_s": 707, "measure_result": "no_signal"}}
2026-09-12 15:20:24,025 INFO request {"path": "/measure", "payload": {"arena_id": "default", "robot_id": "202601002029", "request_id": "213e177a68634b6e9d636abdcd15cecd", "position": {"x": 600.0000000000001, "y": 1039.2304845413264}, "channel": 7}, "attempt": 1}
2026-09-12 15:20:24,042 INFO response {"request_id": "213e177a68634b6e9d636abdcd15cecd", "http_status": 200, "body": {"accepted": true, "real_timestamp_ms": 1789197620710, "virtual_time_s": 713, "measure_result": "no_signal"}}
2026-09-12 15:20:24,042 INFO request {"path": "/measure", "payload": {"arena_id": "default", "robot_id": "202601002029", "request_id": "36f1ac07ec3742bdbabc3b2e00b7eabe", "position": {"x": 600.0000000000001, "y": 1039.2304845413264}, "channel": 8}, "attempt": 1}
2026-09-12 15:20:24,060 INFO response {"request_id": "36f1ac07ec3742bdbabc3b2e00b7eabe", "http_status": 200, "body": {"accepted": true, "real_timestamp_ms": 1789197620728, "virtual_time_s": 719, "measure_result": "direction", "svd_deg": 64.95}}
2026-09-12 15:20:24,061 INFO request {"path": "/measure", "payload": {"arena_id": "default", "robot_id": "202601002029", "request_id": "06758daa432d4be598f14e73f18e8a53", "position": {"x": 600.0000000000001, "y": 1039.2304845413264}, "channel": 9}, "attempt": 1}
2026-09-12 15:20:24,063 INFO response {"request_id": "06758daa432d4be598f14e73f18e8a53", "http_status": 200, "body": {"accepted": true, "real_timestamp_ms": 1789197620731, "virtual_time_s": 725, "measure_result": "no_signal"}}
2026-09-12 15:20:24,063 INFO request {"path": "/measure", "payload": {"arena_id": "default", "robot_id": "202601002029", "request_id": "e2e9751e22f9487eb164dadfc1acd760", "position": {"x": 600.0000000000001, "y": 1039.2304845413264}, "channel": 10}, "attempt": 1}
2026-09-12 15:20:24,064 INFO response {"request_id": "e2e9751e22f9487eb164dadfc1acd760", "http_status": 200, "body": {"accepted": true, "real_timestamp_ms": 1789197620732, "virtual_time_s": 731, "measure_result": "no_signal"}}
2026-09-12 15:20:24,064 INFO request {"path": "/measure", "payload": {"arena_id": "default", "robot_id": "202601002029", "request_id": "11efea9c3fb5486e854c48d73ab1cf22", "position": {"x": 600.0000000000001, "y": 1039.2304845413264}, "channel": 11}, "attempt": 1}
2026-09-12 15:20:24,064 INFO response {"request_id": "11efea9c3fb5486e854c48d73ab1cf22", "http_status": 200, "body": {"accepted": true, "real_timestamp_ms": 1789197620732, "virtual_time_s": 737, "measure_result": "no_signal"}}
2026-09-12 15:20:24,065 INFO request {"path": "/measure", "payload": {"arena_id": "default", "robot_id": "202601002029", "request_id": "81a5594e42464cdd8924a88108564aa2", "position": {"x": 600.0000000000001, "y": 1039.2304845413264}, "channel": 12}, "attempt": 1}
2026-09-12 15:20:24,080 INFO response {"request_id": "81a5594e42464cdd8924a88108564aa2", "http_status": 200, "body": {"accepted": true, "real_timestamp_ms": 1789197620748, "virtual_time_s": 743, "measure_result": "no_signal"}}
2026-09-12 15:20:24,080 INFO request {"path": "/measure", "payload": {"arena_id": "default", "robot_id": "202601002029", "request_id": "a87432cde2d14651acc19a075ae53637", "position": {"x": 600.0000000000001, "y": 1039.2304845413264}, "channel": 14}, "attempt": 1}
2026-09-12 15:20:24,081 INFO response {"request_id": "a87432cde2d14651acc19a075ae53637", "http_status": 200, "body": {"accepted": true, "real_timestamp_ms": 1789197620749, "virtual_time_s": 749, "measure_result": "no_signal"}}
2026-09-12 15:20:24,081 INFO request {"path": "/measure", "payload": {"arena_id": "default", "robot_id": "202601002029", "request_id": "b2694fd141684e7e942f7fdd3b6e6bcc", "position": {"x": 600.0000000000001, "y": 1039.2304845413264}, "channel": 19}, "attempt": 1}
2026-09-12 15:20:24,082 INFO response {"request_id": "b2694fd141684e7e942f7fdd3b6e6bcc", "http_status": 200, "body": {"accepted": true, "real_timestamp_ms": 1789197620750, "virtual_time_s": 755, "measure_result": "no_signal"}}
2026-09-12 15:20:24,106 INFO request {"path": "/measure", "payload": {"arena_id": "default", "robot_id": "202601002029", "request_id": "297dc3a8ac8e416396dd97d04868bcf1", "position": {"x": 600.0000000000001, "y": 1039.2304845413264}, "channel": 6}, "attempt": 1}
2026-09-12 15:20:24,110 INFO response {"request_id": "297dc3a8ac8e416396dd97d04868bcf1", "http_status": 200, "body": {"accepted": true, "real_timestamp_ms": 1789197620778, "virtual_time_s": 761, "measure_result": "direction", "svd_deg": 221.72}}
2026-09-12 15:20:24,146 INFO request {"path": "/measure", "payload": {"arena_id": "default", "robot_id": "202601002029", "request_id": "560d2e3656b7478ca10a88b53dce47ca", "position": {"x": 600.0000000000001, "y": 1039.2304845413264}, "channel": 13}, "attempt": 1}
2026-09-12 15:20:24,148 INFO response {"request_id": "560d2e3656b7478ca10a88b53dce47ca", "http_status": 200, "body": {"accepted": true, "real_timestamp_ms": 1789197620815, "virtual_time_s": 767, "measure_result": "direction", "svd_deg": 164.35}}
2026-09-12 15:20:24,152 INFO request {"path": "/measure", "payload": {"arena_id": "default", "robot_id": "202601002029", "request_id": "f3797b6faf4a4bdcbb47f78e3b284b54", "position": {"x": -599.9999999999998, "y": 1039.2304845413264}, "channel": 1}, "attempt": 1}
2026-09-12 15:20:24,168 INFO response {"request_id": "f3797b6faf4a4bdcbb47f78e3b284b54", "http_status": 200, "body": {"accepted": true, "real_timestamp_ms": 1789197620836, "virtual_time_s": 1013, "measure_result": "no_signal"}}
2026-09-12 15:20:24,168 INFO request {"path": "/measure", "payload": {"arena_id": "default", "robot_id": "202601002029", "request_id": "7342d965d0a243d18ba9c0200b9eb01a", "position": {"x": -599.9999999999998, "y": 1039.2304845413264}, "channel": 4}, "attempt": 1}
2026-09-12 15:20:24,170 INFO response {"request_id": "7342d965d0a243d18ba9c0200b9eb01a", "http_status": 200, "body": {"accepted": true, "real_timestamp_ms": 1789197620837, "virtual_time_s": 1019, "measure_result": "direction", "svd_deg": 193.65}}
2026-09-12 15:20:24,172 INFO request {"path": "/measure", "payload": {"arena_id": "default", "robot_id": "202601002029", "request_id": "691b0cce1e6f4797a58dbdcd9fb3a2ba", "position": {"x": -599.9999999999998, "y": 1039.2304845413264}, "channel": 7}, "attempt": 1}
2026-09-12 15:20:24,174 INFO response {"request_id": "691b0cce1e6f4797a58dbdcd9fb3a2ba", "http_status": 200, "body": {"accepted": true, "real_timestamp_ms": 1789197620841, "virtual_time_s": 1025, "measure_result": "no_signal"}}
2026-09-12 15:20:24,174 INFO request {"path": "/measure", "payload": {"arena_id": "default", "robot_id": "202601002029", "request_id": "8a27762f71b645f98c30f5002f2d274a", "position": {"x": -599.9999999999998, "y": 1039.2304845413264}, "channel": 9}, "attempt": 1}
2026-09-12 15:20:24,175 INFO response {"request_id": "8a27762f71b645f98c30f5002f2d274a", "http_status": 200, "body": {"accepted": true, "real_timestamp_ms": 1789197620843, "virtual_time_s": 1031, "measure_result": "no_signal"}}
2026-09-12 15:20:24,175 INFO request {"path": "/measure", "payload": {"arena_id": "default", "robot_id": "202601002029", "request_id": "b562a8a082224c75b6d799a368000efa", "position": {"x": -599.9999999999998, "y": 1039.2304845413264}, "channel": 10}, "attempt": 1}
2026-09-12 15:20:24,188 INFO response {"request_id": "b562a8a082224c75b6d799a368000efa", "http_status": 200, "body": {"accepted": true, "real_timestamp_ms": 1789197620855, "virtual_time_s": 1037, "measure_result": "no_signal"}}
2026-09-12 15:20:24,188 INFO request {"path": "/measure", "payload": {"arena_id": "default", "robot_id": "202601002029", "request_id": "88af5a82000a4354a535c87e5403092c", "position": {"x": -599.9999999999998, "y": 1039.2304845413264}, "channel": 11}, "attempt": 1}
2026-09-12 15:20:24,208 INFO response {"request_id": "88af5a82000a4354a535c87e5403092c", "http_status": 200, "body": {"accepted": true, "real_timestamp_ms": 1789197620875, "virtual_time_s": 1043, "measure_result": "no_signal"}}
2026-09-12 15:20:24,208 INFO request {"path": "/measure", "payload": {"arena_id": "default", "robot_id": "202601002029", "request_id": "acd792efe912466c9274673e8e61906c", "position": {"x": -599.9999999999998, "y": 1039.2304845413264}, "channel": 12}, "attempt": 1}
2026-09-12 15:20:24,227 INFO response {"request_id": "acd792efe912466c9274673e8e61906c", "http_status": 200, "body": {"accepted": true, "real_timestamp_ms": 1789197620894, "virtual_time_s": 1049, "measure_result": "no_signal"}}
2026-09-12 15:20:24,227 INFO request {"path": "/measure", "payload": {"arena_id": "default", "robot_id": "202601002029", "request_id": "291ae195f150486985ff7424388c50f2", "position": {"x": -599.9999999999998, "y": 1039.2304845413264}, "channel": 14}, "attempt": 1}
2026-09-12 15:20:24,227 INFO response {"request_id": "291ae195f150486985ff7424388c50f2", "http_status": 200, "body": {"accepted": true, "real_timestamp_ms": 1789197620895, "virtual_time_s": 1055, "measure_result": "no_signal"}}
2026-09-12 15:20:24,228 INFO request {"path": "/measure", "payload": {"arena_id": "default", "robot_id": "202601002029", "request_id": "f8fe951ee3dd4096abefe1114975dea6", "position": {"x": -599.9999999999998, "y": 1039.2304845413264}, "channel": 19}, "attempt": 1}
2026-09-12 15:20:24,246 INFO response {"request_id": "f8fe951ee3dd4096abefe1114975dea6", "http_status": 200, "body": {"accepted": true, "real_timestamp_ms": 1789197620914, "virtual_time_s": 1061, "measure_result": "direction", "svd_deg": 109.34}}
2026-09-12 15:20:24,295 INFO request {"path": "/measure", "payload": {"arena_id": "default", "robot_id": "202601002029", "request_id": "12100ef8610f42b9aa2ad29816777190", "position": {"x": -599.9999999999998, "y": 1039.2304845413264}, "channel": 5}, "attempt": 1}
2026-09-12 15:20:24,315 INFO response {"request_id": "12100ef8610f42b9aa2ad29816777190", "http_status": 200, "body": {"accepted": true, "real_timestamp_ms": 1789197620982, "virtual_time_s": 1067, "measure_result": "direction", "svd_deg": 297.11}}
2026-09-12 15:20:24,361 INFO request {"path": "/measure", "payload": {"arena_id": "default", "robot_id": "202601002029", "request_id": "08c86fe875f547d29141fa67e4cc2b97", "position": {"x": -599.9999999999998, "y": 1039.2304845413264}, "channel": 16}, "attempt": 1}
2026-09-12 15:20:24,363 INFO response {"request_id": "08c86fe875f547d29141fa67e4cc2b97", "http_status": 200, "body": {"accepted": true, "real_timestamp_ms": 1789197621031, "virtual_time_s": 1073, "measure_result": "direction", "svd_deg": 222.67}}
2026-09-12 15:20:24,366 INFO request {"path": "/measure", "payload": {"arena_id": "default", "robot_id": "202601002029", "request_id": "90368c18768b4c159ff7c7f5ab3e525e", "position": {"x": -1200.0, "y": 1.4695761589768238e-13}, "channel": 1}, "attempt": 1}
2026-09-12 15:20:24,382 INFO response {"request_id": "90368c18768b4c159ff7c7f5ab3e525e", "http_status": 200, "body": {"accepted": true, "real_timestamp_ms": 1789197621050, "virtual_time_s": 1319, "measure_result": "direction", "svd_deg": 273.93}}
2026-09-12 15:20:24,386 INFO request {"path": "/measure", "payload": {"arena_id": "default", "robot_id": "202601002029", "request_id": "9805f38b46d542b3a601ec010646895a", "position": {"x": -1200.0, "y": 1.4695761589768238e-13}, "channel": 7}, "attempt": 1}
2026-09-12 15:20:24,402 INFO response {"request_id": "9805f38b46d542b3a601ec010646895a", "http_status": 200, "body": {"accepted": true, "real_timestamp_ms": 1789197621070, "virtual_time_s": 1325, "measure_result": "no_signal"}}
2026-09-12 15:20:24,402 INFO request {"path": "/measure", "payload": {"arena_id": "default", "robot_id": "202601002029", "request_id": "563e053de68f4b958e8cef466adaf07f", "position": {"x": -1200.0, "y": 1.4695761589768238e-13}, "channel": 9}, "attempt": 1}
2026-09-12 15:20:24,404 INFO response {"request_id": "563e053de68f4b958e8cef466adaf07f", "http_status": 200, "body": {"accepted": true, "real_timestamp_ms": 1789197621071, "virtual_time_s": 1331, "measure_result": "no_signal"}}
2026-09-12 15:20:24,404 INFO request {"path": "/measure", "payload": {"arena_id": "default", "robot_id": "202601002029", "request_id": "71f98a769376458683a92bb6fe371662", "position": {"x": -1200.0, "y": 1.4695761589768238e-13}, "channel": 10}, "attempt": 1}
2026-09-12 15:20:24,405 INFO response {"request_id": "71f98a769376458683a92bb6fe371662", "http_status": 200, "body": {"accepted": true, "real_timestamp_ms": 1789197621072, "virtual_time_s": 1337, "measure_result": "no_signal"}}
2026-09-12 15:20:24,405 INFO request {"path": "/measure", "payload": {"arena_id": "default", "robot_id": "202601002029", "request_id": "11a5ee56613d40b29dd8272a9cd169d6", "position": {"x": -1200.0, "y": 1.4695761589768238e-13}, "channel": 11}, "attempt": 1}
2026-09-12 15:20:24,421 INFO response {"request_id": "11a5ee56613d40b29dd8272a9cd169d6", "http_status": 200, "body": {"accepted": true, "real_timestamp_ms": 1789197621089, "virtual_time_s": 1343, "measure_result": "direction", "svd_deg": 291.6}}
2026-09-12 15:20:24,424 INFO request {"path": "/measure", "payload": {"arena_id": "default", "robot_id": "202601002029", "request_id": "5e9a5c74d199469aadbaea64f5584db7", "position": {"x": -1200.0, "y": 1.4695761589768238e-13}, "channel": 12}, "attempt": 1}
2026-09-12 15:20:24,441 INFO response {"request_id": "5e9a5c74d199469aadbaea64f5584db7", "http_status": 200, "body": {"accepted": true, "real_timestamp_ms": 1789197621109, "virtual_time_s": 1349, "measure_result": "no_signal"}}
2026-09-12 15:20:24,441 INFO request {"path": "/measure", "payload": {"arena_id": "default", "robot_id": "202601002029", "request_id": "ab91697b555146bdbe2445bb256d75ca", "position": {"x": -1200.0, "y": 1.4695761589768238e-13}, "channel": 14}, "attempt": 1}
2026-09-12 15:20:24,460 INFO response {"request_id": "ab91697b555146bdbe2445bb256d75ca", "http_status": 200, "body": {"accepted": true, "real_timestamp_ms": 1789197621128, "virtual_time_s": 1355, "measure_result": "no_signal"}}
2026-09-12 15:20:24,495 INFO request {"path": "/measure", "payload": {"arena_id": "default", "robot_id": "202601002029", "request_id": "7c8e9612843949bf9ace23580d580247", "position": {"x": -1200.0, "y": 1.4695761589768238e-13}, "channel": 15}, "attempt": 1}
2026-09-12 15:20:24,497 INFO response {"request_id": "7c8e9612843949bf9ace23580d580247", "http_status": 200, "body": {"accepted": true, "real_timestamp_ms": 1789197621165, "virtual_time_s": 1361, "measure_result": "direction", "svd_deg": 304.11}}
2026-09-12 15:20:24,526 INFO request {"path": "/measure", "payload": {"arena_id": "default", "robot_id": "202601002029", "request_id": "b58649b476b7433eb3c9d44270c5c9a5", "position": {"x": -1200.0, "y": 1.4695761589768238e-13}, "channel": 4}, "attempt": 1}
2026-09-12 15:20:24,527 INFO response {"request_id": "b58649b476b7433eb3c9d44270c5c9a5", "http_status": 200, "body": {"accepted": true, "real_timestamp_ms": 1789197621195, "virtual_time_s": 1367, "measure_result": "direction", "svd_deg": 105.25}}
2026-09-12 15:20:24,529 INFO request {"path": "/measure", "payload": {"arena_id": "default", "robot_id": "202601002029", "request_id": "e3f349529915421ab0fdedfa8270d89a", "position": {"x": -600.0000000000006, "y": -1039.2304845413262}, "channel": 7}, "attempt": 1}
2026-09-12 15:20:24,530 INFO response {"request_id": "e3f349529915421ab0fdedfa8270d89a", "http_status": 200, "body": {"accepted": true, "real_timestamp_ms": 1789197621198, "virtual_time_s": 1613, "measure_result": "no_signal"}}
2026-09-12 15:20:24,531 INFO request {"path": "/measure", "payload": {"arena_id": "default", "robot_id": "202601002029", "request_id": "4fb14a645fc6434fab2a02b954805c55", "position": {"x": -600.0000000000006, "y": -1039.2304845413262}, "channel": 9}, "attempt": 1}
2026-09-12 15:20:24,548 INFO response {"request_id": "4fb14a645fc6434fab2a02b954805c55", "http_status": 200, "body": {"accepted": true, "real_timestamp_ms": 1789197621216, "virtual_time_s": 1619, "measure_result": "no_signal"}}
2026-09-12 15:20:24,549 INFO request {"path": "/measure", "payload": {"arena_id": "default", "robot_id": "202601002029", "request_id": "a2c64d48334c43419a3141c7100f75a6", "position": {"x": -600.0000000000006, "y": -1039.2304845413262}, "channel": 10}, "attempt": 1}
2026-09-12 15:20:24,568 INFO response {"request_id": "a2c64d48334c43419a3141c7100f75a6", "http_status": 200, "body": {"accepted": true, "real_timestamp_ms": 1789197621236, "virtual_time_s": 1625, "measure_result": "no_signal"}}
2026-09-12 15:20:24,569 INFO request {"path": "/measure", "payload": {"arena_id": "default", "robot_id": "202601002029", "request_id": "a1d6f25a83d84fedbb001b6b0d9961ef", "position": {"x": -600.0000000000006, "y": -1039.2304845413262}, "channel": 12}, "attempt": 1}
2026-09-12 15:20:24,588 INFO response {"request_id": "a1d6f25a83d84fedbb001b6b0d9961ef", "http_status": 200, "body": {"accepted": true, "real_timestamp_ms": 1789197621256, "virtual_time_s": 1631, "measure_result": "no_signal"}}
2026-09-12 15:20:24,588 INFO request {"path": "/measure", "payload": {"arena_id": "default", "robot_id": "202601002029", "request_id": "f86e2dcd36064ec9b4bfcf7eba552c30", "position": {"x": -600.0000000000006, "y": -1039.2304845413262}, "channel": 14}, "attempt": 1}
2026-09-12 15:20:24,608 INFO response {"request_id": "f86e2dcd36064ec9b4bfcf7eba552c30", "http_status": 200, "body": {"accepted": true, "real_timestamp_ms": 1789197621275, "virtual_time_s": 1637, "measure_result": "no_signal"}}
2026-09-12 15:20:24,665 INFO request {"path": "/measure", "payload": {"arena_id": "default", "robot_id": "202601002029", "request_id": "022a22b92d84496cbd9434574ebb53be", "position": {"x": -600.0000000000006, "y": -1039.2304845413262}, "channel": 1}, "attempt": 1}
2026-09-12 15:20:24,667 INFO response {"request_id": "022a22b92d84496cbd9434574ebb53be", "http_status": 200, "body": {"accepted": true, "real_timestamp_ms": 1789197621334, "virtual_time_s": 1643, "measure_result": "direction", "svd_deg": 164.52}}
2026-09-12 15:20:24,707 INFO request {"path": "/measure", "payload": {"arena_id": "default", "robot_id": "202601002029", "request_id": "1c3d9b4a026b49c1acc07dc543e25a7b", "position": {"x": -600.0000000000006, "y": -1039.2304845413262}, "channel": 15}, "attempt": 1}
2026-09-12 15:20:24,708 INFO response {"request_id": "1c3d9b4a026b49c1acc07dc543e25a7b", "http_status": 200, "body": {"accepted": true, "real_timestamp_ms": 1789197621377, "virtual_time_s": 1649, "measure_result": "direction", "svd_deg": 113.4}}
2026-09-12 15:20:24,712 INFO request {"path": "/measure", "payload": {"arena_id": "default", "robot_id": "202601002029", "request_id": "ded7751db2534879b6d00fd270949c23", "position": {"x": 600.0000000000001, "y": -1039.2304845413264}, "channel": 7}, "attempt": 1}
2026-09-12 15:20:24,714 INFO response {"request_id": "ded7751db2534879b6d00fd270949c23", "http_status": 200, "body": {"accepted": true, "real_timestamp_ms": 1789197621381, "virtual_time_s": 1895, "measure_result": "no_signal"}}
2026-09-12 15:20:24,714 INFO request {"path": "/measure", "payload": {"arena_id": "default", "robot_id": "202601002029", "request_id": "19799d417f384cb2a63ba128ed859fd6", "position": {"x": 600.0000000000001, "y": -1039.2304845413264}, "channel": 9}, "attempt": 1}
2026-09-12 15:20:24,724 INFO response {"request_id": "19799d417f384cb2a63ba128ed859fd6", "http_status": 200, "body": {"accepted": true, "real_timestamp_ms": 1789197621392, "virtual_time_s": 1901, "measure_result": "no_signal"}}
2026-09-12 15:20:24,724 INFO request {"path": "/measure", "payload": {"arena_id": "default", "robot_id": "202601002029", "request_id": "378aac0c19f143f68e8063036b7f19ec", "position": {"x": 600.0000000000001, "y": -1039.2304845413264}, "channel": 10}, "attempt": 1}
2026-09-12 15:20:24,726 INFO response {"request_id": "378aac0c19f143f68e8063036b7f19ec", "http_status": 200, "body": {"accepted": true, "real_timestamp_ms": 1789197621393, "virtual_time_s": 1907, "measure_result": "no_signal"}}
2026-09-12 15:20:24,726 INFO request {"path": "/measure", "payload": {"arena_id": "default", "robot_id": "202601002029", "request_id": "03de403cc08c41b4b39b576a62ecca36", "position": {"x": 600.0000000000001, "y": -1039.2304845413264}, "channel": 12}, "attempt": 1}
2026-09-12 15:20:24,726 INFO response {"request_id": "03de403cc08c41b4b39b576a62ecca36", "http_status": 200, "body": {"accepted": true, "real_timestamp_ms": 1789197621394, "virtual_time_s": 1913, "measure_result": "no_signal"}}
2026-09-12 15:20:24,726 INFO request {"path": "/measure", "payload": {"arena_id": "default", "robot_id": "202601002029", "request_id": "7e5b96d6792b4906a93b7c28e3687fa6", "position": {"x": 600.0000000000001, "y": -1039.2304845413264}, "channel": 14}, "attempt": 1}
2026-09-12 15:20:24,744 INFO response {"request_id": "7e5b96d6792b4906a93b7c28e3687fa6", "http_status": 200, "body": {"accepted": true, "real_timestamp_ms": 1789197621412, "virtual_time_s": 1919, "measure_result": "no_signal"}}
2026-09-12 15:20:24,760 INFO request {"path": "/measure", "payload": {"arena_id": "default", "robot_id": "202601002029", "request_id": "55fada32d56d45d8968f963aec0070e7", "position": {"x": 600.0000000000001, "y": -1039.2304845413264}, "channel": 20}, "attempt": 1}
2026-09-12 15:20:24,773 INFO response {"request_id": "55fada32d56d45d8968f963aec0070e7", "http_status": 200, "body": {"accepted": true, "real_timestamp_ms": 1789197621441, "virtual_time_s": 1925, "measure_result": "direction", "svd_deg": 160.43}}
2026-09-12 15:20:24,783 INFO request {"path": "/measure", "payload": {"arena_id": "default", "robot_id": "202601002029", "request_id": "1163786c6fec43e08ef881fb6a9fdd79", "position": {"x": 600.0000000000001, "y": -1039.2304845413264}, "channel": 18}, "attempt": 1}
2026-09-12 15:20:24,784 INFO response {"request_id": "1163786c6fec43e08ef881fb6a9fdd79", "http_status": 200, "body": {"accepted": true, "real_timestamp_ms": 1789197621452, "virtual_time_s": 1931, "measure_result": "direction", "svd_deg": 28.88}}
2026-09-12 15:20:33,464 INFO request {"path": "/measure", "payload": {"arena_id": "default", "robot_id": "202601002029", "request_id": "9bf78d22e6cc4f40831b5adb5b2f3f85", "position": {"x": 782.0587358568273, "y": -499.5833737887092}, "channel": 18}, "attempt": 1}
2026-09-12 15:20:33,464 INFO response {"request_id": "9bf78d22e6cc4f40831b5adb5b2f3f85", "http_status": 200, "body": {"accepted": true, "real_timestamp_ms": 1789197630132, "virtual_time_s": 2049.905994, "measure_result": "direction", "svd_deg": 313.98}}
2026-09-12 15:20:33,479 INFO request {"path": "/clear", "payload": {"arena_id": "default", "robot_id": "202601002029", "request_id": "b4c7e0b03f6c4f0a8bd6b8396434bc2f", "position": {"x": 1060.7010396219537, "y": -785.5166083992265}, "channel": 18}, "attempt": 1}
2026-09-12 15:20:33,497 INFO response {"request_id": "b4c7e0b03f6c4f0a8bd6b8396434bc2f", "http_status": 200, "body": {"accepted": true, "real_timestamp_ms": 1789197630165, "virtual_time_s": 2134.75569, "clear_result": "success"}}
2026-09-12 15:20:33,500 INFO request {"path": "/measure", "payload": {"arena_id": "default", "robot_id": "202601002029", "request_id": "87116fe56c744ab18c1e158218409b32", "position": {"x": 100.12949525696547, "y": -882.8702819057726}, "channel": 20}, "attempt": 1}
2026-09-12 15:20:33,501 INFO response {"request_id": "87116fe56c744ab18c1e158218409b32", "http_status": 200, "body": {"accepted": true, "real_timestamp_ms": 1789197630169, "virtual_time_s": 2333.854155, "measure_result": "direction", "svd_deg": 155.22}}
2026-09-12 15:20:33,542 INFO request {"path": "/measure", "payload": {"arena_id": "default", "robot_id": "202601002029", "request_id": "cc51bc29d88d4512a6d58d66f09f1152", "position": {"x": 100.12949525696547, "y": -882.8702819057726}, "channel": 11}, "attempt": 1}
2026-09-12 15:20:33,556 INFO response {"request_id": "cc51bc29d88d4512a6d58d66f09f1152", "http_status": 200, "body": {"accepted": true, "real_timestamp_ms": 1789197630224, "virtual_time_s": 2339.854155, "measure_result": "direction", "svd_deg": 185.21}}
2026-09-12 15:20:33,581 INFO request {"path": "/measure", "payload": {"arena_id": "default", "robot_id": "202601002029", "request_id": "e96ef1bbbd964489b1be5e56282ab0d4", "position": {"x": 100.12949525696547, "y": -882.8702819057726}, "channel": 15}, "attempt": 1}
2026-09-12 15:20:33,582 INFO response {"request_id": "e96ef1bbbd964489b1be5e56282ab0d4", "http_status": 200, "body": {"accepted": true, "real_timestamp_ms": 1789197630250, "virtual_time_s": 2345.854155, "measure_result": "direction", "svd_deg": 165.03}}
2026-09-12 15:20:34,107 INFO request {"path": "/clear", "payload": {"arena_id": "default", "robot_id": "202601002029", "request_id": "c151b507ab844d869be798c11a4f472b", "position": {"x": -266.53728225498344, "y": -718.0374830017358}, "channel": 20}, "attempt": 1}
2026-09-12 15:20:34,121 INFO response {"request_id": "c151b507ab844d869be798c11a4f472b", "http_status": 200, "body": {"accepted": true, "real_timestamp_ms": 1789197630789, "virtual_time_s": 2431.256736, "clear_result": "success"}}
2026-09-12 15:20:34,157 INFO request {"path": "/measure", "payload": {"arena_id": "default", "robot_id": "202601002029", "request_id": "e85eb03751174d90a973114683a65aa9", "position": {"x": -266.53728225498344, "y": -718.0374830017358}, "channel": 5}, "attempt": 1}
2026-09-12 15:20:34,170 INFO response {"request_id": "e85eb03751174d90a973114683a65aa9", "http_status": 200, "body": {"accepted": true, "real_timestamp_ms": 1789197630838, "virtual_time_s": 2437.256736, "measure_result": "direction", "svd_deg": 83.51}}
2026-09-12 15:20:34,205 INFO request {"path": "/measure", "payload": {"arena_id": "default", "robot_id": "202601002029", "request_id": "06aafb78e142499ca658b93313f5a4de", "position": {"x": -266.53728225498344, "y": -718.0374830017358}, "channel": 11}, "attempt": 1}
2026-09-12 15:20:34,207 INFO response {"request_id": "06aafb78e142499ca658b93313f5a4de", "http_status": 200, "body": {"accepted": true, "real_timestamp_ms": 1789197630874, "virtual_time_s": 2443.256736, "measure_result": "direction", "svd_deg": 205.62}}
2026-09-12 15:20:35,397 INFO request {"path": "/clear", "payload": {"arena_id": "default", "robot_id": "202601002029", "request_id": "3c840795943d4cd1aa8950a17cb6911c", "position": {"x": -760.1802203463349, "y": -658.1459958350357}, "channel": 15}, "attempt": 1}
2026-09-12 15:20:35,416 INFO response {"request_id": "3c840795943d4cd1aa8950a17cb6911c", "http_status": 200, "body": {"accepted": true, "real_timestamp_ms": 1789197632084, "virtual_time_s": 2547.709306, "clear_result": "success"}}
2026-09-12 15:20:35,451 INFO request {"path": "/measure", "payload": {"arena_id": "default", "robot_id": "202601002029", "request_id": "913a08bb48be4373bd4b18187092d50e", "position": {"x": -760.1802203463349, "y": -658.1459958350357}, "channel": 11}, "attempt": 1}
2026-09-12 15:20:35,452 INFO response {"request_id": "913a08bb48be4373bd4b18187092d50e", "http_status": 200, "body": {"accepted": true, "real_timestamp_ms": 1789197632120, "virtual_time_s": 2552.709306, "measure_result": "direction", "svd_deg": 258.1}}
2026-09-12 15:20:35,477 INFO request {"path": "/measure", "payload": {"arena_id": "default", "robot_id": "202601002029", "request_id": "c53f4240927844099f78cebfcd130edf", "position": {"x": -760.1802203463349, "y": -658.1459958350357}, "channel": 1}, "attempt": 1}
2026-09-12 15:20:35,478 INFO response {"request_id": "c53f4240927844099f78cebfcd130edf", "http_status": 200, "body": {"accepted": true, "real_timestamp_ms": 1789197632146, "virtual_time_s": 2558.709306, "measure_result": "direction", "svd_deg": 213.09}}
2026-09-12 15:20:35,483 INFO request {"path": "/clear", "payload": {"arena_id": "default", "robot_id": "202601002029", "request_id": "5b4a5f3493544596a727bbebf9e6a9ef", "position": {"x": -825.3565747550208, "y": -978.01768188973}, "channel": 11}, "attempt": 1}
2026-09-12 15:20:35,483 INFO response {"request_id": "5b4a5f3493544596a727bbebf9e6a9ef", "http_status": 200, "body": {"accepted": true, "real_timestamp_ms": 1789197632151, "virtual_time_s": 2628.998157, "clear_result": "success"}}
2026-09-12 15:20:35,484 INFO request {"path": "/clear", "payload": {"arena_id": "default", "robot_id": "202601002029", "request_id": "accf9f694e4141d39981be11d40a565a", "position": {"x": -1131.8974788321884, "y": -895.3350824133846}, "channel": 1}, "attempt": 1}
2026-09-12 15:20:35,485 INFO response {"request_id": "accf9f694e4141d39981be11d40a565a", "http_status": 200, "body": {"accepted": true, "real_timestamp_ms": 1789197632153, "virtual_time_s": 2697.497366, "clear_result": "success"}}
2026-09-12 15:20:35,487 INFO request {"path": "/measure", "payload": {"arena_id": "default", "robot_id": "202601002029", "request_id": "67e04eb059bf418094f22aaad6c32430", "position": {"x": -1309.9245207717745, "y": 250.2589816945266}, "channel": 4}, "attempt": 1}
2026-09-12 15:20:35,488 INFO response {"request_id": "67e04eb059bf418094f22aaad6c32430", "http_status": 200, "body": {"accepted": true, "real_timestamp_ms": 1789197632156, "virtual_time_s": 2935.366242, "measure_result": "direction", "svd_deg": 101.43}}
2026-09-12 15:20:35,501 INFO request {"path": "/measure", "payload": {"arena_id": "default", "robot_id": "202601002029", "request_id": "d4458b6482e644b7bc10628fd4bd8512", "position": {"x": -1309.9245207717745, "y": 250.2589816945266}, "channel": 16}, "attempt": 1}
2026-09-12 15:20:35,516 INFO response {"request_id": "d4458b6482e644b7bc10628fd4bd8512", "http_status": 200, "body": {"accepted": true, "real_timestamp_ms": 1789197632184, "virtual_time_s": 2941.366242, "measure_result": "direction", "svd_deg": 71.37}}
2026-09-12 15:20:36,049 INFO request {"path": "/measure", "payload": {"arena_id": "default", "robot_id": "202601002029", "request_id": "f0e67485de8041eb8a387618d37a2ff5", "position": {"x": -1631.9227231746354, "y": 535.3802086127679}, "channel": 16}, "attempt": 1}
2026-09-12 15:20:36,050 INFO response {"request_id": "f0e67485de8041eb8a387618d37a2ff5", "http_status": 200, "body": {"accepted": true, "real_timestamp_ms": 1789197632717, "virtual_time_s": 3032.384137, "measure_result": "direction", "svd_deg": 348.87}}
2026-09-12 15:20:36,054 INFO request {"path": "/clear", "payload": {"arena_id": "default", "robot_id": "202601002029", "request_id": "ce225196864f4adfbb9c575556cb0ca1", "position": {"x": -1428.4500899583913, "y": 837.8434377829802}, "channel": 4}, "attempt": 1}
2026-09-12 15:20:36,069 INFO response {"request_id": "ce225196864f4adfbb9c575556cb0ca1", "http_status": 200, "body": {"accepted": true, "real_timestamp_ms": 1789197632736, "virtual_time_s": 3110.290959, "clear_result": "success"}}
2026-09-12 15:20:36,077 INFO request {"path": "/measure", "payload": {"arena_id": "default", "robot_id": "202601002029", "request_id": "9b4e0355810742c68ea52fd7b0beb57d", "position": {"x": -1428.4500899583913, "y": 837.8434377829802}, "channel": 19}, "attempt": 1}
2026-09-12 15:20:36,088 INFO response {"request_id": "9b4e0355810742c68ea52fd7b0beb57d", "http_status": 200, "body": {"accepted": true, "real_timestamp_ms": 1789197632756, "virtual_time_s": 3116.290959, "measure_result": "direction", "svd_deg": 41.41}}
2026-09-12 15:20:36,596 INFO request {"path": "/clear", "payload": {"arena_id": "default", "robot_id": "202601002029", "request_id": "2e98ededec784b0ab6192dcebee90eca", "position": {"x": -1239.6535026907766, "y": 458.29184327893915}, "channel": 16}, "attempt": 1}
2026-09-12 15:20:36,597 INFO response {"request_id": "2e98ededec784b0ab6192dcebee90eca", "http_status": 200, "body": {"accepted": true, "real_timestamp_ms": 1789197633265, "virtual_time_s": 3206.073873, "clear_result": "success"}}
2026-09-12 15:20:36,598 INFO request {"path": "/measure", "payload": {"arena_id": "default", "robot_id": "202601002029", "request_id": "31ce8a1b809d4573a346ebc5cf286808", "position": {"x": -526.0930796837595, "y": 392.15849534786184}, "channel": 6}, "attempt": 1}
2026-09-12 15:20:36,611 INFO response {"request_id": "31ce8a1b809d4573a346ebc5cf286808", "http_status": 200, "body": {"accepted": true, "real_timestamp_ms": 1789197633279, "virtual_time_s": 3355.397576, "measure_result": "direction", "svd_deg": 359.74}}
2026-09-12 15:20:36,646 INFO request {"path": "/measure", "payload": {"arena_id": "default", "robot_id": "202601002029", "request_id": "5b0f90ddb6c4423986835d86ec4b3476", "position": {"x": -526.0930796837595, "y": 392.15849534786184}, "channel": 13}, "attempt": 1}
2026-09-12 15:20:36,661 INFO response {"request_id": "5b0f90ddb6c4423986835d86ec4b3476", "http_status": 200, "body": {"accepted": true, "real_timestamp_ms": 1789197633329, "virtual_time_s": 3361.397576, "measure_result": "direction", "svd_deg": 72.46}}
2026-09-12 15:20:36,698 INFO request {"path": "/measure", "payload": {"arena_id": "default", "robot_id": "202601002029", "request_id": "6143c0c68bbe4375b8d11c3e094a324b", "position": {"x": -526.0930796837595, "y": 392.15849534786184}, "channel": 5}, "attempt": 1}
2026-09-12 15:20:36,700 INFO response {"request_id": "6143c0c68bbe4375b8d11c3e094a324b", "http_status": 200, "body": {"accepted": true, "real_timestamp_ms": 1789197633367, "virtual_time_s": 3367.397576, "measure_result": "direction", "svd_deg": 327.77}}
2026-09-12 15:20:37,258 INFO request {"path": "/clear", "payload": {"arena_id": "default", "robot_id": "202601002029", "request_id": "ec4a6ca40cdb4c0fb1fcdbb07e009812", "position": {"x": -163.28630391078332, "y": 167.32569240687383}, "channel": 5}, "attempt": 1}
2026-09-12 15:20:37,259 INFO response {"request_id": "ec4a6ca40cdb4c0fb1fcdbb07e009812", "http_status": 200, "body": {"accepted": true, "real_timestamp_ms": 1789197633927, "virtual_time_s": 3457.762334, "clear_result": "success"}}
2026-09-12 15:20:37,268 INFO request {"path": "/measure", "payload": {"arena_id": "default", "robot_id": "202601002029", "request_id": "7eb213d0986949c4913362ea68738977", "position": {"x": -163.28630391078332, "y": 167.32569240687383}, "channel": 17}, "attempt": 1}
2026-09-12 15:20:37,284 INFO response {"request_id": "7eb213d0986949c4913362ea68738977", "http_status": 200, "body": {"accepted": true, "real_timestamp_ms": 1789197633951, "virtual_time_s": 3463.762334, "measure_result": "direction", "svd_deg": 32.91}}
2026-09-12 15:20:37,845 INFO request {"path": "/measure", "payload": {"arena_id": "default", "robot_id": "202601002029", "request_id": "c2ffc305faa44ea39cb4470c915e7e8f", "position": {"x": 126.33759788459525, "y": 342.8003031821878}, "channel": 17}, "attempt": 1}
2026-09-12 15:20:37,846 INFO response {"request_id": "c2ffc305faa44ea39cb4470c915e7e8f", "http_status": 200, "body": {"accepted": true, "real_timestamp_ms": 1789197634514, "virtual_time_s": 3536.48924, "measure_result": "direction", "svd_deg": 34.51}}
2026-09-12 15:20:37,882 INFO request {"path": "/measure", "payload": {"arena_id": "default", "robot_id": "202601002029", "request_id": "1535b071717d45bfa1f759187c43abb2", "position": {"x": 126.33759788459525, "y": 342.8003031821878}, "channel": 2}, "attempt": 1}
2026-09-12 15:20:37,883 INFO response {"request_id": "1535b071717d45bfa1f759187c43abb2", "http_status": 200, "body": {"accepted": true, "real_timestamp_ms": 1789197634551, "virtual_time_s": 3542.48924, "measure_result": "direction", "svd_deg": 89.8}}
2026-09-12 15:20:37,904 INFO request {"path": "/measure", "payload": {"arena_id": "default", "robot_id": "202601002029", "request_id": "b5d28d57eb794998a38d25aa8cc97b36", "position": {"x": 126.33759788459525, "y": 342.8003031821878}, "channel": 3}, "attempt": 1}
2026-09-12 15:20:37,906 INFO response {"request_id": "b5d28d57eb794998a38d25aa8cc97b36", "http_status": 200, "body": {"accepted": true, "real_timestamp_ms": 1789197634574, "virtual_time_s": 3548.48924, "measure_result": "direction", "svd_deg": 108.25}}
2026-09-12 15:20:38,895 INFO request {"path": "/clear", "payload": {"arena_id": "default", "robot_id": "202601002029", "request_id": "58946348430746b3848abcc87cbecc2b", "position": {"x": -126.50141799319645, "y": 390.17361171414757}, "channel": 6}, "attempt": 1}
2026-09-12 15:20:38,896 INFO response {"request_id": "58946348430746b3848abcc87cbecc2b", "http_status": 200, "body": {"accepted": true, "real_timestamp_ms": 1789197635564, "virtual_time_s": 3604.936999, "clear_result": "success"}}
2026-09-12 15:20:38,917 INFO request {"path": "/measure", "payload": {"arena_id": "default", "robot_id": "202601002029", "request_id": "b6be629f472946e082d6dc896c7ebb1d", "position": {"x": -126.50141799319645, "y": 390.17361171414757}, "channel": 2}, "attempt": 1}
2026-09-12 15:20:38,918 INFO response {"request_id": "b6be629f472946e082d6dc896c7ebb1d", "http_status": 200, "body": {"accepted": true, "real_timestamp_ms": 1789197635586, "virtual_time_s": 3610.936999, "measure_result": "direction", "svd_deg": 75.16}}
2026-09-12 15:20:38,932 INFO request {"path": "/measure", "payload": {"arena_id": "default", "robot_id": "202601002029", "request_id": "cf1618ab46fc49baa4d566c05a184ed0", "position": {"x": -126.50141799319645, "y": 390.17361171414757}, "channel": 13}, "attempt": 1}
2026-09-12 15:20:38,953 INFO response {"request_id": "cf1618ab46fc49baa4d566c05a184ed0", "http_status": 200, "body": {"accepted": true, "real_timestamp_ms": 1789197635621, "virtual_time_s": 3616.936999, "measure_result": "direction", "svd_deg": 97.37}}
2026-09-12 15:20:40,013 INFO request {"path": "/measure", "payload": {"arena_id": "default", "robot_id": "202601002029", "request_id": "5b407f69e99f4b408ca1d6dc0712c7d7", "position": {"x": -87.53660161814594, "y": 1025.8825537844868}, "channel": 2}, "attempt": 1}
2026-09-12 15:20:40,034 INFO response {"request_id": "5b407f69e99f4b408ca1d6dc0712c7d7", "http_status": 200, "body": {"accepted": true, "real_timestamp_ms": 1789197636701, "virtual_time_s": 3750.317392, "measure_result": "direction", "svd_deg": 57.21}}
2026-09-12 15:20:40,092 INFO request {"path": "/measure", "payload": {"arena_id": "default", "robot_id": "202601002029", "request_id": "fd8c6618948f450ba8e32756d57ea9f0", "position": {"x": -87.53660161814594, "y": 1025.8825537844868}, "channel": 19}, "attempt": 1}
2026-09-12 15:20:40,093 INFO response {"request_id": "fd8c6618948f450ba8e32756d57ea9f0", "http_status": 200, "body": {"accepted": true, "real_timestamp_ms": 1789197636761, "virtual_time_s": 3756.317392, "measure_result": "direction", "svd_deg": 149.01}}
2026-09-12 15:20:40,124 INFO request {"path": "/measure", "payload": {"arena_id": "default", "robot_id": "202601002029", "request_id": "3097f2590e32489a9a07d24c328400f9", "position": {"x": -87.53660161814594, "y": 1025.8825537844868}, "channel": 13}, "attempt": 1}
2026-09-12 15:20:40,125 INFO response {"request_id": "3097f2590e32489a9a07d24c328400f9", "http_status": 200, "body": {"accepted": true, "real_timestamp_ms": 1789197636793, "virtual_time_s": 3762.317392, "measure_result": "direction", "svd_deg": 121.84}}
2026-09-12 15:20:40,702 INFO request {"path": "/measure", "payload": {"arena_id": "default", "robot_id": "202601002029", "request_id": "ee99fdaf299f4b6cab8cb30b28affcd6", "position": {"x": -527.1550786199466, "y": 993.8264210271484}, "channel": 13}, "attempt": 1}
2026-09-12 15:20:40,714 INFO response {"request_id": "ee99fdaf299f4b6cab8cb30b28affcd6", "http_status": 200, "body": {"accepted": true, "real_timestamp_ms": 1789197637381, "virtual_time_s": 3855.474525, "measure_result": "direction", "svd_deg": 42.47}}
2026-09-12 15:20:40,729 INFO request {"path": "/measure", "payload": {"arena_id": "default", "robot_id": "202601002029", "request_id": "742308a61c9d4e5086eb3fbeadd272da", "position": {"x": -527.1550786199466, "y": 993.8264210271484}, "channel": 3}, "attempt": 1}
2026-09-12 15:20:40,730 INFO response {"request_id": "742308a61c9d4e5086eb3fbeadd272da", "http_status": 200, "body": {"accepted": true, "real_timestamp_ms": 1789197637397, "virtual_time_s": 3861.474525, "measure_result": "direction", "svd_deg": 69.94}}
2026-09-12 15:20:41,330 INFO request {"path": "/clear", "payload": {"arena_id": "default", "robot_id": "202601002029", "request_id": "91c0bcd2e3a54123a12a70b66fee7b5e", "position": {"x": -742.4262386248114, "y": 1431.2900976217652}, "channel": 19}, "attempt": 1}
2026-09-12 15:20:41,347 INFO response {"request_id": "91c0bcd2e3a54123a12a70b66fee7b5e", "http_status": 200, "body": {"accepted": true, "real_timestamp_ms": 1789197638016, "virtual_time_s": 3963.986809, "clear_result": "success"}}
2026-09-12 15:20:41,361 INFO request {"path": "/measure", "payload": {"arena_id": "default", "robot_id": "202601002029", "request_id": "9703e15859604a6aa2021282ef3aff82", "position": {"x": -742.4262386248114, "y": 1431.2900976217652}, "channel": 3}, "attempt": 1}
2026-09-12 15:20:41,377 INFO response {"request_id": "9703e15859604a6aa2021282ef3aff82", "http_status": 200, "body": {"accepted": true, "real_timestamp_ms": 1789197638045, "virtual_time_s": 3968.986809, "measure_result": "direction", "svd_deg": 24.37}}
2026-09-12 15:20:41,381 INFO request {"path": "/clear", "payload": {"arena_id": "default", "robot_id": "202601002029", "request_id": "03fd32a09e284314989bed0a048d7c44", "position": {"x": -290.8648112930454, "y": 1641.4973952322334}, "channel": 3}, "attempt": 1}
2026-09-12 15:20:41,397 INFO response {"request_id": "03fd32a09e284314989bed0a048d7c44", "http_status": 200, "body": {"accepted": true, "real_timestamp_ms": 1789197638065, "virtual_time_s": 4073.605046, "clear_result": "success"}}
2026-09-12 15:20:41,409 INFO request {"path": "/measure", "payload": {"arena_id": "default", "robot_id": "202601002029", "request_id": "7080aa6ed51f44a5835b96b624262b61", "position": {"x": -290.8648112930454, "y": 1641.4973952322334}, "channel": 8}, "attempt": 1}
2026-09-12 15:20:41,409 INFO response {"request_id": "7080aa6ed51f44a5835b96b624262b61", "http_status": 200, "body": {"accepted": true, "real_timestamp_ms": 1789197638078, "virtual_time_s": 4079.605046, "measure_result": "direction", "svd_deg": 354.98}}
2026-09-12 15:20:41,902 INFO request {"path": "/clear", "payload": {"arena_id": "default", "robot_id": "202601002029", "request_id": "7a9e315e27a44036afbdbb2be1bb3a14", "position": {"x": -235.00701779140223, "y": 1264.6271259809437}, "channel": 13}, "attempt": 1}
2026-09-12 15:20:41,903 INFO response {"request_id": "7a9e315e27a44036afbdbb2be1bb3a14", "http_status": 200, "body": {"accepted": true, "real_timestamp_ms": 1789197638571, "virtual_time_s": 4160.802498, "clear_result": "success"}}
2026-09-12 15:20:41,903 INFO request {"path": "/clear", "payload": {"arena_id": "default", "robot_id": "202601002029", "request_id": "b7e668b9b1554fa8983b41205683838d", "position": {"x": 128.14897031363685, "y": 1361.0166215500649}, "channel": 2}, "attempt": 1}
2026-09-12 15:20:41,904 INFO response {"request_id": "b7e668b9b1554fa8983b41205683838d", "http_status": 200, "body": {"accepted": true, "real_timestamp_ms": 1789197638572, "virtual_time_s": 4240.948544, "clear_result": "success"}}
2026-09-12 15:20:41,913 INFO request {"path": "/measure", "payload": {"arena_id": "default", "robot_id": "202601002029", "request_id": "c647f361f53942bd8212333f10d913e5", "position": {"x": 128.14897031363685, "y": 1361.0166215500649}, "channel": 8}, "attempt": 1}
2026-09-12 15:20:41,914 INFO response {"request_id": "c647f361f53942bd8212333f10d913e5", "http_status": 200, "body": {"accepted": true, "real_timestamp_ms": 1789197638582, "virtual_time_s": 4245.948544, "measure_result": "direction", "svd_deg": 14.24}}
2026-09-12 15:20:42,437 INFO request {"path": "/measure", "payload": {"arena_id": "default", "robot_id": "202601002029", "request_id": "140660aa34e74e80bef8fceedb73d1c1", "position": {"x": 549.0943409339445, "y": 1819.4455694969668}, "channel": 8}, "attempt": 1}
2026-09-12 15:20:42,452 INFO response {"request_id": "140660aa34e74e80bef8fceedb73d1c1", "http_status": 200, "body": {"accepted": true, "real_timestamp_ms": 1789197639120, "virtual_time_s": 4375.423779, "measure_result": "direction", "svd_deg": 314.54}}
2026-09-12 15:20:42,456 INFO request {"path": "/clear", "payload": {"arena_id": "default", "robot_id": "202601002029", "request_id": "df06cf6293a94805a0ad3e07692eb5e4", "position": {"x": 831.352762658556, "y": 1536.694439611666}, "channel": 8}, "attempt": 1}
2026-09-12 15:20:42,472 INFO response {"request_id": "df06cf6293a94805a0ad3e07692eb5e4", "http_status": 200, "body": {"accepted": true, "real_timestamp_ms": 1789197639140, "virtual_time_s": 4460.328226, "clear_result": "success"}}
2026-09-12 15:20:42,473 INFO request {"path": "/clear", "payload": {"arena_id": "default", "robot_id": "202601002029", "request_id": "045e127bdc5b44cb827f8c88a95f695e", "position": {"x": 618.7229421675838, "y": 679.0652135695833}, "channel": 17}, "attempt": 1}
2026-09-12 15:20:42,474 INFO response {"request_id": "045e127bdc5b44cb827f8c88a95f695e", "http_status": 200, "body": {"accepted": true, "real_timestamp_ms": 1789197639142, "virtual_time_s": 4642.047136, "clear_result": "success"}}
2026-09-12 15:20:42,474 INFO request {"path": "/exit", "payload": {"arena_id": "default", "robot_id": "202601002029", "request_id": "9de410c0cd5541d8abf4a3eedb7765f9"}, "attempt": 1}
2026-09-12 15:20:42,475 INFO response {"request_id": "9de410c0cd5541d8abf4a3eedb7765f9", "http_status": 200, "body": {"accepted": true, "real_timestamp_ms": 1789197639143, "virtual_time_s": 4642.047136, "exit_reason": "user_exit"}}
