2026-09-13 10:18:55,050 INFO request {"path": "/enter", "payload": {"arena_id": "default", "robot_id": "202601002029", "request_id": "dec8035029d74232a70aa302911cb09f"}, "attempt": 1}
2026-09-13 10:18:55,053 INFO response {"request_id": "dec8035029d74232a70aa302911cb09f", "http_status": 200, "body": {"accepted": true, "real_timestamp_ms": 1789265930974, "virtual_time_s": 0, "max_virtual_duration_s": 360000, "max_real_duration_s": 1200, "remaining_real_duration_s": 1200}}
2026-09-13 10:18:55,060 INFO request {"path": "/measure", "payload": {"arena_id": "default", "robot_id": "202601002029", "request_id": "a6e90fd213f24a9cb78f6764d2103fdf", "position": {"x": 0.0, "y": 0.0}, "channel": 1}, "attempt": 1}
2026-09-13 10:18:55,061 INFO response {"request_id": "a6e90fd213f24a9cb78f6764d2103fdf", "http_status": 200, "body": {"accepted": true, "real_timestamp_ms": 1789265930982, "virtual_time_s": 5, "measure_result": "direction", "svd_deg": 272.82}}
2026-09-13 10:18:55,080 INFO request {"path": "/measure", "payload": {"arena_id": "default", "robot_id": "202601002029", "request_id": "8fd1adcecca5488e87157c0565d4b08f", "position": {"x": 0.0, "y": 0.0}, "channel": 2}, "attempt": 1}
2026-09-13 10:18:55,105 INFO response {"request_id": "8fd1adcecca5488e87157c0565d4b08f", "http_status": 200, "body": {"accepted": true, "real_timestamp_ms": 1789265931025, "virtual_time_s": 11, "measure_result": "no_signal"}}
2026-09-13 10:18:55,107 INFO request {"path": "/measure", "payload": {"arena_id": "default", "robot_id": "202601002029", "request_id": "e7ae085851574f2e9f374182ec174b80", "position": {"x": 0.0, "y": 0.0}, "channel": 3}, "attempt": 1}
2026-09-13 10:18:55,121 INFO response {"request_id": "e7ae085851574f2e9f374182ec174b80", "http_status": 200, "body": {"accepted": true, "real_timestamp_ms": 1789265931041, "virtual_time_s": 17, "measure_result": "direction", "svd_deg": 224.99}}
2026-09-13 10:18:55,155 INFO request {"path": "/measure", "payload": {"arena_id": "default", "robot_id": "202601002029", "request_id": "271d3da5e2f0446c97d3148c299ab0a9", "position": {"x": 0.0, "y": 0.0}, "channel": 4}, "attempt": 1}
2026-09-13 10:18:55,169 INFO response {"request_id": "271d3da5e2f0446c97d3148c299ab0a9", "http_status": 200, "body": {"accepted": true, "real_timestamp_ms": 1789265931089, "virtual_time_s": 23, "measure_result": "no_signal"}}
2026-09-13 10:18:55,170 INFO request {"path": "/measure", "payload": {"arena_id": "default", "robot_id": "202601002029", "request_id": "0305c634937d420fa32c8b60e1594786", "position": {"x": 0.0, "y": 0.0}, "channel": 5}, "attempt": 1}
2026-09-13 10:18:55,172 INFO response {"request_id": "0305c634937d420fa32c8b60e1594786", "http_status": 200, "body": {"accepted": true, "real_timestamp_ms": 1789265931093, "virtual_time_s": 29, "measure_result": "direction", "svd_deg": 311.2}}
2026-09-13 10:18:55,209 INFO request {"path": "/measure", "payload": {"arena_id": "default", "robot_id": "202601002029", "request_id": "aee98e8038b34b76b90fbdcbd2ffa0ae", "position": {"x": 0.0, "y": 0.0}, "channel": 6}, "attempt": 1}
2026-09-13 10:18:55,212 INFO response {"request_id": "aee98e8038b34b76b90fbdcbd2ffa0ae", "http_status": 200, "body": {"accepted": true, "real_timestamp_ms": 1789265931132, "virtual_time_s": 35, "measure_result": "no_signal"}}
2026-09-13 10:18:55,213 INFO request {"path": "/measure", "payload": {"arena_id": "default", "robot_id": "202601002029", "request_id": "10f1b65d9cdb41cbbf3ecb82747cd0f8", "position": {"x": 0.0, "y": 0.0}, "channel": 7}, "attempt": 1}
2026-09-13 10:18:55,232 INFO response {"request_id": "10f1b65d9cdb41cbbf3ecb82747cd0f8", "http_status": 200, "body": {"accepted": true, "real_timestamp_ms": 1789265931152, "virtual_time_s": 41, "measure_result": "no_signal"}}
2026-09-13 10:18:55,233 INFO request {"path": "/measure", "payload": {"arena_id": "default", "robot_id": "202601002029", "request_id": "da28de65d9244013944b64feec584698", "position": {"x": 0.0, "y": 0.0}, "channel": 8}, "attempt": 1}
2026-09-13 10:18:55,248 INFO response {"request_id": "da28de65d9244013944b64feec584698", "http_status": 200, "body": {"accepted": true, "real_timestamp_ms": 1789265931168, "virtual_time_s": 47, "measure_result": "direction", "svd_deg": 43.24}}
2026-09-13 10:18:55,285 INFO request {"path": "/measure", "payload": {"arena_id": "default", "robot_id": "202601002029", "request_id": "2bb1bad37c2e47d6b3133d5d057d6f2c", "position": {"x": 0.0, "y": 0.0}, "channel": 9}, "attempt": 1}
2026-09-13 10:18:55,287 INFO response {"request_id": "2bb1bad37c2e47d6b3133d5d057d6f2c", "http_status": 200, "body": {"accepted": true, "real_timestamp_ms": 1789265931207, "virtual_time_s": 53, "measure_result": "no_signal"}}
2026-09-13 10:18:55,288 INFO request {"path": "/measure", "payload": {"arena_id": "default", "robot_id": "202601002029", "request_id": "d1eb179340294e7bad1a7c94c9eceb79", "position": {"x": 0.0, "y": 0.0}, "channel": 10}, "attempt": 1}
2026-09-13 10:18:55,289 INFO response {"request_id": "d1eb179340294e7bad1a7c94c9eceb79", "http_status": 200, "body": {"accepted": true, "real_timestamp_ms": 1789265931209, "virtual_time_s": 59, "measure_result": "no_signal"}}
2026-09-13 10:18:55,290 INFO request {"path": "/measure", "payload": {"arena_id": "default", "robot_id": "202601002029", "request_id": "1dca135cc24f4452b24d0382ca3ff96a", "position": {"x": 0.0, "y": 0.0}, "channel": 11}, "attempt": 1}
2026-09-13 10:18:55,292 INFO response {"request_id": "1dca135cc24f4452b24d0382ca3ff96a", "http_status": 200, "body": {"accepted": true, "real_timestamp_ms": 1789265931212, "virtual_time_s": 65, "measure_result": "no_signal"}}
2026-09-13 10:18:55,292 INFO request {"path": "/measure", "payload": {"arena_id": "default", "robot_id": "202601002029", "request_id": "cc5d9cca5ae241ea86a3299a8504feb6", "position": {"x": 0.0, "y": 0.0}, "channel": 12}, "attempt": 1}
2026-09-13 10:18:55,294 INFO response {"request_id": "cc5d9cca5ae241ea86a3299a8504feb6", "http_status": 200, "body": {"accepted": true, "real_timestamp_ms": 1789265931214, "virtual_time_s": 71, "measure_result": "no_signal"}}
2026-09-13 10:18:55,295 INFO request {"path": "/measure", "payload": {"arena_id": "default", "robot_id": "202601002029", "request_id": "0ff0a6408472493eb2f57d239da20e8c", "position": {"x": 0.0, "y": 0.0}, "channel": 13}, "attempt": 1}
2026-09-13 10:18:55,296 INFO response {"request_id": "0ff0a6408472493eb2f57d239da20e8c", "http_status": 200, "body": {"accepted": true, "real_timestamp_ms": 1789265931217, "virtual_time_s": 77, "measure_result": "no_signal"}}
2026-09-13 10:18:55,297 INFO request {"path": "/measure", "payload": {"arena_id": "default", "robot_id": "202601002029", "request_id": "aaa6266d9a40469382dba43769de7541", "position": {"x": 0.0, "y": 0.0}, "channel": 14}, "attempt": 1}
2026-09-13 10:18:55,299 INFO response {"request_id": "aaa6266d9a40469382dba43769de7541", "http_status": 200, "body": {"accepted": true, "real_timestamp_ms": 1789265931219, "virtual_time_s": 83, "measure_result": "direction", "svd_deg": 247.96}}
2026-09-13 10:18:55,324 INFO request {"path": "/measure", "payload": {"arena_id": "default", "robot_id": "202601002029", "request_id": "0a5c91c69f33486d823c5f70760748d2", "position": {"x": 0.0, "y": 0.0}, "channel": 15}, "attempt": 1}
2026-09-13 10:18:55,326 INFO response {"request_id": "0a5c91c69f33486d823c5f70760748d2", "http_status": 200, "body": {"accepted": true, "real_timestamp_ms": 1789265931246, "virtual_time_s": 89, "measure_result": "no_signal"}}
2026-09-13 10:18:55,326 INFO request {"path": "/measure", "payload": {"arena_id": "default", "robot_id": "202601002029", "request_id": "51be6db0f9d145f6968ceda5f7d69448", "position": {"x": 0.0, "y": 0.0}, "channel": 16}, "attempt": 1}
2026-09-13 10:18:55,341 INFO response {"request_id": "51be6db0f9d145f6968ceda5f7d69448", "http_status": 200, "body": {"accepted": true, "real_timestamp_ms": 1789265931262, "virtual_time_s": 95, "measure_result": "direction", "svd_deg": 125.54}}
2026-09-13 10:18:55,359 INFO request {"path": "/measure", "payload": {"arena_id": "default", "robot_id": "202601002029", "request_id": "ecce35a72cdb42a69c7d0bf34caea411", "position": {"x": 0.0, "y": 0.0}, "channel": 17}, "attempt": 1}
2026-09-13 10:18:55,363 INFO response {"request_id": "ecce35a72cdb42a69c7d0bf34caea411", "http_status": 200, "body": {"accepted": true, "real_timestamp_ms": 1789265931284, "virtual_time_s": 101, "measure_result": "no_signal"}}
2026-09-13 10:18:55,363 INFO request {"path": "/measure", "payload": {"arena_id": "default", "robot_id": "202601002029", "request_id": "f66d0f419fdb4364a0c7e00f622904f9", "position": {"x": 0.0, "y": 0.0}, "channel": 18}, "attempt": 1}
2026-09-13 10:18:55,366 INFO response {"request_id": "f66d0f419fdb4364a0c7e00f622904f9", "http_status": 200, "body": {"accepted": true, "real_timestamp_ms": 1789265931285, "virtual_time_s": 107, "measure_result": "no_signal"}}
2026-09-13 10:18:55,366 INFO request {"path": "/measure", "payload": {"arena_id": "default", "robot_id": "202601002029", "request_id": "5bba48915adb43fdae8f685a696f6a6e", "position": {"x": 0.0, "y": 0.0}, "channel": 19}, "attempt": 1}
2026-09-13 10:18:55,367 INFO response {"request_id": "5bba48915adb43fdae8f685a696f6a6e", "http_status": 200, "body": {"accepted": true, "real_timestamp_ms": 1789265931287, "virtual_time_s": 113, "measure_result": "direction", "svd_deg": 221.83}}
2026-09-13 10:18:55,384 INFO request {"path": "/measure", "payload": {"arena_id": "default", "robot_id": "202601002029", "request_id": "1957ea727640439b95e71fa090d6ed8b", "position": {"x": 0.0, "y": 0.0}, "channel": 20}, "attempt": 1}
2026-09-13 10:18:55,386 INFO response {"request_id": "1957ea727640439b95e71fa090d6ed8b", "http_status": 200, "body": {"accepted": true, "real_timestamp_ms": 1789265931306, "virtual_time_s": 119, "measure_result": "direction", "svd_deg": 100.76}}
2026-09-13 10:18:55,421 INFO request {"path": "/measure", "payload": {"arena_id": "default", "robot_id": "202601002029", "request_id": "bf65ac3129d046cfb3434f6faa2c65fd", "position": {"x": -565.0000000000005, "y": -978.6087062764154}, "channel": 2}, "attempt": 1}
2026-09-13 10:18:55,422 INFO response {"request_id": "bf65ac3129d046cfb3434f6faa2c65fd", "http_status": 200, "body": {"accepted": true, "real_timestamp_ms": 1789265931343, "virtual_time_s": 351, "measure_result": "no_signal"}}
2026-09-13 10:18:55,422 INFO request {"path": "/measure", "payload": {"arena_id": "default", "robot_id": "202601002029", "request_id": "8d590903e4d4418aa1cb4e41868fdf99", "position": {"x": -565.0000000000005, "y": -978.6087062764154}, "channel": 4}, "attempt": 1}
2026-09-13 10:18:55,434 INFO response {"request_id": "8d590903e4d4418aa1cb4e41868fdf99", "http_status": 200, "body": {"accepted": true, "real_timestamp_ms": 1789265931355, "virtual_time_s": 357, "measure_result": "no_signal"}}
2026-09-13 10:18:55,434 INFO request {"path": "/measure", "payload": {"arena_id": "default", "robot_id": "202601002029", "request_id": "25920dd6c04a4bd1b8ea64487e81f130", "position": {"x": -565.0000000000005, "y": -978.6087062764154}, "channel": 6}, "attempt": 1}
2026-09-13 10:18:55,436 INFO response {"request_id": "25920dd6c04a4bd1b8ea64487e81f130", "http_status": 200, "body": {"accepted": true, "real_timestamp_ms": 1789265931357, "virtual_time_s": 363, "measure_result": "no_signal"}}
2026-09-13 10:18:55,436 INFO request {"path": "/measure", "payload": {"arena_id": "default", "robot_id": "202601002029", "request_id": "1c46a1caeb4345f2893d043dd09d5f39", "position": {"x": -565.0000000000005, "y": -978.6087062764154}, "channel": 7}, "attempt": 1}
2026-09-13 10:18:55,437 INFO response {"request_id": "1c46a1caeb4345f2893d043dd09d5f39", "http_status": 200, "body": {"accepted": true, "real_timestamp_ms": 1789265931358, "virtual_time_s": 369, "measure_result": "direction", "svd_deg": 314.16}}
2026-09-13 10:18:55,453 INFO request {"path": "/measure", "payload": {"arena_id": "default", "robot_id": "202601002029", "request_id": "5fdc71ec95b34dbcaf7abbbfd65ed179", "position": {"x": -565.0000000000005, "y": -978.6087062764154}, "channel": 9}, "attempt": 1}
2026-09-13 10:18:55,454 INFO response {"request_id": "5fdc71ec95b34dbcaf7abbbfd65ed179", "http_status": 200, "body": {"accepted": true, "real_timestamp_ms": 1789265931374, "virtual_time_s": 375, "measure_result": "no_signal"}}
2026-09-13 10:18:55,454 INFO request {"path": "/measure", "payload": {"arena_id": "default", "robot_id": "202601002029", "request_id": "03896108c3ea4958a4560cde411fd5c9", "position": {"x": -565.0000000000005, "y": -978.6087062764154}, "channel": 10}, "attempt": 1}
2026-09-13 10:18:55,465 INFO response {"request_id": "03896108c3ea4958a4560cde411fd5c9", "http_status": 200, "body": {"accepted": true, "real_timestamp_ms": 1789265931386, "virtual_time_s": 381, "measure_result": "direction", "svd_deg": 147.11}}
2026-09-13 10:18:55,479 INFO request {"path": "/measure", "payload": {"arena_id": "default", "robot_id": "202601002029", "request_id": "233578773ee746738450cfe655d94a16", "position": {"x": -565.0000000000005, "y": -978.6087062764154}, "channel": 11}, "attempt": 1}
2026-09-13 10:18:55,481 INFO response {"request_id": "233578773ee746738450cfe655d94a16", "http_status": 200, "body": {"accepted": true, "real_timestamp_ms": 1789265931401, "virtual_time_s": 387, "measure_result": "direction", "svd_deg": 170.78}}
2026-09-13 10:18:55,493 INFO request {"path": "/measure", "payload": {"arena_id": "default", "robot_id": "202601002029", "request_id": "8b96fed8a3564fac9f81d87d61eabbf0", "position": {"x": -565.0000000000005, "y": -978.6087062764154}, "channel": 12}, "attempt": 1}
2026-09-13 10:18:55,511 INFO response {"request_id": "8b96fed8a3564fac9f81d87d61eabbf0", "http_status": 200, "body": {"accepted": true, "real_timestamp_ms": 1789265931432, "virtual_time_s": 393, "measure_result": "no_signal"}}
2026-09-13 10:18:55,512 INFO request {"path": "/measure", "payload": {"arena_id": "default", "robot_id": "202601002029", "request_id": "5554b73e71394f8ab67f46a128a0fc43", "position": {"x": -565.0000000000005, "y": -978.6087062764154}, "channel": 13}, "attempt": 1}
2026-09-13 10:18:55,513 INFO response {"request_id": "5554b73e71394f8ab67f46a128a0fc43", "http_status": 200, "body": {"accepted": true, "real_timestamp_ms": 1789265931433, "virtual_time_s": 399, "measure_result": "no_signal"}}
2026-09-13 10:18:55,514 INFO request {"path": "/measure", "payload": {"arena_id": "default", "robot_id": "202601002029", "request_id": "b3b83654d6324474b90b523b7ca06fd0", "position": {"x": -565.0000000000005, "y": -978.6087062764154}, "channel": 15}, "attempt": 1}
2026-09-13 10:18:55,527 INFO response {"request_id": "b3b83654d6324474b90b523b7ca06fd0", "http_status": 200, "body": {"accepted": true, "real_timestamp_ms": 1789265931448, "virtual_time_s": 405, "measure_result": "no_signal"}}
2026-09-13 10:18:55,528 INFO request {"path": "/measure", "payload": {"arena_id": "default", "robot_id": "202601002029", "request_id": "c6eb8d8a6e144ad7a7b17fff2f96a4ac", "position": {"x": -565.0000000000005, "y": -978.6087062764154}, "channel": 17}, "attempt": 1}
2026-09-13 10:18:55,528 INFO response {"request_id": "c6eb8d8a6e144ad7a7b17fff2f96a4ac", "http_status": 200, "body": {"accepted": true, "real_timestamp_ms": 1789265931449, "virtual_time_s": 411, "measure_result": "no_signal"}}
2026-09-13 10:18:55,529 INFO request {"path": "/measure", "payload": {"arena_id": "default", "robot_id": "202601002029", "request_id": "ac310dee94eb4a15907bbd66850fe75a", "position": {"x": -565.0000000000005, "y": -978.6087062764154}, "channel": 18}, "attempt": 1}
2026-09-13 10:18:55,543 INFO response {"request_id": "ac310dee94eb4a15907bbd66850fe75a", "http_status": 200, "body": {"accepted": true, "real_timestamp_ms": 1789265931463, "virtual_time_s": 417, "measure_result": "no_signal"}}
2026-09-13 10:18:55,696 INFO request {"path": "/measure", "payload": {"arena_id": "default", "robot_id": "202601002029", "request_id": "1292d1b367b94dc5ba99edb0a37cd027", "position": {"x": -565.0000000000005, "y": -978.6087062764154}, "channel": 14}, "attempt": 1}
2026-09-13 10:18:55,698 INFO response {"request_id": "1292d1b367b94dc5ba99edb0a37cd027", "http_status": 200, "body": {"accepted": true, "real_timestamp_ms": 1789265931618, "virtual_time_s": 423, "measure_result": "direction", "svd_deg": 42.48}}
2026-09-13 10:18:55,808 INFO request {"path": "/measure", "payload": {"arena_id": "default", "robot_id": "202601002029", "request_id": "7e22ea5f45dc48c4b9369ef4fbceaa17", "position": {"x": -565.0000000000005, "y": -978.6087062764154}, "channel": 1}, "attempt": 1}
2026-09-13 10:18:55,810 INFO response {"request_id": "7e22ea5f45dc48c4b9369ef4fbceaa17", "http_status": 200, "body": {"accepted": true, "real_timestamp_ms": 1789265931730, "virtual_time_s": 429, "measure_result": "direction", "svd_deg": 7.99}}
2026-09-13 10:18:55,894 INFO request {"path": "/measure", "payload": {"arena_id": "default", "robot_id": "202601002029", "request_id": "19d7679749cf4b7c9139e39f21d340f8", "position": {"x": -1130.0, "y": 1.3838508830365092e-13}, "channel": 2}, "attempt": 1}
2026-09-13 10:18:55,895 INFO response {"request_id": "19d7679749cf4b7c9139e39f21d340f8", "http_status": 200, "body": {"accepted": true, "real_timestamp_ms": 1789265931816, "virtual_time_s": 661, "measure_result": "no_signal"}}
2026-09-13 10:18:55,896 INFO request {"path": "/measure", "payload": {"arena_id": "default", "robot_id": "202601002029", "request_id": "e6aad09057f645f9a36f8df9a62839b4", "position": {"x": -1130.0, "y": 1.3838508830365092e-13}, "channel": 4}, "attempt": 1}
2026-09-13 10:18:55,918 INFO response {"request_id": "e6aad09057f645f9a36f8df9a62839b4", "http_status": 200, "body": {"accepted": true, "real_timestamp_ms": 1789265931839, "virtual_time_s": 667, "measure_result": "no_signal"}}
2026-09-13 10:18:55,918 INFO request {"path": "/measure", "payload": {"arena_id": "default", "robot_id": "202601002029", "request_id": "c5a29a64c107460da53d0daae465bda0", "position": {"x": -1130.0, "y": 1.3838508830365092e-13}, "channel": 6}, "attempt": 1}
2026-09-13 10:18:55,933 INFO response {"request_id": "c5a29a64c107460da53d0daae465bda0", "http_status": 200, "body": {"accepted": true, "real_timestamp_ms": 1789265931853, "virtual_time_s": 673, "measure_result": "no_signal"}}
2026-09-13 10:18:55,933 INFO request {"path": "/measure", "payload": {"arena_id": "default", "robot_id": "202601002029", "request_id": "17ed6d8b5ee74d0eafd0191a7121bf2d", "position": {"x": -1130.0, "y": 1.3838508830365092e-13}, "channel": 9}, "attempt": 1}
2026-09-13 10:18:55,934 INFO response {"request_id": "17ed6d8b5ee74d0eafd0191a7121bf2d", "http_status": 200, "body": {"accepted": true, "real_timestamp_ms": 1789265931855, "virtual_time_s": 679, "measure_result": "no_signal"}}
2026-09-13 10:18:55,935 INFO request {"path": "/measure", "payload": {"arena_id": "default", "robot_id": "202601002029", "request_id": "daa15cb899b34cc9b8e482ef937e88ab", "position": {"x": -1130.0, "y": 1.3838508830365092e-13}, "channel": 12}, "attempt": 1}
2026-09-13 10:18:55,949 INFO response {"request_id": "daa15cb899b34cc9b8e482ef937e88ab", "http_status": 200, "body": {"accepted": true, "real_timestamp_ms": 1789265931868, "virtual_time_s": 685, "measure_result": "no_signal"}}
2026-09-13 10:18:55,949 INFO request {"path": "/measure", "payload": {"arena_id": "default", "robot_id": "202601002029", "request_id": "2961b20494e34f9bb4351def4959de16", "position": {"x": -1130.0, "y": 1.3838508830365092e-13}, "channel": 13}, "attempt": 1}
2026-09-13 10:18:55,951 INFO response {"request_id": "2961b20494e34f9bb4351def4959de16", "http_status": 200, "body": {"accepted": true, "real_timestamp_ms": 1789265931871, "virtual_time_s": 691, "measure_result": "no_signal"}}
2026-09-13 10:18:55,952 INFO request {"path": "/measure", "payload": {"arena_id": "default", "robot_id": "202601002029", "request_id": "794575d8ef0442b49ec4c0154f691933", "position": {"x": -1130.0, "y": 1.3838508830365092e-13}, "channel": 15}, "attempt": 1}
2026-09-13 10:18:55,965 INFO response {"request_id": "794575d8ef0442b49ec4c0154f691933", "http_status": 200, "body": {"accepted": true, "real_timestamp_ms": 1789265931884, "virtual_time_s": 697, "measure_result": "no_signal"}}
2026-09-13 10:18:55,965 INFO request {"path": "/measure", "payload": {"arena_id": "default", "robot_id": "202601002029", "request_id": "17da438f33c14309b1615fafe292826b", "position": {"x": -1130.0, "y": 1.3838508830365092e-13}, "channel": 17}, "attempt": 1}
2026-09-13 10:18:55,981 INFO response {"request_id": "17da438f33c14309b1615fafe292826b", "http_status": 200, "body": {"accepted": true, "real_timestamp_ms": 1789265931901, "virtual_time_s": 703, "measure_result": "no_signal"}}
2026-09-13 10:18:55,982 INFO request {"path": "/measure", "payload": {"arena_id": "default", "robot_id": "202601002029", "request_id": "d656f8fbca0c430bb1bba506477900e0", "position": {"x": -1130.0, "y": 1.3838508830365092e-13}, "channel": 18}, "attempt": 1}
2026-09-13 10:18:55,985 INFO response {"request_id": "d656f8fbca0c430bb1bba506477900e0", "http_status": 200, "body": {"accepted": true, "real_timestamp_ms": 1789265931905, "virtual_time_s": 709, "measure_result": "no_signal"}}
2026-09-13 10:18:56,260 INFO request {"path": "/measure", "payload": {"arena_id": "default", "robot_id": "202601002029", "request_id": "13ae29f722bf4d299212bb25ed3a0bdd", "position": {"x": -1130.0, "y": 1.3838508830365092e-13}, "channel": 3}, "attempt": 1}
2026-09-13 10:18:56,261 INFO response {"request_id": "13ae29f722bf4d299212bb25ed3a0bdd", "http_status": 200, "body": {"accepted": true, "real_timestamp_ms": 1789265932182, "virtual_time_s": 715, "measure_result": "direction", "svd_deg": 288.83}}
2026-09-13 10:18:56,466 INFO request {"path": "/measure", "payload": {"arena_id": "default", "robot_id": "202601002029", "request_id": "392161f7da254de2b364870f5b4dc8ed", "position": {"x": -1130.0, "y": 1.3838508830365092e-13}, "channel": 11}, "attempt": 1}
2026-09-13 10:18:56,481 INFO response {"request_id": "392161f7da254de2b364870f5b4dc8ed", "http_status": 200, "body": {"accepted": true, "real_timestamp_ms": 1789265932401, "virtual_time_s": 721, "measure_result": "direction", "svd_deg": 246.52}}
2026-09-13 10:18:56,645 INFO request {"path": "/measure", "payload": {"arena_id": "default", "robot_id": "202601002029", "request_id": "437b00a131c94398b6da270255ab9ae7", "position": {"x": -564.9999999999998, "y": 978.6087062764158}, "channel": 2}, "attempt": 1}
2026-09-13 10:18:56,646 INFO response {"request_id": "437b00a131c94398b6da270255ab9ae7", "http_status": 200, "body": {"accepted": true, "real_timestamp_ms": 1789265932567, "virtual_time_s": 953, "measure_result": "no_signal"}}
2026-09-13 10:18:56,646 INFO request {"path": "/measure", "payload": {"arena_id": "default", "robot_id": "202601002029", "request_id": "e1f31b8dc2204515bdd3a9eb5d9b0609", "position": {"x": -564.9999999999998, "y": 978.6087062764158}, "channel": 4}, "attempt": 1}
2026-09-13 10:18:56,668 INFO response {"request_id": "e1f31b8dc2204515bdd3a9eb5d9b0609", "http_status": 200, "body": {"accepted": true, "real_timestamp_ms": 1789265932589, "virtual_time_s": 959, "measure_result": "no_signal"}}
2026-09-13 10:18:56,668 INFO request {"path": "/measure", "payload": {"arena_id": "default", "robot_id": "202601002029", "request_id": "64db786f167d4655b5a74f9cbf28a689", "position": {"x": -564.9999999999998, "y": 978.6087062764158}, "channel": 6}, "attempt": 1}
2026-09-13 10:18:56,685 INFO response {"request_id": "64db786f167d4655b5a74f9cbf28a689", "http_status": 200, "body": {"accepted": true, "real_timestamp_ms": 1789265932605, "virtual_time_s": 965, "measure_result": "no_signal"}}
2026-09-13 10:18:56,685 INFO request {"path": "/measure", "payload": {"arena_id": "default", "robot_id": "202601002029", "request_id": "4b215938ce4e4280a45b286874d66ada", "position": {"x": -564.9999999999998, "y": 978.6087062764158}, "channel": 9}, "attempt": 1}
2026-09-13 10:18:56,686 INFO response {"request_id": "4b215938ce4e4280a45b286874d66ada", "http_status": 200, "body": {"accepted": true, "real_timestamp_ms": 1789265932606, "virtual_time_s": 971, "measure_result": "no_signal"}}
2026-09-13 10:18:56,686 INFO request {"path": "/measure", "payload": {"arena_id": "default", "robot_id": "202601002029", "request_id": "6516a09e90584d98acb26e278c63ae01", "position": {"x": -564.9999999999998, "y": 978.6087062764158}, "channel": 12}, "attempt": 1}
2026-09-13 10:18:56,687 INFO response {"request_id": "6516a09e90584d98acb26e278c63ae01", "http_status": 200, "body": {"accepted": true, "real_timestamp_ms": 1789265932608, "virtual_time_s": 977, "measure_result": "no_signal"}}
2026-09-13 10:18:56,687 INFO request {"path": "/measure", "payload": {"arena_id": "default", "robot_id": "202601002029", "request_id": "b9f8cf60faa0431d809981f105450101", "position": {"x": -564.9999999999998, "y": 978.6087062764158}, "channel": 13}, "attempt": 1}
2026-09-13 10:18:56,688 INFO response {"request_id": "b9f8cf60faa0431d809981f105450101", "http_status": 200, "body": {"accepted": true, "real_timestamp_ms": 1789265932609, "virtual_time_s": 983, "measure_result": "no_signal"}}
2026-09-13 10:18:56,689 INFO request {"path": "/measure", "payload": {"arena_id": "default", "robot_id": "202601002029", "request_id": "bdb385edd96746549dccab2b4dc56eff", "position": {"x": -564.9999999999998, "y": 978.6087062764158}, "channel": 15}, "attempt": 1}
2026-09-13 10:18:56,689 INFO response {"request_id": "bdb385edd96746549dccab2b4dc56eff", "http_status": 200, "body": {"accepted": true, "real_timestamp_ms": 1789265932609, "virtual_time_s": 989, "measure_result": "direction", "svd_deg": 26.0}}
2026-09-13 10:18:56,702 INFO request {"path": "/measure", "payload": {"arena_id": "default", "robot_id": "202601002029", "request_id": "4373eaff9f2a4bbeb9c918862e677ee6", "position": {"x": -564.9999999999998, "y": 978.6087062764158}, "channel": 17}, "attempt": 1}
2026-09-13 10:18:56,704 INFO response {"request_id": "4373eaff9f2a4bbeb9c918862e677ee6", "http_status": 200, "body": {"accepted": true, "real_timestamp_ms": 1789265932624, "virtual_time_s": 995, "measure_result": "no_signal"}}
2026-09-13 10:18:56,704 INFO request {"path": "/measure", "payload": {"arena_id": "default", "robot_id": "202601002029", "request_id": "195a40d325b54b828b8c3116ad82b00d", "position": {"x": -564.9999999999998, "y": 978.6087062764158}, "channel": 18}, "attempt": 1}
2026-09-13 10:18:56,705 INFO response {"request_id": "195a40d325b54b828b8c3116ad82b00d", "http_status": 200, "body": {"accepted": true, "real_timestamp_ms": 1789265932625, "virtual_time_s": 1001, "measure_result": "no_signal"}}
2026-09-13 10:18:56,806 INFO request {"path": "/measure", "payload": {"arena_id": "default", "robot_id": "202601002029", "request_id": "f53a618db2ce4bc8a725a239a326ccb8", "position": {"x": -564.9999999999998, "y": 978.6087062764158}, "channel": 20}, "attempt": 1}
2026-09-13 10:18:56,807 INFO response {"request_id": "f53a618db2ce4bc8a725a239a326ccb8", "http_status": 200, "body": {"accepted": true, "real_timestamp_ms": 1789265932727, "virtual_time_s": 1007, "measure_result": "direction", "svd_deg": 301.54}}
2026-09-13 10:18:56,879 INFO request {"path": "/measure", "payload": {"arena_id": "default", "robot_id": "202601002029", "request_id": "5b3fcaf179d04d88a72df0aa7e81fb49", "position": {"x": -564.9999999999998, "y": 978.6087062764158}, "channel": 16}, "attempt": 1}
2026-09-13 10:18:56,881 INFO response {"request_id": "5b3fcaf179d04d88a72df0aa7e81fb49", "http_status": 200, "body": {"accepted": true, "real_timestamp_ms": 1789265932801, "virtual_time_s": 1013, "measure_result": "direction", "svd_deg": 277.51}}
2026-09-13 10:18:56,906 INFO request {"path": "/measure", "payload": {"arena_id": "default", "robot_id": "202601002029", "request_id": "6b5a2e5a32b247e5814b44fbbb9d3053", "position": {"x": 565.0000000000001, "y": 978.6087062764157}, "channel": 2}, "attempt": 1}
2026-09-13 10:18:56,908 INFO response {"request_id": "6b5a2e5a32b247e5814b44fbbb9d3053", "http_status": 200, "body": {"accepted": true, "real_timestamp_ms": 1789265932828, "virtual_time_s": 1245, "measure_result": "no_signal"}}
2026-09-13 10:18:56,908 INFO request {"path": "/measure", "payload": {"arena_id": "default", "robot_id": "202601002029", "request_id": "985055cbdb8c4652ac808c2cd840b7fb", "position": {"x": 565.0000000000001, "y": 978.6087062764157}, "channel": 4}, "attempt": 1}
2026-09-13 10:18:56,933 INFO response {"request_id": "985055cbdb8c4652ac808c2cd840b7fb", "http_status": 200, "body": {"accepted": true, "real_timestamp_ms": 1789265932853, "virtual_time_s": 1251, "measure_result": "no_signal"}}
2026-09-13 10:18:56,934 INFO request {"path": "/measure", "payload": {"arena_id": "default", "robot_id": "202601002029", "request_id": "ebff200e4ed24440992942e2cbf495a9", "position": {"x": 565.0000000000001, "y": 978.6087062764157}, "channel": 6}, "attempt": 1}
2026-09-13 10:18:56,936 INFO response {"request_id": "ebff200e4ed24440992942e2cbf495a9", "http_status": 200, "body": {"accepted": true, "real_timestamp_ms": 1789265932856, "virtual_time_s": 1257, "measure_result": "no_signal"}}
2026-09-13 10:18:56,936 INFO request {"path": "/measure", "payload": {"arena_id": "default", "robot_id": "202601002029", "request_id": "3ea6b24eb4a641169000c5e70806ba55", "position": {"x": 565.0000000000001, "y": 978.6087062764157}, "channel": 9}, "attempt": 1}
2026-09-13 10:18:56,940 INFO response {"request_id": "3ea6b24eb4a641169000c5e70806ba55", "http_status": 200, "body": {"accepted": true, "real_timestamp_ms": 1789265932858, "virtual_time_s": 1263, "measure_result": "no_signal"}}
2026-09-13 10:18:56,941 INFO request {"path": "/measure", "payload": {"arena_id": "default", "robot_id": "202601002029", "request_id": "af9e79d5614e46d6bb4e0ace66e33505", "position": {"x": 565.0000000000001, "y": 978.6087062764157}, "channel": 12}, "attempt": 1}
2026-09-13 10:18:56,942 INFO response {"request_id": "af9e79d5614e46d6bb4e0ace66e33505", "http_status": 200, "body": {"accepted": true, "real_timestamp_ms": 1789265932862, "virtual_time_s": 1269, "measure_result": "no_signal"}}
2026-09-13 10:18:56,943 INFO request {"path": "/measure", "payload": {"arena_id": "default", "robot_id": "202601002029", "request_id": "de3fd19ab12c4856abff5a152f37f98d", "position": {"x": 565.0000000000001, "y": 978.6087062764157}, "channel": 13}, "attempt": 1}
2026-09-13 10:18:56,965 INFO response {"request_id": "de3fd19ab12c4856abff5a152f37f98d", "http_status": 200, "body": {"accepted": true, "real_timestamp_ms": 1789265932885, "virtual_time_s": 1275, "measure_result": "no_signal"}}
2026-09-13 10:18:56,966 INFO request {"path": "/measure", "payload": {"arena_id": "default", "robot_id": "202601002029", "request_id": "024336214f7a4072a9d4b4a0e098b62b", "position": {"x": 565.0000000000001, "y": 978.6087062764157}, "channel": 17}, "attempt": 1}
2026-09-13 10:18:56,969 INFO response {"request_id": "024336214f7a4072a9d4b4a0e098b62b", "http_status": 200, "body": {"accepted": true, "real_timestamp_ms": 1789265932889, "virtual_time_s": 1281, "measure_result": "no_signal"}}
2026-09-13 10:18:56,970 INFO request {"path": "/measure", "payload": {"arena_id": "default", "robot_id": "202601002029", "request_id": "cdaf4aa802174c308cc6e33fad15d750", "position": {"x": 565.0000000000001, "y": 978.6087062764157}, "channel": 18}, "attempt": 1}
2026-09-13 10:18:56,973 INFO response {"request_id": "cdaf4aa802174c308cc6e33fad15d750", "http_status": 200, "body": {"accepted": true, "real_timestamp_ms": 1789265932893, "virtual_time_s": 1287, "measure_result": "no_signal"}}
2026-09-13 10:18:57,157 INFO request {"path": "/measure", "payload": {"arena_id": "default", "robot_id": "202601002029", "request_id": "ef3d91f2d0dd491585f411a6b76e411e", "position": {"x": 565.0000000000001, "y": 978.6087062764157}, "channel": 15}, "attempt": 1}
2026-09-13 10:18:57,158 INFO response {"request_id": "ef3d91f2d0dd491585f411a6b76e411e", "http_status": 200, "body": {"accepted": true, "real_timestamp_ms": 1789265933079, "virtual_time_s": 1293, "measure_result": "direction", "svd_deg": 110.84}}
2026-09-13 10:18:57,269 INFO request {"path": "/measure", "payload": {"arena_id": "default", "robot_id": "202601002029", "request_id": "2210ba8629234a9ca10741bb2a22a907", "position": {"x": 565.0000000000001, "y": 978.6087062764157}, "channel": 8}, "attempt": 1}
2026-09-13 10:18:57,292 INFO response {"request_id": "2210ba8629234a9ca10741bb2a22a907", "http_status": 200, "body": {"accepted": true, "real_timestamp_ms": 1789265933213, "virtual_time_s": 1299, "measure_result": "direction", "svd_deg": 344.09}}
2026-09-13 10:18:57,365 INFO request {"path": "/measure", "payload": {"arena_id": "default", "robot_id": "202601002029", "request_id": "ab803b5cd81e41b4829babee35bfb1e8", "position": {"x": 1130.0, "y": 0.0}, "channel": 2}, "attempt": 1}
2026-09-13 10:18:57,366 INFO response {"request_id": "ab803b5cd81e41b4829babee35bfb1e8", "http_status": 200, "body": {"accepted": true, "real_timestamp_ms": 1789265933286, "virtual_time_s": 1531, "measure_result": "no_signal"}}
2026-09-13 10:18:57,366 INFO request {"path": "/measure", "payload": {"arena_id": "default", "robot_id": "202601002029", "request_id": "16082c1e917840d0ae38f5220fe26427", "position": {"x": 1130.0, "y": 0.0}, "channel": 4}, "attempt": 1}
2026-09-13 10:18:57,388 INFO response {"request_id": "16082c1e917840d0ae38f5220fe26427", "http_status": 200, "body": {"accepted": true, "real_timestamp_ms": 1789265933308, "virtual_time_s": 1537, "measure_result": "direction", "svd_deg": 329.02}}
2026-09-13 10:18:57,401 INFO request {"path": "/measure", "payload": {"arena_id": "default", "robot_id": "202601002029", "request_id": "9d3c02b4473e41b49b4a46c27f842e63", "position": {"x": 1130.0, "y": 0.0}, "channel": 6}, "attempt": 1}
2026-09-13 10:18:57,402 INFO response {"request_id": "9d3c02b4473e41b49b4a46c27f842e63", "http_status": 200, "body": {"accepted": true, "real_timestamp_ms": 1789265933323, "virtual_time_s": 1543, "measure_result": "no_signal"}}
2026-09-13 10:18:57,402 INFO request {"path": "/measure", "payload": {"arena_id": "default", "robot_id": "202601002029", "request_id": "bb33d97f4399434fb1ddc170485b8cd8", "position": {"x": 1130.0, "y": 0.0}, "channel": 9}, "attempt": 1}
2026-09-13 10:18:57,418 INFO response {"request_id": "bb33d97f4399434fb1ddc170485b8cd8", "http_status": 200, "body": {"accepted": true, "real_timestamp_ms": 1789265933339, "virtual_time_s": 1549, "measure_result": "no_signal"}}
2026-09-13 10:18:57,419 INFO request {"path": "/measure", "payload": {"arena_id": "default", "robot_id": "202601002029", "request_id": "8fe5c5b1435d4b2abf444708d21e6217", "position": {"x": 1130.0, "y": 0.0}, "channel": 12}, "attempt": 1}
2026-09-13 10:18:57,434 INFO response {"request_id": "8fe5c5b1435d4b2abf444708d21e6217", "http_status": 200, "body": {"accepted": true, "real_timestamp_ms": 1789265933354, "virtual_time_s": 1555, "measure_result": "no_signal"}}
2026-09-13 10:18:57,434 INFO request {"path": "/measure", "payload": {"arena_id": "default", "robot_id": "202601002029", "request_id": "61df639292f1414bb65a12876e8fe2b3", "position": {"x": 1130.0, "y": 0.0}, "channel": 13}, "attempt": 1}
2026-09-13 10:18:57,436 INFO response {"request_id": "61df639292f1414bb65a12876e8fe2b3", "http_status": 200, "body": {"accepted": true, "real_timestamp_ms": 1789265933356, "virtual_time_s": 1561, "measure_result": "no_signal"}}
2026-09-13 10:18:57,436 INFO request {"path": "/measure", "payload": {"arena_id": "default", "robot_id": "202601002029", "request_id": "d7e072193a08440fbea2b37c8619e929", "position": {"x": 1130.0, "y": 0.0}, "channel": 17}, "attempt": 1}
2026-09-13 10:18:57,449 INFO response {"request_id": "d7e072193a08440fbea2b37c8619e929", "http_status": 200, "body": {"accepted": true, "real_timestamp_ms": 1789265933370, "virtual_time_s": 1567, "measure_result": "no_signal"}}
2026-09-13 10:18:57,450 INFO request {"path": "/measure", "payload": {"arena_id": "default", "robot_id": "202601002029", "request_id": "8508c4d9a15949c19d1a00f0a4b5909e", "position": {"x": 1130.0, "y": 0.0}, "channel": 18}, "attempt": 1}
2026-09-13 10:18:57,465 INFO response {"request_id": "8508c4d9a15949c19d1a00f0a4b5909e", "http_status": 200, "body": {"accepted": true, "real_timestamp_ms": 1789265933386, "virtual_time_s": 1573, "measure_result": "direction", "svd_deg": 255.38}}
2026-09-13 10:18:57,599 INFO request {"path": "/measure", "payload": {"arena_id": "default", "robot_id": "202601002029", "request_id": "203b40da884d49d1a071693471497724", "position": {"x": 1130.0, "y": 0.0}, "channel": 5}, "attempt": 1}
2026-09-13 10:18:57,601 INFO response {"request_id": "203b40da884d49d1a071693471497724", "http_status": 200, "body": {"accepted": true, "real_timestamp_ms": 1789265933521, "virtual_time_s": 1579, "measure_result": "direction", "svd_deg": 200.95}}
2026-09-13 10:18:57,678 INFO request {"path": "/measure", "payload": {"arena_id": "default", "robot_id": "202601002029", "request_id": "4f12ca99dc31484fa34e795ececde8bc", "position": {"x": 1130.0, "y": 0.0}, "channel": 8}, "attempt": 1}
2026-09-13 10:18:57,699 INFO response {"request_id": "4f12ca99dc31484fa34e795ececde8bc", "http_status": 200, "body": {"accepted": true, "real_timestamp_ms": 1789265933620, "virtual_time_s": 1585, "measure_result": "direction", "svd_deg": 102.3}}
2026-09-13 10:18:57,738 INFO request {"path": "/measure", "payload": {"arena_id": "default", "robot_id": "202601002029", "request_id": "9e89c672ce524bfd9bb4e120b33f63de", "position": {"x": 565.0000000000001, "y": -978.6087062764157}, "channel": 2}, "attempt": 1}
2026-09-13 10:18:57,739 INFO response {"request_id": "9e89c672ce524bfd9bb4e120b33f63de", "http_status": 200, "body": {"accepted": true, "real_timestamp_ms": 1789265933659, "virtual_time_s": 1817, "measure_result": "no_signal"}}
2026-09-13 10:18:57,739 INFO request {"path": "/measure", "payload": {"arena_id": "default", "robot_id": "202601002029", "request_id": "da87cfc0c375425aa7d1f5c5d4433061", "position": {"x": 565.0000000000001, "y": -978.6087062764157}, "channel": 6}, "attempt": 1}
2026-09-13 10:18:57,740 INFO response {"request_id": "da87cfc0c375425aa7d1f5c5d4433061", "http_status": 200, "body": {"accepted": true, "real_timestamp_ms": 1789265933661, "virtual_time_s": 1823, "measure_result": "no_signal"}}
2026-09-13 10:18:57,741 INFO request {"path": "/measure", "payload": {"arena_id": "default", "robot_id": "202601002029", "request_id": "371daff62db74701b6acb89a5212b2c4", "position": {"x": 565.0000000000001, "y": -978.6087062764157}, "channel": 9}, "attempt": 1}
2026-09-13 10:18:57,764 INFO response {"request_id": "371daff62db74701b6acb89a5212b2c4", "http_status": 200, "body": {"accepted": true, "real_timestamp_ms": 1789265933683, "virtual_time_s": 1829, "measure_result": "no_signal"}}
2026-09-13 10:18:57,765 INFO request {"path": "/measure", "payload": {"arena_id": "default", "robot_id": "202601002029", "request_id": "a07b9262d0704c5188faf6b78255dcba", "position": {"x": 565.0000000000001, "y": -978.6087062764157}, "channel": 12}, "attempt": 1}
2026-09-13 10:18:57,767 INFO response {"request_id": "a07b9262d0704c5188faf6b78255dcba", "http_status": 200, "body": {"accepted": true, "real_timestamp_ms": 1789265933686, "virtual_time_s": 1835, "measure_result": "no_signal"}}
2026-09-13 10:18:57,767 INFO request {"path": "/measure", "payload": {"arena_id": "default", "robot_id": "202601002029", "request_id": "3fcf5785f2fa46d695c37c4e4612a91e", "position": {"x": 565.0000000000001, "y": -978.6087062764157}, "channel": 13}, "attempt": 1}
2026-09-13 10:18:57,769 INFO response {"request_id": "3fcf5785f2fa46d695c37c4e4612a91e", "http_status": 200, "body": {"accepted": true, "real_timestamp_ms": 1789265933689, "virtual_time_s": 1841, "measure_result": "no_signal"}}
2026-09-13 10:18:57,770 INFO request {"path": "/measure", "payload": {"arena_id": "default", "robot_id": "202601002029", "request_id": "7aff6b947bb84efc895d1b31e0a513f0", "position": {"x": 565.0000000000001, "y": -978.6087062764157}, "channel": 17}, "attempt": 1}
2026-09-13 10:18:57,772 INFO response {"request_id": "7aff6b947bb84efc895d1b31e0a513f0", "http_status": 200, "body": {"accepted": true, "real_timestamp_ms": 1789265933692, "virtual_time_s": 1847, "measure_result": "no_signal"}}
2026-09-13 10:18:58,028 INFO request {"path": "/measure", "payload": {"arena_id": "default", "robot_id": "202601002029", "request_id": "0691ac75e7d54502b064e50a716a2516", "position": {"x": 565.0000000000001, "y": -978.6087062764157}, "channel": 5}, "attempt": 1}
2026-09-13 10:18:58,030 INFO response {"request_id": "0691ac75e7d54502b064e50a716a2516", "http_status": 200, "body": {"accepted": true, "real_timestamp_ms": 1789265933950, "virtual_time_s": 1853, "measure_result": "direction", "svd_deg": 113.79}}
2026-09-13 10:18:58,187 INFO request {"path": "/measure", "payload": {"arena_id": "default", "robot_id": "202601002029", "request_id": "401b0cd439114a7b9336a6a538ea8d4f", "position": {"x": 565.0000000000001, "y": -978.6087062764157}, "channel": 18}, "attempt": 1}
2026-09-13 10:18:58,188 INFO response {"request_id": "401b0cd439114a7b9336a6a538ea8d4f", "http_status": 200, "body": {"accepted": true, "real_timestamp_ms": 1789265934109, "virtual_time_s": 1859, "measure_result": "direction", "svd_deg": 37.41}}
2026-09-13 10:19:06,407 INFO request {"path": "/measure", "payload": {"arena_id": "default", "robot_id": "202601002029", "request_id": "ef5d2657a1c841b085096cd4d7c3921d", "position": {"x": 1333.6299051641647, "y": -789.8693372981193}, "channel": 4}, "attempt": 1}
2026-09-13 10:19:06,433 INFO response {"request_id": "ef5d2657a1c841b085096cd4d7c3921d", "http_status": 200, "body": {"accepted": true, "real_timestamp_ms": 1789265942353, "virtual_time_s": 2023.292701, "measure_result": "direction", "svd_deg": 48.19}}
2026-09-13 10:19:06,526 INFO request {"path": "/measure", "payload": {"arena_id": "default", "robot_id": "202601002029", "request_id": "e6a60d1c6ed34c5ca24be51cd78eb494", "position": {"x": 1333.6299051641647, "y": -789.8693372981193}, "channel": 18}, "attempt": 1}
2026-09-13 10:19:06,543 INFO response {"request_id": "e6a60d1c6ed34c5ca24be51cd78eb494", "http_status": 200, "body": {"accepted": true, "real_timestamp_ms": 1789265942463, "virtual_time_s": 2029.292701, "measure_result": "direction", "svd_deg": 165.19}}
2026-09-13 10:19:06,570 INFO request {"path": "/clear", "payload": {"arena_id": "default", "robot_id": "202601002029", "request_id": "ec052ed84c344c67ad075eec0939413d", "position": {"x": 1722.4979424534051, "y": -355.46932523611804}, "channel": 4}, "attempt": 1}
2026-09-13 10:19:06,590 INFO response {"request_id": "ec052ed84c344c67ad075eec0939413d", "http_status": 200, "body": {"accepted": true, "real_timestamp_ms": 1789265942510, "virtual_time_s": 2150.898313, "clear_result": "success"}}
2026-09-13 10:19:06,599 INFO request {"path": "/measure", "payload": {"arena_id": "default", "robot_id": "202601002029", "request_id": "075337ec88d948e5a0daf9b63fc6e814", "position": {"x": 572.8752487203075, "y": -34.446870074179685}, "channel": 20}, "attempt": 1}
2026-09-13 10:19:06,600 INFO response {"request_id": "075337ec88d948e5a0daf9b63fc6e814", "http_status": 200, "body": {"accepted": true, "real_timestamp_ms": 1789265942521, "virtual_time_s": 2395.618882, "measure_result": "direction", "svd_deg": 169.94}}
2026-09-13 10:19:06,639 INFO request {"path": "/clear", "payload": {"arena_id": "default", "robot_id": "202601002029", "request_id": "6ccc6092386a43eea542d409825adb73", "position": {"x": -13.444653084045967, "y": 69.6639056851144}, "channel": 20}, "attempt": 1}
2026-09-13 10:19:06,642 INFO response {"request_id": "6ccc6092386a43eea542d409825adb73", "http_status": 200, "body": {"accepted": true, "real_timestamp_ms": 1789265942562, "virtual_time_s": 2519.717174, "clear_result": "success"}}
2026-09-13 10:19:06,652 INFO request {"path": "/measure", "payload": {"arena_id": "default", "robot_id": "202601002029", "request_id": "772a1f8e9d0e4aa69abab06bf6acaaaa", "position": {"x": -580.3243642115892, "y": -451.4205430273465}, "channel": 14}, "attempt": 1}
2026-09-13 10:19:06,668 INFO response {"request_id": "772a1f8e9d0e4aa69abab06bf6acaaaa", "http_status": 200, "body": {"accepted": true, "real_timestamp_ms": 1789265942589, "virtual_time_s": 2679.714786, "measure_result": "direction", "svd_deg": 315.59}}
2026-09-13 10:19:06,846 INFO request {"path": "/measure", "payload": {"arena_id": "default", "robot_id": "202601002029", "request_id": "60d7896282e4490e88c70d39a9220746", "position": {"x": -580.3243642115892, "y": -451.4205430273465}, "channel": 19}, "attempt": 1}
2026-09-13 10:19:06,848 INFO response {"request_id": "60d7896282e4490e88c70d39a9220746", "http_status": 200, "body": {"accepted": true, "real_timestamp_ms": 1789265942768, "virtual_time_s": 2685.714786, "measure_result": "direction", "svd_deg": 34.82}}
2026-09-13 10:19:06,919 INFO request {"path": "/measure", "payload": {"arena_id": "default", "robot_id": "202601002029", "request_id": "201e367f5c644d019acc331116bd2f36", "position": {"x": -580.3243642115892, "y": -451.4205430273465}, "channel": 3}, "attempt": 1}
2026-09-13 10:19:06,935 INFO response {"request_id": "201e367f5c644d019acc331116bd2f36", "http_status": 200, "body": {"accepted": true, "real_timestamp_ms": 1789265942856, "virtual_time_s": 2691.714786, "measure_result": "direction", "svd_deg": 235.21}}
2026-09-13 10:19:08,473 INFO request {"path": "/measure", "payload": {"arena_id": "default", "robot_id": "202601002029", "request_id": "782b4dbe081f4be390100d0270689d21", "position": {"x": -516.3568535902132, "y": 74.10136765947982}, "channel": 19}, "attempt": 1}
2026-09-13 10:19:08,494 INFO response {"request_id": "782b4dbe081f4be390100d0270689d21", "http_status": 200, "body": {"accepted": true, "real_timestamp_ms": 1789265944414, "virtual_time_s": 2803.59493, "measure_result": "direction", "svd_deg": 319.17}}
2026-09-13 10:19:08,602 INFO request {"path": "/measure", "payload": {"arena_id": "default", "robot_id": "202601002029", "request_id": "8830e2598a0f42598b3239582074a685", "position": {"x": -516.3568535902132, "y": 74.10136765947982}, "channel": 10}, "attempt": 1}
2026-09-13 10:19:08,617 INFO response {"request_id": "8830e2598a0f42598b3239582074a685", "http_status": 200, "body": {"accepted": true, "real_timestamp_ms": 1789265944537, "virtual_time_s": 2809.59493, "measure_result": "direction", "svd_deg": 243.28}}
2026-09-13 10:19:08,642 INFO request {"path": "/measure", "payload": {"arena_id": "default", "robot_id": "202601002029", "request_id": "2c7c2561fcc14f158a1fa7f259cb6134", "position": {"x": -1118.571458069765, "y": -981.5603730475216}, "channel": 11}, "attempt": 1}
2026-09-13 10:19:08,663 INFO response {"request_id": "2c7c2561fcc14f158a1fa7f259cb6134", "http_status": 200, "body": {"accepted": true, "real_timestamp_ms": 1789265944583, "virtual_time_s": 3058.665631, "measure_result": "direction", "svd_deg": 157.98}}
2026-09-13 10:19:08,755 INFO request {"path": "/measure", "payload": {"arena_id": "default", "robot_id": "202601002029", "request_id": "ec125ebf2e07474bba992c9ab7a4eb3c", "position": {"x": -1118.571458069765, "y": -981.5603730475216}, "channel": 3}, "attempt": 1}
2026-09-13 10:19:08,774 INFO response {"request_id": "ec125ebf2e07474bba992c9ab7a4eb3c", "http_status": 200, "body": {"accepted": true, "real_timestamp_ms": 1789265944694, "virtual_time_s": 3064.665631, "measure_result": "direction", "svd_deg": 29.17}}
2026-09-13 10:19:08,812 INFO request {"path": "/clear", "payload": {"arena_id": "default", "robot_id": "202601002029", "request_id": "1833c282e22d4d7b85bfefd038a2ba8b", "position": {"x": -1491.195181736607, "y": -831.1605975690368}, "channel": 11}, "attempt": 1}
2026-09-13 10:19:08,837 INFO response {"request_id": "1833c282e22d4d7b85bfefd038a2ba8b", "http_status": 200, "body": {"accepted": true, "real_timestamp_ms": 1789265944757, "virtual_time_s": 3150.031925, "clear_result": "success"}}
2026-09-13 10:19:08,842 INFO request {"path": "/clear", "payload": {"arena_id": "default", "robot_id": "202601002029", "request_id": "c5722a70baa441699f61c471b9d0f234", "position": {"x": -927.8108575882903, "y": -743.634613517687}, "channel": 10}, "attempt": 1}
2026-09-13 10:19:08,844 INFO response {"request_id": "c5722a70baa441699f61c471b9d0f234", "http_status": 200, "body": {"accepted": true, "real_timestamp_ms": 1789265944764, "virtual_time_s": 3269.060464, "clear_result": "success"}}
2026-09-13 10:19:08,849 INFO request {"path": "/clear", "payload": {"arena_id": "default", "robot_id": "202601002029", "request_id": "ff5f68483e4e433a9b2f9b7409d75bd9", "position": {"x": -847.1981762107212, "y": -829.7506639255477}, "channel": 3}, "attempt": 1}
2026-09-13 10:19:08,851 INFO response {"request_id": "ff5f68483e4e433a9b2f9b7409d75bd9", "http_status": 200, "body": {"accepted": true, "real_timestamp_ms": 1789265944772, "virtual_time_s": 3297.652309, "clear_result": "success"}}
2026-09-13 10:19:08,856 INFO request {"path": "/measure", "payload": {"arena_id": "default", "robot_id": "202601002029", "request_id": "269c0dbfd3b546b68bf22507015c47fb", "position": {"x": 411.14915168383703, "y": -1214.2006886339134}, "channel": 7}, "attempt": 1}
2026-09-13 10:19:08,859 INFO response {"request_id": "269c0dbfd3b546b68bf22507015c47fb", "http_status": 200, "body": {"accepted": true, "real_timestamp_ms": 1789265944779, "virtual_time_s": 3566.805483, "measure_result": "direction", "svd_deg": 243.43}}
2026-09-13 10:19:09,752 INFO request {"path": "/measure", "payload": {"arena_id": "default", "robot_id": "202601002029", "request_id": "9f40f6d273ff405d92e7ff8b1b71ce4e", "position": {"x": 440.90005896965613, "y": -1439.9439894176396}, "channel": 7}, "attempt": 1}
2026-09-13 10:19:09,753 INFO response {"request_id": "9f40f6d273ff405d92e7ff8b1b71ce4e", "http_status": 200, "body": {"accepted": true, "real_timestamp_ms": 1789265945673, "virtual_time_s": 3617.344545, "measure_result": "direction", "svd_deg": 224.79}}
2026-09-13 10:19:09,771 INFO request {"path": "/clear", "payload": {"arena_id": "default", "robot_id": "202601002029", "request_id": "8ef7dfa3c34f47bcb4e742b0603125de", "position": {"x": 156.97128153873518, "y": -1722.2459299658944}, "channel": 7}, "attempt": 1}
2026-09-13 10:19:09,773 INFO response {"request_id": "8ef7dfa3c34f47bcb4e742b0603125de", "http_status": 200, "body": {"accepted": true, "real_timestamp_ms": 1789265945693, "virtual_time_s": 3702.421992, "clear_result": "success"}}
2026-09-13 10:19:09,775 INFO request {"path": "/clear", "payload": {"arena_id": "default", "robot_id": "202601002029", "request_id": "c4336d76c02242a0b6f8eac0e049b510", "position": {"x": 43.76792716861412, "y": -892.8670277386198}, "channel": 1}, "attempt": 1}
2026-09-13 10:19:09,776 INFO response {"request_id": "c4336d76c02242a0b6f8eac0e049b510", "http_status": 200, "body": {"accepted": true, "real_timestamp_ms": 1789265945696, "virtual_time_s": 3874.835774, "clear_result": "success"}}
2026-09-13 10:19:09,777 INFO request {"path": "/clear", "payload": {"arena_id": "default", "robot_id": "202601002029", "request_id": "37b71740246d483f88e4b9647c7fc2b3", "position": {"x": -294.58648180390196, "y": -731.1676323553404}, "channel": 14}, "attempt": 1}
2026-09-13 10:19:09,778 INFO response {"request_id": "37b71740246d483f88e4b9647c7fc2b3", "http_status": 200, "body": {"accepted": true, "real_timestamp_ms": 1789265945698, "virtual_time_s": 3954.837214, "clear_result": "success"}}
2026-09-13 10:19:09,779 INFO request {"path": "/clear", "payload": {"arena_id": "default", "robot_id": "202601002029", "request_id": "2867acafbba341f7afc06bfe67f261d1", "position": {"x": -211.17532870323504, "y": -189.47833412791994}, "channel": 19}, "attempt": 1}
2026-09-13 10:19:09,779 INFO response {"request_id": "2867acafbba341f7afc06bfe67f261d1", "http_status": 200, "body": {"accepted": true, "real_timestamp_ms": 1789265945700, "virtual_time_s": 4069.451942, "clear_result": "success"}}
2026-09-13 10:19:09,781 INFO request {"path": "/clear", "payload": {"arena_id": "default", "robot_id": "202601002029", "request_id": "35b8ea1bf24043d3928a21d21eff797d", "position": {"x": 280.22178296922687, "y": -325.1628479706575}, "channel": 5}, "attempt": 1}
2026-09-13 10:19:09,796 INFO response {"request_id": "35b8ea1bf24043d3928a21d21eff797d", "http_status": 200, "body": {"accepted": true, "real_timestamp_ms": 1789265945716, "virtual_time_s": 4176.409072, "clear_result": "success"}}
2026-09-13 10:19:09,798 INFO request {"path": "/clear", "payload": {"arena_id": "default", "robot_id": "202601002029", "request_id": "e51f13b20b084e118ce4d83611dbe3cf", "position": {"x": 949.8039091514424, "y": -688.6025512401507}, "channel": 18}, "attempt": 1}
2026-09-13 10:19:09,800 INFO response {"request_id": "e51f13b20b084e118ce4d83611dbe3cf", "http_status": 200, "body": {"accepted": true, "real_timestamp_ms": 1789265945720, "virtual_time_s": 4333.780807, "clear_result": "success"}}
2026-09-13 10:19:09,802 INFO request {"path": "/clear", "payload": {"arena_id": "default", "robot_id": "202601002029", "request_id": "e946873f4c654a4988f19594a875d791", "position": {"x": 938.7696793944251, "y": 876.1396584921674}, "channel": 8}, "attempt": 1}
2026-09-13 10:19:09,804 INFO response {"request_id": "e946873f4c654a4988f19594a875d791", "http_status": 200, "body": {"accepted": true, "real_timestamp_ms": 1789265945724, "virtual_time_s": 4651.73703, "clear_result": "success"}}
2026-09-13 10:19:09,888 INFO request {"path": "/measure", "payload": {"arena_id": "default", "robot_id": "202601002029", "request_id": "a3dd4fff8fd749028a5f78a9ed492854", "position": {"x": 938.7696793944251, "y": 876.1396584921674}, "channel": 15}, "attempt": 1}
2026-09-13 10:19:09,890 INFO response {"request_id": "a3dd4fff8fd749028a5f78a9ed492854", "http_status": 200, "body": {"accepted": true, "real_timestamp_ms": 1789265945810, "virtual_time_s": 4657.73703, "measure_result": "direction", "svd_deg": 134.03}}
2026-09-13 10:19:10,976 INFO request {"path": "/measure", "payload": {"arena_id": "default", "robot_id": "202601002029", "request_id": "45dd7bddde7a4a8ca9a5ae92493a4e81", "position": {"x": 691.2976270746348, "y": 1133.6858141786347}, "channel": 15}, "attempt": 1}
2026-09-13 10:19:10,977 INFO response {"request_id": "45dd7bddde7a4a8ca9a5ae92493a4e81", "http_status": 200, "body": {"accepted": true, "real_timestamp_ms": 1789265946898, "virtual_time_s": 4734.171598, "measure_result": "direction", "svd_deg": 134.12}}
2026-09-13 10:19:11,000 INFO request {"path": "/clear", "payload": {"arena_id": "default", "robot_id": "202601002029", "request_id": "4b03229f0ca04121837c97c39d75b9a2", "position": {"x": 387.81770758285313, "y": 1443.1921649142416}, "channel": 15}, "attempt": 1}
2026-09-13 10:19:11,002 INFO response {"request_id": "4b03229f0ca04121837c97c39d75b9a2", "http_status": 200, "body": {"accepted": true, "real_timestamp_ms": 1789265946922, "virtual_time_s": 4825.865137, "clear_result": "success"}}
2026-09-13 10:19:11,002 INFO request {"path": "/measure", "payload": {"arena_id": "default", "robot_id": "202601002029", "request_id": "af5aa4f96cdb4f508cd04dc4b9d259e7", "position": {"x": -201.62210450394872, "y": 971.5555780522521}, "channel": 16}, "attempt": 1}
2026-09-13 10:19:11,003 INFO response {"request_id": "af5aa4f96cdb4f508cd04dc4b9d259e7", "http_status": 200, "body": {"accepted": true, "real_timestamp_ms": 1789265946924, "virtual_time_s": 4982.845978, "measure_result": "direction", "svd_deg": 215.07}}
2026-09-13 10:19:11,023 INFO request {"path": "/clear", "payload": {"arena_id": "default", "robot_id": "202601002029", "request_id": "aa2e1b98837c4e86a73a8235e591e79c", "position": {"x": -533.5100715855654, "y": 738.3797827215278}, "channel": 16}, "attempt": 1}
2026-09-13 10:19:11,042 INFO response {"request_id": "aa2e1b98837c4e86a73a8235e591e79c", "http_status": 200, "body": {"accepted": true, "real_timestamp_ms": 1789265946963, "virtual_time_s": 5068.96825, "clear_result": "success"}}
2026-09-13 10:19:11,042 INFO request {"path": "/exit", "payload": {"arena_id": "default", "robot_id": "202601002029", "request_id": "4da931f0e13347be8d5fd32818d58eb0"}, "attempt": 1}
2026-09-13 10:19:11,044 INFO response {"request_id": "4da931f0e13347be8d5fd32818d58eb0", "http_status": 200, "body": {"accepted": true, "real_timestamp_ms": 1789265946964, "virtual_time_s": 5068.96825, "exit_reason": "user_exit"}}
