2026-09-12 09:33:44,515 INFO request {"path": "/enter", "payload": {"arena_id": "default", "robot_id": "202601002029", "request_id": "e0bdc2cbdadf48f7a63fbfa0531983c7"}, "attempt": 1}
2026-09-12 09:33:44,521 INFO response {"request_id": "e0bdc2cbdadf48f7a63fbfa0531983c7", "http_status": 200, "body": {"accepted": true, "real_timestamp_ms": 1789176821034, "virtual_time_s": 0, "max_virtual_duration_s": 360000, "max_real_duration_s": 1200, "remaining_real_duration_s": 1200}}
2026-09-12 09:33:44,521 INFO request {"path": "/measure", "payload": {"arena_id": "default", "robot_id": "202601002029", "request_id": "565dd28ceb6944dab03ec7dff3ea09c4", "position": {"x": 0.0, "y": 0.0}, "channel": 1}, "attempt": 1}
2026-09-12 09:33:44,523 INFO response {"request_id": "565dd28ceb6944dab03ec7dff3ea09c4", "http_status": 200, "body": {"accepted": true, "real_timestamp_ms": 1789176821037, "virtual_time_s": 5, "measure_result": "direction", "svd_deg": 10.58}}
2026-09-12 09:33:44,535 INFO request {"path": "/measure", "payload": {"arena_id": "default", "robot_id": "202601002029", "request_id": "aa8bae84235549ccb04c1ee9c759a9d9", "position": {"x": 0.0, "y": 0.0}, "channel": 2}, "attempt": 1}
2026-09-12 09:33:44,537 INFO response {"request_id": "aa8bae84235549ccb04c1ee9c759a9d9", "http_status": 200, "body": {"accepted": true, "real_timestamp_ms": 1789176821050, "virtual_time_s": 11, "measure_result": "no_signal"}}
2026-09-12 09:33:44,537 INFO request {"path": "/measure", "payload": {"arena_id": "default", "robot_id": "202601002029", "request_id": "836bb85894a844589ecfec784e4f9fe0", "position": {"x": 0.0, "y": 0.0}, "channel": 3}, "attempt": 1}
2026-09-12 09:33:44,538 INFO response {"request_id": "836bb85894a844589ecfec784e4f9fe0", "http_status": 200, "body": {"accepted": true, "real_timestamp_ms": 1789176821052, "virtual_time_s": 17, "measure_result": "direction", "svd_deg": 135.43}}
2026-09-12 09:33:44,542 INFO request {"path": "/measure", "payload": {"arena_id": "default", "robot_id": "202601002029", "request_id": "0844e1a919474561b05d10d02e480014", "position": {"x": 0.0, "y": 0.0}, "channel": 4}, "attempt": 1}
2026-09-12 09:33:44,544 INFO response {"request_id": "0844e1a919474561b05d10d02e480014", "http_status": 200, "body": {"accepted": true, "real_timestamp_ms": 1789176821058, "virtual_time_s": 23, "measure_result": "direction", "svd_deg": 268.17}}
2026-09-12 09:33:44,548 INFO request {"path": "/measure", "payload": {"arena_id": "default", "robot_id": "202601002029", "request_id": "1ce06f54d5cb4cc08517839543891a36", "position": {"x": 0.0, "y": 0.0}, "channel": 5}, "attempt": 1}
2026-09-12 09:33:44,550 INFO response {"request_id": "1ce06f54d5cb4cc08517839543891a36", "http_status": 200, "body": {"accepted": true, "real_timestamp_ms": 1789176821063, "virtual_time_s": 29, "measure_result": "direction", "svd_deg": 73.98}}
2026-09-12 09:33:44,552 INFO request {"path": "/measure", "payload": {"arena_id": "default", "robot_id": "202601002029", "request_id": "4cbd755d2e364579bd1233c2b8005408", "position": {"x": 0.0, "y": 0.0}, "channel": 6}, "attempt": 1}
2026-09-12 09:33:44,554 INFO response {"request_id": "4cbd755d2e364579bd1233c2b8005408", "http_status": 200, "body": {"accepted": true, "real_timestamp_ms": 1789176821067, "virtual_time_s": 35, "measure_result": "direction", "svd_deg": 237.13}}
2026-09-12 09:33:44,556 INFO request {"path": "/measure", "payload": {"arena_id": "default", "robot_id": "202601002029", "request_id": "4b46ae41d96d4e77a88a9d62ba006bd2", "position": {"x": 0.0, "y": 0.0}, "channel": 7}, "attempt": 1}
2026-09-12 09:33:44,557 INFO response {"request_id": "4b46ae41d96d4e77a88a9d62ba006bd2", "http_status": 200, "body": {"accepted": true, "real_timestamp_ms": 1789176821071, "virtual_time_s": 41, "measure_result": "direction", "svd_deg": 135.04}}
2026-09-12 09:33:44,560 INFO request {"path": "/measure", "payload": {"arena_id": "default", "robot_id": "202601002029", "request_id": "45e975d55232414a921047440e6502cc", "position": {"x": 0.0, "y": 0.0}, "channel": 8}, "attempt": 1}
2026-09-12 09:33:44,561 INFO response {"request_id": "45e975d55232414a921047440e6502cc", "http_status": 200, "body": {"accepted": true, "real_timestamp_ms": 1789176821075, "virtual_time_s": 47, "measure_result": "no_signal"}}
2026-09-12 09:33:44,561 INFO request {"path": "/measure", "payload": {"arena_id": "default", "robot_id": "202601002029", "request_id": "3f2f41b1e712438baf7b2886b3c4cb74", "position": {"x": 0.0, "y": 0.0}, "channel": 9}, "attempt": 1}
2026-09-12 09:33:44,580 INFO response {"request_id": "3f2f41b1e712438baf7b2886b3c4cb74", "http_status": 200, "body": {"accepted": true, "real_timestamp_ms": 1789176821093, "virtual_time_s": 53, "measure_result": "direction", "svd_deg": 310.55}}
2026-09-12 09:33:44,582 INFO request {"path": "/measure", "payload": {"arena_id": "default", "robot_id": "202601002029", "request_id": "0c88803507824e2a8e21a1ae8b966b79", "position": {"x": 0.0, "y": 0.0}, "channel": 10}, "attempt": 1}
2026-09-12 09:33:44,583 INFO response {"request_id": "0c88803507824e2a8e21a1ae8b966b79", "http_status": 200, "body": {"accepted": true, "real_timestamp_ms": 1789176821097, "virtual_time_s": 59, "measure_result": "no_signal"}}
2026-09-12 09:33:44,584 INFO request {"path": "/measure", "payload": {"arena_id": "default", "robot_id": "202601002029", "request_id": "4647ef9b3aad4aefb9828890d48761d5", "position": {"x": 0.0, "y": 0.0}, "channel": 11}, "attempt": 1}
2026-09-12 09:33:44,596 INFO response {"request_id": "4647ef9b3aad4aefb9828890d48761d5", "http_status": 200, "body": {"accepted": true, "real_timestamp_ms": 1789176821109, "virtual_time_s": 65, "measure_result": "direction", "svd_deg": 343.96}}
2026-09-12 09:33:44,598 INFO request {"path": "/measure", "payload": {"arena_id": "default", "robot_id": "202601002029", "request_id": "07d10871525849b2b80ac5656fd83846", "position": {"x": 0.0, "y": 0.0}, "channel": 12}, "attempt": 1}
2026-09-12 09:33:44,599 INFO response {"request_id": "07d10871525849b2b80ac5656fd83846", "http_status": 200, "body": {"accepted": true, "real_timestamp_ms": 1789176821113, "virtual_time_s": 71, "measure_result": "no_signal"}}
2026-09-12 09:33:44,599 INFO request {"path": "/measure", "payload": {"arena_id": "default", "robot_id": "202601002029", "request_id": "32db054c6dfc4314afdfaf174cc1dd33", "position": {"x": 0.0, "y": 0.0}, "channel": 13}, "attempt": 1}
2026-09-12 09:33:44,600 INFO response {"request_id": "32db054c6dfc4314afdfaf174cc1dd33", "http_status": 200, "body": {"accepted": true, "real_timestamp_ms": 1789176821114, "virtual_time_s": 77, "measure_result": "no_signal"}}
2026-09-12 09:33:44,600 INFO request {"path": "/measure", "payload": {"arena_id": "default", "robot_id": "202601002029", "request_id": "bcada88de8954f96bb05ecf6faef8594", "position": {"x": 0.0, "y": 0.0}, "channel": 14}, "attempt": 1}
2026-09-12 09:33:44,601 INFO response {"request_id": "bcada88de8954f96bb05ecf6faef8594", "http_status": 200, "body": {"accepted": true, "real_timestamp_ms": 1789176821115, "virtual_time_s": 83, "measure_result": "no_signal"}}
2026-09-12 09:33:44,601 INFO request {"path": "/measure", "payload": {"arena_id": "default", "robot_id": "202601002029", "request_id": "03bf70f1c82549aebb613c8ea9a7a9d8", "position": {"x": 0.0, "y": 0.0}, "channel": 15}, "attempt": 1}
2026-09-12 09:33:44,602 INFO response {"request_id": "03bf70f1c82549aebb613c8ea9a7a9d8", "http_status": 200, "body": {"accepted": true, "real_timestamp_ms": 1789176821116, "virtual_time_s": 89, "measure_result": "no_signal"}}
2026-09-12 09:33:44,602 INFO request {"path": "/measure", "payload": {"arena_id": "default", "robot_id": "202601002029", "request_id": "d5498e8050e34603aad2a52e062e2605", "position": {"x": 0.0, "y": 0.0}, "channel": 16}, "attempt": 1}
2026-09-12 09:33:44,602 INFO response {"request_id": "d5498e8050e34603aad2a52e062e2605", "http_status": 200, "body": {"accepted": true, "real_timestamp_ms": 1789176821116, "virtual_time_s": 95, "measure_result": "no_signal"}}
2026-09-12 09:33:44,603 INFO request {"path": "/measure", "payload": {"arena_id": "default", "robot_id": "202601002029", "request_id": "146492cf586f4b65b6e3b682809dabda", "position": {"x": 0.0, "y": 0.0}, "channel": 17}, "attempt": 1}
2026-09-12 09:33:44,627 INFO response {"request_id": "146492cf586f4b65b6e3b682809dabda", "http_status": 200, "body": {"accepted": true, "real_timestamp_ms": 1789176821140, "virtual_time_s": 101, "measure_result": "no_signal"}}
2026-09-12 09:33:44,627 INFO request {"path": "/measure", "payload": {"arena_id": "default", "robot_id": "202601002029", "request_id": "b6ece888cb9e4578b95b3af4d3b932a9", "position": {"x": 0.0, "y": 0.0}, "channel": 18}, "attempt": 1}
2026-09-12 09:33:44,628 INFO response {"request_id": "b6ece888cb9e4578b95b3af4d3b932a9", "http_status": 200, "body": {"accepted": true, "real_timestamp_ms": 1789176821142, "virtual_time_s": 107, "measure_result": "no_signal"}}
2026-09-12 09:33:44,628 INFO request {"path": "/measure", "payload": {"arena_id": "default", "robot_id": "202601002029", "request_id": "173d2f07c1c54fbba1d27624307e0c84", "position": {"x": 0.0, "y": 0.0}, "channel": 19}, "attempt": 1}
2026-09-12 09:33:44,642 INFO response {"request_id": "173d2f07c1c54fbba1d27624307e0c84", "http_status": 200, "body": {"accepted": true, "real_timestamp_ms": 1789176821155, "virtual_time_s": 113, "measure_result": "no_signal"}}
2026-09-12 09:33:44,642 INFO request {"path": "/measure", "payload": {"arena_id": "default", "robot_id": "202601002029", "request_id": "e6889401c0c24212ad59870995cfd804", "position": {"x": 0.0, "y": 0.0}, "channel": 20}, "attempt": 1}
2026-09-12 09:33:44,643 INFO response {"request_id": "e6889401c0c24212ad59870995cfd804", "http_status": 200, "body": {"accepted": true, "real_timestamp_ms": 1789176821157, "virtual_time_s": 119, "measure_result": "direction", "svd_deg": 330.47}}
2026-09-12 09:33:44,646 INFO request {"path": "/measure", "payload": {"arena_id": "default", "robot_id": "202601002029", "request_id": "8a5ad4a060034db794ef7fe52d635c2c", "position": {"x": 1200.0, "y": 0.0}, "channel": 2}, "attempt": 1}
2026-09-12 09:33:44,648 INFO response {"request_id": "8a5ad4a060034db794ef7fe52d635c2c", "http_status": 200, "body": {"accepted": true, "real_timestamp_ms": 1789176821161, "virtual_time_s": 365, "measure_result": "no_signal"}}
2026-09-12 09:33:44,648 INFO request {"path": "/measure", "payload": {"arena_id": "default", "robot_id": "202601002029", "request_id": "1960cc5ba78947e09f3a1c7d8c7bba85", "position": {"x": 1200.0, "y": 0.0}, "channel": 8}, "attempt": 1}
2026-09-12 09:33:44,649 INFO response {"request_id": "1960cc5ba78947e09f3a1c7d8c7bba85", "http_status": 200, "body": {"accepted": true, "real_timestamp_ms": 1789176821162, "virtual_time_s": 371, "measure_result": "no_signal"}}
2026-09-12 09:33:44,649 INFO request {"path": "/measure", "payload": {"arena_id": "default", "robot_id": "202601002029", "request_id": "642a10141ae14c209c2e0a33b3bf52da", "position": {"x": 1200.0, "y": 0.0}, "channel": 10}, "attempt": 1}
2026-09-12 09:33:44,649 INFO response {"request_id": "642a10141ae14c209c2e0a33b3bf52da", "http_status": 200, "body": {"accepted": true, "real_timestamp_ms": 1789176821163, "virtual_time_s": 377, "measure_result": "no_signal"}}
2026-09-12 09:33:44,650 INFO request {"path": "/measure", "payload": {"arena_id": "default", "robot_id": "202601002029", "request_id": "5708a781d6d147a9bb8673e80c09fcde", "position": {"x": 1200.0, "y": 0.0}, "channel": 12}, "attempt": 1}
2026-09-12 09:33:44,650 INFO response {"request_id": "5708a781d6d147a9bb8673e80c09fcde", "http_status": 200, "body": {"accepted": true, "real_timestamp_ms": 1789176821164, "virtual_time_s": 383, "measure_result": "no_signal"}}
2026-09-12 09:33:44,651 INFO request {"path": "/measure", "payload": {"arena_id": "default", "robot_id": "202601002029", "request_id": "88226e4fef32488e8d0d8d072f9d769a", "position": {"x": 1200.0, "y": 0.0}, "channel": 13}, "attempt": 1}
2026-09-12 09:33:44,651 INFO response {"request_id": "88226e4fef32488e8d0d8d072f9d769a", "http_status": 200, "body": {"accepted": true, "real_timestamp_ms": 1789176821165, "virtual_time_s": 389, "measure_result": "no_signal"}}
2026-09-12 09:33:44,652 INFO request {"path": "/measure", "payload": {"arena_id": "default", "robot_id": "202601002029", "request_id": "d7191802253f40318600a32dd62b6c04", "position": {"x": 1200.0, "y": 0.0}, "channel": 14}, "attempt": 1}
2026-09-12 09:33:44,653 INFO response {"request_id": "d7191802253f40318600a32dd62b6c04", "http_status": 200, "body": {"accepted": true, "real_timestamp_ms": 1789176821166, "virtual_time_s": 395, "measure_result": "no_signal"}}
2026-09-12 09:33:44,653 INFO request {"path": "/measure", "payload": {"arena_id": "default", "robot_id": "202601002029", "request_id": "744a14eaf0a64ff388f981cfdd665daa", "position": {"x": 1200.0, "y": 0.0}, "channel": 15}, "attempt": 1}
2026-09-12 09:33:44,672 INFO response {"request_id": "744a14eaf0a64ff388f981cfdd665daa", "http_status": 200, "body": {"accepted": true, "real_timestamp_ms": 1789176821185, "virtual_time_s": 401, "measure_result": "no_signal"}}
2026-09-12 09:33:44,672 INFO request {"path": "/measure", "payload": {"arena_id": "default", "robot_id": "202601002029", "request_id": "e42d1abddf7d4e4fa500ebeb2c4203a9", "position": {"x": 1200.0, "y": 0.0}, "channel": 16}, "attempt": 1}
2026-09-12 09:33:44,673 INFO response {"request_id": "e42d1abddf7d4e4fa500ebeb2c4203a9", "http_status": 200, "body": {"accepted": true, "real_timestamp_ms": 1789176821187, "virtual_time_s": 407, "measure_result": "no_signal"}}
2026-09-12 09:33:44,673 INFO request {"path": "/measure", "payload": {"arena_id": "default", "robot_id": "202601002029", "request_id": "8bc80e1c9482497d9e66814a93a0436b", "position": {"x": 1200.0, "y": 0.0}, "channel": 17}, "attempt": 1}
2026-09-12 09:33:44,687 INFO response {"request_id": "8bc80e1c9482497d9e66814a93a0436b", "http_status": 200, "body": {"accepted": true, "real_timestamp_ms": 1789176821200, "virtual_time_s": 413, "measure_result": "no_signal"}}
2026-09-12 09:33:44,688 INFO request {"path": "/measure", "payload": {"arena_id": "default", "robot_id": "202601002029", "request_id": "b384fb66bd974fcba36da855f1a54ee0", "position": {"x": 1200.0, "y": 0.0}, "channel": 18}, "attempt": 1}
2026-09-12 09:33:44,703 INFO response {"request_id": "b384fb66bd974fcba36da855f1a54ee0", "http_status": 200, "body": {"accepted": true, "real_timestamp_ms": 1789176821216, "virtual_time_s": 419, "measure_result": "no_signal"}}
2026-09-12 09:33:44,703 INFO request {"path": "/measure", "payload": {"arena_id": "default", "robot_id": "202601002029", "request_id": "8341fa48e77249c0bab346d7fbcba90d", "position": {"x": 1200.0, "y": 0.0}, "channel": 19}, "attempt": 1}
2026-09-12 09:33:44,704 INFO response {"request_id": "8341fa48e77249c0bab346d7fbcba90d", "http_status": 200, "body": {"accepted": true, "real_timestamp_ms": 1789176821218, "virtual_time_s": 425, "measure_result": "no_signal"}}
2026-09-12 09:33:44,704 INFO request {"path": "/measure", "payload": {"arena_id": "default", "robot_id": "202601002029", "request_id": "f8957e3921314f779f76e61f80b6dcc8", "position": {"x": 600.0000000000001, "y": 1039.2304845413264}, "channel": 19}, "attempt": 1}
2026-09-12 09:33:44,705 INFO response {"request_id": "f8957e3921314f779f76e61f80b6dcc8", "http_status": 200, "body": {"accepted": true, "real_timestamp_ms": 1789176821219, "virtual_time_s": 670, "measure_result": "no_signal"}}
2026-09-12 09:33:44,705 INFO request {"path": "/measure", "payload": {"arena_id": "default", "robot_id": "202601002029", "request_id": "69605b9829d74748a080bda0d3a13317", "position": {"x": 600.0000000000001, "y": 1039.2304845413264}, "channel": 2}, "attempt": 1}
2026-09-12 09:33:44,707 INFO response {"request_id": "69605b9829d74748a080bda0d3a13317", "http_status": 200, "body": {"accepted": true, "real_timestamp_ms": 1789176821220, "virtual_time_s": 676, "measure_result": "no_signal"}}
2026-09-12 09:33:44,707 INFO request {"path": "/measure", "payload": {"arena_id": "default", "robot_id": "202601002029", "request_id": "c29448812c5e4825900cd8a1385c5b6f", "position": {"x": 600.0000000000001, "y": 1039.2304845413264}, "channel": 8}, "attempt": 1}
2026-09-12 09:33:44,718 INFO response {"request_id": "c29448812c5e4825900cd8a1385c5b6f", "http_status": 200, "body": {"accepted": true, "real_timestamp_ms": 1789176821232, "virtual_time_s": 682, "measure_result": "no_signal"}}
2026-09-12 09:33:44,718 INFO request {"path": "/measure", "payload": {"arena_id": "default", "robot_id": "202601002029", "request_id": "7557402f5d6f43778809f245d0cfbaff", "position": {"x": 600.0000000000001, "y": 1039.2304845413264}, "channel": 10}, "attempt": 1}
2026-09-12 09:33:44,720 INFO response {"request_id": "7557402f5d6f43778809f245d0cfbaff", "http_status": 200, "body": {"accepted": true, "real_timestamp_ms": 1789176821233, "virtual_time_s": 688, "measure_result": "no_signal"}}
2026-09-12 09:33:44,720 INFO request {"path": "/measure", "payload": {"arena_id": "default", "robot_id": "202601002029", "request_id": "f6f0c83445c84bfc9a5aa5ba105cec41", "position": {"x": 600.0000000000001, "y": 1039.2304845413264}, "channel": 12}, "attempt": 1}
2026-09-12 09:33:44,735 INFO response {"request_id": "f6f0c83445c84bfc9a5aa5ba105cec41", "http_status": 200, "body": {"accepted": true, "real_timestamp_ms": 1789176821248, "virtual_time_s": 694, "measure_result": "no_signal"}}
2026-09-12 09:33:44,735 INFO request {"path": "/measure", "payload": {"arena_id": "default", "robot_id": "202601002029", "request_id": "1d62e61844874e728ee494598d87495d", "position": {"x": 600.0000000000001, "y": 1039.2304845413264}, "channel": 13}, "attempt": 1}
2026-09-12 09:33:44,735 INFO response {"request_id": "1d62e61844874e728ee494598d87495d", "http_status": 200, "body": {"accepted": true, "real_timestamp_ms": 1789176821249, "virtual_time_s": 700, "measure_result": "no_signal"}}
2026-09-12 09:33:44,736 INFO request {"path": "/measure", "payload": {"arena_id": "default", "robot_id": "202601002029", "request_id": "16bf8151654847d9b211eaa788aac0d2", "position": {"x": 600.0000000000001, "y": 1039.2304845413264}, "channel": 14}, "attempt": 1}
2026-09-12 09:33:44,750 INFO response {"request_id": "16bf8151654847d9b211eaa788aac0d2", "http_status": 200, "body": {"accepted": true, "real_timestamp_ms": 1789176821264, "virtual_time_s": 706, "measure_result": "no_signal"}}
2026-09-12 09:33:44,750 INFO request {"path": "/measure", "payload": {"arena_id": "default", "robot_id": "202601002029", "request_id": "a21a84fd2a634f67bce763f56e147080", "position": {"x": 600.0000000000001, "y": 1039.2304845413264}, "channel": 15}, "attempt": 1}
2026-09-12 09:33:44,752 INFO response {"request_id": "a21a84fd2a634f67bce763f56e147080", "http_status": 200, "body": {"accepted": true, "real_timestamp_ms": 1789176821265, "virtual_time_s": 712, "measure_result": "no_signal"}}
2026-09-12 09:33:44,752 INFO request {"path": "/measure", "payload": {"arena_id": "default", "robot_id": "202601002029", "request_id": "0d5953f26a4545668b00f3eef2af2c29", "position": {"x": 600.0000000000001, "y": 1039.2304845413264}, "channel": 16}, "attempt": 1}
2026-09-12 09:33:44,753 INFO response {"request_id": "0d5953f26a4545668b00f3eef2af2c29", "http_status": 200, "body": {"accepted": true, "real_timestamp_ms": 1789176821266, "virtual_time_s": 718, "measure_result": "no_signal"}}
2026-09-12 09:33:44,753 INFO request {"path": "/measure", "payload": {"arena_id": "default", "robot_id": "202601002029", "request_id": "2502343dfe424e799fd08358d4b9ab7c", "position": {"x": 600.0000000000001, "y": 1039.2304845413264}, "channel": 17}, "attempt": 1}
2026-09-12 09:33:44,753 INFO response {"request_id": "2502343dfe424e799fd08358d4b9ab7c", "http_status": 200, "body": {"accepted": true, "real_timestamp_ms": 1789176821268, "virtual_time_s": 724, "measure_result": "no_signal"}}
2026-09-12 09:33:44,754 INFO request {"path": "/measure", "payload": {"arena_id": "default", "robot_id": "202601002029", "request_id": "ca2d1bb8e6aa416a855c7c15f1b12061", "position": {"x": 600.0000000000001, "y": 1039.2304845413264}, "channel": 18}, "attempt": 1}
2026-09-12 09:33:44,754 INFO response {"request_id": "ca2d1bb8e6aa416a855c7c15f1b12061", "http_status": 200, "body": {"accepted": true, "real_timestamp_ms": 1789176821268, "virtual_time_s": 730, "measure_result": "no_signal"}}
2026-09-12 09:33:44,754 INFO request {"path": "/measure", "payload": {"arena_id": "default", "robot_id": "202601002029", "request_id": "6fd1cfda8f5b4dc687a200e19af4bd9a", "position": {"x": -599.9999999999998, "y": 1039.2304845413264}, "channel": 18}, "attempt": 1}
2026-09-12 09:33:44,755 INFO response {"request_id": "6fd1cfda8f5b4dc687a200e19af4bd9a", "http_status": 200, "body": {"accepted": true, "real_timestamp_ms": 1789176821269, "virtual_time_s": 975, "measure_result": "no_signal"}}
2026-09-12 09:33:44,756 INFO request {"path": "/measure", "payload": {"arena_id": "default", "robot_id": "202601002029", "request_id": "6f7ba426a7a14d11850d5c055c31a8ec", "position": {"x": -599.9999999999998, "y": 1039.2304845413264}, "channel": 2}, "attempt": 1}
2026-09-12 09:33:44,781 INFO response {"request_id": "6f7ba426a7a14d11850d5c055c31a8ec", "http_status": 200, "body": {"accepted": true, "real_timestamp_ms": 1789176821295, "virtual_time_s": 981, "measure_result": "no_signal"}}
2026-09-12 09:33:44,781 INFO request {"path": "/measure", "payload": {"arena_id": "default", "robot_id": "202601002029", "request_id": "ba580da950624626b8598181324e4605", "position": {"x": -599.9999999999998, "y": 1039.2304845413264}, "channel": 8}, "attempt": 1}
2026-09-12 09:33:44,782 INFO response {"request_id": "ba580da950624626b8598181324e4605", "http_status": 200, "body": {"accepted": true, "real_timestamp_ms": 1789176821296, "virtual_time_s": 987, "measure_result": "no_signal"}}
2026-09-12 09:33:44,782 INFO request {"path": "/measure", "payload": {"arena_id": "default", "robot_id": "202601002029", "request_id": "dda49f703d934e238c273699c3a87bec", "position": {"x": -599.9999999999998, "y": 1039.2304845413264}, "channel": 10}, "attempt": 1}
2026-09-12 09:33:44,783 INFO response {"request_id": "dda49f703d934e238c273699c3a87bec", "http_status": 200, "body": {"accepted": true, "real_timestamp_ms": 1789176821297, "virtual_time_s": 993, "measure_result": "no_signal"}}
2026-09-12 09:33:44,783 INFO request {"path": "/measure", "payload": {"arena_id": "default", "robot_id": "202601002029", "request_id": "cb37dc84cee84343b8d9e030f894b60d", "position": {"x": -599.9999999999998, "y": 1039.2304845413264}, "channel": 12}, "attempt": 1}
2026-09-12 09:33:44,783 INFO response {"request_id": "cb37dc84cee84343b8d9e030f894b60d", "http_status": 200, "body": {"accepted": true, "real_timestamp_ms": 1789176821297, "virtual_time_s": 999, "measure_result": "no_signal"}}
2026-09-12 09:33:44,783 INFO request {"path": "/measure", "payload": {"arena_id": "default", "robot_id": "202601002029", "request_id": "29315378aaaf4ef9be5f9f868a4cbecd", "position": {"x": -599.9999999999998, "y": 1039.2304845413264}, "channel": 13}, "attempt": 1}
2026-09-12 09:33:44,784 INFO response {"request_id": "29315378aaaf4ef9be5f9f868a4cbecd", "http_status": 200, "body": {"accepted": true, "real_timestamp_ms": 1789176821298, "virtual_time_s": 1005, "measure_result": "no_signal"}}
2026-09-12 09:33:44,784 INFO request {"path": "/measure", "payload": {"arena_id": "default", "robot_id": "202601002029", "request_id": "4acbfe39a4ef4951a74f5e50d45744f8", "position": {"x": -599.9999999999998, "y": 1039.2304845413264}, "channel": 14}, "attempt": 1}
2026-09-12 09:33:44,785 INFO response {"request_id": "4acbfe39a4ef4951a74f5e50d45744f8", "http_status": 200, "body": {"accepted": true, "real_timestamp_ms": 1789176821299, "virtual_time_s": 1011, "measure_result": "no_signal"}}
2026-09-12 09:33:44,785 INFO request {"path": "/measure", "payload": {"arena_id": "default", "robot_id": "202601002029", "request_id": "b47b18da102245deb6c28c7427f83e04", "position": {"x": -599.9999999999998, "y": 1039.2304845413264}, "channel": 15}, "attempt": 1}
2026-09-12 09:33:44,786 INFO response {"request_id": "b47b18da102245deb6c28c7427f83e04", "http_status": 200, "body": {"accepted": true, "real_timestamp_ms": 1789176821300, "virtual_time_s": 1017, "measure_result": "no_signal"}}
2026-09-12 09:33:44,786 INFO request {"path": "/measure", "payload": {"arena_id": "default", "robot_id": "202601002029", "request_id": "102f8e993a1d433eba6192dfb6ed434b", "position": {"x": -599.9999999999998, "y": 1039.2304845413264}, "channel": 16}, "attempt": 1}
2026-09-12 09:33:44,786 INFO response {"request_id": "102f8e993a1d433eba6192dfb6ed434b", "http_status": 200, "body": {"accepted": true, "real_timestamp_ms": 1789176821300, "virtual_time_s": 1023, "measure_result": "no_signal"}}
2026-09-12 09:33:44,787 INFO request {"path": "/measure", "payload": {"arena_id": "default", "robot_id": "202601002029", "request_id": "aa8ae63e56624a98ae6edc065a617517", "position": {"x": -599.9999999999998, "y": 1039.2304845413264}, "channel": 17}, "attempt": 1}
2026-09-12 09:33:44,787 INFO response {"request_id": "aa8ae63e56624a98ae6edc065a617517", "http_status": 200, "body": {"accepted": true, "real_timestamp_ms": 1789176821301, "virtual_time_s": 1029, "measure_result": "direction", "svd_deg": 244.21}}
2026-09-12 09:33:44,790 INFO request {"path": "/measure", "payload": {"arena_id": "default", "robot_id": "202601002029", "request_id": "a4b5554a95ca41d79f669c61b10b42b2", "position": {"x": -599.9999999999998, "y": 1039.2304845413264}, "channel": 19}, "attempt": 1}
2026-09-12 09:33:44,790 INFO response {"request_id": "a4b5554a95ca41d79f669c61b10b42b2", "http_status": 200, "body": {"accepted": true, "real_timestamp_ms": 1789176821304, "virtual_time_s": 1035, "measure_result": "no_signal"}}
2026-09-12 09:33:44,790 INFO request {"path": "/measure", "payload": {"arena_id": "default", "robot_id": "202601002029", "request_id": "ddbb2b254f8e41a9a3f4fa76a88aba75", "position": {"x": -1200.0, "y": 1.4695761589768238e-13}, "channel": 19}, "attempt": 1}
2026-09-12 09:33:44,792 INFO response {"request_id": "ddbb2b254f8e41a9a3f4fa76a88aba75", "http_status": 200, "body": {"accepted": true, "real_timestamp_ms": 1789176821305, "virtual_time_s": 1280, "measure_result": "no_signal"}}
2026-09-12 09:33:44,792 INFO request {"path": "/measure", "payload": {"arena_id": "default", "robot_id": "202601002029", "request_id": "e4cadd4950554b88846faea5abdceafc", "position": {"x": -1200.0, "y": 1.4695761589768238e-13}, "channel": 2}, "attempt": 1}
2026-09-12 09:33:44,795 INFO response {"request_id": "e4cadd4950554b88846faea5abdceafc", "http_status": 200, "body": {"accepted": true, "real_timestamp_ms": 1789176821308, "virtual_time_s": 1286, "measure_result": "no_signal"}}
2026-09-12 09:33:44,796 INFO request {"path": "/measure", "payload": {"arena_id": "default", "robot_id": "202601002029", "request_id": "b8292b6c4eab4f79b7075282aabb0f68", "position": {"x": -1200.0, "y": 1.4695761589768238e-13}, "channel": 8}, "attempt": 1}
2026-09-12 09:33:44,798 INFO response {"request_id": "b8292b6c4eab4f79b7075282aabb0f68", "http_status": 200, "body": {"accepted": true, "real_timestamp_ms": 1789176821311, "virtual_time_s": 1292, "measure_result": "no_signal"}}
2026-09-12 09:33:44,798 INFO request {"path": "/measure", "payload": {"arena_id": "default", "robot_id": "202601002029", "request_id": "46e3dcbf8a614a19b7c9a1784f06c233", "position": {"x": -1200.0, "y": 1.4695761589768238e-13}, "channel": 10}, "attempt": 1}
2026-09-12 09:33:44,799 INFO response {"request_id": "46e3dcbf8a614a19b7c9a1784f06c233", "http_status": 200, "body": {"accepted": true, "real_timestamp_ms": 1789176821313, "virtual_time_s": 1298, "measure_result": "no_signal"}}
2026-09-12 09:33:44,799 INFO request {"path": "/measure", "payload": {"arena_id": "default", "robot_id": "202601002029", "request_id": "49d0ffa705d444549f364077b2991ccd", "position": {"x": -1200.0, "y": 1.4695761589768238e-13}, "channel": 12}, "attempt": 1}
2026-09-12 09:33:44,812 INFO response {"request_id": "49d0ffa705d444549f364077b2991ccd", "http_status": 200, "body": {"accepted": true, "real_timestamp_ms": 1789176821326, "virtual_time_s": 1304, "measure_result": "no_signal"}}
2026-09-12 09:33:44,813 INFO request {"path": "/measure", "payload": {"arena_id": "default", "robot_id": "202601002029", "request_id": "019f855f314e4e0fa2e123b7d6e5da34", "position": {"x": -1200.0, "y": 1.4695761589768238e-13}, "channel": 13}, "attempt": 1}
2026-09-12 09:33:44,814 INFO response {"request_id": "019f855f314e4e0fa2e123b7d6e5da34", "http_status": 200, "body": {"accepted": true, "real_timestamp_ms": 1789176821328, "virtual_time_s": 1310, "measure_result": "no_signal"}}
2026-09-12 09:33:44,815 INFO request {"path": "/measure", "payload": {"arena_id": "default", "robot_id": "202601002029", "request_id": "61f1d2febc414c7c9a9b9e1ec954c777", "position": {"x": -1200.0, "y": 1.4695761589768238e-13}, "channel": 14}, "attempt": 1}
2026-09-12 09:33:44,816 INFO response {"request_id": "61f1d2febc414c7c9a9b9e1ec954c777", "http_status": 200, "body": {"accepted": true, "real_timestamp_ms": 1789176821329, "virtual_time_s": 1316, "measure_result": "no_signal"}}
2026-09-12 09:33:44,816 INFO request {"path": "/measure", "payload": {"arena_id": "default", "robot_id": "202601002029", "request_id": "2af5017b304a45f79307fdbb8c5d2ca5", "position": {"x": -1200.0, "y": 1.4695761589768238e-13}, "channel": 15}, "attempt": 1}
2026-09-12 09:33:44,817 INFO response {"request_id": "2af5017b304a45f79307fdbb8c5d2ca5", "http_status": 200, "body": {"accepted": true, "real_timestamp_ms": 1789176821331, "virtual_time_s": 1322, "measure_result": "no_signal"}}
2026-09-12 09:33:44,817 INFO request {"path": "/measure", "payload": {"arena_id": "default", "robot_id": "202601002029", "request_id": "bf87dbec04374aaaaa58b242b107e513", "position": {"x": -1200.0, "y": 1.4695761589768238e-13}, "channel": 16}, "attempt": 1}
2026-09-12 09:33:44,818 INFO response {"request_id": "bf87dbec04374aaaaa58b242b107e513", "http_status": 200, "body": {"accepted": true, "real_timestamp_ms": 1789176821332, "virtual_time_s": 1328, "measure_result": "no_signal"}}
2026-09-12 09:33:44,818 INFO request {"path": "/measure", "payload": {"arena_id": "default", "robot_id": "202601002029", "request_id": "e2a2ba5cb2f74f6ba4b223e8a7ad0c17", "position": {"x": -1200.0, "y": 1.4695761589768238e-13}, "channel": 18}, "attempt": 1}
2026-09-12 09:33:44,851 INFO response {"request_id": "e2a2ba5cb2f74f6ba4b223e8a7ad0c17", "http_status": 200, "body": {"accepted": true, "real_timestamp_ms": 1789176821362, "virtual_time_s": 1334, "measure_result": "no_signal"}}
2026-09-12 09:33:44,851 INFO request {"path": "/measure", "payload": {"arena_id": "default", "robot_id": "202601002029", "request_id": "7a7ccbd9d893482681287a62cfc8ee96", "position": {"x": -600.0000000000006, "y": -1039.2304845413262}, "channel": 18}, "attempt": 1}
2026-09-12 09:33:44,862 INFO response {"request_id": "7a7ccbd9d893482681287a62cfc8ee96", "http_status": 200, "body": {"accepted": true, "real_timestamp_ms": 1789176821375, "virtual_time_s": 1579, "measure_result": "direction", "svd_deg": 321.22}}
2026-09-12 09:33:44,867 INFO request {"path": "/measure", "payload": {"arena_id": "default", "robot_id": "202601002029", "request_id": "e4c36f512a4547f8bf072ae7cfbc1056", "position": {"x": -600.0000000000006, "y": -1039.2304845413262}, "channel": 2}, "attempt": 1}
2026-09-12 09:33:44,871 INFO response {"request_id": "e4c36f512a4547f8bf072ae7cfbc1056", "http_status": 200, "body": {"accepted": true, "real_timestamp_ms": 1789176821385, "virtual_time_s": 1585, "measure_result": "direction", "svd_deg": 340.92}}
2026-09-12 09:33:44,875 INFO request {"path": "/measure", "payload": {"arena_id": "default", "robot_id": "202601002029", "request_id": "259b515fb8cb48cca5386e046f394872", "position": {"x": -600.0000000000006, "y": -1039.2304845413262}, "channel": 8}, "attempt": 1}
2026-09-12 09:33:44,877 INFO response {"request_id": "259b515fb8cb48cca5386e046f394872", "http_status": 200, "body": {"accepted": true, "real_timestamp_ms": 1789176821391, "virtual_time_s": 1591, "measure_result": "no_signal"}}
2026-09-12 09:33:44,878 INFO request {"path": "/measure", "payload": {"arena_id": "default", "robot_id": "202601002029", "request_id": "e8e3459b3eec49a69d03a99fe3d374ee", "position": {"x": -600.0000000000006, "y": -1039.2304845413262}, "channel": 10}, "attempt": 1}
2026-09-12 09:33:44,879 INFO response {"request_id": "e8e3459b3eec49a69d03a99fe3d374ee", "http_status": 200, "body": {"accepted": true, "real_timestamp_ms": 1789176821393, "virtual_time_s": 1597, "measure_result": "direction", "svd_deg": 344.45}}
2026-09-12 09:33:44,883 INFO request {"path": "/measure", "payload": {"arena_id": "default", "robot_id": "202601002029", "request_id": "1b711535594f4260a0c7f14c0cac86ae", "position": {"x": -600.0000000000006, "y": -1039.2304845413262}, "channel": 12}, "attempt": 1}
2026-09-12 09:33:44,885 INFO response {"request_id": "1b711535594f4260a0c7f14c0cac86ae", "http_status": 200, "body": {"accepted": true, "real_timestamp_ms": 1789176821399, "virtual_time_s": 1603, "measure_result": "no_signal"}}
2026-09-12 09:33:44,885 INFO request {"path": "/measure", "payload": {"arena_id": "default", "robot_id": "202601002029", "request_id": "3b87e9166f8542928a2456efdd352157", "position": {"x": -600.0000000000006, "y": -1039.2304845413262}, "channel": 13}, "attempt": 1}
2026-09-12 09:33:44,890 INFO response {"request_id": "3b87e9166f8542928a2456efdd352157", "http_status": 200, "body": {"accepted": true, "real_timestamp_ms": 1789176821403, "virtual_time_s": 1609, "measure_result": "no_signal"}}
2026-09-12 09:33:44,890 INFO request {"path": "/measure", "payload": {"arena_id": "default", "robot_id": "202601002029", "request_id": "81bbfbe7e5604621ae2db9e5848bcfac", "position": {"x": -600.0000000000006, "y": -1039.2304845413262}, "channel": 14}, "attempt": 1}
2026-09-12 09:33:44,891 INFO response {"request_id": "81bbfbe7e5604621ae2db9e5848bcfac", "http_status": 200, "body": {"accepted": true, "real_timestamp_ms": 1789176821405, "virtual_time_s": 1615, "measure_result": "direction", "svd_deg": 346.55}}
2026-09-12 09:33:44,896 INFO request {"path": "/measure", "payload": {"arena_id": "default", "robot_id": "202601002029", "request_id": "419e55aaddc6459dbf13c49cfffbc912", "position": {"x": -600.0000000000006, "y": -1039.2304845413262}, "channel": 15}, "attempt": 1}
2026-09-12 09:33:44,897 INFO response {"request_id": "419e55aaddc6459dbf13c49cfffbc912", "http_status": 200, "body": {"accepted": true, "real_timestamp_ms": 1789176821411, "virtual_time_s": 1621, "measure_result": "no_signal"}}
2026-09-12 09:33:44,898 INFO request {"path": "/measure", "payload": {"arena_id": "default", "robot_id": "202601002029", "request_id": "088c925417ba4c6fac19319c83d85162", "position": {"x": -600.0000000000006, "y": -1039.2304845413262}, "channel": 16}, "attempt": 1}
2026-09-12 09:33:44,899 INFO response {"request_id": "088c925417ba4c6fac19319c83d85162", "http_status": 200, "body": {"accepted": true, "real_timestamp_ms": 1789176821412, "virtual_time_s": 1627, "measure_result": "no_signal"}}
2026-09-12 09:33:44,900 INFO request {"path": "/measure", "payload": {"arena_id": "default", "robot_id": "202601002029", "request_id": "071f4220132b4d1180312c77f0585ed0", "position": {"x": -600.0000000000006, "y": -1039.2304845413262}, "channel": 19}, "attempt": 1}
2026-09-12 09:33:44,902 INFO response {"request_id": "071f4220132b4d1180312c77f0585ed0", "http_status": 200, "body": {"accepted": true, "real_timestamp_ms": 1789176821416, "virtual_time_s": 1633, "measure_result": "direction", "svd_deg": 190.66}}
2026-09-12 09:33:44,906 INFO request {"path": "/measure", "payload": {"arena_id": "default", "robot_id": "202601002029", "request_id": "5daf0ea84a874e4b9730c9512fb02ce5", "position": {"x": 600.0000000000001, "y": -1039.2304845413264}, "channel": 8}, "attempt": 1}
2026-09-12 09:33:44,919 INFO response {"request_id": "5daf0ea84a874e4b9730c9512fb02ce5", "http_status": 200, "body": {"accepted": true, "real_timestamp_ms": 1789176821433, "virtual_time_s": 1879, "measure_result": "no_signal"}}
2026-09-12 09:33:44,920 INFO request {"path": "/measure", "payload": {"arena_id": "default", "robot_id": "202601002029", "request_id": "b8cfc70525b04a4c93a060bf15eb2e3d", "position": {"x": 600.0000000000001, "y": -1039.2304845413264}, "channel": 12}, "attempt": 1}
2026-09-12 09:33:44,920 INFO response {"request_id": "b8cfc70525b04a4c93a060bf15eb2e3d", "http_status": 200, "body": {"accepted": true, "real_timestamp_ms": 1789176821434, "virtual_time_s": 1885, "measure_result": "no_signal"}}
2026-09-12 09:33:44,920 INFO request {"path": "/measure", "payload": {"arena_id": "default", "robot_id": "202601002029", "request_id": "b692b7ec10524e8f83e3f37702317115", "position": {"x": 600.0000000000001, "y": -1039.2304845413264}, "channel": 13}, "attempt": 1}
2026-09-12 09:33:44,922 INFO response {"request_id": "b692b7ec10524e8f83e3f37702317115", "http_status": 200, "body": {"accepted": true, "real_timestamp_ms": 1789176821435, "virtual_time_s": 1891, "measure_result": "no_signal"}}
2026-09-12 09:33:44,922 INFO request {"path": "/measure", "payload": {"arena_id": "default", "robot_id": "202601002029", "request_id": "04e97a1ca2074a51976952bb8a812d9e", "position": {"x": 600.0000000000001, "y": -1039.2304845413264}, "channel": 15}, "attempt": 1}
2026-09-12 09:33:44,922 INFO response {"request_id": "04e97a1ca2074a51976952bb8a812d9e", "http_status": 200, "body": {"accepted": true, "real_timestamp_ms": 1789176821436, "virtual_time_s": 1897, "measure_result": "no_signal"}}
2026-09-12 09:33:44,923 INFO request {"path": "/measure", "payload": {"arena_id": "default", "robot_id": "202601002029", "request_id": "437f94b13eb348729f5e05a83d064cb3", "position": {"x": 600.0000000000001, "y": -1039.2304845413264}, "channel": 16}, "attempt": 1}
2026-09-12 09:33:44,934 INFO response {"request_id": "437f94b13eb348729f5e05a83d064cb3", "http_status": 200, "body": {"accepted": true, "real_timestamp_ms": 1789176821448, "virtual_time_s": 1903, "measure_result": "no_signal"}}
2026-09-12 09:33:53,411 INFO request {"path": "/measure", "payload": {"arena_id": "default", "robot_id": "202601002029", "request_id": "2c0e907654d6417fa150d836e5c1f0e8", "position": {"x": 404.9427018089353, "y": -918.6630555691206}, "channel": 20}, "attempt": 1}
2026-09-12 09:33:53,432 INFO response {"request_id": "2c0e907654d6417fa150d836e5c1f0e8", "http_status": 200, "body": {"accepted": true, "real_timestamp_ms": 1789176829945, "virtual_time_s": 1954.862339, "measure_result": "direction", "svd_deg": 43.54}}
2026-09-12 09:34:01,916 INFO request {"path": "/measure", "payload": {"arena_id": "default", "robot_id": "202601002029", "request_id": "1dae466d45874644a685d7612ad0d44b", "position": {"x": 763.316787085477, "y": -977.5083695488713}, "channel": 20}, "attempt": 1}
2026-09-12 09:34:01,943 INFO response {"request_id": "1dae466d45874644a685d7612ad0d44b", "http_status": 200, "body": {"accepted": true, "real_timestamp_ms": 1789176838456, "virtual_time_s": 2032.496974, "measure_result": "direction", "svd_deg": 79.18}}
2026-09-12 09:34:01,952 INFO request {"path": "/clear", "payload": {"arena_id": "default", "robot_id": "202601002029", "request_id": "6a73d9d6c63d481db583fb9a581f3e26", "position": {"x": 859.0694914346611, "y": -486.75625222052076}, "channel": 20}, "attempt": 1}
2026-09-12 09:34:01,954 INFO response {"request_id": "6a73d9d6c63d481db583fb9a581f3e26", "http_status": 200, "body": {"accepted": true, "real_timestamp_ms": 1789176838467, "virtual_time_s": 2137.498218, "clear_result": "success"}}
2026-09-12 09:34:01,954 INFO request {"path": "/measure", "payload": {"arena_id": "default", "robot_id": "202601002029", "request_id": "742acbdb24764284bbfb93ceefb2ceef", "position": {"x": 901.5590280992803, "y": -441.714523497467}, "channel": 1}, "attempt": 1}
2026-09-12 09:34:01,954 INFO response {"request_id": "742acbdb24764284bbfb93ceefb2ceef", "http_status": 200, "body": {"accepted": true, "real_timestamp_ms": 1789176838468, "virtual_time_s": 2155.882269, "measure_result": "direction", "svd_deg": 122.86}}
2026-09-12 09:34:01,958 INFO request {"path": "/clear", "payload": {"arena_id": "default", "robot_id": "202601002029", "request_id": "fc5f44470a32471ba3a3eb646aabe2dc", "position": {"x": 549.7777278345465, "y": 102.40144214532492}, "channel": 1}, "attempt": 1}
2026-09-12 09:34:01,973 INFO response {"request_id": "fc5f44470a32471ba3a3eb646aabe2dc", "http_status": 200, "body": {"accepted": true, "real_timestamp_ms": 1789176838486, "virtual_time_s": 2290.468112, "clear_result": "success"}}
2026-09-12 09:34:01,975 INFO request {"path": "/measure", "payload": {"arena_id": "default", "robot_id": "202601002029", "request_id": "e6dafb7454fe45a4a25ae72dfadc70c1", "position": {"x": 798.6421607132843, "y": 608.3511326093919}, "channel": 5}, "attempt": 1}
2026-09-12 09:34:01,976 INFO response {"request_id": "e6dafb7454fe45a4a25ae72dfadc70c1", "http_status": 200, "body": {"accepted": true, "real_timestamp_ms": 1789176838490, "virtual_time_s": 2409.236653, "measure_result": "direction", "svd_deg": 160.17}}
2026-09-12 09:34:01,979 INFO request {"path": "/clear", "payload": {"arena_id": "default", "robot_id": "202601002029", "request_id": "9a8b70f792ce4d1599bb8672c748876d", "position": {"x": 233.1017356042064, "y": 812.5801476287496}, "channel": 5}, "attempt": 1}
2026-09-12 09:34:01,980 INFO response {"request_id": "9a8b70f792ce4d1599bb8672c748876d", "http_status": 200, "body": {"accepted": true, "real_timestamp_ms": 1789176838494, "virtual_time_s": 2534.493954, "clear_result": "success"}}
2026-09-12 09:34:01,981 INFO request {"path": "/measure", "payload": {"arena_id": "default", "robot_id": "202601002029", "request_id": "f2f696f73f4041ab9ddadf5ae9fe0df5", "position": {"x": -145.9267378744098, "y": 993.2903848267367}, "channel": 7}, "attempt": 1}
2026-09-12 09:34:01,982 INFO response {"request_id": "f2f696f73f4041ab9ddadf5ae9fe0df5", "http_status": 200, "body": {"accepted": true, "real_timestamp_ms": 1789176838496, "virtual_time_s": 2624.474612, "measure_result": "direction", "svd_deg": 195.53}}
2026-09-12 09:34:10,113 INFO request {"path": "/measure", "payload": {"arena_id": "default", "robot_id": "202601002029", "request_id": "bb813a3a93c248c8aa5b72518aa888bb", "position": {"x": -392.3108855130245, "y": 1087.4649565153459}, "channel": 7}, "attempt": 1}
2026-09-12 09:34:10,114 INFO response {"request_id": "bb813a3a93c248c8aa5b72518aa888bb", "http_status": 200, "body": {"accepted": true, "real_timestamp_ms": 1789176846628, "virtual_time_s": 2682.228379, "measure_result": "direction", "svd_deg": 212.85}}
2026-09-12 09:34:20,563 INFO request {"path": "/measure", "payload": {"arena_id": "default", "robot_id": "202601002029", "request_id": "48f3a2b4151447d98c98e5a189634b43", "position": {"x": -815.9743453441862, "y": 1313.3346952429565}, "channel": 7}, "attempt": 1}
2026-09-12 09:34:20,565 INFO response {"request_id": "48f3a2b4151447d98c98e5a189634b43", "http_status": 200, "body": {"accepted": true, "real_timestamp_ms": 1789176857078, "virtual_time_s": 2783.250848, "measure_result": "direction", "svd_deg": 272.11}}
2026-09-12 09:34:20,570 INFO request {"path": "/clear", "payload": {"arena_id": "default", "robot_id": "202601002029", "request_id": "9661c2aa15d7414288a908b5ea320914", "position": {"x": -800.4436500513622, "y": 816.3606038618128}, "channel": 7}, "attempt": 1}
2026-09-12 09:34:20,571 INFO response {"request_id": "9661c2aa15d7414288a908b5ea320914", "http_status": 200, "body": {"accepted": true, "real_timestamp_ms": 1789176857084, "virtual_time_s": 2887.694189, "clear_result": "success"}}
2026-09-12 09:34:20,571 INFO request {"path": "/measure", "payload": {"arena_id": "default", "robot_id": "202601002029", "request_id": "f26a7458137a4fa4a184adadd4287c6c", "position": {"x": -152.68441829753795, "y": 992.2740900704079}, "channel": 3}, "attempt": 1}
2026-09-12 09:34:20,572 INFO response {"request_id": "f26a7458137a4fa4a184adadd4287c6c", "http_status": 200, "body": {"accepted": true, "real_timestamp_ms": 1789176857086, "virtual_time_s": 3027.938381, "measure_result": "direction", "svd_deg": 211.11}}
2026-09-12 09:34:28,257 INFO request {"path": "/measure", "payload": {"arena_id": "default", "robot_id": "202601002029", "request_id": "ce61147db5a748a3a229dcfef0122ad2", "position": {"x": -681.567771709076, "y": 1171.80798915886}, "channel": 3}, "attempt": 1}
2026-09-12 09:34:28,258 INFO response {"request_id": "ce61147db5a748a3a229dcfef0122ad2", "http_status": 200, "body": {"accepted": true, "real_timestamp_ms": 1789176864772, "virtual_time_s": 3144.643354, "measure_result": "direction", "svd_deg": 269.39}}
2026-09-12 09:34:28,261 INFO request {"path": "/clear", "payload": {"arena_id": "default", "robot_id": "202601002029", "request_id": "69992b16264b4cab9010c7e2a6b7f12b", "position": {"x": -683.7226688325488, "y": 671.5418694629677}, "channel": 3}, "attempt": 1}
2026-09-12 09:34:28,262 INFO response {"request_id": "69992b16264b4cab9010c7e2a6b7f12b", "http_status": 200, "body": {"accepted": true, "real_timestamp_ms": 1789176864777, "virtual_time_s": 3249.697506, "clear_result": "success"}}
2026-09-12 09:34:28,263 INFO request {"path": "/measure", "payload": {"arena_id": "default", "robot_id": "202601002029", "request_id": "c32deed0a2a84ff897f580a8b5ed6431", "position": {"x": -1490.292605083149, "y": 575.2267359032649}, "channel": 17}, "attempt": 1}
2026-09-12 09:34:28,263 INFO response {"request_id": "c32deed0a2a84ff897f580a8b5ed6431", "http_status": 200, "body": {"accepted": true, "real_timestamp_ms": 1789176864777, "virtual_time_s": 3418.157552, "measure_result": "direction", "svd_deg": 15.24}}
2026-09-12 09:34:36,729 INFO request {"path": "/measure", "payload": {"arena_id": "default", "robot_id": "202601002029", "request_id": "943d601891ff45669885eebff1bc924b", "position": {"x": -1184.2949237764703, "y": 593.6310680413416}, "channel": 17}, "attempt": 1}
2026-09-12 09:34:36,731 INFO response {"request_id": "943d601891ff45669885eebff1bc924b", "http_status": 200, "body": {"accepted": true, "real_timestamp_ms": 1789176873245, "virtual_time_s": 3484.467682, "measure_result": "direction", "svd_deg": 20.77}}
2026-09-12 09:34:36,736 INFO request {"path": "/clear", "payload": {"arena_id": "default", "robot_id": "202601002029", "request_id": "a52b4fb1920d43b58c2c036801566c67", "position": {"x": -729.0345640533228, "y": 772.576049800055}, "channel": 17}, "attempt": 1}
2026-09-12 09:34:36,738 INFO response {"request_id": "a52b4fb1920d43b58c2c036801566c67", "http_status": 200, "body": {"accepted": true, "real_timestamp_ms": 1789176873252, "virtual_time_s": 3587.300867, "clear_result": "success"}}
2026-09-12 09:34:36,738 INFO request {"path": "/measure", "payload": {"arena_id": "default", "robot_id": "202601002029", "request_id": "d98abcd8cf6744469d04c19cd94f5e3c", "position": {"x": -940.6949631562597, "y": -350.7326442011871}, "channel": 6}, "attempt": 1}
2026-09-12 09:34:36,738 INFO response {"request_id": "d98abcd8cf6744469d04c19cd94f5e3c", "http_status": 200, "body": {"accepted": true, "real_timestamp_ms": 1789176873252, "virtual_time_s": 3821.91605, "measure_result": "direction", "svd_deg": 325.62}}
2026-09-12 09:34:36,741 INFO request {"path": "/clear", "payload": {"arena_id": "default", "robot_id": "202601002029", "request_id": "5fabb446f57e4c8fb82b911499084369", "position": {"x": -445.53423078552095, "y": -689.8315628013797}, "channel": 6}, "attempt": 1}
2026-09-12 09:34:36,754 INFO response {"request_id": "5fabb446f57e4c8fb82b911499084369", "http_status": 200, "body": {"accepted": true, "real_timestamp_ms": 1789176873268, "virtual_time_s": 3946.944751, "clear_result": "success"}}
2026-09-12 09:34:36,754 INFO request {"path": "/measure", "payload": {"arena_id": "default", "robot_id": "202601002029", "request_id": "102ce6e79d484d41ba5302b357187b28", "position": {"x": -625.1440197068545, "y": -785.566901059782}, "channel": 4}, "attempt": 1}
2026-09-12 09:34:36,769 INFO response {"request_id": "102ce6e79d484d41ba5302b357187b28", "http_status": 200, "body": {"accepted": true, "real_timestamp_ms": 1789176873283, "virtual_time_s": 3993.650982, "measure_result": "direction", "svd_deg": 23.07}}
2026-09-12 09:34:36,774 INFO request {"path": "/clear", "payload": {"arena_id": "default", "robot_id": "202601002029", "request_id": "a28d29f56b34462a8a8b559d2dc76e9d", "position": {"x": -17.112200916278866, "y": -526.3016893145347}, "channel": 4}, "attempt": 1}
2026-09-12 09:34:36,786 INFO response {"request_id": "a28d29f56b34462a8a8b559d2dc76e9d", "http_status": 200, "body": {"accepted": true, "real_timestamp_ms": 1789176873299, "virtual_time_s": 4130.851004, "clear_result": "success"}}
2026-09-12 09:34:36,786 INFO request {"path": "/measure", "payload": {"arena_id": "default", "robot_id": "202601002029", "request_id": "799853cc90ea4284a0d4faab336c2f58", "position": {"x": 67.7190537597557, "y": -1001.6658780121227}, "channel": 9}, "attempt": 1}
2026-09-12 09:34:36,788 INFO response {"request_id": "799853cc90ea4284a0d4faab336c2f58", "http_status": 200, "body": {"accepted": true, "real_timestamp_ms": 1789176873301, "virtual_time_s": 4233.425836, "measure_result": "direction", "svd_deg": 58.14}}
2026-09-12 09:34:36,793 INFO request {"path": "/clear", "payload": {"arena_id": "default", "robot_id": "202601002029", "request_id": "e48cfeb148014869a3ff9c09b75d8578", "position": {"x": 399.49656649668515, "y": -467.32524366903306}, "channel": 9}, "attempt": 1}
2026-09-12 09:34:36,794 INFO response {"request_id": "e48cfeb148014869a3ff9c09b75d8578", "http_status": 200, "body": {"accepted": true, "real_timestamp_ms": 1789176873308, "virtual_time_s": 4364.218718, "clear_result": "success"}}
2026-09-12 09:34:36,794 INFO request {"path": "/measure", "payload": {"arena_id": "default", "robot_id": "202601002029", "request_id": "d6afed572e2848359fb63cde63ce6911", "position": {"x": 608.072316847189, "y": -798.8544666583552}, "channel": 11}, "attempt": 1}
2026-09-12 09:34:36,796 INFO response {"request_id": "d6afed572e2848359fb63cde63ce6911", "http_status": 200, "body": {"accepted": true, "real_timestamp_ms": 1789176873310, "virtual_time_s": 4448.555292, "measure_result": "direction", "svd_deg": 40.96}}
2026-09-12 09:34:44,195 INFO request {"path": "/measure", "payload": {"arena_id": "default", "robot_id": "202601002029", "request_id": "da7dbdf7caa64ad58a65d02e6ac27e8b", "position": {"x": 688.482886267004, "y": -521.3756748564837}, "channel": 11}, "attempt": 1}
2026-09-12 09:34:44,213 INFO response {"request_id": "da7dbdf7caa64ad58a65d02e6ac27e8b", "http_status": 200, "body": {"accepted": true, "real_timestamp_ms": 1789176880726, "virtual_time_s": 4511.334298, "measure_result": "direction", "svd_deg": 21.18}}
2026-09-12 09:34:53,802 INFO request {"path": "/measure", "payload": {"arena_id": "default", "robot_id": "202601002029", "request_id": "1f603362398e42908fb5e4c8fbf71ade", "position": {"x": 690.3992721629684, "y": -527.5946536346769}, "channel": 11}, "attempt": 1}
2026-09-12 09:34:53,803 INFO response {"request_id": "1f603362398e42908fb5e4c8fbf71ade", "http_status": 200, "body": {"accepted": true, "real_timestamp_ms": 1789176890316, "virtual_time_s": 4517.635808, "measure_result": "direction", "svd_deg": 21.91}}
2026-09-12 09:35:05,553 INFO request {"path": "/measure", "payload": {"arena_id": "default", "robot_id": "202601002029", "request_id": "382f2eba81cc46e4aec72d00ba51abbd", "position": {"x": 955.9449488533564, "y": -375.38109771595646}, "channel": 11}, "attempt": 1}
2026-09-12 09:35:05,554 INFO response {"request_id": "382f2eba81cc46e4aec72d00ba51abbd", "http_status": 200, "body": {"accepted": true, "real_timestamp_ms": 1789176902069, "virtual_time_s": 4583.85132, "measure_result": "direction", "svd_deg": 11.15}}
2026-09-12 09:35:22,767 INFO request {"path": "/measure", "payload": {"arena_id": "default", "robot_id": "202601002029", "request_id": "784350d1a5744e01bce6e719be09db71", "position": {"x": 1222.9899491213373, "y": -323.1583148304156}, "channel": 11}, "attempt": 1}
2026-09-12 09:35:22,768 INFO response {"request_id": "784350d1a5744e01bce6e719be09db71", "http_status": 200, "body": {"accepted": true, "real_timestamp_ms": 1789176919282, "virtual_time_s": 4643.271997, "measure_result": "direction", "svd_deg": 191.78}}
2026-09-12 09:35:22,776 INFO request {"path": "/clear", "payload": {"arena_id": "default", "robot_id": "202601002029", "request_id": "6bf101f7538f4f799afdfe2fb7c8251a", "position": {"x": 1142.8493780444087, "y": -339.6112568460743}, "channel": 11}, "attempt": 1}
2026-09-12 09:35:22,777 INFO response {"request_id": "6bf101f7538f4f799afdfe2fb7c8251a", "http_status": 200, "body": {"accepted": true, "real_timestamp_ms": 1789176919290, "virtual_time_s": 4664.634406, "clear_result": "success"}}
2026-09-12 09:35:22,777 INFO request {"path": "/measure", "payload": {"arena_id": "default", "robot_id": "202601002029", "request_id": "e22e5bab2a4d49c6b69e3ad11ba0617d", "position": {"x": 390.93147616883135, "y": -1202.6027901925386}, "channel": 18}, "attempt": 1}
2026-09-12 09:35:22,778 INFO response {"request_id": "e22e5bab2a4d49c6b69e3ad11ba0617d", "http_status": 200, "body": {"accepted": true, "real_timestamp_ms": 1789176919292, "virtual_time_s": 4899.556656, "measure_result": "direction", "svd_deg": 226.63}}
2026-09-12 09:35:22,780 INFO request {"path": "/clear", "payload": {"arena_id": "default", "robot_id": "202601002029", "request_id": "71ca183a7b32409193feb068c017a6a1", "position": {"x": 51.002418379987134, "y": -1562.0556491865696}, "channel": 18}, "attempt": 1}
2026-09-12 09:35:22,798 INFO response {"request_id": "71ca183a7b32409193feb068c017a6a1", "http_status": 200, "body": {"accepted": true, "real_timestamp_ms": 1789176919312, "virtual_time_s": 5003.502727, "clear_result": "success"}}
2026-09-12 09:35:22,799 INFO request {"path": "/measure", "payload": {"arena_id": "default", "robot_id": "202601002029", "request_id": "a2369c0e315046d6a8094fad8b9f35d0", "position": {"x": 43.55029615474956, "y": -1809.7909414394508}, "channel": 14}, "attempt": 1}
2026-09-12 09:35:22,799 INFO response {"request_id": "a2369c0e315046d6a8094fad8b9f35d0", "http_status": 200, "body": {"accepted": true, "real_timestamp_ms": 1789176919313, "virtual_time_s": 5059.072197, "measure_result": "direction", "svd_deg": 51.45}}
2026-09-12 09:35:30,363 INFO request {"path": "/measure", "payload": {"arena_id": "default", "robot_id": "202601002029", "request_id": "9c78e30e467f4a06b2105010015649a9", "position": {"x": 381.5734925581726, "y": -1476.4806024838613}, "channel": 14}, "attempt": 1}
2026-09-12 09:35:30,365 INFO response {"request_id": "9c78e30e467f4a06b2105010015649a9", "http_status": 200, "body": {"accepted": true, "real_timestamp_ms": 1789176926879, "virtual_time_s": 5159.015435, "measure_result": "direction", "svd_deg": 64.53}}
2026-09-12 09:35:30,369 INFO request {"path": "/clear", "payload": {"arena_id": "default", "robot_id": "202601002029", "request_id": "0a4232dfe3af47d991e5659d9a7f17c8", "position": {"x": 469.5735945107774, "y": -1292.4645016021636}, "channel": 14}, "attempt": 1}
2026-09-12 09:35:30,369 INFO response {"request_id": "0a4232dfe3af47d991e5659d9a7f17c8", "http_status": 200, "body": {"accepted": true, "real_timestamp_ms": 1789176926883, "virtual_time_s": 5204.810505, "clear_result": "success"}}
2026-09-12 09:35:30,369 INFO request {"path": "/measure", "payload": {"arena_id": "default", "robot_id": "202601002029", "request_id": "ab6494e816f24744a339fd3ee7a20cd3", "position": {"x": 14.881890848738408, "y": -1832.8554978329896}, "channel": 10}, "attempt": 1}
2026-09-12 09:35:30,385 INFO response {"request_id": "ab6494e816f24744a339fd3ee7a20cd3", "http_status": 200, "body": {"accepted": true, "real_timestamp_ms": 1789176926899, "virtual_time_s": 5352.057377, "measure_result": "direction", "svd_deg": 92.5}}
2026-09-12 09:35:30,392 INFO request {"path": "/clear", "payload": {"arena_id": "default", "robot_id": "202601002029", "request_id": "8fe78c02370e4b0694e2fc6b78256061", "position": {"x": -12.88172397721793, "y": -1202.877255013972}, "channel": 10}, "attempt": 1}
2026-09-12 09:35:30,394 INFO response {"request_id": "8fe78c02370e4b0694e2fc6b78256061", "http_status": 200, "body": {"accepted": true, "real_timestamp_ms": 1789176926908, "virtual_time_s": 5483.175323, "clear_result": "success"}}
2026-09-12 09:35:30,395 INFO request {"path": "/measure", "payload": {"arena_id": "default", "robot_id": "202601002029", "request_id": "f7385da7f339460aa1ad00de9e5d249f", "position": {"x": -35.14913397291343, "y": -1869.2087376084546}, "channel": 2}, "attempt": 1}
2026-09-12 09:35:30,396 INFO response {"request_id": "f7385da7f339460aa1ad00de9e5d249f", "http_status": 200, "body": {"accepted": true, "real_timestamp_ms": 1789176926910, "virtual_time_s": 5622.516012, "measure_result": "direction", "svd_deg": 89.42}}
2026-09-12 09:35:30,402 INFO request {"path": "/clear", "payload": {"arena_id": "default", "robot_id": "202601002029", "request_id": "7bc0320e79b447188d67d1dc2e22d002", "position": {"x": -29.007844639454625, "y": -1237.0111736976535}, "channel": 2}, "attempt": 1}
2026-09-12 09:35:30,404 INFO response {"request_id": "7bc0320e79b447188d67d1dc2e22d002", "http_status": 200, "body": {"accepted": true, "real_timestamp_ms": 1789176926917, "virtual_time_s": 5753.96149, "clear_result": "success"}}
2026-09-12 09:35:30,404 INFO request {"path": "/measure", "payload": {"arena_id": "default", "robot_id": "202601002029", "request_id": "edde3f3cd7dd4ec8823290f7bcec1aac", "position": {"x": -1290.3045209447382, "y": -633.1511897763999}, "channel": 19}, "attempt": 1}
2026-09-12 09:35:30,405 INFO response {"request_id": "edde3f3cd7dd4ec8823290f7bcec1aac", "http_status": 200, "body": {"accepted": true, "real_timestamp_ms": 1789176926919, "virtual_time_s": 6039.641034, "measure_result": "direction", "svd_deg": 284.12}}
2026-09-12 09:35:30,411 INFO request {"path": "/clear", "payload": {"arena_id": "default", "robot_id": "202601002029", "request_id": "c4042bd371cc4fc0a2a5958a3d8bd3c9", "position": {"x": -1161.4245494768113, "y": -1144.7322982354458}, "channel": 19}, "attempt": 1}
2026-09-12 09:35:30,413 INFO response {"request_id": "c4042bd371cc4fc0a2a5958a3d8bd3c9", "http_status": 200, "body": {"accepted": true, "real_timestamp_ms": 1789176926927, "virtual_time_s": 6150.154119, "clear_result": "success"}}
2026-09-12 09:35:30,413 INFO request {"path": "/exit", "payload": {"arena_id": "default", "robot_id": "202601002029", "request_id": "c646c3380b6649e7880c3b337a1a8b52"}, "attempt": 1}
2026-09-12 09:35:30,415 INFO response {"request_id": "c646c3380b6649e7880c3b337a1a8b52", "http_status": 200, "body": {"accepted": true, "real_timestamp_ms": 1789176926928, "virtual_time_s": 6150.154119, "exit_reason": "user_exit"}}
