2026-09-12 17:51:33,981 INFO request {"path": "/enter", "payload": {"arena_id": "default", "robot_id": "202601002029", "request_id": "1c17e415e6f34687ab3b451626af6e6f"}, "attempt": 1}
2026-09-12 17:51:33,997 INFO response {"request_id": "1c17e415e6f34687ab3b451626af6e6f", "http_status": 200, "body": {"accepted": true, "real_timestamp_ms": 1789206690747, "virtual_time_s": 0, "max_virtual_duration_s": 360000, "max_real_duration_s": 1200, "remaining_real_duration_s": 1200}}
2026-09-12 17:51:33,998 INFO request {"path": "/measure", "payload": {"arena_id": "default", "robot_id": "202601002029", "request_id": "af45ed4ee5814ba8ab109d57c69803bd", "position": {"x": 0.0, "y": 0.0}, "channel": 1}, "attempt": 1}
2026-09-12 17:51:33,998 INFO response {"request_id": "af45ed4ee5814ba8ab109d57c69803bd", "http_status": 200, "body": {"accepted": true, "real_timestamp_ms": 1789206690749, "virtual_time_s": 5, "measure_result": "direction", "svd_deg": 348.33}}
2026-09-12 17:51:34,003 INFO request {"path": "/measure", "payload": {"arena_id": "default", "robot_id": "202601002029", "request_id": "cd9ccd257e054bda88bebed6ed9e5d0c", "position": {"x": 0.0, "y": 0.0}, "channel": 2}, "attempt": 1}
2026-09-12 17:51:34,005 INFO response {"request_id": "cd9ccd257e054bda88bebed6ed9e5d0c", "http_status": 200, "body": {"accepted": true, "real_timestamp_ms": 1789206690754, "virtual_time_s": 11, "measure_result": "direction", "svd_deg": 216.8}}
2026-09-12 17:51:34,008 INFO request {"path": "/measure", "payload": {"arena_id": "default", "robot_id": "202601002029", "request_id": "9669694766d74c98abe477852e1fcbc9", "position": {"x": 0.0, "y": 0.0}, "channel": 3}, "attempt": 1}
2026-09-12 17:51:34,009 INFO response {"request_id": "9669694766d74c98abe477852e1fcbc9", "http_status": 200, "body": {"accepted": true, "real_timestamp_ms": 1789206690759, "virtual_time_s": 17, "measure_result": "no_signal"}}
2026-09-12 17:51:34,009 INFO request {"path": "/measure", "payload": {"arena_id": "default", "robot_id": "202601002029", "request_id": "7514f43f885246bd8fe0c521f42125d6", "position": {"x": 0.0, "y": 0.0}, "channel": 4}, "attempt": 1}
2026-09-12 17:51:34,011 INFO response {"request_id": "7514f43f885246bd8fe0c521f42125d6", "http_status": 200, "body": {"accepted": true, "real_timestamp_ms": 1789206690761, "virtual_time_s": 23, "measure_result": "no_signal"}}
2026-09-12 17:51:34,011 INFO request {"path": "/measure", "payload": {"arena_id": "default", "robot_id": "202601002029", "request_id": "f34dbed5a2ce4f1c89b1b1bb988088cd", "position": {"x": 0.0, "y": 0.0}, "channel": 5}, "attempt": 1}
2026-09-12 17:51:34,023 INFO response {"request_id": "f34dbed5a2ce4f1c89b1b1bb988088cd", "http_status": 200, "body": {"accepted": true, "real_timestamp_ms": 1789206690773, "virtual_time_s": 29, "measure_result": "direction", "svd_deg": 46.49}}
2026-09-12 17:51:34,025 INFO request {"path": "/measure", "payload": {"arena_id": "default", "robot_id": "202601002029", "request_id": "e1fdfb5434394bf68587607bea7f43d3", "position": {"x": 0.0, "y": 0.0}, "channel": 6}, "attempt": 1}
2026-09-12 17:51:34,043 INFO response {"request_id": "e1fdfb5434394bf68587607bea7f43d3", "http_status": 200, "body": {"accepted": true, "real_timestamp_ms": 1789206690792, "virtual_time_s": 35, "measure_result": "no_signal"}}
2026-09-12 17:51:34,043 INFO request {"path": "/measure", "payload": {"arena_id": "default", "robot_id": "202601002029", "request_id": "e621bc69abf34289995bc0b061f66071", "position": {"x": 0.0, "y": 0.0}, "channel": 7}, "attempt": 1}
2026-09-12 17:51:34,063 INFO response {"request_id": "e621bc69abf34289995bc0b061f66071", "http_status": 200, "body": {"accepted": true, "real_timestamp_ms": 1789206690812, "virtual_time_s": 41, "measure_result": "no_signal"}}
2026-09-12 17:51:34,064 INFO request {"path": "/measure", "payload": {"arena_id": "default", "robot_id": "202601002029", "request_id": "51f837c120a54139a82a544cce5ec232", "position": {"x": 0.0, "y": 0.0}, "channel": 8}, "attempt": 1}
2026-09-12 17:51:34,083 INFO response {"request_id": "51f837c120a54139a82a544cce5ec232", "http_status": 200, "body": {"accepted": true, "real_timestamp_ms": 1789206690832, "virtual_time_s": 47, "measure_result": "no_signal"}}
2026-09-12 17:51:34,083 INFO request {"path": "/measure", "payload": {"arena_id": "default", "robot_id": "202601002029", "request_id": "3ebeea5fc6e54c52845b4ebcb3966d65", "position": {"x": 0.0, "y": 0.0}, "channel": 9}, "attempt": 1}
2026-09-12 17:51:34,102 INFO response {"request_id": "3ebeea5fc6e54c52845b4ebcb3966d65", "http_status": 200, "body": {"accepted": true, "real_timestamp_ms": 1789206690852, "virtual_time_s": 53, "measure_result": "no_signal"}}
2026-09-12 17:51:34,102 INFO request {"path": "/measure", "payload": {"arena_id": "default", "robot_id": "202601002029", "request_id": "8817f7d1eae84db9ad5faa67d73c5a27", "position": {"x": 0.0, "y": 0.0}, "channel": 10}, "attempt": 1}
2026-09-12 17:51:34,122 INFO response {"request_id": "8817f7d1eae84db9ad5faa67d73c5a27", "http_status": 200, "body": {"accepted": true, "real_timestamp_ms": 1789206690872, "virtual_time_s": 59, "measure_result": "no_signal"}}
2026-09-12 17:51:34,122 INFO request {"path": "/measure", "payload": {"arena_id": "default", "robot_id": "202601002029", "request_id": "642c2bcf6ab74cd3bdd50ad79f0f46eb", "position": {"x": 0.0, "y": 0.0}, "channel": 11}, "attempt": 1}
2026-09-12 17:51:34,125 INFO response {"request_id": "642c2bcf6ab74cd3bdd50ad79f0f46eb", "http_status": 200, "body": {"accepted": true, "real_timestamp_ms": 1789206690874, "virtual_time_s": 65, "measure_result": "direction", "svd_deg": 30.2}}
2026-09-12 17:51:34,129 INFO request {"path": "/measure", "payload": {"arena_id": "default", "robot_id": "202601002029", "request_id": "f5f1bfe346974656880b212ef31aebe0", "position": {"x": 0.0, "y": 0.0}, "channel": 12}, "attempt": 1}
2026-09-12 17:51:34,142 INFO response {"request_id": "f5f1bfe346974656880b212ef31aebe0", "http_status": 200, "body": {"accepted": true, "real_timestamp_ms": 1789206690891, "virtual_time_s": 71, "measure_result": "no_signal"}}
2026-09-12 17:51:34,143 INFO request {"path": "/measure", "payload": {"arena_id": "default", "robot_id": "202601002029", "request_id": "fbf90f2bcb3c421f94ebbf9067d3a94b", "position": {"x": 0.0, "y": 0.0}, "channel": 13}, "attempt": 1}
2026-09-12 17:51:34,145 INFO response {"request_id": "fbf90f2bcb3c421f94ebbf9067d3a94b", "http_status": 200, "body": {"accepted": true, "real_timestamp_ms": 1789206690895, "virtual_time_s": 77, "measure_result": "no_signal"}}
2026-09-12 17:51:34,146 INFO request {"path": "/measure", "payload": {"arena_id": "default", "robot_id": "202601002029", "request_id": "95972ef13a4a44cfa5668da4178eeae4", "position": {"x": 0.0, "y": 0.0}, "channel": 14}, "attempt": 1}
2026-09-12 17:51:34,148 INFO response {"request_id": "95972ef13a4a44cfa5668da4178eeae4", "http_status": 200, "body": {"accepted": true, "real_timestamp_ms": 1789206690897, "virtual_time_s": 83, "measure_result": "no_signal"}}
2026-09-12 17:51:34,148 INFO request {"path": "/measure", "payload": {"arena_id": "default", "robot_id": "202601002029", "request_id": "841265076d9c49f7bdd92ef224dd984e", "position": {"x": 0.0, "y": 0.0}, "channel": 15}, "attempt": 1}
2026-09-12 17:51:34,150 INFO response {"request_id": "841265076d9c49f7bdd92ef224dd984e", "http_status": 200, "body": {"accepted": true, "real_timestamp_ms": 1789206690899, "virtual_time_s": 89, "measure_result": "no_signal"}}
2026-09-12 17:51:34,150 INFO request {"path": "/measure", "payload": {"arena_id": "default", "robot_id": "202601002029", "request_id": "9bd3e1ad5bea4f86a784b00061bc1834", "position": {"x": 0.0, "y": 0.0}, "channel": 16}, "attempt": 1}
2026-09-12 17:51:34,153 INFO response {"request_id": "9bd3e1ad5bea4f86a784b00061bc1834", "http_status": 200, "body": {"accepted": true, "real_timestamp_ms": 1789206690902, "virtual_time_s": 95, "measure_result": "direction", "svd_deg": 139.83}}
2026-09-12 17:51:34,157 INFO request {"path": "/measure", "payload": {"arena_id": "default", "robot_id": "202601002029", "request_id": "0fba939ea6ef490fa9145b6af41bd92f", "position": {"x": 0.0, "y": 0.0}, "channel": 17}, "attempt": 1}
2026-09-12 17:51:34,170 INFO response {"request_id": "0fba939ea6ef490fa9145b6af41bd92f", "http_status": 200, "body": {"accepted": true, "real_timestamp_ms": 1789206690919, "virtual_time_s": 101, "measure_result": "no_signal"}}
2026-09-12 17:51:34,170 INFO request {"path": "/measure", "payload": {"arena_id": "default", "robot_id": "202601002029", "request_id": "266f6396cb2540d89b24b5cb6294d83a", "position": {"x": 0.0, "y": 0.0}, "channel": 18}, "attempt": 1}
2026-09-12 17:51:34,189 INFO response {"request_id": "266f6396cb2540d89b24b5cb6294d83a", "http_status": 200, "body": {"accepted": true, "real_timestamp_ms": 1789206690939, "virtual_time_s": 107, "measure_result": "no_signal"}}
2026-09-12 17:51:34,189 INFO request {"path": "/measure", "payload": {"arena_id": "default", "robot_id": "202601002029", "request_id": "22ece3bbaa42491b96f04fa7486c485b", "position": {"x": 0.0, "y": 0.0}, "channel": 19}, "attempt": 1}
2026-09-12 17:51:34,209 INFO response {"request_id": "22ece3bbaa42491b96f04fa7486c485b", "http_status": 200, "body": {"accepted": true, "real_timestamp_ms": 1789206690958, "virtual_time_s": 113, "measure_result": "no_signal"}}
2026-09-12 17:51:34,210 INFO request {"path": "/measure", "payload": {"arena_id": "default", "robot_id": "202601002029", "request_id": "51f755e03db04365ab8d48e4e4b88db6", "position": {"x": 0.0, "y": 0.0}, "channel": 20}, "attempt": 1}
2026-09-12 17:51:34,228 INFO response {"request_id": "51f755e03db04365ab8d48e4e4b88db6", "http_status": 200, "body": {"accepted": true, "real_timestamp_ms": 1789206690977, "virtual_time_s": 119, "measure_result": "no_signal"}}
2026-09-12 17:51:34,228 INFO request {"path": "/measure", "payload": {"arena_id": "default", "robot_id": "202601002029", "request_id": "04bb3b2ffef0483e8c459a39753e059b", "position": {"x": -450.0, "y": -779.4228634059947}, "channel": 20}, "attempt": 1}
2026-09-12 17:51:34,247 INFO response {"request_id": "04bb3b2ffef0483e8c459a39753e059b", "http_status": 200, "body": {"accepted": true, "real_timestamp_ms": 1789206690997, "virtual_time_s": 304, "measure_result": "no_signal"}}
2026-09-12 17:51:34,247 INFO request {"path": "/measure", "payload": {"arena_id": "default", "robot_id": "202601002029", "request_id": "054acfd9856141c3984483393876a028", "position": {"x": -450.0, "y": -779.4228634059947}, "channel": 3}, "attempt": 1}
2026-09-12 17:51:34,266 INFO response {"request_id": "054acfd9856141c3984483393876a028", "http_status": 200, "body": {"accepted": true, "real_timestamp_ms": 1789206691016, "virtual_time_s": 310, "measure_result": "no_signal"}}
2026-09-12 17:51:34,266 INFO request {"path": "/measure", "payload": {"arena_id": "default", "robot_id": "202601002029", "request_id": "a6f645cb4a094c0da0ce9a9c2245e218", "position": {"x": -450.0, "y": -779.4228634059947}, "channel": 4}, "attempt": 1}
2026-09-12 17:51:34,286 INFO response {"request_id": "a6f645cb4a094c0da0ce9a9c2245e218", "http_status": 200, "body": {"accepted": true, "real_timestamp_ms": 1789206691036, "virtual_time_s": 316, "measure_result": "no_signal"}}
2026-09-12 17:51:34,287 INFO request {"path": "/measure", "payload": {"arena_id": "default", "robot_id": "202601002029", "request_id": "4d0b3e19649646839a5efb78b272c12e", "position": {"x": -450.0, "y": -779.4228634059947}, "channel": 6}, "attempt": 1}
2026-09-12 17:51:34,305 INFO response {"request_id": "4d0b3e19649646839a5efb78b272c12e", "http_status": 200, "body": {"accepted": true, "real_timestamp_ms": 1789206691055, "virtual_time_s": 322, "measure_result": "no_signal"}}
2026-09-12 17:51:34,306 INFO request {"path": "/measure", "payload": {"arena_id": "default", "robot_id": "202601002029", "request_id": "63037bec556f4f3ebc708aff5f33cc5b", "position": {"x": -450.0, "y": -779.4228634059947}, "channel": 7}, "attempt": 1}
2026-09-12 17:51:34,308 INFO response {"request_id": "63037bec556f4f3ebc708aff5f33cc5b", "http_status": 200, "body": {"accepted": true, "real_timestamp_ms": 1789206691058, "virtual_time_s": 328, "measure_result": "no_signal"}}
2026-09-12 17:51:34,309 INFO request {"path": "/measure", "payload": {"arena_id": "default", "robot_id": "202601002029", "request_id": "47ccb45a0d70436bb60b61f5fd1f4ba8", "position": {"x": -450.0, "y": -779.4228634059947}, "channel": 8}, "attempt": 1}
2026-09-12 17:51:34,311 INFO response {"request_id": "47ccb45a0d70436bb60b61f5fd1f4ba8", "http_status": 200, "body": {"accepted": true, "real_timestamp_ms": 1789206691060, "virtual_time_s": 334, "measure_result": "no_signal"}}
2026-09-12 17:51:34,311 INFO request {"path": "/measure", "payload": {"arena_id": "default", "robot_id": "202601002029", "request_id": "48ddf78915a84811893f6c88a7a4dd7b", "position": {"x": -450.0, "y": -779.4228634059947}, "channel": 9}, "attempt": 1}
2026-09-12 17:51:34,312 INFO response {"request_id": "48ddf78915a84811893f6c88a7a4dd7b", "http_status": 200, "body": {"accepted": true, "real_timestamp_ms": 1789206691062, "virtual_time_s": 340, "measure_result": "no_signal"}}
2026-09-12 17:51:34,312 INFO request {"path": "/measure", "payload": {"arena_id": "default", "robot_id": "202601002029", "request_id": "6c384bb1ed324e53b61e499dc53c3a97", "position": {"x": -450.0, "y": -779.4228634059947}, "channel": 10}, "attempt": 1}
2026-09-12 17:51:34,314 INFO response {"request_id": "6c384bb1ed324e53b61e499dc53c3a97", "http_status": 200, "body": {"accepted": true, "real_timestamp_ms": 1789206691064, "virtual_time_s": 346, "measure_result": "no_signal"}}
2026-09-12 17:51:34,315 INFO request {"path": "/measure", "payload": {"arena_id": "default", "robot_id": "202601002029", "request_id": "a86500d728ae41ed8282e11080c7688b", "position": {"x": -450.0, "y": -779.4228634059947}, "channel": 12}, "attempt": 1}
2026-09-12 17:51:34,317 INFO response {"request_id": "a86500d728ae41ed8282e11080c7688b", "http_status": 200, "body": {"accepted": true, "real_timestamp_ms": 1789206691066, "virtual_time_s": 352, "measure_result": "no_signal"}}
2026-09-12 17:51:34,317 INFO request {"path": "/measure", "payload": {"arena_id": "default", "robot_id": "202601002029", "request_id": "545a7f46827542b6b0973661986c96fc", "position": {"x": -450.0, "y": -779.4228634059947}, "channel": 13}, "attempt": 1}
2026-09-12 17:51:34,335 INFO response {"request_id": "545a7f46827542b6b0973661986c96fc", "http_status": 200, "body": {"accepted": true, "real_timestamp_ms": 1789206691084, "virtual_time_s": 358, "measure_result": "no_signal"}}
2026-09-12 17:51:34,335 INFO request {"path": "/measure", "payload": {"arena_id": "default", "robot_id": "202601002029", "request_id": "736fb2330f104338bbf817f69e6178e3", "position": {"x": -450.0, "y": -779.4228634059947}, "channel": 14}, "attempt": 1}
2026-09-12 17:51:34,336 INFO response {"request_id": "736fb2330f104338bbf817f69e6178e3", "http_status": 200, "body": {"accepted": true, "real_timestamp_ms": 1789206691085, "virtual_time_s": 364, "measure_result": "no_signal"}}
2026-09-12 17:51:34,336 INFO request {"path": "/measure", "payload": {"arena_id": "default", "robot_id": "202601002029", "request_id": "6265742ef4f24181a012dbdf77801a86", "position": {"x": -450.0, "y": -779.4228634059947}, "channel": 15}, "attempt": 1}
2026-09-12 17:51:34,337 INFO response {"request_id": "6265742ef4f24181a012dbdf77801a86", "http_status": 200, "body": {"accepted": true, "real_timestamp_ms": 1789206691086, "virtual_time_s": 370, "measure_result": "no_signal"}}
2026-09-12 17:51:34,337 INFO request {"path": "/measure", "payload": {"arena_id": "default", "robot_id": "202601002029", "request_id": "7ba153acd8be4cc8870034a39929ddb9", "position": {"x": -450.0, "y": -779.4228634059947}, "channel": 17}, "attempt": 1}
2026-09-12 17:51:34,354 INFO response {"request_id": "7ba153acd8be4cc8870034a39929ddb9", "http_status": 200, "body": {"accepted": true, "real_timestamp_ms": 1789206691104, "virtual_time_s": 376, "measure_result": "no_signal"}}
2026-09-12 17:51:34,354 INFO request {"path": "/measure", "payload": {"arena_id": "default", "robot_id": "202601002029", "request_id": "dfed5e3e736b4b92b734574322fc10fe", "position": {"x": -450.0, "y": -779.4228634059947}, "channel": 18}, "attempt": 1}
2026-09-12 17:51:34,355 INFO response {"request_id": "dfed5e3e736b4b92b734574322fc10fe", "http_status": 200, "body": {"accepted": true, "real_timestamp_ms": 1789206691105, "virtual_time_s": 382, "measure_result": "no_signal"}}
2026-09-12 17:51:34,355 INFO request {"path": "/measure", "payload": {"arena_id": "default", "robot_id": "202601002029", "request_id": "f1883b9642bb4a7fb87f8ebab2555760", "position": {"x": -450.0, "y": -779.4228634059947}, "channel": 19}, "attempt": 1}
2026-09-12 17:51:34,374 INFO response {"request_id": "f1883b9642bb4a7fb87f8ebab2555760", "http_status": 200, "body": {"accepted": true, "real_timestamp_ms": 1789206691124, "virtual_time_s": 388, "measure_result": "no_signal"}}
2026-09-12 17:51:34,374 INFO request {"path": "/measure", "payload": {"arena_id": "default", "robot_id": "202601002029", "request_id": "eaaff300df4e4bfdb8a0d3974bf10bfe", "position": {"x": 0.0, "y": -1558.8457268119894}, "channel": 19}, "attempt": 1}
2026-09-12 17:51:34,394 INFO response {"request_id": "eaaff300df4e4bfdb8a0d3974bf10bfe", "http_status": 200, "body": {"accepted": true, "real_timestamp_ms": 1789206691143, "virtual_time_s": 573, "measure_result": "no_signal"}}
2026-09-12 17:51:34,395 INFO request {"path": "/measure", "payload": {"arena_id": "default", "robot_id": "202601002029", "request_id": "2177d3ea0e85431388902b7f8a13e487", "position": {"x": 0.0, "y": -1558.8457268119894}, "channel": 3}, "attempt": 1}
2026-09-12 17:51:34,414 INFO response {"request_id": "2177d3ea0e85431388902b7f8a13e487", "http_status": 200, "body": {"accepted": true, "real_timestamp_ms": 1789206691163, "virtual_time_s": 579, "measure_result": "no_signal"}}
2026-09-12 17:51:34,415 INFO request {"path": "/measure", "payload": {"arena_id": "default", "robot_id": "202601002029", "request_id": "240295c1c55b422797657d4c40fc4021", "position": {"x": 0.0, "y": -1558.8457268119894}, "channel": 4}, "attempt": 1}
2026-09-12 17:51:34,432 INFO response {"request_id": "240295c1c55b422797657d4c40fc4021", "http_status": 200, "body": {"accepted": true, "real_timestamp_ms": 1789206691183, "virtual_time_s": 585, "measure_result": "no_signal"}}
2026-09-12 17:51:34,433 INFO request {"path": "/measure", "payload": {"arena_id": "default", "robot_id": "202601002029", "request_id": "5930bcbee08c4441b25f570823d47197", "position": {"x": 0.0, "y": -1558.8457268119894}, "channel": 6}, "attempt": 1}
2026-09-12 17:51:34,452 INFO response {"request_id": "5930bcbee08c4441b25f570823d47197", "http_status": 200, "body": {"accepted": true, "real_timestamp_ms": 1789206691201, "virtual_time_s": 591, "measure_result": "no_signal"}}
2026-09-12 17:51:34,452 INFO request {"path": "/measure", "payload": {"arena_id": "default", "robot_id": "202601002029", "request_id": "0fc67a3b6947475a9aafe8815702840a", "position": {"x": 0.0, "y": -1558.8457268119894}, "channel": 7}, "attempt": 1}
2026-09-12 17:51:34,471 INFO response {"request_id": "0fc67a3b6947475a9aafe8815702840a", "http_status": 200, "body": {"accepted": true, "real_timestamp_ms": 1789206691221, "virtual_time_s": 597, "measure_result": "no_signal"}}
2026-09-12 17:51:34,472 INFO request {"path": "/measure", "payload": {"arena_id": "default", "robot_id": "202601002029", "request_id": "4b4d5526cc2442c393c45acf599d843a", "position": {"x": 0.0, "y": -1558.8457268119894}, "channel": 8}, "attempt": 1}
2026-09-12 17:51:34,473 INFO response {"request_id": "4b4d5526cc2442c393c45acf599d843a", "http_status": 200, "body": {"accepted": true, "real_timestamp_ms": 1789206691223, "virtual_time_s": 603, "measure_result": "no_signal"}}
2026-09-12 17:51:34,473 INFO request {"path": "/measure", "payload": {"arena_id": "default", "robot_id": "202601002029", "request_id": "ed5b65b632474e739542d22362405760", "position": {"x": 0.0, "y": -1558.8457268119894}, "channel": 9}, "attempt": 1}
2026-09-12 17:51:34,491 INFO response {"request_id": "ed5b65b632474e739542d22362405760", "http_status": 200, "body": {"accepted": true, "real_timestamp_ms": 1789206691241, "virtual_time_s": 609, "measure_result": "no_signal"}}
2026-09-12 17:51:34,491 INFO request {"path": "/measure", "payload": {"arena_id": "default", "robot_id": "202601002029", "request_id": "9f5f23f9c8f943d29e6e6419820ae37a", "position": {"x": 0.0, "y": -1558.8457268119894}, "channel": 10}, "attempt": 1}
2026-09-12 17:51:34,510 INFO response {"request_id": "9f5f23f9c8f943d29e6e6419820ae37a", "http_status": 200, "body": {"accepted": true, "real_timestamp_ms": 1789206691260, "virtual_time_s": 615, "measure_result": "no_signal"}}
2026-09-12 17:51:34,510 INFO request {"path": "/measure", "payload": {"arena_id": "default", "robot_id": "202601002029", "request_id": "f3250cb897344cff993824b3e652042e", "position": {"x": 0.0, "y": -1558.8457268119894}, "channel": 12}, "attempt": 1}
2026-09-12 17:51:34,511 INFO response {"request_id": "f3250cb897344cff993824b3e652042e", "http_status": 200, "body": {"accepted": true, "real_timestamp_ms": 1789206691261, "virtual_time_s": 621, "measure_result": "no_signal"}}
2026-09-12 17:51:34,511 INFO request {"path": "/measure", "payload": {"arena_id": "default", "robot_id": "202601002029", "request_id": "b56dfc2439924044b089c1dc415ddf9a", "position": {"x": 0.0, "y": -1558.8457268119894}, "channel": 13}, "attempt": 1}
2026-09-12 17:51:34,512 INFO response {"request_id": "b56dfc2439924044b089c1dc415ddf9a", "http_status": 200, "body": {"accepted": true, "real_timestamp_ms": 1789206691263, "virtual_time_s": 627, "measure_result": "no_signal"}}
2026-09-12 17:51:34,512 INFO request {"path": "/measure", "payload": {"arena_id": "default", "robot_id": "202601002029", "request_id": "bf1c66afe352423390c0cea7e5bf37e0", "position": {"x": 0.0, "y": -1558.8457268119894}, "channel": 14}, "attempt": 1}
2026-09-12 17:51:34,513 INFO response {"request_id": "bf1c66afe352423390c0cea7e5bf37e0", "http_status": 200, "body": {"accepted": true, "real_timestamp_ms": 1789206691263, "virtual_time_s": 633, "measure_result": "no_signal"}}
2026-09-12 17:51:34,513 INFO request {"path": "/measure", "payload": {"arena_id": "default", "robot_id": "202601002029", "request_id": "d9612c6aa26d468f9fbdc67c9aca7a92", "position": {"x": 0.0, "y": -1558.8457268119894}, "channel": 15}, "attempt": 1}
2026-09-12 17:51:34,514 INFO response {"request_id": "d9612c6aa26d468f9fbdc67c9aca7a92", "http_status": 200, "body": {"accepted": true, "real_timestamp_ms": 1789206691264, "virtual_time_s": 639, "measure_result": "no_signal"}}
2026-09-12 17:51:34,514 INFO request {"path": "/measure", "payload": {"arena_id": "default", "robot_id": "202601002029", "request_id": "7afc6f1eeb774839aefff00ec82c5939", "position": {"x": 0.0, "y": -1558.8457268119894}, "channel": 17}, "attempt": 1}
2026-09-12 17:51:34,515 INFO response {"request_id": "7afc6f1eeb774839aefff00ec82c5939", "http_status": 200, "body": {"accepted": true, "real_timestamp_ms": 1789206691265, "virtual_time_s": 645, "measure_result": "no_signal"}}
2026-09-12 17:51:34,515 INFO request {"path": "/measure", "payload": {"arena_id": "default", "robot_id": "202601002029", "request_id": "9de660996d5c45a0956e9c2d2b592e2d", "position": {"x": 0.0, "y": -1558.8457268119894}, "channel": 18}, "attempt": 1}
2026-09-12 17:51:34,515 INFO response {"request_id": "9de660996d5c45a0956e9c2d2b592e2d", "http_status": 200, "body": {"accepted": true, "real_timestamp_ms": 1789206691265, "virtual_time_s": 651, "measure_result": "no_signal"}}
2026-09-12 17:51:34,516 INFO request {"path": "/measure", "payload": {"arena_id": "default", "robot_id": "202601002029", "request_id": "801b869feb264e8981d6fcf94474ba83", "position": {"x": 0.0, "y": -1558.8457268119894}, "channel": 20}, "attempt": 1}
2026-09-12 17:51:34,516 INFO response {"request_id": "801b869feb264e8981d6fcf94474ba83", "http_status": 200, "body": {"accepted": true, "real_timestamp_ms": 1789206691266, "virtual_time_s": 657, "measure_result": "no_signal"}}
2026-09-12 17:51:34,516 INFO request {"path": "/measure", "payload": {"arena_id": "default", "robot_id": "202601002029", "request_id": "a9e0f7eb34c14c44a2866851ae6329ca", "position": {"x": 450.0, "y": -779.4228634059947}, "channel": 20}, "attempt": 1}
2026-09-12 17:51:34,517 INFO response {"request_id": "a9e0f7eb34c14c44a2866851ae6329ca", "http_status": 200, "body": {"accepted": true, "real_timestamp_ms": 1789206691267, "virtual_time_s": 842, "measure_result": "no_signal"}}
2026-09-12 17:51:34,517 INFO request {"path": "/measure", "payload": {"arena_id": "default", "robot_id": "202601002029", "request_id": "45ff545b5efb47d3be68ceb35b98aa78", "position": {"x": 450.0, "y": -779.4228634059947}, "channel": 3}, "attempt": 1}
2026-09-12 17:51:34,518 INFO response {"request_id": "45ff545b5efb47d3be68ceb35b98aa78", "http_status": 200, "body": {"accepted": true, "real_timestamp_ms": 1789206691268, "virtual_time_s": 848, "measure_result": "no_signal"}}
2026-09-12 17:51:34,518 INFO request {"path": "/measure", "payload": {"arena_id": "default", "robot_id": "202601002029", "request_id": "c9d966ec11d84e32b63b2610ad22078d", "position": {"x": 450.0, "y": -779.4228634059947}, "channel": 4}, "attempt": 1}
2026-09-12 17:51:34,519 INFO response {"request_id": "c9d966ec11d84e32b63b2610ad22078d", "http_status": 200, "body": {"accepted": true, "real_timestamp_ms": 1789206691269, "virtual_time_s": 854, "measure_result": "no_signal"}}
2026-09-12 17:51:34,519 INFO request {"path": "/measure", "payload": {"arena_id": "default", "robot_id": "202601002029", "request_id": "bcdce2025cdc4bcf876bd26ca4c0e7b7", "position": {"x": 450.0, "y": -779.4228634059947}, "channel": 6}, "attempt": 1}
2026-09-12 17:51:34,539 INFO response {"request_id": "bcdce2025cdc4bcf876bd26ca4c0e7b7", "http_status": 200, "body": {"accepted": true, "real_timestamp_ms": 1789206691289, "virtual_time_s": 860, "measure_result": "no_signal"}}
2026-09-12 17:51:34,539 INFO request {"path": "/measure", "payload": {"arena_id": "default", "robot_id": "202601002029", "request_id": "7f51207ec3b64c239597a2ee3bd2c249", "position": {"x": 450.0, "y": -779.4228634059947}, "channel": 7}, "attempt": 1}
2026-09-12 17:51:34,559 INFO response {"request_id": "7f51207ec3b64c239597a2ee3bd2c249", "http_status": 200, "body": {"accepted": true, "real_timestamp_ms": 1789206691309, "virtual_time_s": 866, "measure_result": "no_signal"}}
2026-09-12 17:51:34,559 INFO request {"path": "/measure", "payload": {"arena_id": "default", "robot_id": "202601002029", "request_id": "213ee7167541477c90ab5b4f26422849", "position": {"x": 450.0, "y": -779.4228634059947}, "channel": 8}, "attempt": 1}
2026-09-12 17:51:34,578 INFO response {"request_id": "213ee7167541477c90ab5b4f26422849", "http_status": 200, "body": {"accepted": true, "real_timestamp_ms": 1789206691328, "virtual_time_s": 872, "measure_result": "no_signal"}}
2026-09-12 17:51:34,578 INFO request {"path": "/measure", "payload": {"arena_id": "default", "robot_id": "202601002029", "request_id": "f96fd9bef1fc4558a64fd468a93dc1db", "position": {"x": 450.0, "y": -779.4228634059947}, "channel": 9}, "attempt": 1}
2026-09-12 17:51:34,598 INFO response {"request_id": "f96fd9bef1fc4558a64fd468a93dc1db", "http_status": 200, "body": {"accepted": true, "real_timestamp_ms": 1789206691348, "virtual_time_s": 878, "measure_result": "no_signal"}}
2026-09-12 17:51:34,598 INFO request {"path": "/measure", "payload": {"arena_id": "default", "robot_id": "202601002029", "request_id": "072c36cabccc4d6bbc8e980988374069", "position": {"x": 450.0, "y": -779.4228634059947}, "channel": 10}, "attempt": 1}
2026-09-12 17:51:34,599 INFO response {"request_id": "072c36cabccc4d6bbc8e980988374069", "http_status": 200, "body": {"accepted": true, "real_timestamp_ms": 1789206691349, "virtual_time_s": 884, "measure_result": "no_signal"}}
2026-09-12 17:51:34,600 INFO request {"path": "/measure", "payload": {"arena_id": "default", "robot_id": "202601002029", "request_id": "1d54b87d5d7d4b33ba862101a6821f2e", "position": {"x": 450.0, "y": -779.4228634059947}, "channel": 12}, "attempt": 1}
2026-09-12 17:51:34,600 INFO response {"request_id": "1d54b87d5d7d4b33ba862101a6821f2e", "http_status": 200, "body": {"accepted": true, "real_timestamp_ms": 1789206691350, "virtual_time_s": 890, "measure_result": "no_signal"}}
2026-09-12 17:51:34,600 INFO request {"path": "/measure", "payload": {"arena_id": "default", "robot_id": "202601002029", "request_id": "116fd4954d4f4d78ac7c6edc1779d0b7", "position": {"x": 450.0, "y": -779.4228634059947}, "channel": 13}, "attempt": 1}
2026-09-12 17:51:34,601 INFO response {"request_id": "116fd4954d4f4d78ac7c6edc1779d0b7", "http_status": 200, "body": {"accepted": true, "real_timestamp_ms": 1789206691351, "virtual_time_s": 896, "measure_result": "no_signal"}}
2026-09-12 17:51:34,601 INFO request {"path": "/measure", "payload": {"arena_id": "default", "robot_id": "202601002029", "request_id": "036e5be02f754669993f2f270b28788a", "position": {"x": 450.0, "y": -779.4228634059947}, "channel": 14}, "attempt": 1}
2026-09-12 17:51:34,602 INFO response {"request_id": "036e5be02f754669993f2f270b28788a", "http_status": 200, "body": {"accepted": true, "real_timestamp_ms": 1789206691352, "virtual_time_s": 902, "measure_result": "no_signal"}}
2026-09-12 17:51:34,602 INFO request {"path": "/measure", "payload": {"arena_id": "default", "robot_id": "202601002029", "request_id": "6b675f65b605418f94a92e74db1ea1ce", "position": {"x": 450.0, "y": -779.4228634059947}, "channel": 15}, "attempt": 1}
2026-09-12 17:51:34,602 INFO response {"request_id": "6b675f65b605418f94a92e74db1ea1ce", "http_status": 200, "body": {"accepted": true, "real_timestamp_ms": 1789206691353, "virtual_time_s": 908, "measure_result": "no_signal"}}
2026-09-12 17:51:34,602 INFO request {"path": "/measure", "payload": {"arena_id": "default", "robot_id": "202601002029", "request_id": "3b7b94877d8c4a17a6315a0b5e100504", "position": {"x": 450.0, "y": -779.4228634059947}, "channel": 17}, "attempt": 1}
2026-09-12 17:51:34,619 INFO response {"request_id": "3b7b94877d8c4a17a6315a0b5e100504", "http_status": 200, "body": {"accepted": true, "real_timestamp_ms": 1789206691369, "virtual_time_s": 914, "measure_result": "no_signal"}}
2026-09-12 17:51:34,619 INFO request {"path": "/measure", "payload": {"arena_id": "default", "robot_id": "202601002029", "request_id": "1d7ae8a6ecc64715acf9dc155774e07d", "position": {"x": 450.0, "y": -779.4228634059947}, "channel": 18}, "attempt": 1}
2026-09-12 17:51:34,639 INFO response {"request_id": "1d7ae8a6ecc64715acf9dc155774e07d", "http_status": 200, "body": {"accepted": true, "real_timestamp_ms": 1789206691388, "virtual_time_s": 920, "measure_result": "no_signal"}}
2026-09-12 17:51:34,639 INFO request {"path": "/measure", "payload": {"arena_id": "default", "robot_id": "202601002029", "request_id": "021881215184427cb8b5c97f2e68e7e2", "position": {"x": 450.0, "y": -779.4228634059947}, "channel": 19}, "attempt": 1}
2026-09-12 17:51:34,659 INFO response {"request_id": "021881215184427cb8b5c97f2e68e7e2", "http_status": 200, "body": {"accepted": true, "real_timestamp_ms": 1789206691408, "virtual_time_s": 926, "measure_result": "no_signal"}}
2026-09-12 17:51:34,659 INFO request {"path": "/measure", "payload": {"arena_id": "default", "robot_id": "202601002029", "request_id": "9908c2a3048440b7add8e1981180135a", "position": {"x": 900.0, "y": 0.0}, "channel": 19}, "attempt": 1}
2026-09-12 17:51:34,660 INFO response {"request_id": "9908c2a3048440b7add8e1981180135a", "http_status": 200, "body": {"accepted": true, "real_timestamp_ms": 1789206691410, "virtual_time_s": 1111, "measure_result": "no_signal"}}
2026-09-12 17:51:34,660 INFO request {"path": "/measure", "payload": {"arena_id": "default", "robot_id": "202601002029", "request_id": "9769325cae0e4e2f8badecdbb790faef", "position": {"x": 900.0, "y": 0.0}, "channel": 3}, "attempt": 1}
2026-09-12 17:51:34,679 INFO response {"request_id": "9769325cae0e4e2f8badecdbb790faef", "http_status": 200, "body": {"accepted": true, "real_timestamp_ms": 1789206691428, "virtual_time_s": 1117, "measure_result": "no_signal"}}
2026-09-12 17:51:34,679 INFO request {"path": "/measure", "payload": {"arena_id": "default", "robot_id": "202601002029", "request_id": "76d5a46130694a9aa8de26a54df9614d", "position": {"x": 900.0, "y": 0.0}, "channel": 4}, "attempt": 1}
2026-09-12 17:51:34,681 INFO response {"request_id": "76d5a46130694a9aa8de26a54df9614d", "http_status": 200, "body": {"accepted": true, "real_timestamp_ms": 1789206691430, "virtual_time_s": 1123, "measure_result": "no_signal"}}
2026-09-12 17:51:34,681 INFO request {"path": "/measure", "payload": {"arena_id": "default", "robot_id": "202601002029", "request_id": "8ae6368848af4755a83e9f004df8413e", "position": {"x": 900.0, "y": 0.0}, "channel": 6}, "attempt": 1}
2026-09-12 17:51:34,683 INFO response {"request_id": "8ae6368848af4755a83e9f004df8413e", "http_status": 200, "body": {"accepted": true, "real_timestamp_ms": 1789206691433, "virtual_time_s": 1129, "measure_result": "no_signal"}}
2026-09-12 17:51:34,684 INFO request {"path": "/measure", "payload": {"arena_id": "default", "robot_id": "202601002029", "request_id": "6fae3c370e084cf08090d72b0bc50d14", "position": {"x": 900.0, "y": 0.0}, "channel": 7}, "attempt": 1}
2026-09-12 17:51:34,685 INFO response {"request_id": "6fae3c370e084cf08090d72b0bc50d14", "http_status": 200, "body": {"accepted": true, "real_timestamp_ms": 1789206691435, "virtual_time_s": 1135, "measure_result": "no_signal"}}
2026-09-12 17:51:34,686 INFO request {"path": "/measure", "payload": {"arena_id": "default", "robot_id": "202601002029", "request_id": "1b68a3eb39e84ccba76ffa487b2cb745", "position": {"x": 900.0, "y": 0.0}, "channel": 8}, "attempt": 1}
2026-09-12 17:51:34,697 INFO response {"request_id": "1b68a3eb39e84ccba76ffa487b2cb745", "http_status": 200, "body": {"accepted": true, "real_timestamp_ms": 1789206691447, "virtual_time_s": 1141, "measure_result": "direction", "svd_deg": 54.0}}
2026-09-12 17:51:34,703 INFO request {"path": "/measure", "payload": {"arena_id": "default", "robot_id": "202601002029", "request_id": "24f71e3207aa4b14ae9bc2c4af3dad4e", "position": {"x": 900.0, "y": 0.0}, "channel": 9}, "attempt": 1}
2026-09-12 17:51:34,717 INFO response {"request_id": "24f71e3207aa4b14ae9bc2c4af3dad4e", "http_status": 200, "body": {"accepted": true, "real_timestamp_ms": 1789206691466, "virtual_time_s": 1147, "measure_result": "direction", "svd_deg": 346.55}}
2026-09-12 17:51:34,722 INFO request {"path": "/measure", "payload": {"arena_id": "default", "robot_id": "202601002029", "request_id": "ef36c5cdcbdf4978937120dd63dbcd56", "position": {"x": 900.0, "y": 0.0}, "channel": 10}, "attempt": 1}
2026-09-12 17:51:34,736 INFO response {"request_id": "ef36c5cdcbdf4978937120dd63dbcd56", "http_status": 200, "body": {"accepted": true, "real_timestamp_ms": 1789206691486, "virtual_time_s": 1153, "measure_result": "direction", "svd_deg": 34.59}}
2026-09-12 17:51:34,741 INFO request {"path": "/measure", "payload": {"arena_id": "default", "robot_id": "202601002029", "request_id": "f29519e3d39145d6877736b0063d6ecc", "position": {"x": 900.0, "y": 0.0}, "channel": 12}, "attempt": 1}
2026-09-12 17:51:34,743 INFO response {"request_id": "f29519e3d39145d6877736b0063d6ecc", "http_status": 200, "body": {"accepted": true, "real_timestamp_ms": 1789206691493, "virtual_time_s": 1159, "measure_result": "no_signal"}}
2026-09-12 17:51:34,743 INFO request {"path": "/measure", "payload": {"arena_id": "default", "robot_id": "202601002029", "request_id": "71246891dddc45eda49fddf3bddf94bb", "position": {"x": 900.0, "y": 0.0}, "channel": 13}, "attempt": 1}
2026-09-12 17:51:34,746 INFO response {"request_id": "71246891dddc45eda49fddf3bddf94bb", "http_status": 200, "body": {"accepted": true, "real_timestamp_ms": 1789206691495, "virtual_time_s": 1165, "measure_result": "no_signal"}}
2026-09-12 17:51:34,746 INFO request {"path": "/measure", "payload": {"arena_id": "default", "robot_id": "202601002029", "request_id": "0c5ce52a1a9b4be99b3476ae2e8573e8", "position": {"x": 900.0, "y": 0.0}, "channel": 14}, "attempt": 1}
2026-09-12 17:51:34,748 INFO response {"request_id": "0c5ce52a1a9b4be99b3476ae2e8573e8", "http_status": 200, "body": {"accepted": true, "real_timestamp_ms": 1789206691498, "virtual_time_s": 1171, "measure_result": "no_signal"}}
2026-09-12 17:51:34,749 INFO request {"path": "/measure", "payload": {"arena_id": "default", "robot_id": "202601002029", "request_id": "0c1d0d75a40447ab82607cb0f0eef7f0", "position": {"x": 900.0, "y": 0.0}, "channel": 15}, "attempt": 1}
2026-09-12 17:51:34,750 INFO response {"request_id": "0c1d0d75a40447ab82607cb0f0eef7f0", "http_status": 200, "body": {"accepted": true, "real_timestamp_ms": 1789206691500, "virtual_time_s": 1177, "measure_result": "no_signal"}}
2026-09-12 17:51:34,750 INFO request {"path": "/measure", "payload": {"arena_id": "default", "robot_id": "202601002029", "request_id": "02e4cec40e43443ba4ab4ec6c3c8c4a1", "position": {"x": 900.0, "y": 0.0}, "channel": 17}, "attempt": 1}
2026-09-12 17:51:34,752 INFO response {"request_id": "02e4cec40e43443ba4ab4ec6c3c8c4a1", "http_status": 200, "body": {"accepted": true, "real_timestamp_ms": 1789206691502, "virtual_time_s": 1183, "measure_result": "no_signal"}}
2026-09-12 17:51:34,752 INFO request {"path": "/measure", "payload": {"arena_id": "default", "robot_id": "202601002029", "request_id": "ab33cf22c08049e39098e299542c8a68", "position": {"x": 900.0, "y": 0.0}, "channel": 18}, "attempt": 1}
2026-09-12 17:51:34,754 INFO response {"request_id": "ab33cf22c08049e39098e299542c8a68", "http_status": 200, "body": {"accepted": true, "real_timestamp_ms": 1789206691504, "virtual_time_s": 1189, "measure_result": "no_signal"}}
2026-09-12 17:51:34,754 INFO request {"path": "/measure", "payload": {"arena_id": "default", "robot_id": "202601002029", "request_id": "92aeb773e9bf492bbc042f299360f0e6", "position": {"x": 900.0, "y": 0.0}, "channel": 20}, "attempt": 1}
2026-09-12 17:51:34,757 INFO response {"request_id": "92aeb773e9bf492bbc042f299360f0e6", "http_status": 200, "body": {"accepted": true, "real_timestamp_ms": 1789206691506, "virtual_time_s": 1195, "measure_result": "no_signal"}}
2026-09-12 17:51:34,757 INFO request {"path": "/measure", "payload": {"arena_id": "default", "robot_id": "202601002029", "request_id": "6f04914fa8334cd0800909ed51d62fd5", "position": {"x": 1800.0, "y": 0.0}, "channel": 20}, "attempt": 1}
2026-09-12 17:51:34,758 INFO response {"request_id": "6f04914fa8334cd0800909ed51d62fd5", "http_status": 200, "body": {"accepted": true, "real_timestamp_ms": 1789206691508, "virtual_time_s": 1380, "measure_result": "no_signal"}}
2026-09-12 17:51:34,758 INFO request {"path": "/measure", "payload": {"arena_id": "default", "robot_id": "202601002029", "request_id": "f8a4440ed3bd491bb8ad4f00272be5ca", "position": {"x": 1800.0, "y": 0.0}, "channel": 3}, "attempt": 1}
2026-09-12 17:51:34,760 INFO response {"request_id": "f8a4440ed3bd491bb8ad4f00272be5ca", "http_status": 200, "body": {"accepted": true, "real_timestamp_ms": 1789206691510, "virtual_time_s": 1386, "measure_result": "no_signal"}}
2026-09-12 17:51:34,760 INFO request {"path": "/measure", "payload": {"arena_id": "default", "robot_id": "202601002029", "request_id": "5f30c491efcd40bbb82d5088d7414df4", "position": {"x": 1800.0, "y": 0.0}, "channel": 4}, "attempt": 1}
2026-09-12 17:51:34,762 INFO response {"request_id": "5f30c491efcd40bbb82d5088d7414df4", "http_status": 200, "body": {"accepted": true, "real_timestamp_ms": 1789206691511, "virtual_time_s": 1392, "measure_result": "no_signal"}}
2026-09-12 17:51:34,762 INFO request {"path": "/measure", "payload": {"arena_id": "default", "robot_id": "202601002029", "request_id": "9e0543c964b340c890ccc6b933126efc", "position": {"x": 1800.0, "y": 0.0}, "channel": 6}, "attempt": 1}
2026-09-12 17:51:34,776 INFO response {"request_id": "9e0543c964b340c890ccc6b933126efc", "http_status": 200, "body": {"accepted": true, "real_timestamp_ms": 1789206691525, "virtual_time_s": 1398, "measure_result": "no_signal"}}
2026-09-12 17:51:34,777 INFO request {"path": "/measure", "payload": {"arena_id": "default", "robot_id": "202601002029", "request_id": "c21ee481dfd94779a8421063e0939cf2", "position": {"x": 1800.0, "y": 0.0}, "channel": 7}, "attempt": 1}
2026-09-12 17:51:34,779 INFO response {"request_id": "c21ee481dfd94779a8421063e0939cf2", "http_status": 200, "body": {"accepted": true, "real_timestamp_ms": 1789206691528, "virtual_time_s": 1404, "measure_result": "no_signal"}}
2026-09-12 17:51:34,779 INFO request {"path": "/measure", "payload": {"arena_id": "default", "robot_id": "202601002029", "request_id": "001dc65029c74ff293be9362de867ee6", "position": {"x": 1800.0, "y": 0.0}, "channel": 12}, "attempt": 1}
2026-09-12 17:51:34,781 INFO response {"request_id": "001dc65029c74ff293be9362de867ee6", "http_status": 200, "body": {"accepted": true, "real_timestamp_ms": 1789206691531, "virtual_time_s": 1410, "measure_result": "no_signal"}}
2026-09-12 17:51:34,781 INFO request {"path": "/measure", "payload": {"arena_id": "default", "robot_id": "202601002029", "request_id": "6d84b51f317f4aa382d98751684d8154", "position": {"x": 1800.0, "y": 0.0}, "channel": 13}, "attempt": 1}
2026-09-12 17:51:34,797 INFO response {"request_id": "6d84b51f317f4aa382d98751684d8154", "http_status": 200, "body": {"accepted": true, "real_timestamp_ms": 1789206691547, "virtual_time_s": 1416, "measure_result": "no_signal"}}
2026-09-12 17:51:34,797 INFO request {"path": "/measure", "payload": {"arena_id": "default", "robot_id": "202601002029", "request_id": "db58dc382742418a8ad48221d8cab75a", "position": {"x": 1800.0, "y": 0.0}, "channel": 14}, "attempt": 1}
2026-09-12 17:51:34,801 INFO response {"request_id": "db58dc382742418a8ad48221d8cab75a", "http_status": 200, "body": {"accepted": true, "real_timestamp_ms": 1789206691550, "virtual_time_s": 1422, "measure_result": "no_signal"}}
2026-09-12 17:51:34,801 INFO request {"path": "/measure", "payload": {"arena_id": "default", "robot_id": "202601002029", "request_id": "ab0326da82a0484eb2e5aa35474f7c96", "position": {"x": 1800.0, "y": 0.0}, "channel": 15}, "attempt": 1}
2026-09-12 17:51:34,803 INFO response {"request_id": "ab0326da82a0484eb2e5aa35474f7c96", "http_status": 200, "body": {"accepted": true, "real_timestamp_ms": 1789206691552, "virtual_time_s": 1428, "measure_result": "no_signal"}}
2026-09-12 17:51:34,803 INFO request {"path": "/measure", "payload": {"arena_id": "default", "robot_id": "202601002029", "request_id": "9b73d3021a2e4bc1baac26887ce2a70d", "position": {"x": 1800.0, "y": 0.0}, "channel": 17}, "attempt": 1}
2026-09-12 17:51:34,805 INFO response {"request_id": "9b73d3021a2e4bc1baac26887ce2a70d", "http_status": 200, "body": {"accepted": true, "real_timestamp_ms": 1789206691554, "virtual_time_s": 1434, "measure_result": "no_signal"}}
2026-09-12 17:51:34,805 INFO request {"path": "/measure", "payload": {"arena_id": "default", "robot_id": "202601002029", "request_id": "d401b8d98c27435cbf3add2dd7f89333", "position": {"x": 1800.0, "y": 0.0}, "channel": 18}, "attempt": 1}
2026-09-12 17:51:34,827 INFO response {"request_id": "d401b8d98c27435cbf3add2dd7f89333", "http_status": 200, "body": {"accepted": true, "real_timestamp_ms": 1789206691576, "virtual_time_s": 1440, "measure_result": "no_signal"}}
2026-09-12 17:51:34,827 INFO request {"path": "/measure", "payload": {"arena_id": "default", "robot_id": "202601002029", "request_id": "f81cc3f109f04d05a1c6356b83b4c49f", "position": {"x": 1800.0, "y": 0.0}, "channel": 19}, "attempt": 1}
2026-09-12 17:51:34,830 INFO response {"request_id": "f81cc3f109f04d05a1c6356b83b4c49f", "http_status": 200, "body": {"accepted": true, "real_timestamp_ms": 1789206691578, "virtual_time_s": 1446, "measure_result": "no_signal"}}
2026-09-12 17:51:34,830 INFO request {"path": "/measure", "payload": {"arena_id": "default", "robot_id": "202601002029", "request_id": "553f90faebc7402780081c6bc744ae66", "position": {"x": 1350.0, "y": 779.4228634059947}, "channel": 19}, "attempt": 1}
2026-09-12 17:51:34,831 INFO response {"request_id": "553f90faebc7402780081c6bc744ae66", "http_status": 200, "body": {"accepted": true, "real_timestamp_ms": 1789206691581, "virtual_time_s": 1631, "measure_result": "no_signal"}}
2026-09-12 17:51:34,832 INFO request {"path": "/measure", "payload": {"arena_id": "default", "robot_id": "202601002029", "request_id": "c4255092ce0c420da98b2a264382b115", "position": {"x": 1350.0, "y": 779.4228634059947}, "channel": 3}, "attempt": 1}
2026-09-12 17:51:34,833 INFO response {"request_id": "c4255092ce0c420da98b2a264382b115", "http_status": 200, "body": {"accepted": true, "real_timestamp_ms": 1789206691583, "virtual_time_s": 1637, "measure_result": "no_signal"}}
2026-09-12 17:51:34,833 INFO request {"path": "/measure", "payload": {"arena_id": "default", "robot_id": "202601002029", "request_id": "9352d232b4bf4d6bb4c85f042bda0c50", "position": {"x": 1350.0, "y": 779.4228634059947}, "channel": 4}, "attempt": 1}
2026-09-12 17:51:34,835 INFO response {"request_id": "9352d232b4bf4d6bb4c85f042bda0c50", "http_status": 200, "body": {"accepted": true, "real_timestamp_ms": 1789206691584, "virtual_time_s": 1643, "measure_result": "no_signal"}}
2026-09-12 17:51:34,835 INFO request {"path": "/measure", "payload": {"arena_id": "default", "robot_id": "202601002029", "request_id": "420e13220b7942779bf475c831fe956d", "position": {"x": 1350.0, "y": 779.4228634059947}, "channel": 6}, "attempt": 1}
2026-09-12 17:51:34,836 INFO response {"request_id": "420e13220b7942779bf475c831fe956d", "http_status": 200, "body": {"accepted": true, "real_timestamp_ms": 1789206691586, "virtual_time_s": 1649, "measure_result": "no_signal"}}
2026-09-12 17:51:34,836 INFO request {"path": "/measure", "payload": {"arena_id": "default", "robot_id": "202601002029", "request_id": "b186a238e9034660a75cbdc9a8abb782", "position": {"x": 1350.0, "y": 779.4228634059947}, "channel": 7}, "attempt": 1}
2026-09-12 17:51:34,837 INFO response {"request_id": "b186a238e9034660a75cbdc9a8abb782", "http_status": 200, "body": {"accepted": true, "real_timestamp_ms": 1789206691587, "virtual_time_s": 1655, "measure_result": "no_signal"}}
2026-09-12 17:51:34,837 INFO request {"path": "/measure", "payload": {"arena_id": "default", "robot_id": "202601002029", "request_id": "e4018b139fa64369bf7798fe45ff756a", "position": {"x": 1350.0, "y": 779.4228634059947}, "channel": 12}, "attempt": 1}
2026-09-12 17:51:34,838 INFO response {"request_id": "e4018b139fa64369bf7798fe45ff756a", "http_status": 200, "body": {"accepted": true, "real_timestamp_ms": 1789206691588, "virtual_time_s": 1661, "measure_result": "no_signal"}}
2026-09-12 17:51:34,838 INFO request {"path": "/measure", "payload": {"arena_id": "default", "robot_id": "202601002029", "request_id": "de86113585c84240aa6a26f231f258af", "position": {"x": 1350.0, "y": 779.4228634059947}, "channel": 13}, "attempt": 1}
2026-09-12 17:51:34,839 INFO response {"request_id": "de86113585c84240aa6a26f231f258af", "http_status": 200, "body": {"accepted": true, "real_timestamp_ms": 1789206691589, "virtual_time_s": 1667, "measure_result": "no_signal"}}
2026-09-12 17:51:34,839 INFO request {"path": "/measure", "payload": {"arena_id": "default", "robot_id": "202601002029", "request_id": "6e1fd8d6d8df43ecac1dc8f29fa6cabc", "position": {"x": 1350.0, "y": 779.4228634059947}, "channel": 14}, "attempt": 1}
2026-09-12 17:51:34,841 INFO response {"request_id": "6e1fd8d6d8df43ecac1dc8f29fa6cabc", "http_status": 200, "body": {"accepted": true, "real_timestamp_ms": 1789206691590, "virtual_time_s": 1673, "measure_result": "no_signal"}}
2026-09-12 17:51:34,841 INFO request {"path": "/measure", "payload": {"arena_id": "default", "robot_id": "202601002029", "request_id": "8d5431cdb9d94451bbe9a1f013960142", "position": {"x": 1350.0, "y": 779.4228634059947}, "channel": 15}, "attempt": 1}
2026-09-12 17:51:34,855 INFO response {"request_id": "8d5431cdb9d94451bbe9a1f013960142", "http_status": 200, "body": {"accepted": true, "real_timestamp_ms": 1789206691605, "virtual_time_s": 1679, "measure_result": "no_signal"}}
2026-09-12 17:51:34,856 INFO request {"path": "/measure", "payload": {"arena_id": "default", "robot_id": "202601002029", "request_id": "a747b34dcd4147f896306a5b60fb5151", "position": {"x": 1350.0, "y": 779.4228634059947}, "channel": 17}, "attempt": 1}
2026-09-12 17:51:34,857 INFO response {"request_id": "a747b34dcd4147f896306a5b60fb5151", "http_status": 200, "body": {"accepted": true, "real_timestamp_ms": 1789206691606, "virtual_time_s": 1685, "measure_result": "no_signal"}}
2026-09-12 17:51:34,857 INFO request {"path": "/measure", "payload": {"arena_id": "default", "robot_id": "202601002029", "request_id": "f2dfb4f1880944ef873d6619adb3b088", "position": {"x": 1350.0, "y": 779.4228634059947}, "channel": 18}, "attempt": 1}
2026-09-12 17:51:34,858 INFO response {"request_id": "f2dfb4f1880944ef873d6619adb3b088", "http_status": 200, "body": {"accepted": true, "real_timestamp_ms": 1789206691608, "virtual_time_s": 1691, "measure_result": "no_signal"}}
2026-09-12 17:51:34,858 INFO request {"path": "/measure", "payload": {"arena_id": "default", "robot_id": "202601002029", "request_id": "687d788c3422439db1e1585f502b6a30", "position": {"x": 1350.0, "y": 779.4228634059947}, "channel": 20}, "attempt": 1}
2026-09-12 17:51:34,860 INFO response {"request_id": "687d788c3422439db1e1585f502b6a30", "http_status": 200, "body": {"accepted": true, "real_timestamp_ms": 1789206691610, "virtual_time_s": 1697, "measure_result": "no_signal"}}
2026-09-12 17:51:34,860 INFO request {"path": "/measure", "payload": {"arena_id": "default", "robot_id": "202601002029", "request_id": "af37c721be2745c78f65abe5c47c5f4d", "position": {"x": 450.0, "y": 779.4228634059947}, "channel": 20}, "attempt": 1}
2026-09-12 17:51:34,862 INFO response {"request_id": "af37c721be2745c78f65abe5c47c5f4d", "http_status": 200, "body": {"accepted": true, "real_timestamp_ms": 1789206691611, "virtual_time_s": 1882, "measure_result": "no_signal"}}
2026-09-12 17:51:34,862 INFO request {"path": "/measure", "payload": {"arena_id": "default", "robot_id": "202601002029", "request_id": "fb546fe7ec4a4c47bd6fb21b10561330", "position": {"x": 450.0, "y": 779.4228634059947}, "channel": 3}, "attempt": 1}
2026-09-12 17:51:34,863 INFO response {"request_id": "fb546fe7ec4a4c47bd6fb21b10561330", "http_status": 200, "body": {"accepted": true, "real_timestamp_ms": 1789206691613, "virtual_time_s": 1888, "measure_result": "no_signal"}}
2026-09-12 17:51:34,863 INFO request {"path": "/measure", "payload": {"arena_id": "default", "robot_id": "202601002029", "request_id": "46de15080d964db29316d71daebad4d1", "position": {"x": 450.0, "y": 779.4228634059947}, "channel": 4}, "attempt": 1}
2026-09-12 17:51:34,864 INFO response {"request_id": "46de15080d964db29316d71daebad4d1", "http_status": 200, "body": {"accepted": true, "real_timestamp_ms": 1789206691614, "virtual_time_s": 1894, "measure_result": "no_signal"}}
2026-09-12 17:51:34,864 INFO request {"path": "/measure", "payload": {"arena_id": "default", "robot_id": "202601002029", "request_id": "f68f6048c8414c149bf5dea419b1051f", "position": {"x": 450.0, "y": 779.4228634059947}, "channel": 6}, "attempt": 1}
2026-09-12 17:51:34,866 INFO response {"request_id": "f68f6048c8414c149bf5dea419b1051f", "http_status": 200, "body": {"accepted": true, "real_timestamp_ms": 1789206691616, "virtual_time_s": 1900, "measure_result": "no_signal"}}
2026-09-12 17:51:34,866 INFO request {"path": "/measure", "payload": {"arena_id": "default", "robot_id": "202601002029", "request_id": "8507fa522da54ae287e439f89f92bdaf", "position": {"x": 450.0, "y": 779.4228634059947}, "channel": 7}, "attempt": 1}
2026-09-12 17:51:34,868 INFO response {"request_id": "8507fa522da54ae287e439f89f92bdaf", "http_status": 200, "body": {"accepted": true, "real_timestamp_ms": 1789206691617, "virtual_time_s": 1906, "measure_result": "direction", "svd_deg": 143.03}}
2026-09-12 17:51:34,871 INFO request {"path": "/measure", "payload": {"arena_id": "default", "robot_id": "202601002029", "request_id": "8fa25bf1581241789823c34f654e0f90", "position": {"x": 450.0, "y": 779.4228634059947}, "channel": 12}, "attempt": 1}
2026-09-12 17:51:34,884 INFO response {"request_id": "8fa25bf1581241789823c34f654e0f90", "http_status": 200, "body": {"accepted": true, "real_timestamp_ms": 1789206691634, "virtual_time_s": 1912, "measure_result": "no_signal"}}
2026-09-12 17:51:34,884 INFO request {"path": "/measure", "payload": {"arena_id": "default", "robot_id": "202601002029", "request_id": "df5b71ecf42c4381b05196ad37ba2c50", "position": {"x": 450.0, "y": 779.4228634059947}, "channel": 13}, "attempt": 1}
2026-09-12 17:51:34,886 INFO response {"request_id": "df5b71ecf42c4381b05196ad37ba2c50", "http_status": 200, "body": {"accepted": true, "real_timestamp_ms": 1789206691636, "virtual_time_s": 1918, "measure_result": "direction", "svd_deg": 151.48}}
2026-09-12 17:51:34,891 INFO request {"path": "/measure", "payload": {"arena_id": "default", "robot_id": "202601002029", "request_id": "c60bf2e3c2564be99e1ca283d4fbc4a0", "position": {"x": 450.0, "y": 779.4228634059947}, "channel": 14}, "attempt": 1}
2026-09-12 17:51:34,893 INFO response {"request_id": "c60bf2e3c2564be99e1ca283d4fbc4a0", "http_status": 200, "body": {"accepted": true, "real_timestamp_ms": 1789206691642, "virtual_time_s": 1924, "measure_result": "no_signal"}}
2026-09-12 17:51:34,893 INFO request {"path": "/measure", "payload": {"arena_id": "default", "robot_id": "202601002029", "request_id": "6a1e92018c3d47ef8b6c611dc27b82e4", "position": {"x": 450.0, "y": 779.4228634059947}, "channel": 15}, "attempt": 1}
2026-09-12 17:51:34,895 INFO response {"request_id": "6a1e92018c3d47ef8b6c611dc27b82e4", "http_status": 200, "body": {"accepted": true, "real_timestamp_ms": 1789206691644, "virtual_time_s": 1930, "measure_result": "no_signal"}}
2026-09-12 17:51:34,895 INFO request {"path": "/measure", "payload": {"arena_id": "default", "robot_id": "202601002029", "request_id": "b77adfe458a640449933179746b6528b", "position": {"x": 450.0, "y": 779.4228634059947}, "channel": 17}, "attempt": 1}
2026-09-12 17:51:34,897 INFO response {"request_id": "b77adfe458a640449933179746b6528b", "http_status": 200, "body": {"accepted": true, "real_timestamp_ms": 1789206691646, "virtual_time_s": 1936, "measure_result": "no_signal"}}
2026-09-12 17:51:34,897 INFO request {"path": "/measure", "payload": {"arena_id": "default", "robot_id": "202601002029", "request_id": "37d5d94db3cb43bc93c9568fc0a10005", "position": {"x": 450.0, "y": 779.4228634059947}, "channel": 18}, "attempt": 1}
2026-09-12 17:51:34,898 INFO response {"request_id": "37d5d94db3cb43bc93c9568fc0a10005", "http_status": 200, "body": {"accepted": true, "real_timestamp_ms": 1789206691648, "virtual_time_s": 1942, "measure_result": "no_signal"}}
2026-09-12 17:51:34,898 INFO request {"path": "/measure", "payload": {"arena_id": "default", "robot_id": "202601002029", "request_id": "2af0d69137d146baa285c39c4c56e11f", "position": {"x": 450.0, "y": 779.4228634059947}, "channel": 19}, "attempt": 1}
2026-09-12 17:51:34,899 INFO response {"request_id": "2af0d69137d146baa285c39c4c56e11f", "http_status": 200, "body": {"accepted": true, "real_timestamp_ms": 1789206691649, "virtual_time_s": 1948, "measure_result": "no_signal"}}
2026-09-12 17:51:34,900 INFO request {"path": "/measure", "payload": {"arena_id": "default", "robot_id": "202601002029", "request_id": "625535209c714b2b8e2ae8154ace2fdb", "position": {"x": 0.0, "y": 1558.8457268119894}, "channel": 19}, "attempt": 1}
2026-09-12 17:51:34,901 INFO response {"request_id": "625535209c714b2b8e2ae8154ace2fdb", "http_status": 200, "body": {"accepted": true, "real_timestamp_ms": 1789206691651, "virtual_time_s": 2133, "measure_result": "no_signal"}}
2026-09-12 17:51:34,901 INFO request {"path": "/measure", "payload": {"arena_id": "default", "robot_id": "202601002029", "request_id": "5aeb18749398463ca227720728acfffd", "position": {"x": 0.0, "y": 1558.8457268119894}, "channel": 3}, "attempt": 1}
2026-09-12 17:51:34,913 INFO response {"request_id": "5aeb18749398463ca227720728acfffd", "http_status": 200, "body": {"accepted": true, "real_timestamp_ms": 1789206691663, "virtual_time_s": 2139, "measure_result": "no_signal"}}
2026-09-12 17:51:34,913 INFO request {"path": "/measure", "payload": {"arena_id": "default", "robot_id": "202601002029", "request_id": "6725342d924d430aaf4b76e216f74160", "position": {"x": 0.0, "y": 1558.8457268119894}, "channel": 4}, "attempt": 1}
2026-09-12 17:51:34,915 INFO response {"request_id": "6725342d924d430aaf4b76e216f74160", "http_status": 200, "body": {"accepted": true, "real_timestamp_ms": 1789206691664, "virtual_time_s": 2145, "measure_result": "no_signal"}}
2026-09-12 17:51:34,915 INFO request {"path": "/measure", "payload": {"arena_id": "default", "robot_id": "202601002029", "request_id": "6f591e238cf44aa8bc2a201f7cf17804", "position": {"x": 0.0, "y": 1558.8457268119894}, "channel": 6}, "attempt": 1}
2026-09-12 17:51:34,915 INFO response {"request_id": "6f591e238cf44aa8bc2a201f7cf17804", "http_status": 200, "body": {"accepted": true, "real_timestamp_ms": 1789206691665, "virtual_time_s": 2151, "measure_result": "no_signal"}}
2026-09-12 17:51:34,916 INFO request {"path": "/measure", "payload": {"arena_id": "default", "robot_id": "202601002029", "request_id": "b1feb6e8b179438aa36274f46c460b68", "position": {"x": 0.0, "y": 1558.8457268119894}, "channel": 12}, "attempt": 1}
2026-09-12 17:51:34,933 INFO response {"request_id": "b1feb6e8b179438aa36274f46c460b68", "http_status": 200, "body": {"accepted": true, "real_timestamp_ms": 1789206691683, "virtual_time_s": 2157, "measure_result": "no_signal"}}
2026-09-12 17:51:34,933 INFO request {"path": "/measure", "payload": {"arena_id": "default", "robot_id": "202601002029", "request_id": "7d1db9ca837c4a369a0131498a62519b", "position": {"x": 0.0, "y": 1558.8457268119894}, "channel": 14}, "attempt": 1}
2026-09-12 17:51:34,954 INFO response {"request_id": "7d1db9ca837c4a369a0131498a62519b", "http_status": 200, "body": {"accepted": true, "real_timestamp_ms": 1789206691703, "virtual_time_s": 2163, "measure_result": "no_signal"}}
2026-09-12 17:51:34,954 INFO request {"path": "/measure", "payload": {"arena_id": "default", "robot_id": "202601002029", "request_id": "ef33911b27734f3083bba45dbd2bcaf2", "position": {"x": 0.0, "y": 1558.8457268119894}, "channel": 15}, "attempt": 1}
2026-09-12 17:51:34,973 INFO response {"request_id": "ef33911b27734f3083bba45dbd2bcaf2", "http_status": 200, "body": {"accepted": true, "real_timestamp_ms": 1789206691722, "virtual_time_s": 2169, "measure_result": "no_signal"}}
2026-09-12 17:51:34,973 INFO request {"path": "/measure", "payload": {"arena_id": "default", "robot_id": "202601002029", "request_id": "d467619836f14162acf42f4f8c82d470", "position": {"x": 0.0, "y": 1558.8457268119894}, "channel": 17}, "attempt": 1}
2026-09-12 17:51:34,974 INFO response {"request_id": "d467619836f14162acf42f4f8c82d470", "http_status": 200, "body": {"accepted": true, "real_timestamp_ms": 1789206691724, "virtual_time_s": 2175, "measure_result": "no_signal"}}
2026-09-12 17:51:34,974 INFO request {"path": "/measure", "payload": {"arena_id": "default", "robot_id": "202601002029", "request_id": "58f8d4470c7444f791c26bbe60aed5d6", "position": {"x": 0.0, "y": 1558.8457268119894}, "channel": 18}, "attempt": 1}
2026-09-12 17:51:34,975 INFO response {"request_id": "58f8d4470c7444f791c26bbe60aed5d6", "http_status": 200, "body": {"accepted": true, "real_timestamp_ms": 1789206691725, "virtual_time_s": 2181, "measure_result": "no_signal"}}
2026-09-12 17:51:34,976 INFO request {"path": "/measure", "payload": {"arena_id": "default", "robot_id": "202601002029", "request_id": "71ca5d85518d427fa8dbfbbf911b2e16", "position": {"x": 0.0, "y": 1558.8457268119894}, "channel": 20}, "attempt": 1}
2026-09-12 17:51:34,976 INFO response {"request_id": "71ca5d85518d427fa8dbfbbf911b2e16", "http_status": 200, "body": {"accepted": true, "real_timestamp_ms": 1789206691726, "virtual_time_s": 2187, "measure_result": "no_signal"}}
2026-09-12 17:51:34,977 INFO request {"path": "/measure", "payload": {"arena_id": "default", "robot_id": "202601002029", "request_id": "fbc6022e40894e2ba24aa80fd568cc80", "position": {"x": -450.0, "y": 2338.268590217984}, "channel": 20}, "attempt": 1}
2026-09-12 17:51:34,977 INFO response {"request_id": "fbc6022e40894e2ba24aa80fd568cc80", "http_status": 200, "body": {"accepted": true, "real_timestamp_ms": 1789206691727, "virtual_time_s": 2372, "measure_result": "no_signal"}}
2026-09-12 17:51:34,977 INFO request {"path": "/measure", "payload": {"arena_id": "default", "robot_id": "202601002029", "request_id": "1d23fef7447c452fb876a66388b4a757", "position": {"x": -450.0, "y": 2338.268590217984}, "channel": 3}, "attempt": 1}
2026-09-12 17:51:34,992 INFO response {"request_id": "1d23fef7447c452fb876a66388b4a757", "http_status": 200, "body": {"accepted": true, "real_timestamp_ms": 1789206691742, "virtual_time_s": 2378, "measure_result": "no_signal"}}
2026-09-12 17:51:34,993 INFO request {"path": "/measure", "payload": {"arena_id": "default", "robot_id": "202601002029", "request_id": "79b477b5618c425692ed8fe84380f9f8", "position": {"x": -450.0, "y": 2338.268590217984}, "channel": 4}, "attempt": 1}
2026-09-12 17:51:35,013 INFO response {"request_id": "79b477b5618c425692ed8fe84380f9f8", "http_status": 200, "body": {"accepted": true, "real_timestamp_ms": 1789206691762, "virtual_time_s": 2384, "measure_result": "no_signal"}}
2026-09-12 17:51:35,013 INFO request {"path": "/measure", "payload": {"arena_id": "default", "robot_id": "202601002029", "request_id": "075d1594603a48a58e00e878faecbc8d", "position": {"x": -450.0, "y": 2338.268590217984}, "channel": 6}, "attempt": 1}
2026-09-12 17:51:35,033 INFO response {"request_id": "075d1594603a48a58e00e878faecbc8d", "http_status": 200, "body": {"accepted": true, "real_timestamp_ms": 1789206691782, "virtual_time_s": 2390, "measure_result": "no_signal"}}
2026-09-12 17:51:35,033 INFO request {"path": "/measure", "payload": {"arena_id": "default", "robot_id": "202601002029", "request_id": "727c59f7b30e4e71b58cf2a6cb1dfd19", "position": {"x": -450.0, "y": 2338.268590217984}, "channel": 12}, "attempt": 1}
2026-09-12 17:51:35,033 INFO response {"request_id": "727c59f7b30e4e71b58cf2a6cb1dfd19", "http_status": 200, "body": {"accepted": true, "real_timestamp_ms": 1789206691783, "virtual_time_s": 2396, "measure_result": "no_signal"}}
2026-09-12 17:51:35,034 INFO request {"path": "/measure", "payload": {"arena_id": "default", "robot_id": "202601002029", "request_id": "67b1bb3feb554c2d9a83c9673b68525a", "position": {"x": -450.0, "y": 2338.268590217984}, "channel": 14}, "attempt": 1}
2026-09-12 17:51:35,034 INFO response {"request_id": "67b1bb3feb554c2d9a83c9673b68525a", "http_status": 200, "body": {"accepted": true, "real_timestamp_ms": 1789206691784, "virtual_time_s": 2402, "measure_result": "no_signal"}}
2026-09-12 17:51:35,035 INFO request {"path": "/measure", "payload": {"arena_id": "default", "robot_id": "202601002029", "request_id": "813d326063354993a5d17bec9548be92", "position": {"x": -450.0, "y": 2338.268590217984}, "channel": 15}, "attempt": 1}
2026-09-12 17:51:35,035 INFO response {"request_id": "813d326063354993a5d17bec9548be92", "http_status": 200, "body": {"accepted": true, "real_timestamp_ms": 1789206691785, "virtual_time_s": 2408, "measure_result": "no_signal"}}
2026-09-12 17:51:35,035 INFO request {"path": "/measure", "payload": {"arena_id": "default", "robot_id": "202601002029", "request_id": "d8c482cbe3ca420a96af2962cd47a5e7", "position": {"x": -450.0, "y": 2338.268590217984}, "channel": 17}, "attempt": 1}
2026-09-12 17:51:35,036 INFO response {"request_id": "d8c482cbe3ca420a96af2962cd47a5e7", "http_status": 200, "body": {"accepted": true, "real_timestamp_ms": 1789206691786, "virtual_time_s": 2414, "measure_result": "no_signal"}}
2026-09-12 17:51:35,036 INFO request {"path": "/measure", "payload": {"arena_id": "default", "robot_id": "202601002029", "request_id": "7cb1bc2e9cc24b679a210095a804abd4", "position": {"x": -450.0, "y": 2338.268590217984}, "channel": 18}, "attempt": 1}
2026-09-12 17:51:35,036 INFO response {"request_id": "7cb1bc2e9cc24b679a210095a804abd4", "http_status": 200, "body": {"accepted": true, "real_timestamp_ms": 1789206691787, "virtual_time_s": 2420, "measure_result": "no_signal"}}
2026-09-12 17:51:35,037 INFO request {"path": "/measure", "payload": {"arena_id": "default", "robot_id": "202601002029", "request_id": "452eddc795a248dcbe30afe2333a55ab", "position": {"x": -450.0, "y": 2338.268590217984}, "channel": 19}, "attempt": 1}
2026-09-12 17:51:35,037 INFO response {"request_id": "452eddc795a248dcbe30afe2333a55ab", "http_status": 200, "body": {"accepted": true, "real_timestamp_ms": 1789206691787, "virtual_time_s": 2426, "measure_result": "no_signal"}}
2026-09-12 17:51:35,037 INFO request {"path": "/measure", "payload": {"arena_id": "default", "robot_id": "202601002029", "request_id": "1ca9d33e37064567b225c6a6d4f473fc", "position": {"x": -1350.0, "y": 2338.268590217984}, "channel": 19}, "attempt": 1}
2026-09-12 17:51:35,038 INFO response {"request_id": "1ca9d33e37064567b225c6a6d4f473fc", "http_status": 200, "body": {"accepted": true, "real_timestamp_ms": 1789206691788, "virtual_time_s": 2611, "measure_result": "no_signal"}}
2026-09-12 17:51:35,038 INFO request {"path": "/measure", "payload": {"arena_id": "default", "robot_id": "202601002029", "request_id": "68bc7e6abbf347e7a6059d6f9140148f", "position": {"x": -1350.0, "y": 2338.268590217984}, "channel": 3}, "attempt": 1}
2026-09-12 17:51:35,039 INFO response {"request_id": "68bc7e6abbf347e7a6059d6f9140148f", "http_status": 200, "body": {"accepted": true, "real_timestamp_ms": 1789206691789, "virtual_time_s": 2617, "measure_result": "no_signal"}}
2026-09-12 17:51:35,039 INFO request {"path": "/measure", "payload": {"arena_id": "default", "robot_id": "202601002029", "request_id": "81e17fa1d8b346e28f9edeef90cdae5d", "position": {"x": -1350.0, "y": 2338.268590217984}, "channel": 4}, "attempt": 1}
2026-09-12 17:51:35,039 INFO response {"request_id": "81e17fa1d8b346e28f9edeef90cdae5d", "http_status": 200, "body": {"accepted": true, "real_timestamp_ms": 1789206691790, "virtual_time_s": 2623, "measure_result": "no_signal"}}
2026-09-12 17:51:35,039 INFO request {"path": "/measure", "payload": {"arena_id": "default", "robot_id": "202601002029", "request_id": "e84067b61134460692293c0027118235", "position": {"x": -1350.0, "y": 2338.268590217984}, "channel": 6}, "attempt": 1}
2026-09-12 17:51:35,040 INFO response {"request_id": "e84067b61134460692293c0027118235", "http_status": 200, "body": {"accepted": true, "real_timestamp_ms": 1789206691790, "virtual_time_s": 2629, "measure_result": "no_signal"}}
2026-09-12 17:51:35,040 INFO request {"path": "/measure", "payload": {"arena_id": "default", "robot_id": "202601002029", "request_id": "c57e83bbae51416aa0bc52868467e2d8", "position": {"x": -1350.0, "y": 2338.268590217984}, "channel": 12}, "attempt": 1}
2026-09-12 17:51:35,041 INFO response {"request_id": "c57e83bbae51416aa0bc52868467e2d8", "http_status": 200, "body": {"accepted": true, "real_timestamp_ms": 1789206691791, "virtual_time_s": 2635, "measure_result": "no_signal"}}
2026-09-12 17:51:35,041 INFO request {"path": "/measure", "payload": {"arena_id": "default", "robot_id": "202601002029", "request_id": "1d0d956fe5a14b559e9f63a44da80297", "position": {"x": -1350.0, "y": 2338.268590217984}, "channel": 14}, "attempt": 1}
2026-09-12 17:51:35,042 INFO response {"request_id": "1d0d956fe5a14b559e9f63a44da80297", "http_status": 200, "body": {"accepted": true, "real_timestamp_ms": 1789206691792, "virtual_time_s": 2641, "measure_result": "no_signal"}}
2026-09-12 17:51:35,042 INFO request {"path": "/measure", "payload": {"arena_id": "default", "robot_id": "202601002029", "request_id": "bd30ecba35774018aebfccf289ebe255", "position": {"x": -1350.0, "y": 2338.268590217984}, "channel": 15}, "attempt": 1}
2026-09-12 17:51:35,042 INFO response {"request_id": "bd30ecba35774018aebfccf289ebe255", "http_status": 200, "body": {"accepted": true, "real_timestamp_ms": 1789206691792, "virtual_time_s": 2647, "measure_result": "no_signal"}}
2026-09-12 17:51:35,043 INFO request {"path": "/measure", "payload": {"arena_id": "default", "robot_id": "202601002029", "request_id": "6b767afc62734a5584aa4034a0b00da2", "position": {"x": -1350.0, "y": 2338.268590217984}, "channel": 17}, "attempt": 1}
2026-09-12 17:51:35,043 INFO response {"request_id": "6b767afc62734a5584aa4034a0b00da2", "http_status": 200, "body": {"accepted": true, "real_timestamp_ms": 1789206691793, "virtual_time_s": 2653, "measure_result": "no_signal"}}
2026-09-12 17:51:35,043 INFO request {"path": "/measure", "payload": {"arena_id": "default", "robot_id": "202601002029", "request_id": "0ac33a5a8ede456382c9536c4ae5818f", "position": {"x": -1350.0, "y": 2338.268590217984}, "channel": 18}, "attempt": 1}
2026-09-12 17:51:35,044 INFO response {"request_id": "0ac33a5a8ede456382c9536c4ae5818f", "http_status": 200, "body": {"accepted": true, "real_timestamp_ms": 1789206691794, "virtual_time_s": 2659, "measure_result": "no_signal"}}
2026-09-12 17:51:35,044 INFO request {"path": "/measure", "payload": {"arena_id": "default", "robot_id": "202601002029", "request_id": "774f2aac1d414e44b5abf23a3e5c5ae2", "position": {"x": -1350.0, "y": 2338.268590217984}, "channel": 20}, "attempt": 1}
2026-09-12 17:51:35,045 INFO response {"request_id": "774f2aac1d414e44b5abf23a3e5c5ae2", "http_status": 200, "body": {"accepted": true, "real_timestamp_ms": 1789206691795, "virtual_time_s": 2665, "measure_result": "no_signal"}}
2026-09-12 17:51:35,045 INFO request {"path": "/measure", "payload": {"arena_id": "default", "robot_id": "202601002029", "request_id": "76946fa8c47948f0ba19c333314b8777", "position": {"x": -1800.0, "y": 1558.8457268119894}, "channel": 20}, "attempt": 1}
2026-09-12 17:51:35,046 INFO response {"request_id": "76946fa8c47948f0ba19c333314b8777", "http_status": 200, "body": {"accepted": true, "real_timestamp_ms": 1789206691795, "virtual_time_s": 2850, "measure_result": "no_signal"}}
2026-09-12 17:51:35,046 INFO request {"path": "/measure", "payload": {"arena_id": "default", "robot_id": "202601002029", "request_id": "0ed079474b1745679d833f8227ecaf0d", "position": {"x": -1800.0, "y": 1558.8457268119894}, "channel": 3}, "attempt": 1}
2026-09-12 17:51:35,046 INFO response {"request_id": "0ed079474b1745679d833f8227ecaf0d", "http_status": 200, "body": {"accepted": true, "real_timestamp_ms": 1789206691797, "virtual_time_s": 2856, "measure_result": "no_signal"}}
2026-09-12 17:51:35,046 INFO request {"path": "/measure", "payload": {"arena_id": "default", "robot_id": "202601002029", "request_id": "79430934a8db4880876a57cd71a225a5", "position": {"x": -1800.0, "y": 1558.8457268119894}, "channel": 4}, "attempt": 1}
2026-09-12 17:51:35,062 INFO response {"request_id": "79430934a8db4880876a57cd71a225a5", "http_status": 200, "body": {"accepted": true, "real_timestamp_ms": 1789206691811, "virtual_time_s": 2862, "measure_result": "direction", "svd_deg": 276.47}}
2026-09-12 17:51:35,063 INFO request {"path": "/exit", "payload": {"arena_id": "default", "robot_id": "202601002029", "request_id": "a99c0b74ab404cecba13addde9e8a161"}, "attempt": 1}
2026-09-12 17:51:35,064 INFO response {"request_id": "a99c0b74ab404cecba13addde9e8a161", "http_status": 200, "body": {"accepted": true, "real_timestamp_ms": 1789206691814, "virtual_time_s": 2862, "exit_reason": "user_exit"}}
