2026-09-12 12:40:26,161 INFO request {"path": "/enter", "payload": {"arena_id": "default", "robot_id": "202601002029", "request_id": "77fe8f74eaf044d885c7ae4dac5086a8"}, "attempt": 1}
2026-09-12 12:40:26,165 INFO response {"request_id": "77fe8f74eaf044d885c7ae4dac5086a8", "http_status": 200, "body": {"accepted": true, "real_timestamp_ms": 1789188022760, "virtual_time_s": 0, "max_virtual_duration_s": 360000, "max_real_duration_s": 1200, "remaining_real_duration_s": 1200}}
2026-09-12 12:40:26,166 INFO request {"path": "/measure", "payload": {"arena_id": "default", "robot_id": "202601002029", "request_id": "1b64f8cd0cf943e2abb5d037c076426e", "position": {"x": 0.0, "y": 0.0}, "channel": 1}, "attempt": 1}
2026-09-12 12:40:26,166 INFO response {"request_id": "1b64f8cd0cf943e2abb5d037c076426e", "http_status": 200, "body": {"accepted": true, "real_timestamp_ms": 1789188022761, "virtual_time_s": 5, "measure_result": "direction", "svd_deg": 200.64}}
2026-09-12 12:40:26,171 INFO request {"path": "/measure", "payload": {"arena_id": "default", "robot_id": "202601002029", "request_id": "9729a338e1af4a088bc0d6012210de6a", "position": {"x": 0.0, "y": 0.0}, "channel": 2}, "attempt": 1}
2026-09-12 12:40:26,171 INFO response {"request_id": "9729a338e1af4a088bc0d6012210de6a", "http_status": 200, "body": {"accepted": true, "real_timestamp_ms": 1789188022766, "virtual_time_s": 11, "measure_result": "no_signal"}}
2026-09-12 12:40:26,171 INFO request {"path": "/measure", "payload": {"arena_id": "default", "robot_id": "202601002029", "request_id": "d5854769fc03436cb0a76a86f8070580", "position": {"x": 0.0, "y": 0.0}, "channel": 3}, "attempt": 1}
2026-09-12 12:40:26,173 INFO response {"request_id": "d5854769fc03436cb0a76a86f8070580", "http_status": 200, "body": {"accepted": true, "real_timestamp_ms": 1789188022767, "virtual_time_s": 17, "measure_result": "no_signal"}}
2026-09-12 12:40:26,173 INFO request {"path": "/measure", "payload": {"arena_id": "default", "robot_id": "202601002029", "request_id": "14025ad2f3204e73967563d248a54180", "position": {"x": 0.0, "y": 0.0}, "channel": 4}, "attempt": 1}
2026-09-12 12:40:26,175 INFO response {"request_id": "14025ad2f3204e73967563d248a54180", "http_status": 200, "body": {"accepted": true, "real_timestamp_ms": 1789188022769, "virtual_time_s": 23, "measure_result": "no_signal"}}
2026-09-12 12:40:26,175 INFO request {"path": "/measure", "payload": {"arena_id": "default", "robot_id": "202601002029", "request_id": "a45192b273bb4dc9a55f13a9713ce780", "position": {"x": 0.0, "y": 0.0}, "channel": 5}, "attempt": 1}
2026-09-12 12:40:26,177 INFO response {"request_id": "a45192b273bb4dc9a55f13a9713ce780", "http_status": 200, "body": {"accepted": true, "real_timestamp_ms": 1789188022771, "virtual_time_s": 29, "measure_result": "no_signal"}}
2026-09-12 12:40:26,177 INFO request {"path": "/measure", "payload": {"arena_id": "default", "robot_id": "202601002029", "request_id": "3df3604fa5874c6fb358e434ea4b9aa7", "position": {"x": 0.0, "y": 0.0}, "channel": 6}, "attempt": 1}
2026-09-12 12:40:26,177 INFO response {"request_id": "3df3604fa5874c6fb358e434ea4b9aa7", "http_status": 200, "body": {"accepted": true, "real_timestamp_ms": 1789188022772, "virtual_time_s": 35, "measure_result": "no_signal"}}
2026-09-12 12:40:26,179 INFO request {"path": "/measure", "payload": {"arena_id": "default", "robot_id": "202601002029", "request_id": "0f6d7e26e46b4a8db261b5783e9a292e", "position": {"x": 0.0, "y": 0.0}, "channel": 7}, "attempt": 1}
2026-09-12 12:40:26,181 INFO response {"request_id": "0f6d7e26e46b4a8db261b5783e9a292e", "http_status": 200, "body": {"accepted": true, "real_timestamp_ms": 1789188022775, "virtual_time_s": 41, "measure_result": "no_signal"}}
2026-09-12 12:40:26,181 INFO request {"path": "/measure", "payload": {"arena_id": "default", "robot_id": "202601002029", "request_id": "ef6de31778c54e788a54b897f73be59b", "position": {"x": 0.0, "y": 0.0}, "channel": 8}, "attempt": 1}
2026-09-12 12:40:26,181 INFO response {"request_id": "ef6de31778c54e788a54b897f73be59b", "http_status": 200, "body": {"accepted": true, "real_timestamp_ms": 1789188022776, "virtual_time_s": 47, "measure_result": "direction", "svd_deg": 236.83}}
2026-09-12 12:40:26,183 INFO request {"path": "/measure", "payload": {"arena_id": "default", "robot_id": "202601002029", "request_id": "d57ca207067440ebb7611f85ec9a34c7", "position": {"x": 0.0, "y": 0.0}, "channel": 9}, "attempt": 1}
2026-09-12 12:40:26,203 INFO response {"request_id": "d57ca207067440ebb7611f85ec9a34c7", "http_status": 200, "body": {"accepted": true, "real_timestamp_ms": 1789188022797, "virtual_time_s": 53, "measure_result": "direction", "svd_deg": 50.6}}
2026-09-12 12:40:26,207 INFO request {"path": "/measure", "payload": {"arena_id": "default", "robot_id": "202601002029", "request_id": "33d8b342a89f4fd3810d0832c71788c4", "position": {"x": 0.0, "y": 0.0}, "channel": 10}, "attempt": 1}
2026-09-12 12:40:26,209 INFO response {"request_id": "33d8b342a89f4fd3810d0832c71788c4", "http_status": 200, "body": {"accepted": true, "real_timestamp_ms": 1789188022803, "virtual_time_s": 59, "measure_result": "direction", "svd_deg": 140.68}}
2026-09-12 12:40:26,213 INFO request {"path": "/measure", "payload": {"arena_id": "default", "robot_id": "202601002029", "request_id": "d7e2c5f3fdb743678df4558624fb7787", "position": {"x": 0.0, "y": 0.0}, "channel": 11}, "attempt": 1}
2026-09-12 12:40:26,215 INFO response {"request_id": "d7e2c5f3fdb743678df4558624fb7787", "http_status": 200, "body": {"accepted": true, "real_timestamp_ms": 1789188022809, "virtual_time_s": 65, "measure_result": "no_signal"}}
2026-09-12 12:40:26,215 INFO request {"path": "/measure", "payload": {"arena_id": "default", "robot_id": "202601002029", "request_id": "cad4f0541f9e44ae90b100d7a66f1afe", "position": {"x": 0.0, "y": 0.0}, "channel": 12}, "attempt": 1}
2026-09-12 12:40:26,217 INFO response {"request_id": "cad4f0541f9e44ae90b100d7a66f1afe", "http_status": 200, "body": {"accepted": true, "real_timestamp_ms": 1789188022811, "virtual_time_s": 71, "measure_result": "no_signal"}}
2026-09-12 12:40:26,217 INFO request {"path": "/measure", "payload": {"arena_id": "default", "robot_id": "202601002029", "request_id": "c5a0fbea5daa42ac8db9c8156e38913a", "position": {"x": 0.0, "y": 0.0}, "channel": 13}, "attempt": 1}
2026-09-12 12:40:26,232 INFO response {"request_id": "c5a0fbea5daa42ac8db9c8156e38913a", "http_status": 200, "body": {"accepted": true, "real_timestamp_ms": 1789188022826, "virtual_time_s": 77, "measure_result": "direction", "svd_deg": 260.8}}
2026-09-12 12:40:26,236 INFO request {"path": "/measure", "payload": {"arena_id": "default", "robot_id": "202601002029", "request_id": "2238c5a2fa704b7cb93c1887457412b3", "position": {"x": 0.0, "y": 0.0}, "channel": 14}, "attempt": 1}
2026-09-12 12:40:26,251 INFO response {"request_id": "2238c5a2fa704b7cb93c1887457412b3", "http_status": 200, "body": {"accepted": true, "real_timestamp_ms": 1789188022845, "virtual_time_s": 83, "measure_result": "no_signal"}}
2026-09-12 12:40:26,252 INFO request {"path": "/measure", "payload": {"arena_id": "default", "robot_id": "202601002029", "request_id": "c03aa5bf0bd44aab9bd12f5d9e310b58", "position": {"x": 0.0, "y": 0.0}, "channel": 15}, "attempt": 1}
2026-09-12 12:40:26,254 INFO response {"request_id": "c03aa5bf0bd44aab9bd12f5d9e310b58", "http_status": 200, "body": {"accepted": true, "real_timestamp_ms": 1789188022848, "virtual_time_s": 89, "measure_result": "direction", "svd_deg": 3.21}}
2026-09-12 12:40:26,259 INFO request {"path": "/measure", "payload": {"arena_id": "default", "robot_id": "202601002029", "request_id": "c9667dc5aa9443b7afcca669f7b8eae2", "position": {"x": 0.0, "y": 0.0}, "channel": 16}, "attempt": 1}
2026-09-12 12:40:26,280 INFO response {"request_id": "c9667dc5aa9443b7afcca669f7b8eae2", "http_status": 200, "body": {"accepted": true, "real_timestamp_ms": 1789188022874, "virtual_time_s": 95, "measure_result": "no_signal"}}
2026-09-12 12:40:26,280 INFO request {"path": "/measure", "payload": {"arena_id": "default", "robot_id": "202601002029", "request_id": "f6c5022e3d0c4f21b452f97a45bb621f", "position": {"x": 0.0, "y": 0.0}, "channel": 17}, "attempt": 1}
2026-09-12 12:40:26,300 INFO response {"request_id": "f6c5022e3d0c4f21b452f97a45bb621f", "http_status": 200, "body": {"accepted": true, "real_timestamp_ms": 1789188022894, "virtual_time_s": 101, "measure_result": "no_signal"}}
2026-09-12 12:40:26,300 INFO request {"path": "/measure", "payload": {"arena_id": "default", "robot_id": "202601002029", "request_id": "7b6867719f144a7bb08ddac036accb32", "position": {"x": 0.0, "y": 0.0}, "channel": 18}, "attempt": 1}
2026-09-12 12:40:26,303 INFO response {"request_id": "7b6867719f144a7bb08ddac036accb32", "http_status": 200, "body": {"accepted": true, "real_timestamp_ms": 1789188022896, "virtual_time_s": 107, "measure_result": "no_signal"}}
2026-09-12 12:40:26,304 INFO request {"path": "/measure", "payload": {"arena_id": "default", "robot_id": "202601002029", "request_id": "42dca54294c44004a270fe1b0f0618c4", "position": {"x": 0.0, "y": 0.0}, "channel": 19}, "attempt": 1}
2026-09-12 12:40:26,320 INFO response {"request_id": "42dca54294c44004a270fe1b0f0618c4", "http_status": 200, "body": {"accepted": true, "real_timestamp_ms": 1789188022914, "virtual_time_s": 113, "measure_result": "direction", "svd_deg": 17.38}}
2026-09-12 12:40:26,325 INFO request {"path": "/measure", "payload": {"arena_id": "default", "robot_id": "202601002029", "request_id": "31d32b0e62804cacbe7aa51355559a47", "position": {"x": 0.0, "y": 0.0}, "channel": 20}, "attempt": 1}
2026-09-12 12:40:26,339 INFO response {"request_id": "31d32b0e62804cacbe7aa51355559a47", "http_status": 200, "body": {"accepted": true, "real_timestamp_ms": 1789188022933, "virtual_time_s": 119, "measure_result": "no_signal"}}
2026-09-12 12:40:26,340 INFO request {"path": "/measure", "payload": {"arena_id": "default", "robot_id": "202601002029", "request_id": "67eaa07ef4824583a2f05674b757bb4c", "position": {"x": 1200.0, "y": 0.0}, "channel": 20}, "attempt": 1}
2026-09-12 12:40:26,359 INFO response {"request_id": "67eaa07ef4824583a2f05674b757bb4c", "http_status": 200, "body": {"accepted": true, "real_timestamp_ms": 1789188022953, "virtual_time_s": 364, "measure_result": "no_signal"}}
2026-09-12 12:40:26,359 INFO request {"path": "/measure", "payload": {"arena_id": "default", "robot_id": "202601002029", "request_id": "8e448b0037be4655a8107eac1d6159d5", "position": {"x": 1200.0, "y": 0.0}, "channel": 2}, "attempt": 1}
2026-09-12 12:40:26,379 INFO response {"request_id": "8e448b0037be4655a8107eac1d6159d5", "http_status": 200, "body": {"accepted": true, "real_timestamp_ms": 1789188022973, "virtual_time_s": 370, "measure_result": "no_signal"}}
2026-09-12 12:40:26,379 INFO request {"path": "/measure", "payload": {"arena_id": "default", "robot_id": "202601002029", "request_id": "95a08f9c2be3433b92af97a4361d6395", "position": {"x": 1200.0, "y": 0.0}, "channel": 3}, "attempt": 1}
2026-09-12 12:40:26,399 INFO response {"request_id": "95a08f9c2be3433b92af97a4361d6395", "http_status": 200, "body": {"accepted": true, "real_timestamp_ms": 1789188022993, "virtual_time_s": 376, "measure_result": "no_signal"}}
2026-09-12 12:40:26,399 INFO request {"path": "/measure", "payload": {"arena_id": "default", "robot_id": "202601002029", "request_id": "3c2d119ce2604763b8faad24040881ca", "position": {"x": 1200.0, "y": 0.0}, "channel": 4}, "attempt": 1}
2026-09-12 12:40:26,420 INFO response {"request_id": "3c2d119ce2604763b8faad24040881ca", "http_status": 200, "body": {"accepted": true, "real_timestamp_ms": 1789188023014, "virtual_time_s": 382, "measure_result": "no_signal"}}
2026-09-12 12:40:26,420 INFO request {"path": "/measure", "payload": {"arena_id": "default", "robot_id": "202601002029", "request_id": "7ead2798852d4c7b82afce23a1123be9", "position": {"x": 1200.0, "y": 0.0}, "channel": 5}, "attempt": 1}
2026-09-12 12:40:26,422 INFO response {"request_id": "7ead2798852d4c7b82afce23a1123be9", "http_status": 200, "body": {"accepted": true, "real_timestamp_ms": 1789188023016, "virtual_time_s": 388, "measure_result": "no_signal"}}
2026-09-12 12:40:26,423 INFO request {"path": "/measure", "payload": {"arena_id": "default", "robot_id": "202601002029", "request_id": "d0cf070501824f7299e91a5dac92a120", "position": {"x": 1200.0, "y": 0.0}, "channel": 6}, "attempt": 1}
2026-09-12 12:40:26,425 INFO response {"request_id": "d0cf070501824f7299e91a5dac92a120", "http_status": 200, "body": {"accepted": true, "real_timestamp_ms": 1789188023018, "virtual_time_s": 394, "measure_result": "no_signal"}}
2026-09-12 12:40:26,425 INFO request {"path": "/measure", "payload": {"arena_id": "default", "robot_id": "202601002029", "request_id": "aaaa09f0fe694cacb6e318a4f004ce63", "position": {"x": 1200.0, "y": 0.0}, "channel": 7}, "attempt": 1}
2026-09-12 12:40:26,427 INFO response {"request_id": "aaaa09f0fe694cacb6e318a4f004ce63", "http_status": 200, "body": {"accepted": true, "real_timestamp_ms": 1789188023021, "virtual_time_s": 400, "measure_result": "no_signal"}}
2026-09-12 12:40:26,427 INFO request {"path": "/measure", "payload": {"arena_id": "default", "robot_id": "202601002029", "request_id": "758023096d424199ac7f35e847e078a7", "position": {"x": 1200.0, "y": 0.0}, "channel": 11}, "attempt": 1}
2026-09-12 12:40:26,429 INFO response {"request_id": "758023096d424199ac7f35e847e078a7", "http_status": 200, "body": {"accepted": true, "real_timestamp_ms": 1789188023023, "virtual_time_s": 406, "measure_result": "no_signal"}}
2026-09-12 12:40:26,429 INFO request {"path": "/measure", "payload": {"arena_id": "default", "robot_id": "202601002029", "request_id": "44db2ea5a148491e9a32b4188e70c76b", "position": {"x": 1200.0, "y": 0.0}, "channel": 12}, "attempt": 1}
2026-09-12 12:40:26,431 INFO response {"request_id": "44db2ea5a148491e9a32b4188e70c76b", "http_status": 200, "body": {"accepted": true, "real_timestamp_ms": 1789188023025, "virtual_time_s": 412, "measure_result": "no_signal"}}
2026-09-12 12:40:26,431 INFO request {"path": "/measure", "payload": {"arena_id": "default", "robot_id": "202601002029", "request_id": "074e8acb6fed46aeb597bd0b689aa52b", "position": {"x": 1200.0, "y": 0.0}, "channel": 14}, "attempt": 1}
2026-09-12 12:40:26,433 INFO response {"request_id": "074e8acb6fed46aeb597bd0b689aa52b", "http_status": 200, "body": {"accepted": true, "real_timestamp_ms": 1789188023027, "virtual_time_s": 418, "measure_result": "no_signal"}}
2026-09-12 12:40:26,433 INFO request {"path": "/measure", "payload": {"arena_id": "default", "robot_id": "202601002029", "request_id": "6eee327e13a74c0fbb33fb7d5d27e9c4", "position": {"x": 1200.0, "y": 0.0}, "channel": 16}, "attempt": 1}
2026-09-12 12:40:26,436 INFO response {"request_id": "6eee327e13a74c0fbb33fb7d5d27e9c4", "http_status": 200, "body": {"accepted": true, "real_timestamp_ms": 1789188023029, "virtual_time_s": 424, "measure_result": "no_signal"}}
2026-09-12 12:40:26,436 INFO request {"path": "/measure", "payload": {"arena_id": "default", "robot_id": "202601002029", "request_id": "68149878940b46ce965b3b48e62a8921", "position": {"x": 1200.0, "y": 0.0}, "channel": 17}, "attempt": 1}
2026-09-12 12:40:26,437 INFO response {"request_id": "68149878940b46ce965b3b48e62a8921", "http_status": 200, "body": {"accepted": true, "real_timestamp_ms": 1789188023031, "virtual_time_s": 430, "measure_result": "no_signal"}}
2026-09-12 12:40:26,438 INFO request {"path": "/measure", "payload": {"arena_id": "default", "robot_id": "202601002029", "request_id": "82a67e69a35b4a92bd609fb951d6ddfb", "position": {"x": 1200.0, "y": 0.0}, "channel": 18}, "attempt": 1}
2026-09-12 12:40:26,439 INFO response {"request_id": "82a67e69a35b4a92bd609fb951d6ddfb", "http_status": 200, "body": {"accepted": true, "real_timestamp_ms": 1789188023033, "virtual_time_s": 436, "measure_result": "no_signal"}}
2026-09-12 12:40:26,439 INFO request {"path": "/measure", "payload": {"arena_id": "default", "robot_id": "202601002029", "request_id": "a2c6063764d9483d97db54347ec90038", "position": {"x": 600.0000000000001, "y": 1039.2304845413264}, "channel": 18}, "attempt": 1}
2026-09-12 12:40:26,456 INFO response {"request_id": "a2c6063764d9483d97db54347ec90038", "http_status": 200, "body": {"accepted": true, "real_timestamp_ms": 1789188023050, "virtual_time_s": 681, "measure_result": "no_signal"}}
2026-09-12 12:40:26,456 INFO request {"path": "/measure", "payload": {"arena_id": "default", "robot_id": "202601002029", "request_id": "928af725520b4f8db6762729022f4d1c", "position": {"x": 600.0000000000001, "y": 1039.2304845413264}, "channel": 2}, "attempt": 1}
2026-09-12 12:40:26,475 INFO response {"request_id": "928af725520b4f8db6762729022f4d1c", "http_status": 200, "body": {"accepted": true, "real_timestamp_ms": 1789188023069, "virtual_time_s": 687, "measure_result": "no_signal"}}
2026-09-12 12:40:26,476 INFO request {"path": "/measure", "payload": {"arena_id": "default", "robot_id": "202601002029", "request_id": "0c2c11026b0a494ba9c6144777d3c7e2", "position": {"x": 600.0000000000001, "y": 1039.2304845413264}, "channel": 3}, "attempt": 1}
2026-09-12 12:40:26,495 INFO response {"request_id": "0c2c11026b0a494ba9c6144777d3c7e2", "http_status": 200, "body": {"accepted": true, "real_timestamp_ms": 1789188023090, "virtual_time_s": 693, "measure_result": "no_signal"}}
2026-09-12 12:40:26,496 INFO request {"path": "/measure", "payload": {"arena_id": "default", "robot_id": "202601002029", "request_id": "25b270d5e7db4a0fb4455a6d3f17a710", "position": {"x": 600.0000000000001, "y": 1039.2304845413264}, "channel": 4}, "attempt": 1}
2026-09-12 12:40:26,496 INFO response {"request_id": "25b270d5e7db4a0fb4455a6d3f17a710", "http_status": 200, "body": {"accepted": true, "real_timestamp_ms": 1789188023091, "virtual_time_s": 699, "measure_result": "no_signal"}}
2026-09-12 12:40:26,497 INFO request {"path": "/measure", "payload": {"arena_id": "default", "robot_id": "202601002029", "request_id": "d0f83a41b355481c90283ae5187f9a6c", "position": {"x": 600.0000000000001, "y": 1039.2304845413264}, "channel": 5}, "attempt": 1}
2026-09-12 12:40:26,497 INFO response {"request_id": "d0f83a41b355481c90283ae5187f9a6c", "http_status": 200, "body": {"accepted": true, "real_timestamp_ms": 1789188023092, "virtual_time_s": 705, "measure_result": "no_signal"}}
2026-09-12 12:40:26,498 INFO request {"path": "/measure", "payload": {"arena_id": "default", "robot_id": "202601002029", "request_id": "917f3ef645f24b939b1263c1cba8ae22", "position": {"x": 600.0000000000001, "y": 1039.2304845413264}, "channel": 6}, "attempt": 1}
2026-09-12 12:40:26,498 INFO response {"request_id": "917f3ef645f24b939b1263c1cba8ae22", "http_status": 200, "body": {"accepted": true, "real_timestamp_ms": 1789188023093, "virtual_time_s": 711, "measure_result": "no_signal"}}
2026-09-12 12:40:26,499 INFO request {"path": "/measure", "payload": {"arena_id": "default", "robot_id": "202601002029", "request_id": "b6fbba180bc84acbb08ca81cd38aada8", "position": {"x": 600.0000000000001, "y": 1039.2304845413264}, "channel": 7}, "attempt": 1}
2026-09-12 12:40:26,499 INFO response {"request_id": "b6fbba180bc84acbb08ca81cd38aada8", "http_status": 200, "body": {"accepted": true, "real_timestamp_ms": 1789188023094, "virtual_time_s": 717, "measure_result": "no_signal"}}
2026-09-12 12:40:26,499 INFO request {"path": "/measure", "payload": {"arena_id": "default", "robot_id": "202601002029", "request_id": "b404287c220f4886929aab42abe526aa", "position": {"x": 600.0000000000001, "y": 1039.2304845413264}, "channel": 11}, "attempt": 1}
2026-09-12 12:40:26,500 INFO response {"request_id": "b404287c220f4886929aab42abe526aa", "http_status": 200, "body": {"accepted": true, "real_timestamp_ms": 1789188023094, "virtual_time_s": 723, "measure_result": "direction", "svd_deg": 144.1}}
2026-09-12 12:40:26,501 INFO request {"path": "/measure", "payload": {"arena_id": "default", "robot_id": "202601002029", "request_id": "f958a1ff05b640f4890d024783ce2c41", "position": {"x": 600.0000000000001, "y": 1039.2304845413264}, "channel": 12}, "attempt": 1}
2026-09-12 12:40:26,502 INFO response {"request_id": "f958a1ff05b640f4890d024783ce2c41", "http_status": 200, "body": {"accepted": true, "real_timestamp_ms": 1789188023097, "virtual_time_s": 729, "measure_result": "no_signal"}}
2026-09-12 12:40:26,503 INFO request {"path": "/measure", "payload": {"arena_id": "default", "robot_id": "202601002029", "request_id": "565f41eb68344ddf986f8922908607ac", "position": {"x": 600.0000000000001, "y": 1039.2304845413264}, "channel": 14}, "attempt": 1}
2026-09-12 12:40:26,515 INFO response {"request_id": "565f41eb68344ddf986f8922908607ac", "http_status": 200, "body": {"accepted": true, "real_timestamp_ms": 1789188023109, "virtual_time_s": 735, "measure_result": "no_signal"}}
2026-09-12 12:40:26,515 INFO request {"path": "/measure", "payload": {"arena_id": "default", "robot_id": "202601002029", "request_id": "00ff3a4e939848cc889ab5e466101ea9", "position": {"x": 600.0000000000001, "y": 1039.2304845413264}, "channel": 16}, "attempt": 1}
2026-09-12 12:40:26,516 INFO response {"request_id": "00ff3a4e939848cc889ab5e466101ea9", "http_status": 200, "body": {"accepted": true, "real_timestamp_ms": 1789188023110, "virtual_time_s": 741, "measure_result": "no_signal"}}
2026-09-12 12:40:26,516 INFO request {"path": "/measure", "payload": {"arena_id": "default", "robot_id": "202601002029", "request_id": "e99d7ed999d74e7198ca171f0f4d2128", "position": {"x": 600.0000000000001, "y": 1039.2304845413264}, "channel": 17}, "attempt": 1}
2026-09-12 12:40:26,517 INFO response {"request_id": "e99d7ed999d74e7198ca171f0f4d2128", "http_status": 200, "body": {"accepted": true, "real_timestamp_ms": 1789188023111, "virtual_time_s": 747, "measure_result": "no_signal"}}
2026-09-12 12:40:26,517 INFO request {"path": "/measure", "payload": {"arena_id": "default", "robot_id": "202601002029", "request_id": "92e12c5fe28d49aeb5b99eb107ce2c44", "position": {"x": 600.0000000000001, "y": 1039.2304845413264}, "channel": 20}, "attempt": 1}
2026-09-12 12:40:26,534 INFO response {"request_id": "92e12c5fe28d49aeb5b99eb107ce2c44", "http_status": 200, "body": {"accepted": true, "real_timestamp_ms": 1789188023129, "virtual_time_s": 753, "measure_result": "no_signal"}}
2026-09-12 12:40:26,534 INFO request {"path": "/measure", "payload": {"arena_id": "default", "robot_id": "202601002029", "request_id": "ecf80be6010d49d68228cd3e3e9acf4e", "position": {"x": -599.9999999999998, "y": 1039.2304845413264}, "channel": 20}, "attempt": 1}
2026-09-12 12:40:26,535 INFO response {"request_id": "ecf80be6010d49d68228cd3e3e9acf4e", "http_status": 200, "body": {"accepted": true, "real_timestamp_ms": 1789188023130, "virtual_time_s": 998, "measure_result": "no_signal"}}
2026-09-12 12:40:26,536 INFO request {"path": "/measure", "payload": {"arena_id": "default", "robot_id": "202601002029", "request_id": "3d450cd572174984aaa79396d4cf9479", "position": {"x": -599.9999999999998, "y": 1039.2304845413264}, "channel": 2}, "attempt": 1}
2026-09-12 12:40:26,536 INFO response {"request_id": "3d450cd572174984aaa79396d4cf9479", "http_status": 200, "body": {"accepted": true, "real_timestamp_ms": 1789188023131, "virtual_time_s": 1004, "measure_result": "no_signal"}}
2026-09-12 12:40:26,537 INFO request {"path": "/measure", "payload": {"arena_id": "default", "robot_id": "202601002029", "request_id": "1aa063fd661043cfa7fe4e093d3ba4c0", "position": {"x": -599.9999999999998, "y": 1039.2304845413264}, "channel": 3}, "attempt": 1}
2026-09-12 12:40:26,538 INFO response {"request_id": "1aa063fd661043cfa7fe4e093d3ba4c0", "http_status": 200, "body": {"accepted": true, "real_timestamp_ms": 1789188023132, "virtual_time_s": 1010, "measure_result": "no_signal"}}
2026-09-12 12:40:26,538 INFO request {"path": "/measure", "payload": {"arena_id": "default", "robot_id": "202601002029", "request_id": "5691cb158c584d73a04cb8454c6eeb43", "position": {"x": -599.9999999999998, "y": 1039.2304845413264}, "channel": 4}, "attempt": 1}
2026-09-12 12:40:26,539 INFO response {"request_id": "5691cb158c584d73a04cb8454c6eeb43", "http_status": 200, "body": {"accepted": true, "real_timestamp_ms": 1789188023133, "virtual_time_s": 1016, "measure_result": "no_signal"}}
2026-09-12 12:40:26,539 INFO request {"path": "/measure", "payload": {"arena_id": "default", "robot_id": "202601002029", "request_id": "2bfa4f04bbe34406909ec18c88698f0b", "position": {"x": -599.9999999999998, "y": 1039.2304845413264}, "channel": 5}, "attempt": 1}
2026-09-12 12:40:26,555 INFO response {"request_id": "2bfa4f04bbe34406909ec18c88698f0b", "http_status": 200, "body": {"accepted": true, "real_timestamp_ms": 1789188023149, "virtual_time_s": 1022, "measure_result": "no_signal"}}
2026-09-12 12:40:26,555 INFO request {"path": "/measure", "payload": {"arena_id": "default", "robot_id": "202601002029", "request_id": "70f6e457b4db46589e3b94744dc483d9", "position": {"x": -599.9999999999998, "y": 1039.2304845413264}, "channel": 6}, "attempt": 1}
2026-09-12 12:40:26,556 INFO response {"request_id": "70f6e457b4db46589e3b94744dc483d9", "http_status": 200, "body": {"accepted": true, "real_timestamp_ms": 1789188023150, "virtual_time_s": 1028, "measure_result": "no_signal"}}
2026-09-12 12:40:26,556 INFO request {"path": "/measure", "payload": {"arena_id": "default", "robot_id": "202601002029", "request_id": "288eea296cd5482a93fff2ab117a9be1", "position": {"x": -599.9999999999998, "y": 1039.2304845413264}, "channel": 7}, "attempt": 1}
2026-09-12 12:40:26,557 INFO response {"request_id": "288eea296cd5482a93fff2ab117a9be1", "http_status": 200, "body": {"accepted": true, "real_timestamp_ms": 1789188023151, "virtual_time_s": 1034, "measure_result": "no_signal"}}
2026-09-12 12:40:26,557 INFO request {"path": "/measure", "payload": {"arena_id": "default", "robot_id": "202601002029", "request_id": "6d22e60cda8a45caaa95070b08400c19", "position": {"x": -599.9999999999998, "y": 1039.2304845413264}, "channel": 12}, "attempt": 1}
2026-09-12 12:40:26,558 INFO response {"request_id": "6d22e60cda8a45caaa95070b08400c19", "http_status": 200, "body": {"accepted": true, "real_timestamp_ms": 1789188023152, "virtual_time_s": 1040, "measure_result": "direction", "svd_deg": 181.99}}
2026-09-12 12:40:26,559 INFO request {"path": "/measure", "payload": {"arena_id": "default", "robot_id": "202601002029", "request_id": "8ce593f89d914fd3a10a46ba9a2c47f5", "position": {"x": -599.9999999999998, "y": 1039.2304845413264}, "channel": 14}, "attempt": 1}
2026-09-12 12:40:26,574 INFO response {"request_id": "8ce593f89d914fd3a10a46ba9a2c47f5", "http_status": 200, "body": {"accepted": true, "real_timestamp_ms": 1789188023169, "virtual_time_s": 1046, "measure_result": "no_signal"}}
2026-09-12 12:40:26,574 INFO request {"path": "/measure", "payload": {"arena_id": "default", "robot_id": "202601002029", "request_id": "b7d79acf328f4b6e945715e1b6e9e777", "position": {"x": -599.9999999999998, "y": 1039.2304845413264}, "channel": 16}, "attempt": 1}
2026-09-12 12:40:26,575 INFO response {"request_id": "b7d79acf328f4b6e945715e1b6e9e777", "http_status": 200, "body": {"accepted": true, "real_timestamp_ms": 1789188023170, "virtual_time_s": 1052, "measure_result": "no_signal"}}
2026-09-12 12:40:26,575 INFO request {"path": "/measure", "payload": {"arena_id": "default", "robot_id": "202601002029", "request_id": "871c2dddcdd345cdbbb72de41ea7e299", "position": {"x": -599.9999999999998, "y": 1039.2304845413264}, "channel": 17}, "attempt": 1}
2026-09-12 12:40:26,576 INFO response {"request_id": "871c2dddcdd345cdbbb72de41ea7e299", "http_status": 200, "body": {"accepted": true, "real_timestamp_ms": 1789188023170, "virtual_time_s": 1058, "measure_result": "no_signal"}}
2026-09-12 12:40:26,576 INFO request {"path": "/measure", "payload": {"arena_id": "default", "robot_id": "202601002029", "request_id": "3f68d92f056c44f1bdd84dee3bbb92ef", "position": {"x": -599.9999999999998, "y": 1039.2304845413264}, "channel": 18}, "attempt": 1}
2026-09-12 12:40:26,577 INFO response {"request_id": "3f68d92f056c44f1bdd84dee3bbb92ef", "http_status": 200, "body": {"accepted": true, "real_timestamp_ms": 1789188023171, "virtual_time_s": 1064, "measure_result": "no_signal"}}
2026-09-12 12:40:26,577 INFO request {"path": "/measure", "payload": {"arena_id": "default", "robot_id": "202601002029", "request_id": "566abdb790434d179d3b2ecc6c2b1417", "position": {"x": -1200.0, "y": 1.4695761589768238e-13}, "channel": 18}, "attempt": 1}
2026-09-12 12:40:26,577 INFO response {"request_id": "566abdb790434d179d3b2ecc6c2b1417", "http_status": 200, "body": {"accepted": true, "real_timestamp_ms": 1789188023172, "virtual_time_s": 1309, "measure_result": "no_signal"}}
2026-09-12 12:40:26,577 INFO request {"path": "/measure", "payload": {"arena_id": "default", "robot_id": "202601002029", "request_id": "5ace97809340464fb45a7d3222c8b3a5", "position": {"x": -1200.0, "y": 1.4695761589768238e-13}, "channel": 2}, "attempt": 1}
2026-09-12 12:40:26,579 INFO response {"request_id": "5ace97809340464fb45a7d3222c8b3a5", "http_status": 200, "body": {"accepted": true, "real_timestamp_ms": 1789188023173, "virtual_time_s": 1315, "measure_result": "no_signal"}}
2026-09-12 12:40:26,579 INFO request {"path": "/measure", "payload": {"arena_id": "default", "robot_id": "202601002029", "request_id": "63ef0b2237ac49eb8717d291b19bc518", "position": {"x": -1200.0, "y": 1.4695761589768238e-13}, "channel": 3}, "attempt": 1}
2026-09-12 12:40:26,580 INFO response {"request_id": "63ef0b2237ac49eb8717d291b19bc518", "http_status": 200, "body": {"accepted": true, "real_timestamp_ms": 1789188023174, "virtual_time_s": 1321, "measure_result": "direction", "svd_deg": 212.75}}
2026-09-12 12:40:26,581 INFO request {"path": "/measure", "payload": {"arena_id": "default", "robot_id": "202601002029", "request_id": "c9823b12b1cd4a7ca0d29a97b8efb860", "position": {"x": -1200.0, "y": 1.4695761589768238e-13}, "channel": 4}, "attempt": 1}
2026-09-12 12:40:26,582 INFO response {"request_id": "c9823b12b1cd4a7ca0d29a97b8efb860", "http_status": 200, "body": {"accepted": true, "real_timestamp_ms": 1789188023177, "virtual_time_s": 1327, "measure_result": "no_signal"}}
2026-09-12 12:40:26,582 INFO request {"path": "/measure", "payload": {"arena_id": "default", "robot_id": "202601002029", "request_id": "8bda0d0ba02b499eb42a0427fdcbd565", "position": {"x": -1200.0, "y": 1.4695761589768238e-13}, "channel": 5}, "attempt": 1}
2026-09-12 12:40:26,583 INFO response {"request_id": "8bda0d0ba02b499eb42a0427fdcbd565", "http_status": 200, "body": {"accepted": true, "real_timestamp_ms": 1789188023178, "virtual_time_s": 1333, "measure_result": "no_signal"}}
2026-09-12 12:40:26,583 INFO request {"path": "/measure", "payload": {"arena_id": "default", "robot_id": "202601002029", "request_id": "e8b91180210c4a929a3a51f2a6142834", "position": {"x": -1200.0, "y": 1.4695761589768238e-13}, "channel": 6}, "attempt": 1}
2026-09-12 12:40:26,584 INFO response {"request_id": "e8b91180210c4a929a3a51f2a6142834", "http_status": 200, "body": {"accepted": true, "real_timestamp_ms": 1789188023178, "virtual_time_s": 1339, "measure_result": "no_signal"}}
2026-09-12 12:40:26,584 INFO request {"path": "/measure", "payload": {"arena_id": "default", "robot_id": "202601002029", "request_id": "3279486ca99f46d69f28e236ed76fc3d", "position": {"x": -1200.0, "y": 1.4695761589768238e-13}, "channel": 7}, "attempt": 1}
2026-09-12 12:40:26,584 INFO response {"request_id": "3279486ca99f46d69f28e236ed76fc3d", "http_status": 200, "body": {"accepted": true, "real_timestamp_ms": 1789188023179, "virtual_time_s": 1345, "measure_result": "no_signal"}}
2026-09-12 12:40:26,584 INFO request {"path": "/measure", "payload": {"arena_id": "default", "robot_id": "202601002029", "request_id": "b31f9b3e316348c387e53b4e4376f825", "position": {"x": -1200.0, "y": 1.4695761589768238e-13}, "channel": 14}, "attempt": 1}
2026-09-12 12:40:26,604 INFO response {"request_id": "b31f9b3e316348c387e53b4e4376f825", "http_status": 200, "body": {"accepted": true, "real_timestamp_ms": 1789188023199, "virtual_time_s": 1351, "measure_result": "no_signal"}}
2026-09-12 12:40:26,604 INFO request {"path": "/measure", "payload": {"arena_id": "default", "robot_id": "202601002029", "request_id": "ca5d2eb802884c23ab5d6c6409444835", "position": {"x": -1200.0, "y": 1.4695761589768238e-13}, "channel": 16}, "attempt": 1}
2026-09-12 12:40:26,605 INFO response {"request_id": "ca5d2eb802884c23ab5d6c6409444835", "http_status": 200, "body": {"accepted": true, "real_timestamp_ms": 1789188023200, "virtual_time_s": 1357, "measure_result": "no_signal"}}
2026-09-12 12:40:26,605 INFO request {"path": "/measure", "payload": {"arena_id": "default", "robot_id": "202601002029", "request_id": "f624b53005f04e5ab874f2003c56205f", "position": {"x": -1200.0, "y": 1.4695761589768238e-13}, "channel": 17}, "attempt": 1}
2026-09-12 12:40:26,624 INFO response {"request_id": "f624b53005f04e5ab874f2003c56205f", "http_status": 200, "body": {"accepted": true, "real_timestamp_ms": 1789188023218, "virtual_time_s": 1363, "measure_result": "no_signal"}}
2026-09-12 12:40:26,624 INFO request {"path": "/measure", "payload": {"arena_id": "default", "robot_id": "202601002029", "request_id": "783f7b212261430e95bf6e71e58c131d", "position": {"x": -1200.0, "y": 1.4695761589768238e-13}, "channel": 20}, "attempt": 1}
2026-09-12 12:40:26,643 INFO response {"request_id": "783f7b212261430e95bf6e71e58c131d", "http_status": 200, "body": {"accepted": true, "real_timestamp_ms": 1789188023238, "virtual_time_s": 1369, "measure_result": "no_signal"}}
2026-09-12 12:40:26,644 INFO request {"path": "/measure", "payload": {"arena_id": "default", "robot_id": "202601002029", "request_id": "b93456056ea54ab7ba6582e1c3f586df", "position": {"x": -600.0000000000006, "y": -1039.2304845413262}, "channel": 20}, "attempt": 1}
2026-09-12 12:40:26,664 INFO response {"request_id": "b93456056ea54ab7ba6582e1c3f586df", "http_status": 200, "body": {"accepted": true, "real_timestamp_ms": 1789188023258, "virtual_time_s": 1614, "measure_result": "direction", "svd_deg": 286.36}}
2026-09-12 12:40:26,668 INFO request {"path": "/measure", "payload": {"arena_id": "default", "robot_id": "202601002029", "request_id": "941802f678b34e27a4dada81801cdef4", "position": {"x": -600.0000000000006, "y": -1039.2304845413262}, "channel": 2}, "attempt": 1}
2026-09-12 12:40:26,672 INFO response {"request_id": "941802f678b34e27a4dada81801cdef4", "http_status": 200, "body": {"accepted": true, "real_timestamp_ms": 1789188023266, "virtual_time_s": 1620, "measure_result": "no_signal"}}
2026-09-12 12:40:26,673 INFO request {"path": "/measure", "payload": {"arena_id": "default", "robot_id": "202601002029", "request_id": "cab7738e835b49699bb5c038481d5c1a", "position": {"x": -600.0000000000006, "y": -1039.2304845413262}, "channel": 4}, "attempt": 1}
2026-09-12 12:40:26,693 INFO response {"request_id": "cab7738e835b49699bb5c038481d5c1a", "http_status": 200, "body": {"accepted": true, "real_timestamp_ms": 1789188023287, "virtual_time_s": 1626, "measure_result": "no_signal"}}
2026-09-12 12:40:26,694 INFO request {"path": "/measure", "payload": {"arena_id": "default", "robot_id": "202601002029", "request_id": "a0f3b9e5f7b043ebb8e6f09d0f170315", "position": {"x": -600.0000000000006, "y": -1039.2304845413262}, "channel": 5}, "attempt": 1}
2026-09-12 12:40:26,695 INFO response {"request_id": "a0f3b9e5f7b043ebb8e6f09d0f170315", "http_status": 200, "body": {"accepted": true, "real_timestamp_ms": 1789188023289, "virtual_time_s": 1632, "measure_result": "no_signal"}}
2026-09-12 12:40:26,695 INFO request {"path": "/measure", "payload": {"arena_id": "default", "robot_id": "202601002029", "request_id": "0e76932138ad40389f4e74b4f856e495", "position": {"x": -600.0000000000006, "y": -1039.2304845413262}, "channel": 6}, "attempt": 1}
2026-09-12 12:40:26,712 INFO response {"request_id": "0e76932138ad40389f4e74b4f856e495", "http_status": 200, "body": {"accepted": true, "real_timestamp_ms": 1789188023306, "virtual_time_s": 1638, "measure_result": "no_signal"}}
2026-09-12 12:40:26,712 INFO request {"path": "/measure", "payload": {"arena_id": "default", "robot_id": "202601002029", "request_id": "7acf6b3b611e4afb88f60066d39ab89c", "position": {"x": -600.0000000000006, "y": -1039.2304845413262}, "channel": 7}, "attempt": 1}
2026-09-12 12:40:26,732 INFO response {"request_id": "7acf6b3b611e4afb88f60066d39ab89c", "http_status": 200, "body": {"accepted": true, "real_timestamp_ms": 1789188023326, "virtual_time_s": 1644, "measure_result": "no_signal"}}
2026-09-12 12:40:26,732 INFO request {"path": "/measure", "payload": {"arena_id": "default", "robot_id": "202601002029", "request_id": "75ada48a76554102b510b8c53950d197", "position": {"x": -600.0000000000006, "y": -1039.2304845413262}, "channel": 14}, "attempt": 1}
2026-09-12 12:40:26,752 INFO response {"request_id": "75ada48a76554102b510b8c53950d197", "http_status": 200, "body": {"accepted": true, "real_timestamp_ms": 1789188023346, "virtual_time_s": 1650, "measure_result": "no_signal"}}
2026-09-12 12:40:26,752 INFO request {"path": "/measure", "payload": {"arena_id": "default", "robot_id": "202601002029", "request_id": "ab5407814b584a06961e1aea05954ed7", "position": {"x": -600.0000000000006, "y": -1039.2304845413262}, "channel": 16}, "attempt": 1}
2026-09-12 12:40:26,772 INFO response {"request_id": "ab5407814b584a06961e1aea05954ed7", "http_status": 200, "body": {"accepted": true, "real_timestamp_ms": 1789188023367, "virtual_time_s": 1656, "measure_result": "no_signal"}}
2026-09-12 12:40:26,772 INFO request {"path": "/measure", "payload": {"arena_id": "default", "robot_id": "202601002029", "request_id": "3a834caa50b64de1bb42b5a93cb69306", "position": {"x": -600.0000000000006, "y": -1039.2304845413262}, "channel": 17}, "attempt": 1}
2026-09-12 12:40:26,792 INFO response {"request_id": "3a834caa50b64de1bb42b5a93cb69306", "http_status": 200, "body": {"accepted": true, "real_timestamp_ms": 1789188023386, "virtual_time_s": 1662, "measure_result": "no_signal"}}
2026-09-12 12:40:26,793 INFO request {"path": "/measure", "payload": {"arena_id": "default", "robot_id": "202601002029", "request_id": "e9d059ae628845cd9f25d8efd9ea2d43", "position": {"x": -600.0000000000006, "y": -1039.2304845413262}, "channel": 18}, "attempt": 1}
2026-09-12 12:40:26,812 INFO response {"request_id": "e9d059ae628845cd9f25d8efd9ea2d43", "http_status": 200, "body": {"accepted": true, "real_timestamp_ms": 1789188023406, "virtual_time_s": 1668, "measure_result": "no_signal"}}
2026-09-12 12:40:26,812 INFO request {"path": "/measure", "payload": {"arena_id": "default", "robot_id": "202601002029", "request_id": "0ad9a44eb52c4c0fb26c1f6d98789ee3", "position": {"x": 600.0000000000001, "y": -1039.2304845413264}, "channel": 18}, "attempt": 1}
2026-09-12 12:40:26,832 INFO response {"request_id": "0ad9a44eb52c4c0fb26c1f6d98789ee3", "http_status": 200, "body": {"accepted": true, "real_timestamp_ms": 1789188023426, "virtual_time_s": 1913, "measure_result": "no_signal"}}
2026-09-12 12:40:26,832 INFO request {"path": "/measure", "payload": {"arena_id": "default", "robot_id": "202601002029", "request_id": "afe4705707964ba09e8c2b9e568af2d4", "position": {"x": 600.0000000000001, "y": -1039.2304845413264}, "channel": 2}, "attempt": 1}
2026-09-12 12:40:26,852 INFO response {"request_id": "afe4705707964ba09e8c2b9e568af2d4", "http_status": 200, "body": {"accepted": true, "real_timestamp_ms": 1789188023446, "virtual_time_s": 1919, "measure_result": "no_signal"}}
2026-09-12 12:40:26,852 INFO request {"path": "/measure", "payload": {"arena_id": "default", "robot_id": "202601002029", "request_id": "77eada897fcc410cb3a2cd0e5d2b4a96", "position": {"x": 600.0000000000001, "y": -1039.2304845413264}, "channel": 4}, "attempt": 1}
2026-09-12 12:40:26,871 INFO response {"request_id": "77eada897fcc410cb3a2cd0e5d2b4a96", "http_status": 200, "body": {"accepted": true, "real_timestamp_ms": 1789188023465, "virtual_time_s": 1925, "measure_result": "no_signal"}}
2026-09-12 12:40:26,872 INFO request {"path": "/measure", "payload": {"arena_id": "default", "robot_id": "202601002029", "request_id": "8dabffb4d40e434b9e303a50975e4dab", "position": {"x": 600.0000000000001, "y": -1039.2304845413264}, "channel": 5}, "attempt": 1}
2026-09-12 12:40:26,890 INFO response {"request_id": "8dabffb4d40e434b9e303a50975e4dab", "http_status": 200, "body": {"accepted": true, "real_timestamp_ms": 1789188023484, "virtual_time_s": 1931, "measure_result": "no_signal"}}
2026-09-12 12:40:26,890 INFO request {"path": "/measure", "payload": {"arena_id": "default", "robot_id": "202601002029", "request_id": "45bd74aa9e5749658a8ff07b18486b6a", "position": {"x": 600.0000000000001, "y": -1039.2304845413264}, "channel": 6}, "attempt": 1}
2026-09-12 12:40:26,909 INFO response {"request_id": "45bd74aa9e5749658a8ff07b18486b6a", "http_status": 200, "body": {"accepted": true, "real_timestamp_ms": 1789188023503, "virtual_time_s": 1937, "measure_result": "no_signal"}}
2026-09-12 12:40:26,910 INFO request {"path": "/measure", "payload": {"arena_id": "default", "robot_id": "202601002029", "request_id": "09f29e3c36a043c6932c980ff5505f5e", "position": {"x": 600.0000000000001, "y": -1039.2304845413264}, "channel": 7}, "attempt": 1}
2026-09-12 12:40:26,929 INFO response {"request_id": "09f29e3c36a043c6932c980ff5505f5e", "http_status": 200, "body": {"accepted": true, "real_timestamp_ms": 1789188023523, "virtual_time_s": 1943, "measure_result": "no_signal"}}
2026-09-12 12:40:26,929 INFO request {"path": "/measure", "payload": {"arena_id": "default", "robot_id": "202601002029", "request_id": "dc431cc6bea842b9a2fb211aa2c58d90", "position": {"x": 600.0000000000001, "y": -1039.2304845413264}, "channel": 14}, "attempt": 1}
2026-09-12 12:40:26,949 INFO response {"request_id": "dc431cc6bea842b9a2fb211aa2c58d90", "http_status": 200, "body": {"accepted": true, "real_timestamp_ms": 1789188023542, "virtual_time_s": 1949, "measure_result": "no_signal"}}
2026-09-12 12:40:26,949 INFO request {"path": "/measure", "payload": {"arena_id": "default", "robot_id": "202601002029", "request_id": "efcbfe9ca4ff4ee8a7f8e997d5de704b", "position": {"x": 600.0000000000001, "y": -1039.2304845413264}, "channel": 16}, "attempt": 1}
2026-09-12 12:40:26,951 INFO response {"request_id": "efcbfe9ca4ff4ee8a7f8e997d5de704b", "http_status": 200, "body": {"accepted": true, "real_timestamp_ms": 1789188023545, "virtual_time_s": 1955, "measure_result": "no_signal"}}
2026-09-12 12:40:26,951 INFO request {"path": "/measure", "payload": {"arena_id": "default", "robot_id": "202601002029", "request_id": "204543decfb64df991a5c344a069bbe5", "position": {"x": 600.0000000000001, "y": -1039.2304845413264}, "channel": 17}, "attempt": 1}
2026-09-12 12:40:26,969 INFO response {"request_id": "204543decfb64df991a5c344a069bbe5", "http_status": 200, "body": {"accepted": true, "real_timestamp_ms": 1789188023562, "virtual_time_s": 1961, "measure_result": "no_signal"}}
2026-09-12 12:40:33,083 INFO request {"path": "/measure", "payload": {"arena_id": "default", "robot_id": "202601002029", "request_id": "662bbe43af1b4144af9ffd56b43b09e1", "position": {"x": 837.4492425238866, "y": -553.7139763560984}, "channel": 15}, "attempt": 1}
2026-09-12 12:40:33,083 INFO response {"request_id": "662bbe43af1b4144af9ffd56b43b09e1", "http_status": 200, "body": {"accepted": true, "real_timestamp_ms": 1789188029678, "virtual_time_s": 2075.094111, "measure_result": "direction", "svd_deg": 59.7}}
2026-09-12 12:40:40,760 INFO request {"path": "/measure", "payload": {"arena_id": "default", "robot_id": "202601002029", "request_id": "3cfb63d7f62c4c9a92eba69027d99247", "position": {"x": 1105.0259035960003, "y": -422.2517492962551}, "channel": 15}, "attempt": 1}
2026-09-12 12:40:40,762 INFO response {"request_id": "3cfb63d7f62c4c9a92eba69027d99247", "http_status": 200, "body": {"accepted": true, "real_timestamp_ms": 1789188037356, "virtual_time_s": 2139.71947, "measure_result": "direction", "svd_deg": 78.54}}
2026-09-12 12:40:50,538 INFO request {"path": "/measure", "payload": {"arena_id": "default", "robot_id": "202601002029", "request_id": "ec9c5ddfdd86427fb840df004581d4de", "position": {"x": 1063.3443865939946, "y": 207.15131656954352}, "channel": 15}, "attempt": 1}
2026-09-12 12:40:50,540 INFO response {"request_id": "ec9c5ddfdd86427fb840df004581d4de", "http_status": 200, "body": {"accepted": true, "real_timestamp_ms": 1789188047134, "virtual_time_s": 2270.875812, "measure_result": "direction", "svd_deg": 319.23}}
2026-09-12 12:40:50,543 INFO request {"path": "/clear", "payload": {"arena_id": "default", "robot_id": "202601002029", "request_id": "39ebbcd4e32b4eb6ae78a69362c7ee22", "position": {"x": 1206.7928924845412, "y": 80.29863500092627}, "channel": 15}, "attempt": 1}
2026-09-12 12:40:50,545 INFO response {"request_id": "39ebbcd4e32b4eb6ae78a69362c7ee22", "http_status": 200, "body": {"accepted": true, "real_timestamp_ms": 1789188047139, "virtual_time_s": 2314.174155, "clear_result": "success"}}
2026-09-12 12:40:50,545 INFO request {"path": "/measure", "payload": {"arena_id": "default", "robot_id": "202601002029", "request_id": "ba03541ba67746b0875c1b1f6f97ab89", "position": {"x": 974.4786739231175, "y": 241.4781884248673}, "channel": 9}, "attempt": 1}
2026-09-12 12:40:50,545 INFO response {"request_id": "ba03541ba67746b0875c1b1f6f97ab89", "http_status": 200, "body": {"accepted": true, "real_timestamp_ms": 1789188047140, "virtual_time_s": 2376.724573, "measure_result": "direction", "svd_deg": 171.71}}
2026-09-12 12:40:58,189 INFO request {"path": "/measure", "payload": {"arena_id": "default", "robot_id": "202601002029", "request_id": "97651d49c39541c08f05aa56488469ec", "position": {"x": 86.31146591998038, "y": 303.421631309016}, "channel": 9}, "attempt": 1}
2026-09-12 12:40:58,191 INFO response {"request_id": "97651d49c39541c08f05aa56488469ec", "http_status": 200, "body": {"accepted": true, "real_timestamp_ms": 1789188054785, "virtual_time_s": 2559.789503, "measure_result": "direction", "svd_deg": 10.45}}
2026-09-12 12:40:58,194 INFO request {"path": "/clear", "payload": {"arena_id": "default", "robot_id": "202601002029", "request_id": "72cc4769b4af47c5b459998da937f382", "position": {"x": 278.97977916698494, "y": 339.2397257726677}, "channel": 9}, "attempt": 1}
2026-09-12 12:40:58,195 INFO response {"request_id": "72cc4769b4af47c5b459998da937f382", "http_status": 200, "body": {"accepted": true, "real_timestamp_ms": 1789188054789, "virtual_time_s": 2603.983388, "clear_result": "success"}}
2026-09-12 12:40:58,195 INFO request {"path": "/measure", "payload": {"arena_id": "default", "robot_id": "202601002029", "request_id": "39641ef2252644119cc01016bac5f067", "position": {"x": -242.83858150375636, "y": 974.140556977871}, "channel": 10}, "attempt": 1}
2026-09-12 12:40:58,215 INFO response {"request_id": "39641ef2252644119cc01016bac5f067", "http_status": 200, "body": {"accepted": true, "real_timestamp_ms": 1789188054809, "virtual_time_s": 2774.34804, "measure_result": "direction", "svd_deg": 186.07}}
2026-09-12 12:41:06,306 INFO request {"path": "/measure", "payload": {"arena_id": "default", "robot_id": "202601002029", "request_id": "9cb6e0a2753644068662cbae765eb59a", "position": {"x": -662.3502887716347, "y": 1163.6685959164533}, "channel": 10}, "attempt": 1}
2026-09-12 12:41:06,320 INFO response {"request_id": "9cb6e0a2753644068662cbae765eb59a", "http_status": 200, "body": {"accepted": true, "real_timestamp_ms": 1789188062914, "virtual_time_s": 2871.415613, "measure_result": "direction", "svd_deg": 215.49}}
2026-09-12 12:41:16,523 INFO request {"path": "/measure", "payload": {"arena_id": "default", "robot_id": "202601002029", "request_id": "54f6a6c6c61546b0a4eba26a7b8514f9", "position": {"x": -643.036388435695, "y": 1157.8641986524456}, "channel": 10}, "attempt": 1}
2026-09-12 12:41:16,537 INFO response {"request_id": "54f6a6c6c61546b0a4eba26a7b8514f9", "http_status": 200, "body": {"accepted": true, "real_timestamp_ms": 1789188073131, "virtual_time_s": 2880.449062, "measure_result": "direction", "svd_deg": 213.79}}
2026-09-12 12:41:28,762 INFO request {"path": "/measure", "payload": {"arena_id": "default", "robot_id": "202601002029", "request_id": "efdbf208a2514062bce721de3aeaa52a", "position": {"x": -650.1094735495144, "y": 1155.4047139765994}, "channel": 10}, "attempt": 1}
2026-09-12 12:41:28,763 INFO response {"request_id": "efdbf208a2514062bce721de3aeaa52a", "http_status": 200, "body": {"accepted": true, "real_timestamp_ms": 1789188085358, "virtual_time_s": 2886.946762, "measure_result": "direction", "svd_deg": 213.93}}
2026-09-12 12:41:42,748 INFO request {"path": "/measure", "payload": {"arena_id": "default", "robot_id": "202601002029", "request_id": "c012f757ffca4022a6e4165b2efb7173", "position": {"x": -881.0683731985296, "y": 954.1562839398164}, "channel": 10}, "attempt": 1}
2026-09-12 12:41:42,759 INFO response {"request_id": "c012f757ffca4022a6e4165b2efb7173", "http_status": 200, "body": {"accepted": true, "real_timestamp_ms": 1789188099354, "virtual_time_s": 2953.214353, "measure_result": "direction", "svd_deg": 200.56}}
2026-09-12 12:41:42,768 INFO request {"path": "/clear", "payload": {"arena_id": "default", "robot_id": "202601002029", "request_id": "72cc595be3e44ab5b0685fba4317c148", "position": {"x": -1065.1517351936525, "y": 881.4211441393355}, "channel": 10}, "attempt": 1}
2026-09-12 12:41:42,770 INFO response {"request_id": "72cc595be3e44ab5b0685fba4317c148", "http_status": 200, "body": {"accepted": true, "real_timestamp_ms": 1789188099364, "virtual_time_s": 2997.800757, "clear_result": "success"}}
2026-09-12 12:41:42,770 INFO request {"path": "/measure", "payload": {"arena_id": "default", "robot_id": "202601002029", "request_id": "59086ce4eaf94139acbf4caf683da417", "position": {"x": -1276.890036181706, "y": 411.22744736586077}, "channel": 12}, "attempt": 1}
2026-09-12 12:41:42,771 INFO response {"request_id": "59086ce4eaf94139acbf4caf683da417", "http_status": 200, "body": {"accepted": true, "real_timestamp_ms": 1789188099365, "virtual_time_s": 3106.934693, "measure_result": "direction", "svd_deg": 98.54}}
2026-09-12 12:41:42,775 INFO request {"path": "/clear", "payload": {"arena_id": "default", "robot_id": "202601002029", "request_id": "3cd0fefcb8ad43ef9c44319679bd352d", "position": {"x": -1367.4812950190294, "y": 1012.7771182613742}, "channel": 12}, "attempt": 1}
2026-09-12 12:41:42,775 INFO response {"request_id": "3cd0fefcb8ad43ef9c44319679bd352d", "http_status": 200, "body": {"accepted": true, "real_timestamp_ms": 1789188099370, "virtual_time_s": 3233.601251, "clear_result": "success"}}
2026-09-12 12:41:42,776 INFO request {"path": "/measure", "payload": {"arena_id": "default", "robot_id": "202601002029", "request_id": "8267eea5488f426f820be3d23dcbb2ed", "position": {"x": -964.8563057433523, "y": 277.43956221707793}, "channel": 1}, "attempt": 1}
2026-09-12 12:41:42,776 INFO response {"request_id": "8267eea5488f426f820be3d23dcbb2ed", "http_status": 200, "body": {"accepted": true, "real_timestamp_ms": 1789188099371, "virtual_time_s": 3407.270951, "measure_result": "direction", "svd_deg": 298.2}}
2026-09-12 12:41:42,780 INFO request {"path": "/clear", "payload": {"arena_id": "default", "robot_id": "202601002029", "request_id": "eff26c702431464dbce0893c116c24bf", "position": {"x": -678.8332512603863, "y": -255.46767666014938}, "channel": 1}, "attempt": 1}
2026-09-12 12:41:42,781 INFO response {"request_id": "eff26c702431464dbce0893c116c24bf", "http_status": 200, "body": {"accepted": true, "real_timestamp_ms": 1789188099375, "virtual_time_s": 3533.233642, "clear_result": "success"}}
2026-09-12 12:41:42,781 INFO request {"path": "/measure", "payload": {"arena_id": "default", "robot_id": "202601002029", "request_id": "58c95ef043314e81872c77ed199822fc", "position": {"x": -942.5184917819934, "y": -345.80239164139664}, "channel": 8}, "attempt": 1}
2026-09-12 12:41:42,799 INFO response {"request_id": "58c95ef043314e81872c77ed199822fc", "http_status": 200, "body": {"accepted": true, "real_timestamp_ms": 1789188099393, "virtual_time_s": 3594.97959, "measure_result": "direction", "svd_deg": 285.1}}
2026-09-12 12:41:50,439 INFO request {"path": "/measure", "payload": {"arena_id": "default", "robot_id": "202601002029", "request_id": "247a1260342c4b3ea68236740d80468e", "position": {"x": -732.2740984395617, "y": -620.0685721394823}, "channel": 8}, "attempt": 1}
2026-09-12 12:41:50,440 INFO response {"request_id": "247a1260342c4b3ea68236740d80468e", "http_status": 200, "body": {"accepted": true, "real_timestamp_ms": 1789188107035, "virtual_time_s": 3669.095331, "measure_result": "direction", "svd_deg": 270.18}}
2026-09-12 12:41:59,884 INFO request {"path": "/measure", "payload": {"arena_id": "default", "robot_id": "202601002029", "request_id": "061fb2aafbd2419581bbc262b92256a8", "position": {"x": -731.4107442875071, "y": -625.1694448878468}, "channel": 8}, "attempt": 1}
2026-09-12 12:41:59,885 INFO response {"request_id": "061fb2aafbd2419581bbc262b92256a8", "http_status": 200, "body": {"accepted": true, "real_timestamp_ms": 1789188116479, "virtual_time_s": 3675.130015, "measure_result": "direction", "svd_deg": 270.05}}
2026-09-12 12:42:11,166 INFO request {"path": "/measure", "payload": {"arena_id": "default", "robot_id": "202601002029", "request_id": "bcec3111bbea40e3a3074d6829a3cbe6", "position": {"x": -692.5347623151439, "y": -928.996683437103}, "channel": 8}, "attempt": 1}
2026-09-12 12:42:11,184 INFO response {"request_id": "bcec3111bbea40e3a3074d6829a3cbe6", "http_status": 200, "body": {"accepted": true, "real_timestamp_ms": 1789188127778, "virtual_time_s": 3741.390878, "measure_result": "direction", "svd_deg": 259.33}}
2026-09-12 12:42:25,406 INFO request {"path": "/measure", "payload": {"arena_id": "default", "robot_id": "202601002029", "request_id": "f7e5cd6d102d4cffb60d1e24b5ff440f", "position": {"x": -692.6759634089121, "y": -944.095293766002}, "channel": 8}, "attempt": 1}
2026-09-12 12:42:25,407 INFO response {"request_id": "f7e5cd6d102d4cffb60d1e24b5ff440f", "http_status": 200, "body": {"accepted": true, "real_timestamp_ms": 1789188142002, "virtual_time_s": 3749.410732, "measure_result": "direction", "svd_deg": 258.71}}
2026-09-12 12:42:42,852 INFO request {"path": "/measure", "payload": {"arena_id": "default", "robot_id": "202601002029", "request_id": "73243a8558314eac85fc5fa159de5e02", "position": {"x": -692.3458429668312, "y": -946.1401360536711}, "channel": 8}, "attempt": 1}
2026-09-12 12:42:42,865 INFO response {"request_id": "73243a8558314eac85fc5fa159de5e02", "http_status": 200, "body": {"accepted": true, "real_timestamp_ms": 1789188159460, "virtual_time_s": 3754.824996, "measure_result": "direction", "svd_deg": 258.53}}
2026-09-12 12:43:03,526 INFO request {"path": "/measure", "payload": {"arena_id": "default", "robot_id": "202601002029", "request_id": "e323d1b844c84d359a1d9d725d36334f", "position": {"x": -692.7750574724823, "y": -950.1298117503536}, "channel": 8}, "attempt": 1}
2026-09-12 12:43:03,527 INFO response {"request_id": "e323d1b844c84d359a1d9d725d36334f", "http_status": 200, "body": {"accepted": true, "real_timestamp_ms": 1789188180121, "virtual_time_s": 3760.627535, "measure_result": "direction", "svd_deg": 258.45}}
2026-09-12 12:43:27,403 INFO request {"path": "/measure", "payload": {"arena_id": "default", "robot_id": "202601002029", "request_id": "f1d405332b924288945e471d486cbcae", "position": {"x": -692.458227040067, "y": -951.6186891671841}, "channel": 8}, "attempt": 1}
2026-09-12 12:43:27,404 INFO response {"request_id": "f1d405332b924288945e471d486cbcae", "http_status": 200, "body": {"accepted": true, "real_timestamp_ms": 1789188203999, "virtual_time_s": 3765.931978, "measure_result": "direction", "svd_deg": 258.3}}
2026-09-12 12:43:54,382 INFO request {"path": "/measure", "payload": {"arena_id": "default", "robot_id": "202601002029", "request_id": "7458a4bc9a0d4786a9c7a6f4433597c3", "position": {"x": -700.8411393854624, "y": -1073.939331435648}, "channel": 8}, "attempt": 1}
2026-09-12 12:43:54,400 INFO response {"request_id": "7458a4bc9a0d4786a9c7a6f4433597c3", "http_status": 200, "body": {"accepted": true, "real_timestamp_ms": 1789188230995, "virtual_time_s": 3795.453489, "measure_result": "direction", "svd_deg": 248.15}}
2026-09-12 12:43:54,412 INFO request {"path": "/clear", "payload": {"arena_id": "default", "robot_id": "202601002029", "request_id": "524847e715414a549139bad478379aab", "position": {"x": -732.311057522603, "y": -1153.0928790434616}, "channel": 8}, "attempt": 1}
2026-09-12 12:43:54,430 INFO response {"request_id": "524847e715414a549139bad478379aab", "http_status": 200, "body": {"accepted": true, "real_timestamp_ms": 1789188231024, "virtual_time_s": 3817.489498, "clear_result": "success"}}
2026-09-12 12:43:54,431 INFO request {"path": "/measure", "payload": {"arena_id": "default", "robot_id": "202601002029", "request_id": "a9ddbcf3a77f4dbdaefbda4036dc206c", "position": {"x": -720.7490174591687, "y": -698.8857240261503}, "channel": 13}, "attempt": 1}
2026-09-12 12:43:54,450 INFO response {"request_id": "a9ddbcf3a77f4dbdaefbda4036dc206c", "http_status": 200, "body": {"accepted": true, "real_timestamp_ms": 1789188231044, "virtual_time_s": 3914.360356, "measure_result": "direction", "svd_deg": 323.16}}
2026-09-12 12:44:01,976 INFO request {"path": "/measure", "payload": {"arena_id": "default", "robot_id": "202601002029", "request_id": "e1ac9ffe658641b6aaa5bb5263171c9b", "position": {"x": -594.6783824380732, "y": -825.5646934135143}, "channel": 13}, "attempt": 1}
2026-09-12 12:44:01,994 INFO response {"request_id": "e1ac9ffe658641b6aaa5bb5263171c9b", "http_status": 200, "body": {"accepted": true, "real_timestamp_ms": 1789188238588, "virtual_time_s": 3955.104651, "measure_result": "direction", "svd_deg": 325.98}}
2026-09-12 12:44:11,306 INFO request {"path": "/measure", "payload": {"arena_id": "default", "robot_id": "202601002029", "request_id": "94df3106428d49ecb18934544b2b5852", "position": {"x": -276.77098126543024, "y": -1595.3488909918797}, "channel": 13}, "attempt": 1}
2026-09-12 12:44:11,324 INFO response {"request_id": "94df3106428d49ecb18934544b2b5852", "http_status": 200, "body": {"accepted": true, "real_timestamp_ms": 1789188247919, "virtual_time_s": 4126.673895, "measure_result": "direction", "svd_deg": 81.06}}
2026-09-12 12:44:11,328 INFO request {"path": "/clear", "payload": {"arena_id": "default", "robot_id": "202601002029", "request_id": "0b2eb238485a4251a4a620985c4ef89f", "position": {"x": -193.32114309767053, "y": -1096.6566501417453}, "channel": 13}, "attempt": 1}
2026-09-12 12:44:11,330 INFO response {"request_id": "0b2eb238485a4251a4a620985c4ef89f", "http_status": 200, "body": {"accepted": true, "real_timestamp_ms": 1789188247924, "virtual_time_s": 4232.79913, "clear_result": "success"}}
2026-09-12 12:44:11,330 INFO request {"path": "/measure", "payload": {"arena_id": "default", "robot_id": "202601002029", "request_id": "d1352c513fe64f91889faf147e502a79", "position": {"x": 60.85033910683643, "y": -1455.9628568564542}, "channel": 20}, "attempt": 1}
2026-09-12 12:44:11,344 INFO response {"request_id": "d1352c513fe64f91889faf147e502a79", "http_status": 200, "body": {"accepted": true, "real_timestamp_ms": 1789188247938, "virtual_time_s": 4326.822784, "measure_result": "direction", "svd_deg": 171.16}}
2026-09-12 12:44:11,351 INFO request {"path": "/clear", "payload": {"arena_id": "default", "robot_id": "202601002029", "request_id": "31bf97120b7d4a9591ced849588995ba", "position": {"x": -503.2249586664642, "y": -1368.0364732832018}, "channel": 20}, "attempt": 1}
2026-09-12 12:44:11,364 INFO response {"request_id": "31bf97120b7d4a9591ced849588995ba", "http_status": 200, "body": {"accepted": true, "real_timestamp_ms": 1789188247958, "virtual_time_s": 4446.000188, "clear_result": "success"}}
2026-09-12 12:44:11,365 INFO request {"path": "/measure", "payload": {"arena_id": "default", "robot_id": "202601002029", "request_id": "0d93fd8fdefa40438297f34180698282", "position": {"x": -1361.9686997584295, "y": -729.578935220321}, "channel": 3}, "attempt": 1}
2026-09-12 12:44:11,367 INFO response {"request_id": "0d93fd8fdefa40438297f34180698282", "http_status": 200, "body": {"accepted": true, "real_timestamp_ms": 1789188247961, "virtual_time_s": 4666.015967, "measure_result": "direction", "svd_deg": 130.9}}
2026-09-12 12:44:11,374 INFO request {"path": "/clear", "payload": {"arena_id": "default", "robot_id": "202601002029", "request_id": "98b4d1d3ae724e0784c8d9bc2efdd57e", "position": {"x": -1710.1691711096462, "y": -327.92583872644997}, "channel": 3}, "attempt": 1}
2026-09-12 12:44:11,393 INFO response {"request_id": "98b4d1d3ae724e0784c8d9bc2efdd57e", "http_status": 200, "body": {"accepted": true, "real_timestamp_ms": 1789188247987, "virtual_time_s": 4777.330365, "clear_result": "success"}}
2026-09-12 12:44:11,393 INFO request {"path": "/measure", "payload": {"arena_id": "default", "robot_id": "202601002029", "request_id": "106de716ee504bad9316ca64ad6eecca", "position": {"x": -388.9097061490911, "y": 1215.292589428663}, "channel": 11}, "attempt": 1}
2026-09-12 12:44:11,411 INFO response {"request_id": "106de716ee504bad9316ca64ad6eecca", "http_status": 200, "body": {"accepted": true, "real_timestamp_ms": 1789188248005, "virtual_time_s": 5189.643037, "measure_result": "direction", "svd_deg": 42.9}}
2026-09-12 12:44:11,418 INFO request {"path": "/clear", "payload": {"arena_id": "default", "robot_id": "202601002029", "request_id": "b809e43dab89480bb25639e6728a5fc4", "position": {"x": -62.29381041348033, "y": 1518.4195092331174}, "channel": 11}, "attempt": 1}
2026-09-12 12:44:11,419 INFO response {"request_id": "b809e43dab89480bb25639e6728a5fc4", "http_status": 200, "body": {"accepted": true, "real_timestamp_ms": 1789188248013, "virtual_time_s": 5283.76405, "clear_result": "success"}}
2026-09-12 12:44:11,420 INFO request {"path": "/measure", "payload": {"arena_id": "default", "robot_id": "202601002029", "request_id": "97e8074884744b4e958ef98d6605a41f", "position": {"x": 947.5177708653529, "y": -331.85911967319214}, "channel": 19}, "attempt": 1}
2026-09-12 12:44:11,432 INFO response {"request_id": "97e8074884744b4e958ef98d6605a41f", "http_status": 200, "body": {"accepted": true, "real_timestamp_ms": 1789188248026, "virtual_time_s": 5711.344431, "measure_result": "direction", "svd_deg": 112.98}}
2026-09-12 12:44:11,439 INFO request {"path": "/clear", "payload": {"arena_id": "default", "robot_id": "202601002029", "request_id": "207bc4aceba2404fb02a679dc5f13616", "position": {"x": 712.0958399223458, "y": 222.66775272174883}, "channel": 19}, "attempt": 1}
2026-09-12 12:44:11,441 INFO response {"request_id": "207bc4aceba2404fb02a679dc5f13616", "http_status": 200, "body": {"accepted": true, "real_timestamp_ms": 1789188248036, "virtual_time_s": 5836.830702, "clear_result": "success"}}
2026-09-12 12:44:11,442 INFO request {"path": "/exit", "payload": {"arena_id": "default", "robot_id": "202601002029", "request_id": "7c0735c61bff49aab50581d6f70c4722"}, "attempt": 1}
2026-09-12 12:44:11,444 INFO response {"request_id": "7c0735c61bff49aab50581d6f70c4722", "http_status": 200, "body": {"accepted": true, "real_timestamp_ms": 1789188248038, "virtual_time_s": 5836.830702, "exit_reason": "user_exit"}}
