2026-09-13 11:13:38,476 INFO request {"path": "/enter", "payload": {"arena_id": "default", "robot_id": "202601002029", "request_id": "80f36ea1a2394a2c977aebf08d870a10"}, "attempt": 1}
2026-09-13 11:13:38,481 INFO response {"request_id": "80f36ea1a2394a2c977aebf08d870a10", "http_status": 200, "body": {"accepted": true, "real_timestamp_ms": 1789269214421, "virtual_time_s": 0, "max_virtual_duration_s": 360000, "max_real_duration_s": 1200, "remaining_real_duration_s": 1200}}
2026-09-13 11:13:38,481 INFO request {"path": "/measure", "payload": {"arena_id": "default", "robot_id": "202601002029", "request_id": "74f7a97d0fbd4f0e9ba3ead19efbc6a3", "position": {"x": 0.0, "y": 0.0}, "channel": 1}, "attempt": 1}
2026-09-13 11:13:38,481 INFO response {"request_id": "74f7a97d0fbd4f0e9ba3ead19efbc6a3", "http_status": 200, "body": {"accepted": true, "real_timestamp_ms": 1789269214422, "virtual_time_s": 5, "measure_result": "no_signal"}}
2026-09-13 11:13:38,482 INFO request {"path": "/measure", "payload": {"arena_id": "default", "robot_id": "202601002029", "request_id": "fd9e32d5fb3549ada92a490d4edbf534", "position": {"x": 0.0, "y": 0.0}, "channel": 2}, "attempt": 1}
2026-09-13 11:13:38,483 INFO response {"request_id": "fd9e32d5fb3549ada92a490d4edbf534", "http_status": 200, "body": {"accepted": true, "real_timestamp_ms": 1789269214423, "virtual_time_s": 11, "measure_result": "direction", "svd_deg": 135.61}}
2026-09-13 11:13:38,487 INFO request {"path": "/measure", "payload": {"arena_id": "default", "robot_id": "202601002029", "request_id": "6cbf5ff00b114d39b06a263c9ee039eb", "position": {"x": 0.0, "y": 0.0}, "channel": 3}, "attempt": 1}
2026-09-13 11:13:38,490 INFO response {"request_id": "6cbf5ff00b114d39b06a263c9ee039eb", "http_status": 200, "body": {"accepted": true, "real_timestamp_ms": 1789269214430, "virtual_time_s": 17, "measure_result": "no_signal"}}
2026-09-13 11:13:38,490 INFO request {"path": "/measure", "payload": {"arena_id": "default", "robot_id": "202601002029", "request_id": "c09b9c211e39431295b4ade17ad1c181", "position": {"x": 0.0, "y": 0.0}, "channel": 4}, "attempt": 1}
2026-09-13 11:13:38,492 INFO response {"request_id": "c09b9c211e39431295b4ade17ad1c181", "http_status": 200, "body": {"accepted": true, "real_timestamp_ms": 1789269214432, "virtual_time_s": 23, "measure_result": "no_signal"}}
2026-09-13 11:13:38,492 INFO request {"path": "/measure", "payload": {"arena_id": "default", "robot_id": "202601002029", "request_id": "83184355836545b498ffe5030f94cf47", "position": {"x": 0.0, "y": 0.0}, "channel": 5}, "attempt": 1}
2026-09-13 11:13:38,493 INFO response {"request_id": "83184355836545b498ffe5030f94cf47", "http_status": 200, "body": {"accepted": true, "real_timestamp_ms": 1789269214434, "virtual_time_s": 29, "measure_result": "no_signal"}}
2026-09-13 11:13:38,493 INFO request {"path": "/measure", "payload": {"arena_id": "default", "robot_id": "202601002029", "request_id": "a74e275fad18440484f621c2d4f6a574", "position": {"x": 0.0, "y": 0.0}, "channel": 6}, "attempt": 1}
2026-09-13 11:13:38,495 INFO response {"request_id": "a74e275fad18440484f621c2d4f6a574", "http_status": 200, "body": {"accepted": true, "real_timestamp_ms": 1789269214435, "virtual_time_s": 35, "measure_result": "no_signal"}}
2026-09-13 11:13:38,496 INFO request {"path": "/measure", "payload": {"arena_id": "default", "robot_id": "202601002029", "request_id": "1ebd8e21bdc745ec9bd4ff1947066c29", "position": {"x": 0.0, "y": 0.0}, "channel": 7}, "attempt": 1}
2026-09-13 11:13:38,497 INFO response {"request_id": "1ebd8e21bdc745ec9bd4ff1947066c29", "http_status": 200, "body": {"accepted": true, "real_timestamp_ms": 1789269214437, "virtual_time_s": 41, "measure_result": "no_signal"}}
2026-09-13 11:13:38,497 INFO request {"path": "/measure", "payload": {"arena_id": "default", "robot_id": "202601002029", "request_id": "66632e85d2b046bbb3ba24edf114ead3", "position": {"x": 0.0, "y": 0.0}, "channel": 8}, "attempt": 1}
2026-09-13 11:13:38,515 INFO response {"request_id": "66632e85d2b046bbb3ba24edf114ead3", "http_status": 200, "body": {"accepted": true, "real_timestamp_ms": 1789269214455, "virtual_time_s": 47, "measure_result": "no_signal"}}
2026-09-13 11:13:38,515 INFO request {"path": "/measure", "payload": {"arena_id": "default", "robot_id": "202601002029", "request_id": "135199441cdf4c3a8ee35a7101a9326c", "position": {"x": 0.0, "y": 0.0}, "channel": 9}, "attempt": 1}
2026-09-13 11:13:38,516 INFO response {"request_id": "135199441cdf4c3a8ee35a7101a9326c", "http_status": 200, "body": {"accepted": true, "real_timestamp_ms": 1789269214457, "virtual_time_s": 53, "measure_result": "direction", "svd_deg": 75.56}}
2026-09-13 11:13:38,518 INFO request {"path": "/measure", "payload": {"arena_id": "default", "robot_id": "202601002029", "request_id": "e1e08029f07d43259a6e3964d44ba741", "position": {"x": 0.0, "y": 0.0}, "channel": 10}, "attempt": 1}
2026-09-13 11:13:38,530 INFO response {"request_id": "e1e08029f07d43259a6e3964d44ba741", "http_status": 200, "body": {"accepted": true, "real_timestamp_ms": 1789269214471, "virtual_time_s": 59, "measure_result": "no_signal"}}
2026-09-13 11:13:38,531 INFO request {"path": "/measure", "payload": {"arena_id": "default", "robot_id": "202601002029", "request_id": "e33b4d1119be478c9a467fb668f0cf1a", "position": {"x": 0.0, "y": 0.0}, "channel": 11}, "attempt": 1}
2026-09-13 11:13:38,546 INFO response {"request_id": "e33b4d1119be478c9a467fb668f0cf1a", "http_status": 200, "body": {"accepted": true, "real_timestamp_ms": 1789269214486, "virtual_time_s": 65, "measure_result": "direction", "svd_deg": 275.64}}
2026-09-13 11:13:38,548 INFO request {"path": "/measure", "payload": {"arena_id": "default", "robot_id": "202601002029", "request_id": "9de6d37d9c1540e6b9b639c226c3ec88", "position": {"x": 0.0, "y": 0.0}, "channel": 12}, "attempt": 1}
2026-09-13 11:13:38,550 INFO response {"request_id": "9de6d37d9c1540e6b9b639c226c3ec88", "http_status": 200, "body": {"accepted": true, "real_timestamp_ms": 1789269214490, "virtual_time_s": 71, "measure_result": "no_signal"}}
2026-09-13 11:13:38,550 INFO request {"path": "/measure", "payload": {"arena_id": "default", "robot_id": "202601002029", "request_id": "7b1e164c8dbc4b96a8295f536e3f1589", "position": {"x": 0.0, "y": 0.0}, "channel": 13}, "attempt": 1}
2026-09-13 11:13:38,551 INFO response {"request_id": "7b1e164c8dbc4b96a8295f536e3f1589", "http_status": 200, "body": {"accepted": true, "real_timestamp_ms": 1789269214491, "virtual_time_s": 77, "measure_result": "direction", "svd_deg": 104.97}}
2026-09-13 11:13:38,552 INFO request {"path": "/measure", "payload": {"arena_id": "default", "robot_id": "202601002029", "request_id": "39a5e23b61194f76bb2b7f30c1831fec", "position": {"x": 0.0, "y": 0.0}, "channel": 14}, "attempt": 1}
2026-09-13 11:13:38,554 INFO response {"request_id": "39a5e23b61194f76bb2b7f30c1831fec", "http_status": 200, "body": {"accepted": true, "real_timestamp_ms": 1789269214494, "virtual_time_s": 83, "measure_result": "direction", "svd_deg": 123.59}}
2026-09-13 11:13:38,556 INFO request {"path": "/measure", "payload": {"arena_id": "default", "robot_id": "202601002029", "request_id": "f48e6c6f3c8e4cfc88c7f122b2435e12", "position": {"x": 0.0, "y": 0.0}, "channel": 15}, "attempt": 1}
2026-09-13 11:13:38,557 INFO response {"request_id": "f48e6c6f3c8e4cfc88c7f122b2435e12", "http_status": 200, "body": {"accepted": true, "real_timestamp_ms": 1789269214498, "virtual_time_s": 89, "measure_result": "no_signal"}}
2026-09-13 11:13:38,558 INFO request {"path": "/measure", "payload": {"arena_id": "default", "robot_id": "202601002029", "request_id": "c384bb991e8d4cad990504a752f8950b", "position": {"x": 0.0, "y": 0.0}, "channel": 16}, "attempt": 1}
2026-09-13 11:13:38,559 INFO response {"request_id": "c384bb991e8d4cad990504a752f8950b", "http_status": 200, "body": {"accepted": true, "real_timestamp_ms": 1789269214499, "virtual_time_s": 95, "measure_result": "direction", "svd_deg": 172.38}}
2026-09-13 11:13:38,560 INFO request {"path": "/measure", "payload": {"arena_id": "default", "robot_id": "202601002029", "request_id": "4f81a80e0d3b46159ea26c20fcaf4f48", "position": {"x": 0.0, "y": 0.0}, "channel": 17}, "attempt": 1}
2026-09-13 11:13:38,579 INFO response {"request_id": "4f81a80e0d3b46159ea26c20fcaf4f48", "http_status": 200, "body": {"accepted": true, "real_timestamp_ms": 1789269214518, "virtual_time_s": 101, "measure_result": "no_signal"}}
2026-09-13 11:13:38,580 INFO request {"path": "/measure", "payload": {"arena_id": "default", "robot_id": "202601002029", "request_id": "d4e68c19b8624c179ce3785e7cb2fd08", "position": {"x": 0.0, "y": 0.0}, "channel": 18}, "attempt": 1}
2026-09-13 11:13:38,580 INFO response {"request_id": "d4e68c19b8624c179ce3785e7cb2fd08", "http_status": 200, "body": {"accepted": true, "real_timestamp_ms": 1789269214521, "virtual_time_s": 107, "measure_result": "direction", "svd_deg": 82.36}}
2026-09-13 11:13:38,582 INFO request {"path": "/measure", "payload": {"arena_id": "default", "robot_id": "202601002029", "request_id": "7670208f433f425fa30f7b21c8e2934c", "position": {"x": 0.0, "y": 0.0}, "channel": 19}, "attempt": 1}
2026-09-13 11:13:38,583 INFO response {"request_id": "7670208f433f425fa30f7b21c8e2934c", "http_status": 200, "body": {"accepted": true, "real_timestamp_ms": 1789269214524, "virtual_time_s": 113, "measure_result": "direction", "svd_deg": 300.24}}
2026-09-13 11:13:38,586 INFO request {"path": "/measure", "payload": {"arena_id": "default", "robot_id": "202601002029", "request_id": "8f6f25e0d34a4aee85f44e5a098303be", "position": {"x": 0.0, "y": 0.0}, "channel": 20}, "attempt": 1}
2026-09-13 11:13:38,588 INFO response {"request_id": "8f6f25e0d34a4aee85f44e5a098303be", "http_status": 200, "body": {"accepted": true, "real_timestamp_ms": 1789269214527, "virtual_time_s": 119, "measure_result": "no_signal"}}
2026-09-13 11:13:38,588 INFO request {"path": "/measure", "payload": {"arena_id": "default", "robot_id": "202601002029", "request_id": "ce7739b9166e4c8aac764d4a4c5f8602", "position": {"x": 1130.0, "y": 0.0}, "channel": 20}, "attempt": 1}
2026-09-13 11:13:38,608 INFO response {"request_id": "ce7739b9166e4c8aac764d4a4c5f8602", "http_status": 200, "body": {"accepted": true, "real_timestamp_ms": 1789269214548, "virtual_time_s": 350, "measure_result": "no_signal"}}
2026-09-13 11:13:38,608 INFO request {"path": "/measure", "payload": {"arena_id": "default", "robot_id": "202601002029", "request_id": "fe1edd05530f413389dee6addb7e98b4", "position": {"x": 1130.0, "y": 0.0}, "channel": 1}, "attempt": 1}
2026-09-13 11:13:38,610 INFO response {"request_id": "fe1edd05530f413389dee6addb7e98b4", "http_status": 200, "body": {"accepted": true, "real_timestamp_ms": 1789269214550, "virtual_time_s": 356, "measure_result": "no_signal"}}
2026-09-13 11:13:38,610 INFO request {"path": "/measure", "payload": {"arena_id": "default", "robot_id": "202601002029", "request_id": "a2a79d0e7aea4e69b7f962f58fccd62b", "position": {"x": 1130.0, "y": 0.0}, "channel": 3}, "attempt": 1}
2026-09-13 11:13:38,625 INFO response {"request_id": "a2a79d0e7aea4e69b7f962f58fccd62b", "http_status": 200, "body": {"accepted": true, "real_timestamp_ms": 1789269214564, "virtual_time_s": 362, "measure_result": "no_signal"}}
2026-09-13 11:13:38,625 INFO request {"path": "/measure", "payload": {"arena_id": "default", "robot_id": "202601002029", "request_id": "c25744df814b41feb407a8c14b4b8478", "position": {"x": 1130.0, "y": 0.0}, "channel": 4}, "attempt": 1}
2026-09-13 11:13:38,639 INFO response {"request_id": "c25744df814b41feb407a8c14b4b8478", "http_status": 200, "body": {"accepted": true, "real_timestamp_ms": 1789269214579, "virtual_time_s": 368, "measure_result": "no_signal"}}
2026-09-13 11:13:38,639 INFO request {"path": "/measure", "payload": {"arena_id": "default", "robot_id": "202601002029", "request_id": "46a4a51714984e4f807866bc81de0a45", "position": {"x": 1130.0, "y": 0.0}, "channel": 5}, "attempt": 1}
2026-09-13 11:13:38,655 INFO response {"request_id": "46a4a51714984e4f807866bc81de0a45", "http_status": 200, "body": {"accepted": true, "real_timestamp_ms": 1789269214594, "virtual_time_s": 374, "measure_result": "direction", "svd_deg": 317.93}}
2026-09-13 11:13:38,657 INFO request {"path": "/measure", "payload": {"arena_id": "default", "robot_id": "202601002029", "request_id": "d0f259e314594b6495cc8ae3dd596653", "position": {"x": 1130.0, "y": 0.0}, "channel": 6}, "attempt": 1}
2026-09-13 11:13:38,659 INFO response {"request_id": "d0f259e314594b6495cc8ae3dd596653", "http_status": 200, "body": {"accepted": true, "real_timestamp_ms": 1789269214599, "virtual_time_s": 380, "measure_result": "no_signal"}}
2026-09-13 11:13:38,660 INFO request {"path": "/measure", "payload": {"arena_id": "default", "robot_id": "202601002029", "request_id": "96c616b38dd44e939c391639abe1215b", "position": {"x": 1130.0, "y": 0.0}, "channel": 7}, "attempt": 1}
2026-09-13 11:13:38,661 INFO response {"request_id": "96c616b38dd44e939c391639abe1215b", "http_status": 200, "body": {"accepted": true, "real_timestamp_ms": 1789269214601, "virtual_time_s": 386, "measure_result": "no_signal"}}
2026-09-13 11:13:38,661 INFO request {"path": "/measure", "payload": {"arena_id": "default", "robot_id": "202601002029", "request_id": "27e5c90d722748d2811f318fc1eefa30", "position": {"x": 1130.0, "y": 0.0}, "channel": 8}, "attempt": 1}
2026-09-13 11:13:38,663 INFO response {"request_id": "27e5c90d722748d2811f318fc1eefa30", "http_status": 200, "body": {"accepted": true, "real_timestamp_ms": 1789269214603, "virtual_time_s": 392, "measure_result": "no_signal"}}
2026-09-13 11:13:38,663 INFO request {"path": "/measure", "payload": {"arena_id": "default", "robot_id": "202601002029", "request_id": "7abc075c6f5d47c4b677b946650d97c7", "position": {"x": 1130.0, "y": 0.0}, "channel": 10}, "attempt": 1}
2026-09-13 11:13:38,686 INFO response {"request_id": "7abc075c6f5d47c4b677b946650d97c7", "http_status": 200, "body": {"accepted": true, "real_timestamp_ms": 1789269214626, "virtual_time_s": 398, "measure_result": "no_signal"}}
2026-09-13 11:13:38,686 INFO request {"path": "/measure", "payload": {"arena_id": "default", "robot_id": "202601002029", "request_id": "959c2f2ea86b4244ab08d91eab3b7b58", "position": {"x": 1130.0, "y": 0.0}, "channel": 12}, "attempt": 1}
2026-09-13 11:13:38,687 INFO response {"request_id": "959c2f2ea86b4244ab08d91eab3b7b58", "http_status": 200, "body": {"accepted": true, "real_timestamp_ms": 1789269214627, "virtual_time_s": 404, "measure_result": "no_signal"}}
2026-09-13 11:13:38,687 INFO request {"path": "/measure", "payload": {"arena_id": "default", "robot_id": "202601002029", "request_id": "0b721a2b3abf4a5da40e47707a4db548", "position": {"x": 1130.0, "y": 0.0}, "channel": 15}, "attempt": 1}
2026-09-13 11:13:38,688 INFO response {"request_id": "0b721a2b3abf4a5da40e47707a4db548", "http_status": 200, "body": {"accepted": true, "real_timestamp_ms": 1789269214628, "virtual_time_s": 410, "measure_result": "no_signal"}}
2026-09-13 11:13:38,689 INFO request {"path": "/measure", "payload": {"arena_id": "default", "robot_id": "202601002029", "request_id": "0dadd29fb23745719c106217fb6de11f", "position": {"x": 1130.0, "y": 0.0}, "channel": 17}, "attempt": 1}
2026-09-13 11:13:38,701 INFO response {"request_id": "0dadd29fb23745719c106217fb6de11f", "http_status": 200, "body": {"accepted": true, "real_timestamp_ms": 1789269214642, "virtual_time_s": 416, "measure_result": "no_signal"}}
2026-09-13 11:13:38,710 INFO request {"path": "/measure", "payload": {"arena_id": "default", "robot_id": "202601002029", "request_id": "9a0d20f76f27414897ca00815a526582", "position": {"x": 1130.0, "y": 0.0}, "channel": 19}, "attempt": 1}
2026-09-13 11:13:38,733 INFO response {"request_id": "9a0d20f76f27414897ca00815a526582", "http_status": 200, "body": {"accepted": true, "real_timestamp_ms": 1789269214673, "virtual_time_s": 422, "measure_result": "direction", "svd_deg": 193.6}}
2026-09-13 11:13:38,738 INFO request {"path": "/measure", "payload": {"arena_id": "default", "robot_id": "202601002029", "request_id": "874e0d4758a64d9faa54408cf6824fca", "position": {"x": 565.0000000000001, "y": 978.6087062764157}, "channel": 1}, "attempt": 1}
2026-09-13 11:13:38,763 INFO response {"request_id": "874e0d4758a64d9faa54408cf6824fca", "http_status": 200, "body": {"accepted": true, "real_timestamp_ms": 1789269214703, "virtual_time_s": 654, "measure_result": "no_signal"}}
2026-09-13 11:13:38,764 INFO request {"path": "/measure", "payload": {"arena_id": "default", "robot_id": "202601002029", "request_id": "a676cc9a8ba24e33b790aebd670a644d", "position": {"x": 565.0000000000001, "y": 978.6087062764157}, "channel": 3}, "attempt": 1}
2026-09-13 11:13:38,766 INFO response {"request_id": "a676cc9a8ba24e33b790aebd670a644d", "http_status": 200, "body": {"accepted": true, "real_timestamp_ms": 1789269214705, "virtual_time_s": 660, "measure_result": "no_signal"}}
2026-09-13 11:13:38,766 INFO request {"path": "/measure", "payload": {"arena_id": "default", "robot_id": "202601002029", "request_id": "d3fcdd5085ba4b15aea39a49463efb3b", "position": {"x": 565.0000000000001, "y": 978.6087062764157}, "channel": 4}, "attempt": 1}
2026-09-13 11:13:38,768 INFO response {"request_id": "d3fcdd5085ba4b15aea39a49463efb3b", "http_status": 200, "body": {"accepted": true, "real_timestamp_ms": 1789269214708, "virtual_time_s": 666, "measure_result": "no_signal"}}
2026-09-13 11:13:38,768 INFO request {"path": "/measure", "payload": {"arena_id": "default", "robot_id": "202601002029", "request_id": "09cb3f0042554b6482de9de822014d7f", "position": {"x": 565.0000000000001, "y": 978.6087062764157}, "channel": 6}, "attempt": 1}
2026-09-13 11:13:38,794 INFO response {"request_id": "09cb3f0042554b6482de9de822014d7f", "http_status": 200, "body": {"accepted": true, "real_timestamp_ms": 1789269214734, "virtual_time_s": 672, "measure_result": "no_signal"}}
2026-09-13 11:13:38,795 INFO request {"path": "/measure", "payload": {"arena_id": "default", "robot_id": "202601002029", "request_id": "38b8512b14884c6babc48939c481624c", "position": {"x": 565.0000000000001, "y": 978.6087062764157}, "channel": 7}, "attempt": 1}
2026-09-13 11:13:38,810 INFO response {"request_id": "38b8512b14884c6babc48939c481624c", "http_status": 200, "body": {"accepted": true, "real_timestamp_ms": 1789269214749, "virtual_time_s": 678, "measure_result": "no_signal"}}
2026-09-13 11:13:38,810 INFO request {"path": "/measure", "payload": {"arena_id": "default", "robot_id": "202601002029", "request_id": "199e376282c544d2ba286938de8d6a8d", "position": {"x": 565.0000000000001, "y": 978.6087062764157}, "channel": 8}, "attempt": 1}
2026-09-13 11:13:38,826 INFO response {"request_id": "199e376282c544d2ba286938de8d6a8d", "http_status": 200, "body": {"accepted": true, "real_timestamp_ms": 1789269214766, "virtual_time_s": 684, "measure_result": "no_signal"}}
2026-09-13 11:13:38,827 INFO request {"path": "/measure", "payload": {"arena_id": "default", "robot_id": "202601002029", "request_id": "cb594bb7d48f4f1986edf50daa70830d", "position": {"x": 565.0000000000001, "y": 978.6087062764157}, "channel": 10}, "attempt": 1}
2026-09-13 11:13:38,829 INFO response {"request_id": "cb594bb7d48f4f1986edf50daa70830d", "http_status": 200, "body": {"accepted": true, "real_timestamp_ms": 1789269214769, "virtual_time_s": 690, "measure_result": "no_signal"}}
2026-09-13 11:13:38,829 INFO request {"path": "/measure", "payload": {"arena_id": "default", "robot_id": "202601002029", "request_id": "8bfd926639fa498e9dc9df408fc7975a", "position": {"x": 565.0000000000001, "y": 978.6087062764157}, "channel": 12}, "attempt": 1}
2026-09-13 11:13:38,854 INFO response {"request_id": "8bfd926639fa498e9dc9df408fc7975a", "http_status": 200, "body": {"accepted": true, "real_timestamp_ms": 1789269214794, "virtual_time_s": 696, "measure_result": "no_signal"}}
2026-09-13 11:13:38,854 INFO request {"path": "/measure", "payload": {"arena_id": "default", "robot_id": "202601002029", "request_id": "0c1250dd9153424d8328935b5e659d4d", "position": {"x": 565.0000000000001, "y": 978.6087062764157}, "channel": 15}, "attempt": 1}
2026-09-13 11:13:38,871 INFO response {"request_id": "0c1250dd9153424d8328935b5e659d4d", "http_status": 200, "body": {"accepted": true, "real_timestamp_ms": 1789269214811, "virtual_time_s": 702, "measure_result": "no_signal"}}
2026-09-13 11:13:38,871 INFO request {"path": "/measure", "payload": {"arena_id": "default", "robot_id": "202601002029", "request_id": "db9bce1e2f684ef1b52d5411d130f528", "position": {"x": 565.0000000000001, "y": 978.6087062764157}, "channel": 17}, "attempt": 1}
2026-09-13 11:13:38,874 INFO response {"request_id": "db9bce1e2f684ef1b52d5411d130f528", "http_status": 200, "body": {"accepted": true, "real_timestamp_ms": 1789269214814, "virtual_time_s": 708, "measure_result": "no_signal"}}
2026-09-13 11:13:38,874 INFO request {"path": "/measure", "payload": {"arena_id": "default", "robot_id": "202601002029", "request_id": "c9c3ea76e0b34a71a2aa2143c820829b", "position": {"x": 565.0000000000001, "y": 978.6087062764157}, "channel": 20}, "attempt": 1}
2026-09-13 11:13:38,876 INFO response {"request_id": "c9c3ea76e0b34a71a2aa2143c820829b", "http_status": 200, "body": {"accepted": true, "real_timestamp_ms": 1789269214816, "virtual_time_s": 714, "measure_result": "no_signal"}}
2026-09-13 11:13:38,937 INFO request {"path": "/measure", "payload": {"arena_id": "default", "robot_id": "202601002029", "request_id": "d0b89a14635648fa8e0f6d434fb9895f", "position": {"x": 565.0000000000001, "y": 978.6087062764157}, "channel": 9}, "attempt": 1}
2026-09-13 11:13:38,938 INFO response {"request_id": "d0b89a14635648fa8e0f6d434fb9895f", "http_status": 200, "body": {"accepted": true, "real_timestamp_ms": 1789269214878, "virtual_time_s": 720, "measure_result": "direction", "svd_deg": 147.12}}
2026-09-13 11:13:38,957 INFO request {"path": "/measure", "payload": {"arena_id": "default", "robot_id": "202601002029", "request_id": "71d827a4076847b4b47ce8aa6718e71a", "position": {"x": 565.0000000000001, "y": 978.6087062764157}, "channel": 13}, "attempt": 1}
2026-09-13 11:13:38,959 INFO response {"request_id": "71d827a4076847b4b47ce8aa6718e71a", "http_status": 200, "body": {"accepted": true, "real_timestamp_ms": 1789269214899, "virtual_time_s": 726, "measure_result": "direction", "svd_deg": 189.09}}
2026-09-13 11:13:38,961 INFO request {"path": "/measure", "payload": {"arena_id": "default", "robot_id": "202601002029", "request_id": "22a2a874b8b94579942bc685a9142c9f", "position": {"x": -564.9999999999998, "y": 978.6087062764158}, "channel": 1}, "attempt": 1}
2026-09-13 11:13:38,979 INFO response {"request_id": "22a2a874b8b94579942bc685a9142c9f", "http_status": 200, "body": {"accepted": true, "real_timestamp_ms": 1789269214919, "virtual_time_s": 958, "measure_result": "no_signal"}}
2026-09-13 11:13:38,980 INFO request {"path": "/measure", "payload": {"arena_id": "default", "robot_id": "202601002029", "request_id": "c923ff268e2f461baeca54c8a7e45612", "position": {"x": -564.9999999999998, "y": 978.6087062764158}, "channel": 3}, "attempt": 1}
2026-09-13 11:13:38,994 INFO response {"request_id": "c923ff268e2f461baeca54c8a7e45612", "http_status": 200, "body": {"accepted": true, "real_timestamp_ms": 1789269214934, "virtual_time_s": 964, "measure_result": "no_signal"}}
2026-09-13 11:13:38,994 INFO request {"path": "/measure", "payload": {"arena_id": "default", "robot_id": "202601002029", "request_id": "23704a9968c24e178a672a4898dfd1f5", "position": {"x": -564.9999999999998, "y": 978.6087062764158}, "channel": 4}, "attempt": 1}
2026-09-13 11:13:39,009 INFO response {"request_id": "23704a9968c24e178a672a4898dfd1f5", "http_status": 200, "body": {"accepted": true, "real_timestamp_ms": 1789269214950, "virtual_time_s": 970, "measure_result": "no_signal"}}
2026-09-13 11:13:39,009 INFO request {"path": "/measure", "payload": {"arena_id": "default", "robot_id": "202601002029", "request_id": "1c3264c16015457bb4e50e13951819a4", "position": {"x": -564.9999999999998, "y": 978.6087062764158}, "channel": 6}, "attempt": 1}
2026-09-13 11:13:39,025 INFO response {"request_id": "1c3264c16015457bb4e50e13951819a4", "http_status": 200, "body": {"accepted": true, "real_timestamp_ms": 1789269214965, "virtual_time_s": 976, "measure_result": "direction", "svd_deg": 231.44}}
2026-09-13 11:13:39,028 INFO request {"path": "/measure", "payload": {"arena_id": "default", "robot_id": "202601002029", "request_id": "db0c409d616647738fa08f4eddf32e2f", "position": {"x": -564.9999999999998, "y": 978.6087062764158}, "channel": 7}, "attempt": 1}
2026-09-13 11:13:39,029 INFO response {"request_id": "db0c409d616647738fa08f4eddf32e2f", "http_status": 200, "body": {"accepted": true, "real_timestamp_ms": 1789269214969, "virtual_time_s": 982, "measure_result": "direction", "svd_deg": 210.24}}
2026-09-13 11:13:39,032 INFO request {"path": "/measure", "payload": {"arena_id": "default", "robot_id": "202601002029", "request_id": "768757f429ea479fac69685955642101", "position": {"x": -564.9999999999998, "y": 978.6087062764158}, "channel": 8}, "attempt": 1}
2026-09-13 11:13:39,056 INFO response {"request_id": "768757f429ea479fac69685955642101", "http_status": 200, "body": {"accepted": true, "real_timestamp_ms": 1789269214996, "virtual_time_s": 988, "measure_result": "no_signal"}}
2026-09-13 11:13:39,056 INFO request {"path": "/measure", "payload": {"arena_id": "default", "robot_id": "202601002029", "request_id": "2ac380a4fed84d00acb86f9f306fa345", "position": {"x": -564.9999999999998, "y": 978.6087062764158}, "channel": 10}, "attempt": 1}
2026-09-13 11:13:39,057 INFO response {"request_id": "2ac380a4fed84d00acb86f9f306fa345", "http_status": 200, "body": {"accepted": true, "real_timestamp_ms": 1789269214996, "virtual_time_s": 994, "measure_result": "no_signal"}}
2026-09-13 11:13:39,057 INFO request {"path": "/measure", "payload": {"arena_id": "default", "robot_id": "202601002029", "request_id": "6753e5be8021401ba95eaa08b6c96b15", "position": {"x": -564.9999999999998, "y": 978.6087062764158}, "channel": 12}, "attempt": 1}
2026-09-13 11:13:39,057 INFO response {"request_id": "6753e5be8021401ba95eaa08b6c96b15", "http_status": 200, "body": {"accepted": true, "real_timestamp_ms": 1789269214998, "virtual_time_s": 1000, "measure_result": "no_signal"}}
2026-09-13 11:13:39,059 INFO request {"path": "/measure", "payload": {"arena_id": "default", "robot_id": "202601002029", "request_id": "c0228c9e143b4feabc2638e1c73d3300", "position": {"x": -564.9999999999998, "y": 978.6087062764158}, "channel": 15}, "attempt": 1}
2026-09-13 11:13:39,071 INFO response {"request_id": "c0228c9e143b4feabc2638e1c73d3300", "http_status": 200, "body": {"accepted": true, "real_timestamp_ms": 1789269215011, "virtual_time_s": 1006, "measure_result": "no_signal"}}
2026-09-13 11:13:39,071 INFO request {"path": "/measure", "payload": {"arena_id": "default", "robot_id": "202601002029", "request_id": "b9f4ff4052de4554a39d13804115c6fb", "position": {"x": -564.9999999999998, "y": 978.6087062764158}, "channel": 17}, "attempt": 1}
2026-09-13 11:13:39,072 INFO response {"request_id": "b9f4ff4052de4554a39d13804115c6fb", "http_status": 200, "body": {"accepted": true, "real_timestamp_ms": 1789269215012, "virtual_time_s": 1012, "measure_result": "no_signal"}}
2026-09-13 11:13:39,072 INFO request {"path": "/measure", "payload": {"arena_id": "default", "robot_id": "202601002029", "request_id": "2251a7c9e2714f7e8ff31850986ae208", "position": {"x": -564.9999999999998, "y": 978.6087062764158}, "channel": 20}, "attempt": 1}
2026-09-13 11:13:39,087 INFO response {"request_id": "2251a7c9e2714f7e8ff31850986ae208", "http_status": 200, "body": {"accepted": true, "real_timestamp_ms": 1789269215027, "virtual_time_s": 1018, "measure_result": "no_signal"}}
2026-09-13 11:13:39,135 INFO request {"path": "/measure", "payload": {"arena_id": "default", "robot_id": "202601002029", "request_id": "0db7e7e770be4cd89529eb9b1cc36e57", "position": {"x": -564.9999999999998, "y": 978.6087062764158}, "channel": 2}, "attempt": 1}
2026-09-13 11:13:39,137 INFO response {"request_id": "0db7e7e770be4cd89529eb9b1cc36e57", "http_status": 200, "body": {"accepted": true, "real_timestamp_ms": 1789269215077, "virtual_time_s": 1024, "measure_result": "direction", "svd_deg": 203.98}}
2026-09-13 11:13:39,175 INFO request {"path": "/measure", "payload": {"arena_id": "default", "robot_id": "202601002029", "request_id": "5505c0190c484fe8984e7e5d18f076ca", "position": {"x": -564.9999999999998, "y": 978.6087062764158}, "channel": 18}, "attempt": 1}
2026-09-13 11:13:39,195 INFO response {"request_id": "5505c0190c484fe8984e7e5d18f076ca", "http_status": 200, "body": {"accepted": true, "real_timestamp_ms": 1789269215135, "virtual_time_s": 1030, "measure_result": "direction", "svd_deg": 346.24}}
2026-09-13 11:13:39,201 INFO request {"path": "/measure", "payload": {"arena_id": "default", "robot_id": "202601002029", "request_id": "1fdda0df0f354b8c8ac1db5494acdba3", "position": {"x": -1130.0, "y": 1.3838508830365092e-13}, "channel": 1}, "attempt": 1}
2026-09-13 11:13:39,203 INFO response {"request_id": "1fdda0df0f354b8c8ac1db5494acdba3", "http_status": 200, "body": {"accepted": true, "real_timestamp_ms": 1789269215143, "virtual_time_s": 1262, "measure_result": "no_signal"}}
2026-09-13 11:13:39,203 INFO request {"path": "/measure", "payload": {"arena_id": "default", "robot_id": "202601002029", "request_id": "abfc4ddab3844a7b9ba53b43847bc7fa", "position": {"x": -1130.0, "y": 1.3838508830365092e-13}, "channel": 3}, "attempt": 1}
2026-09-13 11:13:39,205 INFO response {"request_id": "abfc4ddab3844a7b9ba53b43847bc7fa", "http_status": 200, "body": {"accepted": true, "real_timestamp_ms": 1789269215145, "virtual_time_s": 1268, "measure_result": "no_signal"}}
2026-09-13 11:13:39,205 INFO request {"path": "/measure", "payload": {"arena_id": "default", "robot_id": "202601002029", "request_id": "fff15e2bf8c34d57ac65a7bbd2b7042d", "position": {"x": -1130.0, "y": 1.3838508830365092e-13}, "channel": 4}, "attempt": 1}
2026-09-13 11:13:39,226 INFO response {"request_id": "fff15e2bf8c34d57ac65a7bbd2b7042d", "http_status": 200, "body": {"accepted": true, "real_timestamp_ms": 1789269215166, "virtual_time_s": 1274, "measure_result": "no_signal"}}
2026-09-13 11:13:39,226 INFO request {"path": "/measure", "payload": {"arena_id": "default", "robot_id": "202601002029", "request_id": "ae0ad3ba44fc4017bf01dfb071dec508", "position": {"x": -1130.0, "y": 1.3838508830365092e-13}, "channel": 8}, "attempt": 1}
2026-09-13 11:13:39,228 INFO response {"request_id": "ae0ad3ba44fc4017bf01dfb071dec508", "http_status": 200, "body": {"accepted": true, "real_timestamp_ms": 1789269215168, "virtual_time_s": 1280, "measure_result": "no_signal"}}
2026-09-13 11:13:39,229 INFO request {"path": "/measure", "payload": {"arena_id": "default", "robot_id": "202601002029", "request_id": "cf0ed882d0fb40bca746f226293af0e3", "position": {"x": -1130.0, "y": 1.3838508830365092e-13}, "channel": 10}, "attempt": 1}
2026-09-13 11:13:39,241 INFO response {"request_id": "cf0ed882d0fb40bca746f226293af0e3", "http_status": 200, "body": {"accepted": true, "real_timestamp_ms": 1789269215181, "virtual_time_s": 1286, "measure_result": "no_signal"}}
2026-09-13 11:13:39,241 INFO request {"path": "/measure", "payload": {"arena_id": "default", "robot_id": "202601002029", "request_id": "5aeb0413c8254eb5b1432e8bbb498405", "position": {"x": -1130.0, "y": 1.3838508830365092e-13}, "channel": 12}, "attempt": 1}
2026-09-13 11:13:39,257 INFO response {"request_id": "5aeb0413c8254eb5b1432e8bbb498405", "http_status": 200, "body": {"accepted": true, "real_timestamp_ms": 1789269215196, "virtual_time_s": 1292, "measure_result": "no_signal"}}
2026-09-13 11:13:39,257 INFO request {"path": "/measure", "payload": {"arena_id": "default", "robot_id": "202601002029", "request_id": "9dbff9435db54f7992c0a1739d3dc9d8", "position": {"x": -1130.0, "y": 1.3838508830365092e-13}, "channel": 15}, "attempt": 1}
2026-09-13 11:13:39,259 INFO response {"request_id": "9dbff9435db54f7992c0a1739d3dc9d8", "http_status": 200, "body": {"accepted": true, "real_timestamp_ms": 1789269215199, "virtual_time_s": 1298, "measure_result": "no_signal"}}
2026-09-13 11:13:39,260 INFO request {"path": "/measure", "payload": {"arena_id": "default", "robot_id": "202601002029", "request_id": "6e143e018e3847ffa0ba1c2708bf1d20", "position": {"x": -1130.0, "y": 1.3838508830365092e-13}, "channel": 17}, "attempt": 1}
2026-09-13 11:13:39,272 INFO response {"request_id": "6e143e018e3847ffa0ba1c2708bf1d20", "http_status": 200, "body": {"accepted": true, "real_timestamp_ms": 1789269215211, "virtual_time_s": 1304, "measure_result": "no_signal"}}
2026-09-13 11:13:39,273 INFO request {"path": "/measure", "payload": {"arena_id": "default", "robot_id": "202601002029", "request_id": "348104fe121f47998d2bf71d71fe429d", "position": {"x": -1130.0, "y": 1.3838508830365092e-13}, "channel": 20}, "attempt": 1}
2026-09-13 11:13:39,289 INFO response {"request_id": "348104fe121f47998d2bf71d71fe429d", "http_status": 200, "body": {"accepted": true, "real_timestamp_ms": 1789269215228, "virtual_time_s": 1310, "measure_result": "no_signal"}}
2026-09-13 11:13:39,348 INFO request {"path": "/measure", "payload": {"arena_id": "default", "robot_id": "202601002029", "request_id": "8a283fdd9a0c4524be89017cb88c3a39", "position": {"x": -1130.0, "y": 1.3838508830365092e-13}, "channel": 16}, "attempt": 1}
2026-09-13 11:13:39,350 INFO response {"request_id": "8a283fdd9a0c4524be89017cb88c3a39", "http_status": 200, "body": {"accepted": true, "real_timestamp_ms": 1789269215290, "virtual_time_s": 1316, "measure_result": "direction", "svd_deg": 5.09}}
2026-09-13 11:13:39,391 INFO request {"path": "/measure", "payload": {"arena_id": "default", "robot_id": "202601002029", "request_id": "43d0c4aa19de47d59f80e92dfff6a697", "position": {"x": -1130.0, "y": 1.3838508830365092e-13}, "channel": 7}, "attempt": 1}
2026-09-13 11:13:39,410 INFO response {"request_id": "43d0c4aa19de47d59f80e92dfff6a697", "http_status": 200, "body": {"accepted": true, "real_timestamp_ms": 1789269215350, "virtual_time_s": 1322, "measure_result": "direction", "svd_deg": 118.59}}
2026-09-13 11:13:39,412 INFO request {"path": "/measure", "payload": {"arena_id": "default", "robot_id": "202601002029", "request_id": "7f735588f53f4e75b639160d3c590362", "position": {"x": -565.0000000000005, "y": -978.6087062764154}, "channel": 1}, "attempt": 1}
2026-09-13 11:13:39,426 INFO response {"request_id": "7f735588f53f4e75b639160d3c590362", "http_status": 200, "body": {"accepted": true, "real_timestamp_ms": 1789269215365, "virtual_time_s": 1554, "measure_result": "no_signal"}}
2026-09-13 11:13:39,426 INFO request {"path": "/measure", "payload": {"arena_id": "default", "robot_id": "202601002029", "request_id": "c59406e4c8294c59974cbd63c8b1ea80", "position": {"x": -565.0000000000005, "y": -978.6087062764154}, "channel": 3}, "attempt": 1}
2026-09-13 11:13:39,427 INFO response {"request_id": "c59406e4c8294c59974cbd63c8b1ea80", "http_status": 200, "body": {"accepted": true, "real_timestamp_ms": 1789269215366, "virtual_time_s": 1560, "measure_result": "no_signal"}}
2026-09-13 11:13:39,427 INFO request {"path": "/measure", "payload": {"arena_id": "default", "robot_id": "202601002029", "request_id": "70b2667722b54072879dcae090075186", "position": {"x": -565.0000000000005, "y": -978.6087062764154}, "channel": 4}, "attempt": 1}
2026-09-13 11:13:39,441 INFO response {"request_id": "70b2667722b54072879dcae090075186", "http_status": 200, "body": {"accepted": true, "real_timestamp_ms": 1789269215381, "virtual_time_s": 1566, "measure_result": "no_signal"}}
2026-09-13 11:13:39,441 INFO request {"path": "/measure", "payload": {"arena_id": "default", "robot_id": "202601002029", "request_id": "26430a1d9a2a4ca5bb0cea8bf2ea5954", "position": {"x": -565.0000000000005, "y": -978.6087062764154}, "channel": 8}, "attempt": 1}
2026-09-13 11:13:39,456 INFO response {"request_id": "26430a1d9a2a4ca5bb0cea8bf2ea5954", "http_status": 200, "body": {"accepted": true, "real_timestamp_ms": 1789269215396, "virtual_time_s": 1572, "measure_result": "direction", "svd_deg": 327.42}}
2026-09-13 11:13:39,459 INFO request {"path": "/measure", "payload": {"arena_id": "default", "robot_id": "202601002029", "request_id": "605ed846a88043e4a85b1972ec498c77", "position": {"x": -565.0000000000005, "y": -978.6087062764154}, "channel": 10}, "attempt": 1}
2026-09-13 11:13:39,472 INFO response {"request_id": "605ed846a88043e4a85b1972ec498c77", "http_status": 200, "body": {"accepted": true, "real_timestamp_ms": 1789269215412, "virtual_time_s": 1578, "measure_result": "no_signal"}}
2026-09-13 11:13:39,472 INFO request {"path": "/measure", "payload": {"arena_id": "default", "robot_id": "202601002029", "request_id": "23d552d835494083b94d38e6e2a09b18", "position": {"x": -565.0000000000005, "y": -978.6087062764154}, "channel": 12}, "attempt": 1}
2026-09-13 11:13:39,474 INFO response {"request_id": "23d552d835494083b94d38e6e2a09b18", "http_status": 200, "body": {"accepted": true, "real_timestamp_ms": 1789269215414, "virtual_time_s": 1584, "measure_result": "no_signal"}}
2026-09-13 11:13:39,474 INFO request {"path": "/measure", "payload": {"arena_id": "default", "robot_id": "202601002029", "request_id": "062fc64c12cc434181bd35098e9c4093", "position": {"x": -565.0000000000005, "y": -978.6087062764154}, "channel": 15}, "attempt": 1}
2026-09-13 11:13:39,475 INFO response {"request_id": "062fc64c12cc434181bd35098e9c4093", "http_status": 200, "body": {"accepted": true, "real_timestamp_ms": 1789269215415, "virtual_time_s": 1590, "measure_result": "no_signal"}}
2026-09-13 11:13:39,475 INFO request {"path": "/measure", "payload": {"arena_id": "default", "robot_id": "202601002029", "request_id": "2583d3094bdb4c878dd9c03619e43bb7", "position": {"x": -565.0000000000005, "y": -978.6087062764154}, "channel": 17}, "attempt": 1}
2026-09-13 11:13:39,487 INFO response {"request_id": "2583d3094bdb4c878dd9c03619e43bb7", "http_status": 200, "body": {"accepted": true, "real_timestamp_ms": 1789269215428, "virtual_time_s": 1596, "measure_result": "no_signal"}}
2026-09-13 11:13:39,488 INFO request {"path": "/measure", "payload": {"arena_id": "default", "robot_id": "202601002029", "request_id": "a88d27ca35974481a9a599aecc0a960f", "position": {"x": -565.0000000000005, "y": -978.6087062764154}, "channel": 20}, "attempt": 1}
2026-09-13 11:13:39,502 INFO response {"request_id": "a88d27ca35974481a9a599aecc0a960f", "http_status": 200, "body": {"accepted": true, "real_timestamp_ms": 1789269215442, "virtual_time_s": 1602, "measure_result": "no_signal"}}
2026-09-13 11:13:39,530 INFO request {"path": "/measure", "payload": {"arena_id": "default", "robot_id": "202601002029", "request_id": "f8c83474cc384e60997af93d889a8730", "position": {"x": -565.0000000000005, "y": -978.6087062764154}, "channel": 19}, "attempt": 1}
2026-09-13 11:13:39,548 INFO response {"request_id": "f8c83474cc384e60997af93d889a8730", "http_status": 200, "body": {"accepted": true, "real_timestamp_ms": 1789269215488, "virtual_time_s": 1608, "measure_result": "direction", "svd_deg": 46.85}}
2026-09-13 11:13:39,569 INFO request {"path": "/measure", "payload": {"arena_id": "default", "robot_id": "202601002029", "request_id": "c98aae39330b4c9081b554dd08d7aa24", "position": {"x": -565.0000000000005, "y": -978.6087062764154}, "channel": 11}, "attempt": 1}
2026-09-13 11:13:39,571 INFO response {"request_id": "c98aae39330b4c9081b554dd08d7aa24", "http_status": 200, "body": {"accepted": true, "real_timestamp_ms": 1789269215511, "virtual_time_s": 1614, "measure_result": "direction", "svd_deg": 334.28}}
2026-09-13 11:13:39,573 INFO request {"path": "/measure", "payload": {"arena_id": "default", "robot_id": "202601002029", "request_id": "3b8e7bdc0aa94d32a42d5caab2321e4d", "position": {"x": 565.0000000000001, "y": -978.6087062764157}, "channel": 1}, "attempt": 1}
2026-09-13 11:13:39,574 INFO response {"request_id": "3b8e7bdc0aa94d32a42d5caab2321e4d", "http_status": 200, "body": {"accepted": true, "real_timestamp_ms": 1789269215514, "virtual_time_s": 1846, "measure_result": "no_signal"}}
2026-09-13 11:13:39,574 INFO request {"path": "/measure", "payload": {"arena_id": "default", "robot_id": "202601002029", "request_id": "ca6114e213304f7fac14331e20a49e52", "position": {"x": 565.0000000000001, "y": -978.6087062764157}, "channel": 3}, "attempt": 1}
2026-09-13 11:13:39,594 INFO response {"request_id": "ca6114e213304f7fac14331e20a49e52", "http_status": 200, "body": {"accepted": true, "real_timestamp_ms": 1789269215534, "virtual_time_s": 1852, "measure_result": "no_signal"}}
2026-09-13 11:13:39,594 INFO request {"path": "/measure", "payload": {"arena_id": "default", "robot_id": "202601002029", "request_id": "efa275f917dd42aeac55b1e58ee113f0", "position": {"x": 565.0000000000001, "y": -978.6087062764157}, "channel": 4}, "attempt": 1}
2026-09-13 11:13:39,609 INFO response {"request_id": "efa275f917dd42aeac55b1e58ee113f0", "http_status": 200, "body": {"accepted": true, "real_timestamp_ms": 1789269215549, "virtual_time_s": 1858, "measure_result": "no_signal"}}
2026-09-13 11:13:39,609 INFO request {"path": "/measure", "payload": {"arena_id": "default", "robot_id": "202601002029", "request_id": "cf1af55338444259bb0880be423fe9e9", "position": {"x": 565.0000000000001, "y": -978.6087062764157}, "channel": 10}, "attempt": 1}
2026-09-13 11:13:39,626 INFO response {"request_id": "cf1af55338444259bb0880be423fe9e9", "http_status": 200, "body": {"accepted": true, "real_timestamp_ms": 1789269215566, "virtual_time_s": 1864, "measure_result": "no_signal"}}
2026-09-13 11:13:39,626 INFO request {"path": "/measure", "payload": {"arena_id": "default", "robot_id": "202601002029", "request_id": "44b98d9f6d0548b0a55c0a27d8518c5f", "position": {"x": 565.0000000000001, "y": -978.6087062764157}, "channel": 12}, "attempt": 1}
2026-09-13 11:13:39,627 INFO response {"request_id": "44b98d9f6d0548b0a55c0a27d8518c5f", "http_status": 200, "body": {"accepted": true, "real_timestamp_ms": 1789269215567, "virtual_time_s": 1870, "measure_result": "no_signal"}}
2026-09-13 11:13:39,627 INFO request {"path": "/measure", "payload": {"arena_id": "default", "robot_id": "202601002029", "request_id": "8d917dde2b40421b815c0efb4d4b37d6", "position": {"x": 565.0000000000001, "y": -978.6087062764157}, "channel": 15}, "attempt": 1}
2026-09-13 11:13:39,628 INFO response {"request_id": "8d917dde2b40421b815c0efb4d4b37d6", "http_status": 200, "body": {"accepted": true, "real_timestamp_ms": 1789269215568, "virtual_time_s": 1876, "measure_result": "no_signal"}}
2026-09-13 11:13:39,628 INFO request {"path": "/measure", "payload": {"arena_id": "default", "robot_id": "202601002029", "request_id": "c3467c5244e842f58c1bf2c490a2077e", "position": {"x": 565.0000000000001, "y": -978.6087062764157}, "channel": 17}, "attempt": 1}
2026-09-13 11:13:39,641 INFO response {"request_id": "c3467c5244e842f58c1bf2c490a2077e", "http_status": 200, "body": {"accepted": true, "real_timestamp_ms": 1789269215581, "virtual_time_s": 1882, "measure_result": "no_signal"}}
2026-09-13 11:13:39,641 INFO request {"path": "/measure", "payload": {"arena_id": "default", "robot_id": "202601002029", "request_id": "6e43da5eb33c42d984561ba06fe1c993", "position": {"x": 565.0000000000001, "y": -978.6087062764157}, "channel": 20}, "attempt": 1}
2026-09-13 11:13:39,642 INFO response {"request_id": "6e43da5eb33c42d984561ba06fe1c993", "http_status": 200, "body": {"accepted": true, "real_timestamp_ms": 1789269215582, "virtual_time_s": 1888, "measure_result": "no_signal"}}
2026-09-13 11:13:39,661 INFO request {"path": "/measure", "payload": {"arena_id": "default", "robot_id": "202601002029", "request_id": "b969b7b9820945efab997a80b6f10b4e", "position": {"x": 565.0000000000001, "y": -978.6087062764157}, "channel": 11}, "attempt": 1}
2026-09-13 11:13:39,687 INFO response {"request_id": "b969b7b9820945efab997a80b6f10b4e", "http_status": 200, "body": {"accepted": true, "real_timestamp_ms": 1789269215627, "virtual_time_s": 1894, "measure_result": "direction", "svd_deg": 218.6}}
2026-09-13 11:13:39,701 INFO request {"path": "/measure", "payload": {"arena_id": "default", "robot_id": "202601002029", "request_id": "50ba4e617eec4b8aa400abd6e6b9070c", "position": {"x": 565.0000000000001, "y": -978.6087062764157}, "channel": 8}, "attempt": 1}
2026-09-13 11:13:39,718 INFO response {"request_id": "50ba4e617eec4b8aa400abd6e6b9070c", "http_status": 200, "body": {"accepted": true, "real_timestamp_ms": 1789269215658, "virtual_time_s": 1900, "measure_result": "direction", "svd_deg": 206.34}}
2026-09-13 11:13:45,499 INFO request {"path": "/measure", "payload": {"arena_id": "default", "robot_id": "202601002029", "request_id": "e8e0ec18830042aba8a27f73a5a2617a", "position": {"x": 1199.1890147238673, "y": -824.231525216999}, "channel": 5}, "attempt": 1}
2026-09-13 11:13:45,520 INFO response {"request_id": "e8e0ec18830042aba8a27f73a5a2617a", "http_status": 200, "body": {"accepted": true, "real_timestamp_ms": 1789269221460, "virtual_time_s": 2036.541644, "measure_result": "direction", "svd_deg": 51.68}}
2026-09-13 11:13:45,530 INFO request {"path": "/clear", "payload": {"arena_id": "default", "robot_id": "202601002029", "request_id": "08194cbf402547179a231d8502e7b823", "position": {"x": 1550.323420319452, "y": -379.6400418215161}, "channel": 5}, "attempt": 1}
2026-09-13 11:13:45,552 INFO response {"request_id": "08194cbf402547179a231d8502e7b823", "http_status": 200, "body": {"accepted": true, "real_timestamp_ms": 1789269221491, "virtual_time_s": 2154.847771, "clear_result": "success"}}
2026-09-13 11:13:45,559 INFO request {"path": "/clear", "payload": {"arena_id": "default", "robot_id": "202601002029", "request_id": "e205dc8cc567426f86012eefc2300412", "position": {"x": 133.94078422863853, "y": -237.6248502921768}, "channel": 19}, "attempt": 1}
2026-09-13 11:13:45,561 INFO response {"request_id": "e205dc8cc567426f86012eefc2300412", "http_status": 200, "body": {"accepted": true, "real_timestamp_ms": 1789269221501, "virtual_time_s": 2444.544669, "clear_result": "success"}}
2026-09-13 11:13:45,582 INFO request {"path": "/measure", "payload": {"arena_id": "default", "robot_id": "202601002029", "request_id": "1d03469e53774da4832b136f088e8ab9", "position": {"x": 133.94078422863853, "y": -237.6248502921768}, "channel": 8}, "attempt": 1}
2026-09-13 11:13:45,583 INFO response {"request_id": "1d03469e53774da4832b136f088e8ab9", "http_status": 200, "body": {"accepted": true, "real_timestamp_ms": 1789269221523, "virtual_time_s": 2450.544669, "measure_result": "direction", "svd_deg": 258.13}}
2026-09-13 11:13:45,589 INFO request {"path": "/measure", "payload": {"arena_id": "default", "robot_id": "202601002029", "request_id": "35edbc904c2540be8df213ed5c4ab29e", "position": {"x": -225.30583210594716, "y": -272.46172974705115}, "channel": 16}, "attempt": 1}
2026-09-13 11:13:45,613 INFO response {"request_id": "35edbc904c2540be8df213ed5c4ab29e", "http_status": 200, "body": {"accepted": true, "real_timestamp_ms": 1789269221553, "virtual_time_s": 2528.731022, "measure_result": "direction", "svd_deg": 126.34}}
2026-09-13 11:13:45,630 INFO request {"path": "/measure", "payload": {"arena_id": "default", "robot_id": "202601002029", "request_id": "6125fe4433744003b16cbc4e5dda466f", "position": {"x": -225.30583210594716, "y": -272.46172974705115}, "channel": 6}, "attempt": 1}
2026-09-13 11:13:45,632 INFO response {"request_id": "6125fe4433744003b16cbc4e5dda466f", "http_status": 200, "body": {"accepted": true, "real_timestamp_ms": 1789269221572, "virtual_time_s": 2534.731022, "measure_result": "direction", "svd_deg": 146.71}}
2026-09-13 11:13:46,485 INFO request {"path": "/measure", "payload": {"arena_id": "default", "robot_id": "202601002029", "request_id": "696d5ce65bbe4150a13c05e3f17bf9bf", "position": {"x": -226.21882777753052, "y": 452.34265298349476}, "channel": 13}, "attempt": 1}
2026-09-13 11:13:46,487 INFO response {"request_id": "696d5ce65bbe4150a13c05e3f17bf9bf", "http_status": 200, "body": {"accepted": true, "real_timestamp_ms": 1789269222427, "virtual_time_s": 2685.692014, "measure_result": "direction", "svd_deg": 92.29}}
2026-09-13 11:13:46,509 INFO request {"path": "/measure", "payload": {"arena_id": "default", "robot_id": "202601002029", "request_id": "e167bd027a55402f94b4ab43b9ba55cf", "position": {"x": -226.21882777753052, "y": 452.34265298349476}, "channel": 9}, "attempt": 1}
2026-09-13 11:13:46,510 INFO response {"request_id": "e167bd027a55402f94b4ab43b9ba55cf", "http_status": 200, "body": {"accepted": true, "real_timestamp_ms": 1789269222450, "virtual_time_s": 2691.692014, "measure_result": "direction", "svd_deg": 54.05}}
2026-09-13 11:13:46,523 INFO request {"path": "/measure", "payload": {"arena_id": "default", "robot_id": "202601002029", "request_id": "cbf9833c6078436cb629f85c599bd813", "position": {"x": -226.21882777753052, "y": 452.34265298349476}, "channel": 2}, "attempt": 1}
2026-09-13 11:13:46,535 INFO response {"request_id": "cbf9833c6078436cb629f85c599bd813", "http_status": 200, "body": {"accepted": true, "real_timestamp_ms": 1789269222475, "virtual_time_s": 2697.692014, "measure_result": "direction", "svd_deg": 148.97}}
2026-09-13 11:13:46,540 INFO request {"path": "/clear", "payload": {"arena_id": "default", "robot_id": "202601002029", "request_id": "11c84c557b744cd4be0fa083f747442b", "position": {"x": -239.33549577043095, "y": 850.4202978761409}, "channel": 13}, "attempt": 1}
2026-09-13 11:13:46,541 INFO response {"request_id": "11c84c557b744cd4be0fa083f747442b", "http_status": 200, "body": {"accepted": true, "real_timestamp_ms": 1789269222481, "virtual_time_s": 2782.350751, "clear_result": "success"}}
2026-09-13 11:13:46,554 INFO request {"path": "/clear", "payload": {"arena_id": "default", "robot_id": "202601002029", "request_id": "18291798f29e4ba6abaac75790546feb", "position": {"x": 108.85519446610556, "y": 813.3105246952057}, "channel": 18}, "attempt": 1}
2026-09-13 11:13:46,567 INFO response {"request_id": "18291798f29e4ba6abaac75790546feb", "http_status": 200, "body": {"accepted": true, "real_timestamp_ms": 1789269222507, "virtual_time_s": 2857.383284, "clear_result": "success"}}
2026-09-13 11:13:46,568 INFO request {"path": "/clear", "payload": {"arena_id": "default", "robot_id": "202601002029", "request_id": "2811956226db4892b64544953fc44a5c", "position": {"x": 288.2915867669089, "y": 1158.604198308497}, "channel": 9}, "attempt": 1}
2026-09-13 11:13:46,584 INFO response {"request_id": "2811956226db4892b64544953fc44a5c", "http_status": 200, "body": {"accepted": true, "real_timestamp_ms": 1789269222524, "virtual_time_s": 2940.210051, "clear_result": "success"}}
2026-09-13 11:13:46,602 INFO request {"path": "/measure", "payload": {"arena_id": "default", "robot_id": "202601002029", "request_id": "02e80955789241c8a102c64ff54ebd80", "position": {"x": 288.2915867669089, "y": 1158.604198308497}, "channel": 14}, "attempt": 1}
2026-09-13 11:13:46,615 INFO response {"request_id": "02e80955789241c8a102c64ff54ebd80", "http_status": 200, "body": {"accepted": true, "real_timestamp_ms": 1789269222554, "virtual_time_s": 2946.210051, "measure_result": "direction", "svd_deg": 197.87}}
2026-09-13 11:13:47,396 INFO request {"path": "/measure", "payload": {"arena_id": "default", "robot_id": "202601002029", "request_id": "575f07e86a804558aa6e228e817032c1", "position": {"x": -564.9999999999998, "y": 978.6087062764158}, "channel": 14}, "attempt": 1}
2026-09-13 11:13:47,423 INFO response {"request_id": "575f07e86a804558aa6e228e817032c1", "http_status": 200, "body": {"accepted": true, "real_timestamp_ms": 1789269223362, "virtual_time_s": 3125.623916, "measure_result": "direction", "svd_deg": 266.2}}
2026-09-13 11:13:47,432 INFO request {"path": "/clear", "payload": {"arena_id": "default", "robot_id": "202601002029", "request_id": "6183bbf95a684fa89ac64acdfa0b03b4", "position": {"x": -573.3446563832949, "y": 879.2348437615711}, "channel": 14}, "attempt": 1}
2026-09-13 11:13:47,454 INFO response {"request_id": "6183bbf95a684fa89ac64acdfa0b03b4", "http_status": 200, "body": {"accepted": true, "real_timestamp_ms": 1789269223394, "virtual_time_s": 3150.568637, "clear_result": "success"}}
2026-09-13 11:13:47,473 INFO request {"path": "/measure", "payload": {"arena_id": "default", "robot_id": "202601002029", "request_id": "24a9ed55e1ad4194a1f4396ab06d49b2", "position": {"x": -573.3446563832949, "y": 879.2348437615711}, "channel": 6}, "attempt": 1}
2026-09-13 11:13:47,474 INFO response {"request_id": "24a9ed55e1ad4194a1f4396ab06d49b2", "http_status": 200, "body": {"accepted": true, "real_timestamp_ms": 1789269223414, "virtual_time_s": 3156.568637, "measure_result": "direction", "svd_deg": 227.19}}
2026-09-13 11:13:48,495 INFO request {"path": "/clear", "payload": {"arena_id": "default", "robot_id": "202601002029", "request_id": "c24e5550959640a2bca4b75b93a9c0fe", "position": {"x": -871.2900314330432, "y": 842.700807059588}, "channel": 2}, "attempt": 1}
2026-09-13 11:13:48,515 INFO response {"request_id": "c24e5550959640a2bca4b75b93a9c0fe", "http_status": 200, "body": {"accepted": true, "real_timestamp_ms": 1789269224455, "virtual_time_s": 3221.604021, "clear_result": "success"}}
2026-09-13 11:13:48,533 INFO request {"path": "/measure", "payload": {"arena_id": "default", "robot_id": "202601002029", "request_id": "52eda0fe508049a68f30d6749e5956c3", "position": {"x": -871.2900314330432, "y": 842.700807059588}, "channel": 6}, "attempt": 1}
2026-09-13 11:13:48,535 INFO response {"request_id": "52eda0fe508049a68f30d6749e5956c3", "http_status": 200, "body": {"accepted": true, "real_timestamp_ms": 1789269224475, "virtual_time_s": 3226.604021, "measure_result": "direction", "svd_deg": 245.75}}
2026-09-13 11:13:49,679 INFO request {"path": "/measure", "payload": {"arena_id": "default", "robot_id": "202601002029", "request_id": "cd37a4d92c4943c88063f7d43f8f4479", "position": {"x": -851.2524191106279, "y": 643.7071034094056}, "channel": 6}, "attempt": 1}
2026-09-13 11:13:49,679 INFO response {"request_id": "cd37a4d92c4943c88063f7d43f8f4479", "http_status": 200, "body": {"accepted": true, "real_timestamp_ms": 1789269225620, "virtual_time_s": 3271.604021, "measure_result": "direction", "svd_deg": 231.97}}
2026-09-13 11:13:49,685 INFO request {"path": "/clear", "payload": {"arena_id": "default", "robot_id": "202601002029", "request_id": "b6b7f265846941da81b018623c7fa480", "position": {"x": -1398.2978934178818, "y": 492.7035999106478}, "channel": 7}, "attempt": 1}
2026-09-13 11:13:49,687 INFO response {"request_id": "b6b7f265846941da81b018623c7fa480", "http_status": 200, "body": {"accepted": true, "real_timestamp_ms": 1789269225627, "virtual_time_s": 3390.104824, "clear_result": "success"}}
2026-09-13 11:13:49,687 INFO request {"path": "/clear", "payload": {"arena_id": "default", "robot_id": "202601002029", "request_id": "4edad991e2934614b9bc19681ee19941", "position": {"x": -1111.4953568083004, "y": 309.2880386485357}, "channel": 6}, "attempt": 1}
2026-09-13 11:13:49,688 INFO response {"request_id": "4edad991e2934614b9bc19681ee19941", "http_status": 200, "body": {"accepted": true, "real_timestamp_ms": 1789269225628, "virtual_time_s": 3463.19211, "clear_result": "success"}}
2026-09-13 11:13:49,688 INFO request {"path": "/clear", "payload": {"arena_id": "default", "robot_id": "202601002029", "request_id": "7c9b1732023a453e96942f44f5f745b5", "position": {"x": -470.8257596732426, "y": 60.83863603660286}, "channel": 16}, "attempt": 1}
2026-09-13 11:13:49,688 INFO response {"request_id": "7c9b1732023a453e96942f44f5f745b5", "http_status": 200, "body": {"accepted": true, "real_timestamp_ms": 1789269225629, "virtual_time_s": 3605.623495, "clear_result": "success"}}
2026-09-13 11:13:49,689 INFO request {"path": "/clear", "payload": {"arena_id": "default", "robot_id": "202601002029", "request_id": "e5b83f6893f042e1b976a6150d3a8da0", "position": {"x": -79.52143063032747, "y": -1293.5431083523379}, "channel": 8}, "attempt": 1}
2026-09-13 11:13:49,716 INFO response {"request_id": "e5b83f6893f042e1b976a6150d3a8da0", "http_status": 200, "body": {"accepted": true, "real_timestamp_ms": 1789269225655, "virtual_time_s": 3892.578739, "clear_result": "success"}}
2026-09-13 11:13:49,716 INFO request {"path": "/clear", "payload": {"arena_id": "default", "robot_id": "202601002029", "request_id": "2682ddf4c2c24afdbb6fecf27e29c9bf", "position": {"x": 135.44704531985911, "y": -1315.9668389638932}, "channel": 11}, "attempt": 1}
2026-09-13 11:13:49,718 INFO response {"request_id": "2682ddf4c2c24afdbb6fecf27e29c9bf", "http_status": 200, "body": {"accepted": true, "real_timestamp_ms": 1789269225658, "virtual_time_s": 3940.805707, "clear_result": "success"}}
2026-09-13 11:13:49,718 INFO request {"path": "/exit", "payload": {"arena_id": "default", "robot_id": "202601002029", "request_id": "561f99a006944f64bfe449f41b8397a9"}, "attempt": 1}
2026-09-13 11:13:49,720 INFO response {"request_id": "561f99a006944f64bfe449f41b8397a9", "http_status": 200, "body": {"accepted": true, "real_timestamp_ms": 1789269225660, "virtual_time_s": 3940.805707, "exit_reason": "user_exit"}}
