2026-09-12 14:09:06,763 INFO request {"path": "/enter", "payload": {"arena_id": "default", "robot_id": "202601002029", "request_id": "3e383add445a4b89bdb57fd853881e34"}, "attempt": 1}
2026-09-12 14:09:06,768 INFO response {"request_id": "3e383add445a4b89bdb57fd853881e34", "http_status": 200, "body": {"accepted": true, "real_timestamp_ms": 1789193343410, "virtual_time_s": 0, "max_virtual_duration_s": 360000, "max_real_duration_s": 1200, "remaining_real_duration_s": 1200}}
2026-09-12 14:09:06,768 INFO request {"path": "/measure", "payload": {"arena_id": "default", "robot_id": "202601002029", "request_id": "c8ddcd30b441489fbd226aa3a653eab6", "position": {"x": 0.0, "y": 0.0}, "channel": 1}, "attempt": 1}
2026-09-12 14:09:06,769 INFO response {"request_id": "c8ddcd30b441489fbd226aa3a653eab6", "http_status": 200, "body": {"accepted": true, "real_timestamp_ms": 1789193343411, "virtual_time_s": 5, "measure_result": "no_signal"}}
2026-09-12 14:09:06,770 INFO request {"path": "/measure", "payload": {"arena_id": "default", "robot_id": "202601002029", "request_id": "505d68018a464717b2f13a40235e471b", "position": {"x": 0.0, "y": 0.0}, "channel": 2}, "attempt": 1}
2026-09-12 14:09:06,770 INFO response {"request_id": "505d68018a464717b2f13a40235e471b", "http_status": 200, "body": {"accepted": true, "real_timestamp_ms": 1789193343412, "virtual_time_s": 11, "measure_result": "no_signal"}}
2026-09-12 14:09:06,771 INFO request {"path": "/measure", "payload": {"arena_id": "default", "robot_id": "202601002029", "request_id": "512a09d39b694f258b6c1bc7e3ccedf0", "position": {"x": 0.0, "y": 0.0}, "channel": 3}, "attempt": 1}
2026-09-12 14:09:06,771 INFO response {"request_id": "512a09d39b694f258b6c1bc7e3ccedf0", "http_status": 200, "body": {"accepted": true, "real_timestamp_ms": 1789193343413, "virtual_time_s": 17, "measure_result": "no_signal"}}
2026-09-12 14:09:06,772 INFO request {"path": "/measure", "payload": {"arena_id": "default", "robot_id": "202601002029", "request_id": "e25c310bbfac4c14aa5379be8421ecf9", "position": {"x": 0.0, "y": 0.0}, "channel": 4}, "attempt": 1}
2026-09-12 14:09:06,772 INFO response {"request_id": "e25c310bbfac4c14aa5379be8421ecf9", "http_status": 200, "body": {"accepted": true, "real_timestamp_ms": 1789193343414, "virtual_time_s": 23, "measure_result": "no_signal"}}
2026-09-12 14:09:06,773 INFO request {"path": "/measure", "payload": {"arena_id": "default", "robot_id": "202601002029", "request_id": "8005aae4a5f34acfb3f042d9b4908b4f", "position": {"x": 0.0, "y": 0.0}, "channel": 5}, "attempt": 1}
2026-09-12 14:09:06,787 INFO response {"request_id": "8005aae4a5f34acfb3f042d9b4908b4f", "http_status": 200, "body": {"accepted": true, "real_timestamp_ms": 1789193343429, "virtual_time_s": 29, "measure_result": "direction", "svd_deg": 185.08}}
2026-09-12 14:09:06,792 INFO request {"path": "/measure", "payload": {"arena_id": "default", "robot_id": "202601002029", "request_id": "6a6104dbfceb4289a2cf3e49b7714d84", "position": {"x": 0.0, "y": 0.0}, "channel": 6}, "attempt": 1}
2026-09-12 14:09:06,793 INFO response {"request_id": "6a6104dbfceb4289a2cf3e49b7714d84", "http_status": 200, "body": {"accepted": true, "real_timestamp_ms": 1789193343435, "virtual_time_s": 35, "measure_result": "direction", "svd_deg": 131.99}}
2026-09-12 14:09:06,797 INFO request {"path": "/measure", "payload": {"arena_id": "default", "robot_id": "202601002029", "request_id": "7a9fd982a8534c55ae7d437976d74b4b", "position": {"x": 0.0, "y": 0.0}, "channel": 7}, "attempt": 1}
2026-09-12 14:09:06,798 INFO response {"request_id": "7a9fd982a8534c55ae7d437976d74b4b", "http_status": 200, "body": {"accepted": true, "real_timestamp_ms": 1789193343441, "virtual_time_s": 41, "measure_result": "no_signal"}}
2026-09-12 14:09:06,799 INFO request {"path": "/measure", "payload": {"arena_id": "default", "robot_id": "202601002029", "request_id": "84ed78fb87494db28d02db89a02392e4", "position": {"x": 0.0, "y": 0.0}, "channel": 8}, "attempt": 1}
2026-09-12 14:09:06,818 INFO response {"request_id": "84ed78fb87494db28d02db89a02392e4", "http_status": 200, "body": {"accepted": true, "real_timestamp_ms": 1789193343459, "virtual_time_s": 47, "measure_result": "no_signal"}}
2026-09-12 14:09:06,818 INFO request {"path": "/measure", "payload": {"arena_id": "default", "robot_id": "202601002029", "request_id": "e38daea605bc4c77a571e5ac977d177a", "position": {"x": 0.0, "y": 0.0}, "channel": 9}, "attempt": 1}
2026-09-12 14:09:06,823 INFO response {"request_id": "e38daea605bc4c77a571e5ac977d177a", "http_status": 200, "body": {"accepted": true, "real_timestamp_ms": 1789193343464, "virtual_time_s": 53, "measure_result": "no_signal"}}
2026-09-12 14:09:06,823 INFO request {"path": "/measure", "payload": {"arena_id": "default", "robot_id": "202601002029", "request_id": "bfcad07466f248e5890aaa795212c1b1", "position": {"x": 0.0, "y": 0.0}, "channel": 10}, "attempt": 1}
2026-09-12 14:09:06,836 INFO response {"request_id": "bfcad07466f248e5890aaa795212c1b1", "http_status": 200, "body": {"accepted": true, "real_timestamp_ms": 1789193343478, "virtual_time_s": 59, "measure_result": "direction", "svd_deg": 172.64}}
2026-09-12 14:09:06,841 INFO request {"path": "/measure", "payload": {"arena_id": "default", "robot_id": "202601002029", "request_id": "c245c0438d1c408d8ed097161bdc18df", "position": {"x": 0.0, "y": 0.0}, "channel": 11}, "attempt": 1}
2026-09-12 14:09:06,843 INFO response {"request_id": "c245c0438d1c408d8ed097161bdc18df", "http_status": 200, "body": {"accepted": true, "real_timestamp_ms": 1789193343484, "virtual_time_s": 65, "measure_result": "direction", "svd_deg": 109.84}}
2026-09-12 14:09:06,847 INFO request {"path": "/measure", "payload": {"arena_id": "default", "robot_id": "202601002029", "request_id": "ce246c166c3a4cd2929050f7ce844656", "position": {"x": 0.0, "y": 0.0}, "channel": 12}, "attempt": 1}
2026-09-12 14:09:06,865 INFO response {"request_id": "ce246c166c3a4cd2929050f7ce844656", "http_status": 200, "body": {"accepted": true, "real_timestamp_ms": 1789193343507, "virtual_time_s": 71, "measure_result": "direction", "svd_deg": 214.6}}
2026-09-12 14:09:06,870 INFO request {"path": "/measure", "payload": {"arena_id": "default", "robot_id": "202601002029", "request_id": "21981105c1a04d67b607afe9a9d289a8", "position": {"x": 0.0, "y": 0.0}, "channel": 13}, "attempt": 1}
2026-09-12 14:09:06,886 INFO response {"request_id": "21981105c1a04d67b607afe9a9d289a8", "http_status": 200, "body": {"accepted": true, "real_timestamp_ms": 1789193343527, "virtual_time_s": 77, "measure_result": "no_signal"}}
2026-09-12 14:09:06,886 INFO request {"path": "/measure", "payload": {"arena_id": "default", "robot_id": "202601002029", "request_id": "79edd3de37f340afb240aaf811a2c1d1", "position": {"x": 0.0, "y": 0.0}, "channel": 14}, "attempt": 1}
2026-09-12 14:09:06,905 INFO response {"request_id": "79edd3de37f340afb240aaf811a2c1d1", "http_status": 200, "body": {"accepted": true, "real_timestamp_ms": 1789193343547, "virtual_time_s": 83, "measure_result": "direction", "svd_deg": 316.86}}
2026-09-12 14:09:06,910 INFO request {"path": "/measure", "payload": {"arena_id": "default", "robot_id": "202601002029", "request_id": "0050a315b20b41cebb5fabe8d73194fb", "position": {"x": 0.0, "y": 0.0}, "channel": 15}, "attempt": 1}
2026-09-12 14:09:06,911 INFO response {"request_id": "0050a315b20b41cebb5fabe8d73194fb", "http_status": 200, "body": {"accepted": true, "real_timestamp_ms": 1789193343553, "virtual_time_s": 89, "measure_result": "no_signal"}}
2026-09-12 14:09:06,911 INFO request {"path": "/measure", "payload": {"arena_id": "default", "robot_id": "202601002029", "request_id": "b560d897fdb7471eb4aac2c605362018", "position": {"x": 0.0, "y": 0.0}, "channel": 16}, "attempt": 1}
2026-09-12 14:09:06,925 INFO response {"request_id": "b560d897fdb7471eb4aac2c605362018", "http_status": 200, "body": {"accepted": true, "real_timestamp_ms": 1789193343566, "virtual_time_s": 95, "measure_result": "direction", "svd_deg": 68.16}}
2026-09-12 14:09:06,930 INFO request {"path": "/measure", "payload": {"arena_id": "default", "robot_id": "202601002029", "request_id": "0b37db81fae342c7a3bcef8afb63788f", "position": {"x": 0.0, "y": 0.0}, "channel": 17}, "attempt": 1}
2026-09-12 14:09:06,932 INFO response {"request_id": "0b37db81fae342c7a3bcef8afb63788f", "http_status": 200, "body": {"accepted": true, "real_timestamp_ms": 1789193343574, "virtual_time_s": 101, "measure_result": "no_signal"}}
2026-09-12 14:09:06,932 INFO request {"path": "/measure", "payload": {"arena_id": "default", "robot_id": "202601002029", "request_id": "1ea16a1932214b09bb4590c7bb440c36", "position": {"x": 0.0, "y": 0.0}, "channel": 18}, "attempt": 1}
2026-09-12 14:09:06,935 INFO response {"request_id": "1ea16a1932214b09bb4590c7bb440c36", "http_status": 200, "body": {"accepted": true, "real_timestamp_ms": 1789193343576, "virtual_time_s": 107, "measure_result": "no_signal"}}
2026-09-12 14:09:06,935 INFO request {"path": "/measure", "payload": {"arena_id": "default", "robot_id": "202601002029", "request_id": "19014788c2004f36a5a37fef30728290", "position": {"x": 0.0, "y": 0.0}, "channel": 19}, "attempt": 1}
2026-09-12 14:09:06,937 INFO response {"request_id": "19014788c2004f36a5a37fef30728290", "http_status": 200, "body": {"accepted": true, "real_timestamp_ms": 1789193343578, "virtual_time_s": 113, "measure_result": "no_signal"}}
2026-09-12 14:09:06,938 INFO request {"path": "/measure", "payload": {"arena_id": "default", "robot_id": "202601002029", "request_id": "5cfcb7cc9c0f4017a3e6993c449eafee", "position": {"x": 0.0, "y": 0.0}, "channel": 20}, "attempt": 1}
2026-09-12 14:09:06,940 INFO response {"request_id": "5cfcb7cc9c0f4017a3e6993c449eafee", "http_status": 200, "body": {"accepted": true, "real_timestamp_ms": 1789193343581, "virtual_time_s": 119, "measure_result": "no_signal"}}
2026-09-12 14:09:06,940 INFO request {"path": "/measure", "payload": {"arena_id": "default", "robot_id": "202601002029", "request_id": "d90228848f3a4a14855d05f5782b8962", "position": {"x": 1200.0, "y": 0.0}, "channel": 20}, "attempt": 1}
2026-09-12 14:09:06,942 INFO response {"request_id": "d90228848f3a4a14855d05f5782b8962", "http_status": 200, "body": {"accepted": true, "real_timestamp_ms": 1789193343583, "virtual_time_s": 364, "measure_result": "direction", "svd_deg": 71.57}}
2026-09-12 14:09:06,946 INFO request {"path": "/measure", "payload": {"arena_id": "default", "robot_id": "202601002029", "request_id": "e72a3c08b8e04241bc5afd30e50c3b34", "position": {"x": 1200.0, "y": 0.0}, "channel": 1}, "attempt": 1}
2026-09-12 14:09:06,948 INFO response {"request_id": "e72a3c08b8e04241bc5afd30e50c3b34", "http_status": 200, "body": {"accepted": true, "real_timestamp_ms": 1789193343589, "virtual_time_s": 370, "measure_result": "no_signal"}}
2026-09-12 14:09:06,948 INFO request {"path": "/measure", "payload": {"arena_id": "default", "robot_id": "202601002029", "request_id": "888b1b89611f454482f8d23a595c5f36", "position": {"x": 1200.0, "y": 0.0}, "channel": 2}, "attempt": 1}
2026-09-12 14:09:06,964 INFO response {"request_id": "888b1b89611f454482f8d23a595c5f36", "http_status": 200, "body": {"accepted": true, "real_timestamp_ms": 1789193343606, "virtual_time_s": 376, "measure_result": "no_signal"}}
2026-09-12 14:09:06,964 INFO request {"path": "/measure", "payload": {"arena_id": "default", "robot_id": "202601002029", "request_id": "6c306075e3074783820a10385f03d5ba", "position": {"x": 1200.0, "y": 0.0}, "channel": 3}, "attempt": 1}
2026-09-12 14:09:06,967 INFO response {"request_id": "6c306075e3074783820a10385f03d5ba", "http_status": 200, "body": {"accepted": true, "real_timestamp_ms": 1789193343608, "virtual_time_s": 382, "measure_result": "no_signal"}}
2026-09-12 14:09:06,967 INFO request {"path": "/measure", "payload": {"arena_id": "default", "robot_id": "202601002029", "request_id": "8acf47e9fb324a25ae968ba5995a07a6", "position": {"x": 1200.0, "y": 0.0}, "channel": 4}, "attempt": 1}
2026-09-12 14:09:06,984 INFO response {"request_id": "8acf47e9fb324a25ae968ba5995a07a6", "http_status": 200, "body": {"accepted": true, "real_timestamp_ms": 1789193343625, "virtual_time_s": 388, "measure_result": "no_signal"}}
2026-09-12 14:09:06,984 INFO request {"path": "/measure", "payload": {"arena_id": "default", "robot_id": "202601002029", "request_id": "f124bf4f3f2d4561afd55dddbdf7c86b", "position": {"x": 1200.0, "y": 0.0}, "channel": 7}, "attempt": 1}
2026-09-12 14:09:06,985 INFO response {"request_id": "f124bf4f3f2d4561afd55dddbdf7c86b", "http_status": 200, "body": {"accepted": true, "real_timestamp_ms": 1789193343627, "virtual_time_s": 394, "measure_result": "no_signal"}}
2026-09-12 14:09:06,985 INFO request {"path": "/measure", "payload": {"arena_id": "default", "robot_id": "202601002029", "request_id": "9e0d854b43754cb9910e7a7350137c8d", "position": {"x": 1200.0, "y": 0.0}, "channel": 8}, "attempt": 1}
2026-09-12 14:09:06,988 INFO response {"request_id": "9e0d854b43754cb9910e7a7350137c8d", "http_status": 200, "body": {"accepted": true, "real_timestamp_ms": 1789193343629, "virtual_time_s": 400, "measure_result": "no_signal"}}
2026-09-12 14:09:06,988 INFO request {"path": "/measure", "payload": {"arena_id": "default", "robot_id": "202601002029", "request_id": "a2288173507b46149b6dc33211039a51", "position": {"x": 1200.0, "y": 0.0}, "channel": 9}, "attempt": 1}
2026-09-12 14:09:06,989 INFO response {"request_id": "a2288173507b46149b6dc33211039a51", "http_status": 200, "body": {"accepted": true, "real_timestamp_ms": 1789193343630, "virtual_time_s": 406, "measure_result": "no_signal"}}
2026-09-12 14:09:06,990 INFO request {"path": "/measure", "payload": {"arena_id": "default", "robot_id": "202601002029", "request_id": "546dd50d8f7c42238c6d5e289c1bc397", "position": {"x": 1200.0, "y": 0.0}, "channel": 13}, "attempt": 1}
2026-09-12 14:09:06,991 INFO response {"request_id": "546dd50d8f7c42238c6d5e289c1bc397", "http_status": 200, "body": {"accepted": true, "real_timestamp_ms": 1789193343633, "virtual_time_s": 412, "measure_result": "direction", "svd_deg": 82.18}}
2026-09-12 14:09:06,996 INFO request {"path": "/measure", "payload": {"arena_id": "default", "robot_id": "202601002029", "request_id": "339492577dd74080a9a8adf9a678ce56", "position": {"x": 1200.0, "y": 0.0}, "channel": 15}, "attempt": 1}
2026-09-12 14:09:06,998 INFO response {"request_id": "339492577dd74080a9a8adf9a678ce56", "http_status": 200, "body": {"accepted": true, "real_timestamp_ms": 1789193343639, "virtual_time_s": 418, "measure_result": "no_signal"}}
2026-09-12 14:09:06,998 INFO request {"path": "/measure", "payload": {"arena_id": "default", "robot_id": "202601002029", "request_id": "db27504c05b14d79a12c10fac35b82bb", "position": {"x": 1200.0, "y": 0.0}, "channel": 17}, "attempt": 1}
2026-09-12 14:09:07,000 INFO response {"request_id": "db27504c05b14d79a12c10fac35b82bb", "http_status": 200, "body": {"accepted": true, "real_timestamp_ms": 1789193343641, "virtual_time_s": 424, "measure_result": "no_signal"}}
2026-09-12 14:09:07,000 INFO request {"path": "/measure", "payload": {"arena_id": "default", "robot_id": "202601002029", "request_id": "ad95ab99c6e5428397a0e1a72f8561d0", "position": {"x": 1200.0, "y": 0.0}, "channel": 18}, "attempt": 1}
2026-09-12 14:09:07,002 INFO response {"request_id": "ad95ab99c6e5428397a0e1a72f8561d0", "http_status": 200, "body": {"accepted": true, "real_timestamp_ms": 1789193343643, "virtual_time_s": 430, "measure_result": "no_signal"}}
2026-09-12 14:09:07,002 INFO request {"path": "/measure", "payload": {"arena_id": "default", "robot_id": "202601002029", "request_id": "10cc2eaafe294fdba8027dd305577968", "position": {"x": 1200.0, "y": 0.0}, "channel": 19}, "attempt": 1}
2026-09-12 14:09:07,003 INFO response {"request_id": "10cc2eaafe294fdba8027dd305577968", "http_status": 200, "body": {"accepted": true, "real_timestamp_ms": 1789193343645, "virtual_time_s": 436, "measure_result": "no_signal"}}
2026-09-12 14:09:07,017 INFO request {"path": "/measure", "payload": {"arena_id": "default", "robot_id": "202601002029", "request_id": "a05619c8d6294286a2618e02be8ac303", "position": {"x": 1200.0, "y": 0.0}, "channel": 14}, "attempt": 1}
2026-09-12 14:09:07,023 INFO response {"request_id": "a05619c8d6294286a2618e02be8ac303", "http_status": 200, "body": {"accepted": true, "real_timestamp_ms": 1789193343665, "virtual_time_s": 442, "measure_result": "direction", "svd_deg": 254.64}}
2026-09-12 14:09:07,025 INFO request {"path": "/measure", "payload": {"arena_id": "default", "robot_id": "202601002029", "request_id": "781b970da3bb47209f9689c5588ad156", "position": {"x": 600.0000000000001, "y": 1039.2304845413264}, "channel": 1}, "attempt": 1}
2026-09-12 14:09:07,027 INFO response {"request_id": "781b970da3bb47209f9689c5588ad156", "http_status": 200, "body": {"accepted": true, "real_timestamp_ms": 1789193343669, "virtual_time_s": 688, "measure_result": "direction", "svd_deg": 92.32}}
2026-09-12 14:09:07,028 INFO request {"path": "/measure", "payload": {"arena_id": "default", "robot_id": "202601002029", "request_id": "c71abead0f7b415f8f21dd6fb38bf7bf", "position": {"x": 600.0000000000001, "y": 1039.2304845413264}, "channel": 2}, "attempt": 1}
2026-09-12 14:09:07,042 INFO response {"request_id": "c71abead0f7b415f8f21dd6fb38bf7bf", "http_status": 200, "body": {"accepted": true, "real_timestamp_ms": 1789193343684, "virtual_time_s": 694, "measure_result": "no_signal"}}
2026-09-12 14:09:07,042 INFO request {"path": "/measure", "payload": {"arena_id": "default", "robot_id": "202601002029", "request_id": "65546282c6d84f7da007f6554bc978c1", "position": {"x": 600.0000000000001, "y": 1039.2304845413264}, "channel": 3}, "attempt": 1}
2026-09-12 14:09:07,062 INFO response {"request_id": "65546282c6d84f7da007f6554bc978c1", "http_status": 200, "body": {"accepted": true, "real_timestamp_ms": 1789193343703, "virtual_time_s": 700, "measure_result": "no_signal"}}
2026-09-12 14:09:07,062 INFO request {"path": "/measure", "payload": {"arena_id": "default", "robot_id": "202601002029", "request_id": "367ce9ff49154aec85907171ace84a74", "position": {"x": 600.0000000000001, "y": 1039.2304845413264}, "channel": 4}, "attempt": 1}
2026-09-12 14:09:07,064 INFO response {"request_id": "367ce9ff49154aec85907171ace84a74", "http_status": 200, "body": {"accepted": true, "real_timestamp_ms": 1789193343705, "virtual_time_s": 706, "measure_result": "no_signal"}}
2026-09-12 14:09:07,064 INFO request {"path": "/measure", "payload": {"arena_id": "default", "robot_id": "202601002029", "request_id": "0a0b96d9116d494aa43fc3a2de18561a", "position": {"x": 600.0000000000001, "y": 1039.2304845413264}, "channel": 7}, "attempt": 1}
2026-09-12 14:09:07,066 INFO response {"request_id": "0a0b96d9116d494aa43fc3a2de18561a", "http_status": 200, "body": {"accepted": true, "real_timestamp_ms": 1789193343707, "virtual_time_s": 712, "measure_result": "no_signal"}}
2026-09-12 14:09:07,066 INFO request {"path": "/measure", "payload": {"arena_id": "default", "robot_id": "202601002029", "request_id": "15add326e61840ba9159252d35f5a31e", "position": {"x": 600.0000000000001, "y": 1039.2304845413264}, "channel": 8}, "attempt": 1}
2026-09-12 14:09:07,081 INFO response {"request_id": "15add326e61840ba9159252d35f5a31e", "http_status": 200, "body": {"accepted": true, "real_timestamp_ms": 1789193343723, "virtual_time_s": 718, "measure_result": "no_signal"}}
2026-09-12 14:09:07,082 INFO request {"path": "/measure", "payload": {"arena_id": "default", "robot_id": "202601002029", "request_id": "e6ba4e62c7f349f59a8309a58f69dc2e", "position": {"x": 600.0000000000001, "y": 1039.2304845413264}, "channel": 9}, "attempt": 1}
2026-09-12 14:09:07,083 INFO response {"request_id": "e6ba4e62c7f349f59a8309a58f69dc2e", "http_status": 200, "body": {"accepted": true, "real_timestamp_ms": 1789193343725, "virtual_time_s": 724, "measure_result": "no_signal"}}
2026-09-12 14:09:07,084 INFO request {"path": "/measure", "payload": {"arena_id": "default", "robot_id": "202601002029", "request_id": "c0d7ed6a52d44c7cbe5279fc6e79b46a", "position": {"x": 600.0000000000001, "y": 1039.2304845413264}, "channel": 15}, "attempt": 1}
2026-09-12 14:09:07,101 INFO response {"request_id": "c0d7ed6a52d44c7cbe5279fc6e79b46a", "http_status": 200, "body": {"accepted": true, "real_timestamp_ms": 1789193343743, "virtual_time_s": 730, "measure_result": "no_signal"}}
2026-09-12 14:09:07,102 INFO request {"path": "/measure", "payload": {"arena_id": "default", "robot_id": "202601002029", "request_id": "fcaeb7787b20401e8111141fa9d905b9", "position": {"x": 600.0000000000001, "y": 1039.2304845413264}, "channel": 17}, "attempt": 1}
2026-09-12 14:09:07,121 INFO response {"request_id": "fcaeb7787b20401e8111141fa9d905b9", "http_status": 200, "body": {"accepted": true, "real_timestamp_ms": 1789193343763, "virtual_time_s": 736, "measure_result": "no_signal"}}
2026-09-12 14:09:07,122 INFO request {"path": "/measure", "payload": {"arena_id": "default", "robot_id": "202601002029", "request_id": "68ccd2fa9c534368a295c5fa2666ba6d", "position": {"x": 600.0000000000001, "y": 1039.2304845413264}, "channel": 18}, "attempt": 1}
2026-09-12 14:09:07,124 INFO response {"request_id": "68ccd2fa9c534368a295c5fa2666ba6d", "http_status": 200, "body": {"accepted": true, "real_timestamp_ms": 1789193343765, "virtual_time_s": 742, "measure_result": "no_signal"}}
2026-09-12 14:09:07,124 INFO request {"path": "/measure", "payload": {"arena_id": "default", "robot_id": "202601002029", "request_id": "a699d2ec615d499a8bb565ea23bc70a6", "position": {"x": 600.0000000000001, "y": 1039.2304845413264}, "channel": 19}, "attempt": 1}
2026-09-12 14:09:07,141 INFO response {"request_id": "a699d2ec615d499a8bb565ea23bc70a6", "http_status": 200, "body": {"accepted": true, "real_timestamp_ms": 1789193343782, "virtual_time_s": 748, "measure_result": "no_signal"}}
2026-09-12 14:09:07,193 INFO request {"path": "/measure", "payload": {"arena_id": "default", "robot_id": "202601002029", "request_id": "f2c9e5de1e4a44eaa8a2025bf113c36d", "position": {"x": 600.0000000000001, "y": 1039.2304845413264}, "channel": 11}, "attempt": 1}
2026-09-12 14:09:07,209 INFO response {"request_id": "f2c9e5de1e4a44eaa8a2025bf113c36d", "http_status": 200, "body": {"accepted": true, "real_timestamp_ms": 1789193343851, "virtual_time_s": 754, "measure_result": "direction", "svd_deg": 175.89}}
2026-09-12 14:09:07,230 INFO request {"path": "/measure", "payload": {"arena_id": "default", "robot_id": "202601002029", "request_id": "d388f1ce8eb24b06b7a82cca54691d38", "position": {"x": 600.0000000000001, "y": 1039.2304845413264}, "channel": 20}, "attempt": 1}
2026-09-12 14:09:07,249 INFO response {"request_id": "d388f1ce8eb24b06b7a82cca54691d38", "http_status": 200, "body": {"accepted": true, "real_timestamp_ms": 1789193343891, "virtual_time_s": 760, "measure_result": "direction", "svd_deg": 342.04}}
2026-09-12 14:09:07,253 INFO request {"path": "/measure", "payload": {"arena_id": "default", "robot_id": "202601002029", "request_id": "680299f995534e68a414285fe0662459", "position": {"x": -599.9999999999998, "y": 1039.2304845413264}, "channel": 2}, "attempt": 1}
2026-09-12 14:09:07,269 INFO response {"request_id": "680299f995534e68a414285fe0662459", "http_status": 200, "body": {"accepted": true, "real_timestamp_ms": 1789193343910, "virtual_time_s": 1006, "measure_result": "no_signal"}}
2026-09-12 14:09:07,269 INFO request {"path": "/measure", "payload": {"arena_id": "default", "robot_id": "202601002029", "request_id": "39aaf41591274ea8ab5bec039670aa59", "position": {"x": -599.9999999999998, "y": 1039.2304845413264}, "channel": 3}, "attempt": 1}
2026-09-12 14:09:07,289 INFO response {"request_id": "39aaf41591274ea8ab5bec039670aa59", "http_status": 200, "body": {"accepted": true, "real_timestamp_ms": 1789193343930, "virtual_time_s": 1012, "measure_result": "no_signal"}}
2026-09-12 14:09:07,289 INFO request {"path": "/measure", "payload": {"arena_id": "default", "robot_id": "202601002029", "request_id": "322b8521214c440ba1e867937d7043f6", "position": {"x": -599.9999999999998, "y": 1039.2304845413264}, "channel": 4}, "attempt": 1}
2026-09-12 14:09:07,307 INFO response {"request_id": "322b8521214c440ba1e867937d7043f6", "http_status": 200, "body": {"accepted": true, "real_timestamp_ms": 1789193343950, "virtual_time_s": 1018, "measure_result": "no_signal"}}
2026-09-12 14:09:07,308 INFO request {"path": "/measure", "payload": {"arena_id": "default", "robot_id": "202601002029", "request_id": "cd54e69f876144c5bf576da3e2014c5a", "position": {"x": -599.9999999999998, "y": 1039.2304845413264}, "channel": 7}, "attempt": 1}
2026-09-12 14:09:07,309 INFO response {"request_id": "cd54e69f876144c5bf576da3e2014c5a", "http_status": 200, "body": {"accepted": true, "real_timestamp_ms": 1789193343951, "virtual_time_s": 1024, "measure_result": "no_signal"}}
2026-09-12 14:09:07,309 INFO request {"path": "/measure", "payload": {"arena_id": "default", "robot_id": "202601002029", "request_id": "81c04a6293ec49bdb72fbad0027037fc", "position": {"x": -599.9999999999998, "y": 1039.2304845413264}, "channel": 8}, "attempt": 1}
2026-09-12 14:09:07,328 INFO response {"request_id": "81c04a6293ec49bdb72fbad0027037fc", "http_status": 200, "body": {"accepted": true, "real_timestamp_ms": 1789193343969, "virtual_time_s": 1030, "measure_result": "no_signal"}}
2026-09-12 14:09:07,328 INFO request {"path": "/measure", "payload": {"arena_id": "default", "robot_id": "202601002029", "request_id": "5493b6f7bc0b4dc6a52bc4b5f5e507a3", "position": {"x": -599.9999999999998, "y": 1039.2304845413264}, "channel": 9}, "attempt": 1}
2026-09-12 14:09:07,347 INFO response {"request_id": "5493b6f7bc0b4dc6a52bc4b5f5e507a3", "http_status": 200, "body": {"accepted": true, "real_timestamp_ms": 1789193343989, "virtual_time_s": 1036, "measure_result": "no_signal"}}
2026-09-12 14:09:07,347 INFO request {"path": "/measure", "payload": {"arena_id": "default", "robot_id": "202601002029", "request_id": "0e4d76b330bf4a399435a89cb212df66", "position": {"x": -599.9999999999998, "y": 1039.2304845413264}, "channel": 15}, "attempt": 1}
2026-09-12 14:09:07,348 INFO response {"request_id": "0e4d76b330bf4a399435a89cb212df66", "http_status": 200, "body": {"accepted": true, "real_timestamp_ms": 1789193343990, "virtual_time_s": 1042, "measure_result": "no_signal"}}
2026-09-12 14:09:07,349 INFO request {"path": "/measure", "payload": {"arena_id": "default", "robot_id": "202601002029", "request_id": "c702165b31704c879ff5eaff5f18b2ea", "position": {"x": -599.9999999999998, "y": 1039.2304845413264}, "channel": 17}, "attempt": 1}
2026-09-12 14:09:07,366 INFO response {"request_id": "c702165b31704c879ff5eaff5f18b2ea", "http_status": 200, "body": {"accepted": true, "real_timestamp_ms": 1789193344009, "virtual_time_s": 1048, "measure_result": "direction", "svd_deg": 226.62}}
2026-09-12 14:09:07,368 INFO request {"path": "/measure", "payload": {"arena_id": "default", "robot_id": "202601002029", "request_id": "9ee2065ffccf4ee495c55ca1cb53bb53", "position": {"x": -599.9999999999998, "y": 1039.2304845413264}, "channel": 18}, "attempt": 1}
2026-09-12 14:09:07,370 INFO response {"request_id": "9ee2065ffccf4ee495c55ca1cb53bb53", "http_status": 200, "body": {"accepted": true, "real_timestamp_ms": 1789193344012, "virtual_time_s": 1054, "measure_result": "no_signal"}}
2026-09-12 14:09:07,370 INFO request {"path": "/measure", "payload": {"arena_id": "default", "robot_id": "202601002029", "request_id": "960f89a477e54e5cb9311bf930b32153", "position": {"x": -599.9999999999998, "y": 1039.2304845413264}, "channel": 19}, "attempt": 1}
2026-09-12 14:09:07,372 INFO response {"request_id": "960f89a477e54e5cb9311bf930b32153", "http_status": 200, "body": {"accepted": true, "real_timestamp_ms": 1789193344014, "virtual_time_s": 1060, "measure_result": "no_signal"}}
2026-09-12 14:09:07,421 INFO request {"path": "/measure", "payload": {"arena_id": "default", "robot_id": "202601002029", "request_id": "127f60db96934a0e9301aca940e12994", "position": {"x": -599.9999999999998, "y": 1039.2304845413264}, "channel": 6}, "attempt": 1}
2026-09-12 14:09:07,437 INFO response {"request_id": "127f60db96934a0e9301aca940e12994", "http_status": 200, "body": {"accepted": true, "real_timestamp_ms": 1789193344078, "virtual_time_s": 1066, "measure_result": "direction", "svd_deg": 177.56}}
2026-09-12 14:09:07,466 INFO request {"path": "/measure", "payload": {"arena_id": "default", "robot_id": "202601002029", "request_id": "0a45af3cbce64669a159bb439a6dd03c", "position": {"x": -599.9999999999998, "y": 1039.2304845413264}, "channel": 16}, "attempt": 1}
2026-09-12 14:09:07,485 INFO response {"request_id": "0a45af3cbce64669a159bb439a6dd03c", "http_status": 200, "body": {"accepted": true, "real_timestamp_ms": 1789193344127, "virtual_time_s": 1072, "measure_result": "direction", "svd_deg": 356.13}}
2026-09-12 14:09:07,489 INFO request {"path": "/measure", "payload": {"arena_id": "default", "robot_id": "202601002029", "request_id": "baa46976339d441493488e87ee8e75cd", "position": {"x": -1200.0, "y": 1.4695761589768238e-13}, "channel": 2}, "attempt": 1}
2026-09-12 14:09:07,491 INFO response {"request_id": "baa46976339d441493488e87ee8e75cd", "http_status": 200, "body": {"accepted": true, "real_timestamp_ms": 1789193344132, "virtual_time_s": 1318, "measure_result": "no_signal"}}
2026-09-12 14:09:07,491 INFO request {"path": "/measure", "payload": {"arena_id": "default", "robot_id": "202601002029", "request_id": "f3881d861f2740d3b4d018aa25fe4314", "position": {"x": -1200.0, "y": 1.4695761589768238e-13}, "channel": 3}, "attempt": 1}
2026-09-12 14:09:07,505 INFO response {"request_id": "f3881d861f2740d3b4d018aa25fe4314", "http_status": 200, "body": {"accepted": true, "real_timestamp_ms": 1789193344147, "virtual_time_s": 1324, "measure_result": "no_signal"}}
2026-09-12 14:09:07,505 INFO request {"path": "/measure", "payload": {"arena_id": "default", "robot_id": "202601002029", "request_id": "be6db67ddc434f2a85ef0b16acde5b5c", "position": {"x": -1200.0, "y": 1.4695761589768238e-13}, "channel": 4}, "attempt": 1}
2026-09-12 14:09:07,506 INFO response {"request_id": "be6db67ddc434f2a85ef0b16acde5b5c", "http_status": 200, "body": {"accepted": true, "real_timestamp_ms": 1789193344148, "virtual_time_s": 1330, "measure_result": "no_signal"}}
2026-09-12 14:09:07,506 INFO request {"path": "/measure", "payload": {"arena_id": "default", "robot_id": "202601002029", "request_id": "d4f173ef97714ecbbe676689146ad17b", "position": {"x": -1200.0, "y": 1.4695761589768238e-13}, "channel": 7}, "attempt": 1}
2026-09-12 14:09:07,526 INFO response {"request_id": "d4f173ef97714ecbbe676689146ad17b", "http_status": 200, "body": {"accepted": true, "real_timestamp_ms": 1789193344167, "virtual_time_s": 1336, "measure_result": "no_signal"}}
2026-09-12 14:09:07,526 INFO request {"path": "/measure", "payload": {"arena_id": "default", "robot_id": "202601002029", "request_id": "5b6d0e9bab094193937159c759c06746", "position": {"x": -1200.0, "y": 1.4695761589768238e-13}, "channel": 8}, "attempt": 1}
2026-09-12 14:09:07,545 INFO response {"request_id": "5b6d0e9bab094193937159c759c06746", "http_status": 200, "body": {"accepted": true, "real_timestamp_ms": 1789193344186, "virtual_time_s": 1342, "measure_result": "no_signal"}}
2026-09-12 14:09:07,545 INFO request {"path": "/measure", "payload": {"arena_id": "default", "robot_id": "202601002029", "request_id": "8e0a225f88c5484ab5dff93c83b6276a", "position": {"x": -1200.0, "y": 1.4695761589768238e-13}, "channel": 9}, "attempt": 1}
2026-09-12 14:09:07,546 INFO response {"request_id": "8e0a225f88c5484ab5dff93c83b6276a", "http_status": 200, "body": {"accepted": true, "real_timestamp_ms": 1789193344188, "virtual_time_s": 1348, "measure_result": "no_signal"}}
2026-09-12 14:09:07,546 INFO request {"path": "/measure", "payload": {"arena_id": "default", "robot_id": "202601002029", "request_id": "656ed1a1caf0418d8d0c176a551a1ae1", "position": {"x": -1200.0, "y": 1.4695761589768238e-13}, "channel": 15}, "attempt": 1}
2026-09-12 14:09:07,565 INFO response {"request_id": "656ed1a1caf0418d8d0c176a551a1ae1", "http_status": 200, "body": {"accepted": true, "real_timestamp_ms": 1789193344206, "virtual_time_s": 1354, "measure_result": "no_signal"}}
2026-09-12 14:09:07,565 INFO request {"path": "/measure", "payload": {"arena_id": "default", "robot_id": "202601002029", "request_id": "5fee66c24b7d40ec867ad55a40ebf293", "position": {"x": -1200.0, "y": 1.4695761589768238e-13}, "channel": 18}, "attempt": 1}
2026-09-12 14:09:07,566 INFO response {"request_id": "5fee66c24b7d40ec867ad55a40ebf293", "http_status": 200, "body": {"accepted": true, "real_timestamp_ms": 1789193344208, "virtual_time_s": 1360, "measure_result": "direction", "svd_deg": 296.91}}
2026-09-12 14:09:07,568 INFO request {"path": "/measure", "payload": {"arena_id": "default", "robot_id": "202601002029", "request_id": "a03a6c19d6c14b108f4fc82a06cb106a", "position": {"x": -1200.0, "y": 1.4695761589768238e-13}, "channel": 19}, "attempt": 1}
2026-09-12 14:09:07,570 INFO response {"request_id": "a03a6c19d6c14b108f4fc82a06cb106a", "http_status": 200, "body": {"accepted": true, "real_timestamp_ms": 1789193344212, "virtual_time_s": 1366, "measure_result": "no_signal"}}
2026-09-12 14:09:07,604 INFO request {"path": "/measure", "payload": {"arena_id": "default", "robot_id": "202601002029", "request_id": "cf1bfa1241db479eaf15ec3762b66b90", "position": {"x": -1200.0, "y": 1.4695761589768238e-13}, "channel": 12}, "attempt": 1}
2026-09-12 14:09:07,622 INFO response {"request_id": "cf1bfa1241db479eaf15ec3762b66b90", "http_status": 200, "body": {"accepted": true, "real_timestamp_ms": 1789193344264, "virtual_time_s": 1372, "measure_result": "direction", "svd_deg": 333.56}}
2026-09-12 14:09:07,636 INFO request {"path": "/measure", "payload": {"arena_id": "default", "robot_id": "202601002029", "request_id": "11475ba825094f079cde7f511ee48167", "position": {"x": -1200.0, "y": 1.4695761589768238e-13}, "channel": 6}, "attempt": 1}
2026-09-12 14:09:07,652 INFO response {"request_id": "11475ba825094f079cde7f511ee48167", "http_status": 200, "body": {"accepted": true, "real_timestamp_ms": 1789193344294, "virtual_time_s": 1378, "measure_result": "direction", "svd_deg": 75.92}}
2026-09-12 14:09:07,660 INFO request {"path": "/measure", "payload": {"arena_id": "default", "robot_id": "202601002029", "request_id": "8982494e60014941b2f9365bdce240b6", "position": {"x": -600.0000000000006, "y": -1039.2304845413262}, "channel": 2}, "attempt": 1}
2026-09-12 14:09:07,661 INFO response {"request_id": "8982494e60014941b2f9365bdce240b6", "http_status": 200, "body": {"accepted": true, "real_timestamp_ms": 1789193344302, "virtual_time_s": 1624, "measure_result": "no_signal"}}
2026-09-12 14:09:07,661 INFO request {"path": "/measure", "payload": {"arena_id": "default", "robot_id": "202601002029", "request_id": "cf2c93eb2dc84059ac3f7ec00d43c681", "position": {"x": -600.0000000000006, "y": -1039.2304845413262}, "channel": 3}, "attempt": 1}
2026-09-12 14:09:07,662 INFO response {"request_id": "cf2c93eb2dc84059ac3f7ec00d43c681", "http_status": 200, "body": {"accepted": true, "real_timestamp_ms": 1789193344304, "virtual_time_s": 1630, "measure_result": "no_signal"}}
2026-09-12 14:09:07,663 INFO request {"path": "/measure", "payload": {"arena_id": "default", "robot_id": "202601002029", "request_id": "69ee2abdfe074ed5b63d5d18fc524dc0", "position": {"x": -600.0000000000006, "y": -1039.2304845413262}, "channel": 4}, "attempt": 1}
2026-09-12 14:09:07,680 INFO response {"request_id": "69ee2abdfe074ed5b63d5d18fc524dc0", "http_status": 200, "body": {"accepted": true, "real_timestamp_ms": 1789193344322, "virtual_time_s": 1636, "measure_result": "no_signal"}}
2026-09-12 14:09:07,681 INFO request {"path": "/measure", "payload": {"arena_id": "default", "robot_id": "202601002029", "request_id": "f58ea9e6eece4ce0be4229b9567f76d5", "position": {"x": -600.0000000000006, "y": -1039.2304845413262}, "channel": 7}, "attempt": 1}
2026-09-12 14:09:07,682 INFO response {"request_id": "f58ea9e6eece4ce0be4229b9567f76d5", "http_status": 200, "body": {"accepted": true, "real_timestamp_ms": 1789193344324, "virtual_time_s": 1642, "measure_result": "direction", "svd_deg": 268.36}}
2026-09-12 14:09:07,683 INFO request {"path": "/measure", "payload": {"arena_id": "default", "robot_id": "202601002029", "request_id": "b6d42f31cc8e4be4bb68396cef7d66c8", "position": {"x": -600.0000000000006, "y": -1039.2304845413262}, "channel": 8}, "attempt": 1}
2026-09-12 14:09:07,700 INFO response {"request_id": "b6d42f31cc8e4be4bb68396cef7d66c8", "http_status": 200, "body": {"accepted": true, "real_timestamp_ms": 1789193344342, "virtual_time_s": 1648, "measure_result": "no_signal"}}
2026-09-12 14:09:07,700 INFO request {"path": "/measure", "payload": {"arena_id": "default", "robot_id": "202601002029", "request_id": "ead4f9d8f463442b875cd17be1b5c524", "position": {"x": -600.0000000000006, "y": -1039.2304845413262}, "channel": 9}, "attempt": 1}
2026-09-12 14:09:07,701 INFO response {"request_id": "ead4f9d8f463442b875cd17be1b5c524", "http_status": 200, "body": {"accepted": true, "real_timestamp_ms": 1789193344343, "virtual_time_s": 1654, "measure_result": "no_signal"}}
2026-09-12 14:09:07,701 INFO request {"path": "/measure", "payload": {"arena_id": "default", "robot_id": "202601002029", "request_id": "15e1995a493b40f099e626e96a2aa2d7", "position": {"x": -600.0000000000006, "y": -1039.2304845413262}, "channel": 15}, "attempt": 1}
2026-09-12 14:09:07,702 INFO response {"request_id": "15e1995a493b40f099e626e96a2aa2d7", "http_status": 200, "body": {"accepted": true, "real_timestamp_ms": 1789193344344, "virtual_time_s": 1660, "measure_result": "no_signal"}}
2026-09-12 14:09:07,702 INFO request {"path": "/measure", "payload": {"arena_id": "default", "robot_id": "202601002029", "request_id": "1ac2afbde1be40088388ae093feddac6", "position": {"x": -600.0000000000006, "y": -1039.2304845413262}, "channel": 19}, "attempt": 1}
2026-09-12 14:09:07,720 INFO response {"request_id": "1ac2afbde1be40088388ae093feddac6", "http_status": 200, "body": {"accepted": true, "real_timestamp_ms": 1789193344362, "virtual_time_s": 1666, "measure_result": "no_signal"}}
2026-09-12 14:09:07,739 INFO request {"path": "/measure", "payload": {"arena_id": "default", "robot_id": "202601002029", "request_id": "aa2ee2ce131a491ebac608aebe53d6d9", "position": {"x": -600.0000000000006, "y": -1039.2304845413262}, "channel": 5}, "attempt": 1}
2026-09-12 14:09:07,740 INFO response {"request_id": "aa2ee2ce131a491ebac608aebe53d6d9", "http_status": 200, "body": {"accepted": true, "real_timestamp_ms": 1789193344382, "virtual_time_s": 1672, "measure_result": "direction", "svd_deg": 94.65}}
2026-09-12 14:09:07,752 INFO request {"path": "/measure", "payload": {"arena_id": "default", "robot_id": "202601002029", "request_id": "5cde1feae5514f58bc52b513f5b055b0", "position": {"x": -600.0000000000006, "y": -1039.2304845413262}, "channel": 12}, "attempt": 1}
2026-09-12 14:09:07,770 INFO response {"request_id": "5cde1feae5514f58bc52b513f5b055b0", "http_status": 200, "body": {"accepted": true, "real_timestamp_ms": 1789193344411, "virtual_time_s": 1678, "measure_result": "direction", "svd_deg": 82.46}}
2026-09-12 14:09:07,774 INFO request {"path": "/measure", "payload": {"arena_id": "default", "robot_id": "202601002029", "request_id": "4c6a13eeb8ab40bdad11ba7c6e447584", "position": {"x": 600.0000000000001, "y": -1039.2304845413264}, "channel": 2}, "attempt": 1}
2026-09-12 14:09:07,776 INFO response {"request_id": "4c6a13eeb8ab40bdad11ba7c6e447584", "http_status": 200, "body": {"accepted": true, "real_timestamp_ms": 1789193344418, "virtual_time_s": 1924, "measure_result": "no_signal"}}
2026-09-12 14:09:07,776 INFO request {"path": "/measure", "payload": {"arena_id": "default", "robot_id": "202601002029", "request_id": "a3e989a7b00947c5bf50d26283e0580a", "position": {"x": 600.0000000000001, "y": -1039.2304845413264}, "channel": 3}, "attempt": 1}
2026-09-12 14:09:07,789 INFO response {"request_id": "a3e989a7b00947c5bf50d26283e0580a", "http_status": 200, "body": {"accepted": true, "real_timestamp_ms": 1789193344430, "virtual_time_s": 1930, "measure_result": "no_signal"}}
2026-09-12 14:09:07,790 INFO request {"path": "/measure", "payload": {"arena_id": "default", "robot_id": "202601002029", "request_id": "bc8ea4d98a64491d856ac46dffe22c79", "position": {"x": 600.0000000000001, "y": -1039.2304845413264}, "channel": 4}, "attempt": 1}
2026-09-12 14:09:07,792 INFO response {"request_id": "bc8ea4d98a64491d856ac46dffe22c79", "http_status": 200, "body": {"accepted": true, "real_timestamp_ms": 1789193344434, "virtual_time_s": 1936, "measure_result": "no_signal"}}
2026-09-12 14:09:07,793 INFO request {"path": "/measure", "payload": {"arena_id": "default", "robot_id": "202601002029", "request_id": "700f95a6e3a7425ca80211f03f36a0e8", "position": {"x": 600.0000000000001, "y": -1039.2304845413264}, "channel": 8}, "attempt": 1}
2026-09-12 14:09:07,796 INFO response {"request_id": "700f95a6e3a7425ca80211f03f36a0e8", "http_status": 200, "body": {"accepted": true, "real_timestamp_ms": 1789193344436, "virtual_time_s": 1942, "measure_result": "no_signal"}}
2026-09-12 14:09:07,796 INFO request {"path": "/measure", "payload": {"arena_id": "default", "robot_id": "202601002029", "request_id": "b7cbb59bc7744efbb2245b46d8d2e7ae", "position": {"x": 600.0000000000001, "y": -1039.2304845413264}, "channel": 9}, "attempt": 1}
2026-09-12 14:09:07,809 INFO response {"request_id": "b7cbb59bc7744efbb2245b46d8d2e7ae", "http_status": 200, "body": {"accepted": true, "real_timestamp_ms": 1789193344450, "virtual_time_s": 1948, "measure_result": "no_signal"}}
2026-09-12 14:09:07,809 INFO request {"path": "/measure", "payload": {"arena_id": "default", "robot_id": "202601002029", "request_id": "9b105d6d0c454f029b2fa13fd13614d4", "position": {"x": 600.0000000000001, "y": -1039.2304845413264}, "channel": 15}, "attempt": 1}
2026-09-12 14:09:07,829 INFO response {"request_id": "9b105d6d0c454f029b2fa13fd13614d4", "http_status": 200, "body": {"accepted": true, "real_timestamp_ms": 1789193344471, "virtual_time_s": 1954, "measure_result": "no_signal"}}
2026-09-12 14:09:07,829 INFO request {"path": "/measure", "payload": {"arena_id": "default", "robot_id": "202601002029", "request_id": "68522010e4e946a49e45c957c215dc3d", "position": {"x": 600.0000000000001, "y": -1039.2304845413264}, "channel": 19}, "attempt": 1}
2026-09-12 14:09:07,831 INFO response {"request_id": "68522010e4e946a49e45c957c215dc3d", "http_status": 200, "body": {"accepted": true, "real_timestamp_ms": 1789193344472, "virtual_time_s": 1960, "measure_result": "no_signal"}}
2026-09-12 14:09:07,845 INFO request {"path": "/measure", "payload": {"arena_id": "default", "robot_id": "202601002029", "request_id": "9e02ca5fee6c4388beb38a52d62dbca2", "position": {"x": 600.0000000000001, "y": -1039.2304845413264}, "channel": 14}, "attempt": 1}
2026-09-12 14:09:07,858 INFO response {"request_id": "9e02ca5fee6c4388beb38a52d62dbca2", "http_status": 200, "body": {"accepted": true, "real_timestamp_ms": 1789193344500, "virtual_time_s": 1966, "measure_result": "direction", "svd_deg": 21.86}}
2026-09-12 14:09:14,887 INFO request {"path": "/measure", "payload": {"arena_id": "default", "robot_id": "202601002029", "request_id": "5362284b56b84b5a9ceceb93809e1356", "position": {"x": 875.5464291834385, "y": -504.15704225552497}, "channel": 14}, "attempt": 1}
2026-09-12 14:09:14,888 INFO response {"request_id": "5362284b56b84b5a9ceceb93809e1356", "http_status": 200, "body": {"accepted": true, "real_timestamp_ms": 1789193351530, "virtual_time_s": 2091.370997, "measure_result": "direction", "svd_deg": 278.62}}
2026-09-12 14:09:14,894 INFO request {"path": "/clear", "payload": {"arena_id": "default", "robot_id": "202601002029", "request_id": "f4e6dd1e3c7a4831bf1fde1f4f2a3327", "position": {"x": 939.9717740088097, "y": -902.7527528817784}, "channel": 14}, "attempt": 1}
2026-09-12 14:09:14,907 INFO response {"request_id": "f4e6dd1e3c7a4831bf1fde1f4f2a3327", "http_status": 200, "body": {"accepted": true, "real_timestamp_ms": 1789193351549, "virtual_time_s": 2177.124738, "clear_result": "success"}}
2026-09-12 14:09:14,911 INFO request {"path": "/measure", "payload": {"arena_id": "default", "robot_id": "202601002029", "request_id": "e10b0c4874d8486485de15aa5438a762", "position": {"x": -239.60176365698265, "y": -1515.5588702960624}, "channel": 7}, "attempt": 1}
2026-09-12 14:09:14,926 INFO response {"request_id": "e10b0c4874d8486485de15aa5438a762", "http_status": 200, "body": {"accepted": true, "real_timestamp_ms": 1789193351568, "virtual_time_s": 2448.976205, "measure_result": "direction", "svd_deg": 190.95}}
2026-09-12 14:09:14,935 INFO request {"path": "/clear", "payload": {"arena_id": "default", "robot_id": "202601002029", "request_id": "58c4a2648d7b4df5ad64aa4a86025fa1", "position": {"x": -615.8851396370031, "y": -1588.5615438548223}, "channel": 7}, "attempt": 1}
2026-09-12 14:09:14,956 INFO response {"request_id": "58c4a2648d7b4df5ad64aa4a86025fa1", "http_status": 200, "body": {"accepted": true, "real_timestamp_ms": 1789193351598, "virtual_time_s": 2530.636121, "clear_result": "success"}}
2026-09-12 14:09:14,957 INFO request {"path": "/measure", "payload": {"arena_id": "default", "robot_id": "202601002029", "request_id": "850eefc32d4546829a3cdd922f25965b", "position": {"x": -1281.122293919716, "y": -1099.1402184032645}, "channel": 18}, "attempt": 1}
2026-09-12 14:09:14,975 INFO response {"request_id": "850eefc32d4546829a3cdd922f25965b", "http_status": 200, "body": {"accepted": true, "real_timestamp_ms": 1789193351617, "virtual_time_s": 2701.811628, "measure_result": "direction", "svd_deg": 26.32}}
2026-09-12 14:09:14,980 INFO request {"path": "/measure", "payload": {"arena_id": "default", "robot_id": "202601002029", "request_id": "edb0c625705c4331a40601888650cea7", "position": {"x": -1314.8199357927783, "y": -636.0177361417686}, "channel": 10}, "attempt": 1}
2026-09-12 14:09:14,995 INFO response {"request_id": "edb0c625705c4331a40601888650cea7", "http_status": 200, "body": {"accepted": true, "real_timestamp_ms": 1789193351637, "virtual_time_s": 2800.680991, "measure_result": "direction", "svd_deg": 78.58}}
2026-09-12 14:09:15,527 INFO request {"path": "/clear", "payload": {"arena_id": "default", "robot_id": "202601002029", "request_id": "7daa2f6891c44126af710ef2ad02b4ce", "position": {"x": -770.0766212103163, "y": -846.668502429694}, "channel": 18}, "attempt": 1}
2026-09-12 14:09:15,529 INFO response {"request_id": "7daa2f6891c44126af710ef2ad02b4ce", "http_status": 200, "body": {"accepted": true, "real_timestamp_ms": 1789193352171, "virtual_time_s": 2922.491782, "clear_result": "success"}}
2026-09-12 14:09:15,529 INFO request {"path": "/measure", "payload": {"arena_id": "default", "robot_id": "202601002029", "request_id": "4048989cc1e04c139d820161929467dd", "position": {"x": -677.7927812400674, "y": -460.0028520150651}, "channel": 5}, "attempt": 1}
2026-09-12 14:09:15,530 INFO response {"request_id": "4048989cc1e04c139d820161929467dd", "http_status": 200, "body": {"accepted": true, "real_timestamp_ms": 1789193352172, "virtual_time_s": 3007.996909, "measure_result": "direction", "svd_deg": 92.37}}
2026-09-12 14:09:15,534 INFO request {"path": "/clear", "payload": {"arena_id": "default", "robot_id": "202601002029", "request_id": "068c515d0a0b4c04a3e21b796efdcc37", "position": {"x": -506.95370596900165, "y": -345.41796496215943}, "channel": 12}, "attempt": 1}
2026-09-12 14:09:15,550 INFO response {"request_id": "068c515d0a0b4c04a3e21b796efdcc37", "http_status": 200, "body": {"accepted": true, "real_timestamp_ms": 1789193352192, "virtual_time_s": 3054.138463, "clear_result": "success"}}
2026-09-12 14:09:15,550 INFO request {"path": "/clear", "payload": {"arena_id": "default", "robot_id": "202601002029", "request_id": "bc6d065cb5f5406bb5ec9260ab1febe4", "position": {"x": -691.895661809274, "y": -61.45640173909434}, "channel": 5}, "attempt": 1}
2026-09-12 14:09:15,551 INFO response {"request_id": "bc6d065cb5f5406bb5ec9260ab1febe4", "http_status": 200, "body": {"accepted": true, "real_timestamp_ms": 1789193352194, "virtual_time_s": 3126.913885, "clear_result": "success"}}
2026-09-12 14:09:15,552 INFO request {"path": "/measure", "payload": {"arena_id": "default", "robot_id": "202601002029", "request_id": "95552c5aabed4c02b7a518202f52a988", "position": {"x": -785.0297784584686, "y": -3.5297076576481174}, "channel": 10}, "attempt": 1}
2026-09-12 14:09:15,553 INFO response {"request_id": "95552c5aabed4c02b7a518202f52a988", "http_status": 200, "body": {"accepted": true, "real_timestamp_ms": 1789193352195, "virtual_time_s": 3154.849669, "measure_result": "direction", "svd_deg": 154.21}}
2026-09-12 14:09:15,556 INFO request {"path": "/measure", "payload": {"arena_id": "default", "robot_id": "202601002029", "request_id": "d84db6c673ef4531aa72bebcd8e5e745", "position": {"x": -685.6223127587724, "y": 74.70191232263039}, "channel": 17}, "attempt": 1}
2026-09-12 14:09:15,558 INFO response {"request_id": "d84db6c673ef4531aa72bebcd8e5e745", "http_status": 200, "body": {"accepted": true, "real_timestamp_ms": 1789193352200, "virtual_time_s": 3186.149496, "measure_result": "direction", "svd_deg": 183.24}}
2026-09-12 14:09:16,077 INFO request {"path": "/clear", "payload": {"arena_id": "default", "robot_id": "202601002029", "request_id": "37b73af3e690453f8f230aade1ac7860", "position": {"x": -1150.652740229279, "y": 166.32964402741393}, "channel": 10}, "attempt": 1}
2026-09-12 14:09:16,093 INFO response {"request_id": "37b73af3e690453f8f230aade1ac7860", "http_status": 200, "body": {"accepted": true, "real_timestamp_ms": 1789193352735, "virtual_time_s": 3285.943787, "clear_result": "success"}}
2026-09-12 14:09:16,094 INFO request {"path": "/measure", "payload": {"arena_id": "default", "robot_id": "202601002029", "request_id": "5f5f8292b30342379064c647567b73f2", "position": {"x": -1554.9597389583942, "y": 425.5284670405418}, "channel": 17}, "attempt": 1}
2026-09-12 14:09:16,112 INFO response {"request_id": "5f5f8292b30342379064c647567b73f2", "http_status": 200, "body": {"accepted": true, "real_timestamp_ms": 1789193352753, "virtual_time_s": 3386.995477, "measure_result": "direction", "svd_deg": 271.78}}
2026-09-12 14:09:16,115 INFO request {"path": "/clear", "payload": {"arena_id": "default", "robot_id": "202601002029", "request_id": "90b52f6a657747418481bf57f107c7ea", "position": {"x": -1542.8100656077868, "y": 26.048670798294925}, "channel": 17}, "attempt": 1}
2026-09-12 14:09:16,132 INFO response {"request_id": "90b52f6a657747418481bf57f107c7ea", "http_status": 200, "body": {"accepted": true, "real_timestamp_ms": 1789193352774, "virtual_time_s": 3471.928379, "clear_result": "success"}}
2026-09-12 14:09:16,132 INFO request {"path": "/measure", "payload": {"arena_id": "default", "robot_id": "202601002029", "request_id": "a6a558f541784a8988041d3a73711811", "position": {"x": -932.1820429103104, "y": 653.5465282419598}, "channel": 6}, "attempt": 1}
2026-09-12 14:09:16,133 INFO response {"request_id": "a6a558f541784a8988041d3a73711811", "http_status": 200, "body": {"accepted": true, "real_timestamp_ms": 1789193352775, "virtual_time_s": 3653.042073, "measure_result": "direction", "svd_deg": 90.11}}
2026-09-12 14:09:16,138 INFO request {"path": "/clear", "payload": {"arena_id": "default", "robot_id": "202601002029", "request_id": "c2978de2d5f64e0db773f63973b0ba42", "position": {"x": -933.0570918480082, "y": 1053.5492775003454}, "channel": 6}, "attempt": 1}
2026-09-12 14:09:16,151 INFO response {"request_id": "c2978de2d5f64e0db773f63973b0ba42", "http_status": 200, "body": {"accepted": true, "real_timestamp_ms": 1789193352793, "virtual_time_s": 3738.042814, "clear_result": "success"}}
2026-09-12 14:09:16,152 INFO request {"path": "/measure", "payload": {"arena_id": "default", "robot_id": "202601002029", "request_id": "ec6f679db7e047228fa61a6b8b83fffd", "position": {"x": -599.9999999999998, "y": 1039.2304845413264}, "channel": 11}, "attempt": 1}
2026-09-12 14:09:16,170 INFO response {"request_id": "ec6f679db7e047228fa61a6b8b83fffd", "http_status": 200, "body": {"accepted": true, "real_timestamp_ms": 1789193352812, "virtual_time_s": 3810.715763, "measure_result": "direction", "svd_deg": 15.56}}
2026-09-12 14:09:16,712 INFO request {"path": "/measure", "payload": {"arena_id": "default", "robot_id": "202601002029", "request_id": "248dfba5ca3a44a09b542c61cebfa175", "position": {"x": -388.7859501361978, "y": 697.5198055966453}, "channel": 11}, "attempt": 1}
2026-09-12 14:09:16,713 INFO response {"request_id": "248dfba5ca3a44a09b542c61cebfa175", "http_status": 200, "body": {"accepted": true, "real_timestamp_ms": 1789193353354, "virtual_time_s": 3896.059416, "measure_result": "direction", "svd_deg": 90.04}}
2026-09-12 14:09:16,717 INFO request {"path": "/clear", "payload": {"arena_id": "default", "robot_id": "202601002029", "request_id": "b7962d969bbe485194c4f5053a7aa223", "position": {"x": -388.9725851784274, "y": 1098.7029877661316}, "channel": 11}, "attempt": 1}
2026-09-12 14:09:16,718 INFO response {"request_id": "b7962d969bbe485194c4f5053a7aa223", "http_status": 200, "body": {"accepted": true, "real_timestamp_ms": 1789193353360, "virtual_time_s": 3981.296061, "clear_result": "success"}}
2026-09-12 14:09:16,719 INFO request {"path": "/measure", "payload": {"arena_id": "default", "robot_id": "202601002029", "request_id": "892a9b80fbe2447bbbd7df5d810b54c6", "position": {"x": -0.28130538695398855, "y": 1050.6318271819227}, "channel": 16}, "attempt": 1}
2026-09-12 14:09:16,719 INFO response {"request_id": "892a9b80fbe2447bbbd7df5d810b54c6", "http_status": 200, "body": {"accepted": true, "real_timestamp_ms": 1789193353361, "virtual_time_s": 4065.626578, "measure_result": "direction", "svd_deg": 350.95}}
2026-09-12 14:09:17,199 INFO request {"path": "/measure", "payload": {"arena_id": "default", "robot_id": "202601002029", "request_id": "8a7e261a52b8473fbded304aea4e8d55", "position": {"x": 178.42060095496015, "y": 1544.5981078783736}, "channel": 1}, "attempt": 1}
2026-09-12 14:09:17,201 INFO response {"request_id": "8a7e261a52b8473fbded304aea4e8d55", "http_status": 200, "body": {"accepted": true, "real_timestamp_ms": 1789193353842, "virtual_time_s": 4176.686001, "measure_result": "direction", "svd_deg": 342.15}}
2026-09-12 14:09:17,204 INFO request {"path": "/measure", "payload": {"arena_id": "default", "robot_id": "202601002029", "request_id": "be4b1e19a3ed458a9029412a61163046", "position": {"x": 318.95971187421776, "y": 1377.2686324468164}, "channel": 16}, "attempt": 1}
2026-09-12 14:09:17,219 INFO response {"request_id": "be4b1e19a3ed458a9029412a61163046", "http_status": 200, "body": {"accepted": true, "real_timestamp_ms": 1789193353861, "virtual_time_s": 4226.389729, "measure_result": "direction", "svd_deg": 283.13}}
2026-09-12 14:09:17,224 INFO request {"path": "/clear", "payload": {"arena_id": "default", "robot_id": "202601002029", "request_id": "0e7498521b034316b5e9c9e6fb915f9d", "position": {"x": 584.6521558429376, "y": 1413.6023132333025}, "channel": 1}, "attempt": 1}
2026-09-12 14:09:17,225 INFO response {"request_id": "0e7498521b034316b5e9c9e6fb915f9d", "http_status": 200, "body": {"accepted": true, "real_timestamp_ms": 1789193353867, "virtual_time_s": 4285.022783, "clear_result": "success"}}
2026-09-12 14:09:17,226 INFO request {"path": "/clear", "payload": {"arena_id": "default", "robot_id": "202601002029", "request_id": "71bdbfaeb1d741bdb7f17978726241b7", "position": {"x": 409.1489958698482, "y": 984.9889149535227}, "channel": 16}, "attempt": 1}
2026-09-12 14:09:17,226 INFO response {"request_id": "71bdbfaeb1d741bdb7f17978726241b7", "http_status": 200, "body": {"accepted": true, "real_timestamp_ms": 1789193353869, "virtual_time_s": 4382.653405, "clear_result": "success"}}
2026-09-12 14:09:17,227 INFO request {"path": "/measure", "payload": {"arena_id": "default", "robot_id": "202601002029", "request_id": "e9f0baec5fde4851b7228b05ea258610", "position": {"x": 600.0000000000001, "y": 1039.2304845413264}, "channel": 13}, "attempt": 1}
2026-09-12 14:09:17,227 INFO response {"request_id": "e9f0baec5fde4851b7228b05ea258610", "http_status": 200, "body": {"accepted": true, "real_timestamp_ms": 1789193353869, "virtual_time_s": 4428.335267, "measure_result": "direction", "svd_deg": 1.88}}
2026-09-12 14:09:17,766 INFO request {"path": "/measure", "payload": {"arena_id": "default", "robot_id": "202601002029", "request_id": "56fd19fbaca0492db673c013b70169f6", "position": {"x": 1063.2902610118504, "y": 840.2815839684417}, "channel": 20}, "attempt": 1}
2026-09-12 14:09:17,767 INFO response {"request_id": "56fd19fbaca0492db673c013b70169f6", "http_status": 200, "body": {"accepted": true, "real_timestamp_ms": 1789193354409, "virtual_time_s": 4535.175444, "measure_result": "direction", "svd_deg": 346.42}}
2026-09-12 14:09:17,770 INFO request {"path": "/measure", "payload": {"arena_id": "default", "robot_id": "202601002029", "request_id": "fc76c243a42546e6a5194231aac9880c", "position": {"x": 1348.2376660571242, "y": 664.1121216225936}, "channel": 13}, "attempt": 1}
2026-09-12 14:09:17,771 INFO response {"request_id": "fc76c243a42546e6a5194231aac9880c", "http_status": 200, "body": {"accepted": true, "real_timestamp_ms": 1789193354413, "virtual_time_s": 4608.177146, "measure_result": "direction", "svd_deg": 88.96}}
2026-09-12 14:09:17,774 INFO request {"path": "/clear", "payload": {"arena_id": "default", "robot_id": "202601002029", "request_id": "101fff16079c40a09fdc15fd2e57eaf1", "position": {"x": 1450.4456583804574, "y": 751.3371913679804}, "channel": 20}, "attempt": 1}
2026-09-12 14:09:17,775 INFO response {"request_id": "101fff16079c40a09fdc15fd2e57eaf1", "http_status": 200, "body": {"accepted": true, "real_timestamp_ms": 1789193354417, "virtual_time_s": 4640.050692, "clear_result": "success"}}
2026-09-12 14:09:17,775 INFO request {"path": "/clear", "payload": {"arena_id": "default", "robot_id": "202601002029", "request_id": "80da59e0186f4dca9230ecefc7918156", "position": {"x": 1355.7370357701877, "y": 1064.1706676434565}, "channel": 13}, "attempt": 1}
2026-09-12 14:09:17,791 INFO response {"request_id": "80da59e0186f4dca9230ecefc7918156", "http_status": 200, "body": {"accepted": true, "real_timestamp_ms": 1789193354433, "virtual_time_s": 4710.421789, "clear_result": "success"}}
2026-09-12 14:09:17,791 INFO request {"path": "/exit", "payload": {"arena_id": "default", "robot_id": "202601002029", "request_id": "6259671102a9416987c49af2baca1c7b"}, "attempt": 1}
2026-09-12 14:09:17,811 INFO response {"request_id": "6259671102a9416987c49af2baca1c7b", "http_status": 200, "body": {"accepted": true, "real_timestamp_ms": 1789193354453, "virtual_time_s": 4710.421789, "exit_reason": "user_exit"}}
