2026-09-13 11:19:48,533 INFO request {"path": "/enter", "payload": {"arena_id": "default", "robot_id": "202601002029", "request_id": "26a2b8c0b56441b5a32847247a2636ce"}, "attempt": 1}
2026-09-13 11:19:48,537 INFO response {"request_id": "26a2b8c0b56441b5a32847247a2636ce", "http_status": 200, "body": {"accepted": true, "real_timestamp_ms": 1789269584477, "virtual_time_s": 0, "max_virtual_duration_s": 360000, "max_real_duration_s": 1200, "remaining_real_duration_s": 1200}}
2026-09-13 11:19:48,537 INFO request {"path": "/measure", "payload": {"arena_id": "default", "robot_id": "202601002029", "request_id": "7afcff72b3f94b3fa4006a4cf2092aec", "position": {"x": 0.0, "y": 0.0}, "channel": 1}, "attempt": 1}
2026-09-13 11:19:48,538 INFO response {"request_id": "7afcff72b3f94b3fa4006a4cf2092aec", "http_status": 200, "body": {"accepted": true, "real_timestamp_ms": 1789269584478, "virtual_time_s": 5, "measure_result": "no_signal"}}
2026-09-13 11:19:48,538 INFO request {"path": "/measure", "payload": {"arena_id": "default", "robot_id": "202601002029", "request_id": "b72d7e69da36437aa2cbb7f3858bdd29", "position": {"x": 0.0, "y": 0.0}, "channel": 2}, "attempt": 1}
2026-09-13 11:19:48,539 INFO response {"request_id": "b72d7e69da36437aa2cbb7f3858bdd29", "http_status": 200, "body": {"accepted": true, "real_timestamp_ms": 1789269584479, "virtual_time_s": 11, "measure_result": "direction", "svd_deg": 93.73}}
2026-09-13 11:19:48,543 INFO request {"path": "/measure", "payload": {"arena_id": "default", "robot_id": "202601002029", "request_id": "75dbdbefc8d14d28a13619279a416c4d", "position": {"x": 0.0, "y": 0.0}, "channel": 3}, "attempt": 1}
2026-09-13 11:19:48,543 INFO response {"request_id": "75dbdbefc8d14d28a13619279a416c4d", "http_status": 200, "body": {"accepted": true, "real_timestamp_ms": 1789269584484, "virtual_time_s": 17, "measure_result": "direction", "svd_deg": 190.34}}
2026-09-13 11:19:48,546 INFO request {"path": "/measure", "payload": {"arena_id": "default", "robot_id": "202601002029", "request_id": "c01b6280c9534f79a2d11576cd35f046", "position": {"x": 0.0, "y": 0.0}, "channel": 4}, "attempt": 1}
2026-09-13 11:19:48,548 INFO response {"request_id": "c01b6280c9534f79a2d11576cd35f046", "http_status": 200, "body": {"accepted": true, "real_timestamp_ms": 1789269584487, "virtual_time_s": 23, "measure_result": "no_signal"}}
2026-09-13 11:19:48,548 INFO request {"path": "/measure", "payload": {"arena_id": "default", "robot_id": "202601002029", "request_id": "1b422a5554b14717829a40def7b37aa5", "position": {"x": 0.0, "y": 0.0}, "channel": 5}, "attempt": 1}
2026-09-13 11:19:48,549 INFO response {"request_id": "1b422a5554b14717829a40def7b37aa5", "http_status": 200, "body": {"accepted": true, "real_timestamp_ms": 1789269584489, "virtual_time_s": 29, "measure_result": "no_signal"}}
2026-09-13 11:19:48,549 INFO request {"path": "/measure", "payload": {"arena_id": "default", "robot_id": "202601002029", "request_id": "da98574196ae4a31bcef4d551b6db134", "position": {"x": 0.0, "y": 0.0}, "channel": 6}, "attempt": 1}
2026-09-13 11:19:48,550 INFO response {"request_id": "da98574196ae4a31bcef4d551b6db134", "http_status": 200, "body": {"accepted": true, "real_timestamp_ms": 1789269584490, "virtual_time_s": 35, "measure_result": "direction", "svd_deg": 165.3}}
2026-09-13 11:19:48,551 INFO request {"path": "/measure", "payload": {"arena_id": "default", "robot_id": "202601002029", "request_id": "3eb16108e64849fcbf8b997b9cc4c18f", "position": {"x": 0.0, "y": 0.0}, "channel": 7}, "attempt": 1}
2026-09-13 11:19:48,563 INFO response {"request_id": "3eb16108e64849fcbf8b997b9cc4c18f", "http_status": 200, "body": {"accepted": true, "real_timestamp_ms": 1789269584503, "virtual_time_s": 41, "measure_result": "direction", "svd_deg": 9.56}}
2026-09-13 11:19:48,564 INFO request {"path": "/measure", "payload": {"arena_id": "default", "robot_id": "202601002029", "request_id": "d9ca089ce622448b930236b618100553", "position": {"x": 0.0, "y": 0.0}, "channel": 8}, "attempt": 1}
2026-09-13 11:19:48,579 INFO response {"request_id": "d9ca089ce622448b930236b618100553", "http_status": 200, "body": {"accepted": true, "real_timestamp_ms": 1789269584519, "virtual_time_s": 47, "measure_result": "no_signal"}}
2026-09-13 11:19:48,579 INFO request {"path": "/measure", "payload": {"arena_id": "default", "robot_id": "202601002029", "request_id": "39a433bfbac64feeb1d64f673a382d11", "position": {"x": 0.0, "y": 0.0}, "channel": 9}, "attempt": 1}
2026-09-13 11:19:48,595 INFO response {"request_id": "39a433bfbac64feeb1d64f673a382d11", "http_status": 200, "body": {"accepted": true, "real_timestamp_ms": 1789269584535, "virtual_time_s": 53, "measure_result": "direction", "svd_deg": 56.28}}
2026-09-13 11:19:48,601 INFO request {"path": "/measure", "payload": {"arena_id": "default", "robot_id": "202601002029", "request_id": "eb3fac0870cc4da78d7f325ca8cceb27", "position": {"x": 0.0, "y": 0.0}, "channel": 10}, "attempt": 1}
2026-09-13 11:19:48,603 INFO response {"request_id": "eb3fac0870cc4da78d7f325ca8cceb27", "http_status": 200, "body": {"accepted": true, "real_timestamp_ms": 1789269584542, "virtual_time_s": 59, "measure_result": "no_signal"}}
2026-09-13 11:19:48,603 INFO request {"path": "/measure", "payload": {"arena_id": "default", "robot_id": "202601002029", "request_id": "e29d4639456242778c141354f3f56419", "position": {"x": 0.0, "y": 0.0}, "channel": 11}, "attempt": 1}
2026-09-13 11:19:48,605 INFO response {"request_id": "e29d4639456242778c141354f3f56419", "http_status": 200, "body": {"accepted": true, "real_timestamp_ms": 1789269584544, "virtual_time_s": 65, "measure_result": "direction", "svd_deg": 222.89}}
2026-09-13 11:19:48,609 INFO request {"path": "/measure", "payload": {"arena_id": "default", "robot_id": "202601002029", "request_id": "1131b43ff8f543f98b831b8fd9cddb0d", "position": {"x": 0.0, "y": 0.0}, "channel": 12}, "attempt": 1}
2026-09-13 11:19:48,611 INFO response {"request_id": "1131b43ff8f543f98b831b8fd9cddb0d", "http_status": 200, "body": {"accepted": true, "real_timestamp_ms": 1789269584551, "virtual_time_s": 71, "measure_result": "direction", "svd_deg": 143.01}}
2026-09-13 11:19:48,616 INFO request {"path": "/measure", "payload": {"arena_id": "default", "robot_id": "202601002029", "request_id": "62f817551ecf491f9ed04d57a30af540", "position": {"x": 0.0, "y": 0.0}, "channel": 13}, "attempt": 1}
2026-09-13 11:19:48,618 INFO response {"request_id": "62f817551ecf491f9ed04d57a30af540", "http_status": 200, "body": {"accepted": true, "real_timestamp_ms": 1789269584557, "virtual_time_s": 77, "measure_result": "no_signal"}}
2026-09-13 11:19:48,618 INFO request {"path": "/measure", "payload": {"arena_id": "default", "robot_id": "202601002029", "request_id": "cf79d806e17b494d9ed2e4b64cddad7b", "position": {"x": 0.0, "y": 0.0}, "channel": 14}, "attempt": 1}
2026-09-13 11:19:48,641 INFO response {"request_id": "cf79d806e17b494d9ed2e4b64cddad7b", "http_status": 200, "body": {"accepted": true, "real_timestamp_ms": 1789269584581, "virtual_time_s": 83, "measure_result": "direction", "svd_deg": 162.57}}
2026-09-13 11:19:48,647 INFO request {"path": "/measure", "payload": {"arena_id": "default", "robot_id": "202601002029", "request_id": "71c42e0d4bb94bcf8ef6ffb475d17448", "position": {"x": 0.0, "y": 0.0}, "channel": 15}, "attempt": 1}
2026-09-13 11:19:48,649 INFO response {"request_id": "71c42e0d4bb94bcf8ef6ffb475d17448", "http_status": 200, "body": {"accepted": true, "real_timestamp_ms": 1789269584588, "virtual_time_s": 89, "measure_result": "direction", "svd_deg": 36.22}}
2026-09-13 11:19:48,655 INFO request {"path": "/measure", "payload": {"arena_id": "default", "robot_id": "202601002029", "request_id": "e32e1d307b624e4394052694abdcdf59", "position": {"x": 0.0, "y": 0.0}, "channel": 16}, "attempt": 1}
2026-09-13 11:19:48,657 INFO response {"request_id": "e32e1d307b624e4394052694abdcdf59", "http_status": 200, "body": {"accepted": true, "real_timestamp_ms": 1789269584597, "virtual_time_s": 95, "measure_result": "no_signal"}}
2026-09-13 11:19:48,658 INFO request {"path": "/measure", "payload": {"arena_id": "default", "robot_id": "202601002029", "request_id": "b5d35b8869d6487193bad7f4d3e204f4", "position": {"x": 0.0, "y": 0.0}, "channel": 17}, "attempt": 1}
2026-09-13 11:19:48,660 INFO response {"request_id": "b5d35b8869d6487193bad7f4d3e204f4", "http_status": 200, "body": {"accepted": true, "real_timestamp_ms": 1789269584599, "virtual_time_s": 101, "measure_result": "direction", "svd_deg": 222.79}}
2026-09-13 11:19:48,664 INFO request {"path": "/measure", "payload": {"arena_id": "default", "robot_id": "202601002029", "request_id": "b5fff5187fda4d2780916521771f6466", "position": {"x": 0.0, "y": 0.0}, "channel": 18}, "attempt": 1}
2026-09-13 11:19:48,667 INFO response {"request_id": "b5fff5187fda4d2780916521771f6466", "http_status": 200, "body": {"accepted": true, "real_timestamp_ms": 1789269584606, "virtual_time_s": 107, "measure_result": "direction", "svd_deg": 258.1}}
2026-09-13 11:19:48,670 INFO request {"path": "/measure", "payload": {"arena_id": "default", "robot_id": "202601002029", "request_id": "0332f69798454063bb062911c0b0a693", "position": {"x": 0.0, "y": 0.0}, "channel": 19}, "attempt": 1}
2026-09-13 11:19:48,689 INFO response {"request_id": "0332f69798454063bb062911c0b0a693", "http_status": 200, "body": {"accepted": true, "real_timestamp_ms": 1789269584628, "virtual_time_s": 113, "measure_result": "no_signal"}}
2026-09-13 11:19:48,689 INFO request {"path": "/measure", "payload": {"arena_id": "default", "robot_id": "202601002029", "request_id": "cc7f65444a814463899bcfc37d4bbe37", "position": {"x": 0.0, "y": 0.0}, "channel": 20}, "attempt": 1}
2026-09-13 11:19:48,704 INFO response {"request_id": "cc7f65444a814463899bcfc37d4bbe37", "http_status": 200, "body": {"accepted": true, "real_timestamp_ms": 1789269584644, "virtual_time_s": 119, "measure_result": "no_signal"}}
2026-09-13 11:19:48,704 INFO request {"path": "/measure", "payload": {"arena_id": "default", "robot_id": "202601002029", "request_id": "4a4d2109c60f4a6ba759887e546fb5e7", "position": {"x": 1130.0, "y": 0.0}, "channel": 20}, "attempt": 1}
2026-09-13 11:19:48,720 INFO response {"request_id": "4a4d2109c60f4a6ba759887e546fb5e7", "http_status": 200, "body": {"accepted": true, "real_timestamp_ms": 1789269584659, "virtual_time_s": 350, "measure_result": "no_signal"}}
2026-09-13 11:19:48,720 INFO request {"path": "/measure", "payload": {"arena_id": "default", "robot_id": "202601002029", "request_id": "b60d7987e95540c4bfe77a13a7bd89aa", "position": {"x": 1130.0, "y": 0.0}, "channel": 1}, "attempt": 1}
2026-09-13 11:19:48,722 INFO response {"request_id": "b60d7987e95540c4bfe77a13a7bd89aa", "http_status": 200, "body": {"accepted": true, "real_timestamp_ms": 1789269584661, "virtual_time_s": 356, "measure_result": "no_signal"}}
2026-09-13 11:19:48,722 INFO request {"path": "/measure", "payload": {"arena_id": "default", "robot_id": "202601002029", "request_id": "807cea3bea924f7ab9bb33b01784f7c8", "position": {"x": 1130.0, "y": 0.0}, "channel": 4}, "attempt": 1}
2026-09-13 11:19:48,723 INFO response {"request_id": "807cea3bea924f7ab9bb33b01784f7c8", "http_status": 200, "body": {"accepted": true, "real_timestamp_ms": 1789269584663, "virtual_time_s": 362, "measure_result": "no_signal"}}
2026-09-13 11:19:48,724 INFO request {"path": "/measure", "payload": {"arena_id": "default", "robot_id": "202601002029", "request_id": "0da98d10cc1142bea877845c145b651a", "position": {"x": 1130.0, "y": 0.0}, "channel": 5}, "attempt": 1}
2026-09-13 11:19:48,735 INFO response {"request_id": "0da98d10cc1142bea877845c145b651a", "http_status": 200, "body": {"accepted": true, "real_timestamp_ms": 1789269584675, "virtual_time_s": 368, "measure_result": "no_signal"}}
2026-09-13 11:19:48,736 INFO request {"path": "/measure", "payload": {"arena_id": "default", "robot_id": "202601002029", "request_id": "08aeea747465427682220e498db65500", "position": {"x": 1130.0, "y": 0.0}, "channel": 8}, "attempt": 1}
2026-09-13 11:19:48,751 INFO response {"request_id": "08aeea747465427682220e498db65500", "http_status": 200, "body": {"accepted": true, "real_timestamp_ms": 1789269584691, "virtual_time_s": 374, "measure_result": "no_signal"}}
2026-09-13 11:19:48,751 INFO request {"path": "/measure", "payload": {"arena_id": "default", "robot_id": "202601002029", "request_id": "3b143c476ce8482084387c067abcccb5", "position": {"x": 1130.0, "y": 0.0}, "channel": 10}, "attempt": 1}
2026-09-13 11:19:48,753 INFO response {"request_id": "3b143c476ce8482084387c067abcccb5", "http_status": 200, "body": {"accepted": true, "real_timestamp_ms": 1789269584693, "virtual_time_s": 380, "measure_result": "no_signal"}}
2026-09-13 11:19:48,754 INFO request {"path": "/measure", "payload": {"arena_id": "default", "robot_id": "202601002029", "request_id": "c20ff2051364470b897ecf91aecf7ee0", "position": {"x": 1130.0, "y": 0.0}, "channel": 13}, "attempt": 1}
2026-09-13 11:19:48,755 INFO response {"request_id": "c20ff2051364470b897ecf91aecf7ee0", "http_status": 200, "body": {"accepted": true, "real_timestamp_ms": 1789269584695, "virtual_time_s": 386, "measure_result": "no_signal"}}
2026-09-13 11:19:48,755 INFO request {"path": "/measure", "payload": {"arena_id": "default", "robot_id": "202601002029", "request_id": "a7d222946224407598cb3ef5f60c1bab", "position": {"x": 1130.0, "y": 0.0}, "channel": 16}, "attempt": 1}
2026-09-13 11:19:48,768 INFO response {"request_id": "a7d222946224407598cb3ef5f60c1bab", "http_status": 200, "body": {"accepted": true, "real_timestamp_ms": 1789269584707, "virtual_time_s": 392, "measure_result": "no_signal"}}
2026-09-13 11:19:48,768 INFO request {"path": "/measure", "payload": {"arena_id": "default", "robot_id": "202601002029", "request_id": "73eb1427868443b9b84be63cb6916d8b", "position": {"x": 1130.0, "y": 0.0}, "channel": 19}, "attempt": 1}
2026-09-13 11:19:48,785 INFO response {"request_id": "73eb1427868443b9b84be63cb6916d8b", "http_status": 200, "body": {"accepted": true, "real_timestamp_ms": 1789269584725, "virtual_time_s": 398, "measure_result": "no_signal"}}
2026-09-13 11:19:48,811 INFO request {"path": "/measure", "payload": {"arena_id": "default", "robot_id": "202601002029", "request_id": "1f612e22a71b495e80041222427e59d1", "position": {"x": 1130.0, "y": 0.0}, "channel": 15}, "attempt": 1}
2026-09-13 11:19:48,827 INFO response {"request_id": "1f612e22a71b495e80041222427e59d1", "http_status": 200, "body": {"accepted": true, "real_timestamp_ms": 1789269584768, "virtual_time_s": 404, "measure_result": "direction", "svd_deg": 107.04}}
2026-09-13 11:19:48,839 INFO request {"path": "/measure", "payload": {"arena_id": "default", "robot_id": "202601002029", "request_id": "7ac6fda0cd4640c38159126e3bfec9cd", "position": {"x": 1130.0, "y": 0.0}, "channel": 7}, "attempt": 1}
2026-09-13 11:19:48,840 INFO response {"request_id": "7ac6fda0cd4640c38159126e3bfec9cd", "http_status": 200, "body": {"accepted": true, "real_timestamp_ms": 1789269584780, "virtual_time_s": 410, "measure_result": "direction", "svd_deg": 167.03}}
2026-09-13 11:19:48,843 INFO request {"path": "/measure", "payload": {"arena_id": "default", "robot_id": "202601002029", "request_id": "2cd450ac8ecb47b8a3b96bf32e23a0f6", "position": {"x": 565.0000000000001, "y": 978.6087062764157}, "channel": 1}, "attempt": 1}
2026-09-13 11:19:48,844 INFO response {"request_id": "2cd450ac8ecb47b8a3b96bf32e23a0f6", "http_status": 200, "body": {"accepted": true, "real_timestamp_ms": 1789269584784, "virtual_time_s": 642, "measure_result": "no_signal"}}
2026-09-13 11:19:48,844 INFO request {"path": "/measure", "payload": {"arena_id": "default", "robot_id": "202601002029", "request_id": "2f2ac860c7634ec0b59bc1b8610fd461", "position": {"x": 565.0000000000001, "y": 978.6087062764157}, "channel": 4}, "attempt": 1}
2026-09-13 11:19:48,845 INFO response {"request_id": "2f2ac860c7634ec0b59bc1b8610fd461", "http_status": 200, "body": {"accepted": true, "real_timestamp_ms": 1789269584785, "virtual_time_s": 648, "measure_result": "no_signal"}}
2026-09-13 11:19:48,845 INFO request {"path": "/measure", "payload": {"arena_id": "default", "robot_id": "202601002029", "request_id": "7ab510a1cb744d658912d97d0929899d", "position": {"x": 565.0000000000001, "y": 978.6087062764157}, "channel": 5}, "attempt": 1}
2026-09-13 11:19:48,846 INFO response {"request_id": "7ab510a1cb744d658912d97d0929899d", "http_status": 200, "body": {"accepted": true, "real_timestamp_ms": 1789269584786, "virtual_time_s": 654, "measure_result": "no_signal"}}
2026-09-13 11:19:48,846 INFO request {"path": "/measure", "payload": {"arena_id": "default", "robot_id": "202601002029", "request_id": "89f19720a7434a68b5e2e8152e1775ee", "position": {"x": 565.0000000000001, "y": 978.6087062764157}, "channel": 8}, "attempt": 1}
2026-09-13 11:19:48,847 INFO response {"request_id": "89f19720a7434a68b5e2e8152e1775ee", "http_status": 200, "body": {"accepted": true, "real_timestamp_ms": 1789269584787, "virtual_time_s": 660, "measure_result": "no_signal"}}
2026-09-13 11:19:48,847 INFO request {"path": "/measure", "payload": {"arena_id": "default", "robot_id": "202601002029", "request_id": "a87d733716df4fac8d3d3a3ba7ac3248", "position": {"x": 565.0000000000001, "y": 978.6087062764157}, "channel": 10}, "attempt": 1}
2026-09-13 11:19:48,858 INFO response {"request_id": "a87d733716df4fac8d3d3a3ba7ac3248", "http_status": 200, "body": {"accepted": true, "real_timestamp_ms": 1789269584798, "virtual_time_s": 666, "measure_result": "no_signal"}}
2026-09-13 11:19:48,859 INFO request {"path": "/measure", "payload": {"arena_id": "default", "robot_id": "202601002029", "request_id": "e92d93bc41c64dc180bcdf4bbd94c8d3", "position": {"x": 565.0000000000001, "y": 978.6087062764157}, "channel": 13}, "attempt": 1}
2026-09-13 11:19:48,876 INFO response {"request_id": "e92d93bc41c64dc180bcdf4bbd94c8d3", "http_status": 200, "body": {"accepted": true, "real_timestamp_ms": 1789269584814, "virtual_time_s": 672, "measure_result": "no_signal"}}
2026-09-13 11:19:48,876 INFO request {"path": "/measure", "payload": {"arena_id": "default", "robot_id": "202601002029", "request_id": "5d613fbc8fab47c7bfaf20f8b6bb4c17", "position": {"x": 565.0000000000001, "y": 978.6087062764157}, "channel": 16}, "attempt": 1}
2026-09-13 11:19:48,890 INFO response {"request_id": "5d613fbc8fab47c7bfaf20f8b6bb4c17", "http_status": 200, "body": {"accepted": true, "real_timestamp_ms": 1789269584830, "virtual_time_s": 678, "measure_result": "no_signal"}}
2026-09-13 11:19:48,891 INFO request {"path": "/measure", "payload": {"arena_id": "default", "robot_id": "202601002029", "request_id": "286e5e2f1c2548678616df50e00007b5", "position": {"x": 565.0000000000001, "y": 978.6087062764157}, "channel": 19}, "attempt": 1}
2026-09-13 11:19:48,893 INFO response {"request_id": "286e5e2f1c2548678616df50e00007b5", "http_status": 200, "body": {"accepted": true, "real_timestamp_ms": 1789269584833, "virtual_time_s": 684, "measure_result": "no_signal"}}
2026-09-13 11:19:48,894 INFO request {"path": "/measure", "payload": {"arena_id": "default", "robot_id": "202601002029", "request_id": "5fc6ea3be2d14b819abbe7a189a5208f", "position": {"x": 565.0000000000001, "y": 978.6087062764157}, "channel": 20}, "attempt": 1}
2026-09-13 11:19:48,921 INFO response {"request_id": "5fc6ea3be2d14b819abbe7a189a5208f", "http_status": 200, "body": {"accepted": true, "real_timestamp_ms": 1789269584861, "virtual_time_s": 690, "measure_result": "no_signal"}}
2026-09-13 11:19:48,957 INFO request {"path": "/measure", "payload": {"arena_id": "default", "robot_id": "202601002029", "request_id": "0143027e54de4e6788bbd458d6665d1a", "position": {"x": 565.0000000000001, "y": 978.6087062764157}, "channel": 7}, "attempt": 1}
2026-09-13 11:19:48,959 INFO response {"request_id": "0143027e54de4e6788bbd458d6665d1a", "http_status": 200, "body": {"accepted": true, "real_timestamp_ms": 1789269584898, "virtual_time_s": 696, "measure_result": "direction", "svd_deg": 276.72}}
2026-09-13 11:19:48,984 INFO request {"path": "/measure", "payload": {"arena_id": "default", "robot_id": "202601002029", "request_id": "2ece837f24e64359bd09d44b83cd13f0", "position": {"x": 565.0000000000001, "y": 978.6087062764157}, "channel": 2}, "attempt": 1}
2026-09-13 11:19:48,985 INFO response {"request_id": "2ece837f24e64359bd09d44b83cd13f0", "http_status": 200, "body": {"accepted": true, "real_timestamp_ms": 1789269584925, "virtual_time_s": 702, "measure_result": "direction", "svd_deg": 192.39}}
2026-09-13 11:19:48,989 INFO request {"path": "/clear", "payload": {"arena_id": "default", "robot_id": "202601002029", "request_id": "376df7b86e7c45c4aec0c938ea61ff9d", "position": {"x": -54.66911375734134, "y": 842.1825423053056}, "channel": 2}, "attempt": 1}
2026-09-13 11:19:48,990 INFO response {"request_id": "376df7b86e7c45c4aec0c938ea61ff9d", "http_status": 200, "body": {"accepted": true, "real_timestamp_ms": 1789269584931, "virtual_time_s": 833.901837, "clear_result": "success"}}
2026-09-13 11:19:49,005 INFO request {"path": "/measure", "payload": {"arena_id": "default", "robot_id": "202601002029", "request_id": "ef77430d4e79414c9525aa7a477738ca", "position": {"x": -54.66911375734134, "y": 842.1825423053056}, "channel": 15}, "attempt": 1}
2026-09-13 11:19:49,033 INFO response {"request_id": "ef77430d4e79414c9525aa7a477738ca", "http_status": 200, "body": {"accepted": true, "real_timestamp_ms": 1789269584969, "virtual_time_s": 839.901837, "measure_result": "direction", "svd_deg": 349.24}}
2026-09-13 11:19:49,039 INFO request {"path": "/measure", "payload": {"arena_id": "default", "robot_id": "202601002029", "request_id": "b9e7f24e720a4a15bac7362912ae2dc5", "position": {"x": -564.9999999999998, "y": 978.6087062764158}, "channel": 1}, "attempt": 1}
2026-09-13 11:19:49,061 INFO response {"request_id": "b9e7f24e720a4a15bac7362912ae2dc5", "http_status": 200, "body": {"accepted": true, "real_timestamp_ms": 1789269585001, "virtual_time_s": 951.552149, "measure_result": "no_signal"}}
2026-09-13 11:19:49,061 INFO request {"path": "/measure", "payload": {"arena_id": "default", "robot_id": "202601002029", "request_id": "c7902e82c5c144c59c6482a3a6e4814b", "position": {"x": -564.9999999999998, "y": 978.6087062764158}, "channel": 4}, "attempt": 1}
2026-09-13 11:19:49,062 INFO response {"request_id": "c7902e82c5c144c59c6482a3a6e4814b", "http_status": 200, "body": {"accepted": true, "real_timestamp_ms": 1789269585002, "virtual_time_s": 957.552149, "measure_result": "no_signal"}}
2026-09-13 11:19:49,063 INFO request {"path": "/measure", "payload": {"arena_id": "default", "robot_id": "202601002029", "request_id": "3e87c4fd109a4a15a0d7d3a7739d4977", "position": {"x": -564.9999999999998, "y": 978.6087062764158}, "channel": 5}, "attempt": 1}
2026-09-13 11:19:49,063 INFO response {"request_id": "3e87c4fd109a4a15a0d7d3a7739d4977", "http_status": 200, "body": {"accepted": true, "real_timestamp_ms": 1789269585003, "virtual_time_s": 963.552149, "measure_result": "no_signal"}}
2026-09-13 11:19:49,064 INFO request {"path": "/measure", "payload": {"arena_id": "default", "robot_id": "202601002029", "request_id": "99b4fb6abf6444b689eaef6e9fc38863", "position": {"x": -564.9999999999998, "y": 978.6087062764158}, "channel": 8}, "attempt": 1}
2026-09-13 11:19:49,077 INFO response {"request_id": "99b4fb6abf6444b689eaef6e9fc38863", "http_status": 200, "body": {"accepted": true, "real_timestamp_ms": 1789269585017, "virtual_time_s": 969.552149, "measure_result": "no_signal"}}
2026-09-13 11:19:49,077 INFO request {"path": "/measure", "payload": {"arena_id": "default", "robot_id": "202601002029", "request_id": "1f30a0d7e0f849209c34b10c601d63fc", "position": {"x": -564.9999999999998, "y": 978.6087062764158}, "channel": 10}, "attempt": 1}
2026-09-13 11:19:49,093 INFO response {"request_id": "1f30a0d7e0f849209c34b10c601d63fc", "http_status": 200, "body": {"accepted": true, "real_timestamp_ms": 1789269585032, "virtual_time_s": 975.552149, "measure_result": "no_signal"}}
2026-09-13 11:19:49,093 INFO request {"path": "/measure", "payload": {"arena_id": "default", "robot_id": "202601002029", "request_id": "e8d6de80777a473884159fba6e5746ab", "position": {"x": -564.9999999999998, "y": 978.6087062764158}, "channel": 13}, "attempt": 1}
2026-09-13 11:19:49,093 INFO response {"request_id": "e8d6de80777a473884159fba6e5746ab", "http_status": 200, "body": {"accepted": true, "real_timestamp_ms": 1789269585033, "virtual_time_s": 981.552149, "measure_result": "no_signal"}}
2026-09-13 11:19:49,095 INFO request {"path": "/measure", "payload": {"arena_id": "default", "robot_id": "202601002029", "request_id": "072a4cbdf9804220a0f272fb26887921", "position": {"x": -564.9999999999998, "y": 978.6087062764158}, "channel": 16}, "attempt": 1}
2026-09-13 11:19:49,108 INFO response {"request_id": "072a4cbdf9804220a0f272fb26887921", "http_status": 200, "body": {"accepted": true, "real_timestamp_ms": 1789269585049, "virtual_time_s": 987.552149, "measure_result": "no_signal"}}
2026-09-13 11:19:49,109 INFO request {"path": "/measure", "payload": {"arena_id": "default", "robot_id": "202601002029", "request_id": "c8c55f85856e4537ae3a641eb6d83985", "position": {"x": -564.9999999999998, "y": 978.6087062764158}, "channel": 19}, "attempt": 1}
2026-09-13 11:19:49,109 INFO response {"request_id": "c8c55f85856e4537ae3a641eb6d83985", "http_status": 200, "body": {"accepted": true, "real_timestamp_ms": 1789269585049, "virtual_time_s": 993.552149, "measure_result": "no_signal"}}
2026-09-13 11:19:49,110 INFO request {"path": "/measure", "payload": {"arena_id": "default", "robot_id": "202601002029", "request_id": "1f868ea5f82c4c7699596f5383a7a01a", "position": {"x": -564.9999999999998, "y": 978.6087062764158}, "channel": 20}, "attempt": 1}
2026-09-13 11:19:49,112 INFO response {"request_id": "1f868ea5f82c4c7699596f5383a7a01a", "http_status": 200, "body": {"accepted": true, "real_timestamp_ms": 1789269585050, "virtual_time_s": 999.552149, "measure_result": "no_signal"}}
2026-09-13 11:19:49,139 INFO request {"path": "/measure", "payload": {"arena_id": "default", "robot_id": "202601002029", "request_id": "a6f6c4ffad314257b15079684dd23bd6", "position": {"x": -564.9999999999998, "y": 978.6087062764158}, "channel": 12}, "attempt": 1}
2026-09-13 11:19:49,141 INFO response {"request_id": "a6f6c4ffad314257b15079684dd23bd6", "http_status": 200, "body": {"accepted": true, "real_timestamp_ms": 1789269585080, "virtual_time_s": 1005.552149, "measure_result": "direction", "svd_deg": 287.04}}
2026-09-13 11:19:49,160 INFO request {"path": "/measure", "payload": {"arena_id": "default", "robot_id": "202601002029", "request_id": "a2626218e165486fa2d2fd8163367eca", "position": {"x": -564.9999999999998, "y": 978.6087062764158}, "channel": 14}, "attempt": 1}
2026-09-13 11:19:49,160 INFO response {"request_id": "a2626218e165486fa2d2fd8163367eca", "http_status": 200, "body": {"accepted": true, "real_timestamp_ms": 1789269585100, "virtual_time_s": 1011.552149, "measure_result": "direction", "svd_deg": 264.13}}
2026-09-13 11:19:49,162 INFO request {"path": "/measure", "payload": {"arena_id": "default", "robot_id": "202601002029", "request_id": "c1b5a2b3d70041a3bb73a6a428e17b3b", "position": {"x": -1130.0, "y": 1.3838508830365092e-13}, "channel": 1}, "attempt": 1}
2026-09-13 11:19:49,186 INFO response {"request_id": "c1b5a2b3d70041a3bb73a6a428e17b3b", "http_status": 200, "body": {"accepted": true, "real_timestamp_ms": 1789269585125, "virtual_time_s": 1243.552149, "measure_result": "direction", "svd_deg": 257.31}}
2026-09-13 11:19:49,187 INFO request {"path": "/measure", "payload": {"arena_id": "default", "robot_id": "202601002029", "request_id": "4cb033e765b64466aa2da3d539bd00c6", "position": {"x": -1130.0, "y": 1.3838508830365092e-13}, "channel": 4}, "attempt": 1}
2026-09-13 11:19:49,203 INFO response {"request_id": "4cb033e765b64466aa2da3d539bd00c6", "http_status": 200, "body": {"accepted": true, "real_timestamp_ms": 1789269585141, "virtual_time_s": 1249.552149, "measure_result": "no_signal"}}
2026-09-13 11:19:49,203 INFO request {"path": "/measure", "payload": {"arena_id": "default", "robot_id": "202601002029", "request_id": "c79c8338042e410185a39a942581ac15", "position": {"x": -1130.0, "y": 1.3838508830365092e-13}, "channel": 5}, "attempt": 1}
2026-09-13 11:19:49,217 INFO response {"request_id": "c79c8338042e410185a39a942581ac15", "http_status": 200, "body": {"accepted": true, "real_timestamp_ms": 1789269585157, "virtual_time_s": 1255.552149, "measure_result": "no_signal"}}
2026-09-13 11:19:49,217 INFO request {"path": "/measure", "payload": {"arena_id": "default", "robot_id": "202601002029", "request_id": "e0344d599cd24d1dadfd5529f365e758", "position": {"x": -1130.0, "y": 1.3838508830365092e-13}, "channel": 8}, "attempt": 1}
2026-09-13 11:19:49,234 INFO response {"request_id": "e0344d599cd24d1dadfd5529f365e758", "http_status": 200, "body": {"accepted": true, "real_timestamp_ms": 1789269585173, "virtual_time_s": 1261.552149, "measure_result": "no_signal"}}
2026-09-13 11:19:49,234 INFO request {"path": "/measure", "payload": {"arena_id": "default", "robot_id": "202601002029", "request_id": "93eb82ad13f14d48b1a13918209618a0", "position": {"x": -1130.0, "y": 1.3838508830365092e-13}, "channel": 10}, "attempt": 1}
2026-09-13 11:19:49,235 INFO response {"request_id": "93eb82ad13f14d48b1a13918209618a0", "http_status": 200, "body": {"accepted": true, "real_timestamp_ms": 1789269585175, "virtual_time_s": 1267.552149, "measure_result": "direction", "svd_deg": 285.27}}
2026-09-13 11:19:49,237 INFO request {"path": "/measure", "payload": {"arena_id": "default", "robot_id": "202601002029", "request_id": "482d3dd056864a259afcf60deb22e48d", "position": {"x": -1130.0, "y": 1.3838508830365092e-13}, "channel": 13}, "attempt": 1}
2026-09-13 11:19:49,238 INFO response {"request_id": "482d3dd056864a259afcf60deb22e48d", "http_status": 200, "body": {"accepted": true, "real_timestamp_ms": 1789269585178, "virtual_time_s": 1273.552149, "measure_result": "no_signal"}}
2026-09-13 11:19:49,239 INFO request {"path": "/measure", "payload": {"arena_id": "default", "robot_id": "202601002029", "request_id": "ce0c74463d03452b84e696f988cad4be", "position": {"x": -1130.0, "y": 1.3838508830365092e-13}, "channel": 16}, "attempt": 1}
2026-09-13 11:19:49,265 INFO response {"request_id": "ce0c74463d03452b84e696f988cad4be", "http_status": 200, "body": {"accepted": true, "real_timestamp_ms": 1789269585204, "virtual_time_s": 1279.552149, "measure_result": "no_signal"}}
2026-09-13 11:19:49,265 INFO request {"path": "/measure", "payload": {"arena_id": "default", "robot_id": "202601002029", "request_id": "60836f987f954894ad0d02ac7d02ddc3", "position": {"x": -1130.0, "y": 1.3838508830365092e-13}, "channel": 19}, "attempt": 1}
2026-09-13 11:19:49,280 INFO response {"request_id": "60836f987f954894ad0d02ac7d02ddc3", "http_status": 200, "body": {"accepted": true, "real_timestamp_ms": 1789269585220, "virtual_time_s": 1285.552149, "measure_result": "direction", "svd_deg": 233.66}}
2026-09-13 11:19:49,285 INFO request {"path": "/measure", "payload": {"arena_id": "default", "robot_id": "202601002029", "request_id": "122b32cc3f124b3283d6d524dd0cacca", "position": {"x": -1130.0, "y": 1.3838508830365092e-13}, "channel": 20}, "attempt": 1}
2026-09-13 11:19:49,287 INFO response {"request_id": "122b32cc3f124b3283d6d524dd0cacca", "http_status": 200, "body": {"accepted": true, "real_timestamp_ms": 1789269585227, "virtual_time_s": 1291.552149, "measure_result": "no_signal"}}
2026-09-13 11:19:49,350 INFO request {"path": "/measure", "payload": {"arena_id": "default", "robot_id": "202601002029", "request_id": "74136080ed5d429697d5635e53b567ed", "position": {"x": -1130.0, "y": 1.3838508830365092e-13}, "channel": 12}, "attempt": 1}
2026-09-13 11:19:49,374 INFO response {"request_id": "74136080ed5d429697d5635e53b567ed", "http_status": 200, "body": {"accepted": true, "real_timestamp_ms": 1789269585314, "virtual_time_s": 1297.552149, "measure_result": "direction", "svd_deg": 18.27}}
2026-09-13 11:19:49,474 INFO request {"path": "/measure", "payload": {"arena_id": "default", "robot_id": "202601002029", "request_id": "0967117e81ba441988c1243a72f78d26", "position": {"x": -1130.0, "y": 1.3838508830365092e-13}, "channel": 14}, "attempt": 1}
2026-09-13 11:19:49,497 INFO response {"request_id": "0967117e81ba441988c1243a72f78d26", "http_status": 200, "body": {"accepted": true, "real_timestamp_ms": 1789269585437, "virtual_time_s": 1303.552149, "measure_result": "direction", "svd_deg": 23.29}}
2026-09-13 11:19:49,504 INFO request {"path": "/measure", "payload": {"arena_id": "default", "robot_id": "202601002029", "request_id": "d1bc6b7a947a4047a20c8600bc5abea0", "position": {"x": -565.0000000000005, "y": -978.6087062764154}, "channel": 4}, "attempt": 1}
2026-09-13 11:19:49,504 INFO response {"request_id": "d1bc6b7a947a4047a20c8600bc5abea0", "http_status": 200, "body": {"accepted": true, "real_timestamp_ms": 1789269585444, "virtual_time_s": 1535.552149, "measure_result": "no_signal"}}
2026-09-13 11:19:49,505 INFO request {"path": "/measure", "payload": {"arena_id": "default", "robot_id": "202601002029", "request_id": "5f83fc5dfbff460f918209c154dbdfd6", "position": {"x": -565.0000000000005, "y": -978.6087062764154}, "channel": 5}, "attempt": 1}
2026-09-13 11:19:49,505 INFO response {"request_id": "5f83fc5dfbff460f918209c154dbdfd6", "http_status": 200, "body": {"accepted": true, "real_timestamp_ms": 1789269585445, "virtual_time_s": 1541.552149, "measure_result": "no_signal"}}
2026-09-13 11:19:49,506 INFO request {"path": "/measure", "payload": {"arena_id": "default", "robot_id": "202601002029", "request_id": "792fd227778c4f0ab974f0440aabd663", "position": {"x": -565.0000000000005, "y": -978.6087062764154}, "channel": 8}, "attempt": 1}
2026-09-13 11:19:49,528 INFO response {"request_id": "792fd227778c4f0ab974f0440aabd663", "http_status": 200, "body": {"accepted": true, "real_timestamp_ms": 1789269585468, "virtual_time_s": 1547.552149, "measure_result": "no_signal"}}
2026-09-13 11:19:49,528 INFO request {"path": "/measure", "payload": {"arena_id": "default", "robot_id": "202601002029", "request_id": "c891b029670840b69c3bc21ab409a6f5", "position": {"x": -565.0000000000005, "y": -978.6087062764154}, "channel": 13}, "attempt": 1}
2026-09-13 11:19:49,529 INFO response {"request_id": "c891b029670840b69c3bc21ab409a6f5", "http_status": 200, "body": {"accepted": true, "real_timestamp_ms": 1789269585469, "virtual_time_s": 1553.552149, "measure_result": "no_signal"}}
2026-09-13 11:19:49,530 INFO request {"path": "/measure", "payload": {"arena_id": "default", "robot_id": "202601002029", "request_id": "663a07fff542464eb71112a16a980ee0", "position": {"x": -565.0000000000005, "y": -978.6087062764154}, "channel": 16}, "attempt": 1}
2026-09-13 11:19:49,531 INFO response {"request_id": "663a07fff542464eb71112a16a980ee0", "http_status": 200, "body": {"accepted": true, "real_timestamp_ms": 1789269585471, "virtual_time_s": 1559.552149, "measure_result": "no_signal"}}
2026-09-13 11:19:49,531 INFO request {"path": "/measure", "payload": {"arena_id": "default", "robot_id": "202601002029", "request_id": "2a63234893d646eab2b53fd78e6e8230", "position": {"x": -565.0000000000005, "y": -978.6087062764154}, "channel": 20}, "attempt": 1}
2026-09-13 11:19:49,531 INFO response {"request_id": "2a63234893d646eab2b53fd78e6e8230", "http_status": 200, "body": {"accepted": true, "real_timestamp_ms": 1789269585471, "virtual_time_s": 1565.552149, "measure_result": "no_signal"}}
2026-09-13 11:19:49,580 INFO request {"path": "/measure", "payload": {"arena_id": "default", "robot_id": "202601002029", "request_id": "f76fd3e1757d434c9fb5b0e79f628b7c", "position": {"x": -565.0000000000005, "y": -978.6087062764154}, "channel": 3}, "attempt": 1}
2026-09-13 11:19:49,582 INFO response {"request_id": "f76fd3e1757d434c9fb5b0e79f628b7c", "http_status": 200, "body": {"accepted": true, "real_timestamp_ms": 1789269585521, "virtual_time_s": 1571.552149, "measure_result": "direction", "svd_deg": 69.07}}
2026-09-13 11:19:49,628 INFO request {"path": "/measure", "payload": {"arena_id": "default", "robot_id": "202601002029", "request_id": "dd859d1cf6f748b78fdb999ded3139a6", "position": {"x": -565.0000000000005, "y": -978.6087062764154}, "channel": 19}, "attempt": 1}
2026-09-13 11:19:49,629 INFO response {"request_id": "dd859d1cf6f748b78fdb999ded3139a6", "http_status": 200, "body": {"accepted": true, "real_timestamp_ms": 1789269585569, "virtual_time_s": 1577.552149, "measure_result": "no_signal"}}
2026-09-13 11:19:49,630 INFO request {"path": "/measure", "payload": {"arena_id": "default", "robot_id": "202601002029", "request_id": "b1adf0be022c47e383df722f90a0284f", "position": {"x": 565.0000000000001, "y": -978.6087062764157}, "channel": 4}, "attempt": 1}
2026-09-13 11:19:49,631 INFO response {"request_id": "b1adf0be022c47e383df722f90a0284f", "http_status": 200, "body": {"accepted": true, "real_timestamp_ms": 1789269585571, "virtual_time_s": 1809.552149, "measure_result": "no_signal"}}
2026-09-13 11:19:49,631 INFO request {"path": "/measure", "payload": {"arena_id": "default", "robot_id": "202601002029", "request_id": "b5b65253ffaa401388bbbd7de98fb1b5", "position": {"x": 565.0000000000001, "y": -978.6087062764157}, "channel": 5}, "attempt": 1}
2026-09-13 11:19:49,632 INFO response {"request_id": "b5b65253ffaa401388bbbd7de98fb1b5", "http_status": 200, "body": {"accepted": true, "real_timestamp_ms": 1789269585572, "virtual_time_s": 1815.552149, "measure_result": "no_signal"}}
2026-09-13 11:19:49,632 INFO request {"path": "/measure", "payload": {"arena_id": "default", "robot_id": "202601002029", "request_id": "a93c4eff0117451e8c99338822a04760", "position": {"x": 565.0000000000001, "y": -978.6087062764157}, "channel": 8}, "attempt": 1}
2026-09-13 11:19:49,633 INFO response {"request_id": "a93c4eff0117451e8c99338822a04760", "http_status": 200, "body": {"accepted": true, "real_timestamp_ms": 1789269585573, "virtual_time_s": 1821.552149, "measure_result": "no_signal"}}
2026-09-13 11:19:49,633 INFO request {"path": "/measure", "payload": {"arena_id": "default", "robot_id": "202601002029", "request_id": "e5f700d1056d4725a80daa28b938e0fd", "position": {"x": 565.0000000000001, "y": -978.6087062764157}, "channel": 13}, "attempt": 1}
2026-09-13 11:19:49,634 INFO response {"request_id": "e5f700d1056d4725a80daa28b938e0fd", "http_status": 200, "body": {"accepted": true, "real_timestamp_ms": 1789269585574, "virtual_time_s": 1827.552149, "measure_result": "no_signal"}}
2026-09-13 11:19:49,634 INFO request {"path": "/measure", "payload": {"arena_id": "default", "robot_id": "202601002029", "request_id": "6642851f3e0e4889a3d02a4f42537f99", "position": {"x": 565.0000000000001, "y": -978.6087062764157}, "channel": 16}, "attempt": 1}
2026-09-13 11:19:49,634 INFO response {"request_id": "6642851f3e0e4889a3d02a4f42537f99", "http_status": 200, "body": {"accepted": true, "real_timestamp_ms": 1789269585575, "virtual_time_s": 1833.552149, "measure_result": "no_signal"}}
2026-09-13 11:19:49,635 INFO request {"path": "/measure", "payload": {"arena_id": "default", "robot_id": "202601002029", "request_id": "eda573553a054d4da5813b0093d69eb6", "position": {"x": 565.0000000000001, "y": -978.6087062764157}, "channel": 20}, "attempt": 1}
2026-09-13 11:19:49,635 INFO response {"request_id": "eda573553a054d4da5813b0093d69eb6", "http_status": 200, "body": {"accepted": true, "real_timestamp_ms": 1789269585575, "virtual_time_s": 1839.552149, "measure_result": "no_signal"}}
2026-09-13 11:19:49,646 INFO request {"path": "/measure", "payload": {"arena_id": "default", "robot_id": "202601002029", "request_id": "3661f444eba049ddb92d414a83f5562e", "position": {"x": 565.0000000000001, "y": -978.6087062764157}, "channel": 18}, "attempt": 1}
2026-09-13 11:19:49,648 INFO response {"request_id": "3661f444eba049ddb92d414a83f5562e", "http_status": 200, "body": {"accepted": true, "real_timestamp_ms": 1789269585587, "virtual_time_s": 1845.552149, "measure_result": "direction", "svd_deg": 164.46}}
2026-09-13 11:19:55,102 INFO request {"path": "/measure", "payload": {"arena_id": "default", "robot_id": "202601002029", "request_id": "5d363b72ded24ea49267101676bbeacf", "position": {"x": 49.348587162746526, "y": -1017.6368263829673}, "channel": 11}, "attempt": 1}
2026-09-13 11:19:55,119 INFO response {"request_id": "5d363b72ded24ea49267101676bbeacf", "http_status": 200, "body": {"accepted": true, "real_timestamp_ms": 1789269591058, "virtual_time_s": 1954.977402, "measure_result": "direction", "svd_deg": 148.39}}
2026-09-13 11:19:55,146 INFO request {"path": "/measure", "payload": {"arena_id": "default", "robot_id": "202601002029", "request_id": "c73eca7f488e4d38b6fc15641946da0c", "position": {"x": 49.348587162746526, "y": -1017.6368263829673}, "channel": 3}, "attempt": 1}
2026-09-13 11:19:55,167 INFO response {"request_id": "c73eca7f488e4d38b6fc15641946da0c", "http_status": 200, "body": {"accepted": true, "real_timestamp_ms": 1789269591107, "virtual_time_s": 1960.977402, "measure_result": "direction", "svd_deg": 105.38}}
2026-09-13 11:19:55,191 INFO request {"path": "/measure", "payload": {"arena_id": "default", "robot_id": "202601002029", "request_id": "ab32963eef444c4589bd64f48231af86", "position": {"x": 49.348587162746526, "y": -1017.6368263829673}, "channel": 17}, "attempt": 1}
2026-09-13 11:19:55,214 INFO response {"request_id": "ab32963eef444c4589bd64f48231af86", "http_status": 200, "body": {"accepted": true, "real_timestamp_ms": 1789269591154, "virtual_time_s": 1966.977402, "measure_result": "direction", "svd_deg": 150.86}}
2026-09-13 11:19:56,647 INFO request {"path": "/clear", "payload": {"arena_id": "default", "robot_id": "202601002029", "request_id": "b0cdb48625124746a816cb9a6208a3f3", "position": {"x": -163.24254371717328, "y": -775.8351213679267}, "channel": 18}, "attempt": 1}
2026-09-13 11:19:56,670 INFO response {"request_id": "b0cdb48625124746a816cb9a6208a3f3", "http_status": 200, "body": {"accepted": true, "real_timestamp_ms": 1789269592610, "virtual_time_s": 2036.370897, "clear_result": "success"}}
2026-09-13 11:19:56,698 INFO request {"path": "/measure", "payload": {"arena_id": "default", "robot_id": "202601002029", "request_id": "9fc99902a5e74256bf15ec1b4eb27d69", "position": {"x": -163.24254371717328, "y": -775.8351213679267}, "channel": 11}, "attempt": 1}
2026-09-13 11:19:56,718 INFO response {"request_id": "9fc99902a5e74256bf15ec1b4eb27d69", "http_status": 200, "body": {"accepted": true, "real_timestamp_ms": 1789269592657, "virtual_time_s": 2042.370897, "measure_result": "direction", "svd_deg": 159.11}}
2026-09-13 11:19:56,753 INFO request {"path": "/measure", "payload": {"arena_id": "default", "robot_id": "202601002029", "request_id": "6bd04b3ea2a5475eb547333ec18f05f0", "position": {"x": -163.24254371717328, "y": -775.8351213679267}, "channel": 17}, "attempt": 1}
2026-09-13 11:19:56,780 INFO response {"request_id": "6bd04b3ea2a5475eb547333ec18f05f0", "http_status": 200, "body": {"accepted": true, "real_timestamp_ms": 1789269592719, "virtual_time_s": 2048.370897, "measure_result": "direction", "svd_deg": 163.76}}
2026-09-13 11:19:58,257 INFO request {"path": "/measure", "payload": {"arena_id": "default", "robot_id": "202601002029", "request_id": "fde41e669e9f477f8c911f61fccce653", "position": {"x": -336.3349718890249, "y": -706.9857822141361}, "channel": 10}, "attempt": 1}
2026-09-13 11:19:58,268 INFO response {"request_id": "fde41e669e9f477f8c911f61fccce653", "http_status": 200, "body": {"accepted": true, "real_timestamp_ms": 1789269594208, "virtual_time_s": 2091.627424, "measure_result": "direction", "svd_deg": 232.67}}
2026-09-13 11:19:58,312 INFO request {"path": "/measure", "payload": {"arena_id": "default", "robot_id": "202601002029", "request_id": "e3b3adde64b648d38bf3797e7123bee4", "position": {"x": -336.3349718890249, "y": -706.9857822141361}, "channel": 11}, "attempt": 1}
2026-09-13 11:19:58,313 INFO response {"request_id": "e3b3adde64b648d38bf3797e7123bee4", "http_status": 200, "body": {"accepted": true, "real_timestamp_ms": 1789269594253, "virtual_time_s": 2097.627424, "measure_result": "direction", "svd_deg": 159.39}}
2026-09-13 11:19:58,341 INFO request {"path": "/measure", "payload": {"arena_id": "default", "robot_id": "202601002029", "request_id": "8c3ca4aee57b4a3ea8bd736ad6918c77", "position": {"x": -336.3349718890249, "y": -706.9857822141361}, "channel": 1}, "attempt": 1}
2026-09-13 11:19:58,361 INFO response {"request_id": "8c3ca4aee57b4a3ea8bd736ad6918c77", "http_status": 200, "body": {"accepted": true, "real_timestamp_ms": 1789269594301, "virtual_time_s": 2103.627424, "measure_result": "direction", "svd_deg": 196.23}}
2026-09-13 11:20:00,705 INFO request {"path": "/measure", "payload": {"arena_id": "default", "robot_id": "202601002029", "request_id": "b9de915e9fc348e49b97f190ab02e4de", "position": {"x": -355.8478372637182, "y": -875.521274262868}, "channel": 11}, "attempt": 1}
2026-09-13 11:20:00,717 INFO response {"request_id": "b9de915e9fc348e49b97f190ab02e4de", "http_status": 200, "body": {"accepted": true, "real_timestamp_ms": 1789269596656, "virtual_time_s": 2143.559688, "measure_result": "direction", "svd_deg": 134.12}}
2026-09-13 11:20:00,771 INFO request {"path": "/measure", "payload": {"arena_id": "default", "robot_id": "202601002029", "request_id": "13560a10424647ae9ff724e9edcdc316", "position": {"x": -355.8478372637182, "y": -875.521274262868}, "channel": 17}, "attempt": 1}
2026-09-13 11:20:00,773 INFO response {"request_id": "13560a10424647ae9ff724e9edcdc316", "http_status": 200, "body": {"accepted": true, "real_timestamp_ms": 1789269596713, "virtual_time_s": 2149.559688, "measure_result": "direction", "svd_deg": 141.64}}
2026-09-13 11:20:00,807 INFO request {"path": "/measure", "payload": {"arena_id": "default", "robot_id": "202601002029", "request_id": "0e98c973833d486bbb8c63438787678c", "position": {"x": -355.8478372637182, "y": -875.521274262868}, "channel": 10}, "attempt": 1}
2026-09-13 11:20:00,828 INFO response {"request_id": "0e98c973833d486bbb8c63438787678c", "http_status": 200, "body": {"accepted": true, "real_timestamp_ms": 1789269596767, "virtual_time_s": 2155.559688, "measure_result": "direction", "svd_deg": 225.06}}
2026-09-13 11:20:01,645 INFO request {"path": "/measure", "payload": {"arena_id": "default", "robot_id": "202601002029", "request_id": "8a51fedd60c04c19aadfd4449401c2b3", "position": {"x": -458.9707925493421, "y": -1261.999806775554}, "channel": 10}, "attempt": 1}
2026-09-13 11:20:01,663 INFO response {"request_id": "8a51fedd60c04c19aadfd4449401c2b3", "http_status": 200, "body": {"accepted": true, "real_timestamp_ms": 1789269597602, "virtual_time_s": 2240.559688, "measure_result": "direction", "svd_deg": 187.93}}
2026-09-13 11:20:01,683 INFO request {"path": "/measure", "payload": {"arena_id": "default", "robot_id": "202601002029", "request_id": "b1ce72f046854274a8af5043a8e9b611", "position": {"x": -458.9707925493421, "y": -1261.999806775554}, "channel": 1}, "attempt": 1}
2026-09-13 11:20:01,693 INFO response {"request_id": "b1ce72f046854274a8af5043a8e9b611", "http_status": 200, "body": {"accepted": true, "real_timestamp_ms": 1789269597633, "virtual_time_s": 2246.559688, "measure_result": "direction", "svd_deg": 162.94}}
2026-09-13 11:20:02,585 INFO request {"path": "/clear", "payload": {"arena_id": "default", "robot_id": "202601002029", "request_id": "ae1d6a73952847a0a86fcea8da0ef178", "position": {"x": -784.8404012728215, "y": -1306.2479117649846}, "channel": 10}, "attempt": 1}
2026-09-13 11:20:02,611 INFO response {"request_id": "ae1d6a73952847a0a86fcea8da0ef178", "http_status": 200, "body": {"accepted": true, "real_timestamp_ms": 1789269598550, "virtual_time_s": 2317.331687, "clear_result": "success"}}
2026-09-13 11:20:02,626 INFO request {"path": "/measure", "payload": {"arena_id": "default", "robot_id": "202601002029", "request_id": "8f5a3c6bb8bd4e34adb6916526b9bfa9", "position": {"x": -784.8404012728215, "y": -1306.2479117649846}, "channel": 1}, "attempt": 1}
2026-09-13 11:20:02,642 INFO response {"request_id": "8f5a3c6bb8bd4e34adb6916526b9bfa9", "http_status": 200, "body": {"accepted": true, "real_timestamp_ms": 1789269598582, "virtual_time_s": 2322.331687, "measure_result": "direction", "svd_deg": 151.17}}
2026-09-13 11:20:02,652 INFO request {"path": "/clear", "payload": {"arena_id": "default", "robot_id": "202601002029", "request_id": "f5a1e8134a52456ca68c54996f821a94", "position": {"x": -1353.39471296123, "y": -996.3408989049245}, "channel": 1}, "attempt": 1}
2026-09-13 11:20:02,653 INFO response {"request_id": "f5a1e8134a52456ca68c54996f821a94", "http_status": 200, "body": {"accepted": true, "real_timestamp_ms": 1789269598592, "virtual_time_s": 2456.837882, "clear_result": "success"}}
2026-09-13 11:20:02,655 INFO request {"path": "/measure", "payload": {"arena_id": "default", "robot_id": "202601002029", "request_id": "a23d752436ec445c9b28848c196b4e46", "position": {"x": -1312.0290984344592, "y": -482.09419612894857}, "channel": 6}, "attempt": 1}
2026-09-13 11:20:02,674 INFO response {"request_id": "a23d752436ec445c9b28848c196b4e46", "http_status": 200, "body": {"accepted": true, "real_timestamp_ms": 1789269598613, "virtual_time_s": 2566.019428, "measure_result": "direction", "svd_deg": 48.46}}
2026-09-13 11:20:02,696 INFO request {"path": "/measure", "payload": {"arena_id": "default", "robot_id": "202601002029", "request_id": "4e4b0da0206c4c4581a7c633ced12147", "position": {"x": -1312.0290984344592, "y": -482.09419612894857}, "channel": 19}, "attempt": 1}
2026-09-13 11:20:02,697 INFO response {"request_id": "4e4b0da0206c4c4581a7c633ced12147", "http_status": 200, "body": {"accepted": true, "real_timestamp_ms": 1789269598637, "virtual_time_s": 2572.019428, "measure_result": "direction", "svd_deg": 85.98}}
2026-09-13 11:20:03,346 INFO request {"path": "/clear", "payload": {"arena_id": "default", "robot_id": "202601002029", "request_id": "73322fc548074fa28f31ad5f0fa1bde1", "position": {"x": -1293.5199585940409, "y": -222.7546456257234}, "channel": 19}, "attempt": 1}
2026-09-13 11:20:03,348 INFO response {"request_id": "73322fc548074fa28f31ad5f0fa1bde1", "http_status": 200, "body": {"accepted": true, "real_timestamp_ms": 1789269599287, "virtual_time_s": 2629.019271, "clear_result": "success"}}
2026-09-13 11:20:03,358 INFO request {"path": "/measure", "payload": {"arena_id": "default", "robot_id": "202601002029", "request_id": "8f35c48121494461a76411cd74eafa4b", "position": {"x": -938.1534407843523, "y": -144.60437699207142}, "channel": 6}, "attempt": 1}
2026-09-13 11:20:03,371 INFO response {"request_id": "8f35c48121494461a76411cd74eafa4b", "http_status": 200, "body": {"accepted": true, "real_timestamp_ms": 1789269599311, "virtual_time_s": 2707.790921, "measure_result": "direction", "svd_deg": 54.02}}
2026-09-13 11:20:03,374 INFO request {"path": "/clear", "payload": {"arena_id": "default", "robot_id": "202601002029", "request_id": "ef1d6507ba5c4135aa5f2ab59494f687", "position": {"x": -674.2456060515945, "y": -623.9098258905042}, "channel": 17}, "attempt": 1}
2026-09-13 11:20:03,376 INFO response {"request_id": "ef1d6507ba5c4135aa5f2ab59494f687", "http_status": 200, "body": {"accepted": true, "real_timestamp_ms": 1789269599316, "virtual_time_s": 2822.222371, "clear_result": "success"}}
2026-09-13 11:20:03,376 INFO request {"path": "/clear", "payload": {"arena_id": "default", "robot_id": "202601002029", "request_id": "200b20ce46e54d5786028d031b3d160a", "position": {"x": -634.2198362251156, "y": -588.9846761409018}, "channel": 11}, "attempt": 1}
2026-09-13 11:20:03,401 INFO response {"request_id": "200b20ce46e54d5786028d031b3d160a", "http_status": 200, "body": {"accepted": true, "real_timestamp_ms": 1789269599341, "virtual_time_s": 2837.846548, "clear_result": "success"}}
2026-09-13 11:20:03,402 INFO request {"path": "/clear", "payload": {"arena_id": "default", "robot_id": "202601002029", "request_id": "3edcb68e9a9a4baaa41e24a29b0d2ff7", "position": {"x": -703.1767330695568, "y": 184.31411405167697}, "channel": 6}, "attempt": 1}
2026-09-13 11:20:03,403 INFO response {"request_id": "3edcb68e9a9a4baaa41e24a29b0d2ff7", "http_status": 200, "body": {"accepted": true, "real_timestamp_ms": 1789269599343, "virtual_time_s": 2998.119994, "clear_result": "success"}}
2026-09-13 11:20:03,403 INFO request {"path": "/clear", "payload": {"arena_id": "default", "robot_id": "202601002029", "request_id": "ff57b65851294c928133347715b20120", "position": {"x": -644.9946924189353, "y": 202.31712966473782}, "channel": 14}, "attempt": 1}
2026-09-13 11:20:03,416 INFO response {"request_id": "ff57b65851294c928133347715b20120", "http_status": 200, "body": {"accepted": true, "real_timestamp_ms": 1789269599356, "virtual_time_s": 3015.30073, "clear_result": "success"}}
2026-09-13 11:20:03,416 INFO request {"path": "/clear", "payload": {"arena_id": "default", "robot_id": "202601002029", "request_id": "ed6ce53047794e2787270590a77c3357", "position": {"x": -344.2386960209502, "y": 259.1735494520479}, "channel": 12}, "attempt": 1}
2026-09-13 11:20:03,417 INFO response {"request_id": "ed6ce53047794e2787270590a77c3357", "http_status": 200, "body": {"accepted": true, "real_timestamp_ms": 1789269599357, "virtual_time_s": 3081.517336, "clear_result": "success"}}
2026-09-13 11:20:03,418 INFO request {"path": "/clear", "payload": {"arena_id": "default", "robot_id": "202601002029", "request_id": "a79cf8b1c09f49288b7b87729dfedb34", "position": {"x": -214.50326630537208, "y": -40.04872958432204}, "channel": 3}, "attempt": 1}
2026-09-13 11:20:03,432 INFO response {"request_id": "a79cf8b1c09f49288b7b87729dfedb34", "http_status": 200, "body": {"accepted": true, "real_timestamp_ms": 1789269599372, "virtual_time_s": 3151.744709, "clear_result": "success"}}
2026-09-13 11:20:03,434 INFO request {"path": "/clear", "payload": {"arena_id": "default", "robot_id": "202601002029", "request_id": "d8b25d2390824d51a30c24a66b13f001", "position": {"x": 667.3996973186089, "y": 111.02636282109594}, "channel": 7}, "attempt": 1}
2026-09-13 11:20:03,448 INFO response {"request_id": "d8b25d2390824d51a30c24a66b13f001", "http_status": 200, "body": {"accepted": true, "real_timestamp_ms": 1789269599387, "virtual_time_s": 3335.694593, "clear_result": "success"}}
2026-09-13 11:20:03,450 INFO request {"path": "/clear", "payload": {"arena_id": "default", "robot_id": "202601002029", "request_id": "ba54b3aca0aa4937886390eef55f1359", "position": {"x": 922.508066138361, "y": 665.1340200704117}, "channel": 15}, "attempt": 1}
2026-09-13 11:20:03,462 INFO response {"request_id": "ba54b3aca0aa4937886390eef55f1359", "http_status": 200, "body": {"accepted": true, "real_timestamp_ms": 1789269599402, "virtual_time_s": 3462.697146, "clear_result": "success"}}
2026-09-13 11:20:03,480 INFO request {"path": "/measure", "payload": {"arena_id": "default", "robot_id": "202601002029", "request_id": "5dbc14822a8b4179aa8f5e5090aadab3", "position": {"x": 922.508066138361, "y": 665.1340200704117}, "channel": 9}, "attempt": 1}
2026-09-13 11:20:03,494 INFO response {"request_id": "5dbc14822a8b4179aa8f5e5090aadab3", "http_status": 200, "body": {"accepted": true, "real_timestamp_ms": 1789269599432, "virtual_time_s": 3468.697146, "measure_result": "direction", "svd_deg": 172.1}}
2026-09-13 11:20:04,169 INFO request {"path": "/measure", "payload": {"arena_id": "default", "robot_id": "202601002029", "request_id": "bf77dfc05fae44c196a7b35b9ff884b9", "position": {"x": 856.0480118402944, "y": 572.659578857716}, "channel": 9}, "attempt": 1}
2026-09-13 11:20:04,171 INFO response {"request_id": "bf77dfc05fae44c196a7b35b9ff884b9", "http_status": 200, "body": {"accepted": true, "real_timestamp_ms": 1789269600111, "virtual_time_s": 3496.472976, "measure_result": "direction", "svd_deg": 157.57}}
2026-09-13 11:20:04,176 INFO request {"path": "/clear", "payload": {"arena_id": "default", "robot_id": "202601002029", "request_id": "6ee31b9eb20a4069a839af0c3cd8fce1", "position": {"x": 484.55283340577637, "y": 725.6867169310144}, "channel": 9}, "attempt": 1}
2026-09-13 11:20:04,197 INFO response {"request_id": "6ee31b9eb20a4069a839af0c3cd8fce1", "http_status": 200, "body": {"accepted": true, "real_timestamp_ms": 1789269600137, "virtual_time_s": 3581.828678, "clear_result": "success"}}
2026-09-13 11:20:04,198 INFO request {"path": "/exit", "payload": {"arena_id": "default", "robot_id": "202601002029", "request_id": "1e1a274871844e7caeeaad3a0718d412"}, "attempt": 1}
2026-09-13 11:20:04,213 INFO response {"request_id": "1e1a274871844e7caeeaad3a0718d412", "http_status": 200, "body": {"accepted": true, "real_timestamp_ms": 1789269600153, "virtual_time_s": 3581.828678, "exit_reason": "user_exit"}}
