2026-09-13 12:35:20,260 INFO request {"path": "/enter", "payload": {"arena_id": "default", "robot_id": "202601002029", "request_id": "a4472265555e4fc99ebadb808c58bec3"}, "attempt": 1}
2026-09-13 12:35:20,263 INFO response {"request_id": "a4472265555e4fc99ebadb808c58bec3", "http_status": 200, "body": {"accepted": true, "real_timestamp_ms": 1789274116245, "virtual_time_s": 0, "max_virtual_duration_s": 360000, "max_real_duration_s": 1200, "remaining_real_duration_s": 1200}}
2026-09-13 12:35:20,270 INFO request {"path": "/measure", "payload": {"arena_id": "default", "robot_id": "202601002029", "request_id": "05bf02d4aba54aa5b9586344f7dcff82", "position": {"x": 0.0, "y": 0.0}, "channel": 1}, "attempt": 1}
2026-09-13 12:35:20,270 INFO response {"request_id": "05bf02d4aba54aa5b9586344f7dcff82", "http_status": 200, "body": {"accepted": true, "real_timestamp_ms": 1789274116252, "virtual_time_s": 5, "measure_result": "direction", "svd_deg": 261.48}}
2026-09-13 12:35:20,294 INFO request {"path": "/measure", "payload": {"arena_id": "default", "robot_id": "202601002029", "request_id": "70a42a767a224c54bcb76d03659d3e05", "position": {"x": 0.0, "y": 0.0}, "channel": 2}, "attempt": 1}
2026-09-13 12:35:20,308 INFO response {"request_id": "70a42a767a224c54bcb76d03659d3e05", "http_status": 200, "body": {"accepted": true, "real_timestamp_ms": 1789274116289, "virtual_time_s": 11, "measure_result": "direction", "svd_deg": 317.75}}
2026-09-13 12:35:20,325 INFO request {"path": "/measure", "payload": {"arena_id": "default", "robot_id": "202601002029", "request_id": "701bc7b11c0d4488b3fd83721422bc38", "position": {"x": 0.0, "y": 0.0}, "channel": 3}, "attempt": 1}
2026-09-13 12:35:20,327 INFO response {"request_id": "701bc7b11c0d4488b3fd83721422bc38", "http_status": 200, "body": {"accepted": true, "real_timestamp_ms": 1789274116308, "virtual_time_s": 17, "measure_result": "no_signal"}}
2026-09-13 12:35:20,327 INFO request {"path": "/measure", "payload": {"arena_id": "default", "robot_id": "202601002029", "request_id": "ff375933c686434ab63783aef3493827", "position": {"x": 0.0, "y": 0.0}, "channel": 4}, "attempt": 1}
2026-09-13 12:35:20,328 INFO response {"request_id": "ff375933c686434ab63783aef3493827", "http_status": 200, "body": {"accepted": true, "real_timestamp_ms": 1789274116310, "virtual_time_s": 23, "measure_result": "direction", "svd_deg": 100.26}}
2026-09-13 12:35:20,343 INFO request {"path": "/measure", "payload": {"arena_id": "default", "robot_id": "202601002029", "request_id": "124859bb59104fcbb1f5a21c4fd582ad", "position": {"x": 0.0, "y": 0.0}, "channel": 5}, "attempt": 1}
2026-09-13 12:35:20,370 INFO response {"request_id": "124859bb59104fcbb1f5a21c4fd582ad", "http_status": 200, "body": {"accepted": true, "real_timestamp_ms": 1789274116352, "virtual_time_s": 29, "measure_result": "no_signal"}}
2026-09-13 12:35:20,371 INFO request {"path": "/measure", "payload": {"arena_id": "default", "robot_id": "202601002029", "request_id": "93237a3cc02c4740b272d42de3221677", "position": {"x": 0.0, "y": 0.0}, "channel": 6}, "attempt": 1}
2026-09-13 12:35:20,374 INFO response {"request_id": "93237a3cc02c4740b272d42de3221677", "http_status": 200, "body": {"accepted": true, "real_timestamp_ms": 1789274116355, "virtual_time_s": 35, "measure_result": "direction", "svd_deg": 320.59}}
2026-09-13 12:35:20,398 INFO request {"path": "/measure", "payload": {"arena_id": "default", "robot_id": "202601002029", "request_id": "3b48562ad0144878b45c956778c489f0", "position": {"x": 0.0, "y": 0.0}, "channel": 7}, "attempt": 1}
2026-09-13 12:35:20,416 INFO response {"request_id": "3b48562ad0144878b45c956778c489f0", "http_status": 200, "body": {"accepted": true, "real_timestamp_ms": 1789274116397, "virtual_time_s": 41, "measure_result": "no_signal"}}
2026-09-13 12:35:20,417 INFO request {"path": "/measure", "payload": {"arena_id": "default", "robot_id": "202601002029", "request_id": "c6a1ca599b2a4b478b4c799c29f98fc6", "position": {"x": 0.0, "y": 0.0}, "channel": 8}, "attempt": 1}
2026-09-13 12:35:20,419 INFO response {"request_id": "c6a1ca599b2a4b478b4c799c29f98fc6", "http_status": 200, "body": {"accepted": true, "real_timestamp_ms": 1789274116401, "virtual_time_s": 47, "measure_result": "no_signal"}}
2026-09-13 12:35:20,420 INFO request {"path": "/measure", "payload": {"arena_id": "default", "robot_id": "202601002029", "request_id": "a049f36fd4614f65923cc130de8e6683", "position": {"x": 0.0, "y": 0.0}, "channel": 9}, "attempt": 1}
2026-09-13 12:35:20,422 INFO response {"request_id": "a049f36fd4614f65923cc130de8e6683", "http_status": 200, "body": {"accepted": true, "real_timestamp_ms": 1789274116403, "virtual_time_s": 53, "measure_result": "no_signal"}}
2026-09-13 12:35:20,422 INFO request {"path": "/measure", "payload": {"arena_id": "default", "robot_id": "202601002029", "request_id": "5773bc2700554a869a34463935af2db3", "position": {"x": 0.0, "y": 0.0}, "channel": 10}, "attempt": 1}
2026-09-13 12:35:20,426 INFO response {"request_id": "5773bc2700554a869a34463935af2db3", "http_status": 200, "body": {"accepted": true, "real_timestamp_ms": 1789274116407, "virtual_time_s": 59, "measure_result": "direction", "svd_deg": 5.3}}
2026-09-13 12:35:20,457 INFO request {"path": "/measure", "payload": {"arena_id": "default", "robot_id": "202601002029", "request_id": "7ed89b516f5943e8b9d233b0fd09bbb4", "position": {"x": 0.0, "y": 0.0}, "channel": 11}, "attempt": 1}
2026-09-13 12:35:20,479 INFO response {"request_id": "7ed89b516f5943e8b9d233b0fd09bbb4", "http_status": 200, "body": {"accepted": true, "real_timestamp_ms": 1789274116460, "virtual_time_s": 65, "measure_result": "direction", "svd_deg": 336.09}}
2026-09-13 12:35:20,511 INFO request {"path": "/measure", "payload": {"arena_id": "default", "robot_id": "202601002029", "request_id": "c52da9328ffa429c942400445357b989", "position": {"x": 0.0, "y": 0.0}, "channel": 12}, "attempt": 1}
2026-09-13 12:35:20,513 INFO response {"request_id": "c52da9328ffa429c942400445357b989", "http_status": 200, "body": {"accepted": true, "real_timestamp_ms": 1789274116495, "virtual_time_s": 71, "measure_result": "direction", "svd_deg": 213.09}}
2026-09-13 12:35:20,528 INFO request {"path": "/measure", "payload": {"arena_id": "default", "robot_id": "202601002029", "request_id": "4fed7be94bc64ea48887eeea181beb2f", "position": {"x": 0.0, "y": 0.0}, "channel": 13}, "attempt": 1}
2026-09-13 12:35:20,543 INFO response {"request_id": "4fed7be94bc64ea48887eeea181beb2f", "http_status": 200, "body": {"accepted": true, "real_timestamp_ms": 1789274116524, "virtual_time_s": 77, "measure_result": "direction", "svd_deg": 332.69}}
2026-09-13 12:35:20,555 INFO request {"path": "/measure", "payload": {"arena_id": "default", "robot_id": "202601002029", "request_id": "1d2ae212eaac46da86762cf720fd4b99", "position": {"x": 0.0, "y": 0.0}, "channel": 14}, "attempt": 1}
2026-09-13 12:35:20,557 INFO response {"request_id": "1d2ae212eaac46da86762cf720fd4b99", "http_status": 200, "body": {"accepted": true, "real_timestamp_ms": 1789274116538, "virtual_time_s": 83, "measure_result": "direction", "svd_deg": 31.4}}
2026-09-13 12:35:20,572 INFO request {"path": "/measure", "payload": {"arena_id": "default", "robot_id": "202601002029", "request_id": "df1c9f4855ce41f1b119523b30532bc2", "position": {"x": 0.0, "y": 0.0}, "channel": 15}, "attempt": 1}
2026-09-13 12:35:20,573 INFO response {"request_id": "df1c9f4855ce41f1b119523b30532bc2", "http_status": 200, "body": {"accepted": true, "real_timestamp_ms": 1789274116555, "virtual_time_s": 89, "measure_result": "no_signal"}}
2026-09-13 12:35:20,574 INFO request {"path": "/measure", "payload": {"arena_id": "default", "robot_id": "202601002029", "request_id": "637bd7db565c46bdac68b08e9e582a1e", "position": {"x": 0.0, "y": 0.0}, "channel": 16}, "attempt": 1}
2026-09-13 12:35:20,575 INFO response {"request_id": "637bd7db565c46bdac68b08e9e582a1e", "http_status": 200, "body": {"accepted": true, "real_timestamp_ms": 1789274116557, "virtual_time_s": 95, "measure_result": "direction", "svd_deg": 249.57}}
2026-09-13 12:35:20,590 INFO request {"path": "/measure", "payload": {"arena_id": "default", "robot_id": "202601002029", "request_id": "5a668ad4de2d4e2cb2d8db05a4782cf0", "position": {"x": 0.0, "y": 0.0}, "channel": 17}, "attempt": 1}
2026-09-13 12:35:20,603 INFO response {"request_id": "5a668ad4de2d4e2cb2d8db05a4782cf0", "http_status": 200, "body": {"accepted": true, "real_timestamp_ms": 1789274116585, "virtual_time_s": 101, "measure_result": "no_signal"}}
2026-09-13 12:35:20,604 INFO request {"path": "/measure", "payload": {"arena_id": "default", "robot_id": "202601002029", "request_id": "d1709fc75af940fa840a44898bbe1479", "position": {"x": 0.0, "y": 0.0}, "channel": 18}, "attempt": 1}
2026-09-13 12:35:20,620 INFO response {"request_id": "d1709fc75af940fa840a44898bbe1479", "http_status": 200, "body": {"accepted": true, "real_timestamp_ms": 1789274116601, "virtual_time_s": 107, "measure_result": "no_signal"}}
2026-09-13 12:35:20,620 INFO request {"path": "/measure", "payload": {"arena_id": "default", "robot_id": "202601002029", "request_id": "3a45e84a07f9422abb7070845b434dd0", "position": {"x": 0.0, "y": 0.0}, "channel": 19}, "attempt": 1}
2026-09-13 12:35:20,634 INFO response {"request_id": "3a45e84a07f9422abb7070845b434dd0", "http_status": 200, "body": {"accepted": true, "real_timestamp_ms": 1789274116615, "virtual_time_s": 113, "measure_result": "no_signal"}}
2026-09-13 12:35:20,634 INFO request {"path": "/measure", "payload": {"arena_id": "default", "robot_id": "202601002029", "request_id": "99a6b1ce788748d1b8456bf64f4dc3e6", "position": {"x": 0.0, "y": 0.0}, "channel": 20}, "attempt": 1}
2026-09-13 12:35:20,635 INFO response {"request_id": "99a6b1ce788748d1b8456bf64f4dc3e6", "http_status": 200, "body": {"accepted": true, "real_timestamp_ms": 1789274116617, "virtual_time_s": 119, "measure_result": "direction", "svd_deg": 290.96}}
2026-09-13 12:35:20,663 INFO request {"path": "/measure", "payload": {"arena_id": "default", "robot_id": "202601002029", "request_id": "3b192aa1b1f34ca7ba4f576b3877fb33", "position": {"x": 565.0000000000001, "y": -978.6087062764157}, "channel": 3}, "attempt": 1}
2026-09-13 12:35:20,664 INFO response {"request_id": "3b192aa1b1f34ca7ba4f576b3877fb33", "http_status": 200, "body": {"accepted": true, "real_timestamp_ms": 1789274116646, "virtual_time_s": 351, "measure_result": "no_signal"}}
2026-09-13 12:35:20,664 INFO request {"path": "/measure", "payload": {"arena_id": "default", "robot_id": "202601002029", "request_id": "8bb6d44313234a82b078fa6f00571377", "position": {"x": 565.0000000000001, "y": -978.6087062764157}, "channel": 5}, "attempt": 1}
2026-09-13 12:35:20,680 INFO response {"request_id": "8bb6d44313234a82b078fa6f00571377", "http_status": 200, "body": {"accepted": true, "real_timestamp_ms": 1789274116662, "virtual_time_s": 357, "measure_result": "direction", "svd_deg": 261.9}}
2026-09-13 12:35:20,695 INFO request {"path": "/measure", "payload": {"arena_id": "default", "robot_id": "202601002029", "request_id": "3becee665d7f4ab3a86fb1c14f256784", "position": {"x": 565.0000000000001, "y": -978.6087062764157}, "channel": 7}, "attempt": 1}
2026-09-13 12:35:20,696 INFO response {"request_id": "3becee665d7f4ab3a86fb1c14f256784", "http_status": 200, "body": {"accepted": true, "real_timestamp_ms": 1789274116678, "virtual_time_s": 363, "measure_result": "direction", "svd_deg": 37.53}}
2026-09-13 12:35:20,720 INFO request {"path": "/measure", "payload": {"arena_id": "default", "robot_id": "202601002029", "request_id": "29c6bd12264d4928b70f0ccfbb712c65", "position": {"x": 565.0000000000001, "y": -978.6087062764157}, "channel": 8}, "attempt": 1}
2026-09-13 12:35:20,744 INFO response {"request_id": "29c6bd12264d4928b70f0ccfbb712c65", "http_status": 200, "body": {"accepted": true, "real_timestamp_ms": 1789274116726, "virtual_time_s": 369, "measure_result": "direction", "svd_deg": 246.09}}
2026-09-13 12:35:20,757 INFO request {"path": "/measure", "payload": {"arena_id": "default", "robot_id": "202601002029", "request_id": "895c842e10444360b76df0dfb852f5cd", "position": {"x": 565.0000000000001, "y": -978.6087062764157}, "channel": 9}, "attempt": 1}
2026-09-13 12:35:20,759 INFO response {"request_id": "895c842e10444360b76df0dfb852f5cd", "http_status": 200, "body": {"accepted": true, "real_timestamp_ms": 1789274116741, "virtual_time_s": 375, "measure_result": "no_signal"}}
2026-09-13 12:35:20,760 INFO request {"path": "/measure", "payload": {"arena_id": "default", "robot_id": "202601002029", "request_id": "8864f36cc63c480d9e8f28b8ab2eb8b2", "position": {"x": 565.0000000000001, "y": -978.6087062764157}, "channel": 15}, "attempt": 1}
2026-09-13 12:35:20,775 INFO response {"request_id": "8864f36cc63c480d9e8f28b8ab2eb8b2", "http_status": 200, "body": {"accepted": true, "real_timestamp_ms": 1789274116757, "virtual_time_s": 381, "measure_result": "no_signal"}}
2026-09-13 12:35:20,775 INFO request {"path": "/measure", "payload": {"arena_id": "default", "robot_id": "202601002029", "request_id": "a9ccafaf04b6449bba8efd4931e9a748", "position": {"x": 565.0000000000001, "y": -978.6087062764157}, "channel": 17}, "attempt": 1}
2026-09-13 12:35:20,776 INFO response {"request_id": "a9ccafaf04b6449bba8efd4931e9a748", "http_status": 200, "body": {"accepted": true, "real_timestamp_ms": 1789274116759, "virtual_time_s": 387, "measure_result": "no_signal"}}
2026-09-13 12:35:20,777 INFO request {"path": "/measure", "payload": {"arena_id": "default", "robot_id": "202601002029", "request_id": "4f423290748e40d5a7f012f7626d074d", "position": {"x": 565.0000000000001, "y": -978.6087062764157}, "channel": 18}, "attempt": 1}
2026-09-13 12:35:20,792 INFO response {"request_id": "4f423290748e40d5a7f012f7626d074d", "http_status": 200, "body": {"accepted": true, "real_timestamp_ms": 1789274116773, "virtual_time_s": 393, "measure_result": "direction", "svd_deg": 250.72}}
2026-09-13 12:35:20,826 INFO request {"path": "/measure", "payload": {"arena_id": "default", "robot_id": "202601002029", "request_id": "557ed09335d54cd58d0ebaa082bb9946", "position": {"x": 565.0000000000001, "y": -978.6087062764157}, "channel": 19}, "attempt": 1}
2026-09-13 12:35:20,853 INFO response {"request_id": "557ed09335d54cd58d0ebaa082bb9946", "http_status": 200, "body": {"accepted": true, "real_timestamp_ms": 1789274116835, "virtual_time_s": 399, "measure_result": "no_signal"}}
2026-09-13 12:35:21,128 INFO request {"path": "/measure", "payload": {"arena_id": "default", "robot_id": "202601002029", "request_id": "77f9f55d54a74eb693380a2c176cc249", "position": {"x": 565.0000000000001, "y": -978.6087062764157}, "channel": 16}, "attempt": 1}
2026-09-13 12:35:21,130 INFO response {"request_id": "77f9f55d54a74eb693380a2c176cc249", "http_status": 200, "body": {"accepted": true, "real_timestamp_ms": 1789274117112, "virtual_time_s": 405, "measure_result": "direction", "svd_deg": 183.98}}
2026-09-13 12:35:21,335 INFO request {"path": "/measure", "payload": {"arena_id": "default", "robot_id": "202601002029", "request_id": "132f919615b848ad9bf295e7e1aa0df9", "position": {"x": 565.0000000000001, "y": -978.6087062764157}, "channel": 13}, "attempt": 1}
2026-09-13 12:35:21,355 INFO response {"request_id": "132f919615b848ad9bf295e7e1aa0df9", "http_status": 200, "body": {"accepted": true, "real_timestamp_ms": 1789274117337, "virtual_time_s": 411, "measure_result": "direction", "svd_deg": 63.11}}
2026-09-13 12:35:21,506 INFO request {"path": "/clear", "payload": {"arena_id": "default", "robot_id": "202601002029", "request_id": "b034eaf54a0c4891a0e4ea7870d9136f", "position": {"x": 841.2345422387936, "y": -434.256699052958}, "channel": 13}, "attempt": 1}
2026-09-13 12:35:21,507 INFO response {"request_id": "b034eaf54a0c4891a0e4ea7870d9136f", "http_status": 200, "body": {"accepted": true, "real_timestamp_ms": 1789274117489, "virtual_time_s": 538.085975, "clear_result": "success"}}
2026-09-13 12:35:21,749 INFO request {"path": "/measure", "payload": {"arena_id": "default", "robot_id": "202601002029", "request_id": "bb32fed274264b10980fe95ca5e5388c", "position": {"x": 841.2345422387936, "y": -434.256699052958}, "channel": 20}, "attempt": 1}
2026-09-13 12:35:21,751 INFO response {"request_id": "bb32fed274264b10980fe95ca5e5388c", "http_status": 200, "body": {"accepted": true, "real_timestamp_ms": 1789274117732, "virtual_time_s": 544.085975, "measure_result": "direction", "svd_deg": 219.15}}
2026-09-13 12:35:21,944 INFO request {"path": "/measure", "payload": {"arena_id": "default", "robot_id": "202601002029", "request_id": "81a16d80c64a455f8e218e6c07202d71", "position": {"x": 841.2345422387936, "y": -434.256699052958}, "channel": 1}, "attempt": 1}
2026-09-13 12:35:21,968 INFO response {"request_id": "81a16d80c64a455f8e218e6c07202d71", "http_status": 200, "body": {"accepted": true, "real_timestamp_ms": 1789274117950, "virtual_time_s": 550.085975, "measure_result": "direction", "svd_deg": 187.89}}
2026-09-13 12:35:22,159 INFO request {"path": "/measure", "payload": {"arena_id": "default", "robot_id": "202601002029", "request_id": "4e2e7922cd864b9e9e1a4b1e2f1dca3f", "position": {"x": 1130.0, "y": 0.0}, "channel": 3}, "attempt": 1}
2026-09-13 12:35:22,174 INFO response {"request_id": "4e2e7922cd864b9e9e1a4b1e2f1dca3f", "http_status": 200, "body": {"accepted": true, "real_timestamp_ms": 1789274118156, "virtual_time_s": 660.386382, "measure_result": "no_signal"}}
2026-09-13 12:35:22,174 INFO request {"path": "/measure", "payload": {"arena_id": "default", "robot_id": "202601002029", "request_id": "7d36af3a9b3f4ed0a75a49c85936e505", "position": {"x": 1130.0, "y": 0.0}, "channel": 9}, "attempt": 1}
2026-09-13 12:35:22,175 INFO response {"request_id": "7d36af3a9b3f4ed0a75a49c85936e505", "http_status": 200, "body": {"accepted": true, "real_timestamp_ms": 1789274118157, "virtual_time_s": 666.386382, "measure_result": "no_signal"}}
2026-09-13 12:35:22,176 INFO request {"path": "/measure", "payload": {"arena_id": "default", "robot_id": "202601002029", "request_id": "36b40bb74ec44ac89e4cf87cc5b1f454", "position": {"x": 1130.0, "y": 0.0}, "channel": 15}, "attempt": 1}
2026-09-13 12:35:22,177 INFO response {"request_id": "36b40bb74ec44ac89e4cf87cc5b1f454", "http_status": 200, "body": {"accepted": true, "real_timestamp_ms": 1789274118159, "virtual_time_s": 672.386382, "measure_result": "no_signal"}}
2026-09-13 12:35:22,178 INFO request {"path": "/measure", "payload": {"arena_id": "default", "robot_id": "202601002029", "request_id": "293c8d265c624d9daf9aa5f588528e86", "position": {"x": 1130.0, "y": 0.0}, "channel": 17}, "attempt": 1}
2026-09-13 12:35:22,189 INFO response {"request_id": "293c8d265c624d9daf9aa5f588528e86", "http_status": 200, "body": {"accepted": true, "real_timestamp_ms": 1789274118171, "virtual_time_s": 678.386382, "measure_result": "no_signal"}}
2026-09-13 12:35:22,192 INFO request {"path": "/measure", "payload": {"arena_id": "default", "robot_id": "202601002029", "request_id": "4c405a2e9507480c8d8b5c1acf847196", "position": {"x": 1130.0, "y": 0.0}, "channel": 19}, "attempt": 1}
2026-09-13 12:35:22,206 INFO response {"request_id": "4c405a2e9507480c8d8b5c1acf847196", "http_status": 200, "body": {"accepted": true, "real_timestamp_ms": 1789274118187, "virtual_time_s": 684.386382, "measure_result": "no_signal"}}
2026-09-13 12:35:22,522 INFO request {"path": "/measure", "payload": {"arena_id": "default", "robot_id": "202601002029", "request_id": "2bfc5e9031334271a92a5f841c10e684", "position": {"x": 1130.0, "y": 0.0}, "channel": 2}, "attempt": 1}
2026-09-13 12:35:22,535 INFO response {"request_id": "2bfc5e9031334271a92a5f841c10e684", "http_status": 200, "body": {"accepted": true, "real_timestamp_ms": 1789274118517, "virtual_time_s": 690.386382, "measure_result": "direction", "svd_deg": 251.29}}
2026-09-13 12:35:22,823 INFO request {"path": "/measure", "payload": {"arena_id": "default", "robot_id": "202601002029", "request_id": "82b844ebfb244190b1041327a9a323e8", "position": {"x": 1130.0, "y": 0.0}, "channel": 14}, "attempt": 1}
2026-09-13 12:35:22,837 INFO response {"request_id": "82b844ebfb244190b1041327a9a323e8", "http_status": 200, "body": {"accepted": true, "real_timestamp_ms": 1789274118818, "virtual_time_s": 696.386382, "measure_result": "direction", "svd_deg": 168.86}}
2026-09-13 12:35:23,101 INFO request {"path": "/measure", "payload": {"arena_id": "default", "robot_id": "202601002029", "request_id": "f2de7b4f73e24e00b8f902d10b8c6f36", "position": {"x": 565.0000000000001, "y": 978.6087062764157}, "channel": 3}, "attempt": 1}
2026-09-13 12:35:23,104 INFO response {"request_id": "f2de7b4f73e24e00b8f902d10b8c6f36", "http_status": 200, "body": {"accepted": true, "real_timestamp_ms": 1789274119085, "virtual_time_s": 928.386382, "measure_result": "no_signal"}}
2026-09-13 12:35:23,104 INFO request {"path": "/measure", "payload": {"arena_id": "default", "robot_id": "202601002029", "request_id": "8518a34f15e54f69959662320fe1674c", "position": {"x": 565.0000000000001, "y": 978.6087062764157}, "channel": 9}, "attempt": 1}
2026-09-13 12:35:23,105 INFO response {"request_id": "8518a34f15e54f69959662320fe1674c", "http_status": 200, "body": {"accepted": true, "real_timestamp_ms": 1789274119087, "virtual_time_s": 934.386382, "measure_result": "no_signal"}}
2026-09-13 12:35:23,106 INFO request {"path": "/measure", "payload": {"arena_id": "default", "robot_id": "202601002029", "request_id": "d6a2ad0b6cd84bcca15e30606f062662", "position": {"x": 565.0000000000001, "y": 978.6087062764157}, "channel": 15}, "attempt": 1}
2026-09-13 12:35:23,106 INFO response {"request_id": "d6a2ad0b6cd84bcca15e30606f062662", "http_status": 200, "body": {"accepted": true, "real_timestamp_ms": 1789274119088, "virtual_time_s": 940.386382, "measure_result": "no_signal"}}
2026-09-13 12:35:23,106 INFO request {"path": "/measure", "payload": {"arena_id": "default", "robot_id": "202601002029", "request_id": "b90ae5095a814de4a500d7402a704646", "position": {"x": 565.0000000000001, "y": 978.6087062764157}, "channel": 17}, "attempt": 1}
2026-09-13 12:35:23,107 INFO response {"request_id": "b90ae5095a814de4a500d7402a704646", "http_status": 200, "body": {"accepted": true, "real_timestamp_ms": 1789274119089, "virtual_time_s": 946.386382, "measure_result": "no_signal"}}
2026-09-13 12:35:23,107 INFO request {"path": "/measure", "payload": {"arena_id": "default", "robot_id": "202601002029", "request_id": "8b3a4bf2244848feb71730b97e159dde", "position": {"x": 565.0000000000001, "y": 978.6087062764157}, "channel": 19}, "attempt": 1}
2026-09-13 12:35:23,108 INFO response {"request_id": "8b3a4bf2244848feb71730b97e159dde", "http_status": 200, "body": {"accepted": true, "real_timestamp_ms": 1789274119090, "virtual_time_s": 952.386382, "measure_result": "no_signal"}}
2026-09-13 12:35:23,283 INFO request {"path": "/measure", "payload": {"arena_id": "default", "robot_id": "202601002029", "request_id": "f058f7adb3494821a8b0e1dfd65a2d3a", "position": {"x": 565.0000000000001, "y": 978.6087062764157}, "channel": 4}, "attempt": 1}
2026-09-13 12:35:23,305 INFO response {"request_id": "f058f7adb3494821a8b0e1dfd65a2d3a", "http_status": 200, "body": {"accepted": true, "real_timestamp_ms": 1789274119287, "virtual_time_s": 958.386382, "measure_result": "direction", "svd_deg": 175.6}}
2026-09-13 12:35:23,432 INFO request {"path": "/measure", "payload": {"arena_id": "default", "robot_id": "202601002029", "request_id": "8e9fea50354947a48b44f1426204bbf7", "position": {"x": 565.0000000000001, "y": 978.6087062764157}, "channel": 10}, "attempt": 1}
2026-09-13 12:35:23,433 INFO response {"request_id": "8e9fea50354947a48b44f1426204bbf7", "http_status": 200, "body": {"accepted": true, "real_timestamp_ms": 1789274119415, "virtual_time_s": 964.386382, "measure_result": "direction", "svd_deg": 301.15}}
2026-09-13 12:35:23,505 INFO request {"path": "/measure", "payload": {"arena_id": "default", "robot_id": "202601002029", "request_id": "d39b9939974349d2a5140c732deb0d4f", "position": {"x": -564.9999999999998, "y": 978.6087062764158}, "channel": 3}, "attempt": 1}
2026-09-13 12:35:23,506 INFO response {"request_id": "d39b9939974349d2a5140c732deb0d4f", "http_status": 200, "body": {"accepted": true, "real_timestamp_ms": 1789274119489, "virtual_time_s": 1196.386382, "measure_result": "direction", "svd_deg": 182.11}}
2026-09-13 12:35:34,971 INFO request {"path": "/measure", "payload": {"arena_id": "default", "robot_id": "202601002029", "request_id": "b77de0a304834209904c54cea41b5d96", "position": {"x": -1278.017697262382, "y": 355.58662908500173}, "channel": 3}, "attempt": 1}
2026-09-13 12:35:34,995 INFO response {"request_id": "b77de0a304834209904c54cea41b5d96", "http_status": 200, "body": {"accepted": true, "real_timestamp_ms": 1789274130977, "virtual_time_s": 1390.759109, "measure_result": "direction", "svd_deg": 101.47}}
2026-09-13 12:35:35,076 INFO request {"path": "/measure", "payload": {"arena_id": "default", "robot_id": "202601002029", "request_id": "f3f4a79fd3054d2fa076f110437311b6", "position": {"x": -1278.017697262382, "y": 355.58662908500173}, "channel": 12}, "attempt": 1}
2026-09-13 12:35:35,079 INFO response {"request_id": "f3f4a79fd3054d2fa076f110437311b6", "http_status": 200, "body": {"accepted": true, "real_timestamp_ms": 1789274131060, "virtual_time_s": 1396.759109, "measure_result": "direction", "svd_deg": 278.95}}
2026-09-13 12:35:35,778 INFO request {"path": "/measure", "payload": {"arena_id": "default", "robot_id": "202601002029", "request_id": "8990a86611074ef1aa7749ccf463bab9", "position": {"x": -483.1819947920693, "y": -562.1002062579299}, "channel": 1}, "attempt": 1}
2026-09-13 12:35:35,779 INFO response {"request_id": "8990a86611074ef1aa7749ccf463bab9", "http_status": 200, "body": {"accepted": true, "real_timestamp_ms": 1789274131761, "virtual_time_s": 1645.56874, "measure_result": "direction", "svd_deg": 359.16}}
2026-09-13 12:35:36,054 INFO request {"path": "/measure", "payload": {"arena_id": "default", "robot_id": "202601002029", "request_id": "480c501ff3f04211a257028ceab7e1ec", "position": {"x": -483.1819947920693, "y": -562.1002062579299}, "channel": 16}, "attempt": 1}
2026-09-13 12:35:36,069 INFO response {"request_id": "480c501ff3f04211a257028ceab7e1ec", "http_status": 200, "body": {"accepted": true, "real_timestamp_ms": 1789274132051, "virtual_time_s": 1651.56874, "measure_result": "direction", "svd_deg": 278.67}}
2026-09-13 12:35:36,237 INFO request {"path": "/measure", "payload": {"arena_id": "default", "robot_id": "202601002029", "request_id": "1dbeffd270824599b9fbe6d7816d08ca", "position": {"x": -483.1819947920693, "y": -562.1002062579299}, "channel": 20}, "attempt": 1}
2026-09-13 12:35:36,239 INFO response {"request_id": "1dbeffd270824599b9fbe6d7816d08ca", "http_status": 200, "body": {"accepted": true, "real_timestamp_ms": 1789274132220, "virtual_time_s": 1657.56874, "measure_result": "direction", "svd_deg": 340.05}}
2026-09-13 12:35:36,390 INFO request {"path": "/clear", "payload": {"arena_id": "default", "robot_id": "202601002029", "request_id": "c0a866dbe9d04d00a57901145bf41421", "position": {"x": -85.19988057433989, "y": -567.7424734971642}, "channel": 1}, "attempt": 1}
2026-09-13 12:35:36,401 INFO response {"request_id": "c0a866dbe9d04d00a57901145bf41421", "http_status": 200, "body": {"accepted": true, "real_timestamp_ms": 1789274132382, "virtual_time_s": 1742.173162, "clear_result": "success"}}
2026-09-13 12:35:36,734 INFO request {"path": "/measure", "payload": {"arena_id": "default", "robot_id": "202601002029", "request_id": "7a885b9e35024218b998e2b6b7a0147e", "position": {"x": -85.19988057433989, "y": -567.7424734971642}, "channel": 6}, "attempt": 1}
2026-09-13 12:35:36,750 INFO response {"request_id": "7a885b9e35024218b998e2b6b7a0147e", "http_status": 200, "body": {"accepted": true, "real_timestamp_ms": 1789274132731, "virtual_time_s": 1748.173162, "measure_result": "direction", "svd_deg": 3.47}}
2026-09-13 12:35:37,001 INFO request {"path": "/measure", "payload": {"arena_id": "default", "robot_id": "202601002029", "request_id": "d6e16068f7ae49d19257517ea2a29988", "position": {"x": -85.19988057433989, "y": -567.7424734971642}, "channel": 8}, "attempt": 1}
2026-09-13 12:35:37,002 INFO response {"request_id": "d6e16068f7ae49d19257517ea2a29988", "http_status": 200, "body": {"accepted": true, "real_timestamp_ms": 1789274132984, "virtual_time_s": 1754.173162, "measure_result": "direction", "svd_deg": 307.24}}
2026-09-13 12:35:38,652 INFO request {"path": "/measure", "payload": {"arena_id": "default", "robot_id": "202601002029", "request_id": "b66022bd36bb4e96a089ce35d1ab9d97", "position": {"x": 465.5984392989775, "y": -785.8734245972191}, "channel": 2}, "attempt": 1}
2026-09-13 12:35:38,653 INFO response {"request_id": "b66022bd36bb4e96a089ce35d1ab9d97", "http_status": 200, "body": {"accepted": true, "real_timestamp_ms": 1789274134635, "virtual_time_s": 1878.656899, "measure_result": "direction", "svd_deg": 1.57}}
2026-09-13 12:35:38,897 INFO request {"path": "/measure", "payload": {"arena_id": "default", "robot_id": "202601002029", "request_id": "71eff630291146728b1d53a1bdb470ba", "position": {"x": 465.5984392989775, "y": -785.8734245972191}, "channel": 6}, "attempt": 1}
2026-09-13 12:35:38,909 INFO response {"request_id": "71eff630291146728b1d53a1bdb470ba", "http_status": 200, "body": {"accepted": true, "real_timestamp_ms": 1789274134890, "virtual_time_s": 1884.656899, "measure_result": "direction", "svd_deg": 57.72}}
2026-09-13 12:35:39,105 INFO request {"path": "/measure", "payload": {"arena_id": "default", "robot_id": "202601002029", "request_id": "8c62baf28fed4f65b810c464b83b91b8", "position": {"x": 465.5984392989775, "y": -785.8734245972191}, "channel": 14}, "attempt": 1}
2026-09-13 12:35:39,107 INFO response {"request_id": "8c62baf28fed4f65b810c464b83b91b8", "http_status": 200, "body": {"accepted": true, "real_timestamp_ms": 1789274135088, "virtual_time_s": 1890.656899, "measure_result": "direction", "svd_deg": 100.92}}
2026-09-13 12:35:39,286 INFO request {"path": "/measure", "payload": {"arena_id": "default", "robot_id": "202601002029", "request_id": "186f2085ad574b509451de2daed3349e", "position": {"x": 241.76291769804635, "y": -1214.230837293262}, "channel": 8}, "attempt": 1}
2026-09-13 12:35:39,305 INFO response {"request_id": "186f2085ad574b509451de2daed3349e", "http_status": 200, "body": {"accepted": true, "real_timestamp_ms": 1789274135286, "virtual_time_s": 1993.319697, "measure_result": "direction", "svd_deg": 346.46}}
2026-09-13 12:35:39,483 INFO request {"path": "/measure", "payload": {"arena_id": "default", "robot_id": "202601002029", "request_id": "d09657654b2d4cfc811e48cf065fec16", "position": {"x": 241.76291769804635, "y": -1214.230837293262}, "channel": 5}, "attempt": 1}
2026-09-13 12:35:39,506 INFO response {"request_id": "d09657654b2d4cfc811e48cf065fec16", "http_status": 200, "body": {"accepted": true, "real_timestamp_ms": 1789274135488, "virtual_time_s": 1999.319697, "measure_result": "direction", "svd_deg": 313.64}}
2026-09-13 12:35:39,629 INFO request {"path": "/measure", "payload": {"arena_id": "default", "robot_id": "202601002029", "request_id": "086c76bc10e44c5bb7eccfea7763c6f3", "position": {"x": 241.76291769804635, "y": -1214.230837293262}, "channel": 18}, "attempt": 1}
2026-09-13 12:35:39,631 INFO response {"request_id": "086c76bc10e44c5bb7eccfea7763c6f3", "http_status": 200, "body": {"accepted": true, "real_timestamp_ms": 1789274135612, "virtual_time_s": 2005.319697, "measure_result": "direction", "svd_deg": 288.62}}
2026-09-13 12:35:40,365 INFO request {"path": "/measure", "payload": {"arena_id": "default", "robot_id": "202601002029", "request_id": "b10d359e03644052b0fd4df34d496ab4", "position": {"x": 541.8996638240626, "y": -1478.650832045715}, "channel": 18}, "attempt": 1}
2026-09-13 12:35:40,390 INFO response {"request_id": "b10d359e03644052b0fd4df34d496ab4", "http_status": 200, "body": {"accepted": true, "real_timestamp_ms": 1789274136372, "virtual_time_s": 2090.319697, "measure_result": "direction", "svd_deg": 207.66}}
2026-09-13 12:35:40,434 INFO request {"path": "/clear", "payload": {"arena_id": "default", "robot_id": "202601002029", "request_id": "a6d2ac4515f24540b2010ec16abdb12f", "position": {"x": 494.0251154060976, "y": -1479.1738244285302}, "channel": 5}, "attempt": 1}
2026-09-13 12:35:40,453 INFO response {"request_id": "a6d2ac4515f24540b2010ec16abdb12f", "http_status": 200, "body": {"accepted": true, "real_timestamp_ms": 1789274136434, "virtual_time_s": 2104.895178, "clear_result": "success"}}
2026-09-13 12:35:40,461 INFO request {"path": "/clear", "payload": {"arena_id": "default", "robot_id": "202601002029", "request_id": "34d45afced7b4f9fb329e4545b5d0ef0", "position": {"x": 362.4964866877825, "y": -1572.8227769757132}, "channel": 18}, "attempt": 1}
2026-09-13 12:35:40,464 INFO response {"request_id": "34d45afced7b4f9fb329e4545b5d0ef0", "http_status": 200, "body": {"accepted": true, "real_timestamp_ms": 1789274136445, "virtual_time_s": 2142.187534, "clear_result": "success"}}
2026-09-13 12:35:40,473 INFO request {"path": "/clear", "payload": {"arena_id": "default", "robot_id": "202601002029", "request_id": "55728ce1b51b489698efd85725948924", "position": {"x": 439.3979368782801, "y": -1261.7144294360469}, "channel": 8}, "attempt": 1}
2026-09-13 12:35:40,475 INFO response {"request_id": "55728ce1b51b489698efd85725948924", "http_status": 200, "body": {"accepted": true, "real_timestamp_ms": 1789274136456, "virtual_time_s": 2211.281913, "clear_result": "success"}}
2026-09-13 12:35:40,533 INFO request {"path": "/measure", "payload": {"arena_id": "default", "robot_id": "202601002029", "request_id": "ffffa58f583248e0bf2066794194392d", "position": {"x": 439.3979368782801, "y": -1261.7144294360469}, "channel": 11}, "attempt": 1}
2026-09-13 12:35:40,560 INFO response {"request_id": "ffffa58f583248e0bf2066794194392d", "http_status": 200, "body": {"accepted": true, "real_timestamp_ms": 1789274136542, "virtual_time_s": 2217.281913, "measure_result": "direction", "svd_deg": 76.3}}
2026-09-13 12:35:41,278 INFO request {"path": "/clear", "payload": {"arena_id": "default", "robot_id": "202601002029", "request_id": "45d942c9eeec431cb96b199ac0b67e59", "position": {"x": -408.1645434773922, "y": -1047.0340130974073}, "channel": 16}, "attempt": 1}
2026-09-13 12:35:41,299 INFO response {"request_id": "45d942c9eeec431cb96b199ac0b67e59", "http_status": 200, "body": {"accepted": true, "real_timestamp_ms": 1789274137280, "virtual_time_s": 2397.147557, "clear_result": "success"}}
2026-09-13 12:35:41,370 INFO request {"path": "/measure", "payload": {"arena_id": "default", "robot_id": "202601002029", "request_id": "b94c2b683fa849d5bcb7d3cb70ea76d1", "position": {"x": -408.1645434773922, "y": -1047.0340130974073}, "channel": 12}, "attempt": 1}
2026-09-13 12:35:41,393 INFO response {"request_id": "b94c2b683fa849d5bcb7d3cb70ea76d1", "http_status": 200, "body": {"accepted": true, "real_timestamp_ms": 1789274137374, "virtual_time_s": 2403.147557, "measure_result": "direction", "svd_deg": 153.67}}
2026-09-13 12:35:42,118 INFO request {"path": "/measure", "payload": {"arena_id": "default", "robot_id": "202601002029", "request_id": "65ac70156c2b4066be5a8f58de94b710", "position": {"x": -878.9187828877842, "y": -1036.3257077974815}, "channel": 12}, "attempt": 1}
2026-09-13 12:35:42,134 INFO response {"request_id": "65ac70156c2b4066be5a8f58de94b710", "http_status": 200, "body": {"accepted": true, "real_timestamp_ms": 1789274138116, "virtual_time_s": 2502.32276, "measure_result": "direction", "svd_deg": 125.58}}
2026-09-13 12:35:42,161 INFO request {"path": "/clear", "payload": {"arena_id": "default", "robot_id": "202601002029", "request_id": "44005a4da7324b478d363afef3dafdee", "position": {"x": -1110.3009362350579, "y": -713.3448080854953}, "channel": 12}, "attempt": 1}
2026-09-13 12:35:42,163 INFO response {"request_id": "44005a4da7324b478d363afef3dafdee", "http_status": 200, "body": {"accepted": true, "real_timestamp_ms": 1789274138145, "virtual_time_s": 2586.78454, "clear_result": "success"}}
2026-09-13 12:35:42,165 INFO request {"path": "/measure", "payload": {"arena_id": "default", "robot_id": "202601002029", "request_id": "f809a0fa1531403995e385e29e90c097", "position": {"x": 446.24215445117034, "y": -853.7049460550281}, "channel": 11}, "attempt": 1}
2026-09-13 12:35:42,182 INFO response {"request_id": "f809a0fa1531403995e385e29e90c097", "http_status": 200, "body": {"accepted": true, "real_timestamp_ms": 1789274138163, "virtual_time_s": 2905.356283, "measure_result": "direction", "svd_deg": 67.19}}
2026-09-13 12:35:42,207 INFO request {"path": "/clear", "payload": {"arena_id": "default", "robot_id": "202601002029", "request_id": "66d29e2031734ae4a63dfe5d7ad05f45", "position": {"x": 326.7151854423492, "y": -854.6348993908417}, "channel": 20}, "attempt": 1}
2026-09-13 12:35:42,228 INFO response {"request_id": "66d29e2031734ae4a63dfe5d7ad05f45", "http_status": 200, "body": {"accepted": true, "real_timestamp_ms": 1789274138209, "virtual_time_s": 2934.2624, "clear_result": "success"}}
2026-09-13 12:35:42,230 INFO request {"path": "/clear", "payload": {"arena_id": "default", "robot_id": "202601002029", "request_id": "135c98464c4047e587748af64da9a2fe", "position": {"x": 634.6113210319252, "y": -521.9813644873249}, "channel": 6}, "attempt": 1}
2026-09-13 12:35:42,244 INFO response {"request_id": "135c98464c4047e587748af64da9a2fe", "http_status": 200, "body": {"accepted": true, "real_timestamp_ms": 1789274138225, "virtual_time_s": 3029.917439, "clear_result": "success"}}
2026-09-13 12:35:42,335 INFO request {"path": "/measure", "payload": {"arena_id": "default", "robot_id": "202601002029", "request_id": "38284f05e9084cf59af3d21b8d6e418e", "position": {"x": 634.6113210319252, "y": -521.9813644873249}, "channel": 10}, "attempt": 1}
2026-09-13 12:35:42,336 INFO response {"request_id": "38284f05e9084cf59af3d21b8d6e418e", "http_status": 200, "body": {"accepted": true, "real_timestamp_ms": 1789274138318, "virtual_time_s": 3035.917439, "measure_result": "direction", "svd_deg": 53.56}}
2026-09-13 12:35:43,121 INFO request {"path": "/clear", "payload": {"arena_id": "default", "robot_id": "202601002029", "request_id": "e8bab0490d274e6eb668e981015f14e0", "position": {"x": 866.3054879901429, "y": -778.1139147235793}, "channel": 2}, "attempt": 1}
2026-09-13 12:35:43,123 INFO response {"request_id": "e8bab0490d274e6eb668e981015f14e0", "http_status": 200, "body": {"accepted": true, "real_timestamp_ms": 1789274139105, "virtual_time_s": 3109.99307, "clear_result": "success"}}
2026-09-13 12:35:43,197 INFO request {"path": "/measure", "payload": {"arena_id": "default", "robot_id": "202601002029", "request_id": "4b6a398b06af42d1a2b40f5c71caba4f", "position": {"x": 1205.529202011887, "y": 249.66183246903967}, "channel": 7}, "attempt": 1}
2026-09-13 12:35:43,216 INFO response {"request_id": "4b6a398b06af42d1a2b40f5c71caba4f", "http_status": 200, "body": {"accepted": true, "real_timestamp_ms": 1789274139198, "virtual_time_s": 3332.455142, "measure_result": "direction", "svd_deg": 259.45}}
2026-09-13 12:35:43,300 INFO request {"path": "/measure", "payload": {"arena_id": "default", "robot_id": "202601002029", "request_id": "7fe0f0ce0d8c49c494f58b6359d1a4c5", "position": {"x": 1205.529202011887, "y": 249.66183246903967}, "channel": 10}, "attempt": 1}
2026-09-13 12:35:43,302 INFO response {"request_id": "7fe0f0ce0d8c49c494f58b6359d1a4c5", "http_status": 200, "body": {"accepted": true, "real_timestamp_ms": 1789274139284, "virtual_time_s": 3338.455142, "measure_result": "direction", "svd_deg": 230.87}}
2026-09-13 12:35:44,126 INFO request {"path": "/clear", "payload": {"arena_id": "default", "robot_id": "202601002029", "request_id": "1248b9d9be4b4ec8b46399baa113d035", "position": {"x": 1092.1223881901958, "y": 106.25853624832594}, "channel": 10}, "attempt": 1}
2026-09-13 12:35:44,128 INFO response {"request_id": "1248b9d9be4b4ec8b46399baa113d035", "http_status": 200, "body": {"accepted": true, "real_timestamp_ms": 1789274140110, "virtual_time_s": 3380.020487, "clear_result": "success"}}
2026-09-13 12:35:44,182 INFO request {"path": "/measure", "payload": {"arena_id": "default", "robot_id": "202601002029", "request_id": "d600020973b04553bfb278389535967f", "position": {"x": 1092.1223881901958, "y": 106.25853624832594}, "channel": 7}, "attempt": 1}
2026-09-13 12:35:44,183 INFO response {"request_id": "d600020973b04553bfb278389535967f", "http_status": 200, "body": {"accepted": true, "real_timestamp_ms": 1789274140165, "virtual_time_s": 3386.020487, "measure_result": "direction", "svd_deg": 267.68}}
2026-09-13 12:35:44,958 INFO request {"path": "/measure", "payload": {"arena_id": "default", "robot_id": "202601002029", "request_id": "516df0e8eb2b48e3b1a611f638634356", "position": {"x": 979.7732500745091, "y": -207.21038319369973}, "channel": 7}, "attempt": 1}
2026-09-13 12:35:44,959 INFO response {"request_id": "516df0e8eb2b48e3b1a611f638634356", "http_status": 200, "body": {"accepted": true, "real_timestamp_ms": 1789274140940, "virtual_time_s": 3457.619314, "measure_result": "direction", "svd_deg": 280.71}}
2026-09-13 12:35:44,985 INFO request {"path": "/clear", "payload": {"arena_id": "default", "robot_id": "202601002029", "request_id": "de9f95957aba477cb6e3e1099f47f39d", "position": {"x": 1054.2559354905768, "y": -602.4892201898924}, "channel": 7}, "attempt": 1}
2026-09-13 12:35:44,986 INFO response {"request_id": "de9f95957aba477cb6e3e1099f47f39d", "http_status": 200, "body": {"accepted": true, "real_timestamp_ms": 1789274140968, "virtual_time_s": 3543.066322, "clear_result": "success"}}
2026-09-13 12:35:44,987 INFO request {"path": "/clear", "payload": {"arena_id": "default", "robot_id": "202601002029", "request_id": "61001a9a13ff4741bcc19da9f256a1b8", "position": {"x": 678.6394260445438, "y": -300.93757717599505}, "channel": 11}, "attempt": 1}
2026-09-13 12:35:44,988 INFO response {"request_id": "61001a9a13ff4741bcc19da9f256a1b8", "http_status": 200, "body": {"accepted": true, "real_timestamp_ms": 1789274140970, "virtual_time_s": 3644.403471, "clear_result": "success"}}
2026-09-13 12:35:44,988 INFO request {"path": "/clear", "payload": {"arena_id": "default", "robot_id": "202601002029", "request_id": "9e0e21aa5182480d8b791df9dd699f40", "position": {"x": 281.7443891171495, "y": 167.8425925947961}, "channel": 14}, "attempt": 1}
2026-09-13 12:35:44,990 INFO response {"request_id": "9e0e21aa5182480d8b791df9dd699f40", "http_status": 200, "body": {"accepted": true, "real_timestamp_ms": 1789274140972, "virtual_time_s": 3772.249801, "clear_result": "success"}}
2026-09-13 12:35:45,044 INFO request {"path": "/measure", "payload": {"arena_id": "default", "robot_id": "202601002029", "request_id": "1d31b231a8f045b388820fbaee1a066b", "position": {"x": -185.7280809793709, "y": 636.7124153990317}, "channel": 4}, "attempt": 1}
2026-09-13 12:35:45,045 INFO response {"request_id": "1d31b231a8f045b388820fbaee1a066b", "http_status": 200, "body": {"accepted": true, "real_timestamp_ms": 1789274141027, "virtual_time_s": 3910.668745, "measure_result": "direction", "svd_deg": 93.36}}
2026-09-13 12:35:45,061 INFO request {"path": "/clear", "payload": {"arena_id": "default", "robot_id": "202601002029", "request_id": "abd15c39459f4e278042e1b12055f283", "position": {"x": -205.5525944781627, "y": 1037.9853855777096}, "channel": 4}, "attempt": 1}
2026-09-13 12:35:45,088 INFO response {"request_id": "abd15c39459f4e278042e1b12055f283", "http_status": 200, "body": {"accepted": true, "real_timestamp_ms": 1789274141069, "virtual_time_s": 3996.02122, "clear_result": "success"}}
2026-09-13 12:35:45,089 INFO request {"path": "/clear", "payload": {"arena_id": "default", "robot_id": "202601002029", "request_id": "547324eae8cd451b8c108bd62fec12df", "position": {"x": -1398.5421715001416, "y": 948.1271870758932}, "channel": 3}, "attempt": 1}
2026-09-13 12:35:45,104 INFO response {"request_id": "547324eae8cd451b8c108bd62fec12df", "http_status": 200, "body": {"accepted": true, "real_timestamp_ms": 1789274141085, "virtual_time_s": 4240.295007, "clear_result": "success"}}
2026-09-13 12:35:45,105 INFO request {"path": "/exit", "payload": {"arena_id": "default", "robot_id": "202601002029", "request_id": "6d97b037da7d4aadbcd3fa6369550956"}, "attempt": 1}
2026-09-13 12:35:45,109 INFO response {"request_id": "6d97b037da7d4aadbcd3fa6369550956", "http_status": 200, "body": {"accepted": true, "real_timestamp_ms": 1789274141089, "virtual_time_s": 4240.295007, "exit_reason": "user_exit"}}
