2026-09-12 16:42:49,831 INFO request {"path": "/enter", "payload": {"arena_id": "default", "robot_id": "202601002029", "request_id": "13c703abe5604b4c8b583c6af6f32855"}, "attempt": 1}
2026-09-12 16:42:49,836 INFO response {"request_id": "13c703abe5604b4c8b583c6af6f32855", "http_status": 200, "body": {"accepted": true, "real_timestamp_ms": 1789202566554, "virtual_time_s": 0, "max_virtual_duration_s": 360000, "max_real_duration_s": 1200, "remaining_real_duration_s": 1200}}
2026-09-12 16:42:49,836 INFO request {"path": "/measure", "payload": {"arena_id": "default", "robot_id": "202601002029", "request_id": "ed149c64cd4b47fe8f0d7f81314e8027", "position": {"x": 0.0, "y": 0.0}, "channel": 1}, "attempt": 1}
2026-09-12 16:42:49,837 INFO response {"request_id": "ed149c64cd4b47fe8f0d7f81314e8027", "http_status": 200, "body": {"accepted": true, "real_timestamp_ms": 1789202566555, "virtual_time_s": 5, "measure_result": "direction", "svd_deg": 56.66}}
2026-09-12 16:42:49,841 INFO request {"path": "/measure", "payload": {"arena_id": "default", "robot_id": "202601002029", "request_id": "4c4fde45eaaf4e5a894d7b3d9d85f647", "position": {"x": 0.0, "y": 0.0}, "channel": 2}, "attempt": 1}
2026-09-12 16:42:49,841 INFO response {"request_id": "4c4fde45eaaf4e5a894d7b3d9d85f647", "http_status": 200, "body": {"accepted": true, "real_timestamp_ms": 1789202566560, "virtual_time_s": 11, "measure_result": "direction", "svd_deg": 115.89}}
2026-09-12 16:42:49,847 INFO request {"path": "/measure", "payload": {"arena_id": "default", "robot_id": "202601002029", "request_id": "e1fd660c3ba24b9d80db8d590df30b19", "position": {"x": 0.0, "y": 0.0}, "channel": 3}, "attempt": 1}
2026-09-12 16:42:49,848 INFO response {"request_id": "e1fd660c3ba24b9d80db8d590df30b19", "http_status": 200, "body": {"accepted": true, "real_timestamp_ms": 1789202566567, "virtual_time_s": 17, "measure_result": "no_signal"}}
2026-09-12 16:42:49,850 INFO request {"path": "/measure", "payload": {"arena_id": "default", "robot_id": "202601002029", "request_id": "616bf545ec7f4f80915eefa086ebdbb6", "position": {"x": 0.0, "y": 0.0}, "channel": 4}, "attempt": 1}
2026-09-12 16:42:49,851 INFO response {"request_id": "616bf545ec7f4f80915eefa086ebdbb6", "http_status": 200, "body": {"accepted": true, "real_timestamp_ms": 1789202566570, "virtual_time_s": 23, "measure_result": "direction", "svd_deg": 250.14}}
2026-09-12 16:42:49,852 INFO request {"path": "/measure", "payload": {"arena_id": "default", "robot_id": "202601002029", "request_id": "789de39aad474d5185298d3224035c55", "position": {"x": 0.0, "y": 0.0}, "channel": 5}, "attempt": 1}
2026-09-12 16:42:49,853 INFO response {"request_id": "789de39aad474d5185298d3224035c55", "http_status": 200, "body": {"accepted": true, "real_timestamp_ms": 1789202566572, "virtual_time_s": 29, "measure_result": "direction", "svd_deg": 70.67}}
2026-09-12 16:42:49,855 INFO request {"path": "/measure", "payload": {"arena_id": "default", "robot_id": "202601002029", "request_id": "8ce6d6596f3a4dd5a287465939310155", "position": {"x": 0.0, "y": 0.0}, "channel": 6}, "attempt": 1}
2026-09-12 16:42:49,855 INFO response {"request_id": "8ce6d6596f3a4dd5a287465939310155", "http_status": 200, "body": {"accepted": true, "real_timestamp_ms": 1789202566574, "virtual_time_s": 35, "measure_result": "no_signal"}}
2026-09-12 16:42:49,856 INFO request {"path": "/measure", "payload": {"arena_id": "default", "robot_id": "202601002029", "request_id": "5ba111b07d724a389cba83daf20d49f4", "position": {"x": 0.0, "y": 0.0}, "channel": 7}, "attempt": 1}
2026-09-12 16:42:49,871 INFO response {"request_id": "5ba111b07d724a389cba83daf20d49f4", "http_status": 200, "body": {"accepted": true, "real_timestamp_ms": 1789202566589, "virtual_time_s": 41, "measure_result": "no_signal"}}
2026-09-12 16:42:49,872 INFO request {"path": "/measure", "payload": {"arena_id": "default", "robot_id": "202601002029", "request_id": "d8b7eeb081324dc389bb04aba3771b4d", "position": {"x": 0.0, "y": 0.0}, "channel": 8}, "attempt": 1}
2026-09-12 16:42:49,891 INFO response {"request_id": "d8b7eeb081324dc389bb04aba3771b4d", "http_status": 200, "body": {"accepted": true, "real_timestamp_ms": 1789202566610, "virtual_time_s": 47, "measure_result": "direction", "svd_deg": 317.71}}
2026-09-12 16:42:49,896 INFO request {"path": "/measure", "payload": {"arena_id": "default", "robot_id": "202601002029", "request_id": "91af7750238144dd868ad4aa5bce3154", "position": {"x": 0.0, "y": 0.0}, "channel": 9}, "attempt": 1}
2026-09-12 16:42:49,910 INFO response {"request_id": "91af7750238144dd868ad4aa5bce3154", "http_status": 200, "body": {"accepted": true, "real_timestamp_ms": 1789202566629, "virtual_time_s": 53, "measure_result": "no_signal"}}
2026-09-12 16:42:49,910 INFO request {"path": "/measure", "payload": {"arena_id": "default", "robot_id": "202601002029", "request_id": "ec74eec167504b2ea55c7658d252fa87", "position": {"x": 0.0, "y": 0.0}, "channel": 10}, "attempt": 1}
2026-09-12 16:42:49,930 INFO response {"request_id": "ec74eec167504b2ea55c7658d252fa87", "http_status": 200, "body": {"accepted": true, "real_timestamp_ms": 1789202566649, "virtual_time_s": 59, "measure_result": "no_signal"}}
2026-09-12 16:42:49,931 INFO request {"path": "/measure", "payload": {"arena_id": "default", "robot_id": "202601002029", "request_id": "8ee02bdd5b314d88abcfe75289a3b7ab", "position": {"x": 0.0, "y": 0.0}, "channel": 11}, "attempt": 1}
2026-09-12 16:42:49,950 INFO response {"request_id": "8ee02bdd5b314d88abcfe75289a3b7ab", "http_status": 200, "body": {"accepted": true, "real_timestamp_ms": 1789202566668, "virtual_time_s": 65, "measure_result": "direction", "svd_deg": 3.74}}
2026-09-12 16:42:49,955 INFO request {"path": "/measure", "payload": {"arena_id": "default", "robot_id": "202601002029", "request_id": "f68b8e3098184b59abc0437badd9dbab", "position": {"x": 0.0, "y": 0.0}, "channel": 12}, "attempt": 1}
2026-09-12 16:42:49,969 INFO response {"request_id": "f68b8e3098184b59abc0437badd9dbab", "http_status": 200, "body": {"accepted": true, "real_timestamp_ms": 1789202566687, "virtual_time_s": 71, "measure_result": "no_signal"}}
2026-09-12 16:42:49,970 INFO request {"path": "/measure", "payload": {"arena_id": "default", "robot_id": "202601002029", "request_id": "4cc1cd5e95e9410a915eab216d2d948b", "position": {"x": 0.0, "y": 0.0}, "channel": 13}, "attempt": 1}
2026-09-12 16:42:49,971 INFO response {"request_id": "4cc1cd5e95e9410a915eab216d2d948b", "http_status": 200, "body": {"accepted": true, "real_timestamp_ms": 1789202566689, "virtual_time_s": 77, "measure_result": "no_signal"}}
2026-09-12 16:42:49,972 INFO request {"path": "/measure", "payload": {"arena_id": "default", "robot_id": "202601002029", "request_id": "fe17dc536dc340abae5f4b1d47f6dd94", "position": {"x": 0.0, "y": 0.0}, "channel": 14}, "attempt": 1}
2026-09-12 16:42:49,988 INFO response {"request_id": "fe17dc536dc340abae5f4b1d47f6dd94", "http_status": 200, "body": {"accepted": true, "real_timestamp_ms": 1789202566707, "virtual_time_s": 83, "measure_result": "no_signal"}}
2026-09-12 16:42:49,989 INFO request {"path": "/measure", "payload": {"arena_id": "default", "robot_id": "202601002029", "request_id": "e2f16926c667457ca5b2cd88cdd8d371", "position": {"x": 0.0, "y": 0.0}, "channel": 15}, "attempt": 1}
2026-09-12 16:42:50,008 INFO response {"request_id": "e2f16926c667457ca5b2cd88cdd8d371", "http_status": 200, "body": {"accepted": true, "real_timestamp_ms": 1789202566726, "virtual_time_s": 89, "measure_result": "no_signal"}}
2026-09-12 16:42:50,009 INFO request {"path": "/measure", "payload": {"arena_id": "default", "robot_id": "202601002029", "request_id": "3f3c2c92bedc46d59ab8563226db5c8d", "position": {"x": 0.0, "y": 0.0}, "channel": 16}, "attempt": 1}
2026-09-12 16:42:50,010 INFO response {"request_id": "3f3c2c92bedc46d59ab8563226db5c8d", "http_status": 200, "body": {"accepted": true, "real_timestamp_ms": 1789202566729, "virtual_time_s": 95, "measure_result": "no_signal"}}
2026-09-12 16:42:50,011 INFO request {"path": "/measure", "payload": {"arena_id": "default", "robot_id": "202601002029", "request_id": "a5a75eb6270048ab847d1ecaaea9e158", "position": {"x": 0.0, "y": 0.0}, "channel": 17}, "attempt": 1}
2026-09-12 16:42:50,013 INFO response {"request_id": "a5a75eb6270048ab847d1ecaaea9e158", "http_status": 200, "body": {"accepted": true, "real_timestamp_ms": 1789202566731, "virtual_time_s": 101, "measure_result": "no_signal"}}
2026-09-12 16:42:50,013 INFO request {"path": "/measure", "payload": {"arena_id": "default", "robot_id": "202601002029", "request_id": "7e76a34a510247d0b3607299e89ae470", "position": {"x": 0.0, "y": 0.0}, "channel": 18}, "attempt": 1}
2026-09-12 16:42:50,015 INFO response {"request_id": "7e76a34a510247d0b3607299e89ae470", "http_status": 200, "body": {"accepted": true, "real_timestamp_ms": 1789202566733, "virtual_time_s": 107, "measure_result": "no_signal"}}
2026-09-12 16:42:50,016 INFO request {"path": "/measure", "payload": {"arena_id": "default", "robot_id": "202601002029", "request_id": "b296675bf2de44f9bff255f267260cf0", "position": {"x": 0.0, "y": 0.0}, "channel": 19}, "attempt": 1}
2026-09-12 16:42:50,017 INFO response {"request_id": "b296675bf2de44f9bff255f267260cf0", "http_status": 200, "body": {"accepted": true, "real_timestamp_ms": 1789202566735, "virtual_time_s": 113, "measure_result": "direction", "svd_deg": 323.92}}
2026-09-12 16:42:50,022 INFO request {"path": "/measure", "payload": {"arena_id": "default", "robot_id": "202601002029", "request_id": "7cfbf47d620746acaed7c9f774b1b169", "position": {"x": 0.0, "y": 0.0}, "channel": 20}, "attempt": 1}
2026-09-12 16:42:50,024 INFO response {"request_id": "7cfbf47d620746acaed7c9f774b1b169", "http_status": 200, "body": {"accepted": true, "real_timestamp_ms": 1789202566742, "virtual_time_s": 119, "measure_result": "no_signal"}}
2026-09-12 16:42:50,024 INFO request {"path": "/measure", "payload": {"arena_id": "default", "robot_id": "202601002029", "request_id": "ca0f490732ed40ac9a34e2e637a4f87e", "position": {"x": 1200.0, "y": 0.0}, "channel": 20}, "attempt": 1}
2026-09-12 16:42:50,026 INFO response {"request_id": "ca0f490732ed40ac9a34e2e637a4f87e", "http_status": 200, "body": {"accepted": true, "real_timestamp_ms": 1789202566744, "virtual_time_s": 364, "measure_result": "no_signal"}}
2026-09-12 16:42:50,027 INFO request {"path": "/measure", "payload": {"arena_id": "default", "robot_id": "202601002029", "request_id": "23255757644d4ed38d742b06dc12f520", "position": {"x": 1200.0, "y": 0.0}, "channel": 3}, "attempt": 1}
2026-09-12 16:42:50,047 INFO response {"request_id": "23255757644d4ed38d742b06dc12f520", "http_status": 200, "body": {"accepted": true, "real_timestamp_ms": 1789202566765, "virtual_time_s": 370, "measure_result": "no_signal"}}
2026-09-12 16:42:50,047 INFO request {"path": "/measure", "payload": {"arena_id": "default", "robot_id": "202601002029", "request_id": "5d746a8b7a8f49ff949c60eb92fd9246", "position": {"x": 1200.0, "y": 0.0}, "channel": 6}, "attempt": 1}
2026-09-12 16:42:50,050 INFO response {"request_id": "5d746a8b7a8f49ff949c60eb92fd9246", "http_status": 200, "body": {"accepted": true, "real_timestamp_ms": 1789202566768, "virtual_time_s": 376, "measure_result": "no_signal"}}
2026-09-12 16:42:50,050 INFO request {"path": "/measure", "payload": {"arena_id": "default", "robot_id": "202601002029", "request_id": "99b252e12ec944acb7cd417b9be2e99c", "position": {"x": 1200.0, "y": 0.0}, "channel": 7}, "attempt": 1}
2026-09-12 16:42:50,052 INFO response {"request_id": "99b252e12ec944acb7cd417b9be2e99c", "http_status": 200, "body": {"accepted": true, "real_timestamp_ms": 1789202566770, "virtual_time_s": 382, "measure_result": "no_signal"}}
2026-09-12 16:42:50,052 INFO request {"path": "/measure", "payload": {"arena_id": "default", "robot_id": "202601002029", "request_id": "aa147810b4744a7d992981dcc361b680", "position": {"x": 1200.0, "y": 0.0}, "channel": 9}, "attempt": 1}
2026-09-12 16:42:50,066 INFO response {"request_id": "aa147810b4744a7d992981dcc361b680", "http_status": 200, "body": {"accepted": true, "real_timestamp_ms": 1789202566784, "virtual_time_s": 388, "measure_result": "no_signal"}}
2026-09-12 16:42:50,066 INFO request {"path": "/measure", "payload": {"arena_id": "default", "robot_id": "202601002029", "request_id": "55a11d1e61b24aef8eb6cb6fa677e60b", "position": {"x": 1200.0, "y": 0.0}, "channel": 10}, "attempt": 1}
2026-09-12 16:42:50,068 INFO response {"request_id": "55a11d1e61b24aef8eb6cb6fa677e60b", "http_status": 200, "body": {"accepted": true, "real_timestamp_ms": 1789202566786, "virtual_time_s": 394, "measure_result": "no_signal"}}
2026-09-12 16:42:50,068 INFO request {"path": "/measure", "payload": {"arena_id": "default", "robot_id": "202601002029", "request_id": "6bf9dd1c7d9d4b0bb909fcc737889844", "position": {"x": 1200.0, "y": 0.0}, "channel": 12}, "attempt": 1}
2026-09-12 16:42:50,070 INFO response {"request_id": "6bf9dd1c7d9d4b0bb909fcc737889844", "http_status": 200, "body": {"accepted": true, "real_timestamp_ms": 1789202566788, "virtual_time_s": 400, "measure_result": "no_signal"}}
2026-09-12 16:42:50,070 INFO request {"path": "/measure", "payload": {"arena_id": "default", "robot_id": "202601002029", "request_id": "87fc824253264d4e800b8d5ed49a4043", "position": {"x": 1200.0, "y": 0.0}, "channel": 13}, "attempt": 1}
2026-09-12 16:42:50,090 INFO response {"request_id": "87fc824253264d4e800b8d5ed49a4043", "http_status": 200, "body": {"accepted": true, "real_timestamp_ms": 1789202566804, "virtual_time_s": 406, "measure_result": "no_signal"}}
2026-09-12 16:42:50,090 INFO request {"path": "/measure", "payload": {"arena_id": "default", "robot_id": "202601002029", "request_id": "05fd468b76654ef7bda1c7406926ed5d", "position": {"x": 1200.0, "y": 0.0}, "channel": 14}, "attempt": 1}
2026-09-12 16:42:50,092 INFO response {"request_id": "05fd468b76654ef7bda1c7406926ed5d", "http_status": 200, "body": {"accepted": true, "real_timestamp_ms": 1789202566810, "virtual_time_s": 412, "measure_result": "no_signal"}}
2026-09-12 16:42:50,092 INFO request {"path": "/measure", "payload": {"arena_id": "default", "robot_id": "202601002029", "request_id": "9aa809a699ee425d81779f3baae2a203", "position": {"x": 1200.0, "y": 0.0}, "channel": 15}, "attempt": 1}
2026-09-12 16:42:50,105 INFO response {"request_id": "9aa809a699ee425d81779f3baae2a203", "http_status": 200, "body": {"accepted": true, "real_timestamp_ms": 1789202566823, "virtual_time_s": 418, "measure_result": "no_signal"}}
2026-09-12 16:42:50,105 INFO request {"path": "/measure", "payload": {"arena_id": "default", "robot_id": "202601002029", "request_id": "0c407ae35f314a618aeab733842e2819", "position": {"x": 1200.0, "y": 0.0}, "channel": 16}, "attempt": 1}
2026-09-12 16:42:50,125 INFO response {"request_id": "0c407ae35f314a618aeab733842e2819", "http_status": 200, "body": {"accepted": true, "real_timestamp_ms": 1789202566843, "virtual_time_s": 424, "measure_result": "no_signal"}}
2026-09-12 16:42:50,125 INFO request {"path": "/measure", "payload": {"arena_id": "default", "robot_id": "202601002029", "request_id": "0123d539077b40c8b007f964bee7e270", "position": {"x": 1200.0, "y": 0.0}, "channel": 17}, "attempt": 1}
2026-09-12 16:42:50,145 INFO response {"request_id": "0123d539077b40c8b007f964bee7e270", "http_status": 200, "body": {"accepted": true, "real_timestamp_ms": 1789202566863, "virtual_time_s": 430, "measure_result": "no_signal"}}
2026-09-12 16:42:50,145 INFO request {"path": "/measure", "payload": {"arena_id": "default", "robot_id": "202601002029", "request_id": "10a5535150ef4e0b8b626d610d5f5af9", "position": {"x": 1200.0, "y": 0.0}, "channel": 18}, "attempt": 1}
2026-09-12 16:42:50,146 INFO response {"request_id": "10a5535150ef4e0b8b626d610d5f5af9", "http_status": 200, "body": {"accepted": true, "real_timestamp_ms": 1789202566865, "virtual_time_s": 436, "measure_result": "no_signal"}}
2026-09-12 16:42:50,177 INFO request {"path": "/measure", "payload": {"arena_id": "default", "robot_id": "202601002029", "request_id": "6d1b1bc46ddb4ea49f4759f6630aeeb1", "position": {"x": 1200.0, "y": 0.0}, "channel": 11}, "attempt": 1}
2026-09-12 16:42:50,194 INFO response {"request_id": "6d1b1bc46ddb4ea49f4759f6630aeeb1", "http_status": 200, "body": {"accepted": true, "real_timestamp_ms": 1789202566912, "virtual_time_s": 442, "measure_result": "direction", "svd_deg": 131.01}}
2026-09-12 16:42:50,215 INFO request {"path": "/measure", "payload": {"arena_id": "default", "robot_id": "202601002029", "request_id": "c5d29ba17d964350ad5227984adf4f17", "position": {"x": 1200.0, "y": 0.0}, "channel": 8}, "attempt": 1}
2026-09-12 16:42:50,233 INFO response {"request_id": "c5d29ba17d964350ad5227984adf4f17", "http_status": 200, "body": {"accepted": true, "real_timestamp_ms": 1789202566952, "virtual_time_s": 448, "measure_result": "direction", "svd_deg": 229.06}}
2026-09-12 16:42:50,237 INFO request {"path": "/measure", "payload": {"arena_id": "default", "robot_id": "202601002029", "request_id": "de7115c2e43b4085847aac8dbd4fd39b", "position": {"x": 600.0000000000001, "y": 1039.2304845413264}, "channel": 3}, "attempt": 1}
2026-09-12 16:42:50,253 INFO response {"request_id": "de7115c2e43b4085847aac8dbd4fd39b", "http_status": 200, "body": {"accepted": true, "real_timestamp_ms": 1789202566971, "virtual_time_s": 694, "measure_result": "direction", "svd_deg": 46.93}}
2026-09-12 16:42:50,258 INFO request {"path": "/measure", "payload": {"arena_id": "default", "robot_id": "202601002029", "request_id": "42782cfd07924d78913afe45b155966e", "position": {"x": 600.0000000000001, "y": 1039.2304845413264}, "channel": 6}, "attempt": 1}
2026-09-12 16:42:50,272 INFO response {"request_id": "42782cfd07924d78913afe45b155966e", "http_status": 200, "body": {"accepted": true, "real_timestamp_ms": 1789202566990, "virtual_time_s": 700, "measure_result": "no_signal"}}
2026-09-12 16:42:50,273 INFO request {"path": "/measure", "payload": {"arena_id": "default", "robot_id": "202601002029", "request_id": "15e9895f53b6473d8afc4fa5d50bf243", "position": {"x": 600.0000000000001, "y": 1039.2304845413264}, "channel": 7}, "attempt": 1}
2026-09-12 16:42:50,292 INFO response {"request_id": "15e9895f53b6473d8afc4fa5d50bf243", "http_status": 200, "body": {"accepted": true, "real_timestamp_ms": 1789202567011, "virtual_time_s": 706, "measure_result": "no_signal"}}
2026-09-12 16:42:50,292 INFO request {"path": "/measure", "payload": {"arena_id": "default", "robot_id": "202601002029", "request_id": "aae7fb2acaaf4d398739d413ebf3b8a5", "position": {"x": 600.0000000000001, "y": 1039.2304845413264}, "channel": 9}, "attempt": 1}
2026-09-12 16:42:50,312 INFO response {"request_id": "aae7fb2acaaf4d398739d413ebf3b8a5", "http_status": 200, "body": {"accepted": true, "real_timestamp_ms": 1789202567030, "virtual_time_s": 712, "measure_result": "direction", "svd_deg": 202.29}}
2026-09-12 16:42:50,317 INFO request {"path": "/measure", "payload": {"arena_id": "default", "robot_id": "202601002029", "request_id": "1f989380500f44f093e084d69a02f7ff", "position": {"x": 600.0000000000001, "y": 1039.2304845413264}, "channel": 10}, "attempt": 1}
2026-09-12 16:42:50,319 INFO response {"request_id": "1f989380500f44f093e084d69a02f7ff", "http_status": 200, "body": {"accepted": true, "real_timestamp_ms": 1789202567038, "virtual_time_s": 718, "measure_result": "direction", "svd_deg": 124.9}}
2026-09-12 16:42:50,325 INFO request {"path": "/measure", "payload": {"arena_id": "default", "robot_id": "202601002029", "request_id": "3be398fff74643de904378f75f7cdfa7", "position": {"x": 600.0000000000001, "y": 1039.2304845413264}, "channel": 12}, "attempt": 1}
2026-09-12 16:42:50,342 INFO response {"request_id": "3be398fff74643de904378f75f7cdfa7", "http_status": 200, "body": {"accepted": true, "real_timestamp_ms": 1789202567060, "virtual_time_s": 724, "measure_result": "no_signal"}}
2026-09-12 16:42:50,342 INFO request {"path": "/measure", "payload": {"arena_id": "default", "robot_id": "202601002029", "request_id": "0da6b2b74cd74b44b85cf72e056962e1", "position": {"x": 600.0000000000001, "y": 1039.2304845413264}, "channel": 13}, "attempt": 1}
2026-09-12 16:42:50,361 INFO response {"request_id": "0da6b2b74cd74b44b85cf72e056962e1", "http_status": 200, "body": {"accepted": true, "real_timestamp_ms": 1789202567080, "virtual_time_s": 730, "measure_result": "no_signal"}}
2026-09-12 16:42:50,362 INFO request {"path": "/measure", "payload": {"arena_id": "default", "robot_id": "202601002029", "request_id": "4391bed5c2794e9aab035c301b268469", "position": {"x": 600.0000000000001, "y": 1039.2304845413264}, "channel": 14}, "attempt": 1}
2026-09-12 16:42:50,364 INFO response {"request_id": "4391bed5c2794e9aab035c301b268469", "http_status": 200, "body": {"accepted": true, "real_timestamp_ms": 1789202567082, "virtual_time_s": 736, "measure_result": "no_signal"}}
2026-09-12 16:42:50,364 INFO request {"path": "/measure", "payload": {"arena_id": "default", "robot_id": "202601002029", "request_id": "226378add4ac47bcb615754f1e3c642f", "position": {"x": 600.0000000000001, "y": 1039.2304845413264}, "channel": 15}, "attempt": 1}
2026-09-12 16:42:50,380 INFO response {"request_id": "226378add4ac47bcb615754f1e3c642f", "http_status": 200, "body": {"accepted": true, "real_timestamp_ms": 1789202567099, "virtual_time_s": 742, "measure_result": "no_signal"}}
2026-09-12 16:42:50,380 INFO request {"path": "/measure", "payload": {"arena_id": "default", "robot_id": "202601002029", "request_id": "a4c7f35022f6461581bc28d9abc09004", "position": {"x": 600.0000000000001, "y": 1039.2304845413264}, "channel": 16}, "attempt": 1}
2026-09-12 16:42:50,401 INFO response {"request_id": "a4c7f35022f6461581bc28d9abc09004", "http_status": 200, "body": {"accepted": true, "real_timestamp_ms": 1789202567119, "virtual_time_s": 748, "measure_result": "no_signal"}}
2026-09-12 16:42:50,401 INFO request {"path": "/measure", "payload": {"arena_id": "default", "robot_id": "202601002029", "request_id": "4a1162eaa77449f580574f4f6d0b5de9", "position": {"x": 600.0000000000001, "y": 1039.2304845413264}, "channel": 17}, "attempt": 1}
2026-09-12 16:42:50,402 INFO response {"request_id": "4a1162eaa77449f580574f4f6d0b5de9", "http_status": 200, "body": {"accepted": true, "real_timestamp_ms": 1789202567121, "virtual_time_s": 754, "measure_result": "no_signal"}}
2026-09-12 16:42:50,402 INFO request {"path": "/measure", "payload": {"arena_id": "default", "robot_id": "202601002029", "request_id": "41360bb8bedd401fbf7a3e474a13efc5", "position": {"x": 600.0000000000001, "y": 1039.2304845413264}, "channel": 18}, "attempt": 1}
2026-09-12 16:42:50,421 INFO response {"request_id": "41360bb8bedd401fbf7a3e474a13efc5", "http_status": 200, "body": {"accepted": true, "real_timestamp_ms": 1789202567139, "virtual_time_s": 760, "measure_result": "no_signal"}}
2026-09-12 16:42:50,421 INFO request {"path": "/measure", "payload": {"arena_id": "default", "robot_id": "202601002029", "request_id": "77ddc803ccc34df9ae415e894c2f45fb", "position": {"x": 600.0000000000001, "y": 1039.2304845413264}, "channel": 20}, "attempt": 1}
2026-09-12 16:42:50,441 INFO response {"request_id": "77ddc803ccc34df9ae415e894c2f45fb", "http_status": 200, "body": {"accepted": true, "real_timestamp_ms": 1789202567159, "virtual_time_s": 766, "measure_result": "no_signal"}}
2026-09-12 16:42:50,458 INFO request {"path": "/measure", "payload": {"arena_id": "default", "robot_id": "202601002029", "request_id": "3036f5408cda4b899e34f5150d92b9aa", "position": {"x": 600.0000000000001, "y": 1039.2304845413264}, "channel": 1}, "attempt": 1}
2026-09-12 16:42:50,471 INFO response {"request_id": "3036f5408cda4b899e34f5150d92b9aa", "http_status": 200, "body": {"accepted": true, "real_timestamp_ms": 1789202567190, "virtual_time_s": 772, "measure_result": "direction", "svd_deg": 249.35}}
2026-09-12 16:42:50,490 INFO request {"path": "/measure", "payload": {"arena_id": "default", "robot_id": "202601002029", "request_id": "a15cb41a5bed4431a57738574c66ca97", "position": {"x": 600.0000000000001, "y": 1039.2304845413264}, "channel": 5}, "attempt": 1}
2026-09-12 16:42:50,492 INFO response {"request_id": "a15cb41a5bed4431a57738574c66ca97", "http_status": 200, "body": {"accepted": true, "real_timestamp_ms": 1789202567210, "virtual_time_s": 778, "measure_result": "direction", "svd_deg": 219.61}}
2026-09-12 16:42:50,495 INFO request {"path": "/measure", "payload": {"arena_id": "default", "robot_id": "202601002029", "request_id": "75a7266ab24144c997f50b5ff95331db", "position": {"x": -599.9999999999998, "y": 1039.2304845413264}, "channel": 6}, "attempt": 1}
2026-09-12 16:42:50,510 INFO response {"request_id": "75a7266ab24144c997f50b5ff95331db", "http_status": 200, "body": {"accepted": true, "real_timestamp_ms": 1789202567229, "virtual_time_s": 1024, "measure_result": "no_signal"}}
2026-09-12 16:42:50,511 INFO request {"path": "/measure", "payload": {"arena_id": "default", "robot_id": "202601002029", "request_id": "513d8023f25f4bbd9efe088be27b8c68", "position": {"x": -599.9999999999998, "y": 1039.2304845413264}, "channel": 7}, "attempt": 1}
2026-09-12 16:42:50,512 INFO response {"request_id": "513d8023f25f4bbd9efe088be27b8c68", "http_status": 200, "body": {"accepted": true, "real_timestamp_ms": 1789202567231, "virtual_time_s": 1030, "measure_result": "no_signal"}}
2026-09-12 16:42:50,513 INFO request {"path": "/measure", "payload": {"arena_id": "default", "robot_id": "202601002029", "request_id": "e4b18258d43444b8920c5045f5d8030e", "position": {"x": -599.9999999999998, "y": 1039.2304845413264}, "channel": 12}, "attempt": 1}
2026-09-12 16:42:50,530 INFO response {"request_id": "e4b18258d43444b8920c5045f5d8030e", "http_status": 200, "body": {"accepted": true, "real_timestamp_ms": 1789202567249, "virtual_time_s": 1036, "measure_result": "no_signal"}}
2026-09-12 16:42:50,531 INFO request {"path": "/measure", "payload": {"arena_id": "default", "robot_id": "202601002029", "request_id": "e01b0de451b44133af289b3cd57ebe9b", "position": {"x": -599.9999999999998, "y": 1039.2304845413264}, "channel": 13}, "attempt": 1}
2026-09-12 16:42:50,550 INFO response {"request_id": "e01b0de451b44133af289b3cd57ebe9b", "http_status": 200, "body": {"accepted": true, "real_timestamp_ms": 1789202567269, "virtual_time_s": 1042, "measure_result": "no_signal"}}
2026-09-12 16:42:50,551 INFO request {"path": "/measure", "payload": {"arena_id": "default", "robot_id": "202601002029", "request_id": "3198b9d24d7546c19066eca1a95ae002", "position": {"x": -599.9999999999998, "y": 1039.2304845413264}, "channel": 14}, "attempt": 1}
2026-09-12 16:42:50,570 INFO response {"request_id": "3198b9d24d7546c19066eca1a95ae002", "http_status": 200, "body": {"accepted": true, "real_timestamp_ms": 1789202567288, "virtual_time_s": 1048, "measure_result": "no_signal"}}
2026-09-12 16:42:50,571 INFO request {"path": "/measure", "payload": {"arena_id": "default", "robot_id": "202601002029", "request_id": "b9f47872850f4169b7fa97f42310bd69", "position": {"x": -599.9999999999998, "y": 1039.2304845413264}, "channel": 15}, "attempt": 1}
2026-09-12 16:42:50,572 INFO response {"request_id": "b9f47872850f4169b7fa97f42310bd69", "http_status": 200, "body": {"accepted": true, "real_timestamp_ms": 1789202567291, "virtual_time_s": 1054, "measure_result": "no_signal"}}
2026-09-12 16:42:50,573 INFO request {"path": "/measure", "payload": {"arena_id": "default", "robot_id": "202601002029", "request_id": "15940ae0e58c45d7bf90cd3f61f1a7b7", "position": {"x": -599.9999999999998, "y": 1039.2304845413264}, "channel": 16}, "attempt": 1}
2026-09-12 16:42:50,589 INFO response {"request_id": "15940ae0e58c45d7bf90cd3f61f1a7b7", "http_status": 200, "body": {"accepted": true, "real_timestamp_ms": 1789202567308, "virtual_time_s": 1060, "measure_result": "no_signal"}}
2026-09-12 16:42:50,589 INFO request {"path": "/measure", "payload": {"arena_id": "default", "robot_id": "202601002029", "request_id": "2d1efaf8357a438382a53ab236b905c3", "position": {"x": -599.9999999999998, "y": 1039.2304845413264}, "channel": 17}, "attempt": 1}
2026-09-12 16:42:50,609 INFO response {"request_id": "2d1efaf8357a438382a53ab236b905c3", "http_status": 200, "body": {"accepted": true, "real_timestamp_ms": 1789202567328, "virtual_time_s": 1066, "measure_result": "no_signal"}}
2026-09-12 16:42:50,610 INFO request {"path": "/measure", "payload": {"arena_id": "default", "robot_id": "202601002029", "request_id": "4aab1b3535b140f8aed506885417e143", "position": {"x": -599.9999999999998, "y": 1039.2304845413264}, "channel": 18}, "attempt": 1}
2026-09-12 16:42:50,612 INFO response {"request_id": "4aab1b3535b140f8aed506885417e143", "http_status": 200, "body": {"accepted": true, "real_timestamp_ms": 1789202567330, "virtual_time_s": 1072, "measure_result": "no_signal"}}
2026-09-12 16:42:50,612 INFO request {"path": "/measure", "payload": {"arena_id": "default", "robot_id": "202601002029", "request_id": "d48ddde9c797479d935db97e36a46b58", "position": {"x": -599.9999999999998, "y": 1039.2304845413264}, "channel": 20}, "attempt": 1}
2026-09-12 16:42:50,614 INFO response {"request_id": "d48ddde9c797479d935db97e36a46b58", "http_status": 200, "body": {"accepted": true, "real_timestamp_ms": 1789202567332, "virtual_time_s": 1078, "measure_result": "no_signal"}}
2026-09-12 16:42:50,663 INFO request {"path": "/measure", "payload": {"arena_id": "default", "robot_id": "202601002029", "request_id": "f77bb257efae44afbf5e9e3515007ef5", "position": {"x": -599.9999999999998, "y": 1039.2304845413264}, "channel": 2}, "attempt": 1}
2026-09-12 16:42:50,677 INFO response {"request_id": "f77bb257efae44afbf5e9e3515007ef5", "http_status": 200, "body": {"accepted": true, "real_timestamp_ms": 1789202567395, "virtual_time_s": 1084, "measure_result": "direction", "svd_deg": 304.09}}
2026-09-12 16:42:50,719 INFO request {"path": "/measure", "payload": {"arena_id": "default", "robot_id": "202601002029", "request_id": "f8eebb479c744678adbc49a4a94e0e52", "position": {"x": -599.9999999999998, "y": 1039.2304845413264}, "channel": 5}, "attempt": 1}
2026-09-12 16:42:50,736 INFO response {"request_id": "f8eebb479c744678adbc49a4a94e0e52", "http_status": 200, "body": {"accepted": true, "real_timestamp_ms": 1789202567455, "virtual_time_s": 1090, "measure_result": "direction", "svd_deg": 340.4}}
2026-09-12 16:42:50,739 INFO request {"path": "/measure", "payload": {"arena_id": "default", "robot_id": "202601002029", "request_id": "f40aca56b73749d8b418226ce487476e", "position": {"x": -1200.0, "y": 1.4695761589768238e-13}, "channel": 6}, "attempt": 1}
2026-09-12 16:42:50,741 INFO response {"request_id": "f40aca56b73749d8b418226ce487476e", "http_status": 200, "body": {"accepted": true, "real_timestamp_ms": 1789202567460, "virtual_time_s": 1336, "measure_result": "direction", "svd_deg": 248.89}}
2026-09-12 16:42:50,743 INFO request {"path": "/measure", "payload": {"arena_id": "default", "robot_id": "202601002029", "request_id": "2eb15b7ac5494dbdbfbe0037089cf9f3", "position": {"x": -1200.0, "y": 1.4695761589768238e-13}, "channel": 7}, "attempt": 1}
2026-09-12 16:42:50,756 INFO response {"request_id": "2eb15b7ac5494dbdbfbe0037089cf9f3", "http_status": 200, "body": {"accepted": true, "real_timestamp_ms": 1789202567474, "virtual_time_s": 1342, "measure_result": "no_signal"}}
2026-09-12 16:42:50,756 INFO request {"path": "/measure", "payload": {"arena_id": "default", "robot_id": "202601002029", "request_id": "02999f38f31249629e6329b10e56c737", "position": {"x": -1200.0, "y": 1.4695761589768238e-13}, "channel": 12}, "attempt": 1}
2026-09-12 16:42:50,774 INFO response {"request_id": "02999f38f31249629e6329b10e56c737", "http_status": 200, "body": {"accepted": true, "real_timestamp_ms": 1789202567493, "virtual_time_s": 1348, "measure_result": "no_signal"}}
2026-09-12 16:42:50,774 INFO request {"path": "/measure", "payload": {"arena_id": "default", "robot_id": "202601002029", "request_id": "b63c5f7f2a16413792ed7d7e8e4ad98c", "position": {"x": -1200.0, "y": 1.4695761589768238e-13}, "channel": 13}, "attempt": 1}
2026-09-12 16:42:50,776 INFO response {"request_id": "b63c5f7f2a16413792ed7d7e8e4ad98c", "http_status": 200, "body": {"accepted": true, "real_timestamp_ms": 1789202567495, "virtual_time_s": 1354, "measure_result": "no_signal"}}
2026-09-12 16:42:50,776 INFO request {"path": "/measure", "payload": {"arena_id": "default", "robot_id": "202601002029", "request_id": "b57165d9c248478a8e1ce96fe3103895", "position": {"x": -1200.0, "y": 1.4695761589768238e-13}, "channel": 14}, "attempt": 1}
2026-09-12 16:42:50,777 INFO response {"request_id": "b57165d9c248478a8e1ce96fe3103895", "http_status": 200, "body": {"accepted": true, "real_timestamp_ms": 1789202567496, "virtual_time_s": 1360, "measure_result": "no_signal"}}
2026-09-12 16:42:50,777 INFO request {"path": "/measure", "payload": {"arena_id": "default", "robot_id": "202601002029", "request_id": "161437cc247c4a4f9e39d41dd49cd399", "position": {"x": -1200.0, "y": 1.4695761589768238e-13}, "channel": 15}, "attempt": 1}
2026-09-12 16:42:50,794 INFO response {"request_id": "161437cc247c4a4f9e39d41dd49cd399", "http_status": 200, "body": {"accepted": true, "real_timestamp_ms": 1789202567512, "virtual_time_s": 1366, "measure_result": "no_signal"}}
2026-09-12 16:42:50,794 INFO request {"path": "/measure", "payload": {"arena_id": "default", "robot_id": "202601002029", "request_id": "f5f6088d3e694d4ba3fc8935057dea30", "position": {"x": -1200.0, "y": 1.4695761589768238e-13}, "channel": 16}, "attempt": 1}
2026-09-12 16:42:50,796 INFO response {"request_id": "f5f6088d3e694d4ba3fc8935057dea30", "http_status": 200, "body": {"accepted": true, "real_timestamp_ms": 1789202567514, "virtual_time_s": 1372, "measure_result": "no_signal"}}
2026-09-12 16:42:50,796 INFO request {"path": "/measure", "payload": {"arena_id": "default", "robot_id": "202601002029", "request_id": "e795c4afe36946b2add257e753a3696e", "position": {"x": -1200.0, "y": 1.4695761589768238e-13}, "channel": 17}, "attempt": 1}
2026-09-12 16:42:50,814 INFO response {"request_id": "e795c4afe36946b2add257e753a3696e", "http_status": 200, "body": {"accepted": true, "real_timestamp_ms": 1789202567532, "virtual_time_s": 1378, "measure_result": "no_signal"}}
2026-09-12 16:42:50,814 INFO request {"path": "/measure", "payload": {"arena_id": "default", "robot_id": "202601002029", "request_id": "c04dcf51bf544e22895cd5c8c41156a0", "position": {"x": -1200.0, "y": 1.4695761589768238e-13}, "channel": 18}, "attempt": 1}
2026-09-12 16:42:50,815 INFO response {"request_id": "c04dcf51bf544e22895cd5c8c41156a0", "http_status": 200, "body": {"accepted": true, "real_timestamp_ms": 1789202567534, "virtual_time_s": 1384, "measure_result": "no_signal"}}
2026-09-12 16:42:50,815 INFO request {"path": "/measure", "payload": {"arena_id": "default", "robot_id": "202601002029", "request_id": "c033dff7a53a4b0fa78029fae675d714", "position": {"x": -1200.0, "y": 1.4695761589768238e-13}, "channel": 20}, "attempt": 1}
2026-09-12 16:42:50,833 INFO response {"request_id": "c033dff7a53a4b0fa78029fae675d714", "http_status": 200, "body": {"accepted": true, "real_timestamp_ms": 1789202567552, "virtual_time_s": 1390, "measure_result": "no_signal"}}
2026-09-12 16:42:50,850 INFO request {"path": "/measure", "payload": {"arena_id": "default", "robot_id": "202601002029", "request_id": "0d68ac0c038146c98430d68d4c2180fd", "position": {"x": -1200.0, "y": 1.4695761589768238e-13}, "channel": 2}, "attempt": 1}
2026-09-12 16:42:50,851 INFO response {"request_id": "0d68ac0c038146c98430d68d4c2180fd", "http_status": 200, "body": {"accepted": true, "real_timestamp_ms": 1789202567570, "virtual_time_s": 1396, "measure_result": "direction", "svd_deg": 29.61}}
2026-09-12 16:42:50,860 INFO request {"path": "/measure", "payload": {"arena_id": "default", "robot_id": "202601002029", "request_id": "76c75fb9346142eb93a78ab2012ea56f", "position": {"x": -600.0000000000006, "y": -1039.2304845413262}, "channel": 7}, "attempt": 1}
2026-09-12 16:42:50,862 INFO response {"request_id": "76c75fb9346142eb93a78ab2012ea56f", "http_status": 200, "body": {"accepted": true, "real_timestamp_ms": 1789202567581, "virtual_time_s": 1642, "measure_result": "no_signal"}}
2026-09-12 16:42:50,862 INFO request {"path": "/measure", "payload": {"arena_id": "default", "robot_id": "202601002029", "request_id": "df10dcadf2694c73a344084a38e8cf0f", "position": {"x": -600.0000000000006, "y": -1039.2304845413262}, "channel": 12}, "attempt": 1}
2026-09-12 16:42:50,863 INFO response {"request_id": "df10dcadf2694c73a344084a38e8cf0f", "http_status": 200, "body": {"accepted": true, "real_timestamp_ms": 1789202567582, "virtual_time_s": 1648, "measure_result": "no_signal"}}
2026-09-12 16:42:50,863 INFO request {"path": "/measure", "payload": {"arena_id": "default", "robot_id": "202601002029", "request_id": "776498f96f4d4f289e879ccffde4591c", "position": {"x": -600.0000000000006, "y": -1039.2304845413262}, "channel": 13}, "attempt": 1}
2026-09-12 16:42:50,882 INFO response {"request_id": "776498f96f4d4f289e879ccffde4591c", "http_status": 200, "body": {"accepted": true, "real_timestamp_ms": 1789202567601, "virtual_time_s": 1654, "measure_result": "no_signal"}}
2026-09-12 16:42:50,882 INFO request {"path": "/measure", "payload": {"arena_id": "default", "robot_id": "202601002029", "request_id": "3357b3f5fb494dd7be891533022211ee", "position": {"x": -600.0000000000006, "y": -1039.2304845413262}, "channel": 14}, "attempt": 1}
2026-09-12 16:42:50,883 INFO response {"request_id": "3357b3f5fb494dd7be891533022211ee", "http_status": 200, "body": {"accepted": true, "real_timestamp_ms": 1789202567602, "virtual_time_s": 1660, "measure_result": "no_signal"}}
2026-09-12 16:42:50,883 INFO request {"path": "/measure", "payload": {"arena_id": "default", "robot_id": "202601002029", "request_id": "d864ce06e6454de5afb8455a5d78e97c", "position": {"x": -600.0000000000006, "y": -1039.2304845413262}, "channel": 15}, "attempt": 1}
2026-09-12 16:42:50,884 INFO response {"request_id": "d864ce06e6454de5afb8455a5d78e97c", "http_status": 200, "body": {"accepted": true, "real_timestamp_ms": 1789202567603, "virtual_time_s": 1666, "measure_result": "no_signal"}}
2026-09-12 16:42:50,885 INFO request {"path": "/measure", "payload": {"arena_id": "default", "robot_id": "202601002029", "request_id": "d08628a0116a4a0088bac9ded416bc62", "position": {"x": -600.0000000000006, "y": -1039.2304845413262}, "channel": 16}, "attempt": 1}
2026-09-12 16:42:50,901 INFO response {"request_id": "d08628a0116a4a0088bac9ded416bc62", "http_status": 200, "body": {"accepted": true, "real_timestamp_ms": 1789202567620, "virtual_time_s": 1672, "measure_result": "no_signal"}}
2026-09-12 16:42:50,901 INFO request {"path": "/measure", "payload": {"arena_id": "default", "robot_id": "202601002029", "request_id": "273ea95fb6804d178edf481d56a4ac46", "position": {"x": -600.0000000000006, "y": -1039.2304845413262}, "channel": 17}, "attempt": 1}
2026-09-12 16:42:50,903 INFO response {"request_id": "273ea95fb6804d178edf481d56a4ac46", "http_status": 200, "body": {"accepted": true, "real_timestamp_ms": 1789202567622, "virtual_time_s": 1678, "measure_result": "no_signal"}}
2026-09-12 16:42:50,903 INFO request {"path": "/measure", "payload": {"arena_id": "default", "robot_id": "202601002029", "request_id": "0ed6a47c3ad74ccb81532c5a1147cb4f", "position": {"x": -600.0000000000006, "y": -1039.2304845413262}, "channel": 18}, "attempt": 1}
2026-09-12 16:42:50,904 INFO response {"request_id": "0ed6a47c3ad74ccb81532c5a1147cb4f", "http_status": 200, "body": {"accepted": true, "real_timestamp_ms": 1789202567623, "virtual_time_s": 1684, "measure_result": "direction", "svd_deg": 219.43}}
2026-09-12 16:42:50,907 INFO request {"path": "/measure", "payload": {"arena_id": "default", "robot_id": "202601002029", "request_id": "a7620a8c6c084a61a15437b6802e23a1", "position": {"x": -600.0000000000006, "y": -1039.2304845413262}, "channel": 20}, "attempt": 1}
2026-09-12 16:42:50,922 INFO response {"request_id": "a7620a8c6c084a61a15437b6802e23a1", "http_status": 200, "body": {"accepted": true, "real_timestamp_ms": 1789202567640, "virtual_time_s": 1690, "measure_result": "no_signal"}}
2026-09-12 16:42:50,943 INFO request {"path": "/measure", "payload": {"arena_id": "default", "robot_id": "202601002029", "request_id": "440bc54a44534e7290ac8aeadd1e0bf0", "position": {"x": -600.0000000000006, "y": -1039.2304845413262}, "channel": 6}, "attempt": 1}
2026-09-12 16:42:50,944 INFO response {"request_id": "440bc54a44534e7290ac8aeadd1e0bf0", "http_status": 200, "body": {"accepted": true, "real_timestamp_ms": 1789202567663, "virtual_time_s": 1696, "measure_result": "direction", "svd_deg": 162.73}}
2026-09-12 16:42:50,954 INFO request {"path": "/measure", "payload": {"arena_id": "default", "robot_id": "202601002029", "request_id": "c623254fa5a24fe99061bed28ff2f1d1", "position": {"x": 600.0000000000001, "y": -1039.2304845413264}, "channel": 7}, "attempt": 1}
2026-09-12 16:42:50,972 INFO response {"request_id": "c623254fa5a24fe99061bed28ff2f1d1", "http_status": 200, "body": {"accepted": true, "real_timestamp_ms": 1789202567690, "virtual_time_s": 1942, "measure_result": "no_signal"}}
2026-09-12 16:42:50,973 INFO request {"path": "/measure", "payload": {"arena_id": "default", "robot_id": "202601002029", "request_id": "3ba0a383b0bf49739735f16151d9af25", "position": {"x": 600.0000000000001, "y": -1039.2304845413264}, "channel": 12}, "attempt": 1}
2026-09-12 16:42:50,975 INFO response {"request_id": "3ba0a383b0bf49739735f16151d9af25", "http_status": 200, "body": {"accepted": true, "real_timestamp_ms": 1789202567693, "virtual_time_s": 1948, "measure_result": "no_signal"}}
2026-09-12 16:42:50,975 INFO request {"path": "/measure", "payload": {"arena_id": "default", "robot_id": "202601002029", "request_id": "318f3d1b4fa94ed196ac53ef2e8310f0", "position": {"x": 600.0000000000001, "y": -1039.2304845413264}, "channel": 13}, "attempt": 1}
2026-09-12 16:42:50,976 INFO response {"request_id": "318f3d1b4fa94ed196ac53ef2e8310f0", "http_status": 200, "body": {"accepted": true, "real_timestamp_ms": 1789202567695, "virtual_time_s": 1954, "measure_result": "no_signal"}}
2026-09-12 16:42:50,976 INFO request {"path": "/measure", "payload": {"arena_id": "default", "robot_id": "202601002029", "request_id": "a9e381e89f3644baae8c7b178f3de5f9", "position": {"x": 600.0000000000001, "y": -1039.2304845413264}, "channel": 14}, "attempt": 1}
2026-09-12 16:42:50,991 INFO response {"request_id": "a9e381e89f3644baae8c7b178f3de5f9", "http_status": 200, "body": {"accepted": true, "real_timestamp_ms": 1789202567709, "virtual_time_s": 1960, "measure_result": "no_signal"}}
2026-09-12 16:42:50,991 INFO request {"path": "/measure", "payload": {"arena_id": "default", "robot_id": "202601002029", "request_id": "9cbf80979f024e0c85eb72e521c2a9fc", "position": {"x": 600.0000000000001, "y": -1039.2304845413264}, "channel": 15}, "attempt": 1}
2026-09-12 16:42:51,011 INFO response {"request_id": "9cbf80979f024e0c85eb72e521c2a9fc", "http_status": 200, "body": {"accepted": true, "real_timestamp_ms": 1789202567730, "virtual_time_s": 1966, "measure_result": "no_signal"}}
2026-09-12 16:42:51,011 INFO request {"path": "/measure", "payload": {"arena_id": "default", "robot_id": "202601002029", "request_id": "18a8f55074294cbeb5343dec6789cc04", "position": {"x": 600.0000000000001, "y": -1039.2304845413264}, "channel": 16}, "attempt": 1}
2026-09-12 16:42:51,013 INFO response {"request_id": "18a8f55074294cbeb5343dec6789cc04", "http_status": 200, "body": {"accepted": true, "real_timestamp_ms": 1789202567732, "virtual_time_s": 1972, "measure_result": "no_signal"}}
2026-09-12 16:42:51,014 INFO request {"path": "/measure", "payload": {"arena_id": "default", "robot_id": "202601002029", "request_id": "9f5639bb82704c5db0060d9a5b593309", "position": {"x": 600.0000000000001, "y": -1039.2304845413264}, "channel": 17}, "attempt": 1}
2026-09-12 16:42:51,015 INFO response {"request_id": "9f5639bb82704c5db0060d9a5b593309", "http_status": 200, "body": {"accepted": true, "real_timestamp_ms": 1789202567734, "virtual_time_s": 1978, "measure_result": "no_signal"}}
2026-09-12 16:42:51,015 INFO request {"path": "/measure", "payload": {"arena_id": "default", "robot_id": "202601002029", "request_id": "8d7bcc8f87634dc4a4e9b08bb28b6add", "position": {"x": 600.0000000000001, "y": -1039.2304845413264}, "channel": 20}, "attempt": 1}
2026-09-12 16:42:51,031 INFO response {"request_id": "8d7bcc8f87634dc4a4e9b08bb28b6add", "http_status": 200, "body": {"accepted": true, "real_timestamp_ms": 1789202567749, "virtual_time_s": 1984, "measure_result": "no_signal"}}
2026-09-12 16:42:51,065 INFO request {"path": "/measure", "payload": {"arena_id": "default", "robot_id": "202601002029", "request_id": "9d194eb1045a4a4bb80fee5db07fcd6e", "position": {"x": 600.0000000000001, "y": -1039.2304845413264}, "channel": 19}, "attempt": 1}
2026-09-12 16:42:51,067 INFO response {"request_id": "9d194eb1045a4a4bb80fee5db07fcd6e", "http_status": 200, "body": {"accepted": true, "real_timestamp_ms": 1789202567785, "virtual_time_s": 1990, "measure_result": "direction", "svd_deg": 81.35}}
2026-09-12 16:42:51,091 INFO request {"path": "/measure", "payload": {"arena_id": "default", "robot_id": "202601002029", "request_id": "1d6104d372684c75ac218a8ecb413519", "position": {"x": 600.0000000000001, "y": -1039.2304845413264}, "channel": 4}, "attempt": 1}
2026-09-12 16:42:51,092 INFO response {"request_id": "1d6104d372684c75ac218a8ecb413519", "http_status": 200, "body": {"accepted": true, "real_timestamp_ms": 1789202567811, "virtual_time_s": 1996, "measure_result": "direction", "svd_deg": 141.78}}
2026-09-12 16:42:58,629 INFO request {"path": "/measure", "payload": {"arena_id": "default", "robot_id": "202601002029", "request_id": "40bfec80ab7346308dd7252e1b06d591", "position": {"x": 449.86458359044093, "y": -943.4800197556096}, "channel": 8}, "attempt": 1}
2026-09-12 16:42:58,646 INFO response {"request_id": "40bfec80ab7346308dd7252e1b06d591", "http_status": 200, "body": {"accepted": true, "real_timestamp_ms": 1789202575365, "virtual_time_s": 2037.613927, "measure_result": "direction", "svd_deg": 55.61}}
2026-09-12 16:42:58,677 INFO request {"path": "/measure", "payload": {"arena_id": "default", "robot_id": "202601002029", "request_id": "4dfd1e593703436e8bdca6f9bb2735ac", "position": {"x": 449.86458359044093, "y": -943.4800197556096}, "channel": 19}, "attempt": 1}
2026-09-12 16:42:58,696 INFO response {"request_id": "4dfd1e593703436e8bdca6f9bb2735ac", "http_status": 200, "body": {"accepted": true, "real_timestamp_ms": 1789202575414, "virtual_time_s": 2043.613927, "measure_result": "direction", "svd_deg": 62.35}}
2026-09-12 16:42:58,746 INFO request {"path": "/measure", "payload": {"arena_id": "default", "robot_id": "202601002029", "request_id": "e2209718b57644d6af90e22d9423d1d7", "position": {"x": 449.86458359044093, "y": -943.4800197556096}, "channel": 4}, "attempt": 1}
2026-09-12 16:42:58,765 INFO response {"request_id": "e2209718b57644d6af90e22d9423d1d7", "http_status": 200, "body": {"accepted": true, "real_timestamp_ms": 1789202575483, "virtual_time_s": 2049.613927, "measure_result": "direction", "svd_deg": 140.13}}
2026-09-12 16:42:58,777 INFO request {"path": "/measure", "payload": {"arena_id": "default", "robot_id": "202601002029", "request_id": "14bfe0f0c83644f5aff09050e4f8d1a9", "position": {"x": -663.6227150682444, "y": -1607.2781159442889}, "channel": 18}, "attempt": 1}
2026-09-12 16:42:58,780 INFO response {"request_id": "14bfe0f0c83644f5aff09050e4f8d1a9", "http_status": 200, "body": {"accepted": true, "real_timestamp_ms": 1789202575498, "virtual_time_s": 2314.88073, "measure_result": "direction", "svd_deg": 108.19}}
2026-09-12 16:42:58,793 INFO request {"path": "/clear", "payload": {"arena_id": "default", "robot_id": "202601002029", "request_id": "28125b7bd2b94cde8eab892d3abb898e", "position": {"x": -796.8706748750503, "y": -1201.334500580518}, "channel": 18}, "attempt": 1}
2026-09-12 16:42:58,804 INFO response {"request_id": "28125b7bd2b94cde8eab892d3abb898e", "http_status": 200, "body": {"accepted": true, "real_timestamp_ms": 1789202575523, "virtual_time_s": 2405.331356, "clear_result": "success"}}
2026-09-12 16:42:58,818 INFO request {"path": "/measure", "payload": {"arena_id": "default", "robot_id": "202601002029", "request_id": "04da88c50854467fb5a13f0104421e24", "position": {"x": -796.8706748750503, "y": -1201.334500580518}, "channel": 6}, "attempt": 1}
2026-09-12 16:42:58,820 INFO response {"request_id": "04da88c50854467fb5a13f0104421e24", "http_status": 200, "body": {"accepted": true, "real_timestamp_ms": 1789202575538, "virtual_time_s": 2411.331356, "measure_result": "direction", "svd_deg": 148.54}}
2026-09-12 16:42:58,828 INFO request {"path": "/clear", "payload": {"arena_id": "default", "robot_id": "202601002029", "request_id": "5858c8b5008e4d628fb5bca0b766dbe6", "position": {"x": -1496.9738028001736, "y": -766.7637664943015}, "channel": 6}, "attempt": 1}
2026-09-12 16:42:58,843 INFO response {"request_id": "5858c8b5008e4d628fb5bca0b766dbe6", "http_status": 200, "body": {"accepted": true, "real_timestamp_ms": 1789202575562, "virtual_time_s": 2581.133797, "clear_result": "success"}}
2026-09-12 16:42:58,848 INFO request {"path": "/clear", "payload": {"arena_id": "default", "robot_id": "202601002029", "request_id": "d4165e01dba64b0bbc67ca0b3b9e3dca", "position": {"x": -157.65772193963585, "y": -437.3173630665109}, "channel": 4}, "attempt": 1}
2026-09-12 16:42:58,849 INFO response {"request_id": "d4165e01dba64b0bbc67ca0b3b9e3dca", "http_status": 200, "body": {"accepted": true, "real_timestamp_ms": 1789202575568, "virtual_time_s": 2861.981762, "clear_result": "success"}}
2026-09-12 16:42:58,868 INFO request {"path": "/measure", "payload": {"arena_id": "default", "robot_id": "202601002029", "request_id": "143059f2cc7c4ee28d3bc26881ddcfa1", "position": {"x": -482.1519545159474, "y": 202.58884433282464}, "channel": 2}, "attempt": 1}
2026-09-12 16:42:58,883 INFO response {"request_id": "143059f2cc7c4ee28d3bc26881ddcfa1", "http_status": 200, "body": {"accepted": true, "real_timestamp_ms": 1789202575601, "virtual_time_s": 3011.47761, "measure_result": "direction", "svd_deg": 55.57}}
2026-09-12 16:42:58,901 INFO request {"path": "/clear", "payload": {"arena_id": "default", "robot_id": "202601002029", "request_id": "355c68f2714742b48031193c9f43423a", "position": {"x": 674.8296812148614, "y": -614.0474229718809}, "channel": 8}, "attempt": 1}
2026-09-12 16:42:58,904 INFO response {"request_id": "355c68f2714742b48031193c9f43423a", "http_status": 200, "body": {"accepted": true, "real_timestamp_ms": 1789202575622, "virtual_time_s": 3299.709056, "clear_result": "success"}}
2026-09-12 16:42:58,920 INFO request {"path": "/measure", "payload": {"arena_id": "default", "robot_id": "202601002029", "request_id": "7cdb52e9a8484824a0544ee917fbe292", "position": {"x": 674.8296812148614, "y": -614.0474229718809}, "channel": 11}, "attempt": 1}
2026-09-12 16:42:58,921 INFO response {"request_id": "7cdb52e9a8484824a0544ee917fbe292", "http_status": 200, "body": {"accepted": true, "real_timestamp_ms": 1789202575640, "virtual_time_s": 3305.709056, "measure_result": "direction", "svd_deg": 56.99}}
2026-09-12 16:42:58,929 INFO request {"path": "/clear", "payload": {"arena_id": "default", "robot_id": "202601002029", "request_id": "a6e6f2d1478d438283085ab6f63a3f59", "position": {"x": 682.9785882841461, "y": -497.9103358971831}, "channel": 19}, "attempt": 1}
2026-09-12 16:42:58,929 INFO response {"request_id": "a6e6f2d1478d438283085ab6f63a3f59", "http_status": 200, "body": {"accepted": true, "real_timestamp_ms": 1789202575648, "virtual_time_s": 3333.993581, "clear_result": "success"}}
2026-09-12 16:42:58,934 INFO request {"path": "/clear", "payload": {"arena_id": "default", "robot_id": "202601002029", "request_id": "adf3d4fc05a64424983cc24a66a465f2", "position": {"x": 1126.62019345734, "y": 81.46793267157314}, "channel": 11}, "attempt": 1}
2026-09-12 16:42:58,951 INFO response {"request_id": "adf3d4fc05a64424983cc24a66a465f2", "http_status": 200, "body": {"accepted": true, "real_timestamp_ms": 1789202575670, "virtual_time_s": 3484.938372, "clear_result": "success"}}
2026-09-12 16:42:58,967 INFO request {"path": "/measure", "payload": {"arena_id": "default", "robot_id": "202601002029", "request_id": "a5e5633e22514316ab2d9d5d4304037f", "position": {"x": 1126.62019345734, "y": 81.46793267157314}, "channel": 1}, "attempt": 1}
2026-09-12 16:42:58,968 INFO response {"request_id": "a5e5633e22514316ab2d9d5d4304037f", "http_status": 200, "body": {"accepted": true, "real_timestamp_ms": 1789202575687, "virtual_time_s": 3490.938372, "measure_result": "direction", "svd_deg": 130.83}}
2026-09-12 16:42:59,604 INFO request {"path": "/measure", "payload": {"arena_id": "default", "robot_id": "202601002029", "request_id": "656bd15fcb45477faf0d62ce9db16767", "position": {"x": 790.6028861193281, "y": 511.2388310173781}, "channel": 1}, "attempt": 1}
2026-09-12 16:42:59,605 INFO response {"request_id": "656bd15fcb45477faf0d62ce9db16767", "http_status": 200, "body": {"accepted": true, "real_timestamp_ms": 1789202576324, "virtual_time_s": 3605.045779, "measure_result": "direction", "svd_deg": 133.46}}
2026-09-12 16:42:59,621 INFO request {"path": "/measure", "payload": {"arena_id": "default", "robot_id": "202601002029", "request_id": "b186cbbf7a6343758406016173a05404", "position": {"x": 790.6028861193281, "y": 511.2388310173781}, "channel": 9}, "attempt": 1}
2026-09-12 16:42:59,634 INFO response {"request_id": "b186cbbf7a6343758406016173a05404", "http_status": 200, "body": {"accepted": true, "real_timestamp_ms": 1789202576352, "virtual_time_s": 3611.045779, "measure_result": "direction", "svd_deg": 116.26}}
2026-09-12 16:42:59,640 INFO request {"path": "/clear", "payload": {"arena_id": "default", "robot_id": "202601002029", "request_id": "dc37f45d08c943cd94ade947c3bcfc52", "position": {"x": 252.26115226187372, "y": 741.154273682281}, "channel": 5}, "attempt": 1}
2026-09-12 16:42:59,654 INFO response {"request_id": "dc37f45d08c943cd94ade947c3bcfc52", "http_status": 200, "body": {"accepted": true, "real_timestamp_ms": 1789202576372, "virtual_time_s": 3733.122324, "clear_result": "success"}}
2026-09-12 16:42:59,656 INFO request {"path": "/clear", "payload": {"arena_id": "default", "robot_id": "202601002029", "request_id": "2d482f6b491d416b8e32cf5726fe6d70", "position": {"x": 513.6293458105665, "y": 803.6674256268772}, "channel": 1}, "attempt": 1}
2026-09-12 16:42:59,673 INFO response {"request_id": "2d482f6b491d416b8e32cf5726fe6d70", "http_status": 200, "body": {"accepted": true, "real_timestamp_ms": 1789202576391, "virtual_time_s": 3791.870339, "clear_result": "success"}}
2026-09-12 16:42:59,677 INFO request {"path": "/clear", "payload": {"arena_id": "default", "robot_id": "202601002029", "request_id": "052cf1036ee54dba93ec567167b3c6d1", "position": {"x": 541.7627170867038, "y": 1015.5445651536306}, "channel": 9}, "attempt": 1}
2026-09-12 16:42:59,693 INFO response {"request_id": "052cf1036ee54dba93ec567167b3c6d1", "http_status": 200, "body": {"accepted": true, "real_timestamp_ms": 1789202576411, "virtual_time_s": 3839.617694, "clear_result": "success"}}
2026-09-12 16:42:59,694 INFO request {"path": "/measure", "payload": {"arena_id": "default", "robot_id": "202601002029", "request_id": "634cf036f4de42daa5ef1914cd8a9f58", "position": {"x": 735.6847822604142, "y": 1623.6871894074302}, "channel": 3}, "attempt": 1}
2026-09-12 16:42:59,695 INFO response {"request_id": "634cf036f4de42daa5ef1914cd8a9f58", "http_status": 200, "body": {"accepted": true, "real_timestamp_ms": 1789202576414, "virtual_time_s": 3973.280252, "measure_result": "direction", "svd_deg": 281.49}}
2026-09-12 16:42:59,718 INFO request {"path": "/measure", "payload": {"arena_id": "default", "robot_id": "202601002029", "request_id": "96fed0f549cf4538b2475dd9d3b49fed", "position": {"x": 735.6847822604142, "y": 1623.6871894074302}, "channel": 10}, "attempt": 1}
2026-09-12 16:42:59,733 INFO response {"request_id": "96fed0f549cf4538b2475dd9d3b49fed", "http_status": 200, "body": {"accepted": true, "real_timestamp_ms": 1789202576451, "virtual_time_s": 3979.280252, "measure_result": "direction", "svd_deg": 204.25}}
2026-09-12 16:42:59,741 INFO request {"path": "/clear", "payload": {"arena_id": "default", "robot_id": "202601002029", "request_id": "d55d88bdcabc4f86ac6858f6895862eb", "position": {"x": 808.8210009550381, "y": 1262.9145566855152}, "channel": 3}, "attempt": 1}
2026-09-12 16:42:59,763 INFO response {"request_id": "d55d88bdcabc4f86ac6858f6895862eb", "http_status": 200, "body": {"accepted": true, "real_timestamp_ms": 1789202576481, "virtual_time_s": 4057.902477, "clear_result": "success"}}
2026-09-12 16:42:59,763 INFO request {"path": "/clear", "payload": {"arena_id": "default", "robot_id": "202601002029", "request_id": "20dd618840a24ad2adcdcf2cd1d00e37", "position": {"x": 321.9523392732623, "y": 1437.5079828613507}, "channel": 10}, "attempt": 1}
2026-09-12 16:42:59,765 INFO response {"request_id": "20dd618840a24ad2adcdcf2cd1d00e37", "http_status": 200, "body": {"accepted": true, "real_timestamp_ms": 1789202576483, "virtual_time_s": 4166.347913, "clear_result": "success"}}
2026-09-12 16:42:59,765 INFO request {"path": "/clear", "payload": {"arena_id": "default", "robot_id": "202601002029", "request_id": "107f88249c4341558bcbfc1c01bc26fe", "position": {"x": -256.8018876902128, "y": 531.7742884139852}, "channel": 2}, "attempt": 1}
2026-09-12 16:42:59,767 INFO response {"request_id": "107f88249c4341558bcbfc1c01bc26fe", "http_status": 200, "body": {"accepted": true, "real_timestamp_ms": 1789202576485, "virtual_time_s": 4386.318607, "clear_result": "success"}}
2026-09-12 16:42:59,767 INFO request {"path": "/exit", "payload": {"arena_id": "default", "robot_id": "202601002029", "request_id": "ae5fa3371ee3451585c232d422d83e61"}, "attempt": 1}
2026-09-12 16:42:59,768 INFO response {"request_id": "ae5fa3371ee3451585c232d422d83e61", "http_status": 200, "body": {"accepted": true, "real_timestamp_ms": 1789202576487, "virtual_time_s": 4386.318607, "exit_reason": "user_exit"}}
