2026-09-12 16:53:46,810 INFO request {"path": "/enter", "payload": {"arena_id": "default", "robot_id": "202601002029", "request_id": "53f45fae11f6466397b672562ae84fda"}, "attempt": 1}
2026-09-12 16:53:46,813 INFO response {"request_id": "53f45fae11f6466397b672562ae84fda", "http_status": 200, "body": {"accepted": true, "real_timestamp_ms": 1789203223538, "virtual_time_s": 0, "max_virtual_duration_s": 360000, "max_real_duration_s": 1200, "remaining_real_duration_s": 1200}}
2026-09-12 16:53:46,813 INFO request {"path": "/measure", "payload": {"arena_id": "default", "robot_id": "202601002029", "request_id": "590daf0a0369480cba8efa9cfc2ec020", "position": {"x": 0.0, "y": 0.0}, "channel": 1}, "attempt": 1}
2026-09-12 16:53:46,814 INFO response {"request_id": "590daf0a0369480cba8efa9cfc2ec020", "http_status": 200, "body": {"accepted": true, "real_timestamp_ms": 1789203223539, "virtual_time_s": 5, "measure_result": "no_signal"}}
2026-09-12 16:53:46,815 INFO request {"path": "/measure", "payload": {"arena_id": "default", "robot_id": "202601002029", "request_id": "7016ab400622444da8af786ce880ad20", "position": {"x": 0.0, "y": 0.0}, "channel": 2}, "attempt": 1}
2026-09-12 16:53:46,831 INFO response {"request_id": "7016ab400622444da8af786ce880ad20", "http_status": 200, "body": {"accepted": true, "real_timestamp_ms": 1789203223555, "virtual_time_s": 11, "measure_result": "no_signal"}}
2026-09-12 16:53:46,831 INFO request {"path": "/measure", "payload": {"arena_id": "default", "robot_id": "202601002029", "request_id": "bceb20f61f76415fb127fcf6eb2b27e4", "position": {"x": 0.0, "y": 0.0}, "channel": 3}, "attempt": 1}
2026-09-12 16:53:46,832 INFO response {"request_id": "bceb20f61f76415fb127fcf6eb2b27e4", "http_status": 200, "body": {"accepted": true, "real_timestamp_ms": 1789203223556, "virtual_time_s": 17, "measure_result": "direction", "svd_deg": 147.08}}
2026-09-12 16:53:46,843 INFO request {"path": "/measure", "payload": {"arena_id": "default", "robot_id": "202601002029", "request_id": "b81906cf03324879b2aa1a5235145db2", "position": {"x": 0.0, "y": 0.0}, "channel": 4}, "attempt": 1}
2026-09-12 16:53:46,845 INFO response {"request_id": "b81906cf03324879b2aa1a5235145db2", "http_status": 200, "body": {"accepted": true, "real_timestamp_ms": 1789203223568, "virtual_time_s": 23, "measure_result": "direction", "svd_deg": 344.99}}
2026-09-12 16:53:46,849 INFO request {"path": "/measure", "payload": {"arena_id": "default", "robot_id": "202601002029", "request_id": "00842cc1dbc047bd8fc47a4f7b2a97a6", "position": {"x": 0.0, "y": 0.0}, "channel": 5}, "attempt": 1}
2026-09-12 16:53:46,869 INFO response {"request_id": "00842cc1dbc047bd8fc47a4f7b2a97a6", "http_status": 200, "body": {"accepted": true, "real_timestamp_ms": 1789203223593, "virtual_time_s": 29, "measure_result": "direction", "svd_deg": 116.61}}
2026-09-12 16:53:46,875 INFO request {"path": "/measure", "payload": {"arena_id": "default", "robot_id": "202601002029", "request_id": "0e8ff7274bcd4eba93bc7b09ee2e5fed", "position": {"x": 0.0, "y": 0.0}, "channel": 6}, "attempt": 1}
2026-09-12 16:53:46,890 INFO response {"request_id": "0e8ff7274bcd4eba93bc7b09ee2e5fed", "http_status": 200, "body": {"accepted": true, "real_timestamp_ms": 1789203223613, "virtual_time_s": 35, "measure_result": "no_signal"}}
2026-09-12 16:53:46,890 INFO request {"path": "/measure", "payload": {"arena_id": "default", "robot_id": "202601002029", "request_id": "2043365aa1c34f6582fde2deb8d452bc", "position": {"x": 0.0, "y": 0.0}, "channel": 7}, "attempt": 1}
2026-09-12 16:53:46,910 INFO response {"request_id": "2043365aa1c34f6582fde2deb8d452bc", "http_status": 200, "body": {"accepted": true, "real_timestamp_ms": 1789203223633, "virtual_time_s": 41, "measure_result": "no_signal"}}
2026-09-12 16:53:46,910 INFO request {"path": "/measure", "payload": {"arena_id": "default", "robot_id": "202601002029", "request_id": "16e8617b8cc74aeda7c0850c1abab8da", "position": {"x": 0.0, "y": 0.0}, "channel": 8}, "attempt": 1}
2026-09-12 16:53:46,912 INFO response {"request_id": "16e8617b8cc74aeda7c0850c1abab8da", "http_status": 200, "body": {"accepted": true, "real_timestamp_ms": 1789203223636, "virtual_time_s": 47, "measure_result": "no_signal"}}
2026-09-12 16:53:46,913 INFO request {"path": "/measure", "payload": {"arena_id": "default", "robot_id": "202601002029", "request_id": "8b172b058fc04f8686c8edd3dea509a8", "position": {"x": 0.0, "y": 0.0}, "channel": 9}, "attempt": 1}
2026-09-12 16:53:46,930 INFO response {"request_id": "8b172b058fc04f8686c8edd3dea509a8", "http_status": 200, "body": {"accepted": true, "real_timestamp_ms": 1789203223653, "virtual_time_s": 53, "measure_result": "no_signal"}}
2026-09-12 16:53:46,931 INFO request {"path": "/measure", "payload": {"arena_id": "default", "robot_id": "202601002029", "request_id": "e7bae2eb808e473fb15ae28a70ea9e4f", "position": {"x": 0.0, "y": 0.0}, "channel": 10}, "attempt": 1}
2026-09-12 16:53:46,948 INFO response {"request_id": "e7bae2eb808e473fb15ae28a70ea9e4f", "http_status": 200, "body": {"accepted": true, "real_timestamp_ms": 1789203223672, "virtual_time_s": 59, "measure_result": "direction", "svd_deg": 127.88}}
2026-09-12 16:53:46,952 INFO request {"path": "/measure", "payload": {"arena_id": "default", "robot_id": "202601002029", "request_id": "91969ce2492b4e6b8760b7276df0e3ce", "position": {"x": 0.0, "y": 0.0}, "channel": 11}, "attempt": 1}
2026-09-12 16:53:46,968 INFO response {"request_id": "91969ce2492b4e6b8760b7276df0e3ce", "http_status": 200, "body": {"accepted": true, "real_timestamp_ms": 1789203223692, "virtual_time_s": 65, "measure_result": "no_signal"}}
2026-09-12 16:53:46,968 INFO request {"path": "/measure", "payload": {"arena_id": "default", "robot_id": "202601002029", "request_id": "a6aec5e8a8b64b2f8bfa937ab4e1c78f", "position": {"x": 0.0, "y": 0.0}, "channel": 12}, "attempt": 1}
2026-09-12 16:53:46,969 INFO response {"request_id": "a6aec5e8a8b64b2f8bfa937ab4e1c78f", "http_status": 200, "body": {"accepted": true, "real_timestamp_ms": 1789203223693, "virtual_time_s": 71, "measure_result": "no_signal"}}
2026-09-12 16:53:46,969 INFO request {"path": "/measure", "payload": {"arena_id": "default", "robot_id": "202601002029", "request_id": "3b2f48512faf4a28b7c7a048ff3f16e1", "position": {"x": 0.0, "y": 0.0}, "channel": 13}, "attempt": 1}
2026-09-12 16:53:46,988 INFO response {"request_id": "3b2f48512faf4a28b7c7a048ff3f16e1", "http_status": 200, "body": {"accepted": true, "real_timestamp_ms": 1789203223711, "virtual_time_s": 77, "measure_result": "direction", "svd_deg": 67.98}}
2026-09-12 16:53:46,992 INFO request {"path": "/measure", "payload": {"arena_id": "default", "robot_id": "202601002029", "request_id": "3de548d762034785b1a25cefe8138d7e", "position": {"x": 0.0, "y": 0.0}, "channel": 14}, "attempt": 1}
2026-09-12 16:53:46,994 INFO response {"request_id": "3de548d762034785b1a25cefe8138d7e", "http_status": 200, "body": {"accepted": true, "real_timestamp_ms": 1789203223717, "virtual_time_s": 83, "measure_result": "no_signal"}}
2026-09-12 16:53:46,995 INFO request {"path": "/measure", "payload": {"arena_id": "default", "robot_id": "202601002029", "request_id": "9f58974c25b6404182b2e9fe1835a50b", "position": {"x": 0.0, "y": 0.0}, "channel": 15}, "attempt": 1}
2026-09-12 16:53:47,008 INFO response {"request_id": "9f58974c25b6404182b2e9fe1835a50b", "http_status": 200, "body": {"accepted": true, "real_timestamp_ms": 1789203223731, "virtual_time_s": 89, "measure_result": "direction", "svd_deg": 315.8}}
2026-09-12 16:53:47,011 INFO request {"path": "/measure", "payload": {"arena_id": "default", "robot_id": "202601002029", "request_id": "52f75b19d29c4e6bb5447a2863a18501", "position": {"x": 0.0, "y": 0.0}, "channel": 16}, "attempt": 1}
2026-09-12 16:53:47,027 INFO response {"request_id": "52f75b19d29c4e6bb5447a2863a18501", "http_status": 200, "body": {"accepted": true, "real_timestamp_ms": 1789203223751, "virtual_time_s": 95, "measure_result": "direction", "svd_deg": 281.28}}
2026-09-12 16:53:47,030 INFO request {"path": "/measure", "payload": {"arena_id": "default", "robot_id": "202601002029", "request_id": "bf594d5137c544bbb78b1125249a1362", "position": {"x": 0.0, "y": 0.0}, "channel": 17}, "attempt": 1}
2026-09-12 16:53:47,031 INFO response {"request_id": "bf594d5137c544bbb78b1125249a1362", "http_status": 200, "body": {"accepted": true, "real_timestamp_ms": 1789203223755, "virtual_time_s": 101, "measure_result": "no_signal"}}
2026-09-12 16:53:47,031 INFO request {"path": "/measure", "payload": {"arena_id": "default", "robot_id": "202601002029", "request_id": "5ee5593b84fa4836b5da9341a75c5956", "position": {"x": 0.0, "y": 0.0}, "channel": 18}, "attempt": 1}
2026-09-12 16:53:47,032 INFO response {"request_id": "5ee5593b84fa4836b5da9341a75c5956", "http_status": 200, "body": {"accepted": true, "real_timestamp_ms": 1789203223756, "virtual_time_s": 107, "measure_result": "direction", "svd_deg": 212.56}}
2026-09-12 16:53:47,035 INFO request {"path": "/measure", "payload": {"arena_id": "default", "robot_id": "202601002029", "request_id": "1f34080e427f4c2a860809a9e62e2a3a", "position": {"x": 0.0, "y": 0.0}, "channel": 19}, "attempt": 1}
2026-09-12 16:53:47,035 INFO response {"request_id": "1f34080e427f4c2a860809a9e62e2a3a", "http_status": 200, "body": {"accepted": true, "real_timestamp_ms": 1789203223759, "virtual_time_s": 113, "measure_result": "direction", "svd_deg": 166.55}}
2026-09-12 16:53:47,037 INFO request {"path": "/measure", "payload": {"arena_id": "default", "robot_id": "202601002029", "request_id": "a25ada83836a4662a947058b5d11322d", "position": {"x": 0.0, "y": 0.0}, "channel": 20}, "attempt": 1}
2026-09-12 16:53:47,038 INFO response {"request_id": "a25ada83836a4662a947058b5d11322d", "http_status": 200, "body": {"accepted": true, "real_timestamp_ms": 1789203223762, "virtual_time_s": 119, "measure_result": "direction", "svd_deg": 67.99}}
2026-09-12 16:53:47,040 INFO request {"path": "/measure", "payload": {"arena_id": "default", "robot_id": "202601002029", "request_id": "a81837508ca147199a367b10086a330f", "position": {"x": 1130.0, "y": 0.0}, "channel": 1}, "attempt": 1}
2026-09-12 16:53:47,042 INFO response {"request_id": "a81837508ca147199a367b10086a330f", "http_status": 200, "body": {"accepted": true, "real_timestamp_ms": 1789203223766, "virtual_time_s": 351, "measure_result": "no_signal"}}
2026-09-12 16:53:47,042 INFO request {"path": "/measure", "payload": {"arena_id": "default", "robot_id": "202601002029", "request_id": "56b699eb098e433db51302ac986f14df", "position": {"x": 1130.0, "y": 0.0}, "channel": 2}, "attempt": 1}
2026-09-12 16:53:47,042 INFO response {"request_id": "56b699eb098e433db51302ac986f14df", "http_status": 200, "body": {"accepted": true, "real_timestamp_ms": 1789203223766, "virtual_time_s": 357, "measure_result": "no_signal"}}
2026-09-12 16:53:47,042 INFO request {"path": "/measure", "payload": {"arena_id": "default", "robot_id": "202601002029", "request_id": "01e5b29e766b4bae9959ee5317ba6dee", "position": {"x": 1130.0, "y": 0.0}, "channel": 6}, "attempt": 1}
2026-09-12 16:53:47,057 INFO response {"request_id": "01e5b29e766b4bae9959ee5317ba6dee", "http_status": 200, "body": {"accepted": true, "real_timestamp_ms": 1789203223780, "virtual_time_s": 363, "measure_result": "no_signal"}}
2026-09-12 16:53:47,057 INFO request {"path": "/measure", "payload": {"arena_id": "default", "robot_id": "202601002029", "request_id": "017c34f483b84efd91126c0a76fe8f90", "position": {"x": 1130.0, "y": 0.0}, "channel": 7}, "attempt": 1}
2026-09-12 16:53:47,057 INFO response {"request_id": "017c34f483b84efd91126c0a76fe8f90", "http_status": 200, "body": {"accepted": true, "real_timestamp_ms": 1789203223781, "virtual_time_s": 369, "measure_result": "no_signal"}}
2026-09-12 16:53:47,058 INFO request {"path": "/measure", "payload": {"arena_id": "default", "robot_id": "202601002029", "request_id": "bcfc1941797a49dc8ad77f4844c3a1a8", "position": {"x": 1130.0, "y": 0.0}, "channel": 8}, "attempt": 1}
2026-09-12 16:53:47,058 INFO response {"request_id": "bcfc1941797a49dc8ad77f4844c3a1a8", "http_status": 200, "body": {"accepted": true, "real_timestamp_ms": 1789203223782, "virtual_time_s": 375, "measure_result": "no_signal"}}
2026-09-12 16:53:47,058 INFO request {"path": "/measure", "payload": {"arena_id": "default", "robot_id": "202601002029", "request_id": "2f41d8af22ad4b6c992f89c41114b161", "position": {"x": 1130.0, "y": 0.0}, "channel": 9}, "attempt": 1}
2026-09-12 16:53:47,076 INFO response {"request_id": "2f41d8af22ad4b6c992f89c41114b161", "http_status": 200, "body": {"accepted": true, "real_timestamp_ms": 1789203223800, "virtual_time_s": 381, "measure_result": "no_signal"}}
2026-09-12 16:53:47,076 INFO request {"path": "/measure", "payload": {"arena_id": "default", "robot_id": "202601002029", "request_id": "0088b5b1fe4f4161b81c2a41b4c1aef2", "position": {"x": 1130.0, "y": 0.0}, "channel": 11}, "attempt": 1}
2026-09-12 16:53:47,077 INFO response {"request_id": "0088b5b1fe4f4161b81c2a41b4c1aef2", "http_status": 200, "body": {"accepted": true, "real_timestamp_ms": 1789203223801, "virtual_time_s": 387, "measure_result": "no_signal"}}
2026-09-12 16:53:47,077 INFO request {"path": "/measure", "payload": {"arena_id": "default", "robot_id": "202601002029", "request_id": "c2e9013b00de400e8e224d2ceb514f3c", "position": {"x": 1130.0, "y": 0.0}, "channel": 12}, "attempt": 1}
2026-09-12 16:53:47,096 INFO response {"request_id": "c2e9013b00de400e8e224d2ceb514f3c", "http_status": 200, "body": {"accepted": true, "real_timestamp_ms": 1789203223820, "virtual_time_s": 393, "measure_result": "no_signal"}}
2026-09-12 16:53:47,097 INFO request {"path": "/measure", "payload": {"arena_id": "default", "robot_id": "202601002029", "request_id": "175a1f1bb74d4826a3cc430d7bc5fd06", "position": {"x": 1130.0, "y": 0.0}, "channel": 14}, "attempt": 1}
2026-09-12 16:53:47,097 INFO response {"request_id": "175a1f1bb74d4826a3cc430d7bc5fd06", "http_status": 200, "body": {"accepted": true, "real_timestamp_ms": 1789203223821, "virtual_time_s": 399, "measure_result": "no_signal"}}
2026-09-12 16:53:47,097 INFO request {"path": "/measure", "payload": {"arena_id": "default", "robot_id": "202601002029", "request_id": "b8986fbdae6443ea87b4c699ee67f13c", "position": {"x": 1130.0, "y": 0.0}, "channel": 17}, "attempt": 1}
2026-09-12 16:53:47,098 INFO response {"request_id": "b8986fbdae6443ea87b4c699ee67f13c", "http_status": 200, "body": {"accepted": true, "real_timestamp_ms": 1789203223822, "virtual_time_s": 405, "measure_result": "no_signal"}}
2026-09-12 16:53:47,106 INFO request {"path": "/measure", "payload": {"arena_id": "default", "robot_id": "202601002029", "request_id": "64df346241e049e18e853c737cc730b5", "position": {"x": 1130.0, "y": 0.0}, "channel": 15}, "attempt": 1}
2026-09-12 16:53:47,126 INFO response {"request_id": "64df346241e049e18e853c737cc730b5", "http_status": 200, "body": {"accepted": true, "real_timestamp_ms": 1789203223850, "virtual_time_s": 411, "measure_result": "direction", "svd_deg": 233.84}}
2026-09-12 16:53:47,130 INFO request {"path": "/measure", "payload": {"arena_id": "default", "robot_id": "202601002029", "request_id": "a4c4dfc3fa1d4719bd17835bd14f0c4b", "position": {"x": 565.0000000000001, "y": 978.6087062764157}, "channel": 1}, "attempt": 1}
2026-09-12 16:53:47,145 INFO response {"request_id": "a4c4dfc3fa1d4719bd17835bd14f0c4b", "http_status": 200, "body": {"accepted": true, "real_timestamp_ms": 1789203223869, "virtual_time_s": 643, "measure_result": "no_signal"}}
2026-09-12 16:53:47,146 INFO request {"path": "/measure", "payload": {"arena_id": "default", "robot_id": "202601002029", "request_id": "0fb565f5712b476d998a77cefac5b177", "position": {"x": 565.0000000000001, "y": 978.6087062764157}, "channel": 2}, "attempt": 1}
2026-09-12 16:53:47,166 INFO response {"request_id": "0fb565f5712b476d998a77cefac5b177", "http_status": 200, "body": {"accepted": true, "real_timestamp_ms": 1789203223889, "virtual_time_s": 649, "measure_result": "no_signal"}}
2026-09-12 16:53:47,166 INFO request {"path": "/measure", "payload": {"arena_id": "default", "robot_id": "202601002029", "request_id": "f75a915148dd48c4856c4392a1a689a7", "position": {"x": 565.0000000000001, "y": 978.6087062764157}, "channel": 6}, "attempt": 1}
2026-09-12 16:53:47,167 INFO response {"request_id": "f75a915148dd48c4856c4392a1a689a7", "http_status": 200, "body": {"accepted": true, "real_timestamp_ms": 1789203223891, "virtual_time_s": 655, "measure_result": "no_signal"}}
2026-09-12 16:53:47,168 INFO request {"path": "/measure", "payload": {"arena_id": "default", "robot_id": "202601002029", "request_id": "a3bd6914775d4054ac701bff84e88435", "position": {"x": 565.0000000000001, "y": 978.6087062764157}, "channel": 7}, "attempt": 1}
2026-09-12 16:53:47,168 INFO response {"request_id": "a3bd6914775d4054ac701bff84e88435", "http_status": 200, "body": {"accepted": true, "real_timestamp_ms": 1789203223892, "virtual_time_s": 661, "measure_result": "no_signal"}}
2026-09-12 16:53:47,169 INFO request {"path": "/measure", "payload": {"arena_id": "default", "robot_id": "202601002029", "request_id": "442fd03f10b34a78815df2c73f3f3c8e", "position": {"x": 565.0000000000001, "y": 978.6087062764157}, "channel": 8}, "attempt": 1}
2026-09-12 16:53:47,169 INFO response {"request_id": "442fd03f10b34a78815df2c73f3f3c8e", "http_status": 200, "body": {"accepted": true, "real_timestamp_ms": 1789203223893, "virtual_time_s": 667, "measure_result": "direction", "svd_deg": 136.97}}
2026-09-12 16:53:47,171 INFO request {"path": "/measure", "payload": {"arena_id": "default", "robot_id": "202601002029", "request_id": "3f8fd291e9e04c71b4e6df6526d695b8", "position": {"x": 565.0000000000001, "y": 978.6087062764157}, "channel": 9}, "attempt": 1}
2026-09-12 16:53:47,172 INFO response {"request_id": "3f8fd291e9e04c71b4e6df6526d695b8", "http_status": 200, "body": {"accepted": true, "real_timestamp_ms": 1789203223896, "virtual_time_s": 673, "measure_result": "no_signal"}}
2026-09-12 16:53:47,172 INFO request {"path": "/measure", "payload": {"arena_id": "default", "robot_id": "202601002029", "request_id": "7fc7b3585b3444e5aff36d18042b1102", "position": {"x": 565.0000000000001, "y": 978.6087062764157}, "channel": 11}, "attempt": 1}
2026-09-12 16:53:47,173 INFO response {"request_id": "7fc7b3585b3444e5aff36d18042b1102", "http_status": 200, "body": {"accepted": true, "real_timestamp_ms": 1789203223897, "virtual_time_s": 679, "measure_result": "no_signal"}}
2026-09-12 16:53:47,173 INFO request {"path": "/measure", "payload": {"arena_id": "default", "robot_id": "202601002029", "request_id": "93b28ac461354c7cbdecb3c8001c8d17", "position": {"x": 565.0000000000001, "y": 978.6087062764157}, "channel": 12}, "attempt": 1}
2026-09-12 16:53:47,184 INFO response {"request_id": "93b28ac461354c7cbdecb3c8001c8d17", "http_status": 200, "body": {"accepted": true, "real_timestamp_ms": 1789203223908, "virtual_time_s": 685, "measure_result": "no_signal"}}
2026-09-12 16:53:47,184 INFO request {"path": "/measure", "payload": {"arena_id": "default", "robot_id": "202601002029", "request_id": "2dc713d467d34ac7a18052c7d8b48636", "position": {"x": 565.0000000000001, "y": 978.6087062764157}, "channel": 14}, "attempt": 1}
2026-09-12 16:53:47,185 INFO response {"request_id": "2dc713d467d34ac7a18052c7d8b48636", "http_status": 200, "body": {"accepted": true, "real_timestamp_ms": 1789203223909, "virtual_time_s": 691, "measure_result": "no_signal"}}
2026-09-12 16:53:47,185 INFO request {"path": "/measure", "payload": {"arena_id": "default", "robot_id": "202601002029", "request_id": "c3e2f7ca7bc44a6a94ee6789a312b00e", "position": {"x": 565.0000000000001, "y": 978.6087062764157}, "channel": 17}, "attempt": 1}
2026-09-12 16:53:47,186 INFO response {"request_id": "c3e2f7ca7bc44a6a94ee6789a312b00e", "http_status": 200, "body": {"accepted": true, "real_timestamp_ms": 1789203223910, "virtual_time_s": 697, "measure_result": "no_signal"}}
2026-09-12 16:53:47,202 INFO request {"path": "/measure", "payload": {"arena_id": "default", "robot_id": "202601002029", "request_id": "c0a9fe457b8740d894b6ecee37c4164d", "position": {"x": 565.0000000000001, "y": 978.6087062764157}, "channel": 13}, "attempt": 1}
2026-09-12 16:53:47,214 INFO response {"request_id": "c0a9fe457b8740d894b6ecee37c4164d", "http_status": 200, "body": {"accepted": true, "real_timestamp_ms": 1789203223938, "virtual_time_s": 703, "measure_result": "direction", "svd_deg": 224.68}}
2026-09-12 16:53:47,224 INFO request {"path": "/measure", "payload": {"arena_id": "default", "robot_id": "202601002029", "request_id": "d2184ceb770c412a9b977f7ee9b536c0", "position": {"x": 565.0000000000001, "y": 978.6087062764157}, "channel": 20}, "attempt": 1}
2026-09-12 16:53:47,244 INFO response {"request_id": "d2184ceb770c412a9b977f7ee9b536c0", "http_status": 200, "body": {"accepted": true, "real_timestamp_ms": 1789203223967, "virtual_time_s": 709, "measure_result": "direction", "svd_deg": 232.33}}
2026-09-12 16:53:47,246 INFO request {"path": "/measure", "payload": {"arena_id": "default", "robot_id": "202601002029", "request_id": "fc00e427ace644adafc621f400c6044b", "position": {"x": -564.9999999999998, "y": 978.6087062764158}, "channel": 1}, "attempt": 1}
2026-09-12 16:53:47,263 INFO response {"request_id": "fc00e427ace644adafc621f400c6044b", "http_status": 200, "body": {"accepted": true, "real_timestamp_ms": 1789203223986, "virtual_time_s": 941, "measure_result": "no_signal"}}
2026-09-12 16:53:47,264 INFO request {"path": "/measure", "payload": {"arena_id": "default", "robot_id": "202601002029", "request_id": "2c35181749c241bcaed450d25b4ac56c", "position": {"x": -564.9999999999998, "y": 978.6087062764158}, "channel": 2}, "attempt": 1}
2026-09-12 16:53:47,264 INFO response {"request_id": "2c35181749c241bcaed450d25b4ac56c", "http_status": 200, "body": {"accepted": true, "real_timestamp_ms": 1789203223988, "virtual_time_s": 947, "measure_result": "no_signal"}}
2026-09-12 16:53:47,264 INFO request {"path": "/measure", "payload": {"arena_id": "default", "robot_id": "202601002029", "request_id": "b456c981b82247b5952a5013d7bb3c32", "position": {"x": -564.9999999999998, "y": 978.6087062764158}, "channel": 6}, "attempt": 1}
2026-09-12 16:53:47,265 INFO response {"request_id": "b456c981b82247b5952a5013d7bb3c32", "http_status": 200, "body": {"accepted": true, "real_timestamp_ms": 1789203223989, "virtual_time_s": 953, "measure_result": "no_signal"}}
2026-09-12 16:53:47,266 INFO request {"path": "/measure", "payload": {"arena_id": "default", "robot_id": "202601002029", "request_id": "6bd587fc11cc4d219a91846660aa0cfc", "position": {"x": -564.9999999999998, "y": 978.6087062764158}, "channel": 7}, "attempt": 1}
2026-09-12 16:53:47,266 INFO response {"request_id": "6bd587fc11cc4d219a91846660aa0cfc", "http_status": 200, "body": {"accepted": true, "real_timestamp_ms": 1789203223990, "virtual_time_s": 959, "measure_result": "no_signal"}}
2026-09-12 16:53:47,266 INFO request {"path": "/measure", "payload": {"arena_id": "default", "robot_id": "202601002029", "request_id": "9950455a075541d78071f5385234b8b1", "position": {"x": -564.9999999999998, "y": 978.6087062764158}, "channel": 9}, "attempt": 1}
2026-09-12 16:53:47,268 INFO response {"request_id": "9950455a075541d78071f5385234b8b1", "http_status": 200, "body": {"accepted": true, "real_timestamp_ms": 1789203223991, "virtual_time_s": 965, "measure_result": "no_signal"}}
2026-09-12 16:53:47,268 INFO request {"path": "/measure", "payload": {"arena_id": "default", "robot_id": "202601002029", "request_id": "f53e6705cd5f49d98404fbe27902c469", "position": {"x": -564.9999999999998, "y": 978.6087062764158}, "channel": 11}, "attempt": 1}
2026-09-12 16:53:47,269 INFO response {"request_id": "f53e6705cd5f49d98404fbe27902c469", "http_status": 200, "body": {"accepted": true, "real_timestamp_ms": 1789203223992, "virtual_time_s": 971, "measure_result": "direction", "svd_deg": 206.37}}
2026-09-12 16:53:47,271 INFO request {"path": "/measure", "payload": {"arena_id": "default", "robot_id": "202601002029", "request_id": "501e003903144f40aff9334cc5aaf414", "position": {"x": -564.9999999999998, "y": 978.6087062764158}, "channel": 12}, "attempt": 1}
2026-09-12 16:53:47,271 INFO response {"request_id": "501e003903144f40aff9334cc5aaf414", "http_status": 200, "body": {"accepted": true, "real_timestamp_ms": 1789203223995, "virtual_time_s": 977, "measure_result": "direction", "svd_deg": 199.92}}
2026-09-12 16:53:47,273 INFO request {"path": "/measure", "payload": {"arena_id": "default", "robot_id": "202601002029", "request_id": "c755330e3d5c4856a59b09d7b8b74711", "position": {"x": -564.9999999999998, "y": 978.6087062764158}, "channel": 14}, "attempt": 1}
2026-09-12 16:53:47,274 INFO response {"request_id": "c755330e3d5c4856a59b09d7b8b74711", "http_status": 200, "body": {"accepted": true, "real_timestamp_ms": 1789203223998, "virtual_time_s": 983, "measure_result": "direction", "svd_deg": 185.22}}
2026-09-12 16:53:47,275 INFO request {"path": "/measure", "payload": {"arena_id": "default", "robot_id": "202601002029", "request_id": "0fba98fbc9034133b6282bad5ca2ddfb", "position": {"x": -564.9999999999998, "y": 978.6087062764158}, "channel": 17}, "attempt": 1}
2026-09-12 16:53:47,292 INFO response {"request_id": "0fba98fbc9034133b6282bad5ca2ddfb", "http_status": 200, "body": {"accepted": true, "real_timestamp_ms": 1789203224016, "virtual_time_s": 989, "measure_result": "no_signal"}}
2026-09-12 16:53:47,339 INFO request {"path": "/measure", "payload": {"arena_id": "default", "robot_id": "202601002029", "request_id": "dd6e1864e52f4b7899a1cfb5e8e4419e", "position": {"x": -564.9999999999998, "y": 978.6087062764158}, "channel": 20}, "attempt": 1}
2026-09-12 16:53:47,352 INFO response {"request_id": "dd6e1864e52f4b7899a1cfb5e8e4419e", "http_status": 200, "body": {"accepted": true, "real_timestamp_ms": 1789203224075, "virtual_time_s": 995, "measure_result": "direction", "svd_deg": 329.58}}
2026-09-12 16:53:47,393 INFO request {"path": "/measure", "payload": {"arena_id": "default", "robot_id": "202601002029", "request_id": "7445fd9f16f845d7b4b87d06f8b0e500", "position": {"x": -564.9999999999998, "y": 978.6087062764158}, "channel": 10}, "attempt": 1}
2026-09-12 16:53:47,410 INFO response {"request_id": "7445fd9f16f845d7b4b87d06f8b0e500", "http_status": 200, "body": {"accepted": true, "real_timestamp_ms": 1789203224134, "virtual_time_s": 1001, "measure_result": "direction", "svd_deg": 265.21}}
2026-09-12 16:53:47,413 INFO request {"path": "/measure", "payload": {"arena_id": "default", "robot_id": "202601002029", "request_id": "7be6043b8d5646d8acca7260632f8262", "position": {"x": -1130.0, "y": 1.3838508830365092e-13}, "channel": 1}, "attempt": 1}
2026-09-12 16:53:47,431 INFO response {"request_id": "7be6043b8d5646d8acca7260632f8262", "http_status": 200, "body": {"accepted": true, "real_timestamp_ms": 1789203224154, "virtual_time_s": 1233, "measure_result": "no_signal"}}
2026-09-12 16:53:47,431 INFO request {"path": "/measure", "payload": {"arena_id": "default", "robot_id": "202601002029", "request_id": "3ae83399cd1149dd83a40dd5fba29b59", "position": {"x": -1130.0, "y": 1.3838508830365092e-13}, "channel": 2}, "attempt": 1}
2026-09-12 16:53:47,451 INFO response {"request_id": "3ae83399cd1149dd83a40dd5fba29b59", "http_status": 200, "body": {"accepted": true, "real_timestamp_ms": 1789203224174, "virtual_time_s": 1239, "measure_result": "no_signal"}}
2026-09-12 16:53:47,451 INFO request {"path": "/measure", "payload": {"arena_id": "default", "robot_id": "202601002029", "request_id": "a95d258363ac4ce5868fade3f984e9ca", "position": {"x": -1130.0, "y": 1.3838508830365092e-13}, "channel": 6}, "attempt": 1}
2026-09-12 16:53:47,453 INFO response {"request_id": "a95d258363ac4ce5868fade3f984e9ca", "http_status": 200, "body": {"accepted": true, "real_timestamp_ms": 1789203224176, "virtual_time_s": 1245, "measure_result": "direction", "svd_deg": 256.78}}
2026-09-12 16:53:47,457 INFO request {"path": "/measure", "payload": {"arena_id": "default", "robot_id": "202601002029", "request_id": "8e7f32a4d84a4b708286a9c8f8759f13", "position": {"x": -1130.0, "y": 1.3838508830365092e-13}, "channel": 7}, "attempt": 1}
2026-09-12 16:53:47,469 INFO response {"request_id": "8e7f32a4d84a4b708286a9c8f8759f13", "http_status": 200, "body": {"accepted": true, "real_timestamp_ms": 1789203224193, "virtual_time_s": 1251, "measure_result": "no_signal"}}
2026-09-12 16:53:47,470 INFO request {"path": "/measure", "payload": {"arena_id": "default", "robot_id": "202601002029", "request_id": "f1758cc462f34a60ac9f14c0dc778d8d", "position": {"x": -1130.0, "y": 1.3838508830365092e-13}, "channel": 9}, "attempt": 1}
2026-09-12 16:53:47,471 INFO response {"request_id": "f1758cc462f34a60ac9f14c0dc778d8d", "http_status": 200, "body": {"accepted": true, "real_timestamp_ms": 1789203224194, "virtual_time_s": 1257, "measure_result": "direction", "svd_deg": 146.87}}
2026-09-12 16:53:47,542 INFO request {"path": "/measure", "payload": {"arena_id": "default", "robot_id": "202601002029", "request_id": "0d690d0a6cd945969c70cf839cc1c224", "position": {"x": -1130.0, "y": 1.3838508830365092e-13}, "channel": 3}, "attempt": 1}
2026-09-12 16:53:47,559 INFO response {"request_id": "0d690d0a6cd945969c70cf839cc1c224", "http_status": 200, "body": {"accepted": true, "real_timestamp_ms": 1789203224282, "virtual_time_s": 1263, "measure_result": "direction", "svd_deg": 33.23}}
2026-09-12 16:53:47,612 INFO request {"path": "/measure", "payload": {"arena_id": "default", "robot_id": "202601002029", "request_id": "c06fd513cdfa42e7baa766191fc69020", "position": {"x": -1130.0, "y": 1.3838508830365092e-13}, "channel": 19}, "attempt": 1}
2026-09-12 16:53:47,613 INFO response {"request_id": "c06fd513cdfa42e7baa766191fc69020", "http_status": 200, "body": {"accepted": true, "real_timestamp_ms": 1789203224337, "virtual_time_s": 1269, "measure_result": "direction", "svd_deg": 56.23}}
2026-09-12 16:53:57,607 INFO request {"path": "/measure", "payload": {"arena_id": "default", "robot_id": "202601002029", "request_id": "6b44fa5231c5422ea2dfeb1e0a49fb16", "position": {"x": -1824.287449611671, "y": -26.906302591893848}, "channel": 9}, "attempt": 1}
2026-09-12 16:53:57,608 INFO response {"request_id": "6b44fa5231c5422ea2dfeb1e0a49fb16", "http_status": 200, "body": {"accepted": true, "real_timestamp_ms": 1789203234332, "virtual_time_s": 1413.961723, "measure_result": "direction", "svd_deg": 54.95}}
2026-09-12 16:53:57,629 INFO request {"path": "/measure", "payload": {"arena_id": "default", "robot_id": "202601002029", "request_id": "b7d1aa1410d24e878bb5ef3508ae14e9", "position": {"x": -1824.287449611671, "y": -26.906302591893848}, "channel": 6}, "attempt": 1}
2026-09-12 16:53:57,633 INFO response {"request_id": "b7d1aa1410d24e878bb5ef3508ae14e9", "http_status": 200, "body": {"accepted": true, "real_timestamp_ms": 1789203234357, "virtual_time_s": 1419.961723, "measure_result": "direction", "svd_deg": 292.87}}
2026-09-12 16:53:58,331 INFO request {"path": "/clear", "payload": {"arena_id": "default", "robot_id": "202601002029", "request_id": "2f5a3bd9df194fc7ad866c063cc87ff4", "position": {"x": -1593.2340506353316, "y": 302.18334897477905}, "channel": 9}, "attempt": 1}
2026-09-12 16:53:58,344 INFO response {"request_id": "2f5a3bd9df194fc7ad866c063cc87ff4", "http_status": 200, "body": {"accepted": true, "real_timestamp_ms": 1789203235068, "virtual_time_s": 1505.382037, "clear_result": "success"}}
2026-09-12 16:53:58,360 INFO request {"path": "/measure", "payload": {"arena_id": "default", "robot_id": "202601002029", "request_id": "28fa4263a35541039544c49490d90305", "position": {"x": -1593.2340506353316, "y": 302.18334897477905}, "channel": 19}, "attempt": 1}
2026-09-12 16:53:58,374 INFO response {"request_id": "28fa4263a35541039544c49490d90305", "http_status": 200, "body": {"accepted": true, "real_timestamp_ms": 1789203235097, "virtual_time_s": 1511.382037, "measure_result": "direction", "svd_deg": 353.87}}
2026-09-12 16:53:58,390 INFO request {"path": "/measure", "payload": {"arena_id": "default", "robot_id": "202601002029", "request_id": "64363bc77b274651a65e5ff705427499", "position": {"x": -1279.6808599937503, "y": 379.5717249794301}, "channel": 14}, "attempt": 1}
2026-09-12 16:53:58,391 INFO response {"request_id": "64363bc77b274651a65e5ff705427499", "http_status": 200, "body": {"accepted": true, "real_timestamp_ms": 1789203235115, "virtual_time_s": 1581.974471, "measure_result": "direction", "svd_deg": 101.3}}
2026-09-12 16:53:58,439 INFO request {"path": "/measure", "payload": {"arena_id": "default", "robot_id": "202601002029", "request_id": "f56ffad071fc4d06bc524a5d4c780c3d", "position": {"x": -1279.6808599937503, "y": 379.5717249794301}, "channel": 10}, "attempt": 1}
2026-09-12 16:53:58,451 INFO response {"request_id": "f56ffad071fc4d06bc524a5d4c780c3d", "http_status": 200, "body": {"accepted": true, "real_timestamp_ms": 1789203235176, "virtual_time_s": 1587.974471, "measure_result": "direction", "svd_deg": 27.03}}
2026-09-12 16:53:58,488 INFO request {"path": "/measure", "payload": {"arena_id": "default", "robot_id": "202601002029", "request_id": "26ffee801ecd4a648b3e38544cfbcd74", "position": {"x": -1279.6808599937503, "y": 379.5717249794301}, "channel": 5}, "attempt": 1}
2026-09-12 16:53:58,489 INFO response {"request_id": "26ffee801ecd4a648b3e38544cfbcd74", "http_status": 200, "body": {"accepted": true, "real_timestamp_ms": 1789203235214, "virtual_time_s": 1593.974471, "measure_result": "direction", "svd_deg": 12.7}}
2026-09-12 16:53:59,421 INFO request {"path": "/measure", "payload": {"arena_id": "default", "robot_id": "202601002029", "request_id": "49088eb135b9445d94f8227dd58b7e75", "position": {"x": -1258.3936482380782, "y": 251.9066529909872}, "channel": 12}, "attempt": 1}
2026-09-12 16:53:59,422 INFO response {"request_id": "49088eb135b9445d94f8227dd58b7e75", "http_status": 200, "body": {"accepted": true, "real_timestamp_ms": 1789203236146, "virtual_time_s": 1625.860001, "measure_result": "direction", "svd_deg": 129.77}}
2026-09-12 16:53:59,451 INFO request {"path": "/measure", "payload": {"arena_id": "default", "robot_id": "202601002029", "request_id": "5746a05b658e4b4c90cd288a84260c06", "position": {"x": -1258.3936482380782, "y": 251.9066529909872}, "channel": 11}, "attempt": 1}
2026-09-12 16:53:59,471 INFO response {"request_id": "5746a05b658e4b4c90cd288a84260c06", "http_status": 200, "body": {"accepted": true, "real_timestamp_ms": 1789203236194, "virtual_time_s": 1631.860001, "measure_result": "direction", "svd_deg": 65.75}}
2026-09-12 16:53:59,496 INFO request {"path": "/measure", "payload": {"arena_id": "default", "robot_id": "202601002029", "request_id": "6bc13a21934b4931966a2b171d8aa179", "position": {"x": -1258.3936482380782, "y": 251.9066529909872}, "channel": 18}, "attempt": 1}
2026-09-12 16:53:59,498 INFO response {"request_id": "6bc13a21934b4931966a2b171d8aa179", "http_status": 200, "body": {"accepted": true, "real_timestamp_ms": 1789203236222, "virtual_time_s": 1637.860001, "measure_result": "direction", "svd_deg": 333.69}}
2026-09-12 16:54:01,664 INFO request {"path": "/measure", "payload": {"arena_id": "default", "robot_id": "202601002029", "request_id": "d904644a2c634e888a9dabae8cc8d713", "position": {"x": -1446.0560675194806, "y": 321.06456207918245}, "channel": 12}, "attempt": 1}
2026-09-12 16:54:01,680 INFO response {"request_id": "d904644a2c634e888a9dabae8cc8d713", "http_status": 200, "body": {"accepted": true, "real_timestamp_ms": 1789203238404, "virtual_time_s": 1683.860001, "measure_result": "direction", "svd_deg": 110.63}}
2026-09-12 16:54:01,687 INFO request {"path": "/clear", "payload": {"arena_id": "default", "robot_id": "202601002029", "request_id": "e459dae8a64e4b6f9b28e5840e835069", "position": {"x": -1558.452673212449, "y": 618.6989404375329}, "channel": 12}, "attempt": 1}
2026-09-12 16:54:01,687 INFO response {"request_id": "e459dae8a64e4b6f9b28e5840e835069", "http_status": 200, "body": {"accepted": true, "real_timestamp_ms": 1789203238411, "virtual_time_s": 1752.489937, "clear_result": "success"}}
2026-09-12 16:54:01,708 INFO request {"path": "/measure", "payload": {"arena_id": "default", "robot_id": "202601002029", "request_id": "5b6dff18e2684dab9d545561e40711f6", "position": {"x": -1558.452673212449, "y": 618.6989404375329}, "channel": 11}, "attempt": 1}
2026-09-12 16:54:01,709 INFO response {"request_id": "5b6dff18e2684dab9d545561e40711f6", "http_status": 200, "body": {"accepted": true, "real_timestamp_ms": 1789203238433, "virtual_time_s": 1758.489937, "measure_result": "direction", "svd_deg": 13.71}}
2026-09-12 16:54:02,704 INFO request {"path": "/clear", "payload": {"arena_id": "default", "robot_id": "202601002029", "request_id": "2d2d146ce7f74592b3aedd00879e5224", "position": {"x": -1384.7289509062762, "y": 903.9103672808264}, "channel": 14}, "attempt": 1}
2026-09-12 16:54:02,724 INFO response {"request_id": "2d2d146ce7f74592b3aedd00879e5224", "http_status": 200, "body": {"accepted": true, "real_timestamp_ms": 1789203239448, "virtual_time_s": 1830.280802, "clear_result": "success"}}
2026-09-12 16:54:02,751 INFO request {"path": "/measure", "payload": {"arena_id": "default", "robot_id": "202601002029", "request_id": "c2ee43c4cdfc4ea2a503965ca90c3ca6", "position": {"x": -1384.7289509062762, "y": 903.9103672808264}, "channel": 11}, "attempt": 1}
2026-09-12 16:54:02,764 INFO response {"request_id": "c2ee43c4cdfc4ea2a503965ca90c3ca6", "http_status": 200, "body": {"accepted": true, "real_timestamp_ms": 1789203239487, "virtual_time_s": 1835.280802, "measure_result": "direction", "svd_deg": 336.2}}
2026-09-12 16:54:02,787 INFO request {"path": "/clear", "payload": {"arena_id": "default", "robot_id": "202601002029", "request_id": "bd9b4590bdaf453d8b6e88e366f70e30", "position": {"x": -972.0968486374998, "y": 235.6723431150636}, "channel": 19}, "attempt": 1}
2026-09-12 16:54:02,803 INFO response {"request_id": "bd9b4590bdaf453d8b6e88e366f70e30", "http_status": 200, "body": {"accepted": true, "real_timestamp_ms": 1789203239527, "virtual_time_s": 1997.354964, "clear_result": "success"}}
2026-09-12 16:54:02,838 INFO request {"path": "/measure", "payload": {"arena_id": "default", "robot_id": "202601002029", "request_id": "c32e7fbc79c64a6cb97e7bdb612f14a6", "position": {"x": -972.0968486374998, "y": 235.6723431150636}, "channel": 18}, "attempt": 1}
2026-09-12 16:54:02,853 INFO response {"request_id": "c32e7fbc79c64a6cb97e7bdb612f14a6", "http_status": 200, "body": {"accepted": true, "real_timestamp_ms": 1789203239576, "virtual_time_s": 2003.354964, "measure_result": "direction", "svd_deg": 325.35}}
2026-09-12 16:54:02,887 INFO request {"path": "/measure", "payload": {"arena_id": "default", "robot_id": "202601002029", "request_id": "915de4278015487298e41a087a84df1b", "position": {"x": -972.0968486374998, "y": 235.6723431150636}, "channel": 5}, "attempt": 1}
2026-09-12 16:54:02,888 INFO response {"request_id": "915de4278015487298e41a087a84df1b", "http_status": 200, "body": {"accepted": true, "real_timestamp_ms": 1789203239612, "virtual_time_s": 2009.354964, "measure_result": "direction", "svd_deg": 28.42}}
2026-09-12 16:54:02,892 INFO request {"path": "/measure", "payload": {"arena_id": "default", "robot_id": "202601002029", "request_id": "1a2d37ead441436e969aa4e444993b39", "position": {"x": -1048.177589533924, "y": -856.3052861922251}, "channel": 6}, "attempt": 1}
2026-09-12 16:54:02,911 INFO response {"request_id": "1a2d37ead441436e969aa4e444993b39", "http_status": 200, "body": {"accepted": true, "real_timestamp_ms": 1789203239635, "virtual_time_s": 2234.279921, "measure_result": "direction", "svd_deg": 211.18}}
2026-09-12 16:54:04,512 INFO request {"path": "/measure", "payload": {"arena_id": "default", "robot_id": "202601002029", "request_id": "cb5bc0c2b2724781a2cf9e2426bc1077", "position": {"x": -1144.5894962302982, "y": -1031.5329787729631}, "channel": 6}, "attempt": 1}
2026-09-12 16:54:04,514 INFO response {"request_id": "cb5bc0c2b2724781a2cf9e2426bc1077", "http_status": 200, "body": {"accepted": true, "real_timestamp_ms": 1789203241238, "virtual_time_s": 2279.279921, "measure_result": "direction", "svd_deg": 185.18}}
2026-09-12 16:54:04,521 INFO request {"path": "/clear", "payload": {"arena_id": "default", "robot_id": "202601002029", "request_id": "ad76d5072a6842d5bd4d7eaff6979a1f", "position": {"x": -1382.6736227998583, "y": -1057.3131071182102}, "channel": 6}, "attempt": 1}
2026-09-12 16:54:04,522 INFO response {"request_id": "ad76d5072a6842d5bd4d7eaff6979a1f", "http_status": 200, "body": {"accepted": true, "real_timestamp_ms": 1789203241246, "virtual_time_s": 2332.175084, "clear_result": "success"}}
2026-09-12 16:54:04,524 INFO request {"path": "/measure", "payload": {"arena_id": "default", "robot_id": "202601002029", "request_id": "aa82bd89918f4ec9b27a606877eea967", "position": {"x": -357.2528714336206, "y": -1040.3279220258946}, "channel": 16}, "attempt": 1}
2026-09-12 16:54:04,544 INFO response {"request_id": "aa82bd89918f4ec9b27a606877eea967", "http_status": 200, "body": {"accepted": true, "real_timestamp_ms": 1789203241269, "virtual_time_s": 2543.287367, "measure_result": "direction", "svd_deg": 63.08}}
2026-09-12 16:54:04,557 INFO request {"path": "/measure", "payload": {"arena_id": "default", "robot_id": "202601002029", "request_id": "aa783e7cac094ac1bcd23d0e767975a2", "position": {"x": -357.2528714336206, "y": -1040.3279220258946}, "channel": 15}, "attempt": 1}
2026-09-12 16:54:04,575 INFO response {"request_id": "aa783e7cac094ac1bcd23d0e767975a2", "http_status": 200, "body": {"accepted": true, "real_timestamp_ms": 1789203241298, "virtual_time_s": 2549.287367, "measure_result": "no_signal"}}
2026-09-12 16:54:05,906 INFO request {"path": "/measure", "payload": {"arena_id": "default", "robot_id": "202601002029", "request_id": "ebad20f26dac437892c61e994c7a9675", "position": {"x": -173.9537538127933, "y": -572.7646157750606}, "channel": 16}, "attempt": 1}
2026-09-12 16:54:05,907 INFO response {"request_id": "ebad20f26dac437892c61e994c7a9675", "http_status": 200, "body": {"accepted": true, "real_timestamp_ms": 1789203242631, "virtual_time_s": 2655.729193, "measure_result": "direction", "svd_deg": 56.39}}
2026-09-12 16:54:05,929 INFO request {"path": "/measure", "payload": {"arena_id": "default", "robot_id": "202601002029", "request_id": "4606f6988a29445b9c8fca91a21ade82", "position": {"x": -173.9537538127933, "y": -572.7646157750606}, "channel": 15}, "attempt": 1}
2026-09-12 16:54:05,930 INFO response {"request_id": "4606f6988a29445b9c8fca91a21ade82", "http_status": 200, "body": {"accepted": true, "real_timestamp_ms": 1789203242654, "virtual_time_s": 2661.729193, "measure_result": "direction", "svd_deg": 354.1}}
2026-09-12 16:54:05,944 INFO request {"path": "/measure", "payload": {"arena_id": "default", "robot_id": "202601002029", "request_id": "abe1c479b8d346deb4d840f9b37b6430", "position": {"x": -173.9537538127933, "y": -572.7646157750606}, "channel": 3}, "attempt": 1}
2026-09-12 16:54:05,958 INFO response {"request_id": "abe1c479b8d346deb4d840f9b37b6430", "http_status": 200, "body": {"accepted": true, "real_timestamp_ms": 1789203242682, "virtual_time_s": 2667.729193, "measure_result": "direction", "svd_deg": 112.13}}
2026-09-12 16:54:05,963 INFO request {"path": "/clear", "payload": {"arena_id": "default", "robot_id": "202601002029", "request_id": "29b6394389ef4bbc927a4a8a84703190", "position": {"x": -328.1022936739883, "y": -209.1415805093584}, "channel": 18}, "attempt": 1}
2026-09-12 16:54:05,964 INFO response {"request_id": "29b6394389ef4bbc927a4a8a84703190", "http_status": 200, "body": {"accepted": true, "real_timestamp_ms": 1789203242688, "virtual_time_s": 2751.718682, "clear_result": "success"}}
2026-09-12 16:54:05,964 INFO request {"path": "/clear", "payload": {"arena_id": "default", "robot_id": "202601002029", "request_id": "89b97d4f508d4ec4be414bf4120cb1f3", "position": {"x": -563.1643117878127, "y": 369.72807907630414}, "channel": 3}, "attempt": 1}
2026-09-12 16:54:05,978 INFO response {"request_id": "89b97d4f508d4ec4be414bf4120cb1f3", "http_status": 200, "body": {"accepted": true, "real_timestamp_ms": 1789203242702, "virtual_time_s": 2881.673752, "clear_result": "success"}}
2026-09-12 16:54:05,991 INFO request {"path": "/measure", "payload": {"arena_id": "default", "robot_id": "202601002029", "request_id": "b8dc56f211bf405b85d60b357ba72315", "position": {"x": -563.1643117878127, "y": 369.72807907630414}, "channel": 13}, "attempt": 1}
2026-09-12 16:54:06,008 INFO response {"request_id": "b8dc56f211bf405b85d60b357ba72315", "http_status": 200, "body": {"accepted": true, "real_timestamp_ms": 1789203242731, "virtual_time_s": 2887.673752, "measure_result": "direction", "svd_deg": 21.24}}
2026-09-12 16:54:06,629 INFO request {"path": "/clear", "payload": {"arena_id": "default", "robot_id": "202601002029", "request_id": "679b1b1f8f894e7bb27006bf0429c44d", "position": {"x": 47.46208622198836, "y": -239.2217260383262}, "channel": 16}, "attempt": 1}
2026-09-12 16:54:06,647 INFO response {"request_id": "679b1b1f8f894e7bb27006bf0429c44d", "http_status": 200, "body": {"accepted": true, "real_timestamp_ms": 1789203243370, "virtual_time_s": 3065.148036, "clear_result": "success"}}
2026-09-12 16:54:06,669 INFO request {"path": "/measure", "payload": {"arena_id": "default", "robot_id": "202601002029", "request_id": "724b255c365f404ba5a0bed6bc2d48ca", "position": {"x": 47.46208622198836, "y": -239.2217260383262}, "channel": 13}, "attempt": 1}
2026-09-12 16:54:06,671 INFO response {"request_id": "724b255c365f404ba5a0bed6bc2d48ca", "http_status": 200, "body": {"accepted": true, "real_timestamp_ms": 1789203243395, "virtual_time_s": 3070.148036, "measure_result": "direction", "svd_deg": 75.75}}
2026-09-12 16:54:07,348 INFO request {"path": "/measure", "payload": {"arena_id": "default", "robot_id": "202601002029", "request_id": "20dec9bcd8bb459fbe72a25a2d1e9cf6", "position": {"x": 622.3342109680852, "y": -787.7947266100759}, "channel": 4}, "attempt": 1}
2026-09-12 16:54:07,370 INFO response {"request_id": "20dec9bcd8bb459fbe72a25a2d1e9cf6", "http_status": 200, "body": {"accepted": true, "real_timestamp_ms": 1789203244094, "virtual_time_s": 3235.070696, "measure_result": "direction", "svd_deg": 111.69}}
2026-09-12 16:54:08,030 INFO request {"path": "/clear", "payload": {"arena_id": "default", "robot_id": "202601002029", "request_id": "ed3dae1f916d49658214c8a3e89f628b", "position": {"x": 658.0492550713949, "y": -648.5067039348061}, "channel": 15}, "attempt": 1}
2026-09-12 16:54:08,043 INFO response {"request_id": "ed3dae1f916d49658214c8a3e89f628b", "http_status": 200, "body": {"accepted": true, "real_timestamp_ms": 1789203244767, "virtual_time_s": 3268.829498, "clear_result": "success"}}
2026-09-12 16:54:08,059 INFO request {"path": "/measure", "payload": {"arena_id": "default", "robot_id": "202601002029", "request_id": "112064577eee46e3bf0034a2550dbd74", "position": {"x": 658.0492550713949, "y": -648.5067039348061}, "channel": 4}, "attempt": 1}
2026-09-12 16:54:08,061 INFO response {"request_id": "112064577eee46e3bf0034a2550dbd74", "http_status": 200, "body": {"accepted": true, "real_timestamp_ms": 1789203244785, "virtual_time_s": 3273.829498, "measure_result": "direction", "svd_deg": 119.67}}
2026-09-12 16:54:08,065 INFO request {"path": "/clear", "payload": {"arena_id": "default", "robot_id": "202601002029", "request_id": "1321ad705ee14fc4abed0517400fefbb", "position": {"x": 343.4939640133283, "y": -92.44046687934305}, "channel": 4}, "attempt": 1}
2026-09-12 16:54:08,082 INFO response {"request_id": "1321ad705ee14fc4abed0517400fefbb", "http_status": 200, "body": {"accepted": true, "real_timestamp_ms": 1789203244806, "virtual_time_s": 3406.603469, "clear_result": "success"}}
2026-09-12 16:54:08,115 INFO request {"path": "/measure", "payload": {"arena_id": "default", "robot_id": "202601002029", "request_id": "20ec28acaf184162ac44398dd2573988", "position": {"x": 343.4939640133283, "y": -92.44046687934305}, "channel": 13}, "attempt": 1}
2026-09-12 16:54:08,131 INFO response {"request_id": "20ec28acaf184162ac44398dd2573988", "http_status": 200, "body": {"accepted": true, "real_timestamp_ms": 1789203244854, "virtual_time_s": 3412.603469, "measure_result": "direction", "svd_deg": 94.78}}
2026-09-12 16:54:08,906 INFO request {"path": "/measure", "payload": {"arena_id": "default", "robot_id": "202601002029", "request_id": "b2119e301ec9478685fff88478414c27", "position": {"x": 273.57255387450664, "y": 289.33493034660444}, "channel": 13}, "attempt": 1}
2026-09-12 16:54:08,907 INFO response {"request_id": "b2119e301ec9478685fff88478414c27", "http_status": 200, "body": {"accepted": true, "real_timestamp_ms": 1789203245631, "virtual_time_s": 3495.228583, "measure_result": "direction", "svd_deg": 88.55}}
2026-09-12 16:54:08,914 INFO request {"path": "/clear", "payload": {"arena_id": "default", "robot_id": "202601002029", "request_id": "68512cb619cb49f99cf5b42d876a5396", "position": {"x": 212.4710053344778, "y": 521.8371470920986}, "channel": 20}, "attempt": 1}
2026-09-12 16:54:08,915 INFO response {"request_id": "68512cb619cb49f99cf5b42d876a5396", "http_status": 200, "body": {"accepted": true, "real_timestamp_ms": 1789203245639, "virtual_time_s": 3548.307967, "clear_result": "success"}}
2026-09-12 16:54:08,915 INFO request {"path": "/clear", "payload": {"arena_id": "default", "robot_id": "202601002029", "request_id": "1cc72cad2ca14999afc715387c0f43d6", "position": {"x": 283.3717291248064, "y": 699.709392602598}, "channel": 13}, "attempt": 1}
2026-09-12 16:54:08,916 INFO response {"request_id": "1cc72cad2ca14999afc715387c0f43d6", "http_status": 200, "body": {"accepted": true, "real_timestamp_ms": 1789203245640, "virtual_time_s": 3591.604415, "clear_result": "success"}}
2026-09-12 16:54:08,916 INFO request {"path": "/clear", "payload": {"arena_id": "default", "robot_id": "202601002029", "request_id": "532195a3d15a4a4fb5ba00a04bb96454", "position": {"x": -300.1017582180592, "y": 599.5626932548296}, "channel": 5}, "attempt": 1}
2026-09-12 16:54:08,917 INFO response {"request_id": "532195a3d15a4a4fb5ba00a04bb96454", "http_status": 200, "body": {"accepted": true, "real_timestamp_ms": 1789203245641, "virtual_time_s": 3715.005542, "clear_result": "success"}}
2026-09-12 16:54:08,923 INFO request {"path": "/measure", "payload": {"arena_id": "default", "robot_id": "202601002029", "request_id": "ba91cc084b2b422fb540aa2a7cfb7042", "position": {"x": -300.1017582180592, "y": 599.5626932548296}, "channel": 8}, "attempt": 1}
2026-09-12 16:54:08,924 INFO response {"request_id": "ba91cc084b2b422fb540aa2a7cfb7042", "http_status": 200, "body": {"accepted": true, "real_timestamp_ms": 1789203245649, "virtual_time_s": 3721.005542, "measure_result": "direction", "svd_deg": 86.98}}
2026-09-12 16:54:09,585 INFO request {"path": "/clear", "payload": {"arena_id": "default", "robot_id": "202601002029", "request_id": "f12cb960db8f4e9791169b72f23caae2", "position": {"x": -581.0094186366058, "y": 736.9375000267444}, "channel": 10}, "attempt": 1}
2026-09-12 16:54:09,603 INFO response {"request_id": "f12cb960db8f4e9791169b72f23caae2", "http_status": 200, "body": {"accepted": true, "real_timestamp_ms": 1789203246327, "virtual_time_s": 3788.545434, "clear_result": "success"}}
2026-09-12 16:54:09,619 INFO request {"path": "/measure", "payload": {"arena_id": "default", "robot_id": "202601002029", "request_id": "036b5c4b743f4ee2822dc9ba689acf8a", "position": {"x": -581.0094186366058, "y": 736.9375000267444}, "channel": 8}, "attempt": 1}
2026-09-12 16:54:09,620 INFO response {"request_id": "036b5c4b743f4ee2822dc9ba689acf8a", "http_status": 200, "body": {"accepted": true, "real_timestamp_ms": 1789203246343, "virtual_time_s": 3793.545434, "measure_result": "direction", "svd_deg": 69.85}}
2026-09-12 16:54:10,429 INFO request {"path": "/clear", "payload": {"arena_id": "default", "robot_id": "202601002029", "request_id": "be21d3a8cd5c470a8f65858dce69aff1", "position": {"x": -1034.1320876908828, "y": 749.4614704163819}, "channel": 11}, "attempt": 1}
2026-09-12 16:54:10,446 INFO response {"request_id": "be21d3a8cd5c470a8f65858dce69aff1", "http_status": 200, "body": {"accepted": true, "real_timestamp_ms": 1789203247170, "virtual_time_s": 3889.204577, "clear_result": "success"}}
2026-09-12 16:54:10,446 INFO request {"path": "/measure", "payload": {"arena_id": "default", "robot_id": "202601002029", "request_id": "72c36995d9ff46728b0979f6e28bee73", "position": {"x": -598.094552642116, "y": 1567.1460778986016}, "channel": 8}, "attempt": 1}
2026-09-12 16:54:10,466 INFO response {"request_id": "72c36995d9ff46728b0979f6e28bee73", "http_status": 200, "body": {"accepted": true, "real_timestamp_ms": 1789203247189, "virtual_time_s": 4079.540688, "measure_result": "direction", "svd_deg": 24.71}}
2026-09-12 16:54:10,475 INFO request {"path": "/clear", "payload": {"arena_id": "default", "robot_id": "202601002029", "request_id": "d2db82e9cb0048e2aa158fac2142e971", "position": {"x": -230.93640245621475, "y": 1734.3795975901785}, "channel": 8}, "attempt": 1}
2026-09-12 16:54:10,476 INFO response {"request_id": "d2db82e9cb0048e2aa158fac2142e971", "http_status": 200, "body": {"accepted": true, "real_timestamp_ms": 1789203247199, "virtual_time_s": 4165.230751, "clear_result": "success"}}
2026-09-12 16:54:10,476 INFO request {"path": "/exit", "payload": {"arena_id": "default", "robot_id": "202601002029", "request_id": "86bb0ca067ec4fc1ab970ea16011b2b8"}, "attempt": 1}
2026-09-12 16:54:10,496 INFO response {"request_id": "86bb0ca067ec4fc1ab970ea16011b2b8", "http_status": 200, "body": {"accepted": true, "real_timestamp_ms": 1789203247220, "virtual_time_s": 4165.230751, "exit_reason": "user_exit"}}
