2026-09-12 14:16:58,911 INFO request {"path": "/enter", "payload": {"arena_id": "default", "robot_id": "202601002029", "request_id": "d92fafcd401947a183996d9cb7c00670"}, "attempt": 1}
2026-09-12 14:16:58,915 INFO response {"request_id": "d92fafcd401947a183996d9cb7c00670", "http_status": 200, "body": {"accepted": true, "real_timestamp_ms": 1789193815556, "virtual_time_s": 0, "max_virtual_duration_s": 360000, "max_real_duration_s": 1200, "remaining_real_duration_s": 1200}}
2026-09-12 14:16:58,915 INFO request {"path": "/measure", "payload": {"arena_id": "default", "robot_id": "202601002029", "request_id": "cbe24a95cbea46549a73ed7df5b22536", "position": {"x": 0.0, "y": 0.0}, "channel": 1}, "attempt": 1}
2026-09-12 14:16:58,917 INFO response {"request_id": "cbe24a95cbea46549a73ed7df5b22536", "http_status": 200, "body": {"accepted": true, "real_timestamp_ms": 1789193815558, "virtual_time_s": 5, "measure_result": "no_signal"}}
2026-09-12 14:16:58,917 INFO request {"path": "/measure", "payload": {"arena_id": "default", "robot_id": "202601002029", "request_id": "6d5cd4b6787e4e1c9fc6fca982e5b228", "position": {"x": 0.0, "y": 0.0}, "channel": 2}, "attempt": 1}
2026-09-12 14:16:58,918 INFO response {"request_id": "6d5cd4b6787e4e1c9fc6fca982e5b228", "http_status": 200, "body": {"accepted": true, "real_timestamp_ms": 1789193815559, "virtual_time_s": 11, "measure_result": "no_signal"}}
2026-09-12 14:16:58,918 INFO request {"path": "/measure", "payload": {"arena_id": "default", "robot_id": "202601002029", "request_id": "a7c5f84e85db46ee967dc7f798a4e242", "position": {"x": 0.0, "y": 0.0}, "channel": 3}, "attempt": 1}
2026-09-12 14:16:58,919 INFO response {"request_id": "a7c5f84e85db46ee967dc7f798a4e242", "http_status": 200, "body": {"accepted": true, "real_timestamp_ms": 1789193815560, "virtual_time_s": 17, "measure_result": "direction", "svd_deg": 318.08}}
2026-09-12 14:16:58,926 INFO request {"path": "/measure", "payload": {"arena_id": "default", "robot_id": "202601002029", "request_id": "ef307117597c4bf6944351ef27e85b01", "position": {"x": 0.0, "y": 0.0}, "channel": 4}, "attempt": 1}
2026-09-12 14:16:58,929 INFO response {"request_id": "ef307117597c4bf6944351ef27e85b01", "http_status": 200, "body": {"accepted": true, "real_timestamp_ms": 1789193815570, "virtual_time_s": 23, "measure_result": "no_signal"}}
2026-09-12 14:16:58,929 INFO request {"path": "/measure", "payload": {"arena_id": "default", "robot_id": "202601002029", "request_id": "fccd9562eb624e6aba1e15ab50d782f5", "position": {"x": 0.0, "y": 0.0}, "channel": 5}, "attempt": 1}
2026-09-12 14:16:58,931 INFO response {"request_id": "fccd9562eb624e6aba1e15ab50d782f5", "http_status": 200, "body": {"accepted": true, "real_timestamp_ms": 1789193815571, "virtual_time_s": 29, "measure_result": "no_signal"}}
2026-09-12 14:16:58,931 INFO request {"path": "/measure", "payload": {"arena_id": "default", "robot_id": "202601002029", "request_id": "72e27f78a3774d6f93ed79dd536486c0", "position": {"x": 0.0, "y": 0.0}, "channel": 6}, "attempt": 1}
2026-09-12 14:16:58,932 INFO response {"request_id": "72e27f78a3774d6f93ed79dd536486c0", "http_status": 200, "body": {"accepted": true, "real_timestamp_ms": 1789193815574, "virtual_time_s": 35, "measure_result": "no_signal"}}
2026-09-12 14:16:58,933 INFO request {"path": "/measure", "payload": {"arena_id": "default", "robot_id": "202601002029", "request_id": "8ef6f81a145e4cc7ac0d56ee9eccefa3", "position": {"x": 0.0, "y": 0.0}, "channel": 7}, "attempt": 1}
2026-09-12 14:16:58,948 INFO response {"request_id": "8ef6f81a145e4cc7ac0d56ee9eccefa3", "http_status": 200, "body": {"accepted": true, "real_timestamp_ms": 1789193815589, "virtual_time_s": 41, "measure_result": "direction", "svd_deg": 45.16}}
2026-09-12 14:16:58,950 INFO request {"path": "/measure", "payload": {"arena_id": "default", "robot_id": "202601002029", "request_id": "b9c699d37be24cfaad1d17c51f80c8b6", "position": {"x": 0.0, "y": 0.0}, "channel": 8}, "attempt": 1}
2026-09-12 14:16:58,968 INFO response {"request_id": "b9c699d37be24cfaad1d17c51f80c8b6", "http_status": 200, "body": {"accepted": true, "real_timestamp_ms": 1789193815609, "virtual_time_s": 47, "measure_result": "direction", "svd_deg": 211.23}}
2026-09-12 14:16:58,972 INFO request {"path": "/measure", "payload": {"arena_id": "default", "robot_id": "202601002029", "request_id": "ec82ae219ff2499b9bab9e5fb585917f", "position": {"x": 0.0, "y": 0.0}, "channel": 9}, "attempt": 1}
2026-09-12 14:16:58,987 INFO response {"request_id": "ec82ae219ff2499b9bab9e5fb585917f", "http_status": 200, "body": {"accepted": true, "real_timestamp_ms": 1789193815628, "virtual_time_s": 53, "measure_result": "no_signal"}}
2026-09-12 14:16:58,988 INFO request {"path": "/measure", "payload": {"arena_id": "default", "robot_id": "202601002029", "request_id": "c797bce02b5a4671bb55fbc99361aa56", "position": {"x": 0.0, "y": 0.0}, "channel": 10}, "attempt": 1}
2026-09-12 14:16:59,008 INFO response {"request_id": "c797bce02b5a4671bb55fbc99361aa56", "http_status": 200, "body": {"accepted": true, "real_timestamp_ms": 1789193815648, "virtual_time_s": 59, "measure_result": "no_signal"}}
2026-09-12 14:16:59,008 INFO request {"path": "/measure", "payload": {"arena_id": "default", "robot_id": "202601002029", "request_id": "8cb3a659b1074d7db996d4b58d559c70", "position": {"x": 0.0, "y": 0.0}, "channel": 11}, "attempt": 1}
2026-09-12 14:16:59,028 INFO response {"request_id": "8cb3a659b1074d7db996d4b58d559c70", "http_status": 200, "body": {"accepted": true, "real_timestamp_ms": 1789193815668, "virtual_time_s": 65, "measure_result": "no_signal"}}
2026-09-12 14:16:59,028 INFO request {"path": "/measure", "payload": {"arena_id": "default", "robot_id": "202601002029", "request_id": "3163614fdb9940c4a35812446645b430", "position": {"x": 0.0, "y": 0.0}, "channel": 12}, "attempt": 1}
2026-09-12 14:16:59,031 INFO response {"request_id": "3163614fdb9940c4a35812446645b430", "http_status": 200, "body": {"accepted": true, "real_timestamp_ms": 1789193815671, "virtual_time_s": 71, "measure_result": "direction", "svd_deg": 292.52}}
2026-09-12 14:16:59,036 INFO request {"path": "/measure", "payload": {"arena_id": "default", "robot_id": "202601002029", "request_id": "931624f132a84fdf890e9a6887c6a87a", "position": {"x": 0.0, "y": 0.0}, "channel": 13}, "attempt": 1}
2026-09-12 14:16:59,061 INFO response {"request_id": "931624f132a84fdf890e9a6887c6a87a", "http_status": 200, "body": {"accepted": true, "real_timestamp_ms": 1789193815696, "virtual_time_s": 77, "measure_result": "direction", "svd_deg": 233.75}}
2026-09-12 14:16:59,066 INFO request {"path": "/measure", "payload": {"arena_id": "default", "robot_id": "202601002029", "request_id": "2594308a062448e6a1389138dc97ffaa", "position": {"x": 0.0, "y": 0.0}, "channel": 14}, "attempt": 1}
2026-09-12 14:16:59,069 INFO response {"request_id": "2594308a062448e6a1389138dc97ffaa", "http_status": 200, "body": {"accepted": true, "real_timestamp_ms": 1789193815710, "virtual_time_s": 83, "measure_result": "no_signal"}}
2026-09-12 14:16:59,069 INFO request {"path": "/measure", "payload": {"arena_id": "default", "robot_id": "202601002029", "request_id": "7d1a8b1b0d164b85bcc77bcb8c2c914d", "position": {"x": 0.0, "y": 0.0}, "channel": 15}, "attempt": 1}
2026-09-12 14:16:59,086 INFO response {"request_id": "7d1a8b1b0d164b85bcc77bcb8c2c914d", "http_status": 200, "body": {"accepted": true, "real_timestamp_ms": 1789193815726, "virtual_time_s": 89, "measure_result": "no_signal"}}
2026-09-12 14:16:59,086 INFO request {"path": "/measure", "payload": {"arena_id": "default", "robot_id": "202601002029", "request_id": "0ef95606e2cc4389914c32e1fe8c18b6", "position": {"x": 0.0, "y": 0.0}, "channel": 16}, "attempt": 1}
2026-09-12 14:16:59,089 INFO response {"request_id": "0ef95606e2cc4389914c32e1fe8c18b6", "http_status": 200, "body": {"accepted": true, "real_timestamp_ms": 1789193815729, "virtual_time_s": 95, "measure_result": "no_signal"}}
2026-09-12 14:16:59,089 INFO request {"path": "/measure", "payload": {"arena_id": "default", "robot_id": "202601002029", "request_id": "e857e0f8fb7e46e8870f3905462d71b2", "position": {"x": 0.0, "y": 0.0}, "channel": 17}, "attempt": 1}
2026-09-12 14:16:59,092 INFO response {"request_id": "e857e0f8fb7e46e8870f3905462d71b2", "http_status": 200, "body": {"accepted": true, "real_timestamp_ms": 1789193815733, "virtual_time_s": 101, "measure_result": "no_signal"}}
2026-09-12 14:16:59,092 INFO request {"path": "/measure", "payload": {"arena_id": "default", "robot_id": "202601002029", "request_id": "f4e28446e32c4f0dabf6c4df1a39039b", "position": {"x": 0.0, "y": 0.0}, "channel": 18}, "attempt": 1}
2026-09-12 14:16:59,106 INFO response {"request_id": "f4e28446e32c4f0dabf6c4df1a39039b", "http_status": 200, "body": {"accepted": true, "real_timestamp_ms": 1789193815746, "virtual_time_s": 107, "measure_result": "no_signal"}}
2026-09-12 14:16:59,106 INFO request {"path": "/measure", "payload": {"arena_id": "default", "robot_id": "202601002029", "request_id": "f3b2cfaca85f416cbe27c8de2c51f4b4", "position": {"x": 0.0, "y": 0.0}, "channel": 19}, "attempt": 1}
2026-09-12 14:16:59,108 INFO response {"request_id": "f3b2cfaca85f416cbe27c8de2c51f4b4", "http_status": 200, "body": {"accepted": true, "real_timestamp_ms": 1789193815749, "virtual_time_s": 113, "measure_result": "direction", "svd_deg": 99.56}}
2026-09-12 14:16:59,113 INFO request {"path": "/measure", "payload": {"arena_id": "default", "robot_id": "202601002029", "request_id": "0ac855630e554f01b87976938921ff9f", "position": {"x": 0.0, "y": 0.0}, "channel": 20}, "attempt": 1}
2026-09-12 14:16:59,134 INFO response {"request_id": "0ac855630e554f01b87976938921ff9f", "http_status": 200, "body": {"accepted": true, "real_timestamp_ms": 1789193815775, "virtual_time_s": 119, "measure_result": "no_signal"}}
2026-09-12 14:16:59,134 INFO request {"path": "/measure", "payload": {"arena_id": "default", "robot_id": "202601002029", "request_id": "1da4d10a341d42ffaaf76770cd2d28f8", "position": {"x": 1200.0, "y": 0.0}, "channel": 20}, "attempt": 1}
2026-09-12 14:16:59,154 INFO response {"request_id": "1da4d10a341d42ffaaf76770cd2d28f8", "http_status": 200, "body": {"accepted": true, "real_timestamp_ms": 1789193815795, "virtual_time_s": 364, "measure_result": "no_signal"}}
2026-09-12 14:16:59,155 INFO request {"path": "/measure", "payload": {"arena_id": "default", "robot_id": "202601002029", "request_id": "d079058136124c77af9b7d154fc53f26", "position": {"x": 1200.0, "y": 0.0}, "channel": 1}, "attempt": 1}
2026-09-12 14:16:59,157 INFO response {"request_id": "d079058136124c77af9b7d154fc53f26", "http_status": 200, "body": {"accepted": true, "real_timestamp_ms": 1789193815797, "virtual_time_s": 370, "measure_result": "no_signal"}}
2026-09-12 14:16:59,158 INFO request {"path": "/measure", "payload": {"arena_id": "default", "robot_id": "202601002029", "request_id": "3f791cfbf09442cebdbc1b0e10e259bc", "position": {"x": 1200.0, "y": 0.0}, "channel": 2}, "attempt": 1}
2026-09-12 14:16:59,159 INFO response {"request_id": "3f791cfbf09442cebdbc1b0e10e259bc", "http_status": 200, "body": {"accepted": true, "real_timestamp_ms": 1789193815800, "virtual_time_s": 376, "measure_result": "no_signal"}}
2026-09-12 14:16:59,160 INFO request {"path": "/measure", "payload": {"arena_id": "default", "robot_id": "202601002029", "request_id": "d3f90ed7faf749a9b84bddb4d1b801db", "position": {"x": 1200.0, "y": 0.0}, "channel": 4}, "attempt": 1}
2026-09-12 14:16:59,162 INFO response {"request_id": "d3f90ed7faf749a9b84bddb4d1b801db", "http_status": 200, "body": {"accepted": true, "real_timestamp_ms": 1789193815802, "virtual_time_s": 382, "measure_result": "no_signal"}}
2026-09-12 14:16:59,162 INFO request {"path": "/measure", "payload": {"arena_id": "default", "robot_id": "202601002029", "request_id": "ac515361d17c4e30a7f420f48071b13d", "position": {"x": 1200.0, "y": 0.0}, "channel": 5}, "attempt": 1}
2026-09-12 14:16:59,174 INFO response {"request_id": "ac515361d17c4e30a7f420f48071b13d", "http_status": 200, "body": {"accepted": true, "real_timestamp_ms": 1789193815814, "virtual_time_s": 388, "measure_result": "no_signal"}}
2026-09-12 14:16:59,174 INFO request {"path": "/measure", "payload": {"arena_id": "default", "robot_id": "202601002029", "request_id": "f0c0c6cfec1f4c45b174e136f39c0073", "position": {"x": 1200.0, "y": 0.0}, "channel": 6}, "attempt": 1}
2026-09-12 14:16:59,193 INFO response {"request_id": "f0c0c6cfec1f4c45b174e136f39c0073", "http_status": 200, "body": {"accepted": true, "real_timestamp_ms": 1789193815834, "virtual_time_s": 394, "measure_result": "no_signal"}}
2026-09-12 14:16:59,194 INFO request {"path": "/measure", "payload": {"arena_id": "default", "robot_id": "202601002029", "request_id": "0c1bfb8615b1478ea434b4dfb91800f1", "position": {"x": 1200.0, "y": 0.0}, "channel": 9}, "attempt": 1}
2026-09-12 14:16:59,196 INFO response {"request_id": "0c1bfb8615b1478ea434b4dfb91800f1", "http_status": 200, "body": {"accepted": true, "real_timestamp_ms": 1789193815836, "virtual_time_s": 400, "measure_result": "no_signal"}}
2026-09-12 14:16:59,196 INFO request {"path": "/measure", "payload": {"arena_id": "default", "robot_id": "202601002029", "request_id": "accd836f73f34c00a8f17d63d70e1ad6", "position": {"x": 1200.0, "y": 0.0}, "channel": 10}, "attempt": 1}
2026-09-12 14:16:59,198 INFO response {"request_id": "accd836f73f34c00a8f17d63d70e1ad6", "http_status": 200, "body": {"accepted": true, "real_timestamp_ms": 1789193815838, "virtual_time_s": 406, "measure_result": "no_signal"}}
2026-09-12 14:16:59,198 INFO request {"path": "/measure", "payload": {"arena_id": "default", "robot_id": "202601002029", "request_id": "78c3ab7aa82247d89785e5eed1dab740", "position": {"x": 1200.0, "y": 0.0}, "channel": 11}, "attempt": 1}
2026-09-12 14:16:59,200 INFO response {"request_id": "78c3ab7aa82247d89785e5eed1dab740", "http_status": 200, "body": {"accepted": true, "real_timestamp_ms": 1789193815841, "virtual_time_s": 412, "measure_result": "no_signal"}}
2026-09-12 14:16:59,200 INFO request {"path": "/measure", "payload": {"arena_id": "default", "robot_id": "202601002029", "request_id": "5fc20662a88b4ab7b125be1601a1e4a2", "position": {"x": 1200.0, "y": 0.0}, "channel": 14}, "attempt": 1}
2026-09-12 14:16:59,213 INFO response {"request_id": "5fc20662a88b4ab7b125be1601a1e4a2", "http_status": 200, "body": {"accepted": true, "real_timestamp_ms": 1789193815854, "virtual_time_s": 418, "measure_result": "no_signal"}}
2026-09-12 14:16:59,213 INFO request {"path": "/measure", "payload": {"arena_id": "default", "robot_id": "202601002029", "request_id": "bc046d1109074ee980495f8c704738a0", "position": {"x": 1200.0, "y": 0.0}, "channel": 15}, "attempt": 1}
2026-09-12 14:16:59,234 INFO response {"request_id": "bc046d1109074ee980495f8c704738a0", "http_status": 200, "body": {"accepted": true, "real_timestamp_ms": 1789193815874, "virtual_time_s": 424, "measure_result": "no_signal"}}
2026-09-12 14:16:59,234 INFO request {"path": "/measure", "payload": {"arena_id": "default", "robot_id": "202601002029", "request_id": "0035e6b34e5d495e9f5b385aeeea39a1", "position": {"x": 1200.0, "y": 0.0}, "channel": 16}, "attempt": 1}
2026-09-12 14:16:59,253 INFO response {"request_id": "0035e6b34e5d495e9f5b385aeeea39a1", "http_status": 200, "body": {"accepted": true, "real_timestamp_ms": 1789193815893, "virtual_time_s": 430, "measure_result": "no_signal"}}
2026-09-12 14:16:59,253 INFO request {"path": "/measure", "payload": {"arena_id": "default", "robot_id": "202601002029", "request_id": "da04fff87ee54d64be1ab22216eeab90", "position": {"x": 1200.0, "y": 0.0}, "channel": 17}, "attempt": 1}
2026-09-12 14:16:59,255 INFO response {"request_id": "da04fff87ee54d64be1ab22216eeab90", "http_status": 200, "body": {"accepted": true, "real_timestamp_ms": 1789193815895, "virtual_time_s": 436, "measure_result": "no_signal"}}
2026-09-12 14:16:59,255 INFO request {"path": "/measure", "payload": {"arena_id": "default", "robot_id": "202601002029", "request_id": "ee01da9bbe2b4132b573d65e57b6f987", "position": {"x": 1200.0, "y": 0.0}, "channel": 18}, "attempt": 1}
2026-09-12 14:16:59,273 INFO response {"request_id": "ee01da9bbe2b4132b573d65e57b6f987", "http_status": 200, "body": {"accepted": true, "real_timestamp_ms": 1789193815913, "virtual_time_s": 442, "measure_result": "no_signal"}}
2026-09-12 14:16:59,306 INFO request {"path": "/measure", "payload": {"arena_id": "default", "robot_id": "202601002029", "request_id": "b7a33ebbcb7d4d59a2ff3d802ec0cf57", "position": {"x": 1200.0, "y": 0.0}, "channel": 7}, "attempt": 1}
2026-09-12 14:16:59,308 INFO response {"request_id": "b7a33ebbcb7d4d59a2ff3d802ec0cf57", "http_status": 200, "body": {"accepted": true, "real_timestamp_ms": 1789193815949, "virtual_time_s": 448, "measure_result": "direction", "svd_deg": 169.47}}
2026-09-12 14:16:59,323 INFO request {"path": "/measure", "payload": {"arena_id": "default", "robot_id": "202601002029", "request_id": "41d042e534ab47859d81ac3a951d101c", "position": {"x": 1200.0, "y": 0.0}, "channel": 3}, "attempt": 1}
2026-09-12 14:16:59,342 INFO response {"request_id": "41d042e534ab47859d81ac3a951d101c", "http_status": 200, "body": {"accepted": true, "real_timestamp_ms": 1789193815982, "virtual_time_s": 454, "measure_result": "direction", "svd_deg": 195.57}}
2026-09-12 14:16:59,357 INFO request {"path": "/measure", "payload": {"arena_id": "default", "robot_id": "202601002029", "request_id": "12bd78d091864f2497adfdb9cc554bc9", "position": {"x": 600.0000000000001, "y": 1039.2304845413264}, "channel": 1}, "attempt": 1}
2026-09-12 14:16:59,361 INFO response {"request_id": "12bd78d091864f2497adfdb9cc554bc9", "http_status": 200, "body": {"accepted": true, "real_timestamp_ms": 1789193816002, "virtual_time_s": 700, "measure_result": "direction", "svd_deg": 94.81}}
2026-09-12 14:16:59,366 INFO request {"path": "/measure", "payload": {"arena_id": "default", "robot_id": "202601002029", "request_id": "8aca2da9a4a5405d8034c09e3a9fd213", "position": {"x": 600.0000000000001, "y": 1039.2304845413264}, "channel": 2}, "attempt": 1}
2026-09-12 14:16:59,368 INFO response {"request_id": "8aca2da9a4a5405d8034c09e3a9fd213", "http_status": 200, "body": {"accepted": true, "real_timestamp_ms": 1789193816008, "virtual_time_s": 706, "measure_result": "no_signal"}}
2026-09-12 14:16:59,368 INFO request {"path": "/measure", "payload": {"arena_id": "default", "robot_id": "202601002029", "request_id": "02600874c2f54705ac9b92d59b9e9f7a", "position": {"x": 600.0000000000001, "y": 1039.2304845413264}, "channel": 4}, "attempt": 1}
2026-09-12 14:16:59,390 INFO response {"request_id": "02600874c2f54705ac9b92d59b9e9f7a", "http_status": 200, "body": {"accepted": true, "real_timestamp_ms": 1789193816031, "virtual_time_s": 712, "measure_result": "no_signal"}}
2026-09-12 14:16:59,391 INFO request {"path": "/measure", "payload": {"arena_id": "default", "robot_id": "202601002029", "request_id": "33658c18b7d244158cbd5edd8decba47", "position": {"x": 600.0000000000001, "y": 1039.2304845413264}, "channel": 5}, "attempt": 1}
2026-09-12 14:16:59,409 INFO response {"request_id": "33658c18b7d244158cbd5edd8decba47", "http_status": 200, "body": {"accepted": true, "real_timestamp_ms": 1789193816050, "virtual_time_s": 718, "measure_result": "no_signal"}}
2026-09-12 14:16:59,410 INFO request {"path": "/measure", "payload": {"arena_id": "default", "robot_id": "202601002029", "request_id": "079ce711a6e440ecb4decd790555e293", "position": {"x": 600.0000000000001, "y": 1039.2304845413264}, "channel": 6}, "attempt": 1}
2026-09-12 14:16:59,429 INFO response {"request_id": "079ce711a6e440ecb4decd790555e293", "http_status": 200, "body": {"accepted": true, "real_timestamp_ms": 1789193816069, "virtual_time_s": 724, "measure_result": "no_signal"}}
2026-09-12 14:16:59,429 INFO request {"path": "/measure", "payload": {"arena_id": "default", "robot_id": "202601002029", "request_id": "c7c78f10e87149e4ae9bf1a30b312da5", "position": {"x": 600.0000000000001, "y": 1039.2304845413264}, "channel": 9}, "attempt": 1}
2026-09-12 14:16:59,431 INFO response {"request_id": "c7c78f10e87149e4ae9bf1a30b312da5", "http_status": 200, "body": {"accepted": true, "real_timestamp_ms": 1789193816072, "virtual_time_s": 730, "measure_result": "no_signal"}}
2026-09-12 14:16:59,432 INFO request {"path": "/measure", "payload": {"arena_id": "default", "robot_id": "202601002029", "request_id": "5cd01836e7de413f990dae299dece5ff", "position": {"x": 600.0000000000001, "y": 1039.2304845413264}, "channel": 10}, "attempt": 1}
2026-09-12 14:16:59,434 INFO response {"request_id": "5cd01836e7de413f990dae299dece5ff", "http_status": 200, "body": {"accepted": true, "real_timestamp_ms": 1789193816075, "virtual_time_s": 736, "measure_result": "no_signal"}}
2026-09-12 14:16:59,434 INFO request {"path": "/measure", "payload": {"arena_id": "default", "robot_id": "202601002029", "request_id": "21ff8361d86141319950ef168630de63", "position": {"x": 600.0000000000001, "y": 1039.2304845413264}, "channel": 11}, "attempt": 1}
2026-09-12 14:16:59,450 INFO response {"request_id": "21ff8361d86141319950ef168630de63", "http_status": 200, "body": {"accepted": true, "real_timestamp_ms": 1789193816090, "virtual_time_s": 742, "measure_result": "no_signal"}}
2026-09-12 14:16:59,450 INFO request {"path": "/measure", "payload": {"arena_id": "default", "robot_id": "202601002029", "request_id": "af37bd4bc9ae46bfb4bce4547d98c2b0", "position": {"x": 600.0000000000001, "y": 1039.2304845413264}, "channel": 14}, "attempt": 1}
2026-09-12 14:16:59,452 INFO response {"request_id": "af37bd4bc9ae46bfb4bce4547d98c2b0", "http_status": 200, "body": {"accepted": true, "real_timestamp_ms": 1789193816092, "virtual_time_s": 748, "measure_result": "no_signal"}}
2026-09-12 14:16:59,452 INFO request {"path": "/measure", "payload": {"arena_id": "default", "robot_id": "202601002029", "request_id": "ce679c924caf4a8991a53ca46a453f72", "position": {"x": 600.0000000000001, "y": 1039.2304845413264}, "channel": 15}, "attempt": 1}
2026-09-12 14:16:59,454 INFO response {"request_id": "ce679c924caf4a8991a53ca46a453f72", "http_status": 200, "body": {"accepted": true, "real_timestamp_ms": 1789193816094, "virtual_time_s": 754, "measure_result": "no_signal"}}
2026-09-12 14:16:59,454 INFO request {"path": "/measure", "payload": {"arena_id": "default", "robot_id": "202601002029", "request_id": "4f448189dfa2400b8e7388073020c15e", "position": {"x": 600.0000000000001, "y": 1039.2304845413264}, "channel": 16}, "attempt": 1}
2026-09-12 14:16:59,456 INFO response {"request_id": "4f448189dfa2400b8e7388073020c15e", "http_status": 200, "body": {"accepted": true, "real_timestamp_ms": 1789193816097, "virtual_time_s": 760, "measure_result": "no_signal"}}
2026-09-12 14:16:59,456 INFO request {"path": "/measure", "payload": {"arena_id": "default", "robot_id": "202601002029", "request_id": "df1df3dc606c46bf95823e0d5cc81d08", "position": {"x": 600.0000000000001, "y": 1039.2304845413264}, "channel": 17}, "attempt": 1}
2026-09-12 14:16:59,469 INFO response {"request_id": "df1df3dc606c46bf95823e0d5cc81d08", "http_status": 200, "body": {"accepted": true, "real_timestamp_ms": 1789193816110, "virtual_time_s": 766, "measure_result": "no_signal"}}
2026-09-12 14:16:59,469 INFO request {"path": "/measure", "payload": {"arena_id": "default", "robot_id": "202601002029", "request_id": "5e75925e4c8e40429ed03a8fb088829d", "position": {"x": 600.0000000000001, "y": 1039.2304845413264}, "channel": 18}, "attempt": 1}
2026-09-12 14:16:59,471 INFO response {"request_id": "5e75925e4c8e40429ed03a8fb088829d", "http_status": 200, "body": {"accepted": true, "real_timestamp_ms": 1789193816112, "virtual_time_s": 772, "measure_result": "no_signal"}}
2026-09-12 14:16:59,471 INFO request {"path": "/measure", "payload": {"arena_id": "default", "robot_id": "202601002029", "request_id": "c3cd12434a1b497a8fe60f0a92364ce7", "position": {"x": 600.0000000000001, "y": 1039.2304845413264}, "channel": 20}, "attempt": 1}
2026-09-12 14:16:59,473 INFO response {"request_id": "c3cd12434a1b497a8fe60f0a92364ce7", "http_status": 200, "body": {"accepted": true, "real_timestamp_ms": 1789193816113, "virtual_time_s": 778, "measure_result": "no_signal"}}
2026-09-12 14:16:59,509 INFO request {"path": "/measure", "payload": {"arena_id": "default", "robot_id": "202601002029", "request_id": "a184d364b81347e29cb3885a65193913", "position": {"x": 600.0000000000001, "y": 1039.2304845413264}, "channel": 19}, "attempt": 1}
2026-09-12 14:16:59,528 INFO response {"request_id": "a184d364b81347e29cb3885a65193913", "http_status": 200, "body": {"accepted": true, "real_timestamp_ms": 1789193816168, "virtual_time_s": 784, "measure_result": "direction", "svd_deg": 164.37}}
2026-09-12 14:16:59,540 INFO request {"path": "/measure", "payload": {"arena_id": "default", "robot_id": "202601002029", "request_id": "e6011aa6bad44e929a810e10cb305cac", "position": {"x": -599.9999999999998, "y": 1039.2304845413264}, "channel": 2}, "attempt": 1}
2026-09-12 14:16:59,556 INFO response {"request_id": "e6011aa6bad44e929a810e10cb305cac", "http_status": 200, "body": {"accepted": true, "real_timestamp_ms": 1789193816197, "virtual_time_s": 1030, "measure_result": "no_signal"}}
2026-09-12 14:16:59,556 INFO request {"path": "/measure", "payload": {"arena_id": "default", "robot_id": "202601002029", "request_id": "c428198dada34273a2b798c2fa965a4e", "position": {"x": -599.9999999999998, "y": 1039.2304845413264}, "channel": 4}, "attempt": 1}
2026-09-12 14:16:59,557 INFO response {"request_id": "c428198dada34273a2b798c2fa965a4e", "http_status": 200, "body": {"accepted": true, "real_timestamp_ms": 1789193816198, "virtual_time_s": 1036, "measure_result": "no_signal"}}
2026-09-12 14:16:59,557 INFO request {"path": "/measure", "payload": {"arena_id": "default", "robot_id": "202601002029", "request_id": "08b3ae5059934e94973388bc3d7279db", "position": {"x": -599.9999999999998, "y": 1039.2304845413264}, "channel": 5}, "attempt": 1}
2026-09-12 14:16:59,576 INFO response {"request_id": "08b3ae5059934e94973388bc3d7279db", "http_status": 200, "body": {"accepted": true, "real_timestamp_ms": 1789193816217, "virtual_time_s": 1042, "measure_result": "no_signal"}}
2026-09-12 14:16:59,576 INFO request {"path": "/measure", "payload": {"arena_id": "default", "robot_id": "202601002029", "request_id": "3d6d811358834a49a002a731a0deeda1", "position": {"x": -599.9999999999998, "y": 1039.2304845413264}, "channel": 6}, "attempt": 1}
2026-09-12 14:16:59,595 INFO response {"request_id": "3d6d811358834a49a002a731a0deeda1", "http_status": 200, "body": {"accepted": true, "real_timestamp_ms": 1789193816236, "virtual_time_s": 1048, "measure_result": "no_signal"}}
2026-09-12 14:16:59,595 INFO request {"path": "/measure", "payload": {"arena_id": "default", "robot_id": "202601002029", "request_id": "53ab353b4b694fd3b0edb6e23746497d", "position": {"x": -599.9999999999998, "y": 1039.2304845413264}, "channel": 9}, "attempt": 1}
2026-09-12 14:16:59,596 INFO response {"request_id": "53ab353b4b694fd3b0edb6e23746497d", "http_status": 200, "body": {"accepted": true, "real_timestamp_ms": 1789193816237, "virtual_time_s": 1054, "measure_result": "no_signal"}}
2026-09-12 14:16:59,596 INFO request {"path": "/measure", "payload": {"arena_id": "default", "robot_id": "202601002029", "request_id": "20434c208a914f469da2f179deff2766", "position": {"x": -599.9999999999998, "y": 1039.2304845413264}, "channel": 10}, "attempt": 1}
2026-09-12 14:16:59,615 INFO response {"request_id": "20434c208a914f469da2f179deff2766", "http_status": 200, "body": {"accepted": true, "real_timestamp_ms": 1789193816256, "virtual_time_s": 1060, "measure_result": "no_signal"}}
2026-09-12 14:16:59,615 INFO request {"path": "/measure", "payload": {"arena_id": "default", "robot_id": "202601002029", "request_id": "f0f8efd27e2d4a9e8ea327c22ffe93c4", "position": {"x": -599.9999999999998, "y": 1039.2304845413264}, "channel": 11}, "attempt": 1}
2026-09-12 14:16:59,617 INFO response {"request_id": "f0f8efd27e2d4a9e8ea327c22ffe93c4", "http_status": 200, "body": {"accepted": true, "real_timestamp_ms": 1789193816258, "virtual_time_s": 1066, "measure_result": "no_signal"}}
2026-09-12 14:16:59,617 INFO request {"path": "/measure", "payload": {"arena_id": "default", "robot_id": "202601002029", "request_id": "89c6f72e43be48de8ce35547d2d44fe7", "position": {"x": -599.9999999999998, "y": 1039.2304845413264}, "channel": 14}, "attempt": 1}
2026-09-12 14:16:59,635 INFO response {"request_id": "89c6f72e43be48de8ce35547d2d44fe7", "http_status": 200, "body": {"accepted": true, "real_timestamp_ms": 1789193816276, "virtual_time_s": 1072, "measure_result": "no_signal"}}
2026-09-12 14:16:59,635 INFO request {"path": "/measure", "payload": {"arena_id": "default", "robot_id": "202601002029", "request_id": "2608e75d51c04cfab3ab5bb280a28cc7", "position": {"x": -599.9999999999998, "y": 1039.2304845413264}, "channel": 15}, "attempt": 1}
2026-09-12 14:16:59,655 INFO response {"request_id": "2608e75d51c04cfab3ab5bb280a28cc7", "http_status": 200, "body": {"accepted": true, "real_timestamp_ms": 1789193816295, "virtual_time_s": 1078, "measure_result": "no_signal"}}
2026-09-12 14:16:59,655 INFO request {"path": "/measure", "payload": {"arena_id": "default", "robot_id": "202601002029", "request_id": "c8c9558b1f024245bf463dd0d07bce96", "position": {"x": -599.9999999999998, "y": 1039.2304845413264}, "channel": 16}, "attempt": 1}
2026-09-12 14:16:59,675 INFO response {"request_id": "c8c9558b1f024245bf463dd0d07bce96", "http_status": 200, "body": {"accepted": true, "real_timestamp_ms": 1789193816315, "virtual_time_s": 1084, "measure_result": "no_signal"}}
2026-09-12 14:16:59,675 INFO request {"path": "/measure", "payload": {"arena_id": "default", "robot_id": "202601002029", "request_id": "8a156b6e22e64d81937b3af7131aca9f", "position": {"x": -599.9999999999998, "y": 1039.2304845413264}, "channel": 17}, "attempt": 1}
2026-09-12 14:16:59,677 INFO response {"request_id": "8a156b6e22e64d81937b3af7131aca9f", "http_status": 200, "body": {"accepted": true, "real_timestamp_ms": 1789193816318, "virtual_time_s": 1090, "measure_result": "no_signal"}}
2026-09-12 14:16:59,677 INFO request {"path": "/measure", "payload": {"arena_id": "default", "robot_id": "202601002029", "request_id": "40145e19b2e041a49ea6aba1b9a379e5", "position": {"x": -599.9999999999998, "y": 1039.2304845413264}, "channel": 18}, "attempt": 1}
2026-09-12 14:16:59,680 INFO response {"request_id": "40145e19b2e041a49ea6aba1b9a379e5", "http_status": 200, "body": {"accepted": true, "real_timestamp_ms": 1789193816319, "virtual_time_s": 1096, "measure_result": "no_signal"}}
2026-09-12 14:16:59,680 INFO request {"path": "/measure", "payload": {"arena_id": "default", "robot_id": "202601002029", "request_id": "e8750cb1b17e42d5915b613f40e1668d", "position": {"x": -599.9999999999998, "y": 1039.2304845413264}, "channel": 20}, "attempt": 1}
2026-09-12 14:16:59,682 INFO response {"request_id": "e8750cb1b17e42d5915b613f40e1668d", "http_status": 200, "body": {"accepted": true, "real_timestamp_ms": 1789193816322, "virtual_time_s": 1102, "measure_result": "direction", "svd_deg": 147.05}}
2026-09-12 14:16:59,715 INFO request {"path": "/measure", "payload": {"arena_id": "default", "robot_id": "202601002029", "request_id": "11024636dfe14d2fb424f5240ca3a3dc", "position": {"x": -599.9999999999998, "y": 1039.2304845413264}, "channel": 19}, "attempt": 1}
2026-09-12 14:16:59,734 INFO response {"request_id": "11024636dfe14d2fb424f5240ca3a3dc", "http_status": 200, "body": {"accepted": true, "real_timestamp_ms": 1789193816374, "virtual_time_s": 1108, "measure_result": "direction", "svd_deg": 29.32}}
2026-09-12 14:16:59,743 INFO request {"path": "/measure", "payload": {"arena_id": "default", "robot_id": "202601002029", "request_id": "c771c186e8fc4e70b0fc276d8b9f28f9", "position": {"x": -1200.0, "y": 1.4695761589768238e-13}, "channel": 2}, "attempt": 1}
2026-09-12 14:16:59,746 INFO response {"request_id": "c771c186e8fc4e70b0fc276d8b9f28f9", "http_status": 200, "body": {"accepted": true, "real_timestamp_ms": 1789193816386, "virtual_time_s": 1354, "measure_result": "no_signal"}}
2026-09-12 14:16:59,747 INFO request {"path": "/measure", "payload": {"arena_id": "default", "robot_id": "202601002029", "request_id": "8943dcab82944a4b890cfe0af7932868", "position": {"x": -1200.0, "y": 1.4695761589768238e-13}, "channel": 4}, "attempt": 1}
2026-09-12 14:16:59,749 INFO response {"request_id": "8943dcab82944a4b890cfe0af7932868", "http_status": 200, "body": {"accepted": true, "real_timestamp_ms": 1789193816389, "virtual_time_s": 1360, "measure_result": "no_signal"}}
2026-09-12 14:16:59,749 INFO request {"path": "/measure", "payload": {"arena_id": "default", "robot_id": "202601002029", "request_id": "89b0f633e3e541e48025560f574c6c2b", "position": {"x": -1200.0, "y": 1.4695761589768238e-13}, "channel": 5}, "attempt": 1}
2026-09-12 14:16:59,751 INFO response {"request_id": "89b0f633e3e541e48025560f574c6c2b", "http_status": 200, "body": {"accepted": true, "real_timestamp_ms": 1789193816392, "virtual_time_s": 1366, "measure_result": "no_signal"}}
2026-09-12 14:16:59,751 INFO request {"path": "/measure", "payload": {"arena_id": "default", "robot_id": "202601002029", "request_id": "8ee2933edc4b4bcfaec9ba9ae160a43f", "position": {"x": -1200.0, "y": 1.4695761589768238e-13}, "channel": 6}, "attempt": 1}
2026-09-12 14:16:59,754 INFO response {"request_id": "8ee2933edc4b4bcfaec9ba9ae160a43f", "http_status": 200, "body": {"accepted": true, "real_timestamp_ms": 1789193816394, "virtual_time_s": 1372, "measure_result": "no_signal"}}
2026-09-12 14:16:59,754 INFO request {"path": "/measure", "payload": {"arena_id": "default", "robot_id": "202601002029", "request_id": "e292a1f7ad0a404c980312f78be56c1c", "position": {"x": -1200.0, "y": 1.4695761589768238e-13}, "channel": 9}, "attempt": 1}
2026-09-12 14:16:59,755 INFO response {"request_id": "e292a1f7ad0a404c980312f78be56c1c", "http_status": 200, "body": {"accepted": true, "real_timestamp_ms": 1789193816396, "virtual_time_s": 1378, "measure_result": "no_signal"}}
2026-09-12 14:16:59,755 INFO request {"path": "/measure", "payload": {"arena_id": "default", "robot_id": "202601002029", "request_id": "64fe900e97d34166aca5bc84d11ef29c", "position": {"x": -1200.0, "y": 1.4695761589768238e-13}, "channel": 10}, "attempt": 1}
2026-09-12 14:16:59,757 INFO response {"request_id": "64fe900e97d34166aca5bc84d11ef29c", "http_status": 200, "body": {"accepted": true, "real_timestamp_ms": 1789193816398, "virtual_time_s": 1384, "measure_result": "no_signal"}}
2026-09-12 14:16:59,757 INFO request {"path": "/measure", "payload": {"arena_id": "default", "robot_id": "202601002029", "request_id": "5a44b884c2fb4f4bafe92ad8457a00ae", "position": {"x": -1200.0, "y": 1.4695761589768238e-13}, "channel": 11}, "attempt": 1}
2026-09-12 14:16:59,759 INFO response {"request_id": "5a44b884c2fb4f4bafe92ad8457a00ae", "http_status": 200, "body": {"accepted": true, "real_timestamp_ms": 1789193816400, "virtual_time_s": 1390, "measure_result": "no_signal"}}
2026-09-12 14:16:59,759 INFO request {"path": "/measure", "payload": {"arena_id": "default", "robot_id": "202601002029", "request_id": "2d3f221e44e64cb2820ff4a97e489b73", "position": {"x": -1200.0, "y": 1.4695761589768238e-13}, "channel": 14}, "attempt": 1}
2026-09-12 14:16:59,761 INFO response {"request_id": "2d3f221e44e64cb2820ff4a97e489b73", "http_status": 200, "body": {"accepted": true, "real_timestamp_ms": 1789193816401, "virtual_time_s": 1396, "measure_result": "no_signal"}}
2026-09-12 14:16:59,761 INFO request {"path": "/measure", "payload": {"arena_id": "default", "robot_id": "202601002029", "request_id": "ceebb70d64f9475e9d74cf4c22e50cf5", "position": {"x": -1200.0, "y": 1.4695761589768238e-13}, "channel": 15}, "attempt": 1}
2026-09-12 14:16:59,763 INFO response {"request_id": "ceebb70d64f9475e9d74cf4c22e50cf5", "http_status": 200, "body": {"accepted": true, "real_timestamp_ms": 1789193816404, "virtual_time_s": 1402, "measure_result": "direction", "svd_deg": 163.36}}
2026-09-12 14:16:59,767 INFO request {"path": "/measure", "payload": {"arena_id": "default", "robot_id": "202601002029", "request_id": "1c704f9c786a483aa095b530a6644eca", "position": {"x": -1200.0, "y": 1.4695761589768238e-13}, "channel": 16}, "attempt": 1}
2026-09-12 14:16:59,768 INFO response {"request_id": "1c704f9c786a483aa095b530a6644eca", "http_status": 200, "body": {"accepted": true, "real_timestamp_ms": 1789193816409, "virtual_time_s": 1408, "measure_result": "no_signal"}}
2026-09-12 14:16:59,768 INFO request {"path": "/measure", "payload": {"arena_id": "default", "robot_id": "202601002029", "request_id": "e00170049ef64bd1b4bf331769067879", "position": {"x": -1200.0, "y": 1.4695761589768238e-13}, "channel": 17}, "attempt": 1}
2026-09-12 14:16:59,782 INFO response {"request_id": "e00170049ef64bd1b4bf331769067879", "http_status": 200, "body": {"accepted": true, "real_timestamp_ms": 1789193816423, "virtual_time_s": 1414, "measure_result": "no_signal"}}
2026-09-12 14:16:59,782 INFO request {"path": "/measure", "payload": {"arena_id": "default", "robot_id": "202601002029", "request_id": "b3a01cb3876645e3926e3e4929884678", "position": {"x": -1200.0, "y": 1.4695761589768238e-13}, "channel": 18}, "attempt": 1}
2026-09-12 14:16:59,783 INFO response {"request_id": "b3a01cb3876645e3926e3e4929884678", "http_status": 200, "body": {"accepted": true, "real_timestamp_ms": 1789193816424, "virtual_time_s": 1420, "measure_result": "no_signal"}}
2026-09-12 14:16:59,800 INFO request {"path": "/measure", "payload": {"arena_id": "default", "robot_id": "202601002029", "request_id": "0e183365cc3a47a1b88024e6e14cb5d4", "position": {"x": -1200.0, "y": 1.4695761589768238e-13}, "channel": 13}, "attempt": 1}
2026-09-12 14:16:59,803 INFO response {"request_id": "0e183365cc3a47a1b88024e6e14cb5d4", "http_status": 200, "body": {"accepted": true, "real_timestamp_ms": 1789193816443, "virtual_time_s": 1426, "measure_result": "direction", "svd_deg": 306.36}}
2026-09-12 14:16:59,813 INFO request {"path": "/measure", "payload": {"arena_id": "default", "robot_id": "202601002029", "request_id": "8551ab36bd834922ad53975e3cd08474", "position": {"x": -1200.0, "y": 1.4695761589768238e-13}, "channel": 8}, "attempt": 1}
2026-09-12 14:16:59,815 INFO response {"request_id": "8551ab36bd834922ad53975e3cd08474", "http_status": 200, "body": {"accepted": true, "real_timestamp_ms": 1789193816455, "virtual_time_s": 1432, "measure_result": "direction", "svd_deg": 316.29}}
2026-09-12 14:16:59,819 INFO request {"path": "/measure", "payload": {"arena_id": "default", "robot_id": "202601002029", "request_id": "1ca41045a0b44fe6b033c1db84d568a6", "position": {"x": -600.0000000000006, "y": -1039.2304845413262}, "channel": 2}, "attempt": 1}
2026-09-12 14:16:59,821 INFO response {"request_id": "1ca41045a0b44fe6b033c1db84d568a6", "http_status": 200, "body": {"accepted": true, "real_timestamp_ms": 1789193816462, "virtual_time_s": 1678, "measure_result": "no_signal"}}
2026-09-12 14:16:59,821 INFO request {"path": "/measure", "payload": {"arena_id": "default", "robot_id": "202601002029", "request_id": "024c7c7c30c942aa8228307095f1aa0a", "position": {"x": -600.0000000000006, "y": -1039.2304845413262}, "channel": 4}, "attempt": 1}
2026-09-12 14:16:59,840 INFO response {"request_id": "024c7c7c30c942aa8228307095f1aa0a", "http_status": 200, "body": {"accepted": true, "real_timestamp_ms": 1789193816481, "virtual_time_s": 1684, "measure_result": "no_signal"}}
2026-09-12 14:16:59,840 INFO request {"path": "/measure", "payload": {"arena_id": "default", "robot_id": "202601002029", "request_id": "90d4ee54713a4ee889a298226ee75f12", "position": {"x": -600.0000000000006, "y": -1039.2304845413262}, "channel": 5}, "attempt": 1}
2026-09-12 14:16:59,859 INFO response {"request_id": "90d4ee54713a4ee889a298226ee75f12", "http_status": 200, "body": {"accepted": true, "real_timestamp_ms": 1789193816500, "virtual_time_s": 1690, "measure_result": "no_signal"}}
2026-09-12 14:16:59,860 INFO request {"path": "/measure", "payload": {"arena_id": "default", "robot_id": "202601002029", "request_id": "3218dc323a1e430c9921d0189828fe4c", "position": {"x": -600.0000000000006, "y": -1039.2304845413262}, "channel": 6}, "attempt": 1}
2026-09-12 14:16:59,861 INFO response {"request_id": "3218dc323a1e430c9921d0189828fe4c", "http_status": 200, "body": {"accepted": true, "real_timestamp_ms": 1789193816502, "virtual_time_s": 1696, "measure_result": "no_signal"}}
2026-09-12 14:16:59,861 INFO request {"path": "/measure", "payload": {"arena_id": "default", "robot_id": "202601002029", "request_id": "7f4cb438d3e2492fb6778af16c8015d1", "position": {"x": -600.0000000000006, "y": -1039.2304845413262}, "channel": 9}, "attempt": 1}
2026-09-12 14:16:59,880 INFO response {"request_id": "7f4cb438d3e2492fb6778af16c8015d1", "http_status": 200, "body": {"accepted": true, "real_timestamp_ms": 1789193816521, "virtual_time_s": 1702, "measure_result": "no_signal"}}
2026-09-12 14:16:59,880 INFO request {"path": "/measure", "payload": {"arena_id": "default", "robot_id": "202601002029", "request_id": "e6ea6d0ab9954215b435c26cd534c493", "position": {"x": -600.0000000000006, "y": -1039.2304845413262}, "channel": 10}, "attempt": 1}
2026-09-12 14:16:59,881 INFO response {"request_id": "e6ea6d0ab9954215b435c26cd534c493", "http_status": 200, "body": {"accepted": true, "real_timestamp_ms": 1789193816522, "virtual_time_s": 1708, "measure_result": "no_signal"}}
2026-09-12 14:16:59,882 INFO request {"path": "/measure", "payload": {"arena_id": "default", "robot_id": "202601002029", "request_id": "6d6196ddabd949b49a9b58d315fc33e1", "position": {"x": -600.0000000000006, "y": -1039.2304845413262}, "channel": 11}, "attempt": 1}
2026-09-12 14:16:59,882 INFO response {"request_id": "6d6196ddabd949b49a9b58d315fc33e1", "http_status": 200, "body": {"accepted": true, "real_timestamp_ms": 1789193816524, "virtual_time_s": 1714, "measure_result": "no_signal"}}
2026-09-12 14:16:59,883 INFO request {"path": "/measure", "payload": {"arena_id": "default", "robot_id": "202601002029", "request_id": "4b51790a901c4d08a7c7eb52046d25a5", "position": {"x": -600.0000000000006, "y": -1039.2304845413262}, "channel": 14}, "attempt": 1}
2026-09-12 14:16:59,883 INFO response {"request_id": "4b51790a901c4d08a7c7eb52046d25a5", "http_status": 200, "body": {"accepted": true, "real_timestamp_ms": 1789193816525, "virtual_time_s": 1720, "measure_result": "direction", "svd_deg": 345.46}}
2026-09-12 14:16:59,886 INFO request {"path": "/measure", "payload": {"arena_id": "default", "robot_id": "202601002029", "request_id": "0ae592c27ad64e28b6b8ccf5296afdef", "position": {"x": -600.0000000000006, "y": -1039.2304845413262}, "channel": 16}, "attempt": 1}
2026-09-12 14:16:59,887 INFO response {"request_id": "0ae592c27ad64e28b6b8ccf5296afdef", "http_status": 200, "body": {"accepted": true, "real_timestamp_ms": 1789193816528, "virtual_time_s": 1726, "measure_result": "no_signal"}}
2026-09-12 14:16:59,887 INFO request {"path": "/measure", "payload": {"arena_id": "default", "robot_id": "202601002029", "request_id": "d90ecb1ee5b04ede96a0b21315afbcc9", "position": {"x": -600.0000000000006, "y": -1039.2304845413262}, "channel": 17}, "attempt": 1}
2026-09-12 14:16:59,888 INFO response {"request_id": "d90ecb1ee5b04ede96a0b21315afbcc9", "http_status": 200, "body": {"accepted": true, "real_timestamp_ms": 1789193816529, "virtual_time_s": 1732, "measure_result": "no_signal"}}
2026-09-12 14:16:59,888 INFO request {"path": "/measure", "payload": {"arena_id": "default", "robot_id": "202601002029", "request_id": "32353cfbfb284ed182b94499d2d5b7e6", "position": {"x": -600.0000000000006, "y": -1039.2304845413262}, "channel": 18}, "attempt": 1}
2026-09-12 14:16:59,890 INFO response {"request_id": "32353cfbfb284ed182b94499d2d5b7e6", "http_status": 200, "body": {"accepted": true, "real_timestamp_ms": 1789193816530, "virtual_time_s": 1738, "measure_result": "no_signal"}}
2026-09-12 14:16:59,908 INFO request {"path": "/measure", "payload": {"arena_id": "default", "robot_id": "202601002029", "request_id": "09d73d28441e471ea71981a0ce1d9ab0", "position": {"x": -600.0000000000006, "y": -1039.2304845413262}, "channel": 12}, "attempt": 1}
2026-09-12 14:16:59,909 INFO response {"request_id": "09d73d28441e471ea71981a0ce1d9ab0", "http_status": 200, "body": {"accepted": true, "real_timestamp_ms": 1789193816550, "virtual_time_s": 1744, "measure_result": "direction", "svd_deg": 10.9}}
2026-09-12 14:16:59,923 INFO request {"path": "/measure", "payload": {"arena_id": "default", "robot_id": "202601002029", "request_id": "de98de0f052a4aa395077287915efc08", "position": {"x": -600.0000000000006, "y": -1039.2304845413262}, "channel": 8}, "attempt": 1}
2026-09-12 14:16:59,924 INFO response {"request_id": "de98de0f052a4aa395077287915efc08", "http_status": 200, "body": {"accepted": true, "real_timestamp_ms": 1789193816565, "virtual_time_s": 1750, "measure_result": "direction", "svd_deg": 102.49}}
2026-09-12 14:16:59,929 INFO request {"path": "/measure", "payload": {"arena_id": "default", "robot_id": "202601002029", "request_id": "998697ae474345ef8d9ffbc9206b2d46", "position": {"x": 600.0000000000001, "y": -1039.2304845413264}, "channel": 2}, "attempt": 1}
2026-09-12 14:16:59,929 INFO response {"request_id": "998697ae474345ef8d9ffbc9206b2d46", "http_status": 200, "body": {"accepted": true, "real_timestamp_ms": 1789193816570, "virtual_time_s": 1996, "measure_result": "no_signal"}}
2026-09-12 14:16:59,930 INFO request {"path": "/measure", "payload": {"arena_id": "default", "robot_id": "202601002029", "request_id": "656844b728a4443293c173e91f000f14", "position": {"x": 600.0000000000001, "y": -1039.2304845413264}, "channel": 4}, "attempt": 1}
2026-09-12 14:16:59,930 INFO response {"request_id": "656844b728a4443293c173e91f000f14", "http_status": 200, "body": {"accepted": true, "real_timestamp_ms": 1789193816571, "virtual_time_s": 2002, "measure_result": "no_signal"}}
2026-09-12 14:16:59,930 INFO request {"path": "/measure", "payload": {"arena_id": "default", "robot_id": "202601002029", "request_id": "23feace8ab964c3fb5011508d0762d0c", "position": {"x": 600.0000000000001, "y": -1039.2304845413264}, "channel": 5}, "attempt": 1}
2026-09-12 14:16:59,931 INFO response {"request_id": "23feace8ab964c3fb5011508d0762d0c", "http_status": 200, "body": {"accepted": true, "real_timestamp_ms": 1789193816572, "virtual_time_s": 2008, "measure_result": "no_signal"}}
2026-09-12 14:16:59,931 INFO request {"path": "/measure", "payload": {"arena_id": "default", "robot_id": "202601002029", "request_id": "30c08cb3d2c64acb919f3b1561399200", "position": {"x": 600.0000000000001, "y": -1039.2304845413264}, "channel": 6}, "attempt": 1}
2026-09-12 14:16:59,948 INFO response {"request_id": "30c08cb3d2c64acb919f3b1561399200", "http_status": 200, "body": {"accepted": true, "real_timestamp_ms": 1789193816589, "virtual_time_s": 2014, "measure_result": "no_signal"}}
2026-09-12 14:16:59,948 INFO request {"path": "/measure", "payload": {"arena_id": "default", "robot_id": "202601002029", "request_id": "6e5e9572e7ba4b1d9a8b0535c2e36c12", "position": {"x": 600.0000000000001, "y": -1039.2304845413264}, "channel": 9}, "attempt": 1}
2026-09-12 14:16:59,949 INFO response {"request_id": "6e5e9572e7ba4b1d9a8b0535c2e36c12", "http_status": 200, "body": {"accepted": true, "real_timestamp_ms": 1789193816589, "virtual_time_s": 2020, "measure_result": "no_signal"}}
2026-09-12 14:16:59,949 INFO request {"path": "/measure", "payload": {"arena_id": "default", "robot_id": "202601002029", "request_id": "07794ffe76d14e74a820b467b46f61d2", "position": {"x": 600.0000000000001, "y": -1039.2304845413264}, "channel": 10}, "attempt": 1}
2026-09-12 14:16:59,968 INFO response {"request_id": "07794ffe76d14e74a820b467b46f61d2", "http_status": 200, "body": {"accepted": true, "real_timestamp_ms": 1789193816609, "virtual_time_s": 2026, "measure_result": "no_signal"}}
2026-09-12 14:16:59,968 INFO request {"path": "/measure", "payload": {"arena_id": "default", "robot_id": "202601002029", "request_id": "92796ca7299a4e688233b8b85af90db2", "position": {"x": 600.0000000000001, "y": -1039.2304845413264}, "channel": 11}, "attempt": 1}
2026-09-12 14:16:59,969 INFO response {"request_id": "92796ca7299a4e688233b8b85af90db2", "http_status": 200, "body": {"accepted": true, "real_timestamp_ms": 1789193816610, "virtual_time_s": 2032, "measure_result": "no_signal"}}
2026-09-12 14:16:59,969 INFO request {"path": "/measure", "payload": {"arena_id": "default", "robot_id": "202601002029", "request_id": "60eef6b664104ed995afc4b2e0e07fcc", "position": {"x": 600.0000000000001, "y": -1039.2304845413264}, "channel": 16}, "attempt": 1}
2026-09-12 14:16:59,970 INFO response {"request_id": "60eef6b664104ed995afc4b2e0e07fcc", "http_status": 200, "body": {"accepted": true, "real_timestamp_ms": 1789193816611, "virtual_time_s": 2038, "measure_result": "no_signal"}}
2026-09-12 14:16:59,970 INFO request {"path": "/measure", "payload": {"arena_id": "default", "robot_id": "202601002029", "request_id": "1b6e1818e53e4a969600bc565a4629f2", "position": {"x": 600.0000000000001, "y": -1039.2304845413264}, "channel": 17}, "attempt": 1}
2026-09-12 14:16:59,970 INFO response {"request_id": "1b6e1818e53e4a969600bc565a4629f2", "http_status": 200, "body": {"accepted": true, "real_timestamp_ms": 1789193816612, "virtual_time_s": 2044, "measure_result": "no_signal"}}
2026-09-12 14:16:59,971 INFO request {"path": "/measure", "payload": {"arena_id": "default", "robot_id": "202601002029", "request_id": "5d3d83084a0e4d7aadd430d9fa0e742e", "position": {"x": 600.0000000000001, "y": -1039.2304845413264}, "channel": 18}, "attempt": 1}
2026-09-12 14:16:59,971 INFO response {"request_id": "5d3d83084a0e4d7aadd430d9fa0e742e", "http_status": 200, "body": {"accepted": true, "real_timestamp_ms": 1789193816613, "virtual_time_s": 2050, "measure_result": "no_signal"}}
2026-09-12 14:17:00,004 INFO request {"path": "/measure", "payload": {"arena_id": "default", "robot_id": "202601002029", "request_id": "9992f70e9faa4c70b70268d453f5abd2", "position": {"x": 600.0000000000001, "y": -1039.2304845413264}, "channel": 14}, "attempt": 1}
2026-09-12 14:17:00,005 INFO response {"request_id": "9992f70e9faa4c70b70268d453f5abd2", "http_status": 200, "body": {"accepted": true, "real_timestamp_ms": 1789193816646, "virtual_time_s": 2056, "measure_result": "direction", "svd_deg": 284.04}}
2026-09-12 14:17:00,032 INFO request {"path": "/measure", "payload": {"arena_id": "default", "robot_id": "202601002029", "request_id": "8b0c168759fb4d45a930ebde990287e4", "position": {"x": 600.0000000000001, "y": -1039.2304845413264}, "channel": 3}, "attempt": 1}
2026-09-12 14:17:00,046 INFO response {"request_id": "8b0c168759fb4d45a930ebde990287e4", "http_status": 200, "body": {"accepted": true, "real_timestamp_ms": 1789193816687, "virtual_time_s": 2062, "measure_result": "direction", "svd_deg": 110.83}}
2026-09-12 14:17:04,651 INFO request {"path": "/measure", "payload": {"arena_id": "default", "robot_id": "202601002029", "request_id": "aec53a4a8b164d9cadb0eb2c0efea3aa", "position": {"x": 356.34350157497715, "y": -1254.7584786878633}, "channel": 12}, "attempt": 1}
2026-09-12 14:17:04,667 INFO response {"request_id": "aec53a4a8b164d9cadb0eb2c0efea3aa", "http_status": 200, "body": {"accepted": true, "real_timestamp_ms": 1789193821308, "virtual_time_s": 2133.06022, "measure_result": "direction", "svd_deg": 92.01}}
2026-09-12 14:17:04,675 INFO request {"path": "/measure", "payload": {"arena_id": "default", "robot_id": "202601002029", "request_id": "08338b9895b04de2b6739fd0b86575bf", "position": {"x": 283.92072100396035, "y": -1371.9483557978383}, "channel": 14}, "attempt": 1}
2026-09-12 14:17:04,677 INFO response {"request_id": "08338b9895b04de2b6739fd0b86575bf", "http_status": 200, "body": {"accepted": true, "real_timestamp_ms": 1789193821318, "virtual_time_s": 2166.612735, "measure_result": "direction", "svd_deg": 3.3}}
2026-09-12 14:17:04,687 INFO request {"path": "/measure", "payload": {"arena_id": "default", "robot_id": "202601002029", "request_id": "bef9dd91287a4ffebbc78088e21d8734", "position": {"x": 67.32784340280477, "y": -1259.3478646790136}, "channel": 13}, "attempt": 1}
2026-09-12 14:17:04,706 INFO response {"request_id": "bef9dd91287a4ffebbc78088e21d8734", "http_status": 200, "body": {"accepted": true, "real_timestamp_ms": 1789193821347, "virtual_time_s": 2221.435412, "measure_result": "direction", "svd_deg": 146.41}}
2026-09-12 14:17:05,382 INFO request {"path": "/clear", "payload": {"arena_id": "default", "robot_id": "202601002029", "request_id": "c99beac77e7541299da1f883c540af20", "position": {"x": 677.9768303599649, "y": -1350.5586885443895}, "channel": 14}, "attempt": 1}
2026-09-12 14:17:05,394 INFO response {"request_id": "c99beac77e7541299da1f883c540af20", "http_status": 200, "body": {"accepted": true, "real_timestamp_ms": 1789193822035, "virtual_time_s": 2349.920083, "clear_result": "success"}}
2026-09-12 14:17:05,395 INFO request {"path": "/clear", "payload": {"arena_id": "default", "robot_id": "202601002029", "request_id": "bcb59a5225d34d3795e151f6b7800a10", "position": {"x": 345.17149461123535, "y": -856.5833647045808}, "channel": 12}, "attempt": 1}
2026-09-12 14:17:05,414 INFO response {"request_id": "bcb59a5225d34d3795e151f6b7800a10", "http_status": 200, "body": {"accepted": true, "real_timestamp_ms": 1789193822054, "virtual_time_s": 2474.045397, "clear_result": "success"}}
2026-09-12 14:17:05,415 INFO request {"path": "/measure", "payload": {"arena_id": "default", "robot_id": "202601002029", "request_id": "a907ca60e78d4af3a377607537828ad3", "position": {"x": 410.2442532963081, "y": -144.3089318653904}, "channel": 7}, "attempt": 1}
2026-09-12 14:17:05,434 INFO response {"request_id": "a907ca60e78d4af3a377607537828ad3", "http_status": 200, "body": {"accepted": true, "real_timestamp_ms": 1789193822075, "virtual_time_s": 2623.093547, "measure_result": "direction", "svd_deg": 124.78}}
2026-09-12 14:17:05,443 INFO request {"path": "/clear", "payload": {"arena_id": "default", "robot_id": "202601002029", "request_id": "6068d2817ec342d1a016a8a6e2c7f44c", "position": {"x": 294.0367267403811, "y": -254.8823095646814}, "channel": 3}, "attempt": 1}
2026-09-12 14:17:05,464 INFO response {"request_id": "6068d2817ec342d1a016a8a6e2c7f44c", "http_status": 200, "body": {"accepted": true, "real_timestamp_ms": 1789193822105, "virtual_time_s": 2660.175106, "clear_result": "success"}}
2026-09-12 14:17:05,464 INFO request {"path": "/clear", "payload": {"arena_id": "default", "robot_id": "202601002029", "request_id": "818ff3cb9d364ade8b574b9124bcaa18", "position": {"x": 182.53187898405812, "y": 183.7501095484683}, "channel": 7}, "attempt": 1}
2026-09-12 14:17:05,465 INFO response {"request_id": "818ff3cb9d364ade8b574b9124bcaa18", "http_status": 200, "body": {"accepted": true, "real_timestamp_ms": 1789193822106, "virtual_time_s": 2755.691785, "clear_result": "success"}}
2026-09-12 14:17:05,466 INFO request {"path": "/measure", "payload": {"arena_id": "default", "robot_id": "202601002029", "request_id": "24ecd44bce3046118f5fb140044b173c", "position": {"x": 19.584970229175923, "y": 930.6599111061012}, "channel": 19}, "attempt": 1}
2026-09-12 14:17:05,466 INFO response {"request_id": "24ecd44bce3046118f5fb140044b173c", "http_status": 200, "body": {"accepted": true, "real_timestamp_ms": 1789193822108, "virtual_time_s": 2914.587298, "measure_result": "direction", "svd_deg": 126.15}}
2026-09-12 14:17:05,472 INFO request {"path": "/measure", "payload": {"arena_id": "default", "robot_id": "202601002029", "request_id": "eeda7cdae9ea4714beaf7e1cf186fb70", "position": {"x": 154.4568423467539, "y": 1560.624353157761}, "channel": 1}, "attempt": 1}
2026-09-12 14:17:05,483 INFO response {"request_id": "eeda7cdae9ea4714beaf7e1cf186fb70", "http_status": 200, "body": {"accepted": true, "real_timestamp_ms": 1789193822124, "virtual_time_s": 3049.435367, "measure_result": "direction", "svd_deg": 350.26}}
2026-09-12 14:17:05,486 INFO request {"path": "/clear", "payload": {"arena_id": "default", "robot_id": "202601002029", "request_id": "cf0732fb30a54314a50536883afeba29", "position": {"x": 561.8587091427125, "y": 1490.5152983772964}, "channel": 1}, "attempt": 1}
2026-09-12 14:17:05,488 INFO response {"request_id": "cf0732fb30a54314a50536883afeba29", "http_status": 200, "body": {"accepted": true, "real_timestamp_ms": 1789193822129, "virtual_time_s": 3137.113432, "clear_result": "success"}}
2026-09-12 14:17:05,488 INFO request {"path": "/clear", "payload": {"arena_id": "default", "robot_id": "202601002029", "request_id": "e99d7a843f1d40ec926e4ec2be7d55c3", "position": {"x": -216.96107384168852, "y": 1254.198313522647}, "channel": 19}, "attempt": 1}
2026-09-12 14:17:05,490 INFO response {"request_id": "e99d7a843f1d40ec926e4ec2be7d55c3", "http_status": 200, "body": {"accepted": true, "real_timestamp_ms": 1789193822130, "virtual_time_s": 3304.890085, "clear_result": "success"}}
2026-09-12 14:17:05,490 INFO request {"path": "/measure", "payload": {"arena_id": "default", "robot_id": "202601002029", "request_id": "a43a0d23f6fa41ab816d992efa9d246e", "position": {"x": -821.7052261921481, "y": 1654.586810923097}, "channel": 20}, "attempt": 1}
2026-09-12 14:17:05,490 INFO response {"request_id": "a43a0d23f6fa41ab816d992efa9d246e", "http_status": 200, "body": {"accepted": true, "real_timestamp_ms": 1789193822132, "virtual_time_s": 3455.945445, "measure_result": "direction", "svd_deg": 269.24}}
2026-09-12 14:17:05,493 INFO request {"path": "/clear", "payload": {"arena_id": "default", "robot_id": "202601002029", "request_id": "d6c2f6885260404f822b93ab2732374b", "position": {"x": -827.719222383543, "y": 1187.0933487006178}, "channel": 20}, "attempt": 1}
2026-09-12 14:17:05,512 INFO response {"request_id": "d6c2f6885260404f822b93ab2732374b", "http_status": 200, "body": {"accepted": true, "real_timestamp_ms": 1789193822153, "virtual_time_s": 3554.451874, "clear_result": "success"}}
2026-09-12 14:17:05,512 INFO request {"path": "/measure", "payload": {"arena_id": "default", "robot_id": "202601002029", "request_id": "dd96475bdbcd491ca77cb0d5486b3773", "position": {"x": -1485.540979434809, "y": 498.329259954062}, "channel": 15}, "attempt": 1}
2026-09-12 14:17:05,532 INFO response {"request_id": "dd96475bdbcd491ca77cb0d5486b3773", "http_status": 200, "body": {"accepted": true, "real_timestamp_ms": 1789193822172, "virtual_time_s": 3750.93814, "measure_result": "direction", "svd_deg": 240.37}}
2026-09-12 14:17:05,536 INFO request {"path": "/clear", "payload": {"arena_id": "default", "robot_id": "202601002029", "request_id": "e799e4269d7d4d67883f348994e4ee14", "position": {"x": -1686.5754448154362, "y": 145.2545560871629}, "channel": 15}, "attempt": 1}
2026-09-12 14:17:05,553 INFO response {"request_id": "e799e4269d7d4d67883f348994e4ee14", "http_status": 200, "body": {"accepted": true, "real_timestamp_ms": 1789193822192, "virtual_time_s": 3837.19738, "clear_result": "success"}}
2026-09-12 14:17:05,553 INFO request {"path": "/clear", "payload": {"arena_id": "default", "robot_id": "202601002029", "request_id": "f96ec57ba1284459ac5c4e14d9eca2f2", "position": {"x": -733.9041827518528, "y": -445.3934861740861}, "channel": 8}, "attempt": 1}
2026-09-12 14:17:05,554 INFO response {"request_id": "f96ec57ba1284459ac5c4e14d9eca2f2", "http_status": 200, "body": {"accepted": true, "real_timestamp_ms": 1789193822195, "virtual_time_s": 4066.380131, "clear_result": "success"}}
2026-09-12 14:17:05,555 INFO request {"path": "/measure", "payload": {"arena_id": "default", "robot_id": "202601002029", "request_id": "bceee5ad5e1e48d4a4dab34431e368c6", "position": {"x": -445.1112464972435, "y": -447.8758434237283}, "channel": 13}, "attempt": 1}
2026-09-12 14:17:05,556 INFO response {"request_id": "bceee5ad5e1e48d4a4dab34431e368c6", "http_status": 200, "body": {"accepted": true, "real_timestamp_ms": 1789193822197, "virtual_time_s": 4130.140852, "measure_result": "direction", "svd_deg": 244.61}}
2026-09-12 14:17:05,564 INFO request {"path": "/clear", "payload": {"arena_id": "default", "robot_id": "202601002029", "request_id": "81ba92e36d01451c945eca7e9378f27a", "position": {"x": -610.1265699139634, "y": -809.3488093087444}, "channel": 13}, "attempt": 1}
2026-09-12 14:17:05,580 INFO response {"request_id": "81ba92e36d01451c945eca7e9378f27a", "http_status": 200, "body": {"accepted": true, "real_timestamp_ms": 1789193822221, "virtual_time_s": 4214.612296, "clear_result": "success"}}
2026-09-12 14:17:05,580 INFO request {"path": "/exit", "payload": {"arena_id": "default", "robot_id": "202601002029", "request_id": "7755c2ece4d841f7b7c730e93eed6273"}, "attempt": 1}
2026-09-12 14:17:05,600 INFO response {"request_id": "7755c2ece4d841f7b7c730e93eed6273", "http_status": 200, "body": {"accepted": true, "real_timestamp_ms": 1789193822241, "virtual_time_s": 4214.612296, "exit_reason": "user_exit"}}
