2026-09-12 16:41:45,084 INFO request {"path": "/enter", "payload": {"arena_id": "default", "robot_id": "202601002029", "request_id": "ea4b5b91a3c743dfa31b7fa09cf407af"}, "attempt": 1}
2026-09-12 16:41:45,087 INFO response {"request_id": "ea4b5b91a3c743dfa31b7fa09cf407af", "http_status": 200, "body": {"accepted": true, "real_timestamp_ms": 1789202501784, "virtual_time_s": 0, "max_virtual_duration_s": 360000, "max_real_duration_s": 1200, "remaining_real_duration_s": 1200}}
2026-09-12 16:41:45,088 INFO request {"path": "/measure", "payload": {"arena_id": "default", "robot_id": "202601002029", "request_id": "8edd4f46ddb240c491ed701155dbd9e1", "position": {"x": 0.0, "y": 0.0}, "channel": 1}, "attempt": 1}
2026-09-12 16:41:45,106 INFO response {"request_id": "8edd4f46ddb240c491ed701155dbd9e1", "http_status": 200, "body": {"accepted": true, "real_timestamp_ms": 1789202501803, "virtual_time_s": 5, "measure_result": "no_signal"}}
2026-09-12 16:41:45,107 INFO request {"path": "/measure", "payload": {"arena_id": "default", "robot_id": "202601002029", "request_id": "7950b69ac07046b4b45c3f19e2048f9f", "position": {"x": 0.0, "y": 0.0}, "channel": 2}, "attempt": 1}
2026-09-12 16:41:45,109 INFO response {"request_id": "7950b69ac07046b4b45c3f19e2048f9f", "http_status": 200, "body": {"accepted": true, "real_timestamp_ms": 1789202501806, "virtual_time_s": 11, "measure_result": "direction", "svd_deg": 46.0}}
2026-09-12 16:41:45,114 INFO request {"path": "/measure", "payload": {"arena_id": "default", "robot_id": "202601002029", "request_id": "8c1a35d095784fb28e50d2c19e77a9dd", "position": {"x": 0.0, "y": 0.0}, "channel": 3}, "attempt": 1}
2026-09-12 16:41:45,114 INFO response {"request_id": "8c1a35d095784fb28e50d2c19e77a9dd", "http_status": 200, "body": {"accepted": true, "real_timestamp_ms": 1789202501812, "virtual_time_s": 17, "measure_result": "direction", "svd_deg": 267.96}}
2026-09-12 16:41:45,119 INFO request {"path": "/measure", "payload": {"arena_id": "default", "robot_id": "202601002029", "request_id": "0dbabe1c8d0f4a00881fbd094fbaf8f6", "position": {"x": 0.0, "y": 0.0}, "channel": 4}, "attempt": 1}
2026-09-12 16:41:45,121 INFO response {"request_id": "0dbabe1c8d0f4a00881fbd094fbaf8f6", "http_status": 200, "body": {"accepted": true, "real_timestamp_ms": 1789202501817, "virtual_time_s": 23, "measure_result": "direction", "svd_deg": 350.54}}
2026-09-12 16:41:45,122 INFO request {"path": "/measure", "payload": {"arena_id": "default", "robot_id": "202601002029", "request_id": "3ee409d6cc92451196cd1d8dc549de89", "position": {"x": 0.0, "y": 0.0}, "channel": 5}, "attempt": 1}
2026-09-12 16:41:45,135 INFO response {"request_id": "3ee409d6cc92451196cd1d8dc549de89", "http_status": 200, "body": {"accepted": true, "real_timestamp_ms": 1789202501832, "virtual_time_s": 29, "measure_result": "no_signal"}}
2026-09-12 16:41:45,135 INFO request {"path": "/measure", "payload": {"arena_id": "default", "robot_id": "202601002029", "request_id": "816398ac15a74b49bfd5a117e749367a", "position": {"x": 0.0, "y": 0.0}, "channel": 6}, "attempt": 1}
2026-09-12 16:41:45,137 INFO response {"request_id": "816398ac15a74b49bfd5a117e749367a", "http_status": 200, "body": {"accepted": true, "real_timestamp_ms": 1789202501834, "virtual_time_s": 35, "measure_result": "no_signal"}}
2026-09-12 16:41:45,138 INFO request {"path": "/measure", "payload": {"arena_id": "default", "robot_id": "202601002029", "request_id": "b2dedda24ce2468ba80bc477c30d135a", "position": {"x": 0.0, "y": 0.0}, "channel": 7}, "attempt": 1}
2026-09-12 16:41:45,155 INFO response {"request_id": "b2dedda24ce2468ba80bc477c30d135a", "http_status": 200, "body": {"accepted": true, "real_timestamp_ms": 1789202501852, "virtual_time_s": 41, "measure_result": "no_signal"}}
2026-09-12 16:41:45,156 INFO request {"path": "/measure", "payload": {"arena_id": "default", "robot_id": "202601002029", "request_id": "a841deadc28d42ae9572df3c28e91e23", "position": {"x": 0.0, "y": 0.0}, "channel": 8}, "attempt": 1}
2026-09-12 16:41:45,175 INFO response {"request_id": "a841deadc28d42ae9572df3c28e91e23", "http_status": 200, "body": {"accepted": true, "real_timestamp_ms": 1789202501872, "virtual_time_s": 47, "measure_result": "direction", "svd_deg": 234.32}}
2026-09-12 16:41:45,180 INFO request {"path": "/measure", "payload": {"arena_id": "default", "robot_id": "202601002029", "request_id": "a108c3b7a3a6496b8cf61a1a24096691", "position": {"x": 0.0, "y": 0.0}, "channel": 9}, "attempt": 1}
2026-09-12 16:41:45,182 INFO response {"request_id": "a108c3b7a3a6496b8cf61a1a24096691", "http_status": 200, "body": {"accepted": true, "real_timestamp_ms": 1789202501879, "virtual_time_s": 53, "measure_result": "no_signal"}}
2026-09-12 16:41:45,183 INFO request {"path": "/measure", "payload": {"arena_id": "default", "robot_id": "202601002029", "request_id": "6d3aa2871ddb4da1ba291adf5b366c84", "position": {"x": 0.0, "y": 0.0}, "channel": 10}, "attempt": 1}
2026-09-12 16:41:45,195 INFO response {"request_id": "6d3aa2871ddb4da1ba291adf5b366c84", "http_status": 200, "body": {"accepted": true, "real_timestamp_ms": 1789202501892, "virtual_time_s": 59, "measure_result": "direction", "svd_deg": 67.78}}
2026-09-12 16:41:45,200 INFO request {"path": "/measure", "payload": {"arena_id": "default", "robot_id": "202601002029", "request_id": "9adc0f146a0e44348327e7c6144f1ed3", "position": {"x": 0.0, "y": 0.0}, "channel": 11}, "attempt": 1}
2026-09-12 16:41:45,202 INFO response {"request_id": "9adc0f146a0e44348327e7c6144f1ed3", "http_status": 200, "body": {"accepted": true, "real_timestamp_ms": 1789202501898, "virtual_time_s": 65, "measure_result": "direction", "svd_deg": 39.52}}
2026-09-12 16:41:45,206 INFO request {"path": "/measure", "payload": {"arena_id": "default", "robot_id": "202601002029", "request_id": "675319ebf10d4c6d941279a24b740a52", "position": {"x": 0.0, "y": 0.0}, "channel": 12}, "attempt": 1}
2026-09-12 16:41:45,225 INFO response {"request_id": "675319ebf10d4c6d941279a24b740a52", "http_status": 200, "body": {"accepted": true, "real_timestamp_ms": 1789202501921, "virtual_time_s": 71, "measure_result": "no_signal"}}
2026-09-12 16:41:45,225 INFO request {"path": "/measure", "payload": {"arena_id": "default", "robot_id": "202601002029", "request_id": "3ccdf1023105463b8d479664b3d0e81c", "position": {"x": 0.0, "y": 0.0}, "channel": 13}, "attempt": 1}
2026-09-12 16:41:45,227 INFO response {"request_id": "3ccdf1023105463b8d479664b3d0e81c", "http_status": 200, "body": {"accepted": true, "real_timestamp_ms": 1789202501923, "virtual_time_s": 77, "measure_result": "direction", "svd_deg": 88.14}}
2026-09-12 16:41:45,231 INFO request {"path": "/measure", "payload": {"arena_id": "default", "robot_id": "202601002029", "request_id": "f79cb3ba65cd485f90e98889a36a6478", "position": {"x": 0.0, "y": 0.0}, "channel": 14}, "attempt": 1}
2026-09-12 16:41:45,233 INFO response {"request_id": "f79cb3ba65cd485f90e98889a36a6478", "http_status": 200, "body": {"accepted": true, "real_timestamp_ms": 1789202501930, "virtual_time_s": 83, "measure_result": "no_signal"}}
2026-09-12 16:41:45,234 INFO request {"path": "/measure", "payload": {"arena_id": "default", "robot_id": "202601002029", "request_id": "56519074e91747f08b0c40ec428bdba2", "position": {"x": 0.0, "y": 0.0}, "channel": 15}, "attempt": 1}
2026-09-12 16:41:45,236 INFO response {"request_id": "56519074e91747f08b0c40ec428bdba2", "http_status": 200, "body": {"accepted": true, "real_timestamp_ms": 1789202501933, "virtual_time_s": 89, "measure_result": "no_signal"}}
2026-09-12 16:41:45,236 INFO request {"path": "/measure", "payload": {"arena_id": "default", "robot_id": "202601002029", "request_id": "224342fd943147f8aec747d15a4b3eb3", "position": {"x": 0.0, "y": 0.0}, "channel": 16}, "attempt": 1}
2026-09-12 16:41:45,253 INFO response {"request_id": "224342fd943147f8aec747d15a4b3eb3", "http_status": 200, "body": {"accepted": true, "real_timestamp_ms": 1789202501950, "virtual_time_s": 95, "measure_result": "direction", "svd_deg": 91.85}}
2026-09-12 16:41:45,257 INFO request {"path": "/measure", "payload": {"arena_id": "default", "robot_id": "202601002029", "request_id": "51a37fcbbfe24b98993e97e27efcf15b", "position": {"x": 0.0, "y": 0.0}, "channel": 17}, "attempt": 1}
2026-09-12 16:41:45,259 INFO response {"request_id": "51a37fcbbfe24b98993e97e27efcf15b", "http_status": 200, "body": {"accepted": true, "real_timestamp_ms": 1789202501956, "virtual_time_s": 101, "measure_result": "direction", "svd_deg": 232.14}}
2026-09-12 16:41:45,262 INFO request {"path": "/measure", "payload": {"arena_id": "default", "robot_id": "202601002029", "request_id": "debd0966e80d4a55900035f3636df5d1", "position": {"x": 0.0, "y": 0.0}, "channel": 18}, "attempt": 1}
2026-09-12 16:41:45,264 INFO response {"request_id": "debd0966e80d4a55900035f3636df5d1", "http_status": 200, "body": {"accepted": true, "real_timestamp_ms": 1789202501961, "virtual_time_s": 107, "measure_result": "direction", "svd_deg": 202.63}}
2026-09-12 16:41:45,268 INFO request {"path": "/measure", "payload": {"arena_id": "default", "robot_id": "202601002029", "request_id": "bdb78d29cf314c6db33567809523fbab", "position": {"x": 0.0, "y": 0.0}, "channel": 19}, "attempt": 1}
2026-09-12 16:41:45,270 INFO response {"request_id": "bdb78d29cf314c6db33567809523fbab", "http_status": 200, "body": {"accepted": true, "real_timestamp_ms": 1789202501967, "virtual_time_s": 113, "measure_result": "direction", "svd_deg": 268.11}}
2026-09-12 16:41:45,275 INFO request {"path": "/measure", "payload": {"arena_id": "default", "robot_id": "202601002029", "request_id": "721987cebc114759ac129fe9a86e8359", "position": {"x": 0.0, "y": 0.0}, "channel": 20}, "attempt": 1}
2026-09-12 16:41:45,277 INFO response {"request_id": "721987cebc114759ac129fe9a86e8359", "http_status": 200, "body": {"accepted": true, "real_timestamp_ms": 1789202501973, "virtual_time_s": 119, "measure_result": "no_signal"}}
2026-09-12 16:41:45,277 INFO request {"path": "/measure", "payload": {"arena_id": "default", "robot_id": "202601002029", "request_id": "11eac33acc0f44bf85e324dbf4cb8579", "position": {"x": 1200.0, "y": 0.0}, "channel": 20}, "attempt": 1}
2026-09-12 16:41:45,278 INFO response {"request_id": "11eac33acc0f44bf85e324dbf4cb8579", "http_status": 200, "body": {"accepted": true, "real_timestamp_ms": 1789202501975, "virtual_time_s": 364, "measure_result": "no_signal"}}
2026-09-12 16:41:45,279 INFO request {"path": "/measure", "payload": {"arena_id": "default", "robot_id": "202601002029", "request_id": "16bffb8902514c6d8da5bafc9735c32a", "position": {"x": 1200.0, "y": 0.0}, "channel": 1}, "attempt": 1}
2026-09-12 16:41:45,292 INFO response {"request_id": "16bffb8902514c6d8da5bafc9735c32a", "http_status": 200, "body": {"accepted": true, "real_timestamp_ms": 1789202501988, "virtual_time_s": 370, "measure_result": "no_signal"}}
2026-09-12 16:41:45,292 INFO request {"path": "/measure", "payload": {"arena_id": "default", "robot_id": "202601002029", "request_id": "b94f6eaf53bb45e0a8c1a7557d50f08c", "position": {"x": 1200.0, "y": 0.0}, "channel": 5}, "attempt": 1}
2026-09-12 16:41:45,312 INFO response {"request_id": "b94f6eaf53bb45e0a8c1a7557d50f08c", "http_status": 200, "body": {"accepted": true, "real_timestamp_ms": 1789202502008, "virtual_time_s": 376, "measure_result": "direction", "svd_deg": 295.27}}
2026-09-12 16:41:45,320 INFO request {"path": "/measure", "payload": {"arena_id": "default", "robot_id": "202601002029", "request_id": "358b65baad744d579b40fdfd7c438886", "position": {"x": 1200.0, "y": 0.0}, "channel": 6}, "attempt": 1}
2026-09-12 16:41:45,323 INFO response {"request_id": "358b65baad744d579b40fdfd7c438886", "http_status": 200, "body": {"accepted": true, "real_timestamp_ms": 1789202502020, "virtual_time_s": 382, "measure_result": "no_signal"}}
2026-09-12 16:41:45,324 INFO request {"path": "/measure", "payload": {"arena_id": "default", "robot_id": "202601002029", "request_id": "b4f5865820ae4888a25af54afde9e336", "position": {"x": 1200.0, "y": 0.0}, "channel": 7}, "attempt": 1}
2026-09-12 16:41:45,326 INFO response {"request_id": "b4f5865820ae4888a25af54afde9e336", "http_status": 200, "body": {"accepted": true, "real_timestamp_ms": 1789202502023, "virtual_time_s": 388, "measure_result": "no_signal"}}
2026-09-12 16:41:45,326 INFO request {"path": "/measure", "payload": {"arena_id": "default", "robot_id": "202601002029", "request_id": "134ad073706f406382ac3224b9444397", "position": {"x": 1200.0, "y": 0.0}, "channel": 9}, "attempt": 1}
2026-09-12 16:41:45,342 INFO response {"request_id": "134ad073706f406382ac3224b9444397", "http_status": 200, "body": {"accepted": true, "real_timestamp_ms": 1789202502038, "virtual_time_s": 394, "measure_result": "no_signal"}}
2026-09-12 16:41:45,342 INFO request {"path": "/measure", "payload": {"arena_id": "default", "robot_id": "202601002029", "request_id": "75f3f517a7b64c3b9ab9d1e0be14955a", "position": {"x": 1200.0, "y": 0.0}, "channel": 12}, "attempt": 1}
2026-09-12 16:41:45,362 INFO response {"request_id": "75f3f517a7b64c3b9ab9d1e0be14955a", "http_status": 200, "body": {"accepted": true, "real_timestamp_ms": 1789202502058, "virtual_time_s": 400, "measure_result": "no_signal"}}
2026-09-12 16:41:45,362 INFO request {"path": "/measure", "payload": {"arena_id": "default", "robot_id": "202601002029", "request_id": "4264aa0db0324d39b9142377265fbbe8", "position": {"x": 1200.0, "y": 0.0}, "channel": 14}, "attempt": 1}
2026-09-12 16:41:45,381 INFO response {"request_id": "4264aa0db0324d39b9142377265fbbe8", "http_status": 200, "body": {"accepted": true, "real_timestamp_ms": 1789202502078, "virtual_time_s": 406, "measure_result": "no_signal"}}
2026-09-12 16:41:45,382 INFO request {"path": "/measure", "payload": {"arena_id": "default", "robot_id": "202601002029", "request_id": "6289e2c3f49e416ba8ee85b05b4692cc", "position": {"x": 1200.0, "y": 0.0}, "channel": 15}, "attempt": 1}
2026-09-12 16:41:45,401 INFO response {"request_id": "6289e2c3f49e416ba8ee85b05b4692cc", "http_status": 200, "body": {"accepted": true, "real_timestamp_ms": 1789202502098, "virtual_time_s": 412, "measure_result": "no_signal"}}
2026-09-12 16:41:45,417 INFO request {"path": "/measure", "payload": {"arena_id": "default", "robot_id": "202601002029", "request_id": "458bd422528a44dfaf0d3ab3affbf05c", "position": {"x": 1200.0, "y": 0.0}, "channel": 2}, "attempt": 1}
2026-09-12 16:41:45,430 INFO response {"request_id": "458bd422528a44dfaf0d3ab3affbf05c", "http_status": 200, "body": {"accepted": true, "real_timestamp_ms": 1789202502127, "virtual_time_s": 418, "measure_result": "direction", "svd_deg": 119.19}}
2026-09-12 16:41:45,441 INFO request {"path": "/measure", "payload": {"arena_id": "default", "robot_id": "202601002029", "request_id": "915aeeae8bd44a73a84b8f874f9aa5a9", "position": {"x": 1200.0, "y": 0.0}, "channel": 11}, "attempt": 1}
2026-09-12 16:41:45,460 INFO response {"request_id": "915aeeae8bd44a73a84b8f874f9aa5a9", "http_status": 200, "body": {"accepted": true, "real_timestamp_ms": 1789202502158, "virtual_time_s": 424, "measure_result": "direction", "svd_deg": 124.62}}
2026-09-12 16:41:45,464 INFO request {"path": "/measure", "payload": {"arena_id": "default", "robot_id": "202601002029", "request_id": "1a7a5b45da414c6180a91cc9b142386d", "position": {"x": 600.0000000000001, "y": 1039.2304845413264}, "channel": 1}, "attempt": 1}
2026-09-12 16:41:45,480 INFO response {"request_id": "1a7a5b45da414c6180a91cc9b142386d", "http_status": 200, "body": {"accepted": true, "real_timestamp_ms": 1789202502177, "virtual_time_s": 670, "measure_result": "direction", "svd_deg": 0.48}}
2026-09-12 16:41:45,485 INFO request {"path": "/measure", "payload": {"arena_id": "default", "robot_id": "202601002029", "request_id": "3fa1ddcb34ff473fbf48d62abdffb282", "position": {"x": 600.0000000000001, "y": 1039.2304845413264}, "channel": 6}, "attempt": 1}
2026-09-12 16:41:45,488 INFO response {"request_id": "3fa1ddcb34ff473fbf48d62abdffb282", "http_status": 200, "body": {"accepted": true, "real_timestamp_ms": 1789202502184, "virtual_time_s": 676, "measure_result": "no_signal"}}
2026-09-12 16:41:45,488 INFO request {"path": "/measure", "payload": {"arena_id": "default", "robot_id": "202601002029", "request_id": "63cde04eaf2547d2b921a87400fd56fd", "position": {"x": 600.0000000000001, "y": 1039.2304845413264}, "channel": 7}, "attempt": 1}
2026-09-12 16:41:45,490 INFO response {"request_id": "63cde04eaf2547d2b921a87400fd56fd", "http_status": 200, "body": {"accepted": true, "real_timestamp_ms": 1789202502186, "virtual_time_s": 682, "measure_result": "no_signal"}}
2026-09-12 16:41:45,490 INFO request {"path": "/measure", "payload": {"arena_id": "default", "robot_id": "202601002029", "request_id": "3f92aa91b5904e6fac88e7f5e6a0f7d5", "position": {"x": 600.0000000000001, "y": 1039.2304845413264}, "channel": 9}, "attempt": 1}
2026-09-12 16:41:45,510 INFO response {"request_id": "3f92aa91b5904e6fac88e7f5e6a0f7d5", "http_status": 200, "body": {"accepted": true, "real_timestamp_ms": 1789202502206, "virtual_time_s": 688, "measure_result": "no_signal"}}
2026-09-12 16:41:45,510 INFO request {"path": "/measure", "payload": {"arena_id": "default", "robot_id": "202601002029", "request_id": "8dec639246804564a602e3ef5f0c7adb", "position": {"x": 600.0000000000001, "y": 1039.2304845413264}, "channel": 12}, "attempt": 1}
2026-09-12 16:41:45,512 INFO response {"request_id": "8dec639246804564a602e3ef5f0c7adb", "http_status": 200, "body": {"accepted": true, "real_timestamp_ms": 1789202502208, "virtual_time_s": 694, "measure_result": "no_signal"}}
2026-09-12 16:41:45,512 INFO request {"path": "/measure", "payload": {"arena_id": "default", "robot_id": "202601002029", "request_id": "793c82cd3ea94a64a0a9f42f666eddd8", "position": {"x": 600.0000000000001, "y": 1039.2304845413264}, "channel": 14}, "attempt": 1}
2026-09-12 16:41:45,514 INFO response {"request_id": "793c82cd3ea94a64a0a9f42f666eddd8", "http_status": 200, "body": {"accepted": true, "real_timestamp_ms": 1789202502211, "virtual_time_s": 700, "measure_result": "no_signal"}}
2026-09-12 16:41:45,515 INFO request {"path": "/measure", "payload": {"arena_id": "default", "robot_id": "202601002029", "request_id": "4ef44d90c6794359a8d03c5a246dfa29", "position": {"x": 600.0000000000001, "y": 1039.2304845413264}, "channel": 15}, "attempt": 1}
2026-09-12 16:41:45,531 INFO response {"request_id": "4ef44d90c6794359a8d03c5a246dfa29", "http_status": 200, "body": {"accepted": true, "real_timestamp_ms": 1789202502227, "virtual_time_s": 706, "measure_result": "no_signal"}}
2026-09-12 16:41:45,531 INFO request {"path": "/measure", "payload": {"arena_id": "default", "robot_id": "202601002029", "request_id": "9d627c35c6b348b5a11410ba1c2eaced", "position": {"x": 600.0000000000001, "y": 1039.2304845413264}, "channel": 20}, "attempt": 1}
2026-09-12 16:41:45,533 INFO response {"request_id": "9d627c35c6b348b5a11410ba1c2eaced", "http_status": 200, "body": {"accepted": true, "real_timestamp_ms": 1789202502230, "virtual_time_s": 712, "measure_result": "no_signal"}}
2026-09-12 16:41:45,611 INFO request {"path": "/measure", "payload": {"arena_id": "default", "robot_id": "202601002029", "request_id": "fe98803dbf7c478cb34ce4ff0d6457ed", "position": {"x": 600.0000000000001, "y": 1039.2304845413264}, "channel": 10}, "attempt": 1}
2026-09-12 16:41:45,629 INFO response {"request_id": "fe98803dbf7c478cb34ce4ff0d6457ed", "http_status": 200, "body": {"accepted": true, "real_timestamp_ms": 1789202502325, "virtual_time_s": 718, "measure_result": "direction", "svd_deg": 235.77}}
2026-09-12 16:41:45,664 INFO request {"path": "/measure", "payload": {"arena_id": "default", "robot_id": "202601002029", "request_id": "a30bb77fa9e44d3ca57fc86a9088b48f", "position": {"x": 600.0000000000001, "y": 1039.2304845413264}, "channel": 13}, "attempt": 1}
2026-09-12 16:41:45,677 INFO response {"request_id": "a30bb77fa9e44d3ca57fc86a9088b48f", "http_status": 200, "body": {"accepted": true, "real_timestamp_ms": 1789202502374, "virtual_time_s": 724, "measure_result": "direction", "svd_deg": 205.91}}
2026-09-12 16:41:45,679 INFO request {"path": "/measure", "payload": {"arena_id": "default", "robot_id": "202601002029", "request_id": "dafe9d3a43174bc2819dfc22566aafb9", "position": {"x": -599.9999999999998, "y": 1039.2304845413264}, "channel": 6}, "attempt": 1}
2026-09-12 16:41:45,696 INFO response {"request_id": "dafe9d3a43174bc2819dfc22566aafb9", "http_status": 200, "body": {"accepted": true, "real_timestamp_ms": 1789202502393, "virtual_time_s": 970, "measure_result": "no_signal"}}
2026-09-12 16:41:45,697 INFO request {"path": "/measure", "payload": {"arena_id": "default", "robot_id": "202601002029", "request_id": "31cc11eec4904e33a315b8fa29b499cf", "position": {"x": -599.9999999999998, "y": 1039.2304845413264}, "channel": 7}, "attempt": 1}
2026-09-12 16:41:45,698 INFO response {"request_id": "31cc11eec4904e33a315b8fa29b499cf", "http_status": 200, "body": {"accepted": true, "real_timestamp_ms": 1789202502395, "virtual_time_s": 976, "measure_result": "no_signal"}}
2026-09-12 16:41:45,698 INFO request {"path": "/measure", "payload": {"arena_id": "default", "robot_id": "202601002029", "request_id": "8f1c288280ce4fee9a2fe76d96e93b2d", "position": {"x": -599.9999999999998, "y": 1039.2304845413264}, "channel": 9}, "attempt": 1}
2026-09-12 16:41:45,699 INFO response {"request_id": "8f1c288280ce4fee9a2fe76d96e93b2d", "http_status": 200, "body": {"accepted": true, "real_timestamp_ms": 1789202502396, "virtual_time_s": 982, "measure_result": "direction", "svd_deg": 204.45}}
2026-09-12 16:41:45,703 INFO request {"path": "/measure", "payload": {"arena_id": "default", "robot_id": "202601002029", "request_id": "6e16391804454c34bf64a9a7524c7f80", "position": {"x": -599.9999999999998, "y": 1039.2304845413264}, "channel": 12}, "attempt": 1}
2026-09-12 16:41:45,705 INFO response {"request_id": "6e16391804454c34bf64a9a7524c7f80", "http_status": 200, "body": {"accepted": true, "real_timestamp_ms": 1789202502401, "virtual_time_s": 988, "measure_result": "no_signal"}}
2026-09-12 16:41:45,705 INFO request {"path": "/measure", "payload": {"arena_id": "default", "robot_id": "202601002029", "request_id": "4e85ef08d51d46f1b5a0d2993dbfd077", "position": {"x": -599.9999999999998, "y": 1039.2304845413264}, "channel": 14}, "attempt": 1}
2026-09-12 16:41:45,706 INFO response {"request_id": "4e85ef08d51d46f1b5a0d2993dbfd077", "http_status": 200, "body": {"accepted": true, "real_timestamp_ms": 1789202502403, "virtual_time_s": 994, "measure_result": "no_signal"}}
2026-09-12 16:41:45,706 INFO request {"path": "/measure", "payload": {"arena_id": "default", "robot_id": "202601002029", "request_id": "f4f443f01269447aaa0214e74aad9c16", "position": {"x": -599.9999999999998, "y": 1039.2304845413264}, "channel": 15}, "attempt": 1}
2026-09-12 16:41:45,708 INFO response {"request_id": "f4f443f01269447aaa0214e74aad9c16", "http_status": 200, "body": {"accepted": true, "real_timestamp_ms": 1789202502405, "virtual_time_s": 1000, "measure_result": "no_signal"}}
2026-09-12 16:41:45,708 INFO request {"path": "/measure", "payload": {"arena_id": "default", "robot_id": "202601002029", "request_id": "4ac40e2685cb4708a0e5a482d3bc570a", "position": {"x": -599.9999999999998, "y": 1039.2304845413264}, "channel": 20}, "attempt": 1}
2026-09-12 16:41:45,710 INFO response {"request_id": "4ac40e2685cb4708a0e5a482d3bc570a", "http_status": 200, "body": {"accepted": true, "real_timestamp_ms": 1789202502407, "virtual_time_s": 1006, "measure_result": "no_signal"}}
2026-09-12 16:41:45,745 INFO request {"path": "/measure", "payload": {"arena_id": "default", "robot_id": "202601002029", "request_id": "2396cf3cc2c44778b6e40425500cb6bc", "position": {"x": -599.9999999999998, "y": 1039.2304845413264}, "channel": 13}, "attempt": 1}
2026-09-12 16:41:45,746 INFO response {"request_id": "2396cf3cc2c44778b6e40425500cb6bc", "http_status": 200, "body": {"accepted": true, "real_timestamp_ms": 1789202502443, "virtual_time_s": 1012, "measure_result": "direction", "svd_deg": 337.09}}
2026-09-12 16:41:45,767 INFO request {"path": "/measure", "payload": {"arena_id": "default", "robot_id": "202601002029", "request_id": "949ba2690c424cfea2f81d666323b667", "position": {"x": -599.9999999999998, "y": 1039.2304845413264}, "channel": 16}, "attempt": 1}
2026-09-12 16:41:45,786 INFO response {"request_id": "949ba2690c424cfea2f81d666323b667", "http_status": 200, "body": {"accepted": true, "real_timestamp_ms": 1789202502483, "virtual_time_s": 1018, "measure_result": "direction", "svd_deg": 2.08}}
2026-09-12 16:41:45,790 INFO request {"path": "/measure", "payload": {"arena_id": "default", "robot_id": "202601002029", "request_id": "57863fda64a64eae9da13c7c280a4ea2", "position": {"x": -1200.0, "y": 1.4695761589768238e-13}, "channel": 6}, "attempt": 1}
2026-09-12 16:41:45,791 INFO response {"request_id": "57863fda64a64eae9da13c7c280a4ea2", "http_status": 200, "body": {"accepted": true, "real_timestamp_ms": 1789202502488, "virtual_time_s": 1264, "measure_result": "no_signal"}}
2026-09-12 16:41:45,791 INFO request {"path": "/measure", "payload": {"arena_id": "default", "robot_id": "202601002029", "request_id": "90cca08df8d640209e042cafee46ae14", "position": {"x": -1200.0, "y": 1.4695761589768238e-13}, "channel": 7}, "attempt": 1}
2026-09-12 16:41:45,792 INFO response {"request_id": "90cca08df8d640209e042cafee46ae14", "http_status": 200, "body": {"accepted": true, "real_timestamp_ms": 1789202502489, "virtual_time_s": 1270, "measure_result": "no_signal"}}
2026-09-12 16:41:45,793 INFO request {"path": "/measure", "payload": {"arena_id": "default", "robot_id": "202601002029", "request_id": "5ddd56df34f641ae9dfd16f2d45acaf4", "position": {"x": -1200.0, "y": 1.4695761589768238e-13}, "channel": 12}, "attempt": 1}
2026-09-12 16:41:45,793 INFO response {"request_id": "5ddd56df34f641ae9dfd16f2d45acaf4", "http_status": 200, "body": {"accepted": true, "real_timestamp_ms": 1789202502490, "virtual_time_s": 1276, "measure_result": "no_signal"}}
2026-09-12 16:41:45,794 INFO request {"path": "/measure", "payload": {"arena_id": "default", "robot_id": "202601002029", "request_id": "20cc71a2213d4971ab41eda4d62d3367", "position": {"x": -1200.0, "y": 1.4695761589768238e-13}, "channel": 14}, "attempt": 1}
2026-09-12 16:41:45,794 INFO response {"request_id": "20cc71a2213d4971ab41eda4d62d3367", "http_status": 200, "body": {"accepted": true, "real_timestamp_ms": 1789202502491, "virtual_time_s": 1282, "measure_result": "no_signal"}}
2026-09-12 16:41:45,795 INFO request {"path": "/measure", "payload": {"arena_id": "default", "robot_id": "202601002029", "request_id": "bcfee14cde9d4f61825207fa31517cef", "position": {"x": -1200.0, "y": 1.4695761589768238e-13}, "channel": 15}, "attempt": 1}
2026-09-12 16:41:45,795 INFO response {"request_id": "bcfee14cde9d4f61825207fa31517cef", "http_status": 200, "body": {"accepted": true, "real_timestamp_ms": 1789202502492, "virtual_time_s": 1288, "measure_result": "no_signal"}}
2026-09-12 16:41:45,796 INFO request {"path": "/measure", "payload": {"arena_id": "default", "robot_id": "202601002029", "request_id": "bb392e72d03844629a116155ef3257d9", "position": {"x": -1200.0, "y": 1.4695761589768238e-13}, "channel": 20}, "attempt": 1}
2026-09-12 16:41:45,796 INFO response {"request_id": "bb392e72d03844629a116155ef3257d9", "http_status": 200, "body": {"accepted": true, "real_timestamp_ms": 1789202502493, "virtual_time_s": 1294, "measure_result": "no_signal"}}
2026-09-12 16:41:45,856 INFO request {"path": "/measure", "payload": {"arena_id": "default", "robot_id": "202601002029", "request_id": "1ab52eb42453410b88a21eee169a9af4", "position": {"x": -1200.0, "y": 1.4695761589768238e-13}, "channel": 18}, "attempt": 1}
2026-09-12 16:41:45,860 INFO response {"request_id": "1ab52eb42453410b88a21eee169a9af4", "http_status": 200, "body": {"accepted": true, "real_timestamp_ms": 1789202502556, "virtual_time_s": 1300, "measure_result": "direction", "svd_deg": 300.94}}
2026-09-12 16:41:45,921 INFO request {"path": "/measure", "payload": {"arena_id": "default", "robot_id": "202601002029", "request_id": "e7a61ef7a3514302abb54dd24064d8be", "position": {"x": -1200.0, "y": 1.4695761589768238e-13}, "channel": 17}, "attempt": 1}
2026-09-12 16:41:45,923 INFO response {"request_id": "e7a61ef7a3514302abb54dd24064d8be", "http_status": 200, "body": {"accepted": true, "real_timestamp_ms": 1789202502620, "virtual_time_s": 1306, "measure_result": "direction", "svd_deg": 296.44}}
2026-09-12 16:41:45,926 INFO request {"path": "/measure", "payload": {"arena_id": "default", "robot_id": "202601002029", "request_id": "86ecbda75c464fee88f07392e42a93a8", "position": {"x": -600.0000000000006, "y": -1039.2304845413262}, "channel": 6}, "attempt": 1}
2026-09-12 16:41:45,945 INFO response {"request_id": "86ecbda75c464fee88f07392e42a93a8", "http_status": 200, "body": {"accepted": true, "real_timestamp_ms": 1789202502641, "virtual_time_s": 1552, "measure_result": "no_signal"}}
2026-09-12 16:41:45,945 INFO request {"path": "/measure", "payload": {"arena_id": "default", "robot_id": "202601002029", "request_id": "afbcf006780a46d4927da8412fc8d20c", "position": {"x": -600.0000000000006, "y": -1039.2304845413262}, "channel": 7}, "attempt": 1}
2026-09-12 16:41:45,948 INFO response {"request_id": "afbcf006780a46d4927da8412fc8d20c", "http_status": 200, "body": {"accepted": true, "real_timestamp_ms": 1789202502644, "virtual_time_s": 1558, "measure_result": "direction", "svd_deg": 323.8}}
2026-09-12 16:41:45,952 INFO request {"path": "/measure", "payload": {"arena_id": "default", "robot_id": "202601002029", "request_id": "82f2833fd0564be4a95a9516c5741a50", "position": {"x": -600.0000000000006, "y": -1039.2304845413262}, "channel": 12}, "attempt": 1}
2026-09-12 16:41:45,955 INFO response {"request_id": "82f2833fd0564be4a95a9516c5741a50", "http_status": 200, "body": {"accepted": true, "real_timestamp_ms": 1789202502651, "virtual_time_s": 1564, "measure_result": "no_signal"}}
2026-09-12 16:41:45,955 INFO request {"path": "/measure", "payload": {"arena_id": "default", "robot_id": "202601002029", "request_id": "516bdd7be9c44a1a8e3a8f903b1b5f5a", "position": {"x": -600.0000000000006, "y": -1039.2304845413262}, "channel": 14}, "attempt": 1}
2026-09-12 16:41:45,961 INFO response {"request_id": "516bdd7be9c44a1a8e3a8f903b1b5f5a", "http_status": 200, "body": {"accepted": true, "real_timestamp_ms": 1789202502653, "virtual_time_s": 1570, "measure_result": "no_signal"}}
2026-09-12 16:41:45,961 INFO request {"path": "/measure", "payload": {"arena_id": "default", "robot_id": "202601002029", "request_id": "9245a41afcdc4ffa8e78c0943dbcb63b", "position": {"x": -600.0000000000006, "y": -1039.2304845413262}, "channel": 15}, "attempt": 1}
2026-09-12 16:41:45,963 INFO response {"request_id": "9245a41afcdc4ffa8e78c0943dbcb63b", "http_status": 200, "body": {"accepted": true, "real_timestamp_ms": 1789202502659, "virtual_time_s": 1576, "measure_result": "no_signal"}}
2026-09-12 16:41:45,963 INFO request {"path": "/measure", "payload": {"arena_id": "default", "robot_id": "202601002029", "request_id": "4d30eb0d3ca744faa7bea0e99c49e1f6", "position": {"x": -600.0000000000006, "y": -1039.2304845413262}, "channel": 20}, "attempt": 1}
2026-09-12 16:41:45,965 INFO response {"request_id": "4d30eb0d3ca744faa7bea0e99c49e1f6", "http_status": 200, "body": {"accepted": true, "real_timestamp_ms": 1789202502661, "virtual_time_s": 1582, "measure_result": "no_signal"}}
2026-09-12 16:41:46,028 INFO request {"path": "/measure", "payload": {"arena_id": "default", "robot_id": "202601002029", "request_id": "815fe491504c461faed80d788f174922", "position": {"x": -600.0000000000006, "y": -1039.2304845413262}, "channel": 17}, "attempt": 1}
2026-09-12 16:41:46,045 INFO response {"request_id": "815fe491504c461faed80d788f174922", "http_status": 200, "body": {"accepted": true, "real_timestamp_ms": 1789202502741, "virtual_time_s": 1588, "measure_result": "direction", "svd_deg": 144.91}}
2026-09-12 16:41:46,076 INFO request {"path": "/measure", "payload": {"arena_id": "default", "robot_id": "202601002029", "request_id": "49b844762718416d987cbd66c722e324", "position": {"x": -600.0000000000006, "y": -1039.2304845413262}, "channel": 3}, "attempt": 1}
2026-09-12 16:41:46,077 INFO response {"request_id": "49b844762718416d987cbd66c722e324", "http_status": 200, "body": {"accepted": true, "real_timestamp_ms": 1789202502775, "virtual_time_s": 1594, "measure_result": "direction", "svd_deg": 358.45}}
2026-09-12 16:41:46,080 INFO request {"path": "/measure", "payload": {"arena_id": "default", "robot_id": "202601002029", "request_id": "9f4218fa03134bd2912f8c3a1f0afe45", "position": {"x": 600.0000000000001, "y": -1039.2304845413264}, "channel": 6}, "attempt": 1}
2026-09-12 16:41:46,093 INFO response {"request_id": "9f4218fa03134bd2912f8c3a1f0afe45", "http_status": 200, "body": {"accepted": true, "real_timestamp_ms": 1789202502790, "virtual_time_s": 1840, "measure_result": "no_signal"}}
2026-09-12 16:41:46,094 INFO request {"path": "/measure", "payload": {"arena_id": "default", "robot_id": "202601002029", "request_id": "43b5297ee9d548b18f939c29b8a5be38", "position": {"x": 600.0000000000001, "y": -1039.2304845413264}, "channel": 12}, "attempt": 1}
2026-09-12 16:41:46,094 INFO response {"request_id": "43b5297ee9d548b18f939c29b8a5be38", "http_status": 200, "body": {"accepted": true, "real_timestamp_ms": 1789202502791, "virtual_time_s": 1846, "measure_result": "no_signal"}}
2026-09-12 16:41:46,094 INFO request {"path": "/measure", "payload": {"arena_id": "default", "robot_id": "202601002029", "request_id": "5053112a52454e56b7c28c7ee5599156", "position": {"x": 600.0000000000001, "y": -1039.2304845413264}, "channel": 14}, "attempt": 1}
2026-09-12 16:41:46,095 INFO response {"request_id": "5053112a52454e56b7c28c7ee5599156", "http_status": 200, "body": {"accepted": true, "real_timestamp_ms": 1789202502792, "virtual_time_s": 1852, "measure_result": "no_signal"}}
2026-09-12 16:41:46,095 INFO request {"path": "/measure", "payload": {"arena_id": "default", "robot_id": "202601002029", "request_id": "9001392d6fc947afb9067fa0b2271550", "position": {"x": 600.0000000000001, "y": -1039.2304845413264}, "channel": 15}, "attempt": 1}
2026-09-12 16:41:46,097 INFO response {"request_id": "9001392d6fc947afb9067fa0b2271550", "http_status": 200, "body": {"accepted": true, "real_timestamp_ms": 1789202502794, "virtual_time_s": 1858, "measure_result": "no_signal"}}
2026-09-12 16:41:46,097 INFO request {"path": "/measure", "payload": {"arena_id": "default", "robot_id": "202601002029", "request_id": "027f43f6cc96426eaaaa89e45105e558", "position": {"x": 600.0000000000001, "y": -1039.2304845413264}, "channel": 20}, "attempt": 1}
2026-09-12 16:41:46,113 INFO response {"request_id": "027f43f6cc96426eaaaa89e45105e558", "http_status": 200, "body": {"accepted": true, "real_timestamp_ms": 1789202502810, "virtual_time_s": 1864, "measure_result": "no_signal"}}
2026-09-12 16:41:46,154 INFO request {"path": "/measure", "payload": {"arena_id": "default", "robot_id": "202601002029", "request_id": "096315160ce44dc19647ffbc47b513c0", "position": {"x": 600.0000000000001, "y": -1039.2304845413264}, "channel": 3}, "attempt": 1}
2026-09-12 16:41:46,173 INFO response {"request_id": "096315160ce44dc19647ffbc47b513c0", "http_status": 200, "body": {"accepted": true, "real_timestamp_ms": 1789202502870, "virtual_time_s": 1870, "measure_result": "direction", "svd_deg": 181.11}}
2026-09-12 16:41:46,206 INFO request {"path": "/measure", "payload": {"arena_id": "default", "robot_id": "202601002029", "request_id": "0c97d6937a9644e7933f8bb1ebe2937e", "position": {"x": 600.0000000000001, "y": -1039.2304845413264}, "channel": 19}, "attempt": 1}
2026-09-12 16:41:46,207 INFO response {"request_id": "0c97d6937a9644e7933f8bb1ebe2937e", "http_status": 200, "body": {"accepted": true, "real_timestamp_ms": 1789202502904, "virtual_time_s": 1876, "measure_result": "direction", "svd_deg": 142.17}}
2026-09-12 16:41:55,570 INFO request {"path": "/measure", "payload": {"arena_id": "default", "robot_id": "202601002029", "request_id": "06e3423d21e640b6b635cdca4af6ad7b", "position": {"x": 389.2119665408192, "y": -1213.4936419377382}, "channel": 7}, "attempt": 1}
2026-09-12 16:41:55,587 INFO response {"request_id": "06e3423d21e640b6b635cdca4af6ad7b", "http_status": 200, "body": {"accepted": true, "real_timestamp_ms": 1789202512284, "virtual_time_s": 1936.698901, "measure_result": "direction", "svd_deg": 243.47}}
2026-09-12 16:41:55,619 INFO request {"path": "/measure", "payload": {"arena_id": "default", "robot_id": "202601002029", "request_id": "d3ea2610fa864a04bb8c09f83305b8ef", "position": {"x": 389.2119665408192, "y": -1213.4936419377382}, "channel": 3}, "attempt": 1}
2026-09-12 16:41:55,621 INFO response {"request_id": "d3ea2610fa864a04bb8c09f83305b8ef", "http_status": 200, "body": {"accepted": true, "real_timestamp_ms": 1789202512318, "virtual_time_s": 1942.698901, "measure_result": "direction", "svd_deg": 159.95}}
2026-09-12 16:41:55,635 INFO request {"path": "/measure", "payload": {"arena_id": "default", "robot_id": "202601002029", "request_id": "60d3417f8f874f409a20f78c0719a644", "position": {"x": 389.2119665408192, "y": -1213.4936419377382}, "channel": 8}, "attempt": 1}
2026-09-12 16:41:55,636 INFO response {"request_id": "60d3417f8f874f409a20f78c0719a644", "http_status": 200, "body": {"accepted": true, "real_timestamp_ms": 1789202512333, "virtual_time_s": 1948.698901, "measure_result": "direction", "svd_deg": 163.28}}
2026-09-12 16:41:58,025 INFO request {"path": "/measure", "payload": {"arena_id": "default", "robot_id": "202601002029", "request_id": "0748af5875dc462cab1eb49a4d1d4497", "position": {"x": 401.3171483472192, "y": -1413.1269672454985}, "channel": 7}, "attempt": 1}
2026-09-12 16:41:58,041 INFO response {"request_id": "0748af5875dc462cab1eb49a4d1d4497", "http_status": 200, "body": {"accepted": true, "real_timestamp_ms": 1789202514737, "virtual_time_s": 1994.698901, "measure_result": "direction", "svd_deg": 223.49}}
2026-09-12 16:41:58,108 INFO request {"path": "/clear", "payload": {"arena_id": "default", "robot_id": "202601002029", "request_id": "6b784c2ef3964d0c8dbc0f81a8044252", "position": {"x": 188.0221561763837, "y": -1615.866036050414}, "channel": 7}, "attempt": 1}
2026-09-12 16:41:58,121 INFO response {"request_id": "6b784c2ef3964d0c8dbc0f81a8044252", "http_status": 200, "body": {"accepted": true, "real_timestamp_ms": 1789202514817, "virtual_time_s": 2058.553938, "clear_result": "success"}}
2026-09-12 16:41:58,172 INFO request {"path": "/measure", "payload": {"arena_id": "default", "robot_id": "202601002029", "request_id": "240877d462d144aca54313f7b332f355", "position": {"x": 188.0221561763837, "y": -1615.866036050414}, "channel": 3}, "attempt": 1}
2026-09-12 16:41:58,190 INFO response {"request_id": "240877d462d144aca54313f7b332f355", "http_status": 200, "body": {"accepted": true, "real_timestamp_ms": 1789202514886, "virtual_time_s": 2064.553938, "measure_result": "direction", "svd_deg": 110.99}}
2026-09-12 16:41:58,214 INFO request {"path": "/measure", "payload": {"arena_id": "default", "robot_id": "202601002029", "request_id": "3f81e592a6ce4322b184a5d14b773f8e", "position": {"x": 188.0221561763837, "y": -1615.866036050414}, "channel": 8}, "attempt": 1}
2026-09-12 16:41:58,215 INFO response {"request_id": "3f81e592a6ce4322b184a5d14b773f8e", "http_status": 200, "body": {"accepted": true, "real_timestamp_ms": 1789202514913, "virtual_time_s": 2070.553938, "measure_result": "direction", "svd_deg": 140.33}}
2026-09-12 16:41:58,926 INFO request {"path": "/clear", "payload": {"arena_id": "default", "robot_id": "202601002029", "request_id": "49254f11e512427faf81adf78eab1c91", "position": {"x": -30.333890836921984, "y": -1054.9085946217233}, "channel": 3}, "attempt": 1}
2026-09-12 16:41:58,943 INFO response {"request_id": "49254f11e512427faf81adf78eab1c91", "http_status": 200, "body": {"accepted": true, "real_timestamp_ms": 1789202515640, "virtual_time_s": 2195.945402, "clear_result": "success"}}
2026-09-12 16:41:59,013 INFO request {"path": "/measure", "payload": {"arena_id": "default", "robot_id": "202601002029", "request_id": "3ace00c2a87e4363926126803e90cd2f", "position": {"x": -30.333890836921984, "y": -1054.9085946217233}, "channel": 19}, "attempt": 1}
2026-09-12 16:41:59,032 INFO response {"request_id": "3ace00c2a87e4363926126803e90cd2f", "http_status": 200, "body": {"accepted": true, "real_timestamp_ms": 1789202515729, "virtual_time_s": 2201.945402, "measure_result": "direction", "svd_deg": 88.81}}
2026-09-12 16:41:59,064 INFO request {"path": "/measure", "payload": {"arena_id": "default", "robot_id": "202601002029", "request_id": "b8e329c3ee464f1e80d9f18f70d4442a", "position": {"x": -30.333890836921984, "y": -1054.9085946217233}, "channel": 8}, "attempt": 1}
2026-09-12 16:41:59,080 INFO response {"request_id": "b8e329c3ee464f1e80d9f18f70d4442a", "http_status": 200, "body": {"accepted": true, "real_timestamp_ms": 1789202515777, "virtual_time_s": 2207.945402, "measure_result": "direction", "svd_deg": 166.76}}
2026-09-12 16:42:00,513 INFO request {"path": "/measure", "payload": {"arena_id": "default", "robot_id": "202601002029", "request_id": "6ecf8bbed16b4b1a9c15582c0c41d5fa", "position": {"x": -241.04127957017192, "y": -890.7165312773061}, "channel": 19}, "attempt": 1}
2026-09-12 16:42:00,526 INFO response {"request_id": "6ecf8bbed16b4b1a9c15582c0c41d5fa", "http_status": 200, "body": {"accepted": true, "real_timestamp_ms": 1789202517223, "virtual_time_s": 2267.370728, "measure_result": "direction", "svd_deg": 57.32}}
2026-09-12 16:42:00,574 INFO request {"path": "/measure", "payload": {"arena_id": "default", "robot_id": "202601002029", "request_id": "dc1888464ada41a993060ba47514c921", "position": {"x": -241.04127957017192, "y": -890.7165312773061}, "channel": 17}, "attempt": 1}
2026-09-12 16:42:00,585 INFO response {"request_id": "dc1888464ada41a993060ba47514c921", "http_status": 200, "body": {"accepted": true, "real_timestamp_ms": 1789202517282, "virtual_time_s": 2273.370728, "measure_result": "direction", "svd_deg": 186.56}}
2026-09-12 16:42:00,621 INFO request {"path": "/measure", "payload": {"arena_id": "default", "robot_id": "202601002029", "request_id": "f8674302e2c24095ad35152c408b0acd", "position": {"x": -600.0000000000006, "y": -1039.2304845413262}, "channel": 8}, "attempt": 1}
2026-09-12 16:42:00,634 INFO response {"request_id": "f8674302e2c24095ad35152c408b0acd", "http_status": 200, "body": {"accepted": true, "real_timestamp_ms": 1789202517331, "virtual_time_s": 2357.064423, "measure_result": "direction", "svd_deg": 110.02}}
2026-09-12 16:42:00,651 INFO request {"path": "/clear", "payload": {"arena_id": "default", "robot_id": "202601002029", "request_id": "403c53a668bd4ede80f7696bb29447fa", "position": {"x": -647.5419990823405, "y": -909.5071778621507}, "channel": 8}, "attempt": 1}
2026-09-12 16:42:00,652 INFO response {"request_id": "403c53a668bd4ede80f7696bb29447fa", "http_status": 200, "body": {"accepted": true, "real_timestamp_ms": 1789202517349, "virtual_time_s": 2389.696562, "clear_result": "success"}}
2026-09-12 16:42:00,664 INFO request {"path": "/clear", "payload": {"arena_id": "default", "robot_id": "202601002029", "request_id": "430acf97706c4b76939c05c01ce22012", "position": {"x": -731.8868872112934, "y": -946.917420207925}, "channel": 17}, "attempt": 1}
2026-09-12 16:42:00,684 INFO response {"request_id": "430acf97706c4b76939c05c01ce22012", "http_status": 200, "body": {"accepted": true, "real_timestamp_ms": 1789202517381, "virtual_time_s": 2413.150382, "clear_result": "success"}}
2026-09-12 16:42:00,707 INFO request {"path": "/measure", "payload": {"arena_id": "default", "robot_id": "202601002029", "request_id": "4e9fbbbbca7240a281a1513eb9408815", "position": {"x": -731.8868872112934, "y": -946.917420207925}, "channel": 18}, "attempt": 1}
2026-09-12 16:42:00,723 INFO response {"request_id": "4e9fbbbbca7240a281a1513eb9408815", "http_status": 200, "body": {"accepted": true, "real_timestamp_ms": 1789202517420, "virtual_time_s": 2419.150382, "measure_result": "direction", "svd_deg": 113.28}}
2026-09-12 16:42:00,729 INFO request {"path": "/clear", "payload": {"arena_id": "default", "robot_id": "202601002029", "request_id": "afbc4eb84d174261bbba8b040a7453a7", "position": {"x": -963.2611787334833, "y": -401.42313955511736}, "channel": 18}, "attempt": 1}
2026-09-12 16:42:00,742 INFO response {"request_id": "afbc4eb84d174261bbba8b040a7453a7", "http_status": 200, "body": {"accepted": true, "real_timestamp_ms": 1789202517440, "virtual_time_s": 2542.657441, "clear_result": "success"}}
2026-09-12 16:42:00,745 INFO request {"path": "/measure", "payload": {"arena_id": "default", "robot_id": "202601002029", "request_id": "36b588ced7ed4f07b6b876f0d0ab7918", "position": {"x": -1182.0466537600985, "y": 174.42940380454547}, "channel": 9}, "attempt": 1}
2026-09-12 16:42:00,763 INFO response {"request_id": "36b588ced7ed4f07b6b876f0d0ab7918", "http_status": 200, "body": {"accepted": true, "real_timestamp_ms": 1789202517460, "virtual_time_s": 2671.860239, "measure_result": "direction", "svd_deg": 83.3}}
2026-09-12 16:42:01,525 INFO request {"path": "/measure", "payload": {"arena_id": "default", "robot_id": "202601002029", "request_id": "771f9dc1bd3345d0b54945999306e23e", "position": {"x": -1106.1499165196337, "y": 409.2104321381206}, "channel": 9}, "attempt": 1}
2026-09-12 16:42:01,539 INFO response {"request_id": "771f9dc1bd3345d0b54945999306e23e", "http_status": 200, "body": {"accepted": true, "real_timestamp_ms": 1789202518236, "virtual_time_s": 2726.208976, "measure_result": "direction", "svd_deg": 89.87}}
2026-09-12 16:42:01,544 INFO request {"path": "/clear", "payload": {"arena_id": "default", "robot_id": "202601002029", "request_id": "ca8021a514474209acdc2c5f5519e08c", "position": {"x": -1105.0002733088015, "y": 809.3883845867593}, "channel": 9}, "attempt": 1}
2026-09-12 16:42:01,557 INFO response {"request_id": "ca8021a514474209acdc2c5f5519e08c", "http_status": 200, "body": {"accepted": true, "real_timestamp_ms": 1789202518254, "virtual_time_s": 2811.244897, "clear_result": "success"}}
2026-09-12 16:42:01,560 INFO request {"path": "/measure", "payload": {"arena_id": "default", "robot_id": "202601002029", "request_id": "59276e5ecc31459780e2d72f35ade121", "position": {"x": -229.18065261074102, "y": 473.6583224221579}, "channel": 10}, "attempt": 1}
2026-09-12 16:42:01,561 INFO response {"request_id": "59276e5ecc31459780e2d72f35ade121", "http_status": 200, "body": {"accepted": true, "real_timestamp_ms": 1789202518258, "virtual_time_s": 3004.837507, "measure_result": "direction", "svd_deg": 341.08}}
2026-09-12 16:42:01,595 INFO request {"path": "/measure", "payload": {"arena_id": "default", "robot_id": "202601002029", "request_id": "aa1ec1fc602247369f09f489d74c0255", "position": {"x": -229.18065261074102, "y": 473.6583224221579}, "channel": 16}, "attempt": 1}
2026-09-12 16:42:01,596 INFO response {"request_id": "aa1ec1fc602247369f09f489d74c0255", "http_status": 200, "body": {"accepted": true, "real_timestamp_ms": 1789202518293, "virtual_time_s": 3010.837507, "measure_result": "direction", "svd_deg": 72.56}}
2026-09-12 16:42:01,619 INFO request {"path": "/measure", "payload": {"arena_id": "default", "robot_id": "202601002029", "request_id": "a66e76ebf1304a7d84ed8f97185a9a8d", "position": {"x": -229.18065261074102, "y": 473.6583224221579}, "channel": 2}, "attempt": 1}
2026-09-12 16:42:01,620 INFO response {"request_id": "a66e76ebf1304a7d84ed8f97185a9a8d", "http_status": 200, "body": {"accepted": true, "real_timestamp_ms": 1789202518317, "virtual_time_s": 3016.837507, "measure_result": "direction", "svd_deg": 17.39}}
2026-09-12 16:42:02,331 INFO request {"path": "/clear", "payload": {"arena_id": "default", "robot_id": "202601002029", "request_id": "543356b9e05346349bd48bf69c4b29ac", "position": {"x": 28.639474901343206, "y": 768.0471825649468}, "channel": 13}, "attempt": 1}
2026-09-12 16:42:02,344 INFO response {"request_id": "543356b9e05346349bd48bf69c4b29ac", "http_status": 200, "body": {"accepted": true, "real_timestamp_ms": 1789202519041, "virtual_time_s": 3100.102702, "clear_result": "success"}}
2026-09-12 16:42:02,365 INFO request {"path": "/measure", "payload": {"arena_id": "default", "robot_id": "202601002029", "request_id": "255a6b8a13b3455da1d6358b47a9bfd0", "position": {"x": 28.639474901343206, "y": 768.0471825649468}, "channel": 11}, "attempt": 1}
2026-09-12 16:42:02,385 INFO response {"request_id": "255a6b8a13b3455da1d6358b47a9bfd0", "http_status": 200, "body": {"accepted": true, "real_timestamp_ms": 1789202519082, "virtual_time_s": 3106.102702, "measure_result": "direction", "svd_deg": 350.92}}
2026-09-12 16:42:02,414 INFO request {"path": "/measure", "payload": {"arena_id": "default", "robot_id": "202601002029", "request_id": "119e535940204c75bb31ee66cfce25d7", "position": {"x": 28.639474901343206, "y": 768.0471825649468}, "channel": 2}, "attempt": 1}
2026-09-12 16:42:02,426 INFO response {"request_id": "119e535940204c75bb31ee66cfce25d7", "http_status": 200, "body": {"accepted": true, "real_timestamp_ms": 1789202519123, "virtual_time_s": 3112.102702, "measure_result": "direction", "svd_deg": 1.1}}
2026-09-12 16:42:03,207 INFO request {"path": "/clear", "payload": {"arena_id": "default", "robot_id": "202601002029", "request_id": "c25883c1d24a4cdfb7ed03b522f01b37", "position": {"x": -41.315770326803865, "y": 1059.718528141836}, "channel": 16}, "attempt": 1}
2026-09-12 16:42:03,209 INFO response {"request_id": "c25883c1d24a4cdfb7ed03b522f01b37", "http_status": 200, "body": {"accepted": true, "real_timestamp_ms": 1789202519905, "virtual_time_s": 3177.091338, "clear_result": "success"}}
2026-09-12 16:42:03,225 INFO request {"path": "/measure", "payload": {"arena_id": "default", "robot_id": "202601002029", "request_id": "81193477adc1492b93c6ec6802b4cb76", "position": {"x": 600.0000000000001, "y": 1039.2304845413264}, "channel": 2}, "attempt": 1}
2026-09-12 16:42:03,246 INFO response {"request_id": "81193477adc1492b93c6ec6802b4cb76", "http_status": 200, "body": {"accepted": true, "real_timestamp_ms": 1789202519943, "virtual_time_s": 3310.419928, "measure_result": "direction", "svd_deg": 300.22}}
2026-09-12 16:42:03,251 INFO request {"path": "/clear", "payload": {"arena_id": "default", "robot_id": "202601002029", "request_id": "a92cb8f903934003aad78be4b78227b0", "position": {"x": 752.0725944994329, "y": 781.7409935817441}, "channel": 2}, "attempt": 1}
2026-09-12 16:42:03,265 INFO response {"request_id": "a92cb8f903934003aad78be4b78227b0", "http_status": 200, "body": {"accepted": true, "real_timestamp_ms": 1789202519962, "virtual_time_s": 3375.228594, "clear_result": "success"}}
2026-09-12 16:42:03,282 INFO request {"path": "/measure", "payload": {"arena_id": "default", "robot_id": "202601002029", "request_id": "a13f7deece4741368ea46cd55367e3ed", "position": {"x": 752.0725944994329, "y": 781.7409935817441}, "channel": 4}, "attempt": 1}
2026-09-12 16:42:03,283 INFO response {"request_id": "a13f7deece4741368ea46cd55367e3ed", "http_status": 200, "body": {"accepted": true, "real_timestamp_ms": 1789202519980, "virtual_time_s": 3381.228594, "measure_result": "direction", "svd_deg": 296.39}}
2026-09-12 16:42:03,907 INFO request {"path": "/clear", "payload": {"arena_id": "default", "robot_id": "202601002029", "request_id": "e70f392c44904786b72886e7d5af3f0b", "position": {"x": 763.6725601459968, "y": 639.1955318562729}, "channel": 11}, "attempt": 1}
2026-09-12 16:42:03,908 INFO response {"request_id": "e70f392c44904786b72886e7d5af3f0b", "http_status": 200, "body": {"accepted": true, "real_timestamp_ms": 1789202520605, "virtual_time_s": 3414.831928, "clear_result": "success"}}
2026-09-12 16:42:03,918 INFO request {"path": "/measure", "payload": {"arena_id": "default", "robot_id": "202601002029", "request_id": "55eac435021c4330afe81ba5d757ef23", "position": {"x": 763.6725601459968, "y": 639.1955318562729}, "channel": 4}, "attempt": 1}
2026-09-12 16:42:03,920 INFO response {"request_id": "55eac435021c4330afe81ba5d757ef23", "http_status": 200, "body": {"accepted": true, "real_timestamp_ms": 1789202520616, "virtual_time_s": 3419.831928, "measure_result": "direction", "svd_deg": 298.71}}
2026-09-12 16:42:04,637 INFO request {"path": "/measure", "payload": {"arena_id": "default", "robot_id": "202601002029", "request_id": "b42ea4e35e644d278e7492cb05c12dbf", "position": {"x": 1418.1031234893574, "y": 453.0180460093135}, "channel": 1}, "attempt": 1}
2026-09-12 16:42:04,655 INFO response {"request_id": "b42ea4e35e644d278e7492cb05c12dbf", "http_status": 200, "body": {"accepted": true, "real_timestamp_ms": 1789202521352, "virtual_time_s": 3561.911525, "measure_result": "direction", "svd_deg": 136.14}}
2026-09-12 16:42:04,672 INFO request {"path": "/measure", "payload": {"arena_id": "default", "robot_id": "202601002029", "request_id": "d229c6eb9a7647029da52916da1f6776", "position": {"x": 1418.1031234893574, "y": 453.0180460093135}, "channel": 4}, "attempt": 1}
2026-09-12 16:42:04,684 INFO response {"request_id": "d229c6eb9a7647029da52916da1f6776", "http_status": 200, "body": {"accepted": true, "real_timestamp_ms": 1789202521381, "virtual_time_s": 3567.911525, "measure_result": "direction", "svd_deg": 254.58}}
2026-09-12 16:42:06,130 INFO request {"path": "/measure", "payload": {"arena_id": "default", "robot_id": "202601002029", "request_id": "7e2ab431094f47f8bb7bddee65e7b925", "position": {"x": 1805.2757008930964, "y": -434.80056660486343}, "channel": 5}, "attempt": 1}
2026-09-12 16:42:06,131 INFO response {"request_id": "7e2ab431094f47f8bb7bddee65e7b925", "http_status": 200, "body": {"accepted": true, "real_timestamp_ms": 1789202522828, "virtual_time_s": 3767.625179, "measure_result": "direction", "svd_deg": 227.05}}
2026-09-12 16:42:06,148 INFO request {"path": "/measure", "payload": {"arena_id": "default", "robot_id": "202601002029", "request_id": "8210c16ebd0143e4b081bdd2e20c3de2", "position": {"x": 1805.2757008930964, "y": -434.80056660486343}, "channel": 4}, "attempt": 1}
2026-09-12 16:42:06,149 INFO response {"request_id": "8210c16ebd0143e4b081bdd2e20c3de2", "http_status": 200, "body": {"accepted": true, "real_timestamp_ms": 1789202522846, "virtual_time_s": 3773.625179, "measure_result": "direction", "svd_deg": 159.21}}
2026-09-12 16:42:06,155 INFO request {"path": "/clear", "payload": {"arena_id": "default", "robot_id": "202601002029", "request_id": "39ef3fb556204a4a94ce26ec4d18581d", "position": {"x": 1539.8268188374518, "y": -720.4113767254678}, "channel": 5}, "attempt": 1}
2026-09-12 16:42:06,156 INFO response {"request_id": "39ef3fb556204a4a94ce26ec4d18581d", "http_status": 200, "body": {"accepted": true, "real_timestamp_ms": 1789202522853, "virtual_time_s": 3856.608932, "clear_result": "success"}}
2026-09-12 16:42:06,156 INFO request {"path": "/clear", "payload": {"arena_id": "default", "robot_id": "202601002029", "request_id": "ee3875f8feb64605a4febc97f9c882f4", "position": {"x": 1233.739312599269, "y": -216.087096669083}, "channel": 4}, "attempt": 1}
2026-09-12 16:42:06,158 INFO response {"request_id": "ee3875f8feb64605a4febc97f9c882f4", "http_status": 200, "body": {"accepted": true, "real_timestamp_ms": 1789202522855, "virtual_time_s": 3979.597498, "clear_result": "success"}}
2026-09-12 16:42:06,158 INFO request {"path": "/measure", "payload": {"arena_id": "default", "robot_id": "202601002029", "request_id": "27f0066c6b98453896777ed73cfade7d", "position": {"x": 1018.182297037116, "y": 445.0598697260026}, "channel": 1}, "attempt": 1}
2026-09-12 16:42:06,160 INFO response {"request_id": "27f0066c6b98453896777ed73cfade7d", "http_status": 200, "body": {"accepted": true, "real_timestamp_ms": 1789202522857, "virtual_time_s": 4124.677351, "measure_result": "direction", "svd_deg": 110.74}}
2026-09-12 16:42:06,166 INFO request {"path": "/clear", "payload": {"arena_id": "default", "robot_id": "202601002029", "request_id": "ea6ff88cf2524b2390674f433f0a3615", "position": {"x": 793.4854490568197, "y": 1040.6397821661171}, "channel": 1}, "attempt": 1}
2026-09-12 16:42:06,167 INFO response {"request_id": "ea6ff88cf2524b2390674f433f0a3615", "http_status": 200, "body": {"accepted": true, "real_timestamp_ms": 1789202522864, "virtual_time_s": 4256.98864, "clear_result": "success"}}
2026-09-12 16:42:06,167 INFO request {"path": "/clear", "payload": {"arena_id": "default", "robot_id": "202601002029", "request_id": "b57e07d08b554ff0aff0001301080070", "position": {"x": 141.12519091094555, "y": 346.8460170584113}, "channel": 10}, "attempt": 1}
2026-09-12 16:42:06,168 INFO response {"request_id": "b57e07d08b554ff0aff0001301080070", "http_status": 200, "body": {"accepted": true, "real_timestamp_ms": 1789202522865, "virtual_time_s": 4452.453723, "clear_result": "success"}}
2026-09-12 16:42:06,169 INFO request {"path": "/clear", "payload": {"arena_id": "default", "robot_id": "202601002029", "request_id": "00df5134b40e4e9eac1dd431e899c7b5", "position": {"x": -25.10857427313887, "y": -553.6395535601616}, "channel": 19}, "attempt": 1}
2026-09-12 16:42:06,170 INFO response {"request_id": "00df5134b40e4e9eac1dd431e899c7b5", "http_status": 200, "body": {"accepted": true, "real_timestamp_ms": 1789202522867, "virtual_time_s": 4640.59388, "clear_result": "success"}}
2026-09-12 16:42:06,170 INFO request {"path": "/exit", "payload": {"arena_id": "default", "robot_id": "202601002029", "request_id": "e974e494cef347a8be2e06145d4a138b"}, "attempt": 1}
2026-09-12 16:42:06,171 INFO response {"request_id": "e974e494cef347a8be2e06145d4a138b", "http_status": 200, "body": {"accepted": true, "real_timestamp_ms": 1789202522868, "virtual_time_s": 4640.59388, "exit_reason": "user_exit"}}
