2026-09-12 14:19:15,101 INFO request {"path": "/enter", "payload": {"arena_id": "default", "robot_id": "202601002029", "request_id": "0c0eca4e89c84a04a8dc809aabbec1df"}, "attempt": 1}
2026-09-12 14:19:15,104 INFO response {"request_id": "0c0eca4e89c84a04a8dc809aabbec1df", "http_status": 200, "body": {"accepted": true, "real_timestamp_ms": 1789193951741, "virtual_time_s": 0, "max_virtual_duration_s": 360000, "max_real_duration_s": 1200, "remaining_real_duration_s": 1200}}
2026-09-12 14:19:15,104 INFO request {"path": "/measure", "payload": {"arena_id": "default", "robot_id": "202601002029", "request_id": "fd7ca25605554a3997a8e9f7217a0ed0", "position": {"x": 0.0, "y": 0.0}, "channel": 1}, "attempt": 1}
2026-09-12 14:19:15,105 INFO response {"request_id": "fd7ca25605554a3997a8e9f7217a0ed0", "http_status": 200, "body": {"accepted": true, "real_timestamp_ms": 1789193951742, "virtual_time_s": 5, "measure_result": "no_signal"}}
2026-09-12 14:19:15,105 INFO request {"path": "/measure", "payload": {"arena_id": "default", "robot_id": "202601002029", "request_id": "9b41021f13f84772b83c4b5f0d0a0578", "position": {"x": 0.0, "y": 0.0}, "channel": 2}, "attempt": 1}
2026-09-12 14:19:15,106 INFO response {"request_id": "9b41021f13f84772b83c4b5f0d0a0578", "http_status": 200, "body": {"accepted": true, "real_timestamp_ms": 1789193951743, "virtual_time_s": 11, "measure_result": "no_signal"}}
2026-09-12 14:19:15,106 INFO request {"path": "/measure", "payload": {"arena_id": "default", "robot_id": "202601002029", "request_id": "3cab81a8bc114f8bad020c0ea342078f", "position": {"x": 0.0, "y": 0.0}, "channel": 3}, "attempt": 1}
2026-09-12 14:19:15,107 INFO response {"request_id": "3cab81a8bc114f8bad020c0ea342078f", "http_status": 200, "body": {"accepted": true, "real_timestamp_ms": 1789193951744, "virtual_time_s": 17, "measure_result": "no_signal"}}
2026-09-12 14:19:15,107 INFO request {"path": "/measure", "payload": {"arena_id": "default", "robot_id": "202601002029", "request_id": "cb6f30deea2a4095a3515e588cd7d80c", "position": {"x": 0.0, "y": 0.0}, "channel": 4}, "attempt": 1}
2026-09-12 14:19:15,107 INFO response {"request_id": "cb6f30deea2a4095a3515e588cd7d80c", "http_status": 200, "body": {"accepted": true, "real_timestamp_ms": 1789193951744, "virtual_time_s": 23, "measure_result": "direction", "svd_deg": 51.52}}
2026-09-12 14:19:15,111 INFO request {"path": "/measure", "payload": {"arena_id": "default", "robot_id": "202601002029", "request_id": "39b61f75460b433598f5dae6ed10b5ad", "position": {"x": 0.0, "y": 0.0}, "channel": 5}, "attempt": 1}
2026-09-12 14:19:15,112 INFO response {"request_id": "39b61f75460b433598f5dae6ed10b5ad", "http_status": 200, "body": {"accepted": true, "real_timestamp_ms": 1789193951749, "virtual_time_s": 29, "measure_result": "no_signal"}}
2026-09-12 14:19:15,113 INFO request {"path": "/measure", "payload": {"arena_id": "default", "robot_id": "202601002029", "request_id": "a3a0d8aaab564ac485f8a356abc9fb3f", "position": {"x": 0.0, "y": 0.0}, "channel": 6}, "attempt": 1}
2026-09-12 14:19:15,113 INFO response {"request_id": "a3a0d8aaab564ac485f8a356abc9fb3f", "http_status": 200, "body": {"accepted": true, "real_timestamp_ms": 1789193951750, "virtual_time_s": 35, "measure_result": "no_signal"}}
2026-09-12 14:19:15,113 INFO request {"path": "/measure", "payload": {"arena_id": "default", "robot_id": "202601002029", "request_id": "9c10dc92c5b845c58d5a5aa9b9c44395", "position": {"x": 0.0, "y": 0.0}, "channel": 7}, "attempt": 1}
2026-09-12 14:19:15,114 INFO response {"request_id": "9c10dc92c5b845c58d5a5aa9b9c44395", "http_status": 200, "body": {"accepted": true, "real_timestamp_ms": 1789193951751, "virtual_time_s": 41, "measure_result": "no_signal"}}
2026-09-12 14:19:15,114 INFO request {"path": "/measure", "payload": {"arena_id": "default", "robot_id": "202601002029", "request_id": "2121aa4347be4f3eb1d522255f96b167", "position": {"x": 0.0, "y": 0.0}, "channel": 8}, "attempt": 1}
2026-09-12 14:19:15,115 INFO response {"request_id": "2121aa4347be4f3eb1d522255f96b167", "http_status": 200, "body": {"accepted": true, "real_timestamp_ms": 1789193951752, "virtual_time_s": 47, "measure_result": "direction", "svd_deg": 137.69}}
2026-09-12 14:19:15,121 INFO request {"path": "/measure", "payload": {"arena_id": "default", "robot_id": "202601002029", "request_id": "8a44fbd9b0e94febaf227b873ff51751", "position": {"x": 0.0, "y": 0.0}, "channel": 9}, "attempt": 1}
2026-09-12 14:19:15,122 INFO response {"request_id": "8a44fbd9b0e94febaf227b873ff51751", "http_status": 200, "body": {"accepted": true, "real_timestamp_ms": 1789193951759, "virtual_time_s": 53, "measure_result": "no_signal"}}
2026-09-12 14:19:15,123 INFO request {"path": "/measure", "payload": {"arena_id": "default", "robot_id": "202601002029", "request_id": "d2bb660b9f684ac2ab6751f32ee9a517", "position": {"x": 0.0, "y": 0.0}, "channel": 10}, "attempt": 1}
2026-09-12 14:19:15,140 INFO response {"request_id": "d2bb660b9f684ac2ab6751f32ee9a517", "http_status": 200, "body": {"accepted": true, "real_timestamp_ms": 1789193951776, "virtual_time_s": 59, "measure_result": "direction", "svd_deg": 271.1}}
2026-09-12 14:19:15,143 INFO request {"path": "/measure", "payload": {"arena_id": "default", "robot_id": "202601002029", "request_id": "98a6db746b364f479a54f498fa6cbf7f", "position": {"x": 0.0, "y": 0.0}, "channel": 11}, "attempt": 1}
2026-09-12 14:19:15,160 INFO response {"request_id": "98a6db746b364f479a54f498fa6cbf7f", "http_status": 200, "body": {"accepted": true, "real_timestamp_ms": 1789193951796, "virtual_time_s": 65, "measure_result": "no_signal"}}
2026-09-12 14:19:15,160 INFO request {"path": "/measure", "payload": {"arena_id": "default", "robot_id": "202601002029", "request_id": "aace13825f744021844094d2b435a3f7", "position": {"x": 0.0, "y": 0.0}, "channel": 12}, "attempt": 1}
2026-09-12 14:19:15,180 INFO response {"request_id": "aace13825f744021844094d2b435a3f7", "http_status": 200, "body": {"accepted": true, "real_timestamp_ms": 1789193951815, "virtual_time_s": 71, "measure_result": "no_signal"}}
2026-09-12 14:19:15,180 INFO request {"path": "/measure", "payload": {"arena_id": "default", "robot_id": "202601002029", "request_id": "0057901b28614fa8a404473b2af4a58c", "position": {"x": 0.0, "y": 0.0}, "channel": 13}, "attempt": 1}
2026-09-12 14:19:15,182 INFO response {"request_id": "0057901b28614fa8a404473b2af4a58c", "http_status": 200, "body": {"accepted": true, "real_timestamp_ms": 1789193951818, "virtual_time_s": 77, "measure_result": "direction", "svd_deg": 109.75}}
2026-09-12 14:19:15,188 INFO request {"path": "/measure", "payload": {"arena_id": "default", "robot_id": "202601002029", "request_id": "8556dab5fb34461aba63740cf719c7e9", "position": {"x": 0.0, "y": 0.0}, "channel": 14}, "attempt": 1}
2026-09-12 14:19:15,208 INFO response {"request_id": "8556dab5fb34461aba63740cf719c7e9", "http_status": 200, "body": {"accepted": true, "real_timestamp_ms": 1789193951844, "virtual_time_s": 83, "measure_result": "no_signal"}}
2026-09-12 14:19:15,208 INFO request {"path": "/measure", "payload": {"arena_id": "default", "robot_id": "202601002029", "request_id": "35e5b38979144b2f8459bf399d8ef347", "position": {"x": 0.0, "y": 0.0}, "channel": 15}, "attempt": 1}
2026-09-12 14:19:15,209 INFO response {"request_id": "35e5b38979144b2f8459bf399d8ef347", "http_status": 200, "body": {"accepted": true, "real_timestamp_ms": 1789193951846, "virtual_time_s": 89, "measure_result": "no_signal"}}
2026-09-12 14:19:15,210 INFO request {"path": "/measure", "payload": {"arena_id": "default", "robot_id": "202601002029", "request_id": "08893d6d598449a8b2a9e5e9c0e4b35b", "position": {"x": 0.0, "y": 0.0}, "channel": 16}, "attempt": 1}
2026-09-12 14:19:15,227 INFO response {"request_id": "08893d6d598449a8b2a9e5e9c0e4b35b", "http_status": 200, "body": {"accepted": true, "real_timestamp_ms": 1789193951863, "virtual_time_s": 95, "measure_result": "no_signal"}}
2026-09-12 14:19:15,227 INFO request {"path": "/measure", "payload": {"arena_id": "default", "robot_id": "202601002029", "request_id": "31b49c83ff5946538bd58db7fdc0030b", "position": {"x": 0.0, "y": 0.0}, "channel": 17}, "attempt": 1}
2026-09-12 14:19:15,247 INFO response {"request_id": "31b49c83ff5946538bd58db7fdc0030b", "http_status": 200, "body": {"accepted": true, "real_timestamp_ms": 1789193951884, "virtual_time_s": 101, "measure_result": "no_signal"}}
2026-09-12 14:19:15,247 INFO request {"path": "/measure", "payload": {"arena_id": "default", "robot_id": "202601002029", "request_id": "06bc5b3594a842d29d80ccc3cc681fa4", "position": {"x": 0.0, "y": 0.0}, "channel": 18}, "attempt": 1}
2026-09-12 14:19:15,268 INFO response {"request_id": "06bc5b3594a842d29d80ccc3cc681fa4", "http_status": 200, "body": {"accepted": true, "real_timestamp_ms": 1789193951904, "virtual_time_s": 107, "measure_result": "direction", "svd_deg": 237.42}}
2026-09-12 14:19:15,277 INFO request {"path": "/measure", "payload": {"arena_id": "default", "robot_id": "202601002029", "request_id": "76f1d5936b344f2e932d531e40049f82", "position": {"x": 0.0, "y": 0.0}, "channel": 19}, "attempt": 1}
2026-09-12 14:19:15,280 INFO response {"request_id": "76f1d5936b344f2e932d531e40049f82", "http_status": 200, "body": {"accepted": true, "real_timestamp_ms": 1789193951916, "virtual_time_s": 113, "measure_result": "direction", "svd_deg": 280.06}}
2026-09-12 14:19:15,287 INFO request {"path": "/measure", "payload": {"arena_id": "default", "robot_id": "202601002029", "request_id": "93541ebdea574a3d9a2d21c117a776b4", "position": {"x": 0.0, "y": 0.0}, "channel": 20}, "attempt": 1}
2026-09-12 14:19:15,291 INFO response {"request_id": "93541ebdea574a3d9a2d21c117a776b4", "http_status": 200, "body": {"accepted": true, "real_timestamp_ms": 1789193951926, "virtual_time_s": 119, "measure_result": "direction", "svd_deg": 293.23}}
2026-09-12 14:19:15,296 INFO request {"path": "/measure", "payload": {"arena_id": "default", "robot_id": "202601002029", "request_id": "81b1af603ed8449ca7efa3ae4a483054", "position": {"x": 1200.0, "y": 0.0}, "channel": 1}, "attempt": 1}
2026-09-12 14:19:15,297 INFO response {"request_id": "81b1af603ed8449ca7efa3ae4a483054", "http_status": 200, "body": {"accepted": true, "real_timestamp_ms": 1789193951934, "virtual_time_s": 365, "measure_result": "no_signal"}}
2026-09-12 14:19:15,298 INFO request {"path": "/measure", "payload": {"arena_id": "default", "robot_id": "202601002029", "request_id": "56d403e899fd4a47862fdb3a93c4e527", "position": {"x": 1200.0, "y": 0.0}, "channel": 2}, "attempt": 1}
2026-09-12 14:19:15,317 INFO response {"request_id": "56d403e899fd4a47862fdb3a93c4e527", "http_status": 200, "body": {"accepted": true, "real_timestamp_ms": 1789193951953, "virtual_time_s": 371, "measure_result": "no_signal"}}
2026-09-12 14:19:15,317 INFO request {"path": "/measure", "payload": {"arena_id": "default", "robot_id": "202601002029", "request_id": "7f0e3b88c36543d3974e04da726ebd5b", "position": {"x": 1200.0, "y": 0.0}, "channel": 3}, "attempt": 1}
2026-09-12 14:19:15,337 INFO response {"request_id": "7f0e3b88c36543d3974e04da726ebd5b", "http_status": 200, "body": {"accepted": true, "real_timestamp_ms": 1789193951972, "virtual_time_s": 377, "measure_result": "no_signal"}}
2026-09-12 14:19:15,337 INFO request {"path": "/measure", "payload": {"arena_id": "default", "robot_id": "202601002029", "request_id": "cb8bbdc75806432fb9edf584ef50c5c8", "position": {"x": 1200.0, "y": 0.0}, "channel": 5}, "attempt": 1}
2026-09-12 14:19:15,359 INFO response {"request_id": "cb8bbdc75806432fb9edf584ef50c5c8", "http_status": 200, "body": {"accepted": true, "real_timestamp_ms": 1789193951993, "virtual_time_s": 383, "measure_result": "no_signal"}}
2026-09-12 14:19:15,359 INFO request {"path": "/measure", "payload": {"arena_id": "default", "robot_id": "202601002029", "request_id": "a95196ae44b24a7ba58320d6b8658f96", "position": {"x": 1200.0, "y": 0.0}, "channel": 6}, "attempt": 1}
2026-09-12 14:19:15,376 INFO response {"request_id": "a95196ae44b24a7ba58320d6b8658f96", "http_status": 200, "body": {"accepted": true, "real_timestamp_ms": 1789193952012, "virtual_time_s": 389, "measure_result": "no_signal"}}
2026-09-12 14:19:15,376 INFO request {"path": "/measure", "payload": {"arena_id": "default", "robot_id": "202601002029", "request_id": "a9e618e55bf340359b5fe56292779c7f", "position": {"x": 1200.0, "y": 0.0}, "channel": 7}, "attempt": 1}
2026-09-12 14:19:15,395 INFO response {"request_id": "a9e618e55bf340359b5fe56292779c7f", "http_status": 200, "body": {"accepted": true, "real_timestamp_ms": 1789193952032, "virtual_time_s": 395, "measure_result": "no_signal"}}
2026-09-12 14:19:15,395 INFO request {"path": "/measure", "payload": {"arena_id": "default", "robot_id": "202601002029", "request_id": "0de2fe85450f4ec79d8f8e6a5e84d8a1", "position": {"x": 1200.0, "y": 0.0}, "channel": 9}, "attempt": 1}
2026-09-12 14:19:15,415 INFO response {"request_id": "0de2fe85450f4ec79d8f8e6a5e84d8a1", "http_status": 200, "body": {"accepted": true, "real_timestamp_ms": 1789193952052, "virtual_time_s": 401, "measure_result": "no_signal"}}
2026-09-12 14:19:15,416 INFO request {"path": "/measure", "payload": {"arena_id": "default", "robot_id": "202601002029", "request_id": "13416f462d924450b09b9552dff3c6d8", "position": {"x": 1200.0, "y": 0.0}, "channel": 11}, "attempt": 1}
2026-09-12 14:19:15,435 INFO response {"request_id": "13416f462d924450b09b9552dff3c6d8", "http_status": 200, "body": {"accepted": true, "real_timestamp_ms": 1789193952072, "virtual_time_s": 407, "measure_result": "direction", "svd_deg": 109.95}}
2026-09-12 14:19:15,439 INFO request {"path": "/measure", "payload": {"arena_id": "default", "robot_id": "202601002029", "request_id": "aa63937aa91b457bab9d6a8b319009d5", "position": {"x": 1200.0, "y": 0.0}, "channel": 12}, "attempt": 1}
2026-09-12 14:19:15,441 INFO response {"request_id": "aa63937aa91b457bab9d6a8b319009d5", "http_status": 200, "body": {"accepted": true, "real_timestamp_ms": 1789193952077, "virtual_time_s": 413, "measure_result": "no_signal"}}
2026-09-12 14:19:15,441 INFO request {"path": "/measure", "payload": {"arena_id": "default", "robot_id": "202601002029", "request_id": "2cc3d5c8f76c4885b876cc668ad35381", "position": {"x": 1200.0, "y": 0.0}, "channel": 14}, "attempt": 1}
2026-09-12 14:19:15,443 INFO response {"request_id": "2cc3d5c8f76c4885b876cc668ad35381", "http_status": 200, "body": {"accepted": true, "real_timestamp_ms": 1789193952079, "virtual_time_s": 419, "measure_result": "direction", "svd_deg": 254.91}}
2026-09-12 14:19:15,446 INFO request {"path": "/measure", "payload": {"arena_id": "default", "robot_id": "202601002029", "request_id": "81808320ef154ac3bd44baef07d92a18", "position": {"x": 1200.0, "y": 0.0}, "channel": 15}, "attempt": 1}
2026-09-12 14:19:15,465 INFO response {"request_id": "81808320ef154ac3bd44baef07d92a18", "http_status": 200, "body": {"accepted": true, "real_timestamp_ms": 1789193952101, "virtual_time_s": 425, "measure_result": "no_signal"}}
2026-09-12 14:19:15,465 INFO request {"path": "/measure", "payload": {"arena_id": "default", "robot_id": "202601002029", "request_id": "bd9b1ffbf3ed43429f75c0c61b123f3a", "position": {"x": 1200.0, "y": 0.0}, "channel": 16}, "attempt": 1}
2026-09-12 14:19:15,484 INFO response {"request_id": "bd9b1ffbf3ed43429f75c0c61b123f3a", "http_status": 200, "body": {"accepted": true, "real_timestamp_ms": 1789193952121, "virtual_time_s": 431, "measure_result": "direction", "svd_deg": 85.33}}
2026-09-12 14:19:15,491 INFO request {"path": "/measure", "payload": {"arena_id": "default", "robot_id": "202601002029", "request_id": "1674408e655546aeabf928188e9dee82", "position": {"x": 1200.0, "y": 0.0}, "channel": 17}, "attempt": 1}
2026-09-12 14:19:15,504 INFO response {"request_id": "1674408e655546aeabf928188e9dee82", "http_status": 200, "body": {"accepted": true, "real_timestamp_ms": 1789193952140, "virtual_time_s": 437, "measure_result": "no_signal"}}
2026-09-12 14:19:15,525 INFO request {"path": "/measure", "payload": {"arena_id": "default", "robot_id": "202601002029", "request_id": "3232118b870c4ecb99919b43c45011f8", "position": {"x": 1200.0, "y": 0.0}, "channel": 4}, "attempt": 1}
2026-09-12 14:19:15,526 INFO response {"request_id": "3232118b870c4ecb99919b43c45011f8", "http_status": 200, "body": {"accepted": true, "real_timestamp_ms": 1789193952163, "virtual_time_s": 443, "measure_result": "direction", "svd_deg": 147.45}}
2026-09-12 14:19:15,531 INFO request {"path": "/measure", "payload": {"arena_id": "default", "robot_id": "202601002029", "request_id": "f81142e6af2543eb9845a11024a3e162", "position": {"x": 600.0000000000001, "y": 1039.2304845413264}, "channel": 1}, "attempt": 1}
2026-09-12 14:19:15,553 INFO response {"request_id": "f81142e6af2543eb9845a11024a3e162", "http_status": 200, "body": {"accepted": true, "real_timestamp_ms": 1789193952190, "virtual_time_s": 689, "measure_result": "no_signal"}}
2026-09-12 14:19:15,553 INFO request {"path": "/measure", "payload": {"arena_id": "default", "robot_id": "202601002029", "request_id": "2d95be4a130142bd9d9b71c1dab3d9ea", "position": {"x": 600.0000000000001, "y": 1039.2304845413264}, "channel": 2}, "attempt": 1}
2026-09-12 14:19:15,572 INFO response {"request_id": "2d95be4a130142bd9d9b71c1dab3d9ea", "http_status": 200, "body": {"accepted": true, "real_timestamp_ms": 1789193952209, "virtual_time_s": 695, "measure_result": "no_signal"}}
2026-09-12 14:19:15,573 INFO request {"path": "/measure", "payload": {"arena_id": "default", "robot_id": "202601002029", "request_id": "e7a97eabcb2348539e9f769775464c88", "position": {"x": 600.0000000000001, "y": 1039.2304845413264}, "channel": 3}, "attempt": 1}
2026-09-12 14:19:15,592 INFO response {"request_id": "e7a97eabcb2348539e9f769775464c88", "http_status": 200, "body": {"accepted": true, "real_timestamp_ms": 1789193952228, "virtual_time_s": 701, "measure_result": "no_signal"}}
2026-09-12 14:19:15,592 INFO request {"path": "/measure", "payload": {"arena_id": "default", "robot_id": "202601002029", "request_id": "7ff062a851194847834aa0fe717f5d77", "position": {"x": 600.0000000000001, "y": 1039.2304845413264}, "channel": 5}, "attempt": 1}
2026-09-12 14:19:15,596 INFO response {"request_id": "7ff062a851194847834aa0fe717f5d77", "http_status": 200, "body": {"accepted": true, "real_timestamp_ms": 1789193952232, "virtual_time_s": 707, "measure_result": "no_signal"}}
2026-09-12 14:19:15,596 INFO request {"path": "/measure", "payload": {"arena_id": "default", "robot_id": "202601002029", "request_id": "3fb7cd1aaa45473783b8e12949f64857", "position": {"x": 600.0000000000001, "y": 1039.2304845413264}, "channel": 6}, "attempt": 1}
2026-09-12 14:19:15,598 INFO response {"request_id": "3fb7cd1aaa45473783b8e12949f64857", "http_status": 200, "body": {"accepted": true, "real_timestamp_ms": 1789193952235, "virtual_time_s": 713, "measure_result": "no_signal"}}
2026-09-12 14:19:15,598 INFO request {"path": "/measure", "payload": {"arena_id": "default", "robot_id": "202601002029", "request_id": "b0e8d81f8243470db8eb1cadc4a3f14b", "position": {"x": 600.0000000000001, "y": 1039.2304845413264}, "channel": 7}, "attempt": 1}
2026-09-12 14:19:15,601 INFO response {"request_id": "b0e8d81f8243470db8eb1cadc4a3f14b", "http_status": 200, "body": {"accepted": true, "real_timestamp_ms": 1789193952236, "virtual_time_s": 719, "measure_result": "no_signal"}}
2026-09-12 14:19:15,601 INFO request {"path": "/measure", "payload": {"arena_id": "default", "robot_id": "202601002029", "request_id": "29489fabaa1c4f72aa7185ffaabd3161", "position": {"x": 600.0000000000001, "y": 1039.2304845413264}, "channel": 9}, "attempt": 1}
2026-09-12 14:19:15,603 INFO response {"request_id": "29489fabaa1c4f72aa7185ffaabd3161", "http_status": 200, "body": {"accepted": true, "real_timestamp_ms": 1789193952239, "virtual_time_s": 725, "measure_result": "no_signal"}}
2026-09-12 14:19:15,603 INFO request {"path": "/measure", "payload": {"arena_id": "default", "robot_id": "202601002029", "request_id": "7a92a0f1b8f14f6ba72670edcdea27b6", "position": {"x": 600.0000000000001, "y": 1039.2304845413264}, "channel": 12}, "attempt": 1}
2026-09-12 14:19:15,605 INFO response {"request_id": "7a92a0f1b8f14f6ba72670edcdea27b6", "http_status": 200, "body": {"accepted": true, "real_timestamp_ms": 1789193952241, "virtual_time_s": 731, "measure_result": "no_signal"}}
2026-09-12 14:19:15,605 INFO request {"path": "/measure", "payload": {"arena_id": "default", "robot_id": "202601002029", "request_id": "9a73c5063a4f4d25bd543cfda78ae8db", "position": {"x": 600.0000000000001, "y": 1039.2304845413264}, "channel": 15}, "attempt": 1}
2026-09-12 14:19:15,607 INFO response {"request_id": "9a73c5063a4f4d25bd543cfda78ae8db", "http_status": 200, "body": {"accepted": true, "real_timestamp_ms": 1789193952243, "virtual_time_s": 737, "measure_result": "no_signal"}}
2026-09-12 14:19:15,607 INFO request {"path": "/measure", "payload": {"arena_id": "default", "robot_id": "202601002029", "request_id": "545b867c1adb452a96eb9f85798e3fb9", "position": {"x": 600.0000000000001, "y": 1039.2304845413264}, "channel": 17}, "attempt": 1}
2026-09-12 14:19:15,621 INFO response {"request_id": "545b867c1adb452a96eb9f85798e3fb9", "http_status": 200, "body": {"accepted": true, "real_timestamp_ms": 1789193952258, "virtual_time_s": 743, "measure_result": "no_signal"}}
2026-09-12 14:19:15,674 INFO request {"path": "/measure", "payload": {"arena_id": "default", "robot_id": "202601002029", "request_id": "56fdcd9dc6744a4e9cd5f075e01e04b6", "position": {"x": 600.0000000000001, "y": 1039.2304845413264}, "channel": 13}, "attempt": 1}
2026-09-12 14:19:15,676 INFO response {"request_id": "56fdcd9dc6744a4e9cd5f075e01e04b6", "http_status": 200, "body": {"accepted": true, "real_timestamp_ms": 1789193952312, "virtual_time_s": 749, "measure_result": "direction", "svd_deg": 193.95}}
2026-09-12 14:19:15,707 INFO request {"path": "/measure", "payload": {"arena_id": "default", "robot_id": "202601002029", "request_id": "6bbae299902c43d79bfef555655565f3", "position": {"x": 600.0000000000001, "y": 1039.2304845413264}, "channel": 16}, "attempt": 1}
2026-09-12 14:19:15,709 INFO response {"request_id": "6bbae299902c43d79bfef555655565f3", "http_status": 200, "body": {"accepted": true, "real_timestamp_ms": 1789193952346, "virtual_time_s": 755, "measure_result": "direction", "svd_deg": 337.15}}
2026-09-12 14:19:15,713 INFO request {"path": "/measure", "payload": {"arena_id": "default", "robot_id": "202601002029", "request_id": "176959bfbd6149ae86cd529873489c77", "position": {"x": -599.9999999999998, "y": 1039.2304845413264}, "channel": 1}, "attempt": 1}
2026-09-12 14:19:15,728 INFO response {"request_id": "176959bfbd6149ae86cd529873489c77", "http_status": 200, "body": {"accepted": true, "real_timestamp_ms": 1789193952364, "virtual_time_s": 1001, "measure_result": "no_signal"}}
2026-09-12 14:19:15,728 INFO request {"path": "/measure", "payload": {"arena_id": "default", "robot_id": "202601002029", "request_id": "bec3021fa8cb42bfa8daebd67d28aeaa", "position": {"x": -599.9999999999998, "y": 1039.2304845413264}, "channel": 2}, "attempt": 1}
2026-09-12 14:19:15,729 INFO response {"request_id": "bec3021fa8cb42bfa8daebd67d28aeaa", "http_status": 200, "body": {"accepted": true, "real_timestamp_ms": 1789193952366, "virtual_time_s": 1007, "measure_result": "no_signal"}}
2026-09-12 14:19:15,730 INFO request {"path": "/measure", "payload": {"arena_id": "default", "robot_id": "202601002029", "request_id": "fbe6a9879ab84e4fa03427686ae97526", "position": {"x": -599.9999999999998, "y": 1039.2304845413264}, "channel": 3}, "attempt": 1}
2026-09-12 14:19:15,748 INFO response {"request_id": "fbe6a9879ab84e4fa03427686ae97526", "http_status": 200, "body": {"accepted": true, "real_timestamp_ms": 1789193952385, "virtual_time_s": 1013, "measure_result": "no_signal"}}
2026-09-12 14:19:15,749 INFO request {"path": "/measure", "payload": {"arena_id": "default", "robot_id": "202601002029", "request_id": "e9cc322cb5ee40c2b92dbb8ca39683fc", "position": {"x": -599.9999999999998, "y": 1039.2304845413264}, "channel": 5}, "attempt": 1}
2026-09-12 14:19:15,752 INFO response {"request_id": "e9cc322cb5ee40c2b92dbb8ca39683fc", "http_status": 200, "body": {"accepted": true, "real_timestamp_ms": 1789193952388, "virtual_time_s": 1019, "measure_result": "no_signal"}}
2026-09-12 14:19:15,752 INFO request {"path": "/measure", "payload": {"arena_id": "default", "robot_id": "202601002029", "request_id": "a5581130127043c88b5ee88a74bee052", "position": {"x": -599.9999999999998, "y": 1039.2304845413264}, "channel": 6}, "attempt": 1}
2026-09-12 14:19:15,755 INFO response {"request_id": "a5581130127043c88b5ee88a74bee052", "http_status": 200, "body": {"accepted": true, "real_timestamp_ms": 1789193952391, "virtual_time_s": 1025, "measure_result": "no_signal"}}
2026-09-12 14:19:15,755 INFO request {"path": "/measure", "payload": {"arena_id": "default", "robot_id": "202601002029", "request_id": "4a495f6d10cb4d018f2911acada491b4", "position": {"x": -599.9999999999998, "y": 1039.2304845413264}, "channel": 7}, "attempt": 1}
2026-09-12 14:19:15,758 INFO response {"request_id": "4a495f6d10cb4d018f2911acada491b4", "http_status": 200, "body": {"accepted": true, "real_timestamp_ms": 1789193952394, "virtual_time_s": 1031, "measure_result": "no_signal"}}
2026-09-12 14:19:15,758 INFO request {"path": "/measure", "payload": {"arena_id": "default", "robot_id": "202601002029", "request_id": "fc96ef4c74dd4160bf51adb5cd1945dd", "position": {"x": -599.9999999999998, "y": 1039.2304845413264}, "channel": 9}, "attempt": 1}
2026-09-12 14:19:15,761 INFO response {"request_id": "fc96ef4c74dd4160bf51adb5cd1945dd", "http_status": 200, "body": {"accepted": true, "real_timestamp_ms": 1789193952398, "virtual_time_s": 1037, "measure_result": "no_signal"}}
2026-09-12 14:19:15,761 INFO request {"path": "/measure", "payload": {"arena_id": "default", "robot_id": "202601002029", "request_id": "7ad55d67f46a44c1ab53959c9d81117a", "position": {"x": -599.9999999999998, "y": 1039.2304845413264}, "channel": 12}, "attempt": 1}
2026-09-12 14:19:15,777 INFO response {"request_id": "7ad55d67f46a44c1ab53959c9d81117a", "http_status": 200, "body": {"accepted": true, "real_timestamp_ms": 1789193952413, "virtual_time_s": 1043, "measure_result": "no_signal"}}
2026-09-12 14:19:15,777 INFO request {"path": "/measure", "payload": {"arena_id": "default", "robot_id": "202601002029", "request_id": "6fa66e80243b491d840abf9fc0412e6e", "position": {"x": -599.9999999999998, "y": 1039.2304845413264}, "channel": 15}, "attempt": 1}
2026-09-12 14:19:15,779 INFO response {"request_id": "6fa66e80243b491d840abf9fc0412e6e", "http_status": 200, "body": {"accepted": true, "real_timestamp_ms": 1789193952416, "virtual_time_s": 1049, "measure_result": "no_signal"}}
2026-09-12 14:19:15,780 INFO request {"path": "/measure", "payload": {"arena_id": "default", "robot_id": "202601002029", "request_id": "1fdd5f34083d486fb52626f03fa5b2e1", "position": {"x": -599.9999999999998, "y": 1039.2304845413264}, "channel": 17}, "attempt": 1}
2026-09-12 14:19:15,781 INFO response {"request_id": "1fdd5f34083d486fb52626f03fa5b2e1", "http_status": 200, "body": {"accepted": true, "real_timestamp_ms": 1789193952418, "virtual_time_s": 1055, "measure_result": "no_signal"}}
2026-09-12 14:19:15,827 INFO request {"path": "/measure", "payload": {"arena_id": "default", "robot_id": "202601002029", "request_id": "6978e156a1bb4aeeb16fe99042e16fd3", "position": {"x": -599.9999999999998, "y": 1039.2304845413264}, "channel": 8}, "attempt": 1}
2026-09-12 14:19:15,846 INFO response {"request_id": "6978e156a1bb4aeeb16fe99042e16fd3", "http_status": 200, "body": {"accepted": true, "real_timestamp_ms": 1789193952482, "virtual_time_s": 1061, "measure_result": "direction", "svd_deg": 224.8}}
2026-09-12 14:19:15,860 INFO request {"path": "/measure", "payload": {"arena_id": "default", "robot_id": "202601002029", "request_id": "8816c6c4ce4c4c06b2a088291006efe6", "position": {"x": -1200.0, "y": 1.4695761589768238e-13}, "channel": 1}, "attempt": 1}
2026-09-12 14:19:15,862 INFO response {"request_id": "8816c6c4ce4c4c06b2a088291006efe6", "http_status": 200, "body": {"accepted": true, "real_timestamp_ms": 1789193952499, "virtual_time_s": 1307, "measure_result": "no_signal"}}
2026-09-12 14:19:15,862 INFO request {"path": "/measure", "payload": {"arena_id": "default", "robot_id": "202601002029", "request_id": "e89c420920204fa18609125c258d74af", "position": {"x": -1200.0, "y": 1.4695761589768238e-13}, "channel": 2}, "attempt": 1}
2026-09-12 14:19:15,876 INFO response {"request_id": "e89c420920204fa18609125c258d74af", "http_status": 200, "body": {"accepted": true, "real_timestamp_ms": 1789193952513, "virtual_time_s": 1313, "measure_result": "no_signal"}}
2026-09-12 14:19:15,877 INFO request {"path": "/measure", "payload": {"arena_id": "default", "robot_id": "202601002029", "request_id": "e30364e5a40045159811d81bba1f6ac5", "position": {"x": -1200.0, "y": 1.4695761589768238e-13}, "channel": 3}, "attempt": 1}
2026-09-12 14:19:15,896 INFO response {"request_id": "e30364e5a40045159811d81bba1f6ac5", "http_status": 200, "body": {"accepted": true, "real_timestamp_ms": 1789193952533, "virtual_time_s": 1319, "measure_result": "no_signal"}}
2026-09-12 14:19:15,896 INFO request {"path": "/measure", "payload": {"arena_id": "default", "robot_id": "202601002029", "request_id": "a75f9eb83edb47d0938e667b18c7b73a", "position": {"x": -1200.0, "y": 1.4695761589768238e-13}, "channel": 5}, "attempt": 1}
2026-09-12 14:19:15,898 INFO response {"request_id": "a75f9eb83edb47d0938e667b18c7b73a", "http_status": 200, "body": {"accepted": true, "real_timestamp_ms": 1789193952534, "virtual_time_s": 1325, "measure_result": "no_signal"}}
2026-09-12 14:19:15,898 INFO request {"path": "/measure", "payload": {"arena_id": "default", "robot_id": "202601002029", "request_id": "80f93dc8b4e044e5b6189e53eca80dec", "position": {"x": -1200.0, "y": 1.4695761589768238e-13}, "channel": 6}, "attempt": 1}
2026-09-12 14:19:15,899 INFO response {"request_id": "80f93dc8b4e044e5b6189e53eca80dec", "http_status": 200, "body": {"accepted": true, "real_timestamp_ms": 1789193952536, "virtual_time_s": 1331, "measure_result": "direction", "svd_deg": 182.05}}
2026-09-12 14:19:15,901 INFO request {"path": "/measure", "payload": {"arena_id": "default", "robot_id": "202601002029", "request_id": "8e41b82767ee4a2aa61f422d51e44217", "position": {"x": -1200.0, "y": 1.4695761589768238e-13}, "channel": 7}, "attempt": 1}
2026-09-12 14:19:15,902 INFO response {"request_id": "8e41b82767ee4a2aa61f422d51e44217", "http_status": 200, "body": {"accepted": true, "real_timestamp_ms": 1789193952539, "virtual_time_s": 1337, "measure_result": "no_signal"}}
2026-09-12 14:19:15,903 INFO request {"path": "/measure", "payload": {"arena_id": "default", "robot_id": "202601002029", "request_id": "bc4d77d55013487195559ad1c47847d8", "position": {"x": -1200.0, "y": 1.4695761589768238e-13}, "channel": 9}, "attempt": 1}
2026-09-12 14:19:15,916 INFO response {"request_id": "bc4d77d55013487195559ad1c47847d8", "http_status": 200, "body": {"accepted": true, "real_timestamp_ms": 1789193952552, "virtual_time_s": 1343, "measure_result": "no_signal"}}
2026-09-12 14:19:15,916 INFO request {"path": "/measure", "payload": {"arena_id": "default", "robot_id": "202601002029", "request_id": "41e8baae732448a2a0e81d6017100094", "position": {"x": -1200.0, "y": 1.4695761589768238e-13}, "channel": 12}, "attempt": 1}
2026-09-12 14:19:15,917 INFO response {"request_id": "41e8baae732448a2a0e81d6017100094", "http_status": 200, "body": {"accepted": true, "real_timestamp_ms": 1789193952554, "virtual_time_s": 1349, "measure_result": "no_signal"}}
2026-09-12 14:19:15,917 INFO request {"path": "/measure", "payload": {"arena_id": "default", "robot_id": "202601002029", "request_id": "cf8847f626ba4075b91e72b69d5e779d", "position": {"x": -1200.0, "y": 1.4695761589768238e-13}, "channel": 15}, "attempt": 1}
2026-09-12 14:19:15,918 INFO response {"request_id": "cf8847f626ba4075b91e72b69d5e779d", "http_status": 200, "body": {"accepted": true, "real_timestamp_ms": 1789193952554, "virtual_time_s": 1355, "measure_result": "no_signal"}}
2026-09-12 14:19:15,918 INFO request {"path": "/measure", "payload": {"arena_id": "default", "robot_id": "202601002029", "request_id": "a6d922f0496547579050391bbe57b743", "position": {"x": -1200.0, "y": 1.4695761589768238e-13}, "channel": 17}, "attempt": 1}
2026-09-12 14:19:15,918 INFO response {"request_id": "a6d922f0496547579050391bbe57b743", "http_status": 200, "body": {"accepted": true, "real_timestamp_ms": 1789193952555, "virtual_time_s": 1361, "measure_result": "no_signal"}}
2026-09-12 14:19:15,937 INFO request {"path": "/measure", "payload": {"arena_id": "default", "robot_id": "202601002029", "request_id": "24ecc604548f412e8610b232e74b37de", "position": {"x": -1200.0, "y": 1.4695761589768238e-13}, "channel": 18}, "attempt": 1}
2026-09-12 14:19:15,938 INFO response {"request_id": "24ecc604548f412e8610b232e74b37de", "http_status": 200, "body": {"accepted": true, "real_timestamp_ms": 1789193952575, "virtual_time_s": 1367, "measure_result": "direction", "svd_deg": 296.16}}
2026-09-12 14:19:15,950 INFO request {"path": "/measure", "payload": {"arena_id": "default", "robot_id": "202601002029", "request_id": "d0bff087a5ed431f966d6bffa34f2d30", "position": {"x": -600.0000000000006, "y": -1039.2304845413262}, "channel": 1}, "attempt": 1}
2026-09-12 14:19:15,964 INFO response {"request_id": "d0bff087a5ed431f966d6bffa34f2d30", "http_status": 200, "body": {"accepted": true, "real_timestamp_ms": 1789193952601, "virtual_time_s": 1613, "measure_result": "direction", "svd_deg": 238.89}}
2026-09-12 14:19:15,965 INFO request {"path": "/measure", "payload": {"arena_id": "default", "robot_id": "202601002029", "request_id": "40c709f3dd6f4268a17deda710614c7e", "position": {"x": -600.0000000000006, "y": -1039.2304845413262}, "channel": 2}, "attempt": 1}
2026-09-12 14:19:15,984 INFO response {"request_id": "40c709f3dd6f4268a17deda710614c7e", "http_status": 200, "body": {"accepted": true, "real_timestamp_ms": 1789193952620, "virtual_time_s": 1619, "measure_result": "no_signal"}}
2026-09-12 14:19:15,984 INFO request {"path": "/measure", "payload": {"arena_id": "default", "robot_id": "202601002029", "request_id": "eb6bb239aea6406594db35235c4d9db3", "position": {"x": -600.0000000000006, "y": -1039.2304845413262}, "channel": 3}, "attempt": 1}
2026-09-12 14:19:16,003 INFO response {"request_id": "eb6bb239aea6406594db35235c4d9db3", "http_status": 200, "body": {"accepted": true, "real_timestamp_ms": 1789193952639, "virtual_time_s": 1625, "measure_result": "no_signal"}}
2026-09-12 14:19:16,003 INFO request {"path": "/measure", "payload": {"arena_id": "default", "robot_id": "202601002029", "request_id": "9abceecf3d314c138055bd67bf87b719", "position": {"x": -600.0000000000006, "y": -1039.2304845413262}, "channel": 5}, "attempt": 1}
2026-09-12 14:19:16,004 INFO response {"request_id": "9abceecf3d314c138055bd67bf87b719", "http_status": 200, "body": {"accepted": true, "real_timestamp_ms": 1789193952641, "virtual_time_s": 1631, "measure_result": "direction", "svd_deg": 352.36}}
2026-09-12 14:19:16,007 INFO request {"path": "/measure", "payload": {"arena_id": "default", "robot_id": "202601002029", "request_id": "3ed1825f312d40b1b109ab2d4309f9c7", "position": {"x": -600.0000000000006, "y": -1039.2304845413262}, "channel": 7}, "attempt": 1}
2026-09-12 14:19:16,022 INFO response {"request_id": "3ed1825f312d40b1b109ab2d4309f9c7", "http_status": 200, "body": {"accepted": true, "real_timestamp_ms": 1789193952659, "virtual_time_s": 1637, "measure_result": "no_signal"}}
2026-09-12 14:19:16,023 INFO request {"path": "/measure", "payload": {"arena_id": "default", "robot_id": "202601002029", "request_id": "a2eb047b33f44236b4665ec907497624", "position": {"x": -600.0000000000006, "y": -1039.2304845413262}, "channel": 9}, "attempt": 1}
2026-09-12 14:19:16,042 INFO response {"request_id": "a2eb047b33f44236b4665ec907497624", "http_status": 200, "body": {"accepted": true, "real_timestamp_ms": 1789193952679, "virtual_time_s": 1643, "measure_result": "no_signal"}}
2026-09-12 14:19:16,042 INFO request {"path": "/measure", "payload": {"arena_id": "default", "robot_id": "202601002029", "request_id": "a50b7e7ff56d4d709365d620268df47a", "position": {"x": -600.0000000000006, "y": -1039.2304845413262}, "channel": 12}, "attempt": 1}
2026-09-12 14:19:16,061 INFO response {"request_id": "a50b7e7ff56d4d709365d620268df47a", "http_status": 200, "body": {"accepted": true, "real_timestamp_ms": 1789193952698, "virtual_time_s": 1649, "measure_result": "no_signal"}}
2026-09-12 14:19:16,062 INFO request {"path": "/measure", "payload": {"arena_id": "default", "robot_id": "202601002029", "request_id": "aa234b9854dd4a5b881e0745027fadfb", "position": {"x": -600.0000000000006, "y": -1039.2304845413262}, "channel": 15}, "attempt": 1}
2026-09-12 14:19:16,080 INFO response {"request_id": "aa234b9854dd4a5b881e0745027fadfb", "http_status": 200, "body": {"accepted": true, "real_timestamp_ms": 1789193952717, "virtual_time_s": 1655, "measure_result": "direction", "svd_deg": 321.08}}
2026-09-12 14:19:16,083 INFO request {"path": "/measure", "payload": {"arena_id": "default", "robot_id": "202601002029", "request_id": "7910b07f7b2f422389a17fb6dba15dc4", "position": {"x": -600.0000000000006, "y": -1039.2304845413262}, "channel": 17}, "attempt": 1}
2026-09-12 14:19:16,101 INFO response {"request_id": "7910b07f7b2f422389a17fb6dba15dc4", "http_status": 200, "body": {"accepted": true, "real_timestamp_ms": 1789193952737, "virtual_time_s": 1661, "measure_result": "no_signal"}}
2026-09-12 14:19:16,137 INFO request {"path": "/measure", "payload": {"arena_id": "default", "robot_id": "202601002029", "request_id": "f08cb48f61c247f1964975ca8a1498c4", "position": {"x": -600.0000000000006, "y": -1039.2304845413262}, "channel": 20}, "attempt": 1}
2026-09-12 14:19:16,139 INFO response {"request_id": "f08cb48f61c247f1964975ca8a1498c4", "http_status": 200, "body": {"accepted": true, "real_timestamp_ms": 1789193952775, "virtual_time_s": 1667, "measure_result": "direction", "svd_deg": 2.17}}
2026-09-12 14:19:16,168 INFO request {"path": "/measure", "payload": {"arena_id": "default", "robot_id": "202601002029", "request_id": "500c8ed45808405a836914842a009baa", "position": {"x": -600.0000000000006, "y": -1039.2304845413262}, "channel": 19}, "attempt": 1}
2026-09-12 14:19:16,169 INFO response {"request_id": "500c8ed45808405a836914842a009baa", "http_status": 200, "body": {"accepted": true, "real_timestamp_ms": 1789193952806, "virtual_time_s": 1673, "measure_result": "direction", "svd_deg": 1.78}}
2026-09-12 14:19:16,173 INFO request {"path": "/measure", "payload": {"arena_id": "default", "robot_id": "202601002029", "request_id": "4094034dfb8a418285dfc89bbf8b1805", "position": {"x": 600.0000000000001, "y": -1039.2304845413264}, "channel": 2}, "attempt": 1}
2026-09-12 14:19:16,174 INFO response {"request_id": "4094034dfb8a418285dfc89bbf8b1805", "http_status": 200, "body": {"accepted": true, "real_timestamp_ms": 1789193952810, "virtual_time_s": 1919, "measure_result": "no_signal"}}
2026-09-12 14:19:16,174 INFO request {"path": "/measure", "payload": {"arena_id": "default", "robot_id": "202601002029", "request_id": "9c7396467ed7407190045e73564162e4", "position": {"x": 600.0000000000001, "y": -1039.2304845413264}, "channel": 3}, "attempt": 1}
2026-09-12 14:19:16,174 INFO response {"request_id": "9c7396467ed7407190045e73564162e4", "http_status": 200, "body": {"accepted": true, "real_timestamp_ms": 1789193952811, "virtual_time_s": 1925, "measure_result": "no_signal"}}
2026-09-12 14:19:16,175 INFO request {"path": "/measure", "payload": {"arena_id": "default", "robot_id": "202601002029", "request_id": "38db66e67da1499aa4dec3c1bbec0d69", "position": {"x": 600.0000000000001, "y": -1039.2304845413264}, "channel": 7}, "attempt": 1}
2026-09-12 14:19:16,189 INFO response {"request_id": "38db66e67da1499aa4dec3c1bbec0d69", "http_status": 200, "body": {"accepted": true, "real_timestamp_ms": 1789193952826, "virtual_time_s": 1931, "measure_result": "no_signal"}}
2026-09-12 14:19:16,189 INFO request {"path": "/measure", "payload": {"arena_id": "default", "robot_id": "202601002029", "request_id": "566ed315a74c470e9d51b89d72b59b54", "position": {"x": 600.0000000000001, "y": -1039.2304845413264}, "channel": 9}, "attempt": 1}
2026-09-12 14:19:16,190 INFO response {"request_id": "566ed315a74c470e9d51b89d72b59b54", "http_status": 200, "body": {"accepted": true, "real_timestamp_ms": 1789193952827, "virtual_time_s": 1937, "measure_result": "no_signal"}}
2026-09-12 14:19:16,190 INFO request {"path": "/measure", "payload": {"arena_id": "default", "robot_id": "202601002029", "request_id": "4bf9193fba424ba1a061f46784c1b32c", "position": {"x": 600.0000000000001, "y": -1039.2304845413264}, "channel": 12}, "attempt": 1}
2026-09-12 14:19:16,209 INFO response {"request_id": "4bf9193fba424ba1a061f46784c1b32c", "http_status": 200, "body": {"accepted": true, "real_timestamp_ms": 1789193952846, "virtual_time_s": 1943, "measure_result": "no_signal"}}
2026-09-12 14:19:16,209 INFO request {"path": "/measure", "payload": {"arena_id": "default", "robot_id": "202601002029", "request_id": "8e0a156a5c71444f85e59f4a3bf2ee19", "position": {"x": 600.0000000000001, "y": -1039.2304845413264}, "channel": 17}, "attempt": 1}
2026-09-12 14:19:16,228 INFO response {"request_id": "8e0a156a5c71444f85e59f4a3bf2ee19", "http_status": 200, "body": {"accepted": true, "real_timestamp_ms": 1789193952865, "virtual_time_s": 1949, "measure_result": "no_signal"}}
2026-09-12 14:19:16,273 INFO request {"path": "/measure", "payload": {"arena_id": "default", "robot_id": "202601002029", "request_id": "d54f698ff9094c48bc5c59e5776de6ef", "position": {"x": 600.0000000000001, "y": -1039.2304845413264}, "channel": 5}, "attempt": 1}
2026-09-12 14:19:16,274 INFO response {"request_id": "d54f698ff9094c48bc5c59e5776de6ef", "http_status": 200, "body": {"accepted": true, "real_timestamp_ms": 1789193952911, "virtual_time_s": 1955, "measure_result": "direction", "svd_deg": 260.14}}
2026-09-12 14:19:16,314 INFO request {"path": "/measure", "payload": {"arena_id": "default", "robot_id": "202601002029", "request_id": "b86f9f8b0a7944a68c43b58cb0b318ef", "position": {"x": 600.0000000000001, "y": -1039.2304845413264}, "channel": 14}, "attempt": 1}
2026-09-12 14:19:16,325 INFO response {"request_id": "b86f9f8b0a7944a68c43b58cb0b318ef", "http_status": 200, "body": {"accepted": true, "real_timestamp_ms": 1789193952962, "virtual_time_s": 1961, "measure_result": "direction", "svd_deg": 309.19}}
2026-09-12 14:19:23,870 INFO request {"path": "/measure", "payload": {"arena_id": "default", "robot_id": "202601002029", "request_id": "cbc25820d89e41d6a109566ee99fa2bc", "position": {"x": -277.34540523391786, "y": -1059.517626063235}, "channel": 18}, "attempt": 1}
2026-09-12 14:19:23,892 INFO response {"request_id": "cbc25820d89e41d6a109566ee99fa2bc", "http_status": 200, "body": {"accepted": true, "real_timestamp_ms": 1789193960528, "virtual_time_s": 2142.515985, "measure_result": "direction", "svd_deg": 177.85}}
2026-09-12 14:19:23,904 INFO request {"path": "/measure", "payload": {"arena_id": "default", "robot_id": "202601002029", "request_id": "ae64e516c2424b719ddcdb29f7835df2", "position": {"x": -584.1718588143073, "y": -816.4947279593117}, "channel": 10}, "attempt": 1}
2026-09-12 14:19:23,905 INFO response {"request_id": "ae64e516c2424b719ddcdb29f7835df2", "http_status": 200, "body": {"accepted": true, "real_timestamp_ms": 1789193960542, "virtual_time_s": 2226.798193, "measure_result": "direction", "svd_deg": 1.97}}
2026-09-12 14:19:23,912 INFO request {"path": "/clear", "payload": {"arena_id": "default", "robot_id": "202601002029", "request_id": "564d38076add4393bd590fccef65c576", "position": {"x": -679.083320021909, "y": -1051.4531463467379}, "channel": 18}, "attempt": 1}
2026-09-12 14:19:23,931 INFO response {"request_id": "564d38076add4393bd590fccef65c576", "http_status": 200, "body": {"accepted": true, "real_timestamp_ms": 1789193960567, "virtual_time_s": 2282.479015, "clear_result": "success"}}
2026-09-12 14:19:23,932 INFO request {"path": "/measure", "payload": {"arena_id": "default", "robot_id": "202601002029", "request_id": "a6775711e562499489c72364c38c8b13", "position": {"x": -478.4651581890426, "y": -1589.6900251267598}, "channel": 1}, "attempt": 1}
2026-09-12 14:19:23,951 INFO response {"request_id": "a6775711e562499489c72364c38c8b13", "http_status": 200, "body": {"accepted": true, "real_timestamp_ms": 1789193960587, "virtual_time_s": 2403.360969, "measure_result": "direction", "svd_deg": 128.61}}
2026-09-12 14:19:23,958 INFO request {"path": "/measure", "payload": {"arena_id": "default", "robot_id": "202601002029", "request_id": "ffe1db548a484dc09ea1848a435721c0", "position": {"x": -168.62438239358158, "y": -1360.1808032503495}, "channel": 20}, "attempt": 1}
2026-09-12 14:19:23,960 INFO response {"request_id": "ffe1db548a484dc09ea1848a435721c0", "http_status": 200, "body": {"accepted": true, "real_timestamp_ms": 1789193960597, "virtual_time_s": 2486.477968, "measure_result": "direction", "svd_deg": 30.98}}
2026-09-12 14:19:24,573 INFO request {"path": "/measure", "payload": {"arena_id": "default", "robot_id": "202601002029", "request_id": "55db7fe1f9b743eaba0f870a79ebb1b3", "position": {"x": 182.01855003313068, "y": -1414.6686609874}, "channel": 19}, "attempt": 1}
2026-09-12 14:19:24,574 INFO response {"request_id": "55db7fe1f9b743eaba0f870a79ebb1b3", "http_status": 200, "body": {"accepted": true, "real_timestamp_ms": 1789193961211, "virtual_time_s": 2563.448213, "measure_result": "direction", "svd_deg": 89.19}}
2026-09-12 14:19:24,578 INFO request {"path": "/measure", "payload": {"arena_id": "default", "robot_id": "202601002029", "request_id": "ecaec42426a74e95b0373904326c0c34", "position": {"x": 522.9779964225029, "y": -1576.508395260685}, "channel": 14}, "attempt": 1}
2026-09-12 14:19:24,579 INFO response {"request_id": "ecaec42426a74e95b0373904326c0c34", "http_status": 200, "body": {"accepted": true, "real_timestamp_ms": 1789193961216, "virtual_time_s": 2644.932104, "measure_result": "direction", "svd_deg": 40.22}}
2026-09-12 14:19:24,583 INFO request {"path": "/clear", "payload": {"arena_id": "default", "robot_id": "202601002029", "request_id": "630f45121bc24b3fb01dc5b8090a6897", "position": {"x": 827.838935832404, "y": -1318.6940584908596}, "channel": 14}, "attempt": 1}
2026-09-12 14:19:24,603 INFO response {"request_id": "630f45121bc24b3fb01dc5b8090a6897", "http_status": 200, "body": {"accepted": true, "real_timestamp_ms": 1789193961240, "virtual_time_s": 2729.784073, "clear_result": "success"}}
2026-09-12 14:19:24,605 INFO request {"path": "/measure", "payload": {"arena_id": "default", "robot_id": "202601002029", "request_id": "2c8ed59d135e4e4baf6a8ab2e0b60aae", "position": {"x": 966.9439377592988, "y": -1265.6291680667246}, "channel": 5}, "attempt": 1}
2026-09-12 14:19:24,606 INFO response {"request_id": "2c8ed59d135e4e4baf6a8ab2e0b60aae", "http_status": 200, "body": {"accepted": true, "real_timestamp_ms": 1789193961243, "virtual_time_s": 2765.56063, "measure_result": "direction", "svd_deg": 168.56}}
2026-09-12 14:19:24,613 INFO request {"path": "/measure", "payload": {"arena_id": "default", "robot_id": "202601002029", "request_id": "3caca8b6cfff4d639be19fa3e6203539", "position": {"x": 712.7721149732254, "y": -1284.18872153368}, "channel": 20}, "attempt": 1}
2026-09-12 14:19:24,614 INFO response {"request_id": "3caca8b6cfff4d639be19fa3e6203539", "http_status": 200, "body": {"accepted": true, "real_timestamp_ms": 1789193961251, "virtual_time_s": 2822.530336, "measure_result": "direction", "svd_deg": 134.01}}
2026-09-12 14:19:24,623 INFO request {"path": "/clear", "payload": {"arena_id": "default", "robot_id": "202601002029", "request_id": "c85aad7879ff412ab69fc368bf405ad2", "position": {"x": 574.5296466592683, "y": -1186.1905415790418}, "channel": 5}, "attempt": 1}
2026-09-12 14:19:24,624 INFO response {"request_id": "c85aad7879ff412ab69fc368bf405ad2", "http_status": 200, "body": {"accepted": true, "real_timestamp_ms": 1789193961261, "virtual_time_s": 2861.421115, "clear_result": "success"}}
2026-09-12 14:19:24,626 INFO request {"path": "/measure", "payload": {"arena_id": "default", "robot_id": "202601002029", "request_id": "e0c4cd72b23d425cab74ec168e0f351b", "position": {"x": 390.95775459675775, "y": -1202.4018386856592}, "channel": 15}, "attempt": 1}
2026-09-12 14:19:24,627 INFO response {"request_id": "e0c4cd72b23d425cab74ec168e0f351b", "http_status": 200, "body": {"accepted": true, "real_timestamp_ms": 1789193961264, "virtual_time_s": 2904.278378, "measure_result": "direction", "svd_deg": 236.59}}
2026-09-12 14:19:24,634 INFO request {"path": "/clear", "payload": {"arena_id": "default", "robot_id": "202601002029", "request_id": "85fff19cb8bc4ec7b92da813fcb1a4fa", "position": {"x": 435.593939393778, "y": -997.620183966837}, "channel": 20}, "attempt": 1}
2026-09-12 14:19:24,635 INFO response {"request_id": "85fff19cb8bc4ec7b92da813fcb1a4fa", "http_status": 200, "body": {"accepted": true, "real_timestamp_ms": 1789193961272, "virtual_time_s": 2951.196353, "clear_result": "success"}}
2026-09-12 14:19:24,636 INFO request {"path": "/clear", "payload": {"arena_id": "default", "robot_id": "202601002029", "request_id": "aa9faa0dfaf34dae90673f7503030ca4", "position": {"x": 15.306430463444121, "y": -795.9066583959415}, "channel": 10}, "attempt": 1}
2026-09-12 14:19:24,637 INFO response {"request_id": "aa9faa0dfaf34dae90673f7503030ca4", "http_status": 200, "body": {"accepted": true, "real_timestamp_ms": 1789193961274, "virtual_time_s": 3049.433671, "clear_result": "success"}}
2026-09-12 14:19:24,638 INFO request {"path": "/clear", "payload": {"arena_id": "default", "robot_id": "202601002029", "request_id": "73b3164e7eb647d78047dd4008bf5723", "position": {"x": 187.9205673220827, "y": -1014.6114322352006}, "channel": 19}, "attempt": 1}
2026-09-12 14:19:24,640 INFO response {"request_id": "73b3164e7eb647d78047dd4008bf5723", "http_status": 200, "body": {"accepted": true, "real_timestamp_ms": 1789193961276, "virtual_time_s": 3110.157066, "clear_result": "success"}}
2026-09-12 14:19:24,640 INFO request {"path": "/clear", "payload": {"arena_id": "default", "robot_id": "202601002029", "request_id": "d9ffe7e59a4b4aa7a4e50b51f46673fa", "position": {"x": 116.9315968137112, "y": -1618.365452653522}, "channel": 15}, "attempt": 1}
2026-09-12 14:19:24,641 INFO response {"request_id": "d9ffe7e59a4b4aa7a4e50b51f46673fa", "http_status": 200, "body": {"accepted": true, "real_timestamp_ms": 1789193961278, "virtual_time_s": 3236.739688, "clear_result": "success"}}
2026-09-12 14:19:24,643 INFO request {"path": "/clear", "payload": {"arena_id": "default", "robot_id": "202601002029", "request_id": "382d4c1164be4006938bde5d39a343a9", "position": {"x": -736.7133282926645, "y": -1266.0913392203006}, "channel": 1}, "attempt": 1}
2026-09-12 14:19:24,661 INFO response {"request_id": "382d4c1164be4006938bde5d39a343a9", "http_status": 200, "body": {"accepted": true, "real_timestamp_ms": 1789193961298, "virtual_time_s": 3426.434757, "clear_result": "success"}}
2026-09-12 14:19:24,662 INFO request {"path": "/measure", "payload": {"arena_id": "default", "robot_id": "202601002029", "request_id": "527de293160e421c871fcc4f60275237", "position": {"x": -1642.6492502746116, "y": -413.7540940843826}, "channel": 6}, "attempt": 1}
2026-09-12 14:19:24,664 INFO response {"request_id": "527de293160e421c871fcc4f60275237", "http_status": 200, "body": {"accepted": true, "real_timestamp_ms": 1789193961300, "virtual_time_s": 3681.207639, "measure_result": "direction", "svd_deg": 105.3}}
2026-09-12 14:19:24,671 INFO request {"path": "/clear", "payload": {"arena_id": "default", "robot_id": "202601002029", "request_id": "e0f12d1b57de435ea7cb09a6d6302c48", "position": {"x": -1750.702007828707, "y": -19.544532424157953}, "channel": 6}, "attempt": 1}
2026-09-12 14:19:24,672 INFO response {"request_id": "e0f12d1b57de435ea7cb09a6d6302c48", "http_status": 200, "body": {"accepted": true, "real_timestamp_ms": 1789193961309, "virtual_time_s": 3767.957643, "clear_result": "success"}}
2026-09-12 14:19:24,673 INFO request {"path": "/measure", "payload": {"arena_id": "default", "robot_id": "202601002029", "request_id": "4c354a0b584748358b4f07d7ccd6d854", "position": {"x": -1141.1152772395938, "y": 1064.6448677049862}, "channel": 8}, "attempt": 1}
2026-09-12 14:19:24,675 INFO response {"request_id": "4c354a0b584748358b4f07d7ccd6d854", "http_status": 200, "body": {"accepted": true, "real_timestamp_ms": 1789193961312, "virtual_time_s": 4022.719588, "measure_result": "direction", "svd_deg": 315.55}}
2026-09-12 14:19:24,684 INFO request {"path": "/clear", "payload": {"arena_id": "default", "robot_id": "202601002029", "request_id": "987dce1a60fe45f095ac204911362adb", "position": {"x": -856.0281875609699, "y": 784.9401212995149}, "channel": 8}, "attempt": 1}
2026-09-12 14:19:24,701 INFO response {"request_id": "987dce1a60fe45f095ac204911362adb", "http_status": 200, "body": {"accepted": true, "real_timestamp_ms": 1789193961336, "virtual_time_s": 4107.596842, "clear_result": "success"}}
2026-09-12 14:19:24,702 INFO request {"path": "/measure", "payload": {"arena_id": "default", "robot_id": "202601002029", "request_id": "a15833e9a0644bdfb27ca906d1b82f0e", "position": {"x": -658.0128526568077, "y": 656.6877761677897}, "channel": 13}, "attempt": 1}
2026-09-12 14:19:24,703 INFO response {"request_id": "a15833e9a0644bdfb27ca906d1b82f0e", "http_status": 200, "body": {"accepted": true, "real_timestamp_ms": 1789193961340, "virtual_time_s": 4160.78105, "measure_result": "direction", "svd_deg": 24.96}}
2026-09-12 14:19:24,712 INFO request {"path": "/clear", "payload": {"arena_id": "default", "robot_id": "202601002029", "request_id": "7fc19575cce1423c96db74b9f2751405", "position": {"x": -295.77574309108195, "y": 824.1697599640404}, "channel": 13}, "attempt": 1}
2026-09-12 14:19:24,714 INFO response {"request_id": "7fc19575cce1423c96db74b9f2751405", "http_status": 200, "body": {"accepted": true, "real_timestamp_ms": 1789193961350, "virtual_time_s": 4245.597324, "clear_result": "success"}}
2026-09-12 14:19:24,715 INFO request {"path": "/measure", "payload": {"arena_id": "default", "robot_id": "202601002029", "request_id": "a1f0102761f24db8b1deeb3c304267da", "position": {"x": 104.56557571512587, "y": 1017.2575787242749}, "channel": 11}, "attempt": 1}
2026-09-12 14:19:24,716 INFO response {"request_id": "a1f0102761f24db8b1deeb3c304267da", "http_status": 200, "body": {"accepted": true, "real_timestamp_ms": 1789193961353, "virtual_time_s": 4340.491886, "measure_result": "direction", "svd_deg": 359.56}}
2026-09-12 14:19:25,208 INFO request {"path": "/measure", "payload": {"arena_id": "default", "robot_id": "202601002029", "request_id": "a09e2fa328b94b03a93385fc94fbd1b9", "position": {"x": 122.31660576079844, "y": 790.5666425299717}, "channel": 4}, "attempt": 1}
2026-09-12 14:19:25,210 INFO response {"request_id": "a09e2fa328b94b03a93385fc94fbd1b9", "http_status": 200, "body": {"accepted": true, "real_timestamp_ms": 1789193961846, "virtual_time_s": 4391.96886, "measure_result": "direction", "svd_deg": 313.6}}
2026-09-12 14:19:25,220 INFO request {"path": "/clear", "payload": {"arena_id": "default", "robot_id": "202601002029", "request_id": "6882fe113f684da7b20199a00234efdd", "position": {"x": 398.7998698499654, "y": 501.9217917691407}, "channel": 4}, "attempt": 1}
2026-09-12 14:19:25,222 INFO response {"request_id": "6882fe113f684da7b20199a00234efdd", "http_status": 200, "body": {"accepted": true, "real_timestamp_ms": 1789193961858, "virtual_time_s": 4476.908549, "clear_result": "success"}}
2026-09-12 14:19:25,222 INFO request {"path": "/measure", "payload": {"arena_id": "default", "robot_id": "202601002029", "request_id": "4ac306ad6f8b43099ca5968944dd18fb", "position": {"x": 834.7415801330351, "y": 611.8431111069823}, "channel": 11}, "attempt": 1}
2026-09-12 14:19:25,241 INFO response {"request_id": "4ac306ad6f8b43099ca5968944dd18fb", "http_status": 200, "body": {"accepted": true, "real_timestamp_ms": 1789193961877, "virtual_time_s": 4572.825816, "measure_result": "direction", "svd_deg": 88.63}}
2026-09-12 14:19:25,248 INFO request {"path": "/measure", "payload": {"arena_id": "default", "robot_id": "202601002029", "request_id": "0e592e2c8ee7495cb6c10f720aa7fd05", "position": {"x": 882.0435184071027, "y": 639.3006072073882}, "channel": 16}, "attempt": 1}
2026-09-12 14:19:25,250 INFO response {"request_id": "0e592e2c8ee7495cb6c10f720aa7fd05", "http_status": 200, "body": {"accepted": true, "real_timestamp_ms": 1789193961887, "virtual_time_s": 4589.764532, "measure_result": "direction", "svd_deg": 16.7}}
2026-09-12 14:19:25,255 INFO request {"path": "/clear", "payload": {"arena_id": "default", "robot_id": "202601002029", "request_id": "a1c215a7f89b45b2a59446b4c4608fd0", "position": {"x": 844.0752154909046, "y": 1011.4602905603256}, "channel": 11}, "attempt": 1}
2026-09-12 14:19:25,257 INFO response {"request_id": "a1c215a7f89b45b2a59446b4c4608fd0", "http_status": 200, "body": {"accepted": true, "real_timestamp_ms": 1789193961894, "virtual_time_s": 4669.582824, "clear_result": "success"}}
2026-09-12 14:19:25,257 INFO request {"path": "/clear", "payload": {"arena_id": "default", "robot_id": "202601002029", "request_id": "bee7420d2c284068bc7a5b651ab1746d", "position": {"x": 1262.2177285204016, "y": 758.5912812091491}, "channel": 16}, "attempt": 1}
2026-09-12 14:19:25,258 INFO response {"request_id": "bee7420d2c284068bc7a5b651ab1746d", "http_status": 200, "body": {"accepted": true, "real_timestamp_ms": 1789193961895, "virtual_time_s": 4772.314272, "clear_result": "success"}}
2026-09-12 14:19:25,258 INFO request {"path": "/exit", "payload": {"arena_id": "default", "robot_id": "202601002029", "request_id": "5d0bdec808e448a7b86325898b16a021"}, "attempt": 1}
2026-09-12 14:19:25,259 INFO response {"request_id": "5d0bdec808e448a7b86325898b16a021", "http_status": 200, "body": {"accepted": true, "real_timestamp_ms": 1789193961896, "virtual_time_s": 4772.314272, "exit_reason": "user_exit"}}
