2026-09-12 16:52:11,363 INFO request {"path": "/enter", "payload": {"arena_id": "default", "robot_id": "202601002029", "request_id": "3afd8708492d4452bc72adfb65493dd2"}, "attempt": 1}
2026-09-12 16:52:11,366 INFO response {"request_id": "3afd8708492d4452bc72adfb65493dd2", "http_status": 200, "body": {"accepted": true, "real_timestamp_ms": 1789203128084, "virtual_time_s": 0, "max_virtual_duration_s": 360000, "max_real_duration_s": 1200, "remaining_real_duration_s": 1200}}
2026-09-12 16:52:11,367 INFO request {"path": "/measure", "payload": {"arena_id": "default", "robot_id": "202601002029", "request_id": "18fc788170094d22b50f3439f7acfb9c", "position": {"x": 0.0, "y": 0.0}, "channel": 1}, "attempt": 1}
2026-09-12 16:52:11,384 INFO response {"request_id": "18fc788170094d22b50f3439f7acfb9c", "http_status": 200, "body": {"accepted": true, "real_timestamp_ms": 1789203128102, "virtual_time_s": 5, "measure_result": "no_signal"}}
2026-09-12 16:52:11,384 INFO request {"path": "/measure", "payload": {"arena_id": "default", "robot_id": "202601002029", "request_id": "2415713082484b289f75dfac9a03ecd5", "position": {"x": 0.0, "y": 0.0}, "channel": 2}, "attempt": 1}
2026-09-12 16:52:11,386 INFO response {"request_id": "2415713082484b289f75dfac9a03ecd5", "http_status": 200, "body": {"accepted": true, "real_timestamp_ms": 1789203128103, "virtual_time_s": 11, "measure_result": "no_signal"}}
2026-09-12 16:52:11,386 INFO request {"path": "/measure", "payload": {"arena_id": "default", "robot_id": "202601002029", "request_id": "5f0ddcf603d24e25bfba84acea4a7e30", "position": {"x": 0.0, "y": 0.0}, "channel": 3}, "attempt": 1}
2026-09-12 16:52:11,387 INFO response {"request_id": "5f0ddcf603d24e25bfba84acea4a7e30", "http_status": 200, "body": {"accepted": true, "real_timestamp_ms": 1789203128105, "virtual_time_s": 17, "measure_result": "no_signal"}}
2026-09-12 16:52:11,387 INFO request {"path": "/measure", "payload": {"arena_id": "default", "robot_id": "202601002029", "request_id": "c5b41d33dcfd4083b0ace1caf1200757", "position": {"x": 0.0, "y": 0.0}, "channel": 4}, "attempt": 1}
2026-09-12 16:52:11,388 INFO response {"request_id": "c5b41d33dcfd4083b0ace1caf1200757", "http_status": 200, "body": {"accepted": true, "real_timestamp_ms": 1789203128106, "virtual_time_s": 23, "measure_result": "no_signal"}}
2026-09-12 16:52:11,388 INFO request {"path": "/measure", "payload": {"arena_id": "default", "robot_id": "202601002029", "request_id": "f64a3088b2ea4be9bbc128c5a9718c7e", "position": {"x": 0.0, "y": 0.0}, "channel": 5}, "attempt": 1}
2026-09-12 16:52:11,389 INFO response {"request_id": "f64a3088b2ea4be9bbc128c5a9718c7e", "http_status": 200, "body": {"accepted": true, "real_timestamp_ms": 1789203128107, "virtual_time_s": 29, "measure_result": "direction", "svd_deg": 343.84}}
2026-09-12 16:52:11,393 INFO request {"path": "/measure", "payload": {"arena_id": "default", "robot_id": "202601002029", "request_id": "aa552951ad48452492d0952d906e2ea2", "position": {"x": 0.0, "y": 0.0}, "channel": 6}, "attempt": 1}
2026-09-12 16:52:11,394 INFO response {"request_id": "aa552951ad48452492d0952d906e2ea2", "http_status": 200, "body": {"accepted": true, "real_timestamp_ms": 1789203128112, "virtual_time_s": 35, "measure_result": "direction", "svd_deg": 218.21}}
2026-09-12 16:52:11,398 INFO request {"path": "/measure", "payload": {"arena_id": "default", "robot_id": "202601002029", "request_id": "b6fbd6b1e3fd41b7813fa551f6da7a67", "position": {"x": 0.0, "y": 0.0}, "channel": 7}, "attempt": 1}
2026-09-12 16:52:11,400 INFO response {"request_id": "b6fbd6b1e3fd41b7813fa551f6da7a67", "http_status": 200, "body": {"accepted": true, "real_timestamp_ms": 1789203128118, "virtual_time_s": 41, "measure_result": "no_signal"}}
2026-09-12 16:52:11,400 INFO request {"path": "/measure", "payload": {"arena_id": "default", "robot_id": "202601002029", "request_id": "5785dba9c75a424ab91021e012f8529d", "position": {"x": 0.0, "y": 0.0}, "channel": 8}, "attempt": 1}
2026-09-12 16:52:11,414 INFO response {"request_id": "5785dba9c75a424ab91021e012f8529d", "http_status": 200, "body": {"accepted": true, "real_timestamp_ms": 1789203128132, "virtual_time_s": 47, "measure_result": "no_signal"}}
2026-09-12 16:52:11,414 INFO request {"path": "/measure", "payload": {"arena_id": "default", "robot_id": "202601002029", "request_id": "a54427a4a35d404d91f09a0c87abc78e", "position": {"x": 0.0, "y": 0.0}, "channel": 9}, "attempt": 1}
2026-09-12 16:52:11,433 INFO response {"request_id": "a54427a4a35d404d91f09a0c87abc78e", "http_status": 200, "body": {"accepted": true, "real_timestamp_ms": 1789203128150, "virtual_time_s": 53, "measure_result": "no_signal"}}
2026-09-12 16:52:11,434 INFO request {"path": "/measure", "payload": {"arena_id": "default", "robot_id": "202601002029", "request_id": "163e9aee7a3f4da2ad8578ef6561351d", "position": {"x": 0.0, "y": 0.0}, "channel": 10}, "attempt": 1}
2026-09-12 16:52:11,454 INFO response {"request_id": "163e9aee7a3f4da2ad8578ef6561351d", "http_status": 200, "body": {"accepted": true, "real_timestamp_ms": 1789203128171, "virtual_time_s": 59, "measure_result": "direction", "svd_deg": 330.94}}
2026-09-12 16:52:11,459 INFO request {"path": "/measure", "payload": {"arena_id": "default", "robot_id": "202601002029", "request_id": "c86ac31d8cad4d4f97de01c829bf2da5", "position": {"x": 0.0, "y": 0.0}, "channel": 11}, "attempt": 1}
2026-09-12 16:52:11,461 INFO response {"request_id": "c86ac31d8cad4d4f97de01c829bf2da5", "http_status": 200, "body": {"accepted": true, "real_timestamp_ms": 1789203128178, "virtual_time_s": 65, "measure_result": "no_signal"}}
2026-09-12 16:52:11,461 INFO request {"path": "/measure", "payload": {"arena_id": "default", "robot_id": "202601002029", "request_id": "bc39966db4f242189817109ff7fda985", "position": {"x": 0.0, "y": 0.0}, "channel": 12}, "attempt": 1}
2026-09-12 16:52:11,483 INFO response {"request_id": "bc39966db4f242189817109ff7fda985", "http_status": 200, "body": {"accepted": true, "real_timestamp_ms": 1789203128200, "virtual_time_s": 71, "measure_result": "no_signal"}}
2026-09-12 16:52:11,483 INFO request {"path": "/measure", "payload": {"arena_id": "default", "robot_id": "202601002029", "request_id": "9a9fa4aef84544a8bd02c799efd4115d", "position": {"x": 0.0, "y": 0.0}, "channel": 13}, "attempt": 1}
2026-09-12 16:52:11,502 INFO response {"request_id": "9a9fa4aef84544a8bd02c799efd4115d", "http_status": 200, "body": {"accepted": true, "real_timestamp_ms": 1789203128220, "virtual_time_s": 77, "measure_result": "no_signal"}}
2026-09-12 16:52:11,503 INFO request {"path": "/measure", "payload": {"arena_id": "default", "robot_id": "202601002029", "request_id": "9ad01073b30c43e48f531df6d1f93995", "position": {"x": 0.0, "y": 0.0}, "channel": 14}, "attempt": 1}
2026-09-12 16:52:11,521 INFO response {"request_id": "9ad01073b30c43e48f531df6d1f93995", "http_status": 200, "body": {"accepted": true, "real_timestamp_ms": 1789203128239, "virtual_time_s": 83, "measure_result": "direction", "svd_deg": 147.82}}
2026-09-12 16:52:11,525 INFO request {"path": "/measure", "payload": {"arena_id": "default", "robot_id": "202601002029", "request_id": "222907e294864a43bf51361d2ef3a78a", "position": {"x": 0.0, "y": 0.0}, "channel": 15}, "attempt": 1}
2026-09-12 16:52:11,540 INFO response {"request_id": "222907e294864a43bf51361d2ef3a78a", "http_status": 200, "body": {"accepted": true, "real_timestamp_ms": 1789203128259, "virtual_time_s": 89, "measure_result": "no_signal"}}
2026-09-12 16:52:11,541 INFO request {"path": "/measure", "payload": {"arena_id": "default", "robot_id": "202601002029", "request_id": "8ec78e986bdf44f9bd7396546653ceaa", "position": {"x": 0.0, "y": 0.0}, "channel": 16}, "attempt": 1}
2026-09-12 16:52:11,560 INFO response {"request_id": "8ec78e986bdf44f9bd7396546653ceaa", "http_status": 200, "body": {"accepted": true, "real_timestamp_ms": 1789203128278, "virtual_time_s": 95, "measure_result": "direction", "svd_deg": 337.61}}
2026-09-12 16:52:11,562 INFO request {"path": "/measure", "payload": {"arena_id": "default", "robot_id": "202601002029", "request_id": "459b909bb2cd4346979afc5871186e78", "position": {"x": 0.0, "y": 0.0}, "channel": 17}, "attempt": 1}
2026-09-12 16:52:11,579 INFO response {"request_id": "459b909bb2cd4346979afc5871186e78", "http_status": 200, "body": {"accepted": true, "real_timestamp_ms": 1789203128298, "virtual_time_s": 101, "measure_result": "no_signal"}}
2026-09-12 16:52:11,580 INFO request {"path": "/measure", "payload": {"arena_id": "default", "robot_id": "202601002029", "request_id": "dbdd0dab0ded4a7da3a756119c5194c4", "position": {"x": 0.0, "y": 0.0}, "channel": 18}, "attempt": 1}
2026-09-12 16:52:11,599 INFO response {"request_id": "dbdd0dab0ded4a7da3a756119c5194c4", "http_status": 200, "body": {"accepted": true, "real_timestamp_ms": 1789203128317, "virtual_time_s": 107, "measure_result": "no_signal"}}
2026-09-12 16:52:11,599 INFO request {"path": "/measure", "payload": {"arena_id": "default", "robot_id": "202601002029", "request_id": "78f4e4b6745349c9b87ca8bf6109d398", "position": {"x": 0.0, "y": 0.0}, "channel": 19}, "attempt": 1}
2026-09-12 16:52:11,618 INFO response {"request_id": "78f4e4b6745349c9b87ca8bf6109d398", "http_status": 200, "body": {"accepted": true, "real_timestamp_ms": 1789203128336, "virtual_time_s": 113, "measure_result": "no_signal"}}
2026-09-12 16:52:11,618 INFO request {"path": "/measure", "payload": {"arena_id": "default", "robot_id": "202601002029", "request_id": "92b969022bfb47d6bbbeffac694bcabf", "position": {"x": 0.0, "y": 0.0}, "channel": 20}, "attempt": 1}
2026-09-12 16:52:11,619 INFO response {"request_id": "92b969022bfb47d6bbbeffac694bcabf", "http_status": 200, "body": {"accepted": true, "real_timestamp_ms": 1789203128337, "virtual_time_s": 119, "measure_result": "direction", "svd_deg": 199.52}}
2026-09-12 16:52:11,621 INFO request {"path": "/measure", "payload": {"arena_id": "default", "robot_id": "202601002029", "request_id": "a6be9b5ed57f460aa991bd090136c125", "position": {"x": 1130.0, "y": 0.0}, "channel": 1}, "attempt": 1}
2026-09-12 16:52:11,638 INFO response {"request_id": "a6be9b5ed57f460aa991bd090136c125", "http_status": 200, "body": {"accepted": true, "real_timestamp_ms": 1789203128355, "virtual_time_s": 351, "measure_result": "no_signal"}}
2026-09-12 16:52:11,638 INFO request {"path": "/measure", "payload": {"arena_id": "default", "robot_id": "202601002029", "request_id": "7676b938d3a24741b36265ad0d61a543", "position": {"x": 1130.0, "y": 0.0}, "channel": 2}, "attempt": 1}
2026-09-12 16:52:11,657 INFO response {"request_id": "7676b938d3a24741b36265ad0d61a543", "http_status": 200, "body": {"accepted": true, "real_timestamp_ms": 1789203128375, "virtual_time_s": 357, "measure_result": "no_signal"}}
2026-09-12 16:52:11,657 INFO request {"path": "/measure", "payload": {"arena_id": "default", "robot_id": "202601002029", "request_id": "da676407f96544e3b72c0b73cc2b2b0a", "position": {"x": 1130.0, "y": 0.0}, "channel": 3}, "attempt": 1}
2026-09-12 16:52:11,659 INFO response {"request_id": "da676407f96544e3b72c0b73cc2b2b0a", "http_status": 200, "body": {"accepted": true, "real_timestamp_ms": 1789203128377, "virtual_time_s": 363, "measure_result": "no_signal"}}
2026-09-12 16:52:11,660 INFO request {"path": "/measure", "payload": {"arena_id": "default", "robot_id": "202601002029", "request_id": "3e77ec72c8b74a16998dc0f22f7bb755", "position": {"x": 1130.0, "y": 0.0}, "channel": 4}, "attempt": 1}
2026-09-12 16:52:11,661 INFO response {"request_id": "3e77ec72c8b74a16998dc0f22f7bb755", "http_status": 200, "body": {"accepted": true, "real_timestamp_ms": 1789203128379, "virtual_time_s": 369, "measure_result": "no_signal"}}
2026-09-12 16:52:11,662 INFO request {"path": "/measure", "payload": {"arena_id": "default", "robot_id": "202601002029", "request_id": "fe54df48ea82442fa09f0e78da677775", "position": {"x": 1130.0, "y": 0.0}, "channel": 7}, "attempt": 1}
2026-09-12 16:52:11,678 INFO response {"request_id": "fe54df48ea82442fa09f0e78da677775", "http_status": 200, "body": {"accepted": true, "real_timestamp_ms": 1789203128395, "virtual_time_s": 375, "measure_result": "no_signal"}}
2026-09-12 16:52:11,678 INFO request {"path": "/measure", "payload": {"arena_id": "default", "robot_id": "202601002029", "request_id": "5ef4950041a1434ab8d14951c70694b0", "position": {"x": 1130.0, "y": 0.0}, "channel": 8}, "attempt": 1}
2026-09-12 16:52:11,680 INFO response {"request_id": "5ef4950041a1434ab8d14951c70694b0", "http_status": 200, "body": {"accepted": true, "real_timestamp_ms": 1789203128397, "virtual_time_s": 381, "measure_result": "no_signal"}}
2026-09-12 16:52:11,680 INFO request {"path": "/measure", "payload": {"arena_id": "default", "robot_id": "202601002029", "request_id": "80dca7dd69764b30ac842f10b19f80e3", "position": {"x": 1130.0, "y": 0.0}, "channel": 9}, "attempt": 1}
2026-09-12 16:52:11,697 INFO response {"request_id": "80dca7dd69764b30ac842f10b19f80e3", "http_status": 200, "body": {"accepted": true, "real_timestamp_ms": 1789203128415, "virtual_time_s": 387, "measure_result": "no_signal"}}
2026-09-12 16:52:11,698 INFO request {"path": "/measure", "payload": {"arena_id": "default", "robot_id": "202601002029", "request_id": "5fe82a01477d40c09dfd49dade99d6c8", "position": {"x": 1130.0, "y": 0.0}, "channel": 11}, "attempt": 1}
2026-09-12 16:52:11,700 INFO response {"request_id": "5fe82a01477d40c09dfd49dade99d6c8", "http_status": 200, "body": {"accepted": true, "real_timestamp_ms": 1789203128417, "virtual_time_s": 393, "measure_result": "no_signal"}}
2026-09-12 16:52:11,700 INFO request {"path": "/measure", "payload": {"arena_id": "default", "robot_id": "202601002029", "request_id": "93709326df204f629e1f72f8b5882b70", "position": {"x": 1130.0, "y": 0.0}, "channel": 12}, "attempt": 1}
2026-09-12 16:52:11,716 INFO response {"request_id": "93709326df204f629e1f72f8b5882b70", "http_status": 200, "body": {"accepted": true, "real_timestamp_ms": 1789203128434, "virtual_time_s": 399, "measure_result": "no_signal"}}
2026-09-12 16:52:11,717 INFO request {"path": "/measure", "payload": {"arena_id": "default", "robot_id": "202601002029", "request_id": "d2194dce595b4adcb0c282c64f7a2a36", "position": {"x": 1130.0, "y": 0.0}, "channel": 13}, "attempt": 1}
2026-09-12 16:52:11,718 INFO response {"request_id": "d2194dce595b4adcb0c282c64f7a2a36", "http_status": 200, "body": {"accepted": true, "real_timestamp_ms": 1789203128436, "virtual_time_s": 405, "measure_result": "no_signal"}}
2026-09-12 16:52:11,719 INFO request {"path": "/measure", "payload": {"arena_id": "default", "robot_id": "202601002029", "request_id": "577132dcba1e4d37abe8261c1a029b50", "position": {"x": 1130.0, "y": 0.0}, "channel": 15}, "attempt": 1}
2026-09-12 16:52:11,737 INFO response {"request_id": "577132dcba1e4d37abe8261c1a029b50", "http_status": 200, "body": {"accepted": true, "real_timestamp_ms": 1789203128454, "virtual_time_s": 411, "measure_result": "no_signal"}}
2026-09-12 16:52:11,737 INFO request {"path": "/measure", "payload": {"arena_id": "default", "robot_id": "202601002029", "request_id": "442f7ad25b7a4ad1be482ff4b21bc09e", "position": {"x": 1130.0, "y": 0.0}, "channel": 17}, "attempt": 1}
2026-09-12 16:52:11,756 INFO response {"request_id": "442f7ad25b7a4ad1be482ff4b21bc09e", "http_status": 200, "body": {"accepted": true, "real_timestamp_ms": 1789203128474, "virtual_time_s": 417, "measure_result": "direction", "svd_deg": 54.64}}
2026-09-12 16:52:11,762 INFO request {"path": "/measure", "payload": {"arena_id": "default", "robot_id": "202601002029", "request_id": "36c41fa29d934aca805db30bfcabeff4", "position": {"x": 1130.0, "y": 0.0}, "channel": 18}, "attempt": 1}
2026-09-12 16:52:11,764 INFO response {"request_id": "36c41fa29d934aca805db30bfcabeff4", "http_status": 200, "body": {"accepted": true, "real_timestamp_ms": 1789203128482, "virtual_time_s": 423, "measure_result": "no_signal"}}
2026-09-12 16:52:11,764 INFO request {"path": "/measure", "payload": {"arena_id": "default", "robot_id": "202601002029", "request_id": "6b4e7d0510b042a4b187388716acf11c", "position": {"x": 1130.0, "y": 0.0}, "channel": 19}, "attempt": 1}
2026-09-12 16:52:11,786 INFO response {"request_id": "6b4e7d0510b042a4b187388716acf11c", "http_status": 200, "body": {"accepted": true, "real_timestamp_ms": 1789203128504, "virtual_time_s": 429, "measure_result": "direction", "svd_deg": 285.37}}
2026-09-12 16:52:11,830 INFO request {"path": "/measure", "payload": {"arena_id": "default", "robot_id": "202601002029", "request_id": "87d95d5fe65d4296bf1b62a2310bfa87", "position": {"x": 1130.0, "y": 0.0}, "channel": 10}, "attempt": 1}
2026-09-12 16:52:11,848 INFO response {"request_id": "87d95d5fe65d4296bf1b62a2310bfa87", "http_status": 200, "body": {"accepted": true, "real_timestamp_ms": 1789203128562, "virtual_time_s": 435, "measure_result": "direction", "svd_deg": 244.11}}
2026-09-12 16:52:11,873 INFO request {"path": "/measure", "payload": {"arena_id": "default", "robot_id": "202601002029", "request_id": "448c4796f78c4dc7889d935f806b88ad", "position": {"x": 1130.0, "y": 0.0}, "channel": 16}, "attempt": 1}
2026-09-12 16:52:11,875 INFO response {"request_id": "448c4796f78c4dc7889d935f806b88ad", "http_status": 200, "body": {"accepted": true, "real_timestamp_ms": 1789203128592, "virtual_time_s": 441, "measure_result": "direction", "svd_deg": 225.13}}
2026-09-12 16:52:11,880 INFO request {"path": "/measure", "payload": {"arena_id": "default", "robot_id": "202601002029", "request_id": "5e4814bfb5904e0d84fab23d871c1b56", "position": {"x": 565.0000000000001, "y": 978.6087062764157}, "channel": 1}, "attempt": 1}
2026-09-12 16:52:11,881 INFO response {"request_id": "5e4814bfb5904e0d84fab23d871c1b56", "http_status": 200, "body": {"accepted": true, "real_timestamp_ms": 1789203128599, "virtual_time_s": 673, "measure_result": "no_signal"}}
2026-09-12 16:52:11,881 INFO request {"path": "/measure", "payload": {"arena_id": "default", "robot_id": "202601002029", "request_id": "9b4359046d804d10a24359ebf68632ea", "position": {"x": 565.0000000000001, "y": 978.6087062764157}, "channel": 2}, "attempt": 1}
2026-09-12 16:52:11,893 INFO response {"request_id": "9b4359046d804d10a24359ebf68632ea", "http_status": 200, "body": {"accepted": true, "real_timestamp_ms": 1789203128611, "virtual_time_s": 679, "measure_result": "no_signal"}}
2026-09-12 16:52:11,893 INFO request {"path": "/measure", "payload": {"arena_id": "default", "robot_id": "202601002029", "request_id": "1b619eeebcc54ed8985620dd43cc7cca", "position": {"x": 565.0000000000001, "y": 978.6087062764157}, "channel": 3}, "attempt": 1}
2026-09-12 16:52:11,895 INFO response {"request_id": "1b619eeebcc54ed8985620dd43cc7cca", "http_status": 200, "body": {"accepted": true, "real_timestamp_ms": 1789203128613, "virtual_time_s": 685, "measure_result": "no_signal"}}
2026-09-12 16:52:11,895 INFO request {"path": "/measure", "payload": {"arena_id": "default", "robot_id": "202601002029", "request_id": "c45d1ca1aa1f426c965db7f4bf785488", "position": {"x": 565.0000000000001, "y": 978.6087062764157}, "channel": 4}, "attempt": 1}
2026-09-12 16:52:11,896 INFO response {"request_id": "c45d1ca1aa1f426c965db7f4bf785488", "http_status": 200, "body": {"accepted": true, "real_timestamp_ms": 1789203128614, "virtual_time_s": 691, "measure_result": "no_signal"}}
2026-09-12 16:52:11,896 INFO request {"path": "/measure", "payload": {"arena_id": "default", "robot_id": "202601002029", "request_id": "cffbb750658b46f4bb0a4d742386678d", "position": {"x": 565.0000000000001, "y": 978.6087062764157}, "channel": 7}, "attempt": 1}
2026-09-12 16:52:11,913 INFO response {"request_id": "cffbb750658b46f4bb0a4d742386678d", "http_status": 200, "body": {"accepted": true, "real_timestamp_ms": 1789203128630, "virtual_time_s": 697, "measure_result": "no_signal"}}
2026-09-12 16:52:11,913 INFO request {"path": "/measure", "payload": {"arena_id": "default", "robot_id": "202601002029", "request_id": "8d106bc24c8a4758956fd5242c3fe39e", "position": {"x": 565.0000000000001, "y": 978.6087062764157}, "channel": 8}, "attempt": 1}
2026-09-12 16:52:11,933 INFO response {"request_id": "8d106bc24c8a4758956fd5242c3fe39e", "http_status": 200, "body": {"accepted": true, "real_timestamp_ms": 1789203128650, "virtual_time_s": 703, "measure_result": "no_signal"}}
2026-09-12 16:52:11,933 INFO request {"path": "/measure", "payload": {"arena_id": "default", "robot_id": "202601002029", "request_id": "d95435889dcc448282e14b44ccf10f8c", "position": {"x": 565.0000000000001, "y": 978.6087062764157}, "channel": 9}, "attempt": 1}
2026-09-12 16:52:11,935 INFO response {"request_id": "d95435889dcc448282e14b44ccf10f8c", "http_status": 200, "body": {"accepted": true, "real_timestamp_ms": 1789203128653, "virtual_time_s": 709, "measure_result": "no_signal"}}
2026-09-12 16:52:11,936 INFO request {"path": "/measure", "payload": {"arena_id": "default", "robot_id": "202601002029", "request_id": "e39091180691467cbd5d545d512ac734", "position": {"x": 565.0000000000001, "y": 978.6087062764157}, "channel": 11}, "attempt": 1}
2026-09-12 16:52:11,952 INFO response {"request_id": "e39091180691467cbd5d545d512ac734", "http_status": 200, "body": {"accepted": true, "real_timestamp_ms": 1789203128669, "virtual_time_s": 715, "measure_result": "direction", "svd_deg": 164.09}}
2026-09-12 16:52:11,957 INFO request {"path": "/measure", "payload": {"arena_id": "default", "robot_id": "202601002029", "request_id": "c875fae00332431ea51bc0877b32d16f", "position": {"x": 565.0000000000001, "y": 978.6087062764157}, "channel": 12}, "attempt": 1}
2026-09-12 16:52:11,959 INFO response {"request_id": "c875fae00332431ea51bc0877b32d16f", "http_status": 200, "body": {"accepted": true, "real_timestamp_ms": 1789203128677, "virtual_time_s": 721, "measure_result": "no_signal"}}
2026-09-12 16:52:11,959 INFO request {"path": "/measure", "payload": {"arena_id": "default", "robot_id": "202601002029", "request_id": "51c46e2f026549f391df0ab6421c6b5b", "position": {"x": 565.0000000000001, "y": 978.6087062764157}, "channel": 13}, "attempt": 1}
2026-09-12 16:52:11,961 INFO response {"request_id": "51c46e2f026549f391df0ab6421c6b5b", "http_status": 200, "body": {"accepted": true, "real_timestamp_ms": 1789203128679, "virtual_time_s": 727, "measure_result": "no_signal"}}
2026-09-12 16:52:11,962 INFO request {"path": "/measure", "payload": {"arena_id": "default", "robot_id": "202601002029", "request_id": "3b472a35afec493f95fe44c3fe3a6e6c", "position": {"x": 565.0000000000001, "y": 978.6087062764157}, "channel": 15}, "attempt": 1}
2026-09-12 16:52:11,963 INFO response {"request_id": "3b472a35afec493f95fe44c3fe3a6e6c", "http_status": 200, "body": {"accepted": true, "real_timestamp_ms": 1789203128681, "virtual_time_s": 733, "measure_result": "no_signal"}}
2026-09-12 16:52:11,964 INFO request {"path": "/measure", "payload": {"arena_id": "default", "robot_id": "202601002029", "request_id": "1b563b9231fc466ca574f8f1bdcc3198", "position": {"x": 565.0000000000001, "y": 978.6087062764157}, "channel": 18}, "attempt": 1}
2026-09-12 16:52:11,982 INFO response {"request_id": "1b563b9231fc466ca574f8f1bdcc3198", "http_status": 200, "body": {"accepted": true, "real_timestamp_ms": 1789203128699, "virtual_time_s": 739, "measure_result": "no_signal"}}
2026-09-12 16:52:12,000 INFO request {"path": "/measure", "payload": {"arena_id": "default", "robot_id": "202601002029", "request_id": "5be1432b8a104882a6e56388abf7c4cb", "position": {"x": 565.0000000000001, "y": 978.6087062764157}, "channel": 17}, "attempt": 1}
2026-09-12 16:52:12,021 INFO response {"request_id": "5be1432b8a104882a6e56388abf7c4cb", "http_status": 200, "body": {"accepted": true, "real_timestamp_ms": 1789203128738, "virtual_time_s": 745, "measure_result": "direction", "svd_deg": 338.65}}
2026-09-12 16:52:12,035 INFO request {"path": "/measure", "payload": {"arena_id": "default", "robot_id": "202601002029", "request_id": "59816ab6c0c844fb815e79a3722f6d58", "position": {"x": -564.9999999999998, "y": 978.6087062764158}, "channel": 1}, "attempt": 1}
2026-09-12 16:52:12,037 INFO response {"request_id": "59816ab6c0c844fb815e79a3722f6d58", "http_status": 200, "body": {"accepted": true, "real_timestamp_ms": 1789203128755, "virtual_time_s": 977, "measure_result": "direction", "svd_deg": 222.15}}
2026-09-12 16:52:12,043 INFO request {"path": "/measure", "payload": {"arena_id": "default", "robot_id": "202601002029", "request_id": "ef8de51c87a84aa98f510740ff25eee8", "position": {"x": -564.9999999999998, "y": 978.6087062764158}, "channel": 2}, "attempt": 1}
2026-09-12 16:52:12,047 INFO response {"request_id": "ef8de51c87a84aa98f510740ff25eee8", "http_status": 200, "body": {"accepted": true, "real_timestamp_ms": 1789203128762, "virtual_time_s": 983, "measure_result": "direction", "svd_deg": 202.95}}
2026-09-12 16:52:12,050 INFO request {"path": "/measure", "payload": {"arena_id": "default", "robot_id": "202601002029", "request_id": "9efafd183bd944b9af78cece06613e21", "position": {"x": -564.9999999999998, "y": 978.6087062764158}, "channel": 3}, "attempt": 1}
2026-09-12 16:52:12,052 INFO response {"request_id": "9efafd183bd944b9af78cece06613e21", "http_status": 200, "body": {"accepted": true, "real_timestamp_ms": 1789203128769, "virtual_time_s": 989, "measure_result": "direction", "svd_deg": 118.37}}
2026-09-12 16:52:12,054 INFO request {"path": "/measure", "payload": {"arena_id": "default", "robot_id": "202601002029", "request_id": "ba8f4beb463a46f1af1684364008440e", "position": {"x": -564.9999999999998, "y": 978.6087062764158}, "channel": 4}, "attempt": 1}
2026-09-12 16:52:12,055 INFO response {"request_id": "ba8f4beb463a46f1af1684364008440e", "http_status": 200, "body": {"accepted": true, "real_timestamp_ms": 1789203128773, "virtual_time_s": 995, "measure_result": "no_signal"}}
2026-09-12 16:52:12,056 INFO request {"path": "/measure", "payload": {"arena_id": "default", "robot_id": "202601002029", "request_id": "4624e1e30c61483db1891346d38010f5", "position": {"x": -564.9999999999998, "y": 978.6087062764158}, "channel": 7}, "attempt": 1}
2026-09-12 16:52:12,057 INFO response {"request_id": "4624e1e30c61483db1891346d38010f5", "http_status": 200, "body": {"accepted": true, "real_timestamp_ms": 1789203128774, "virtual_time_s": 1001, "measure_result": "no_signal"}}
2026-09-12 16:52:12,057 INFO request {"path": "/measure", "payload": {"arena_id": "default", "robot_id": "202601002029", "request_id": "42d10a74a272450cb78341eb8c024c8d", "position": {"x": -564.9999999999998, "y": 978.6087062764158}, "channel": 8}, "attempt": 1}
2026-09-12 16:52:12,057 INFO response {"request_id": "42d10a74a272450cb78341eb8c024c8d", "http_status": 200, "body": {"accepted": true, "real_timestamp_ms": 1789203128776, "virtual_time_s": 1007, "measure_result": "no_signal"}}
2026-09-12 16:52:12,058 INFO request {"path": "/measure", "payload": {"arena_id": "default", "robot_id": "202601002029", "request_id": "a277e176565d49ddbb589f3574085e97", "position": {"x": -564.9999999999998, "y": 978.6087062764158}, "channel": 9}, "attempt": 1}
2026-09-12 16:52:12,058 INFO response {"request_id": "a277e176565d49ddbb589f3574085e97", "http_status": 200, "body": {"accepted": true, "real_timestamp_ms": 1789203128776, "virtual_time_s": 1013, "measure_result": "no_signal"}}
2026-09-12 16:52:12,058 INFO request {"path": "/measure", "payload": {"arena_id": "default", "robot_id": "202601002029", "request_id": "f66fb2cd1211416e84350b3b0de51cad", "position": {"x": -564.9999999999998, "y": 978.6087062764158}, "channel": 12}, "attempt": 1}
2026-09-12 16:52:12,059 INFO response {"request_id": "f66fb2cd1211416e84350b3b0de51cad", "http_status": 200, "body": {"accepted": true, "real_timestamp_ms": 1789203128777, "virtual_time_s": 1019, "measure_result": "no_signal"}}
2026-09-12 16:52:12,059 INFO request {"path": "/measure", "payload": {"arena_id": "default", "robot_id": "202601002029", "request_id": "2f2395155300462096be81c299962f32", "position": {"x": -564.9999999999998, "y": 978.6087062764158}, "channel": 13}, "attempt": 1}
2026-09-12 16:52:12,060 INFO response {"request_id": "2f2395155300462096be81c299962f32", "http_status": 200, "body": {"accepted": true, "real_timestamp_ms": 1789203128778, "virtual_time_s": 1025, "measure_result": "no_signal"}}
2026-09-12 16:52:12,060 INFO request {"path": "/measure", "payload": {"arena_id": "default", "robot_id": "202601002029", "request_id": "f1cd1443f50d4ac1b0ee25cecd8dd226", "position": {"x": -564.9999999999998, "y": 978.6087062764158}, "channel": 15}, "attempt": 1}
2026-09-12 16:52:12,060 INFO response {"request_id": "f1cd1443f50d4ac1b0ee25cecd8dd226", "http_status": 200, "body": {"accepted": true, "real_timestamp_ms": 1789203128778, "virtual_time_s": 1031, "measure_result": "no_signal"}}
2026-09-12 16:52:12,060 INFO request {"path": "/measure", "payload": {"arena_id": "default", "robot_id": "202601002029", "request_id": "b69bc79165a64b50a588074609757cba", "position": {"x": -564.9999999999998, "y": 978.6087062764158}, "channel": 18}, "attempt": 1}
2026-09-12 16:52:12,083 INFO response {"request_id": "b69bc79165a64b50a588074609757cba", "http_status": 200, "body": {"accepted": true, "real_timestamp_ms": 1789203128801, "virtual_time_s": 1037, "measure_result": "no_signal"}}
2026-09-12 16:52:12,119 INFO request {"path": "/measure", "payload": {"arena_id": "default", "robot_id": "202601002029", "request_id": "8fda24b5e1e64bac8c7501c1b3164919", "position": {"x": -564.9999999999998, "y": 978.6087062764158}, "channel": 11}, "attempt": 1}
2026-09-12 16:52:12,139 INFO response {"request_id": "8fda24b5e1e64bac8c7501c1b3164919", "http_status": 200, "body": {"accepted": true, "real_timestamp_ms": 1789203128857, "virtual_time_s": 1043, "measure_result": "direction", "svd_deg": 25.33}}
2026-09-12 16:52:12,168 INFO request {"path": "/measure", "payload": {"arena_id": "default", "robot_id": "202601002029", "request_id": "cb1a99d6ba8a4d9e9f429c68aeaafc0d", "position": {"x": -564.9999999999998, "y": 978.6087062764158}, "channel": 14}, "attempt": 1}
2026-09-12 16:52:12,170 INFO response {"request_id": "cb1a99d6ba8a4d9e9f429c68aeaafc0d", "http_status": 200, "body": {"accepted": true, "real_timestamp_ms": 1789203128888, "virtual_time_s": 1049, "measure_result": "direction", "svd_deg": 288.16}}
2026-09-12 16:52:12,176 INFO request {"path": "/measure", "payload": {"arena_id": "default", "robot_id": "202601002029", "request_id": "ee3e954545bd4a1f8b5508169ab8d016", "position": {"x": -1130.0, "y": 1.3838508830365092e-13}, "channel": 4}, "attempt": 1}
2026-09-12 16:52:12,177 INFO response {"request_id": "ee3e954545bd4a1f8b5508169ab8d016", "http_status": 200, "body": {"accepted": true, "real_timestamp_ms": 1789203128895, "virtual_time_s": 1281, "measure_result": "no_signal"}}
2026-09-12 16:52:12,177 INFO request {"path": "/measure", "payload": {"arena_id": "default", "robot_id": "202601002029", "request_id": "1960aa8288cd4472a8c89ca4c3cd3225", "position": {"x": -1130.0, "y": 1.3838508830365092e-13}, "channel": 7}, "attempt": 1}
2026-09-12 16:52:12,179 INFO response {"request_id": "1960aa8288cd4472a8c89ca4c3cd3225", "http_status": 200, "body": {"accepted": true, "real_timestamp_ms": 1789203128897, "virtual_time_s": 1287, "measure_result": "no_signal"}}
2026-09-12 16:52:12,179 INFO request {"path": "/measure", "payload": {"arena_id": "default", "robot_id": "202601002029", "request_id": "1083f82931674761a82ad3cac77f14f7", "position": {"x": -1130.0, "y": 1.3838508830365092e-13}, "channel": 8}, "attempt": 1}
2026-09-12 16:52:12,180 INFO response {"request_id": "1083f82931674761a82ad3cac77f14f7", "http_status": 200, "body": {"accepted": true, "real_timestamp_ms": 1789203128898, "virtual_time_s": 1293, "measure_result": "direction", "svd_deg": 250.52}}
2026-09-12 16:52:12,183 INFO request {"path": "/measure", "payload": {"arena_id": "default", "robot_id": "202601002029", "request_id": "5eeb68653dd340419aed74b5c964e01e", "position": {"x": -1130.0, "y": 1.3838508830365092e-13}, "channel": 9}, "attempt": 1}
2026-09-12 16:52:12,185 INFO response {"request_id": "5eeb68653dd340419aed74b5c964e01e", "http_status": 200, "body": {"accepted": true, "real_timestamp_ms": 1789203128902, "virtual_time_s": 1299, "measure_result": "no_signal"}}
2026-09-12 16:52:12,185 INFO request {"path": "/measure", "payload": {"arena_id": "default", "robot_id": "202601002029", "request_id": "fee9f71e60224d78b52dca7d8891fdb2", "position": {"x": -1130.0, "y": 1.3838508830365092e-13}, "channel": 12}, "attempt": 1}
2026-09-12 16:52:12,185 INFO response {"request_id": "fee9f71e60224d78b52dca7d8891fdb2", "http_status": 200, "body": {"accepted": true, "real_timestamp_ms": 1789203128904, "virtual_time_s": 1305, "measure_result": "no_signal"}}
2026-09-12 16:52:12,186 INFO request {"path": "/measure", "payload": {"arena_id": "default", "robot_id": "202601002029", "request_id": "bcfa52ce74b44964948df178e1280b52", "position": {"x": -1130.0, "y": 1.3838508830365092e-13}, "channel": 13}, "attempt": 1}
2026-09-12 16:52:12,197 INFO response {"request_id": "bcfa52ce74b44964948df178e1280b52", "http_status": 200, "body": {"accepted": true, "real_timestamp_ms": 1789203128915, "virtual_time_s": 1311, "measure_result": "no_signal"}}
2026-09-12 16:52:12,198 INFO request {"path": "/measure", "payload": {"arena_id": "default", "robot_id": "202601002029", "request_id": "360c021871ed4a25a5e27f9fb5673ea0", "position": {"x": -1130.0, "y": 1.3838508830365092e-13}, "channel": 15}, "attempt": 1}
2026-09-12 16:52:12,198 INFO response {"request_id": "360c021871ed4a25a5e27f9fb5673ea0", "http_status": 200, "body": {"accepted": true, "real_timestamp_ms": 1789203128916, "virtual_time_s": 1317, "measure_result": "no_signal"}}
2026-09-12 16:52:12,198 INFO request {"path": "/measure", "payload": {"arena_id": "default", "robot_id": "202601002029", "request_id": "21ad24492638484a8aaa4902681d502f", "position": {"x": -1130.0, "y": 1.3838508830365092e-13}, "channel": 18}, "attempt": 1}
2026-09-12 16:52:12,199 INFO response {"request_id": "21ad24492638484a8aaa4902681d502f", "http_status": 200, "body": {"accepted": true, "real_timestamp_ms": 1789203128917, "virtual_time_s": 1323, "measure_result": "no_signal"}}
2026-09-12 16:52:12,249 INFO request {"path": "/measure", "payload": {"arena_id": "default", "robot_id": "202601002029", "request_id": "d592990223b6440c8ab435e817f16c94", "position": {"x": -1130.0, "y": 1.3838508830365092e-13}, "channel": 6}, "attempt": 1}
2026-09-12 16:52:12,251 INFO response {"request_id": "d592990223b6440c8ab435e817f16c94", "http_status": 200, "body": {"accepted": true, "real_timestamp_ms": 1789203128969, "virtual_time_s": 1329, "measure_result": "direction", "svd_deg": 311.53}}
2026-09-12 16:52:12,291 INFO request {"path": "/measure", "payload": {"arena_id": "default", "robot_id": "202601002029", "request_id": "2f25ba1b83fe4d2aae02f4ce9e9897fc", "position": {"x": -1130.0, "y": 1.3838508830365092e-13}, "channel": 2}, "attempt": 1}
2026-09-12 16:52:12,306 INFO response {"request_id": "2f25ba1b83fe4d2aae02f4ce9e9897fc", "http_status": 200, "body": {"accepted": true, "real_timestamp_ms": 1789203129023, "virtual_time_s": 1335, "measure_result": "direction", "svd_deg": 132.79}}
2026-09-12 16:52:12,309 INFO request {"path": "/clear", "payload": {"arena_id": "default", "robot_id": "202601002029", "request_id": "a20af74d0c6045beb6a7e92c28f762a8", "position": {"x": -665.7429154391723, "y": -523.785279604771}, "channel": 6}, "attempt": 1}
2026-09-12 16:52:12,325 INFO response {"request_id": "a20af74d0c6045beb6a7e92c28f762a8", "http_status": 200, "body": {"accepted": true, "real_timestamp_ms": 1789203129043, "virtual_time_s": 1479.983665, "clear_result": "success"}}
2026-09-12 16:52:12,361 INFO request {"path": "/measure", "payload": {"arena_id": "default", "robot_id": "202601002029", "request_id": "3d9e57a74a15405baaa0ca0f5332fe5d", "position": {"x": -665.7429154391723, "y": -523.785279604771}, "channel": 20}, "attempt": 1}
2026-09-12 16:52:12,363 INFO response {"request_id": "3d9e57a74a15405baaa0ca0f5332fe5d", "http_status": 200, "body": {"accepted": true, "real_timestamp_ms": 1789203129081, "virtual_time_s": 1485.983665, "measure_result": "direction", "svd_deg": 154.64}}
2026-09-12 16:52:12,393 INFO request {"path": "/measure", "payload": {"arena_id": "default", "robot_id": "202601002029", "request_id": "2d63477cc83448a0a35998c43e7394ab", "position": {"x": -665.7429154391723, "y": -523.785279604771}, "channel": 14}, "attempt": 1}
2026-09-12 16:52:12,395 INFO response {"request_id": "2d63477cc83448a0a35998c43e7394ab", "http_status": 200, "body": {"accepted": true, "real_timestamp_ms": 1789203129112, "virtual_time_s": 1491.983665, "measure_result": "direction", "svd_deg": 62.94}}
2026-09-12 16:52:12,399 INFO request {"path": "/measure", "payload": {"arena_id": "default", "robot_id": "202601002029", "request_id": "980d4355401b410a895fdd7f3a6947a0", "position": {"x": -565.0000000000005, "y": -978.6087062764154}, "channel": 4}, "attempt": 1}
2026-09-12 16:52:12,400 INFO response {"request_id": "980d4355401b410a895fdd7f3a6947a0", "http_status": 200, "body": {"accepted": true, "real_timestamp_ms": 1789203129118, "virtual_time_s": 1591.153077, "measure_result": "no_signal"}}
2026-09-12 16:52:12,400 INFO request {"path": "/measure", "payload": {"arena_id": "default", "robot_id": "202601002029", "request_id": "9f90c7daecb24088b75c92fd80a90b17", "position": {"x": -565.0000000000005, "y": -978.6087062764154}, "channel": 7}, "attempt": 1}
2026-09-12 16:52:12,401 INFO response {"request_id": "9f90c7daecb24088b75c92fd80a90b17", "http_status": 200, "body": {"accepted": true, "real_timestamp_ms": 1789203129120, "virtual_time_s": 1597.153077, "measure_result": "no_signal"}}
2026-09-12 16:52:12,402 INFO request {"path": "/measure", "payload": {"arena_id": "default", "robot_id": "202601002029", "request_id": "9fce0f9291a94b898090d3512207f9ab", "position": {"x": -565.0000000000005, "y": -978.6087062764154}, "channel": 9}, "attempt": 1}
2026-09-12 16:52:12,403 INFO response {"request_id": "9fce0f9291a94b898090d3512207f9ab", "http_status": 200, "body": {"accepted": true, "real_timestamp_ms": 1789203129121, "virtual_time_s": 1603.153077, "measure_result": "no_signal"}}
2026-09-12 16:52:12,404 INFO request {"path": "/measure", "payload": {"arena_id": "default", "robot_id": "202601002029", "request_id": "8cb45fefe5c44a1784b656fb716e9d22", "position": {"x": -565.0000000000005, "y": -978.6087062764154}, "channel": 12}, "attempt": 1}
2026-09-12 16:52:12,405 INFO response {"request_id": "8cb45fefe5c44a1784b656fb716e9d22", "http_status": 200, "body": {"accepted": true, "real_timestamp_ms": 1789203129123, "virtual_time_s": 1609.153077, "measure_result": "no_signal"}}
2026-09-12 16:52:12,405 INFO request {"path": "/measure", "payload": {"arena_id": "default", "robot_id": "202601002029", "request_id": "da8d4eb501c74c98b21de9ed5b466e16", "position": {"x": -565.0000000000005, "y": -978.6087062764154}, "channel": 13}, "attempt": 1}
2026-09-12 16:52:12,406 INFO response {"request_id": "da8d4eb501c74c98b21de9ed5b466e16", "http_status": 200, "body": {"accepted": true, "real_timestamp_ms": 1789203129124, "virtual_time_s": 1615.153077, "measure_result": "no_signal"}}
2026-09-12 16:52:12,406 INFO request {"path": "/measure", "payload": {"arena_id": "default", "robot_id": "202601002029", "request_id": "3628e32f42d04ca2947056884657f407", "position": {"x": -565.0000000000005, "y": -978.6087062764154}, "channel": 15}, "attempt": 1}
2026-09-12 16:52:12,408 INFO response {"request_id": "3628e32f42d04ca2947056884657f407", "http_status": 200, "body": {"accepted": true, "real_timestamp_ms": 1789203129125, "virtual_time_s": 1621.153077, "measure_result": "direction", "svd_deg": 304.51}}
2026-09-12 16:52:12,410 INFO request {"path": "/measure", "payload": {"arena_id": "default", "robot_id": "202601002029", "request_id": "674199f9d09940e99bcb102e0da5ae7f", "position": {"x": -565.0000000000005, "y": -978.6087062764154}, "channel": 18}, "attempt": 1}
2026-09-12 16:52:12,411 INFO response {"request_id": "674199f9d09940e99bcb102e0da5ae7f", "http_status": 200, "body": {"accepted": true, "real_timestamp_ms": 1789203129129, "virtual_time_s": 1627.153077, "measure_result": "no_signal"}}
2026-09-12 16:52:12,436 INFO request {"path": "/measure", "payload": {"arena_id": "default", "robot_id": "202601002029", "request_id": "3b8db46f205644a78f69c21ea98a04ef", "position": {"x": -565.0000000000005, "y": -978.6087062764154}, "channel": 8}, "attempt": 1}
2026-09-12 16:52:12,454 INFO response {"request_id": "3b8db46f205644a78f69c21ea98a04ef", "http_status": 200, "body": {"accepted": true, "real_timestamp_ms": 1789203129172, "virtual_time_s": 1633.153077, "measure_result": "direction", "svd_deg": 162.29}}
2026-09-12 16:52:12,470 INFO request {"path": "/measure", "payload": {"arena_id": "default", "robot_id": "202601002029", "request_id": "ee6dc0c1f7be494689a2524efad872b1", "position": {"x": -565.0000000000005, "y": -978.6087062764154}, "channel": 20}, "attempt": 1}
2026-09-12 16:52:12,472 INFO response {"request_id": "ee6dc0c1f7be494689a2524efad872b1", "http_status": 200, "body": {"accepted": true, "real_timestamp_ms": 1789203129190, "virtual_time_s": 1639.153077, "measure_result": "direction", "svd_deg": 125.26}}
2026-09-12 16:52:12,476 INFO request {"path": "/measure", "payload": {"arena_id": "default", "robot_id": "202601002029", "request_id": "f9a7c7c74d5c40d89ef000938bc28e19", "position": {"x": 565.0000000000001, "y": -978.6087062764157}, "channel": 4}, "attempt": 1}
2026-09-12 16:52:12,494 INFO response {"request_id": "f9a7c7c74d5c40d89ef000938bc28e19", "http_status": 200, "body": {"accepted": true, "real_timestamp_ms": 1789203129212, "virtual_time_s": 1871.153077, "measure_result": "no_signal"}}
2026-09-12 16:52:12,494 INFO request {"path": "/measure", "payload": {"arena_id": "default", "robot_id": "202601002029", "request_id": "e0b891c30d1a4f95882ac273e2587e07", "position": {"x": 565.0000000000001, "y": -978.6087062764157}, "channel": 7}, "attempt": 1}
2026-09-12 16:52:12,494 INFO response {"request_id": "e0b891c30d1a4f95882ac273e2587e07", "http_status": 200, "body": {"accepted": true, "real_timestamp_ms": 1789203129213, "virtual_time_s": 1877.153077, "measure_result": "no_signal"}}
2026-09-12 16:52:12,495 INFO request {"path": "/measure", "payload": {"arena_id": "default", "robot_id": "202601002029", "request_id": "a89c1506e32d4365b07a6df4436e2963", "position": {"x": 565.0000000000001, "y": -978.6087062764157}, "channel": 9}, "attempt": 1}
2026-09-12 16:52:12,513 INFO response {"request_id": "a89c1506e32d4365b07a6df4436e2963", "http_status": 200, "body": {"accepted": true, "real_timestamp_ms": 1789203129231, "virtual_time_s": 1883.153077, "measure_result": "no_signal"}}
2026-09-12 16:52:12,513 INFO request {"path": "/measure", "payload": {"arena_id": "default", "robot_id": "202601002029", "request_id": "f5f2ad218afd40f5b9480acaa134ce85", "position": {"x": 565.0000000000001, "y": -978.6087062764157}, "channel": 12}, "attempt": 1}
2026-09-12 16:52:12,514 INFO response {"request_id": "f5f2ad218afd40f5b9480acaa134ce85", "http_status": 200, "body": {"accepted": true, "real_timestamp_ms": 1789203129232, "virtual_time_s": 1889.153077, "measure_result": "no_signal"}}
2026-09-12 16:52:12,514 INFO request {"path": "/measure", "payload": {"arena_id": "default", "robot_id": "202601002029", "request_id": "39ee8eeefbe545f89fba081768388b14", "position": {"x": 565.0000000000001, "y": -978.6087062764157}, "channel": 13}, "attempt": 1}
2026-09-12 16:52:12,532 INFO response {"request_id": "39ee8eeefbe545f89fba081768388b14", "http_status": 200, "body": {"accepted": true, "real_timestamp_ms": 1789203129250, "virtual_time_s": 1895.153077, "measure_result": "no_signal"}}
2026-09-12 16:52:12,532 INFO request {"path": "/measure", "payload": {"arena_id": "default", "robot_id": "202601002029", "request_id": "5b17ac9d3a244264a21d3f11a67ba186", "position": {"x": 565.0000000000001, "y": -978.6087062764157}, "channel": 18}, "attempt": 1}
2026-09-12 16:52:12,552 INFO response {"request_id": "5b17ac9d3a244264a21d3f11a67ba186", "http_status": 200, "body": {"accepted": true, "real_timestamp_ms": 1789203129270, "virtual_time_s": 1901.153077, "measure_result": "no_signal"}}
2026-09-12 16:52:12,597 INFO request {"path": "/measure", "payload": {"arena_id": "default", "robot_id": "202601002029", "request_id": "750006d8c5c14a7abfbec9c8edc4eae1", "position": {"x": 565.0000000000001, "y": -978.6087062764157}, "channel": 16}, "attempt": 1}
2026-09-12 16:52:12,611 INFO response {"request_id": "750006d8c5c14a7abfbec9c8edc4eae1", "http_status": 200, "body": {"accepted": true, "real_timestamp_ms": 1789203129329, "virtual_time_s": 1907.153077, "measure_result": "direction", "svd_deg": 69.08}}
2026-09-12 16:52:12,648 INFO request {"path": "/measure", "payload": {"arena_id": "default", "robot_id": "202601002029", "request_id": "07d708bf3fb54bab9617c685ef1aae2e", "position": {"x": 565.0000000000001, "y": -978.6087062764157}, "channel": 10}, "attempt": 1}
2026-09-12 16:52:12,650 INFO response {"request_id": "07d708bf3fb54bab9617c685ef1aae2e", "http_status": 200, "body": {"accepted": true, "real_timestamp_ms": 1789203129368, "virtual_time_s": 1913.153077, "measure_result": "direction", "svd_deg": 55.84}}
2026-09-12 16:52:19,874 INFO request {"path": "/measure", "payload": {"arena_id": "default", "robot_id": "202601002029", "request_id": "dfa6d315a0394961ba4a369cfa834518", "position": {"x": 474.10034267780264, "y": -1108.8074633370597}, "channel": 15}, "attempt": 1}
2026-09-12 16:52:19,893 INFO response {"request_id": "dfa6d315a0394961ba4a369cfa834518", "http_status": 200, "body": {"accepted": true, "real_timestamp_ms": 1789203136611, "virtual_time_s": 1950.911203, "measure_result": "direction", "svd_deg": 187.71}}
2026-09-12 16:52:19,929 INFO request {"path": "/measure", "payload": {"arena_id": "default", "robot_id": "202601002029", "request_id": "6cb83e7cd1d34aec82654e4b1843cd4a", "position": {"x": 474.10034267780264, "y": -1108.8074633370597}, "channel": 5}, "attempt": 1}
2026-09-12 16:52:19,942 INFO response {"request_id": "6cb83e7cd1d34aec82654e4b1843cd4a", "http_status": 200, "body": {"accepted": true, "real_timestamp_ms": 1789203136659, "virtual_time_s": 1956.911203, "measure_result": "direction", "svd_deg": 52.42}}
2026-09-12 16:52:19,960 INFO request {"path": "/measure", "payload": {"arena_id": "default", "robot_id": "202601002029", "request_id": "4593d228660c4a3a898b5f5338ff691f", "position": {"x": 474.10034267780264, "y": -1108.8074633370597}, "channel": 19}, "attempt": 1}
2026-09-12 16:52:19,971 INFO response {"request_id": "4593d228660c4a3a898b5f5338ff691f", "http_status": 200, "body": {"accepted": true, "real_timestamp_ms": 1789203136690, "virtual_time_s": 1962.911203, "measure_result": "direction", "svd_deg": 41.94}}
2026-09-12 16:52:22,116 INFO request {"path": "/measure", "payload": {"arena_id": "default", "robot_id": "202601002029", "request_id": "ccc5dfe313f24e1ca9963f0b70ee6996", "position": {"x": 194.23082081211004, "y": -1108.8466771630228}, "channel": 15}, "attempt": 1}
2026-09-12 16:52:22,117 INFO response {"request_id": "ccc5dfe313f24e1ca9963f0b70ee6996", "http_status": 200, "body": {"accepted": true, "real_timestamp_ms": 1789203138835, "virtual_time_s": 2024.885108, "measure_result": "direction", "svd_deg": 191.48}}
2026-09-12 16:52:22,123 INFO request {"path": "/clear", "payload": {"arena_id": "default", "robot_id": "202601002029", "request_id": "9837623b3a3941cfa681a7575758fff7", "position": {"x": -393.26064174958856, "y": -1227.9781075088058}, "channel": 15}, "attempt": 1}
2026-09-12 16:52:22,125 INFO response {"request_id": "9837623b3a3941cfa681a7575758fff7", "http_status": 200, "body": {"accepted": true, "real_timestamp_ms": 1789203138842, "virtual_time_s": 2149.77481, "clear_result": "success"}}
2026-09-12 16:52:22,150 INFO request {"path": "/measure", "payload": {"arena_id": "default", "robot_id": "202601002029", "request_id": "a9fae90d1061492da3406772dfd83440", "position": {"x": -760.4165480740589, "y": -1021.1806775582244}, "channel": 8}, "attempt": 1}
2026-09-12 16:52:22,167 INFO response {"request_id": "a9fae90d1061492da3406772dfd83440", "http_status": 200, "body": {"accepted": true, "real_timestamp_ms": 1789203138885, "virtual_time_s": 2240.052597, "measure_result": "direction", "svd_deg": 155.32}}
2026-09-12 16:52:22,201 INFO request {"path": "/measure", "payload": {"arena_id": "default", "robot_id": "202601002029", "request_id": "26a7897c3cca4794a067574a433727b7", "position": {"x": -760.4165480740589, "y": -1021.1806775582244}, "channel": 20}, "attempt": 1}
2026-09-12 16:52:22,202 INFO response {"request_id": "26a7897c3cca4794a067574a433727b7", "http_status": 200, "body": {"accepted": true, "real_timestamp_ms": 1789203138920, "virtual_time_s": 2246.052597, "measure_result": "direction", "svd_deg": 110.99}}
2026-09-12 16:52:22,886 INFO request {"path": "/measure", "payload": {"arena_id": "default", "robot_id": "202601002029", "request_id": "9fc548b987a44419a2b7e36e9709c255", "position": {"x": -893.978444598283, "y": -948.8432676017901}, "channel": 20}, "attempt": 1}
2026-09-12 16:52:22,897 INFO response {"request_id": "9fc548b987a44419a2b7e36e9709c255", "http_status": 200, "body": {"accepted": true, "real_timestamp_ms": 1789203139615, "virtual_time_s": 2281.431195, "measure_result": "direction", "svd_deg": 101.29}}
2026-09-12 16:52:22,905 INFO request {"path": "/clear", "payload": {"arena_id": "default", "robot_id": "202601002029", "request_id": "17650a765bf749cea6e253370f694214", "position": {"x": -1387.0558163380817, "y": -725.8452001664126}, "channel": 8}, "attempt": 1}
2026-09-12 16:52:22,917 INFO response {"request_id": "17650a765bf749cea6e253370f694214", "http_status": 200, "body": {"accepted": true, "real_timestamp_ms": 1789203139635, "virtual_time_s": 2394.663063, "clear_result": "success"}}
2026-09-12 16:52:22,920 INFO request {"path": "/measure", "payload": {"arena_id": "default", "robot_id": "202601002029", "request_id": "69dbc5e811b247ecb81ddb85efa1e2f4", "position": {"x": -1843.0562541474615, "y": 199.53313181430389}, "channel": 2}, "attempt": 1}
2026-09-12 16:52:22,936 INFO response {"request_id": "69dbc5e811b247ecb81ddb85efa1e2f4", "http_status": 200, "body": {"accepted": true, "real_timestamp_ms": 1789203139654, "virtual_time_s": 2606.98916, "measure_result": "direction", "svd_deg": 54.86}}
2026-09-12 16:52:23,015 INFO request {"path": "/clear", "payload": {"arena_id": "default", "robot_id": "202601002029", "request_id": "41ec781fcee04427866fb9c3495dacdb", "position": {"x": -1615.808292503475, "y": 525.0262261610308}, "channel": 2}, "attempt": 1}
2026-09-12 16:52:23,035 INFO response {"request_id": "41ec781fcee04427866fb9c3495dacdb", "http_status": 200, "body": {"accepted": true, "real_timestamp_ms": 1789203139752, "virtual_time_s": 2691.383717, "clear_result": "success"}}
2026-09-12 16:52:23,047 INFO request {"path": "/measure", "payload": {"arena_id": "default", "robot_id": "202601002029", "request_id": "490cf008293c4888bf74a24ed00954b5", "position": {"x": -1615.808292503475, "y": 525.0262261610308}, "channel": 1}, "attempt": 1}
2026-09-12 16:52:23,065 INFO response {"request_id": "490cf008293c4888bf74a24ed00954b5", "http_status": 200, "body": {"accepted": true, "real_timestamp_ms": 1789203139783, "virtual_time_s": 2697.383717, "measure_result": "direction", "svd_deg": 14.25}}
2026-09-12 16:52:23,797 INFO request {"path": "/measure", "payload": {"arena_id": "default", "robot_id": "202601002029", "request_id": "1e3d9c698408477cb4a931692eae7c1c", "position": {"x": -1241.8193423940947, "y": 798.4519292580661}, "channel": 1}, "attempt": 1}
2026-09-12 16:52:23,815 INFO response {"request_id": "1e3d9c698408477cb4a931692eae7c1c", "http_status": 200, "body": {"accepted": true, "real_timestamp_ms": 1789203140534, "virtual_time_s": 2795.039931, "measure_result": "direction", "svd_deg": 348.4}}
2026-09-12 16:52:23,832 INFO request {"path": "/measure", "payload": {"arena_id": "default", "robot_id": "202601002029", "request_id": "3235ce968d144fa4af8e8122d6f80527", "position": {"x": -1241.8193423940947, "y": 798.4519292580661}, "channel": 3}, "attempt": 1}
2026-09-12 16:52:23,845 INFO response {"request_id": "3235ce968d144fa4af8e8122d6f80527", "http_status": 200, "body": {"accepted": true, "real_timestamp_ms": 1789203140563, "virtual_time_s": 2801.039931, "measure_result": "direction", "svd_deg": 51.54}}
2026-09-12 16:52:23,850 INFO request {"path": "/clear", "payload": {"arena_id": "default", "robot_id": "202601002029", "request_id": "1231a7a238d3482b9ddd8d54c97c6b71", "position": {"x": -780.9277692777614, "y": 1379.1009421637689}, "channel": 3}, "attempt": 1}
2026-09-12 16:52:23,865 INFO response {"request_id": "1231a7a238d3482b9ddd8d54c97c6b71", "http_status": 200, "body": {"accepted": true, "real_timestamp_ms": 1789203140583, "virtual_time_s": 2954.306491, "clear_result": "success"}}
2026-09-12 16:52:23,867 INFO request {"path": "/measure", "payload": {"arena_id": "default", "robot_id": "202601002029", "request_id": "1e74cd99e10f4167bce53f8356cbe65c", "position": {"x": -337.460411279336, "y": 1307.585507228749}, "channel": 11}, "attempt": 1}
2026-09-12 16:52:23,867 INFO response {"request_id": "1e74cd99e10f4167bce53f8356cbe65c", "http_status": 200, "body": {"accepted": true, "real_timestamp_ms": 1789203140586, "virtual_time_s": 3050.145849, "measure_result": "direction", "svd_deg": 328.77}}
2026-09-12 16:52:23,872 INFO request {"path": "/clear", "payload": {"arena_id": "default", "robot_id": "202601002029", "request_id": "4499aba173cf4d52af63a48bb3294f5c", "position": {"x": -132.0857766985286, "y": 1183.320145344421}, "channel": 11}, "attempt": 1}
2026-09-12 16:52:23,886 INFO response {"request_id": "4499aba173cf4d52af63a48bb3294f5c", "http_status": 200, "body": {"accepted": true, "real_timestamp_ms": 1789203140603, "virtual_time_s": 3103.15444, "clear_result": "success"}}
2026-09-12 16:52:23,888 INFO request {"path": "/clear", "payload": {"arena_id": "default", "robot_id": "202601002029", "request_id": "67f224443eba40189d65b29172609156", "position": {"x": -852.4275064428239, "y": 718.7613507802408}, "channel": 1}, "attempt": 1}
2026-09-12 16:52:23,905 INFO response {"request_id": "67f224443eba40189d65b29172609156", "http_status": 200, "body": {"accepted": true, "real_timestamp_ms": 1789203140623, "virtual_time_s": 3279.584552, "clear_result": "success"}}
2026-09-12 16:52:23,906 INFO request {"path": "/clear", "payload": {"arena_id": "default", "robot_id": "202601002029", "request_id": "552469352c674eb1bfb85e132ce523a2", "position": {"x": -1011.9532651479979, "y": -359.3398112302805}, "channel": 20}, "attempt": 1}
2026-09-12 16:52:23,924 INFO response {"request_id": "552469352c674eb1bfb85e132ce523a2", "http_status": 200, "body": {"accepted": true, "real_timestamp_ms": 1789203140642, "virtual_time_s": 3502.552493, "clear_result": "success"}}
2026-09-12 16:52:23,927 INFO request {"path": "/clear", "payload": {"arena_id": "default", "robot_id": "202601002029", "request_id": "775e187994d140bdb7b38bf35f79a0b2", "position": {"x": -301.30808486162323, "y": 189.89808594412665}, "channel": 14}, "attempt": 1}
2026-09-12 16:52:23,930 INFO response {"request_id": "775e187994d140bdb7b38bf35f79a0b2", "http_status": 200, "body": {"accepted": true, "real_timestamp_ms": 1789203140647, "virtual_time_s": 3687.183096, "clear_result": "success"}}
2026-09-12 16:52:23,932 INFO request {"path": "/measure", "payload": {"arena_id": "default", "robot_id": "202601002029", "request_id": "3441a5d8975b4c659ce99d6137160891", "position": {"x": 505.8634781327604, "y": -109.29718905231641}, "channel": 19}, "attempt": 1}
2026-09-12 16:52:23,945 INFO response {"request_id": "3441a5d8975b4c659ce99d6137160891", "http_status": 200, "body": {"accepted": true, "real_timestamp_ms": 1789203140662, "virtual_time_s": 3865.350891, "measure_result": "direction", "svd_deg": 337.48}}
2026-09-12 16:52:23,976 INFO request {"path": "/measure", "payload": {"arena_id": "default", "robot_id": "202601002029", "request_id": "6890ed97a9374cbaa4191b7a61177d9d", "position": {"x": 505.8634781327604, "y": -109.29718905231641}, "channel": 5}, "attempt": 1}
2026-09-12 16:52:23,994 INFO response {"request_id": "6890ed97a9374cbaa4191b7a61177d9d", "http_status": 200, "body": {"accepted": true, "real_timestamp_ms": 1789203140711, "virtual_time_s": 3871.350891, "measure_result": "direction", "svd_deg": 341.44}}
2026-09-12 16:52:24,719 INFO request {"path": "/measure", "payload": {"arena_id": "default", "robot_id": "202601002029", "request_id": "d66f0c2cb17f4627ab56b614257f6b59", "position": {"x": 814.3353839038853, "y": -22.738195347916246}, "channel": 5}, "attempt": 1}
2026-09-12 16:52:24,720 INFO response {"request_id": "d66f0c2cb17f4627ab56b614257f6b59", "http_status": 200, "body": {"accepted": true, "real_timestamp_ms": 1789203141438, "virtual_time_s": 3940.428149, "measure_result": "direction", "svd_deg": 314.0}}
2026-09-12 16:52:24,735 INFO request {"path": "/clear", "payload": {"arena_id": "default", "robot_id": "202601002029", "request_id": "b208ab934fb0449fbc09875ce6d0c1ff", "position": {"x": 807.6735739136647, "y": -332.37460324668933}, "channel": 16}, "attempt": 1}
2026-09-12 16:52:24,737 INFO response {"request_id": "b208ab934fb0449fbc09875ce6d0c1ff", "http_status": 200, "body": {"accepted": true, "real_timestamp_ms": 1789203141455, "virtual_time_s": 4007.369762, "clear_result": "success"}}
2026-09-12 16:52:24,737 INFO request {"path": "/clear", "payload": {"arena_id": "default", "robot_id": "202601002029", "request_id": "707434900a594fd3b6af4dad26d75a61", "position": {"x": 890.9767855538141, "y": -495.79140095466994}, "channel": 10}, "attempt": 1}
2026-09-12 16:52:24,738 INFO response {"request_id": "707434900a594fd3b6af4dad26d75a61", "http_status": 200, "body": {"accepted": true, "real_timestamp_ms": 1789203141456, "virtual_time_s": 4049.054623, "clear_result": "success"}}
2026-09-12 16:52:24,738 INFO request {"path": "/clear", "payload": {"arena_id": "default", "robot_id": "202601002029", "request_id": "5cf1c1ed16b64abe9f46a9aa91f10876", "position": {"x": 1090.8059220465693, "y": -307.13903528807305}, "channel": 5}, "attempt": 1}
2026-09-12 16:52:24,756 INFO response {"request_id": "5cf1c1ed16b64abe9f46a9aa91f10876", "http_status": 200, "body": {"accepted": true, "real_timestamp_ms": 1789203141474, "virtual_time_s": 4109.016937, "clear_result": "success"}}
2026-09-12 16:52:24,775 INFO request {"path": "/clear", "payload": {"arena_id": "default", "robot_id": "202601002029", "request_id": "e447629d06114eabaa2ac99e7ee35f36", "position": {"x": 1244.9799248803297, "y": -416.0043116499485}, "channel": 19}, "attempt": 1}
2026-09-12 16:52:24,796 INFO response {"request_id": "e447629d06114eabaa2ac99e7ee35f36", "http_status": 200, "body": {"accepted": true, "real_timestamp_ms": 1789203141514, "virtual_time_s": 4151.764134, "clear_result": "success"}}
2026-09-12 16:52:24,815 INFO request {"path": "/measure", "payload": {"arena_id": "default", "robot_id": "202601002029", "request_id": "5654326503bd4fe2b0409c5967419da5", "position": {"x": 1244.9799248803297, "y": -416.0043116499485}, "channel": 17}, "attempt": 1}
2026-09-12 16:52:24,835 INFO response {"request_id": "5654326503bd4fe2b0409c5967419da5", "http_status": 200, "body": {"accepted": true, "real_timestamp_ms": 1789203141553, "virtual_time_s": 4157.764134, "measure_result": "direction", "svd_deg": 73.88}}
2026-09-12 16:52:25,892 INFO request {"path": "/measure", "payload": {"arena_id": "default", "robot_id": "202601002029", "request_id": "85b4a9c34f3142079e175fd5962795af", "position": {"x": 1493.5781074711394, "y": 166.76618292598937}, "channel": 17}, "attempt": 1}
2026-09-12 16:52:25,894 INFO response {"request_id": "85b4a9c34f3142079e175fd5962795af", "http_status": 200, "body": {"accepted": true, "real_timestamp_ms": 1789203142612, "virtual_time_s": 4289.479959, "measure_result": "direction", "svd_deg": 82.6}}
2026-09-12 16:52:25,908 INFO request {"path": "/clear", "payload": {"arena_id": "default", "robot_id": "202601002029", "request_id": "4f379d2eda194a9883306b8a6263ea05", "position": {"x": 1549.62979585522, "y": 593.5881741615278}, "channel": 17}, "attempt": 1}
2026-09-12 16:52:25,910 INFO response {"request_id": "4f379d2eda194a9883306b8a6263ea05", "http_status": 200, "body": {"accepted": true, "real_timestamp_ms": 1789203142628, "virtual_time_s": 4380.5773, "clear_result": "success"}}
2026-09-12 16:52:25,910 INFO request {"path": "/exit", "payload": {"arena_id": "default", "robot_id": "202601002029", "request_id": "6f2561dd5b784972bc0a807ef5a03ab0"}, "attempt": 1}
2026-09-12 16:52:25,913 INFO response {"request_id": "6f2561dd5b784972bc0a807ef5a03ab0", "http_status": 200, "body": {"accepted": true, "real_timestamp_ms": 1789203142630, "virtual_time_s": 4380.5773, "exit_reason": "user_exit"}}
