2026-09-12 16:43:10,197 INFO request {"path": "/enter", "payload": {"arena_id": "default", "robot_id": "202601002029", "request_id": "67e3cb610cde4676aa56537438c4eff9"}, "attempt": 1}
2026-09-12 16:43:10,202 INFO response {"request_id": "67e3cb610cde4676aa56537438c4eff9", "http_status": 200, "body": {"accepted": true, "real_timestamp_ms": 1789202586914, "virtual_time_s": 0, "max_virtual_duration_s": 360000, "max_real_duration_s": 1200, "remaining_real_duration_s": 1200}}
2026-09-12 16:43:10,202 INFO request {"path": "/measure", "payload": {"arena_id": "default", "robot_id": "202601002029", "request_id": "5877b97a249f4e3290737e6621638704", "position": {"x": 0.0, "y": 0.0}, "channel": 1}, "attempt": 1}
2026-09-12 16:43:10,203 INFO response {"request_id": "5877b97a249f4e3290737e6621638704", "http_status": 200, "body": {"accepted": true, "real_timestamp_ms": 1789202586915, "virtual_time_s": 5, "measure_result": "no_signal"}}
2026-09-12 16:43:10,203 INFO request {"path": "/measure", "payload": {"arena_id": "default", "robot_id": "202601002029", "request_id": "194b7f15ac4945d89dcdce007a5cb8a6", "position": {"x": 0.0, "y": 0.0}, "channel": 2}, "attempt": 1}
2026-09-12 16:43:10,204 INFO response {"request_id": "194b7f15ac4945d89dcdce007a5cb8a6", "http_status": 200, "body": {"accepted": true, "real_timestamp_ms": 1789202586917, "virtual_time_s": 11, "measure_result": "direction", "svd_deg": 203.36}}
2026-09-12 16:43:10,208 INFO request {"path": "/measure", "payload": {"arena_id": "default", "robot_id": "202601002029", "request_id": "8f49ff789c11431c8a66b8936a3f8a59", "position": {"x": 0.0, "y": 0.0}, "channel": 3}, "attempt": 1}
2026-09-12 16:43:10,209 INFO response {"request_id": "8f49ff789c11431c8a66b8936a3f8a59", "http_status": 200, "body": {"accepted": true, "real_timestamp_ms": 1789202586922, "virtual_time_s": 17, "measure_result": "no_signal"}}
2026-09-12 16:43:10,211 INFO request {"path": "/measure", "payload": {"arena_id": "default", "robot_id": "202601002029", "request_id": "79e8cbb0b0d9431a91a0c7a5964267c5", "position": {"x": 0.0, "y": 0.0}, "channel": 4}, "attempt": 1}
2026-09-12 16:43:10,213 INFO response {"request_id": "79e8cbb0b0d9431a91a0c7a5964267c5", "http_status": 200, "body": {"accepted": true, "real_timestamp_ms": 1789202586925, "virtual_time_s": 23, "measure_result": "no_signal"}}
2026-09-12 16:43:10,213 INFO request {"path": "/measure", "payload": {"arena_id": "default", "robot_id": "202601002029", "request_id": "50f79e68c5004d2c84837335071ef402", "position": {"x": 0.0, "y": 0.0}, "channel": 5}, "attempt": 1}
2026-09-12 16:43:10,214 INFO response {"request_id": "50f79e68c5004d2c84837335071ef402", "http_status": 200, "body": {"accepted": true, "real_timestamp_ms": 1789202586927, "virtual_time_s": 29, "measure_result": "no_signal"}}
2026-09-12 16:43:10,214 INFO request {"path": "/measure", "payload": {"arena_id": "default", "robot_id": "202601002029", "request_id": "8108112c6fbe40d89876fc12a3f26057", "position": {"x": 0.0, "y": 0.0}, "channel": 6}, "attempt": 1}
2026-09-12 16:43:10,216 INFO response {"request_id": "8108112c6fbe40d89876fc12a3f26057", "http_status": 200, "body": {"accepted": true, "real_timestamp_ms": 1789202586928, "virtual_time_s": 35, "measure_result": "direction", "svd_deg": 293.02}}
2026-09-12 16:43:10,218 INFO request {"path": "/measure", "payload": {"arena_id": "default", "robot_id": "202601002029", "request_id": "0fbe721b97684edb9bdd100dd4c42b4e", "position": {"x": 0.0, "y": 0.0}, "channel": 7}, "attempt": 1}
2026-09-12 16:43:10,235 INFO response {"request_id": "0fbe721b97684edb9bdd100dd4c42b4e", "http_status": 200, "body": {"accepted": true, "real_timestamp_ms": 1789202586947, "virtual_time_s": 41, "measure_result": "direction", "svd_deg": 54.82}}
2026-09-12 16:43:10,237 INFO request {"path": "/measure", "payload": {"arena_id": "default", "robot_id": "202601002029", "request_id": "1de0836f15c942b88728e9df80e445d8", "position": {"x": 0.0, "y": 0.0}, "channel": 8}, "attempt": 1}
2026-09-12 16:43:10,253 INFO response {"request_id": "1de0836f15c942b88728e9df80e445d8", "http_status": 200, "body": {"accepted": true, "real_timestamp_ms": 1789202586967, "virtual_time_s": 47, "measure_result": "direction", "svd_deg": 306.29}}
2026-09-12 16:43:10,255 INFO request {"path": "/measure", "payload": {"arena_id": "default", "robot_id": "202601002029", "request_id": "ddf9fd702ae14e3fb1008d2a09d2ff8a", "position": {"x": 0.0, "y": 0.0}, "channel": 9}, "attempt": 1}
2026-09-12 16:43:10,274 INFO response {"request_id": "ddf9fd702ae14e3fb1008d2a09d2ff8a", "http_status": 200, "body": {"accepted": true, "real_timestamp_ms": 1789202586986, "virtual_time_s": 53, "measure_result": "direction", "svd_deg": 346.92}}
2026-09-12 16:43:10,278 INFO request {"path": "/measure", "payload": {"arena_id": "default", "robot_id": "202601002029", "request_id": "dbc72bace07c4f46adb8234d4286a60c", "position": {"x": 0.0, "y": 0.0}, "channel": 10}, "attempt": 1}
2026-09-12 16:43:10,294 INFO response {"request_id": "dbc72bace07c4f46adb8234d4286a60c", "http_status": 200, "body": {"accepted": true, "real_timestamp_ms": 1789202587006, "virtual_time_s": 59, "measure_result": "no_signal"}}
2026-09-12 16:43:10,294 INFO request {"path": "/measure", "payload": {"arena_id": "default", "robot_id": "202601002029", "request_id": "72a8ecec863b4456a90d968f4eb68180", "position": {"x": 0.0, "y": 0.0}, "channel": 11}, "attempt": 1}
2026-09-12 16:43:10,314 INFO response {"request_id": "72a8ecec863b4456a90d968f4eb68180", "http_status": 200, "body": {"accepted": true, "real_timestamp_ms": 1789202587026, "virtual_time_s": 65, "measure_result": "no_signal"}}
2026-09-12 16:43:10,314 INFO request {"path": "/measure", "payload": {"arena_id": "default", "robot_id": "202601002029", "request_id": "80dc6a46821b497386711440f10b1b28", "position": {"x": 0.0, "y": 0.0}, "channel": 12}, "attempt": 1}
2026-09-12 16:43:10,336 INFO response {"request_id": "80dc6a46821b497386711440f10b1b28", "http_status": 200, "body": {"accepted": true, "real_timestamp_ms": 1789202587049, "virtual_time_s": 71, "measure_result": "no_signal"}}
2026-09-12 16:43:10,336 INFO request {"path": "/measure", "payload": {"arena_id": "default", "robot_id": "202601002029", "request_id": "2aff18c4a0834ca7b8d237822e0b7dfd", "position": {"x": 0.0, "y": 0.0}, "channel": 13}, "attempt": 1}
2026-09-12 16:43:10,354 INFO response {"request_id": "2aff18c4a0834ca7b8d237822e0b7dfd", "http_status": 200, "body": {"accepted": true, "real_timestamp_ms": 1789202587066, "virtual_time_s": 77, "measure_result": "no_signal"}}
2026-09-12 16:43:10,355 INFO request {"path": "/measure", "payload": {"arena_id": "default", "robot_id": "202601002029", "request_id": "8b6b762a31c64aa3ad0593b9b2fc5fc8", "position": {"x": 0.0, "y": 0.0}, "channel": 14}, "attempt": 1}
2026-09-12 16:43:10,374 INFO response {"request_id": "8b6b762a31c64aa3ad0593b9b2fc5fc8", "http_status": 200, "body": {"accepted": true, "real_timestamp_ms": 1789202587086, "virtual_time_s": 83, "measure_result": "direction", "svd_deg": 76.46}}
2026-09-12 16:43:10,380 INFO request {"path": "/measure", "payload": {"arena_id": "default", "robot_id": "202601002029", "request_id": "e150d4d004ba425bab903e8dff972866", "position": {"x": 0.0, "y": 0.0}, "channel": 15}, "attempt": 1}
2026-09-12 16:43:10,392 INFO response {"request_id": "e150d4d004ba425bab903e8dff972866", "http_status": 200, "body": {"accepted": true, "real_timestamp_ms": 1789202587105, "virtual_time_s": 89, "measure_result": "no_signal"}}
2026-09-12 16:43:10,393 INFO request {"path": "/measure", "payload": {"arena_id": "default", "robot_id": "202601002029", "request_id": "a552d4e9dcf04630b9f78512c261d644", "position": {"x": 0.0, "y": 0.0}, "channel": 16}, "attempt": 1}
2026-09-12 16:43:10,395 INFO response {"request_id": "a552d4e9dcf04630b9f78512c261d644", "http_status": 200, "body": {"accepted": true, "real_timestamp_ms": 1789202587107, "virtual_time_s": 95, "measure_result": "no_signal"}}
2026-09-12 16:43:10,396 INFO request {"path": "/measure", "payload": {"arena_id": "default", "robot_id": "202601002029", "request_id": "292a893cd3034f89b2f47263f46b4aef", "position": {"x": 0.0, "y": 0.0}, "channel": 17}, "attempt": 1}
2026-09-12 16:43:10,398 INFO response {"request_id": "292a893cd3034f89b2f47263f46b4aef", "http_status": 200, "body": {"accepted": true, "real_timestamp_ms": 1789202587110, "virtual_time_s": 101, "measure_result": "no_signal"}}
2026-09-12 16:43:10,398 INFO request {"path": "/measure", "payload": {"arena_id": "default", "robot_id": "202601002029", "request_id": "44520a4b344e464897e25f98d3ce13e0", "position": {"x": 0.0, "y": 0.0}, "channel": 18}, "attempt": 1}
2026-09-12 16:43:10,412 INFO response {"request_id": "44520a4b344e464897e25f98d3ce13e0", "http_status": 200, "body": {"accepted": true, "real_timestamp_ms": 1789202587125, "virtual_time_s": 107, "measure_result": "no_signal"}}
2026-09-12 16:43:10,412 INFO request {"path": "/measure", "payload": {"arena_id": "default", "robot_id": "202601002029", "request_id": "b40bccff144b4489b25ec366fff841ca", "position": {"x": 0.0, "y": 0.0}, "channel": 19}, "attempt": 1}
2026-09-12 16:43:10,415 INFO response {"request_id": "b40bccff144b4489b25ec366fff841ca", "http_status": 200, "body": {"accepted": true, "real_timestamp_ms": 1789202587128, "virtual_time_s": 113, "measure_result": "no_signal"}}
2026-09-12 16:43:10,416 INFO request {"path": "/measure", "payload": {"arena_id": "default", "robot_id": "202601002029", "request_id": "2105bc137c4343dcb2155e043e9f419c", "position": {"x": 0.0, "y": 0.0}, "channel": 20}, "attempt": 1}
2026-09-12 16:43:10,432 INFO response {"request_id": "2105bc137c4343dcb2155e043e9f419c", "http_status": 200, "body": {"accepted": true, "real_timestamp_ms": 1789202587145, "virtual_time_s": 119, "measure_result": "no_signal"}}
2026-09-12 16:43:10,433 INFO request {"path": "/measure", "payload": {"arena_id": "default", "robot_id": "202601002029", "request_id": "56b0dc0eac9942daa2cc237cad42e258", "position": {"x": 1200.0, "y": 0.0}, "channel": 20}, "attempt": 1}
2026-09-12 16:43:10,452 INFO response {"request_id": "56b0dc0eac9942daa2cc237cad42e258", "http_status": 200, "body": {"accepted": true, "real_timestamp_ms": 1789202587165, "virtual_time_s": 364, "measure_result": "no_signal"}}
2026-09-12 16:43:10,452 INFO request {"path": "/measure", "payload": {"arena_id": "default", "robot_id": "202601002029", "request_id": "e67032254c104146acddde2e053c93dd", "position": {"x": 1200.0, "y": 0.0}, "channel": 1}, "attempt": 1}
2026-09-12 16:43:10,471 INFO response {"request_id": "e67032254c104146acddde2e053c93dd", "http_status": 200, "body": {"accepted": true, "real_timestamp_ms": 1789202587184, "virtual_time_s": 370, "measure_result": "no_signal"}}
2026-09-12 16:43:10,471 INFO request {"path": "/measure", "payload": {"arena_id": "default", "robot_id": "202601002029", "request_id": "80385a87e9d9468a929138e70bb95b62", "position": {"x": 1200.0, "y": 0.0}, "channel": 3}, "attempt": 1}
2026-09-12 16:43:10,491 INFO response {"request_id": "80385a87e9d9468a929138e70bb95b62", "http_status": 200, "body": {"accepted": true, "real_timestamp_ms": 1789202587204, "virtual_time_s": 376, "measure_result": "no_signal"}}
2026-09-12 16:43:10,491 INFO request {"path": "/measure", "payload": {"arena_id": "default", "robot_id": "202601002029", "request_id": "681e2c84ef754fd0a873ef02b363338a", "position": {"x": 1200.0, "y": 0.0}, "channel": 4}, "attempt": 1}
2026-09-12 16:43:10,513 INFO response {"request_id": "681e2c84ef754fd0a873ef02b363338a", "http_status": 200, "body": {"accepted": true, "real_timestamp_ms": 1789202587224, "virtual_time_s": 382, "measure_result": "no_signal"}}
2026-09-12 16:43:10,513 INFO request {"path": "/measure", "payload": {"arena_id": "default", "robot_id": "202601002029", "request_id": "6436129810374f27bfc041306dcc852c", "position": {"x": 1200.0, "y": 0.0}, "channel": 5}, "attempt": 1}
2026-09-12 16:43:10,531 INFO response {"request_id": "6436129810374f27bfc041306dcc852c", "http_status": 200, "body": {"accepted": true, "real_timestamp_ms": 1789202587243, "virtual_time_s": 388, "measure_result": "no_signal"}}
2026-09-12 16:43:10,531 INFO request {"path": "/measure", "payload": {"arena_id": "default", "robot_id": "202601002029", "request_id": "cf7193f5ab6b4f4ba02f75df8a97a49a", "position": {"x": 1200.0, "y": 0.0}, "channel": 10}, "attempt": 1}
2026-09-12 16:43:10,550 INFO response {"request_id": "cf7193f5ab6b4f4ba02f75df8a97a49a", "http_status": 200, "body": {"accepted": true, "real_timestamp_ms": 1789202587263, "virtual_time_s": 394, "measure_result": "no_signal"}}
2026-09-12 16:43:10,551 INFO request {"path": "/measure", "payload": {"arena_id": "default", "robot_id": "202601002029", "request_id": "30f476a3d58a4188a849c7a691084fe0", "position": {"x": 1200.0, "y": 0.0}, "channel": 11}, "attempt": 1}
2026-09-12 16:43:10,552 INFO response {"request_id": "30f476a3d58a4188a849c7a691084fe0", "http_status": 200, "body": {"accepted": true, "real_timestamp_ms": 1789202587265, "virtual_time_s": 400, "measure_result": "no_signal"}}
2026-09-12 16:43:10,552 INFO request {"path": "/measure", "payload": {"arena_id": "default", "robot_id": "202601002029", "request_id": "f5239df9519d4acea4eb5b691c116990", "position": {"x": 1200.0, "y": 0.0}, "channel": 12}, "attempt": 1}
2026-09-12 16:43:10,554 INFO response {"request_id": "f5239df9519d4acea4eb5b691c116990", "http_status": 200, "body": {"accepted": true, "real_timestamp_ms": 1789202587267, "virtual_time_s": 406, "measure_result": "no_signal"}}
2026-09-12 16:43:10,555 INFO request {"path": "/measure", "payload": {"arena_id": "default", "robot_id": "202601002029", "request_id": "942ae2efabfd48f8b7a31db347c08077", "position": {"x": 1200.0, "y": 0.0}, "channel": 13}, "attempt": 1}
2026-09-12 16:43:10,570 INFO response {"request_id": "942ae2efabfd48f8b7a31db347c08077", "http_status": 200, "body": {"accepted": true, "real_timestamp_ms": 1789202587282, "virtual_time_s": 412, "measure_result": "no_signal"}}
2026-09-12 16:43:10,570 INFO request {"path": "/measure", "payload": {"arena_id": "default", "robot_id": "202601002029", "request_id": "39509b05df734c248866bdd7e2aef8a6", "position": {"x": 1200.0, "y": 0.0}, "channel": 15}, "attempt": 1}
2026-09-12 16:43:10,589 INFO response {"request_id": "39509b05df734c248866bdd7e2aef8a6", "http_status": 200, "body": {"accepted": true, "real_timestamp_ms": 1789202587301, "virtual_time_s": 418, "measure_result": "no_signal"}}
2026-09-12 16:43:10,589 INFO request {"path": "/measure", "payload": {"arena_id": "default", "robot_id": "202601002029", "request_id": "7aba4d81f82e4e15ac11503475355e33", "position": {"x": 1200.0, "y": 0.0}, "channel": 16}, "attempt": 1}
2026-09-12 16:43:10,592 INFO response {"request_id": "7aba4d81f82e4e15ac11503475355e33", "http_status": 200, "body": {"accepted": true, "real_timestamp_ms": 1789202587305, "virtual_time_s": 424, "measure_result": "no_signal"}}
2026-09-12 16:43:10,593 INFO request {"path": "/measure", "payload": {"arena_id": "default", "robot_id": "202601002029", "request_id": "c72b125883c543ffa5415ac6009737d4", "position": {"x": 1200.0, "y": 0.0}, "channel": 17}, "attempt": 1}
2026-09-12 16:43:10,594 INFO response {"request_id": "c72b125883c543ffa5415ac6009737d4", "http_status": 200, "body": {"accepted": true, "real_timestamp_ms": 1789202587307, "virtual_time_s": 430, "measure_result": "no_signal"}}
2026-09-12 16:43:10,595 INFO request {"path": "/measure", "payload": {"arena_id": "default", "robot_id": "202601002029", "request_id": "3a87eef8bde74e83adb0e2f187187d6f", "position": {"x": 1200.0, "y": 0.0}, "channel": 18}, "attempt": 1}
2026-09-12 16:43:10,609 INFO response {"request_id": "3a87eef8bde74e83adb0e2f187187d6f", "http_status": 200, "body": {"accepted": true, "real_timestamp_ms": 1789202587321, "virtual_time_s": 436, "measure_result": "direction", "svd_deg": 241.39}}
2026-09-12 16:43:10,614 INFO request {"path": "/measure", "payload": {"arena_id": "default", "robot_id": "202601002029", "request_id": "a610b22b64574d6a9beb9ff02a698a14", "position": {"x": 1200.0, "y": 0.0}, "channel": 19}, "attempt": 1}
2026-09-12 16:43:10,629 INFO response {"request_id": "a610b22b64574d6a9beb9ff02a698a14", "http_status": 200, "body": {"accepted": true, "real_timestamp_ms": 1789202587340, "virtual_time_s": 442, "measure_result": "no_signal"}}
2026-09-12 16:43:10,653 INFO request {"path": "/measure", "payload": {"arena_id": "default", "robot_id": "202601002029", "request_id": "143cd30279e74ee9b8244d7395b14053", "position": {"x": 1200.0, "y": 0.0}, "channel": 8}, "attempt": 1}
2026-09-12 16:43:10,655 INFO response {"request_id": "143cd30279e74ee9b8244d7395b14053", "http_status": 200, "body": {"accepted": true, "real_timestamp_ms": 1789202587368, "virtual_time_s": 448, "measure_result": "no_signal"}}
2026-09-12 16:43:10,658 INFO request {"path": "/measure", "payload": {"arena_id": "default", "robot_id": "202601002029", "request_id": "00fde2d367384ce88e8c849d353c9b0a", "position": {"x": 600.0000000000001, "y": 1039.2304845413264}, "channel": 1}, "attempt": 1}
2026-09-12 16:43:10,661 INFO response {"request_id": "00fde2d367384ce88e8c849d353c9b0a", "http_status": 200, "body": {"accepted": true, "real_timestamp_ms": 1789202587373, "virtual_time_s": 694, "measure_result": "no_signal"}}
2026-09-12 16:43:10,661 INFO request {"path": "/measure", "payload": {"arena_id": "default", "robot_id": "202601002029", "request_id": "bf597148abca43fab92ce55818fe1226", "position": {"x": 600.0000000000001, "y": 1039.2304845413264}, "channel": 3}, "attempt": 1}
2026-09-12 16:43:10,676 INFO response {"request_id": "bf597148abca43fab92ce55818fe1226", "http_status": 200, "body": {"accepted": true, "real_timestamp_ms": 1789202587389, "virtual_time_s": 700, "measure_result": "direction", "svd_deg": 112.19}}
2026-09-12 16:43:10,681 INFO request {"path": "/measure", "payload": {"arena_id": "default", "robot_id": "202601002029", "request_id": "ed950b3e966843e29d627d8f871f1fcd", "position": {"x": 600.0000000000001, "y": 1039.2304845413264}, "channel": 4}, "attempt": 1}
2026-09-12 16:43:10,682 INFO response {"request_id": "ed950b3e966843e29d627d8f871f1fcd", "http_status": 200, "body": {"accepted": true, "real_timestamp_ms": 1789202587395, "virtual_time_s": 706, "measure_result": "no_signal"}}
2026-09-12 16:43:10,682 INFO request {"path": "/measure", "payload": {"arena_id": "default", "robot_id": "202601002029", "request_id": "5644caf2627547d9a0adec994c3843b8", "position": {"x": 600.0000000000001, "y": 1039.2304845413264}, "channel": 5}, "attempt": 1}
2026-09-12 16:43:10,684 INFO response {"request_id": "5644caf2627547d9a0adec994c3843b8", "http_status": 200, "body": {"accepted": true, "real_timestamp_ms": 1789202587396, "virtual_time_s": 712, "measure_result": "no_signal"}}
2026-09-12 16:43:10,684 INFO request {"path": "/measure", "payload": {"arena_id": "default", "robot_id": "202601002029", "request_id": "e213c84992d3410c839e8cf5ce5c304e", "position": {"x": 600.0000000000001, "y": 1039.2304845413264}, "channel": 10}, "attempt": 1}
2026-09-12 16:43:10,696 INFO response {"request_id": "e213c84992d3410c839e8cf5ce5c304e", "http_status": 200, "body": {"accepted": true, "real_timestamp_ms": 1789202587409, "virtual_time_s": 718, "measure_result": "no_signal"}}
2026-09-12 16:43:10,697 INFO request {"path": "/measure", "payload": {"arena_id": "default", "robot_id": "202601002029", "request_id": "9d1fe98f283b414fb7f2f667e7e0b451", "position": {"x": 600.0000000000001, "y": 1039.2304845413264}, "channel": 11}, "attempt": 1}
2026-09-12 16:43:10,699 INFO response {"request_id": "9d1fe98f283b414fb7f2f667e7e0b451", "http_status": 200, "body": {"accepted": true, "real_timestamp_ms": 1789202587411, "virtual_time_s": 724, "measure_result": "no_signal"}}
2026-09-12 16:43:10,699 INFO request {"path": "/measure", "payload": {"arena_id": "default", "robot_id": "202601002029", "request_id": "fe13daccb68349e08dbdfd83fe998899", "position": {"x": 600.0000000000001, "y": 1039.2304845413264}, "channel": 12}, "attempt": 1}
2026-09-12 16:43:10,716 INFO response {"request_id": "fe13daccb68349e08dbdfd83fe998899", "http_status": 200, "body": {"accepted": true, "real_timestamp_ms": 1789202587428, "virtual_time_s": 730, "measure_result": "no_signal"}}
2026-09-12 16:43:10,716 INFO request {"path": "/measure", "payload": {"arena_id": "default", "robot_id": "202601002029", "request_id": "2605ca48682a47619e5d34d375c40fb8", "position": {"x": 600.0000000000001, "y": 1039.2304845413264}, "channel": 13}, "attempt": 1}
2026-09-12 16:43:10,719 INFO response {"request_id": "2605ca48682a47619e5d34d375c40fb8", "http_status": 200, "body": {"accepted": true, "real_timestamp_ms": 1789202587432, "virtual_time_s": 736, "measure_result": "no_signal"}}
2026-09-12 16:43:10,719 INFO request {"path": "/measure", "payload": {"arena_id": "default", "robot_id": "202601002029", "request_id": "ed2317df57c84a3480b198910a15f716", "position": {"x": 600.0000000000001, "y": 1039.2304845413264}, "channel": 15}, "attempt": 1}
2026-09-12 16:43:10,721 INFO response {"request_id": "ed2317df57c84a3480b198910a15f716", "http_status": 200, "body": {"accepted": true, "real_timestamp_ms": 1789202587434, "virtual_time_s": 742, "measure_result": "no_signal"}}
2026-09-12 16:43:10,722 INFO request {"path": "/measure", "payload": {"arena_id": "default", "robot_id": "202601002029", "request_id": "5e04ae0147894fe5bebdd9adaf02b549", "position": {"x": 600.0000000000001, "y": 1039.2304845413264}, "channel": 16}, "attempt": 1}
2026-09-12 16:43:10,736 INFO response {"request_id": "5e04ae0147894fe5bebdd9adaf02b549", "http_status": 200, "body": {"accepted": true, "real_timestamp_ms": 1789202587449, "virtual_time_s": 748, "measure_result": "direction", "svd_deg": 108.69}}
2026-09-12 16:43:10,742 INFO request {"path": "/measure", "payload": {"arena_id": "default", "robot_id": "202601002029", "request_id": "01683f20263d4e289286898d2e59227e", "position": {"x": 600.0000000000001, "y": 1039.2304845413264}, "channel": 17}, "attempt": 1}
2026-09-12 16:43:10,744 INFO response {"request_id": "01683f20263d4e289286898d2e59227e", "http_status": 200, "body": {"accepted": true, "real_timestamp_ms": 1789202587456, "virtual_time_s": 754, "measure_result": "no_signal"}}
2026-09-12 16:43:10,744 INFO request {"path": "/measure", "payload": {"arena_id": "default", "robot_id": "202601002029", "request_id": "4fcff1b5700e4b68b6c84171217b46a0", "position": {"x": 600.0000000000001, "y": 1039.2304845413264}, "channel": 19}, "attempt": 1}
2026-09-12 16:43:10,746 INFO response {"request_id": "4fcff1b5700e4b68b6c84171217b46a0", "http_status": 200, "body": {"accepted": true, "real_timestamp_ms": 1789202587458, "virtual_time_s": 760, "measure_result": "no_signal"}}
2026-09-12 16:43:10,746 INFO request {"path": "/measure", "payload": {"arena_id": "default", "robot_id": "202601002029", "request_id": "d791c751306b41d9b8ea2ed4bf6056b8", "position": {"x": 600.0000000000001, "y": 1039.2304845413264}, "channel": 20}, "attempt": 1}
2026-09-12 16:43:10,749 INFO response {"request_id": "d791c751306b41d9b8ea2ed4bf6056b8", "http_status": 200, "body": {"accepted": true, "real_timestamp_ms": 1789202587462, "virtual_time_s": 766, "measure_result": "no_signal"}}
2026-09-12 16:43:10,777 INFO request {"path": "/measure", "payload": {"arena_id": "default", "robot_id": "202601002029", "request_id": "c06b55370d714b5e82ea52f0108fa0d2", "position": {"x": 600.0000000000001, "y": 1039.2304845413264}, "channel": 7}, "attempt": 1}
2026-09-12 16:43:10,795 INFO response {"request_id": "c06b55370d714b5e82ea52f0108fa0d2", "http_status": 200, "body": {"accepted": true, "real_timestamp_ms": 1789202587508, "virtual_time_s": 772, "measure_result": "direction", "svd_deg": 253.66}}
2026-09-12 16:43:10,821 INFO request {"path": "/measure", "payload": {"arena_id": "default", "robot_id": "202601002029", "request_id": "6f0a3252a3ad4a8694fa5b8adcd1e484", "position": {"x": 600.0000000000001, "y": 1039.2304845413264}, "channel": 14}, "attempt": 1}
2026-09-12 16:43:10,835 INFO response {"request_id": "6f0a3252a3ad4a8694fa5b8adcd1e484", "http_status": 200, "body": {"accepted": true, "real_timestamp_ms": 1789202587548, "virtual_time_s": 778, "measure_result": "direction", "svd_deg": 224.99}}
2026-09-12 16:43:10,838 INFO request {"path": "/measure", "payload": {"arena_id": "default", "robot_id": "202601002029", "request_id": "aa393fdb27d149148a447324c4f215a9", "position": {"x": -599.9999999999998, "y": 1039.2304845413264}, "channel": 1}, "attempt": 1}
2026-09-12 16:43:10,840 INFO response {"request_id": "aa393fdb27d149148a447324c4f215a9", "http_status": 200, "body": {"accepted": true, "real_timestamp_ms": 1789202587553, "virtual_time_s": 1024, "measure_result": "no_signal"}}
2026-09-12 16:43:10,840 INFO request {"path": "/measure", "payload": {"arena_id": "default", "robot_id": "202601002029", "request_id": "cee253b9846c4686b5d8a88c33defcd7", "position": {"x": -599.9999999999998, "y": 1039.2304845413264}, "channel": 4}, "attempt": 1}
2026-09-12 16:43:10,855 INFO response {"request_id": "cee253b9846c4686b5d8a88c33defcd7", "http_status": 200, "body": {"accepted": true, "real_timestamp_ms": 1789202587567, "virtual_time_s": 1030, "measure_result": "no_signal"}}
2026-09-12 16:43:10,855 INFO request {"path": "/measure", "payload": {"arena_id": "default", "robot_id": "202601002029", "request_id": "729301d31f7e48e5a30c4a201f7c8bb5", "position": {"x": -599.9999999999998, "y": 1039.2304845413264}, "channel": 5}, "attempt": 1}
2026-09-12 16:43:10,857 INFO response {"request_id": "729301d31f7e48e5a30c4a201f7c8bb5", "http_status": 200, "body": {"accepted": true, "real_timestamp_ms": 1789202587569, "virtual_time_s": 1036, "measure_result": "no_signal"}}
2026-09-12 16:43:10,857 INFO request {"path": "/measure", "payload": {"arena_id": "default", "robot_id": "202601002029", "request_id": "42178a489e764d5ea1984b3f6bacee7f", "position": {"x": -599.9999999999998, "y": 1039.2304845413264}, "channel": 10}, "attempt": 1}
2026-09-12 16:43:10,859 INFO response {"request_id": "42178a489e764d5ea1984b3f6bacee7f", "http_status": 200, "body": {"accepted": true, "real_timestamp_ms": 1789202587571, "virtual_time_s": 1042, "measure_result": "no_signal"}}
2026-09-12 16:43:10,859 INFO request {"path": "/measure", "payload": {"arena_id": "default", "robot_id": "202601002029", "request_id": "a841eb2d94eb4efc9fedc97a7c4bda35", "position": {"x": -599.9999999999998, "y": 1039.2304845413264}, "channel": 11}, "attempt": 1}
2026-09-12 16:43:10,873 INFO response {"request_id": "a841eb2d94eb4efc9fedc97a7c4bda35", "http_status": 200, "body": {"accepted": true, "real_timestamp_ms": 1789202587586, "virtual_time_s": 1048, "measure_result": "no_signal"}}
2026-09-12 16:43:10,874 INFO request {"path": "/measure", "payload": {"arena_id": "default", "robot_id": "202601002029", "request_id": "617fcd9784fb464aab8aea698a1a7e2f", "position": {"x": -599.9999999999998, "y": 1039.2304845413264}, "channel": 12}, "attempt": 1}
2026-09-12 16:43:10,875 INFO response {"request_id": "617fcd9784fb464aab8aea698a1a7e2f", "http_status": 200, "body": {"accepted": true, "real_timestamp_ms": 1789202587588, "virtual_time_s": 1054, "measure_result": "no_signal"}}
2026-09-12 16:43:10,876 INFO request {"path": "/measure", "payload": {"arena_id": "default", "robot_id": "202601002029", "request_id": "f9a1af1016ca4857a5bd9cb3ccbd9af6", "position": {"x": -599.9999999999998, "y": 1039.2304845413264}, "channel": 13}, "attempt": 1}
2026-09-12 16:43:10,878 INFO response {"request_id": "f9a1af1016ca4857a5bd9cb3ccbd9af6", "http_status": 200, "body": {"accepted": true, "real_timestamp_ms": 1789202587590, "virtual_time_s": 1060, "measure_result": "no_signal"}}
2026-09-12 16:43:10,878 INFO request {"path": "/measure", "payload": {"arena_id": "default", "robot_id": "202601002029", "request_id": "2a8d69aabf284159915a7feeafe854aa", "position": {"x": -599.9999999999998, "y": 1039.2304845413264}, "channel": 15}, "attempt": 1}
2026-09-12 16:43:10,879 INFO response {"request_id": "2a8d69aabf284159915a7feeafe854aa", "http_status": 200, "body": {"accepted": true, "real_timestamp_ms": 1789202587592, "virtual_time_s": 1066, "measure_result": "no_signal"}}
2026-09-12 16:43:10,880 INFO request {"path": "/measure", "payload": {"arena_id": "default", "robot_id": "202601002029", "request_id": "9a34fd8090e04b53a68c845e634a3171", "position": {"x": -599.9999999999998, "y": 1039.2304845413264}, "channel": 17}, "attempt": 1}
2026-09-12 16:43:10,893 INFO response {"request_id": "9a34fd8090e04b53a68c845e634a3171", "http_status": 200, "body": {"accepted": true, "real_timestamp_ms": 1789202587606, "virtual_time_s": 1072, "measure_result": "no_signal"}}
2026-09-12 16:43:10,894 INFO request {"path": "/measure", "payload": {"arena_id": "default", "robot_id": "202601002029", "request_id": "44e04a8bf67341a19f499c6a305d88aa", "position": {"x": -599.9999999999998, "y": 1039.2304845413264}, "channel": 19}, "attempt": 1}
2026-09-12 16:43:10,913 INFO response {"request_id": "44e04a8bf67341a19f499c6a305d88aa", "http_status": 200, "body": {"accepted": true, "real_timestamp_ms": 1789202587626, "virtual_time_s": 1078, "measure_result": "no_signal"}}
2026-09-12 16:43:10,914 INFO request {"path": "/measure", "payload": {"arena_id": "default", "robot_id": "202601002029", "request_id": "11ec117cc2f3471693d27cc28b975a17", "position": {"x": -599.9999999999998, "y": 1039.2304845413264}, "channel": 20}, "attempt": 1}
2026-09-12 16:43:10,915 INFO response {"request_id": "11ec117cc2f3471693d27cc28b975a17", "http_status": 200, "body": {"accepted": true, "real_timestamp_ms": 1789202587628, "virtual_time_s": 1084, "measure_result": "no_signal"}}
2026-09-12 16:43:10,933 INFO request {"path": "/measure", "payload": {"arena_id": "default", "robot_id": "202601002029", "request_id": "34a0387567e5444ba3e766e12995a65f", "position": {"x": -599.9999999999998, "y": 1039.2304845413264}, "channel": 14}, "attempt": 1}
2026-09-12 16:43:10,951 INFO response {"request_id": "34a0387567e5444ba3e766e12995a65f", "http_status": 200, "body": {"accepted": true, "real_timestamp_ms": 1789202587664, "virtual_time_s": 1090, "measure_result": "direction", "svd_deg": 328.03}}
2026-09-12 16:43:10,965 INFO request {"path": "/measure", "payload": {"arena_id": "default", "robot_id": "202601002029", "request_id": "fc8a7ab949314910885fe02c6cf39b35", "position": {"x": -1200.0, "y": 1.4695761589768238e-13}, "channel": 1}, "attempt": 1}
2026-09-12 16:43:10,967 INFO response {"request_id": "fc8a7ab949314910885fe02c6cf39b35", "http_status": 200, "body": {"accepted": true, "real_timestamp_ms": 1789202587680, "virtual_time_s": 1336, "measure_result": "direction", "svd_deg": 176.39}}
2026-09-12 16:43:10,970 INFO request {"path": "/measure", "payload": {"arena_id": "default", "robot_id": "202601002029", "request_id": "83fb025f61564bf881e02e3cf1d399c7", "position": {"x": -1200.0, "y": 1.4695761589768238e-13}, "channel": 4}, "attempt": 1}
2026-09-12 16:43:10,991 INFO response {"request_id": "83fb025f61564bf881e02e3cf1d399c7", "http_status": 200, "body": {"accepted": true, "real_timestamp_ms": 1789202587704, "virtual_time_s": 1342, "measure_result": "no_signal"}}
2026-09-12 16:43:10,991 INFO request {"path": "/measure", "payload": {"arena_id": "default", "robot_id": "202601002029", "request_id": "da56bbc9d19b4343a138853effe9436e", "position": {"x": -1200.0, "y": 1.4695761589768238e-13}, "channel": 5}, "attempt": 1}
2026-09-12 16:43:10,993 INFO response {"request_id": "da56bbc9d19b4343a138853effe9436e", "http_status": 200, "body": {"accepted": true, "real_timestamp_ms": 1789202587706, "virtual_time_s": 1348, "measure_result": "no_signal"}}
2026-09-12 16:43:10,993 INFO request {"path": "/measure", "payload": {"arena_id": "default", "robot_id": "202601002029", "request_id": "b5fa08952cd048208a8881378bef41d7", "position": {"x": -1200.0, "y": 1.4695761589768238e-13}, "channel": 10}, "attempt": 1}
2026-09-12 16:43:10,995 INFO response {"request_id": "b5fa08952cd048208a8881378bef41d7", "http_status": 200, "body": {"accepted": true, "real_timestamp_ms": 1789202587708, "virtual_time_s": 1354, "measure_result": "no_signal"}}
2026-09-12 16:43:10,995 INFO request {"path": "/measure", "payload": {"arena_id": "default", "robot_id": "202601002029", "request_id": "d3bc5609b4404660afacca6c96bba0e3", "position": {"x": -1200.0, "y": 1.4695761589768238e-13}, "channel": 11}, "attempt": 1}
2026-09-12 16:43:10,998 INFO response {"request_id": "d3bc5609b4404660afacca6c96bba0e3", "http_status": 200, "body": {"accepted": true, "real_timestamp_ms": 1789202587709, "virtual_time_s": 1360, "measure_result": "no_signal"}}
2026-09-12 16:43:10,998 INFO request {"path": "/measure", "payload": {"arena_id": "default", "robot_id": "202601002029", "request_id": "fca0fb443ff14e2fac6ae957267f2350", "position": {"x": -1200.0, "y": 1.4695761589768238e-13}, "channel": 12}, "attempt": 1}
2026-09-12 16:43:11,000 INFO response {"request_id": "fca0fb443ff14e2fac6ae957267f2350", "http_status": 200, "body": {"accepted": true, "real_timestamp_ms": 1789202587712, "virtual_time_s": 1366, "measure_result": "no_signal"}}
2026-09-12 16:43:11,000 INFO request {"path": "/measure", "payload": {"arena_id": "default", "robot_id": "202601002029", "request_id": "2f25b9530ec549aabd4e3907b0897f8e", "position": {"x": -1200.0, "y": 1.4695761589768238e-13}, "channel": 13}, "attempt": 1}
2026-09-12 16:43:11,002 INFO response {"request_id": "2f25b9530ec549aabd4e3907b0897f8e", "http_status": 200, "body": {"accepted": true, "real_timestamp_ms": 1789202587714, "virtual_time_s": 1372, "measure_result": "no_signal"}}
2026-09-12 16:43:11,002 INFO request {"path": "/measure", "payload": {"arena_id": "default", "robot_id": "202601002029", "request_id": "12700f7d62d74ba8b0998fe505396a0e", "position": {"x": -1200.0, "y": 1.4695761589768238e-13}, "channel": 15}, "attempt": 1}
2026-09-12 16:43:11,004 INFO response {"request_id": "12700f7d62d74ba8b0998fe505396a0e", "http_status": 200, "body": {"accepted": true, "real_timestamp_ms": 1789202587716, "virtual_time_s": 1378, "measure_result": "no_signal"}}
2026-09-12 16:43:11,004 INFO request {"path": "/measure", "payload": {"arena_id": "default", "robot_id": "202601002029", "request_id": "57ac1dd9c53f4b93be30f4963f957732", "position": {"x": -1200.0, "y": 1.4695761589768238e-13}, "channel": 17}, "attempt": 1}
2026-09-12 16:43:11,006 INFO response {"request_id": "57ac1dd9c53f4b93be30f4963f957732", "http_status": 200, "body": {"accepted": true, "real_timestamp_ms": 1789202587719, "virtual_time_s": 1384, "measure_result": "no_signal"}}
2026-09-12 16:43:11,007 INFO request {"path": "/measure", "payload": {"arena_id": "default", "robot_id": "202601002029", "request_id": "26de462724284a3db05bb0a8416e31f1", "position": {"x": -1200.0, "y": 1.4695761589768238e-13}, "channel": 19}, "attempt": 1}
2026-09-12 16:43:11,020 INFO response {"request_id": "26de462724284a3db05bb0a8416e31f1", "http_status": 200, "body": {"accepted": true, "real_timestamp_ms": 1789202587733, "virtual_time_s": 1390, "measure_result": "direction", "svd_deg": 232.05}}
2026-09-12 16:43:11,023 INFO request {"path": "/measure", "payload": {"arena_id": "default", "robot_id": "202601002029", "request_id": "a313ff95b31b408e9b390d7009863b21", "position": {"x": -1200.0, "y": 1.4695761589768238e-13}, "channel": 20}, "attempt": 1}
2026-09-12 16:43:11,025 INFO response {"request_id": "a313ff95b31b408e9b390d7009863b21", "http_status": 200, "body": {"accepted": true, "real_timestamp_ms": 1789202587738, "virtual_time_s": 1396, "measure_result": "no_signal"}}
2026-09-12 16:43:11,038 INFO request {"path": "/measure", "payload": {"arena_id": "default", "robot_id": "202601002029", "request_id": "9d289ba972274a138ff30c09ac1aa789", "position": {"x": -1200.0, "y": 1.4695761589768238e-13}, "channel": 2}, "attempt": 1}
2026-09-12 16:43:11,059 INFO response {"request_id": "9d289ba972274a138ff30c09ac1aa789", "http_status": 200, "body": {"accepted": true, "real_timestamp_ms": 1789202587771, "virtual_time_s": 1402, "measure_result": "direction", "svd_deg": 344.25}}
2026-09-12 16:43:11,063 INFO request {"path": "/measure", "payload": {"arena_id": "default", "robot_id": "202601002029", "request_id": "d075f65ea7c74dc5ae5b50826eb8feac", "position": {"x": -600.0000000000006, "y": -1039.2304845413262}, "channel": 4}, "attempt": 1}
2026-09-12 16:43:11,064 INFO response {"request_id": "d075f65ea7c74dc5ae5b50826eb8feac", "http_status": 200, "body": {"accepted": true, "real_timestamp_ms": 1789202587777, "virtual_time_s": 1648, "measure_result": "no_signal"}}
2026-09-12 16:43:11,065 INFO request {"path": "/measure", "payload": {"arena_id": "default", "robot_id": "202601002029", "request_id": "fb35fd66e8484b0c824e8824ec3fc392", "position": {"x": -600.0000000000006, "y": -1039.2304845413262}, "channel": 5}, "attempt": 1}
2026-09-12 16:43:11,065 INFO response {"request_id": "fb35fd66e8484b0c824e8824ec3fc392", "http_status": 200, "body": {"accepted": true, "real_timestamp_ms": 1789202587778, "virtual_time_s": 1654, "measure_result": "direction", "svd_deg": 302.58}}
2026-09-12 16:43:11,066 INFO request {"path": "/measure", "payload": {"arena_id": "default", "robot_id": "202601002029", "request_id": "9f5d0f029cd248ddb79b5b6a1bb59cb3", "position": {"x": -600.0000000000006, "y": -1039.2304845413262}, "channel": 10}, "attempt": 1}
2026-09-12 16:43:11,067 INFO response {"request_id": "9f5d0f029cd248ddb79b5b6a1bb59cb3", "http_status": 200, "body": {"accepted": true, "real_timestamp_ms": 1789202587781, "virtual_time_s": 1660, "measure_result": "no_signal"}}
2026-09-12 16:43:11,067 INFO request {"path": "/measure", "payload": {"arena_id": "default", "robot_id": "202601002029", "request_id": "4894c88d65884b1b8b287493fdbfa9bd", "position": {"x": -600.0000000000006, "y": -1039.2304845413262}, "channel": 11}, "attempt": 1}
2026-09-12 16:43:11,068 INFO response {"request_id": "4894c88d65884b1b8b287493fdbfa9bd", "http_status": 200, "body": {"accepted": true, "real_timestamp_ms": 1789202587781, "virtual_time_s": 1666, "measure_result": "no_signal"}}
2026-09-12 16:43:11,068 INFO request {"path": "/measure", "payload": {"arena_id": "default", "robot_id": "202601002029", "request_id": "2a4925be098d45b693f3281e3cc2b672", "position": {"x": -600.0000000000006, "y": -1039.2304845413262}, "channel": 12}, "attempt": 1}
2026-09-12 16:43:11,088 INFO response {"request_id": "2a4925be098d45b693f3281e3cc2b672", "http_status": 200, "body": {"accepted": true, "real_timestamp_ms": 1789202587801, "virtual_time_s": 1672, "measure_result": "no_signal"}}
2026-09-12 16:43:11,088 INFO request {"path": "/measure", "payload": {"arena_id": "default", "robot_id": "202601002029", "request_id": "c34ca70ecb414b7f8b7f14412019eb58", "position": {"x": -600.0000000000006, "y": -1039.2304845413262}, "channel": 13}, "attempt": 1}
2026-09-12 16:43:11,089 INFO response {"request_id": "c34ca70ecb414b7f8b7f14412019eb58", "http_status": 200, "body": {"accepted": true, "real_timestamp_ms": 1789202587802, "virtual_time_s": 1678, "measure_result": "no_signal"}}
2026-09-12 16:43:11,089 INFO request {"path": "/measure", "payload": {"arena_id": "default", "robot_id": "202601002029", "request_id": "09d66bc70ad4434691334e37d088f912", "position": {"x": -600.0000000000006, "y": -1039.2304845413262}, "channel": 15}, "attempt": 1}
2026-09-12 16:43:11,089 INFO response {"request_id": "09d66bc70ad4434691334e37d088f912", "http_status": 200, "body": {"accepted": true, "real_timestamp_ms": 1789202587803, "virtual_time_s": 1684, "measure_result": "no_signal"}}
2026-09-12 16:43:11,089 INFO request {"path": "/measure", "payload": {"arena_id": "default", "robot_id": "202601002029", "request_id": "b9aa4b2a8df84029a8ad6c5133cd3f4d", "position": {"x": -600.0000000000006, "y": -1039.2304845413262}, "channel": 17}, "attempt": 1}
2026-09-12 16:43:11,090 INFO response {"request_id": "b9aa4b2a8df84029a8ad6c5133cd3f4d", "http_status": 200, "body": {"accepted": true, "real_timestamp_ms": 1789202587804, "virtual_time_s": 1690, "measure_result": "no_signal"}}
2026-09-12 16:43:11,091 INFO request {"path": "/measure", "payload": {"arena_id": "default", "robot_id": "202601002029", "request_id": "81b2f6518e054725bf03770ffb098647", "position": {"x": -600.0000000000006, "y": -1039.2304845413262}, "channel": 20}, "attempt": 1}
2026-09-12 16:43:11,091 INFO response {"request_id": "81b2f6518e054725bf03770ffb098647", "http_status": 200, "body": {"accepted": true, "real_timestamp_ms": 1789202587804, "virtual_time_s": 1696, "measure_result": "no_signal"}}
2026-09-12 16:43:11,110 INFO request {"path": "/measure", "payload": {"arena_id": "default", "robot_id": "202601002029", "request_id": "0c1abbed79b84e98b809d4e244822679", "position": {"x": -600.0000000000006, "y": -1039.2304845413262}, "channel": 2}, "attempt": 1}
2026-09-12 16:43:11,128 INFO response {"request_id": "0c1abbed79b84e98b809d4e244822679", "http_status": 200, "body": {"accepted": true, "real_timestamp_ms": 1789202587841, "virtual_time_s": 1702, "measure_result": "direction", "svd_deg": 81.31}}
2026-09-12 16:43:11,141 INFO request {"path": "/measure", "payload": {"arena_id": "default", "robot_id": "202601002029", "request_id": "d8f7e01c3d3149629250a57c1a3e7e40", "position": {"x": -600.0000000000006, "y": -1039.2304845413262}, "channel": 6}, "attempt": 1}
2026-09-12 16:43:11,143 INFO response {"request_id": "d8f7e01c3d3149629250a57c1a3e7e40", "http_status": 200, "body": {"accepted": true, "real_timestamp_ms": 1789202587855, "virtual_time_s": 1708, "measure_result": "direction", "svd_deg": 23.18}}
2026-09-12 16:43:11,145 INFO request {"path": "/measure", "payload": {"arena_id": "default", "robot_id": "202601002029", "request_id": "fc7faa63f05745c3ae053fafe6f01ce7", "position": {"x": 600.0000000000001, "y": -1039.2304845413264}, "channel": 4}, "attempt": 1}
2026-09-12 16:43:11,146 INFO response {"request_id": "fc7faa63f05745c3ae053fafe6f01ce7", "http_status": 200, "body": {"accepted": true, "real_timestamp_ms": 1789202587859, "virtual_time_s": 1954, "measure_result": "no_signal"}}
2026-09-12 16:43:11,147 INFO request {"path": "/measure", "payload": {"arena_id": "default", "robot_id": "202601002029", "request_id": "eefbc758bb9343aab03dafd318793e27", "position": {"x": 600.0000000000001, "y": -1039.2304845413264}, "channel": 10}, "attempt": 1}
2026-09-12 16:43:11,147 INFO response {"request_id": "eefbc758bb9343aab03dafd318793e27", "http_status": 200, "body": {"accepted": true, "real_timestamp_ms": 1789202587860, "virtual_time_s": 1960, "measure_result": "no_signal"}}
2026-09-12 16:43:11,147 INFO request {"path": "/measure", "payload": {"arena_id": "default", "robot_id": "202601002029", "request_id": "a10f4f4c0d7940da9b58fce4bb3f5db2", "position": {"x": 600.0000000000001, "y": -1039.2304845413264}, "channel": 11}, "attempt": 1}
2026-09-12 16:43:11,148 INFO response {"request_id": "a10f4f4c0d7940da9b58fce4bb3f5db2", "http_status": 200, "body": {"accepted": true, "real_timestamp_ms": 1789202587861, "virtual_time_s": 1966, "measure_result": "no_signal"}}
2026-09-12 16:43:11,148 INFO request {"path": "/measure", "payload": {"arena_id": "default", "robot_id": "202601002029", "request_id": "e5255e2e7be849ea8ffdfa14108cf65d", "position": {"x": 600.0000000000001, "y": -1039.2304845413264}, "channel": 12}, "attempt": 1}
2026-09-12 16:43:11,167 INFO response {"request_id": "e5255e2e7be849ea8ffdfa14108cf65d", "http_status": 200, "body": {"accepted": true, "real_timestamp_ms": 1789202587880, "virtual_time_s": 1972, "measure_result": "no_signal"}}
2026-09-12 16:43:11,167 INFO request {"path": "/measure", "payload": {"arena_id": "default", "robot_id": "202601002029", "request_id": "7a61f11c6ab045a88bd71427298c239e", "position": {"x": 600.0000000000001, "y": -1039.2304845413264}, "channel": 13}, "attempt": 1}
2026-09-12 16:43:11,168 INFO response {"request_id": "7a61f11c6ab045a88bd71427298c239e", "http_status": 200, "body": {"accepted": true, "real_timestamp_ms": 1789202587881, "virtual_time_s": 1978, "measure_result": "no_signal"}}
2026-09-12 16:43:11,168 INFO request {"path": "/measure", "payload": {"arena_id": "default", "robot_id": "202601002029", "request_id": "3c3fcde1eeaa4a50bed915d64c7408ee", "position": {"x": 600.0000000000001, "y": -1039.2304845413264}, "channel": 15}, "attempt": 1}
2026-09-12 16:43:11,169 INFO response {"request_id": "3c3fcde1eeaa4a50bed915d64c7408ee", "http_status": 200, "body": {"accepted": true, "real_timestamp_ms": 1789202587882, "virtual_time_s": 1984, "measure_result": "no_signal"}}
2026-09-12 16:43:11,169 INFO request {"path": "/measure", "payload": {"arena_id": "default", "robot_id": "202601002029", "request_id": "c3386f4125814dd6a4c9a0607e6bc7d3", "position": {"x": 600.0000000000001, "y": -1039.2304845413264}, "channel": 17}, "attempt": 1}
2026-09-12 16:43:11,170 INFO response {"request_id": "c3386f4125814dd6a4c9a0607e6bc7d3", "http_status": 200, "body": {"accepted": true, "real_timestamp_ms": 1789202587883, "virtual_time_s": 1990, "measure_result": "no_signal"}}
2026-09-12 16:43:11,170 INFO request {"path": "/measure", "payload": {"arena_id": "default", "robot_id": "202601002029", "request_id": "e8bf6fc66b884f03a40c8614a9e73e3a", "position": {"x": 600.0000000000001, "y": -1039.2304845413264}, "channel": 20}, "attempt": 1}
2026-09-12 16:43:11,170 INFO response {"request_id": "e8bf6fc66b884f03a40c8614a9e73e3a", "http_status": 200, "body": {"accepted": true, "real_timestamp_ms": 1789202587884, "virtual_time_s": 1996, "measure_result": "direction", "svd_deg": 313.03}}
2026-09-12 16:43:11,201 INFO request {"path": "/measure", "payload": {"arena_id": "default", "robot_id": "202601002029", "request_id": "81dbf02dbbd44357b654ce3afe3c7f76", "position": {"x": 600.0000000000001, "y": -1039.2304845413264}, "channel": 6}, "attempt": 1}
2026-09-12 16:43:11,204 INFO response {"request_id": "81dbf02dbbd44357b654ce3afe3c7f76", "http_status": 200, "body": {"accepted": true, "real_timestamp_ms": 1789202587916, "virtual_time_s": 2002, "measure_result": "direction", "svd_deg": 132.1}}
2026-09-12 16:43:11,228 INFO request {"path": "/measure", "payload": {"arena_id": "default", "robot_id": "202601002029", "request_id": "87d86354bd834aea89103a9a70292f11", "position": {"x": 600.0000000000001, "y": -1039.2304845413264}, "channel": 9}, "attempt": 1}
2026-09-12 16:43:11,230 INFO response {"request_id": "87d86354bd834aea89103a9a70292f11", "http_status": 200, "body": {"accepted": true, "real_timestamp_ms": 1789202587942, "virtual_time_s": 2008, "measure_result": "direction", "svd_deg": 57.1}}
2026-09-12 16:43:17,747 INFO request {"path": "/measure", "payload": {"arena_id": "default", "robot_id": "202601002029", "request_id": "2313a61e06354f1487a65afdb15362d9", "position": {"x": 397.34925889791344, "y": -1137.225296260675}, "channel": 5}, "attempt": 1}
2026-09-12 16:43:17,749 INFO response {"request_id": "2313a61e06354f1487a65afdb15362d9", "http_status": 200, "body": {"accepted": true, "real_timestamp_ms": 1789202594462, "virtual_time_s": 2059.020131, "measure_result": "direction", "svd_deg": 200.81}}
2026-09-12 16:43:17,756 INFO request {"path": "/measure", "payload": {"arena_id": "default", "robot_id": "202601002029", "request_id": "e3dbceed9aeb4560b6af4f3c5a9d7e77", "position": {"x": 555.3674002359326, "y": -1576.5800566247708}, "channel": 20}, "attempt": 1}
2026-09-12 16:43:17,774 INFO response {"request_id": "e3dbceed9aeb4560b6af4f3c5a9d7e77", "http_status": 200, "body": {"accepted": true, "real_timestamp_ms": 1789202594488, "virtual_time_s": 2158.401572, "measure_result": "direction", "svd_deg": 24.77}}
2026-09-12 16:43:17,780 INFO request {"path": "/clear", "payload": {"arena_id": "default", "robot_id": "202601002029", "request_id": "40dc8e98ae0445a99a6344d11a8d0240", "position": {"x": 937.480070278784, "y": -1400.4832088397325}, "channel": 20}, "attempt": 1}
2026-09-12 16:43:17,794 INFO response {"request_id": "40dc8e98ae0445a99a6344d11a8d0240", "http_status": 200, "body": {"accepted": true, "real_timestamp_ms": 1789202594507, "virtual_time_s": 2247.549107, "clear_result": "success"}}
2026-09-12 16:43:17,798 INFO request {"path": "/measure", "payload": {"arena_id": "default", "robot_id": "202601002029", "request_id": "158d807fe3144ecba5a4c67031dcd151", "position": {"x": 1288.785088840345, "y": -1040.09117139122}, "channel": 18}, "attempt": 1}
2026-09-12 16:43:17,815 INFO response {"request_id": "158d807fe3144ecba5a4c67031dcd151", "http_status": 200, "body": {"accepted": true, "real_timestamp_ms": 1789202594527, "virtual_time_s": 2354.206474, "measure_result": "direction", "svd_deg": 108.89}}
2026-09-12 16:43:17,834 INFO request {"path": "/measure", "payload": {"arena_id": "default", "robot_id": "202601002029", "request_id": "1605edc051f94d7ebfe24012df6e76f5", "position": {"x": 1288.785088840345, "y": -1040.09117139122}, "channel": 9}, "attempt": 1}
2026-09-12 16:43:17,853 INFO response {"request_id": "1605edc051f94d7ebfe24012df6e76f5", "http_status": 200, "body": {"accepted": true, "real_timestamp_ms": 1789202594566, "virtual_time_s": 2360.206474, "measure_result": "direction", "svd_deg": 103.86}}
2026-09-12 16:43:19,315 INFO request {"path": "/measure", "payload": {"arena_id": "default", "robot_id": "202601002029", "request_id": "31a11a5ed3334204b2a6b803ed4b7754", "position": {"x": 1383.0493004939406, "y": -543.2858699792394}, "channel": 9}, "attempt": 1}
2026-09-12 16:43:19,316 INFO response {"request_id": "31a11a5ed3334204b2a6b803ed4b7754", "http_status": 200, "body": {"accepted": true, "real_timestamp_ms": 1789202596029, "virtual_time_s": 2466.340296, "measure_result": "direction", "svd_deg": 134.46}}
2026-09-12 16:43:19,331 INFO request {"path": "/measure", "payload": {"arena_id": "default", "robot_id": "202601002029", "request_id": "fdd95bb7aaa24f2c88390ebab0aadcdb", "position": {"x": 1383.0493004939406, "y": -543.2858699792394}, "channel": 18}, "attempt": 1}
2026-09-12 16:43:19,332 INFO response {"request_id": "fdd95bb7aaa24f2c88390ebab0aadcdb", "http_status": 200, "body": {"accepted": true, "real_timestamp_ms": 1789202596045, "virtual_time_s": 2472.340296, "measure_result": "direction", "svd_deg": 143.61}}
2026-09-12 16:43:19,337 INFO request {"path": "/clear", "payload": {"arena_id": "default", "robot_id": "202601002029", "request_id": "7fc43c9d407242fa8bf0296f485c763f", "position": {"x": 1104.5248247417057, "y": -259.00818416420674}, "channel": 9}, "attempt": 1}
2026-09-12 16:43:19,338 INFO response {"request_id": "7fc43c9d407242fa8bf0296f485c763f", "http_status": 200, "body": {"accepted": true, "real_timestamp_ms": 1789202596051, "virtual_time_s": 2556.936699, "clear_result": "success"}}
2026-09-12 16:43:19,347 INFO request {"path": "/measure", "payload": {"arena_id": "default", "robot_id": "202601002029", "request_id": "5045efa0c9aa430b81edd58f30e91b86", "position": {"x": 1104.5248247417057, "y": -259.00818416420674}, "channel": 8}, "attempt": 1}
2026-09-12 16:43:19,348 INFO response {"request_id": "5045efa0c9aa430b81edd58f30e91b86", "http_status": 200, "body": {"accepted": true, "real_timestamp_ms": 1789202596061, "virtual_time_s": 2562.936699, "measure_result": "direction", "svd_deg": 182.92}}
2026-09-12 16:43:20,053 INFO request {"path": "/clear", "payload": {"arena_id": "default", "robot_id": "202601002029", "request_id": "c6466eff80144fd2a504806e008583ab", "position": {"x": 1041.294995476323, "y": -291.26625618229673}, "channel": 18}, "attempt": 1}
2026-09-12 16:43:20,054 INFO response {"request_id": "c6466eff80144fd2a504806e008583ab", "http_status": 200, "body": {"accepted": true, "real_timestamp_ms": 1789202596767, "virtual_time_s": 2582.133311, "clear_result": "success"}}
2026-09-12 16:43:20,063 INFO request {"path": "/measure", "payload": {"arena_id": "default", "robot_id": "202601002029", "request_id": "3d532307348f4008a2cbdd4032a09d06", "position": {"x": 1041.294995476323, "y": -291.26625618229673}, "channel": 8}, "attempt": 1}
2026-09-12 16:43:20,065 INFO response {"request_id": "3d532307348f4008a2cbdd4032a09d06", "http_status": 200, "body": {"accepted": true, "real_timestamp_ms": 1789202596778, "virtual_time_s": 2587.133311, "measure_result": "direction", "svd_deg": 180.38}}
2026-09-12 16:43:20,069 INFO request {"path": "/clear", "payload": {"arena_id": "default", "robot_id": "202601002029", "request_id": "3660c8cd46af46628ee1f1b173088573", "position": {"x": 275.05085686193627, "y": -666.7995763186972}, "channel": 6}, "attempt": 1}
2026-09-12 16:43:20,070 INFO response {"request_id": "3660c8cd46af46628ee1f1b173088573", "http_status": 200, "body": {"accepted": true, "real_timestamp_ms": 1789202596783, "virtual_time_s": 2762.79735, "clear_result": "success"}}
2026-09-12 16:43:20,071 INFO request {"path": "/clear", "payload": {"arena_id": "default", "robot_id": "202601002029", "request_id": "f8388ec757a1496d8b8a8c73287a2224", "position": {"x": -354.55912762506307, "y": -1422.79244113018}, "channel": 5}, "attempt": 1}
2026-09-12 16:43:20,072 INFO response {"request_id": "f8388ec757a1496d8b8a8c73287a2224", "http_status": 200, "body": {"accepted": true, "real_timestamp_ms": 1789202596785, "virtual_time_s": 2964.564618, "clear_result": "success"}}
2026-09-12 16:43:20,074 INFO request {"path": "/measure", "payload": {"arena_id": "default", "robot_id": "202601002029", "request_id": "df0b6197327c42479f4d0313621dc609", "position": {"x": -1213.43383419687, "y": -635.4924652809373}, "channel": 19}, "attempt": 1}
2026-09-12 16:43:20,074 INFO response {"request_id": "df0b6197327c42479f4d0313621dc609", "http_status": 200, "body": {"accepted": true, "real_timestamp_ms": 1789202596788, "virtual_time_s": 3203.588824, "measure_result": "direction", "svd_deg": 168.73}}
2026-09-12 16:43:20,084 INFO request {"path": "/measure", "payload": {"arena_id": "default", "robot_id": "202601002029", "request_id": "6dc14f230466482bb07bc57692f176d3", "position": {"x": -1213.43383419687, "y": -635.4924652809373}, "channel": 1}, "attempt": 1}
2026-09-12 16:43:20,097 INFO response {"request_id": "6dc14f230466482bb07bc57692f176d3", "http_status": 200, "body": {"accepted": true, "real_timestamp_ms": 1789202596809, "virtual_time_s": 3209.588824, "measure_result": "direction", "svd_deg": 124.27}}
2026-09-12 16:43:20,744 INFO request {"path": "/clear", "payload": {"arena_id": "default", "robot_id": "202601002029", "request_id": "f406babb78a6452282b61293d1ca72ad", "position": {"x": -1631.2392705815269, "y": -552.5443710353672}, "channel": 19}, "attempt": 1}
2026-09-12 16:43:20,745 INFO response {"request_id": "f406babb78a6452282b61293d1ca72ad", "http_status": 200, "body": {"accepted": true, "real_timestamp_ms": 1789202597459, "virtual_time_s": 3299.780788, "clear_result": "success"}}
2026-09-12 16:43:20,757 INFO request {"path": "/measure", "payload": {"arena_id": "default", "robot_id": "202601002029", "request_id": "ff87f8b9386b4ee3939c6ab63f2e15d1", "position": {"x": -1631.2392705815269, "y": -552.5443710353672}, "channel": 1}, "attempt": 1}
2026-09-12 16:43:20,777 INFO response {"request_id": "ff87f8b9386b4ee3939c6ab63f2e15d1", "http_status": 200, "body": {"accepted": true, "real_timestamp_ms": 1789202597489, "virtual_time_s": 3304.780788, "measure_result": "direction", "svd_deg": 93.63}}
2026-09-12 16:43:20,788 INFO request {"path": "/clear", "payload": {"arena_id": "default", "robot_id": "202601002029", "request_id": "2b9dc2fb00294f60becab91348fc9994", "position": {"x": -1668.3470125542603, "y": 29.745720059182638}, "channel": 1}, "attempt": 1}
2026-09-12 16:43:20,810 INFO response {"request_id": "2b9dc2fb00294f60becab91348fc9994", "http_status": 200, "body": {"accepted": true, "real_timestamp_ms": 1789202597522, "virtual_time_s": 3426.475044, "clear_result": "success"}}
2026-09-12 16:43:20,812 INFO request {"path": "/clear", "payload": {"arena_id": "default", "robot_id": "202601002029", "request_id": "47d6559da7b44a48aa74cc6b321fa701", "position": {"x": -472.2905623420282, "y": -204.9957213770387}, "channel": 2}, "attempt": 1}
2026-09-12 16:43:20,827 INFO response {"request_id": "47d6559da7b44a48aa74cc6b321fa701", "http_status": 200, "body": {"accepted": true, "real_timestamp_ms": 1789202597539, "virtual_time_s": 3675.249905, "clear_result": "success"}}
2026-09-12 16:43:20,830 INFO request {"path": "/clear", "payload": {"arena_id": "default", "robot_id": "202601002029", "request_id": "668244b96d7d4afb9011618cadfc40dc", "position": {"x": 220.61935531578638, "y": -299.91308452686144}, "channel": 8}, "attempt": 1}
2026-09-12 16:43:20,831 INFO response {"request_id": "668244b96d7d4afb9011618cadfc40dc", "http_status": 200, "body": {"accepted": true, "real_timestamp_ms": 1789202597544, "virtual_time_s": 3820.126059, "clear_result": "success"}}
2026-09-12 16:43:20,833 INFO request {"path": "/measure", "payload": {"arena_id": "default", "robot_id": "202601002029", "request_id": "f09105e780b14dd4bf8a85d747a724ba", "position": {"x": 729.384197261858, "y": 388.8184544542914}, "channel": 7}, "attempt": 1}
2026-09-12 16:43:20,835 INFO response {"request_id": "f09105e780b14dd4bf8a85d747a724ba", "http_status": 200, "body": {"accepted": true, "real_timestamp_ms": 1789202597548, "virtual_time_s": 3997.379415, "measure_result": "direction", "svd_deg": 126.01}}
2026-09-12 16:43:20,844 INFO request {"path": "/clear", "payload": {"arena_id": "default", "robot_id": "202601002029", "request_id": "1f4a6e15086b4f8b830efa6d0c5b5de7", "position": {"x": 501.46578771220595, "y": 702.785822720035}, "channel": 7}, "attempt": 1}
2026-09-12 16:43:20,845 INFO response {"request_id": "1f4a6e15086b4f8b830efa6d0c5b5de7", "http_status": 200, "body": {"accepted": true, "real_timestamp_ms": 1789202597558, "virtual_time_s": 4079.973825, "clear_result": "success"}}
2026-09-12 16:43:20,847 INFO request {"path": "/clear", "payload": {"arena_id": "default", "robot_id": "202601002029", "request_id": "24391d03680d43c980f93a00b1101104", "position": {"x": 138.84640140663254, "y": 577.9177326054341}, "channel": 14}, "attempt": 1}
2026-09-12 16:43:20,849 INFO response {"request_id": "24391d03680d43c980f93a00b1101104", "http_status": 200, "body": {"accepted": true, "real_timestamp_ms": 1789202597561, "virtual_time_s": 4161.677113, "clear_result": "success"}}
2026-09-12 16:43:20,851 INFO request {"path": "/measure", "payload": {"arena_id": "default", "robot_id": "202601002029", "request_id": "636c51a0b8f641ae9bc5c96456a52471", "position": {"x": 16.36192371865036, "y": 1575.24297385338}, "channel": 16}, "attempt": 1}
2026-09-12 16:43:20,867 INFO response {"request_id": "636c51a0b8f641ae9bc5c96456a52471", "http_status": 200, "body": {"accepted": true, "real_timestamp_ms": 1789202597580, "virtual_time_s": 4368.6408, "measure_result": "direction", "svd_deg": 3.19}}
2026-09-12 16:43:20,892 INFO request {"path": "/measure", "payload": {"arena_id": "default", "robot_id": "202601002029", "request_id": "90c1630c497f4538a68851612a9cb928", "position": {"x": 16.36192371865036, "y": 1575.24297385338}, "channel": 3}, "attempt": 1}
2026-09-12 16:43:20,894 INFO response {"request_id": "90c1630c497f4538a68851612a9cb928", "http_status": 200, "body": {"accepted": true, "real_timestamp_ms": 1789202597607, "virtual_time_s": 4374.6408, "measure_result": "direction", "svd_deg": 330.51}}
2026-09-12 16:43:21,566 INFO request {"path": "/measure", "payload": {"arena_id": "default", "robot_id": "202601002029", "request_id": "6727cda7a0184e93b9cfc75090387223", "position": {"x": 125.97118327167908, "y": 1407.0574559710299}, "channel": 3}, "attempt": 1}
2026-09-12 16:43:21,579 INFO response {"request_id": "6727cda7a0184e93b9cfc75090387223", "http_status": 200, "body": {"accepted": true, "real_timestamp_ms": 1789202598292, "virtual_time_s": 4419.790798, "measure_result": "direction", "svd_deg": 344.21}}
2026-09-12 16:43:21,583 INFO request {"path": "/clear", "payload": {"arena_id": "default", "robot_id": "202601002029", "request_id": "c28b86a2d8044996919e57067e977aed", "position": {"x": 411.1211892779744, "y": 1597.0243841496845}, "channel": 16}, "attempt": 1}
2026-09-12 16:43:21,583 INFO response {"request_id": "c28b86a2d8044996919e57067e977aed", "http_status": 200, "body": {"accepted": true, "real_timestamp_ms": 1789202598297, "virtual_time_s": 4493.317569, "clear_result": "success"}}
2026-09-12 16:43:21,584 INFO request {"path": "/clear", "payload": {"arena_id": "default", "robot_id": "202601002029", "request_id": "fdc7715048da4f99a37c9fb90a80bfaf", "position": {"x": 492.0448699173015, "y": 1303.329384824644}, "channel": 3}, "attempt": 1}
2026-09-12 16:43:21,584 INFO response {"request_id": "fdc7715048da4f99a37c9fb90a80bfaf", "http_status": 200, "body": {"accepted": true, "real_timestamp_ms": 1789202598298, "virtual_time_s": 4559.245525, "clear_result": "success"}}
2026-09-12 16:43:21,584 INFO request {"path": "/exit", "payload": {"arena_id": "default", "robot_id": "202601002029", "request_id": "11f39f4e926045289fc561406b49f105"}, "attempt": 1}
2026-09-12 16:43:21,585 INFO response {"request_id": "11f39f4e926045289fc561406b49f105", "http_status": 200, "body": {"accepted": true, "real_timestamp_ms": 1789202598298, "virtual_time_s": 4559.245525, "exit_reason": "user_exit"}}
