2026-09-13 11:11:07,191 INFO request {"path": "/enter", "payload": {"arena_id": "default", "robot_id": "202601002029", "request_id": "d608f8570921404daa6799603fe9e4b2"}, "attempt": 1}
2026-09-13 11:11:07,199 INFO response {"request_id": "d608f8570921404daa6799603fe9e4b2", "http_status": 200, "body": {"accepted": true, "real_timestamp_ms": 1789269063135, "virtual_time_s": 0, "max_virtual_duration_s": 360000, "max_real_duration_s": 1200, "remaining_real_duration_s": 1200}}
2026-09-13 11:11:07,199 INFO request {"path": "/measure", "payload": {"arena_id": "default", "robot_id": "202601002029", "request_id": "82c391abd4df4324bca2db0b3c5c9664", "position": {"x": 0.0, "y": 0.0}, "channel": 1}, "attempt": 1}
2026-09-13 11:11:07,218 INFO response {"request_id": "82c391abd4df4324bca2db0b3c5c9664", "http_status": 200, "body": {"accepted": true, "real_timestamp_ms": 1789269063154, "virtual_time_s": 5, "measure_result": "direction", "svd_deg": 2.58}}
2026-09-13 11:11:07,224 INFO request {"path": "/measure", "payload": {"arena_id": "default", "robot_id": "202601002029", "request_id": "82b7ef8b214543379f92624f3f7c736a", "position": {"x": 0.0, "y": 0.0}, "channel": 2}, "attempt": 1}
2026-09-13 11:11:07,225 INFO response {"request_id": "82b7ef8b214543379f92624f3f7c736a", "http_status": 200, "body": {"accepted": true, "real_timestamp_ms": 1789269063161, "virtual_time_s": 11, "measure_result": "no_signal"}}
2026-09-13 11:11:07,225 INFO request {"path": "/measure", "payload": {"arena_id": "default", "robot_id": "202601002029", "request_id": "cd3bca2e7a3b496783302ca0ec198c84", "position": {"x": 0.0, "y": 0.0}, "channel": 3}, "attempt": 1}
2026-09-13 11:11:07,227 INFO response {"request_id": "cd3bca2e7a3b496783302ca0ec198c84", "http_status": 200, "body": {"accepted": true, "real_timestamp_ms": 1789269063163, "virtual_time_s": 17, "measure_result": "direction", "svd_deg": 224.63}}
2026-09-13 11:11:07,230 INFO request {"path": "/measure", "payload": {"arena_id": "default", "robot_id": "202601002029", "request_id": "46dc7bcf57484fc78241839b768096aa", "position": {"x": 0.0, "y": 0.0}, "channel": 4}, "attempt": 1}
2026-09-13 11:11:07,249 INFO response {"request_id": "46dc7bcf57484fc78241839b768096aa", "http_status": 200, "body": {"accepted": true, "real_timestamp_ms": 1789269063185, "virtual_time_s": 23, "measure_result": "direction", "svd_deg": 28.83}}
2026-09-13 11:11:07,251 INFO request {"path": "/measure", "payload": {"arena_id": "default", "robot_id": "202601002029", "request_id": "d1a77efc76e14fdaa9622d3040bfb661", "position": {"x": 0.0, "y": 0.0}, "channel": 5}, "attempt": 1}
2026-09-13 11:11:07,252 INFO response {"request_id": "d1a77efc76e14fdaa9622d3040bfb661", "http_status": 200, "body": {"accepted": true, "real_timestamp_ms": 1789269063188, "virtual_time_s": 29, "measure_result": "no_signal"}}
2026-09-13 11:11:07,252 INFO request {"path": "/measure", "payload": {"arena_id": "default", "robot_id": "202601002029", "request_id": "cd05e3f71b174a34bb346a0697fee1a0", "position": {"x": 0.0, "y": 0.0}, "channel": 6}, "attempt": 1}
2026-09-13 11:11:07,253 INFO response {"request_id": "cd05e3f71b174a34bb346a0697fee1a0", "http_status": 200, "body": {"accepted": true, "real_timestamp_ms": 1789269063190, "virtual_time_s": 35, "measure_result": "no_signal"}}
2026-09-13 11:11:07,254 INFO request {"path": "/measure", "payload": {"arena_id": "default", "robot_id": "202601002029", "request_id": "e729653e3f6a48029ae2b9b869835539", "position": {"x": 0.0, "y": 0.0}, "channel": 7}, "attempt": 1}
2026-09-13 11:11:07,264 INFO response {"request_id": "e729653e3f6a48029ae2b9b869835539", "http_status": 200, "body": {"accepted": true, "real_timestamp_ms": 1789269063201, "virtual_time_s": 41, "measure_result": "direction", "svd_deg": 153.89}}
2026-09-13 11:11:07,267 INFO request {"path": "/measure", "payload": {"arena_id": "default", "robot_id": "202601002029", "request_id": "270d2ff6d23f4a5986733dbf90006009", "position": {"x": 0.0, "y": 0.0}, "channel": 8}, "attempt": 1}
2026-09-13 11:11:07,280 INFO response {"request_id": "270d2ff6d23f4a5986733dbf90006009", "http_status": 200, "body": {"accepted": true, "real_timestamp_ms": 1789269063217, "virtual_time_s": 47, "measure_result": "no_signal"}}
2026-09-13 11:11:07,281 INFO request {"path": "/measure", "payload": {"arena_id": "default", "robot_id": "202601002029", "request_id": "6679465d1f5c401a8bea1f51197c9d58", "position": {"x": 0.0, "y": 0.0}, "channel": 9}, "attempt": 1}
2026-09-13 11:11:07,296 INFO response {"request_id": "6679465d1f5c401a8bea1f51197c9d58", "http_status": 200, "body": {"accepted": true, "real_timestamp_ms": 1789269063232, "virtual_time_s": 53, "measure_result": "direction", "svd_deg": 197.65}}
2026-09-13 11:11:07,299 INFO request {"path": "/measure", "payload": {"arena_id": "default", "robot_id": "202601002029", "request_id": "1afe03aa714a419e8b75ecb1579905de", "position": {"x": 0.0, "y": 0.0}, "channel": 10}, "attempt": 1}
2026-09-13 11:11:07,302 INFO response {"request_id": "1afe03aa714a419e8b75ecb1579905de", "http_status": 200, "body": {"accepted": true, "real_timestamp_ms": 1789269063237, "virtual_time_s": 59, "measure_result": "no_signal"}}
2026-09-13 11:11:07,302 INFO request {"path": "/measure", "payload": {"arena_id": "default", "robot_id": "202601002029", "request_id": "a1a8957deed44d71b33996cb58c587ce", "position": {"x": 0.0, "y": 0.0}, "channel": 11}, "attempt": 1}
2026-09-13 11:11:07,304 INFO response {"request_id": "a1a8957deed44d71b33996cb58c587ce", "http_status": 200, "body": {"accepted": true, "real_timestamp_ms": 1789269063240, "virtual_time_s": 65, "measure_result": "direction", "svd_deg": 102.22}}
2026-09-13 11:11:07,306 INFO request {"path": "/measure", "payload": {"arena_id": "default", "robot_id": "202601002029", "request_id": "dc35aba848df4387ba6b5c1fa092b9d2", "position": {"x": 0.0, "y": 0.0}, "channel": 12}, "attempt": 1}
2026-09-13 11:11:07,327 INFO response {"request_id": "dc35aba848df4387ba6b5c1fa092b9d2", "http_status": 200, "body": {"accepted": true, "real_timestamp_ms": 1789269063263, "virtual_time_s": 71, "measure_result": "direction", "svd_deg": 321.2}}
2026-09-13 11:11:07,330 INFO request {"path": "/measure", "payload": {"arena_id": "default", "robot_id": "202601002029", "request_id": "38c3e6ffdaf44456bae6f162a4fc3aa1", "position": {"x": 0.0, "y": 0.0}, "channel": 13}, "attempt": 1}
2026-09-13 11:11:07,333 INFO response {"request_id": "38c3e6ffdaf44456bae6f162a4fc3aa1", "http_status": 200, "body": {"accepted": true, "real_timestamp_ms": 1789269063269, "virtual_time_s": 77, "measure_result": "direction", "svd_deg": 71.59}}
2026-09-13 11:11:07,336 INFO request {"path": "/measure", "payload": {"arena_id": "default", "robot_id": "202601002029", "request_id": "a4d19d46509b42efa44b0523c5236551", "position": {"x": 0.0, "y": 0.0}, "channel": 14}, "attempt": 1}
2026-09-13 11:11:07,360 INFO response {"request_id": "a4d19d46509b42efa44b0523c5236551", "http_status": 200, "body": {"accepted": true, "real_timestamp_ms": 1789269063295, "virtual_time_s": 83, "measure_result": "no_signal"}}
2026-09-13 11:11:07,360 INFO request {"path": "/measure", "payload": {"arena_id": "default", "robot_id": "202601002029", "request_id": "e40c3f3ef4224c4dbd7d0f329757e521", "position": {"x": 0.0, "y": 0.0}, "channel": 15}, "attempt": 1}
2026-09-13 11:11:07,364 INFO response {"request_id": "e40c3f3ef4224c4dbd7d0f329757e521", "http_status": 200, "body": {"accepted": true, "real_timestamp_ms": 1789269063298, "virtual_time_s": 89, "measure_result": "no_signal"}}
2026-09-13 11:11:07,364 INFO request {"path": "/measure", "payload": {"arena_id": "default", "robot_id": "202601002029", "request_id": "62f7ea00145845ad95e857e6439ca7bd", "position": {"x": 0.0, "y": 0.0}, "channel": 16}, "attempt": 1}
2026-09-13 11:11:07,366 INFO response {"request_id": "62f7ea00145845ad95e857e6439ca7bd", "http_status": 200, "body": {"accepted": true, "real_timestamp_ms": 1789269063302, "virtual_time_s": 95, "measure_result": "no_signal"}}
2026-09-13 11:11:07,366 INFO request {"path": "/measure", "payload": {"arena_id": "default", "robot_id": "202601002029", "request_id": "ecadcf1c96bd4ca599170f4bb2ba7527", "position": {"x": 0.0, "y": 0.0}, "channel": 17}, "attempt": 1}
2026-09-13 11:11:07,368 INFO response {"request_id": "ecadcf1c96bd4ca599170f4bb2ba7527", "http_status": 200, "body": {"accepted": true, "real_timestamp_ms": 1789269063304, "virtual_time_s": 101, "measure_result": "direction", "svd_deg": 80.42}}
2026-09-13 11:11:07,372 INFO request {"path": "/measure", "payload": {"arena_id": "default", "robot_id": "202601002029", "request_id": "34a26520f7834b7fb55fb201e538227e", "position": {"x": 0.0, "y": 0.0}, "channel": 18}, "attempt": 1}
2026-09-13 11:11:07,390 INFO response {"request_id": "34a26520f7834b7fb55fb201e538227e", "http_status": 200, "body": {"accepted": true, "real_timestamp_ms": 1789269063326, "virtual_time_s": 107, "measure_result": "no_signal"}}
2026-09-13 11:11:07,390 INFO request {"path": "/measure", "payload": {"arena_id": "default", "robot_id": "202601002029", "request_id": "9275679b5f6c45908989141bc76f041a", "position": {"x": 0.0, "y": 0.0}, "channel": 19}, "attempt": 1}
2026-09-13 11:11:07,404 INFO response {"request_id": "9275679b5f6c45908989141bc76f041a", "http_status": 200, "body": {"accepted": true, "real_timestamp_ms": 1789269063341, "virtual_time_s": 113, "measure_result": "no_signal"}}
2026-09-13 11:11:07,405 INFO request {"path": "/measure", "payload": {"arena_id": "default", "robot_id": "202601002029", "request_id": "2368cbda57e341f88a946aabb18e0f9a", "position": {"x": 0.0, "y": 0.0}, "channel": 20}, "attempt": 1}
2026-09-13 11:11:07,406 INFO response {"request_id": "2368cbda57e341f88a946aabb18e0f9a", "http_status": 200, "body": {"accepted": true, "real_timestamp_ms": 1789269063342, "virtual_time_s": 119, "measure_result": "direction", "svd_deg": 239.66}}
2026-09-13 11:11:07,407 INFO request {"path": "/measure", "payload": {"arena_id": "default", "robot_id": "202601002029", "request_id": "7913c347b04748ab880019db4c5b3e34", "position": {"x": 1130.0, "y": 0.0}, "channel": 2}, "attempt": 1}
2026-09-13 11:11:07,421 INFO response {"request_id": "7913c347b04748ab880019db4c5b3e34", "http_status": 200, "body": {"accepted": true, "real_timestamp_ms": 1789269063357, "virtual_time_s": 351, "measure_result": "no_signal"}}
2026-09-13 11:11:07,421 INFO request {"path": "/measure", "payload": {"arena_id": "default", "robot_id": "202601002029", "request_id": "9f0a2423b5174831bf0610e77cd11a43", "position": {"x": 1130.0, "y": 0.0}, "channel": 5}, "attempt": 1}
2026-09-13 11:11:07,423 INFO response {"request_id": "9f0a2423b5174831bf0610e77cd11a43", "http_status": 200, "body": {"accepted": true, "real_timestamp_ms": 1789269063359, "virtual_time_s": 357, "measure_result": "no_signal"}}
2026-09-13 11:11:07,423 INFO request {"path": "/measure", "payload": {"arena_id": "default", "robot_id": "202601002029", "request_id": "75f93165174740b1a08c006e5c7716ba", "position": {"x": 1130.0, "y": 0.0}, "channel": 6}, "attempt": 1}
2026-09-13 11:11:07,424 INFO response {"request_id": "75f93165174740b1a08c006e5c7716ba", "http_status": 200, "body": {"accepted": true, "real_timestamp_ms": 1789269063360, "virtual_time_s": 363, "measure_result": "direction", "svd_deg": 96.9}}
2026-09-13 11:11:07,427 INFO request {"path": "/measure", "payload": {"arena_id": "default", "robot_id": "202601002029", "request_id": "2473535824714a7d8dfe9d4efa5be96f", "position": {"x": 1130.0, "y": 0.0}, "channel": 8}, "attempt": 1}
2026-09-13 11:11:07,451 INFO response {"request_id": "2473535824714a7d8dfe9d4efa5be96f", "http_status": 200, "body": {"accepted": true, "real_timestamp_ms": 1789269063387, "virtual_time_s": 369, "measure_result": "no_signal"}}
2026-09-13 11:11:07,452 INFO request {"path": "/measure", "payload": {"arena_id": "default", "robot_id": "202601002029", "request_id": "d8c708deb0f9474e83562fed245a54c5", "position": {"x": 1130.0, "y": 0.0}, "channel": 10}, "attempt": 1}
2026-09-13 11:11:07,455 INFO response {"request_id": "d8c708deb0f9474e83562fed245a54c5", "http_status": 200, "body": {"accepted": true, "real_timestamp_ms": 1789269063390, "virtual_time_s": 375, "measure_result": "direction", "svd_deg": 96.43}}
2026-09-13 11:11:07,460 INFO request {"path": "/measure", "payload": {"arena_id": "default", "robot_id": "202601002029", "request_id": "32b695c3dce04d4ca8c0eb253f7cc51b", "position": {"x": 1130.0, "y": 0.0}, "channel": 14}, "attempt": 1}
2026-09-13 11:11:07,483 INFO response {"request_id": "32b695c3dce04d4ca8c0eb253f7cc51b", "http_status": 200, "body": {"accepted": true, "real_timestamp_ms": 1789269063419, "virtual_time_s": 381, "measure_result": "no_signal"}}
2026-09-13 11:11:07,635 INFO request {"path": "/measure", "payload": {"arena_id": "default", "robot_id": "202601002029", "request_id": "4b9959cb8c1d4754adbf32e96a02b7c7", "position": {"x": 1130.0, "y": 0.0}, "channel": 15}, "attempt": 1}
2026-09-13 11:11:07,653 INFO response {"request_id": "4b9959cb8c1d4754adbf32e96a02b7c7", "http_status": 200, "body": {"accepted": true, "real_timestamp_ms": 1789269063589, "virtual_time_s": 387, "measure_result": "no_signal"}}
2026-09-13 11:11:07,654 INFO request {"path": "/measure", "payload": {"arena_id": "default", "robot_id": "202601002029", "request_id": "82696abaccb842eb8f797b2d53b72ed8", "position": {"x": 1130.0, "y": 0.0}, "channel": 16}, "attempt": 1}
2026-09-13 11:11:07,656 INFO response {"request_id": "82696abaccb842eb8f797b2d53b72ed8", "http_status": 200, "body": {"accepted": true, "real_timestamp_ms": 1789269063592, "virtual_time_s": 393, "measure_result": "no_signal"}}
2026-09-13 11:11:07,657 INFO request {"path": "/measure", "payload": {"arena_id": "default", "robot_id": "202601002029", "request_id": "25b4bc7fadb249e58e35b76f99403a23", "position": {"x": 1130.0, "y": 0.0}, "channel": 18}, "attempt": 1}
2026-09-13 11:11:07,659 INFO response {"request_id": "25b4bc7fadb249e58e35b76f99403a23", "http_status": 200, "body": {"accepted": true, "real_timestamp_ms": 1789269063595, "virtual_time_s": 399, "measure_result": "no_signal"}}
2026-09-13 11:11:07,659 INFO request {"path": "/measure", "payload": {"arena_id": "default", "robot_id": "202601002029", "request_id": "e2bdfbd788844fdd89b54b847f0fd97f", "position": {"x": 1130.0, "y": 0.0}, "channel": 19}, "attempt": 1}
2026-09-13 11:11:07,662 INFO response {"request_id": "e2bdfbd788844fdd89b54b847f0fd97f", "http_status": 200, "body": {"accepted": true, "real_timestamp_ms": 1789269063598, "virtual_time_s": 405, "measure_result": "no_signal"}}
2026-09-13 11:11:07,720 INFO request {"path": "/measure", "payload": {"arena_id": "default", "robot_id": "202601002029", "request_id": "fb1815fd85444059948c3d1781b3a3a4", "position": {"x": 1130.0, "y": 0.0}, "channel": 12}, "attempt": 1}
2026-09-13 11:11:07,721 INFO response {"request_id": "fb1815fd85444059948c3d1781b3a3a4", "http_status": 200, "body": {"accepted": true, "real_timestamp_ms": 1789269063657, "virtual_time_s": 411, "measure_result": "direction", "svd_deg": 241.94}}
2026-09-13 11:11:07,740 INFO request {"path": "/measure", "payload": {"arena_id": "default", "robot_id": "202601002029", "request_id": "90ba5c1be9344dda9f65616d3c17f8a4", "position": {"x": 1130.0, "y": 0.0}, "channel": 4}, "attempt": 1}
2026-09-13 11:11:07,762 INFO response {"request_id": "90ba5c1be9344dda9f65616d3c17f8a4", "http_status": 200, "body": {"accepted": true, "real_timestamp_ms": 1789269063698, "virtual_time_s": 417, "measure_result": "direction", "svd_deg": 115.03}}
2026-09-13 11:11:07,765 INFO request {"path": "/measure", "payload": {"arena_id": "default", "robot_id": "202601002029", "request_id": "d94e13c2f28047cba442e150d892e691", "position": {"x": 565.0000000000001, "y": 978.6087062764157}, "channel": 2}, "attempt": 1}
2026-09-13 11:11:07,777 INFO response {"request_id": "d94e13c2f28047cba442e150d892e691", "http_status": 200, "body": {"accepted": true, "real_timestamp_ms": 1789269063714, "virtual_time_s": 649, "measure_result": "no_signal"}}
2026-09-13 11:11:07,778 INFO request {"path": "/measure", "payload": {"arena_id": "default", "robot_id": "202601002029", "request_id": "09d0f19a652446caa5b6d9d1b3f3e835", "position": {"x": 565.0000000000001, "y": 978.6087062764157}, "channel": 5}, "attempt": 1}
2026-09-13 11:11:07,793 INFO response {"request_id": "09d0f19a652446caa5b6d9d1b3f3e835", "http_status": 200, "body": {"accepted": true, "real_timestamp_ms": 1789269063729, "virtual_time_s": 655, "measure_result": "no_signal"}}
2026-09-13 11:11:07,794 INFO request {"path": "/measure", "payload": {"arena_id": "default", "robot_id": "202601002029", "request_id": "2ab9e61d18e1411ca3d4ebcc58880a3b", "position": {"x": 565.0000000000001, "y": 978.6087062764157}, "channel": 8}, "attempt": 1}
2026-09-13 11:11:07,794 INFO response {"request_id": "2ab9e61d18e1411ca3d4ebcc58880a3b", "http_status": 200, "body": {"accepted": true, "real_timestamp_ms": 1789269063731, "virtual_time_s": 661, "measure_result": "no_signal"}}
2026-09-13 11:11:07,795 INFO request {"path": "/measure", "payload": {"arena_id": "default", "robot_id": "202601002029", "request_id": "6a4ad75c1adf452a8e513db268878000", "position": {"x": 565.0000000000001, "y": 978.6087062764157}, "channel": 14}, "attempt": 1}
2026-09-13 11:11:07,795 INFO response {"request_id": "6a4ad75c1adf452a8e513db268878000", "http_status": 200, "body": {"accepted": true, "real_timestamp_ms": 1789269063732, "virtual_time_s": 667, "measure_result": "no_signal"}}
2026-09-13 11:11:07,795 INFO request {"path": "/measure", "payload": {"arena_id": "default", "robot_id": "202601002029", "request_id": "43b1bff8b910457d9b3b66e3ca9906bf", "position": {"x": 565.0000000000001, "y": 978.6087062764157}, "channel": 15}, "attempt": 1}
2026-09-13 11:11:07,809 INFO response {"request_id": "43b1bff8b910457d9b3b66e3ca9906bf", "http_status": 200, "body": {"accepted": true, "real_timestamp_ms": 1789269063745, "virtual_time_s": 673, "measure_result": "no_signal"}}
2026-09-13 11:11:07,809 INFO request {"path": "/measure", "payload": {"arena_id": "default", "robot_id": "202601002029", "request_id": "33235d840bf84a13be8a7bbed9c3dfc8", "position": {"x": 565.0000000000001, "y": 978.6087062764157}, "channel": 16}, "attempt": 1}
2026-09-13 11:11:07,810 INFO response {"request_id": "33235d840bf84a13be8a7bbed9c3dfc8", "http_status": 200, "body": {"accepted": true, "real_timestamp_ms": 1789269063746, "virtual_time_s": 679, "measure_result": "no_signal"}}
2026-09-13 11:11:07,810 INFO request {"path": "/measure", "payload": {"arena_id": "default", "robot_id": "202601002029", "request_id": "5fc3605a1c624cebaba25f59d4e51560", "position": {"x": 565.0000000000001, "y": 978.6087062764157}, "channel": 18}, "attempt": 1}
2026-09-13 11:11:07,811 INFO response {"request_id": "5fc3605a1c624cebaba25f59d4e51560", "http_status": 200, "body": {"accepted": true, "real_timestamp_ms": 1789269063747, "virtual_time_s": 685, "measure_result": "no_signal"}}
2026-09-13 11:11:07,811 INFO request {"path": "/measure", "payload": {"arena_id": "default", "robot_id": "202601002029", "request_id": "a8d24d39af224a158db0d3efec9880d2", "position": {"x": 565.0000000000001, "y": 978.6087062764157}, "channel": 19}, "attempt": 1}
2026-09-13 11:11:07,812 INFO response {"request_id": "a8d24d39af224a158db0d3efec9880d2", "http_status": 200, "body": {"accepted": true, "real_timestamp_ms": 1789269063748, "virtual_time_s": 691, "measure_result": "no_signal"}}
2026-09-13 11:11:07,877 INFO request {"path": "/measure", "payload": {"arena_id": "default", "robot_id": "202601002029", "request_id": "5b1e6bf30e744f8e886e552cf3bcb798", "position": {"x": 565.0000000000001, "y": 978.6087062764157}, "channel": 4}, "attempt": 1}
2026-09-13 11:11:07,901 INFO response {"request_id": "5b1e6bf30e744f8e886e552cf3bcb798", "http_status": 200, "body": {"accepted": true, "real_timestamp_ms": 1789269063836, "virtual_time_s": 697, "measure_result": "direction", "svd_deg": 304.7}}
2026-09-13 11:11:07,997 INFO request {"path": "/measure", "payload": {"arena_id": "default", "robot_id": "202601002029", "request_id": "b994b18e051d4ff088589dd38c9233af", "position": {"x": 565.0000000000001, "y": 978.6087062764157}, "channel": 13}, "attempt": 1}
2026-09-13 11:11:07,998 INFO response {"request_id": "b994b18e051d4ff088589dd38c9233af", "http_status": 200, "body": {"accepted": true, "real_timestamp_ms": 1789269063934, "virtual_time_s": 703, "measure_result": "direction", "svd_deg": 205.79}}
2026-09-13 11:11:08,000 INFO request {"path": "/measure", "payload": {"arena_id": "default", "robot_id": "202601002029", "request_id": "24a13019857d4cce8e73e3cf544a28d7", "position": {"x": -564.9999999999998, "y": 978.6087062764158}, "channel": 2}, "attempt": 1}
2026-09-13 11:11:08,027 INFO response {"request_id": "24a13019857d4cce8e73e3cf544a28d7", "http_status": 200, "body": {"accepted": true, "real_timestamp_ms": 1789269063963, "virtual_time_s": 935, "measure_result": "no_signal"}}
2026-09-13 11:11:08,027 INFO request {"path": "/measure", "payload": {"arena_id": "default", "robot_id": "202601002029", "request_id": "05872aa5ffd1408b871715a81fdaf86b", "position": {"x": -564.9999999999998, "y": 978.6087062764158}, "channel": 5}, "attempt": 1}
2026-09-13 11:11:08,028 INFO response {"request_id": "05872aa5ffd1408b871715a81fdaf86b", "http_status": 200, "body": {"accepted": true, "real_timestamp_ms": 1789269063964, "virtual_time_s": 941, "measure_result": "no_signal"}}
2026-09-13 11:11:08,028 INFO request {"path": "/measure", "payload": {"arena_id": "default", "robot_id": "202601002029", "request_id": "72bab4ab481b4f7ea31c4e0419c88855", "position": {"x": -564.9999999999998, "y": 978.6087062764158}, "channel": 8}, "attempt": 1}
2026-09-13 11:11:08,029 INFO response {"request_id": "72bab4ab481b4f7ea31c4e0419c88855", "http_status": 200, "body": {"accepted": true, "real_timestamp_ms": 1789269063965, "virtual_time_s": 947, "measure_result": "no_signal"}}
2026-09-13 11:11:08,029 INFO request {"path": "/measure", "payload": {"arena_id": "default", "robot_id": "202601002029", "request_id": "17f70315b2994575957f3d32d7631ec2", "position": {"x": -564.9999999999998, "y": 978.6087062764158}, "channel": 14}, "attempt": 1}
2026-09-13 11:11:08,030 INFO response {"request_id": "17f70315b2994575957f3d32d7631ec2", "http_status": 200, "body": {"accepted": true, "real_timestamp_ms": 1789269063966, "virtual_time_s": 953, "measure_result": "no_signal"}}
2026-09-13 11:11:08,030 INFO request {"path": "/measure", "payload": {"arena_id": "default", "robot_id": "202601002029", "request_id": "474c0e7ed89e45598343a2521475fc9e", "position": {"x": -564.9999999999998, "y": 978.6087062764158}, "channel": 15}, "attempt": 1}
2026-09-13 11:11:08,041 INFO response {"request_id": "474c0e7ed89e45598343a2521475fc9e", "http_status": 200, "body": {"accepted": true, "real_timestamp_ms": 1789269063977, "virtual_time_s": 959, "measure_result": "no_signal"}}
2026-09-13 11:11:08,042 INFO request {"path": "/measure", "payload": {"arena_id": "default", "robot_id": "202601002029", "request_id": "f04c7938a67e4e4f94545bd2d8dc7496", "position": {"x": -564.9999999999998, "y": 978.6087062764158}, "channel": 16}, "attempt": 1}
2026-09-13 11:11:08,059 INFO response {"request_id": "f04c7938a67e4e4f94545bd2d8dc7496", "http_status": 200, "body": {"accepted": true, "real_timestamp_ms": 1789269063993, "virtual_time_s": 965, "measure_result": "no_signal"}}
2026-09-13 11:11:08,059 INFO request {"path": "/measure", "payload": {"arena_id": "default", "robot_id": "202601002029", "request_id": "68b8180b0253494597cf5de099b70051", "position": {"x": -564.9999999999998, "y": 978.6087062764158}, "channel": 18}, "attempt": 1}
2026-09-13 11:11:08,072 INFO response {"request_id": "68b8180b0253494597cf5de099b70051", "http_status": 200, "body": {"accepted": true, "real_timestamp_ms": 1789269064008, "virtual_time_s": 971, "measure_result": "no_signal"}}
2026-09-13 11:11:08,073 INFO request {"path": "/measure", "payload": {"arena_id": "default", "robot_id": "202601002029", "request_id": "cb4b04afb50741248158b1b8d7b8c436", "position": {"x": -564.9999999999998, "y": 978.6087062764158}, "channel": 19}, "attempt": 1}
2026-09-13 11:11:08,075 INFO response {"request_id": "cb4b04afb50741248158b1b8d7b8c436", "http_status": 200, "body": {"accepted": true, "real_timestamp_ms": 1789269064011, "virtual_time_s": 977, "measure_result": "no_signal"}}
2026-09-13 11:11:08,124 INFO request {"path": "/measure", "payload": {"arena_id": "default", "robot_id": "202601002029", "request_id": "e7ab5a4d14924b2b8d01fae968c972be", "position": {"x": -564.9999999999998, "y": 978.6087062764158}, "channel": 7}, "attempt": 1}
2026-09-13 11:11:08,148 INFO response {"request_id": "e7ab5a4d14924b2b8d01fae968c972be", "http_status": 200, "body": {"accepted": true, "real_timestamp_ms": 1789269064084, "virtual_time_s": 983, "measure_result": "direction", "svd_deg": 298.96}}
2026-09-13 11:11:08,183 INFO request {"path": "/measure", "payload": {"arena_id": "default", "robot_id": "202601002029", "request_id": "0b601c8e3ef845eaa7e988edb32d2c10", "position": {"x": -564.9999999999998, "y": 978.6087062764158}, "channel": 11}, "attempt": 1}
2026-09-13 11:11:08,185 INFO response {"request_id": "0b601c8e3ef845eaa7e988edb32d2c10", "http_status": 200, "body": {"accepted": true, "real_timestamp_ms": 1789269064121, "virtual_time_s": 989, "measure_result": "direction", "svd_deg": 11.98}}
2026-09-13 11:11:08,188 INFO request {"path": "/measure", "payload": {"arena_id": "default", "robot_id": "202601002029", "request_id": "e078653df2a74c9fbe92705a22e9f5df", "position": {"x": -1130.0, "y": 1.3838508830365092e-13}, "channel": 2}, "attempt": 1}
2026-09-13 11:11:08,209 INFO response {"request_id": "e078653df2a74c9fbe92705a22e9f5df", "http_status": 200, "body": {"accepted": true, "real_timestamp_ms": 1789269064145, "virtual_time_s": 1221, "measure_result": "no_signal"}}
2026-09-13 11:11:08,209 INFO request {"path": "/measure", "payload": {"arena_id": "default", "robot_id": "202601002029", "request_id": "0371656e9c3b4a97a7fa30155f1ecd71", "position": {"x": -1130.0, "y": 1.3838508830365092e-13}, "channel": 5}, "attempt": 1}
2026-09-13 11:11:08,224 INFO response {"request_id": "0371656e9c3b4a97a7fa30155f1ecd71", "http_status": 200, "body": {"accepted": true, "real_timestamp_ms": 1789269064160, "virtual_time_s": 1227, "measure_result": "direction", "svd_deg": 162.65}}
2026-09-13 11:11:08,226 INFO request {"path": "/measure", "payload": {"arena_id": "default", "robot_id": "202601002029", "request_id": "5fadf9446afa4099a46060f512e22896", "position": {"x": -1130.0, "y": 1.3838508830365092e-13}, "channel": 8}, "attempt": 1}
2026-09-13 11:11:08,239 INFO response {"request_id": "5fadf9446afa4099a46060f512e22896", "http_status": 200, "body": {"accepted": true, "real_timestamp_ms": 1789269064175, "virtual_time_s": 1233, "measure_result": "no_signal"}}
2026-09-13 11:11:08,239 INFO request {"path": "/measure", "payload": {"arena_id": "default", "robot_id": "202601002029", "request_id": "5ecbd3fad73b4edd8d2afad0245f81e6", "position": {"x": -1130.0, "y": 1.3838508830365092e-13}, "channel": 14}, "attempt": 1}
2026-09-13 11:11:08,255 INFO response {"request_id": "5ecbd3fad73b4edd8d2afad0245f81e6", "http_status": 200, "body": {"accepted": true, "real_timestamp_ms": 1789269064191, "virtual_time_s": 1239, "measure_result": "no_signal"}}
2026-09-13 11:11:08,255 INFO request {"path": "/measure", "payload": {"arena_id": "default", "robot_id": "202601002029", "request_id": "a36f1428ec404231bb97398f5445a410", "position": {"x": -1130.0, "y": 1.3838508830365092e-13}, "channel": 15}, "attempt": 1}
2026-09-13 11:11:08,256 INFO response {"request_id": "a36f1428ec404231bb97398f5445a410", "http_status": 200, "body": {"accepted": true, "real_timestamp_ms": 1789269064192, "virtual_time_s": 1245, "measure_result": "no_signal"}}
2026-09-13 11:11:08,257 INFO request {"path": "/measure", "payload": {"arena_id": "default", "robot_id": "202601002029", "request_id": "a8a043650d454ac1b4075cfca172ded3", "position": {"x": -1130.0, "y": 1.3838508830365092e-13}, "channel": 16}, "attempt": 1}
2026-09-13 11:11:08,258 INFO response {"request_id": "a8a043650d454ac1b4075cfca172ded3", "http_status": 200, "body": {"accepted": true, "real_timestamp_ms": 1789269064194, "virtual_time_s": 1251, "measure_result": "no_signal"}}
2026-09-13 11:11:08,258 INFO request {"path": "/measure", "payload": {"arena_id": "default", "robot_id": "202601002029", "request_id": "ab4e9cfdc85c433f81a6ec7357df3c43", "position": {"x": -1130.0, "y": 1.3838508830365092e-13}, "channel": 18}, "attempt": 1}
2026-09-13 11:11:08,260 INFO response {"request_id": "ab4e9cfdc85c433f81a6ec7357df3c43", "http_status": 200, "body": {"accepted": true, "real_timestamp_ms": 1789269064195, "virtual_time_s": 1257, "measure_result": "no_signal"}}
2026-09-13 11:11:08,260 INFO request {"path": "/measure", "payload": {"arena_id": "default", "robot_id": "202601002029", "request_id": "b2140ef31af84de9be3a5c20f043678d", "position": {"x": -1130.0, "y": 1.3838508830365092e-13}, "channel": 19}, "attempt": 1}
2026-09-13 11:11:08,260 INFO response {"request_id": "b2140ef31af84de9be3a5c20f043678d", "http_status": 200, "body": {"accepted": true, "real_timestamp_ms": 1789269064197, "virtual_time_s": 1263, "measure_result": "no_signal"}}
2026-09-13 11:11:08,309 INFO request {"path": "/measure", "payload": {"arena_id": "default", "robot_id": "202601002029", "request_id": "bec1f5ac41ab428ebcf8fb2582060974", "position": {"x": -1130.0, "y": 1.3838508830365092e-13}, "channel": 3}, "attempt": 1}
2026-09-13 11:11:08,332 INFO response {"request_id": "bec1f5ac41ab428ebcf8fb2582060974", "http_status": 200, "body": {"accepted": true, "real_timestamp_ms": 1789269064268, "virtual_time_s": 1269, "measure_result": "direction", "svd_deg": 302.23}}
2026-09-13 11:11:08,365 INFO request {"path": "/measure", "payload": {"arena_id": "default", "robot_id": "202601002029", "request_id": "2c691caebc2f424ead8782c3cd42e78f", "position": {"x": -1130.0, "y": 1.3838508830365092e-13}, "channel": 9}, "attempt": 1}
2026-09-13 11:11:08,379 INFO response {"request_id": "2c691caebc2f424ead8782c3cd42e78f", "http_status": 200, "body": {"accepted": true, "real_timestamp_ms": 1789269064315, "virtual_time_s": 1275, "measure_result": "direction", "svd_deg": 354.13}}
2026-09-13 11:11:08,382 INFO request {"path": "/measure", "payload": {"arena_id": "default", "robot_id": "202601002029", "request_id": "528003abce574247827757c56b870a19", "position": {"x": -565.0000000000005, "y": -978.6087062764154}, "channel": 2}, "attempt": 1}
2026-09-13 11:11:08,395 INFO response {"request_id": "528003abce574247827757c56b870a19", "http_status": 200, "body": {"accepted": true, "real_timestamp_ms": 1789269064331, "virtual_time_s": 1507, "measure_result": "no_signal"}}
2026-09-13 11:11:08,395 INFO request {"path": "/measure", "payload": {"arena_id": "default", "robot_id": "202601002029", "request_id": "b0e2a7acb9b84dfdb15005532ad20f2e", "position": {"x": -565.0000000000005, "y": -978.6087062764154}, "channel": 8}, "attempt": 1}
2026-09-13 11:11:08,410 INFO response {"request_id": "b0e2a7acb9b84dfdb15005532ad20f2e", "http_status": 200, "body": {"accepted": true, "real_timestamp_ms": 1789269064346, "virtual_time_s": 1513, "measure_result": "no_signal"}}
2026-09-13 11:11:08,410 INFO request {"path": "/measure", "payload": {"arena_id": "default", "robot_id": "202601002029", "request_id": "d1348da82997465b8810efbbae18fcbb", "position": {"x": -565.0000000000005, "y": -978.6087062764154}, "channel": 14}, "attempt": 1}
2026-09-13 11:11:08,411 INFO response {"request_id": "d1348da82997465b8810efbbae18fcbb", "http_status": 200, "body": {"accepted": true, "real_timestamp_ms": 1789269064348, "virtual_time_s": 1519, "measure_result": "direction", "svd_deg": 338.0}}
2026-09-13 11:11:08,414 INFO request {"path": "/measure", "payload": {"arena_id": "default", "robot_id": "202601002029", "request_id": "d9224084e64141c0b7f71dbace3f111f", "position": {"x": -565.0000000000005, "y": -978.6087062764154}, "channel": 15}, "attempt": 1}
2026-09-13 11:11:08,426 INFO response {"request_id": "d9224084e64141c0b7f71dbace3f111f", "http_status": 200, "body": {"accepted": true, "real_timestamp_ms": 1789269064362, "virtual_time_s": 1525, "measure_result": "no_signal"}}
2026-09-13 11:11:08,426 INFO request {"path": "/measure", "payload": {"arena_id": "default", "robot_id": "202601002029", "request_id": "d9cc13f0ea454358932e184bb319bb2b", "position": {"x": -565.0000000000005, "y": -978.6087062764154}, "channel": 16}, "attempt": 1}
2026-09-13 11:11:08,442 INFO response {"request_id": "d9cc13f0ea454358932e184bb319bb2b", "http_status": 200, "body": {"accepted": true, "real_timestamp_ms": 1789269064378, "virtual_time_s": 1531, "measure_result": "no_signal"}}
2026-09-13 11:11:08,442 INFO request {"path": "/measure", "payload": {"arena_id": "default", "robot_id": "202601002029", "request_id": "535ae565eb774d848b6ed3531ea35f9b", "position": {"x": -565.0000000000005, "y": -978.6087062764154}, "channel": 18}, "attempt": 1}
2026-09-13 11:11:08,443 INFO response {"request_id": "535ae565eb774d848b6ed3531ea35f9b", "http_status": 200, "body": {"accepted": true, "real_timestamp_ms": 1789269064380, "virtual_time_s": 1537, "measure_result": "no_signal"}}
2026-09-13 11:11:08,444 INFO request {"path": "/measure", "payload": {"arena_id": "default", "robot_id": "202601002029", "request_id": "53847d2afbc6491aa9327604d21dd058", "position": {"x": -565.0000000000005, "y": -978.6087062764154}, "channel": 19}, "attempt": 1}
2026-09-13 11:11:08,457 INFO response {"request_id": "53847d2afbc6491aa9327604d21dd058", "http_status": 200, "body": {"accepted": true, "real_timestamp_ms": 1789269064393, "virtual_time_s": 1543, "measure_result": "no_signal"}}
2026-09-13 11:11:08,502 INFO request {"path": "/measure", "payload": {"arena_id": "default", "robot_id": "202601002029", "request_id": "1ae315dd656e4d0c89f361ab634b0785", "position": {"x": -565.0000000000005, "y": -978.6087062764154}, "channel": 9}, "attempt": 1}
2026-09-13 11:11:08,518 INFO response {"request_id": "1ae315dd656e4d0c89f361ab634b0785", "http_status": 200, "body": {"accepted": true, "real_timestamp_ms": 1789269064454, "virtual_time_s": 1549, "measure_result": "direction", "svd_deg": 71.4}}
2026-09-13 11:11:08,537 INFO request {"path": "/measure", "payload": {"arena_id": "default", "robot_id": "202601002029", "request_id": "ec4266280288455b9b67ceaee2debd5c", "position": {"x": -565.0000000000005, "y": -978.6087062764154}, "channel": 3}, "attempt": 1}
2026-09-13 11:11:08,549 INFO response {"request_id": "ec4266280288455b9b67ceaee2debd5c", "http_status": 200, "body": {"accepted": true, "real_timestamp_ms": 1789269064485, "virtual_time_s": 1555, "measure_result": "direction", "svd_deg": 113.57}}
2026-09-13 11:11:08,552 INFO request {"path": "/measure", "payload": {"arena_id": "default", "robot_id": "202601002029", "request_id": "4f9452209020440f95f294792949de21", "position": {"x": 565.0000000000001, "y": -978.6087062764157}, "channel": 2}, "attempt": 1}
2026-09-13 11:11:08,553 INFO response {"request_id": "4f9452209020440f95f294792949de21", "http_status": 200, "body": {"accepted": true, "real_timestamp_ms": 1789269064490, "virtual_time_s": 1787, "measure_result": "no_signal"}}
2026-09-13 11:11:08,554 INFO request {"path": "/measure", "payload": {"arena_id": "default", "robot_id": "202601002029", "request_id": "0d772960b3aa481cb13f7ace7f56a5f8", "position": {"x": 565.0000000000001, "y": -978.6087062764157}, "channel": 8}, "attempt": 1}
2026-09-13 11:11:08,555 INFO response {"request_id": "0d772960b3aa481cb13f7ace7f56a5f8", "http_status": 200, "body": {"accepted": true, "real_timestamp_ms": 1789269064490, "virtual_time_s": 1793, "measure_result": "no_signal"}}
2026-09-13 11:11:08,555 INFO request {"path": "/measure", "payload": {"arena_id": "default", "robot_id": "202601002029", "request_id": "b376e3fc9cf448d39218d570f72baf3c", "position": {"x": 565.0000000000001, "y": -978.6087062764157}, "channel": 15}, "attempt": 1}
2026-09-13 11:11:08,580 INFO response {"request_id": "b376e3fc9cf448d39218d570f72baf3c", "http_status": 200, "body": {"accepted": true, "real_timestamp_ms": 1789269064516, "virtual_time_s": 1799, "measure_result": "no_signal"}}
2026-09-13 11:11:08,580 INFO request {"path": "/measure", "payload": {"arena_id": "default", "robot_id": "202601002029", "request_id": "e487e47c04f1404b87527249fa4a8ea6", "position": {"x": 565.0000000000001, "y": -978.6087062764157}, "channel": 16}, "attempt": 1}
2026-09-13 11:11:08,595 INFO response {"request_id": "e487e47c04f1404b87527249fa4a8ea6", "http_status": 200, "body": {"accepted": true, "real_timestamp_ms": 1789269064531, "virtual_time_s": 1805, "measure_result": "no_signal"}}
2026-09-13 11:11:08,596 INFO request {"path": "/measure", "payload": {"arena_id": "default", "robot_id": "202601002029", "request_id": "54bf0317694c42b6a4576f865ffdd626", "position": {"x": 565.0000000000001, "y": -978.6087062764157}, "channel": 18}, "attempt": 1}
2026-09-13 11:11:08,598 INFO response {"request_id": "54bf0317694c42b6a4576f865ffdd626", "http_status": 200, "body": {"accepted": true, "real_timestamp_ms": 1789269064533, "virtual_time_s": 1811, "measure_result": "no_signal"}}
2026-09-13 11:11:08,598 INFO request {"path": "/measure", "payload": {"arena_id": "default", "robot_id": "202601002029", "request_id": "45dd1c29e6484871bc1c69f5003252de", "position": {"x": 565.0000000000001, "y": -978.6087062764157}, "channel": 19}, "attempt": 1}
2026-09-13 11:11:08,611 INFO response {"request_id": "45dd1c29e6484871bc1c69f5003252de", "http_status": 200, "body": {"accepted": true, "real_timestamp_ms": 1789269064547, "virtual_time_s": 1817, "measure_result": "no_signal"}}
2026-09-13 11:11:08,652 INFO request {"path": "/measure", "payload": {"arena_id": "default", "robot_id": "202601002029", "request_id": "adb62bb92805449597676a12b24e1138", "position": {"x": 565.0000000000001, "y": -978.6087062764157}, "channel": 12}, "attempt": 1}
2026-09-13 11:11:08,672 INFO response {"request_id": "adb62bb92805449597676a12b24e1138", "http_status": 200, "body": {"accepted": true, "real_timestamp_ms": 1789269064608, "virtual_time_s": 1823, "measure_result": "direction", "svd_deg": 55.35}}
2026-09-13 11:11:08,697 INFO request {"path": "/measure", "payload": {"arena_id": "default", "robot_id": "202601002029", "request_id": "f84a155784e5445eb95cabc144d09113", "position": {"x": 565.0000000000001, "y": -978.6087062764157}, "channel": 14}, "attempt": 1}
2026-09-13 11:11:08,717 INFO response {"request_id": "f84a155784e5445eb95cabc144d09113", "http_status": 200, "body": {"accepted": true, "real_timestamp_ms": 1789269064653, "virtual_time_s": 1829, "measure_result": "direction", "svd_deg": 200.54}}
2026-09-13 11:11:16,505 INFO request {"path": "/measure", "payload": {"arena_id": "default", "robot_id": "202601002029", "request_id": "1d9a9eca8ebf4c2a9547af4f0378b305", "position": {"x": 1158.7476781798753, "y": -546.6785300370865}, "channel": 1}, "attempt": 1}
2026-09-13 11:11:16,529 INFO response {"request_id": "1d9a9eca8ebf4c2a9547af4f0378b305", "http_status": 200, "body": {"accepted": true, "real_timestamp_ms": 1789269072465, "virtual_time_s": 1981.846857, "measure_result": "direction", "svd_deg": 130.81}}
2026-09-13 11:11:17,294 INFO request {"path": "/measure", "payload": {"arena_id": "default", "robot_id": "202601002029", "request_id": "77b049121f144645b5140aa7b0f4a81f", "position": {"x": 884.7248309962566, "y": -302.64450183966954}, "channel": 1}, "attempt": 1}
2026-09-13 11:11:17,295 INFO response {"request_id": "77b049121f144645b5140aa7b0f4a81f", "http_status": 200, "body": {"accepted": true, "real_timestamp_ms": 1789269073231, "virtual_time_s": 2060.233812, "measure_result": "direction", "svd_deg": 124.73}}
2026-09-13 11:11:17,302 INFO request {"path": "/clear", "payload": {"arena_id": "default", "robot_id": "202601002029", "request_id": "e7cd9f85a68f453b82bc5e4ade8bb870", "position": {"x": 797.4228980037578, "y": -641.3286027220036}, "channel": 12}, "attempt": 1}
2026-09-13 11:11:17,304 INFO response {"request_id": "e7cd9f85a68f453b82bc5e4ade8bb870", "http_status": 200, "body": {"accepted": true, "real_timestamp_ms": 1789269073240, "virtual_time_s": 2135.184808, "clear_result": "success"}}
2026-09-13 11:11:17,317 INFO request {"path": "/measure", "payload": {"arena_id": "default", "robot_id": "202601002029", "request_id": "a23fd29732b64010b597ab2785032648", "position": {"x": 312.4844117380277, "y": -975.1393249897528}, "channel": 14}, "attempt": 1}
2026-09-13 11:11:17,341 INFO response {"request_id": "a23fd29732b64010b597ab2785032648", "http_status": 200, "body": {"accepted": true, "real_timestamp_ms": 1789269073277, "virtual_time_s": 2258.929436, "measure_result": "direction", "svd_deg": 213.56}}
2026-09-13 11:11:17,379 INFO request {"path": "/measure", "payload": {"arena_id": "default", "robot_id": "202601002029", "request_id": "e1dd5535319b4ba7b144a02486fc2499", "position": {"x": 312.4844117380277, "y": -975.1393249897528}, "channel": 20}, "attempt": 1}
2026-09-13 11:11:17,403 INFO response {"request_id": "e1dd5535319b4ba7b144a02486fc2499", "http_status": 200, "body": {"accepted": true, "real_timestamp_ms": 1789269073339, "virtual_time_s": 2264.929436, "measure_result": "direction", "svd_deg": 175.92}}
2026-09-13 11:11:17,447 INFO request {"path": "/measure", "payload": {"arena_id": "default", "robot_id": "202601002029", "request_id": "1f47d05e479d403db21686d22e0f362e", "position": {"x": 312.4844117380277, "y": -975.1393249897528}, "channel": 9}, "attempt": 1}
2026-09-13 11:11:17,466 INFO response {"request_id": "1f47d05e479d403db21686d22e0f362e", "http_status": 200, "body": {"accepted": true, "real_timestamp_ms": 1789269073402, "virtual_time_s": 2270.929436, "measure_result": "direction", "svd_deg": 123.27}}
2026-09-13 11:11:18,231 INFO request {"path": "/clear", "payload": {"arena_id": "default", "robot_id": "202601002029", "request_id": "8c0ebd53302c4f8195776969e1b1b897", "position": {"x": -22.964127823473106, "y": -1197.3133882598147}, "channel": 14}, "attempt": 1}
2026-09-13 11:11:18,249 INFO response {"request_id": "8c0ebd53302c4f8195776969e1b1b897", "http_status": 200, "body": {"accepted": true, "real_timestamp_ms": 1789269074185, "virtual_time_s": 2356.399812, "clear_result": "success"}}
2026-09-13 11:11:18,274 INFO request {"path": "/measure", "payload": {"arena_id": "default", "robot_id": "202601002029", "request_id": "e42fff5500df4ba7be41658d8e675bbf", "position": {"x": -22.964127823473106, "y": -1197.3133882598147}, "channel": 20}, "attempt": 1}
2026-09-13 11:11:18,275 INFO response {"request_id": "e42fff5500df4ba7be41658d8e675bbf", "http_status": 200, "body": {"accepted": true, "real_timestamp_ms": 1789269074211, "virtual_time_s": 2362.399812, "measure_result": "direction", "svd_deg": 151.17}}
2026-09-13 11:11:18,293 INFO request {"path": "/measure", "payload": {"arena_id": "default", "robot_id": "202601002029", "request_id": "691e0be147a6435ca3b241fe54945fd1", "position": {"x": -22.964127823473106, "y": -1197.3133882598147}, "channel": 3}, "attempt": 1}
2026-09-13 11:11:18,295 INFO response {"request_id": "691e0be147a6435ca3b241fe54945fd1", "http_status": 200, "body": {"accepted": true, "real_timestamp_ms": 1789269074231, "virtual_time_s": 2368.399812, "measure_result": "direction", "svd_deg": 142.02}}
2026-09-13 11:11:19,140 INFO request {"path": "/measure", "payload": {"arena_id": "default", "robot_id": "202601002029", "request_id": "1000ae90e45047c2bca74b0a011961c8", "position": {"x": -252.8924686770169, "y": -1198.215380881959}, "channel": 20}, "attempt": 1}
2026-09-13 11:11:19,156 INFO response {"request_id": "1000ae90e45047c2bca74b0a011961c8", "http_status": 200, "body": {"accepted": true, "real_timestamp_ms": 1789269075092, "virtual_time_s": 2420.385834, "measure_result": "direction", "svd_deg": 135.62}}
2026-09-13 11:11:19,164 INFO request {"path": "/clear", "payload": {"arena_id": "default", "robot_id": "202601002029", "request_id": "688e2c41ad3a441eb826b0ad1d689468", "position": {"x": -535.9741060065201, "y": -915.3687753860706}, "channel": 20}, "attempt": 1}
2026-09-13 11:11:19,165 INFO response {"request_id": "688e2c41ad3a441eb826b0ad1d689468", "http_status": 200, "body": {"accepted": true, "real_timestamp_ms": 1789269075101, "virtual_time_s": 2505.420181, "clear_result": "success"}}
2026-09-13 11:11:19,174 INFO request {"path": "/measure", "payload": {"arena_id": "default", "robot_id": "202601002029", "request_id": "caff3db289e3434da8164c43bc474049", "position": {"x": -535.9741060065201, "y": -915.3687753860706}, "channel": 7}, "attempt": 1}
2026-09-13 11:11:19,176 INFO response {"request_id": "caff3db289e3434da8164c43bc474049", "http_status": 200, "body": {"accepted": true, "real_timestamp_ms": 1789269075112, "virtual_time_s": 2511.420181, "measure_result": "direction", "svd_deg": 61.34}}
2026-09-13 11:11:19,181 INFO request {"path": "/clear", "payload": {"arena_id": "default", "robot_id": "202601002029", "request_id": "89d27b2380bd4336a576db7d21026a31", "position": {"x": -690.0879340592365, "y": -681.438855875919}, "channel": 3}, "attempt": 1}
2026-09-13 11:11:19,182 INFO response {"request_id": "89d27b2380bd4336a576db7d21026a31", "http_status": 200, "body": {"accepted": true, "real_timestamp_ms": 1789269075119, "virtual_time_s": 2572.446703, "clear_result": "success"}}
2026-09-13 11:11:19,184 INFO request {"path": "/clear", "payload": {"arena_id": "default", "robot_id": "202601002029", "request_id": "bcf30d34f3dd47cdb3ba61a1cc34d626", "position": {"x": -267.67397939312974, "y": -89.88860222074237}, "channel": 9}, "attempt": 1}
2026-09-13 11:11:19,203 INFO response {"request_id": "bcf30d34f3dd47cdb3ba61a1cc34d626", "http_status": 200, "body": {"accepted": true, "real_timestamp_ms": 1789269075139, "virtual_time_s": 2722.824177, "clear_result": "success"}}
2026-09-13 11:11:19,207 INFO request {"path": "/clear", "payload": {"arena_id": "default", "robot_id": "202601002029", "request_id": "fd281ae3d33e4cfd8ced45e053bf0c36", "position": {"x": -28.255068482933854, "y": 13.488126063480859}, "channel": 7}, "attempt": 1}
2026-09-13 11:11:19,219 INFO response {"request_id": "fd281ae3d33e4cfd8ced45e053bf0c36", "http_status": 200, "body": {"accepted": true, "real_timestamp_ms": 1789269075154, "virtual_time_s": 2779.980926, "clear_result": "success"}}
2026-09-13 11:11:19,220 INFO request {"path": "/measure", "payload": {"arena_id": "default", "robot_id": "202601002029", "request_id": "8f1d2b4cfb9c48b0a56069ae8a08f575", "position": {"x": 280.3137346424731, "y": 440.28829478451974}, "channel": 13}, "attempt": 1}
2026-09-13 11:11:19,234 INFO response {"request_id": "8f1d2b4cfb9c48b0a56069ae8a08f575", "http_status": 200, "body": {"accepted": true, "real_timestamp_ms": 1789269075169, "virtual_time_s": 2891.313369, "measure_result": "direction", "svd_deg": 87.06}}
2026-09-13 11:11:19,277 INFO request {"path": "/measure", "payload": {"arena_id": "default", "robot_id": "202601002029", "request_id": "d0853c63ea2d49e0af33a9b55f963713", "position": {"x": 280.3137346424731, "y": 440.28829478451974}, "channel": 6}, "attempt": 1}
2026-09-13 11:11:19,295 INFO response {"request_id": "d0853c63ea2d49e0af33a9b55f963713", "http_status": 200, "body": {"accepted": true, "real_timestamp_ms": 1789269075231, "virtual_time_s": 2897.313369, "measure_result": "direction", "svd_deg": 45.37}}
2026-09-13 11:11:19,316 INFO request {"path": "/measure", "payload": {"arena_id": "default", "robot_id": "202601002029", "request_id": "95e3f474b9ed4226aa627fff09fb3f77", "position": {"x": 280.3137346424731, "y": 440.28829478451974}, "channel": 10}, "attempt": 1}
2026-09-13 11:11:19,342 INFO response {"request_id": "95e3f474b9ed4226aa627fff09fb3f77", "http_status": 200, "body": {"accepted": true, "real_timestamp_ms": 1789269075277, "virtual_time_s": 2903.313369, "measure_result": "direction", "svd_deg": 1.83}}
2026-09-13 11:11:20,069 INFO request {"path": "/clear", "payload": {"arena_id": "default", "robot_id": "202601002029", "request_id": "56b1ed56032e4b4997491a1a2155ffe3", "position": {"x": 654.2986972009253, "y": 29.211586629862357}, "channel": 1}, "attempt": 1}
2026-09-13 11:11:20,090 INFO response {"request_id": "56b1ed56032e4b4997491a1a2155ffe3", "http_status": 200, "body": {"accepted": true, "real_timestamp_ms": 1789269076026, "virtual_time_s": 3019.461705, "clear_result": "success"}}
2026-09-13 11:11:20,092 INFO request {"path": "/clear", "payload": {"arena_id": "default", "robot_id": "202601002029", "request_id": "882040b779f141c6a43cd26274cd092c", "position": {"x": 899.2863404620888, "y": 495.20547013690407}, "channel": 4}, "attempt": 1}
2026-09-13 11:11:20,105 INFO response {"request_id": "882040b779f141c6a43cd26274cd092c", "http_status": 200, "body": {"accepted": true, "real_timestamp_ms": 1789269076041, "virtual_time_s": 3129.755436, "clear_result": "success"}}
2026-09-13 11:11:20,119 INFO request {"path": "/measure", "payload": {"arena_id": "default", "robot_id": "202601002029", "request_id": "873355f1b0d047abbd5c94372ccf3526", "position": {"x": 899.2863404620888, "y": 495.20547013690407}, "channel": 17}, "attempt": 1}
2026-09-13 11:11:20,121 INFO response {"request_id": "873355f1b0d047abbd5c94372ccf3526", "http_status": 200, "body": {"accepted": true, "real_timestamp_ms": 1789269076057, "virtual_time_s": 3135.755436, "measure_result": "direction", "svd_deg": 128.13}}
2026-09-13 11:11:20,775 INFO request {"path": "/clear", "payload": {"arena_id": "default", "robot_id": "202601002029", "request_id": "a467d2d46bed48b4b98a0bb380cde2e0", "position": {"x": 1077.2721842669118, "y": 465.5885757720733}, "channel": 10}, "attempt": 1}
2026-09-13 11:11:20,777 INFO response {"request_id": "a467d2d46bed48b4b98a0bb380cde2e0", "http_status": 200, "body": {"accepted": true, "real_timestamp_ms": 1789269076713, "virtual_time_s": 3176.842066, "clear_result": "success"}}
2026-09-13 11:11:20,802 INFO request {"path": "/measure", "payload": {"arena_id": "default", "robot_id": "202601002029", "request_id": "193963731c1e4db48aeb6cc17f2dcb38", "position": {"x": 1077.2721842669118, "y": 465.5885757720733}, "channel": 6}, "attempt": 1}
2026-09-13 11:11:20,823 INFO response {"request_id": "193963731c1e4db48aeb6cc17f2dcb38", "http_status": 200, "body": {"accepted": true, "real_timestamp_ms": 1789269076758, "virtual_time_s": 3182.842066, "measure_result": "direction", "svd_deg": 96.7}}
2026-09-13 11:11:21,633 INFO request {"path": "/measure", "payload": {"arena_id": "default", "robot_id": "202601002029", "request_id": "40b044493efa4e058bb11edd2e8c6ab7", "position": {"x": 1279.2722158898127, "y": 883.7703601708997}, "channel": 6}, "attempt": 1}
2026-09-13 11:11:21,650 INFO response {"request_id": "40b044493efa4e058bb11edd2e8c6ab7", "http_status": 200, "body": {"accepted": true, "real_timestamp_ms": 1789269077586, "virtual_time_s": 3280.724792, "measure_result": "direction", "svd_deg": 134.23}}
2026-09-13 11:11:21,657 INFO request {"path": "/clear", "payload": {"arena_id": "default", "robot_id": "202601002029", "request_id": "5389c620a89f40cbabce58c22f7f22c8", "position": {"x": 1000.779714114009, "y": 1170.3021956235525}, "channel": 6}, "attempt": 1}
2026-09-13 11:11:21,681 INFO response {"request_id": "5389c620a89f40cbabce58c22f7f22c8", "http_status": 200, "body": {"accepted": true, "real_timestamp_ms": 1789269077617, "virtual_time_s": 3365.639388, "clear_result": "success"}}
2026-09-13 11:11:21,707 INFO request {"path": "/measure", "payload": {"arena_id": "default", "robot_id": "202601002029", "request_id": "0e1c0f1516a0422c8eff3ad3376ca840", "position": {"x": 1000.779714114009, "y": 1170.3021956235525}, "channel": 17}, "attempt": 1}
2026-09-13 11:11:21,727 INFO response {"request_id": "0e1c0f1516a0422c8eff3ad3376ca840", "http_status": 200, "body": {"accepted": true, "real_timestamp_ms": 1789269077663, "virtual_time_s": 3371.639388, "measure_result": "direction", "svd_deg": 170.05}}
2026-09-13 11:11:21,732 INFO request {"path": "/clear", "payload": {"arena_id": "default", "robot_id": "202601002029", "request_id": "d920bfb7490541e6a203fe2e18a19fac", "position": {"x": 297.96489922014746, "y": 849.4406148066962}, "channel": 13}, "attempt": 1}
2026-09-13 11:11:21,734 INFO response {"request_id": "d920bfb7490541e6a203fe2e18a19fac", "http_status": 200, "body": {"accepted": true, "real_timestamp_ms": 1789269077670, "virtual_time_s": 3531.158101, "clear_result": "success"}}
2026-09-13 11:11:21,735 INFO request {"path": "/clear", "payload": {"arena_id": "default", "robot_id": "202601002029", "request_id": "5e0c914e2abc485d87b8194b6c7b077e", "position": {"x": 235.82393597958583, "y": 1310.722959394509}, "channel": 17}, "attempt": 1}
2026-09-13 11:11:21,759 INFO response {"request_id": "5e0c914e2abc485d87b8194b6c7b077e", "http_status": 200, "body": {"accepted": true, "real_timestamp_ms": 1789269077695, "virtual_time_s": 3629.247929, "clear_result": "success"}}
2026-09-13 11:11:21,759 INFO request {"path": "/clear", "payload": {"arena_id": "default", "robot_id": "202601002029", "request_id": "1b443cce2b5245fca7421b89dc6295aa", "position": {"x": -227.42584897940245, "y": 1050.4939153430246}, "channel": 11}, "attempt": 1}
2026-09-13 11:11:21,774 INFO response {"request_id": "1b443cce2b5245fca7421b89dc6295aa", "http_status": 200, "body": {"accepted": true, "real_timestamp_ms": 1789269077710, "virtual_time_s": 3740.515425, "clear_result": "success"}}
2026-09-13 11:11:21,775 INFO request {"path": "/measure", "payload": {"arena_id": "default", "robot_id": "202601002029", "request_id": "45d578ff338b46119faa6650e2fde241", "position": {"x": -1458.170610341299, "y": 517.5457283009821}, "channel": 5}, "attempt": 1}
2026-09-13 11:11:21,776 INFO response {"request_id": "45d578ff338b46119faa6650e2fde241", "http_status": 200, "body": {"accepted": true, "real_timestamp_ms": 1789269077712, "virtual_time_s": 4014.751622, "measure_result": "direction", "svd_deg": 264.21}}
2026-09-13 11:11:21,780 INFO request {"path": "/clear", "payload": {"arena_id": "default", "robot_id": "202601002029", "request_id": "fe04cd8cca9d4db2b5b7d8b2db9e5c85", "position": {"x": -1498.804112492668, "y": 115.37977775358559}, "channel": 5}, "attempt": 1}
2026-09-13 11:11:21,781 INFO response {"request_id": "fe04cd8cca9d4db2b5b7d8b2db9e5c85", "http_status": 200, "body": {"accepted": true, "real_timestamp_ms": 1789269077717, "virtual_time_s": 4100.594317, "clear_result": "success"}}
2026-09-13 11:11:21,781 INFO request {"path": "/exit", "payload": {"arena_id": "default", "robot_id": "202601002029", "request_id": "41f663394c074f64b79369d1fa03d1b6"}, "attempt": 1}
2026-09-13 11:11:21,782 INFO response {"request_id": "41f663394c074f64b79369d1fa03d1b6", "http_status": 200, "body": {"accepted": true, "real_timestamp_ms": 1789269077718, "virtual_time_s": 4100.594317, "exit_reason": "user_exit"}}
