2026-09-13 11:04:09,483 INFO request {"path": "/enter", "payload": {"arena_id": "default", "robot_id": "202601002029", "request_id": "5dada805f3724867ad5fa95be9ae40de"}, "attempt": 1}
2026-09-13 11:04:09,487 INFO response {"request_id": "5dada805f3724867ad5fa95be9ae40de", "http_status": 200, "body": {"accepted": true, "real_timestamp_ms": 1789268645423, "virtual_time_s": 0, "max_virtual_duration_s": 360000, "max_real_duration_s": 1200, "remaining_real_duration_s": 1200}}
2026-09-13 11:04:09,487 INFO request {"path": "/measure", "payload": {"arena_id": "default", "robot_id": "202601002029", "request_id": "4ae940e5354a46e680c4a51ff713229f", "position": {"x": 0.0, "y": 0.0}, "channel": 1}, "attempt": 1}
2026-09-13 11:04:09,511 INFO response {"request_id": "4ae940e5354a46e680c4a51ff713229f", "http_status": 200, "body": {"accepted": true, "real_timestamp_ms": 1789268645447, "virtual_time_s": 5, "measure_result": "direction", "svd_deg": 126.73}}
2026-09-13 11:04:09,517 INFO request {"path": "/measure", "payload": {"arena_id": "default", "robot_id": "202601002029", "request_id": "ec20f61580dd4e1ab0795fcc4f33b266", "position": {"x": 0.0, "y": 0.0}, "channel": 2}, "attempt": 1}
2026-09-13 11:04:09,542 INFO response {"request_id": "ec20f61580dd4e1ab0795fcc4f33b266", "http_status": 200, "body": {"accepted": true, "real_timestamp_ms": 1789268645479, "virtual_time_s": 11, "measure_result": "no_signal"}}
2026-09-13 11:04:09,542 INFO request {"path": "/measure", "payload": {"arena_id": "default", "robot_id": "202601002029", "request_id": "072c6ce2d8874c0198ef0b12896d4c0e", "position": {"x": 0.0, "y": 0.0}, "channel": 3}, "attempt": 1}
2026-09-13 11:04:09,558 INFO response {"request_id": "072c6ce2d8874c0198ef0b12896d4c0e", "http_status": 200, "body": {"accepted": true, "real_timestamp_ms": 1789268645494, "virtual_time_s": 17, "measure_result": "no_signal"}}
2026-09-13 11:04:09,560 INFO request {"path": "/measure", "payload": {"arena_id": "default", "robot_id": "202601002029", "request_id": "cb65007bdb6149f3b9d18133db84a455", "position": {"x": 0.0, "y": 0.0}, "channel": 4}, "attempt": 1}
2026-09-13 11:04:09,562 INFO response {"request_id": "cb65007bdb6149f3b9d18133db84a455", "http_status": 200, "body": {"accepted": true, "real_timestamp_ms": 1789268645498, "virtual_time_s": 23, "measure_result": "no_signal"}}
2026-09-13 11:04:09,562 INFO request {"path": "/measure", "payload": {"arena_id": "default", "robot_id": "202601002029", "request_id": "3354724ac9e843b49db91b1d6d703d13", "position": {"x": 0.0, "y": 0.0}, "channel": 5}, "attempt": 1}
2026-09-13 11:04:09,575 INFO response {"request_id": "3354724ac9e843b49db91b1d6d703d13", "http_status": 200, "body": {"accepted": true, "real_timestamp_ms": 1789268645511, "virtual_time_s": 29, "measure_result": "no_signal"}}
2026-09-13 11:04:09,575 INFO request {"path": "/measure", "payload": {"arena_id": "default", "robot_id": "202601002029", "request_id": "6ff11e402d51430da82a06f265f2acd5", "position": {"x": 0.0, "y": 0.0}, "channel": 6}, "attempt": 1}
2026-09-13 11:04:09,589 INFO response {"request_id": "6ff11e402d51430da82a06f265f2acd5", "http_status": 200, "body": {"accepted": true, "real_timestamp_ms": 1789268645526, "virtual_time_s": 35, "measure_result": "no_signal"}}
2026-09-13 11:04:09,589 INFO request {"path": "/measure", "payload": {"arena_id": "default", "robot_id": "202601002029", "request_id": "1bf4ba193b774782b9f5b8dadb6406d3", "position": {"x": 0.0, "y": 0.0}, "channel": 7}, "attempt": 1}
2026-09-13 11:04:09,606 INFO response {"request_id": "1bf4ba193b774782b9f5b8dadb6406d3", "http_status": 200, "body": {"accepted": true, "real_timestamp_ms": 1789268645542, "virtual_time_s": 41, "measure_result": "direction", "svd_deg": 218.9}}
2026-09-13 11:04:09,611 INFO request {"path": "/measure", "payload": {"arena_id": "default", "robot_id": "202601002029", "request_id": "5dba142d2d6946a5936dc56073b4fc86", "position": {"x": 0.0, "y": 0.0}, "channel": 8}, "attempt": 1}
2026-09-13 11:04:09,636 INFO response {"request_id": "5dba142d2d6946a5936dc56073b4fc86", "http_status": 200, "body": {"accepted": true, "real_timestamp_ms": 1789268645573, "virtual_time_s": 47, "measure_result": "direction", "svd_deg": 216.77}}
2026-09-13 11:04:09,641 INFO request {"path": "/measure", "payload": {"arena_id": "default", "robot_id": "202601002029", "request_id": "f4455e42e9c1480d8d7a5e202600bfab", "position": {"x": 0.0, "y": 0.0}, "channel": 9}, "attempt": 1}
2026-09-13 11:04:09,643 INFO response {"request_id": "f4455e42e9c1480d8d7a5e202600bfab", "http_status": 200, "body": {"accepted": true, "real_timestamp_ms": 1789268645579, "virtual_time_s": 53, "measure_result": "direction", "svd_deg": 133.32}}
2026-09-13 11:04:09,647 INFO request {"path": "/measure", "payload": {"arena_id": "default", "robot_id": "202601002029", "request_id": "e9d94c30a69547a7bad15852dd1244b9", "position": {"x": 0.0, "y": 0.0}, "channel": 10}, "attempt": 1}
2026-09-13 11:04:09,648 INFO response {"request_id": "e9d94c30a69547a7bad15852dd1244b9", "http_status": 200, "body": {"accepted": true, "real_timestamp_ms": 1789268645585, "virtual_time_s": 59, "measure_result": "no_signal"}}
2026-09-13 11:04:09,649 INFO request {"path": "/measure", "payload": {"arena_id": "default", "robot_id": "202601002029", "request_id": "5d3eae1a48b142bbbd32540748d5ee8c", "position": {"x": 0.0, "y": 0.0}, "channel": 11}, "attempt": 1}
2026-09-13 11:04:09,669 INFO response {"request_id": "5d3eae1a48b142bbbd32540748d5ee8c", "http_status": 200, "body": {"accepted": true, "real_timestamp_ms": 1789268645604, "virtual_time_s": 65, "measure_result": "no_signal"}}
2026-09-13 11:04:09,670 INFO request {"path": "/measure", "payload": {"arena_id": "default", "robot_id": "202601002029", "request_id": "c74dc262514a44e68d15d17092651d51", "position": {"x": 0.0, "y": 0.0}, "channel": 12}, "attempt": 1}
2026-09-13 11:04:09,671 INFO response {"request_id": "c74dc262514a44e68d15d17092651d51", "http_status": 200, "body": {"accepted": true, "real_timestamp_ms": 1789268645608, "virtual_time_s": 71, "measure_result": "no_signal"}}
2026-09-13 11:04:09,672 INFO request {"path": "/measure", "payload": {"arena_id": "default", "robot_id": "202601002029", "request_id": "eb1d2f3c68b04104a782db2a10279d67", "position": {"x": 0.0, "y": 0.0}, "channel": 13}, "attempt": 1}
2026-09-13 11:04:09,673 INFO response {"request_id": "eb1d2f3c68b04104a782db2a10279d67", "http_status": 200, "body": {"accepted": true, "real_timestamp_ms": 1789268645610, "virtual_time_s": 77, "measure_result": "direction", "svd_deg": 162.89}}
2026-09-13 11:04:09,677 INFO request {"path": "/measure", "payload": {"arena_id": "default", "robot_id": "202601002029", "request_id": "86c0fb3781c74eaab58cdc7ee233eca4", "position": {"x": 0.0, "y": 0.0}, "channel": 14}, "attempt": 1}
2026-09-13 11:04:09,699 INFO response {"request_id": "86c0fb3781c74eaab58cdc7ee233eca4", "http_status": 200, "body": {"accepted": true, "real_timestamp_ms": 1789268645635, "virtual_time_s": 83, "measure_result": "direction", "svd_deg": 286.4}}
2026-09-13 11:04:09,703 INFO request {"path": "/measure", "payload": {"arena_id": "default", "robot_id": "202601002029", "request_id": "867c55c60eb841ffb75b82b8427ea5ab", "position": {"x": 0.0, "y": 0.0}, "channel": 15}, "attempt": 1}
2026-09-13 11:04:09,731 INFO response {"request_id": "867c55c60eb841ffb75b82b8427ea5ab", "http_status": 200, "body": {"accepted": true, "real_timestamp_ms": 1789268645667, "virtual_time_s": 89, "measure_result": "no_signal"}}
2026-09-13 11:04:09,731 INFO request {"path": "/measure", "payload": {"arena_id": "default", "robot_id": "202601002029", "request_id": "6cc12f911a994f27b996f6aaac88fd1d", "position": {"x": 0.0, "y": 0.0}, "channel": 16}, "attempt": 1}
2026-09-13 11:04:09,733 INFO response {"request_id": "6cc12f911a994f27b996f6aaac88fd1d", "http_status": 200, "body": {"accepted": true, "real_timestamp_ms": 1789268645670, "virtual_time_s": 95, "measure_result": "direction", "svd_deg": 96.44}}
2026-09-13 11:04:09,739 INFO request {"path": "/measure", "payload": {"arena_id": "default", "robot_id": "202601002029", "request_id": "968c1dca6195422db9bb63e74d3a3b9d", "position": {"x": 0.0, "y": 0.0}, "channel": 17}, "attempt": 1}
2026-09-13 11:04:09,740 INFO response {"request_id": "968c1dca6195422db9bb63e74d3a3b9d", "http_status": 200, "body": {"accepted": true, "real_timestamp_ms": 1789268645677, "virtual_time_s": 101, "measure_result": "no_signal"}}
2026-09-13 11:04:09,741 INFO request {"path": "/measure", "payload": {"arena_id": "default", "robot_id": "202601002029", "request_id": "8eb0ffc1d5254243bbb612731a62a732", "position": {"x": 0.0, "y": 0.0}, "channel": 18}, "attempt": 1}
2026-09-13 11:04:09,742 INFO response {"request_id": "8eb0ffc1d5254243bbb612731a62a732", "http_status": 200, "body": {"accepted": true, "real_timestamp_ms": 1789268645679, "virtual_time_s": 107, "measure_result": "no_signal"}}
2026-09-13 11:04:09,742 INFO request {"path": "/measure", "payload": {"arena_id": "default", "robot_id": "202601002029", "request_id": "474104292b8f4a55b6bc515954493d23", "position": {"x": 0.0, "y": 0.0}, "channel": 19}, "attempt": 1}
2026-09-13 11:04:09,744 INFO response {"request_id": "474104292b8f4a55b6bc515954493d23", "http_status": 200, "body": {"accepted": true, "real_timestamp_ms": 1789268645680, "virtual_time_s": 113, "measure_result": "no_signal"}}
2026-09-13 11:04:09,744 INFO request {"path": "/measure", "payload": {"arena_id": "default", "robot_id": "202601002029", "request_id": "eba1fabdd58944ecbb8f15f1965fd62e", "position": {"x": 0.0, "y": 0.0}, "channel": 20}, "attempt": 1}
2026-09-13 11:04:09,745 INFO response {"request_id": "eba1fabdd58944ecbb8f15f1965fd62e", "http_status": 200, "body": {"accepted": true, "real_timestamp_ms": 1789268645682, "virtual_time_s": 119, "measure_result": "no_signal"}}
2026-09-13 11:04:09,746 INFO request {"path": "/measure", "payload": {"arena_id": "default", "robot_id": "202601002029", "request_id": "e1635c3f89fb4f5193f7c2183cd13a51", "position": {"x": 1130.0, "y": 0.0}, "channel": 20}, "attempt": 1}
2026-09-13 11:04:09,763 INFO response {"request_id": "e1635c3f89fb4f5193f7c2183cd13a51", "http_status": 200, "body": {"accepted": true, "real_timestamp_ms": 1789268645699, "virtual_time_s": 350, "measure_result": "no_signal"}}
2026-09-13 11:04:09,764 INFO request {"path": "/measure", "payload": {"arena_id": "default", "robot_id": "202601002029", "request_id": "c39f5368b2054032b4000292f6c57ff6", "position": {"x": 1130.0, "y": 0.0}, "channel": 2}, "attempt": 1}
2026-09-13 11:04:09,765 INFO response {"request_id": "c39f5368b2054032b4000292f6c57ff6", "http_status": 200, "body": {"accepted": true, "real_timestamp_ms": 1789268645702, "virtual_time_s": 356, "measure_result": "direction", "svd_deg": 59.91}}
2026-09-13 11:04:09,771 INFO request {"path": "/measure", "payload": {"arena_id": "default", "robot_id": "202601002029", "request_id": "5d3fbdad48e941859e95d7adea69e6d6", "position": {"x": 1130.0, "y": 0.0}, "channel": 3}, "attempt": 1}
2026-09-13 11:04:09,771 INFO response {"request_id": "5d3fbdad48e941859e95d7adea69e6d6", "http_status": 200, "body": {"accepted": true, "real_timestamp_ms": 1789268645708, "virtual_time_s": 362, "measure_result": "no_signal"}}
2026-09-13 11:04:09,771 INFO request {"path": "/measure", "payload": {"arena_id": "default", "robot_id": "202601002029", "request_id": "b96d376f10234b92b0803fe09d9f0e3e", "position": {"x": 1130.0, "y": 0.0}, "channel": 4}, "attempt": 1}
2026-09-13 11:04:09,794 INFO response {"request_id": "b96d376f10234b92b0803fe09d9f0e3e", "http_status": 200, "body": {"accepted": true, "real_timestamp_ms": 1789268645730, "virtual_time_s": 368, "measure_result": "direction", "svd_deg": 270.25}}
2026-09-13 11:04:09,799 INFO request {"path": "/measure", "payload": {"arena_id": "default", "robot_id": "202601002029", "request_id": "f1c5c82ec53d410386d14f6faba033ef", "position": {"x": 1130.0, "y": 0.0}, "channel": 5}, "attempt": 1}
2026-09-13 11:04:09,824 INFO response {"request_id": "f1c5c82ec53d410386d14f6faba033ef", "http_status": 200, "body": {"accepted": true, "real_timestamp_ms": 1789268645760, "virtual_time_s": 374, "measure_result": "no_signal"}}
2026-09-13 11:04:09,825 INFO request {"path": "/measure", "payload": {"arena_id": "default", "robot_id": "202601002029", "request_id": "4ec22abc22944cecaec5365775535664", "position": {"x": 1130.0, "y": 0.0}, "channel": 6}, "attempt": 1}
2026-09-13 11:04:09,839 INFO response {"request_id": "4ec22abc22944cecaec5365775535664", "http_status": 200, "body": {"accepted": true, "real_timestamp_ms": 1789268645775, "virtual_time_s": 380, "measure_result": "no_signal"}}
2026-09-13 11:04:09,839 INFO request {"path": "/measure", "payload": {"arena_id": "default", "robot_id": "202601002029", "request_id": "c8bc0718659549d39f7aeb90db4de998", "position": {"x": 1130.0, "y": 0.0}, "channel": 10}, "attempt": 1}
2026-09-13 11:04:09,841 INFO response {"request_id": "c8bc0718659549d39f7aeb90db4de998", "http_status": 200, "body": {"accepted": true, "real_timestamp_ms": 1789268645777, "virtual_time_s": 386, "measure_result": "no_signal"}}
2026-09-13 11:04:09,841 INFO request {"path": "/measure", "payload": {"arena_id": "default", "robot_id": "202601002029", "request_id": "7d25489b0f4e498992b9d990ac4a53e2", "position": {"x": 1130.0, "y": 0.0}, "channel": 11}, "attempt": 1}
2026-09-13 11:04:09,854 INFO response {"request_id": "7d25489b0f4e498992b9d990ac4a53e2", "http_status": 200, "body": {"accepted": true, "real_timestamp_ms": 1789268645790, "virtual_time_s": 392, "measure_result": "no_signal"}}
2026-09-13 11:04:09,854 INFO request {"path": "/measure", "payload": {"arena_id": "default", "robot_id": "202601002029", "request_id": "cdc41544cdd64b09b366d3c5e4a4f103", "position": {"x": 1130.0, "y": 0.0}, "channel": 12}, "attempt": 1}
2026-09-13 11:04:09,856 INFO response {"request_id": "cdc41544cdd64b09b366d3c5e4a4f103", "http_status": 200, "body": {"accepted": true, "real_timestamp_ms": 1789268645792, "virtual_time_s": 398, "measure_result": "direction", "svd_deg": 102.66}}
2026-09-13 11:04:09,861 INFO request {"path": "/measure", "payload": {"arena_id": "default", "robot_id": "202601002029", "request_id": "7f42c1d1f3c848829ad8c39b041c6e4e", "position": {"x": 1130.0, "y": 0.0}, "channel": 15}, "attempt": 1}
2026-09-13 11:04:09,886 INFO response {"request_id": "7f42c1d1f3c848829ad8c39b041c6e4e", "http_status": 200, "body": {"accepted": true, "real_timestamp_ms": 1789268645822, "virtual_time_s": 404, "measure_result": "direction", "svd_deg": 272.52}}
2026-09-13 11:04:09,891 INFO request {"path": "/measure", "payload": {"arena_id": "default", "robot_id": "202601002029", "request_id": "611b386243534cd19f5ab8cebc71c0ae", "position": {"x": 1130.0, "y": 0.0}, "channel": 17}, "attempt": 1}
2026-09-13 11:04:09,892 INFO response {"request_id": "611b386243534cd19f5ab8cebc71c0ae", "http_status": 200, "body": {"accepted": true, "real_timestamp_ms": 1789268645829, "virtual_time_s": 410, "measure_result": "no_signal"}}
2026-09-13 11:04:09,893 INFO request {"path": "/measure", "payload": {"arena_id": "default", "robot_id": "202601002029", "request_id": "a8a008093cf4472eade602c6d435603e", "position": {"x": 1130.0, "y": 0.0}, "channel": 18}, "attempt": 1}
2026-09-13 11:04:09,918 INFO response {"request_id": "a8a008093cf4472eade602c6d435603e", "http_status": 200, "body": {"accepted": true, "real_timestamp_ms": 1789268645854, "virtual_time_s": 416, "measure_result": "no_signal"}}
2026-09-13 11:04:09,918 INFO request {"path": "/measure", "payload": {"arena_id": "default", "robot_id": "202601002029", "request_id": "dbafd727cbdc4c408411628393d42254", "position": {"x": 1130.0, "y": 0.0}, "channel": 19}, "attempt": 1}
2026-09-13 11:04:09,920 INFO response {"request_id": "dbafd727cbdc4c408411628393d42254", "http_status": 200, "body": {"accepted": true, "real_timestamp_ms": 1789268645856, "virtual_time_s": 422, "measure_result": "no_signal"}}
2026-09-13 11:04:09,925 INFO request {"path": "/measure", "payload": {"arena_id": "default", "robot_id": "202601002029", "request_id": "0711ab60d483470cb858fc952dd3f91d", "position": {"x": 565.0000000000001, "y": 978.6087062764157}, "channel": 19}, "attempt": 1}
2026-09-13 11:04:09,949 INFO response {"request_id": "0711ab60d483470cb858fc952dd3f91d", "http_status": 200, "body": {"accepted": true, "real_timestamp_ms": 1789268645885, "virtual_time_s": 653, "measure_result": "no_signal"}}
2026-09-13 11:04:09,949 INFO request {"path": "/measure", "payload": {"arena_id": "default", "robot_id": "202601002029", "request_id": "898f4a88c4b84f46bef4ad3bb2e4109c", "position": {"x": 565.0000000000001, "y": 978.6087062764157}, "channel": 3}, "attempt": 1}
2026-09-13 11:04:09,964 INFO response {"request_id": "898f4a88c4b84f46bef4ad3bb2e4109c", "http_status": 200, "body": {"accepted": true, "real_timestamp_ms": 1789268645900, "virtual_time_s": 659, "measure_result": "no_signal"}}
2026-09-13 11:04:09,964 INFO request {"path": "/measure", "payload": {"arena_id": "default", "robot_id": "202601002029", "request_id": "7ff4dd63e90445e5936ea984aad5afa7", "position": {"x": 565.0000000000001, "y": 978.6087062764157}, "channel": 5}, "attempt": 1}
2026-09-13 11:04:09,966 INFO response {"request_id": "7ff4dd63e90445e5936ea984aad5afa7", "http_status": 200, "body": {"accepted": true, "real_timestamp_ms": 1789268645902, "virtual_time_s": 665, "measure_result": "no_signal"}}
2026-09-13 11:04:09,966 INFO request {"path": "/measure", "payload": {"arena_id": "default", "robot_id": "202601002029", "request_id": "979906c1cfb442b0b89345109c8a4645", "position": {"x": 565.0000000000001, "y": 978.6087062764157}, "channel": 6}, "attempt": 1}
2026-09-13 11:04:09,982 INFO response {"request_id": "979906c1cfb442b0b89345109c8a4645", "http_status": 200, "body": {"accepted": true, "real_timestamp_ms": 1789268645917, "virtual_time_s": 671, "measure_result": "no_signal"}}
2026-09-13 11:04:09,982 INFO request {"path": "/measure", "payload": {"arena_id": "default", "robot_id": "202601002029", "request_id": "2be31fc9db784c409c91f3652fbde397", "position": {"x": 565.0000000000001, "y": 978.6087062764157}, "channel": 10}, "attempt": 1}
2026-09-13 11:04:09,995 INFO response {"request_id": "2be31fc9db784c409c91f3652fbde397", "http_status": 200, "body": {"accepted": true, "real_timestamp_ms": 1789268645931, "virtual_time_s": 677, "measure_result": "no_signal"}}
2026-09-13 11:04:09,995 INFO request {"path": "/measure", "payload": {"arena_id": "default", "robot_id": "202601002029", "request_id": "f1882525547c4f7d8f1900e270ed6752", "position": {"x": 565.0000000000001, "y": 978.6087062764157}, "channel": 11}, "attempt": 1}
2026-09-13 11:04:10,010 INFO response {"request_id": "f1882525547c4f7d8f1900e270ed6752", "http_status": 200, "body": {"accepted": true, "real_timestamp_ms": 1789268645947, "virtual_time_s": 683, "measure_result": "no_signal"}}
2026-09-13 11:04:10,011 INFO request {"path": "/measure", "payload": {"arena_id": "default", "robot_id": "202601002029", "request_id": "bca982bf56cd4dfaad97393d588de3d5", "position": {"x": 565.0000000000001, "y": 978.6087062764157}, "channel": 17}, "attempt": 1}
2026-09-13 11:04:10,025 INFO response {"request_id": "bca982bf56cd4dfaad97393d588de3d5", "http_status": 200, "body": {"accepted": true, "real_timestamp_ms": 1789268645961, "virtual_time_s": 689, "measure_result": "no_signal"}}
2026-09-13 11:04:10,025 INFO request {"path": "/measure", "payload": {"arena_id": "default", "robot_id": "202601002029", "request_id": "73118c60410f4b89964cb095a3b97a0b", "position": {"x": 565.0000000000001, "y": 978.6087062764157}, "channel": 18}, "attempt": 1}
2026-09-13 11:04:10,026 INFO response {"request_id": "73118c60410f4b89964cb095a3b97a0b", "http_status": 200, "body": {"accepted": true, "real_timestamp_ms": 1789268645963, "virtual_time_s": 695, "measure_result": "direction", "svd_deg": 118.28}}
2026-09-13 11:04:10,030 INFO request {"path": "/measure", "payload": {"arena_id": "default", "robot_id": "202601002029", "request_id": "b583979971b740d48aa1d74ae7c6045a", "position": {"x": 565.0000000000001, "y": 978.6087062764157}, "channel": 20}, "attempt": 1}
2026-09-13 11:04:10,032 INFO response {"request_id": "b583979971b740d48aa1d74ae7c6045a", "http_status": 200, "body": {"accepted": true, "real_timestamp_ms": 1789268645968, "virtual_time_s": 701, "measure_result": "no_signal"}}
2026-09-13 11:04:10,078 INFO request {"path": "/measure", "payload": {"arena_id": "default", "robot_id": "202601002029", "request_id": "5453151b886a45e0a44970cda8070ebc", "position": {"x": 565.0000000000001, "y": 978.6087062764157}, "channel": 12}, "attempt": 1}
2026-09-13 11:04:10,079 INFO response {"request_id": "5453151b886a45e0a44970cda8070ebc", "http_status": 200, "body": {"accepted": true, "real_timestamp_ms": 1789268646016, "virtual_time_s": 707, "measure_result": "direction", "svd_deg": 311.1}}
2026-09-13 11:04:10,101 INFO request {"path": "/measure", "payload": {"arena_id": "default", "robot_id": "202601002029", "request_id": "82559fd5931948bebaeab8e961e09d4d", "position": {"x": 565.0000000000001, "y": 978.6087062764157}, "channel": 16}, "attempt": 1}
2026-09-13 11:04:10,118 INFO response {"request_id": "82559fd5931948bebaeab8e961e09d4d", "http_status": 200, "body": {"accepted": true, "real_timestamp_ms": 1789268646055, "virtual_time_s": 713, "measure_result": "direction", "svd_deg": 195.95}}
2026-09-13 11:04:10,121 INFO request {"path": "/measure", "payload": {"arena_id": "default", "robot_id": "202601002029", "request_id": "a6d8288d281a41f69ca547f29212a618", "position": {"x": -564.9999999999998, "y": 978.6087062764158}, "channel": 3}, "attempt": 1}
2026-09-13 11:04:10,133 INFO response {"request_id": "a6d8288d281a41f69ca547f29212a618", "http_status": 200, "body": {"accepted": true, "real_timestamp_ms": 1789268646070, "virtual_time_s": 945, "measure_result": "no_signal"}}
2026-09-13 11:04:10,134 INFO request {"path": "/measure", "payload": {"arena_id": "default", "robot_id": "202601002029", "request_id": "1aaaf698ef8d43df870f658fe3cf2cba", "position": {"x": -564.9999999999998, "y": 978.6087062764158}, "channel": 5}, "attempt": 1}
2026-09-13 11:04:10,135 INFO response {"request_id": "1aaaf698ef8d43df870f658fe3cf2cba", "http_status": 200, "body": {"accepted": true, "real_timestamp_ms": 1789268646072, "virtual_time_s": 951, "measure_result": "no_signal"}}
2026-09-13 11:04:10,135 INFO request {"path": "/measure", "payload": {"arena_id": "default", "robot_id": "202601002029", "request_id": "7b3d9f867b634f58b6fdbbd395e8716e", "position": {"x": -564.9999999999998, "y": 978.6087062764158}, "channel": 6}, "attempt": 1}
2026-09-13 11:04:10,136 INFO response {"request_id": "7b3d9f867b634f58b6fdbbd395e8716e", "http_status": 200, "body": {"accepted": true, "real_timestamp_ms": 1789268646072, "virtual_time_s": 957, "measure_result": "no_signal"}}
2026-09-13 11:04:10,136 INFO request {"path": "/measure", "payload": {"arena_id": "default", "robot_id": "202601002029", "request_id": "bde475b3c99c452094c559875f277ea7", "position": {"x": -564.9999999999998, "y": 978.6087062764158}, "channel": 10}, "attempt": 1}
2026-09-13 11:04:10,136 INFO response {"request_id": "bde475b3c99c452094c559875f277ea7", "http_status": 200, "body": {"accepted": true, "real_timestamp_ms": 1789268646073, "virtual_time_s": 963, "measure_result": "no_signal"}}
2026-09-13 11:04:10,137 INFO request {"path": "/measure", "payload": {"arena_id": "default", "robot_id": "202601002029", "request_id": "9d8182798cc04c519a450457b7b67d14", "position": {"x": -564.9999999999998, "y": 978.6087062764158}, "channel": 11}, "attempt": 1}
2026-09-13 11:04:10,137 INFO response {"request_id": "9d8182798cc04c519a450457b7b67d14", "http_status": 200, "body": {"accepted": true, "real_timestamp_ms": 1789268646074, "virtual_time_s": 969, "measure_result": "no_signal"}}
2026-09-13 11:04:10,137 INFO request {"path": "/measure", "payload": {"arena_id": "default", "robot_id": "202601002029", "request_id": "41f561185aaf4abeac194190daf7d715", "position": {"x": -564.9999999999998, "y": 978.6087062764158}, "channel": 17}, "attempt": 1}
2026-09-13 11:04:10,149 INFO response {"request_id": "41f561185aaf4abeac194190daf7d715", "http_status": 200, "body": {"accepted": true, "real_timestamp_ms": 1789268646086, "virtual_time_s": 975, "measure_result": "no_signal"}}
2026-09-13 11:04:10,149 INFO request {"path": "/measure", "payload": {"arena_id": "default", "robot_id": "202601002029", "request_id": "a7405571b5dd48c0bf1277f5fc73efaa", "position": {"x": -564.9999999999998, "y": 978.6087062764158}, "channel": 19}, "attempt": 1}
2026-09-13 11:04:10,150 INFO response {"request_id": "a7405571b5dd48c0bf1277f5fc73efaa", "http_status": 200, "body": {"accepted": true, "real_timestamp_ms": 1789268646086, "virtual_time_s": 981, "measure_result": "no_signal"}}
2026-09-13 11:04:10,150 INFO request {"path": "/measure", "payload": {"arena_id": "default", "robot_id": "202601002029", "request_id": "a69008527e4b43459800edf107af754e", "position": {"x": -564.9999999999998, "y": 978.6087062764158}, "channel": 20}, "attempt": 1}
2026-09-13 11:04:10,165 INFO response {"request_id": "a69008527e4b43459800edf107af754e", "http_status": 200, "body": {"accepted": true, "real_timestamp_ms": 1789268646102, "virtual_time_s": 987, "measure_result": "direction", "svd_deg": 213.42}}
2026-09-13 11:04:10,208 INFO request {"path": "/measure", "payload": {"arena_id": "default", "robot_id": "202601002029", "request_id": "80e756da4ce543ee923947dc86927fa3", "position": {"x": -564.9999999999998, "y": 978.6087062764158}, "channel": 16}, "attempt": 1}
2026-09-13 11:04:10,228 INFO response {"request_id": "80e756da4ce543ee923947dc86927fa3", "http_status": 200, "body": {"accepted": true, "real_timestamp_ms": 1789268646165, "virtual_time_s": 993, "measure_result": "direction", "svd_deg": 339.08}}
2026-09-13 11:04:10,267 INFO request {"path": "/measure", "payload": {"arena_id": "default", "robot_id": "202601002029", "request_id": "6290ed1cbd78440ca9e550344be6144f", "position": {"x": -564.9999999999998, "y": 978.6087062764158}, "channel": 9}, "attempt": 1}
2026-09-13 11:04:10,269 INFO response {"request_id": "6290ed1cbd78440ca9e550344be6144f", "http_status": 200, "body": {"accepted": true, "real_timestamp_ms": 1789268646205, "virtual_time_s": 999, "measure_result": "direction", "svd_deg": 288.42}}
2026-09-13 11:04:10,274 INFO request {"path": "/measure", "payload": {"arena_id": "default", "robot_id": "202601002029", "request_id": "1c98f027dc7e4ce09b02649c760c5b7d", "position": {"x": -1130.0, "y": 1.3838508830365092e-13}, "channel": 3}, "attempt": 1}
2026-09-13 11:04:10,275 INFO response {"request_id": "1c98f027dc7e4ce09b02649c760c5b7d", "http_status": 200, "body": {"accepted": true, "real_timestamp_ms": 1789268646212, "virtual_time_s": 1231, "measure_result": "no_signal"}}
2026-09-13 11:04:10,276 INFO request {"path": "/measure", "payload": {"arena_id": "default", "robot_id": "202601002029", "request_id": "4e4c2309a5ad4833aed1859847536b68", "position": {"x": -1130.0, "y": 1.3838508830365092e-13}, "channel": 5}, "attempt": 1}
2026-09-13 11:04:10,277 INFO response {"request_id": "4e4c2309a5ad4833aed1859847536b68", "http_status": 200, "body": {"accepted": true, "real_timestamp_ms": 1789268646213, "virtual_time_s": 1237, "measure_result": "no_signal"}}
2026-09-13 11:04:10,277 INFO request {"path": "/measure", "payload": {"arena_id": "default", "robot_id": "202601002029", "request_id": "f5a56842507448bf8f595fe7ce54cba5", "position": {"x": -1130.0, "y": 1.3838508830365092e-13}, "channel": 6}, "attempt": 1}
2026-09-13 11:04:10,279 INFO response {"request_id": "f5a56842507448bf8f595fe7ce54cba5", "http_status": 200, "body": {"accepted": true, "real_timestamp_ms": 1789268646215, "virtual_time_s": 1243, "measure_result": "no_signal"}}
2026-09-13 11:04:10,279 INFO request {"path": "/measure", "payload": {"arena_id": "default", "robot_id": "202601002029", "request_id": "ee9994502f7c4c989e98af6467f01377", "position": {"x": -1130.0, "y": 1.3838508830365092e-13}, "channel": 10}, "attempt": 1}
2026-09-13 11:04:10,280 INFO response {"request_id": "ee9994502f7c4c989e98af6467f01377", "http_status": 200, "body": {"accepted": true, "real_timestamp_ms": 1789268646217, "virtual_time_s": 1249, "measure_result": "no_signal"}}
2026-09-13 11:04:10,281 INFO request {"path": "/measure", "payload": {"arena_id": "default", "robot_id": "202601002029", "request_id": "d9d7e724db1a4327a88ced937d023dc3", "position": {"x": -1130.0, "y": 1.3838508830365092e-13}, "channel": 11}, "attempt": 1}
2026-09-13 11:04:10,282 INFO response {"request_id": "d9d7e724db1a4327a88ced937d023dc3", "http_status": 200, "body": {"accepted": true, "real_timestamp_ms": 1789268646218, "virtual_time_s": 1255, "measure_result": "direction", "svd_deg": 291.4}}
2026-09-13 11:04:10,286 INFO request {"path": "/measure", "payload": {"arena_id": "default", "robot_id": "202601002029", "request_id": "8de8568abf3f4ad8b5987f070244917e", "position": {"x": -1130.0, "y": 1.3838508830365092e-13}, "channel": 17}, "attempt": 1}
2026-09-13 11:04:10,288 INFO response {"request_id": "8de8568abf3f4ad8b5987f070244917e", "http_status": 200, "body": {"accepted": true, "real_timestamp_ms": 1789268646224, "virtual_time_s": 1261, "measure_result": "no_signal"}}
2026-09-13 11:04:10,288 INFO request {"path": "/measure", "payload": {"arena_id": "default", "robot_id": "202601002029", "request_id": "fdeae8f81afd48c98be839bf19702384", "position": {"x": -1130.0, "y": 1.3838508830365092e-13}, "channel": 19}, "attempt": 1}
2026-09-13 11:04:10,289 INFO response {"request_id": "fdeae8f81afd48c98be839bf19702384", "http_status": 200, "body": {"accepted": true, "real_timestamp_ms": 1789268646225, "virtual_time_s": 1267, "measure_result": "no_signal"}}
2026-09-13 11:04:10,390 INFO request {"path": "/measure", "payload": {"arena_id": "default", "robot_id": "202601002029", "request_id": "254540469e184398bcbaa74746ee746a", "position": {"x": -1130.0, "y": 1.3838508830365092e-13}, "channel": 9}, "attempt": 1}
2026-09-13 11:04:10,391 INFO response {"request_id": "254540469e184398bcbaa74746ee746a", "http_status": 200, "body": {"accepted": true, "real_timestamp_ms": 1789268646327, "virtual_time_s": 1273, "measure_result": "direction", "svd_deg": 27.21}}
2026-09-13 11:04:10,433 INFO request {"path": "/measure", "payload": {"arena_id": "default", "robot_id": "202601002029", "request_id": "49b639a791ce4a07a977dedddc4a2797", "position": {"x": -1130.0, "y": 1.3838508830365092e-13}, "channel": 7}, "attempt": 1}
2026-09-13 11:04:10,435 INFO response {"request_id": "49b639a791ce4a07a977dedddc4a2797", "http_status": 200, "body": {"accepted": true, "real_timestamp_ms": 1789268646371, "virtual_time_s": 1279, "measure_result": "direction", "svd_deg": 280.82}}
2026-09-13 11:04:10,438 INFO request {"path": "/measure", "payload": {"arena_id": "default", "robot_id": "202601002029", "request_id": "d10048ec54c347a89dcacc49dbe212c8", "position": {"x": -565.0000000000005, "y": -978.6087062764154}, "channel": 3}, "attempt": 1}
2026-09-13 11:04:10,439 INFO response {"request_id": "d10048ec54c347a89dcacc49dbe212c8", "http_status": 200, "body": {"accepted": true, "real_timestamp_ms": 1789268646376, "virtual_time_s": 1511, "measure_result": "no_signal"}}
2026-09-13 11:04:10,439 INFO request {"path": "/measure", "payload": {"arena_id": "default", "robot_id": "202601002029", "request_id": "2b0eafba53b74385810a83b93416bb65", "position": {"x": -565.0000000000005, "y": -978.6087062764154}, "channel": 5}, "attempt": 1}
2026-09-13 11:04:10,440 INFO response {"request_id": "2b0eafba53b74385810a83b93416bb65", "http_status": 200, "body": {"accepted": true, "real_timestamp_ms": 1789268646377, "virtual_time_s": 1517, "measure_result": "no_signal"}}
2026-09-13 11:04:10,440 INFO request {"path": "/measure", "payload": {"arena_id": "default", "robot_id": "202601002029", "request_id": "bca5871447374a559662aa86576c1c44", "position": {"x": -565.0000000000005, "y": -978.6087062764154}, "channel": 6}, "attempt": 1}
2026-09-13 11:04:10,464 INFO response {"request_id": "bca5871447374a559662aa86576c1c44", "http_status": 200, "body": {"accepted": true, "real_timestamp_ms": 1789268646401, "virtual_time_s": 1523, "measure_result": "no_signal"}}
2026-09-13 11:04:10,464 INFO request {"path": "/measure", "payload": {"arena_id": "default", "robot_id": "202601002029", "request_id": "c848a89fa5784866a2462e4094acd4b6", "position": {"x": -565.0000000000005, "y": -978.6087062764154}, "channel": 10}, "attempt": 1}
2026-09-13 11:04:10,465 INFO response {"request_id": "c848a89fa5784866a2462e4094acd4b6", "http_status": 200, "body": {"accepted": true, "real_timestamp_ms": 1789268646402, "virtual_time_s": 1529, "measure_result": "direction", "svd_deg": 230.87}}
2026-09-13 11:04:10,467 INFO request {"path": "/measure", "payload": {"arena_id": "default", "robot_id": "202601002029", "request_id": "9e35c6796a194d32a64ef529b0b26f45", "position": {"x": -565.0000000000005, "y": -978.6087062764154}, "channel": 17}, "attempt": 1}
2026-09-13 11:04:10,469 INFO response {"request_id": "9e35c6796a194d32a64ef529b0b26f45", "http_status": 200, "body": {"accepted": true, "real_timestamp_ms": 1789268646405, "virtual_time_s": 1535, "measure_result": "direction", "svd_deg": 316.78}}
2026-09-13 11:04:10,497 INFO request {"path": "/measure", "payload": {"arena_id": "default", "robot_id": "202601002029", "request_id": "9752d943375a47e9bf680f69272a1b40", "position": {"x": -565.0000000000005, "y": -978.6087062764154}, "channel": 14}, "attempt": 1}
2026-09-13 11:04:10,498 INFO response {"request_id": "9752d943375a47e9bf680f69272a1b40", "http_status": 200, "body": {"accepted": true, "real_timestamp_ms": 1789268646435, "virtual_time_s": 1541, "measure_result": "direction", "svd_deg": 352.08}}
2026-09-13 11:04:10,520 INFO request {"path": "/measure", "payload": {"arena_id": "default", "robot_id": "202601002029", "request_id": "f34cc89bac8f4e979b4874fd21649952", "position": {"x": -565.0000000000005, "y": -978.6087062764154}, "channel": 8}, "attempt": 1}
2026-09-13 11:04:10,543 INFO response {"request_id": "f34cc89bac8f4e979b4874fd21649952", "http_status": 200, "body": {"accepted": true, "real_timestamp_ms": 1789268646479, "virtual_time_s": 1547, "measure_result": "direction", "svd_deg": 153.35}}
2026-09-13 11:04:20,061 INFO request {"path": "/measure", "payload": {"arena_id": "default", "robot_id": "202601002029", "request_id": "5d5e09d49c584de1b7895bfcd35f628d", "position": {"x": -660.2050325266714, "y": -1571.0072222954848}, "channel": 10}, "attempt": 1}
2026-09-13 11:04:20,062 INFO response {"request_id": "5d5e09d49c584de1b7895bfcd35f628d", "http_status": 200, "body": {"accepted": true, "real_timestamp_ms": 1789268655999, "virtual_time_s": 1673, "measure_result": "direction", "svd_deg": 126.87}}
2026-09-13 11:04:20,174 INFO request {"path": "/measure", "payload": {"arena_id": "default", "robot_id": "202601002029", "request_id": "53141b8262634659afd02e8524abd014", "position": {"x": -660.2050325266714, "y": -1571.0072222954848}, "channel": 17}, "attempt": 1}
2026-09-13 11:04:20,202 INFO response {"request_id": "53141b8262634659afd02e8524abd014", "http_status": 200, "body": {"accepted": true, "real_timestamp_ms": 1789268656138, "virtual_time_s": 1679, "measure_result": "direction", "svd_deg": 5.61}}
2026-09-13 11:04:20,312 INFO request {"path": "/measure", "payload": {"arena_id": "default", "robot_id": "202601002029", "request_id": "a5229d340c6e4863951b999436908bbf", "position": {"x": -660.2050325266714, "y": -1571.0072222954848}, "channel": 14}, "attempt": 1}
2026-09-13 11:04:20,316 INFO response {"request_id": "a5229d340c6e4863951b999436908bbf", "http_status": 200, "body": {"accepted": true, "real_timestamp_ms": 1789268656252, "virtual_time_s": 1685, "measure_result": "direction", "svd_deg": 26.2}}
2026-09-13 11:04:21,832 INFO request {"path": "/measure", "payload": {"arena_id": "default", "robot_id": "202601002029", "request_id": "f6f37895aeef4b19b2529f7482b5cddf", "position": {"x": -370.7084941295192, "y": -1659.2717732803658}, "channel": 17}, "attempt": 1}
2026-09-13 11:04:21,857 INFO response {"request_id": "f6f37895aeef4b19b2529f7482b5cddf", "http_status": 200, "body": {"accepted": true, "real_timestamp_ms": 1789268657793, "virtual_time_s": 1751.530613, "measure_result": "direction", "svd_deg": 21.31}}
2026-09-13 11:04:21,930 INFO request {"path": "/measure", "payload": {"arena_id": "default", "robot_id": "202601002029", "request_id": "f4af50b42d0343938d1c745b2aef2492", "position": {"x": -370.7084941295192, "y": -1659.2717732803658}, "channel": 7}, "attempt": 1}
2026-09-13 11:04:21,931 INFO response {"request_id": "f4af50b42d0343938d1c745b2aef2492", "http_status": 200, "body": {"accepted": true, "real_timestamp_ms": 1789268657868, "virtual_time_s": 1757.530613, "measure_result": "direction", "svd_deg": 125.1}}
2026-09-13 11:04:21,986 INFO request {"path": "/measure", "payload": {"arena_id": "default", "robot_id": "202601002029", "request_id": "4d3bb1132ca247e586df1abfd4ee41f5", "position": {"x": -370.7084941295192, "y": -1659.2717732803658}, "channel": 14}, "attempt": 1}
2026-09-13 11:04:21,989 INFO response {"request_id": "4d3bb1132ca247e586df1abfd4ee41f5", "http_status": 200, "body": {"accepted": true, "real_timestamp_ms": 1789268657925, "virtual_time_s": 1763.530613, "measure_result": "direction", "svd_deg": 37.78}}
2026-09-13 11:04:23,753 INFO request {"path": "/clear", "payload": {"arena_id": "default", "robot_id": "202601002029", "request_id": "17c60aa9ac084dabbc26621fe95d86aa", "position": {"x": 4.362539611024165, "y": -1513.3079078083026}, "channel": 17}, "attempt": 1}
2026-09-13 11:04:23,754 INFO response {"request_id": "17c60aa9ac084dabbc26621fe95d86aa", "http_status": 200, "body": {"accepted": true, "real_timestamp_ms": 1789268659691, "virtual_time_s": 1849.025018, "clear_result": "success"}}
2026-09-13 11:04:23,786 INFO request {"path": "/measure", "payload": {"arena_id": "default", "robot_id": "202601002029", "request_id": "25b1df9166314f5ba0fc1a6c59e1d4dc", "position": {"x": 323.2796862479605, "y": -1504.0727748496297}, "channel": 14}, "attempt": 1}
2026-09-13 11:04:23,789 INFO response {"request_id": "25b1df9166314f5ba0fc1a6c59e1d4dc", "http_status": 200, "body": {"accepted": true, "real_timestamp_ms": 1789268659725, "virtual_time_s": 1917.835185, "measure_result": "direction", "svd_deg": 88.47}}
2026-09-13 11:04:23,804 INFO request {"path": "/clear", "payload": {"arena_id": "default", "robot_id": "202601002029", "request_id": "b6727d767b69436987915cba4b1d78dd", "position": {"x": 334.0497023008453, "y": -1097.534308747573}, "channel": 14}, "attempt": 1}
2026-09-13 11:04:23,806 INFO response {"request_id": "b6727d767b69436987915cba4b1d78dd", "http_status": 200, "body": {"accepted": true, "real_timestamp_ms": 1789268659743, "virtual_time_s": 2004.171405, "clear_result": "success"}}
2026-09-13 11:04:23,834 INFO request {"path": "/measure", "payload": {"arena_id": "default", "robot_id": "202601002029", "request_id": "1b430afb567247eb8699ec549577ef56", "position": {"x": 334.0497023008453, "y": -1097.534308747573}, "channel": 4}, "attempt": 1}
2026-09-13 11:04:23,836 INFO response {"request_id": "1b430afb567247eb8699ec549577ef56", "http_status": 200, "body": {"accepted": true, "real_timestamp_ms": 1789268659772, "virtual_time_s": 2010.171405, "measure_result": "direction", "svd_deg": 347.87}}
2026-09-13 11:04:23,855 INFO request {"path": "/measure", "payload": {"arena_id": "default", "robot_id": "202601002029", "request_id": "4ce44425269e4e26bd4f1f6815e013c2", "position": {"x": 334.0497023008453, "y": -1097.534308747573}, "channel": 15}, "attempt": 1}
2026-09-13 11:04:23,882 INFO response {"request_id": "4ce44425269e4e26bd4f1f6815e013c2", "http_status": 200, "body": {"accepted": true, "real_timestamp_ms": 1789268659817, "virtual_time_s": 2016.171405, "measure_result": "direction", "svd_deg": 17.82}}
2026-09-13 11:04:25,611 INFO request {"path": "/measure", "payload": {"arena_id": "default", "robot_id": "202601002029", "request_id": "8cd99bd982c64217bd503a7e57587e71", "position": {"x": 915.7798193348704, "y": -1602.6562156504535}, "channel": 4}, "attempt": 1}
2026-09-13 11:04:25,614 INFO response {"request_id": "8cd99bd982c64217bd503a7e57587e71", "http_status": 200, "body": {"accepted": true, "real_timestamp_ms": 1789268661550, "virtual_time_s": 2176.256845, "measure_result": "direction", "svd_deg": 56.5}}
2026-09-13 11:04:25,646 INFO request {"path": "/clear", "payload": {"arena_id": "default", "robot_id": "202601002029", "request_id": "f8ebdf5ecbd04546b1b1b4345804fe74", "position": {"x": 1136.4922600856894, "y": -1269.7688650401533}, "channel": 4}, "attempt": 1}
2026-09-13 11:04:25,648 INFO response {"request_id": "f8ebdf5ecbd04546b1b1b4345804fe74", "http_status": 200, "body": {"accepted": true, "real_timestamp_ms": 1789268661585, "virtual_time_s": 2261.13875, "clear_result": "success"}}
2026-09-13 11:04:25,667 INFO request {"path": "/measure", "payload": {"arena_id": "default", "robot_id": "202601002029", "request_id": "515dcf78473940b885f14220c2d40688", "position": {"x": 1136.4922600856894, "y": -1269.7688650401533}, "channel": 15}, "attempt": 1}
2026-09-13 11:04:25,669 INFO response {"request_id": "515dcf78473940b885f14220c2d40688", "http_status": 200, "body": {"accepted": true, "real_timestamp_ms": 1789268661606, "virtual_time_s": 2267.13875, "measure_result": "direction", "svd_deg": 86.19}}
2026-09-13 11:04:26,470 INFO request {"path": "/measure", "payload": {"arena_id": "default", "robot_id": "202601002029", "request_id": "0675bec8ddbf462a986c8309461be823", "position": {"x": 1166.7031390417778, "y": -1229.4225848583433}, "channel": 15}, "attempt": 1}
2026-09-13 11:04:26,473 INFO response {"request_id": "0675bec8ddbf462a986c8309461be823", "http_status": 200, "body": {"accepted": true, "real_timestamp_ms": 1789268662409, "virtual_time_s": 2282.219463, "measure_result": "direction", "svd_deg": 90.05}}
2026-09-13 11:04:26,497 INFO request {"path": "/clear", "payload": {"arena_id": "default", "robot_id": "202601002029", "request_id": "c3156a39b4474012a7ee87dd7ee47bb4", "position": {"x": 1166.6731580249248, "y": -829.6634699075066}, "channel": 15}, "attempt": 1}
2026-09-13 11:04:26,498 INFO response {"request_id": "c3156a39b4474012a7ee87dd7ee47bb4", "http_status": 200, "body": {"accepted": true, "real_timestamp_ms": 1789268662435, "virtual_time_s": 2367.171286, "clear_result": "success"}}
2026-09-13 11:04:26,507 INFO request {"path": "/measure", "payload": {"arena_id": "default", "robot_id": "202601002029", "request_id": "bbcb05125c3242bb93dddce778aa2912", "position": {"x": 1877.2418810098952, "y": 489.3267439997425}, "channel": 2}, "attempt": 1}
2026-09-13 11:04:26,509 INFO response {"request_id": "bbcb05125c3242bb93dddce778aa2912", "http_status": 200, "body": {"accepted": true, "real_timestamp_ms": 1789268662445, "virtual_time_s": 2672.813946, "measure_result": "direction", "svd_deg": 151.82}}
2026-09-13 11:04:26,556 INFO request {"path": "/measure", "payload": {"arena_id": "default", "robot_id": "202601002029", "request_id": "e7266fab235e4b73adceccc306e64ad3", "position": {"x": 1877.2418810098952, "y": 489.3267439997425}, "channel": 12}, "attempt": 1}
2026-09-13 11:04:26,558 INFO response {"request_id": "e7266fab235e4b73adceccc306e64ad3", "http_status": 200, "body": {"accepted": true, "real_timestamp_ms": 1789268662495, "virtual_time_s": 2678.813946, "measure_result": "direction", "svd_deg": 183.18}}
2026-09-13 11:04:26,577 INFO request {"path": "/clear", "payload": {"arena_id": "default", "robot_id": "202601002029", "request_id": "899d7e4635534796b1033c34b970721f", "position": {"x": 1523.3813669112576, "y": 678.6550069640649}, "channel": 2}, "attempt": 1}
2026-09-13 11:04:26,578 INFO response {"request_id": "899d7e4635534796b1033c34b970721f", "http_status": 200, "body": {"accepted": true, "real_timestamp_ms": 1789268662515, "virtual_time_s": 2764.07912, "clear_result": "success"}}
2026-09-13 11:04:26,584 INFO request {"path": "/clear", "payload": {"arena_id": "default", "robot_id": "202601002029", "request_id": "e2a12bdb67974824a64da7c1e5a2728d", "position": {"x": 1030.320443952952, "y": 442.456570464204}, "channel": 12}, "attempt": 1}
2026-09-13 11:04:26,585 INFO response {"request_id": "e2a12bdb67974824a64da7c1e5a2728d", "http_status": 200, "body": {"accepted": true, "real_timestamp_ms": 1789268662521, "virtual_time_s": 2878.422391, "clear_result": "success"}}
2026-09-13 11:04:26,590 INFO request {"path": "/measure", "payload": {"arena_id": "default", "robot_id": "202601002029", "request_id": "90993bfc484b46a98917befadd2c9f6e", "position": {"x": 570.6002771391204, "y": 1801.2934833973147}, "channel": 18}, "attempt": 1}
2026-09-13 11:04:26,593 INFO response {"request_id": "90993bfc484b46a98917befadd2c9f6e", "http_status": 200, "body": {"accepted": true, "real_timestamp_ms": 1789268662529, "virtual_time_s": 3171.321703, "measure_result": "direction", "svd_deg": 244.28}}
2026-09-13 11:04:26,603 INFO request {"path": "/clear", "payload": {"arena_id": "default", "robot_id": "202601002029", "request_id": "911c0974a8074cd18a29738722a856d4", "position": {"x": 359.1820793117323, "y": 1361.7648294604887}, "channel": 18}, "attempt": 1}
2026-09-13 11:04:26,617 INFO response {"request_id": "911c0974a8074cd18a29738722a856d4", "http_status": 200, "body": {"accepted": true, "real_timestamp_ms": 1789268662554, "virtual_time_s": 3273.868224, "clear_result": "success"}}
2026-09-13 11:04:26,625 INFO request {"path": "/clear", "payload": {"arena_id": "default", "robot_id": "202601002029", "request_id": "3182fe8eece74381b9ee40ce50d93405", "position": {"x": -89.5405651450402, "y": 791.7601003392324}, "channel": 16}, "attempt": 1}
2026-09-13 11:04:26,629 INFO response {"request_id": "3182fe8eece74381b9ee40ce50d93405", "http_status": 200, "body": {"accepted": true, "real_timestamp_ms": 1789268662565, "virtual_time_s": 3423.955426, "clear_result": "success"}}
2026-09-13 11:04:26,636 INFO request {"path": "/clear", "payload": {"arena_id": "default", "robot_id": "202601002029", "request_id": "3656f468c6de4289885732668cf4598e", "position": {"x": -369.07395493595544, "y": 391.0613818355918}, "channel": 9}, "attempt": 1}
2026-09-13 11:04:26,638 INFO response {"request_id": "3656f468c6de4289885732668cf4598e", "http_status": 200, "body": {"accepted": true, "real_timestamp_ms": 1789268662575, "virtual_time_s": 3526.668962, "clear_result": "success"}}
2026-09-13 11:04:26,645 INFO request {"path": "/measure", "payload": {"arena_id": "default", "robot_id": "202601002029", "request_id": "241ae6533bd547d0a9884d07a39b28d4", "position": {"x": -443.08864577587394, "y": 1274.9902784145283}, "channel": 1}, "attempt": 1}
2026-09-13 11:04:26,647 INFO response {"request_id": "241ae6533bd547d0a9884d07a39b28d4", "http_status": 200, "body": {"accepted": true, "real_timestamp_ms": 1789268662583, "virtual_time_s": 3710.073412, "measure_result": "direction", "svd_deg": 264.28}}
2026-09-13 11:04:27,382 INFO request {"path": "/measure", "payload": {"arena_id": "default", "robot_id": "202601002029", "request_id": "4c3e1e38d4d44586b4124085996add73", "position": {"x": -219.13739710410323, "y": 956.5540946727498}, "channel": 1}, "attempt": 1}
2026-09-13 11:04:27,385 INFO response {"request_id": "4c3e1e38d4d44586b4124085996add73", "http_status": 200, "body": {"accepted": true, "real_timestamp_ms": 1789268663321, "virtual_time_s": 3792.933739, "measure_result": "direction", "svd_deg": 223.57}}
2026-09-13 11:04:27,409 INFO request {"path": "/measure", "payload": {"arena_id": "default", "robot_id": "202601002029", "request_id": "9aa58e230f0845fb8cb0c876bdf18eef", "position": {"x": -219.13739710410323, "y": 956.5540946727498}, "channel": 13}, "attempt": 1}
2026-09-13 11:04:27,410 INFO response {"request_id": "9aa58e230f0845fb8cb0c876bdf18eef", "http_status": 200, "body": {"accepted": true, "real_timestamp_ms": 1789268663347, "virtual_time_s": 3798.933739, "measure_result": "direction", "svd_deg": 217.71}}
2026-09-13 11:04:28,223 INFO request {"path": "/clear", "payload": {"arena_id": "default", "robot_id": "202601002029", "request_id": "202c7a342a694f9e83e0cf9e23f41bdc", "position": {"x": -508.14633576582446, "y": 681.2429237898581}, "channel": 1}, "attempt": 1}
2026-09-13 11:04:28,224 INFO response {"request_id": "202c7a342a694f9e83e0cf9e23f41bdc", "http_status": 200, "body": {"accepted": true, "real_timestamp_ms": 1789268664161, "virtual_time_s": 3883.764161, "clear_result": "success"}}
2026-09-13 11:04:28,252 INFO request {"path": "/measure", "payload": {"arena_id": "default", "robot_id": "202601002029", "request_id": "471b78e74bf54cad95d702ba4bc880dc", "position": {"x": -508.14633576582446, "y": 681.2429237898581}, "channel": 13}, "attempt": 1}
2026-09-13 11:04:28,254 INFO response {"request_id": "471b78e74bf54cad95d702ba4bc880dc", "http_status": 200, "body": {"accepted": true, "real_timestamp_ms": 1789268664190, "virtual_time_s": 3888.764161, "measure_result": "direction", "svd_deg": 214.04}}
2026-09-13 11:04:28,974 INFO request {"path": "/measure", "payload": {"arena_id": "default", "robot_id": "202601002029", "request_id": "bece0c0de79c41728aa0516933ce4188", "position": {"x": -1040.4179510135261, "y": 720.4165739732703}, "channel": 13}, "attempt": 1}
2026-09-13 11:04:29,002 INFO response {"request_id": "bece0c0de79c41728aa0516933ce4188", "http_status": 200, "body": {"accepted": true, "real_timestamp_ms": 1789268664938, "virtual_time_s": 4000.506401, "measure_result": "direction", "svd_deg": 270.33}}
2026-09-13 11:04:29,021 INFO request {"path": "/clear", "payload": {"arena_id": "default", "robot_id": "202601002029", "request_id": "350b46ce5ce24f248a3abb7d9e8c0b44", "position": {"x": -1038.801908152516, "y": 321.1333783978341}, "channel": 13}, "attempt": 1}
2026-09-13 11:04:29,024 INFO response {"request_id": "350b46ce5ce24f248a3abb7d9e8c0b44", "http_status": 200, "body": {"accepted": true, "real_timestamp_ms": 1789268664960, "virtual_time_s": 4085.363694, "clear_result": "success"}}
2026-09-13 11:04:29,088 INFO request {"path": "/measure", "payload": {"arena_id": "default", "robot_id": "202601002029", "request_id": "099b052f9f2f4c0486ce61fb33e1460f", "position": {"x": -1038.801908152516, "y": 321.1333783978341}, "channel": 20}, "attempt": 1}
2026-09-13 11:04:29,091 INFO response {"request_id": "099b052f9f2f4c0486ce61fb33e1460f", "http_status": 200, "body": {"accepted": true, "real_timestamp_ms": 1789268665027, "virtual_time_s": 4091.363694, "measure_result": "direction", "svd_deg": 185.16}}
2026-09-13 11:04:29,138 INFO request {"path": "/measure", "payload": {"arena_id": "default", "robot_id": "202601002029", "request_id": "7274cd4b7f9f481cbffc7a75c48e3e0c", "position": {"x": -1038.801908152516, "y": 321.1333783978341}, "channel": 8}, "attempt": 1}
2026-09-13 11:04:29,142 INFO response {"request_id": "7274cd4b7f9f481cbffc7a75c48e3e0c", "http_status": 200, "body": {"accepted": true, "real_timestamp_ms": 1789268665078, "virtual_time_s": 4097.363694, "measure_result": "direction", "svd_deg": 271.07}}
2026-09-13 11:04:30,529 INFO request {"path": "/measure", "payload": {"arena_id": "default", "robot_id": "202601002029", "request_id": "440953871346426e8ceb0c91866a2a11", "position": {"x": -1529.3301830579999, "y": -24.3836421934098}, "channel": 20}, "attempt": 1}
2026-09-13 11:04:30,531 INFO response {"request_id": "440953871346426e8ceb0c91866a2a11", "http_status": 200, "body": {"accepted": true, "real_timestamp_ms": 1789268666467, "virtual_time_s": 4223.363694, "measure_result": "direction", "svd_deg": 107.0}}
2026-09-13 11:04:30,561 INFO request {"path": "/measure", "payload": {"arena_id": "default", "robot_id": "202601002029", "request_id": "39676d02c7a54116ba205a2d87b90ea1", "position": {"x": -1529.3301830579999, "y": -24.3836421934098}, "channel": 7}, "attempt": 1}
2026-09-13 11:04:30,562 INFO response {"request_id": "39676d02c7a54116ba205a2d87b90ea1", "http_status": 200, "body": {"accepted": true, "real_timestamp_ms": 1789268666499, "virtual_time_s": 4229.363694, "measure_result": "direction", "svd_deg": 306.06}}
2026-09-13 11:04:31,387 INFO request {"path": "/clear", "payload": {"arena_id": "default", "robot_id": "202601002029", "request_id": "65aec25e381a4c3e90503667044316bc", "position": {"x": -1619.7830139738678, "y": 269.6974986685673}, "channel": 20}, "attempt": 1}
2026-09-13 11:04:31,401 INFO response {"request_id": "65aec25e381a4c3e90503667044316bc", "http_status": 200, "body": {"accepted": true, "real_timestamp_ms": 1789268667338, "virtual_time_s": 4295.89919, "clear_result": "success"}}
2026-09-13 11:04:31,404 INFO request {"path": "/measure", "payload": {"arena_id": "default", "robot_id": "202601002029", "request_id": "020783ebe2f747389bb44b208a851dd2", "position": {"x": -1096.8168810228874, "y": -359.4158153448234}, "channel": 8}, "attempt": 1}
2026-09-13 11:04:31,406 INFO response {"request_id": "020783ebe2f747389bb44b208a851dd2", "http_status": 200, "body": {"accepted": true, "real_timestamp_ms": 1789268667342, "virtual_time_s": 4465.51791, "measure_result": "direction", "svd_deg": 280.99}}
2026-09-13 11:04:31,489 INFO request {"path": "/measure", "payload": {"arena_id": "default", "robot_id": "202601002029", "request_id": "84e965e6f2794fef9bbf6e0208a20a8e", "position": {"x": -695.6142435160481, "y": -505.53481006729896}, "channel": 7}, "attempt": 1}
2026-09-13 11:04:31,491 INFO response {"request_id": "84e965e6f2794fef9bbf6e0208a20a8e", "http_status": 200, "body": {"accepted": true, "real_timestamp_ms": 1789268667427, "virtual_time_s": 4556.914471, "measure_result": "direction", "svd_deg": 223.6}}
2026-09-13 11:04:31,534 INFO request {"path": "/measure", "payload": {"arena_id": "default", "robot_id": "202601002029", "request_id": "ecce89fa13b9473eac2927ef5d89c59e", "position": {"x": -695.6142435160481, "y": -505.53481006729896}, "channel": 11}, "attempt": 1}
2026-09-13 11:04:31,562 INFO response {"request_id": "ecce89fa13b9473eac2927ef5d89c59e", "http_status": 200, "body": {"accepted": true, "real_timestamp_ms": 1789268667498, "virtual_time_s": 4562.914471, "measure_result": "direction", "svd_deg": 276.51}}
2026-09-13 11:04:32,252 INFO request {"path": "/clear", "payload": {"arena_id": "default", "robot_id": "202601002029", "request_id": "995b306e08fc4a709ee4eb52ecd4b6db", "position": {"x": -1018.3707158125038, "y": -751.6701781966942}, "channel": 8}, "attempt": 1}
2026-09-13 11:04:32,254 INFO response {"request_id": "995b306e08fc4a709ee4eb52ecd4b6db", "http_status": 200, "body": {"accepted": true, "real_timestamp_ms": 1789268668190, "virtual_time_s": 4649.09436, "clear_result": "success"}}
2026-09-13 11:04:32,255 INFO request {"path": "/clear", "payload": {"arena_id": "default", "robot_id": "202601002029", "request_id": "568cec23010a4bedab025f437782ea3e", "position": {"x": -982.7890929613683, "y": -779.3663242052869}, "channel": 7}, "attempt": 1}
2026-09-13 11:04:32,256 INFO response {"request_id": "568cec23010a4bedab025f437782ea3e", "http_status": 200, "body": {"accepted": true, "real_timestamp_ms": 1789268668193, "virtual_time_s": 4663.112405, "clear_result": "success"}}
2026-09-13 11:04:32,257 INFO request {"path": "/clear", "payload": {"arena_id": "default", "robot_id": "202601002029", "request_id": "c88e0e0e070344d7bb7d511a604e5f8f", "position": {"x": -845.528933389651, "y": -1323.6377531935304}, "channel": 10}, "attempt": 1}
2026-09-13 11:04:32,276 INFO response {"request_id": "c88e0e0e070344d7bb7d511a604e5f8f", "http_status": 200, "body": {"accepted": true, "real_timestamp_ms": 1789268668213, "virtual_time_s": 4780.374908, "clear_result": "success"}}
2026-09-13 11:04:32,295 INFO request {"path": "/measure", "payload": {"arena_id": "default", "robot_id": "202601002029", "request_id": "1674389937d54ae6a5353abd68378419", "position": {"x": -845.528933389651, "y": -1323.6377531935304}, "channel": 11}, "attempt": 1}
2026-09-13 11:04:32,307 INFO response {"request_id": "1674389937d54ae6a5353abd68378419", "http_status": 200, "body": {"accepted": true, "real_timestamp_ms": 1789268668243, "virtual_time_s": 4785.374908, "measure_result": "direction", "svd_deg": 351.15}}
2026-09-13 11:04:32,316 INFO request {"path": "/clear", "payload": {"arena_id": "default", "robot_id": "202601002029", "request_id": "881e8cbf40284ecabb53854404a96fe4", "position": {"x": -597.668328694384, "y": -1362.5271927195636}, "channel": 11}, "attempt": 1}
2026-09-13 11:04:32,338 INFO response {"request_id": "881e8cbf40284ecabb53854404a96fe4", "http_status": 200, "body": {"accepted": true, "real_timestamp_ms": 1789268668274, "virtual_time_s": 4840.553496, "clear_result": "success"}}
2026-09-13 11:04:32,339 INFO request {"path": "/exit", "payload": {"arena_id": "default", "robot_id": "202601002029", "request_id": "b4370a168f0a4256bfca8223c1c24a2b"}, "attempt": 1}
2026-09-13 11:04:32,341 INFO response {"request_id": "b4370a168f0a4256bfca8223c1c24a2b", "http_status": 200, "body": {"accepted": true, "real_timestamp_ms": 1789268668277, "virtual_time_s": 4840.553496, "exit_reason": "user_exit"}}
