2026-09-12 16:41:17,683 INFO request {"path": "/enter", "payload": {"arena_id": "default", "robot_id": "202601002029", "request_id": "9941a987e7ae4519848093f32a3811d5"}, "attempt": 1}
2026-09-12 16:41:17,688 INFO response {"request_id": "9941a987e7ae4519848093f32a3811d5", "http_status": 200, "body": {"accepted": true, "real_timestamp_ms": 1789202474401, "virtual_time_s": 0, "max_virtual_duration_s": 360000, "max_real_duration_s": 1200, "remaining_real_duration_s": 1200}}
2026-09-12 16:41:17,688 INFO request {"path": "/measure", "payload": {"arena_id": "default", "robot_id": "202601002029", "request_id": "1bdbcfc9a61041b6b94276fba52442f8", "position": {"x": 0.0, "y": 0.0}, "channel": 1}, "attempt": 1}
2026-09-12 16:41:17,689 INFO response {"request_id": "1bdbcfc9a61041b6b94276fba52442f8", "http_status": 200, "body": {"accepted": true, "real_timestamp_ms": 1789202474403, "virtual_time_s": 5, "measure_result": "no_signal"}}
2026-09-12 16:41:17,689 INFO request {"path": "/measure", "payload": {"arena_id": "default", "robot_id": "202601002029", "request_id": "ed49f755f2de4340b6721ea6a0301ef3", "position": {"x": 0.0, "y": 0.0}, "channel": 2}, "attempt": 1}
2026-09-12 16:41:17,690 INFO response {"request_id": "ed49f755f2de4340b6721ea6a0301ef3", "http_status": 200, "body": {"accepted": true, "real_timestamp_ms": 1789202474404, "virtual_time_s": 11, "measure_result": "direction", "svd_deg": 137.35}}
2026-09-12 16:41:17,702 INFO request {"path": "/measure", "payload": {"arena_id": "default", "robot_id": "202601002029", "request_id": "01a55bc442ec4bc88cd2b1d24d81e7b2", "position": {"x": 0.0, "y": 0.0}, "channel": 3}, "attempt": 1}
2026-09-12 16:41:17,714 INFO response {"request_id": "01a55bc442ec4bc88cd2b1d24d81e7b2", "http_status": 200, "body": {"accepted": true, "real_timestamp_ms": 1789202474428, "virtual_time_s": 17, "measure_result": "no_signal"}}
2026-09-12 16:41:17,714 INFO request {"path": "/measure", "payload": {"arena_id": "default", "robot_id": "202601002029", "request_id": "50ab22b8e264452798a4c778dbc8425f", "position": {"x": 0.0, "y": 0.0}, "channel": 4}, "attempt": 1}
2026-09-12 16:41:17,716 INFO response {"request_id": "50ab22b8e264452798a4c778dbc8425f", "http_status": 200, "body": {"accepted": true, "real_timestamp_ms": 1789202474430, "virtual_time_s": 23, "measure_result": "direction", "svd_deg": 113.87}}
2026-09-12 16:41:17,718 INFO request {"path": "/measure", "payload": {"arena_id": "default", "robot_id": "202601002029", "request_id": "834adb0f26b346768fc0b532cb9575f3", "position": {"x": 0.0, "y": 0.0}, "channel": 5}, "attempt": 1}
2026-09-12 16:41:17,720 INFO response {"request_id": "834adb0f26b346768fc0b532cb9575f3", "http_status": 200, "body": {"accepted": true, "real_timestamp_ms": 1789202474434, "virtual_time_s": 29, "measure_result": "direction", "svd_deg": 268.07}}
2026-09-12 16:41:17,721 INFO request {"path": "/measure", "payload": {"arena_id": "default", "robot_id": "202601002029", "request_id": "d262094bcd4245d2994e0e6479b9e560", "position": {"x": 0.0, "y": 0.0}, "channel": 6}, "attempt": 1}
2026-09-12 16:41:17,734 INFO response {"request_id": "d262094bcd4245d2994e0e6479b9e560", "http_status": 200, "body": {"accepted": true, "real_timestamp_ms": 1789202474448, "virtual_time_s": 35, "measure_result": "no_signal"}}
2026-09-12 16:41:17,734 INFO request {"path": "/measure", "payload": {"arena_id": "default", "robot_id": "202601002029", "request_id": "b6f29a226438410c85f7ec307a2218cc", "position": {"x": 0.0, "y": 0.0}, "channel": 7}, "attempt": 1}
2026-09-12 16:41:17,736 INFO response {"request_id": "b6f29a226438410c85f7ec307a2218cc", "http_status": 200, "body": {"accepted": true, "real_timestamp_ms": 1789202474449, "virtual_time_s": 41, "measure_result": "no_signal"}}
2026-09-12 16:41:17,736 INFO request {"path": "/measure", "payload": {"arena_id": "default", "robot_id": "202601002029", "request_id": "afe4f4fd13e044eb82ea05d17fb03553", "position": {"x": 0.0, "y": 0.0}, "channel": 8}, "attempt": 1}
2026-09-12 16:41:17,737 INFO response {"request_id": "afe4f4fd13e044eb82ea05d17fb03553", "http_status": 200, "body": {"accepted": true, "real_timestamp_ms": 1789202474451, "virtual_time_s": 47, "measure_result": "direction", "svd_deg": 47.13}}
2026-09-12 16:41:17,739 INFO request {"path": "/measure", "payload": {"arena_id": "default", "robot_id": "202601002029", "request_id": "216ce29e38ad4dd8beee88abfeb815ea", "position": {"x": 0.0, "y": 0.0}, "channel": 9}, "attempt": 1}
2026-09-12 16:41:17,753 INFO response {"request_id": "216ce29e38ad4dd8beee88abfeb815ea", "http_status": 200, "body": {"accepted": true, "real_timestamp_ms": 1789202474467, "virtual_time_s": 53, "measure_result": "no_signal"}}
2026-09-12 16:41:17,753 INFO request {"path": "/measure", "payload": {"arena_id": "default", "robot_id": "202601002029", "request_id": "b3f67097df364d4f81e27562027c98b7", "position": {"x": 0.0, "y": 0.0}, "channel": 10}, "attempt": 1}
2026-09-12 16:41:17,755 INFO response {"request_id": "b3f67097df364d4f81e27562027c98b7", "http_status": 200, "body": {"accepted": true, "real_timestamp_ms": 1789202474469, "virtual_time_s": 59, "measure_result": "direction", "svd_deg": 266.65}}
2026-09-12 16:41:17,757 INFO request {"path": "/measure", "payload": {"arena_id": "default", "robot_id": "202601002029", "request_id": "af6fc32e084d4968a067a5350350ac28", "position": {"x": 0.0, "y": 0.0}, "channel": 11}, "attempt": 1}
2026-09-12 16:41:17,773 INFO response {"request_id": "af6fc32e084d4968a067a5350350ac28", "http_status": 200, "body": {"accepted": true, "real_timestamp_ms": 1789202474487, "virtual_time_s": 65, "measure_result": "no_signal"}}
2026-09-12 16:41:17,773 INFO request {"path": "/measure", "payload": {"arena_id": "default", "robot_id": "202601002029", "request_id": "4b245d1c63a3454dbbbb70acac24c0be", "position": {"x": 0.0, "y": 0.0}, "channel": 12}, "attempt": 1}
2026-09-12 16:41:17,774 INFO response {"request_id": "4b245d1c63a3454dbbbb70acac24c0be", "http_status": 200, "body": {"accepted": true, "real_timestamp_ms": 1789202474488, "virtual_time_s": 71, "measure_result": "no_signal"}}
2026-09-12 16:41:17,774 INFO request {"path": "/measure", "payload": {"arena_id": "default", "robot_id": "202601002029", "request_id": "470422dbe87744fc8777edaf66119678", "position": {"x": 0.0, "y": 0.0}, "channel": 13}, "attempt": 1}
2026-09-12 16:41:17,775 INFO response {"request_id": "470422dbe87744fc8777edaf66119678", "http_status": 200, "body": {"accepted": true, "real_timestamp_ms": 1789202474489, "virtual_time_s": 77, "measure_result": "no_signal"}}
2026-09-12 16:41:17,775 INFO request {"path": "/measure", "payload": {"arena_id": "default", "robot_id": "202601002029", "request_id": "eff2da15395c4b83b36bab8dfe245153", "position": {"x": 0.0, "y": 0.0}, "channel": 14}, "attempt": 1}
2026-09-12 16:41:17,793 INFO response {"request_id": "eff2da15395c4b83b36bab8dfe245153", "http_status": 200, "body": {"accepted": true, "real_timestamp_ms": 1789202474507, "virtual_time_s": 83, "measure_result": "no_signal"}}
2026-09-12 16:41:17,793 INFO request {"path": "/measure", "payload": {"arena_id": "default", "robot_id": "202601002029", "request_id": "c288e37805c745d890d9ce240aa3a4ce", "position": {"x": 0.0, "y": 0.0}, "channel": 15}, "attempt": 1}
2026-09-12 16:41:17,812 INFO response {"request_id": "c288e37805c745d890d9ce240aa3a4ce", "http_status": 200, "body": {"accepted": true, "real_timestamp_ms": 1789202474526, "virtual_time_s": 89, "measure_result": "no_signal"}}
2026-09-12 16:41:17,812 INFO request {"path": "/measure", "payload": {"arena_id": "default", "robot_id": "202601002029", "request_id": "4cadea4babde48d2a32d5b797de4db13", "position": {"x": 0.0, "y": 0.0}, "channel": 16}, "attempt": 1}
2026-09-12 16:41:17,813 INFO response {"request_id": "4cadea4babde48d2a32d5b797de4db13", "http_status": 200, "body": {"accepted": true, "real_timestamp_ms": 1789202474527, "virtual_time_s": 95, "measure_result": "no_signal"}}
2026-09-12 16:41:17,814 INFO request {"path": "/measure", "payload": {"arena_id": "default", "robot_id": "202601002029", "request_id": "bf43175deb924e4295cf27c3d4176c80", "position": {"x": 0.0, "y": 0.0}, "channel": 17}, "attempt": 1}
2026-09-12 16:41:17,815 INFO response {"request_id": "bf43175deb924e4295cf27c3d4176c80", "http_status": 200, "body": {"accepted": true, "real_timestamp_ms": 1789202474529, "virtual_time_s": 101, "measure_result": "no_signal"}}
2026-09-12 16:41:17,815 INFO request {"path": "/measure", "payload": {"arena_id": "default", "robot_id": "202601002029", "request_id": "09e550a69f89488cbae2536d2df77bba", "position": {"x": 0.0, "y": 0.0}, "channel": 18}, "attempt": 1}
2026-09-12 16:41:17,832 INFO response {"request_id": "09e550a69f89488cbae2536d2df77bba", "http_status": 200, "body": {"accepted": true, "real_timestamp_ms": 1789202474546, "virtual_time_s": 107, "measure_result": "direction", "svd_deg": 76.43}}
2026-09-12 16:41:17,835 INFO request {"path": "/measure", "payload": {"arena_id": "default", "robot_id": "202601002029", "request_id": "792360ac87f147f3825aebe1727d5425", "position": {"x": 0.0, "y": 0.0}, "channel": 19}, "attempt": 1}
2026-09-12 16:41:17,852 INFO response {"request_id": "792360ac87f147f3825aebe1727d5425", "http_status": 200, "body": {"accepted": true, "real_timestamp_ms": 1789202474566, "virtual_time_s": 113, "measure_result": "no_signal"}}
2026-09-12 16:41:17,852 INFO request {"path": "/measure", "payload": {"arena_id": "default", "robot_id": "202601002029", "request_id": "a845d8e4e46a4c5eb947a60888617fde", "position": {"x": 0.0, "y": 0.0}, "channel": 20}, "attempt": 1}
2026-09-12 16:41:17,853 INFO response {"request_id": "a845d8e4e46a4c5eb947a60888617fde", "http_status": 200, "body": {"accepted": true, "real_timestamp_ms": 1789202474567, "virtual_time_s": 119, "measure_result": "no_signal"}}
2026-09-12 16:41:17,853 INFO request {"path": "/measure", "payload": {"arena_id": "default", "robot_id": "202601002029", "request_id": "5613591a9720481a92b5ad7a6b46e6a4", "position": {"x": 1200.0, "y": 0.0}, "channel": 20}, "attempt": 1}
2026-09-12 16:41:17,854 INFO response {"request_id": "5613591a9720481a92b5ad7a6b46e6a4", "http_status": 200, "body": {"accepted": true, "real_timestamp_ms": 1789202474568, "virtual_time_s": 364, "measure_result": "no_signal"}}
2026-09-12 16:41:17,854 INFO request {"path": "/measure", "payload": {"arena_id": "default", "robot_id": "202601002029", "request_id": "89449b22aad64f62a02581c689594495", "position": {"x": 1200.0, "y": 0.0}, "channel": 1}, "attempt": 1}
2026-09-12 16:41:17,855 INFO response {"request_id": "89449b22aad64f62a02581c689594495", "http_status": 200, "body": {"accepted": true, "real_timestamp_ms": 1789202474569, "virtual_time_s": 370, "measure_result": "no_signal"}}
2026-09-12 16:41:17,855 INFO request {"path": "/measure", "payload": {"arena_id": "default", "robot_id": "202601002029", "request_id": "9b7cc66579654a219778a291049b11bf", "position": {"x": 1200.0, "y": 0.0}, "channel": 3}, "attempt": 1}
2026-09-12 16:41:17,855 INFO response {"request_id": "9b7cc66579654a219778a291049b11bf", "http_status": 200, "body": {"accepted": true, "real_timestamp_ms": 1789202474570, "virtual_time_s": 376, "measure_result": "no_signal"}}
2026-09-12 16:41:17,856 INFO request {"path": "/measure", "payload": {"arena_id": "default", "robot_id": "202601002029", "request_id": "5766e0c9675b45a3ba93c67eb0a93488", "position": {"x": 1200.0, "y": 0.0}, "channel": 6}, "attempt": 1}
2026-09-12 16:41:17,872 INFO response {"request_id": "5766e0c9675b45a3ba93c67eb0a93488", "http_status": 200, "body": {"accepted": true, "real_timestamp_ms": 1789202474585, "virtual_time_s": 382, "measure_result": "no_signal"}}
2026-09-12 16:41:17,872 INFO request {"path": "/measure", "payload": {"arena_id": "default", "robot_id": "202601002029", "request_id": "ab5c2c7198b04200a01427d63a650779", "position": {"x": 1200.0, "y": 0.0}, "channel": 7}, "attempt": 1}
2026-09-12 16:41:17,891 INFO response {"request_id": "ab5c2c7198b04200a01427d63a650779", "http_status": 200, "body": {"accepted": true, "real_timestamp_ms": 1789202474605, "virtual_time_s": 388, "measure_result": "no_signal"}}
2026-09-12 16:41:17,891 INFO request {"path": "/measure", "payload": {"arena_id": "default", "robot_id": "202601002029", "request_id": "7f9d7d9de70f4fb7bab9b6516738f79b", "position": {"x": 1200.0, "y": 0.0}, "channel": 9}, "attempt": 1}
2026-09-12 16:41:17,892 INFO response {"request_id": "7f9d7d9de70f4fb7bab9b6516738f79b", "http_status": 200, "body": {"accepted": true, "real_timestamp_ms": 1789202474606, "virtual_time_s": 394, "measure_result": "direction", "svd_deg": 314.61}}
2026-09-12 16:41:17,897 INFO request {"path": "/measure", "payload": {"arena_id": "default", "robot_id": "202601002029", "request_id": "bc62c79d4f304ab1bd6222e6e1ff589e", "position": {"x": 1200.0, "y": 0.0}, "channel": 11}, "attempt": 1}
2026-09-12 16:41:17,899 INFO response {"request_id": "bc62c79d4f304ab1bd6222e6e1ff589e", "http_status": 200, "body": {"accepted": true, "real_timestamp_ms": 1789202474613, "virtual_time_s": 400, "measure_result": "no_signal"}}
2026-09-12 16:41:17,899 INFO request {"path": "/measure", "payload": {"arena_id": "default", "robot_id": "202601002029", "request_id": "d8ed105cc8da4701ba94c4e075fe48d5", "position": {"x": 1200.0, "y": 0.0}, "channel": 12}, "attempt": 1}
2026-09-12 16:41:17,900 INFO response {"request_id": "d8ed105cc8da4701ba94c4e075fe48d5", "http_status": 200, "body": {"accepted": true, "real_timestamp_ms": 1789202474614, "virtual_time_s": 406, "measure_result": "direction", "svd_deg": 75.3}}
2026-09-12 16:41:17,903 INFO request {"path": "/measure", "payload": {"arena_id": "default", "robot_id": "202601002029", "request_id": "5e97a366b6d04d3ebcaab6547ff46ba2", "position": {"x": 1200.0, "y": 0.0}, "channel": 13}, "attempt": 1}
2026-09-12 16:41:17,920 INFO response {"request_id": "5e97a366b6d04d3ebcaab6547ff46ba2", "http_status": 200, "body": {"accepted": true, "real_timestamp_ms": 1789202474633, "virtual_time_s": 412, "measure_result": "no_signal"}}
2026-09-12 16:41:17,920 INFO request {"path": "/measure", "payload": {"arena_id": "default", "robot_id": "202601002029", "request_id": "b7c697201b0d4cbdbc0ed261957f16e3", "position": {"x": 1200.0, "y": 0.0}, "channel": 14}, "attempt": 1}
2026-09-12 16:41:17,939 INFO response {"request_id": "b7c697201b0d4cbdbc0ed261957f16e3", "http_status": 200, "body": {"accepted": true, "real_timestamp_ms": 1789202474653, "virtual_time_s": 418, "measure_result": "no_signal"}}
2026-09-12 16:41:17,939 INFO request {"path": "/measure", "payload": {"arena_id": "default", "robot_id": "202601002029", "request_id": "333c16b8676c4773bfba6556f71fb06f", "position": {"x": 1200.0, "y": 0.0}, "channel": 15}, "attempt": 1}
2026-09-12 16:41:17,940 INFO response {"request_id": "333c16b8676c4773bfba6556f71fb06f", "http_status": 200, "body": {"accepted": true, "real_timestamp_ms": 1789202474655, "virtual_time_s": 424, "measure_result": "no_signal"}}
2026-09-12 16:41:17,941 INFO request {"path": "/measure", "payload": {"arena_id": "default", "robot_id": "202601002029", "request_id": "6855ca926b734711932879c0550d6e2c", "position": {"x": 1200.0, "y": 0.0}, "channel": 16}, "attempt": 1}
2026-09-12 16:41:17,942 INFO response {"request_id": "6855ca926b734711932879c0550d6e2c", "http_status": 200, "body": {"accepted": true, "real_timestamp_ms": 1789202474656, "virtual_time_s": 430, "measure_result": "no_signal"}}
2026-09-12 16:41:17,942 INFO request {"path": "/measure", "payload": {"arena_id": "default", "robot_id": "202601002029", "request_id": "757caa30808c4703825fc3d6d93ffd75", "position": {"x": 1200.0, "y": 0.0}, "channel": 17}, "attempt": 1}
2026-09-12 16:41:17,943 INFO response {"request_id": "757caa30808c4703825fc3d6d93ffd75", "http_status": 200, "body": {"accepted": true, "real_timestamp_ms": 1789202474656, "virtual_time_s": 436, "measure_result": "no_signal"}}
2026-09-12 16:41:17,943 INFO request {"path": "/measure", "payload": {"arena_id": "default", "robot_id": "202601002029", "request_id": "f84ce22156304a3a9b798f741126ca7a", "position": {"x": 1200.0, "y": 0.0}, "channel": 19}, "attempt": 1}
2026-09-12 16:41:17,959 INFO response {"request_id": "f84ce22156304a3a9b798f741126ca7a", "http_status": 200, "body": {"accepted": true, "real_timestamp_ms": 1789202474673, "virtual_time_s": 442, "measure_result": "no_signal"}}
2026-09-12 16:41:17,970 INFO request {"path": "/measure", "payload": {"arena_id": "default", "robot_id": "202601002029", "request_id": "0e91dd072f4f4071b6538a561ffdbcce", "position": {"x": 1200.0, "y": 0.0}, "channel": 8}, "attempt": 1}
2026-09-12 16:41:17,989 INFO response {"request_id": "0e91dd072f4f4071b6538a561ffdbcce", "http_status": 200, "body": {"accepted": true, "real_timestamp_ms": 1789202474703, "virtual_time_s": 448, "measure_result": "direction", "svd_deg": 125.73}}
2026-09-12 16:41:17,993 INFO request {"path": "/measure", "payload": {"arena_id": "default", "robot_id": "202601002029", "request_id": "3c91302a79b04d2c9070244949bfd03d", "position": {"x": 600.0000000000001, "y": 1039.2304845413264}, "channel": 1}, "attempt": 1}
2026-09-12 16:41:17,995 INFO response {"request_id": "3c91302a79b04d2c9070244949bfd03d", "http_status": 200, "body": {"accepted": true, "real_timestamp_ms": 1789202474709, "virtual_time_s": 694, "measure_result": "no_signal"}}
2026-09-12 16:41:17,995 INFO request {"path": "/measure", "payload": {"arena_id": "default", "robot_id": "202601002029", "request_id": "56f7d7dc9b044062bead26a7590201d4", "position": {"x": 600.0000000000001, "y": 1039.2304845413264}, "channel": 3}, "attempt": 1}
2026-09-12 16:41:17,997 INFO response {"request_id": "56f7d7dc9b044062bead26a7590201d4", "http_status": 200, "body": {"accepted": true, "real_timestamp_ms": 1789202474710, "virtual_time_s": 700, "measure_result": "no_signal"}}
2026-09-12 16:41:17,997 INFO request {"path": "/measure", "payload": {"arena_id": "default", "robot_id": "202601002029", "request_id": "c43890b756734498972b1b5f19cdde88", "position": {"x": 600.0000000000001, "y": 1039.2304845413264}, "channel": 6}, "attempt": 1}
2026-09-12 16:41:18,009 INFO response {"request_id": "c43890b756734498972b1b5f19cdde88", "http_status": 200, "body": {"accepted": true, "real_timestamp_ms": 1789202474723, "virtual_time_s": 706, "measure_result": "direction", "svd_deg": 156.3}}
2026-09-12 16:41:18,011 INFO request {"path": "/measure", "payload": {"arena_id": "default", "robot_id": "202601002029", "request_id": "51b17c3d75db4eaeb915974eead3923b", "position": {"x": 600.0000000000001, "y": 1039.2304845413264}, "channel": 7}, "attempt": 1}
2026-09-12 16:41:18,029 INFO response {"request_id": "51b17c3d75db4eaeb915974eead3923b", "http_status": 200, "body": {"accepted": true, "real_timestamp_ms": 1789202474743, "virtual_time_s": 712, "measure_result": "no_signal"}}
2026-09-12 16:41:18,029 INFO request {"path": "/measure", "payload": {"arena_id": "default", "robot_id": "202601002029", "request_id": "95540fe004b64729a00bd4e7b1460cc4", "position": {"x": 600.0000000000001, "y": 1039.2304845413264}, "channel": 11}, "attempt": 1}
2026-09-12 16:41:18,030 INFO response {"request_id": "95540fe004b64729a00bd4e7b1460cc4", "http_status": 200, "body": {"accepted": true, "real_timestamp_ms": 1789202474744, "virtual_time_s": 718, "measure_result": "no_signal"}}
2026-09-12 16:41:18,030 INFO request {"path": "/measure", "payload": {"arena_id": "default", "robot_id": "202601002029", "request_id": "90e3623a2f8d4420ba09b4d3fb1b2ba4", "position": {"x": 600.0000000000001, "y": 1039.2304845413264}, "channel": 13}, "attempt": 1}
2026-09-12 16:41:18,031 INFO response {"request_id": "90e3623a2f8d4420ba09b4d3fb1b2ba4", "http_status": 200, "body": {"accepted": true, "real_timestamp_ms": 1789202474745, "virtual_time_s": 724, "measure_result": "no_signal"}}
2026-09-12 16:41:18,031 INFO request {"path": "/measure", "payload": {"arena_id": "default", "robot_id": "202601002029", "request_id": "64d71f3d667145189a6385342de5bbbf", "position": {"x": 600.0000000000001, "y": 1039.2304845413264}, "channel": 14}, "attempt": 1}
2026-09-12 16:41:18,032 INFO response {"request_id": "64d71f3d667145189a6385342de5bbbf", "http_status": 200, "body": {"accepted": true, "real_timestamp_ms": 1789202474746, "virtual_time_s": 730, "measure_result": "direction", "svd_deg": 134.58}}
2026-09-12 16:41:18,033 INFO request {"path": "/measure", "payload": {"arena_id": "default", "robot_id": "202601002029", "request_id": "b26184152c2f4ba7abd65a586a42c48d", "position": {"x": 600.0000000000001, "y": 1039.2304845413264}, "channel": 15}, "attempt": 1}
2026-09-12 16:41:18,034 INFO response {"request_id": "b26184152c2f4ba7abd65a586a42c48d", "http_status": 200, "body": {"accepted": true, "real_timestamp_ms": 1789202474749, "virtual_time_s": 736, "measure_result": "no_signal"}}
2026-09-12 16:41:18,035 INFO request {"path": "/measure", "payload": {"arena_id": "default", "robot_id": "202601002029", "request_id": "ae6af3986030425ebc8cd9c0395aba1c", "position": {"x": 600.0000000000001, "y": 1039.2304845413264}, "channel": 16}, "attempt": 1}
2026-09-12 16:41:18,035 INFO response {"request_id": "ae6af3986030425ebc8cd9c0395aba1c", "http_status": 200, "body": {"accepted": true, "real_timestamp_ms": 1789202474750, "virtual_time_s": 742, "measure_result": "no_signal"}}
2026-09-12 16:41:18,035 INFO request {"path": "/measure", "payload": {"arena_id": "default", "robot_id": "202601002029", "request_id": "2a8ff1b9ceb34f0093564a43a2c9af12", "position": {"x": 600.0000000000001, "y": 1039.2304845413264}, "channel": 17}, "attempt": 1}
2026-09-12 16:41:18,036 INFO response {"request_id": "2a8ff1b9ceb34f0093564a43a2c9af12", "http_status": 200, "body": {"accepted": true, "real_timestamp_ms": 1789202474750, "virtual_time_s": 748, "measure_result": "no_signal"}}
2026-09-12 16:41:18,036 INFO request {"path": "/measure", "payload": {"arena_id": "default", "robot_id": "202601002029", "request_id": "9af5b2fde0744e399f64ea02dd29bdb6", "position": {"x": 600.0000000000001, "y": 1039.2304845413264}, "channel": 19}, "attempt": 1}
2026-09-12 16:41:18,037 INFO response {"request_id": "9af5b2fde0744e399f64ea02dd29bdb6", "http_status": 200, "body": {"accepted": true, "real_timestamp_ms": 1789202474751, "virtual_time_s": 754, "measure_result": "no_signal"}}
2026-09-12 16:41:18,037 INFO request {"path": "/measure", "payload": {"arena_id": "default", "robot_id": "202601002029", "request_id": "5bf177929cbe46dfa3592f68dfa084d7", "position": {"x": 600.0000000000001, "y": 1039.2304845413264}, "channel": 20}, "attempt": 1}
2026-09-12 16:41:18,038 INFO response {"request_id": "5bf177929cbe46dfa3592f68dfa084d7", "http_status": 200, "body": {"accepted": true, "real_timestamp_ms": 1789202474752, "virtual_time_s": 760, "measure_result": "no_signal"}}
2026-09-12 16:41:18,075 INFO request {"path": "/measure", "payload": {"arena_id": "default", "robot_id": "202601002029", "request_id": "8571052c8e51435a99acc7a4f75d34b9", "position": {"x": 600.0000000000001, "y": 1039.2304845413264}, "channel": 12}, "attempt": 1}
2026-09-12 16:41:18,088 INFO response {"request_id": "8571052c8e51435a99acc7a4f75d34b9", "http_status": 200, "body": {"accepted": true, "real_timestamp_ms": 1789202474802, "virtual_time_s": 766, "measure_result": "direction", "svd_deg": 322.75}}
2026-09-12 16:41:18,114 INFO request {"path": "/measure", "payload": {"arena_id": "default", "robot_id": "202601002029", "request_id": "ba8c003250c44babbce0bdee60adc837", "position": {"x": 600.0000000000001, "y": 1039.2304845413264}, "channel": 18}, "attempt": 1}
2026-09-12 16:41:18,127 INFO response {"request_id": "ba8c003250c44babbce0bdee60adc837", "http_status": 200, "body": {"accepted": true, "real_timestamp_ms": 1789202474841, "virtual_time_s": 772, "measure_result": "direction", "svd_deg": 193.8}}
2026-09-12 16:41:18,130 INFO request {"path": "/measure", "payload": {"arena_id": "default", "robot_id": "202601002029", "request_id": "19a20a9cd0c149c7921ae225055dc54e", "position": {"x": -599.9999999999998, "y": 1039.2304845413264}, "channel": 1}, "attempt": 1}
2026-09-12 16:41:18,146 INFO response {"request_id": "19a20a9cd0c149c7921ae225055dc54e", "http_status": 200, "body": {"accepted": true, "real_timestamp_ms": 1789202474861, "virtual_time_s": 1018, "measure_result": "no_signal"}}
2026-09-12 16:41:18,147 INFO request {"path": "/measure", "payload": {"arena_id": "default", "robot_id": "202601002029", "request_id": "d1986018d0b945dda7244372132e694b", "position": {"x": -599.9999999999998, "y": 1039.2304845413264}, "channel": 3}, "attempt": 1}
2026-09-12 16:41:18,167 INFO response {"request_id": "d1986018d0b945dda7244372132e694b", "http_status": 200, "body": {"accepted": true, "real_timestamp_ms": 1789202474881, "virtual_time_s": 1024, "measure_result": "no_signal"}}
2026-09-12 16:41:18,167 INFO request {"path": "/measure", "payload": {"arena_id": "default", "robot_id": "202601002029", "request_id": "2ec19d6178b94a798da1be0e735debeb", "position": {"x": -599.9999999999998, "y": 1039.2304845413264}, "channel": 7}, "attempt": 1}
2026-09-12 16:41:18,168 INFO response {"request_id": "2ec19d6178b94a798da1be0e735debeb", "http_status": 200, "body": {"accepted": true, "real_timestamp_ms": 1789202474882, "virtual_time_s": 1030, "measure_result": "direction", "svd_deg": 217.03}}
2026-09-12 16:41:18,170 INFO request {"path": "/measure", "payload": {"arena_id": "default", "robot_id": "202601002029", "request_id": "9d5430798719494a90dd824c63d08d50", "position": {"x": -599.9999999999998, "y": 1039.2304845413264}, "channel": 11}, "attempt": 1}
2026-09-12 16:41:18,170 INFO response {"request_id": "9d5430798719494a90dd824c63d08d50", "http_status": 200, "body": {"accepted": true, "real_timestamp_ms": 1789202474885, "virtual_time_s": 1036, "measure_result": "direction", "svd_deg": 136.69}}
2026-09-12 16:41:18,172 INFO request {"path": "/measure", "payload": {"arena_id": "default", "robot_id": "202601002029", "request_id": "9222e0ab2384460390f5c5e4ec6b8d9d", "position": {"x": -599.9999999999998, "y": 1039.2304845413264}, "channel": 13}, "attempt": 1}
2026-09-12 16:41:18,187 INFO response {"request_id": "9222e0ab2384460390f5c5e4ec6b8d9d", "http_status": 200, "body": {"accepted": true, "real_timestamp_ms": 1789202474901, "virtual_time_s": 1042, "measure_result": "no_signal"}}
2026-09-12 16:41:18,187 INFO request {"path": "/measure", "payload": {"arena_id": "default", "robot_id": "202601002029", "request_id": "dbe057bb200646d399925b8e01337d94", "position": {"x": -599.9999999999998, "y": 1039.2304845413264}, "channel": 15}, "attempt": 1}
2026-09-12 16:41:18,207 INFO response {"request_id": "dbe057bb200646d399925b8e01337d94", "http_status": 200, "body": {"accepted": true, "real_timestamp_ms": 1789202474921, "virtual_time_s": 1048, "measure_result": "direction", "svd_deg": 210.44}}
2026-09-12 16:41:18,210 INFO request {"path": "/measure", "payload": {"arena_id": "default", "robot_id": "202601002029", "request_id": "028371b6c3004988baf2297fd1935376", "position": {"x": -599.9999999999998, "y": 1039.2304845413264}, "channel": 16}, "attempt": 1}
2026-09-12 16:41:18,211 INFO response {"request_id": "028371b6c3004988baf2297fd1935376", "http_status": 200, "body": {"accepted": true, "real_timestamp_ms": 1789202474925, "virtual_time_s": 1054, "measure_result": "no_signal"}}
2026-09-12 16:41:18,211 INFO request {"path": "/measure", "payload": {"arena_id": "default", "robot_id": "202601002029", "request_id": "6dddcea6aa214a1d87a80cfa731e6ead", "position": {"x": -599.9999999999998, "y": 1039.2304845413264}, "channel": 17}, "attempt": 1}
2026-09-12 16:41:18,227 INFO response {"request_id": "6dddcea6aa214a1d87a80cfa731e6ead", "http_status": 200, "body": {"accepted": true, "real_timestamp_ms": 1789202474941, "virtual_time_s": 1060, "measure_result": "no_signal"}}
2026-09-12 16:41:18,227 INFO request {"path": "/measure", "payload": {"arena_id": "default", "robot_id": "202601002029", "request_id": "8b6e5dfdeb6d4a5ea081b051c39b1eb5", "position": {"x": -599.9999999999998, "y": 1039.2304845413264}, "channel": 19}, "attempt": 1}
2026-09-12 16:41:18,229 INFO response {"request_id": "8b6e5dfdeb6d4a5ea081b051c39b1eb5", "http_status": 200, "body": {"accepted": true, "real_timestamp_ms": 1789202474942, "virtual_time_s": 1066, "measure_result": "no_signal"}}
2026-09-12 16:41:18,229 INFO request {"path": "/measure", "payload": {"arena_id": "default", "robot_id": "202601002029", "request_id": "24d40d91787948a2a439c8bcca3e9a03", "position": {"x": -599.9999999999998, "y": 1039.2304845413264}, "channel": 20}, "attempt": 1}
2026-09-12 16:41:18,231 INFO response {"request_id": "24d40d91787948a2a439c8bcca3e9a03", "http_status": 200, "body": {"accepted": true, "real_timestamp_ms": 1789202474944, "virtual_time_s": 1072, "measure_result": "no_signal"}}
2026-09-12 16:41:18,298 INFO request {"path": "/measure", "payload": {"arena_id": "default", "robot_id": "202601002029", "request_id": "a0a77ceb37c9413d8474f7870ce38395", "position": {"x": -599.9999999999998, "y": 1039.2304845413264}, "channel": 2}, "attempt": 1}
2026-09-12 16:41:18,300 INFO response {"request_id": "a0a77ceb37c9413d8474f7870ce38395", "http_status": 200, "body": {"accepted": true, "real_timestamp_ms": 1789202475014, "virtual_time_s": 1078, "measure_result": "direction", "svd_deg": 229.42}}
2026-09-12 16:41:18,334 INFO request {"path": "/measure", "payload": {"arena_id": "default", "robot_id": "202601002029", "request_id": "f49a52b7e7dd43e9a88c702fbbb5b0a2", "position": {"x": -599.9999999999998, "y": 1039.2304845413264}, "channel": 4}, "attempt": 1}
2026-09-12 16:41:18,345 INFO response {"request_id": "f49a52b7e7dd43e9a88c702fbbb5b0a2", "http_status": 200, "body": {"accepted": true, "real_timestamp_ms": 1789202475059, "virtual_time_s": 1084, "measure_result": "direction", "svd_deg": 58.44}}
2026-09-12 16:41:18,349 INFO request {"path": "/measure", "payload": {"arena_id": "default", "robot_id": "202601002029", "request_id": "66c48fe32d0841d9a4137d3a5d84e1c7", "position": {"x": -1200.0, "y": 1.4695761589768238e-13}, "channel": 1}, "attempt": 1}
2026-09-12 16:41:18,351 INFO response {"request_id": "66c48fe32d0841d9a4137d3a5d84e1c7", "http_status": 200, "body": {"accepted": true, "real_timestamp_ms": 1789202475064, "virtual_time_s": 1330, "measure_result": "no_signal"}}
2026-09-12 16:41:18,351 INFO request {"path": "/measure", "payload": {"arena_id": "default", "robot_id": "202601002029", "request_id": "a3f14db7e6844e10b923ef6f817b9f6b", "position": {"x": -1200.0, "y": 1.4695761589768238e-13}, "channel": 3}, "attempt": 1}
2026-09-12 16:41:18,364 INFO response {"request_id": "a3f14db7e6844e10b923ef6f817b9f6b", "http_status": 200, "body": {"accepted": true, "real_timestamp_ms": 1789202475078, "virtual_time_s": 1336, "measure_result": "no_signal"}}
2026-09-12 16:41:18,364 INFO request {"path": "/measure", "payload": {"arena_id": "default", "robot_id": "202601002029", "request_id": "c1eb070e16a841b6a62499216eede332", "position": {"x": -1200.0, "y": 1.4695761589768238e-13}, "channel": 13}, "attempt": 1}
2026-09-12 16:41:18,366 INFO response {"request_id": "c1eb070e16a841b6a62499216eede332", "http_status": 200, "body": {"accepted": true, "real_timestamp_ms": 1789202475080, "virtual_time_s": 1342, "measure_result": "no_signal"}}
2026-09-12 16:41:18,367 INFO request {"path": "/measure", "payload": {"arena_id": "default", "robot_id": "202601002029", "request_id": "9b7d9fb531214da4916eb24a9be2a04a", "position": {"x": -1200.0, "y": 1.4695761589768238e-13}, "channel": 16}, "attempt": 1}
2026-09-12 16:41:18,368 INFO response {"request_id": "9b7d9fb531214da4916eb24a9be2a04a", "http_status": 200, "body": {"accepted": true, "real_timestamp_ms": 1789202475082, "virtual_time_s": 1348, "measure_result": "no_signal"}}
2026-09-12 16:41:18,368 INFO request {"path": "/measure", "payload": {"arena_id": "default", "robot_id": "202601002029", "request_id": "d56360d013f445e2ad5bf199134ed440", "position": {"x": -1200.0, "y": 1.4695761589768238e-13}, "channel": 17}, "attempt": 1}
2026-09-12 16:41:18,384 INFO response {"request_id": "d56360d013f445e2ad5bf199134ed440", "http_status": 200, "body": {"accepted": true, "real_timestamp_ms": 1789202475098, "virtual_time_s": 1354, "measure_result": "no_signal"}}
2026-09-12 16:41:18,384 INFO request {"path": "/measure", "payload": {"arena_id": "default", "robot_id": "202601002029", "request_id": "8b47f60457e24590a8d7c0b6a9ba7de3", "position": {"x": -1200.0, "y": 1.4695761589768238e-13}, "channel": 19}, "attempt": 1}
2026-09-12 16:41:18,386 INFO response {"request_id": "8b47f60457e24590a8d7c0b6a9ba7de3", "http_status": 200, "body": {"accepted": true, "real_timestamp_ms": 1789202475099, "virtual_time_s": 1360, "measure_result": "no_signal"}}
2026-09-12 16:41:18,386 INFO request {"path": "/measure", "payload": {"arena_id": "default", "robot_id": "202601002029", "request_id": "eb1a89bc30f648b0862ce5502fbef163", "position": {"x": -1200.0, "y": 1.4695761589768238e-13}, "channel": 20}, "attempt": 1}
2026-09-12 16:41:18,387 INFO response {"request_id": "eb1a89bc30f648b0862ce5502fbef163", "http_status": 200, "body": {"accepted": true, "real_timestamp_ms": 1789202475101, "virtual_time_s": 1366, "measure_result": "no_signal"}}
2026-09-12 16:41:18,415 INFO request {"path": "/measure", "payload": {"arena_id": "default", "robot_id": "202601002029", "request_id": "7685332c030347e6ad4bcd843d385e85", "position": {"x": -1200.0, "y": 1.4695761589768238e-13}, "channel": 7}, "attempt": 1}
2026-09-12 16:41:18,417 INFO response {"request_id": "7685332c030347e6ad4bcd843d385e85", "http_status": 200, "body": {"accepted": true, "real_timestamp_ms": 1789202475131, "virtual_time_s": 1372, "measure_result": "direction", "svd_deg": 149.09}}
2026-09-12 16:41:18,442 INFO request {"path": "/measure", "payload": {"arena_id": "default", "robot_id": "202601002029", "request_id": "43d70c9102334eccaa754e4cf5b05e4e", "position": {"x": -1200.0, "y": 1.4695761589768238e-13}, "channel": 15}, "attempt": 1}
2026-09-12 16:41:18,462 INFO response {"request_id": "43d70c9102334eccaa754e4cf5b05e4e", "http_status": 200, "body": {"accepted": true, "real_timestamp_ms": 1789202475176, "virtual_time_s": 1378, "measure_result": "direction", "svd_deg": 90.06}}
2026-09-12 16:41:18,466 INFO request {"path": "/measure", "payload": {"arena_id": "default", "robot_id": "202601002029", "request_id": "7d7dd09969a5447f85dc2852163982ab", "position": {"x": -600.0000000000006, "y": -1039.2304845413262}, "channel": 1}, "attempt": 1}
2026-09-12 16:41:18,467 INFO response {"request_id": "7d7dd09969a5447f85dc2852163982ab", "http_status": 200, "body": {"accepted": true, "real_timestamp_ms": 1789202475181, "virtual_time_s": 1624, "measure_result": "no_signal"}}
2026-09-12 16:41:18,467 INFO request {"path": "/measure", "payload": {"arena_id": "default", "robot_id": "202601002029", "request_id": "b0392c8afa874005830761f6f100312f", "position": {"x": -600.0000000000006, "y": -1039.2304845413262}, "channel": 3}, "attempt": 1}
2026-09-12 16:41:18,482 INFO response {"request_id": "b0392c8afa874005830761f6f100312f", "http_status": 200, "body": {"accepted": true, "real_timestamp_ms": 1789202475196, "virtual_time_s": 1630, "measure_result": "no_signal"}}
2026-09-12 16:41:18,482 INFO request {"path": "/measure", "payload": {"arena_id": "default", "robot_id": "202601002029", "request_id": "b4d5b868c05841aaaccc3923acc3c668", "position": {"x": -600.0000000000006, "y": -1039.2304845413262}, "channel": 13}, "attempt": 1}
2026-09-12 16:41:18,501 INFO response {"request_id": "b4d5b868c05841aaaccc3923acc3c668", "http_status": 200, "body": {"accepted": true, "real_timestamp_ms": 1789202475216, "virtual_time_s": 1636, "measure_result": "no_signal"}}
2026-09-12 16:41:18,502 INFO request {"path": "/measure", "payload": {"arena_id": "default", "robot_id": "202601002029", "request_id": "97f2de79e5be474581c4b37628ff345c", "position": {"x": -600.0000000000006, "y": -1039.2304845413262}, "channel": 16}, "attempt": 1}
2026-09-12 16:41:18,502 INFO response {"request_id": "97f2de79e5be474581c4b37628ff345c", "http_status": 200, "body": {"accepted": true, "real_timestamp_ms": 1789202475217, "virtual_time_s": 1642, "measure_result": "no_signal"}}
2026-09-12 16:41:18,503 INFO request {"path": "/measure", "payload": {"arena_id": "default", "robot_id": "202601002029", "request_id": "ccdff459486b4a96bc0f7e95534c6021", "position": {"x": -600.0000000000006, "y": -1039.2304845413262}, "channel": 17}, "attempt": 1}
2026-09-12 16:41:18,503 INFO response {"request_id": "ccdff459486b4a96bc0f7e95534c6021", "http_status": 200, "body": {"accepted": true, "real_timestamp_ms": 1789202475217, "virtual_time_s": 1648, "measure_result": "no_signal"}}
2026-09-12 16:41:18,503 INFO request {"path": "/measure", "payload": {"arena_id": "default", "robot_id": "202601002029", "request_id": "28c2d23731ec4a49a8b93db0f7fcf784", "position": {"x": -600.0000000000006, "y": -1039.2304845413262}, "channel": 19}, "attempt": 1}
2026-09-12 16:41:18,504 INFO response {"request_id": "28c2d23731ec4a49a8b93db0f7fcf784", "http_status": 200, "body": {"accepted": true, "real_timestamp_ms": 1789202475218, "virtual_time_s": 1654, "measure_result": "no_signal"}}
2026-09-12 16:41:18,504 INFO request {"path": "/measure", "payload": {"arena_id": "default", "robot_id": "202601002029", "request_id": "a2aa1370960149329f9358b7ab37e0ac", "position": {"x": -600.0000000000006, "y": -1039.2304845413262}, "channel": 20}, "attempt": 1}
2026-09-12 16:41:18,505 INFO response {"request_id": "a2aa1370960149329f9358b7ab37e0ac", "http_status": 200, "body": {"accepted": true, "real_timestamp_ms": 1789202475219, "virtual_time_s": 1660, "measure_result": "direction", "svd_deg": 292.04}}
2026-09-12 16:41:18,522 INFO request {"path": "/measure", "payload": {"arena_id": "default", "robot_id": "202601002029", "request_id": "7224cdab50d34c60a3d59381ed776793", "position": {"x": -600.0000000000006, "y": -1039.2304845413262}, "channel": 10}, "attempt": 1}
2026-09-12 16:41:18,526 INFO response {"request_id": "7224cdab50d34c60a3d59381ed776793", "http_status": 200, "body": {"accepted": true, "real_timestamp_ms": 1789202475240, "virtual_time_s": 1666, "measure_result": "direction", "svd_deg": 338.19}}
2026-09-12 16:41:18,537 INFO request {"path": "/measure", "payload": {"arena_id": "default", "robot_id": "202601002029", "request_id": "a68d800cdb064ed495f8620eb776a840", "position": {"x": -600.0000000000006, "y": -1039.2304845413262}, "channel": 5}, "attempt": 1}
2026-09-12 16:41:18,552 INFO response {"request_id": "a68d800cdb064ed495f8620eb776a840", "http_status": 200, "body": {"accepted": true, "real_timestamp_ms": 1789202475266, "virtual_time_s": 1672, "measure_result": "direction", "svd_deg": 4.88}}
2026-09-12 16:41:18,555 INFO request {"path": "/measure", "payload": {"arena_id": "default", "robot_id": "202601002029", "request_id": "bda77341937747d1aadf4a07a7656756", "position": {"x": 600.0000000000001, "y": -1039.2304845413264}, "channel": 1}, "attempt": 1}
2026-09-12 16:41:18,572 INFO response {"request_id": "bda77341937747d1aadf4a07a7656756", "http_status": 200, "body": {"accepted": true, "real_timestamp_ms": 1789202475286, "virtual_time_s": 1918, "measure_result": "no_signal"}}
2026-09-12 16:41:18,572 INFO request {"path": "/measure", "payload": {"arena_id": "default", "robot_id": "202601002029", "request_id": "a029c4c0f11b465796a70afb23314074", "position": {"x": 600.0000000000001, "y": -1039.2304845413264}, "channel": 3}, "attempt": 1}
2026-09-12 16:41:18,592 INFO response {"request_id": "a029c4c0f11b465796a70afb23314074", "http_status": 200, "body": {"accepted": true, "real_timestamp_ms": 1789202475306, "virtual_time_s": 1924, "measure_result": "no_signal"}}
2026-09-12 16:41:18,592 INFO request {"path": "/measure", "payload": {"arena_id": "default", "robot_id": "202601002029", "request_id": "b8f4462363aa423a83c9a9105e73f999", "position": {"x": 600.0000000000001, "y": -1039.2304845413264}, "channel": 13}, "attempt": 1}
2026-09-12 16:41:18,594 INFO response {"request_id": "b8f4462363aa423a83c9a9105e73f999", "http_status": 200, "body": {"accepted": true, "real_timestamp_ms": 1789202475307, "virtual_time_s": 1930, "measure_result": "no_signal"}}
2026-09-12 16:41:18,594 INFO request {"path": "/measure", "payload": {"arena_id": "default", "robot_id": "202601002029", "request_id": "e5c91644c9c5445fa72738c00bd66f6a", "position": {"x": 600.0000000000001, "y": -1039.2304845413264}, "channel": 16}, "attempt": 1}
2026-09-12 16:41:18,611 INFO response {"request_id": "e5c91644c9c5445fa72738c00bd66f6a", "http_status": 200, "body": {"accepted": true, "real_timestamp_ms": 1789202475325, "virtual_time_s": 1936, "measure_result": "no_signal"}}
2026-09-12 16:41:18,611 INFO request {"path": "/measure", "payload": {"arena_id": "default", "robot_id": "202601002029", "request_id": "a3e6cd657cfe4b0fab49e53e4f589b39", "position": {"x": 600.0000000000001, "y": -1039.2304845413264}, "channel": 17}, "attempt": 1}
2026-09-12 16:41:18,613 INFO response {"request_id": "a3e6cd657cfe4b0fab49e53e4f589b39", "http_status": 200, "body": {"accepted": true, "real_timestamp_ms": 1789202475327, "virtual_time_s": 1942, "measure_result": "no_signal"}}
2026-09-12 16:41:18,613 INFO request {"path": "/measure", "payload": {"arena_id": "default", "robot_id": "202601002029", "request_id": "9d48bf91c911463fa97582c4bca9b00a", "position": {"x": 600.0000000000001, "y": -1039.2304845413264}, "channel": 19}, "attempt": 1}
2026-09-12 16:41:18,615 INFO response {"request_id": "9d48bf91c911463fa97582c4bca9b00a", "http_status": 200, "body": {"accepted": true, "real_timestamp_ms": 1789202475328, "virtual_time_s": 1948, "measure_result": "no_signal"}}
2026-09-12 16:41:18,653 INFO request {"path": "/measure", "payload": {"arena_id": "default", "robot_id": "202601002029", "request_id": "80b4b02b4bca4291a5c29d9c57a56911", "position": {"x": 600.0000000000001, "y": -1039.2304845413264}, "channel": 10}, "attempt": 1}
2026-09-12 16:41:18,654 INFO response {"request_id": "80b4b02b4bca4291a5c29d9c57a56911", "http_status": 200, "body": {"accepted": true, "real_timestamp_ms": 1789202475368, "virtual_time_s": 1954, "measure_result": "direction", "svd_deg": 195.36}}
2026-09-12 16:41:18,670 INFO request {"path": "/measure", "payload": {"arena_id": "default", "robot_id": "202601002029", "request_id": "e2a99f2c33c0414dbf71fa2778966c35", "position": {"x": 600.0000000000001, "y": -1039.2304845413264}, "channel": 5}, "attempt": 1}
2026-09-12 16:41:18,681 INFO response {"request_id": "e2a99f2c33c0414dbf71fa2778966c35", "http_status": 200, "body": {"accepted": true, "real_timestamp_ms": 1789202475395, "virtual_time_s": 1960, "measure_result": "direction", "svd_deg": 174.67}}
2026-09-12 16:41:26,613 INFO request {"path": "/measure", "payload": {"arena_id": "default", "robot_id": "202601002029", "request_id": "8c12e21929914b799989a952bba30d74", "position": {"x": 146.45340565899727, "y": -1312.839324437657}, "channel": 20}, "attempt": 1}
2026-09-12 16:41:26,614 INFO response {"request_id": "8c12e21929914b799989a952bba30d74", "http_status": 200, "body": {"accepted": true, "real_timestamp_ms": 1789202483329, "virtual_time_s": 2071.937021, "measure_result": "direction", "svd_deg": 207.7}}
2026-09-12 16:41:26,621 INFO request {"path": "/clear", "payload": {"arena_id": "default", "robot_id": "202601002029", "request_id": "5eaf6dc8d9124dbba67f909cd06140bf", "position": {"x": -377.9063954027946, "y": -1588.359409723529}, "channel": 20}, "attempt": 1}
2026-09-12 16:41:26,622 INFO response {"request_id": "5eaf6dc8d9124dbba67f909cd06140bf", "http_status": 200, "body": {"accepted": true, "real_timestamp_ms": 1789202483336, "virtual_time_s": 2195.404657, "clear_result": "success"}}
2026-09-12 16:41:26,626 INFO request {"path": "/clear", "payload": {"arena_id": "default", "robot_id": "202601002029", "request_id": "623ccd12bb3e495eaa659c039c485753", "position": {"x": -86.5663817842462, "y": -1237.9676216731496}, "channel": 10}, "attempt": 1}
2026-09-12 16:41:26,646 INFO response {"request_id": "623ccd12bb3e495eaa659c039c485753", "http_status": 200, "body": {"accepted": true, "real_timestamp_ms": 1789202483360, "virtual_time_s": 2291.542664, "clear_result": "success"}}
2026-09-12 16:41:26,653 INFO request {"path": "/clear", "payload": {"arena_id": "default", "robot_id": "202601002029", "request_id": "0328504886ab42d8bb9233c514377e93", "position": {"x": -32.957744194073044, "y": -985.5524272162058}, "channel": 5}, "attempt": 1}
2026-09-12 16:41:26,666 INFO response {"request_id": "0328504886ab42d8bb9233c514377e93", "http_status": 200, "body": {"accepted": true, "real_timestamp_ms": 1789202483380, "virtual_time_s": 2348.151701, "clear_result": "success"}}
2026-09-12 16:41:26,672 INFO request {"path": "/measure", "payload": {"arena_id": "default", "robot_id": "202601002029", "request_id": "7c0bc13288cf41199527e84b0b5c2121", "position": {"x": 1198.4442864401772, "y": -829.1538997667275}, "channel": 9}, "attempt": 1}
2026-09-12 16:41:26,686 INFO response {"request_id": "7c0bc13288cf41199527e84b0b5c2121", "http_status": 200, "body": {"accepted": true, "real_timestamp_ms": 1789202483400, "virtual_time_s": 2602.410555, "measure_result": "direction", "svd_deg": 71.64}}
2026-09-12 16:41:26,694 INFO request {"path": "/clear", "payload": {"arena_id": "default", "robot_id": "202601002029", "request_id": "3bde31d9213d4501873b9a62464764c7", "position": {"x": 1404.4887310023955, "y": -207.6750751759427}, "channel": 9}, "attempt": 1}
2026-09-12 16:41:26,706 INFO response {"request_id": "3bde31d9213d4501873b9a62464764c7", "http_status": 200, "body": {"accepted": true, "real_timestamp_ms": 1789202483419, "virtual_time_s": 2738.359437, "clear_result": "success"}}
2026-09-12 16:41:26,721 INFO request {"path": "/measure", "payload": {"arena_id": "default", "robot_id": "202601002029", "request_id": "9509b099699a4716bb23c0d7136a31c3", "position": {"x": 1481.3578811242014, "y": 284.31978954919697}, "channel": 12}, "attempt": 1}
2026-09-12 16:41:26,735 INFO response {"request_id": "9509b099699a4716bb23c0d7136a31c3", "http_status": 200, "body": {"accepted": true, "real_timestamp_ms": 1789202483449, "virtual_time_s": 2843.95217, "measure_result": "direction", "svd_deg": 125.86}}
2026-09-12 16:41:26,753 INFO request {"path": "/measure", "payload": {"arena_id": "default", "robot_id": "202601002029", "request_id": "252447d0c9d449aeb0726d2239e8f2bc", "position": {"x": 1481.3578811242014, "y": 284.31978954919697}, "channel": 8}, "attempt": 1}
2026-09-12 16:41:26,754 INFO response {"request_id": "252447d0c9d449aeb0726d2239e8f2bc", "http_status": 200, "body": {"accepted": true, "real_timestamp_ms": 1789202483468, "virtual_time_s": 2849.95217, "measure_result": "direction", "svd_deg": 152.37}}
2026-09-12 16:41:26,759 INFO request {"path": "/clear", "payload": {"arena_id": "default", "robot_id": "202601002029", "request_id": "21b42857e8e84e9fb29d7aba1227bc7a", "position": {"x": 1329.393274654779, "y": 494.07672363724475}, "channel": 12}, "attempt": 1}
2026-09-12 16:41:26,760 INFO response {"request_id": "21b42857e8e84e9fb29d7aba1227bc7a", "http_status": 200, "body": {"accepted": true, "real_timestamp_ms": 1789202483475, "virtual_time_s": 2906.756113, "clear_result": "success"}}
2026-09-12 16:41:26,763 INFO request {"path": "/clear", "payload": {"arena_id": "default", "robot_id": "202601002029", "request_id": "62206956d83c44bb8c0bcb70badeca52", "position": {"x": 670.8209175398016, "y": 720.8716787612968}, "channel": 8}, "attempt": 1}
2026-09-12 16:41:26,764 INFO response {"request_id": "62206956d83c44bb8c0bcb70badeca52", "http_status": 200, "body": {"accepted": true, "real_timestamp_ms": 1789202483478, "virtual_time_s": 3051.062036, "clear_result": "success"}}
2026-09-12 16:41:26,775 INFO request {"path": "/measure", "payload": {"arena_id": "default", "robot_id": "202601002029", "request_id": "87f23c2b74b6425fabece86c1ed3516c", "position": {"x": 670.8209175398016, "y": 720.8716787612968}, "channel": 18}, "attempt": 1}
2026-09-12 16:41:26,776 INFO response {"request_id": "87f23c2b74b6425fabece86c1ed3516c", "http_status": 200, "body": {"accepted": true, "real_timestamp_ms": 1789202483490, "virtual_time_s": 3057.062036, "measure_result": "direction", "svd_deg": 151.47}}
2026-09-12 16:41:26,781 INFO request {"path": "/clear", "payload": {"arena_id": "default", "robot_id": "202601002029", "request_id": "63e8e088066e4412aca9d3b31afbe832", "position": {"x": 236.9820627326585, "y": 955.3733000916918}, "channel": 18}, "attempt": 1}
2026-09-12 16:41:26,782 INFO response {"request_id": "63e8e088066e4412aca9d3b31afbe832", "http_status": 200, "body": {"accepted": true, "real_timestamp_ms": 1789202483496, "virtual_time_s": 3160.694112, "clear_result": "success"}}
2026-09-12 16:41:26,805 INFO request {"path": "/measure", "payload": {"arena_id": "default", "robot_id": "202601002029", "request_id": "d4ab082af44649f0a7f86604d2c7965f", "position": {"x": 236.9820627326585, "y": 955.3733000916918}, "channel": 4}, "attempt": 1}
2026-09-12 16:41:26,823 INFO response {"request_id": "d4ab082af44649f0a7f86604d2c7965f", "http_status": 200, "body": {"accepted": true, "real_timestamp_ms": 1789202483537, "virtual_time_s": 3166.694112, "measure_result": "direction", "svd_deg": 164.27}}
2026-09-12 16:41:26,853 INFO request {"path": "/measure", "payload": {"arena_id": "default", "robot_id": "202601002029", "request_id": "6a5cbe53131947dd8d72fb3ab8b44861", "position": {"x": -236.62565940705477, "y": 1312.5284859566998}, "channel": 14}, "attempt": 1}
2026-09-12 16:41:26,873 INFO response {"request_id": "6a5cbe53131947dd8d72fb3ab8b44861", "http_status": 200, "body": {"accepted": true, "real_timestamp_ms": 1789202483587, "virtual_time_s": 3291.33038, "measure_result": "direction", "svd_deg": 344.2}}
2026-09-12 16:41:27,571 INFO request {"path": "/measure", "payload": {"arena_id": "default", "robot_id": "202601002029", "request_id": "9b5f20dca3ab4d24aa5f53f8e647c8c6", "position": {"x": 150.42752430966345, "y": 1089.677831205726}, "channel": 14}, "attempt": 1}
2026-09-12 16:41:27,573 INFO response {"request_id": "9b5f20dca3ab4d24aa5f53f8e647c8c6", "http_status": 200, "body": {"accepted": true, "real_timestamp_ms": 1789202484287, "virtual_time_s": 3385.655087, "measure_result": "direction", "svd_deg": 359.69}}
2026-09-12 16:41:27,592 INFO request {"path": "/clear", "payload": {"arena_id": "default", "robot_id": "202601002029", "request_id": "fe35d6925f2744a8ab7fd7124e28515b", "position": {"x": 552.307027696713, "y": 1087.3523161935086}, "channel": 14}, "attempt": 1}
2026-09-12 16:41:27,612 INFO response {"request_id": "fe35d6925f2744a8ab7fd7124e28515b", "http_status": 200, "body": {"accepted": true, "real_timestamp_ms": 1789202484326, "virtual_time_s": 3471.032333, "clear_result": "success"}}
2026-09-12 16:41:27,614 INFO request {"path": "/measure", "payload": {"arena_id": "default", "robot_id": "202601002029", "request_id": "9560e6bb310646d5bf09b92ae51eeaef", "position": {"x": -334.93493195907234, "y": 2091.1564924606473}, "channel": 6}, "attempt": 1}
2026-09-12 16:41:27,615 INFO response {"request_id": "9560e6bb310646d5bf09b92ae51eeaef", "http_status": 200, "body": {"accepted": true, "real_timestamp_ms": 1789202484329, "virtual_time_s": 3744.974201, "measure_result": "direction", "svd_deg": 279.29}}
2026-09-12 16:41:27,627 INFO request {"path": "/measure", "payload": {"arena_id": "default", "robot_id": "202601002029", "request_id": "4617ea5a55444745b819257549bb5c1d", "position": {"x": -334.93493195907234, "y": 2091.1564924606473}, "channel": 11}, "attempt": 1}
2026-09-12 16:41:27,629 INFO response {"request_id": "4617ea5a55444745b819257549bb5c1d", "http_status": 200, "body": {"accepted": true, "real_timestamp_ms": 1789202484343, "virtual_time_s": 3750.974201, "measure_result": "direction", "svd_deg": 246.11}}
2026-09-12 16:41:29,105 INFO request {"path": "/measure", "payload": {"arena_id": "default", "robot_id": "202601002029", "request_id": "1732de2f0de446b5b22b4ef3c55207c3", "position": {"x": -81.63661100473095, "y": 1781.5761949581877}, "channel": 6}, "attempt": 1}
2026-09-12 16:41:29,125 INFO response {"request_id": "1732de2f0de446b5b22b4ef3c55207c3", "http_status": 200, "body": {"accepted": true, "real_timestamp_ms": 1789202485839, "virtual_time_s": 3836.974201, "measure_result": "direction", "svd_deg": 248.51}}
2026-09-12 16:41:29,146 INFO request {"path": "/measure", "payload": {"arena_id": "default", "robot_id": "202601002029", "request_id": "a87e4306d62c41f0ba29e9c3e65db9df", "position": {"x": -81.63661100473095, "y": 1781.5761949581877}, "channel": 11}, "attempt": 1}
2026-09-12 16:41:29,148 INFO response {"request_id": "a87e4306d62c41f0ba29e9c3e65db9df", "http_status": 200, "body": {"accepted": true, "real_timestamp_ms": 1789202485862, "virtual_time_s": 3842.974201, "measure_result": "direction", "svd_deg": 223.7}}
2026-09-12 16:41:29,156 INFO request {"path": "/clear", "payload": {"arena_id": "default", "robot_id": "202601002029", "request_id": "b46b5653f60d4e7490422d1f11e94b19", "position": {"x": -230.08442890590243, "y": 1403.7588867389493}, "channel": 6}, "attempt": 1}
2026-09-12 16:41:29,174 INFO response {"request_id": "b46b5653f60d4e7490422d1f11e94b19", "http_status": 200, "body": {"accepted": true, "real_timestamp_ms": 1789202485888, "virtual_time_s": 3929.161065, "clear_result": "success"}}
2026-09-12 16:41:29,202 INFO request {"path": "/clear", "payload": {"arena_id": "default", "robot_id": "202601002029", "request_id": "0a46eda9bab943afb94921ff028e037e", "position": {"x": -520.2684714673937, "y": 1168.5341276142635}, "channel": 4}, "attempt": 1}
2026-09-12 16:41:29,203 INFO response {"request_id": "0a46eda9bab943afb94921ff028e037e", "http_status": 200, "body": {"accepted": true, "real_timestamp_ms": 1789202485917, "virtual_time_s": 4008.870493, "clear_result": "success"}}
2026-09-12 16:41:29,241 INFO request {"path": "/clear", "payload": {"arena_id": "default", "robot_id": "202601002029", "request_id": "9532199e89d24e1e92c00bae3ebb72b1", "position": {"x": -734.9775083792416, "y": 1165.5415915274293}, "channel": 11}, "attempt": 1}
2026-09-12 16:41:29,243 INFO response {"request_id": "9532199e89d24e1e92c00bae3ebb72b1", "http_status": 200, "body": {"accepted": true, "real_timestamp_ms": 1789202485957, "virtual_time_s": 4056.816471, "clear_result": "success"}}
2026-09-12 16:41:29,265 INFO request {"path": "/measure", "payload": {"arena_id": "default", "robot_id": "202601002029", "request_id": "39b51880e0d64f16aef304a90cd960c8", "position": {"x": -832.1591686267552, "y": 1167.1407481139809}, "channel": 2}, "attempt": 1}
2026-09-12 16:41:29,283 INFO response {"request_id": "39b51880e0d64f16aef304a90cd960c8", "http_status": 200, "body": {"accepted": true, "real_timestamp_ms": 1789202485996, "virtual_time_s": 4082.255434, "measure_result": "direction", "svd_deg": 271.06}}
2026-09-12 16:41:29,290 INFO request {"path": "/clear", "payload": {"arena_id": "default", "robot_id": "202601002029", "request_id": "412c8dc54cdb4082bf744da1d0e26b73", "position": {"x": -828.0337449515557, "y": 772.6465476170665}, "channel": 2}, "attempt": 1}
2026-09-12 16:41:29,302 INFO response {"request_id": "412c8dc54cdb4082bf744da1d0e26b73", "http_status": 200, "body": {"accepted": true, "real_timestamp_ms": 1789202486016, "virtual_time_s": 4166.158588, "clear_result": "success"}}
2026-09-12 16:41:29,330 INFO request {"path": "/measure", "payload": {"arena_id": "default", "robot_id": "202601002029", "request_id": "0f711bf6431b45a2b323ab43d5fb7940", "position": {"x": -828.0337449515557, "y": 772.6465476170665}, "channel": 15}, "attempt": 1}
2026-09-12 16:41:29,342 INFO response {"request_id": "0f711bf6431b45a2b323ab43d5fb7940", "http_status": 200, "body": {"accepted": true, "real_timestamp_ms": 1789202486056, "virtual_time_s": 4172.158588, "measure_result": "direction", "svd_deg": 194.67}}
2026-09-12 16:41:29,356 INFO request {"path": "/measure", "payload": {"arena_id": "default", "robot_id": "202601002029", "request_id": "88589a0234c3403b87e10ea9e78e44d2", "position": {"x": -828.0337449515557, "y": 772.6465476170665}, "channel": 7}, "attempt": 1}
2026-09-12 16:41:29,374 INFO response {"request_id": "88589a0234c3403b87e10ea9e78e44d2", "http_status": 200, "body": {"accepted": true, "real_timestamp_ms": 1789202486088, "virtual_time_s": 4178.158588, "measure_result": "direction", "svd_deg": 211.68}}
2026-09-12 16:41:30,201 INFO request {"path": "/clear", "payload": {"arena_id": "default", "robot_id": "202601002029", "request_id": "d2f861d87d2043ee9c0ac6dfd079fdc4", "position": {"x": -1200.5322640099262, "y": 674.9015473674467}, "channel": 15}, "attempt": 1}
2026-09-12 16:41:30,202 INFO response {"request_id": "d2f861d87d2043ee9c0ac6dfd079fdc4", "http_status": 200, "body": {"accepted": true, "real_timestamp_ms": 1789202486916, "virtual_time_s": 4260.180463, "clear_result": "success"}}
2026-09-12 16:41:30,213 INFO request {"path": "/measure", "payload": {"arena_id": "default", "robot_id": "202601002029", "request_id": "1c13d265646944dba2fbc89adb03e97a", "position": {"x": -1200.5322640099262, "y": 674.9015473674467}, "channel": 7}, "attempt": 1}
2026-09-12 16:41:30,214 INFO response {"request_id": "1c13d265646944dba2fbc89adb03e97a", "http_status": 200, "body": {"accepted": true, "real_timestamp_ms": 1789202486929, "virtual_time_s": 4265.180463, "measure_result": "direction", "svd_deg": 222.75}}
2026-09-12 16:41:30,218 INFO request {"path": "/clear", "payload": {"arena_id": "default", "robot_id": "202601002029", "request_id": "02ce494a68e54f9491ff924a039c6bb6", "position": {"x": -1643.8060304787923, "y": 265.4404921260799}, "channel": 7}, "attempt": 1}
2026-09-12 16:41:30,229 INFO response {"request_id": "02ce494a68e54f9491ff924a039c6bb6", "http_status": 200, "body": {"accepted": true, "real_timestamp_ms": 1789202486944, "virtual_time_s": 4390.870146, "clear_result": "success"}}
2026-09-12 16:41:30,230 INFO request {"path": "/exit", "payload": {"arena_id": "default", "robot_id": "202601002029", "request_id": "e524030e68c54347be96263e5e2e1830"}, "attempt": 1}
2026-09-12 16:41:30,250 INFO response {"request_id": "e524030e68c54347be96263e5e2e1830", "http_status": 200, "body": {"accepted": true, "real_timestamp_ms": 1789202486964, "virtual_time_s": 4390.870146, "exit_reason": "user_exit"}}
