2026-09-12 14:36:05,163 INFO request {"path": "/enter", "payload": {"arena_id": "default", "robot_id": "202601002029", "request_id": "73ff1148ccfb47c1a28caf7777726a66"}, "attempt": 1}
2026-09-12 14:36:05,166 INFO response {"request_id": "73ff1148ccfb47c1a28caf7777726a66", "http_status": 200, "body": {"accepted": true, "real_timestamp_ms": 1789194961826, "virtual_time_s": 0, "max_virtual_duration_s": 360000, "max_real_duration_s": 1200, "remaining_real_duration_s": 1200}}
2026-09-12 14:36:05,166 INFO request {"path": "/measure", "payload": {"arena_id": "default", "robot_id": "202601002029", "request_id": "db2f9566c1284774a54094b83809bf47", "position": {"x": 0.0, "y": 0.0}, "channel": 1}, "attempt": 1}
2026-09-12 14:36:05,179 INFO response {"request_id": "db2f9566c1284774a54094b83809bf47", "http_status": 200, "body": {"accepted": true, "real_timestamp_ms": 1789194961838, "virtual_time_s": 5, "measure_result": "direction", "svd_deg": 143.45}}
2026-09-12 14:36:05,185 INFO request {"path": "/measure", "payload": {"arena_id": "default", "robot_id": "202601002029", "request_id": "c078fa4d06794c719c42490767efa6b4", "position": {"x": 0.0, "y": 0.0}, "channel": 2}, "attempt": 1}
2026-09-12 14:36:05,185 INFO response {"request_id": "c078fa4d06794c719c42490767efa6b4", "http_status": 200, "body": {"accepted": true, "real_timestamp_ms": 1789194961845, "virtual_time_s": 11, "measure_result": "no_signal"}}
2026-09-12 14:36:05,186 INFO request {"path": "/measure", "payload": {"arena_id": "default", "robot_id": "202601002029", "request_id": "8e766980c5354d6783769688d88c6094", "position": {"x": 0.0, "y": 0.0}, "channel": 3}, "attempt": 1}
2026-09-12 14:36:05,187 INFO response {"request_id": "8e766980c5354d6783769688d88c6094", "http_status": 200, "body": {"accepted": true, "real_timestamp_ms": 1789194961846, "virtual_time_s": 17, "measure_result": "no_signal"}}
2026-09-12 14:36:05,187 INFO request {"path": "/measure", "payload": {"arena_id": "default", "robot_id": "202601002029", "request_id": "cb95b5baf0b84219b010d0d9112dc115", "position": {"x": 0.0, "y": 0.0}, "channel": 4}, "attempt": 1}
2026-09-12 14:36:05,189 INFO response {"request_id": "cb95b5baf0b84219b010d0d9112dc115", "http_status": 200, "body": {"accepted": true, "real_timestamp_ms": 1789194961848, "virtual_time_s": 23, "measure_result": "no_signal"}}
2026-09-12 14:36:05,189 INFO request {"path": "/measure", "payload": {"arena_id": "default", "robot_id": "202601002029", "request_id": "eaea8009e6b942999be697aa58403113", "position": {"x": 0.0, "y": 0.0}, "channel": 5}, "attempt": 1}
2026-09-12 14:36:05,191 INFO response {"request_id": "eaea8009e6b942999be697aa58403113", "http_status": 200, "body": {"accepted": true, "real_timestamp_ms": 1789194961850, "virtual_time_s": 29, "measure_result": "direction", "svd_deg": 210.64}}
2026-09-12 14:36:05,194 INFO request {"path": "/measure", "payload": {"arena_id": "default", "robot_id": "202601002029", "request_id": "ee47508a2e67403bbd73723aae13a4f0", "position": {"x": 0.0, "y": 0.0}, "channel": 6}, "attempt": 1}
2026-09-12 14:36:05,208 INFO response {"request_id": "ee47508a2e67403bbd73723aae13a4f0", "http_status": 200, "body": {"accepted": true, "real_timestamp_ms": 1789194961867, "virtual_time_s": 35, "measure_result": "no_signal"}}
2026-09-12 14:36:05,208 INFO request {"path": "/measure", "payload": {"arena_id": "default", "robot_id": "202601002029", "request_id": "b5262e7182244ba19ddaf5df122d267c", "position": {"x": 0.0, "y": 0.0}, "channel": 7}, "attempt": 1}
2026-09-12 14:36:05,227 INFO response {"request_id": "b5262e7182244ba19ddaf5df122d267c", "http_status": 200, "body": {"accepted": true, "real_timestamp_ms": 1789194961886, "virtual_time_s": 41, "measure_result": "no_signal"}}
2026-09-12 14:36:05,227 INFO request {"path": "/measure", "payload": {"arena_id": "default", "robot_id": "202601002029", "request_id": "5dc5f448a7064d31b1668c9a96f36126", "position": {"x": 0.0, "y": 0.0}, "channel": 8}, "attempt": 1}
2026-09-12 14:36:05,246 INFO response {"request_id": "5dc5f448a7064d31b1668c9a96f36126", "http_status": 200, "body": {"accepted": true, "real_timestamp_ms": 1789194961905, "virtual_time_s": 47, "measure_result": "direction", "svd_deg": 307.71}}
2026-09-12 14:36:05,251 INFO request {"path": "/measure", "payload": {"arena_id": "default", "robot_id": "202601002029", "request_id": "ad83d22ca0ba40bb9320b6f43dacbff6", "position": {"x": 0.0, "y": 0.0}, "channel": 9}, "attempt": 1}
2026-09-12 14:36:05,253 INFO response {"request_id": "ad83d22ca0ba40bb9320b6f43dacbff6", "http_status": 200, "body": {"accepted": true, "real_timestamp_ms": 1789194961913, "virtual_time_s": 53, "measure_result": "no_signal"}}
2026-09-12 14:36:05,254 INFO request {"path": "/measure", "payload": {"arena_id": "default", "robot_id": "202601002029", "request_id": "53dc1e52388741f09a99951ecfa56f87", "position": {"x": 0.0, "y": 0.0}, "channel": 10}, "attempt": 1}
2026-09-12 14:36:05,267 INFO response {"request_id": "53dc1e52388741f09a99951ecfa56f87", "http_status": 200, "body": {"accepted": true, "real_timestamp_ms": 1789194961926, "virtual_time_s": 59, "measure_result": "direction", "svd_deg": 210.77}}
2026-09-12 14:36:05,272 INFO request {"path": "/measure", "payload": {"arena_id": "default", "robot_id": "202601002029", "request_id": "c35f9988713d4363a7ebd465f573c43f", "position": {"x": 0.0, "y": 0.0}, "channel": 11}, "attempt": 1}
2026-09-12 14:36:05,287 INFO response {"request_id": "c35f9988713d4363a7ebd465f573c43f", "http_status": 200, "body": {"accepted": true, "real_timestamp_ms": 1789194961946, "virtual_time_s": 65, "measure_result": "no_signal"}}
2026-09-12 14:36:05,287 INFO request {"path": "/measure", "payload": {"arena_id": "default", "robot_id": "202601002029", "request_id": "8ab34372310c46f3bc7dcb0859cc77f2", "position": {"x": 0.0, "y": 0.0}, "channel": 12}, "attempt": 1}
2026-09-12 14:36:05,306 INFO response {"request_id": "8ab34372310c46f3bc7dcb0859cc77f2", "http_status": 200, "body": {"accepted": true, "real_timestamp_ms": 1789194961965, "virtual_time_s": 71, "measure_result": "no_signal"}}
2026-09-12 14:36:05,307 INFO request {"path": "/measure", "payload": {"arena_id": "default", "robot_id": "202601002029", "request_id": "2931b01722f7440b99ef1e7455da6f72", "position": {"x": 0.0, "y": 0.0}, "channel": 13}, "attempt": 1}
2026-09-12 14:36:05,308 INFO response {"request_id": "2931b01722f7440b99ef1e7455da6f72", "http_status": 200, "body": {"accepted": true, "real_timestamp_ms": 1789194961967, "virtual_time_s": 77, "measure_result": "no_signal"}}
2026-09-12 14:36:05,308 INFO request {"path": "/measure", "payload": {"arena_id": "default", "robot_id": "202601002029", "request_id": "73c1b6dea66e44d39af41b6c54f1fff4", "position": {"x": 0.0, "y": 0.0}, "channel": 14}, "attempt": 1}
2026-09-12 14:36:05,310 INFO response {"request_id": "73c1b6dea66e44d39af41b6c54f1fff4", "http_status": 200, "body": {"accepted": true, "real_timestamp_ms": 1789194961969, "virtual_time_s": 83, "measure_result": "no_signal"}}
2026-09-12 14:36:05,310 INFO request {"path": "/measure", "payload": {"arena_id": "default", "robot_id": "202601002029", "request_id": "5bb0d8566db34cee834e3c5c719c32bb", "position": {"x": 0.0, "y": 0.0}, "channel": 15}, "attempt": 1}
2026-09-12 14:36:05,326 INFO response {"request_id": "5bb0d8566db34cee834e3c5c719c32bb", "http_status": 200, "body": {"accepted": true, "real_timestamp_ms": 1789194961985, "virtual_time_s": 89, "measure_result": "no_signal"}}
2026-09-12 14:36:05,326 INFO request {"path": "/measure", "payload": {"arena_id": "default", "robot_id": "202601002029", "request_id": "b3d1a818f7004e8cb14751a266e8b3f8", "position": {"x": 0.0, "y": 0.0}, "channel": 16}, "attempt": 1}
2026-09-12 14:36:05,328 INFO response {"request_id": "b3d1a818f7004e8cb14751a266e8b3f8", "http_status": 200, "body": {"accepted": true, "real_timestamp_ms": 1789194961987, "virtual_time_s": 95, "measure_result": "no_signal"}}
2026-09-12 14:36:05,328 INFO request {"path": "/measure", "payload": {"arena_id": "default", "robot_id": "202601002029", "request_id": "dfef4be19a5041cab477a84dbc32ba1e", "position": {"x": 0.0, "y": 0.0}, "channel": 17}, "attempt": 1}
2026-09-12 14:36:05,330 INFO response {"request_id": "dfef4be19a5041cab477a84dbc32ba1e", "http_status": 200, "body": {"accepted": true, "real_timestamp_ms": 1789194961989, "virtual_time_s": 101, "measure_result": "no_signal"}}
2026-09-12 14:36:05,330 INFO request {"path": "/measure", "payload": {"arena_id": "default", "robot_id": "202601002029", "request_id": "dd1d9f7ae419485a9e4fe1c78a9bcaad", "position": {"x": 0.0, "y": 0.0}, "channel": 18}, "attempt": 1}
2026-09-12 14:36:05,332 INFO response {"request_id": "dd1d9f7ae419485a9e4fe1c78a9bcaad", "http_status": 200, "body": {"accepted": true, "real_timestamp_ms": 1789194961991, "virtual_time_s": 107, "measure_result": "no_signal"}}
2026-09-12 14:36:05,332 INFO request {"path": "/measure", "payload": {"arena_id": "default", "robot_id": "202601002029", "request_id": "f3651b2cdf474b9ea267ed54a13c365b", "position": {"x": 0.0, "y": 0.0}, "channel": 19}, "attempt": 1}
2026-09-12 14:36:05,346 INFO response {"request_id": "f3651b2cdf474b9ea267ed54a13c365b", "http_status": 200, "body": {"accepted": true, "real_timestamp_ms": 1789194962005, "virtual_time_s": 113, "measure_result": "no_signal"}}
2026-09-12 14:36:05,347 INFO request {"path": "/measure", "payload": {"arena_id": "default", "robot_id": "202601002029", "request_id": "14bcfd7014db4f46b42069df99a8e84f", "position": {"x": 0.0, "y": 0.0}, "channel": 20}, "attempt": 1}
2026-09-12 14:36:05,349 INFO response {"request_id": "14bcfd7014db4f46b42069df99a8e84f", "http_status": 200, "body": {"accepted": true, "real_timestamp_ms": 1789194962008, "virtual_time_s": 119, "measure_result": "no_signal"}}
2026-09-12 14:36:05,349 INFO request {"path": "/measure", "payload": {"arena_id": "default", "robot_id": "202601002029", "request_id": "9f7e3ad908b2482683cfbf3b4d033c8a", "position": {"x": 1200.0, "y": 0.0}, "channel": 20}, "attempt": 1}
2026-09-12 14:36:05,365 INFO response {"request_id": "9f7e3ad908b2482683cfbf3b4d033c8a", "http_status": 200, "body": {"accepted": true, "real_timestamp_ms": 1789194962024, "virtual_time_s": 364, "measure_result": "no_signal"}}
2026-09-12 14:36:05,366 INFO request {"path": "/measure", "payload": {"arena_id": "default", "robot_id": "202601002029", "request_id": "1db633f08b4c453388be4cbe35ec1c58", "position": {"x": 1200.0, "y": 0.0}, "channel": 2}, "attempt": 1}
2026-09-12 14:36:05,384 INFO response {"request_id": "1db633f08b4c453388be4cbe35ec1c58", "http_status": 200, "body": {"accepted": true, "real_timestamp_ms": 1789194962044, "virtual_time_s": 370, "measure_result": "direction", "svd_deg": 277.35}}
2026-09-12 14:36:05,389 INFO request {"path": "/measure", "payload": {"arena_id": "default", "robot_id": "202601002029", "request_id": "0b06dd932c9b43fda62591cdad76cd78", "position": {"x": 1200.0, "y": 0.0}, "channel": 3}, "attempt": 1}
2026-09-12 14:36:05,405 INFO response {"request_id": "0b06dd932c9b43fda62591cdad76cd78", "http_status": 200, "body": {"accepted": true, "real_timestamp_ms": 1789194962064, "virtual_time_s": 376, "measure_result": "no_signal"}}
2026-09-12 14:36:05,405 INFO request {"path": "/measure", "payload": {"arena_id": "default", "robot_id": "202601002029", "request_id": "19b50892783e4900ad3d7aff6f45b2b9", "position": {"x": 1200.0, "y": 0.0}, "channel": 4}, "attempt": 1}
2026-09-12 14:36:05,425 INFO response {"request_id": "19b50892783e4900ad3d7aff6f45b2b9", "http_status": 200, "body": {"accepted": true, "real_timestamp_ms": 1789194962085, "virtual_time_s": 382, "measure_result": "no_signal"}}
2026-09-12 14:36:05,425 INFO request {"path": "/measure", "payload": {"arena_id": "default", "robot_id": "202601002029", "request_id": "69cf2a85679a4d559bb5c433ed16b0ab", "position": {"x": 1200.0, "y": 0.0}, "channel": 6}, "attempt": 1}
2026-09-12 14:36:05,444 INFO response {"request_id": "69cf2a85679a4d559bb5c433ed16b0ab", "http_status": 200, "body": {"accepted": true, "real_timestamp_ms": 1789194962103, "virtual_time_s": 388, "measure_result": "no_signal"}}
2026-09-12 14:36:05,444 INFO request {"path": "/measure", "payload": {"arena_id": "default", "robot_id": "202601002029", "request_id": "bbd1cd02405b4282b9ad42023a97972e", "position": {"x": 1200.0, "y": 0.0}, "channel": 7}, "attempt": 1}
2026-09-12 14:36:05,463 INFO response {"request_id": "bbd1cd02405b4282b9ad42023a97972e", "http_status": 200, "body": {"accepted": true, "real_timestamp_ms": 1789194962122, "virtual_time_s": 394, "measure_result": "direction", "svd_deg": 35.85}}
2026-09-12 14:36:05,466 INFO request {"path": "/measure", "payload": {"arena_id": "default", "robot_id": "202601002029", "request_id": "8250f916b3034200b532d59c2f60f6fe", "position": {"x": 1200.0, "y": 0.0}, "channel": 9}, "attempt": 1}
2026-09-12 14:36:05,468 INFO response {"request_id": "8250f916b3034200b532d59c2f60f6fe", "http_status": 200, "body": {"accepted": true, "real_timestamp_ms": 1789194962127, "virtual_time_s": 400, "measure_result": "no_signal"}}
2026-09-12 14:36:05,468 INFO request {"path": "/measure", "payload": {"arena_id": "default", "robot_id": "202601002029", "request_id": "2e93d61f9c194c2680cdd3844bc9ab0c", "position": {"x": 1200.0, "y": 0.0}, "channel": 11}, "attempt": 1}
2026-09-12 14:36:05,482 INFO response {"request_id": "2e93d61f9c194c2680cdd3844bc9ab0c", "http_status": 200, "body": {"accepted": true, "real_timestamp_ms": 1789194962142, "virtual_time_s": 406, "measure_result": "no_signal"}}
2026-09-12 14:36:05,482 INFO request {"path": "/measure", "payload": {"arena_id": "default", "robot_id": "202601002029", "request_id": "83a16d4ac4d541dcb5f48911c5fd3541", "position": {"x": 1200.0, "y": 0.0}, "channel": 12}, "attempt": 1}
2026-09-12 14:36:05,502 INFO response {"request_id": "83a16d4ac4d541dcb5f48911c5fd3541", "http_status": 200, "body": {"accepted": true, "real_timestamp_ms": 1789194962161, "virtual_time_s": 412, "measure_result": "no_signal"}}
2026-09-12 14:36:05,502 INFO request {"path": "/measure", "payload": {"arena_id": "default", "robot_id": "202601002029", "request_id": "93cf51144ba244f68cd24ef5d7c26b9c", "position": {"x": 1200.0, "y": 0.0}, "channel": 13}, "attempt": 1}
2026-09-12 14:36:05,503 INFO response {"request_id": "93cf51144ba244f68cd24ef5d7c26b9c", "http_status": 200, "body": {"accepted": true, "real_timestamp_ms": 1789194962163, "virtual_time_s": 418, "measure_result": "direction", "svd_deg": 278.89}}
2026-09-12 14:36:05,506 INFO request {"path": "/measure", "payload": {"arena_id": "default", "robot_id": "202601002029", "request_id": "7faf6f6b0afe425eaf8620f3826b3cde", "position": {"x": 1200.0, "y": 0.0}, "channel": 14}, "attempt": 1}
2026-09-12 14:36:05,522 INFO response {"request_id": "7faf6f6b0afe425eaf8620f3826b3cde", "http_status": 200, "body": {"accepted": true, "real_timestamp_ms": 1789194962181, "virtual_time_s": 424, "measure_result": "no_signal"}}
2026-09-12 14:36:05,522 INFO request {"path": "/measure", "payload": {"arena_id": "default", "robot_id": "202601002029", "request_id": "6643063510c645c8811a42191ab9d18c", "position": {"x": 1200.0, "y": 0.0}, "channel": 15}, "attempt": 1}
2026-09-12 14:36:05,523 INFO response {"request_id": "6643063510c645c8811a42191ab9d18c", "http_status": 200, "body": {"accepted": true, "real_timestamp_ms": 1789194962183, "virtual_time_s": 430, "measure_result": "direction", "svd_deg": 282.66}}
2026-09-12 14:36:05,525 INFO request {"path": "/measure", "payload": {"arena_id": "default", "robot_id": "202601002029", "request_id": "d781a88dfc3741709bf07dbe71fe503a", "position": {"x": 1200.0, "y": 0.0}, "channel": 16}, "attempt": 1}
2026-09-12 14:36:05,541 INFO response {"request_id": "d781a88dfc3741709bf07dbe71fe503a", "http_status": 200, "body": {"accepted": true, "real_timestamp_ms": 1789194962201, "virtual_time_s": 436, "measure_result": "no_signal"}}
2026-09-12 14:36:05,541 INFO request {"path": "/measure", "payload": {"arena_id": "default", "robot_id": "202601002029", "request_id": "5ab9adc1899d4e81b755e4b0e425e0c8", "position": {"x": 1200.0, "y": 0.0}, "channel": 17}, "attempt": 1}
2026-09-12 14:36:05,543 INFO response {"request_id": "5ab9adc1899d4e81b755e4b0e425e0c8", "http_status": 200, "body": {"accepted": true, "real_timestamp_ms": 1789194962203, "virtual_time_s": 442, "measure_result": "no_signal"}}
2026-09-12 14:36:05,543 INFO request {"path": "/measure", "payload": {"arena_id": "default", "robot_id": "202601002029", "request_id": "d50bd24c3a074d1cae30b349292ad160", "position": {"x": 1200.0, "y": 0.0}, "channel": 18}, "attempt": 1}
2026-09-12 14:36:05,561 INFO response {"request_id": "d50bd24c3a074d1cae30b349292ad160", "http_status": 200, "body": {"accepted": true, "real_timestamp_ms": 1789194962221, "virtual_time_s": 448, "measure_result": "no_signal"}}
2026-09-12 14:36:05,562 INFO request {"path": "/measure", "payload": {"arena_id": "default", "robot_id": "202601002029", "request_id": "244bb0e729fa412ca59003dd29573272", "position": {"x": 1200.0, "y": 0.0}, "channel": 19}, "attempt": 1}
2026-09-12 14:36:05,563 INFO response {"request_id": "244bb0e729fa412ca59003dd29573272", "http_status": 200, "body": {"accepted": true, "real_timestamp_ms": 1789194962222, "virtual_time_s": 454, "measure_result": "no_signal"}}
2026-09-12 14:36:05,576 INFO request {"path": "/measure", "payload": {"arena_id": "default", "robot_id": "202601002029", "request_id": "0fac0a904d0441fd9679fe7f9c784fc8", "position": {"x": 1200.0, "y": 0.0}, "channel": 8}, "attempt": 1}
2026-09-12 14:36:05,578 INFO response {"request_id": "0fac0a904d0441fd9679fe7f9c784fc8", "http_status": 200, "body": {"accepted": true, "real_timestamp_ms": 1789194962237, "virtual_time_s": 460, "measure_result": "direction", "svd_deg": 216.87}}
2026-09-12 14:36:05,582 INFO request {"path": "/measure", "payload": {"arena_id": "default", "robot_id": "202601002029", "request_id": "5011dcd7c545425f8ef48e430c405937", "position": {"x": 600.0000000000001, "y": 1039.2304845413264}, "channel": 3}, "attempt": 1}
2026-09-12 14:36:05,584 INFO response {"request_id": "5011dcd7c545425f8ef48e430c405937", "http_status": 200, "body": {"accepted": true, "real_timestamp_ms": 1789194962243, "virtual_time_s": 706, "measure_result": "no_signal"}}
2026-09-12 14:36:05,584 INFO request {"path": "/measure", "payload": {"arena_id": "default", "robot_id": "202601002029", "request_id": "1ef91b21e23545649bd4607fb4acecf1", "position": {"x": 600.0000000000001, "y": 1039.2304845413264}, "channel": 4}, "attempt": 1}
2026-09-12 14:36:05,585 INFO response {"request_id": "1ef91b21e23545649bd4607fb4acecf1", "http_status": 200, "body": {"accepted": true, "real_timestamp_ms": 1789194962245, "virtual_time_s": 712, "measure_result": "no_signal"}}
2026-09-12 14:36:05,585 INFO request {"path": "/measure", "payload": {"arena_id": "default", "robot_id": "202601002029", "request_id": "fa5af01a0b47481a955855c842d6f3f0", "position": {"x": 600.0000000000001, "y": 1039.2304845413264}, "channel": 6}, "attempt": 1}
2026-09-12 14:36:05,586 INFO response {"request_id": "fa5af01a0b47481a955855c842d6f3f0", "http_status": 200, "body": {"accepted": true, "real_timestamp_ms": 1789194962246, "virtual_time_s": 718, "measure_result": "no_signal"}}
2026-09-12 14:36:05,586 INFO request {"path": "/measure", "payload": {"arena_id": "default", "robot_id": "202601002029", "request_id": "3043fdbdb9e4495f8c2120cf88ac908b", "position": {"x": 600.0000000000001, "y": 1039.2304845413264}, "channel": 9}, "attempt": 1}
2026-09-12 14:36:05,586 INFO response {"request_id": "3043fdbdb9e4495f8c2120cf88ac908b", "http_status": 200, "body": {"accepted": true, "real_timestamp_ms": 1789194962246, "virtual_time_s": 724, "measure_result": "no_signal"}}
2026-09-12 14:36:05,587 INFO request {"path": "/measure", "payload": {"arena_id": "default", "robot_id": "202601002029", "request_id": "ff1786c529f540b98993e3c0914a7508", "position": {"x": 600.0000000000001, "y": 1039.2304845413264}, "channel": 11}, "attempt": 1}
2026-09-12 14:36:05,600 INFO response {"request_id": "ff1786c529f540b98993e3c0914a7508", "http_status": 200, "body": {"accepted": true, "real_timestamp_ms": 1789194962259, "virtual_time_s": 730, "measure_result": "no_signal"}}
2026-09-12 14:36:05,600 INFO request {"path": "/measure", "payload": {"arena_id": "default", "robot_id": "202601002029", "request_id": "4db3e1e9225b4e6a9ef67d8ae21639ce", "position": {"x": 600.0000000000001, "y": 1039.2304845413264}, "channel": 12}, "attempt": 1}
2026-09-12 14:36:05,601 INFO response {"request_id": "4db3e1e9225b4e6a9ef67d8ae21639ce", "http_status": 200, "body": {"accepted": true, "real_timestamp_ms": 1789194962260, "virtual_time_s": 736, "measure_result": "direction", "svd_deg": 143.92}}
2026-09-12 14:36:05,602 INFO request {"path": "/measure", "payload": {"arena_id": "default", "robot_id": "202601002029", "request_id": "c055665d2c2f46c6af6200c3e3154701", "position": {"x": 600.0000000000001, "y": 1039.2304845413264}, "channel": 14}, "attempt": 1}
2026-09-12 14:36:05,618 INFO response {"request_id": "c055665d2c2f46c6af6200c3e3154701", "http_status": 200, "body": {"accepted": true, "real_timestamp_ms": 1789194962278, "virtual_time_s": 742, "measure_result": "direction", "svd_deg": 154.72}}
2026-09-12 14:36:05,621 INFO request {"path": "/measure", "payload": {"arena_id": "default", "robot_id": "202601002029", "request_id": "2f9c4ed8bfef4a01b0fbe8b996511d39", "position": {"x": 600.0000000000001, "y": 1039.2304845413264}, "channel": 16}, "attempt": 1}
2026-09-12 14:36:05,623 INFO response {"request_id": "2f9c4ed8bfef4a01b0fbe8b996511d39", "http_status": 200, "body": {"accepted": true, "real_timestamp_ms": 1789194962282, "virtual_time_s": 748, "measure_result": "no_signal"}}
2026-09-12 14:36:05,623 INFO request {"path": "/measure", "payload": {"arena_id": "default", "robot_id": "202601002029", "request_id": "d3e9202f3e6947029d19bbc37196fab0", "position": {"x": 600.0000000000001, "y": 1039.2304845413264}, "channel": 17}, "attempt": 1}
2026-09-12 14:36:05,625 INFO response {"request_id": "d3e9202f3e6947029d19bbc37196fab0", "http_status": 200, "body": {"accepted": true, "real_timestamp_ms": 1789194962284, "virtual_time_s": 754, "measure_result": "no_signal"}}
2026-09-12 14:36:05,625 INFO request {"path": "/measure", "payload": {"arena_id": "default", "robot_id": "202601002029", "request_id": "92b7a98e94b64b6d802f674e0cbbb231", "position": {"x": 600.0000000000001, "y": 1039.2304845413264}, "channel": 18}, "attempt": 1}
2026-09-12 14:36:05,627 INFO response {"request_id": "92b7a98e94b64b6d802f674e0cbbb231", "http_status": 200, "body": {"accepted": true, "real_timestamp_ms": 1789194962286, "virtual_time_s": 760, "measure_result": "no_signal"}}
2026-09-12 14:36:05,627 INFO request {"path": "/measure", "payload": {"arena_id": "default", "robot_id": "202601002029", "request_id": "2bbd900e244e42b2abb1ae9ebc77e82e", "position": {"x": 600.0000000000001, "y": 1039.2304845413264}, "channel": 19}, "attempt": 1}
2026-09-12 14:36:05,648 INFO response {"request_id": "2bbd900e244e42b2abb1ae9ebc77e82e", "http_status": 200, "body": {"accepted": true, "real_timestamp_ms": 1789194962307, "virtual_time_s": 766, "measure_result": "direction", "svd_deg": 96.91}}
2026-09-12 14:36:05,651 INFO request {"path": "/measure", "payload": {"arena_id": "default", "robot_id": "202601002029", "request_id": "3376c98d54fa4094aca9eea9e18609b7", "position": {"x": 600.0000000000001, "y": 1039.2304845413264}, "channel": 20}, "attempt": 1}
2026-09-12 14:36:05,654 INFO response {"request_id": "3376c98d54fa4094aca9eea9e18609b7", "http_status": 200, "body": {"accepted": true, "real_timestamp_ms": 1789194962313, "virtual_time_s": 772, "measure_result": "no_signal"}}
2026-09-12 14:36:05,654 INFO request {"path": "/measure", "payload": {"arena_id": "default", "robot_id": "202601002029", "request_id": "cb68200069b247a6b9b727afd420ab2d", "position": {"x": -599.9999999999998, "y": 1039.2304845413264}, "channel": 20}, "attempt": 1}
2026-09-12 14:36:05,657 INFO response {"request_id": "cb68200069b247a6b9b727afd420ab2d", "http_status": 200, "body": {"accepted": true, "real_timestamp_ms": 1789194962316, "virtual_time_s": 1017, "measure_result": "no_signal"}}
2026-09-12 14:36:05,658 INFO request {"path": "/measure", "payload": {"arena_id": "default", "robot_id": "202601002029", "request_id": "9c7357a3c4bc43b6ba9b1d744acb2f24", "position": {"x": -599.9999999999998, "y": 1039.2304845413264}, "channel": 3}, "attempt": 1}
2026-09-12 14:36:05,660 INFO response {"request_id": "9c7357a3c4bc43b6ba9b1d744acb2f24", "http_status": 200, "body": {"accepted": true, "real_timestamp_ms": 1789194962319, "virtual_time_s": 1023, "measure_result": "no_signal"}}
2026-09-12 14:36:05,660 INFO request {"path": "/measure", "payload": {"arena_id": "default", "robot_id": "202601002029", "request_id": "f1b17a70146541468dd8cbb19ab1ebae", "position": {"x": -599.9999999999998, "y": 1039.2304845413264}, "channel": 4}, "attempt": 1}
2026-09-12 14:36:05,677 INFO response {"request_id": "f1b17a70146541468dd8cbb19ab1ebae", "http_status": 200, "body": {"accepted": true, "real_timestamp_ms": 1789194962336, "virtual_time_s": 1029, "measure_result": "no_signal"}}
2026-09-12 14:36:05,677 INFO request {"path": "/measure", "payload": {"arena_id": "default", "robot_id": "202601002029", "request_id": "80544c91bbb648a9848084299db8c8a1", "position": {"x": -599.9999999999998, "y": 1039.2304845413264}, "channel": 6}, "attempt": 1}
2026-09-12 14:36:05,678 INFO response {"request_id": "80544c91bbb648a9848084299db8c8a1", "http_status": 200, "body": {"accepted": true, "real_timestamp_ms": 1789194962338, "virtual_time_s": 1035, "measure_result": "no_signal"}}
2026-09-12 14:36:05,678 INFO request {"path": "/measure", "payload": {"arena_id": "default", "robot_id": "202601002029", "request_id": "b992ce8952c4492680f1d6e1f51ed178", "position": {"x": -599.9999999999998, "y": 1039.2304845413264}, "channel": 9}, "attempt": 1}
2026-09-12 14:36:05,696 INFO response {"request_id": "b992ce8952c4492680f1d6e1f51ed178", "http_status": 200, "body": {"accepted": true, "real_timestamp_ms": 1789194962355, "virtual_time_s": 1041, "measure_result": "no_signal"}}
2026-09-12 14:36:05,697 INFO request {"path": "/measure", "payload": {"arena_id": "default", "robot_id": "202601002029", "request_id": "3218ae204a4245df8c8ac3b71f8f26d2", "position": {"x": -599.9999999999998, "y": 1039.2304845413264}, "channel": 11}, "attempt": 1}
2026-09-12 14:36:05,698 INFO response {"request_id": "3218ae204a4245df8c8ac3b71f8f26d2", "http_status": 200, "body": {"accepted": true, "real_timestamp_ms": 1789194962357, "virtual_time_s": 1047, "measure_result": "direction", "svd_deg": 203.22}}
2026-09-12 14:36:05,700 INFO request {"path": "/measure", "payload": {"arena_id": "default", "robot_id": "202601002029", "request_id": "f661e893f6db4f6ca0008f6ac634aeb2", "position": {"x": -599.9999999999998, "y": 1039.2304845413264}, "channel": 16}, "attempt": 1}
2026-09-12 14:36:05,701 INFO response {"request_id": "f661e893f6db4f6ca0008f6ac634aeb2", "http_status": 200, "body": {"accepted": true, "real_timestamp_ms": 1789194962361, "virtual_time_s": 1053, "measure_result": "no_signal"}}
2026-09-12 14:36:05,702 INFO request {"path": "/measure", "payload": {"arena_id": "default", "robot_id": "202601002029", "request_id": "2f94c32075dc4a8ebde4e5e123b36806", "position": {"x": -599.9999999999998, "y": 1039.2304845413264}, "channel": 17}, "attempt": 1}
2026-09-12 14:36:05,716 INFO response {"request_id": "2f94c32075dc4a8ebde4e5e123b36806", "http_status": 200, "body": {"accepted": true, "real_timestamp_ms": 1789194962375, "virtual_time_s": 1059, "measure_result": "no_signal"}}
2026-09-12 14:36:05,716 INFO request {"path": "/measure", "payload": {"arena_id": "default", "robot_id": "202601002029", "request_id": "f1565293449d4de695028f0b1b12111a", "position": {"x": -599.9999999999998, "y": 1039.2304845413264}, "channel": 18}, "attempt": 1}
2026-09-12 14:36:05,735 INFO response {"request_id": "f1565293449d4de695028f0b1b12111a", "http_status": 200, "body": {"accepted": true, "real_timestamp_ms": 1789194962394, "virtual_time_s": 1065, "measure_result": "no_signal"}}
2026-09-12 14:36:05,763 INFO request {"path": "/measure", "payload": {"arena_id": "default", "robot_id": "202601002029", "request_id": "e0580d433e384972bb48929e67d98a15", "position": {"x": -599.9999999999998, "y": 1039.2304845413264}, "channel": 1}, "attempt": 1}
2026-09-12 14:36:05,765 INFO response {"request_id": "e0580d433e384972bb48929e67d98a15", "http_status": 200, "body": {"accepted": true, "real_timestamp_ms": 1789194962424, "virtual_time_s": 1071, "measure_result": "direction", "svd_deg": 265.26}}
2026-09-12 14:36:05,781 INFO request {"path": "/measure", "payload": {"arena_id": "default", "robot_id": "202601002029", "request_id": "f5a27ad4f21046dfa5bb331ae7d4ae56", "position": {"x": -599.9999999999998, "y": 1039.2304845413264}, "channel": 14}, "attempt": 1}
2026-09-12 14:36:05,793 INFO response {"request_id": "f5a27ad4f21046dfa5bb331ae7d4ae56", "http_status": 200, "body": {"accepted": true, "real_timestamp_ms": 1789194962452, "virtual_time_s": 1077, "measure_result": "direction", "svd_deg": 72.99}}
2026-09-12 14:36:05,797 INFO request {"path": "/measure", "payload": {"arena_id": "default", "robot_id": "202601002029", "request_id": "ba64eb30d1a548d598914d1df1741773", "position": {"x": -1200.0, "y": 1.4695761589768238e-13}, "channel": 3}, "attempt": 1}
2026-09-12 14:36:05,812 INFO response {"request_id": "ba64eb30d1a548d598914d1df1741773", "http_status": 200, "body": {"accepted": true, "real_timestamp_ms": 1789194962471, "virtual_time_s": 1323, "measure_result": "direction", "svd_deg": 226.6}}
2026-09-12 14:36:05,817 INFO request {"path": "/measure", "payload": {"arena_id": "default", "robot_id": "202601002029", "request_id": "a5dd8193d82a4a6f99095515d3acf4de", "position": {"x": -1200.0, "y": 1.4695761589768238e-13}, "channel": 4}, "attempt": 1}
2026-09-12 14:36:05,819 INFO response {"request_id": "a5dd8193d82a4a6f99095515d3acf4de", "http_status": 200, "body": {"accepted": true, "real_timestamp_ms": 1789194962478, "virtual_time_s": 1329, "measure_result": "no_signal"}}
2026-09-12 14:36:05,820 INFO request {"path": "/measure", "payload": {"arena_id": "default", "robot_id": "202601002029", "request_id": "4639f9f5d6f643439151caa13f85d10e", "position": {"x": -1200.0, "y": 1.4695761589768238e-13}, "channel": 6}, "attempt": 1}
2026-09-12 14:36:05,833 INFO response {"request_id": "4639f9f5d6f643439151caa13f85d10e", "http_status": 200, "body": {"accepted": true, "real_timestamp_ms": 1789194962492, "virtual_time_s": 1335, "measure_result": "no_signal"}}
2026-09-12 14:36:05,833 INFO request {"path": "/measure", "payload": {"arena_id": "default", "robot_id": "202601002029", "request_id": "e710378024454aaf8b348a6d8221e76c", "position": {"x": -1200.0, "y": 1.4695761589768238e-13}, "channel": 9}, "attempt": 1}
2026-09-12 14:36:05,835 INFO response {"request_id": "e710378024454aaf8b348a6d8221e76c", "http_status": 200, "body": {"accepted": true, "real_timestamp_ms": 1789194962494, "virtual_time_s": 1341, "measure_result": "no_signal"}}
2026-09-12 14:36:05,835 INFO request {"path": "/measure", "payload": {"arena_id": "default", "robot_id": "202601002029", "request_id": "3f8deedc64e345c48ef4dd1704f0219f", "position": {"x": -1200.0, "y": 1.4695761589768238e-13}, "channel": 16}, "attempt": 1}
2026-09-12 14:36:05,836 INFO response {"request_id": "3f8deedc64e345c48ef4dd1704f0219f", "http_status": 200, "body": {"accepted": true, "real_timestamp_ms": 1789194962496, "virtual_time_s": 1347, "measure_result": "direction", "svd_deg": 350.89}}
2026-09-12 14:36:05,840 INFO request {"path": "/measure", "payload": {"arena_id": "default", "robot_id": "202601002029", "request_id": "1f9d3c65e8e1438a9b8a485f4da8da35", "position": {"x": -1200.0, "y": 1.4695761589768238e-13}, "channel": 17}, "attempt": 1}
2026-09-12 14:36:05,842 INFO response {"request_id": "1f9d3c65e8e1438a9b8a485f4da8da35", "http_status": 200, "body": {"accepted": true, "real_timestamp_ms": 1789194962501, "virtual_time_s": 1353, "measure_result": "no_signal"}}
2026-09-12 14:36:05,842 INFO request {"path": "/measure", "payload": {"arena_id": "default", "robot_id": "202601002029", "request_id": "24370374d8744894a625b0a58b13ee61", "position": {"x": -1200.0, "y": 1.4695761589768238e-13}, "channel": 18}, "attempt": 1}
2026-09-12 14:36:05,864 INFO response {"request_id": "24370374d8744894a625b0a58b13ee61", "http_status": 200, "body": {"accepted": true, "real_timestamp_ms": 1789194962521, "virtual_time_s": 1359, "measure_result": "no_signal"}}
2026-09-12 14:36:05,864 INFO request {"path": "/measure", "payload": {"arena_id": "default", "robot_id": "202601002029", "request_id": "bc2b1156ebf24a1f83413742f1deb913", "position": {"x": -1200.0, "y": 1.4695761589768238e-13}, "channel": 20}, "attempt": 1}
2026-09-12 14:36:05,866 INFO response {"request_id": "bc2b1156ebf24a1f83413742f1deb913", "http_status": 200, "body": {"accepted": true, "real_timestamp_ms": 1789194962526, "virtual_time_s": 1365, "measure_result": "no_signal"}}
2026-09-12 14:36:05,933 INFO request {"path": "/measure", "payload": {"arena_id": "default", "robot_id": "202601002029", "request_id": "f41024c39d4940f78294e88db62d77ee", "position": {"x": -1200.0, "y": 1.4695761589768238e-13}, "channel": 10}, "attempt": 1}
2026-09-12 14:36:05,950 INFO response {"request_id": "f41024c39d4940f78294e88db62d77ee", "http_status": 200, "body": {"accepted": true, "real_timestamp_ms": 1789194962610, "virtual_time_s": 1371, "measure_result": "direction", "svd_deg": 307.56}}
2026-09-12 14:36:05,983 INFO request {"path": "/measure", "payload": {"arena_id": "default", "robot_id": "202601002029", "request_id": "1c1b7f7c774642268096e9cc9f0b2e91", "position": {"x": -1200.0, "y": 1.4695761589768238e-13}, "channel": 5}, "attempt": 1}
2026-09-12 14:36:06,000 INFO response {"request_id": "1c1b7f7c774642268096e9cc9f0b2e91", "http_status": 200, "body": {"accepted": true, "real_timestamp_ms": 1789194962659, "virtual_time_s": 1377, "measure_result": "direction", "svd_deg": 325.99}}
2026-09-12 14:36:06,004 INFO request {"path": "/measure", "payload": {"arena_id": "default", "robot_id": "202601002029", "request_id": "ca9b55408c274b86afe394c3625dbbd7", "position": {"x": -600.0000000000006, "y": -1039.2304845413262}, "channel": 4}, "attempt": 1}
2026-09-12 14:36:06,019 INFO response {"request_id": "ca9b55408c274b86afe394c3625dbbd7", "http_status": 200, "body": {"accepted": true, "real_timestamp_ms": 1789194962678, "virtual_time_s": 1623, "measure_result": "no_signal"}}
2026-09-12 14:36:06,019 INFO request {"path": "/measure", "payload": {"arena_id": "default", "robot_id": "202601002029", "request_id": "c028b5ed13024cd799c6979314c59d11", "position": {"x": -600.0000000000006, "y": -1039.2304845413262}, "channel": 6}, "attempt": 1}
2026-09-12 14:36:06,020 INFO response {"request_id": "c028b5ed13024cd799c6979314c59d11", "http_status": 200, "body": {"accepted": true, "real_timestamp_ms": 1789194962680, "virtual_time_s": 1629, "measure_result": "direction", "svd_deg": 342.58}}
2026-09-12 14:36:06,022 INFO request {"path": "/measure", "payload": {"arena_id": "default", "robot_id": "202601002029", "request_id": "795d1392146d43889e2398d8a236f138", "position": {"x": -600.0000000000006, "y": -1039.2304845413262}, "channel": 9}, "attempt": 1}
2026-09-12 14:36:06,023 INFO response {"request_id": "795d1392146d43889e2398d8a236f138", "http_status": 200, "body": {"accepted": true, "real_timestamp_ms": 1789194962683, "virtual_time_s": 1635, "measure_result": "no_signal"}}
2026-09-12 14:36:06,024 INFO request {"path": "/measure", "payload": {"arena_id": "default", "robot_id": "202601002029", "request_id": "15e2f706ca3e4e5e8969c5f35bd662e0", "position": {"x": -600.0000000000006, "y": -1039.2304845413262}, "channel": 17}, "attempt": 1}
2026-09-12 14:36:06,039 INFO response {"request_id": "15e2f706ca3e4e5e8969c5f35bd662e0", "http_status": 200, "body": {"accepted": true, "real_timestamp_ms": 1789194962699, "virtual_time_s": 1641, "measure_result": "no_signal"}}
2026-09-12 14:36:06,039 INFO request {"path": "/measure", "payload": {"arena_id": "default", "robot_id": "202601002029", "request_id": "19869a98de3949e7b73843acd2fc0ba0", "position": {"x": -600.0000000000006, "y": -1039.2304845413262}, "channel": 18}, "attempt": 1}
2026-09-12 14:36:06,059 INFO response {"request_id": "19869a98de3949e7b73843acd2fc0ba0", "http_status": 200, "body": {"accepted": true, "real_timestamp_ms": 1789194962718, "virtual_time_s": 1647, "measure_result": "direction", "svd_deg": 343.35}}
2026-09-12 14:36:06,099 INFO request {"path": "/measure", "payload": {"arena_id": "default", "robot_id": "202601002029", "request_id": "f426d7144a834df7a3a0063e31eb3f03", "position": {"x": -600.0000000000006, "y": -1039.2304845413262}, "channel": 5}, "attempt": 1}
2026-09-12 14:36:06,118 INFO response {"request_id": "f426d7144a834df7a3a0063e31eb3f03", "http_status": 200, "body": {"accepted": true, "real_timestamp_ms": 1789194962777, "virtual_time_s": 1653, "measure_result": "direction", "svd_deg": 94.12}}
2026-09-12 14:36:06,133 INFO request {"path": "/measure", "payload": {"arena_id": "default", "robot_id": "202601002029", "request_id": "48555173d5b54ab68e259a4db6f19770", "position": {"x": -600.0000000000006, "y": -1039.2304845413262}, "channel": 10}, "attempt": 1}
2026-09-12 14:36:06,148 INFO response {"request_id": "48555173d5b54ab68e259a4db6f19770", "http_status": 200, "body": {"accepted": true, "real_timestamp_ms": 1789194962808, "virtual_time_s": 1659, "measure_result": "direction", "svd_deg": 111.65}}
2026-09-12 14:36:14,576 INFO request {"path": "/measure", "payload": {"arena_id": "default", "robot_id": "202601002029", "request_id": "60ae763f7b0b4882b7bc9db840a5a87a", "position": {"x": -292.8977865694899, "y": -545.2272124732947}, "channel": 16}, "attempt": 1}
2026-09-12 14:36:14,594 INFO response {"request_id": "60ae763f7b0b4882b7bc9db840a5a87a", "http_status": 200, "body": {"accepted": true, "real_timestamp_ms": 1789194971254, "virtual_time_s": 1781.335893, "measure_result": "direction", "svd_deg": 147.91}}
2026-09-12 14:36:14,616 INFO request {"path": "/measure", "payload": {"arena_id": "default", "robot_id": "202601002029", "request_id": "52f8f9960d6440e0af7af008316f24a4", "position": {"x": -292.8977865694899, "y": -545.2272124732947}, "channel": 8}, "attempt": 1}
2026-09-12 14:36:14,618 INFO response {"request_id": "52f8f9960d6440e0af7af008316f24a4", "http_status": 200, "body": {"accepted": true, "real_timestamp_ms": 1789194971277, "virtual_time_s": 1787.335893, "measure_result": "direction", "svd_deg": 359.68}}
2026-09-12 14:36:15,225 INFO request {"path": "/clear", "payload": {"arena_id": "default", "robot_id": "202601002029", "request_id": "124ce91d196a4722aa2de263a6d18763", "position": {"x": -644.3143875405239, "y": -378.9147569450122}, "channel": 5}, "attempt": 1}
2026-09-12 14:36:15,226 INFO response {"request_id": "124ce91d196a4722aa2de263a6d18763", "http_status": 200, "body": {"accepted": true, "real_timestamp_ms": 1789194971886, "virtual_time_s": 1870.092812, "clear_result": "success"}}
2026-09-12 14:36:15,241 INFO request {"path": "/measure", "payload": {"arena_id": "default", "robot_id": "202601002029", "request_id": "ae4b35c6c5234510993f17e9b4fae29d", "position": {"x": -644.3143875405239, "y": -378.9147569450122}, "channel": 3}, "attempt": 1}
2026-09-12 14:36:15,243 INFO response {"request_id": "ae4b35c6c5234510993f17e9b4fae29d", "http_status": 200, "body": {"accepted": true, "real_timestamp_ms": 1789194971903, "virtual_time_s": 1876.092812, "measure_result": "direction", "svd_deg": 181.45}}
2026-09-12 14:36:15,890 INFO request {"path": "/clear", "payload": {"arena_id": "default", "robot_id": "202601002029", "request_id": "fdda25a35511432dbe6412f798f5095c", "position": {"x": -820.9785655592765, "y": -489.92950397687014}, "channel": 10}, "attempt": 1}
2026-09-12 14:36:15,909 INFO response {"request_id": "fdda25a35511432dbe6412f798f5095c", "http_status": 200, "body": {"accepted": true, "real_timestamp_ms": 1789194972569, "virtual_time_s": 1922.82266, "clear_result": "success"}}
2026-09-12 14:36:15,968 INFO request {"path": "/measure", "payload": {"arena_id": "default", "robot_id": "202601002029", "request_id": "7e0220d6fc9e4b01854330ddb96963fa", "position": {"x": -820.9785655592765, "y": -489.92950397687014}, "channel": 16}, "attempt": 1}
2026-09-12 14:36:15,970 INFO response {"request_id": "7e0220d6fc9e4b01854330ddb96963fa", "http_status": 200, "body": {"accepted": true, "real_timestamp_ms": 1789194972630, "virtual_time_s": 1928.82266, "measure_result": "direction", "svd_deg": 123.53}}
2026-09-12 14:36:16,008 INFO request {"path": "/measure", "payload": {"arena_id": "default", "robot_id": "202601002029", "request_id": "210e2e204b284f159e73f06ce83d169a", "position": {"x": -820.9785655592765, "y": -489.92950397687014}, "channel": 3}, "attempt": 1}
2026-09-12 14:36:16,009 INFO response {"request_id": "210e2e204b284f159e73f06ce83d169a", "http_status": 200, "body": {"accepted": true, "real_timestamp_ms": 1789194972669, "virtual_time_s": 1934.82266, "measure_result": "direction", "svd_deg": 173.63}}
2026-09-12 14:36:16,555 INFO request {"path": "/measure", "payload": {"arena_id": "default", "robot_id": "202601002029", "request_id": "5ac67a8787cf4a63b6514d539aa7fc2d", "position": {"x": -1298.7947729675966, "y": -687.7452920126847}, "channel": 3}, "attempt": 1}
2026-09-12 14:36:16,570 INFO response {"request_id": "5ac67a8787cf4a63b6514d539aa7fc2d", "http_status": 200, "body": {"accepted": true, "real_timestamp_ms": 1789194973229, "virtual_time_s": 2043.25175, "measure_result": "direction", "svd_deg": 136.28}}
2026-09-12 14:36:16,579 INFO request {"path": "/clear", "payload": {"arena_id": "default", "robot_id": "202601002029", "request_id": "740a24fbd7c04ca4ab976255ddff1dce", "position": {"x": -1588.6343139607654, "y": -410.73646177009}, "channel": 3}, "attempt": 1}
2026-09-12 14:36:16,600 INFO response {"request_id": "740a24fbd7c04ca4ab976255ddff1dce", "http_status": 200, "body": {"accepted": true, "real_timestamp_ms": 1789194973259, "virtual_time_s": 2128.436749, "clear_result": "success"}}
2026-09-12 14:36:16,603 INFO request {"path": "/clear", "payload": {"arena_id": "default", "robot_id": "202601002029", "request_id": "49e861b7c5794c8e84576745817a8cee", "position": {"x": -1139.2193005600643, "y": -10.00542571930839}, "channel": 16}, "attempt": 1}
2026-09-12 14:36:16,604 INFO response {"request_id": "49e861b7c5794c8e84576745817a8cee", "http_status": 200, "body": {"accepted": true, "real_timestamp_ms": 1789194973263, "virtual_time_s": 2253.86253, "clear_result": "success"}}
2026-09-12 14:36:16,634 INFO request {"path": "/measure", "payload": {"arena_id": "default", "robot_id": "202601002029", "request_id": "8650e92bb5f34b87b6e7315ed4913c76", "position": {"x": -1139.2193005600643, "y": -10.00542571930839}, "channel": 11}, "attempt": 1}
2026-09-12 14:36:16,650 INFO response {"request_id": "8650e92bb5f34b87b6e7315ed4913c76", "http_status": 200, "body": {"accepted": true, "real_timestamp_ms": 1789194973309, "virtual_time_s": 2259.86253, "measure_result": "direction", "svd_deg": 91.77}}
2026-09-12 14:36:16,674 INFO request {"path": "/measure", "payload": {"arena_id": "default", "robot_id": "202601002029", "request_id": "052e70b8705f47a8810bd03656d34bf9", "position": {"x": -1139.2193005600643, "y": -10.00542571930839}, "channel": 1}, "attempt": 1}
2026-09-12 14:36:16,678 INFO response {"request_id": "052e70b8705f47a8810bd03656d34bf9", "http_status": 200, "body": {"accepted": true, "real_timestamp_ms": 1789194973338, "virtual_time_s": 2265.86253, "measure_result": "direction", "svd_deg": 46.1}}
2026-09-12 14:36:17,287 INFO request {"path": "/measure", "payload": {"arena_id": "default", "robot_id": "202601002029", "request_id": "d6c978c86054468a80a57fda27a9452d", "position": {"x": -940.3460737777701, "y": 465.456163080718}, "channel": 11}, "attempt": 1}
2026-09-12 14:36:17,303 INFO response {"request_id": "d6c978c86054468a80a57fda27a9452d", "http_status": 200, "body": {"accepted": true, "real_timestamp_ms": 1789194973963, "virtual_time_s": 2374.938091, "measure_result": "direction", "svd_deg": 123.35}}
2026-09-12 14:36:17,311 INFO request {"path": "/clear", "payload": {"arena_id": "default", "robot_id": "202601002029", "request_id": "6a30f2fd0814406798c2e313a54a324f", "position": {"x": -653.525418514071, "y": 488.205361393905}, "channel": 1}, "attempt": 1}
2026-09-12 14:36:17,323 INFO response {"request_id": "6a30f2fd0814406798c2e313a54a324f", "http_status": 200, "body": {"accepted": true, "real_timestamp_ms": 1789194973983, "virtual_time_s": 2437.482375, "clear_result": "success"}}
2026-09-12 14:36:17,348 INFO request {"path": "/clear", "payload": {"arena_id": "default", "robot_id": "202601002029", "request_id": "c3f7f8946d1f4130a84a89328a38f2e1", "position": {"x": -1161.30676077557, "y": 798.5690474809015}, "channel": 11}, "attempt": 1}
2026-09-12 14:36:17,362 INFO response {"request_id": "c3f7f8946d1f4130a84a89328a38f2e1", "http_status": 200, "body": {"accepted": true, "real_timestamp_ms": 1789194974021, "virtual_time_s": 2561.506324, "clear_result": "success"}}
2026-09-12 14:36:17,384 INFO request {"path": "/measure", "payload": {"arena_id": "default", "robot_id": "202601002029", "request_id": "20b5e76979ad43a793ac04c155b85c1c", "position": {"x": -1161.30676077557, "y": 798.5690474809015}, "channel": 14}, "attempt": 1}
2026-09-12 14:36:17,387 INFO response {"request_id": "20b5e76979ad43a793ac04c155b85c1c", "http_status": 200, "body": {"accepted": true, "real_timestamp_ms": 1789194974046, "virtual_time_s": 2567.506324, "measure_result": "direction", "svd_deg": 45.86}}
2026-09-12 14:36:17,933 INFO request {"path": "/measure", "payload": {"arena_id": "default", "robot_id": "202601002029", "request_id": "f053d308457d42abab09df855dc026d7", "position": {"x": -848.3126132784223, "y": 1538.6010295010267}, "channel": 14}, "attempt": 1}
2026-09-12 14:36:17,935 INFO response {"request_id": "f053d308457d42abab09df855dc026d7", "http_status": 200, "body": {"accepted": true, "real_timestamp_ms": 1789194974595, "virtual_time_s": 2733.206376, "measure_result": "direction", "svd_deg": 0.16}}
2026-09-12 14:36:17,939 INFO request {"path": "/clear", "payload": {"arena_id": "default", "robot_id": "202601002029", "request_id": "12b100218e9c4a8e9017f1b82922f09d", "position": {"x": -446.64049166475104, "y": 1539.9275163302698}, "channel": 14}, "attempt": 1}
2026-09-12 14:36:17,941 INFO response {"request_id": "12b100218e9c4a8e9017f1b82922f09d", "http_status": 200, "body": {"accepted": true, "real_timestamp_ms": 1789194974600, "virtual_time_s": 2818.541238, "clear_result": "success"}}
2026-09-12 14:36:17,949 INFO request {"path": "/measure", "payload": {"arena_id": "default", "robot_id": "202601002029", "request_id": "ef826ac7e2204baead55570482ff68e2", "position": {"x": -446.64049166475104, "y": 1539.9275163302698}, "channel": 19}, "attempt": 1}
2026-09-12 14:36:17,950 INFO response {"request_id": "ef826ac7e2204baead55570482ff68e2", "http_status": 200, "body": {"accepted": true, "real_timestamp_ms": 1789194974610, "virtual_time_s": 2824.541238, "measure_result": "direction", "svd_deg": 2.05}}
2026-09-12 14:36:18,488 INFO request {"path": "/measure", "payload": {"arena_id": "default", "robot_id": "202601002029", "request_id": "320d0f49d7ca44a1abe977791ccaf4eb", "position": {"x": -424.9110212487849, "y": 1292.4002613787604}, "channel": 12}, "attempt": 1}
2026-09-12 14:36:18,490 INFO response {"request_id": "320d0f49d7ca44a1abe977791ccaf4eb", "http_status": 200, "body": {"accepted": true, "real_timestamp_ms": 1789194975149, "virtual_time_s": 2880.237078, "measure_result": "direction", "svd_deg": 80.65}}
2026-09-12 14:36:18,508 INFO request {"path": "/measure", "payload": {"arena_id": "default", "robot_id": "202601002029", "request_id": "27ae2d8656e948ddb356d9b889d39b49", "position": {"x": -424.9110212487849, "y": 1292.4002613787604}, "channel": 19}, "attempt": 1}
2026-09-12 14:36:18,509 INFO response {"request_id": "27ae2d8656e948ddb356d9b889d39b49", "http_status": 200, "body": {"accepted": true, "real_timestamp_ms": 1789194975169, "virtual_time_s": 2886.237078, "measure_result": "direction", "svd_deg": 15.26}}
2026-09-12 14:36:19,027 INFO request {"path": "/measure", "payload": {"arena_id": "default", "robot_id": "202601002029", "request_id": "79236482ba324d0ba6096599ac603be6", "position": {"x": -751.5228316711416, "y": 1733.3481643952773}, "channel": 12}, "attempt": 1}
2026-09-12 14:36:19,040 INFO response {"request_id": "79236482ba324d0ba6096599ac603be6", "http_status": 200, "body": {"accepted": true, "real_timestamp_ms": 1789194975700, "virtual_time_s": 3001.984119, "measure_result": "direction", "svd_deg": 358.71}}
2026-09-12 14:36:19,045 INFO request {"path": "/clear", "payload": {"arena_id": "default", "robot_id": "202601002029", "request_id": "4a3013c520974d31871d2cf28bfbc6b8", "position": {"x": -353.61489623752846, "y": 1724.539839462671}, "channel": 12}, "attempt": 1}
2026-09-12 14:36:19,046 INFO response {"request_id": "4a3013c520974d31871d2cf28bfbc6b8", "http_status": 200, "body": {"accepted": true, "real_timestamp_ms": 1789194975706, "virtual_time_s": 3086.585202, "clear_result": "success"}}
2026-09-12 14:36:19,047 INFO request {"path": "/clear", "payload": {"arena_id": "default", "robot_id": "202601002029", "request_id": "e9a2f4028a48403896dfc9d2e132874b", "position": {"x": 536.9756867327552, "y": 1565.7645439929693}, "channel": 19}, "attempt": 1}
2026-09-12 14:36:19,047 INFO response {"request_id": "e9a2f4028a48403896dfc9d2e132874b", "http_status": 200, "body": {"accepted": true, "real_timestamp_ms": 1789194975707, "virtual_time_s": 3272.511837, "clear_result": "success"}}
2026-09-12 14:36:19,048 INFO request {"path": "/measure", "payload": {"arena_id": "default", "robot_id": "202601002029", "request_id": "7fe60f31ec9c471f9a16364cec747c79", "position": {"x": 1361.6250503867627, "y": 687.757224692998}, "channel": 7}, "attempt": 1}
2026-09-12 14:36:19,048 INFO response {"request_id": "7fe60f31ec9c471f9a16364cec747c79", "http_status": 200, "body": {"accepted": true, "real_timestamp_ms": 1789194975708, "virtual_time_s": 3519.422063, "measure_result": "direction", "svd_deg": 272.08}}
2026-09-12 14:36:19,052 INFO request {"path": "/clear", "payload": {"arena_id": "default", "robot_id": "202601002029", "request_id": "be8da0e7561746dfb6a4c78f0ad68027", "position": {"x": 1381.630293709136, "y": 131.54504267788676}, "channel": 7}, "attempt": 1}
2026-09-12 14:36:19,070 INFO response {"request_id": "be8da0e7561746dfb6a4c78f0ad68027", "http_status": 200, "body": {"accepted": true, "real_timestamp_ms": 1789194975729, "virtual_time_s": 3635.736429, "clear_result": "success"}}
2026-09-12 14:36:19,070 INFO request {"path": "/measure", "payload": {"arena_id": "default", "robot_id": "202601002029", "request_id": "08900a4a32174d02bfc0c516aa4fad85", "position": {"x": 1735.962153293424, "y": -602.16969527188}, "channel": 15}, "attempt": 1}
2026-09-12 14:36:19,090 INFO response {"request_id": "08900a4a32174d02bfc0c516aa4fad85", "http_status": 200, "body": {"accepted": true, "real_timestamp_ms": 1789194975749, "virtual_time_s": 3804.695121, "measure_result": "direction", "svd_deg": 232.06}}
2026-09-12 14:36:19,121 INFO request {"path": "/measure", "payload": {"arena_id": "default", "robot_id": "202601002029", "request_id": "77d3a4c3698345c9a9e0ccc6eff045ff", "position": {"x": 1735.962153293424, "y": -602.16969527188}, "channel": 13}, "attempt": 1}
2026-09-12 14:36:19,137 INFO response {"request_id": "77d3a4c3698345c9a9e0ccc6eff045ff", "http_status": 200, "body": {"accepted": true, "real_timestamp_ms": 1789194975797, "virtual_time_s": 3810.695121, "measure_result": "direction", "svd_deg": 161.44}}
2026-09-12 14:36:19,149 INFO request {"path": "/measure", "payload": {"arena_id": "default", "robot_id": "202601002029", "request_id": "8e6fbe79710c4f81b2def2ed965c6ce5", "position": {"x": 1735.962153293424, "y": -602.16969527188}, "channel": 2}, "attempt": 1}
2026-09-12 14:36:19,166 INFO response {"request_id": "8e6fbe79710c4f81b2def2ed965c6ce5", "http_status": 200, "body": {"accepted": true, "real_timestamp_ms": 1789194975826, "virtual_time_s": 3816.695121, "measure_result": "direction", "svd_deg": 191.44}}
2026-09-12 14:36:19,678 INFO request {"path": "/clear", "payload": {"arena_id": "default", "robot_id": "202601002029", "request_id": "0f8093e801ba444986df3e5703457f09", "position": {"x": 1289.2089932789868, "y": -692.8033791138971}, "channel": 2}, "attempt": 1}
2026-09-12 14:36:19,692 INFO response {"request_id": "0f8093e801ba444986df3e5703457f09", "http_status": 200, "body": {"accepted": true, "real_timestamp_ms": 1789194976351, "virtual_time_s": 3912.865917, "clear_result": "success"}}
2026-09-12 14:36:19,717 INFO request {"path": "/measure", "payload": {"arena_id": "default", "robot_id": "202601002029", "request_id": "77cead88704c464d914da73ce3badce4", "position": {"x": 1289.2089932789868, "y": -692.8033791138971}, "channel": 6}, "attempt": 1}
2026-09-12 14:36:19,729 INFO response {"request_id": "77cead88704c464d914da73ce3badce4", "http_status": 200, "body": {"accepted": true, "real_timestamp_ms": 1789194976389, "virtual_time_s": 3918.865917, "measure_result": "direction", "svd_deg": 216.45}}
2026-09-12 14:36:19,763 INFO request {"path": "/measure", "payload": {"arena_id": "default", "robot_id": "202601002029", "request_id": "661b9abdb9524e34810a9b488585f3ab", "position": {"x": 1289.2089932789868, "y": -692.8033791138971}, "channel": 18}, "attempt": 1}
2026-09-12 14:36:19,781 INFO response {"request_id": "661b9abdb9524e34810a9b488585f3ab", "http_status": 200, "body": {"accepted": true, "real_timestamp_ms": 1789194976439, "virtual_time_s": 3924.865917, "measure_result": "no_signal"}}
2026-09-12 14:36:21,043 INFO request {"path": "/clear", "payload": {"arena_id": "default", "robot_id": "202601002029", "request_id": "69298debd8894fb4a1bf945a6d92d8cb", "position": {"x": 1269.9183291553295, "y": -445.4453540706842}, "channel": 13}, "attempt": 1}
2026-09-12 14:36:21,056 INFO response {"request_id": "69298debd8894fb4a1bf945a6d92d8cb", "http_status": 200, "body": {"accepted": true, "real_timestamp_ms": 1789194977715, "virtual_time_s": 3979.487736, "clear_result": "success"}}
2026-09-12 14:36:21,065 INFO request {"path": "/measure", "payload": {"arena_id": "default", "robot_id": "202601002029", "request_id": "6e06f4897c304a59bfcb109e2496e733", "position": {"x": 1269.9183291553295, "y": -445.4453540706842}, "channel": 15}, "attempt": 1}
2026-09-12 14:36:21,066 INFO response {"request_id": "6e06f4897c304a59bfcb109e2496e733", "http_status": 200, "body": {"accepted": true, "real_timestamp_ms": 1789194977726, "virtual_time_s": 3985.487736, "measure_result": "direction", "svd_deg": 287.14}}
2026-09-12 14:36:21,071 INFO request {"path": "/clear", "payload": {"arena_id": "default", "robot_id": "202601002029", "request_id": "7005499119c8484fb196c06369a4051f", "position": {"x": 1434.3115173589717, "y": -989.509539346865}, "channel": 15}, "attempt": 1}
2026-09-12 14:36:21,073 INFO response {"request_id": "7005499119c8484fb196c06369a4051f", "http_status": 200, "body": {"accepted": true, "real_timestamp_ms": 1789194977732, "virtual_time_s": 4104.159361, "clear_result": "success"}}
2026-09-12 14:36:21,073 INFO request {"path": "/measure", "payload": {"arena_id": "default", "robot_id": "202601002029", "request_id": "9f7b76f1dbf84a688c376f86accd0eff", "position": {"x": 600.0000000000001, "y": -1039.2304845413264}, "channel": 6}, "attempt": 1}
2026-09-12 14:36:21,074 INFO response {"request_id": "9f7b76f1dbf84a688c376f86accd0eff", "http_status": 200, "body": {"accepted": true, "real_timestamp_ms": 1789194977734, "virtual_time_s": 4277.317715, "measure_result": "direction", "svd_deg": 237.68}}
2026-09-12 14:36:21,088 INFO request {"path": "/measure", "payload": {"arena_id": "default", "robot_id": "202601002029", "request_id": "3db16562ce044b549edef71f3d00617c", "position": {"x": 600.0000000000001, "y": -1039.2304845413264}, "channel": 18}, "attempt": 1}
2026-09-12 14:36:21,106 INFO response {"request_id": "3db16562ce044b549edef71f3d00617c", "http_status": 200, "body": {"accepted": true, "real_timestamp_ms": 1789194977765, "virtual_time_s": 4283.317715, "measure_result": "direction", "svd_deg": 189.54}}
2026-09-12 14:36:22,330 INFO request {"path": "/measure", "payload": {"arena_id": "default", "robot_id": "202601002029", "request_id": "9f2d6449e0924683b7fd3b52e3c7fdbe", "position": {"x": 119.32250021100106, "y": -1070.3318724152452}, "channel": 6}, "attempt": 1}
2026-09-12 14:36:22,331 INFO response {"request_id": "9f2d6449e0924683b7fd3b52e3c7fdbe", "http_status": 200, "body": {"accepted": true, "real_timestamp_ms": 1789194978991, "virtual_time_s": 4385.654241, "measure_result": "direction", "svd_deg": 313.49}}
2026-09-12 14:36:22,336 INFO request {"path": "/measure", "payload": {"arena_id": "default", "robot_id": "202601002029", "request_id": "55f2b177986545498d1e1e6adc677ebd", "position": {"x": -14.371606459118482, "y": -797.8737656990904}, "channel": 18}, "attempt": 1}
2026-09-12 14:36:22,336 INFO response {"request_id": "55f2b177986545498d1e1e6adc677ebd", "http_status": 200, "body": {"accepted": true, "real_timestamp_ms": 1789194978996, "virtual_time_s": 4452.352687, "measure_result": "direction", "svd_deg": 248.73}}
2026-09-12 14:36:22,340 INFO request {"path": "/clear", "payload": {"arena_id": "default", "robot_id": "202601002029", "request_id": "59547306be9f46299905cd828807b37c", "position": {"x": -159.6943198785533, "y": -1170.7703076970697}, "channel": 18}, "attempt": 1}
2026-09-12 14:36:22,340 INFO response {"request_id": "59547306be9f46299905cd828807b37c", "http_status": 200, "body": {"accepted": true, "real_timestamp_ms": 1789194979000, "virtual_time_s": 4537.395306, "clear_result": "success"}}
2026-09-12 14:36:22,341 INFO request {"path": "/clear", "payload": {"arena_id": "default", "robot_id": "202601002029", "request_id": "54e1131957074d38889251d0ea44216a", "position": {"x": 396.4196438037798, "y": -1361.2732688192561}, "channel": 6}, "attempt": 1}
2026-09-12 14:36:22,341 INFO response {"request_id": "54e1131957074d38889251d0ea44216a", "http_status": 200, "body": {"accepted": true, "real_timestamp_ms": 1789194979001, "virtual_time_s": 4659.963009, "clear_result": "success"}}
2026-09-12 14:36:22,341 INFO request {"path": "/clear", "payload": {"arena_id": "default", "robot_id": "202601002029", "request_id": "19410b92b9124340b8b76270fca6cfa1", "position": {"x": 436.9233315189754, "y": -562.0440593741819}, "channel": 8}, "attempt": 1}
2026-09-12 14:36:22,342 INFO response {"request_id": "19410b92b9124340b8b76270fca6cfa1", "http_status": 200, "body": {"accepted": true, "real_timestamp_ms": 1789194979002, "virtual_time_s": 4825.013986, "clear_result": "success"}}
2026-09-12 14:36:22,343 INFO request {"path": "/exit", "payload": {"arena_id": "default", "robot_id": "202601002029", "request_id": "b9890e00c10e4dfb82d7d16663c1b40c"}, "attempt": 1}
2026-09-12 14:36:22,343 INFO response {"request_id": "b9890e00c10e4dfb82d7d16663c1b40c", "http_status": 200, "body": {"accepted": true, "real_timestamp_ms": 1789194979003, "virtual_time_s": 4825.013986, "exit_reason": "user_exit"}}
