2026-09-12 15:30:07,257 INFO request {"path": "/enter", "payload": {"arena_id": "default", "robot_id": "202601002029", "request_id": "412a7d0e9fe14b79b75d676bf54fb577"}, "attempt": 1}
2026-09-12 15:30:07,260 INFO response {"request_id": "412a7d0e9fe14b79b75d676bf54fb577", "http_status": 200, "body": {"accepted": true, "real_timestamp_ms": 1789198203947, "virtual_time_s": 0, "max_virtual_duration_s": 360000, "max_real_duration_s": 1200, "remaining_real_duration_s": 1200}}
2026-09-12 15:30:07,260 INFO request {"path": "/measure", "payload": {"arena_id": "default", "robot_id": "202601002029", "request_id": "7d885f78e4424a30831a17c8392b78ce", "position": {"x": 0.0, "y": 0.0}, "channel": 1}, "attempt": 1}
2026-09-12 15:30:07,274 INFO response {"request_id": "7d885f78e4424a30831a17c8392b78ce", "http_status": 200, "body": {"accepted": true, "real_timestamp_ms": 1789198203961, "virtual_time_s": 5, "measure_result": "no_signal"}}
2026-09-12 15:30:07,275 INFO request {"path": "/measure", "payload": {"arena_id": "default", "robot_id": "202601002029", "request_id": "5f0e8d217b23480c91ba7f73704dc10a", "position": {"x": 0.0, "y": 0.0}, "channel": 2}, "attempt": 1}
2026-09-12 15:30:07,293 INFO response {"request_id": "5f0e8d217b23480c91ba7f73704dc10a", "http_status": 200, "body": {"accepted": true, "real_timestamp_ms": 1789198203980, "virtual_time_s": 11, "measure_result": "direction", "svd_deg": 161.71}}
2026-09-12 15:30:07,299 INFO request {"path": "/measure", "payload": {"arena_id": "default", "robot_id": "202601002029", "request_id": "175635620de64e05831ba45758ef185e", "position": {"x": 0.0, "y": 0.0}, "channel": 3}, "attempt": 1}
2026-09-12 15:30:07,302 INFO response {"request_id": "175635620de64e05831ba45758ef185e", "http_status": 200, "body": {"accepted": true, "real_timestamp_ms": 1789198203988, "virtual_time_s": 17, "measure_result": "direction", "svd_deg": 279.0}}
2026-09-12 15:30:07,306 INFO request {"path": "/measure", "payload": {"arena_id": "default", "robot_id": "202601002029", "request_id": "8e1f498665204f37b53c45da6d3a69b5", "position": {"x": 0.0, "y": 0.0}, "channel": 4}, "attempt": 1}
2026-09-12 15:30:07,322 INFO response {"request_id": "8e1f498665204f37b53c45da6d3a69b5", "http_status": 200, "body": {"accepted": true, "real_timestamp_ms": 1789198204009, "virtual_time_s": 23, "measure_result": "no_signal"}}
2026-09-12 15:30:07,322 INFO request {"path": "/measure", "payload": {"arena_id": "default", "robot_id": "202601002029", "request_id": "a4fcca6bca0243f387e2b8705879dfc6", "position": {"x": 0.0, "y": 0.0}, "channel": 5}, "attempt": 1}
2026-09-12 15:30:07,342 INFO response {"request_id": "a4fcca6bca0243f387e2b8705879dfc6", "http_status": 200, "body": {"accepted": true, "real_timestamp_ms": 1789198204029, "virtual_time_s": 29, "measure_result": "direction", "svd_deg": 138.1}}
2026-09-12 15:30:07,347 INFO request {"path": "/measure", "payload": {"arena_id": "default", "robot_id": "202601002029", "request_id": "9ae0d2e01dfe4ea6ac31f59ecf81cc73", "position": {"x": 0.0, "y": 0.0}, "channel": 6}, "attempt": 1}
2026-09-12 15:30:07,362 INFO response {"request_id": "9ae0d2e01dfe4ea6ac31f59ecf81cc73", "http_status": 200, "body": {"accepted": true, "real_timestamp_ms": 1789198204049, "virtual_time_s": 35, "measure_result": "no_signal"}}
2026-09-12 15:30:07,362 INFO request {"path": "/measure", "payload": {"arena_id": "default", "robot_id": "202601002029", "request_id": "f1affa1013cb41398008ee86e3357274", "position": {"x": 0.0, "y": 0.0}, "channel": 7}, "attempt": 1}
2026-09-12 15:30:07,364 INFO response {"request_id": "f1affa1013cb41398008ee86e3357274", "http_status": 200, "body": {"accepted": true, "real_timestamp_ms": 1789198204051, "virtual_time_s": 41, "measure_result": "direction", "svd_deg": 124.19}}
2026-09-12 15:30:07,368 INFO request {"path": "/measure", "payload": {"arena_id": "default", "robot_id": "202601002029", "request_id": "e76bca471d7a44f8b5ca65866ca85a98", "position": {"x": 0.0, "y": 0.0}, "channel": 8}, "attempt": 1}
2026-09-12 15:30:07,381 INFO response {"request_id": "e76bca471d7a44f8b5ca65866ca85a98", "http_status": 200, "body": {"accepted": true, "real_timestamp_ms": 1789198204068, "virtual_time_s": 47, "measure_result": "no_signal"}}
2026-09-12 15:30:07,381 INFO request {"path": "/measure", "payload": {"arena_id": "default", "robot_id": "202601002029", "request_id": "293161dc474f414887bcf1359fa30364", "position": {"x": 0.0, "y": 0.0}, "channel": 9}, "attempt": 1}
2026-09-12 15:30:07,400 INFO response {"request_id": "293161dc474f414887bcf1359fa30364", "http_status": 200, "body": {"accepted": true, "real_timestamp_ms": 1789198204087, "virtual_time_s": 53, "measure_result": "no_signal"}}
2026-09-12 15:30:07,400 INFO request {"path": "/measure", "payload": {"arena_id": "default", "robot_id": "202601002029", "request_id": "acbf3a7fa6734d68861fab3c8865e74a", "position": {"x": 0.0, "y": 0.0}, "channel": 10}, "attempt": 1}
2026-09-12 15:30:07,419 INFO response {"request_id": "acbf3a7fa6734d68861fab3c8865e74a", "http_status": 200, "body": {"accepted": true, "real_timestamp_ms": 1789198204106, "virtual_time_s": 59, "measure_result": "direction", "svd_deg": 221.06}}
2026-09-12 15:30:07,423 INFO request {"path": "/measure", "payload": {"arena_id": "default", "robot_id": "202601002029", "request_id": "7ee1fd32efe64eb5a32d3eed285c9b2b", "position": {"x": 0.0, "y": 0.0}, "channel": 11}, "attempt": 1}
2026-09-12 15:30:07,439 INFO response {"request_id": "7ee1fd32efe64eb5a32d3eed285c9b2b", "http_status": 200, "body": {"accepted": true, "real_timestamp_ms": 1789198204126, "virtual_time_s": 65, "measure_result": "no_signal"}}
2026-09-12 15:30:07,439 INFO request {"path": "/measure", "payload": {"arena_id": "default", "robot_id": "202601002029", "request_id": "a048cecf44c74f85a9bed1ff96c18e07", "position": {"x": 0.0, "y": 0.0}, "channel": 12}, "attempt": 1}
2026-09-12 15:30:07,459 INFO response {"request_id": "a048cecf44c74f85a9bed1ff96c18e07", "http_status": 200, "body": {"accepted": true, "real_timestamp_ms": 1789198204146, "virtual_time_s": 71, "measure_result": "no_signal"}}
2026-09-12 15:30:07,459 INFO request {"path": "/measure", "payload": {"arena_id": "default", "robot_id": "202601002029", "request_id": "2354cc19f2b74bcaa2698f42804b23e6", "position": {"x": 0.0, "y": 0.0}, "channel": 13}, "attempt": 1}
2026-09-12 15:30:07,478 INFO response {"request_id": "2354cc19f2b74bcaa2698f42804b23e6", "http_status": 200, "body": {"accepted": true, "real_timestamp_ms": 1789198204165, "virtual_time_s": 77, "measure_result": "no_signal"}}
2026-09-12 15:30:07,479 INFO request {"path": "/measure", "payload": {"arena_id": "default", "robot_id": "202601002029", "request_id": "b84bbeced701408b833d34a66ce6d089", "position": {"x": 0.0, "y": 0.0}, "channel": 14}, "attempt": 1}
2026-09-12 15:30:07,497 INFO response {"request_id": "b84bbeced701408b833d34a66ce6d089", "http_status": 200, "body": {"accepted": true, "real_timestamp_ms": 1789198204184, "virtual_time_s": 83, "measure_result": "no_signal"}}
2026-09-12 15:30:07,497 INFO request {"path": "/measure", "payload": {"arena_id": "default", "robot_id": "202601002029", "request_id": "17735dbae79a42578d5b362e66d870d7", "position": {"x": 0.0, "y": 0.0}, "channel": 15}, "attempt": 1}
2026-09-12 15:30:07,499 INFO response {"request_id": "17735dbae79a42578d5b362e66d870d7", "http_status": 200, "body": {"accepted": true, "real_timestamp_ms": 1789198204186, "virtual_time_s": 89, "measure_result": "no_signal"}}
2026-09-12 15:30:07,499 INFO request {"path": "/measure", "payload": {"arena_id": "default", "robot_id": "202601002029", "request_id": "46ff7d640cc74838917350426f6e4166", "position": {"x": 0.0, "y": 0.0}, "channel": 16}, "attempt": 1}
2026-09-12 15:30:07,501 INFO response {"request_id": "46ff7d640cc74838917350426f6e4166", "http_status": 200, "body": {"accepted": true, "real_timestamp_ms": 1789198204188, "virtual_time_s": 95, "measure_result": "direction", "svd_deg": 111.35}}
2026-09-12 15:30:07,504 INFO request {"path": "/measure", "payload": {"arena_id": "default", "robot_id": "202601002029", "request_id": "5664838712f8449aa4e83405d427d6d8", "position": {"x": 0.0, "y": 0.0}, "channel": 17}, "attempt": 1}
2026-09-12 15:30:07,517 INFO response {"request_id": "5664838712f8449aa4e83405d427d6d8", "http_status": 200, "body": {"accepted": true, "real_timestamp_ms": 1789198204204, "virtual_time_s": 101, "measure_result": "direction", "svd_deg": 237.14}}
2026-09-12 15:30:07,520 INFO request {"path": "/measure", "payload": {"arena_id": "default", "robot_id": "202601002029", "request_id": "9f404c0671d341718cb58953970e015a", "position": {"x": 0.0, "y": 0.0}, "channel": 18}, "attempt": 1}
2026-09-12 15:30:07,522 INFO response {"request_id": "9f404c0671d341718cb58953970e015a", "http_status": 200, "body": {"accepted": true, "real_timestamp_ms": 1789198204209, "virtual_time_s": 107, "measure_result": "no_signal"}}
2026-09-12 15:30:07,522 INFO request {"path": "/measure", "payload": {"arena_id": "default", "robot_id": "202601002029", "request_id": "b0a0f98eda6a4b558b8ab17dff07aa85", "position": {"x": 0.0, "y": 0.0}, "channel": 19}, "attempt": 1}
2026-09-12 15:30:07,524 INFO response {"request_id": "b0a0f98eda6a4b558b8ab17dff07aa85", "http_status": 200, "body": {"accepted": true, "real_timestamp_ms": 1789198204210, "virtual_time_s": 113, "measure_result": "direction", "svd_deg": 269.67}}
2026-09-12 15:30:07,527 INFO request {"path": "/measure", "payload": {"arena_id": "default", "robot_id": "202601002029", "request_id": "e10bb984b9ed4fd0b622388522b24709", "position": {"x": 0.0, "y": 0.0}, "channel": 20}, "attempt": 1}
2026-09-12 15:30:07,529 INFO response {"request_id": "e10bb984b9ed4fd0b622388522b24709", "http_status": 200, "body": {"accepted": true, "real_timestamp_ms": 1789198204215, "virtual_time_s": 119, "measure_result": "no_signal"}}
2026-09-12 15:30:07,530 INFO request {"path": "/measure", "payload": {"arena_id": "default", "robot_id": "202601002029", "request_id": "bf85a78768c64766850e8c2eda40f460", "position": {"x": 1200.0, "y": 0.0}, "channel": 20}, "attempt": 1}
2026-09-12 15:30:07,532 INFO response {"request_id": "bf85a78768c64766850e8c2eda40f460", "http_status": 200, "body": {"accepted": true, "real_timestamp_ms": 1789198204219, "virtual_time_s": 364, "measure_result": "no_signal"}}
2026-09-12 15:30:07,533 INFO request {"path": "/measure", "payload": {"arena_id": "default", "robot_id": "202601002029", "request_id": "b862489e5e3e4463822deb2c960d97e5", "position": {"x": 1200.0, "y": 0.0}, "channel": 1}, "attempt": 1}
2026-09-12 15:30:07,535 INFO response {"request_id": "b862489e5e3e4463822deb2c960d97e5", "http_status": 200, "body": {"accepted": true, "real_timestamp_ms": 1789198204221, "virtual_time_s": 370, "measure_result": "no_signal"}}
2026-09-12 15:30:07,536 INFO request {"path": "/measure", "payload": {"arena_id": "default", "robot_id": "202601002029", "request_id": "d70ffc67f50f492b97758feaae2d9aa0", "position": {"x": 1200.0, "y": 0.0}, "channel": 4}, "attempt": 1}
2026-09-12 15:30:07,538 INFO response {"request_id": "d70ffc67f50f492b97758feaae2d9aa0", "http_status": 200, "body": {"accepted": true, "real_timestamp_ms": 1789198204224, "virtual_time_s": 376, "measure_result": "no_signal"}}
2026-09-12 15:30:07,538 INFO request {"path": "/measure", "payload": {"arena_id": "default", "robot_id": "202601002029", "request_id": "61de816a02e44ebd82dc9fbb2b2fe8e3", "position": {"x": 1200.0, "y": 0.0}, "channel": 6}, "attempt": 1}
2026-09-12 15:30:07,540 INFO response {"request_id": "61de816a02e44ebd82dc9fbb2b2fe8e3", "http_status": 200, "body": {"accepted": true, "real_timestamp_ms": 1789198204227, "virtual_time_s": 382, "measure_result": "no_signal"}}
2026-09-12 15:30:07,541 INFO request {"path": "/measure", "payload": {"arena_id": "default", "robot_id": "202601002029", "request_id": "3f66d49059664295be764628065968b8", "position": {"x": 1200.0, "y": 0.0}, "channel": 8}, "attempt": 1}
2026-09-12 15:30:07,543 INFO response {"request_id": "3f66d49059664295be764628065968b8", "http_status": 200, "body": {"accepted": true, "real_timestamp_ms": 1789198204230, "virtual_time_s": 388, "measure_result": "no_signal"}}
2026-09-12 15:30:07,543 INFO request {"path": "/measure", "payload": {"arena_id": "default", "robot_id": "202601002029", "request_id": "8018882aedc74686a46d2274a0c10a6d", "position": {"x": 1200.0, "y": 0.0}, "channel": 9}, "attempt": 1}
2026-09-12 15:30:07,556 INFO response {"request_id": "8018882aedc74686a46d2274a0c10a6d", "http_status": 200, "body": {"accepted": true, "real_timestamp_ms": 1789198204243, "virtual_time_s": 394, "measure_result": "no_signal"}}
2026-09-12 15:30:07,556 INFO request {"path": "/measure", "payload": {"arena_id": "default", "robot_id": "202601002029", "request_id": "01a55ff6e2c94a77a4e0f1bd13ee958e", "position": {"x": 1200.0, "y": 0.0}, "channel": 11}, "attempt": 1}
2026-09-12 15:30:07,557 INFO response {"request_id": "01a55ff6e2c94a77a4e0f1bd13ee958e", "http_status": 200, "body": {"accepted": true, "real_timestamp_ms": 1789198204244, "virtual_time_s": 400, "measure_result": "no_signal"}}
2026-09-12 15:30:07,557 INFO request {"path": "/measure", "payload": {"arena_id": "default", "robot_id": "202601002029", "request_id": "784cd0f4f42d4505a2349086a8e62120", "position": {"x": 1200.0, "y": 0.0}, "channel": 12}, "attempt": 1}
2026-09-12 15:30:07,559 INFO response {"request_id": "784cd0f4f42d4505a2349086a8e62120", "http_status": 200, "body": {"accepted": true, "real_timestamp_ms": 1789198204246, "virtual_time_s": 406, "measure_result": "no_signal"}}
2026-09-12 15:30:07,559 INFO request {"path": "/measure", "payload": {"arena_id": "default", "robot_id": "202601002029", "request_id": "d4e9d6e4a4ad44c9a53fe8283155f3f1", "position": {"x": 1200.0, "y": 0.0}, "channel": 13}, "attempt": 1}
2026-09-12 15:30:07,562 INFO response {"request_id": "d4e9d6e4a4ad44c9a53fe8283155f3f1", "http_status": 200, "body": {"accepted": true, "real_timestamp_ms": 1789198204249, "virtual_time_s": 412, "measure_result": "no_signal"}}
2026-09-12 15:30:07,562 INFO request {"path": "/measure", "payload": {"arena_id": "default", "robot_id": "202601002029", "request_id": "0ccab32d13a549d68001de477929daa0", "position": {"x": 1200.0, "y": 0.0}, "channel": 14}, "attempt": 1}
2026-09-12 15:30:07,575 INFO response {"request_id": "0ccab32d13a549d68001de477929daa0", "http_status": 200, "body": {"accepted": true, "real_timestamp_ms": 1789198204263, "virtual_time_s": 418, "measure_result": "no_signal"}}
2026-09-12 15:30:07,576 INFO request {"path": "/measure", "payload": {"arena_id": "default", "robot_id": "202601002029", "request_id": "72bc24cf3e0949de8fa3ed02f2a9327b", "position": {"x": 1200.0, "y": 0.0}, "channel": 15}, "attempt": 1}
2026-09-12 15:30:07,594 INFO response {"request_id": "72bc24cf3e0949de8fa3ed02f2a9327b", "http_status": 200, "body": {"accepted": true, "real_timestamp_ms": 1789198204282, "virtual_time_s": 424, "measure_result": "no_signal"}}
2026-09-12 15:30:07,595 INFO request {"path": "/measure", "payload": {"arena_id": "default", "robot_id": "202601002029", "request_id": "a9a618fd5d394858991acaab7b9a5839", "position": {"x": 1200.0, "y": 0.0}, "channel": 18}, "attempt": 1}
2026-09-12 15:30:07,595 INFO response {"request_id": "a9a618fd5d394858991acaab7b9a5839", "http_status": 200, "body": {"accepted": true, "real_timestamp_ms": 1789198204283, "virtual_time_s": 430, "measure_result": "no_signal"}}
2026-09-12 15:30:07,596 INFO request {"path": "/measure", "payload": {"arena_id": "default", "robot_id": "202601002029", "request_id": "46c5deecfad7426cafae5f1514f7fcd5", "position": {"x": 600.0000000000001, "y": 1039.2304845413264}, "channel": 18}, "attempt": 1}
2026-09-12 15:30:07,597 INFO response {"request_id": "46c5deecfad7426cafae5f1514f7fcd5", "http_status": 200, "body": {"accepted": true, "real_timestamp_ms": 1789198204284, "virtual_time_s": 675, "measure_result": "no_signal"}}
2026-09-12 15:30:07,597 INFO request {"path": "/measure", "payload": {"arena_id": "default", "robot_id": "202601002029", "request_id": "116ecdb9efd347129f69e703233647fe", "position": {"x": 600.0000000000001, "y": 1039.2304845413264}, "channel": 1}, "attempt": 1}
2026-09-12 15:30:07,597 INFO response {"request_id": "116ecdb9efd347129f69e703233647fe", "http_status": 200, "body": {"accepted": true, "real_timestamp_ms": 1789198204285, "virtual_time_s": 681, "measure_result": "no_signal"}}
2026-09-12 15:30:07,597 INFO request {"path": "/measure", "payload": {"arena_id": "default", "robot_id": "202601002029", "request_id": "2914b6408fb74a83ab22e7dad44ea8d2", "position": {"x": 600.0000000000001, "y": 1039.2304845413264}, "channel": 4}, "attempt": 1}
2026-09-12 15:30:07,598 INFO response {"request_id": "2914b6408fb74a83ab22e7dad44ea8d2", "http_status": 200, "body": {"accepted": true, "real_timestamp_ms": 1789198204285, "virtual_time_s": 687, "measure_result": "no_signal"}}
2026-09-12 15:30:07,598 INFO request {"path": "/measure", "payload": {"arena_id": "default", "robot_id": "202601002029", "request_id": "1fde68685fa14cf5804ea1b0474fa6e1", "position": {"x": 600.0000000000001, "y": 1039.2304845413264}, "channel": 6}, "attempt": 1}
2026-09-12 15:30:07,615 INFO response {"request_id": "1fde68685fa14cf5804ea1b0474fa6e1", "http_status": 200, "body": {"accepted": true, "real_timestamp_ms": 1789198204302, "virtual_time_s": 693, "measure_result": "no_signal"}}
2026-09-12 15:30:07,615 INFO request {"path": "/measure", "payload": {"arena_id": "default", "robot_id": "202601002029", "request_id": "3a690a8559e0431da5db6b19c4bf21c5", "position": {"x": 600.0000000000001, "y": 1039.2304845413264}, "channel": 8}, "attempt": 1}
2026-09-12 15:30:07,635 INFO response {"request_id": "3a690a8559e0431da5db6b19c4bf21c5", "http_status": 200, "body": {"accepted": true, "real_timestamp_ms": 1789198204322, "virtual_time_s": 699, "measure_result": "no_signal"}}
2026-09-12 15:30:07,635 INFO request {"path": "/measure", "payload": {"arena_id": "default", "robot_id": "202601002029", "request_id": "44cca0e873ad4064882237b4e5cea756", "position": {"x": 600.0000000000001, "y": 1039.2304845413264}, "channel": 9}, "attempt": 1}
2026-09-12 15:30:07,636 INFO response {"request_id": "44cca0e873ad4064882237b4e5cea756", "http_status": 200, "body": {"accepted": true, "real_timestamp_ms": 1789198204323, "virtual_time_s": 705, "measure_result": "no_signal"}}
2026-09-12 15:30:07,636 INFO request {"path": "/measure", "payload": {"arena_id": "default", "robot_id": "202601002029", "request_id": "31739bacae8d455a87c98a51eaeb514c", "position": {"x": 600.0000000000001, "y": 1039.2304845413264}, "channel": 11}, "attempt": 1}
2026-09-12 15:30:07,637 INFO response {"request_id": "31739bacae8d455a87c98a51eaeb514c", "http_status": 200, "body": {"accepted": true, "real_timestamp_ms": 1789198204324, "virtual_time_s": 711, "measure_result": "no_signal"}}
2026-09-12 15:30:07,637 INFO request {"path": "/measure", "payload": {"arena_id": "default", "robot_id": "202601002029", "request_id": "75c58c2adbc44096ad16614e451c78fa", "position": {"x": 600.0000000000001, "y": 1039.2304845413264}, "channel": 12}, "attempt": 1}
2026-09-12 15:30:07,638 INFO response {"request_id": "75c58c2adbc44096ad16614e451c78fa", "http_status": 200, "body": {"accepted": true, "real_timestamp_ms": 1789198204325, "virtual_time_s": 717, "measure_result": "no_signal"}}
2026-09-12 15:30:07,638 INFO request {"path": "/measure", "payload": {"arena_id": "default", "robot_id": "202601002029", "request_id": "f921f8850e2546ea9214f681f0be9877", "position": {"x": 600.0000000000001, "y": 1039.2304845413264}, "channel": 13}, "attempt": 1}
2026-09-12 15:30:07,655 INFO response {"request_id": "f921f8850e2546ea9214f681f0be9877", "http_status": 200, "body": {"accepted": true, "real_timestamp_ms": 1789198204342, "virtual_time_s": 723, "measure_result": "no_signal"}}
2026-09-12 15:30:07,655 INFO request {"path": "/measure", "payload": {"arena_id": "default", "robot_id": "202601002029", "request_id": "ec90283f36ba4589af27b035c87b89d2", "position": {"x": 600.0000000000001, "y": 1039.2304845413264}, "channel": 14}, "attempt": 1}
2026-09-12 15:30:07,675 INFO response {"request_id": "ec90283f36ba4589af27b035c87b89d2", "http_status": 200, "body": {"accepted": true, "real_timestamp_ms": 1789198204362, "virtual_time_s": 729, "measure_result": "no_signal"}}
2026-09-12 15:30:07,675 INFO request {"path": "/measure", "payload": {"arena_id": "default", "robot_id": "202601002029", "request_id": "b218ec571bed4dc2b1f57b4220cda429", "position": {"x": 600.0000000000001, "y": 1039.2304845413264}, "channel": 15}, "attempt": 1}
2026-09-12 15:30:07,676 INFO response {"request_id": "b218ec571bed4dc2b1f57b4220cda429", "http_status": 200, "body": {"accepted": true, "real_timestamp_ms": 1789198204363, "virtual_time_s": 735, "measure_result": "no_signal"}}
2026-09-12 15:30:07,676 INFO request {"path": "/measure", "payload": {"arena_id": "default", "robot_id": "202601002029", "request_id": "8d556168ed53428bbf4c04a2017526ae", "position": {"x": 600.0000000000001, "y": 1039.2304845413264}, "channel": 20}, "attempt": 1}
2026-09-12 15:30:07,677 INFO response {"request_id": "8d556168ed53428bbf4c04a2017526ae", "http_status": 200, "body": {"accepted": true, "real_timestamp_ms": 1789198204364, "virtual_time_s": 741, "measure_result": "no_signal"}}
2026-09-12 15:30:07,684 INFO request {"path": "/measure", "payload": {"arena_id": "default", "robot_id": "202601002029", "request_id": "8a8a088dd5a94753896bb96d3a52bee1", "position": {"x": 600.0000000000001, "y": 1039.2304845413264}, "channel": 16}, "attempt": 1}
2026-09-12 15:30:07,685 INFO response {"request_id": "8a8a088dd5a94753896bb96d3a52bee1", "http_status": 200, "body": {"accepted": true, "real_timestamp_ms": 1789198204373, "virtual_time_s": 747, "measure_result": "direction", "svd_deg": 182.1}}
2026-09-12 15:30:07,688 INFO request {"path": "/measure", "payload": {"arena_id": "default", "robot_id": "202601002029", "request_id": "b4ce1ba8bb45452b8606261537698635", "position": {"x": -599.9999999999998, "y": 1039.2304845413264}, "channel": 1}, "attempt": 1}
2026-09-12 15:30:07,689 INFO response {"request_id": "b4ce1ba8bb45452b8606261537698635", "http_status": 200, "body": {"accepted": true, "real_timestamp_ms": 1789198204376, "virtual_time_s": 993, "measure_result": "no_signal"}}
2026-09-12 15:30:07,689 INFO request {"path": "/measure", "payload": {"arena_id": "default", "robot_id": "202601002029", "request_id": "04efdfe4d7934fd5b7e520b4aea3c465", "position": {"x": -599.9999999999998, "y": 1039.2304845413264}, "channel": 4}, "attempt": 1}
2026-09-12 15:30:07,689 INFO response {"request_id": "04efdfe4d7934fd5b7e520b4aea3c465", "http_status": 200, "body": {"accepted": true, "real_timestamp_ms": 1789198204377, "virtual_time_s": 999, "measure_result": "no_signal"}}
2026-09-12 15:30:07,689 INFO request {"path": "/measure", "payload": {"arena_id": "default", "robot_id": "202601002029", "request_id": "d5488e50c7ad4a03abcb49160f00d1cf", "position": {"x": -599.9999999999998, "y": 1039.2304845413264}, "channel": 6}, "attempt": 1}
2026-09-12 15:30:07,706 INFO response {"request_id": "d5488e50c7ad4a03abcb49160f00d1cf", "http_status": 200, "body": {"accepted": true, "real_timestamp_ms": 1789198204393, "virtual_time_s": 1005, "measure_result": "no_signal"}}
2026-09-12 15:30:07,706 INFO request {"path": "/measure", "payload": {"arena_id": "default", "robot_id": "202601002029", "request_id": "6246019b22304540a805c8876209831b", "position": {"x": -599.9999999999998, "y": 1039.2304845413264}, "channel": 8}, "attempt": 1}
2026-09-12 15:30:07,708 INFO response {"request_id": "6246019b22304540a805c8876209831b", "http_status": 200, "body": {"accepted": true, "real_timestamp_ms": 1789198204395, "virtual_time_s": 1011, "measure_result": "no_signal"}}
2026-09-12 15:30:07,708 INFO request {"path": "/measure", "payload": {"arena_id": "default", "robot_id": "202601002029", "request_id": "36431356d22d4dc9b802658bb36fd5aa", "position": {"x": -599.9999999999998, "y": 1039.2304845413264}, "channel": 9}, "attempt": 1}
2026-09-12 15:30:07,709 INFO response {"request_id": "36431356d22d4dc9b802658bb36fd5aa", "http_status": 200, "body": {"accepted": true, "real_timestamp_ms": 1789198204396, "virtual_time_s": 1017, "measure_result": "no_signal"}}
2026-09-12 15:30:07,709 INFO request {"path": "/measure", "payload": {"arena_id": "default", "robot_id": "202601002029", "request_id": "63d440babbc14f8bbffb9495be4648cc", "position": {"x": -599.9999999999998, "y": 1039.2304845413264}, "channel": 11}, "attempt": 1}
2026-09-12 15:30:07,711 INFO response {"request_id": "63d440babbc14f8bbffb9495be4648cc", "http_status": 200, "body": {"accepted": true, "real_timestamp_ms": 1789198204398, "virtual_time_s": 1023, "measure_result": "no_signal"}}
2026-09-12 15:30:07,711 INFO request {"path": "/measure", "payload": {"arena_id": "default", "robot_id": "202601002029", "request_id": "4095953cda89428a98769d0e933c6f26", "position": {"x": -599.9999999999998, "y": 1039.2304845413264}, "channel": 12}, "attempt": 1}
2026-09-12 15:30:07,712 INFO response {"request_id": "4095953cda89428a98769d0e933c6f26", "http_status": 200, "body": {"accepted": true, "real_timestamp_ms": 1789198204399, "virtual_time_s": 1029, "measure_result": "no_signal"}}
2026-09-12 15:30:07,712 INFO request {"path": "/measure", "payload": {"arena_id": "default", "robot_id": "202601002029", "request_id": "10d52987502146249d6b8962e090fa09", "position": {"x": -599.9999999999998, "y": 1039.2304845413264}, "channel": 13}, "attempt": 1}
2026-09-12 15:30:07,713 INFO response {"request_id": "10d52987502146249d6b8962e090fa09", "http_status": 200, "body": {"accepted": true, "real_timestamp_ms": 1789198204400, "virtual_time_s": 1035, "measure_result": "no_signal"}}
2026-09-12 15:30:07,713 INFO request {"path": "/measure", "payload": {"arena_id": "default", "robot_id": "202601002029", "request_id": "e4745c28345a455e882b21a2920cbfe3", "position": {"x": -599.9999999999998, "y": 1039.2304845413264}, "channel": 14}, "attempt": 1}
2026-09-12 15:30:07,715 INFO response {"request_id": "e4745c28345a455e882b21a2920cbfe3", "http_status": 200, "body": {"accepted": true, "real_timestamp_ms": 1789198204401, "virtual_time_s": 1041, "measure_result": "no_signal"}}
2026-09-12 15:30:07,715 INFO request {"path": "/measure", "payload": {"arena_id": "default", "robot_id": "202601002029", "request_id": "1a86954cd6bc4d95aef223caef9245cc", "position": {"x": -599.9999999999998, "y": 1039.2304845413264}, "channel": 15}, "attempt": 1}
2026-09-12 15:30:07,735 INFO response {"request_id": "1a86954cd6bc4d95aef223caef9245cc", "http_status": 200, "body": {"accepted": true, "real_timestamp_ms": 1789198204423, "virtual_time_s": 1047, "measure_result": "direction", "svd_deg": 189.05}}
2026-09-12 15:30:07,737 INFO request {"path": "/measure", "payload": {"arena_id": "default", "robot_id": "202601002029", "request_id": "b32cbdb69c57462983ce08e79379a059", "position": {"x": -599.9999999999998, "y": 1039.2304845413264}, "channel": 18}, "attempt": 1}
2026-09-12 15:30:07,756 INFO response {"request_id": "b32cbdb69c57462983ce08e79379a059", "http_status": 200, "body": {"accepted": true, "real_timestamp_ms": 1789198204443, "virtual_time_s": 1053, "measure_result": "no_signal"}}
2026-09-12 15:30:07,756 INFO request {"path": "/measure", "payload": {"arena_id": "default", "robot_id": "202601002029", "request_id": "faf1f4f2a60b40249dc2592556a1075f", "position": {"x": -599.9999999999998, "y": 1039.2304845413264}, "channel": 20}, "attempt": 1}
2026-09-12 15:30:07,757 INFO response {"request_id": "faf1f4f2a60b40249dc2592556a1075f", "http_status": 200, "body": {"accepted": true, "real_timestamp_ms": 1789198204444, "virtual_time_s": 1059, "measure_result": "no_signal"}}
2026-09-12 15:30:07,798 INFO request {"path": "/measure", "payload": {"arena_id": "default", "robot_id": "202601002029", "request_id": "8673cb52bdb04e708b395f41167ee4f4", "position": {"x": -599.9999999999998, "y": 1039.2304845413264}, "channel": 5}, "attempt": 1}
2026-09-12 15:30:07,814 INFO response {"request_id": "8673cb52bdb04e708b395f41167ee4f4", "http_status": 200, "body": {"accepted": true, "real_timestamp_ms": 1789198204501, "virtual_time_s": 1065, "measure_result": "direction", "svd_deg": 264.84}}
2026-09-12 15:30:07,856 INFO request {"path": "/measure", "payload": {"arena_id": "default", "robot_id": "202601002029", "request_id": "d075e57beef0453fa37ef5d1f2f71c04", "position": {"x": -599.9999999999998, "y": 1039.2304845413264}, "channel": 7}, "attempt": 1}
2026-09-12 15:30:07,875 INFO response {"request_id": "d075e57beef0453fa37ef5d1f2f71c04", "http_status": 200, "body": {"accepted": true, "real_timestamp_ms": 1789198204562, "virtual_time_s": 1071, "measure_result": "direction", "svd_deg": 290.86}}
2026-09-12 15:30:07,879 INFO request {"path": "/measure", "payload": {"arena_id": "default", "robot_id": "202601002029", "request_id": "aa57d1c18ea04922aafeb3b7cacf55f0", "position": {"x": -1200.0, "y": 1.4695761589768238e-13}, "channel": 1}, "attempt": 1}
2026-09-12 15:30:07,894 INFO response {"request_id": "aa57d1c18ea04922aafeb3b7cacf55f0", "http_status": 200, "body": {"accepted": true, "real_timestamp_ms": 1789198204581, "virtual_time_s": 1317, "measure_result": "no_signal"}}
2026-09-12 15:30:07,894 INFO request {"path": "/measure", "payload": {"arena_id": "default", "robot_id": "202601002029", "request_id": "fa5ee4957a7a48f9a858b97d2e8377b3", "position": {"x": -1200.0, "y": 1.4695761589768238e-13}, "channel": 4}, "attempt": 1}
2026-09-12 15:30:07,895 INFO response {"request_id": "fa5ee4957a7a48f9a858b97d2e8377b3", "http_status": 200, "body": {"accepted": true, "real_timestamp_ms": 1789198204582, "virtual_time_s": 1323, "measure_result": "no_signal"}}
2026-09-12 15:30:07,895 INFO request {"path": "/measure", "payload": {"arena_id": "default", "robot_id": "202601002029", "request_id": "3684f335838147b09988a4291eb3889c", "position": {"x": -1200.0, "y": 1.4695761589768238e-13}, "channel": 6}, "attempt": 1}
2026-09-12 15:30:07,913 INFO response {"request_id": "3684f335838147b09988a4291eb3889c", "http_status": 200, "body": {"accepted": true, "real_timestamp_ms": 1789198204600, "virtual_time_s": 1329, "measure_result": "no_signal"}}
2026-09-12 15:30:07,913 INFO request {"path": "/measure", "payload": {"arena_id": "default", "robot_id": "202601002029", "request_id": "f9b746b51b054bc3a53396ef33e75531", "position": {"x": -1200.0, "y": 1.4695761589768238e-13}, "channel": 8}, "attempt": 1}
2026-09-12 15:30:07,933 INFO response {"request_id": "f9b746b51b054bc3a53396ef33e75531", "http_status": 200, "body": {"accepted": true, "real_timestamp_ms": 1789198204620, "virtual_time_s": 1335, "measure_result": "no_signal"}}
2026-09-12 15:30:07,933 INFO request {"path": "/measure", "payload": {"arena_id": "default", "robot_id": "202601002029", "request_id": "0dcad793e5194bcc9a9a7cd5a6de63e3", "position": {"x": -1200.0, "y": 1.4695761589768238e-13}, "channel": 9}, "attempt": 1}
2026-09-12 15:30:07,935 INFO response {"request_id": "0dcad793e5194bcc9a9a7cd5a6de63e3", "http_status": 200, "body": {"accepted": true, "real_timestamp_ms": 1789198204622, "virtual_time_s": 1341, "measure_result": "no_signal"}}
2026-09-12 15:30:07,935 INFO request {"path": "/measure", "payload": {"arena_id": "default", "robot_id": "202601002029", "request_id": "92398893692e4b65ac6dfa3b66063f41", "position": {"x": -1200.0, "y": 1.4695761589768238e-13}, "channel": 11}, "attempt": 1}
2026-09-12 15:30:07,953 INFO response {"request_id": "92398893692e4b65ac6dfa3b66063f41", "http_status": 200, "body": {"accepted": true, "real_timestamp_ms": 1789198204640, "virtual_time_s": 1347, "measure_result": "no_signal"}}
2026-09-12 15:30:07,953 INFO request {"path": "/measure", "payload": {"arena_id": "default", "robot_id": "202601002029", "request_id": "74ca64e6ab6547fb9962c0cdae76eb06", "position": {"x": -1200.0, "y": 1.4695761589768238e-13}, "channel": 12}, "attempt": 1}
2026-09-12 15:30:07,955 INFO response {"request_id": "74ca64e6ab6547fb9962c0cdae76eb06", "http_status": 200, "body": {"accepted": true, "real_timestamp_ms": 1789198204642, "virtual_time_s": 1353, "measure_result": "no_signal"}}
2026-09-12 15:30:07,955 INFO request {"path": "/measure", "payload": {"arena_id": "default", "robot_id": "202601002029", "request_id": "c2a211ef38a5454c89f3913b321ce6b5", "position": {"x": -1200.0, "y": 1.4695761589768238e-13}, "channel": 13}, "attempt": 1}
2026-09-12 15:30:07,973 INFO response {"request_id": "c2a211ef38a5454c89f3913b321ce6b5", "http_status": 200, "body": {"accepted": true, "real_timestamp_ms": 1789198204660, "virtual_time_s": 1359, "measure_result": "no_signal"}}
2026-09-12 15:30:07,973 INFO request {"path": "/measure", "payload": {"arena_id": "default", "robot_id": "202601002029", "request_id": "49d5553eedfc46dbaadf15492fbb1c0e", "position": {"x": -1200.0, "y": 1.4695761589768238e-13}, "channel": 14}, "attempt": 1}
2026-09-12 15:30:07,975 INFO response {"request_id": "49d5553eedfc46dbaadf15492fbb1c0e", "http_status": 200, "body": {"accepted": true, "real_timestamp_ms": 1789198204662, "virtual_time_s": 1365, "measure_result": "direction", "svd_deg": 221.85}}
2026-09-12 15:30:07,980 INFO request {"path": "/measure", "payload": {"arena_id": "default", "robot_id": "202601002029", "request_id": "0b730f27fae24bd291771374cd4e7dfd", "position": {"x": -1200.0, "y": 1.4695761589768238e-13}, "channel": 18}, "attempt": 1}
2026-09-12 15:30:07,992 INFO response {"request_id": "0b730f27fae24bd291771374cd4e7dfd", "http_status": 200, "body": {"accepted": true, "real_timestamp_ms": 1789198204679, "virtual_time_s": 1371, "measure_result": "direction", "svd_deg": 283.29}}
2026-09-12 15:30:07,995 INFO request {"path": "/measure", "payload": {"arena_id": "default", "robot_id": "202601002029", "request_id": "e02ce799289e472082cd97a19b42abe7", "position": {"x": -1200.0, "y": 1.4695761589768238e-13}, "channel": 20}, "attempt": 1}
2026-09-12 15:30:08,012 INFO response {"request_id": "e02ce799289e472082cd97a19b42abe7", "http_status": 200, "body": {"accepted": true, "real_timestamp_ms": 1789198204699, "virtual_time_s": 1377, "measure_result": "no_signal"}}
2026-09-12 15:30:08,063 INFO request {"path": "/measure", "payload": {"arena_id": "default", "robot_id": "202601002029", "request_id": "b436c2591c724a9c9bbc43ece0a514e8", "position": {"x": -1200.0, "y": 1.4695761589768238e-13}, "channel": 10}, "attempt": 1}
2026-09-12 15:30:08,079 INFO response {"request_id": "b436c2591c724a9c9bbc43ece0a514e8", "http_status": 200, "body": {"accepted": true, "real_timestamp_ms": 1789198204766, "virtual_time_s": 1383, "measure_result": "direction", "svd_deg": 298.12}}
2026-09-12 15:30:08,122 INFO request {"path": "/measure", "payload": {"arena_id": "default", "robot_id": "202601002029", "request_id": "9eb13ee75c354ff6a9ebb9a2a8e7610e", "position": {"x": -1200.0, "y": 1.4695761589768238e-13}, "channel": 17}, "attempt": 1}
2026-09-12 15:30:08,138 INFO response {"request_id": "9eb13ee75c354ff6a9ebb9a2a8e7610e", "http_status": 200, "body": {"accepted": true, "real_timestamp_ms": 1789198204825, "virtual_time_s": 1389, "measure_result": "direction", "svd_deg": 293.59}}
2026-09-12 15:30:08,145 INFO request {"path": "/measure", "payload": {"arena_id": "default", "robot_id": "202601002029", "request_id": "3724da979e464767afbe42ccd1ea6577", "position": {"x": -600.0000000000006, "y": -1039.2304845413262}, "channel": 1}, "attempt": 1}
2026-09-12 15:30:08,158 INFO response {"request_id": "3724da979e464767afbe42ccd1ea6577", "http_status": 200, "body": {"accepted": true, "real_timestamp_ms": 1789198204845, "virtual_time_s": 1635, "measure_result": "no_signal"}}
2026-09-12 15:30:08,158 INFO request {"path": "/measure", "payload": {"arena_id": "default", "robot_id": "202601002029", "request_id": "f5fcfa0ff88442ce9332c61f190bbd4e", "position": {"x": -600.0000000000006, "y": -1039.2304845413262}, "channel": 4}, "attempt": 1}
2026-09-12 15:30:08,178 INFO response {"request_id": "f5fcfa0ff88442ce9332c61f190bbd4e", "http_status": 200, "body": {"accepted": true, "real_timestamp_ms": 1789198204864, "virtual_time_s": 1641, "measure_result": "direction", "svd_deg": 181.22}}
2026-09-12 15:30:08,183 INFO request {"path": "/measure", "payload": {"arena_id": "default", "robot_id": "202601002029", "request_id": "2253b2c9551a4de59de0768a310b30f0", "position": {"x": -600.0000000000006, "y": -1039.2304845413262}, "channel": 6}, "attempt": 1}
2026-09-12 15:30:08,197 INFO response {"request_id": "2253b2c9551a4de59de0768a310b30f0", "http_status": 200, "body": {"accepted": true, "real_timestamp_ms": 1789198204884, "virtual_time_s": 1647, "measure_result": "no_signal"}}
2026-09-12 15:30:08,197 INFO request {"path": "/measure", "payload": {"arena_id": "default", "robot_id": "202601002029", "request_id": "894d15e7c5184dc5ad2ca4dc3124e396", "position": {"x": -600.0000000000006, "y": -1039.2304845413262}, "channel": 8}, "attempt": 1}
2026-09-12 15:30:08,198 INFO response {"request_id": "894d15e7c5184dc5ad2ca4dc3124e396", "http_status": 200, "body": {"accepted": true, "real_timestamp_ms": 1789198204885, "virtual_time_s": 1653, "measure_result": "no_signal"}}
2026-09-12 15:30:08,198 INFO request {"path": "/measure", "payload": {"arena_id": "default", "robot_id": "202601002029", "request_id": "17c0f9422bc84bfd818911b3e7d539da", "position": {"x": -600.0000000000006, "y": -1039.2304845413262}, "channel": 9}, "attempt": 1}
2026-09-12 15:30:08,216 INFO response {"request_id": "17c0f9422bc84bfd818911b3e7d539da", "http_status": 200, "body": {"accepted": true, "real_timestamp_ms": 1789198204903, "virtual_time_s": 1659, "measure_result": "no_signal"}}
2026-09-12 15:30:08,216 INFO request {"path": "/measure", "payload": {"arena_id": "default", "robot_id": "202601002029", "request_id": "bcbe3863c25847eeb769c675c2ee81af", "position": {"x": -600.0000000000006, "y": -1039.2304845413262}, "channel": 11}, "attempt": 1}
2026-09-12 15:30:08,235 INFO response {"request_id": "bcbe3863c25847eeb769c675c2ee81af", "http_status": 200, "body": {"accepted": true, "real_timestamp_ms": 1789198204922, "virtual_time_s": 1665, "measure_result": "no_signal"}}
2026-09-12 15:30:08,236 INFO request {"path": "/measure", "payload": {"arena_id": "default", "robot_id": "202601002029", "request_id": "a4abccc88229497db381528fc979eb39", "position": {"x": -600.0000000000006, "y": -1039.2304845413262}, "channel": 12}, "attempt": 1}
2026-09-12 15:30:08,237 INFO response {"request_id": "a4abccc88229497db381528fc979eb39", "http_status": 200, "body": {"accepted": true, "real_timestamp_ms": 1789198204924, "virtual_time_s": 1671, "measure_result": "no_signal"}}
2026-09-12 15:30:08,237 INFO request {"path": "/measure", "payload": {"arena_id": "default", "robot_id": "202601002029", "request_id": "098ae11ce9ff449991d67cf7a32ab299", "position": {"x": -600.0000000000006, "y": -1039.2304845413262}, "channel": 13}, "attempt": 1}
2026-09-12 15:30:08,255 INFO response {"request_id": "098ae11ce9ff449991d67cf7a32ab299", "http_status": 200, "body": {"accepted": true, "real_timestamp_ms": 1789198204941, "virtual_time_s": 1677, "measure_result": "no_signal"}}
2026-09-12 15:30:08,255 INFO request {"path": "/measure", "payload": {"arena_id": "default", "robot_id": "202601002029", "request_id": "04e19155f2ea4ccf993c751b4a4ab48c", "position": {"x": -600.0000000000006, "y": -1039.2304845413262}, "channel": 20}, "attempt": 1}
2026-09-12 15:30:08,256 INFO response {"request_id": "04e19155f2ea4ccf993c751b4a4ab48c", "http_status": 200, "body": {"accepted": true, "real_timestamp_ms": 1789198204944, "virtual_time_s": 1683, "measure_result": "no_signal"}}
2026-09-12 15:30:08,331 INFO request {"path": "/measure", "payload": {"arena_id": "default", "robot_id": "202601002029", "request_id": "ec81c39e392f4e7d800e558f0f2ffdb0", "position": {"x": -600.0000000000006, "y": -1039.2304845413262}, "channel": 18}, "attempt": 1}
2026-09-12 15:30:08,352 INFO response {"request_id": "ec81c39e392f4e7d800e558f0f2ffdb0", "http_status": 200, "body": {"accepted": true, "real_timestamp_ms": 1789198205039, "virtual_time_s": 1689, "measure_result": "direction", "svd_deg": 153.2}}
2026-09-12 15:30:08,398 INFO request {"path": "/measure", "payload": {"arena_id": "default", "robot_id": "202601002029", "request_id": "b10024ceb13e4d238e70a881903e8f24", "position": {"x": -600.0000000000006, "y": -1039.2304845413262}, "channel": 3}, "attempt": 1}
2026-09-12 15:30:08,418 INFO response {"request_id": "b10024ceb13e4d238e70a881903e8f24", "http_status": 200, "body": {"accepted": true, "real_timestamp_ms": 1789198205106, "virtual_time_s": 1695, "measure_result": "direction", "svd_deg": 334.63}}
2026-09-12 15:30:08,421 INFO request {"path": "/measure", "payload": {"arena_id": "default", "robot_id": "202601002029", "request_id": "a6667f5d9fa6480e87e526b9e8cc6f5d", "position": {"x": 600.0000000000001, "y": -1039.2304845413264}, "channel": 1}, "attempt": 1}
2026-09-12 15:30:08,438 INFO response {"request_id": "a6667f5d9fa6480e87e526b9e8cc6f5d", "http_status": 200, "body": {"accepted": true, "real_timestamp_ms": 1789198205126, "virtual_time_s": 1941, "measure_result": "no_signal"}}
2026-09-12 15:30:08,439 INFO request {"path": "/measure", "payload": {"arena_id": "default", "robot_id": "202601002029", "request_id": "fd79a841587c45a28d514baeac5e865c", "position": {"x": 600.0000000000001, "y": -1039.2304845413264}, "channel": 6}, "attempt": 1}
2026-09-12 15:30:08,459 INFO response {"request_id": "fd79a841587c45a28d514baeac5e865c", "http_status": 200, "body": {"accepted": true, "real_timestamp_ms": 1789198205146, "virtual_time_s": 1947, "measure_result": "no_signal"}}
2026-09-12 15:30:08,460 INFO request {"path": "/measure", "payload": {"arena_id": "default", "robot_id": "202601002029", "request_id": "d348d19c0a704880a927a1a47562ae3e", "position": {"x": 600.0000000000001, "y": -1039.2304845413264}, "channel": 8}, "attempt": 1}
2026-09-12 15:30:08,479 INFO response {"request_id": "d348d19c0a704880a927a1a47562ae3e", "http_status": 200, "body": {"accepted": true, "real_timestamp_ms": 1789198205166, "virtual_time_s": 1953, "measure_result": "no_signal"}}
2026-09-12 15:30:08,479 INFO request {"path": "/measure", "payload": {"arena_id": "default", "robot_id": "202601002029", "request_id": "9d80c849c1214d84b5a6cb5407f59623", "position": {"x": 600.0000000000001, "y": -1039.2304845413264}, "channel": 9}, "attempt": 1}
2026-09-12 15:30:08,498 INFO response {"request_id": "9d80c849c1214d84b5a6cb5407f59623", "http_status": 200, "body": {"accepted": true, "real_timestamp_ms": 1789198205185, "virtual_time_s": 1959, "measure_result": "no_signal"}}
2026-09-12 15:30:08,498 INFO request {"path": "/measure", "payload": {"arena_id": "default", "robot_id": "202601002029", "request_id": "1123176c2d3d41a1b53f2b94a26c60bf", "position": {"x": 600.0000000000001, "y": -1039.2304845413264}, "channel": 11}, "attempt": 1}
2026-09-12 15:30:08,518 INFO response {"request_id": "1123176c2d3d41a1b53f2b94a26c60bf", "http_status": 200, "body": {"accepted": true, "real_timestamp_ms": 1789198205204, "virtual_time_s": 1965, "measure_result": "no_signal"}}
2026-09-12 15:30:08,518 INFO request {"path": "/measure", "payload": {"arena_id": "default", "robot_id": "202601002029", "request_id": "023c9b98106a4358ac66106f6302307d", "position": {"x": 600.0000000000001, "y": -1039.2304845413264}, "channel": 12}, "attempt": 1}
2026-09-12 15:30:08,520 INFO response {"request_id": "023c9b98106a4358ac66106f6302307d", "http_status": 200, "body": {"accepted": true, "real_timestamp_ms": 1789198205207, "virtual_time_s": 1971, "measure_result": "no_signal"}}
2026-09-12 15:30:08,520 INFO request {"path": "/measure", "payload": {"arena_id": "default", "robot_id": "202601002029", "request_id": "4c4b7d52c2f24cabb79e95adc28e43c9", "position": {"x": 600.0000000000001, "y": -1039.2304845413264}, "channel": 13}, "attempt": 1}
2026-09-12 15:30:08,537 INFO response {"request_id": "4c4b7d52c2f24cabb79e95adc28e43c9", "http_status": 200, "body": {"accepted": true, "real_timestamp_ms": 1789198205224, "virtual_time_s": 1977, "measure_result": "direction", "svd_deg": 321.13}}
2026-09-12 15:30:08,541 INFO request {"path": "/measure", "payload": {"arena_id": "default", "robot_id": "202601002029", "request_id": "24ffb3663ded43fb97222a64fa4bad89", "position": {"x": 600.0000000000001, "y": -1039.2304845413264}, "channel": 20}, "attempt": 1}
2026-09-12 15:30:08,557 INFO response {"request_id": "24ffb3663ded43fb97222a64fa4bad89", "http_status": 200, "body": {"accepted": true, "real_timestamp_ms": 1789198205244, "virtual_time_s": 1983, "measure_result": "no_signal"}}
2026-09-12 15:30:08,585 INFO request {"path": "/measure", "payload": {"arena_id": "default", "robot_id": "202601002029", "request_id": "9b2a41a90cd348358295320799d51a0b", "position": {"x": 600.0000000000001, "y": -1039.2304845413264}, "channel": 19}, "attempt": 1}
2026-09-12 15:30:08,596 INFO response {"request_id": "9b2a41a90cd348358295320799d51a0b", "http_status": 200, "body": {"accepted": true, "real_timestamp_ms": 1789198205283, "virtual_time_s": 1989, "measure_result": "direction", "svd_deg": 198.32}}
2026-09-12 15:30:08,607 INFO request {"path": "/measure", "payload": {"arena_id": "default", "robot_id": "202601002029", "request_id": "5ab58a8f962344cc9f8ec163434bb1d5", "position": {"x": 600.0000000000001, "y": -1039.2304845413264}, "channel": 3}, "attempt": 1}
2026-09-12 15:30:08,625 INFO response {"request_id": "5ab58a8f962344cc9f8ec163434bb1d5", "http_status": 200, "body": {"accepted": true, "real_timestamp_ms": 1789198205313, "virtual_time_s": 1995, "measure_result": "direction", "svd_deg": 224.64}}
2026-09-12 15:30:15,891 INFO request {"path": "/measure", "payload": {"arena_id": "default", "robot_id": "202601002029", "request_id": "65255aa4787e4c628754482f38bf0fcd", "position": {"x": 670.8498945206928, "y": -1607.278115944289}, "channel": 13}, "attempt": 1}
2026-09-12 15:30:15,906 INFO response {"request_id": "65255aa4787e4c628754482f38bf0fcd", "http_status": 200, "body": {"accepted": true, "real_timestamp_ms": 1789198212593, "virtual_time_s": 2115.489793, "measure_result": "direction", "svd_deg": 28.84}}
2026-09-12 15:30:15,918 INFO request {"path": "/measure", "payload": {"arena_id": "default", "robot_id": "202601002029", "request_id": "48f752d78e604cc692a86b2b70cef195", "position": {"x": 670.8498945206928, "y": -1607.278115944289}, "channel": 19}, "attempt": 1}
2026-09-12 15:30:15,935 INFO response {"request_id": "48f752d78e604cc692a86b2b70cef195", "http_status": 200, "body": {"accepted": true, "real_timestamp_ms": 1789198212622, "virtual_time_s": 2121.489793, "measure_result": "direction", "svd_deg": 151.01}}
2026-09-12 15:30:16,472 INFO request {"path": "/clear", "payload": {"arena_id": "default", "robot_id": "202601002029", "request_id": "8dc7eba056ad490bbd2354ddd6474abc", "position": {"x": 1047.8621965421867, "y": -1399.9484827299364}, "channel": 13}, "attempt": 1}
2026-09-12 15:30:16,490 INFO response {"request_id": "8dc7eba056ad490bbd2354ddd6474abc", "http_status": 200, "body": {"accepted": true, "real_timestamp_ms": 1789198213177, "virtual_time_s": 2212.541836, "clear_result": "success"}}
2026-09-12 15:30:16,520 INFO request {"path": "/clear", "payload": {"arena_id": "default", "robot_id": "202601002029", "request_id": "fb3cbf94832046ed8146d325087e2ddd", "position": {"x": 216.30493954115275, "y": -1425.702665444979}, "channel": 3}, "attempt": 1}
2026-09-12 15:30:16,540 INFO response {"request_id": "fb3cbf94832046ed8146d325087e2ddd", "http_status": 200, "body": {"accepted": true, "real_timestamp_ms": 1789198213227, "virtual_time_s": 2383.933032, "clear_result": "success"}}
2026-09-12 15:30:16,565 INFO request {"path": "/measure", "payload": {"arena_id": "default", "robot_id": "202601002029", "request_id": "84eaf2a6b58f4d428dc2a4fa2752577d", "position": {"x": 216.30493954115275, "y": -1425.702665444979}, "channel": 17}, "attempt": 1}
2026-09-12 15:30:16,579 INFO response {"request_id": "84eaf2a6b58f4d428dc2a4fa2752577d", "http_status": 200, "body": {"accepted": true, "real_timestamp_ms": 1789198213266, "virtual_time_s": 2389.933032, "measure_result": "direction", "svd_deg": 162.36}}
2026-09-12 15:30:16,603 INFO request {"path": "/measure", "payload": {"arena_id": "default", "robot_id": "202601002029", "request_id": "d1e8308e4968442ba92291e84a9b570b", "position": {"x": 216.30493954115275, "y": -1425.702665444979}, "channel": 19}, "attempt": 1}
2026-09-12 15:30:16,618 INFO response {"request_id": "d1e8308e4968442ba92291e84a9b570b", "http_status": 200, "body": {"accepted": true, "real_timestamp_ms": 1789198213305, "virtual_time_s": 2395.933032, "measure_result": "direction", "svd_deg": 140.26}}
2026-09-12 15:30:17,195 INFO request {"path": "/clear", "payload": {"arena_id": "default", "robot_id": "202601002029", "request_id": "e8506a8d5daf4301b47bd7d5afdcb361", "position": {"x": -7.382480908761131, "y": -1240.1003378163864}, "channel": 19}, "attempt": 1}
2026-09-12 15:30:17,196 INFO response {"request_id": "e8506a8d5daf4301b47bd7d5afdcb361", "http_status": 200, "body": {"accepted": true, "real_timestamp_ms": 1789198213884, "virtual_time_s": 2459.065393, "clear_result": "success"}}
2026-09-12 15:30:17,238 INFO request {"path": "/measure", "payload": {"arena_id": "default", "robot_id": "202601002029", "request_id": "d667db5bfa3941308c54fe2833a357bc", "position": {"x": -7.382480908761131, "y": -1240.1003378163864}, "channel": 10}, "attempt": 1}
2026-09-12 15:30:17,239 INFO response {"request_id": "d667db5bfa3941308c54fe2833a357bc", "http_status": 200, "body": {"accepted": true, "real_timestamp_ms": 1789198213927, "virtual_time_s": 2465.065393, "measure_result": "direction", "svd_deg": 146.74}}
2026-09-12 15:30:17,268 INFO request {"path": "/measure", "payload": {"arena_id": "default", "robot_id": "202601002029", "request_id": "3cdd96392b9c49efab0924ac083ca362", "position": {"x": -7.382480908761131, "y": -1240.1003378163864}, "channel": 17}, "attempt": 1}
2026-09-12 15:30:17,269 INFO response {"request_id": "3cdd96392b9c49efab0924ac083ca362", "http_status": 200, "body": {"accepted": true, "real_timestamp_ms": 1789198213956, "virtual_time_s": 2471.065393, "measure_result": "direction", "svd_deg": 171.32}}
2026-09-12 15:30:18,357 INFO request {"path": "/measure", "payload": {"arena_id": "default", "robot_id": "202601002029", "request_id": "09ba8ee453194cca882c0f8d33224ee4", "position": {"x": -600.0000000000006, "y": -1039.2304845413262}, "channel": 17}, "attempt": 1}
2026-09-12 15:30:18,358 INFO response {"request_id": "09ba8ee453194cca882c0f8d33224ee4", "http_status": 200, "body": {"accepted": true, "real_timestamp_ms": 1789198215046, "virtual_time_s": 2601.212382, "measure_result": "direction", "svd_deg": 214.25}}
2026-09-12 15:30:18,374 INFO request {"path": "/measure", "payload": {"arena_id": "default", "robot_id": "202601002029", "request_id": "d5eda601d862417c903789815c9d466a", "position": {"x": -600.0000000000006, "y": -1039.2304845413262}, "channel": 10}, "attempt": 1}
2026-09-12 15:30:18,376 INFO response {"request_id": "d5eda601d862417c903789815c9d466a", "http_status": 200, "body": {"accepted": true, "real_timestamp_ms": 1789198215062, "virtual_time_s": 2607.212382, "measure_result": "direction", "svd_deg": 121.65}}
2026-09-12 15:30:18,380 INFO request {"path": "/clear", "payload": {"arena_id": "default", "robot_id": "202601002029", "request_id": "7115cbc2c4774ec5b2eba631805b7eeb", "position": {"x": -722.049798918995, "y": -1124.6119182288894}, "channel": 17}, "attempt": 1}
2026-09-12 15:30:18,381 INFO response {"request_id": "7115cbc2c4774ec5b2eba631805b7eeb", "http_status": 200, "body": {"accepted": true, "real_timestamp_ms": 1789198215068, "virtual_time_s": 2642.002409, "clear_result": "success"}}
2026-09-12 15:30:18,382 INFO request {"path": "/measure", "payload": {"arena_id": "default", "robot_id": "202601002029", "request_id": "50ea5031302541059b40b8d543433854", "position": {"x": -1324.3552699726881, "y": -1457.6885297699264}, "channel": 4}, "attempt": 1}
2026-09-12 15:30:18,382 INFO response {"request_id": "50ea5031302541059b40b8d543433854", "http_status": 200, "body": {"accepted": true, "real_timestamp_ms": 1789198215070, "virtual_time_s": 2785.655874, "measure_result": "direction", "svd_deg": 44.73}}
2026-09-12 15:30:18,395 INFO request {"path": "/measure", "payload": {"arena_id": "default", "robot_id": "202601002029", "request_id": "22dee9aee980425a88d2f86edfcb4640", "position": {"x": -1324.3552699726881, "y": -1457.6885297699264}, "channel": 18}, "attempt": 1}
2026-09-12 15:30:18,395 INFO response {"request_id": "22dee9aee980425a88d2f86edfcb4640", "http_status": 200, "body": {"accepted": true, "real_timestamp_ms": 1789198215083, "virtual_time_s": 2791.655874, "measure_result": "direction", "svd_deg": 61.21}}
2026-09-12 15:30:18,910 INFO request {"path": "/measure", "payload": {"arena_id": "default", "robot_id": "202601002029", "request_id": "ad7bd5440f794d7da172cdb7a9d76fed", "position": {"x": -906.6838582359412, "y": -1445.7483537955331}, "channel": 4}, "attempt": 1}
2026-09-12 15:30:18,922 INFO response {"request_id": "ad7bd5440f794d7da172cdb7a9d76fed", "http_status": 200, "body": {"accepted": true, "real_timestamp_ms": 1789198215609, "virtual_time_s": 2881.224283, "measure_result": "direction", "svd_deg": 88.36}}
2026-09-12 15:30:18,928 INFO request {"path": "/clear", "payload": {"arena_id": "default", "robot_id": "202601002029", "request_id": "da5807b6b4cb4644b155f53cd49cf439", "position": {"x": -895.1763708474246, "y": -1045.6424870019437}, "channel": 4}, "attempt": 1}
2026-09-12 15:30:18,941 INFO response {"request_id": "da5807b6b4cb4644b155f53cd49cf439", "http_status": 200, "body": {"accepted": true, "real_timestamp_ms": 1789198215628, "virtual_time_s": 2966.278546, "clear_result": "success"}}
2026-09-12 15:30:18,956 INFO request {"path": "/measure", "payload": {"arena_id": "default", "robot_id": "202601002029", "request_id": "ed39e6a4f67c46d99efb96162ff06d6a", "position": {"x": -895.1763708474246, "y": -1045.6424870019437}, "channel": 14}, "attempt": 1}
2026-09-12 15:30:18,971 INFO response {"request_id": "ed39e6a4f67c46d99efb96162ff06d6a", "http_status": 200, "body": {"accepted": true, "real_timestamp_ms": 1789198215658, "virtual_time_s": 2972.278546, "measure_result": "direction", "svd_deg": 137.95}}
2026-09-12 15:30:19,581 INFO request {"path": "/clear", "payload": {"arena_id": "default", "robot_id": "202601002029", "request_id": "fc2e4390211344548af2480919cd1391", "position": {"x": -810.1064843060547, "y": -705.8390523649016}, "channel": 10}, "attempt": 1}
2026-09-12 15:30:19,594 INFO response {"request_id": "fc2e4390211344548af2480919cd1391", "http_status": 200, "body": {"accepted": true, "real_timestamp_ms": 1789198216282, "virtual_time_s": 3047.336596, "clear_result": "success"}}
2026-09-12 15:30:19,623 INFO request {"path": "/measure", "payload": {"arena_id": "default", "robot_id": "202601002029", "request_id": "e5035e12d83a4731893f9386a1bf9cb3", "position": {"x": -810.1064843060547, "y": -705.8390523649016}, "channel": 2}, "attempt": 1}
2026-09-12 15:30:19,634 INFO response {"request_id": "e5035e12d83a4731893f9386a1bf9cb3", "http_status": 200, "body": {"accepted": true, "real_timestamp_ms": 1789198216321, "virtual_time_s": 3053.336596, "measure_result": "direction", "svd_deg": 110.22}}
2026-09-12 15:30:20,315 INFO request {"path": "/clear", "payload": {"arena_id": "default", "robot_id": "202601002029", "request_id": "7839eb5c888a4f71b0c5b15926b9d43e", "position": {"x": -988.7237563617795, "y": -843.0753113221067}, "channel": 18}, "attempt": 1}
2026-09-12 15:30:20,316 INFO response {"request_id": "7839eb5c888a4f71b0c5b15926b9d43e", "http_status": 200, "body": {"accepted": true, "real_timestamp_ms": 1789198217003, "virtual_time_s": 3103.386755, "clear_result": "success"}}
2026-09-12 15:30:20,327 INFO request {"path": "/measure", "payload": {"arena_id": "default", "robot_id": "202601002029", "request_id": "4cef0a8f7e38411ea64bbeb5a0d25975", "position": {"x": -988.7237563617795, "y": -843.0753113221067}, "channel": 14}, "attempt": 1}
2026-09-12 15:30:20,345 INFO response {"request_id": "4cef0a8f7e38411ea64bbeb5a0d25975", "http_status": 200, "body": {"accepted": true, "real_timestamp_ms": 1789198217032, "virtual_time_s": 3109.386755, "measure_result": "direction", "svd_deg": 145.36}}
2026-09-12 15:30:20,349 INFO request {"path": "/clear", "payload": {"arena_id": "default", "robot_id": "202601002029", "request_id": "e578e4d090564626824ddb7a95330e92", "position": {"x": -1635.0322965121795, "y": -389.4047579650473}, "channel": 14}, "attempt": 1}
2026-09-12 15:30:20,366 INFO response {"request_id": "e578e4d090564626824ddb7a95330e92", "http_status": 200, "body": {"accepted": true, "real_timestamp_ms": 1789198217053, "virtual_time_s": 3272.314802, "clear_result": "success"}}
2026-09-12 15:30:20,382 INFO request {"path": "/measure", "payload": {"arena_id": "default", "robot_id": "202601002029", "request_id": "b7688cbb18f74cdabd15b5379102d9f3", "position": {"x": -1635.0322965121795, "y": -389.4047579650473}, "channel": 2}, "attempt": 1}
2026-09-12 15:30:20,394 INFO response {"request_id": "b7688cbb18f74cdabd15b5379102d9f3", "http_status": 200, "body": {"accepted": true, "real_timestamp_ms": 1789198217082, "virtual_time_s": 3278.314802, "measure_result": "direction", "svd_deg": 63.1}}
2026-09-12 15:30:20,960 INFO request {"path": "/measure", "payload": {"arena_id": "default", "robot_id": "202601002029", "request_id": "4ab45d1baa61454989e73125a8bde73b", "position": {"x": -1627.9084278071466, "y": 406.96915404606614}, "channel": 2}, "attempt": 1}
2026-09-12 15:30:20,961 INFO response {"request_id": "4ab45d1baa61454989e73125a8bde73b", "http_status": 200, "body": {"accepted": true, "real_timestamp_ms": 1789198217649, "virtual_time_s": 3442.595957, "measure_result": "direction", "svd_deg": 3.12}}
2026-09-12 15:30:20,975 INFO request {"path": "/measure", "payload": {"arena_id": "default", "robot_id": "202601002029", "request_id": "ebd1ed4a60204057b557342c6a27f134", "position": {"x": -1627.9084278071466, "y": 406.96915404606614}, "channel": 5}, "attempt": 1}
2026-09-12 15:30:20,989 INFO response {"request_id": "ebd1ed4a60204057b557342c6a27f134", "http_status": 200, "body": {"accepted": true, "real_timestamp_ms": 1789198217677, "virtual_time_s": 3448.595957, "measure_result": "direction", "svd_deg": 9.07}}
2026-09-12 15:30:20,993 INFO request {"path": "/measure", "payload": {"arena_id": "default", "robot_id": "202601002029", "request_id": "d5727b67776e4ebfa6db780629cd30d4", "position": {"x": -1300.9339142284794, "y": 409.4317802202452}, "channel": 15}, "attempt": 1}
2026-09-12 15:30:21,009 INFO response {"request_id": "d5727b67776e4ebfa6db780629cd30d4", "http_status": 200, "body": {"accepted": true, "real_timestamp_ms": 1789198217696, "virtual_time_s": 3519.992714, "measure_result": "direction", "svd_deg": 78.51}}
2026-09-12 15:30:21,044 INFO request {"path": "/measure", "payload": {"arena_id": "default", "robot_id": "202601002029", "request_id": "6d3b81c1fe2a47d88442f7599332dd4e", "position": {"x": -1300.9339142284794, "y": 409.4317802202452}, "channel": 7}, "attempt": 1}
2026-09-12 15:30:21,057 INFO response {"request_id": "6d3b81c1fe2a47d88442f7599332dd4e", "http_status": 200, "body": {"accepted": true, "real_timestamp_ms": 1789198217744, "virtual_time_s": 3525.992714, "measure_result": "direction", "svd_deg": 18.48}}
2026-09-12 15:30:21,085 INFO request {"path": "/measure", "payload": {"arena_id": "default", "robot_id": "202601002029", "request_id": "402c95f768da44ab9662244d52ca9cae", "position": {"x": -1300.9339142284794, "y": 409.4317802202452}, "channel": 16}, "attempt": 1}
2026-09-12 15:30:21,107 INFO response {"request_id": "402c95f768da44ab9662244d52ca9cae", "http_status": 200, "body": {"accepted": true, "real_timestamp_ms": 1789198217794, "virtual_time_s": 3531.992714, "measure_result": "direction", "svd_deg": 32.59}}
2026-09-12 15:30:21,733 INFO request {"path": "/clear", "payload": {"arena_id": "default", "robot_id": "202601002029", "request_id": "8a83fada508f49c9b41461208a1e6ec9", "position": {"x": -1224.3240784602444, "y": 421.90898907026633}, "channel": 2}, "attempt": 1}
2026-09-12 15:30:21,735 INFO response {"request_id": "8a83fada508f49c9b41461208a1e6ec9", "http_status": 200, "body": {"accepted": true, "real_timestamp_ms": 1789198218422, "virtual_time_s": 3552.516564, "clear_result": "success"}}
2026-09-12 15:30:21,746 INFO request {"path": "/measure", "payload": {"arena_id": "default", "robot_id": "202601002029", "request_id": "62846cb4ffbe449886034260cdd4ae84", "position": {"x": -1224.3240784602444, "y": 421.90898907026633}, "channel": 16}, "attempt": 1}
2026-09-12 15:30:21,747 INFO response {"request_id": "62846cb4ffbe449886034260cdd4ae84", "http_status": 200, "body": {"accepted": true, "real_timestamp_ms": 1789198218434, "virtual_time_s": 3557.516564, "measure_result": "direction", "svd_deg": 33.59}}
2026-09-12 15:30:22,449 INFO request {"path": "/clear", "payload": {"arena_id": "default", "robot_id": "202601002029", "request_id": "de1d11a9b73443c596b7aa93c153dcab", "position": {"x": -1191.8650880872465, "y": 944.7094706520813}, "channel": 15}, "attempt": 1}
2026-09-12 15:30:22,450 INFO response {"request_id": "de1d11a9b73443c596b7aa93c153dcab", "http_status": 200, "body": {"accepted": true, "real_timestamp_ms": 1789198219137, "virtual_time_s": 3667.277994, "clear_result": "success"}}
2026-09-12 15:30:22,464 INFO request {"path": "/measure", "payload": {"arena_id": "default", "robot_id": "202601002029", "request_id": "377db2798d26412c8cafe42ee6b7f0ee", "position": {"x": -1191.8650880872465, "y": 944.7094706520813}, "channel": 16}, "attempt": 1}
2026-09-12 15:30:22,465 INFO response {"request_id": "377db2798d26412c8cafe42ee6b7f0ee", "http_status": 200, "body": {"accepted": true, "real_timestamp_ms": 1789198219152, "virtual_time_s": 3672.277994, "measure_result": "direction", "svd_deg": 3.9}}
2026-09-12 15:30:22,994 INFO request {"path": "/clear", "payload": {"arena_id": "default", "robot_id": "202601002029", "request_id": "d86a6788b8c145b3aa0485beab978207", "position": {"x": -638.6865046469933, "y": 567.3930278190544}, "channel": 5}, "attempt": 1}
2026-09-12 15:30:23,011 INFO response {"request_id": "d86a6788b8c145b3aa0485beab978207", "http_status": 200, "body": {"accepted": true, "real_timestamp_ms": 1789198219698, "virtual_time_s": 3811.1995, "clear_result": "success"}}
2026-09-12 15:30:23,038 INFO request {"path": "/measure", "payload": {"arena_id": "default", "robot_id": "202601002029", "request_id": "e62b313a38e4435bb05d026d237da1f9", "position": {"x": -638.6865046469933, "y": 567.3930278190544}, "channel": 16}, "attempt": 1}
2026-09-12 15:30:23,049 INFO response {"request_id": "e62b313a38e4435bb05d026d237da1f9", "http_status": 200, "body": {"accepted": true, "real_timestamp_ms": 1789198219737, "virtual_time_s": 3816.1995, "measure_result": "direction", "svd_deg": 59.49}}
2026-09-12 15:30:23,063 INFO request {"path": "/clear", "payload": {"arena_id": "default", "robot_id": "202601002029", "request_id": "1dd0b49971b94631a0bf4e64876c21e4", "position": {"x": -465.99670706987456, "y": 688.34130374544}, "channel": 7}, "attempt": 1}
2026-09-12 15:30:23,079 INFO response {"request_id": "1dd0b49971b94631a0bf4e64876c21e4", "http_status": 200, "body": {"accepted": true, "real_timestamp_ms": 1789198219766, "virtual_time_s": 3863.365957, "clear_result": "success"}}
2026-09-12 15:30:23,079 INFO request {"path": "/clear", "payload": {"arena_id": "default", "robot_id": "202601002029", "request_id": "ffcd1fedc70a45c4afdf31bc66c8aad5", "position": {"x": -388.1666433552121, "y": 996.6231898383162}, "channel": 16}, "attempt": 1}
2026-09-12 15:30:23,080 INFO response {"request_id": "ffcd1fedc70a45c4afdf31bc66c8aad5", "http_status": 200, "body": {"accepted": true, "real_timestamp_ms": 1789198219767, "virtual_time_s": 3931.956912, "clear_result": "success"}}
2026-09-12 15:30:23,081 INFO request {"path": "/exit", "payload": {"arena_id": "default", "robot_id": "202601002029", "request_id": "bef5d5413a014357a38f2a88d32fb27f"}, "attempt": 1}
2026-09-12 15:30:23,081 INFO response {"request_id": "bef5d5413a014357a38f2a88d32fb27f", "http_status": 200, "body": {"accepted": true, "real_timestamp_ms": 1789198219769, "virtual_time_s": 3931.956912, "exit_reason": "user_exit"}}
