2026-09-13 12:20:20,127 INFO request {"path": "/enter", "payload": {"arena_id": "default", "robot_id": "202601002029", "request_id": "70fb9bd685f045138787d44bdb6da1c4"}, "attempt": 1}
2026-09-13 12:20:20,133 INFO response {"request_id": "70fb9bd685f045138787d44bdb6da1c4", "http_status": 200, "body": {"accepted": true, "real_timestamp_ms": 1789273216111, "virtual_time_s": 0, "max_virtual_duration_s": 360000, "max_real_duration_s": 1200, "remaining_real_duration_s": 1200}}
2026-09-13 12:20:20,145 INFO request {"path": "/measure", "payload": {"arena_id": "default", "robot_id": "202601002029", "request_id": "c78f1200c02a4014a7ddba5142978e9c", "position": {"x": 0.0, "y": 0.0}, "channel": 1}, "attempt": 1}
2026-09-13 12:20:20,158 INFO response {"request_id": "c78f1200c02a4014a7ddba5142978e9c", "http_status": 200, "body": {"accepted": true, "real_timestamp_ms": 1789273216135, "virtual_time_s": 5, "measure_result": "no_signal"}}
2026-09-13 12:20:20,159 INFO request {"path": "/measure", "payload": {"arena_id": "default", "robot_id": "202601002029", "request_id": "322f78b0d9d64e86b6e185a1f9c2e83d", "position": {"x": 0.0, "y": 0.0}, "channel": 2}, "attempt": 1}
2026-09-13 12:20:20,161 INFO response {"request_id": "322f78b0d9d64e86b6e185a1f9c2e83d", "http_status": 200, "body": {"accepted": true, "real_timestamp_ms": 1789273216138, "virtual_time_s": 11, "measure_result": "no_signal"}}
2026-09-13 12:20:20,163 INFO request {"path": "/measure", "payload": {"arena_id": "default", "robot_id": "202601002029", "request_id": "e67ed0a45bed445db3b281fe2f397581", "position": {"x": 0.0, "y": 0.0}, "channel": 3}, "attempt": 1}
2026-09-13 12:20:20,164 INFO response {"request_id": "e67ed0a45bed445db3b281fe2f397581", "http_status": 200, "body": {"accepted": true, "real_timestamp_ms": 1789273216141, "virtual_time_s": 17, "measure_result": "no_signal"}}
2026-09-13 12:20:20,165 INFO request {"path": "/measure", "payload": {"arena_id": "default", "robot_id": "202601002029", "request_id": "bb2b50cbb40f4653a583c880c26b2209", "position": {"x": 0.0, "y": 0.0}, "channel": 4}, "attempt": 1}
2026-09-13 12:20:20,169 INFO response {"request_id": "bb2b50cbb40f4653a583c880c26b2209", "http_status": 200, "body": {"accepted": true, "real_timestamp_ms": 1789273216146, "virtual_time_s": 23, "measure_result": "direction", "svd_deg": 159.33}}
2026-09-13 12:20:20,195 INFO request {"path": "/measure", "payload": {"arena_id": "default", "robot_id": "202601002029", "request_id": "e56b710095bb42cfa20915c876a0fd16", "position": {"x": 0.0, "y": 0.0}, "channel": 5}, "attempt": 1}
2026-09-13 12:20:20,221 INFO response {"request_id": "e56b710095bb42cfa20915c876a0fd16", "http_status": 200, "body": {"accepted": true, "real_timestamp_ms": 1789273216197, "virtual_time_s": 29, "measure_result": "no_signal"}}
2026-09-13 12:20:20,221 INFO request {"path": "/measure", "payload": {"arena_id": "default", "robot_id": "202601002029", "request_id": "b8fa12e299fb4785953bc5f7a9b6697a", "position": {"x": 0.0, "y": 0.0}, "channel": 6}, "attempt": 1}
2026-09-13 12:20:20,235 INFO response {"request_id": "b8fa12e299fb4785953bc5f7a9b6697a", "http_status": 200, "body": {"accepted": true, "real_timestamp_ms": 1789273216213, "virtual_time_s": 35, "measure_result": "no_signal"}}
2026-09-13 12:20:20,236 INFO request {"path": "/measure", "payload": {"arena_id": "default", "robot_id": "202601002029", "request_id": "77a1d01af18d434a89f79d4cb3ed5643", "position": {"x": 0.0, "y": 0.0}, "channel": 7}, "attempt": 1}
2026-09-13 12:20:20,252 INFO response {"request_id": "77a1d01af18d434a89f79d4cb3ed5643", "http_status": 200, "body": {"accepted": true, "real_timestamp_ms": 1789273216229, "virtual_time_s": 41, "measure_result": "no_signal"}}
2026-09-13 12:20:20,252 INFO request {"path": "/measure", "payload": {"arena_id": "default", "robot_id": "202601002029", "request_id": "c6ccb6e9af034ccb9bb42f6983910a67", "position": {"x": 0.0, "y": 0.0}, "channel": 8}, "attempt": 1}
2026-09-13 12:20:20,267 INFO response {"request_id": "c6ccb6e9af034ccb9bb42f6983910a67", "http_status": 200, "body": {"accepted": true, "real_timestamp_ms": 1789273216244, "virtual_time_s": 47, "measure_result": "direction", "svd_deg": 263.05}}
2026-09-13 12:20:20,290 INFO request {"path": "/measure", "payload": {"arena_id": "default", "robot_id": "202601002029", "request_id": "51ea046902794b8aa41cdbb8a3848570", "position": {"x": 0.0, "y": 0.0}, "channel": 9}, "attempt": 1}
2026-09-13 12:20:20,315 INFO response {"request_id": "51ea046902794b8aa41cdbb8a3848570", "http_status": 200, "body": {"accepted": true, "real_timestamp_ms": 1789273216291, "virtual_time_s": 53, "measure_result": "no_signal"}}
2026-09-13 12:20:20,316 INFO request {"path": "/measure", "payload": {"arena_id": "default", "robot_id": "202601002029", "request_id": "2efc9ca73ef142a3a7a8b7681faaa4c7", "position": {"x": 0.0, "y": 0.0}, "channel": 10}, "attempt": 1}
2026-09-13 12:20:20,330 INFO response {"request_id": "2efc9ca73ef142a3a7a8b7681faaa4c7", "http_status": 200, "body": {"accepted": true, "real_timestamp_ms": 1789273216307, "virtual_time_s": 59, "measure_result": "no_signal"}}
2026-09-13 12:20:20,330 INFO request {"path": "/measure", "payload": {"arena_id": "default", "robot_id": "202601002029", "request_id": "1598d7e0f7214b92bb42df72470e298e", "position": {"x": 0.0, "y": 0.0}, "channel": 11}, "attempt": 1}
2026-09-13 12:20:20,333 INFO response {"request_id": "1598d7e0f7214b92bb42df72470e298e", "http_status": 200, "body": {"accepted": true, "real_timestamp_ms": 1789273216310, "virtual_time_s": 65, "measure_result": "no_signal"}}
2026-09-13 12:20:20,333 INFO request {"path": "/measure", "payload": {"arena_id": "default", "robot_id": "202601002029", "request_id": "aa5df1d2f7874654a0157df329dfd7f9", "position": {"x": 0.0, "y": 0.0}, "channel": 12}, "attempt": 1}
2026-09-13 12:20:20,335 INFO response {"request_id": "aa5df1d2f7874654a0157df329dfd7f9", "http_status": 200, "body": {"accepted": true, "real_timestamp_ms": 1789273216312, "virtual_time_s": 71, "measure_result": "no_signal"}}
2026-09-13 12:20:20,336 INFO request {"path": "/measure", "payload": {"arena_id": "default", "robot_id": "202601002029", "request_id": "8251f93576b847a8a8a3222f691449d5", "position": {"x": 0.0, "y": 0.0}, "channel": 13}, "attempt": 1}
2026-09-13 12:20:20,338 INFO response {"request_id": "8251f93576b847a8a8a3222f691449d5", "http_status": 200, "body": {"accepted": true, "real_timestamp_ms": 1789273216315, "virtual_time_s": 77, "measure_result": "direction", "svd_deg": 74.18}}
2026-09-13 12:20:20,374 INFO request {"path": "/measure", "payload": {"arena_id": "default", "robot_id": "202601002029", "request_id": "8da89618d34b4c4a9d24635c716cbed5", "position": {"x": 0.0, "y": 0.0}, "channel": 14}, "attempt": 1}
2026-09-13 12:20:20,376 INFO response {"request_id": "8da89618d34b4c4a9d24635c716cbed5", "http_status": 200, "body": {"accepted": true, "real_timestamp_ms": 1789273216354, "virtual_time_s": 83, "measure_result": "direction", "svd_deg": 330.99}}
2026-09-13 12:20:20,403 INFO request {"path": "/measure", "payload": {"arena_id": "default", "robot_id": "202601002029", "request_id": "e0dc3022772747d693a5575bded18815", "position": {"x": 0.0, "y": 0.0}, "channel": 15}, "attempt": 1}
2026-09-13 12:20:20,406 INFO response {"request_id": "e0dc3022772747d693a5575bded18815", "http_status": 200, "body": {"accepted": true, "real_timestamp_ms": 1789273216383, "virtual_time_s": 89, "measure_result": "no_signal"}}
2026-09-13 12:20:20,406 INFO request {"path": "/measure", "payload": {"arena_id": "default", "robot_id": "202601002029", "request_id": "6940a7ac69ba448896ee5b01106fc037", "position": {"x": 0.0, "y": 0.0}, "channel": 16}, "attempt": 1}
2026-09-13 12:20:20,407 INFO response {"request_id": "6940a7ac69ba448896ee5b01106fc037", "http_status": 200, "body": {"accepted": true, "real_timestamp_ms": 1789273216384, "virtual_time_s": 95, "measure_result": "direction", "svd_deg": 71.35}}
2026-09-13 12:20:20,420 INFO request {"path": "/measure", "payload": {"arena_id": "default", "robot_id": "202601002029", "request_id": "465f1fdc5e8340d0a5a934aabc8ac8df", "position": {"x": 0.0, "y": 0.0}, "channel": 17}, "attempt": 1}
2026-09-13 12:20:20,423 INFO response {"request_id": "465f1fdc5e8340d0a5a934aabc8ac8df", "http_status": 200, "body": {"accepted": true, "real_timestamp_ms": 1789273216400, "virtual_time_s": 101, "measure_result": "no_signal"}}
2026-09-13 12:20:20,423 INFO request {"path": "/measure", "payload": {"arena_id": "default", "robot_id": "202601002029", "request_id": "8931c8beaaff4b55aff271d29b558765", "position": {"x": 0.0, "y": 0.0}, "channel": 18}, "attempt": 1}
2026-09-13 12:20:20,424 INFO response {"request_id": "8931c8beaaff4b55aff271d29b558765", "http_status": 200, "body": {"accepted": true, "real_timestamp_ms": 1789273216402, "virtual_time_s": 107, "measure_result": "no_signal"}}
2026-09-13 12:20:20,424 INFO request {"path": "/measure", "payload": {"arena_id": "default", "robot_id": "202601002029", "request_id": "ae32b71761034125bacce9b7229cf41a", "position": {"x": 0.0, "y": 0.0}, "channel": 19}, "attempt": 1}
2026-09-13 12:20:20,426 INFO response {"request_id": "ae32b71761034125bacce9b7229cf41a", "http_status": 200, "body": {"accepted": true, "real_timestamp_ms": 1789273216403, "virtual_time_s": 113, "measure_result": "direction", "svd_deg": 209.68}}
2026-09-13 12:20:20,439 INFO request {"path": "/measure", "payload": {"arena_id": "default", "robot_id": "202601002029", "request_id": "b8877331e66348268e2d6a285d999f7c", "position": {"x": 0.0, "y": 0.0}, "channel": 20}, "attempt": 1}
2026-09-13 12:20:20,440 INFO response {"request_id": "b8877331e66348268e2d6a285d999f7c", "http_status": 200, "body": {"accepted": true, "real_timestamp_ms": 1789273216418, "virtual_time_s": 119, "measure_result": "no_signal"}}
2026-09-13 12:20:20,460 INFO request {"path": "/measure", "payload": {"arena_id": "default", "robot_id": "202601002029", "request_id": "2cc0ea5c5eb945d18a862fc027a07892", "position": {"x": -564.9999999999998, "y": 978.6087062764158}, "channel": 20}, "attempt": 1}
2026-09-13 12:20:20,462 INFO response {"request_id": "2cc0ea5c5eb945d18a862fc027a07892", "http_status": 200, "body": {"accepted": true, "real_timestamp_ms": 1789273216439, "virtual_time_s": 350, "measure_result": "no_signal"}}
2026-09-13 12:20:20,462 INFO request {"path": "/measure", "payload": {"arena_id": "default", "robot_id": "202601002029", "request_id": "66202c81659546d68a6cfa04965a9d24", "position": {"x": -564.9999999999998, "y": 978.6087062764158}, "channel": 1}, "attempt": 1}
2026-09-13 12:20:20,485 INFO response {"request_id": "66202c81659546d68a6cfa04965a9d24", "http_status": 200, "body": {"accepted": true, "real_timestamp_ms": 1789273216462, "virtual_time_s": 356, "measure_result": "direction", "svd_deg": 188.66}}
2026-09-13 12:20:20,502 INFO request {"path": "/measure", "payload": {"arena_id": "default", "robot_id": "202601002029", "request_id": "b43147d1c9594809b48c79f9731832ab", "position": {"x": -564.9999999999998, "y": 978.6087062764158}, "channel": 2}, "attempt": 1}
2026-09-13 12:20:20,503 INFO response {"request_id": "b43147d1c9594809b48c79f9731832ab", "http_status": 200, "body": {"accepted": true, "real_timestamp_ms": 1789273216480, "virtual_time_s": 362, "measure_result": "no_signal"}}
2026-09-13 12:20:20,503 INFO request {"path": "/measure", "payload": {"arena_id": "default", "robot_id": "202601002029", "request_id": "f740130c93734864b46563b8ccb03c45", "position": {"x": -564.9999999999998, "y": 978.6087062764158}, "channel": 3}, "attempt": 1}
2026-09-13 12:20:20,504 INFO response {"request_id": "f740130c93734864b46563b8ccb03c45", "http_status": 200, "body": {"accepted": true, "real_timestamp_ms": 1789273216481, "virtual_time_s": 368, "measure_result": "no_signal"}}
2026-09-13 12:20:20,504 INFO request {"path": "/measure", "payload": {"arena_id": "default", "robot_id": "202601002029", "request_id": "1592d4301f634bed8ca617b9e759e19f", "position": {"x": -564.9999999999998, "y": 978.6087062764158}, "channel": 5}, "attempt": 1}
2026-09-13 12:20:20,529 INFO response {"request_id": "1592d4301f634bed8ca617b9e759e19f", "http_status": 200, "body": {"accepted": true, "real_timestamp_ms": 1789273216507, "virtual_time_s": 374, "measure_result": "no_signal"}}
2026-09-13 12:20:20,529 INFO request {"path": "/measure", "payload": {"arena_id": "default", "robot_id": "202601002029", "request_id": "c430ef8c99be485c93161441a344fdcd", "position": {"x": -564.9999999999998, "y": 978.6087062764158}, "channel": 6}, "attempt": 1}
2026-09-13 12:20:20,531 INFO response {"request_id": "c430ef8c99be485c93161441a344fdcd", "http_status": 200, "body": {"accepted": true, "real_timestamp_ms": 1789273216508, "virtual_time_s": 380, "measure_result": "no_signal"}}
2026-09-13 12:20:20,531 INFO request {"path": "/measure", "payload": {"arena_id": "default", "robot_id": "202601002029", "request_id": "12db0aaaa4fb4b34bd6241507477cdc4", "position": {"x": -564.9999999999998, "y": 978.6087062764158}, "channel": 7}, "attempt": 1}
2026-09-13 12:20:20,531 INFO response {"request_id": "12db0aaaa4fb4b34bd6241507477cdc4", "http_status": 200, "body": {"accepted": true, "real_timestamp_ms": 1789273216509, "virtual_time_s": 386, "measure_result": "no_signal"}}
2026-09-13 12:20:20,532 INFO request {"path": "/measure", "payload": {"arena_id": "default", "robot_id": "202601002029", "request_id": "bdb10839cd534ec9822f838cacfc59df", "position": {"x": -564.9999999999998, "y": 978.6087062764158}, "channel": 9}, "attempt": 1}
2026-09-13 12:20:20,533 INFO response {"request_id": "bdb10839cd534ec9822f838cacfc59df", "http_status": 200, "body": {"accepted": true, "real_timestamp_ms": 1789273216510, "virtual_time_s": 392, "measure_result": "no_signal"}}
2026-09-13 12:20:20,533 INFO request {"path": "/measure", "payload": {"arena_id": "default", "robot_id": "202601002029", "request_id": "9f7f5172ec154089b70879d94e8a2816", "position": {"x": -564.9999999999998, "y": 978.6087062764158}, "channel": 10}, "attempt": 1}
2026-09-13 12:20:20,534 INFO response {"request_id": "9f7f5172ec154089b70879d94e8a2816", "http_status": 200, "body": {"accepted": true, "real_timestamp_ms": 1789273216511, "virtual_time_s": 398, "measure_result": "no_signal"}}
2026-09-13 12:20:20,534 INFO request {"path": "/measure", "payload": {"arena_id": "default", "robot_id": "202601002029", "request_id": "1b04156bb1f043b4ab3d1ff4f6a42826", "position": {"x": -564.9999999999998, "y": 978.6087062764158}, "channel": 11}, "attempt": 1}
2026-09-13 12:20:20,535 INFO response {"request_id": "1b04156bb1f043b4ab3d1ff4f6a42826", "http_status": 200, "body": {"accepted": true, "real_timestamp_ms": 1789273216513, "virtual_time_s": 404, "measure_result": "no_signal"}}
2026-09-13 12:20:20,535 INFO request {"path": "/measure", "payload": {"arena_id": "default", "robot_id": "202601002029", "request_id": "df2340d4e4d04ba9b40335396efef839", "position": {"x": -564.9999999999998, "y": 978.6087062764158}, "channel": 12}, "attempt": 1}
2026-09-13 12:20:20,536 INFO response {"request_id": "df2340d4e4d04ba9b40335396efef839", "http_status": 200, "body": {"accepted": true, "real_timestamp_ms": 1789273216514, "virtual_time_s": 410, "measure_result": "no_signal"}}
2026-09-13 12:20:20,536 INFO request {"path": "/measure", "payload": {"arena_id": "default", "robot_id": "202601002029", "request_id": "aa71fbb7b7a64ed7813d882108b46aa5", "position": {"x": -564.9999999999998, "y": 978.6087062764158}, "channel": 15}, "attempt": 1}
2026-09-13 12:20:20,537 INFO response {"request_id": "aa71fbb7b7a64ed7813d882108b46aa5", "http_status": 200, "body": {"accepted": true, "real_timestamp_ms": 1789273216515, "virtual_time_s": 416, "measure_result": "direction", "svd_deg": 109.99}}
2026-09-13 12:20:20,552 INFO request {"path": "/measure", "payload": {"arena_id": "default", "robot_id": "202601002029", "request_id": "edb3bbd3651c45e08f512a5ef39c1450", "position": {"x": -564.9999999999998, "y": 978.6087062764158}, "channel": 17}, "attempt": 1}
2026-09-13 12:20:20,576 INFO response {"request_id": "edb3bbd3651c45e08f512a5ef39c1450", "http_status": 200, "body": {"accepted": true, "real_timestamp_ms": 1789273216554, "virtual_time_s": 422, "measure_result": "no_signal"}}
2026-09-13 12:20:20,576 INFO request {"path": "/measure", "payload": {"arena_id": "default", "robot_id": "202601002029", "request_id": "15125dd5680c4b1e8204570b252e536d", "position": {"x": -564.9999999999998, "y": 978.6087062764158}, "channel": 18}, "attempt": 1}
2026-09-13 12:20:20,591 INFO response {"request_id": "15125dd5680c4b1e8204570b252e536d", "http_status": 200, "body": {"accepted": true, "real_timestamp_ms": 1789273216569, "virtual_time_s": 428, "measure_result": "direction", "svd_deg": 51.76}}
2026-09-13 12:20:20,754 INFO request {"path": "/measure", "payload": {"arena_id": "default", "robot_id": "202601002029", "request_id": "c4d320d6ebf04e3bb068b491c722ba33", "position": {"x": -564.9999999999998, "y": 978.6087062764158}, "channel": 4}, "attempt": 1}
2026-09-13 12:20:20,756 INFO response {"request_id": "c4d320d6ebf04e3bb068b491c722ba33", "http_status": 200, "body": {"accepted": true, "real_timestamp_ms": 1789273216733, "virtual_time_s": 434, "measure_result": "direction", "svd_deg": 230.02}}
2026-09-13 12:20:20,871 INFO request {"path": "/measure", "payload": {"arena_id": "default", "robot_id": "202601002029", "request_id": "6f26f26d14b845d69fc2146b1703b711", "position": {"x": -564.9999999999998, "y": 978.6087062764158}, "channel": 13}, "attempt": 1}
2026-09-13 12:20:20,873 INFO response {"request_id": "6f26f26d14b845d69fc2146b1703b711", "http_status": 200, "body": {"accepted": true, "real_timestamp_ms": 1789273216850, "virtual_time_s": 440, "measure_result": "direction", "svd_deg": 4.36}}
2026-09-13 12:20:20,998 INFO request {"path": "/measure", "payload": {"arena_id": "default", "robot_id": "202601002029", "request_id": "217c955ba198439bba321ddcd505e1c4", "position": {"x": -1130.0, "y": 1.3838508830365092e-13}, "channel": 2}, "attempt": 1}
2026-09-13 12:20:21,017 INFO response {"request_id": "217c955ba198439bba321ddcd505e1c4", "http_status": 200, "body": {"accepted": true, "real_timestamp_ms": 1789273216995, "virtual_time_s": 672, "measure_result": "direction", "svd_deg": 227.36}}
2026-09-13 12:20:21,052 INFO request {"path": "/measure", "payload": {"arena_id": "default", "robot_id": "202601002029", "request_id": "406b2e28d74a4e66944b76208d004ff5", "position": {"x": -1130.0, "y": 1.3838508830365092e-13}, "channel": 3}, "attempt": 1}
2026-09-13 12:20:21,078 INFO response {"request_id": "406b2e28d74a4e66944b76208d004ff5", "http_status": 200, "body": {"accepted": true, "real_timestamp_ms": 1789273217054, "virtual_time_s": 678, "measure_result": "no_signal"}}
2026-09-13 12:20:21,078 INFO request {"path": "/measure", "payload": {"arena_id": "default", "robot_id": "202601002029", "request_id": "b13f50a4c6ac419bb36c88c8dbb41ada", "position": {"x": -1130.0, "y": 1.3838508830365092e-13}, "channel": 5}, "attempt": 1}
2026-09-13 12:20:21,080 INFO response {"request_id": "b13f50a4c6ac419bb36c88c8dbb41ada", "http_status": 200, "body": {"accepted": true, "real_timestamp_ms": 1789273217057, "virtual_time_s": 684, "measure_result": "no_signal"}}
2026-09-13 12:20:21,081 INFO request {"path": "/measure", "payload": {"arena_id": "default", "robot_id": "202601002029", "request_id": "0095ee1ee48247428a450d286b2a68e6", "position": {"x": -1130.0, "y": 1.3838508830365092e-13}, "channel": 6}, "attempt": 1}
2026-09-13 12:20:21,082 INFO response {"request_id": "0095ee1ee48247428a450d286b2a68e6", "http_status": 200, "body": {"accepted": true, "real_timestamp_ms": 1789273217060, "virtual_time_s": 690, "measure_result": "no_signal"}}
2026-09-13 12:20:21,083 INFO request {"path": "/measure", "payload": {"arena_id": "default", "robot_id": "202601002029", "request_id": "5752fde9974e4b7d8162c8412e89937c", "position": {"x": -1130.0, "y": 1.3838508830365092e-13}, "channel": 7}, "attempt": 1}
2026-09-13 12:20:21,085 INFO response {"request_id": "5752fde9974e4b7d8162c8412e89937c", "http_status": 200, "body": {"accepted": true, "real_timestamp_ms": 1789273217062, "virtual_time_s": 696, "measure_result": "no_signal"}}
2026-09-13 12:20:21,086 INFO request {"path": "/measure", "payload": {"arena_id": "default", "robot_id": "202601002029", "request_id": "ab7545b3bcc94a1db826fb965cbbe458", "position": {"x": -1130.0, "y": 1.3838508830365092e-13}, "channel": 9}, "attempt": 1}
2026-09-13 12:20:21,088 INFO response {"request_id": "ab7545b3bcc94a1db826fb965cbbe458", "http_status": 200, "body": {"accepted": true, "real_timestamp_ms": 1789273217065, "virtual_time_s": 702, "measure_result": "no_signal"}}
2026-09-13 12:20:21,088 INFO request {"path": "/measure", "payload": {"arena_id": "default", "robot_id": "202601002029", "request_id": "93c9fefd934f402883982b8951a66146", "position": {"x": -1130.0, "y": 1.3838508830365092e-13}, "channel": 10}, "attempt": 1}
2026-09-13 12:20:21,090 INFO response {"request_id": "93c9fefd934f402883982b8951a66146", "http_status": 200, "body": {"accepted": true, "real_timestamp_ms": 1789273217067, "virtual_time_s": 708, "measure_result": "no_signal"}}
2026-09-13 12:20:21,090 INFO request {"path": "/measure", "payload": {"arena_id": "default", "robot_id": "202601002029", "request_id": "8d18886c792e484d803ce8e4fa44cd26", "position": {"x": -1130.0, "y": 1.3838508830365092e-13}, "channel": 11}, "attempt": 1}
2026-09-13 12:20:21,092 INFO response {"request_id": "8d18886c792e484d803ce8e4fa44cd26", "http_status": 200, "body": {"accepted": true, "real_timestamp_ms": 1789273217070, "virtual_time_s": 714, "measure_result": "no_signal"}}
2026-09-13 12:20:21,093 INFO request {"path": "/measure", "payload": {"arena_id": "default", "robot_id": "202601002029", "request_id": "1070d84501b34a11bd2d4521ba34e055", "position": {"x": -1130.0, "y": 1.3838508830365092e-13}, "channel": 12}, "attempt": 1}
2026-09-13 12:20:21,095 INFO response {"request_id": "1070d84501b34a11bd2d4521ba34e055", "http_status": 200, "body": {"accepted": true, "real_timestamp_ms": 1789273217072, "virtual_time_s": 720, "measure_result": "direction", "svd_deg": 267.56}}
2026-09-13 12:20:21,120 INFO request {"path": "/measure", "payload": {"arena_id": "default", "robot_id": "202601002029", "request_id": "24349cdc6a2f4552aabdf23471fab349", "position": {"x": -1130.0, "y": 1.3838508830365092e-13}, "channel": 17}, "attempt": 1}
2026-09-13 12:20:21,122 INFO response {"request_id": "24349cdc6a2f4552aabdf23471fab349", "http_status": 200, "body": {"accepted": true, "real_timestamp_ms": 1789273217100, "virtual_time_s": 726, "measure_result": "direction", "svd_deg": 272.68}}
2026-09-13 12:20:21,138 INFO request {"path": "/measure", "payload": {"arena_id": "default", "robot_id": "202601002029", "request_id": "bf2e71faeb6b4ebba240766c670d150b", "position": {"x": -1130.0, "y": 1.3838508830365092e-13}, "channel": 20}, "attempt": 1}
2026-09-13 12:20:21,153 INFO response {"request_id": "bf2e71faeb6b4ebba240766c670d150b", "http_status": 200, "body": {"accepted": true, "real_timestamp_ms": 1789273217131, "virtual_time_s": 732, "measure_result": "no_signal"}}
2026-09-13 12:20:21,310 INFO request {"path": "/measure", "payload": {"arena_id": "default", "robot_id": "202601002029", "request_id": "e2eed859345c44f8a069efd62098057e", "position": {"x": -1130.0, "y": 1.3838508830365092e-13}, "channel": 4}, "attempt": 1}
2026-09-13 12:20:21,312 INFO response {"request_id": "e2eed859345c44f8a069efd62098057e", "http_status": 200, "body": {"accepted": true, "real_timestamp_ms": 1789273217289, "virtual_time_s": 738, "measure_result": "direction", "svd_deg": 78.84}}
2026-09-13 12:20:21,441 INFO request {"path": "/measure", "payload": {"arena_id": "default", "robot_id": "202601002029", "request_id": "3cd354f99b5b481bab3189b658a7ed99", "position": {"x": -1130.0, "y": 1.3838508830365092e-13}, "channel": 19}, "attempt": 1}
2026-09-13 12:20:21,442 INFO response {"request_id": "3cd354f99b5b481bab3189b658a7ed99", "http_status": 200, "body": {"accepted": true, "real_timestamp_ms": 1789273217420, "virtual_time_s": 744, "measure_result": "direction", "svd_deg": 283.0}}
2026-09-13 12:20:21,527 INFO request {"path": "/measure", "payload": {"arena_id": "default", "robot_id": "202601002029", "request_id": "c4c5580905854527bd1f2f9f5c7c7356", "position": {"x": -565.0000000000005, "y": -978.6087062764154}, "channel": 3}, "attempt": 1}
2026-09-13 12:20:21,529 INFO response {"request_id": "c4c5580905854527bd1f2f9f5c7c7356", "http_status": 200, "body": {"accepted": true, "real_timestamp_ms": 1789273217506, "virtual_time_s": 976, "measure_result": "no_signal"}}
2026-09-13 12:20:21,529 INFO request {"path": "/measure", "payload": {"arena_id": "default", "robot_id": "202601002029", "request_id": "ba7d2a4632da477cb3ff08d3368beec8", "position": {"x": -565.0000000000005, "y": -978.6087062764154}, "channel": 5}, "attempt": 1}
2026-09-13 12:20:21,529 INFO response {"request_id": "ba7d2a4632da477cb3ff08d3368beec8", "http_status": 200, "body": {"accepted": true, "real_timestamp_ms": 1789273217507, "virtual_time_s": 982, "measure_result": "no_signal"}}
2026-09-13 12:20:21,530 INFO request {"path": "/measure", "payload": {"arena_id": "default", "robot_id": "202601002029", "request_id": "dabf21fe270840eab05235b21e9b1773", "position": {"x": -565.0000000000005, "y": -978.6087062764154}, "channel": 6}, "attempt": 1}
2026-09-13 12:20:21,531 INFO response {"request_id": "dabf21fe270840eab05235b21e9b1773", "http_status": 200, "body": {"accepted": true, "real_timestamp_ms": 1789273217508, "virtual_time_s": 988, "measure_result": "no_signal"}}
2026-09-13 12:20:21,531 INFO request {"path": "/measure", "payload": {"arena_id": "default", "robot_id": "202601002029", "request_id": "85c64d5fef194c8ea5afc033597bcdd4", "position": {"x": -565.0000000000005, "y": -978.6087062764154}, "channel": 7}, "attempt": 1}
2026-09-13 12:20:21,532 INFO response {"request_id": "85c64d5fef194c8ea5afc033597bcdd4", "http_status": 200, "body": {"accepted": true, "real_timestamp_ms": 1789273217509, "virtual_time_s": 994, "measure_result": "no_signal"}}
2026-09-13 12:20:21,532 INFO request {"path": "/measure", "payload": {"arena_id": "default", "robot_id": "202601002029", "request_id": "7f102b4bf8ba4c9dbaa9d0c2a85b399c", "position": {"x": -565.0000000000005, "y": -978.6087062764154}, "channel": 9}, "attempt": 1}
2026-09-13 12:20:21,546 INFO response {"request_id": "7f102b4bf8ba4c9dbaa9d0c2a85b399c", "http_status": 200, "body": {"accepted": true, "real_timestamp_ms": 1789273217523, "virtual_time_s": 1000, "measure_result": "no_signal"}}
2026-09-13 12:20:21,546 INFO request {"path": "/measure", "payload": {"arena_id": "default", "robot_id": "202601002029", "request_id": "7a04340c7d0f403699c2f22a036fcdf6", "position": {"x": -565.0000000000005, "y": -978.6087062764154}, "channel": 10}, "attempt": 1}
2026-09-13 12:20:21,563 INFO response {"request_id": "7a04340c7d0f403699c2f22a036fcdf6", "http_status": 200, "body": {"accepted": true, "real_timestamp_ms": 1789273217539, "virtual_time_s": 1006, "measure_result": "no_signal"}}
2026-09-13 12:20:21,564 INFO request {"path": "/measure", "payload": {"arena_id": "default", "robot_id": "202601002029", "request_id": "3152cb9d4e6844fd8d586b4038d9f302", "position": {"x": -565.0000000000005, "y": -978.6087062764154}, "channel": 11}, "attempt": 1}
2026-09-13 12:20:21,566 INFO response {"request_id": "3152cb9d4e6844fd8d586b4038d9f302", "http_status": 200, "body": {"accepted": true, "real_timestamp_ms": 1789273217544, "virtual_time_s": 1012, "measure_result": "no_signal"}}
2026-09-13 12:20:21,567 INFO request {"path": "/measure", "payload": {"arena_id": "default", "robot_id": "202601002029", "request_id": "5e7458475b1e44afb9a9078c1d55048b", "position": {"x": -565.0000000000005, "y": -978.6087062764154}, "channel": 20}, "attempt": 1}
2026-09-13 12:20:21,571 INFO response {"request_id": "5e7458475b1e44afb9a9078c1d55048b", "http_status": 200, "body": {"accepted": true, "real_timestamp_ms": 1789273217547, "virtual_time_s": 1018, "measure_result": "no_signal"}}
2026-09-13 12:20:21,854 INFO request {"path": "/measure", "payload": {"arena_id": "default", "robot_id": "202601002029", "request_id": "d904a7033cda49a8b4b44351c56585c4", "position": {"x": -565.0000000000005, "y": -978.6087062764154}, "channel": 8}, "attempt": 1}
2026-09-13 12:20:21,856 INFO response {"request_id": "d904a7033cda49a8b4b44351c56585c4", "http_status": 200, "body": {"accepted": true, "real_timestamp_ms": 1789273217833, "virtual_time_s": 1024, "measure_result": "direction", "svd_deg": 4.34}}
2026-09-13 12:20:22,064 INFO request {"path": "/measure", "payload": {"arena_id": "default", "robot_id": "202601002029", "request_id": "042ec05fb21a46c0a9b5e699d90b8eec", "position": {"x": -565.0000000000005, "y": -978.6087062764154}, "channel": 2}, "attempt": 1}
2026-09-13 12:20:22,065 INFO response {"request_id": "042ec05fb21a46c0a9b5e699d90b8eec", "http_status": 200, "body": {"accepted": true, "real_timestamp_ms": 1789273218043, "virtual_time_s": 1030, "measure_result": "direction", "svd_deg": 152.55}}
2026-09-13 12:20:22,303 INFO request {"path": "/measure", "payload": {"arena_id": "default", "robot_id": "202601002029", "request_id": "8835e805d96d4cb0a3db21ade5b6b679", "position": {"x": 565.0000000000001, "y": -978.6087062764157}, "channel": 3}, "attempt": 1}
2026-09-13 12:20:22,304 INFO response {"request_id": "8835e805d96d4cb0a3db21ade5b6b679", "http_status": 200, "body": {"accepted": true, "real_timestamp_ms": 1789273218282, "virtual_time_s": 1262, "measure_result": "no_signal"}}
2026-09-13 12:20:22,305 INFO request {"path": "/measure", "payload": {"arena_id": "default", "robot_id": "202601002029", "request_id": "155ebc61d7514517811e735a463829ab", "position": {"x": 565.0000000000001, "y": -978.6087062764157}, "channel": 5}, "attempt": 1}
2026-09-13 12:20:22,324 INFO response {"request_id": "155ebc61d7514517811e735a463829ab", "http_status": 200, "body": {"accepted": true, "real_timestamp_ms": 1789273218302, "virtual_time_s": 1268, "measure_result": "direction", "svd_deg": 277.16}}
2026-09-13 12:20:22,338 INFO request {"path": "/measure", "payload": {"arena_id": "default", "robot_id": "202601002029", "request_id": "e1b7e7d985f9438b972100032d70e5fb", "position": {"x": 565.0000000000001, "y": -978.6087062764157}, "channel": 6}, "attempt": 1}
2026-09-13 12:20:22,338 INFO response {"request_id": "e1b7e7d985f9438b972100032d70e5fb", "http_status": 200, "body": {"accepted": true, "real_timestamp_ms": 1789273218316, "virtual_time_s": 1274, "measure_result": "no_signal"}}
2026-09-13 12:20:22,339 INFO request {"path": "/measure", "payload": {"arena_id": "default", "robot_id": "202601002029", "request_id": "05f087e126764fa2be5b5df526beb99a", "position": {"x": 565.0000000000001, "y": -978.6087062764157}, "channel": 7}, "attempt": 1}
2026-09-13 12:20:22,340 INFO response {"request_id": "05f087e126764fa2be5b5df526beb99a", "http_status": 200, "body": {"accepted": true, "real_timestamp_ms": 1789273218318, "virtual_time_s": 1280, "measure_result": "no_signal"}}
2026-09-13 12:20:22,340 INFO request {"path": "/measure", "payload": {"arena_id": "default", "robot_id": "202601002029", "request_id": "415ce151c92643918cc3e123977b69b9", "position": {"x": 565.0000000000001, "y": -978.6087062764157}, "channel": 9}, "attempt": 1}
2026-09-13 12:20:22,341 INFO response {"request_id": "415ce151c92643918cc3e123977b69b9", "http_status": 200, "body": {"accepted": true, "real_timestamp_ms": 1789273218319, "virtual_time_s": 1286, "measure_result": "no_signal"}}
2026-09-13 12:20:22,341 INFO request {"path": "/measure", "payload": {"arena_id": "default", "robot_id": "202601002029", "request_id": "9127f87a02734d3ca7e8d88df8da8e4b", "position": {"x": 565.0000000000001, "y": -978.6087062764157}, "channel": 10}, "attempt": 1}
2026-09-13 12:20:22,356 INFO response {"request_id": "9127f87a02734d3ca7e8d88df8da8e4b", "http_status": 200, "body": {"accepted": true, "real_timestamp_ms": 1789273218333, "virtual_time_s": 1292, "measure_result": "no_signal"}}
2026-09-13 12:20:22,356 INFO request {"path": "/measure", "payload": {"arena_id": "default", "robot_id": "202601002029", "request_id": "22b209af33d24cb1b69fd013574d7b30", "position": {"x": 565.0000000000001, "y": -978.6087062764157}, "channel": 11}, "attempt": 1}
2026-09-13 12:20:22,357 INFO response {"request_id": "22b209af33d24cb1b69fd013574d7b30", "http_status": 200, "body": {"accepted": true, "real_timestamp_ms": 1789273218335, "virtual_time_s": 1298, "measure_result": "no_signal"}}
2026-09-13 12:20:22,357 INFO request {"path": "/measure", "payload": {"arena_id": "default", "robot_id": "202601002029", "request_id": "5a232b2fc08a44438680646b814fdb78", "position": {"x": 565.0000000000001, "y": -978.6087062764157}, "channel": 20}, "attempt": 1}
2026-09-13 12:20:22,358 INFO response {"request_id": "5a232b2fc08a44438680646b814fdb78", "http_status": 200, "body": {"accepted": true, "real_timestamp_ms": 1789273218336, "virtual_time_s": 1304, "measure_result": "direction", "svd_deg": 34.35}}
2026-09-13 12:20:22,470 INFO request {"path": "/measure", "payload": {"arena_id": "default", "robot_id": "202601002029", "request_id": "df3b8120f5794705bda2229332fd29fb", "position": {"x": 565.0000000000001, "y": -978.6087062764157}, "channel": 14}, "attempt": 1}
2026-09-13 12:20:22,483 INFO response {"request_id": "df3b8120f5794705bda2229332fd29fb", "http_status": 200, "body": {"accepted": true, "real_timestamp_ms": 1789273218459, "virtual_time_s": 1310, "measure_result": "direction", "svd_deg": 64.82}}
2026-09-13 12:20:22,580 INFO request {"path": "/clear", "payload": {"arena_id": "default", "robot_id": "202601002029", "request_id": "f8a7e9692c2f40ddbc71308665934813", "position": {"x": 812.7557294895682, "y": -450.9285397886654}, "channel": 14}, "attempt": 1}
2026-09-13 12:20:22,582 INFO response {"request_id": "f8a7e9692c2f40ddbc71308665934813", "http_status": 200, "body": {"accepted": true, "real_timestamp_ms": 1789273218559, "virtual_time_s": 1431.589752, "clear_result": "success"}}
2026-09-13 12:20:22,647 INFO request {"path": "/measure", "payload": {"arena_id": "default", "robot_id": "202601002029", "request_id": "bd8cd56cd40d4b7ebd81dbc98d6c61aa", "position": {"x": 1130.0, "y": 0.0}, "channel": 3}, "attempt": 1}
2026-09-13 12:20:22,648 INFO response {"request_id": "bd8cd56cd40d4b7ebd81dbc98d6c61aa", "http_status": 200, "body": {"accepted": true, "real_timestamp_ms": 1789273218626, "virtual_time_s": 1547.858601, "measure_result": "no_signal"}}
2026-09-13 12:20:22,649 INFO request {"path": "/measure", "payload": {"arena_id": "default", "robot_id": "202601002029", "request_id": "4d402afde74a4605a85c7c343ce9b15c", "position": {"x": 1130.0, "y": 0.0}, "channel": 6}, "attempt": 1}
2026-09-13 12:20:22,649 INFO response {"request_id": "4d402afde74a4605a85c7c343ce9b15c", "http_status": 200, "body": {"accepted": true, "real_timestamp_ms": 1789273218627, "virtual_time_s": 1553.858601, "measure_result": "direction", "svd_deg": 78.98}}
2026-09-13 12:20:22,662 INFO request {"path": "/measure", "payload": {"arena_id": "default", "robot_id": "202601002029", "request_id": "1339ec9086054f3295095f07364414b4", "position": {"x": 1130.0, "y": 0.0}, "channel": 7}, "attempt": 1}
2026-09-13 12:20:22,663 INFO response {"request_id": "1339ec9086054f3295095f07364414b4", "http_status": 200, "body": {"accepted": true, "real_timestamp_ms": 1789273218641, "virtual_time_s": 1559.858601, "measure_result": "no_signal"}}
2026-09-13 12:20:22,664 INFO request {"path": "/measure", "payload": {"arena_id": "default", "robot_id": "202601002029", "request_id": "7f9e5682552148a19de7d569c2bb1caf", "position": {"x": 1130.0, "y": 0.0}, "channel": 9}, "attempt": 1}
2026-09-13 12:20:22,664 INFO response {"request_id": "7f9e5682552148a19de7d569c2bb1caf", "http_status": 200, "body": {"accepted": true, "real_timestamp_ms": 1789273218641, "virtual_time_s": 1565.858601, "measure_result": "no_signal"}}
2026-09-13 12:20:22,664 INFO request {"path": "/measure", "payload": {"arena_id": "default", "robot_id": "202601002029", "request_id": "33707e9e4dee4b91908c05fd80963c40", "position": {"x": 1130.0, "y": 0.0}, "channel": 10}, "attempt": 1}
2026-09-13 12:20:22,684 INFO response {"request_id": "33707e9e4dee4b91908c05fd80963c40", "http_status": 200, "body": {"accepted": true, "real_timestamp_ms": 1789273218661, "virtual_time_s": 1571.858601, "measure_result": "no_signal"}}
2026-09-13 12:20:22,684 INFO request {"path": "/measure", "payload": {"arena_id": "default", "robot_id": "202601002029", "request_id": "81942383a10b41618d5cf360e8fe9798", "position": {"x": 1130.0, "y": 0.0}, "channel": 11}, "attempt": 1}
2026-09-13 12:20:22,685 INFO response {"request_id": "81942383a10b41618d5cf360e8fe9798", "http_status": 200, "body": {"accepted": true, "real_timestamp_ms": 1789273218663, "virtual_time_s": 1577.858601, "measure_result": "no_signal"}}
2026-09-13 12:20:22,744 INFO request {"path": "/measure", "payload": {"arena_id": "default", "robot_id": "202601002029", "request_id": "523978f4772442f99de1a66c85326e4b", "position": {"x": 1130.0, "y": 0.0}, "channel": 20}, "attempt": 1}
2026-09-13 12:20:22,760 INFO response {"request_id": "523978f4772442f99de1a66c85326e4b", "http_status": 200, "body": {"accepted": true, "real_timestamp_ms": 1789273218738, "virtual_time_s": 1583.858601, "measure_result": "direction", "svd_deg": 285.31}}
2026-09-13 12:20:22,779 INFO request {"path": "/measure", "payload": {"arena_id": "default", "robot_id": "202601002029", "request_id": "b3c563e467854060b162960d4f91b589", "position": {"x": 565.0000000000001, "y": 978.6087062764157}, "channel": 3}, "attempt": 1}
2026-09-13 12:20:22,781 INFO response {"request_id": "b3c563e467854060b162960d4f91b589", "http_status": 200, "body": {"accepted": true, "real_timestamp_ms": 1789273218758, "virtual_time_s": 1815.858601, "measure_result": "no_signal"}}
2026-09-13 12:20:22,781 INFO request {"path": "/measure", "payload": {"arena_id": "default", "robot_id": "202601002029", "request_id": "38e0f1df1ff74c85beacf0ad9f7202b9", "position": {"x": 565.0000000000001, "y": 978.6087062764157}, "channel": 7}, "attempt": 1}
2026-09-13 12:20:22,782 INFO response {"request_id": "38e0f1df1ff74c85beacf0ad9f7202b9", "http_status": 200, "body": {"accepted": true, "real_timestamp_ms": 1789273218760, "virtual_time_s": 1821.858601, "measure_result": "no_signal"}}
2026-09-13 12:20:22,782 INFO request {"path": "/measure", "payload": {"arena_id": "default", "robot_id": "202601002029", "request_id": "4c9e36e165fa48bf94f3c081fb19fc5d", "position": {"x": 565.0000000000001, "y": 978.6087062764157}, "channel": 9}, "attempt": 1}
2026-09-13 12:20:22,807 INFO response {"request_id": "4c9e36e165fa48bf94f3c081fb19fc5d", "http_status": 200, "body": {"accepted": true, "real_timestamp_ms": 1789273218784, "virtual_time_s": 1827.858601, "measure_result": "direction", "svd_deg": 186.45}}
2026-09-13 12:20:33,815 INFO request {"path": "/measure", "payload": {"arena_id": "default", "robot_id": "202601002029", "request_id": "39a25cc499284efa8d5606c6e0a09522", "position": {"x": 897.7623176460127, "y": -651.2038530235634}, "channel": 20}, "attempt": 1}
2026-09-13 12:20:33,817 INFO response {"request_id": "39a25cc499284efa8d5606c6e0a09522", "http_status": 200, "body": {"accepted": true, "real_timestamp_ms": 1789273229794, "virtual_time_s": 2166.545826, "measure_result": "direction", "svd_deg": 21.94}}
2026-09-13 12:20:33,905 INFO request {"path": "/clear", "payload": {"arena_id": "default", "robot_id": "202601002029", "request_id": "2cbb79ef86204cb69d254083372e52da", "position": {"x": 1267.3223056995935, "y": -502.1545477225733}, "channel": 20}, "attempt": 1}
2026-09-13 12:20:33,931 INFO response {"request_id": "2cbb79ef86204cb69d254083372e52da", "http_status": 200, "body": {"accepted": true, "real_timestamp_ms": 1789273229909, "virtual_time_s": 2251.242822, "clear_result": "success"}}
2026-09-13 12:20:33,958 INFO request {"path": "/measure", "payload": {"arena_id": "default", "robot_id": "202601002029", "request_id": "9965273b2f2a427790a604992bad8a82", "position": {"x": 1694.8106398130176, "y": 870.015427235172}, "channel": 6}, "attempt": 1}
2026-09-13 12:20:33,960 INFO response {"request_id": "9965273b2f2a427790a604992bad8a82", "http_status": 200, "body": {"accepted": true, "real_timestamp_ms": 1789273229937, "virtual_time_s": 2544.686501, "measure_result": "direction", "svd_deg": 162.18}}
2026-09-13 12:20:34,008 INFO request {"path": "/clear", "payload": {"arena_id": "default", "robot_id": "202601002029", "request_id": "655922a789c441019555ff60b7b9fbd5", "position": {"x": 1322.6339563722443, "y": 989.9915919866395}, "channel": 6}, "attempt": 1}
2026-09-13 12:20:34,010 INFO response {"request_id": "655922a789c441019555ff60b7b9fbd5", "http_status": 200, "body": {"accepted": true, "real_timestamp_ms": 1789273229988, "virtual_time_s": 2627.893857, "clear_result": "success"}}
2026-09-13 12:20:34,189 INFO request {"path": "/measure", "payload": {"arena_id": "default", "robot_id": "202601002029", "request_id": "9fc3b43d4da64033acc6bcfc9581c9b7", "position": {"x": 1322.6339563722443, "y": 989.9915919866395}, "channel": 13}, "attempt": 1}
2026-09-13 12:20:34,191 INFO response {"request_id": "9fc3b43d4da64033acc6bcfc9581c9b7", "http_status": 200, "body": {"accepted": true, "real_timestamp_ms": 1789273230168, "virtual_time_s": 2633.893857, "measure_result": "direction", "svd_deg": 178.0}}
2026-09-13 12:20:34,275 INFO request {"path": "/measure", "payload": {"arena_id": "default", "robot_id": "202601002029", "request_id": "364ca6f146a64c23b18f067bb2931860", "position": {"x": 1322.6339563722443, "y": 989.9915919866395}, "channel": 16}, "attempt": 1}
2026-09-13 12:20:34,294 INFO response {"request_id": "364ca6f146a64c23b18f067bb2931860", "http_status": 200, "body": {"accepted": true, "real_timestamp_ms": 1789273230271, "virtual_time_s": 2639.893857, "measure_result": "direction", "svd_deg": 201.46}}
2026-09-13 12:20:35,800 INFO request {"path": "/measure", "payload": {"arena_id": "default", "robot_id": "202601002029", "request_id": "942c2818a4134d659b037c195a545c1b", "position": {"x": 772.3864476910583, "y": 687.0482882960068}, "channel": 9}, "attempt": 1}
2026-09-13 12:20:35,825 INFO response {"request_id": "942c2818a4134d659b037c195a545c1b", "http_status": 200, "body": {"accepted": true, "real_timestamp_ms": 1789273231803, "virtual_time_s": 2771.519804, "measure_result": "direction", "svd_deg": 135.49}}
2026-09-13 12:20:36,060 INFO request {"path": "/measure", "payload": {"arena_id": "default", "robot_id": "202601002029", "request_id": "583654f024b348dfa7a99c0a53453854", "position": {"x": 772.3864476910583, "y": 687.0482882960068}, "channel": 13}, "attempt": 1}
2026-09-13 12:20:36,078 INFO response {"request_id": "583654f024b348dfa7a99c0a53453854", "http_status": 200, "body": {"accepted": true, "real_timestamp_ms": 1789273232055, "virtual_time_s": 2777.519804, "measure_result": "direction", "svd_deg": 144.36}}
2026-09-13 12:20:36,221 INFO request {"path": "/measure", "payload": {"arena_id": "default", "robot_id": "202601002029", "request_id": "04bd49b87334466a8b653379cd5cb8f4", "position": {"x": 772.3864476910583, "y": 687.0482882960068}, "channel": 16}, "attempt": 1}
2026-09-13 12:20:36,222 INFO response {"request_id": "04bd49b87334466a8b653379cd5cb8f4", "http_status": 200, "body": {"accepted": true, "real_timestamp_ms": 1789273232200, "virtual_time_s": 2783.519804, "measure_result": "direction", "svd_deg": 194.67}}
2026-09-13 12:20:36,889 INFO request {"path": "/measure", "payload": {"arena_id": "default", "robot_id": "202601002029", "request_id": "9136888a63364603837cf8b0a1fa1e0f", "position": {"x": 580.8927276882515, "y": 532.310404445454}, "channel": 16}, "attempt": 1}
2026-09-13 12:20:36,890 INFO response {"request_id": "9136888a63364603837cf8b0a1fa1e0f", "http_status": 200, "body": {"accepted": true, "real_timestamp_ms": 1789273232867, "virtual_time_s": 2837.759486, "measure_result": "direction", "svd_deg": 178.66}}
2026-09-13 12:20:36,932 INFO request {"path": "/clear", "payload": {"arena_id": "default", "robot_id": "202601002029", "request_id": "ef98275d6fb74235b7f68a1dffd37430", "position": {"x": 182.67099559720657, "y": 540.706233817478}, "channel": 16}, "attempt": 1}
2026-09-13 12:20:36,951 INFO response {"request_id": "ef98275d6fb74235b7f68a1dffd37430", "http_status": 200, "body": {"accepted": true, "real_timestamp_ms": 1789273232928, "virtual_time_s": 2922.421532, "clear_result": "success"}}
2026-09-13 12:20:37,078 INFO request {"path": "/measure", "payload": {"arena_id": "default", "robot_id": "202601002029", "request_id": "089082063e534fd0b588bf561a69fe12", "position": {"x": 182.67099559720657, "y": 540.706233817478}, "channel": 18}, "attempt": 1}
2026-09-13 12:20:37,093 INFO response {"request_id": "089082063e534fd0b588bf561a69fe12", "http_status": 200, "body": {"accepted": true, "real_timestamp_ms": 1789273233070, "virtual_time_s": 2928.421532, "measure_result": "direction", "svd_deg": 113.63}}
2026-09-13 12:20:37,964 INFO request {"path": "/measure", "payload": {"arena_id": "default", "robot_id": "202601002029", "request_id": "f341d1285bd747bda2cc7f2dfe10a1c2", "position": {"x": -463.474102102747, "y": 513.169058621939}, "channel": 4}, "attempt": 1}
2026-09-13 12:20:37,987 INFO response {"request_id": "f341d1285bd747bda2cc7f2dfe10a1c2", "http_status": 200, "body": {"accepted": true, "real_timestamp_ms": 1789273233964, "virtual_time_s": 3063.767855, "measure_result": "direction", "svd_deg": 189.63}}
2026-09-13 12:20:38,046 INFO request {"path": "/measure", "payload": {"arena_id": "default", "robot_id": "202601002029", "request_id": "5f7e636746fd4e23b6a154dc0083c5ea", "position": {"x": 78.28042615198153, "y": -1601.862236682731}, "channel": 5}, "attempt": 1}
2026-09-13 12:20:38,048 INFO response {"request_id": "5f7e636746fd4e23b6a154dc0083c5ea", "http_status": 200, "body": {"accepted": true, "real_timestamp_ms": 1789273234025, "virtual_time_s": 3506.430441, "measure_result": "direction", "svd_deg": 4.67}}
2026-09-13 12:20:38,191 INFO request {"path": "/measure", "payload": {"arena_id": "default", "robot_id": "202601002029", "request_id": "66d44becc1654a56b0f1c8f82ef6d7bd", "position": {"x": 78.28042615198153, "y": -1601.862236682731}, "channel": 8}, "attempt": 1}
2026-09-13 12:20:38,193 INFO response {"request_id": "66d44becc1654a56b0f1c8f82ef6d7bd", "http_status": 200, "body": {"accepted": true, "real_timestamp_ms": 1789273234170, "virtual_time_s": 3512.430441, "measure_result": "direction", "svd_deg": 105.42}}
2026-09-13 12:20:38,234 INFO request {"path": "/clear", "payload": {"arena_id": "default", "robot_id": "202601002029", "request_id": "9c96e6e321974ee0915a6f8bd235f322", "position": {"x": 637.7557042999654, "y": -1556.3455396568518}, "channel": 5}, "attempt": 1}
2026-09-13 12:20:38,236 INFO response {"request_id": "9c96e6e321974ee0915a6f8bd235f322", "http_status": 200, "body": {"accepted": true, "real_timestamp_ms": 1789273234213, "virtual_time_s": 3629.695192, "clear_result": "success"}}
2026-09-13 12:20:38,240 INFO request {"path": "/clear", "payload": {"arena_id": "default", "robot_id": "202601002029", "request_id": "78dcdf809a0341c294c104e72a0cf616", "position": {"x": -106.97515736918442, "y": -942.259286054829}, "channel": 8}, "attempt": 1}
2026-09-13 12:20:38,242 INFO response {"request_id": "78dcdf809a0341c294c104e72a0cf616", "http_status": 200, "body": {"accepted": true, "real_timestamp_ms": 1789273234220, "virtual_time_s": 3827.7471, "clear_result": "success"}}
2026-09-13 12:20:38,452 INFO request {"path": "/measure", "payload": {"arena_id": "default", "robot_id": "202601002029", "request_id": "c20873cff8024c68bfea7cfa9b89d7cb", "position": {"x": -106.97515736918442, "y": -942.259286054829}, "channel": 19}, "attempt": 1}
2026-09-13 12:20:38,454 INFO response {"request_id": "c20873cff8024c68bfea7cfa9b89d7cb", "http_status": 200, "body": {"accepted": true, "real_timestamp_ms": 1789273234431, "virtual_time_s": 3833.7471, "measure_result": "direction", "svd_deg": 157.48}}
2026-09-13 12:20:38,625 INFO request {"path": "/measure", "payload": {"arena_id": "default", "robot_id": "202601002029", "request_id": "eae65ecfe1894ef2aae28ee3f1b7c30f", "position": {"x": -106.97515736918442, "y": -942.259286054829}, "channel": 17}, "attempt": 1}
2026-09-13 12:20:38,626 INFO response {"request_id": "eae65ecfe1894ef2aae28ee3f1b7c30f", "http_status": 200, "body": {"accepted": true, "real_timestamp_ms": 1789273234604, "virtual_time_s": 3839.7471, "measure_result": "direction", "svd_deg": 169.27}}
2026-09-13 12:20:40,387 INFO request {"path": "/measure", "payload": {"arena_id": "default", "robot_id": "202601002029", "request_id": "267099e2484a45338796e5660927d576", "position": {"x": -504.7195274090358, "y": -871.9779059824789}, "channel": 17}, "attempt": 1}
2026-09-13 12:20:40,389 INFO response {"request_id": "267099e2484a45338796e5660927d576", "http_status": 200, "body": {"accepted": true, "real_timestamp_ms": 1789273236366, "virtual_time_s": 3925.5283, "measure_result": "direction", "svd_deg": 167.84}}
2026-09-13 12:20:40,571 INFO request {"path": "/measure", "payload": {"arena_id": "default", "robot_id": "202601002029", "request_id": "aa33c670bebf421d8ade4cce0cf211f3", "position": {"x": -504.7195274090358, "y": -871.9779059824789}, "channel": 12}, "attempt": 1}
2026-09-13 12:20:40,573 INFO response {"request_id": "aa33c670bebf421d8ade4cce0cf211f3", "http_status": 200, "body": {"accepted": true, "real_timestamp_ms": 1789273236551, "virtual_time_s": 3931.5283, "measure_result": "direction", "svd_deg": 210.85}}
2026-09-13 12:20:40,663 INFO request {"path": "/measure", "payload": {"arena_id": "default", "robot_id": "202601002029", "request_id": "9aa97505054146468acab1c7ff36f227", "position": {"x": -504.7195274090358, "y": -871.9779059824789}, "channel": 19}, "attempt": 1}
2026-09-13 12:20:40,664 INFO response {"request_id": "9aa97505054146468acab1c7ff36f227", "http_status": 200, "body": {"accepted": true, "real_timestamp_ms": 1789273236642, "virtual_time_s": 3937.5283, "measure_result": "direction", "svd_deg": 149.77}}
2026-09-13 12:20:41,491 INFO request {"path": "/clear", "payload": {"arena_id": "default", "robot_id": "202601002029", "request_id": "62ccb59aa6684044ada512414544e26b", "position": {"x": -997.6854567919266, "y": -575.7537111592874}, "channel": 19}, "attempt": 1}
2026-09-13 12:20:41,504 INFO response {"request_id": "62ccb59aa6684044ada512414544e26b", "http_status": 200, "body": {"accepted": true, "real_timestamp_ms": 1789273237481, "virtual_time_s": 4057.552503, "clear_result": "success"}}
2026-09-13 12:20:41,627 INFO request {"path": "/measure", "payload": {"arena_id": "default", "robot_id": "202601002029", "request_id": "3a85411192704a6d828070b3e673f813", "position": {"x": -997.6854567919266, "y": -575.7537111592874}, "channel": 2}, "attempt": 1}
2026-09-13 12:20:41,631 INFO response {"request_id": "3a85411192704a6d828070b3e673f813", "http_status": 200, "body": {"accepted": true, "real_timestamp_ms": 1789273237607, "virtual_time_s": 4063.552503, "measure_result": "direction", "svd_deg": 169.0}}
2026-09-13 12:20:42,534 INFO request {"path": "/measure", "payload": {"arena_id": "default", "robot_id": "202601002029", "request_id": "3b750fc8620a49eea6161721206c3cf5", "position": {"x": -1105.2931254437992, "y": -599.4910928026071}, "channel": 2}, "attempt": 1}
2026-09-13 12:20:42,559 INFO response {"request_id": "3b750fc8620a49eea6161721206c3cf5", "http_status": 200, "body": {"accepted": true, "real_timestamp_ms": 1789273238536, "virtual_time_s": 4090.591445, "measure_result": "direction", "svd_deg": 163.89}}
2026-09-13 12:20:42,706 INFO request {"path": "/measure", "payload": {"arena_id": "default", "robot_id": "202601002029", "request_id": "1bdd7932a46843278c4469a5e296b9e7", "position": {"x": -1105.2931254437992, "y": -599.4910928026071}, "channel": 12}, "attempt": 1}
2026-09-13 12:20:42,708 INFO response {"request_id": "1bdd7932a46843278c4469a5e296b9e7", "http_status": 200, "body": {"accepted": true, "real_timestamp_ms": 1789273238685, "virtual_time_s": 4096.591445, "measure_result": "direction", "svd_deg": 262.35}}
2026-09-13 12:20:43,620 INFO request {"path": "/clear", "payload": {"arena_id": "default", "robot_id": "202601002029", "request_id": "d71cc27dc53b40b6bde12bbd250f3cc0", "position": {"x": -1094.8474893673006, "y": -746.2788863878168}, "channel": 17}, "attempt": 1}
2026-09-13 12:20:43,643 INFO response {"request_id": "d71cc27dc53b40b6bde12bbd250f3cc0", "http_status": 200, "body": {"accepted": true, "real_timestamp_ms": 1789273239620, "virtual_time_s": 4131.023243, "clear_result": "success"}}
2026-09-13 12:20:43,772 INFO request {"path": "/measure", "payload": {"arena_id": "default", "robot_id": "202601002029", "request_id": "0d3cd0f65c794d298309c8535e6e69f5", "position": {"x": -1272.7917934947031, "y": -891.6857933895122}, "channel": 12}, "attempt": 1}
2026-09-13 12:20:43,786 INFO response {"request_id": "0d3cd0f65c794d298309c8535e6e69f5", "http_status": 200, "body": {"accepted": true, "real_timestamp_ms": 1789273239762, "virtual_time_s": 4181.98294, "measure_result": "direction", "svd_deg": 280.13}}
2026-09-13 12:20:43,841 INFO request {"path": "/clear", "payload": {"arena_id": "default", "robot_id": "202601002029", "request_id": "621516b6ab824c868940a0f7c13502b6", "position": {"x": -1202.1530901251735, "y": -1288.8192114265669}, "channel": 12}, "attempt": 1}
2026-09-13 12:20:43,864 INFO response {"request_id": "621516b6ab824c868940a0f7c13502b6", "http_status": 200, "body": {"accepted": true, "real_timestamp_ms": 1789273239841, "virtual_time_s": 4267.656301, "clear_result": "success"}}
2026-09-13 12:20:43,868 INFO request {"path": "/clear", "payload": {"arena_id": "default", "robot_id": "202601002029", "request_id": "6b0218ab5df2436ebab4a4f1c2019eb5", "position": {"x": -1561.3647569036943, "y": -468.0673107408761}, "channel": 2}, "attempt": 1}
2026-09-13 12:20:43,896 INFO response {"request_id": "6b0218ab5df2436ebab4a4f1c2019eb5", "http_status": 200, "body": {"accepted": true, "real_timestamp_ms": 1789273239873, "virtual_time_s": 4451.839638, "clear_result": "success"}}
2026-09-13 12:20:43,897 INFO request {"path": "/clear", "payload": {"arena_id": "default", "robot_id": "202601002029", "request_id": "c51bb432b1324de389a1038e28d43e91", "position": {"x": -1049.6103689592258, "y": 407.79969694921715}, "channel": 4}, "attempt": 1}
2026-09-13 12:20:43,898 INFO response {"request_id": "c51bb432b1324de389a1038e28d43e91", "http_status": 200, "body": {"accepted": true, "real_timestamp_ms": 1789273239876, "virtual_time_s": 4659.722419, "clear_result": "success"}}
2026-09-13 12:20:43,993 INFO request {"path": "/measure", "payload": {"arena_id": "default", "robot_id": "202601002029", "request_id": "a2bf34eb5b184e3fbfce4c140621006d", "position": {"x": -1049.6103689592258, "y": 407.79969694921715}, "channel": 1}, "attempt": 1}
2026-09-13 12:20:44,006 INFO response {"request_id": "a2bf34eb5b184e3fbfce4c140621006d", "http_status": 200, "body": {"accepted": true, "real_timestamp_ms": 1789273239983, "virtual_time_s": 4665.722419, "measure_result": "direction", "svd_deg": 67.91}}
2026-09-13 12:20:44,043 INFO request {"path": "/measure", "payload": {"arena_id": "default", "robot_id": "202601002029", "request_id": "3cbdd88972904f4dbebb113b7e1dc360", "position": {"x": -1108.7404074590218, "y": 1232.2745677877685}, "channel": 15}, "attempt": 1}
2026-09-13 12:20:44,045 INFO response {"request_id": "3cbdd88972904f4dbebb113b7e1dc360", "http_status": 200, "body": {"accepted": true, "real_timestamp_ms": 1789273240022, "virtual_time_s": 4837.040921, "measure_result": "direction", "svd_deg": 356.58}}
2026-09-13 12:20:44,203 INFO request {"path": "/measure", "payload": {"arena_id": "default", "robot_id": "202601002029", "request_id": "4dcf1c94f69d4268876456210fdb7dac", "position": {"x": -1108.7404074590218, "y": 1232.2745677877685}, "channel": 18}, "attempt": 1}
2026-09-13 12:20:44,206 INFO response {"request_id": "4dcf1c94f69d4268876456210fdb7dac", "http_status": 200, "body": {"accepted": true, "real_timestamp_ms": 1789273240183, "virtual_time_s": 4843.040921, "measure_result": "direction", "svd_deg": 12.95}}
2026-09-13 12:20:45,319 INFO request {"path": "/clear", "payload": {"arena_id": "default", "robot_id": "202601002029", "request_id": "526ebf6edda8434888ed7d080ec41320", "position": {"x": -834.4907038597087, "y": 937.3084090193479}, "channel": 1}, "attempt": 1}
2026-09-13 12:20:45,346 INFO response {"request_id": "526ebf6edda8434888ed7d080ec41320", "http_status": 200, "body": {"accepted": true, "real_timestamp_ms": 1789273241322, "virtual_time_s": 4928.593496, "clear_result": "success"}}
2026-09-13 12:20:45,484 INFO request {"path": "/clear", "payload": {"arena_id": "default", "robot_id": "202601002029", "request_id": "0d68371e903a40c881e0d3430e65659e", "position": {"x": -647.3929499652742, "y": 1204.5627983991437}, "channel": 15}, "attempt": 1}
2026-09-13 12:20:45,485 INFO response {"request_id": "0d68371e903a40c881e0d3430e65659e", "http_status": 200, "body": {"accepted": true, "real_timestamp_ms": 1789273241462, "virtual_time_s": 4998.840865, "clear_result": "success"}}
2026-09-13 12:20:45,583 INFO request {"path": "/measure", "payload": {"arena_id": "default", "robot_id": "202601002029", "request_id": "7116579f363b4491abb4de9c6eb2724b", "position": {"x": -647.3929499652742, "y": 1204.5627983991437}, "channel": 18}, "attempt": 1}
2026-09-13 12:20:45,597 INFO response {"request_id": "7116579f363b4491abb4de9c6eb2724b", "http_status": 200, "body": {"accepted": true, "real_timestamp_ms": 1789273241575, "virtual_time_s": 5003.840865, "measure_result": "direction", "svd_deg": 27.01}}
2026-09-13 12:20:45,631 INFO request {"path": "/clear", "payload": {"arena_id": "default", "robot_id": "202601002029", "request_id": "546943dabec34a25b102707d62493dd4", "position": {"x": -207.53748717981654, "y": 1432.860516671084}, "channel": 18}, "attempt": 1}
2026-09-13 12:20:45,644 INFO response {"request_id": "546943dabec34a25b102707d62493dd4", "http_status": 200, "body": {"accepted": true, "real_timestamp_ms": 1789273241621, "virtual_time_s": 5107.955481, "clear_result": "success"}}
2026-09-13 12:20:45,644 INFO request {"path": "/clear", "payload": {"arena_id": "default", "robot_id": "202601002029", "request_id": "9ac8c0cec68b4dc3b6da3370723c7ddd", "position": {"x": 292.2744503205378, "y": 1033.7867711181002}, "channel": 13}, "attempt": 1}
2026-09-13 12:20:45,645 INFO response {"request_id": "9ac8c0cec68b4dc3b6da3370723c7ddd", "http_status": 200, "body": {"accepted": true, "real_timestamp_ms": 1789273241623, "virtual_time_s": 5240.872927, "clear_result": "success"}}
2026-09-13 12:20:45,646 INFO request {"path": "/clear", "payload": {"arena_id": "default", "robot_id": "202601002029", "request_id": "89acacae633f45ec9dd84c678553b6de", "position": {"x": 484.664883414099, "y": 969.7060065408184}, "channel": 9}, "attempt": 1}
2026-09-13 12:20:45,646 INFO response {"request_id": "89acacae633f45ec9dd84c678553b6de", "http_status": 200, "body": {"accepted": true, "real_timestamp_ms": 1789273241624, "virtual_time_s": 5286.42927, "clear_result": "success"}}
2026-09-13 12:20:45,647 INFO request {"path": "/exit", "payload": {"arena_id": "default", "robot_id": "202601002029", "request_id": "b3bf4c30c24e48b996294f7a4b3e0c67"}, "attempt": 1}
2026-09-13 12:20:45,647 INFO response {"request_id": "b3bf4c30c24e48b996294f7a4b3e0c67", "http_status": 200, "body": {"accepted": true, "real_timestamp_ms": 1789273241625, "virtual_time_s": 5286.42927, "exit_reason": "user_exit"}}
