2026-09-12 16:54:50,860 INFO request {"path": "/enter", "payload": {"arena_id": "default", "robot_id": "202601002029", "request_id": "1499467f2d9049dcaa28a56d9e0cb942"}, "attempt": 1}
2026-09-12 16:54:50,868 INFO response {"request_id": "1499467f2d9049dcaa28a56d9e0cb942", "http_status": 200, "body": {"accepted": true, "real_timestamp_ms": 1789203287584, "virtual_time_s": 0, "max_virtual_duration_s": 360000, "max_real_duration_s": 1200, "remaining_real_duration_s": 1200}}
2026-09-12 16:54:50,869 INFO request {"path": "/measure", "payload": {"arena_id": "default", "robot_id": "202601002029", "request_id": "1aba45b344a5484e9192c018770aaa12", "position": {"x": 0.0, "y": 0.0}, "channel": 1}, "attempt": 1}
2026-09-12 16:54:50,881 INFO response {"request_id": "1aba45b344a5484e9192c018770aaa12", "http_status": 200, "body": {"accepted": true, "real_timestamp_ms": 1789203287597, "virtual_time_s": 5, "measure_result": "direction", "svd_deg": 168.56}}
2026-09-12 16:54:50,884 INFO request {"path": "/measure", "payload": {"arena_id": "default", "robot_id": "202601002029", "request_id": "216dbf4e9b3e4f66ae1af5ec7a97bb7c", "position": {"x": 0.0, "y": 0.0}, "channel": 2}, "attempt": 1}
2026-09-12 16:54:50,885 INFO response {"request_id": "216dbf4e9b3e4f66ae1af5ec7a97bb7c", "http_status": 200, "body": {"accepted": true, "real_timestamp_ms": 1789203287602, "virtual_time_s": 11, "measure_result": "no_signal"}}
2026-09-12 16:54:50,886 INFO request {"path": "/measure", "payload": {"arena_id": "default", "robot_id": "202601002029", "request_id": "91f7cf51cefb46e1a2f7c8476cb7f569", "position": {"x": 0.0, "y": 0.0}, "channel": 3}, "attempt": 1}
2026-09-12 16:54:50,886 INFO response {"request_id": "91f7cf51cefb46e1a2f7c8476cb7f569", "http_status": 200, "body": {"accepted": true, "real_timestamp_ms": 1789203287602, "virtual_time_s": 17, "measure_result": "direction", "svd_deg": 156.84}}
2026-09-12 16:54:50,888 INFO request {"path": "/measure", "payload": {"arena_id": "default", "robot_id": "202601002029", "request_id": "18f5d8ef712645aca92d31580296abe1", "position": {"x": 0.0, "y": 0.0}, "channel": 4}, "attempt": 1}
2026-09-12 16:54:50,888 INFO response {"request_id": "18f5d8ef712645aca92d31580296abe1", "http_status": 200, "body": {"accepted": true, "real_timestamp_ms": 1789203287605, "virtual_time_s": 23, "measure_result": "no_signal"}}
2026-09-12 16:54:50,888 INFO request {"path": "/measure", "payload": {"arena_id": "default", "robot_id": "202601002029", "request_id": "4ae5ed468e6241aaa6ae4530d77908b9", "position": {"x": 0.0, "y": 0.0}, "channel": 5}, "attempt": 1}
2026-09-12 16:54:50,889 INFO response {"request_id": "4ae5ed468e6241aaa6ae4530d77908b9", "http_status": 200, "body": {"accepted": true, "real_timestamp_ms": 1789203287605, "virtual_time_s": 29, "measure_result": "no_signal"}}
2026-09-12 16:54:50,889 INFO request {"path": "/measure", "payload": {"arena_id": "default", "robot_id": "202601002029", "request_id": "0a280813c4af4cf1ac1e949742601c1d", "position": {"x": 0.0, "y": 0.0}, "channel": 6}, "attempt": 1}
2026-09-12 16:54:50,890 INFO response {"request_id": "0a280813c4af4cf1ac1e949742601c1d", "http_status": 200, "body": {"accepted": true, "real_timestamp_ms": 1789203287606, "virtual_time_s": 35, "measure_result": "direction", "svd_deg": 45.8}}
2026-09-12 16:54:50,891 INFO request {"path": "/measure", "payload": {"arena_id": "default", "robot_id": "202601002029", "request_id": "f52cc6f608f04cf6a0602b35dab26e45", "position": {"x": 0.0, "y": 0.0}, "channel": 7}, "attempt": 1}
2026-09-12 16:54:50,892 INFO response {"request_id": "f52cc6f608f04cf6a0602b35dab26e45", "http_status": 200, "body": {"accepted": true, "real_timestamp_ms": 1789203287609, "virtual_time_s": 41, "measure_result": "no_signal"}}
2026-09-12 16:54:50,893 INFO request {"path": "/measure", "payload": {"arena_id": "default", "robot_id": "202601002029", "request_id": "8160839dd49046b896d87ace3be22581", "position": {"x": 0.0, "y": 0.0}, "channel": 8}, "attempt": 1}
2026-09-12 16:54:50,910 INFO response {"request_id": "8160839dd49046b896d87ace3be22581", "http_status": 200, "body": {"accepted": true, "real_timestamp_ms": 1789203287626, "virtual_time_s": 47, "measure_result": "no_signal"}}
2026-09-12 16:54:50,910 INFO request {"path": "/measure", "payload": {"arena_id": "default", "robot_id": "202601002029", "request_id": "369e26fdb2c54882abf9764d148e0d1a", "position": {"x": 0.0, "y": 0.0}, "channel": 9}, "attempt": 1}
2026-09-12 16:54:50,930 INFO response {"request_id": "369e26fdb2c54882abf9764d148e0d1a", "http_status": 200, "body": {"accepted": true, "real_timestamp_ms": 1789203287646, "virtual_time_s": 53, "measure_result": "no_signal"}}
2026-09-12 16:54:50,931 INFO request {"path": "/measure", "payload": {"arena_id": "default", "robot_id": "202601002029", "request_id": "347b6326b812419c8a3f698a39d30916", "position": {"x": 0.0, "y": 0.0}, "channel": 10}, "attempt": 1}
2026-09-12 16:54:50,951 INFO response {"request_id": "347b6326b812419c8a3f698a39d30916", "http_status": 200, "body": {"accepted": true, "real_timestamp_ms": 1789203287666, "virtual_time_s": 59, "measure_result": "direction", "svd_deg": 121.65}}
2026-09-12 16:54:50,956 INFO request {"path": "/measure", "payload": {"arena_id": "default", "robot_id": "202601002029", "request_id": "5798c58c62c140749729abeb8381656a", "position": {"x": 0.0, "y": 0.0}, "channel": 11}, "attempt": 1}
2026-09-12 16:54:50,970 INFO response {"request_id": "5798c58c62c140749729abeb8381656a", "http_status": 200, "body": {"accepted": true, "real_timestamp_ms": 1789203287686, "virtual_time_s": 65, "measure_result": "direction", "svd_deg": 191.68}}
2026-09-12 16:54:50,973 INFO request {"path": "/measure", "payload": {"arena_id": "default", "robot_id": "202601002029", "request_id": "5edfc8d0109b4177afd28f07467a9774", "position": {"x": 0.0, "y": 0.0}, "channel": 12}, "attempt": 1}
2026-09-12 16:54:50,990 INFO response {"request_id": "5edfc8d0109b4177afd28f07467a9774", "http_status": 200, "body": {"accepted": true, "real_timestamp_ms": 1789203287706, "virtual_time_s": 71, "measure_result": "no_signal"}}
2026-09-12 16:54:50,990 INFO request {"path": "/measure", "payload": {"arena_id": "default", "robot_id": "202601002029", "request_id": "5c240158f1274b69b78bf9cda0faf323", "position": {"x": 0.0, "y": 0.0}, "channel": 13}, "attempt": 1}
2026-09-12 16:54:51,010 INFO response {"request_id": "5c240158f1274b69b78bf9cda0faf323", "http_status": 200, "body": {"accepted": true, "real_timestamp_ms": 1789203287726, "virtual_time_s": 77, "measure_result": "direction", "svd_deg": 294.14}}
2026-09-12 16:54:51,011 INFO request {"path": "/measure", "payload": {"arena_id": "default", "robot_id": "202601002029", "request_id": "96f9fc5e166f4b2b8f0ce4cfced30f5b", "position": {"x": 0.0, "y": 0.0}, "channel": 14}, "attempt": 1}
2026-09-12 16:54:51,012 INFO response {"request_id": "96f9fc5e166f4b2b8f0ce4cfced30f5b", "http_status": 200, "body": {"accepted": true, "real_timestamp_ms": 1789203287729, "virtual_time_s": 83, "measure_result": "no_signal"}}
2026-09-12 16:54:51,013 INFO request {"path": "/measure", "payload": {"arena_id": "default", "robot_id": "202601002029", "request_id": "0b6230c482494172a5fa1d7dedd498cd", "position": {"x": 0.0, "y": 0.0}, "channel": 15}, "attempt": 1}
2026-09-12 16:54:51,014 INFO response {"request_id": "0b6230c482494172a5fa1d7dedd498cd", "http_status": 200, "body": {"accepted": true, "real_timestamp_ms": 1789203287730, "virtual_time_s": 89, "measure_result": "no_signal"}}
2026-09-12 16:54:51,014 INFO request {"path": "/measure", "payload": {"arena_id": "default", "robot_id": "202601002029", "request_id": "a89dadeb4dfc44329dbd04c78f634ceb", "position": {"x": 0.0, "y": 0.0}, "channel": 16}, "attempt": 1}
2026-09-12 16:54:51,014 INFO response {"request_id": "a89dadeb4dfc44329dbd04c78f634ceb", "http_status": 200, "body": {"accepted": true, "real_timestamp_ms": 1789203287731, "virtual_time_s": 95, "measure_result": "no_signal"}}
2026-09-12 16:54:51,015 INFO request {"path": "/measure", "payload": {"arena_id": "default", "robot_id": "202601002029", "request_id": "50fe1879d4444d6ea3ea0d9e90f6462c", "position": {"x": 0.0, "y": 0.0}, "channel": 17}, "attempt": 1}
2026-09-12 16:54:51,015 INFO response {"request_id": "50fe1879d4444d6ea3ea0d9e90f6462c", "http_status": 200, "body": {"accepted": true, "real_timestamp_ms": 1789203287731, "virtual_time_s": 101, "measure_result": "no_signal"}}
2026-09-12 16:54:51,015 INFO request {"path": "/measure", "payload": {"arena_id": "default", "robot_id": "202601002029", "request_id": "53331d6ee6cd46b4a924b6f92cf0a084", "position": {"x": 0.0, "y": 0.0}, "channel": 18}, "attempt": 1}
2026-09-12 16:54:51,016 INFO response {"request_id": "53331d6ee6cd46b4a924b6f92cf0a084", "http_status": 200, "body": {"accepted": true, "real_timestamp_ms": 1789203287732, "virtual_time_s": 107, "measure_result": "no_signal"}}
2026-09-12 16:54:51,016 INFO request {"path": "/measure", "payload": {"arena_id": "default", "robot_id": "202601002029", "request_id": "8db230080d204fa484c0281041db4df8", "position": {"x": 0.0, "y": 0.0}, "channel": 19}, "attempt": 1}
2026-09-12 16:54:51,016 INFO response {"request_id": "8db230080d204fa484c0281041db4df8", "http_status": 200, "body": {"accepted": true, "real_timestamp_ms": 1789203287733, "virtual_time_s": 113, "measure_result": "no_signal"}}
2026-09-12 16:54:51,017 INFO request {"path": "/measure", "payload": {"arena_id": "default", "robot_id": "202601002029", "request_id": "299c348f493048bebc348c90864a6d82", "position": {"x": 0.0, "y": 0.0}, "channel": 20}, "attempt": 1}
2026-09-12 16:54:51,033 INFO response {"request_id": "299c348f493048bebc348c90864a6d82", "http_status": 200, "body": {"accepted": true, "real_timestamp_ms": 1789203287749, "virtual_time_s": 119, "measure_result": "direction", "svd_deg": 124.31}}
2026-09-12 16:54:51,035 INFO request {"path": "/measure", "payload": {"arena_id": "default", "robot_id": "202601002029", "request_id": "23cffc9c322741f997199e60d10ef3c4", "position": {"x": 1130.0, "y": 0.0}, "channel": 2}, "attempt": 1}
2026-09-12 16:54:51,036 INFO response {"request_id": "23cffc9c322741f997199e60d10ef3c4", "http_status": 200, "body": {"accepted": true, "real_timestamp_ms": 1789203287753, "virtual_time_s": 351, "measure_result": "no_signal"}}
2026-09-12 16:54:51,037 INFO request {"path": "/measure", "payload": {"arena_id": "default", "robot_id": "202601002029", "request_id": "d2cad843a2154b2282a4d02bb0139b04", "position": {"x": 1130.0, "y": 0.0}, "channel": 4}, "attempt": 1}
2026-09-12 16:54:51,049 INFO response {"request_id": "d2cad843a2154b2282a4d02bb0139b04", "http_status": 200, "body": {"accepted": true, "real_timestamp_ms": 1789203287765, "virtual_time_s": 357, "measure_result": "no_signal"}}
2026-09-12 16:54:51,049 INFO request {"path": "/measure", "payload": {"arena_id": "default", "robot_id": "202601002029", "request_id": "d260cf7e0008437d9ba24532fe52c1c1", "position": {"x": 1130.0, "y": 0.0}, "channel": 5}, "attempt": 1}
2026-09-12 16:54:51,068 INFO response {"request_id": "d260cf7e0008437d9ba24532fe52c1c1", "http_status": 200, "body": {"accepted": true, "real_timestamp_ms": 1789203287784, "virtual_time_s": 363, "measure_result": "no_signal"}}
2026-09-12 16:54:51,069 INFO request {"path": "/measure", "payload": {"arena_id": "default", "robot_id": "202601002029", "request_id": "3563fb8fe8ac44139be6a1fb3db3a5a0", "position": {"x": 1130.0, "y": 0.0}, "channel": 7}, "attempt": 1}
2026-09-12 16:54:51,070 INFO response {"request_id": "3563fb8fe8ac44139be6a1fb3db3a5a0", "http_status": 200, "body": {"accepted": true, "real_timestamp_ms": 1789203287785, "virtual_time_s": 369, "measure_result": "no_signal"}}
2026-09-12 16:54:51,070 INFO request {"path": "/measure", "payload": {"arena_id": "default", "robot_id": "202601002029", "request_id": "d42ec6acdff84d2999b75e40b9f9fe2d", "position": {"x": 1130.0, "y": 0.0}, "channel": 8}, "attempt": 1}
2026-09-12 16:54:51,071 INFO response {"request_id": "d42ec6acdff84d2999b75e40b9f9fe2d", "http_status": 200, "body": {"accepted": true, "real_timestamp_ms": 1789203287787, "virtual_time_s": 375, "measure_result": "no_signal"}}
2026-09-12 16:54:51,071 INFO request {"path": "/measure", "payload": {"arena_id": "default", "robot_id": "202601002029", "request_id": "602c3b3b926247a894c00137ad236452", "position": {"x": 1130.0, "y": 0.0}, "channel": 9}, "attempt": 1}
2026-09-12 16:54:51,089 INFO response {"request_id": "602c3b3b926247a894c00137ad236452", "http_status": 200, "body": {"accepted": true, "real_timestamp_ms": 1789203287804, "virtual_time_s": 381, "measure_result": "no_signal"}}
2026-09-12 16:54:51,089 INFO request {"path": "/measure", "payload": {"arena_id": "default", "robot_id": "202601002029", "request_id": "d425213258844a2aa081f3f67739091e", "position": {"x": 1130.0, "y": 0.0}, "channel": 12}, "attempt": 1}
2026-09-12 16:54:51,090 INFO response {"request_id": "d425213258844a2aa081f3f67739091e", "http_status": 200, "body": {"accepted": true, "real_timestamp_ms": 1789203287806, "virtual_time_s": 387, "measure_result": "no_signal"}}
2026-09-12 16:54:51,090 INFO request {"path": "/measure", "payload": {"arena_id": "default", "robot_id": "202601002029", "request_id": "0efab235ac4447cd8d35b90cb9849057", "position": {"x": 1130.0, "y": 0.0}, "channel": 14}, "attempt": 1}
2026-09-12 16:54:51,091 INFO response {"request_id": "0efab235ac4447cd8d35b90cb9849057", "http_status": 200, "body": {"accepted": true, "real_timestamp_ms": 1789203287807, "virtual_time_s": 393, "measure_result": "no_signal"}}
2026-09-12 16:54:51,091 INFO request {"path": "/measure", "payload": {"arena_id": "default", "robot_id": "202601002029", "request_id": "9b576351ca3148b3b13a06a16330dce7", "position": {"x": 1130.0, "y": 0.0}, "channel": 15}, "attempt": 1}
2026-09-12 16:54:51,091 INFO response {"request_id": "9b576351ca3148b3b13a06a16330dce7", "http_status": 200, "body": {"accepted": true, "real_timestamp_ms": 1789203287808, "virtual_time_s": 399, "measure_result": "no_signal"}}
2026-09-12 16:54:51,092 INFO request {"path": "/measure", "payload": {"arena_id": "default", "robot_id": "202601002029", "request_id": "dd56ff0a59a2447f9dbc91d3d3a54d0a", "position": {"x": 1130.0, "y": 0.0}, "channel": 16}, "attempt": 1}
2026-09-12 16:54:51,092 INFO response {"request_id": "dd56ff0a59a2447f9dbc91d3d3a54d0a", "http_status": 200, "body": {"accepted": true, "real_timestamp_ms": 1789203287809, "virtual_time_s": 405, "measure_result": "no_signal"}}
2026-09-12 16:54:51,092 INFO request {"path": "/measure", "payload": {"arena_id": "default", "robot_id": "202601002029", "request_id": "ed992243d7e3452299ec48ddab4e3530", "position": {"x": 1130.0, "y": 0.0}, "channel": 17}, "attempt": 1}
2026-09-12 16:54:51,093 INFO response {"request_id": "ed992243d7e3452299ec48ddab4e3530", "http_status": 200, "body": {"accepted": true, "real_timestamp_ms": 1789203287809, "virtual_time_s": 411, "measure_result": "no_signal"}}
2026-09-12 16:54:51,093 INFO request {"path": "/measure", "payload": {"arena_id": "default", "robot_id": "202601002029", "request_id": "cf8d9f30ad93480f80eebc548adb29ef", "position": {"x": 1130.0, "y": 0.0}, "channel": 18}, "attempt": 1}
2026-09-12 16:54:51,094 INFO response {"request_id": "cf8d9f30ad93480f80eebc548adb29ef", "http_status": 200, "body": {"accepted": true, "real_timestamp_ms": 1789203287810, "virtual_time_s": 417, "measure_result": "no_signal"}}
2026-09-12 16:54:51,095 INFO request {"path": "/measure", "payload": {"arena_id": "default", "robot_id": "202601002029", "request_id": "2ea7dc341bcb4182a6fd445016b53e9a", "position": {"x": 1130.0, "y": 0.0}, "channel": 19}, "attempt": 1}
2026-09-12 16:54:51,095 INFO response {"request_id": "2ea7dc341bcb4182a6fd445016b53e9a", "http_status": 200, "body": {"accepted": true, "real_timestamp_ms": 1789203287811, "virtual_time_s": 423, "measure_result": "no_signal"}}
2026-09-12 16:54:51,112 INFO request {"path": "/measure", "payload": {"arena_id": "default", "robot_id": "202601002029", "request_id": "fae19b0a243b48718981fb547cfafe4a", "position": {"x": 1130.0, "y": 0.0}, "channel": 6}, "attempt": 1}
2026-09-12 16:54:51,114 INFO response {"request_id": "fae19b0a243b48718981fb547cfafe4a", "http_status": 200, "body": {"accepted": true, "real_timestamp_ms": 1789203287830, "virtual_time_s": 429, "measure_result": "direction", "svd_deg": 132.82}}
2026-09-12 16:54:51,125 INFO request {"path": "/measure", "payload": {"arena_id": "default", "robot_id": "202601002029", "request_id": "d84c97dcb23943728dfeee05488521c0", "position": {"x": 1130.0, "y": 0.0}, "channel": 13}, "attempt": 1}
2026-09-12 16:54:51,127 INFO response {"request_id": "d84c97dcb23943728dfeee05488521c0", "http_status": 200, "body": {"accepted": true, "real_timestamp_ms": 1789203287843, "virtual_time_s": 435, "measure_result": "direction", "svd_deg": 231.37}}
2026-09-12 16:54:51,130 INFO request {"path": "/measure", "payload": {"arena_id": "default", "robot_id": "202601002029", "request_id": "f6bec3f8479a4e6c87a1d2d42656b3e7", "position": {"x": 565.0000000000001, "y": 978.6087062764157}, "channel": 2}, "attempt": 1}
2026-09-12 16:54:51,131 INFO response {"request_id": "f6bec3f8479a4e6c87a1d2d42656b3e7", "http_status": 200, "body": {"accepted": true, "real_timestamp_ms": 1789203287847, "virtual_time_s": 667, "measure_result": "no_signal"}}
2026-09-12 16:54:51,131 INFO request {"path": "/measure", "payload": {"arena_id": "default", "robot_id": "202601002029", "request_id": "22ddb553f1934fcfb2ef821f6312ceb5", "position": {"x": 565.0000000000001, "y": 978.6087062764157}, "channel": 4}, "attempt": 1}
2026-09-12 16:54:51,147 INFO response {"request_id": "22ddb553f1934fcfb2ef821f6312ceb5", "http_status": 200, "body": {"accepted": true, "real_timestamp_ms": 1789203287863, "virtual_time_s": 673, "measure_result": "no_signal"}}
2026-09-12 16:54:51,147 INFO request {"path": "/measure", "payload": {"arena_id": "default", "robot_id": "202601002029", "request_id": "5fbdeb45549745fc966b8c670c8a27e1", "position": {"x": 565.0000000000001, "y": 978.6087062764157}, "channel": 5}, "attempt": 1}
2026-09-12 16:54:51,149 INFO response {"request_id": "5fbdeb45549745fc966b8c670c8a27e1", "http_status": 200, "body": {"accepted": true, "real_timestamp_ms": 1789203287865, "virtual_time_s": 679, "measure_result": "no_signal"}}
2026-09-12 16:54:51,149 INFO request {"path": "/measure", "payload": {"arena_id": "default", "robot_id": "202601002029", "request_id": "087b4c55861c4e50b83d58126d7c248c", "position": {"x": 565.0000000000001, "y": 978.6087062764157}, "channel": 7}, "attempt": 1}
2026-09-12 16:54:51,150 INFO response {"request_id": "087b4c55861c4e50b83d58126d7c248c", "http_status": 200, "body": {"accepted": true, "real_timestamp_ms": 1789203287866, "virtual_time_s": 685, "measure_result": "no_signal"}}
2026-09-12 16:54:51,150 INFO request {"path": "/measure", "payload": {"arena_id": "default", "robot_id": "202601002029", "request_id": "6b6bfaf4a75b4c4eb27945482af228eb", "position": {"x": 565.0000000000001, "y": 978.6087062764157}, "channel": 8}, "attempt": 1}
2026-09-12 16:54:51,151 INFO response {"request_id": "6b6bfaf4a75b4c4eb27945482af228eb", "http_status": 200, "body": {"accepted": true, "real_timestamp_ms": 1789203287867, "virtual_time_s": 691, "measure_result": "no_signal"}}
2026-09-12 16:54:51,151 INFO request {"path": "/measure", "payload": {"arena_id": "default", "robot_id": "202601002029", "request_id": "c56946003bee4a9fa97c826c9c6505d0", "position": {"x": 565.0000000000001, "y": 978.6087062764157}, "channel": 9}, "attempt": 1}
2026-09-12 16:54:51,152 INFO response {"request_id": "c56946003bee4a9fa97c826c9c6505d0", "http_status": 200, "body": {"accepted": true, "real_timestamp_ms": 1789203287868, "virtual_time_s": 697, "measure_result": "direction", "svd_deg": 149.77}}
2026-09-12 16:54:51,156 INFO request {"path": "/measure", "payload": {"arena_id": "default", "robot_id": "202601002029", "request_id": "9e2c8187e0c94f3a80dc204e108fb1d0", "position": {"x": 565.0000000000001, "y": 978.6087062764157}, "channel": 12}, "attempt": 1}
2026-09-12 16:54:51,177 INFO response {"request_id": "9e2c8187e0c94f3a80dc204e108fb1d0", "http_status": 200, "body": {"accepted": true, "real_timestamp_ms": 1789203287893, "virtual_time_s": 703, "measure_result": "direction", "svd_deg": 128.08}}
2026-09-12 16:54:51,179 INFO request {"path": "/measure", "payload": {"arena_id": "default", "robot_id": "202601002029", "request_id": "cb3f205b01154e84ad50e48b4c4b50a0", "position": {"x": 565.0000000000001, "y": 978.6087062764157}, "channel": 14}, "attempt": 1}
2026-09-12 16:54:51,196 INFO response {"request_id": "cb3f205b01154e84ad50e48b4c4b50a0", "http_status": 200, "body": {"accepted": true, "real_timestamp_ms": 1789203287912, "virtual_time_s": 709, "measure_result": "no_signal"}}
2026-09-12 16:54:51,196 INFO request {"path": "/measure", "payload": {"arena_id": "default", "robot_id": "202601002029", "request_id": "60d25bddc91f48a5a67638eb9f373c7b", "position": {"x": 565.0000000000001, "y": 978.6087062764157}, "channel": 15}, "attempt": 1}
2026-09-12 16:54:51,217 INFO response {"request_id": "60d25bddc91f48a5a67638eb9f373c7b", "http_status": 200, "body": {"accepted": true, "real_timestamp_ms": 1789203287933, "virtual_time_s": 715, "measure_result": "no_signal"}}
2026-09-12 16:54:51,217 INFO request {"path": "/measure", "payload": {"arena_id": "default", "robot_id": "202601002029", "request_id": "83941bf4ef1b461da0057bcb50233eaf", "position": {"x": 565.0000000000001, "y": 978.6087062764157}, "channel": 16}, "attempt": 1}
2026-09-12 16:54:51,237 INFO response {"request_id": "83941bf4ef1b461da0057bcb50233eaf", "http_status": 200, "body": {"accepted": true, "real_timestamp_ms": 1789203287952, "virtual_time_s": 721, "measure_result": "no_signal"}}
2026-09-12 16:54:51,237 INFO request {"path": "/measure", "payload": {"arena_id": "default", "robot_id": "202601002029", "request_id": "594780b1dd5743cf9d8bcd76f04b9db0", "position": {"x": 565.0000000000001, "y": 978.6087062764157}, "channel": 17}, "attempt": 1}
2026-09-12 16:54:51,256 INFO response {"request_id": "594780b1dd5743cf9d8bcd76f04b9db0", "http_status": 200, "body": {"accepted": true, "real_timestamp_ms": 1789203287972, "virtual_time_s": 727, "measure_result": "no_signal"}}
2026-09-12 16:54:51,314 INFO request {"path": "/measure", "payload": {"arena_id": "default", "robot_id": "202601002029", "request_id": "82e951f31eb941b9827fd418b155343c", "position": {"x": 565.0000000000001, "y": 978.6087062764157}, "channel": 18}, "attempt": 1}
2026-09-12 16:54:51,317 INFO response {"request_id": "82e951f31eb941b9827fd418b155343c", "http_status": 200, "body": {"accepted": true, "real_timestamp_ms": 1789203288033, "virtual_time_s": 733, "measure_result": "no_signal"}}
2026-09-12 16:54:51,318 INFO request {"path": "/measure", "payload": {"arena_id": "default", "robot_id": "202601002029", "request_id": "bd2b894dc3f244eba9656f8052004657", "position": {"x": 565.0000000000001, "y": 978.6087062764157}, "channel": 19}, "attempt": 1}
2026-09-12 16:54:51,319 INFO response {"request_id": "bd2b894dc3f244eba9656f8052004657", "http_status": 200, "body": {"accepted": true, "real_timestamp_ms": 1789203288035, "virtual_time_s": 739, "measure_result": "direction", "svd_deg": 53.37}}
2026-09-12 16:54:51,340 INFO request {"path": "/measure", "payload": {"arena_id": "default", "robot_id": "202601002029", "request_id": "da1dba44e4cc4e8192ca0a895b6a3af2", "position": {"x": -564.9999999999998, "y": 978.6087062764158}, "channel": 2}, "attempt": 1}
2026-09-12 16:54:51,342 INFO response {"request_id": "da1dba44e4cc4e8192ca0a895b6a3af2", "http_status": 200, "body": {"accepted": true, "real_timestamp_ms": 1789203288058, "virtual_time_s": 971, "measure_result": "no_signal"}}
2026-09-12 16:54:51,342 INFO request {"path": "/measure", "payload": {"arena_id": "default", "robot_id": "202601002029", "request_id": "fee85e49f92740f8a695c52b565da71c", "position": {"x": -564.9999999999998, "y": 978.6087062764158}, "channel": 4}, "attempt": 1}
2026-09-12 16:54:51,342 INFO response {"request_id": "fee85e49f92740f8a695c52b565da71c", "http_status": 200, "body": {"accepted": true, "real_timestamp_ms": 1789203288059, "virtual_time_s": 977, "measure_result": "no_signal"}}
2026-09-12 16:54:51,343 INFO request {"path": "/measure", "payload": {"arena_id": "default", "robot_id": "202601002029", "request_id": "f0a3fb040c4f4bf89647cadcd5fbd646", "position": {"x": -564.9999999999998, "y": 978.6087062764158}, "channel": 5}, "attempt": 1}
2026-09-12 16:54:51,355 INFO response {"request_id": "f0a3fb040c4f4bf89647cadcd5fbd646", "http_status": 200, "body": {"accepted": true, "real_timestamp_ms": 1789203288071, "virtual_time_s": 983, "measure_result": "no_signal"}}
2026-09-12 16:54:51,355 INFO request {"path": "/measure", "payload": {"arena_id": "default", "robot_id": "202601002029", "request_id": "e3a69811fa2042ebac078beb413371c5", "position": {"x": -564.9999999999998, "y": 978.6087062764158}, "channel": 7}, "attempt": 1}
2026-09-12 16:54:51,374 INFO response {"request_id": "e3a69811fa2042ebac078beb413371c5", "http_status": 200, "body": {"accepted": true, "real_timestamp_ms": 1789203288090, "virtual_time_s": 989, "measure_result": "no_signal"}}
2026-09-12 16:54:51,374 INFO request {"path": "/measure", "payload": {"arena_id": "default", "robot_id": "202601002029", "request_id": "4b7329e02c4449d5bec33b35235dc23c", "position": {"x": -564.9999999999998, "y": 978.6087062764158}, "channel": 8}, "attempt": 1}
2026-09-12 16:54:51,394 INFO response {"request_id": "4b7329e02c4449d5bec33b35235dc23c", "http_status": 200, "body": {"accepted": true, "real_timestamp_ms": 1789203288110, "virtual_time_s": 995, "measure_result": "direction", "svd_deg": 143.19}}
2026-09-12 16:54:51,400 INFO request {"path": "/measure", "payload": {"arena_id": "default", "robot_id": "202601002029", "request_id": "10c3b4b30c6648788a3bac882743fbc1", "position": {"x": -564.9999999999998, "y": 978.6087062764158}, "channel": 14}, "attempt": 1}
2026-09-12 16:54:51,413 INFO response {"request_id": "10c3b4b30c6648788a3bac882743fbc1", "http_status": 200, "body": {"accepted": true, "real_timestamp_ms": 1789203288129, "virtual_time_s": 1001, "measure_result": "no_signal"}}
2026-09-12 16:54:51,413 INFO request {"path": "/measure", "payload": {"arena_id": "default", "robot_id": "202601002029", "request_id": "270abd3a4e0e44c38759cc68acc86e87", "position": {"x": -564.9999999999998, "y": 978.6087062764158}, "channel": 15}, "attempt": 1}
2026-09-12 16:54:51,433 INFO response {"request_id": "270abd3a4e0e44c38759cc68acc86e87", "http_status": 200, "body": {"accepted": true, "real_timestamp_ms": 1789203288149, "virtual_time_s": 1007, "measure_result": "no_signal"}}
2026-09-12 16:54:51,433 INFO request {"path": "/measure", "payload": {"arena_id": "default", "robot_id": "202601002029", "request_id": "2ad245043e4b468594907b406e7592e2", "position": {"x": -564.9999999999998, "y": 978.6087062764158}, "channel": 16}, "attempt": 1}
2026-09-12 16:54:51,453 INFO response {"request_id": "2ad245043e4b468594907b406e7592e2", "http_status": 200, "body": {"accepted": true, "real_timestamp_ms": 1789203288168, "virtual_time_s": 1013, "measure_result": "no_signal"}}
2026-09-12 16:54:51,453 INFO request {"path": "/measure", "payload": {"arena_id": "default", "robot_id": "202601002029", "request_id": "1bb6e5275dbd4752adfad3a23af4cb23", "position": {"x": -564.9999999999998, "y": 978.6087062764158}, "channel": 17}, "attempt": 1}
2026-09-12 16:54:51,472 INFO response {"request_id": "1bb6e5275dbd4752adfad3a23af4cb23", "http_status": 200, "body": {"accepted": true, "real_timestamp_ms": 1789203288188, "virtual_time_s": 1019, "measure_result": "no_signal"}}
2026-09-12 16:54:51,472 INFO request {"path": "/measure", "payload": {"arena_id": "default", "robot_id": "202601002029", "request_id": "71e37960a8704db8a60d9b8b238d0870", "position": {"x": -564.9999999999998, "y": 978.6087062764158}, "channel": 18}, "attempt": 1}
2026-09-12 16:54:51,475 INFO response {"request_id": "71e37960a8704db8a60d9b8b238d0870", "http_status": 200, "body": {"accepted": true, "real_timestamp_ms": 1789203288190, "virtual_time_s": 1025, "measure_result": "no_signal"}}
2026-09-12 16:54:51,518 INFO request {"path": "/measure", "payload": {"arena_id": "default", "robot_id": "202601002029", "request_id": "3359eacdd2564b75b12c0fe2646690fe", "position": {"x": -564.9999999999998, "y": 978.6087062764158}, "channel": 3}, "attempt": 1}
2026-09-12 16:54:51,531 INFO response {"request_id": "3359eacdd2564b75b12c0fe2646690fe", "http_status": 200, "body": {"accepted": true, "real_timestamp_ms": 1789203288247, "virtual_time_s": 1031, "measure_result": "direction", "svd_deg": 258.94}}
2026-09-12 16:54:51,574 INFO request {"path": "/measure", "payload": {"arena_id": "default", "robot_id": "202601002029", "request_id": "c5d6e847bed64d1f8c516fee7338ed42", "position": {"x": -564.9999999999998, "y": 978.6087062764158}, "channel": 1}, "attempt": 1}
2026-09-12 16:54:51,574 INFO response {"request_id": "c5d6e847bed64d1f8c516fee7338ed42", "http_status": 200, "body": {"accepted": true, "real_timestamp_ms": 1789203288291, "virtual_time_s": 1037, "measure_result": "direction", "svd_deg": 240.64}}
2026-09-12 16:54:51,577 INFO request {"path": "/measure", "payload": {"arena_id": "default", "robot_id": "202601002029", "request_id": "e31484395962425da3d1390ca6449275", "position": {"x": -1130.0, "y": 1.3838508830365092e-13}, "channel": 2}, "attempt": 1}
2026-09-12 16:54:51,577 INFO response {"request_id": "e31484395962425da3d1390ca6449275", "http_status": 200, "body": {"accepted": true, "real_timestamp_ms": 1789203288293, "virtual_time_s": 1269, "measure_result": "no_signal"}}
2026-09-12 16:54:51,577 INFO request {"path": "/measure", "payload": {"arena_id": "default", "robot_id": "202601002029", "request_id": "896e4fff732a405399d7ab41de7afbf5", "position": {"x": -1130.0, "y": 1.3838508830365092e-13}, "channel": 4}, "attempt": 1}
2026-09-12 16:54:51,579 INFO response {"request_id": "896e4fff732a405399d7ab41de7afbf5", "http_status": 200, "body": {"accepted": true, "real_timestamp_ms": 1789203288295, "virtual_time_s": 1275, "measure_result": "no_signal"}}
2026-09-12 16:54:51,579 INFO request {"path": "/measure", "payload": {"arena_id": "default", "robot_id": "202601002029", "request_id": "84e05b59d78d49c580aed9a359978c06", "position": {"x": -1130.0, "y": 1.3838508830365092e-13}, "channel": 5}, "attempt": 1}
2026-09-12 16:54:51,600 INFO response {"request_id": "84e05b59d78d49c580aed9a359978c06", "http_status": 200, "body": {"accepted": true, "real_timestamp_ms": 1789203288316, "virtual_time_s": 1281, "measure_result": "no_signal"}}
2026-09-12 16:54:51,601 INFO request {"path": "/measure", "payload": {"arena_id": "default", "robot_id": "202601002029", "request_id": "f1b4bcf14c754efe9cab4813aa6137c3", "position": {"x": -1130.0, "y": 1.3838508830365092e-13}, "channel": 7}, "attempt": 1}
2026-09-12 16:54:51,602 INFO response {"request_id": "f1b4bcf14c754efe9cab4813aa6137c3", "http_status": 200, "body": {"accepted": true, "real_timestamp_ms": 1789203288318, "virtual_time_s": 1287, "measure_result": "no_signal"}}
2026-09-12 16:54:51,602 INFO request {"path": "/measure", "payload": {"arena_id": "default", "robot_id": "202601002029", "request_id": "3228edbcdf9f4d4dad4c9193291e53ab", "position": {"x": -1130.0, "y": 1.3838508830365092e-13}, "channel": 14}, "attempt": 1}
2026-09-12 16:54:51,604 INFO response {"request_id": "3228edbcdf9f4d4dad4c9193291e53ab", "http_status": 200, "body": {"accepted": true, "real_timestamp_ms": 1789203288320, "virtual_time_s": 1293, "measure_result": "no_signal"}}
2026-09-12 16:54:51,604 INFO request {"path": "/measure", "payload": {"arena_id": "default", "robot_id": "202601002029", "request_id": "b377940ee1a84988b3d6f7d4423500fe", "position": {"x": -1130.0, "y": 1.3838508830365092e-13}, "channel": 15}, "attempt": 1}
2026-09-12 16:54:51,620 INFO response {"request_id": "b377940ee1a84988b3d6f7d4423500fe", "http_status": 200, "body": {"accepted": true, "real_timestamp_ms": 1789203288336, "virtual_time_s": 1299, "measure_result": "no_signal"}}
2026-09-12 16:54:51,620 INFO request {"path": "/measure", "payload": {"arena_id": "default", "robot_id": "202601002029", "request_id": "4d60b42f463a42609c38232b569d654a", "position": {"x": -1130.0, "y": 1.3838508830365092e-13}, "channel": 16}, "attempt": 1}
2026-09-12 16:54:51,622 INFO response {"request_id": "4d60b42f463a42609c38232b569d654a", "http_status": 200, "body": {"accepted": true, "real_timestamp_ms": 1789203288338, "virtual_time_s": 1305, "measure_result": "no_signal"}}
2026-09-12 16:54:51,622 INFO request {"path": "/measure", "payload": {"arena_id": "default", "robot_id": "202601002029", "request_id": "8af64019d35a460489882b195235e4b9", "position": {"x": -1130.0, "y": 1.3838508830365092e-13}, "channel": 17}, "attempt": 1}
2026-09-12 16:54:51,624 INFO response {"request_id": "8af64019d35a460489882b195235e4b9", "http_status": 200, "body": {"accepted": true, "real_timestamp_ms": 1789203288340, "virtual_time_s": 1311, "measure_result": "no_signal"}}
2026-09-12 16:54:51,624 INFO request {"path": "/measure", "payload": {"arena_id": "default", "robot_id": "202601002029", "request_id": "7738212c875042f78170400e10506435", "position": {"x": -1130.0, "y": 1.3838508830365092e-13}, "channel": 18}, "attempt": 1}
2026-09-12 16:54:51,626 INFO response {"request_id": "7738212c875042f78170400e10506435", "http_status": 200, "body": {"accepted": true, "real_timestamp_ms": 1789203288342, "virtual_time_s": 1317, "measure_result": "no_signal"}}
2026-09-12 16:54:51,654 INFO request {"path": "/measure", "payload": {"arena_id": "default", "robot_id": "202601002029", "request_id": "0ca40228158c4532b9e7a0b75387ebca", "position": {"x": -1130.0, "y": 1.3838508830365092e-13}, "channel": 3}, "attempt": 1}
2026-09-12 16:54:51,655 INFO response {"request_id": "0ca40228158c4532b9e7a0b75387ebca", "http_status": 200, "body": {"accepted": true, "real_timestamp_ms": 1789203288371, "virtual_time_s": 1323, "measure_result": "direction", "svd_deg": 34.97}}
2026-09-12 16:54:51,671 INFO request {"path": "/measure", "payload": {"arena_id": "default", "robot_id": "202601002029", "request_id": "5b3c246e88c64c14937939610a2da70f", "position": {"x": -1130.0, "y": 1.3838508830365092e-13}, "channel": 1}, "attempt": 1}
2026-09-12 16:54:51,672 INFO response {"request_id": "5b3c246e88c64c14937939610a2da70f", "http_status": 200, "body": {"accepted": true, "real_timestamp_ms": 1789203288388, "virtual_time_s": 1329, "measure_result": "direction", "svd_deg": 59.42}}
2026-09-12 16:54:51,675 INFO request {"path": "/measure", "payload": {"arena_id": "default", "robot_id": "202601002029", "request_id": "9417f4f35f41458c9973f47e89d0cf42", "position": {"x": -565.0000000000005, "y": -978.6087062764154}, "channel": 2}, "attempt": 1}
2026-09-12 16:54:51,676 INFO response {"request_id": "9417f4f35f41458c9973f47e89d0cf42", "http_status": 200, "body": {"accepted": true, "real_timestamp_ms": 1789203288393, "virtual_time_s": 1561, "measure_result": "no_signal"}}
2026-09-12 16:54:51,677 INFO request {"path": "/measure", "payload": {"arena_id": "default", "robot_id": "202601002029", "request_id": "0af8ee239888471a84f9f21246b69fd1", "position": {"x": -565.0000000000005, "y": -978.6087062764154}, "channel": 4}, "attempt": 1}
2026-09-12 16:54:51,677 INFO response {"request_id": "0af8ee239888471a84f9f21246b69fd1", "http_status": 200, "body": {"accepted": true, "real_timestamp_ms": 1789203288393, "virtual_time_s": 1567, "measure_result": "no_signal"}}
2026-09-12 16:54:51,677 INFO request {"path": "/measure", "payload": {"arena_id": "default", "robot_id": "202601002029", "request_id": "a17e31559df14021b117f59b20fd64ae", "position": {"x": -565.0000000000005, "y": -978.6087062764154}, "channel": 5}, "attempt": 1}
2026-09-12 16:54:51,678 INFO response {"request_id": "a17e31559df14021b117f59b20fd64ae", "http_status": 200, "body": {"accepted": true, "real_timestamp_ms": 1789203288394, "virtual_time_s": 1573, "measure_result": "no_signal"}}
2026-09-12 16:54:51,678 INFO request {"path": "/measure", "payload": {"arena_id": "default", "robot_id": "202601002029", "request_id": "bc16b092f445418fa1029847a9c019e9", "position": {"x": -565.0000000000005, "y": -978.6087062764154}, "channel": 7}, "attempt": 1}
2026-09-12 16:54:51,678 INFO response {"request_id": "bc16b092f445418fa1029847a9c019e9", "http_status": 200, "body": {"accepted": true, "real_timestamp_ms": 1789203288395, "virtual_time_s": 1579, "measure_result": "no_signal"}}
2026-09-12 16:54:51,678 INFO request {"path": "/measure", "payload": {"arena_id": "default", "robot_id": "202601002029", "request_id": "04f9426139f3421397e4ee43fe58b38a", "position": {"x": -565.0000000000005, "y": -978.6087062764154}, "channel": 14}, "attempt": 1}
2026-09-12 16:54:51,679 INFO response {"request_id": "04f9426139f3421397e4ee43fe58b38a", "http_status": 200, "body": {"accepted": true, "real_timestamp_ms": 1789203288395, "virtual_time_s": 1585, "measure_result": "no_signal"}}
2026-09-12 16:54:51,679 INFO request {"path": "/measure", "payload": {"arena_id": "default", "robot_id": "202601002029", "request_id": "61d9df74526c43ccaeee6ec91eb17dcf", "position": {"x": -565.0000000000005, "y": -978.6087062764154}, "channel": 15}, "attempt": 1}
2026-09-12 16:54:51,680 INFO response {"request_id": "61d9df74526c43ccaeee6ec91eb17dcf", "http_status": 200, "body": {"accepted": true, "real_timestamp_ms": 1789203288396, "virtual_time_s": 1591, "measure_result": "no_signal"}}
2026-09-12 16:54:51,680 INFO request {"path": "/measure", "payload": {"arena_id": "default", "robot_id": "202601002029", "request_id": "d1fed11e87084de5bcf5cc95ce48671e", "position": {"x": -565.0000000000005, "y": -978.6087062764154}, "channel": 16}, "attempt": 1}
2026-09-12 16:54:51,680 INFO response {"request_id": "d1fed11e87084de5bcf5cc95ce48671e", "http_status": 200, "body": {"accepted": true, "real_timestamp_ms": 1789203288397, "virtual_time_s": 1597, "measure_result": "no_signal"}}
2026-09-12 16:54:51,680 INFO request {"path": "/measure", "payload": {"arena_id": "default", "robot_id": "202601002029", "request_id": "ea2611c0db684634839041b19eba9f07", "position": {"x": -565.0000000000005, "y": -978.6087062764154}, "channel": 17}, "attempt": 1}
2026-09-12 16:54:51,681 INFO response {"request_id": "ea2611c0db684634839041b19eba9f07", "http_status": 200, "body": {"accepted": true, "real_timestamp_ms": 1789203288398, "virtual_time_s": 1603, "measure_result": "no_signal"}}
2026-09-12 16:54:51,681 INFO request {"path": "/measure", "payload": {"arena_id": "default", "robot_id": "202601002029", "request_id": "b685b43c4cb84b70b29f80d3aa0a95c0", "position": {"x": -565.0000000000005, "y": -978.6087062764154}, "channel": 18}, "attempt": 1}
2026-09-12 16:54:51,682 INFO response {"request_id": "b685b43c4cb84b70b29f80d3aa0a95c0", "http_status": 200, "body": {"accepted": true, "real_timestamp_ms": 1789203288398, "virtual_time_s": 1609, "measure_result": "no_signal"}}
2026-09-12 16:54:51,701 INFO request {"path": "/measure", "payload": {"arena_id": "default", "robot_id": "202601002029", "request_id": "d89f4748dc1c486bbf99ed8c0c9347a1", "position": {"x": -565.0000000000005, "y": -978.6087062764154}, "channel": 11}, "attempt": 1}
2026-09-12 16:54:51,703 INFO response {"request_id": "d89f4748dc1c486bbf99ed8c0c9347a1", "http_status": 200, "body": {"accepted": true, "real_timestamp_ms": 1789203288419, "virtual_time_s": 1615, "measure_result": "direction", "svd_deg": 109.25}}
2026-09-12 16:54:51,717 INFO request {"path": "/measure", "payload": {"arena_id": "default", "robot_id": "202601002029", "request_id": "1c072827f7fd43a8ba5a4a5fb6972fb4", "position": {"x": -565.0000000000005, "y": -978.6087062764154}, "channel": 13}, "attempt": 1}
2026-09-12 16:54:51,718 INFO response {"request_id": "1c072827f7fd43a8ba5a4a5fb6972fb4", "http_status": 200, "body": {"accepted": true, "real_timestamp_ms": 1789203288434, "virtual_time_s": 1621, "measure_result": "direction", "svd_deg": 4.5}}
2026-09-12 16:54:51,721 INFO request {"path": "/measure", "payload": {"arena_id": "default", "robot_id": "202601002029", "request_id": "a1837f0239e74aec847b5db649e1e538", "position": {"x": 565.0000000000001, "y": -978.6087062764157}, "channel": 2}, "attempt": 1}
2026-09-12 16:54:51,722 INFO response {"request_id": "a1837f0239e74aec847b5db649e1e538", "http_status": 200, "body": {"accepted": true, "real_timestamp_ms": 1789203288439, "virtual_time_s": 1853, "measure_result": "no_signal"}}
2026-09-12 16:54:51,723 INFO request {"path": "/measure", "payload": {"arena_id": "default", "robot_id": "202601002029", "request_id": "14fcc6f23b764437a92cc3aac8ba7ae0", "position": {"x": 565.0000000000001, "y": -978.6087062764157}, "channel": 4}, "attempt": 1}
2026-09-12 16:54:51,723 INFO response {"request_id": "14fcc6f23b764437a92cc3aac8ba7ae0", "http_status": 200, "body": {"accepted": true, "real_timestamp_ms": 1789203288440, "virtual_time_s": 1859, "measure_result": "no_signal"}}
2026-09-12 16:54:51,724 INFO request {"path": "/measure", "payload": {"arena_id": "default", "robot_id": "202601002029", "request_id": "0ab3251440b345338207f5f0770ad452", "position": {"x": 565.0000000000001, "y": -978.6087062764157}, "channel": 5}, "attempt": 1}
2026-09-12 16:54:51,725 INFO response {"request_id": "0ab3251440b345338207f5f0770ad452", "http_status": 200, "body": {"accepted": true, "real_timestamp_ms": 1789203288441, "virtual_time_s": 1865, "measure_result": "no_signal"}}
2026-09-12 16:54:51,725 INFO request {"path": "/measure", "payload": {"arena_id": "default", "robot_id": "202601002029", "request_id": "28427ac2f4cf4289a3959350cea270a2", "position": {"x": 565.0000000000001, "y": -978.6087062764157}, "channel": 7}, "attempt": 1}
2026-09-12 16:54:51,725 INFO response {"request_id": "28427ac2f4cf4289a3959350cea270a2", "http_status": 200, "body": {"accepted": true, "real_timestamp_ms": 1789203288442, "virtual_time_s": 1871, "measure_result": "no_signal"}}
2026-09-12 16:54:51,725 INFO request {"path": "/measure", "payload": {"arena_id": "default", "robot_id": "202601002029", "request_id": "f3c7342ff3014ac39e17724d91ce7596", "position": {"x": 565.0000000000001, "y": -978.6087062764157}, "channel": 14}, "attempt": 1}
2026-09-12 16:54:51,726 INFO response {"request_id": "f3c7342ff3014ac39e17724d91ce7596", "http_status": 200, "body": {"accepted": true, "real_timestamp_ms": 1789203288442, "virtual_time_s": 1877, "measure_result": "no_signal"}}
2026-09-12 16:54:51,726 INFO request {"path": "/measure", "payload": {"arena_id": "default", "robot_id": "202601002029", "request_id": "03031f594b0d4402a33424a3fb2cfe0a", "position": {"x": 565.0000000000001, "y": -978.6087062764157}, "channel": 15}, "attempt": 1}
2026-09-12 16:54:51,727 INFO response {"request_id": "03031f594b0d4402a33424a3fb2cfe0a", "http_status": 200, "body": {"accepted": true, "real_timestamp_ms": 1789203288443, "virtual_time_s": 1883, "measure_result": "no_signal"}}
2026-09-12 16:54:51,727 INFO request {"path": "/measure", "payload": {"arena_id": "default", "robot_id": "202601002029", "request_id": "519212bf8ec542ba9cc4d32e0a54cb4b", "position": {"x": 565.0000000000001, "y": -978.6087062764157}, "channel": 16}, "attempt": 1}
2026-09-12 16:54:51,727 INFO response {"request_id": "519212bf8ec542ba9cc4d32e0a54cb4b", "http_status": 200, "body": {"accepted": true, "real_timestamp_ms": 1789203288444, "virtual_time_s": 1889, "measure_result": "no_signal"}}
2026-09-12 16:54:51,727 INFO request {"path": "/measure", "payload": {"arena_id": "default", "robot_id": "202601002029", "request_id": "ef2792d2ae7d479bbb244931a24bd098", "position": {"x": 565.0000000000001, "y": -978.6087062764157}, "channel": 17}, "attempt": 1}
2026-09-12 16:54:51,728 INFO response {"request_id": "ef2792d2ae7d479bbb244931a24bd098", "http_status": 200, "body": {"accepted": true, "real_timestamp_ms": 1789203288445, "virtual_time_s": 1895, "measure_result": "no_signal"}}
2026-09-12 16:54:51,728 INFO request {"path": "/measure", "payload": {"arena_id": "default", "robot_id": "202601002029", "request_id": "40c1318b48d9460fa3a388ff0a9c2aa9", "position": {"x": 565.0000000000001, "y": -978.6087062764157}, "channel": 18}, "attempt": 1}
2026-09-12 16:54:51,729 INFO response {"request_id": "40c1318b48d9460fa3a388ff0a9c2aa9", "http_status": 200, "body": {"accepted": true, "real_timestamp_ms": 1789203288445, "virtual_time_s": 1901, "measure_result": "direction", "svd_deg": 324.31}}
2026-09-12 16:54:51,746 INFO request {"path": "/measure", "payload": {"arena_id": "default", "robot_id": "202601002029", "request_id": "11f36cb9b3b042d999347701b7c950b7", "position": {"x": 565.0000000000001, "y": -978.6087062764157}, "channel": 13}, "attempt": 1}
2026-09-12 16:54:51,748 INFO response {"request_id": "11f36cb9b3b042d999347701b7c950b7", "http_status": 200, "body": {"accepted": true, "real_timestamp_ms": 1789203288464, "virtual_time_s": 1907, "measure_result": "direction", "svd_deg": 156.14}}
2026-09-12 16:54:59,110 INFO request {"path": "/measure", "payload": {"arena_id": "default", "robot_id": "202601002029", "request_id": "d775a183607743d48801f599f3df0966", "position": {"x": 628.1949987246886, "y": -1241.4973038706628}, "channel": 13}, "attempt": 1}
2026-09-12 16:54:59,112 INFO response {"request_id": "d775a183607743d48801f599f3df0966", "http_status": 200, "body": {"accepted": true, "real_timestamp_ms": 1789203295827, "virtual_time_s": 1966.075511, "measure_result": "direction", "svd_deg": 122.39}}
2026-09-12 16:54:59,122 INFO request {"path": "/measure", "payload": {"arena_id": "default", "robot_id": "202601002029", "request_id": "3782f2f4c1924286b62478ba62d7a656", "position": {"x": 812.0040533298921, "y": -1525.407570246161}, "channel": 18}, "attempt": 1}
2026-09-12 16:54:59,133 INFO response {"request_id": "3782f2f4c1924286b62478ba62d7a656", "http_status": 200, "body": {"accepted": true, "real_timestamp_ms": 1789203295849, "virtual_time_s": 2039.718931, "measure_result": "direction", "svd_deg": 36.52}}
2026-09-12 16:54:59,139 INFO request {"path": "/clear", "payload": {"arena_id": "default", "robot_id": "202601002029", "request_id": "6ffcfa3df5db4a2488120d002301e8e6", "position": {"x": 1065.5367060844421, "y": -1337.9499732555596}, "channel": 18}, "attempt": 1}
2026-09-12 16:54:59,154 INFO response {"request_id": "6ffcfa3df5db4a2488120d002301e8e6", "http_status": 200, "body": {"accepted": true, "real_timestamp_ms": 1789203295870, "virtual_time_s": 2107.780538, "clear_result": "success"}}
2026-09-12 16:54:59,157 INFO request {"path": "/clear", "payload": {"arena_id": "default", "robot_id": "202601002029", "request_id": "a461d8936aa44843b263ef1230efc9a4", "position": {"x": 415.78713787920606, "y": -909.9410793304335}, "channel": 13}, "attempt": 1}
2026-09-12 16:54:59,174 INFO response {"request_id": "a461d8936aa44843b263ef1230efc9a4", "http_status": 200, "body": {"accepted": true, "real_timestamp_ms": 1789203295890, "virtual_time_s": 2268.391092, "clear_result": "success"}}
2026-09-12 16:54:59,179 INFO request {"path": "/measure", "payload": {"arena_id": "default", "robot_id": "202601002029", "request_id": "99f52b159b2a4c5caee2ddbfbe22fc74", "position": {"x": -444.26301869652923, "y": -174.17026768790083}, "channel": 11}, "attempt": 1}
2026-09-12 16:54:59,194 INFO response {"request_id": "99f52b159b2a4c5caee2ddbfbe22fc74", "http_status": 200, "body": {"accepted": true, "real_timestamp_ms": 1789203295910, "virtual_time_s": 2500.757605, "measure_result": "direction", "svd_deg": 181.23}}
2026-09-12 16:54:59,224 INFO request {"path": "/measure", "payload": {"arena_id": "default", "robot_id": "202601002029", "request_id": "f5edb90beaeb4484aaf62733cf923112", "position": {"x": -444.26301869652923, "y": -174.17026768790083}, "channel": 1}, "attempt": 1}
2026-09-12 16:54:59,242 INFO response {"request_id": "f5edb90beaeb4484aaf62733cf923112", "http_status": 200, "body": {"accepted": true, "real_timestamp_ms": 1789203295957, "virtual_time_s": 2506.757605, "measure_result": "direction", "svd_deg": 147.71}}
2026-09-12 16:54:59,267 INFO request {"path": "/clear", "payload": {"arena_id": "default", "robot_id": "202601002029", "request_id": "05494b8c811c46a0912b12cf56aa706a", "position": {"x": -843.7707573430763, "y": -180.88740377570545}, "channel": 11}, "attempt": 1}
2026-09-12 16:54:59,270 INFO response {"request_id": "05494b8c811c46a0912b12cf56aa706a", "http_status": 200, "body": {"accepted": true, "real_timestamp_ms": 1789203295986, "virtual_time_s": 2591.670446, "clear_result": "success"}}
2026-09-12 16:54:59,277 INFO request {"path": "/clear", "payload": {"arena_id": "default", "robot_id": "202601002029", "request_id": "ab3044a31c59452ab11892ef29313824", "position": {"x": -1016.3101037840281, "y": 193.05147656979636}, "channel": 1}, "attempt": 1}
2026-09-12 16:54:59,291 INFO response {"request_id": "ab3044a31c59452ab11892ef29313824", "http_status": 200, "body": {"accepted": true, "real_timestamp_ms": 1789203296007, "virtual_time_s": 2679.035514, "clear_result": "success"}}
2026-09-12 16:54:59,347 INFO request {"path": "/measure", "payload": {"arena_id": "default", "robot_id": "202601002029", "request_id": "49709d4dfa924d08b81523e4297265d8", "position": {"x": -1016.3101037840281, "y": 193.05147656979636}, "channel": 20}, "attempt": 1}
2026-09-12 16:54:59,361 INFO response {"request_id": "49709d4dfa924d08b81523e4297265d8", "http_status": 200, "body": {"accepted": true, "real_timestamp_ms": 1789203296077, "virtual_time_s": 2685.035514, "measure_result": "direction", "svd_deg": 55.6}}
2026-09-12 16:54:59,393 INFO request {"path": "/measure", "payload": {"arena_id": "default", "robot_id": "202601002029", "request_id": "0a56c72123a744dd9844c6169c79f29d", "position": {"x": -1016.3101037840281, "y": 193.05147656979636}, "channel": 10}, "attempt": 1}
2026-09-12 16:54:59,410 INFO response {"request_id": "0a56c72123a744dd9844c6169c79f29d", "http_status": 200, "body": {"accepted": true, "real_timestamp_ms": 1789203296126, "virtual_time_s": 2691.035514, "measure_result": "direction", "svd_deg": 30.3}}
2026-09-12 16:55:00,088 INFO request {"path": "/clear", "payload": {"arena_id": "default", "robot_id": "202601002029", "request_id": "ec51adb247c64e90ac19e08804694249", "position": {"x": -698.1406424782704, "y": 298.46576094628847}, "channel": 3}, "attempt": 1}
2026-09-12 16:55:00,100 INFO response {"request_id": "ec51adb247c64e90ac19e08804694249", "http_status": 200, "body": {"accepted": true, "real_timestamp_ms": 1789203296817, "virtual_time_s": 2763.07102, "clear_result": "success"}}
2026-09-12 16:55:00,117 INFO request {"path": "/measure", "payload": {"arena_id": "default", "robot_id": "202601002029", "request_id": "35d590f6bc6a4d79a7bf08ac20a6748f", "position": {"x": -205.15021302525304, "y": 440.2852294064743}, "channel": 6}, "attempt": 1}
2026-09-12 16:55:00,130 INFO response {"request_id": "35d590f6bc6a4d79a7bf08ac20a6748f", "http_status": 200, "body": {"accepted": true, "real_timestamp_ms": 1789203296845, "virtual_time_s": 2871.667769, "measure_result": "direction", "svd_deg": 11.47}}
2026-09-12 16:55:00,166 INFO request {"path": "/measure", "payload": {"arena_id": "default", "robot_id": "202601002029", "request_id": "8eb898f4b71a4739b93242c21a969ad6", "position": {"x": -205.15021302525304, "y": 440.2852294064743}, "channel": 20}, "attempt": 1}
2026-09-12 16:55:00,168 INFO response {"request_id": "8eb898f4b71a4739b93242c21a969ad6", "http_status": 200, "body": {"accepted": true, "real_timestamp_ms": 1789203296884, "virtual_time_s": 2877.667769, "measure_result": "direction", "svd_deg": 132.29}}
2026-09-12 16:55:00,182 INFO request {"path": "/measure", "payload": {"arena_id": "default", "robot_id": "202601002029", "request_id": "761fdea0ab8e4f4bbe2feb5e77eeea38", "position": {"x": -205.15021302525304, "y": 440.2852294064743}, "channel": 9}, "attempt": 1}
2026-09-12 16:55:00,184 INFO response {"request_id": "761fdea0ab8e4f4bbe2feb5e77eeea38", "http_status": 200, "body": {"accepted": true, "real_timestamp_ms": 1789203296900, "virtual_time_s": 2883.667769, "measure_result": "direction", "svd_deg": 67.47}}
2026-09-12 16:55:00,189 INFO request {"path": "/clear", "payload": {"arena_id": "default", "robot_id": "202601002029", "request_id": "fe8acd1a959e4e7eb602a18de8625d95", "position": {"x": 578.6171413398456, "y": 594.6690501548819}, "channel": 6}, "attempt": 1}
2026-09-12 16:55:00,191 INFO response {"request_id": "fe8acd1a959e4e7eb602a18de8625d95", "http_status": 200, "body": {"accepted": true, "real_timestamp_ms": 1789203296907, "virtual_time_s": 3048.433301, "clear_result": "success"}}
2026-09-12 16:55:00,193 INFO request {"path": "/measure", "payload": {"arena_id": "default", "robot_id": "202601002029", "request_id": "8ce355b912b942dc9f11dc0064f70da2", "position": {"x": 1115.777467611958, "y": 1216.6090868873694}, "channel": 19}, "attempt": 1}
2026-09-12 16:55:00,194 INFO response {"request_id": "8ce355b912b942dc9f11dc0064f70da2", "http_status": 200, "body": {"accepted": true, "real_timestamp_ms": 1789203296910, "virtual_time_s": 3218.792739, "measure_result": "direction", "svd_deg": 129.67}}
2026-09-12 16:55:00,198 INFO request {"path": "/clear", "payload": {"arena_id": "default", "robot_id": "202601002029", "request_id": "f8d27ae26e9b4b099c3c7203e1b9726a", "position": {"x": 918.6955267777141, "y": 1454.5757614004779}, "channel": 19}, "attempt": 1}
2026-09-12 16:55:00,218 INFO response {"request_id": "f8d27ae26e9b4b099c3c7203e1b9726a", "http_status": 200, "body": {"accepted": true, "real_timestamp_ms": 1789203296934, "virtual_time_s": 3285.588994, "clear_result": "success"}}
2026-09-12 16:55:00,221 INFO request {"path": "/measure", "payload": {"arena_id": "default", "robot_id": "202601002029", "request_id": "7a092452ad9342b795f7230e68f865c4", "position": {"x": 372.3517887381577, "y": 1861.9081026640936}, "channel": 12}, "attempt": 1}
2026-09-12 16:55:00,223 INFO response {"request_id": "7a092452ad9342b795f7230e68f865c4", "http_status": 200, "body": {"accepted": true, "real_timestamp_ms": 1789203296938, "virtual_time_s": 3427.884426, "measure_result": "direction", "svd_deg": 199.79}}
2026-09-12 16:55:01,031 INFO request {"path": "/measure", "payload": {"arena_id": "default", "robot_id": "202601002029", "request_id": "1c75823ed636473e9dceb36f25449ca1", "position": {"x": 175.51885156585644, "y": 1897.3594050960903}, "channel": 12}, "attempt": 1}
2026-09-12 16:55:01,051 INFO response {"request_id": "1c75823ed636473e9dceb36f25449ca1", "http_status": 200, "body": {"accepted": true, "real_timestamp_ms": 1789203297767, "virtual_time_s": 3472.884426, "measure_result": "direction", "svd_deg": 221.33}}
2026-09-12 16:55:01,059 INFO request {"path": "/clear", "payload": {"arena_id": "default", "robot_id": "202601002029", "request_id": "28d3747b3dcf492d954b92fbe0d72f80", "position": {"x": -19.89176220391987, "y": 1724.650235459998}, "channel": 12}, "attempt": 1}
2026-09-12 16:55:01,060 INFO response {"request_id": "28d3747b3dcf492d954b92fbe0d72f80", "http_status": 200, "body": {"accepted": true, "real_timestamp_ms": 1789203297777, "virtual_time_s": 3530.043324, "clear_result": "success"}}
2026-09-12 16:55:01,071 INFO request {"path": "/measure", "payload": {"arena_id": "default", "robot_id": "202601002029", "request_id": "24a7cc71f4454b29a531014f6cc880cb", "position": {"x": -19.89176220391987, "y": 1724.650235459998}, "channel": 8}, "attempt": 1}
2026-09-12 16:55:01,091 INFO response {"request_id": "24a7cc71f4454b29a531014f6cc880cb", "http_status": 200, "body": {"accepted": true, "real_timestamp_ms": 1789203297807, "virtual_time_s": 3536.043324, "measure_result": "direction", "svd_deg": 205.36}}
2026-09-12 16:55:01,906 INFO request {"path": "/clear", "payload": {"arena_id": "default", "robot_id": "202601002029", "request_id": "ee8d6e751acc4023adff1639eb635aef", "position": {"x": 124.55663399325607, "y": 1235.5923668051219}, "channel": 9}, "attempt": 1}
2026-09-12 16:55:01,907 INFO response {"request_id": "ee8d6e751acc4023adff1639eb635aef", "http_status": 200, "body": {"accepted": true, "real_timestamp_ms": 1789203298623, "virtual_time_s": 3643.032135, "clear_result": "success"}}
2026-09-12 16:55:01,908 INFO request {"path": "/clear", "payload": {"arena_id": "default", "robot_id": "202601002029", "request_id": "d45645fbcd954083a6951619f15fe77a", "position": {"x": -356.6517038475577, "y": 578.4385514025312}, "channel": 10}, "attempt": 1}
2026-09-12 16:55:01,908 INFO response {"request_id": "d45645fbcd954083a6951619f15fe77a", "http_status": 200, "body": {"accepted": true, "real_timestamp_ms": 1789203298624, "virtual_time_s": 3810.932424, "clear_result": "success"}}
2026-09-12 16:55:01,918 INFO request {"path": "/clear", "payload": {"arena_id": "default", "robot_id": "202601002029", "request_id": "a5138655d0b44897944d652724a1fe16", "position": {"x": -571.3507779978045, "y": 843.3004748826362}, "channel": 20}, "attempt": 1}
2026-09-12 16:55:01,919 INFO response {"request_id": "a5138655d0b44897944d652724a1fe16", "http_status": 200, "body": {"accepted": true, "real_timestamp_ms": 1789203298635, "virtual_time_s": 3884.122608, "clear_result": "success"}}
2026-09-12 16:55:01,928 INFO request {"path": "/measure", "payload": {"arena_id": "default", "robot_id": "202601002029", "request_id": "1d37a12bdcd14041b18b812dbbd97179", "position": {"x": -571.3507779978045, "y": 843.3004748826362}, "channel": 8}, "attempt": 1}
2026-09-12 16:55:01,929 INFO response {"request_id": "1d37a12bdcd14041b18b812dbbd97179", "http_status": 200, "body": {"accepted": true, "real_timestamp_ms": 1789203298646, "virtual_time_s": 3889.122608, "measure_result": "direction", "svd_deg": 132.53}}
2026-09-12 16:55:02,856 INFO request {"path": "/measure", "payload": {"arena_id": "default", "robot_id": "202601002029", "request_id": "16df4267b9e14442837fb529c1d11b70", "position": {"x": -962.1779310367872, "y": 1026.039614947207}, "channel": 8}, "attempt": 1}
2026-09-12 16:55:02,857 INFO response {"request_id": "16df4267b9e14442837fb529c1d11b70", "http_status": 200, "body": {"accepted": true, "real_timestamp_ms": 1789203299573, "virtual_time_s": 3980.410372, "measure_result": "direction", "svd_deg": 90.21}}
2026-09-12 16:55:02,863 INFO request {"path": "/clear", "payload": {"arena_id": "default", "robot_id": "202601002029", "request_id": "71331b2a5a2844b5ab3a2806c6cb345b", "position": {"x": -963.3426555237256, "y": 1276.8566293324357}, "channel": 8}, "attempt": 1}
2026-09-12 16:55:02,864 INFO response {"request_id": "71331b2a5a2844b5ab3a2806c6cb345b", "http_status": 200, "body": {"accepted": true, "real_timestamp_ms": 1789203299580, "virtual_time_s": 4035.574316, "clear_result": "success"}}
2026-09-12 16:55:02,864 INFO request {"path": "/exit", "payload": {"arena_id": "default", "robot_id": "202601002029", "request_id": "37542f7f2e83444eadcd19cf3502ac74"}, "attempt": 1}
2026-09-12 16:55:02,865 INFO response {"request_id": "37542f7f2e83444eadcd19cf3502ac74", "http_status": 200, "body": {"accepted": true, "real_timestamp_ms": 1789203299581, "virtual_time_s": 4035.574316, "exit_reason": "user_exit"}}
