2026-09-13 11:14:09,351 INFO request {"path": "/enter", "payload": {"arena_id": "default", "robot_id": "202601002029", "request_id": "8572f7d99ba547c3b0b35ec3a1158e12"}, "attempt": 1}
2026-09-13 11:14:09,356 INFO response {"request_id": "8572f7d99ba547c3b0b35ec3a1158e12", "http_status": 200, "body": {"accepted": true, "real_timestamp_ms": 1789269245295, "virtual_time_s": 0, "max_virtual_duration_s": 360000, "max_real_duration_s": 1200, "remaining_real_duration_s": 1200}}
2026-09-13 11:14:09,356 INFO request {"path": "/measure", "payload": {"arena_id": "default", "robot_id": "202601002029", "request_id": "f99af2353af440af83843564085a6e5b", "position": {"x": 0.0, "y": 0.0}, "channel": 1}, "attempt": 1}
2026-09-13 11:14:09,357 INFO response {"request_id": "f99af2353af440af83843564085a6e5b", "http_status": 200, "body": {"accepted": true, "real_timestamp_ms": 1789269245296, "virtual_time_s": 5, "measure_result": "no_signal"}}
2026-09-13 11:14:09,357 INFO request {"path": "/measure", "payload": {"arena_id": "default", "robot_id": "202601002029", "request_id": "ca9f7bb6ad9c4a4e83d5c37229265a41", "position": {"x": 0.0, "y": 0.0}, "channel": 2}, "attempt": 1}
2026-09-13 11:14:09,370 INFO response {"request_id": "ca9f7bb6ad9c4a4e83d5c37229265a41", "http_status": 200, "body": {"accepted": true, "real_timestamp_ms": 1789269245309, "virtual_time_s": 11, "measure_result": "no_signal"}}
2026-09-13 11:14:09,371 INFO request {"path": "/measure", "payload": {"arena_id": "default", "robot_id": "202601002029", "request_id": "ac5650b6fa424529a9fc700843c1a0e2", "position": {"x": 0.0, "y": 0.0}, "channel": 3}, "attempt": 1}
2026-09-13 11:14:09,372 INFO response {"request_id": "ac5650b6fa424529a9fc700843c1a0e2", "http_status": 200, "body": {"accepted": true, "real_timestamp_ms": 1789269245311, "virtual_time_s": 17, "measure_result": "no_signal"}}
2026-09-13 11:14:09,374 INFO request {"path": "/measure", "payload": {"arena_id": "default", "robot_id": "202601002029", "request_id": "e9bf62ed6f854449a3a927feba40614a", "position": {"x": 0.0, "y": 0.0}, "channel": 4}, "attempt": 1}
2026-09-13 11:14:09,402 INFO response {"request_id": "e9bf62ed6f854449a3a927feba40614a", "http_status": 200, "body": {"accepted": true, "real_timestamp_ms": 1789269245340, "virtual_time_s": 23, "measure_result": "no_signal"}}
2026-09-13 11:14:09,403 INFO request {"path": "/measure", "payload": {"arena_id": "default", "robot_id": "202601002029", "request_id": "4f0417510f2d4c1fa9bbe1722f12b613", "position": {"x": 0.0, "y": 0.0}, "channel": 5}, "attempt": 1}
2026-09-13 11:14:09,416 INFO response {"request_id": "4f0417510f2d4c1fa9bbe1722f12b613", "http_status": 200, "body": {"accepted": true, "real_timestamp_ms": 1789269245355, "virtual_time_s": 29, "measure_result": "direction", "svd_deg": 106.29}}
2026-09-13 11:14:09,427 INFO request {"path": "/measure", "payload": {"arena_id": "default", "robot_id": "202601002029", "request_id": "924850112fdb49b9a1bb9e7af00cc753", "position": {"x": 0.0, "y": 0.0}, "channel": 6}, "attempt": 1}
2026-09-13 11:14:09,429 INFO response {"request_id": "924850112fdb49b9a1bb9e7af00cc753", "http_status": 200, "body": {"accepted": true, "real_timestamp_ms": 1789269245367, "virtual_time_s": 35, "measure_result": "no_signal"}}
2026-09-13 11:14:09,429 INFO request {"path": "/measure", "payload": {"arena_id": "default", "robot_id": "202601002029", "request_id": "0bd33af9ed3d426eb3b4f3506b61d4e4", "position": {"x": 0.0, "y": 0.0}, "channel": 7}, "attempt": 1}
2026-09-13 11:14:09,432 INFO response {"request_id": "0bd33af9ed3d426eb3b4f3506b61d4e4", "http_status": 200, "body": {"accepted": true, "real_timestamp_ms": 1789269245370, "virtual_time_s": 41, "measure_result": "direction", "svd_deg": 7.58}}
2026-09-13 11:14:09,435 INFO request {"path": "/measure", "payload": {"arena_id": "default", "robot_id": "202601002029", "request_id": "d188b9200c5549e7933d543e8d9538a0", "position": {"x": 0.0, "y": 0.0}, "channel": 8}, "attempt": 1}
2026-09-13 11:14:09,437 INFO response {"request_id": "d188b9200c5549e7933d543e8d9538a0", "http_status": 200, "body": {"accepted": true, "real_timestamp_ms": 1789269245376, "virtual_time_s": 47, "measure_result": "direction", "svd_deg": 6.68}}
2026-09-13 11:14:09,440 INFO request {"path": "/measure", "payload": {"arena_id": "default", "robot_id": "202601002029", "request_id": "eb4233d0c39a4fe492010c676fc68fc1", "position": {"x": 0.0, "y": 0.0}, "channel": 9}, "attempt": 1}
2026-09-13 11:14:09,462 INFO response {"request_id": "eb4233d0c39a4fe492010c676fc68fc1", "http_status": 200, "body": {"accepted": true, "real_timestamp_ms": 1789269245400, "virtual_time_s": 53, "measure_result": "no_signal"}}
2026-09-13 11:14:09,463 INFO request {"path": "/measure", "payload": {"arena_id": "default", "robot_id": "202601002029", "request_id": "29c774d993534d2ab80e3b927b197252", "position": {"x": 0.0, "y": 0.0}, "channel": 10}, "attempt": 1}
2026-09-13 11:14:09,465 INFO response {"request_id": "29c774d993534d2ab80e3b927b197252", "http_status": 200, "body": {"accepted": true, "real_timestamp_ms": 1789269245404, "virtual_time_s": 59, "measure_result": "no_signal"}}
2026-09-13 11:14:09,465 INFO request {"path": "/measure", "payload": {"arena_id": "default", "robot_id": "202601002029", "request_id": "d9efe9124afe48e58285b3c5ae267a78", "position": {"x": 0.0, "y": 0.0}, "channel": 11}, "attempt": 1}
2026-09-13 11:14:09,477 INFO response {"request_id": "d9efe9124afe48e58285b3c5ae267a78", "http_status": 200, "body": {"accepted": true, "real_timestamp_ms": 1789269245416, "virtual_time_s": 65, "measure_result": "direction", "svd_deg": 72.09}}
2026-09-13 11:14:09,480 INFO request {"path": "/measure", "payload": {"arena_id": "default", "robot_id": "202601002029", "request_id": "8270eb8932424fcc82d63f42c3811d0c", "position": {"x": 0.0, "y": 0.0}, "channel": 12}, "attempt": 1}
2026-09-13 11:14:09,492 INFO response {"request_id": "8270eb8932424fcc82d63f42c3811d0c", "http_status": 200, "body": {"accepted": true, "real_timestamp_ms": 1789269245431, "virtual_time_s": 71, "measure_result": "no_signal"}}
2026-09-13 11:14:09,492 INFO request {"path": "/measure", "payload": {"arena_id": "default", "robot_id": "202601002029", "request_id": "2c29de31578048d09d8ee2d36272c07f", "position": {"x": 0.0, "y": 0.0}, "channel": 13}, "attempt": 1}
2026-09-13 11:14:09,508 INFO response {"request_id": "2c29de31578048d09d8ee2d36272c07f", "http_status": 200, "body": {"accepted": true, "real_timestamp_ms": 1789269245447, "virtual_time_s": 77, "measure_result": "no_signal"}}
2026-09-13 11:14:09,508 INFO request {"path": "/measure", "payload": {"arena_id": "default", "robot_id": "202601002029", "request_id": "5cd8a06d59694aa8b686b23d103650d4", "position": {"x": 0.0, "y": 0.0}, "channel": 14}, "attempt": 1}
2026-09-13 11:14:09,511 INFO response {"request_id": "5cd8a06d59694aa8b686b23d103650d4", "http_status": 200, "body": {"accepted": true, "real_timestamp_ms": 1789269245450, "virtual_time_s": 83, "measure_result": "no_signal"}}
2026-09-13 11:14:09,511 INFO request {"path": "/measure", "payload": {"arena_id": "default", "robot_id": "202601002029", "request_id": "8313df7162d34352acfb71ade48d78da", "position": {"x": 0.0, "y": 0.0}, "channel": 15}, "attempt": 1}
2026-09-13 11:14:09,538 INFO response {"request_id": "8313df7162d34352acfb71ade48d78da", "http_status": 200, "body": {"accepted": true, "real_timestamp_ms": 1789269245477, "virtual_time_s": 89, "measure_result": "no_signal"}}
2026-09-13 11:14:09,538 INFO request {"path": "/measure", "payload": {"arena_id": "default", "robot_id": "202601002029", "request_id": "0f1ca07b8cac4d9399c079f9bdb2097e", "position": {"x": 0.0, "y": 0.0}, "channel": 16}, "attempt": 1}
2026-09-13 11:14:09,540 INFO response {"request_id": "0f1ca07b8cac4d9399c079f9bdb2097e", "http_status": 200, "body": {"accepted": true, "real_timestamp_ms": 1789269245479, "virtual_time_s": 95, "measure_result": "no_signal"}}
2026-09-13 11:14:09,540 INFO request {"path": "/measure", "payload": {"arena_id": "default", "robot_id": "202601002029", "request_id": "66bad4ecaa1b41539e84939d85c96d95", "position": {"x": 0.0, "y": 0.0}, "channel": 17}, "attempt": 1}
2026-09-13 11:14:09,542 INFO response {"request_id": "66bad4ecaa1b41539e84939d85c96d95", "http_status": 200, "body": {"accepted": true, "real_timestamp_ms": 1789269245482, "virtual_time_s": 101, "measure_result": "no_signal"}}
2026-09-13 11:14:09,542 INFO request {"path": "/measure", "payload": {"arena_id": "default", "robot_id": "202601002029", "request_id": "b131e615569d4ed68076609dcf9c3118", "position": {"x": 0.0, "y": 0.0}, "channel": 18}, "attempt": 1}
2026-09-13 11:14:09,544 INFO response {"request_id": "b131e615569d4ed68076609dcf9c3118", "http_status": 200, "body": {"accepted": true, "real_timestamp_ms": 1789269245484, "virtual_time_s": 107, "measure_result": "direction", "svd_deg": 267.38}}
2026-09-13 11:14:09,549 INFO request {"path": "/measure", "payload": {"arena_id": "default", "robot_id": "202601002029", "request_id": "7370c67f93a449caa7dae17b508c2e86", "position": {"x": 0.0, "y": 0.0}, "channel": 19}, "attempt": 1}
2026-09-13 11:14:09,569 INFO response {"request_id": "7370c67f93a449caa7dae17b508c2e86", "http_status": 200, "body": {"accepted": true, "real_timestamp_ms": 1789269245507, "virtual_time_s": 113, "measure_result": "direction", "svd_deg": 25.3}}
2026-09-13 11:14:09,574 INFO request {"path": "/measure", "payload": {"arena_id": "default", "robot_id": "202601002029", "request_id": "d32dd221ae39449eb24649f7cb5ce18e", "position": {"x": 0.0, "y": 0.0}, "channel": 20}, "attempt": 1}
2026-09-13 11:14:09,599 INFO response {"request_id": "d32dd221ae39449eb24649f7cb5ce18e", "http_status": 200, "body": {"accepted": true, "real_timestamp_ms": 1789269245538, "virtual_time_s": 119, "measure_result": "direction", "svd_deg": 268.36}}
2026-09-13 11:14:09,602 INFO request {"path": "/measure", "payload": {"arena_id": "default", "robot_id": "202601002029", "request_id": "5e13414b5ed6458f9a8137c36869ebc5", "position": {"x": 1130.0, "y": 0.0}, "channel": 1}, "attempt": 1}
2026-09-13 11:14:09,629 INFO response {"request_id": "5e13414b5ed6458f9a8137c36869ebc5", "http_status": 200, "body": {"accepted": true, "real_timestamp_ms": 1789269245568, "virtual_time_s": 351, "measure_result": "no_signal"}}
2026-09-13 11:14:09,629 INFO request {"path": "/measure", "payload": {"arena_id": "default", "robot_id": "202601002029", "request_id": "10cfc4dfcc9a41069407e14ae0bc9ee8", "position": {"x": 1130.0, "y": 0.0}, "channel": 2}, "attempt": 1}
2026-09-13 11:14:09,629 INFO response {"request_id": "10cfc4dfcc9a41069407e14ae0bc9ee8", "http_status": 200, "body": {"accepted": true, "real_timestamp_ms": 1789269245569, "virtual_time_s": 357, "measure_result": "no_signal"}}
2026-09-13 11:14:09,630 INFO request {"path": "/measure", "payload": {"arena_id": "default", "robot_id": "202601002029", "request_id": "bb91d6b78e0c425d8a703d8f5ba531ad", "position": {"x": 1130.0, "y": 0.0}, "channel": 3}, "attempt": 1}
2026-09-13 11:14:09,631 INFO response {"request_id": "bb91d6b78e0c425d8a703d8f5ba531ad", "http_status": 200, "body": {"accepted": true, "real_timestamp_ms": 1789269245570, "virtual_time_s": 363, "measure_result": "no_signal"}}
2026-09-13 11:14:09,631 INFO request {"path": "/measure", "payload": {"arena_id": "default", "robot_id": "202601002029", "request_id": "74f455fbb49743f89a70bd0b5daab059", "position": {"x": 1130.0, "y": 0.0}, "channel": 4}, "attempt": 1}
2026-09-13 11:14:09,633 INFO response {"request_id": "74f455fbb49743f89a70bd0b5daab059", "http_status": 200, "body": {"accepted": true, "real_timestamp_ms": 1789269245572, "virtual_time_s": 369, "measure_result": "no_signal"}}
2026-09-13 11:14:09,634 INFO request {"path": "/measure", "payload": {"arena_id": "default", "robot_id": "202601002029", "request_id": "d95872b987704182a8e77b47bdeff309", "position": {"x": 1130.0, "y": 0.0}, "channel": 6}, "attempt": 1}
2026-09-13 11:14:09,658 INFO response {"request_id": "d95872b987704182a8e77b47bdeff309", "http_status": 200, "body": {"accepted": true, "real_timestamp_ms": 1789269245598, "virtual_time_s": 375, "measure_result": "no_signal"}}
2026-09-13 11:14:09,659 INFO request {"path": "/measure", "payload": {"arena_id": "default", "robot_id": "202601002029", "request_id": "e226c6578db145f386a9a1ea4a570e37", "position": {"x": 1130.0, "y": 0.0}, "channel": 9}, "attempt": 1}
2026-09-13 11:14:09,659 INFO response {"request_id": "e226c6578db145f386a9a1ea4a570e37", "http_status": 200, "body": {"accepted": true, "real_timestamp_ms": 1789269245599, "virtual_time_s": 381, "measure_result": "no_signal"}}
2026-09-13 11:14:09,660 INFO request {"path": "/measure", "payload": {"arena_id": "default", "robot_id": "202601002029", "request_id": "7990f2bc8b9c4e5fade0b70364d04a78", "position": {"x": 1130.0, "y": 0.0}, "channel": 10}, "attempt": 1}
2026-09-13 11:14:09,674 INFO response {"request_id": "7990f2bc8b9c4e5fade0b70364d04a78", "http_status": 200, "body": {"accepted": true, "real_timestamp_ms": 1789269245614, "virtual_time_s": 387, "measure_result": "no_signal"}}
2026-09-13 11:14:09,674 INFO request {"path": "/measure", "payload": {"arena_id": "default", "robot_id": "202601002029", "request_id": "8bc894722c5d43a4b89d1de3cd532ec9", "position": {"x": 1130.0, "y": 0.0}, "channel": 12}, "attempt": 1}
2026-09-13 11:14:09,675 INFO response {"request_id": "8bc894722c5d43a4b89d1de3cd532ec9", "http_status": 200, "body": {"accepted": true, "real_timestamp_ms": 1789269245615, "virtual_time_s": 393, "measure_result": "no_signal"}}
2026-09-13 11:14:09,676 INFO request {"path": "/measure", "payload": {"arena_id": "default", "robot_id": "202601002029", "request_id": "7759da37394b4911af26d7d228a024c2", "position": {"x": 1130.0, "y": 0.0}, "channel": 13}, "attempt": 1}
2026-09-13 11:14:09,690 INFO response {"request_id": "7759da37394b4911af26d7d228a024c2", "http_status": 200, "body": {"accepted": true, "real_timestamp_ms": 1789269245630, "virtual_time_s": 399, "measure_result": "no_signal"}}
2026-09-13 11:14:09,690 INFO request {"path": "/measure", "payload": {"arena_id": "default", "robot_id": "202601002029", "request_id": "4e074b24e17c48489aa50c6d9706c471", "position": {"x": 1130.0, "y": 0.0}, "channel": 14}, "attempt": 1}
2026-09-13 11:14:09,692 INFO response {"request_id": "4e074b24e17c48489aa50c6d9706c471", "http_status": 200, "body": {"accepted": true, "real_timestamp_ms": 1789269245631, "virtual_time_s": 405, "measure_result": "no_signal"}}
2026-09-13 11:14:09,692 INFO request {"path": "/measure", "payload": {"arena_id": "default", "robot_id": "202601002029", "request_id": "35d4c95d9d98481ba64c2443c47dc6b8", "position": {"x": 1130.0, "y": 0.0}, "channel": 15}, "attempt": 1}
2026-09-13 11:14:09,693 INFO response {"request_id": "35d4c95d9d98481ba64c2443c47dc6b8", "http_status": 200, "body": {"accepted": true, "real_timestamp_ms": 1789269245632, "virtual_time_s": 411, "measure_result": "no_signal"}}
2026-09-13 11:14:09,694 INFO request {"path": "/measure", "payload": {"arena_id": "default", "robot_id": "202601002029", "request_id": "41d4a3ada7b142be96ace51326f8cf2b", "position": {"x": 1130.0, "y": 0.0}, "channel": 16}, "attempt": 1}
2026-09-13 11:14:09,706 INFO response {"request_id": "41d4a3ada7b142be96ace51326f8cf2b", "http_status": 200, "body": {"accepted": true, "real_timestamp_ms": 1789269245646, "virtual_time_s": 417, "measure_result": "no_signal"}}
2026-09-13 11:14:09,707 INFO request {"path": "/measure", "payload": {"arena_id": "default", "robot_id": "202601002029", "request_id": "3491a347de37479688bce58f1f0b86d7", "position": {"x": 1130.0, "y": 0.0}, "channel": 17}, "attempt": 1}
2026-09-13 11:14:09,708 INFO response {"request_id": "3491a347de37479688bce58f1f0b86d7", "http_status": 200, "body": {"accepted": true, "real_timestamp_ms": 1789269245647, "virtual_time_s": 423, "measure_result": "no_signal"}}
2026-09-13 11:14:09,738 INFO request {"path": "/measure", "payload": {"arena_id": "default", "robot_id": "202601002029", "request_id": "280caee56fea491f992fb8ffe433ce58", "position": {"x": 1130.0, "y": 0.0}, "channel": 19}, "attempt": 1}
2026-09-13 11:14:09,739 INFO response {"request_id": "280caee56fea491f992fb8ffe433ce58", "http_status": 200, "body": {"accepted": true, "real_timestamp_ms": 1789269245678, "virtual_time_s": 429, "measure_result": "direction", "svd_deg": 102.59}}
2026-09-13 11:14:09,758 INFO request {"path": "/measure", "payload": {"arena_id": "default", "robot_id": "202601002029", "request_id": "587b3ca1710a48548469ba09f170c9b9", "position": {"x": 1130.0, "y": 0.0}, "channel": 7}, "attempt": 1}
2026-09-13 11:14:09,785 INFO response {"request_id": "587b3ca1710a48548469ba09f170c9b9", "http_status": 200, "body": {"accepted": true, "real_timestamp_ms": 1789269245724, "virtual_time_s": 435, "measure_result": "direction", "svd_deg": 154.56}}
2026-09-13 11:14:09,789 INFO request {"path": "/measure", "payload": {"arena_id": "default", "robot_id": "202601002029", "request_id": "84d4c880073146f2afd41d58aa6eb23c", "position": {"x": 565.0000000000001, "y": 978.6087062764157}, "channel": 1}, "attempt": 1}
2026-09-13 11:14:09,790 INFO response {"request_id": "84d4c880073146f2afd41d58aa6eb23c", "http_status": 200, "body": {"accepted": true, "real_timestamp_ms": 1789269245730, "virtual_time_s": 667, "measure_result": "no_signal"}}
2026-09-13 11:14:09,791 INFO request {"path": "/measure", "payload": {"arena_id": "default", "robot_id": "202601002029", "request_id": "7c111fa9c6a7450b9668f2aa76916357", "position": {"x": 565.0000000000001, "y": 978.6087062764157}, "channel": 2}, "attempt": 1}
2026-09-13 11:14:09,815 INFO response {"request_id": "7c111fa9c6a7450b9668f2aa76916357", "http_status": 200, "body": {"accepted": true, "real_timestamp_ms": 1789269245755, "virtual_time_s": 673, "measure_result": "no_signal"}}
2026-09-13 11:14:09,815 INFO request {"path": "/measure", "payload": {"arena_id": "default", "robot_id": "202601002029", "request_id": "bb57cb55d63542a781a10423e766146b", "position": {"x": 565.0000000000001, "y": 978.6087062764157}, "channel": 3}, "attempt": 1}
2026-09-13 11:14:09,817 INFO response {"request_id": "bb57cb55d63542a781a10423e766146b", "http_status": 200, "body": {"accepted": true, "real_timestamp_ms": 1789269245756, "virtual_time_s": 679, "measure_result": "no_signal"}}
2026-09-13 11:14:09,817 INFO request {"path": "/measure", "payload": {"arena_id": "default", "robot_id": "202601002029", "request_id": "b4de0a6196984388948d419204a60baf", "position": {"x": 565.0000000000001, "y": 978.6087062764157}, "channel": 4}, "attempt": 1}
2026-09-13 11:14:09,818 INFO response {"request_id": "b4de0a6196984388948d419204a60baf", "http_status": 200, "body": {"accepted": true, "real_timestamp_ms": 1789269245757, "virtual_time_s": 685, "measure_result": "direction", "svd_deg": 154.46}}
2026-09-13 11:14:09,822 INFO request {"path": "/measure", "payload": {"arena_id": "default", "robot_id": "202601002029", "request_id": "6d6ab69cdfa3419183be48f2434ae5b6", "position": {"x": 565.0000000000001, "y": 978.6087062764157}, "channel": 6}, "attempt": 1}
2026-09-13 11:14:09,846 INFO response {"request_id": "6d6ab69cdfa3419183be48f2434ae5b6", "http_status": 200, "body": {"accepted": true, "real_timestamp_ms": 1789269245786, "virtual_time_s": 691, "measure_result": "no_signal"}}
2026-09-13 11:14:09,847 INFO request {"path": "/measure", "payload": {"arena_id": "default", "robot_id": "202601002029", "request_id": "6556da64fbed45bbadaaa36bd402efe1", "position": {"x": 565.0000000000001, "y": 978.6087062764157}, "channel": 9}, "attempt": 1}
2026-09-13 11:14:09,848 INFO response {"request_id": "6556da64fbed45bbadaaa36bd402efe1", "http_status": 200, "body": {"accepted": true, "real_timestamp_ms": 1789269245787, "virtual_time_s": 697, "measure_result": "no_signal"}}
2026-09-13 11:14:09,848 INFO request {"path": "/measure", "payload": {"arena_id": "default", "robot_id": "202601002029", "request_id": "c30a3aad106a4595ac010f14e69a7bea", "position": {"x": 565.0000000000001, "y": 978.6087062764157}, "channel": 10}, "attempt": 1}
2026-09-13 11:14:09,849 INFO response {"request_id": "c30a3aad106a4595ac010f14e69a7bea", "http_status": 200, "body": {"accepted": true, "real_timestamp_ms": 1789269245788, "virtual_time_s": 703, "measure_result": "no_signal"}}
2026-09-13 11:14:09,849 INFO request {"path": "/measure", "payload": {"arena_id": "default", "robot_id": "202601002029", "request_id": "231b8f2e7e164df5a7bff772cddd1660", "position": {"x": 565.0000000000001, "y": 978.6087062764157}, "channel": 12}, "attempt": 1}
2026-09-13 11:14:09,850 INFO response {"request_id": "231b8f2e7e164df5a7bff772cddd1660", "http_status": 200, "body": {"accepted": true, "real_timestamp_ms": 1789269245789, "virtual_time_s": 709, "measure_result": "no_signal"}}
2026-09-13 11:14:09,850 INFO request {"path": "/measure", "payload": {"arena_id": "default", "robot_id": "202601002029", "request_id": "5c531848a3284eb6a493336e56bc5053", "position": {"x": 565.0000000000001, "y": 978.6087062764157}, "channel": 13}, "attempt": 1}
2026-09-13 11:14:09,851 INFO response {"request_id": "5c531848a3284eb6a493336e56bc5053", "http_status": 200, "body": {"accepted": true, "real_timestamp_ms": 1789269245790, "virtual_time_s": 715, "measure_result": "no_signal"}}
2026-09-13 11:14:09,851 INFO request {"path": "/measure", "payload": {"arena_id": "default", "robot_id": "202601002029", "request_id": "1ac9da789ccf40dc9f4b52f653eeaed0", "position": {"x": 565.0000000000001, "y": 978.6087062764157}, "channel": 14}, "attempt": 1}
2026-09-13 11:14:09,852 INFO response {"request_id": "1ac9da789ccf40dc9f4b52f653eeaed0", "http_status": 200, "body": {"accepted": true, "real_timestamp_ms": 1789269245791, "virtual_time_s": 721, "measure_result": "no_signal"}}
2026-09-13 11:14:09,852 INFO request {"path": "/measure", "payload": {"arena_id": "default", "robot_id": "202601002029", "request_id": "cc74684298e94efb96229ceddc337d82", "position": {"x": 565.0000000000001, "y": 978.6087062764157}, "channel": 15}, "attempt": 1}
2026-09-13 11:14:09,876 INFO response {"request_id": "cc74684298e94efb96229ceddc337d82", "http_status": 200, "body": {"accepted": true, "real_timestamp_ms": 1789269245816, "virtual_time_s": 727, "measure_result": "no_signal"}}
2026-09-13 11:14:09,877 INFO request {"path": "/measure", "payload": {"arena_id": "default", "robot_id": "202601002029", "request_id": "3ca8d941e62a4be2a41d7af21a7b7364", "position": {"x": 565.0000000000001, "y": 978.6087062764157}, "channel": 16}, "attempt": 1}
2026-09-13 11:14:09,892 INFO response {"request_id": "3ca8d941e62a4be2a41d7af21a7b7364", "http_status": 200, "body": {"accepted": true, "real_timestamp_ms": 1789269245831, "virtual_time_s": 733, "measure_result": "no_signal"}}
2026-09-13 11:14:09,892 INFO request {"path": "/measure", "payload": {"arena_id": "default", "robot_id": "202601002029", "request_id": "ab201cb45b8640c59dc20e4c27029961", "position": {"x": 565.0000000000001, "y": 978.6087062764157}, "channel": 17}, "attempt": 1}
2026-09-13 11:14:09,894 INFO response {"request_id": "ab201cb45b8640c59dc20e4c27029961", "http_status": 200, "body": {"accepted": true, "real_timestamp_ms": 1789269245833, "virtual_time_s": 739, "measure_result": "direction", "svd_deg": 64.07}}
2026-09-13 11:14:09,941 INFO request {"path": "/measure", "payload": {"arena_id": "default", "robot_id": "202601002029", "request_id": "51f0a22c368f47d8971289c70b27f1cb", "position": {"x": 565.0000000000001, "y": 978.6087062764157}, "channel": 11}, "attempt": 1}
2026-09-13 11:14:09,955 INFO response {"request_id": "51f0a22c368f47d8971289c70b27f1cb", "http_status": 200, "body": {"accepted": true, "real_timestamp_ms": 1789269245894, "virtual_time_s": 745, "measure_result": "direction", "svd_deg": 150.72}}
2026-09-13 11:14:09,993 INFO request {"path": "/measure", "payload": {"arena_id": "default", "robot_id": "202601002029", "request_id": "049ebadc981c4917bd51016a0a36a78a", "position": {"x": 565.0000000000001, "y": 978.6087062764157}, "channel": 5}, "attempt": 1}
2026-09-13 11:14:10,017 INFO response {"request_id": "049ebadc981c4917bd51016a0a36a78a", "http_status": 200, "body": {"accepted": true, "real_timestamp_ms": 1789269245956, "virtual_time_s": 751, "measure_result": "direction", "svd_deg": 220.01}}
2026-09-13 11:14:10,024 INFO request {"path": "/measure", "payload": {"arena_id": "default", "robot_id": "202601002029", "request_id": "b0911cecc3ef42eebd3f0eef5b2cc58d", "position": {"x": -564.9999999999998, "y": 978.6087062764158}, "channel": 1}, "attempt": 1}
2026-09-13 11:14:10,049 INFO response {"request_id": "b0911cecc3ef42eebd3f0eef5b2cc58d", "http_status": 200, "body": {"accepted": true, "real_timestamp_ms": 1789269245988, "virtual_time_s": 983, "measure_result": "no_signal"}}
2026-09-13 11:14:10,049 INFO request {"path": "/measure", "payload": {"arena_id": "default", "robot_id": "202601002029", "request_id": "38eb7f9b8caf4e22968ff5a52bfb0ea5", "position": {"x": -564.9999999999998, "y": 978.6087062764158}, "channel": 2}, "attempt": 1}
2026-09-13 11:14:10,051 INFO response {"request_id": "38eb7f9b8caf4e22968ff5a52bfb0ea5", "http_status": 200, "body": {"accepted": true, "real_timestamp_ms": 1789269245990, "virtual_time_s": 989, "measure_result": "no_signal"}}
2026-09-13 11:14:10,051 INFO request {"path": "/measure", "payload": {"arena_id": "default", "robot_id": "202601002029", "request_id": "db3d794785734a8194262560c00e64bc", "position": {"x": -564.9999999999998, "y": 978.6087062764158}, "channel": 3}, "attempt": 1}
2026-09-13 11:14:10,065 INFO response {"request_id": "db3d794785734a8194262560c00e64bc", "http_status": 200, "body": {"accepted": true, "real_timestamp_ms": 1789269246003, "virtual_time_s": 995, "measure_result": "no_signal"}}
2026-09-13 11:14:10,065 INFO request {"path": "/measure", "payload": {"arena_id": "default", "robot_id": "202601002029", "request_id": "69e96a7c4f9a47b38ea0c6dc8b654fb3", "position": {"x": -564.9999999999998, "y": 978.6087062764158}, "channel": 6}, "attempt": 1}
2026-09-13 11:14:10,081 INFO response {"request_id": "69e96a7c4f9a47b38ea0c6dc8b654fb3", "http_status": 200, "body": {"accepted": true, "real_timestamp_ms": 1789269246020, "virtual_time_s": 1001, "measure_result": "no_signal"}}
2026-09-13 11:14:10,081 INFO request {"path": "/measure", "payload": {"arena_id": "default", "robot_id": "202601002029", "request_id": "152ee112090d44a5a1b690402f43d2d1", "position": {"x": -564.9999999999998, "y": 978.6087062764158}, "channel": 9}, "attempt": 1}
2026-09-13 11:14:10,083 INFO response {"request_id": "152ee112090d44a5a1b690402f43d2d1", "http_status": 200, "body": {"accepted": true, "real_timestamp_ms": 1789269246022, "virtual_time_s": 1007, "measure_result": "no_signal"}}
2026-09-13 11:14:10,084 INFO request {"path": "/measure", "payload": {"arena_id": "default", "robot_id": "202601002029", "request_id": "86424f37758b4d27934c79d1a19ac7fe", "position": {"x": -564.9999999999998, "y": 978.6087062764158}, "channel": 10}, "attempt": 1}
2026-09-13 11:14:10,111 INFO response {"request_id": "86424f37758b4d27934c79d1a19ac7fe", "http_status": 200, "body": {"accepted": true, "real_timestamp_ms": 1789269246050, "virtual_time_s": 1013, "measure_result": "no_signal"}}
2026-09-13 11:14:10,112 INFO request {"path": "/measure", "payload": {"arena_id": "default", "robot_id": "202601002029", "request_id": "0b4a29e55a5c44de8bb60b72967be49e", "position": {"x": -564.9999999999998, "y": 978.6087062764158}, "channel": 12}, "attempt": 1}
2026-09-13 11:14:10,114 INFO response {"request_id": "0b4a29e55a5c44de8bb60b72967be49e", "http_status": 200, "body": {"accepted": true, "real_timestamp_ms": 1789269246053, "virtual_time_s": 1019, "measure_result": "no_signal"}}
2026-09-13 11:14:10,114 INFO request {"path": "/measure", "payload": {"arena_id": "default", "robot_id": "202601002029", "request_id": "ebe5fba5648646b895391e8725b96450", "position": {"x": -564.9999999999998, "y": 978.6087062764158}, "channel": 13}, "attempt": 1}
2026-09-13 11:14:10,117 INFO response {"request_id": "ebe5fba5648646b895391e8725b96450", "http_status": 200, "body": {"accepted": true, "real_timestamp_ms": 1789269246056, "virtual_time_s": 1025, "measure_result": "no_signal"}}
2026-09-13 11:14:10,117 INFO request {"path": "/measure", "payload": {"arena_id": "default", "robot_id": "202601002029", "request_id": "407c6f57817e45419537fc26e20efd44", "position": {"x": -564.9999999999998, "y": 978.6087062764158}, "channel": 14}, "attempt": 1}
2026-09-13 11:14:10,120 INFO response {"request_id": "407c6f57817e45419537fc26e20efd44", "http_status": 200, "body": {"accepted": true, "real_timestamp_ms": 1789269246059, "virtual_time_s": 1031, "measure_result": "no_signal"}}
2026-09-13 11:14:10,120 INFO request {"path": "/measure", "payload": {"arena_id": "default", "robot_id": "202601002029", "request_id": "06505b728195487082d1f85759ebfe16", "position": {"x": -564.9999999999998, "y": 978.6087062764158}, "channel": 15}, "attempt": 1}
2026-09-13 11:14:10,142 INFO response {"request_id": "06505b728195487082d1f85759ebfe16", "http_status": 200, "body": {"accepted": true, "real_timestamp_ms": 1789269246081, "virtual_time_s": 1037, "measure_result": "no_signal"}}
2026-09-13 11:14:10,142 INFO request {"path": "/measure", "payload": {"arena_id": "default", "robot_id": "202601002029", "request_id": "d7cfd7aef3f8441abff612f3a81a988f", "position": {"x": -564.9999999999998, "y": 978.6087062764158}, "channel": 16}, "attempt": 1}
2026-09-13 11:14:10,143 INFO response {"request_id": "d7cfd7aef3f8441abff612f3a81a988f", "http_status": 200, "body": {"accepted": true, "real_timestamp_ms": 1789269246082, "virtual_time_s": 1043, "measure_result": "no_signal"}}
2026-09-13 11:14:10,179 INFO request {"path": "/measure", "payload": {"arena_id": "default", "robot_id": "202601002029", "request_id": "ab1bb06a68a74ada82004d9352b90b32", "position": {"x": -564.9999999999998, "y": 978.6087062764158}, "channel": 4}, "attempt": 1}
2026-09-13 11:14:10,181 INFO response {"request_id": "ab1bb06a68a74ada82004d9352b90b32", "http_status": 200, "body": {"accepted": true, "real_timestamp_ms": 1789269246120, "virtual_time_s": 1049, "measure_result": "direction", "svd_deg": 90.9}}
2026-09-13 11:14:10,203 INFO request {"path": "/measure", "payload": {"arena_id": "default", "robot_id": "202601002029", "request_id": "12c393d5437b4462a70d4a7f1e6d2884", "position": {"x": -564.9999999999998, "y": 978.6087062764158}, "channel": 5}, "attempt": 1}
2026-09-13 11:14:10,204 INFO response {"request_id": "12c393d5437b4462a70d4a7f1e6d2884", "http_status": 200, "body": {"accepted": true, "real_timestamp_ms": 1789269246144, "virtual_time_s": 1055, "measure_result": "direction", "svd_deg": 307.66}}
2026-09-13 11:14:10,208 INFO request {"path": "/measure", "payload": {"arena_id": "default", "robot_id": "202601002029", "request_id": "25980642c6e64c4897ee34e69de6edc6", "position": {"x": -1130.0, "y": 1.3838508830365092e-13}, "channel": 1}, "attempt": 1}
2026-09-13 11:14:10,220 INFO response {"request_id": "25980642c6e64c4897ee34e69de6edc6", "http_status": 200, "body": {"accepted": true, "real_timestamp_ms": 1789269246159, "virtual_time_s": 1287, "measure_result": "no_signal"}}
2026-09-13 11:14:10,220 INFO request {"path": "/measure", "payload": {"arena_id": "default", "robot_id": "202601002029", "request_id": "9455d5a3d69e40cf9898216fca38e9ab", "position": {"x": -1130.0, "y": 1.3838508830365092e-13}, "channel": 2}, "attempt": 1}
2026-09-13 11:14:10,235 INFO response {"request_id": "9455d5a3d69e40cf9898216fca38e9ab", "http_status": 200, "body": {"accepted": true, "real_timestamp_ms": 1789269246174, "virtual_time_s": 1293, "measure_result": "no_signal"}}
2026-09-13 11:14:10,235 INFO request {"path": "/measure", "payload": {"arena_id": "default", "robot_id": "202601002029", "request_id": "8dd6bd1a82894b53864f5930e0bba31b", "position": {"x": -1130.0, "y": 1.3838508830365092e-13}, "channel": 3}, "attempt": 1}
2026-09-13 11:14:10,252 INFO response {"request_id": "8dd6bd1a82894b53864f5930e0bba31b", "http_status": 200, "body": {"accepted": true, "real_timestamp_ms": 1789269246191, "virtual_time_s": 1299, "measure_result": "no_signal"}}
2026-09-13 11:14:10,252 INFO request {"path": "/measure", "payload": {"arena_id": "default", "robot_id": "202601002029", "request_id": "a0f30909753a46e6afbd5f29d3c7dec1", "position": {"x": -1130.0, "y": 1.3838508830365092e-13}, "channel": 6}, "attempt": 1}
2026-09-13 11:14:10,266 INFO response {"request_id": "a0f30909753a46e6afbd5f29d3c7dec1", "http_status": 200, "body": {"accepted": true, "real_timestamp_ms": 1789269246205, "virtual_time_s": 1305, "measure_result": "no_signal"}}
2026-09-13 11:14:10,267 INFO request {"path": "/measure", "payload": {"arena_id": "default", "robot_id": "202601002029", "request_id": "cff27c6aabb44738aea4e63ede11c21e", "position": {"x": -1130.0, "y": 1.3838508830365092e-13}, "channel": 9}, "attempt": 1}
2026-09-13 11:14:10,271 INFO response {"request_id": "cff27c6aabb44738aea4e63ede11c21e", "http_status": 200, "body": {"accepted": true, "real_timestamp_ms": 1789269246210, "virtual_time_s": 1311, "measure_result": "no_signal"}}
2026-09-13 11:14:10,271 INFO request {"path": "/measure", "payload": {"arena_id": "default", "robot_id": "202601002029", "request_id": "f7edf26c6a754e98afefce17464b893f", "position": {"x": -1130.0, "y": 1.3838508830365092e-13}, "channel": 10}, "attempt": 1}
2026-09-13 11:14:10,273 INFO response {"request_id": "f7edf26c6a754e98afefce17464b893f", "http_status": 200, "body": {"accepted": true, "real_timestamp_ms": 1789269246212, "virtual_time_s": 1317, "measure_result": "direction", "svd_deg": 293.78}}
2026-09-13 11:14:10,276 INFO request {"path": "/measure", "payload": {"arena_id": "default", "robot_id": "202601002029", "request_id": "6a244f605f0a439cb1c5fead8e834cb9", "position": {"x": -1130.0, "y": 1.3838508830365092e-13}, "channel": 12}, "attempt": 1}
2026-09-13 11:14:10,298 INFO response {"request_id": "6a244f605f0a439cb1c5fead8e834cb9", "http_status": 200, "body": {"accepted": true, "real_timestamp_ms": 1789269246237, "virtual_time_s": 1323, "measure_result": "no_signal"}}
2026-09-13 11:14:10,299 INFO request {"path": "/measure", "payload": {"arena_id": "default", "robot_id": "202601002029", "request_id": "cfee2fd1ecbd4c0ca51c3fc9f9bceee1", "position": {"x": -1130.0, "y": 1.3838508830365092e-13}, "channel": 13}, "attempt": 1}
2026-09-13 11:14:10,301 INFO response {"request_id": "cfee2fd1ecbd4c0ca51c3fc9f9bceee1", "http_status": 200, "body": {"accepted": true, "real_timestamp_ms": 1789269246240, "virtual_time_s": 1329, "measure_result": "no_signal"}}
2026-09-13 11:14:10,301 INFO request {"path": "/measure", "payload": {"arena_id": "default", "robot_id": "202601002029", "request_id": "39143dd9577f4629bc6731c5a012a737", "position": {"x": -1130.0, "y": 1.3838508830365092e-13}, "channel": 14}, "attempt": 1}
2026-09-13 11:14:10,304 INFO response {"request_id": "39143dd9577f4629bc6731c5a012a737", "http_status": 200, "body": {"accepted": true, "real_timestamp_ms": 1789269246243, "virtual_time_s": 1335, "measure_result": "no_signal"}}
2026-09-13 11:14:10,304 INFO request {"path": "/measure", "payload": {"arena_id": "default", "robot_id": "202601002029", "request_id": "4bc8b55a00da48dbbdd0f5077dbfd5e6", "position": {"x": -1130.0, "y": 1.3838508830365092e-13}, "channel": 15}, "attempt": 1}
2026-09-13 11:14:10,306 INFO response {"request_id": "4bc8b55a00da48dbbdd0f5077dbfd5e6", "http_status": 200, "body": {"accepted": true, "real_timestamp_ms": 1789269246245, "virtual_time_s": 1341, "measure_result": "no_signal"}}
2026-09-13 11:14:10,306 INFO request {"path": "/measure", "payload": {"arena_id": "default", "robot_id": "202601002029", "request_id": "12b1d9504a4b40f2920d9bb724ebe0e0", "position": {"x": -1130.0, "y": 1.3838508830365092e-13}, "channel": 16}, "attempt": 1}
2026-09-13 11:14:10,328 INFO response {"request_id": "12b1d9504a4b40f2920d9bb724ebe0e0", "http_status": 200, "body": {"accepted": true, "real_timestamp_ms": 1789269246267, "virtual_time_s": 1347, "measure_result": "no_signal"}}
2026-09-13 11:14:10,329 INFO request {"path": "/measure", "payload": {"arena_id": "default", "robot_id": "202601002029", "request_id": "d8f2d2a6c6584a01aa54ad8fdf357afc", "position": {"x": -565.0000000000005, "y": -978.6087062764154}, "channel": 16}, "attempt": 1}
2026-09-13 11:14:10,343 INFO response {"request_id": "d8f2d2a6c6584a01aa54ad8fdf357afc", "http_status": 200, "body": {"accepted": true, "real_timestamp_ms": 1789269246283, "virtual_time_s": 1578, "measure_result": "no_signal"}}
2026-09-13 11:14:10,343 INFO request {"path": "/measure", "payload": {"arena_id": "default", "robot_id": "202601002029", "request_id": "50f69d7474874cd9bc3941569f075085", "position": {"x": -565.0000000000005, "y": -978.6087062764154}, "channel": 1}, "attempt": 1}
2026-09-13 11:14:10,344 INFO response {"request_id": "50f69d7474874cd9bc3941569f075085", "http_status": 200, "body": {"accepted": true, "real_timestamp_ms": 1789269246284, "virtual_time_s": 1584, "measure_result": "no_signal"}}
2026-09-13 11:14:10,345 INFO request {"path": "/measure", "payload": {"arena_id": "default", "robot_id": "202601002029", "request_id": "335e63b1a72143e2b386ec464ab16644", "position": {"x": -565.0000000000005, "y": -978.6087062764154}, "channel": 2}, "attempt": 1}
2026-09-13 11:14:10,345 INFO response {"request_id": "335e63b1a72143e2b386ec464ab16644", "http_status": 200, "body": {"accepted": true, "real_timestamp_ms": 1789269246285, "virtual_time_s": 1590, "measure_result": "no_signal"}}
2026-09-13 11:14:10,345 INFO request {"path": "/measure", "payload": {"arena_id": "default", "robot_id": "202601002029", "request_id": "6b6294b1f64a48ec9f23807a21e0f257", "position": {"x": -565.0000000000005, "y": -978.6087062764154}, "channel": 3}, "attempt": 1}
2026-09-13 11:14:10,346 INFO response {"request_id": "6b6294b1f64a48ec9f23807a21e0f257", "http_status": 200, "body": {"accepted": true, "real_timestamp_ms": 1789269246286, "virtual_time_s": 1596, "measure_result": "no_signal"}}
2026-09-13 11:14:10,346 INFO request {"path": "/measure", "payload": {"arena_id": "default", "robot_id": "202601002029", "request_id": "91886e7a720f4320bbf151a69e78729b", "position": {"x": -565.0000000000005, "y": -978.6087062764154}, "channel": 6}, "attempt": 1}
2026-09-13 11:14:10,347 INFO response {"request_id": "91886e7a720f4320bbf151a69e78729b", "http_status": 200, "body": {"accepted": true, "real_timestamp_ms": 1789269246286, "virtual_time_s": 1602, "measure_result": "no_signal"}}
2026-09-13 11:14:10,347 INFO request {"path": "/measure", "payload": {"arena_id": "default", "robot_id": "202601002029", "request_id": "bb6ed95e03d84dabb713cadc618dd96d", "position": {"x": -565.0000000000005, "y": -978.6087062764154}, "channel": 9}, "attempt": 1}
2026-09-13 11:14:10,359 INFO response {"request_id": "bb6ed95e03d84dabb713cadc618dd96d", "http_status": 200, "body": {"accepted": true, "real_timestamp_ms": 1789269246299, "virtual_time_s": 1608, "measure_result": "direction", "svd_deg": 293.72}}
2026-09-13 11:14:10,361 INFO request {"path": "/measure", "payload": {"arena_id": "default", "robot_id": "202601002029", "request_id": "3ded380fcf8f4d9fa98482e266991777", "position": {"x": -565.0000000000005, "y": -978.6087062764154}, "channel": 12}, "attempt": 1}
2026-09-13 11:14:10,362 INFO response {"request_id": "3ded380fcf8f4d9fa98482e266991777", "http_status": 200, "body": {"accepted": true, "real_timestamp_ms": 1789269246302, "virtual_time_s": 1614, "measure_result": "no_signal"}}
2026-09-13 11:14:10,362 INFO request {"path": "/measure", "payload": {"arena_id": "default", "robot_id": "202601002029", "request_id": "96e16e99f1864159b063cf69bb2b6695", "position": {"x": -565.0000000000005, "y": -978.6087062764154}, "channel": 13}, "attempt": 1}
2026-09-13 11:14:10,375 INFO response {"request_id": "96e16e99f1864159b063cf69bb2b6695", "http_status": 200, "body": {"accepted": true, "real_timestamp_ms": 1789269246314, "virtual_time_s": 1620, "measure_result": "no_signal"}}
2026-09-13 11:14:10,375 INFO request {"path": "/measure", "payload": {"arena_id": "default", "robot_id": "202601002029", "request_id": "c9e0e86bfbc94761bf4419748119bb75", "position": {"x": -565.0000000000005, "y": -978.6087062764154}, "channel": 14}, "attempt": 1}
2026-09-13 11:14:10,391 INFO response {"request_id": "c9e0e86bfbc94761bf4419748119bb75", "http_status": 200, "body": {"accepted": true, "real_timestamp_ms": 1789269246330, "virtual_time_s": 1626, "measure_result": "no_signal"}}
2026-09-13 11:14:10,391 INFO request {"path": "/measure", "payload": {"arena_id": "default", "robot_id": "202601002029", "request_id": "0ca2d03f7d3f43c9bdc512d9d47bf077", "position": {"x": -565.0000000000005, "y": -978.6087062764154}, "channel": 15}, "attempt": 1}
2026-09-13 11:14:10,406 INFO response {"request_id": "0ca2d03f7d3f43c9bdc512d9d47bf077", "http_status": 200, "body": {"accepted": true, "real_timestamp_ms": 1789269246345, "virtual_time_s": 1632, "measure_result": "direction", "svd_deg": 311.28}}
2026-09-13 11:14:10,428 INFO request {"path": "/measure", "payload": {"arena_id": "default", "robot_id": "202601002029", "request_id": "e3a63453c19b41b2b8e700134f43a727", "position": {"x": -565.0000000000005, "y": -978.6087062764154}, "channel": 18}, "attempt": 1}
2026-09-13 11:14:10,452 INFO response {"request_id": "e3a63453c19b41b2b8e700134f43a727", "http_status": 200, "body": {"accepted": true, "real_timestamp_ms": 1789269246392, "virtual_time_s": 1638, "measure_result": "direction", "svd_deg": 355.28}}
2026-09-13 11:14:10,467 INFO request {"path": "/measure", "payload": {"arena_id": "default", "robot_id": "202601002029", "request_id": "8b186132d99741e1a030d463d47c49dd", "position": {"x": -565.0000000000005, "y": -978.6087062764154}, "channel": 20}, "attempt": 1}
2026-09-13 11:14:10,469 INFO response {"request_id": "8b186132d99741e1a030d463d47c49dd", "http_status": 200, "body": {"accepted": true, "real_timestamp_ms": 1789269246408, "virtual_time_s": 1644, "measure_result": "direction", "svd_deg": 348.83}}
2026-09-13 11:14:10,472 INFO request {"path": "/measure", "payload": {"arena_id": "default", "robot_id": "202601002029", "request_id": "1119e4b5f06941ab99848948f625c13f", "position": {"x": 565.0000000000001, "y": -978.6087062764157}, "channel": 1}, "attempt": 1}
2026-09-13 11:14:10,474 INFO response {"request_id": "1119e4b5f06941ab99848948f625c13f", "http_status": 200, "body": {"accepted": true, "real_timestamp_ms": 1789269246413, "virtual_time_s": 1876, "measure_result": "no_signal"}}
2026-09-13 11:14:10,474 INFO request {"path": "/measure", "payload": {"arena_id": "default", "robot_id": "202601002029", "request_id": "f1c7a9febe414028869e886eb7ac99f4", "position": {"x": 565.0000000000001, "y": -978.6087062764157}, "channel": 2}, "attempt": 1}
2026-09-13 11:14:10,498 INFO response {"request_id": "f1c7a9febe414028869e886eb7ac99f4", "http_status": 200, "body": {"accepted": true, "real_timestamp_ms": 1789269246438, "virtual_time_s": 1882, "measure_result": "no_signal"}}
2026-09-13 11:14:10,498 INFO request {"path": "/measure", "payload": {"arena_id": "default", "robot_id": "202601002029", "request_id": "598deb710d684a08839168b4818bcbf9", "position": {"x": 565.0000000000001, "y": -978.6087062764157}, "channel": 3}, "attempt": 1}
2026-09-13 11:14:10,499 INFO response {"request_id": "598deb710d684a08839168b4818bcbf9", "http_status": 200, "body": {"accepted": true, "real_timestamp_ms": 1789269246439, "virtual_time_s": 1888, "measure_result": "no_signal"}}
2026-09-13 11:14:10,500 INFO request {"path": "/measure", "payload": {"arena_id": "default", "robot_id": "202601002029", "request_id": "5017f67d571b496eb6b1ad6c30aed38b", "position": {"x": 565.0000000000001, "y": -978.6087062764157}, "channel": 6}, "attempt": 1}
2026-09-13 11:14:10,500 INFO response {"request_id": "5017f67d571b496eb6b1ad6c30aed38b", "http_status": 200, "body": {"accepted": true, "real_timestamp_ms": 1789269246440, "virtual_time_s": 1894, "measure_result": "no_signal"}}
2026-09-13 11:14:10,500 INFO request {"path": "/measure", "payload": {"arena_id": "default", "robot_id": "202601002029", "request_id": "a95adad5c4d1443792cedef08b4f8a08", "position": {"x": 565.0000000000001, "y": -978.6087062764157}, "channel": 12}, "attempt": 1}
2026-09-13 11:14:10,514 INFO response {"request_id": "a95adad5c4d1443792cedef08b4f8a08", "http_status": 200, "body": {"accepted": true, "real_timestamp_ms": 1789269246454, "virtual_time_s": 1900, "measure_result": "no_signal"}}
2026-09-13 11:14:10,514 INFO request {"path": "/measure", "payload": {"arena_id": "default", "robot_id": "202601002029", "request_id": "c686db8c415f4cf2880bbc94e5862486", "position": {"x": 565.0000000000001, "y": -978.6087062764157}, "channel": 13}, "attempt": 1}
2026-09-13 11:14:10,529 INFO response {"request_id": "c686db8c415f4cf2880bbc94e5862486", "http_status": 200, "body": {"accepted": true, "real_timestamp_ms": 1789269246469, "virtual_time_s": 1906, "measure_result": "no_signal"}}
2026-09-13 11:14:10,530 INFO request {"path": "/measure", "payload": {"arena_id": "default", "robot_id": "202601002029", "request_id": "f6191130fdfb4bc5b447af0129a97803", "position": {"x": 565.0000000000001, "y": -978.6087062764157}, "channel": 14}, "attempt": 1}
2026-09-13 11:14:10,545 INFO response {"request_id": "f6191130fdfb4bc5b447af0129a97803", "http_status": 200, "body": {"accepted": true, "real_timestamp_ms": 1789269246484, "virtual_time_s": 1912, "measure_result": "no_signal"}}
2026-09-13 11:14:10,545 INFO request {"path": "/measure", "payload": {"arena_id": "default", "robot_id": "202601002029", "request_id": "fb2cef72a3604e21b9240f289f6fa4a1", "position": {"x": 565.0000000000001, "y": -978.6087062764157}, "channel": 16}, "attempt": 1}
2026-09-13 11:14:10,561 INFO response {"request_id": "fb2cef72a3604e21b9240f289f6fa4a1", "http_status": 200, "body": {"accepted": true, "real_timestamp_ms": 1789269246500, "virtual_time_s": 1918, "measure_result": "no_signal"}}
2026-09-13 11:14:10,632 INFO request {"path": "/measure", "payload": {"arena_id": "default", "robot_id": "202601002029", "request_id": "8e318f499169468988f904f7f6fadffd", "position": {"x": 565.0000000000001, "y": -978.6087062764157}, "channel": 18}, "attempt": 1}
2026-09-13 11:14:10,633 INFO response {"request_id": "8e318f499169468988f904f7f6fadffd", "http_status": 200, "body": {"accepted": true, "real_timestamp_ms": 1789269246572, "virtual_time_s": 1924, "measure_result": "direction", "svd_deg": 183.35}}
2026-09-13 11:14:10,665 INFO request {"path": "/measure", "payload": {"arena_id": "default", "robot_id": "202601002029", "request_id": "85d58a44f6604033b0be794f8b955e69", "position": {"x": 565.0000000000001, "y": -978.6087062764157}, "channel": 20}, "attempt": 1}
2026-09-13 11:14:10,666 INFO response {"request_id": "85d58a44f6604033b0be794f8b955e69", "http_status": 200, "body": {"accepted": true, "real_timestamp_ms": 1789269246605, "virtual_time_s": 1930, "measure_result": "direction", "svd_deg": 190.0}}
2026-09-13 11:14:18,188 INFO request {"path": "/measure", "payload": {"arena_id": "default", "robot_id": "202601002029", "request_id": "4ba507c4731b49e59eae2e639c38662d", "position": {"x": 409.30243860968346, "y": -1221.2189108351572}, "channel": 15}, "attempt": 1}
2026-09-13 11:14:18,211 INFO response {"request_id": "4ba507c4731b49e59eae2e639c38662d", "http_status": 200, "body": {"accepted": true, "real_timestamp_ms": 1789269254150, "virtual_time_s": 1993.654641, "measure_result": "direction", "svd_deg": 189.76}}
2026-09-13 11:14:18,259 INFO request {"path": "/measure", "payload": {"arena_id": "default", "robot_id": "202601002029", "request_id": "5694a61a381242cdbc66a43d8725fe47", "position": {"x": 409.30243860968346, "y": -1221.2189108351572}, "channel": 9}, "attempt": 1}
2026-09-13 11:14:18,260 INFO response {"request_id": "5694a61a381242cdbc66a43d8725fe47", "http_status": 200, "body": {"accepted": true, "real_timestamp_ms": 1789269254199, "virtual_time_s": 1999.654641, "measure_result": "direction", "svd_deg": 195.18}}
2026-09-13 11:14:18,281 INFO request {"path": "/measure", "payload": {"arena_id": "default", "robot_id": "202601002029", "request_id": "91462cf99f4841f6932e99abd1467a2b", "position": {"x": 409.30243860968346, "y": -1221.2189108351572}, "channel": 20}, "attempt": 1}
2026-09-13 11:14:18,304 INFO response {"request_id": "91462cf99f4841f6932e99abd1467a2b", "http_status": 200, "body": {"accepted": true, "real_timestamp_ms": 1789269254243, "virtual_time_s": 2005.654641, "measure_result": "direction", "svd_deg": 162.22}}
2026-09-13 11:14:20,107 INFO request {"path": "/measure", "payload": {"arena_id": "default", "robot_id": "202601002029", "request_id": "1b85d3a35c6247d5a71023b64a924b9c", "position": {"x": 337.1807400053067, "y": -1217.4146275728272}, "channel": 15}, "attempt": 1}
2026-09-13 11:14:20,109 INFO response {"request_id": "1b85d3a35c6247d5a71023b64a924b9c", "http_status": 200, "body": {"accepted": true, "real_timestamp_ms": 1789269256048, "virtual_time_s": 2026.099034, "measure_result": "direction", "svd_deg": 190.41}}
2026-09-13 11:14:20,133 INFO request {"path": "/measure", "payload": {"arena_id": "default", "robot_id": "202601002029", "request_id": "ea524df6ed1e4fc3a3e12ab40a85c493", "position": {"x": 371.9442329496868, "y": -1081.905953787507}, "channel": 20}, "attempt": 1}
2026-09-13 11:14:20,156 INFO response {"request_id": "ea524df6ed1e4fc3a3e12ab40a85c493", "http_status": 200, "body": {"accepted": true, "real_timestamp_ms": 1789269256095, "virtual_time_s": 2060.078384, "measure_result": "direction", "svd_deg": 180.91}}
2026-09-13 11:14:20,179 INFO request {"path": "/clear", "payload": {"arena_id": "default", "robot_id": "202601002029", "request_id": "85161cb9fc1e48ca9bf2b9fc6de4fe3e", "position": {"x": -46.81462835440841, "y": -1019.9720000268574}, "channel": 18}, "attempt": 1}
2026-09-13 11:14:20,204 INFO response {"request_id": "85161cb9fc1e48ca9bf2b9fc6de4fe3e", "http_status": 200, "body": {"accepted": true, "real_timestamp_ms": 1789269256143, "virtual_time_s": 2149.741197, "clear_result": "success"}}
2026-09-13 11:14:20,212 INFO request {"path": "/clear", "payload": {"arena_id": "default", "robot_id": "202601002029", "request_id": "ec98aee27139475695d6a982eee02e4d", "position": {"x": -30.974264686694987, "y": -1085.8419260050723}, "channel": 20}, "attempt": 1}
2026-09-13 11:14:20,235 INFO response {"request_id": "ec98aee27139475695d6a982eee02e4d", "http_status": 200, "body": {"accepted": true, "real_timestamp_ms": 1789269256174, "virtual_time_s": 2168.290757, "clear_result": "success"}}
2026-09-13 11:14:20,243 INFO request {"path": "/clear", "payload": {"arena_id": "default", "robot_id": "202601002029", "request_id": "a95afa70246d40e6b51895176ec0521e", "position": {"x": -256.12263547644164, "y": -1330.10926389317}, "channel": 15}, "attempt": 1}
2026-09-13 11:14:20,245 INFO response {"request_id": "a95afa70246d40e6b51895176ec0521e", "http_status": 200, "body": {"accepted": true, "real_timestamp_ms": 1789269256184, "virtual_time_s": 2239.731203, "clear_result": "success"}}
2026-09-13 11:14:20,251 INFO request {"path": "/clear", "payload": {"arena_id": "default", "robot_id": "202601002029", "request_id": "60cf11fba6a34b1b831114c757c6b8dc", "position": {"x": -365.7899890351817, "y": -1431.3203954517705}, "channel": 9}, "attempt": 1}
2026-09-13 11:14:20,266 INFO response {"request_id": "60cf11fba6a34b1b831114c757c6b8dc", "http_status": 200, "body": {"accepted": true, "real_timestamp_ms": 1789269256204, "virtual_time_s": 2274.577892, "clear_result": "success"}}
2026-09-13 11:14:20,272 INFO request {"path": "/measure", "payload": {"arena_id": "default", "robot_id": "202601002029", "request_id": "65104714b7fc49d691ecb22a4bc8509e", "position": {"x": -250.35520029918337, "y": -633.1882137904042}, "channel": 10}, "attempt": 1}
2026-09-13 11:14:20,296 INFO response {"request_id": "65104714b7fc49d691ecb22a4bc8509e", "http_status": 200, "body": {"accepted": true, "real_timestamp_ms": 1789269256235, "virtual_time_s": 2441.865234, "measure_result": "direction", "svd_deg": 212.73}}
2026-09-13 11:14:21,230 INFO request {"path": "/measure", "payload": {"arena_id": "default", "robot_id": "202601002029", "request_id": "654e3322980843f490322060b87a9625", "position": {"x": -341.9920428471619, "y": -810.9596656262853}, "channel": 10}, "attempt": 1}
2026-09-13 11:14:21,231 INFO response {"request_id": "654e3322980843f490322060b87a9625", "http_status": 200, "body": {"accepted": true, "real_timestamp_ms": 1789269257171, "virtual_time_s": 2486.865234, "measure_result": "direction", "svd_deg": 196.74}}
2026-09-13 11:14:21,238 INFO request {"path": "/clear", "payload": {"arena_id": "default", "robot_id": "202601002029", "request_id": "72b6c06d33ed4925989e609d5611cfad", "position": {"x": -720.5326212606647, "y": -928.2329667561977}, "channel": 10}, "attempt": 1}
2026-09-13 11:14:21,249 INFO response {"request_id": "72b6c06d33ed4925989e609d5611cfad", "http_status": 200, "body": {"accepted": true, "real_timestamp_ms": 1789269257188, "virtual_time_s": 2571.123293, "clear_result": "success"}}
2026-09-13 11:14:21,252 INFO request {"path": "/measure", "payload": {"arena_id": "default", "robot_id": "202601002029", "request_id": "b433a04c5cbe4ddb92a895af18844bfb", "position": {"x": 384.95237960793366, "y": -215.81128727884624}, "channel": 7}, "attempt": 1}
2026-09-13 11:14:21,254 INFO response {"request_id": "b433a04c5cbe4ddb92a895af18844bfb", "http_status": 200, "body": {"accepted": true, "real_timestamp_ms": 1789269257193, "virtual_time_s": 2840.154982, "measure_result": "direction", "svd_deg": 34.28}}
2026-09-13 11:14:21,270 INFO request {"path": "/measure", "payload": {"arena_id": "default", "robot_id": "202601002029", "request_id": "1d974027ba9041069333610326217c21", "position": {"x": 740.0356818793307, "y": 201.22433921484446}, "channel": 19}, "attempt": 1}
2026-09-13 11:14:21,295 INFO response {"request_id": "1d974027ba9041069333610326217c21", "http_status": 200, "body": {"accepted": true, "real_timestamp_ms": 1789269257234, "virtual_time_s": 2955.700017, "measure_result": "direction", "svd_deg": 47.16}}
2026-09-13 11:14:21,305 INFO request {"path": "/clear", "payload": {"arena_id": "default", "robot_id": "202601002029", "request_id": "bec7822db1684f2297abc858c07a1e4e", "position": {"x": 877.6223141084931, "y": 119.76579953608046}, "channel": 7}, "attempt": 1}
2026-09-13 11:14:21,308 INFO response {"request_id": "bec7822db1684f2297abc858c07a1e4e", "http_status": 200, "body": {"accepted": true, "real_timestamp_ms": 1789269257246, "virtual_time_s": 2992.678494, "clear_result": "success"}}
2026-09-13 11:14:21,311 INFO request {"path": "/measure", "payload": {"arena_id": "default", "robot_id": "202601002029", "request_id": "241c74fe8ea542f9bbc0a10bbdd8fa9e", "position": {"x": 1158.7476781798753, "y": 536.8585958864392}, "channel": 8}, "attempt": 1}
2026-09-13 11:14:21,313 INFO response {"request_id": "241c74fe8ea542f9bbc0a10bbdd8fa9e", "http_status": 200, "body": {"accepted": true, "real_timestamp_ms": 1789269257252, "virtual_time_s": 3099.276281, "measure_result": "direction", "svd_deg": 217.37}}
2026-09-13 11:14:21,346 INFO request {"path": "/measure", "payload": {"arena_id": "default", "robot_id": "202601002029", "request_id": "2a62b0749a6f499aadeac71bd3c26c32", "position": {"x": 1158.7476781798753, "y": 536.8585958864392}, "channel": 17}, "attempt": 1}
2026-09-13 11:14:21,371 INFO response {"request_id": "2a62b0749a6f499aadeac71bd3c26c32", "http_status": 200, "body": {"accepted": true, "real_timestamp_ms": 1789269257311, "virtual_time_s": 3105.276281, "measure_result": "direction", "svd_deg": 117.05}}
2026-09-13 11:14:22,834 INFO request {"path": "/clear", "payload": {"arena_id": "default", "robot_id": "202601002029", "request_id": "5fbabdb3583c46f0af48c392d6ed702d", "position": {"x": 1019.3585011292045, "y": 496.1278769420169}, "channel": 19}, "attempt": 1}
2026-09-13 11:14:22,854 INFO response {"request_id": "5fbabdb3583c46f0af48c392d6ed702d", "http_status": 200, "body": {"accepted": true, "real_timestamp_ms": 1789269258794, "virtual_time_s": 3139.319927, "clear_result": "success"}}
2026-09-13 11:14:22,872 INFO request {"path": "/measure", "payload": {"arena_id": "default", "robot_id": "202601002029", "request_id": "3d7d95a4aab243b4ba8821fd86ccc58d", "position": {"x": 694.2559075263655, "y": 433.4230535349554}, "channel": 8}, "attempt": 1}
2026-09-13 11:14:22,886 INFO response {"request_id": "3d7d95a4aab243b4ba8821fd86ccc58d", "http_status": 200, "body": {"accepted": true, "real_timestamp_ms": 1789269258824, "virtual_time_s": 3211.538834, "measure_result": "direction", "svd_deg": 248.34}}
2026-09-13 11:14:22,914 INFO request {"path": "/clear", "payload": {"arena_id": "default", "robot_id": "202601002029", "request_id": "70a02de214e64594a52a65104a15493b", "position": {"x": 547.4031918232922, "y": 64.3410254585556}, "channel": 8}, "attempt": 1}
2026-09-13 11:14:22,932 INFO response {"request_id": "70a02de214e64594a52a65104a15493b", "http_status": 200, "body": {"accepted": true, "real_timestamp_ms": 1789269258870, "virtual_time_s": 3295.983724, "clear_result": "success"}}
2026-09-13 11:14:22,959 INFO request {"path": "/measure", "payload": {"arena_id": "default", "robot_id": "202601002029", "request_id": "31bf96d340a44a828e099a9e29302ab6", "position": {"x": 471.18507506604624, "y": 508.9164283743838}, "channel": 11}, "attempt": 1}
2026-09-13 11:14:22,960 INFO response {"request_id": "31bf96d340a44a828e099a9e29302ab6", "http_status": 200, "body": {"accepted": true, "real_timestamp_ms": 1789269258900, "virtual_time_s": 3392.196027, "measure_result": "direction", "svd_deg": 100.42}}
2026-09-13 11:14:22,980 INFO request {"path": "/clear", "payload": {"arena_id": "default", "robot_id": "202601002029", "request_id": "f3c766f79d914fec88135d573563ecc8", "position": {"x": -120.01129803412012, "y": 403.3326335493}, "channel": 5}, "attempt": 1}
2026-09-13 11:14:22,982 INFO response {"request_id": "f3c766f79d914fec88135d573563ecc8", "http_status": 200, "body": {"accepted": true, "real_timestamp_ms": 1789269258921, "virtual_time_s": 3517.306158, "clear_result": "success"}}
2026-09-13 11:14:22,983 INFO request {"path": "/clear", "payload": {"arena_id": "default", "robot_id": "202601002029", "request_id": "99c8188ee28b4cbb8dc7414fe474c6ea", "position": {"x": 361.0376202241727, "y": 1093.2478102166085}, "channel": 11}, "attempt": 1}
2026-09-13 11:14:23,008 INFO response {"request_id": "99c8188ee28b4cbb8dc7414fe474c6ea", "http_status": 200, "body": {"accepted": true, "real_timestamp_ms": 1789269258947, "virtual_time_s": 3690.519239, "clear_result": "success"}}
2026-09-13 11:14:23,041 INFO request {"path": "/measure", "payload": {"arena_id": "default", "robot_id": "202601002029", "request_id": "10133cd4e1a348bfa41b6a67f13bf478", "position": {"x": 361.0376202241727, "y": 1093.2478102166085}, "channel": 17}, "attempt": 1}
2026-09-13 11:14:23,043 INFO response {"request_id": "10133cd4e1a348bfa41b6a67f13bf478", "http_status": 200, "body": {"accepted": true, "real_timestamp_ms": 1789269258982, "virtual_time_s": 3696.519239, "measure_result": "direction", "svd_deg": 33.79}}
2026-09-13 11:14:23,056 INFO request {"path": "/measure", "payload": {"arena_id": "default", "robot_id": "202601002029", "request_id": "1d26e3ba81754b5bbe34498b1257871f", "position": {"x": 361.0376202241727, "y": 1093.2478102166085}, "channel": 4}, "attempt": 1}
2026-09-13 11:14:23,069 INFO response {"request_id": "1d26e3ba81754b5bbe34498b1257871f", "http_status": 200, "body": {"accepted": true, "real_timestamp_ms": 1789269259009, "virtual_time_s": 3702.519239, "measure_result": "direction", "svd_deg": 154.93}}
2026-09-13 11:14:23,989 INFO request {"path": "/measure", "payload": {"arena_id": "default", "robot_id": "202601002029", "request_id": "cd731514eef1469892df9ae0603930b8", "position": {"x": -50.161056565813055, "y": 1286.7334575113177}, "channel": 4}, "attempt": 1}
2026-09-13 11:14:24,008 INFO response {"request_id": "cd731514eef1469892df9ae0603930b8", "http_status": 200, "body": {"accepted": true, "real_timestamp_ms": 1789269259947, "virtual_time_s": 3798.408413, "measure_result": "direction", "svd_deg": 155.71}}
2026-09-13 11:14:24,017 INFO request {"path": "/clear", "payload": {"arena_id": "default", "robot_id": "202601002029", "request_id": "9046c9d7e5f74a7dbbee156fcba8248f", "position": {"x": -573.829235207065, "y": 1523.3602912666402}, "channel": 4}, "attempt": 1}
2026-09-13 11:14:24,039 INFO response {"request_id": "9046c9d7e5f74a7dbbee156fcba8248f", "http_status": 200, "body": {"accepted": true, "real_timestamp_ms": 1789269259978, "virtual_time_s": 3918.338064, "clear_result": "success"}}
2026-09-13 11:14:24,039 INFO request {"path": "/clear", "payload": {"arena_id": "default", "robot_id": "202601002029", "request_id": "499a09d6989c46918394cf98eb1444af", "position": {"x": 743.8469898334887, "y": 1349.7764889906196}, "channel": 17}, "attempt": 1}
2026-09-13 11:14:24,041 INFO response {"request_id": "499a09d6989c46918394cf98eb1444af", "http_status": 200, "body": {"accepted": true, "real_timestamp_ms": 1789269259980, "virtual_time_s": 4189.150176, "clear_result": "success"}}
2026-09-13 11:14:24,042 INFO request {"path": "/exit", "payload": {"arena_id": "default", "robot_id": "202601002029", "request_id": "c93bcb301edf4b068b52aeede5b206ee"}, "attempt": 1}
2026-09-13 11:14:24,055 INFO response {"request_id": "c93bcb301edf4b068b52aeede5b206ee", "http_status": 200, "body": {"accepted": true, "real_timestamp_ms": 1789269259994, "virtual_time_s": 4189.150176, "exit_reason": "user_exit"}}
