2026-09-13 12:33:13,770 INFO request {"path": "/enter", "payload": {"arena_id": "default", "robot_id": "202601002029", "request_id": "f2b48a2b04564d17ac5eb17ca86c30c5"}, "attempt": 1}
2026-09-13 12:33:13,774 INFO response {"request_id": "f2b48a2b04564d17ac5eb17ca86c30c5", "http_status": 200, "body": {"accepted": true, "real_timestamp_ms": 1789273989749, "virtual_time_s": 0, "max_virtual_duration_s": 360000, "max_real_duration_s": 1200, "remaining_real_duration_s": 1200}}
2026-09-13 12:33:13,784 INFO request {"path": "/measure", "payload": {"arena_id": "default", "robot_id": "202601002029", "request_id": "c7788d44e1464b69a0664a1c0493a179", "position": {"x": 0.0, "y": 0.0}, "channel": 1}, "attempt": 1}
2026-09-13 12:33:13,786 INFO response {"request_id": "c7788d44e1464b69a0664a1c0493a179", "http_status": 200, "body": {"accepted": true, "real_timestamp_ms": 1789273989761, "virtual_time_s": 5, "measure_result": "no_signal"}}
2026-09-13 12:33:13,789 INFO request {"path": "/measure", "payload": {"arena_id": "default", "robot_id": "202601002029", "request_id": "6737dff7b34d400b9e7b9ae874cf655b", "position": {"x": 0.0, "y": 0.0}, "channel": 2}, "attempt": 1}
2026-09-13 12:33:13,805 INFO response {"request_id": "6737dff7b34d400b9e7b9ae874cf655b", "http_status": 200, "body": {"accepted": true, "real_timestamp_ms": 1789273989780, "virtual_time_s": 11, "measure_result": "no_signal"}}
2026-09-13 12:33:13,807 INFO request {"path": "/measure", "payload": {"arena_id": "default", "robot_id": "202601002029", "request_id": "f8159b99ee4c43d5a97273de4661e4b6", "position": {"x": 0.0, "y": 0.0}, "channel": 3}, "attempt": 1}
2026-09-13 12:33:13,810 INFO response {"request_id": "f8159b99ee4c43d5a97273de4661e4b6", "http_status": 200, "body": {"accepted": true, "real_timestamp_ms": 1789273989784, "virtual_time_s": 17, "measure_result": "no_signal"}}
2026-09-13 12:33:13,810 INFO request {"path": "/measure", "payload": {"arena_id": "default", "robot_id": "202601002029", "request_id": "b02f5357fd7b4cebb7e1e809329bfb58", "position": {"x": 0.0, "y": 0.0}, "channel": 4}, "attempt": 1}
2026-09-13 12:33:13,812 INFO response {"request_id": "b02f5357fd7b4cebb7e1e809329bfb58", "http_status": 200, "body": {"accepted": true, "real_timestamp_ms": 1789273989786, "virtual_time_s": 23, "measure_result": "no_signal"}}
2026-09-13 12:33:13,812 INFO request {"path": "/measure", "payload": {"arena_id": "default", "robot_id": "202601002029", "request_id": "6e64238f61e04c149c7afb968e49740b", "position": {"x": 0.0, "y": 0.0}, "channel": 5}, "attempt": 1}
2026-09-13 12:33:13,837 INFO response {"request_id": "6e64238f61e04c149c7afb968e49740b", "http_status": 200, "body": {"accepted": true, "real_timestamp_ms": 1789273989811, "virtual_time_s": 29, "measure_result": "no_signal"}}
2026-09-13 12:33:13,838 INFO request {"path": "/measure", "payload": {"arena_id": "default", "robot_id": "202601002029", "request_id": "f4e200242cf94658975edea0098cac65", "position": {"x": 0.0, "y": 0.0}, "channel": 6}, "attempt": 1}
2026-09-13 12:33:13,840 INFO response {"request_id": "f4e200242cf94658975edea0098cac65", "http_status": 200, "body": {"accepted": true, "real_timestamp_ms": 1789273989815, "virtual_time_s": 35, "measure_result": "no_signal"}}
2026-09-13 12:33:13,841 INFO request {"path": "/measure", "payload": {"arena_id": "default", "robot_id": "202601002029", "request_id": "013f1508a6a24403837cc3ce5fcb95ab", "position": {"x": 0.0, "y": 0.0}, "channel": 7}, "attempt": 1}
2026-09-13 12:33:13,869 INFO response {"request_id": "013f1508a6a24403837cc3ce5fcb95ab", "http_status": 200, "body": {"accepted": true, "real_timestamp_ms": 1789273989843, "virtual_time_s": 41, "measure_result": "no_signal"}}
2026-09-13 12:33:13,869 INFO request {"path": "/measure", "payload": {"arena_id": "default", "robot_id": "202601002029", "request_id": "1c70ad8d05f34eb1a53012e30ad54d1c", "position": {"x": 0.0, "y": 0.0}, "channel": 8}, "attempt": 1}
2026-09-13 12:33:13,872 INFO response {"request_id": "1c70ad8d05f34eb1a53012e30ad54d1c", "http_status": 200, "body": {"accepted": true, "real_timestamp_ms": 1789273989846, "virtual_time_s": 47, "measure_result": "no_signal"}}
2026-09-13 12:33:13,872 INFO request {"path": "/measure", "payload": {"arena_id": "default", "robot_id": "202601002029", "request_id": "e62f977389824315b848a6ab5f6a92c7", "position": {"x": 0.0, "y": 0.0}, "channel": 9}, "attempt": 1}
2026-09-13 12:33:13,899 INFO response {"request_id": "e62f977389824315b848a6ab5f6a92c7", "http_status": 200, "body": {"accepted": true, "real_timestamp_ms": 1789273989873, "virtual_time_s": 53, "measure_result": "direction", "svd_deg": 306.79}}
2026-09-13 12:33:13,940 INFO request {"path": "/measure", "payload": {"arena_id": "default", "robot_id": "202601002029", "request_id": "2a151556340e406786b298093395c8e8", "position": {"x": 0.0, "y": 0.0}, "channel": 10}, "attempt": 1}
2026-09-13 12:33:13,942 INFO response {"request_id": "2a151556340e406786b298093395c8e8", "http_status": 200, "body": {"accepted": true, "real_timestamp_ms": 1789273989917, "virtual_time_s": 59, "measure_result": "no_signal"}}
2026-09-13 12:33:13,943 INFO request {"path": "/measure", "payload": {"arena_id": "default", "robot_id": "202601002029", "request_id": "a1cfa1093362472ebfad18b0008538ae", "position": {"x": 0.0, "y": 0.0}, "channel": 11}, "attempt": 1}
2026-09-13 12:33:13,945 INFO response {"request_id": "a1cfa1093362472ebfad18b0008538ae", "http_status": 200, "body": {"accepted": true, "real_timestamp_ms": 1789273989920, "virtual_time_s": 65, "measure_result": "no_signal"}}
2026-09-13 12:33:13,946 INFO request {"path": "/measure", "payload": {"arena_id": "default", "robot_id": "202601002029", "request_id": "9d877daac64044faa9720a736ddcb092", "position": {"x": 0.0, "y": 0.0}, "channel": 12}, "attempt": 1}
2026-09-13 12:33:13,961 INFO response {"request_id": "9d877daac64044faa9720a736ddcb092", "http_status": 200, "body": {"accepted": true, "real_timestamp_ms": 1789273989936, "virtual_time_s": 71, "measure_result": "no_signal"}}
2026-09-13 12:33:13,962 INFO request {"path": "/measure", "payload": {"arena_id": "default", "robot_id": "202601002029", "request_id": "68563895bd98410681fce9f0f0c8d3f8", "position": {"x": 0.0, "y": 0.0}, "channel": 13}, "attempt": 1}
2026-09-13 12:33:13,976 INFO response {"request_id": "68563895bd98410681fce9f0f0c8d3f8", "http_status": 200, "body": {"accepted": true, "real_timestamp_ms": 1789273989951, "virtual_time_s": 77, "measure_result": "no_signal"}}
2026-09-13 12:33:13,977 INFO request {"path": "/measure", "payload": {"arena_id": "default", "robot_id": "202601002029", "request_id": "9ddc22f21e78444a9e78112916a68b4a", "position": {"x": 0.0, "y": 0.0}, "channel": 14}, "attempt": 1}
2026-09-13 12:33:13,992 INFO response {"request_id": "9ddc22f21e78444a9e78112916a68b4a", "http_status": 200, "body": {"accepted": true, "real_timestamp_ms": 1789273989966, "virtual_time_s": 83, "measure_result": "direction", "svd_deg": 14.03}}
2026-09-13 12:33:14,005 INFO request {"path": "/measure", "payload": {"arena_id": "default", "robot_id": "202601002029", "request_id": "585193725eba43e19121930a7c545c9b", "position": {"x": 0.0, "y": 0.0}, "channel": 15}, "attempt": 1}
2026-09-13 12:33:14,022 INFO response {"request_id": "585193725eba43e19121930a7c545c9b", "http_status": 200, "body": {"accepted": true, "real_timestamp_ms": 1789273989998, "virtual_time_s": 89, "measure_result": "no_signal"}}
2026-09-13 12:33:14,023 INFO request {"path": "/measure", "payload": {"arena_id": "default", "robot_id": "202601002029", "request_id": "1da76d918f414deca8c5bd51667eccab", "position": {"x": 0.0, "y": 0.0}, "channel": 16}, "attempt": 1}
2026-09-13 12:33:14,024 INFO response {"request_id": "1da76d918f414deca8c5bd51667eccab", "http_status": 200, "body": {"accepted": true, "real_timestamp_ms": 1789273989999, "virtual_time_s": 95, "measure_result": "direction", "svd_deg": 293.44}}
2026-09-13 12:33:14,043 INFO request {"path": "/measure", "payload": {"arena_id": "default", "robot_id": "202601002029", "request_id": "230f4dc811f94ef4a21d4f2fdc5ebd24", "position": {"x": 0.0, "y": 0.0}, "channel": 17}, "attempt": 1}
2026-09-13 12:33:14,044 INFO response {"request_id": "230f4dc811f94ef4a21d4f2fdc5ebd24", "http_status": 200, "body": {"accepted": true, "real_timestamp_ms": 1789273990019, "virtual_time_s": 101, "measure_result": "no_signal"}}
2026-09-13 12:33:14,045 INFO request {"path": "/measure", "payload": {"arena_id": "default", "robot_id": "202601002029", "request_id": "564894a24b284a95944e22cac75eeea0", "position": {"x": 0.0, "y": 0.0}, "channel": 18}, "attempt": 1}
2026-09-13 12:33:14,046 INFO response {"request_id": "564894a24b284a95944e22cac75eeea0", "http_status": 200, "body": {"accepted": true, "real_timestamp_ms": 1789273990021, "virtual_time_s": 107, "measure_result": "no_signal"}}
2026-09-13 12:33:14,046 INFO request {"path": "/measure", "payload": {"arena_id": "default", "robot_id": "202601002029", "request_id": "3a0d197325444499ae2788854345a02a", "position": {"x": 0.0, "y": 0.0}, "channel": 19}, "attempt": 1}
2026-09-13 12:33:14,070 INFO response {"request_id": "3a0d197325444499ae2788854345a02a", "http_status": 200, "body": {"accepted": true, "real_timestamp_ms": 1789273990045, "virtual_time_s": 113, "measure_result": "no_signal"}}
2026-09-13 12:33:14,071 INFO request {"path": "/measure", "payload": {"arena_id": "default", "robot_id": "202601002029", "request_id": "debaa3eeb324433196d9c2829e39a497", "position": {"x": 0.0, "y": 0.0}, "channel": 20}, "attempt": 1}
2026-09-13 12:33:14,087 INFO response {"request_id": "debaa3eeb324433196d9c2829e39a497", "http_status": 200, "body": {"accepted": true, "real_timestamp_ms": 1789273990061, "virtual_time_s": 119, "measure_result": "no_signal"}}
2026-09-13 12:33:14,148 INFO request {"path": "/measure", "payload": {"arena_id": "default", "robot_id": "202601002029", "request_id": "8b5cb6a11f89437aa950643f11ce9fcd", "position": {"x": 1130.0, "y": 0.0}, "channel": 20}, "attempt": 1}
2026-09-13 12:33:14,150 INFO response {"request_id": "8b5cb6a11f89437aa950643f11ce9fcd", "http_status": 200, "body": {"accepted": true, "real_timestamp_ms": 1789273990125, "virtual_time_s": 350, "measure_result": "no_signal"}}
2026-09-13 12:33:14,151 INFO request {"path": "/measure", "payload": {"arena_id": "default", "robot_id": "202601002029", "request_id": "d8c327380fa140c990f30815b7372d80", "position": {"x": 1130.0, "y": 0.0}, "channel": 1}, "attempt": 1}
2026-09-13 12:33:14,152 INFO response {"request_id": "d8c327380fa140c990f30815b7372d80", "http_status": 200, "body": {"accepted": true, "real_timestamp_ms": 1789273990127, "virtual_time_s": 356, "measure_result": "no_signal"}}
2026-09-13 12:33:14,153 INFO request {"path": "/measure", "payload": {"arena_id": "default", "robot_id": "202601002029", "request_id": "5b2127c5eea042429096bdbbcde3bfce", "position": {"x": 1130.0, "y": 0.0}, "channel": 2}, "attempt": 1}
2026-09-13 12:33:14,154 INFO response {"request_id": "5b2127c5eea042429096bdbbcde3bfce", "http_status": 200, "body": {"accepted": true, "real_timestamp_ms": 1789273990128, "virtual_time_s": 362, "measure_result": "no_signal"}}
2026-09-13 12:33:14,154 INFO request {"path": "/measure", "payload": {"arena_id": "default", "robot_id": "202601002029", "request_id": "01a82cd6d34d49e185b5a61f3a1f5816", "position": {"x": 1130.0, "y": 0.0}, "channel": 3}, "attempt": 1}
2026-09-13 12:33:14,155 INFO response {"request_id": "01a82cd6d34d49e185b5a61f3a1f5816", "http_status": 200, "body": {"accepted": true, "real_timestamp_ms": 1789273990130, "virtual_time_s": 368, "measure_result": "direction", "svd_deg": 89.47}}
2026-09-13 12:33:14,174 INFO request {"path": "/measure", "payload": {"arena_id": "default", "robot_id": "202601002029", "request_id": "96193a53a71d40b6af4a116d65be4c0a", "position": {"x": 1130.0, "y": 0.0}, "channel": 4}, "attempt": 1}
2026-09-13 12:33:14,176 INFO response {"request_id": "96193a53a71d40b6af4a116d65be4c0a", "http_status": 200, "body": {"accepted": true, "real_timestamp_ms": 1789273990151, "virtual_time_s": 374, "measure_result": "direction", "svd_deg": 17.49}}
2026-09-13 12:33:14,189 INFO request {"path": "/measure", "payload": {"arena_id": "default", "robot_id": "202601002029", "request_id": "8ebbd809f5cf457e92faa839010c2a0a", "position": {"x": 1130.0, "y": 0.0}, "channel": 5}, "attempt": 1}
2026-09-13 12:33:14,210 INFO response {"request_id": "8ebbd809f5cf457e92faa839010c2a0a", "http_status": 200, "body": {"accepted": true, "real_timestamp_ms": 1789273990185, "virtual_time_s": 380, "measure_result": "no_signal"}}
2026-09-13 12:33:14,210 INFO request {"path": "/measure", "payload": {"arena_id": "default", "robot_id": "202601002029", "request_id": "ac91d4672c9646b288068713a23719a4", "position": {"x": 1130.0, "y": 0.0}, "channel": 6}, "attempt": 1}
2026-09-13 12:33:14,228 INFO response {"request_id": "ac91d4672c9646b288068713a23719a4", "http_status": 200, "body": {"accepted": true, "real_timestamp_ms": 1789273990202, "virtual_time_s": 386, "measure_result": "direction", "svd_deg": 310.26}}
2026-09-13 12:33:14,261 INFO request {"path": "/measure", "payload": {"arena_id": "default", "robot_id": "202601002029", "request_id": "6f4d253e3e474c799dc80bee1336ab3e", "position": {"x": 1130.0, "y": 0.0}, "channel": 7}, "attempt": 1}
2026-09-13 12:33:14,274 INFO response {"request_id": "6f4d253e3e474c799dc80bee1336ab3e", "http_status": 200, "body": {"accepted": true, "real_timestamp_ms": 1789273990249, "virtual_time_s": 392, "measure_result": "no_signal"}}
2026-09-13 12:33:14,274 INFO request {"path": "/measure", "payload": {"arena_id": "default", "robot_id": "202601002029", "request_id": "dbab950a899c4ac2b3ec77671a36c5d4", "position": {"x": 1130.0, "y": 0.0}, "channel": 8}, "attempt": 1}
2026-09-13 12:33:14,290 INFO response {"request_id": "dbab950a899c4ac2b3ec77671a36c5d4", "http_status": 200, "body": {"accepted": true, "real_timestamp_ms": 1789273990264, "virtual_time_s": 398, "measure_result": "no_signal"}}
2026-09-13 12:33:14,290 INFO request {"path": "/measure", "payload": {"arena_id": "default", "robot_id": "202601002029", "request_id": "db27629a60014c929068650c21a1c958", "position": {"x": 1130.0, "y": 0.0}, "channel": 10}, "attempt": 1}
2026-09-13 12:33:14,305 INFO response {"request_id": "db27629a60014c929068650c21a1c958", "http_status": 200, "body": {"accepted": true, "real_timestamp_ms": 1789273990279, "virtual_time_s": 404, "measure_result": "no_signal"}}
2026-09-13 12:33:14,306 INFO request {"path": "/measure", "payload": {"arena_id": "default", "robot_id": "202601002029", "request_id": "71656f8578a44d0bb0b61a4b0e9d83a4", "position": {"x": 1130.0, "y": 0.0}, "channel": 11}, "attempt": 1}
2026-09-13 12:33:14,320 INFO response {"request_id": "71656f8578a44d0bb0b61a4b0e9d83a4", "http_status": 200, "body": {"accepted": true, "real_timestamp_ms": 1789273990295, "virtual_time_s": 410, "measure_result": "no_signal"}}
2026-09-13 12:33:14,321 INFO request {"path": "/measure", "payload": {"arena_id": "default", "robot_id": "202601002029", "request_id": "72ec41b0beef4926a9e267b343464291", "position": {"x": 1130.0, "y": 0.0}, "channel": 12}, "attempt": 1}
2026-09-13 12:33:14,324 INFO response {"request_id": "72ec41b0beef4926a9e267b343464291", "http_status": 200, "body": {"accepted": true, "real_timestamp_ms": 1789273990297, "virtual_time_s": 416, "measure_result": "no_signal"}}
2026-09-13 12:33:14,324 INFO request {"path": "/measure", "payload": {"arena_id": "default", "robot_id": "202601002029", "request_id": "e074061872104581b8852df4287c8f00", "position": {"x": 1130.0, "y": 0.0}, "channel": 13}, "attempt": 1}
2026-09-13 12:33:14,351 INFO response {"request_id": "e074061872104581b8852df4287c8f00", "http_status": 200, "body": {"accepted": true, "real_timestamp_ms": 1789273990325, "virtual_time_s": 422, "measure_result": "no_signal"}}
2026-09-13 12:33:14,351 INFO request {"path": "/measure", "payload": {"arena_id": "default", "robot_id": "202601002029", "request_id": "3b2da2f9796542ca8184809488759f47", "position": {"x": 1130.0, "y": 0.0}, "channel": 15}, "attempt": 1}
2026-09-13 12:33:14,367 INFO response {"request_id": "3b2da2f9796542ca8184809488759f47", "http_status": 200, "body": {"accepted": true, "real_timestamp_ms": 1789273990341, "virtual_time_s": 428, "measure_result": "no_signal"}}
2026-09-13 12:33:14,367 INFO request {"path": "/measure", "payload": {"arena_id": "default", "robot_id": "202601002029", "request_id": "a263effc58b74377ac125057703f405a", "position": {"x": 1130.0, "y": 0.0}, "channel": 17}, "attempt": 1}
2026-09-13 12:33:14,382 INFO response {"request_id": "a263effc58b74377ac125057703f405a", "http_status": 200, "body": {"accepted": true, "real_timestamp_ms": 1789273990356, "virtual_time_s": 434, "measure_result": "no_signal"}}
2026-09-13 12:33:14,383 INFO request {"path": "/measure", "payload": {"arena_id": "default", "robot_id": "202601002029", "request_id": "8d41a9d05b71470badfd8ef0247a7efb", "position": {"x": 1130.0, "y": 0.0}, "channel": 18}, "attempt": 1}
2026-09-13 12:33:14,399 INFO response {"request_id": "8d41a9d05b71470badfd8ef0247a7efb", "http_status": 200, "body": {"accepted": true, "real_timestamp_ms": 1789273990374, "virtual_time_s": 440, "measure_result": "no_signal"}}
2026-09-13 12:33:14,400 INFO request {"path": "/measure", "payload": {"arena_id": "default", "robot_id": "202601002029", "request_id": "a87dba0dd473422da808e57654116f47", "position": {"x": 1130.0, "y": 0.0}, "channel": 19}, "attempt": 1}
2026-09-13 12:33:14,402 INFO response {"request_id": "a87dba0dd473422da808e57654116f47", "http_status": 200, "body": {"accepted": true, "real_timestamp_ms": 1789273990377, "virtual_time_s": 446, "measure_result": "no_signal"}}
2026-09-13 12:33:14,506 INFO request {"path": "/measure", "payload": {"arena_id": "default", "robot_id": "202601002029", "request_id": "506e555ac89c44129f8b09d9ae314b1c", "position": {"x": 1130.0, "y": 0.0}, "channel": 14}, "attempt": 1}
2026-09-13 12:33:14,524 INFO response {"request_id": "506e555ac89c44129f8b09d9ae314b1c", "http_status": 200, "body": {"accepted": true, "real_timestamp_ms": 1789273990498, "virtual_time_s": 452, "measure_result": "direction", "svd_deg": 166.01}}
2026-09-13 12:33:14,648 INFO request {"path": "/measure", "payload": {"arena_id": "default", "robot_id": "202601002029", "request_id": "4abc582435ff4e6aadfd2c96eb58663c", "position": {"x": 1130.0, "y": 0.0}, "channel": 9}, "attempt": 1}
2026-09-13 12:33:14,664 INFO response {"request_id": "4abc582435ff4e6aadfd2c96eb58663c", "http_status": 200, "body": {"accepted": true, "real_timestamp_ms": 1789273990638, "virtual_time_s": 458, "measure_result": "direction", "svd_deg": 206.99}}
2026-09-13 12:33:14,714 INFO request {"path": "/measure", "payload": {"arena_id": "default", "robot_id": "202601002029", "request_id": "f51390e8844c41ac84a1b22544673c4b", "position": {"x": 565.0000000000001, "y": -978.6087062764157}, "channel": 1}, "attempt": 1}
2026-09-13 12:33:14,717 INFO response {"request_id": "f51390e8844c41ac84a1b22544673c4b", "http_status": 200, "body": {"accepted": true, "real_timestamp_ms": 1789273990691, "virtual_time_s": 690, "measure_result": "no_signal"}}
2026-09-13 12:33:14,717 INFO request {"path": "/measure", "payload": {"arena_id": "default", "robot_id": "202601002029", "request_id": "5d240792aefa43759c44849e16dce5d1", "position": {"x": 565.0000000000001, "y": -978.6087062764157}, "channel": 2}, "attempt": 1}
2026-09-13 12:33:14,718 INFO response {"request_id": "5d240792aefa43759c44849e16dce5d1", "http_status": 200, "body": {"accepted": true, "real_timestamp_ms": 1789273990693, "virtual_time_s": 696, "measure_result": "no_signal"}}
2026-09-13 12:33:14,718 INFO request {"path": "/measure", "payload": {"arena_id": "default", "robot_id": "202601002029", "request_id": "96842ff2298844f1aa529303fa4a3efd", "position": {"x": 565.0000000000001, "y": -978.6087062764157}, "channel": 5}, "attempt": 1}
2026-09-13 12:33:14,720 INFO response {"request_id": "96842ff2298844f1aa529303fa4a3efd", "http_status": 200, "body": {"accepted": true, "real_timestamp_ms": 1789273990695, "virtual_time_s": 702, "measure_result": "no_signal"}}
2026-09-13 12:33:14,720 INFO request {"path": "/measure", "payload": {"arena_id": "default", "robot_id": "202601002029", "request_id": "dd9f1c1c2d42476187dacc5066970a5d", "position": {"x": 565.0000000000001, "y": -978.6087062764157}, "channel": 7}, "attempt": 1}
2026-09-13 12:33:14,722 INFO response {"request_id": "dd9f1c1c2d42476187dacc5066970a5d", "http_status": 200, "body": {"accepted": true, "real_timestamp_ms": 1789273990697, "virtual_time_s": 708, "measure_result": "no_signal"}}
2026-09-13 12:33:14,722 INFO request {"path": "/measure", "payload": {"arena_id": "default", "robot_id": "202601002029", "request_id": "ca80eb7f4f294934b1addbbb3ec71040", "position": {"x": 565.0000000000001, "y": -978.6087062764157}, "channel": 8}, "attempt": 1}
2026-09-13 12:33:14,724 INFO response {"request_id": "ca80eb7f4f294934b1addbbb3ec71040", "http_status": 200, "body": {"accepted": true, "real_timestamp_ms": 1789273990699, "virtual_time_s": 714, "measure_result": "no_signal"}}
2026-09-13 12:33:14,725 INFO request {"path": "/measure", "payload": {"arena_id": "default", "robot_id": "202601002029", "request_id": "a33721cff53445dcb32187536b3e81c2", "position": {"x": 565.0000000000001, "y": -978.6087062764157}, "channel": 10}, "attempt": 1}
2026-09-13 12:33:14,726 INFO response {"request_id": "a33721cff53445dcb32187536b3e81c2", "http_status": 200, "body": {"accepted": true, "real_timestamp_ms": 1789273990701, "virtual_time_s": 720, "measure_result": "no_signal"}}
2026-09-13 12:33:14,726 INFO request {"path": "/measure", "payload": {"arena_id": "default", "robot_id": "202601002029", "request_id": "b7fdc45350684d0897114fab72312c41", "position": {"x": 565.0000000000001, "y": -978.6087062764157}, "channel": 11}, "attempt": 1}
2026-09-13 12:33:14,728 INFO response {"request_id": "b7fdc45350684d0897114fab72312c41", "http_status": 200, "body": {"accepted": true, "real_timestamp_ms": 1789273990703, "virtual_time_s": 726, "measure_result": "no_signal"}}
2026-09-13 12:33:14,728 INFO request {"path": "/measure", "payload": {"arena_id": "default", "robot_id": "202601002029", "request_id": "8c6cba60e721430abb3e7b999e325210", "position": {"x": 565.0000000000001, "y": -978.6087062764157}, "channel": 12}, "attempt": 1}
2026-09-13 12:33:14,729 INFO response {"request_id": "8c6cba60e721430abb3e7b999e325210", "http_status": 200, "body": {"accepted": true, "real_timestamp_ms": 1789273990704, "virtual_time_s": 732, "measure_result": "no_signal"}}
2026-09-13 12:33:14,729 INFO request {"path": "/measure", "payload": {"arena_id": "default", "robot_id": "202601002029", "request_id": "37e39993579942f5b565196b9b5ed652", "position": {"x": 565.0000000000001, "y": -978.6087062764157}, "channel": 13}, "attempt": 1}
2026-09-13 12:33:14,731 INFO response {"request_id": "37e39993579942f5b565196b9b5ed652", "http_status": 200, "body": {"accepted": true, "real_timestamp_ms": 1789273990706, "virtual_time_s": 738, "measure_result": "no_signal"}}
2026-09-13 12:33:14,731 INFO request {"path": "/measure", "payload": {"arena_id": "default", "robot_id": "202601002029", "request_id": "36a2116104a549f688d80551376124de", "position": {"x": 565.0000000000001, "y": -978.6087062764157}, "channel": 15}, "attempt": 1}
2026-09-13 12:33:14,732 INFO response {"request_id": "36a2116104a549f688d80551376124de", "http_status": 200, "body": {"accepted": true, "real_timestamp_ms": 1789273990707, "virtual_time_s": 744, "measure_result": "no_signal"}}
2026-09-13 12:33:14,732 INFO request {"path": "/measure", "payload": {"arena_id": "default", "robot_id": "202601002029", "request_id": "ab0f8c59186e426498f6fae553daca7f", "position": {"x": 565.0000000000001, "y": -978.6087062764157}, "channel": 17}, "attempt": 1}
2026-09-13 12:33:14,733 INFO response {"request_id": "ab0f8c59186e426498f6fae553daca7f", "http_status": 200, "body": {"accepted": true, "real_timestamp_ms": 1789273990708, "virtual_time_s": 750, "measure_result": "no_signal"}}
2026-09-13 12:33:14,734 INFO request {"path": "/measure", "payload": {"arena_id": "default", "robot_id": "202601002029", "request_id": "36952afc2d414afbbd225a81f0931a66", "position": {"x": 565.0000000000001, "y": -978.6087062764157}, "channel": 18}, "attempt": 1}
2026-09-13 12:33:14,757 INFO response {"request_id": "36952afc2d414afbbd225a81f0931a66", "http_status": 200, "body": {"accepted": true, "real_timestamp_ms": 1789273990731, "virtual_time_s": 756, "measure_result": "no_signal"}}
2026-09-13 12:33:14,757 INFO request {"path": "/measure", "payload": {"arena_id": "default", "robot_id": "202601002029", "request_id": "9bad9f6ae8104810bd9767bd97fbed53", "position": {"x": 565.0000000000001, "y": -978.6087062764157}, "channel": 19}, "attempt": 1}
2026-09-13 12:33:14,759 INFO response {"request_id": "9bad9f6ae8104810bd9767bd97fbed53", "http_status": 200, "body": {"accepted": true, "real_timestamp_ms": 1789273990734, "virtual_time_s": 762, "measure_result": "no_signal"}}
2026-09-13 12:33:14,760 INFO request {"path": "/measure", "payload": {"arena_id": "default", "robot_id": "202601002029", "request_id": "642d8cc441b6487f9d635c9183cbadea", "position": {"x": 565.0000000000001, "y": -978.6087062764157}, "channel": 20}, "attempt": 1}
2026-09-13 12:33:14,761 INFO response {"request_id": "642d8cc441b6487f9d635c9183cbadea", "http_status": 200, "body": {"accepted": true, "real_timestamp_ms": 1789273990736, "virtual_time_s": 768, "measure_result": "no_signal"}}
2026-09-13 12:33:14,929 INFO request {"path": "/measure", "payload": {"arena_id": "default", "robot_id": "202601002029", "request_id": "f42184ef90f54477967517a82e7b7ab9", "position": {"x": 565.0000000000001, "y": -978.6087062764157}, "channel": 9}, "attempt": 1}
2026-09-13 12:33:14,944 INFO response {"request_id": "f42184ef90f54477967517a82e7b7ab9", "http_status": 200, "body": {"accepted": true, "real_timestamp_ms": 1789273990919, "virtual_time_s": 774, "measure_result": "direction", "svd_deg": 114.63}}
2026-09-13 12:33:15,096 INFO request {"path": "/measure", "payload": {"arena_id": "default", "robot_id": "202601002029", "request_id": "74bc4cbf0db44578893805f004f0c4cf", "position": {"x": 565.0000000000001, "y": -978.6087062764157}, "channel": 6}, "attempt": 1}
2026-09-13 12:33:15,115 INFO response {"request_id": "74bc4cbf0db44578893805f004f0c4cf", "http_status": 200, "body": {"accepted": true, "real_timestamp_ms": 1789273991089, "virtual_time_s": 780, "measure_result": "direction", "svd_deg": 19.43}}
2026-09-13 12:33:15,208 INFO request {"path": "/measure", "payload": {"arena_id": "default", "robot_id": "202601002029", "request_id": "d70940e6b807481eb9afbcdfff741570", "position": {"x": -565.0000000000005, "y": -978.6087062764154}, "channel": 1}, "attempt": 1}
2026-09-13 12:33:15,209 INFO response {"request_id": "d70940e6b807481eb9afbcdfff741570", "http_status": 200, "body": {"accepted": true, "real_timestamp_ms": 1789273991185, "virtual_time_s": 1012, "measure_result": "no_signal"}}
2026-09-13 12:33:15,210 INFO request {"path": "/measure", "payload": {"arena_id": "default", "robot_id": "202601002029", "request_id": "6999d5a84b2d47a1bd2e59a02bb7f310", "position": {"x": -565.0000000000005, "y": -978.6087062764154}, "channel": 2}, "attempt": 1}
2026-09-13 12:33:15,211 INFO response {"request_id": "6999d5a84b2d47a1bd2e59a02bb7f310", "http_status": 200, "body": {"accepted": true, "real_timestamp_ms": 1789273991185, "virtual_time_s": 1018, "measure_result": "no_signal"}}
2026-09-13 12:33:15,211 INFO request {"path": "/measure", "payload": {"arena_id": "default", "robot_id": "202601002029", "request_id": "7c7b718711064dc6b2ba6987e932f48f", "position": {"x": -565.0000000000005, "y": -978.6087062764154}, "channel": 5}, "attempt": 1}
2026-09-13 12:33:15,223 INFO response {"request_id": "7c7b718711064dc6b2ba6987e932f48f", "http_status": 200, "body": {"accepted": true, "real_timestamp_ms": 1789273991198, "virtual_time_s": 1024, "measure_result": "no_signal"}}
2026-09-13 12:33:15,223 INFO request {"path": "/measure", "payload": {"arena_id": "default", "robot_id": "202601002029", "request_id": "331511c3a3014449bb7f8f18dfda9a95", "position": {"x": -565.0000000000005, "y": -978.6087062764154}, "channel": 7}, "attempt": 1}
2026-09-13 12:33:15,241 INFO response {"request_id": "331511c3a3014449bb7f8f18dfda9a95", "http_status": 200, "body": {"accepted": true, "real_timestamp_ms": 1789273991215, "virtual_time_s": 1030, "measure_result": "no_signal"}}
2026-09-13 12:33:15,241 INFO request {"path": "/measure", "payload": {"arena_id": "default", "robot_id": "202601002029", "request_id": "ad14265f84a849849fa82e7f267e8993", "position": {"x": -565.0000000000005, "y": -978.6087062764154}, "channel": 8}, "attempt": 1}
2026-09-13 12:33:15,268 INFO response {"request_id": "ad14265f84a849849fa82e7f267e8993", "http_status": 200, "body": {"accepted": true, "real_timestamp_ms": 1789273991243, "virtual_time_s": 1036, "measure_result": "no_signal"}}
2026-09-13 12:33:15,269 INFO request {"path": "/measure", "payload": {"arena_id": "default", "robot_id": "202601002029", "request_id": "74449b63a746406ca7c0b245c1d30474", "position": {"x": -565.0000000000005, "y": -978.6087062764154}, "channel": 10}, "attempt": 1}
2026-09-13 12:33:15,284 INFO response {"request_id": "74449b63a746406ca7c0b245c1d30474", "http_status": 200, "body": {"accepted": true, "real_timestamp_ms": 1789273991259, "virtual_time_s": 1042, "measure_result": "no_signal"}}
2026-09-13 12:33:15,284 INFO request {"path": "/measure", "payload": {"arena_id": "default", "robot_id": "202601002029", "request_id": "e2aace686473403fb1a271a014bc16a5", "position": {"x": -565.0000000000005, "y": -978.6087062764154}, "channel": 11}, "attempt": 1}
2026-09-13 12:33:15,287 INFO response {"request_id": "e2aace686473403fb1a271a014bc16a5", "http_status": 200, "body": {"accepted": true, "real_timestamp_ms": 1789273991261, "virtual_time_s": 1048, "measure_result": "no_signal"}}
2026-09-13 12:33:15,287 INFO request {"path": "/measure", "payload": {"arena_id": "default", "robot_id": "202601002029", "request_id": "d4a162ba96674756b097035870b3a812", "position": {"x": -565.0000000000005, "y": -978.6087062764154}, "channel": 12}, "attempt": 1}
2026-09-13 12:33:15,289 INFO response {"request_id": "d4a162ba96674756b097035870b3a812", "http_status": 200, "body": {"accepted": true, "real_timestamp_ms": 1789273991264, "virtual_time_s": 1054, "measure_result": "no_signal"}}
2026-09-13 12:33:15,289 INFO request {"path": "/measure", "payload": {"arena_id": "default", "robot_id": "202601002029", "request_id": "fb6ee7de4d5549f780efbbaa70f2093d", "position": {"x": -565.0000000000005, "y": -978.6087062764154}, "channel": 13}, "attempt": 1}
2026-09-13 12:33:15,291 INFO response {"request_id": "fb6ee7de4d5549f780efbbaa70f2093d", "http_status": 200, "body": {"accepted": true, "real_timestamp_ms": 1789273991266, "virtual_time_s": 1060, "measure_result": "no_signal"}}
2026-09-13 12:33:15,291 INFO request {"path": "/measure", "payload": {"arena_id": "default", "robot_id": "202601002029", "request_id": "75810e7298d64634b1c23b2e1b5b35a3", "position": {"x": -565.0000000000005, "y": -978.6087062764154}, "channel": 15}, "attempt": 1}
2026-09-13 12:33:15,317 INFO response {"request_id": "75810e7298d64634b1c23b2e1b5b35a3", "http_status": 200, "body": {"accepted": true, "real_timestamp_ms": 1789273991291, "virtual_time_s": 1066, "measure_result": "direction", "svd_deg": 186.94}}
2026-09-13 12:33:15,346 INFO request {"path": "/measure", "payload": {"arena_id": "default", "robot_id": "202601002029", "request_id": "63313221a8ce4a3aaa0961d50a1e85b9", "position": {"x": -565.0000000000005, "y": -978.6087062764154}, "channel": 17}, "attempt": 1}
2026-09-13 12:33:15,362 INFO response {"request_id": "63313221a8ce4a3aaa0961d50a1e85b9", "http_status": 200, "body": {"accepted": true, "real_timestamp_ms": 1789273991338, "virtual_time_s": 1072, "measure_result": "no_signal"}}
2026-09-13 12:33:15,363 INFO request {"path": "/measure", "payload": {"arena_id": "default", "robot_id": "202601002029", "request_id": "3ee11e5ddf5f4ed9b1f7c65377374f46", "position": {"x": -565.0000000000005, "y": -978.6087062764154}, "channel": 18}, "attempt": 1}
2026-09-13 12:33:15,378 INFO response {"request_id": "3ee11e5ddf5f4ed9b1f7c65377374f46", "http_status": 200, "body": {"accepted": true, "real_timestamp_ms": 1789273991353, "virtual_time_s": 1078, "measure_result": "no_signal"}}
2026-09-13 12:33:15,378 INFO request {"path": "/measure", "payload": {"arena_id": "default", "robot_id": "202601002029", "request_id": "3237ef7886b34b0b9fb06a3897479d61", "position": {"x": -565.0000000000005, "y": -978.6087062764154}, "channel": 19}, "attempt": 1}
2026-09-13 12:33:15,393 INFO response {"request_id": "3237ef7886b34b0b9fb06a3897479d61", "http_status": 200, "body": {"accepted": true, "real_timestamp_ms": 1789273991368, "virtual_time_s": 1084, "measure_result": "no_signal"}}
2026-09-13 12:33:15,393 INFO request {"path": "/measure", "payload": {"arena_id": "default", "robot_id": "202601002029", "request_id": "8894ab1d74cf4e0182e5ea61653fb676", "position": {"x": -565.0000000000005, "y": -978.6087062764154}, "channel": 20}, "attempt": 1}
2026-09-13 12:33:15,394 INFO response {"request_id": "8894ab1d74cf4e0182e5ea61653fb676", "http_status": 200, "body": {"accepted": true, "real_timestamp_ms": 1789273991369, "virtual_time_s": 1090, "measure_result": "no_signal"}}
2026-09-13 12:33:15,443 INFO request {"path": "/measure", "payload": {"arena_id": "default", "robot_id": "202601002029", "request_id": "573f0ab66ee7402c9db5308d7e080cfb", "position": {"x": -565.0000000000005, "y": -978.6087062764154}, "channel": 16}, "attempt": 1}
2026-09-13 12:33:15,471 INFO response {"request_id": "573f0ab66ee7402c9db5308d7e080cfb", "http_status": 200, "body": {"accepted": true, "real_timestamp_ms": 1789273991445, "virtual_time_s": 1096, "measure_result": "direction", "svd_deg": 359.89}}
2026-09-13 12:33:15,517 INFO request {"path": "/measure", "payload": {"arena_id": "default", "robot_id": "202601002029", "request_id": "da646a812aad4a01bb077944c17696ed", "position": {"x": -1130.0, "y": 1.3838508830365092e-13}, "channel": 1}, "attempt": 1}
2026-09-13 12:33:15,519 INFO response {"request_id": "da646a812aad4a01bb077944c17696ed", "http_status": 200, "body": {"accepted": true, "real_timestamp_ms": 1789273991494, "virtual_time_s": 1328, "measure_result": "no_signal"}}
2026-09-13 12:33:15,519 INFO request {"path": "/measure", "payload": {"arena_id": "default", "robot_id": "202601002029", "request_id": "003a3349250142fcb4d68e3faf92a18d", "position": {"x": -1130.0, "y": 1.3838508830365092e-13}, "channel": 2}, "attempt": 1}
2026-09-13 12:33:15,520 INFO response {"request_id": "003a3349250142fcb4d68e3faf92a18d", "http_status": 200, "body": {"accepted": true, "real_timestamp_ms": 1789273991495, "virtual_time_s": 1334, "measure_result": "direction", "svd_deg": 104.71}}
2026-09-13 12:33:15,536 INFO request {"path": "/measure", "payload": {"arena_id": "default", "robot_id": "202601002029", "request_id": "ae0349cdcec74c568a2cbacac1dd0052", "position": {"x": -1130.0, "y": 1.3838508830365092e-13}, "channel": 5}, "attempt": 1}
2026-09-13 12:33:15,548 INFO response {"request_id": "ae0349cdcec74c568a2cbacac1dd0052", "http_status": 200, "body": {"accepted": true, "real_timestamp_ms": 1789273991523, "virtual_time_s": 1340, "measure_result": "no_signal"}}
2026-09-13 12:33:15,548 INFO request {"path": "/measure", "payload": {"arena_id": "default", "robot_id": "202601002029", "request_id": "a7fa56d527294be0b6ae4738a2190ac2", "position": {"x": -1130.0, "y": 1.3838508830365092e-13}, "channel": 7}, "attempt": 1}
2026-09-13 12:33:15,555 INFO response {"request_id": "a7fa56d527294be0b6ae4738a2190ac2", "http_status": 200, "body": {"accepted": true, "real_timestamp_ms": 1789273991525, "virtual_time_s": 1346, "measure_result": "no_signal"}}
2026-09-13 12:33:15,556 INFO request {"path": "/measure", "payload": {"arena_id": "default", "robot_id": "202601002029", "request_id": "6dd3965f53db4497b1c14dd39f7e70d1", "position": {"x": -1130.0, "y": 1.3838508830365092e-13}, "channel": 8}, "attempt": 1}
2026-09-13 12:33:15,559 INFO response {"request_id": "6dd3965f53db4497b1c14dd39f7e70d1", "http_status": 200, "body": {"accepted": true, "real_timestamp_ms": 1789273991534, "virtual_time_s": 1352, "measure_result": "no_signal"}}
2026-09-13 12:33:15,560 INFO request {"path": "/measure", "payload": {"arena_id": "default", "robot_id": "202601002029", "request_id": "f109053c52544cc78cf367a56f4264ee", "position": {"x": -1130.0, "y": 1.3838508830365092e-13}, "channel": 10}, "attempt": 1}
2026-09-13 12:33:15,578 INFO response {"request_id": "f109053c52544cc78cf367a56f4264ee", "http_status": 200, "body": {"accepted": true, "real_timestamp_ms": 1789273991553, "virtual_time_s": 1358, "measure_result": "no_signal"}}
2026-09-13 12:33:15,579 INFO request {"path": "/measure", "payload": {"arena_id": "default", "robot_id": "202601002029", "request_id": "1ac0220a9ca0418b898e744a33ff70d1", "position": {"x": -1130.0, "y": 1.3838508830365092e-13}, "channel": 11}, "attempt": 1}
2026-09-13 12:33:15,594 INFO response {"request_id": "1ac0220a9ca0418b898e744a33ff70d1", "http_status": 200, "body": {"accepted": true, "real_timestamp_ms": 1789273991569, "virtual_time_s": 1364, "measure_result": "no_signal"}}
2026-09-13 12:33:15,594 INFO request {"path": "/measure", "payload": {"arena_id": "default", "robot_id": "202601002029", "request_id": "7da7e095dbe244d3b2285453870f9698", "position": {"x": -1130.0, "y": 1.3838508830365092e-13}, "channel": 12}, "attempt": 1}
2026-09-13 12:33:15,610 INFO response {"request_id": "7da7e095dbe244d3b2285453870f9698", "http_status": 200, "body": {"accepted": true, "real_timestamp_ms": 1789273991584, "virtual_time_s": 1370, "measure_result": "no_signal"}}
2026-09-13 12:33:15,610 INFO request {"path": "/measure", "payload": {"arena_id": "default", "robot_id": "202601002029", "request_id": "d581e9f9be3040a89d04ea99571588ed", "position": {"x": -1130.0, "y": 1.3838508830365092e-13}, "channel": 13}, "attempt": 1}
2026-09-13 12:33:15,625 INFO response {"request_id": "d581e9f9be3040a89d04ea99571588ed", "http_status": 200, "body": {"accepted": true, "real_timestamp_ms": 1789273991600, "virtual_time_s": 1376, "measure_result": "direction", "svd_deg": 172.48}}
2026-09-13 12:33:15,639 INFO request {"path": "/measure", "payload": {"arena_id": "default", "robot_id": "202601002029", "request_id": "0c7121fb6ee44b3faea562a80ece8df4", "position": {"x": -1130.0, "y": 1.3838508830365092e-13}, "channel": 17}, "attempt": 1}
2026-09-13 12:33:15,641 INFO response {"request_id": "0c7121fb6ee44b3faea562a80ece8df4", "http_status": 200, "body": {"accepted": true, "real_timestamp_ms": 1789273991616, "virtual_time_s": 1382, "measure_result": "no_signal"}}
2026-09-13 12:33:15,641 INFO request {"path": "/measure", "payload": {"arena_id": "default", "robot_id": "202601002029", "request_id": "6c0d52a4160143a4ba6efb8ac0d4fd84", "position": {"x": -1130.0, "y": 1.3838508830365092e-13}, "channel": 18}, "attempt": 1}
2026-09-13 12:33:15,657 INFO response {"request_id": "6c0d52a4160143a4ba6efb8ac0d4fd84", "http_status": 200, "body": {"accepted": true, "real_timestamp_ms": 1789273991631, "virtual_time_s": 1388, "measure_result": "direction", "svd_deg": 74.52}}
2026-09-13 12:33:15,673 INFO request {"path": "/measure", "payload": {"arena_id": "default", "robot_id": "202601002029", "request_id": "e87a4ce0d1f04ac2b0429c00ea321c0b", "position": {"x": -1130.0, "y": 1.3838508830365092e-13}, "channel": 19}, "attempt": 1}
2026-09-13 12:33:15,675 INFO response {"request_id": "e87a4ce0d1f04ac2b0429c00ea321c0b", "http_status": 200, "body": {"accepted": true, "real_timestamp_ms": 1789273991649, "virtual_time_s": 1394, "measure_result": "no_signal"}}
2026-09-13 12:33:15,675 INFO request {"path": "/measure", "payload": {"arena_id": "default", "robot_id": "202601002029", "request_id": "cfabb3cf2502427a81513c14f9bc7a54", "position": {"x": -1130.0, "y": 1.3838508830365092e-13}, "channel": 20}, "attempt": 1}
2026-09-13 12:33:15,687 INFO response {"request_id": "cfabb3cf2502427a81513c14f9bc7a54", "http_status": 200, "body": {"accepted": true, "real_timestamp_ms": 1789273991663, "virtual_time_s": 1400, "measure_result": "no_signal"}}
2026-09-13 12:33:15,785 INFO request {"path": "/measure", "payload": {"arena_id": "default", "robot_id": "202601002029", "request_id": "dc43cf89c71e490da99ba198ed46590b", "position": {"x": -1130.0, "y": 1.3838508830365092e-13}, "channel": 15}, "attempt": 1}
2026-09-13 12:33:15,787 INFO response {"request_id": "dc43cf89c71e490da99ba198ed46590b", "http_status": 200, "body": {"accepted": true, "real_timestamp_ms": 1789273991762, "virtual_time_s": 1406, "measure_result": "direction", "svd_deg": 279.78}}
2026-09-13 12:33:15,813 INFO request {"path": "/measure", "payload": {"arena_id": "default", "robot_id": "202601002029", "request_id": "3753ed3c31d9469a87a24d7f5b8bde3d", "position": {"x": -564.9999999999998, "y": 978.6087062764158}, "channel": 1}, "attempt": 1}
2026-09-13 12:33:15,831 INFO response {"request_id": "3753ed3c31d9469a87a24d7f5b8bde3d", "http_status": 200, "body": {"accepted": true, "real_timestamp_ms": 1789273991806, "virtual_time_s": 1638, "measure_result": "no_signal"}}
2026-09-13 12:33:15,831 INFO request {"path": "/measure", "payload": {"arena_id": "default", "robot_id": "202601002029", "request_id": "8fdb63b485c44588be6efcb35b9cbe0e", "position": {"x": -564.9999999999998, "y": 978.6087062764158}, "channel": 5}, "attempt": 1}
2026-09-13 12:33:15,832 INFO response {"request_id": "8fdb63b485c44588be6efcb35b9cbe0e", "http_status": 200, "body": {"accepted": true, "real_timestamp_ms": 1789273991808, "virtual_time_s": 1644, "measure_result": "no_signal"}}
2026-09-13 12:33:15,833 INFO request {"path": "/measure", "payload": {"arena_id": "default", "robot_id": "202601002029", "request_id": "50c2f1e43c904dd5b6726a7f59f362b8", "position": {"x": -564.9999999999998, "y": 978.6087062764158}, "channel": 7}, "attempt": 1}
2026-09-13 12:33:15,833 INFO response {"request_id": "50c2f1e43c904dd5b6726a7f59f362b8", "http_status": 200, "body": {"accepted": true, "real_timestamp_ms": 1789273991809, "virtual_time_s": 1650, "measure_result": "no_signal"}}
2026-09-13 12:33:15,833 INFO request {"path": "/measure", "payload": {"arena_id": "default", "robot_id": "202601002029", "request_id": "2612083865c140adb5ee5327bb8eb4f1", "position": {"x": -564.9999999999998, "y": 978.6087062764158}, "channel": 8}, "attempt": 1}
2026-09-13 12:33:15,846 INFO response {"request_id": "2612083865c140adb5ee5327bb8eb4f1", "http_status": 200, "body": {"accepted": true, "real_timestamp_ms": 1789273991821, "virtual_time_s": 1656, "measure_result": "no_signal"}}
2026-09-13 12:33:15,846 INFO request {"path": "/measure", "payload": {"arena_id": "default", "robot_id": "202601002029", "request_id": "2daf7f005a8847e68c44460cd81e2db7", "position": {"x": -564.9999999999998, "y": 978.6087062764158}, "channel": 10}, "attempt": 1}
2026-09-13 12:33:15,847 INFO response {"request_id": "2daf7f005a8847e68c44460cd81e2db7", "http_status": 200, "body": {"accepted": true, "real_timestamp_ms": 1789273991822, "virtual_time_s": 1662, "measure_result": "no_signal"}}
2026-09-13 12:33:15,847 INFO request {"path": "/measure", "payload": {"arena_id": "default", "robot_id": "202601002029", "request_id": "95689a8f80d94a438740d411e6621f09", "position": {"x": -564.9999999999998, "y": 978.6087062764158}, "channel": 11}, "attempt": 1}
2026-09-13 12:33:15,861 INFO response {"request_id": "95689a8f80d94a438740d411e6621f09", "http_status": 200, "body": {"accepted": true, "real_timestamp_ms": 1789273991836, "virtual_time_s": 1668, "measure_result": "no_signal"}}
2026-09-13 12:33:15,861 INFO request {"path": "/measure", "payload": {"arena_id": "default", "robot_id": "202601002029", "request_id": "cfb2e6c6871c4a1aaec91b7f6bb4efc7", "position": {"x": -564.9999999999998, "y": 978.6087062764158}, "channel": 12}, "attempt": 1}
2026-09-13 12:33:15,875 INFO response {"request_id": "cfb2e6c6871c4a1aaec91b7f6bb4efc7", "http_status": 200, "body": {"accepted": true, "real_timestamp_ms": 1789273991851, "virtual_time_s": 1674, "measure_result": "no_signal"}}
2026-09-13 12:33:15,876 INFO request {"path": "/measure", "payload": {"arena_id": "default", "robot_id": "202601002029", "request_id": "d7bebd5de1b242a1909e341771ace373", "position": {"x": -564.9999999999998, "y": 978.6087062764158}, "channel": 17}, "attempt": 1}
2026-09-13 12:33:15,877 INFO response {"request_id": "d7bebd5de1b242a1909e341771ace373", "http_status": 200, "body": {"accepted": true, "real_timestamp_ms": 1789273991852, "virtual_time_s": 1680, "measure_result": "no_signal"}}
2026-09-13 12:33:15,877 INFO request {"path": "/measure", "payload": {"arena_id": "default", "robot_id": "202601002029", "request_id": "14101d3b9bf6443c90db41574f2ef153", "position": {"x": -564.9999999999998, "y": 978.6087062764158}, "channel": 19}, "attempt": 1}
2026-09-13 12:33:15,878 INFO response {"request_id": "14101d3b9bf6443c90db41574f2ef153", "http_status": 200, "body": {"accepted": true, "real_timestamp_ms": 1789273991853, "virtual_time_s": 1686, "measure_result": "no_signal"}}
2026-09-13 12:33:15,878 INFO request {"path": "/measure", "payload": {"arena_id": "default", "robot_id": "202601002029", "request_id": "5e657cb535014f69b745d6692903184a", "position": {"x": -564.9999999999998, "y": 978.6087062764158}, "channel": 20}, "attempt": 1}
2026-09-13 12:33:15,879 INFO response {"request_id": "5e657cb535014f69b745d6692903184a", "http_status": 200, "body": {"accepted": true, "real_timestamp_ms": 1789273991854, "virtual_time_s": 1692, "measure_result": "no_signal"}}
2026-09-13 12:33:15,979 INFO request {"path": "/measure", "payload": {"arena_id": "default", "robot_id": "202601002029", "request_id": "c70f7b3239a343dd95e1d33069bb3ac3", "position": {"x": -564.9999999999998, "y": 978.6087062764158}, "channel": 2}, "attempt": 1}
2026-09-13 12:33:16,000 INFO response {"request_id": "c70f7b3239a343dd95e1d33069bb3ac3", "http_status": 200, "body": {"accepted": true, "real_timestamp_ms": 1789273991975, "virtual_time_s": 1698, "measure_result": "direction", "svd_deg": 184.1}}
2026-09-13 12:33:16,085 INFO request {"path": "/measure", "payload": {"arena_id": "default", "robot_id": "202601002029", "request_id": "4ffb0c2f51d349e09de00908aac76b57", "position": {"x": -564.9999999999998, "y": 978.6087062764158}, "channel": 18}, "attempt": 1}
2026-09-13 12:33:16,110 INFO response {"request_id": "4ffb0c2f51d349e09de00908aac76b57", "http_status": 200, "body": {"accepted": true, "real_timestamp_ms": 1789273992085, "virtual_time_s": 1704, "measure_result": "direction", "svd_deg": 157.62}}
2026-09-13 12:33:16,144 INFO request {"path": "/measure", "payload": {"arena_id": "default", "robot_id": "202601002029", "request_id": "dee8f9a9c4f049b5b311da8e37f4f46b", "position": {"x": 565.0000000000001, "y": 978.6087062764157}, "channel": 1}, "attempt": 1}
2026-09-13 12:33:16,146 INFO response {"request_id": "dee8f9a9c4f049b5b311da8e37f4f46b", "http_status": 200, "body": {"accepted": true, "real_timestamp_ms": 1789273992121, "virtual_time_s": 1936, "measure_result": "no_signal"}}
2026-09-13 12:33:16,146 INFO request {"path": "/measure", "payload": {"arena_id": "default", "robot_id": "202601002029", "request_id": "710f4148a7b945259103a6959ee065f4", "position": {"x": 565.0000000000001, "y": 978.6087062764157}, "channel": 5}, "attempt": 1}
2026-09-13 12:33:16,148 INFO response {"request_id": "710f4148a7b945259103a6959ee065f4", "http_status": 200, "body": {"accepted": true, "real_timestamp_ms": 1789273992123, "virtual_time_s": 1942, "measure_result": "no_signal"}}
2026-09-13 12:33:16,148 INFO request {"path": "/measure", "payload": {"arena_id": "default", "robot_id": "202601002029", "request_id": "5fd196b9a5bc4965abfef9369939073a", "position": {"x": 565.0000000000001, "y": 978.6087062764157}, "channel": 7}, "attempt": 1}
2026-09-13 12:33:16,170 INFO response {"request_id": "5fd196b9a5bc4965abfef9369939073a", "http_status": 200, "body": {"accepted": true, "real_timestamp_ms": 1789273992145, "virtual_time_s": 1948, "measure_result": "no_signal"}}
2026-09-13 12:33:16,171 INFO request {"path": "/measure", "payload": {"arena_id": "default", "robot_id": "202601002029", "request_id": "c98bc534e8ed4df5a9a94f539286c399", "position": {"x": 565.0000000000001, "y": 978.6087062764157}, "channel": 8}, "attempt": 1}
2026-09-13 12:33:16,186 INFO response {"request_id": "c98bc534e8ed4df5a9a94f539286c399", "http_status": 200, "body": {"accepted": true, "real_timestamp_ms": 1789273992161, "virtual_time_s": 1954, "measure_result": "no_signal"}}
2026-09-13 12:33:16,186 INFO request {"path": "/measure", "payload": {"arena_id": "default", "robot_id": "202601002029", "request_id": "d05ac7e3380e4f6f973ce4ac937c30b2", "position": {"x": 565.0000000000001, "y": 978.6087062764157}, "channel": 10}, "attempt": 1}
2026-09-13 12:33:16,202 INFO response {"request_id": "d05ac7e3380e4f6f973ce4ac937c30b2", "http_status": 200, "body": {"accepted": true, "real_timestamp_ms": 1789273992177, "virtual_time_s": 1960, "measure_result": "no_signal"}}
2026-09-13 12:33:16,202 INFO request {"path": "/measure", "payload": {"arena_id": "default", "robot_id": "202601002029", "request_id": "6dd323cfe7fe49888cf465246c8847a0", "position": {"x": 565.0000000000001, "y": 978.6087062764157}, "channel": 11}, "attempt": 1}
2026-09-13 12:33:16,203 INFO response {"request_id": "6dd323cfe7fe49888cf465246c8847a0", "http_status": 200, "body": {"accepted": true, "real_timestamp_ms": 1789273992177, "virtual_time_s": 1966, "measure_result": "no_signal"}}
2026-09-13 12:33:16,203 INFO request {"path": "/measure", "payload": {"arena_id": "default", "robot_id": "202601002029", "request_id": "bc69a2a112cf4ab784efa6d1587a3a5d", "position": {"x": 565.0000000000001, "y": 978.6087062764157}, "channel": 12}, "attempt": 1}
2026-09-13 12:33:16,219 INFO response {"request_id": "bc69a2a112cf4ab784efa6d1587a3a5d", "http_status": 200, "body": {"accepted": true, "real_timestamp_ms": 1789273992193, "virtual_time_s": 1972, "measure_result": "no_signal"}}
2026-09-13 12:33:16,220 INFO request {"path": "/measure", "payload": {"arena_id": "default", "robot_id": "202601002029", "request_id": "a798f1cc65af40269e820873ea3bdf8c", "position": {"x": 565.0000000000001, "y": 978.6087062764157}, "channel": 17}, "attempt": 1}
2026-09-13 12:33:16,233 INFO response {"request_id": "a798f1cc65af40269e820873ea3bdf8c", "http_status": 200, "body": {"accepted": true, "real_timestamp_ms": 1789273992208, "virtual_time_s": 1978, "measure_result": "no_signal"}}
2026-09-13 12:33:16,234 INFO request {"path": "/measure", "payload": {"arena_id": "default", "robot_id": "202601002029", "request_id": "a815689f57be4275805fd40e7b798b7d", "position": {"x": 565.0000000000001, "y": 978.6087062764157}, "channel": 19}, "attempt": 1}
2026-09-13 12:33:16,249 INFO response {"request_id": "a815689f57be4275805fd40e7b798b7d", "http_status": 200, "body": {"accepted": true, "real_timestamp_ms": 1789273992223, "virtual_time_s": 1984, "measure_result": "no_signal"}}
2026-09-13 12:33:16,250 INFO request {"path": "/measure", "payload": {"arena_id": "default", "robot_id": "202601002029", "request_id": "788cee3bdb6b43cd94bdc37de4eff84c", "position": {"x": 565.0000000000001, "y": 978.6087062764157}, "channel": 20}, "attempt": 1}
2026-09-13 12:33:16,264 INFO response {"request_id": "788cee3bdb6b43cd94bdc37de4eff84c", "http_status": 200, "body": {"accepted": true, "real_timestamp_ms": 1789273992238, "virtual_time_s": 1990, "measure_result": "no_signal"}}
2026-09-13 12:33:16,400 INFO request {"path": "/measure", "payload": {"arena_id": "default", "robot_id": "202601002029", "request_id": "d6a33b54061740b99c33b59dfa01aabc", "position": {"x": 565.0000000000001, "y": 978.6087062764157}, "channel": 14}, "attempt": 1}
2026-09-13 12:33:16,401 INFO response {"request_id": "d6a33b54061740b99c33b59dfa01aabc", "http_status": 200, "body": {"accepted": true, "real_timestamp_ms": 1789273992376, "virtual_time_s": 1996, "measure_result": "direction", "svd_deg": 268.55}}
2026-09-13 12:33:16,474 INFO request {"path": "/measure", "payload": {"arena_id": "default", "robot_id": "202601002029", "request_id": "4f6031ac77574503bdc125b55cf717b9", "position": {"x": 565.0000000000001, "y": 978.6087062764157}, "channel": 3}, "attempt": 1}
2026-09-13 12:33:16,476 INFO response {"request_id": "4f6031ac77574503bdc125b55cf717b9", "http_status": 200, "body": {"accepted": true, "real_timestamp_ms": 1789273992451, "virtual_time_s": 2002, "measure_result": "direction", "svd_deg": 328.93}}
2026-09-13 12:33:22,113 INFO request {"path": "/measure", "payload": {"arena_id": "default", "robot_id": "202601002029", "request_id": "2c27c74f1bab42c5b6baa79802cf2534", "position": {"x": 661.7481418282343, "y": 803.5664340882843}, "channel": 3}, "attempt": 1}
2026-09-13 12:33:22,133 INFO response {"request_id": "2c27c74f1bab42c5b6baa79802cf2534", "http_status": 200, "body": {"accepted": true, "real_timestamp_ms": 1789273998107, "virtual_time_s": 2047, "measure_result": "direction", "svd_deg": 339.82}}
2026-09-13 12:33:22,163 INFO request {"path": "/clear", "payload": {"arena_id": "default", "robot_id": "202601002029", "request_id": "e1edaa6a2152494c9c7f2782f0b5a6d2", "position": {"x": 545.0362782958392, "y": 141.02095682317767}, "channel": 14}, "attempt": 1}
2026-09-13 12:33:22,179 INFO response {"request_id": "e1edaa6a2152494c9c7f2782f0b5a6d2", "http_status": 200, "body": {"accepted": true, "real_timestamp_ms": 1789273998154, "virtual_time_s": 2186.549347, "clear_result": "success"}}
2026-09-13 12:33:22,185 INFO request {"path": "/clear", "payload": {"arena_id": "default", "robot_id": "202601002029", "request_id": "5a8260fa016d48219637c8e6f1f97133", "position": {"x": 1135.588051713699, "y": 629.139677628007}, "channel": 3}, "attempt": 1}
2026-09-13 12:33:22,211 INFO response {"request_id": "5a8260fa016d48219637c8e6f1f97133", "http_status": 200, "body": {"accepted": true, "real_timestamp_ms": 1789273998185, "virtual_time_s": 2344.78267, "clear_result": "success"}}
2026-09-13 12:33:22,287 INFO request {"path": "/measure", "payload": {"arena_id": "default", "robot_id": "202601002029", "request_id": "6764bbfdb8674fd09193a0a42aefaca4", "position": {"x": 1135.588051713699, "y": 629.139677628007}, "channel": 4}, "attempt": 1}
2026-09-13 12:33:22,304 INFO response {"request_id": "6764bbfdb8674fd09193a0a42aefaca4", "http_status": 200, "body": {"accepted": true, "real_timestamp_ms": 1789273998280, "virtual_time_s": 2350.78267, "measure_result": "direction", "svd_deg": 319.8}}
2026-09-13 12:33:23,196 INFO request {"path": "/measure", "payload": {"arena_id": "default", "robot_id": "202601002029", "request_id": "77c1daf3f6ae4e60a6de38b3b9c45559", "position": {"x": 1395.0657849872944, "y": 455.6025304310259}, "channel": 4}, "attempt": 1}
2026-09-13 12:33:23,219 INFO response {"request_id": "77c1daf3f6ae4e60a6de38b3b9c45559", "http_status": 200, "body": {"accepted": true, "real_timestamp_ms": 1789273999194, "virtual_time_s": 2418.21466, "measure_result": "direction", "svd_deg": 315.08}}
2026-09-13 12:33:23,299 INFO request {"path": "/measure", "payload": {"arena_id": "default", "robot_id": "202601002029", "request_id": "f2bff655d9264b0e9d3eed54b5e1e00b", "position": {"x": 1395.0657849872944, "y": 455.6025304310259}, "channel": 6}, "attempt": 1}
2026-09-13 12:33:23,313 INFO response {"request_id": "f2bff655d9264b0e9d3eed54b5e1e00b", "http_status": 200, "body": {"accepted": true, "real_timestamp_ms": 1789273999288, "virtual_time_s": 2424.21466, "measure_result": "direction", "svd_deg": 283.6}}
2026-09-13 12:33:24,467 INFO request {"path": "/clear", "payload": {"arena_id": "default", "robot_id": "202601002029", "request_id": "ee2f62d680f44eb9bc6577840e3ab750", "position": {"x": 1679.0583137611143, "y": 172.77152148751975}, "channel": 4}, "attempt": 1}
2026-09-13 12:33:24,468 INFO response {"request_id": "ee2f62d680f44eb9bc6577840e3ab750", "http_status": 200, "body": {"accepted": true, "real_timestamp_ms": 1789274000443, "virtual_time_s": 2509.375782, "clear_result": "success"}}
2026-09-13 12:33:24,535 INFO request {"path": "/measure", "payload": {"arena_id": "default", "robot_id": "202601002029", "request_id": "185bcf35a1404511b069576bbb7be65d", "position": {"x": 1679.0583137611143, "y": 172.77152148751975}, "channel": 6}, "attempt": 1}
2026-09-13 12:33:24,554 INFO response {"request_id": "185bcf35a1404511b069576bbb7be65d", "http_status": 200, "body": {"accepted": true, "real_timestamp_ms": 1789274000527, "virtual_time_s": 2514.375782, "measure_result": "direction", "svd_deg": 267.5}}
2026-09-13 12:33:26,014 INFO request {"path": "/measure", "payload": {"arena_id": "default", "robot_id": "202601002029", "request_id": "7cd0008e10b74b16be30a89667a59c7d", "position": {"x": 1863.757759055128, "y": -182.03281178376892}, "channel": 6}, "attempt": 1}
2026-09-13 12:33:26,031 INFO response {"request_id": "7cd0008e10b74b16be30a89667a59c7d", "http_status": 200, "body": {"accepted": true, "real_timestamp_ms": 1789274002006, "virtual_time_s": 2599.375782, "measure_result": "direction", "svd_deg": 242.62}}
2026-09-13 12:33:26,070 INFO request {"path": "/clear", "payload": {"arena_id": "default", "robot_id": "202601002029", "request_id": "9f76260b7d634b0fb73e58e688523ca9", "position": {"x": 1641.3271925515148, "y": -604.0786122901375}, "channel": 6}, "attempt": 1}
2026-09-13 12:33:26,095 INFO response {"request_id": "9f76260b7d634b0fb73e58e688523ca9", "http_status": 200, "body": {"accepted": true, "real_timestamp_ms": 1789274002069, "virtual_time_s": 2699.790249, "clear_result": "success"}}
2026-09-13 12:33:26,100 INFO request {"path": "/measure", "payload": {"arena_id": "default", "robot_id": "202601002029", "request_id": "e76f6170ba6041008b93193aee8f57fe", "position": {"x": 427.35307037833627, "y": -580.2736661558687}, "channel": 16}, "attempt": 1}
2026-09-13 12:33:26,101 INFO response {"request_id": "e76f6170ba6041008b93193aee8f57fe", "http_status": 200, "body": {"accepted": true, "real_timestamp_ms": 1789274002076, "virtual_time_s": 2948.631748, "measure_result": "direction", "svd_deg": 269.5}}
2026-09-13 12:33:26,133 INFO request {"path": "/clear", "payload": {"arena_id": "default", "robot_id": "202601002029", "request_id": "2420d92402e343eeb28fda0ed94ce6bb", "position": {"x": 309.0475775174686, "y": -417.94265611464743}, "channel": 9}, "attempt": 1}
2026-09-13 12:33:26,156 INFO response {"request_id": "2420d92402e343eeb28fda0ed94ce6bb", "http_status": 200, "body": {"accepted": true, "real_timestamp_ms": 1789274002131, "virtual_time_s": 2993.805145, "clear_result": "success"}}
2026-09-13 12:33:26,158 INFO request {"path": "/clear", "payload": {"arena_id": "default", "robot_id": "202601002029", "request_id": "c12d16630edc4868a5dfa7a1135f1f16", "position": {"x": 424.04394658886594, "y": -980.583186752422}, "channel": 16}, "attempt": 1}
2026-09-13 12:33:26,172 INFO response {"request_id": "c12d16630edc4868a5dfa7a1135f1f16", "http_status": 200, "body": {"accepted": true, "real_timestamp_ms": 1789274002147, "virtual_time_s": 3113.65958, "clear_result": "success"}}
2026-09-13 12:33:26,174 INFO request {"path": "/clear", "payload": {"arena_id": "default", "robot_id": "202601002029", "request_id": "fe038a731a014ecf9dacf441bad16951", "position": {"x": -953.0931992582452, "y": -1025.5223194240443}, "channel": 15}, "attempt": 1}
2026-09-13 12:33:26,176 INFO response {"request_id": "fe038a731a014ecf9dacf441bad16951", "http_status": 200, "body": {"accepted": true, "real_timestamp_ms": 1789274002150, "virtual_time_s": 3394.233617, "clear_result": "success"}}
2026-09-13 12:33:26,178 INFO request {"path": "/measure", "payload": {"arena_id": "default", "robot_id": "202601002029", "request_id": "f7b0cbd800f944389222dc11cdaf27b9", "position": {"x": -1606.1394738673866, "y": -365.090675620849}, "channel": 13}, "attempt": 1}
2026-09-13 12:33:26,180 INFO response {"request_id": "f7b0cbd800f944389222dc11cdaf27b9", "http_status": 200, "body": {"accepted": true, "real_timestamp_ms": 1789274002154, "virtual_time_s": 3585.990382, "measure_result": "direction", "svd_deg": 70.63}}
2026-09-13 12:33:26,202 INFO request {"path": "/clear", "payload": {"arena_id": "default", "robot_id": "202601002029", "request_id": "2b00a36c4fec4714be2d90890f9fed37", "position": {"x": -1462.2800898230535, "y": 43.705811474875574}, "channel": 13}, "attempt": 1}
2026-09-13 12:33:26,203 INFO response {"request_id": "2b00a36c4fec4714be2d90890f9fed37", "http_status": 200, "body": {"accepted": true, "real_timestamp_ms": 1789274002178, "virtual_time_s": 3677.664505, "clear_result": "success"}}
2026-09-13 12:33:26,268 INFO request {"path": "/measure", "payload": {"arena_id": "default", "robot_id": "202601002029", "request_id": "287f3245b3f44728af68b39ec717be76", "position": {"x": -1462.2800898230535, "y": 43.705811474875574}, "channel": 2}, "attempt": 1}
2026-09-13 12:33:26,281 INFO response {"request_id": "287f3245b3f44728af68b39ec717be76", "http_status": 200, "body": {"accepted": true, "real_timestamp_ms": 1789274002256, "virtual_time_s": 3683.664505, "measure_result": "direction", "svd_deg": 84.28}}
2026-09-13 12:33:27,443 INFO request {"path": "/measure", "payload": {"arena_id": "default", "robot_id": "202601002029", "request_id": "f9c12a3fbab24dabb83c3ec3f53bc125", "position": {"x": -1411.4075000031862, "y": 284.2706790049879}, "channel": 2}, "attempt": 1}
2026-09-13 12:33:27,456 INFO response {"request_id": "f9c12a3fbab24dabb83c3ec3f53bc125", "http_status": 200, "body": {"accepted": true, "real_timestamp_ms": 1789274003431, "virtual_time_s": 3737.841522, "measure_result": "direction", "svd_deg": 86.22}}
2026-09-13 12:33:27,552 INFO request {"path": "/measure", "payload": {"arena_id": "default", "robot_id": "202601002029", "request_id": "3099a25af456447aad65deb052baf938", "position": {"x": -1411.4075000031862, "y": 284.2706790049879}, "channel": 18}, "attempt": 1}
2026-09-13 12:33:27,566 INFO response {"request_id": "3099a25af456447aad65deb052baf938", "http_status": 200, "body": {"accepted": true, "real_timestamp_ms": 1789274003540, "virtual_time_s": 3743.841522, "measure_result": "direction", "svd_deg": 53.66}}
2026-09-13 12:33:27,604 INFO request {"path": "/clear", "payload": {"arena_id": "default", "robot_id": "202601002029", "request_id": "5e2a8e3f41fe4a3a99b2ffde5e2da9d4", "position": {"x": -1369.7440967532452, "y": 920.7047672618638}, "channel": 2}, "attempt": 1}
2026-09-13 12:33:27,630 INFO response {"request_id": "5e2a8e3f41fe4a3a99b2ffde5e2da9d4", "http_status": 200, "body": {"accepted": true, "real_timestamp_ms": 1789274003604, "virtual_time_s": 3876.400793, "clear_result": "success"}}
2026-09-13 12:33:27,631 INFO request {"path": "/clear", "payload": {"arena_id": "default", "robot_id": "202601002029", "request_id": "bb1213ae0e0b4c8ca62c429797d2f25e", "position": {"x": -825.8161516765729, "y": 1084.2452965403127}, "channel": 18}, "attempt": 1}
2026-09-13 12:33:27,645 INFO response {"request_id": "bb1213ae0e0b4c8ca62c429797d2f25e", "http_status": 200, "body": {"accepted": true, "real_timestamp_ms": 1789274003619, "virtual_time_s": 3994.997116, "clear_result": "success"}}
2026-09-13 12:33:27,647 INFO request {"path": "/exit", "payload": {"arena_id": "default", "robot_id": "202601002029", "request_id": "5f35affc583249a789a651f33c1445de"}, "attempt": 1}
2026-09-13 12:33:27,661 INFO response {"request_id": "5f35affc583249a789a651f33c1445de", "http_status": 200, "body": {"accepted": true, "real_timestamp_ms": 1789274003635, "virtual_time_s": 3994.997116, "exit_reason": "user_exit"}}
