2026-09-12 15:34:57,273 INFO request {"path": "/enter", "payload": {"arena_id": "default", "robot_id": "202601002029", "request_id": "6f76f6c3c969442eb081a826958bf67e"}, "attempt": 1}
2026-09-12 15:34:57,276 INFO response {"request_id": "6f76f6c3c969442eb081a826958bf67e", "http_status": 200, "body": {"accepted": true, "real_timestamp_ms": 1789198493958, "virtual_time_s": 0, "max_virtual_duration_s": 360000, "max_real_duration_s": 1200, "remaining_real_duration_s": 1200}}
2026-09-12 15:34:57,277 INFO request {"path": "/measure", "payload": {"arena_id": "default", "robot_id": "202601002029", "request_id": "090843ebb202460e8970f78c218c4d0a", "position": {"x": 0.0, "y": 0.0}, "channel": 1}, "attempt": 1}
2026-09-12 15:34:57,296 INFO response {"request_id": "090843ebb202460e8970f78c218c4d0a", "http_status": 200, "body": {"accepted": true, "real_timestamp_ms": 1789198493977, "virtual_time_s": 5, "measure_result": "no_signal"}}
2026-09-12 15:34:57,298 INFO request {"path": "/measure", "payload": {"arena_id": "default", "robot_id": "202601002029", "request_id": "262c3b045a3b41b992ab523d50befb68", "position": {"x": 0.0, "y": 0.0}, "channel": 2}, "attempt": 1}
2026-09-12 15:34:57,299 INFO response {"request_id": "262c3b045a3b41b992ab523d50befb68", "http_status": 200, "body": {"accepted": true, "real_timestamp_ms": 1789198493981, "virtual_time_s": 11, "measure_result": "no_signal"}}
2026-09-12 15:34:57,300 INFO request {"path": "/measure", "payload": {"arena_id": "default", "robot_id": "202601002029", "request_id": "86cfc281bbea4514b71a0c39765e76d3", "position": {"x": 0.0, "y": 0.0}, "channel": 3}, "attempt": 1}
2026-09-12 15:34:57,301 INFO response {"request_id": "86cfc281bbea4514b71a0c39765e76d3", "http_status": 200, "body": {"accepted": true, "real_timestamp_ms": 1789198493982, "virtual_time_s": 17, "measure_result": "direction", "svd_deg": 24.45}}
2026-09-12 15:34:57,307 INFO request {"path": "/measure", "payload": {"arena_id": "default", "robot_id": "202601002029", "request_id": "8184af8824e2443e89f294515c7d86ee", "position": {"x": 0.0, "y": 0.0}, "channel": 4}, "attempt": 1}
2026-09-12 15:34:57,308 INFO response {"request_id": "8184af8824e2443e89f294515c7d86ee", "http_status": 200, "body": {"accepted": true, "real_timestamp_ms": 1789198493989, "virtual_time_s": 23, "measure_result": "direction", "svd_deg": 5.23}}
2026-09-12 15:34:57,314 INFO request {"path": "/measure", "payload": {"arena_id": "default", "robot_id": "202601002029", "request_id": "8d2adb18acfc46a49986ee5b7a72ee38", "position": {"x": 0.0, "y": 0.0}, "channel": 5}, "attempt": 1}
2026-09-12 15:34:57,326 INFO response {"request_id": "8d2adb18acfc46a49986ee5b7a72ee38", "http_status": 200, "body": {"accepted": true, "real_timestamp_ms": 1789198494007, "virtual_time_s": 29, "measure_result": "no_signal"}}
2026-09-12 15:34:57,326 INFO request {"path": "/measure", "payload": {"arena_id": "default", "robot_id": "202601002029", "request_id": "2d34a55330ec4b049165b192f3423c82", "position": {"x": 0.0, "y": 0.0}, "channel": 6}, "attempt": 1}
2026-09-12 15:34:57,327 INFO response {"request_id": "2d34a55330ec4b049165b192f3423c82", "http_status": 200, "body": {"accepted": true, "real_timestamp_ms": 1789198494008, "virtual_time_s": 35, "measure_result": "direction", "svd_deg": 42.75}}
2026-09-12 15:34:57,330 INFO request {"path": "/measure", "payload": {"arena_id": "default", "robot_id": "202601002029", "request_id": "f58ede13fb06471282c86a146993ed2e", "position": {"x": 0.0, "y": 0.0}, "channel": 7}, "attempt": 1}
2026-09-12 15:34:57,345 INFO response {"request_id": "f58ede13fb06471282c86a146993ed2e", "http_status": 200, "body": {"accepted": true, "real_timestamp_ms": 1789198494026, "virtual_time_s": 41, "measure_result": "direction", "svd_deg": 299.32}}
2026-09-12 15:34:57,349 INFO request {"path": "/measure", "payload": {"arena_id": "default", "robot_id": "202601002029", "request_id": "1d0f5ed22ca0437a865a62bc517949d2", "position": {"x": 0.0, "y": 0.0}, "channel": 8}, "attempt": 1}
2026-09-12 15:34:57,351 INFO response {"request_id": "1d0f5ed22ca0437a865a62bc517949d2", "http_status": 200, "body": {"accepted": true, "real_timestamp_ms": 1789198494032, "virtual_time_s": 47, "measure_result": "no_signal"}}
2026-09-12 15:34:57,351 INFO request {"path": "/measure", "payload": {"arena_id": "default", "robot_id": "202601002029", "request_id": "6538cbadf38349fea50c6f0970fdbc10", "position": {"x": 0.0, "y": 0.0}, "channel": 9}, "attempt": 1}
2026-09-12 15:34:57,366 INFO response {"request_id": "6538cbadf38349fea50c6f0970fdbc10", "http_status": 200, "body": {"accepted": true, "real_timestamp_ms": 1789198494047, "virtual_time_s": 53, "measure_result": "no_signal"}}
2026-09-12 15:34:57,366 INFO request {"path": "/measure", "payload": {"arena_id": "default", "robot_id": "202601002029", "request_id": "9aca7acd9e9a464aa71bf406f6c05f3b", "position": {"x": 0.0, "y": 0.0}, "channel": 10}, "attempt": 1}
2026-09-12 15:34:57,386 INFO response {"request_id": "9aca7acd9e9a464aa71bf406f6c05f3b", "http_status": 200, "body": {"accepted": true, "real_timestamp_ms": 1789198494066, "virtual_time_s": 59, "measure_result": "direction", "svd_deg": 0.85}}
2026-09-12 15:34:57,390 INFO request {"path": "/measure", "payload": {"arena_id": "default", "robot_id": "202601002029", "request_id": "5cabfede18514fc4b5eb56df6a657957", "position": {"x": 0.0, "y": 0.0}, "channel": 11}, "attempt": 1}
2026-09-12 15:34:57,406 INFO response {"request_id": "5cabfede18514fc4b5eb56df6a657957", "http_status": 200, "body": {"accepted": true, "real_timestamp_ms": 1789198494086, "virtual_time_s": 65, "measure_result": "no_signal"}}
2026-09-12 15:34:57,406 INFO request {"path": "/measure", "payload": {"arena_id": "default", "robot_id": "202601002029", "request_id": "68a7d029e1dc4c2f90cf71f31b2842a2", "position": {"x": 0.0, "y": 0.0}, "channel": 12}, "attempt": 1}
2026-09-12 15:34:57,426 INFO response {"request_id": "68a7d029e1dc4c2f90cf71f31b2842a2", "http_status": 200, "body": {"accepted": true, "real_timestamp_ms": 1789198494106, "virtual_time_s": 71, "measure_result": "no_signal"}}
2026-09-12 15:34:57,426 INFO request {"path": "/measure", "payload": {"arena_id": "default", "robot_id": "202601002029", "request_id": "13e826d187f54274899a968850792769", "position": {"x": 0.0, "y": 0.0}, "channel": 13}, "attempt": 1}
2026-09-12 15:34:57,428 INFO response {"request_id": "13e826d187f54274899a968850792769", "http_status": 200, "body": {"accepted": true, "real_timestamp_ms": 1789198494109, "virtual_time_s": 77, "measure_result": "no_signal"}}
2026-09-12 15:34:57,428 INFO request {"path": "/measure", "payload": {"arena_id": "default", "robot_id": "202601002029", "request_id": "fe94ffb932ba44a59acdeeb3c00a0b00", "position": {"x": 0.0, "y": 0.0}, "channel": 14}, "attempt": 1}
2026-09-12 15:34:57,446 INFO response {"request_id": "fe94ffb932ba44a59acdeeb3c00a0b00", "http_status": 200, "body": {"accepted": true, "real_timestamp_ms": 1789198494125, "virtual_time_s": 83, "measure_result": "no_signal"}}
2026-09-12 15:34:57,446 INFO request {"path": "/measure", "payload": {"arena_id": "default", "robot_id": "202601002029", "request_id": "9a4af6d9c7c44610841dd212d7196fbd", "position": {"x": 0.0, "y": 0.0}, "channel": 15}, "attempt": 1}
2026-09-12 15:34:57,448 INFO response {"request_id": "9a4af6d9c7c44610841dd212d7196fbd", "http_status": 200, "body": {"accepted": true, "real_timestamp_ms": 1789198494129, "virtual_time_s": 89, "measure_result": "direction", "svd_deg": 64.67}}
2026-09-12 15:34:57,453 INFO request {"path": "/measure", "payload": {"arena_id": "default", "robot_id": "202601002029", "request_id": "8a7d995ba29d46b8a5165f9347a3071d", "position": {"x": 0.0, "y": 0.0}, "channel": 16}, "attempt": 1}
2026-09-12 15:34:57,454 INFO response {"request_id": "8a7d995ba29d46b8a5165f9347a3071d", "http_status": 200, "body": {"accepted": true, "real_timestamp_ms": 1789198494135, "virtual_time_s": 95, "measure_result": "no_signal"}}
2026-09-12 15:34:57,455 INFO request {"path": "/measure", "payload": {"arena_id": "default", "robot_id": "202601002029", "request_id": "784e5e0241cf454785c8c219408fe3ab", "position": {"x": 0.0, "y": 0.0}, "channel": 17}, "attempt": 1}
2026-09-12 15:34:57,475 INFO response {"request_id": "784e5e0241cf454785c8c219408fe3ab", "http_status": 200, "body": {"accepted": true, "real_timestamp_ms": 1789198494155, "virtual_time_s": 101, "measure_result": "no_signal"}}
2026-09-12 15:34:57,475 INFO request {"path": "/measure", "payload": {"arena_id": "default", "robot_id": "202601002029", "request_id": "808f38379a104facad36762f3cb6b4c8", "position": {"x": 0.0, "y": 0.0}, "channel": 18}, "attempt": 1}
2026-09-12 15:34:57,477 INFO response {"request_id": "808f38379a104facad36762f3cb6b4c8", "http_status": 200, "body": {"accepted": true, "real_timestamp_ms": 1789198494158, "virtual_time_s": 107, "measure_result": "no_signal"}}
2026-09-12 15:34:57,478 INFO request {"path": "/measure", "payload": {"arena_id": "default", "robot_id": "202601002029", "request_id": "a8248f33ee24474f8dfca4b5aee34313", "position": {"x": 0.0, "y": 0.0}, "channel": 19}, "attempt": 1}
2026-09-12 15:34:57,494 INFO response {"request_id": "a8248f33ee24474f8dfca4b5aee34313", "http_status": 200, "body": {"accepted": true, "real_timestamp_ms": 1789198494175, "virtual_time_s": 113, "measure_result": "no_signal"}}
2026-09-12 15:34:57,495 INFO request {"path": "/measure", "payload": {"arena_id": "default", "robot_id": "202601002029", "request_id": "2e6cbce2438c433fb2f9f506e225b505", "position": {"x": 0.0, "y": 0.0}, "channel": 20}, "attempt": 1}
2026-09-12 15:34:57,497 INFO response {"request_id": "2e6cbce2438c433fb2f9f506e225b505", "http_status": 200, "body": {"accepted": true, "real_timestamp_ms": 1789198494177, "virtual_time_s": 119, "measure_result": "direction", "svd_deg": 31.63}}
2026-09-12 15:34:57,501 INFO request {"path": "/measure", "payload": {"arena_id": "default", "robot_id": "202601002029", "request_id": "ae7d282803514fe49c64953b32af26ef", "position": {"x": 1200.0, "y": 0.0}, "channel": 1}, "attempt": 1}
2026-09-12 15:34:57,503 INFO response {"request_id": "ae7d282803514fe49c64953b32af26ef", "http_status": 200, "body": {"accepted": true, "real_timestamp_ms": 1789198494184, "virtual_time_s": 365, "measure_result": "no_signal"}}
2026-09-12 15:34:57,503 INFO request {"path": "/measure", "payload": {"arena_id": "default", "robot_id": "202601002029", "request_id": "54645b6fc73842e1bbfa3e60dfd4e01c", "position": {"x": 1200.0, "y": 0.0}, "channel": 2}, "attempt": 1}
2026-09-12 15:34:57,504 INFO response {"request_id": "54645b6fc73842e1bbfa3e60dfd4e01c", "http_status": 200, "body": {"accepted": true, "real_timestamp_ms": 1789198494185, "virtual_time_s": 371, "measure_result": "no_signal"}}
2026-09-12 15:34:57,504 INFO request {"path": "/measure", "payload": {"arena_id": "default", "robot_id": "202601002029", "request_id": "0bd696244a2643ae974e1aa5bc28a46e", "position": {"x": 1200.0, "y": 0.0}, "channel": 5}, "attempt": 1}
2026-09-12 15:34:57,506 INFO response {"request_id": "0bd696244a2643ae974e1aa5bc28a46e", "http_status": 200, "body": {"accepted": true, "real_timestamp_ms": 1789198494187, "virtual_time_s": 377, "measure_result": "no_signal"}}
2026-09-12 15:34:57,506 INFO request {"path": "/measure", "payload": {"arena_id": "default", "robot_id": "202601002029", "request_id": "fbdc276816234cacb26723509823b80d", "position": {"x": 1200.0, "y": 0.0}, "channel": 8}, "attempt": 1}
2026-09-12 15:34:57,508 INFO response {"request_id": "fbdc276816234cacb26723509823b80d", "http_status": 200, "body": {"accepted": true, "real_timestamp_ms": 1789198494189, "virtual_time_s": 383, "measure_result": "direction", "svd_deg": 267.36}}
2026-09-12 15:34:57,511 INFO request {"path": "/measure", "payload": {"arena_id": "default", "robot_id": "202601002029", "request_id": "ccb9caf1cd7f4c869e9c3d23d224718b", "position": {"x": 1200.0, "y": 0.0}, "channel": 9}, "attempt": 1}
2026-09-12 15:34:57,514 INFO response {"request_id": "ccb9caf1cd7f4c869e9c3d23d224718b", "http_status": 200, "body": {"accepted": true, "real_timestamp_ms": 1789198494194, "virtual_time_s": 389, "measure_result": "no_signal"}}
2026-09-12 15:34:57,514 INFO request {"path": "/measure", "payload": {"arena_id": "default", "robot_id": "202601002029", "request_id": "018b1720e40a4ec7b824df2e532ed60a", "position": {"x": 1200.0, "y": 0.0}, "channel": 11}, "attempt": 1}
2026-09-12 15:34:57,516 INFO response {"request_id": "018b1720e40a4ec7b824df2e532ed60a", "http_status": 200, "body": {"accepted": true, "real_timestamp_ms": 1789198494197, "virtual_time_s": 395, "measure_result": "direction", "svd_deg": 39.57}}
2026-09-12 15:34:57,520 INFO request {"path": "/measure", "payload": {"arena_id": "default", "robot_id": "202601002029", "request_id": "fd9229defe68463fa678c0a509bcaae5", "position": {"x": 1200.0, "y": 0.0}, "channel": 12}, "attempt": 1}
2026-09-12 15:34:57,532 INFO response {"request_id": "fd9229defe68463fa678c0a509bcaae5", "http_status": 200, "body": {"accepted": true, "real_timestamp_ms": 1789198494213, "virtual_time_s": 401, "measure_result": "no_signal"}}
2026-09-12 15:34:57,532 INFO request {"path": "/measure", "payload": {"arena_id": "default", "robot_id": "202601002029", "request_id": "47a1f27e8a4d4d5abc8960c465c771ff", "position": {"x": 1200.0, "y": 0.0}, "channel": 13}, "attempt": 1}
2026-09-12 15:34:57,537 INFO response {"request_id": "47a1f27e8a4d4d5abc8960c465c771ff", "http_status": 200, "body": {"accepted": true, "real_timestamp_ms": 1789198494218, "virtual_time_s": 407, "measure_result": "direction", "svd_deg": 83.83}}
2026-09-12 15:34:57,541 INFO request {"path": "/measure", "payload": {"arena_id": "default", "robot_id": "202601002029", "request_id": "6c0b310e3e7842e99e2e45d901a66498", "position": {"x": 1200.0, "y": 0.0}, "channel": 14}, "attempt": 1}
2026-09-12 15:34:57,562 INFO response {"request_id": "6c0b310e3e7842e99e2e45d901a66498", "http_status": 200, "body": {"accepted": true, "real_timestamp_ms": 1789198494243, "virtual_time_s": 413, "measure_result": "no_signal"}}
2026-09-12 15:34:57,562 INFO request {"path": "/measure", "payload": {"arena_id": "default", "robot_id": "202601002029", "request_id": "881f46e3cc294be3a8f373491e747797", "position": {"x": 1200.0, "y": 0.0}, "channel": 16}, "attempt": 1}
2026-09-12 15:34:57,582 INFO response {"request_id": "881f46e3cc294be3a8f373491e747797", "http_status": 200, "body": {"accepted": true, "real_timestamp_ms": 1789198494262, "virtual_time_s": 419, "measure_result": "no_signal"}}
2026-09-12 15:34:57,582 INFO request {"path": "/measure", "payload": {"arena_id": "default", "robot_id": "202601002029", "request_id": "83a8fdc1b80a4790a6c7bda40247e18f", "position": {"x": 1200.0, "y": 0.0}, "channel": 17}, "attempt": 1}
2026-09-12 15:34:57,602 INFO response {"request_id": "83a8fdc1b80a4790a6c7bda40247e18f", "http_status": 200, "body": {"accepted": true, "real_timestamp_ms": 1789198494283, "virtual_time_s": 425, "measure_result": "no_signal"}}
2026-09-12 15:34:57,603 INFO request {"path": "/measure", "payload": {"arena_id": "default", "robot_id": "202601002029", "request_id": "b585edb899954f3881aa28cdd15c9ad4", "position": {"x": 1200.0, "y": 0.0}, "channel": 18}, "attempt": 1}
2026-09-12 15:34:57,605 INFO response {"request_id": "b585edb899954f3881aa28cdd15c9ad4", "http_status": 200, "body": {"accepted": true, "real_timestamp_ms": 1789198494285, "virtual_time_s": 431, "measure_result": "no_signal"}}
2026-09-12 15:34:57,605 INFO request {"path": "/measure", "payload": {"arena_id": "default", "robot_id": "202601002029", "request_id": "2e6c34a4bf10474e96a89597ab51f5ba", "position": {"x": 1200.0, "y": 0.0}, "channel": 19}, "attempt": 1}
2026-09-12 15:34:57,621 INFO response {"request_id": "2e6c34a4bf10474e96a89597ab51f5ba", "http_status": 200, "body": {"accepted": true, "real_timestamp_ms": 1789198494302, "virtual_time_s": 437, "measure_result": "no_signal"}}
2026-09-12 15:34:57,664 INFO request {"path": "/measure", "payload": {"arena_id": "default", "robot_id": "202601002029", "request_id": "72d6f1d96a314394b88154142b7376cc", "position": {"x": 1200.0, "y": 0.0}, "channel": 6}, "attempt": 1}
2026-09-12 15:34:57,665 INFO response {"request_id": "72d6f1d96a314394b88154142b7376cc", "http_status": 200, "body": {"accepted": true, "real_timestamp_ms": 1789198494346, "virtual_time_s": 443, "measure_result": "direction", "svd_deg": 169.79}}
2026-09-12 15:34:57,684 INFO request {"path": "/measure", "payload": {"arena_id": "default", "robot_id": "202601002029", "request_id": "96dd727c681d42d292f8b0ddacda1ed9", "position": {"x": 1200.0, "y": 0.0}, "channel": 20}, "attempt": 1}
2026-09-12 15:34:57,700 INFO response {"request_id": "96dd727c681d42d292f8b0ddacda1ed9", "http_status": 200, "body": {"accepted": true, "real_timestamp_ms": 1789198494381, "virtual_time_s": 449, "measure_result": "direction", "svd_deg": 109.77}}
2026-09-12 15:34:57,704 INFO request {"path": "/measure", "payload": {"arena_id": "default", "robot_id": "202601002029", "request_id": "b08ab7d725ae4169858c174e23a8cc5e", "position": {"x": 600.0000000000001, "y": 1039.2304845413264}, "channel": 1}, "attempt": 1}
2026-09-12 15:34:57,720 INFO response {"request_id": "b08ab7d725ae4169858c174e23a8cc5e", "http_status": 200, "body": {"accepted": true, "real_timestamp_ms": 1789198494401, "virtual_time_s": 695, "measure_result": "direction", "svd_deg": 101.07}}
2026-09-12 15:34:57,722 INFO request {"path": "/measure", "payload": {"arena_id": "default", "robot_id": "202601002029", "request_id": "1c141d51519d4a1fb3da3da9fb46b09b", "position": {"x": 600.0000000000001, "y": 1039.2304845413264}, "channel": 2}, "attempt": 1}
2026-09-12 15:34:57,740 INFO response {"request_id": "1c141d51519d4a1fb3da3da9fb46b09b", "http_status": 200, "body": {"accepted": true, "real_timestamp_ms": 1789198494421, "virtual_time_s": 701, "measure_result": "no_signal"}}
2026-09-12 15:34:57,740 INFO request {"path": "/measure", "payload": {"arena_id": "default", "robot_id": "202601002029", "request_id": "d2463ae103474367924728692008edef", "position": {"x": 600.0000000000001, "y": 1039.2304845413264}, "channel": 5}, "attempt": 1}
2026-09-12 15:34:57,760 INFO response {"request_id": "d2463ae103474367924728692008edef", "http_status": 200, "body": {"accepted": true, "real_timestamp_ms": 1789198494441, "virtual_time_s": 707, "measure_result": "no_signal"}}
2026-09-12 15:34:57,760 INFO request {"path": "/measure", "payload": {"arena_id": "default", "robot_id": "202601002029", "request_id": "0dd459ad33964cc0af582a9d759fd777", "position": {"x": 600.0000000000001, "y": 1039.2304845413264}, "channel": 9}, "attempt": 1}
2026-09-12 15:34:57,762 INFO response {"request_id": "0dd459ad33964cc0af582a9d759fd777", "http_status": 200, "body": {"accepted": true, "real_timestamp_ms": 1789198494441, "virtual_time_s": 713, "measure_result": "no_signal"}}
2026-09-12 15:34:57,762 INFO request {"path": "/measure", "payload": {"arena_id": "default", "robot_id": "202601002029", "request_id": "48da96c5403b406685fb1428fa151a1a", "position": {"x": 600.0000000000001, "y": 1039.2304845413264}, "channel": 12}, "attempt": 1}
2026-09-12 15:34:57,780 INFO response {"request_id": "48da96c5403b406685fb1428fa151a1a", "http_status": 200, "body": {"accepted": true, "real_timestamp_ms": 1789198494461, "virtual_time_s": 719, "measure_result": "direction", "svd_deg": 153.26}}
2026-09-12 15:34:57,784 INFO request {"path": "/measure", "payload": {"arena_id": "default", "robot_id": "202601002029", "request_id": "20f898a12185459291c442b6ccae3001", "position": {"x": 600.0000000000001, "y": 1039.2304845413264}, "channel": 14}, "attempt": 1}
2026-09-12 15:34:57,785 INFO response {"request_id": "20f898a12185459291c442b6ccae3001", "http_status": 200, "body": {"accepted": true, "real_timestamp_ms": 1789198494466, "virtual_time_s": 725, "measure_result": "no_signal"}}
2026-09-12 15:34:57,786 INFO request {"path": "/measure", "payload": {"arena_id": "default", "robot_id": "202601002029", "request_id": "c0f40cdf31fe424cb60c4eb958df45fa", "position": {"x": 600.0000000000001, "y": 1039.2304845413264}, "channel": 16}, "attempt": 1}
2026-09-12 15:34:57,787 INFO response {"request_id": "c0f40cdf31fe424cb60c4eb958df45fa", "http_status": 200, "body": {"accepted": true, "real_timestamp_ms": 1789198494468, "virtual_time_s": 731, "measure_result": "no_signal"}}
2026-09-12 15:34:57,787 INFO request {"path": "/measure", "payload": {"arena_id": "default", "robot_id": "202601002029", "request_id": "036198ddd591405692b27113979530cb", "position": {"x": 600.0000000000001, "y": 1039.2304845413264}, "channel": 17}, "attempt": 1}
2026-09-12 15:34:57,799 INFO response {"request_id": "036198ddd591405692b27113979530cb", "http_status": 200, "body": {"accepted": true, "real_timestamp_ms": 1789198494480, "virtual_time_s": 737, "measure_result": "no_signal"}}
2026-09-12 15:34:57,799 INFO request {"path": "/measure", "payload": {"arena_id": "default", "robot_id": "202601002029", "request_id": "262b774da6e1499dbc97e404f12eb762", "position": {"x": 600.0000000000001, "y": 1039.2304845413264}, "channel": 18}, "attempt": 1}
2026-09-12 15:34:57,801 INFO response {"request_id": "262b774da6e1499dbc97e404f12eb762", "http_status": 200, "body": {"accepted": true, "real_timestamp_ms": 1789198494482, "virtual_time_s": 743, "measure_result": "no_signal"}}
2026-09-12 15:34:57,801 INFO request {"path": "/measure", "payload": {"arena_id": "default", "robot_id": "202601002029", "request_id": "0443380578614edeb61a33b5d7358a7d", "position": {"x": 600.0000000000001, "y": 1039.2304845413264}, "channel": 19}, "attempt": 1}
2026-09-12 15:34:57,803 INFO response {"request_id": "0443380578614edeb61a33b5d7358a7d", "http_status": 200, "body": {"accepted": true, "real_timestamp_ms": 1789198494484, "virtual_time_s": 749, "measure_result": "no_signal"}}
2026-09-12 15:34:57,876 INFO request {"path": "/measure", "payload": {"arena_id": "default", "robot_id": "202601002029", "request_id": "41f9c6dfc13e41a186a0686fe50cf712", "position": {"x": 600.0000000000001, "y": 1039.2304845413264}, "channel": 3}, "attempt": 1}
2026-09-12 15:34:57,888 INFO response {"request_id": "41f9c6dfc13e41a186a0686fe50cf712", "http_status": 200, "body": {"accepted": true, "real_timestamp_ms": 1789198494568, "virtual_time_s": 755, "measure_result": "direction", "svd_deg": 303.62}}
2026-09-12 15:34:57,930 INFO request {"path": "/measure", "payload": {"arena_id": "default", "robot_id": "202601002029", "request_id": "ab5bc19dd0fc484da36af2dcc99d4d32", "position": {"x": 600.0000000000001, "y": 1039.2304845413264}, "channel": 13}, "attempt": 1}
2026-09-12 15:34:57,932 INFO response {"request_id": "ab5bc19dd0fc484da36af2dcc99d4d32", "http_status": 200, "body": {"accepted": true, "real_timestamp_ms": 1789198494613, "virtual_time_s": 761, "measure_result": "direction", "svd_deg": 351.35}}
2026-09-12 15:34:57,934 INFO request {"path": "/measure", "payload": {"arena_id": "default", "robot_id": "202601002029", "request_id": "17a9c2d4a56b4222ba3626249302b878", "position": {"x": -599.9999999999998, "y": 1039.2304845413264}, "channel": 2}, "attempt": 1}
2026-09-12 15:34:57,935 INFO response {"request_id": "17a9c2d4a56b4222ba3626249302b878", "http_status": 200, "body": {"accepted": true, "real_timestamp_ms": 1789198494616, "virtual_time_s": 1007, "measure_result": "no_signal"}}
2026-09-12 15:34:57,935 INFO request {"path": "/measure", "payload": {"arena_id": "default", "robot_id": "202601002029", "request_id": "f0d1f800821648e2baf51950ca5adfb6", "position": {"x": -599.9999999999998, "y": 1039.2304845413264}, "channel": 5}, "attempt": 1}
2026-09-12 15:34:57,935 INFO response {"request_id": "f0d1f800821648e2baf51950ca5adfb6", "http_status": 200, "body": {"accepted": true, "real_timestamp_ms": 1789198494617, "virtual_time_s": 1013, "measure_result": "no_signal"}}
2026-09-12 15:34:57,935 INFO request {"path": "/measure", "payload": {"arena_id": "default", "robot_id": "202601002029", "request_id": "e43060fbde894acea633de58e876ce42", "position": {"x": -599.9999999999998, "y": 1039.2304845413264}, "channel": 9}, "attempt": 1}
2026-09-12 15:34:57,936 INFO response {"request_id": "e43060fbde894acea633de58e876ce42", "http_status": 200, "body": {"accepted": true, "real_timestamp_ms": 1789198494618, "virtual_time_s": 1019, "measure_result": "no_signal"}}
2026-09-12 15:34:57,936 INFO request {"path": "/measure", "payload": {"arena_id": "default", "robot_id": "202601002029", "request_id": "75f83c11858b417c80a865ecab4254f6", "position": {"x": -599.9999999999998, "y": 1039.2304845413264}, "channel": 14}, "attempt": 1}
2026-09-12 15:34:57,937 INFO response {"request_id": "75f83c11858b417c80a865ecab4254f6", "http_status": 200, "body": {"accepted": true, "real_timestamp_ms": 1789198494618, "virtual_time_s": 1025, "measure_result": "no_signal"}}
2026-09-12 15:34:57,937 INFO request {"path": "/measure", "payload": {"arena_id": "default", "robot_id": "202601002029", "request_id": "5e5c16590a5e48cc8c156d04c1cd507e", "position": {"x": -599.9999999999998, "y": 1039.2304845413264}, "channel": 16}, "attempt": 1}
2026-09-12 15:34:57,938 INFO response {"request_id": "5e5c16590a5e48cc8c156d04c1cd507e", "http_status": 200, "body": {"accepted": true, "real_timestamp_ms": 1789198494619, "virtual_time_s": 1031, "measure_result": "no_signal"}}
2026-09-12 15:34:57,938 INFO request {"path": "/measure", "payload": {"arena_id": "default", "robot_id": "202601002029", "request_id": "b16436d4d4b9415ba151d17c78b17005", "position": {"x": -599.9999999999998, "y": 1039.2304845413264}, "channel": 17}, "attempt": 1}
2026-09-12 15:34:57,938 INFO response {"request_id": "b16436d4d4b9415ba151d17c78b17005", "http_status": 200, "body": {"accepted": true, "real_timestamp_ms": 1789198494620, "virtual_time_s": 1037, "measure_result": "no_signal"}}
2026-09-12 15:34:57,938 INFO request {"path": "/measure", "payload": {"arena_id": "default", "robot_id": "202601002029", "request_id": "061f6a1881bb490ea273172b8be9013f", "position": {"x": -599.9999999999998, "y": 1039.2304845413264}, "channel": 18}, "attempt": 1}
2026-09-12 15:34:57,939 INFO response {"request_id": "061f6a1881bb490ea273172b8be9013f", "http_status": 200, "body": {"accepted": true, "real_timestamp_ms": 1789198494621, "virtual_time_s": 1043, "measure_result": "no_signal"}}
2026-09-12 15:34:57,939 INFO request {"path": "/measure", "payload": {"arena_id": "default", "robot_id": "202601002029", "request_id": "fc7b07389b094fc5842bf12b266420e6", "position": {"x": -599.9999999999998, "y": 1039.2304845413264}, "channel": 19}, "attempt": 1}
2026-09-12 15:34:57,940 INFO response {"request_id": "fc7b07389b094fc5842bf12b266420e6", "http_status": 200, "body": {"accepted": true, "real_timestamp_ms": 1789198494621, "virtual_time_s": 1049, "measure_result": "direction", "svd_deg": 173.3}}
2026-09-12 15:34:57,957 INFO request {"path": "/measure", "payload": {"arena_id": "default", "robot_id": "202601002029", "request_id": "e4d64422e948414ebfb0f4653e999dbf", "position": {"x": -599.9999999999998, "y": 1039.2304845413264}, "channel": 15}, "attempt": 1}
2026-09-12 15:34:57,959 INFO response {"request_id": "e4d64422e948414ebfb0f4653e999dbf", "http_status": 200, "body": {"accepted": true, "real_timestamp_ms": 1789198494640, "virtual_time_s": 1055, "measure_result": "direction", "svd_deg": 6.76}}
2026-09-12 15:34:57,970 INFO request {"path": "/measure", "payload": {"arena_id": "default", "robot_id": "202601002029", "request_id": "19c639e865b74bb9ba6367b36d731515", "position": {"x": -599.9999999999998, "y": 1039.2304845413264}, "channel": 12}, "attempt": 1}
2026-09-12 15:34:57,987 INFO response {"request_id": "19c639e865b74bb9ba6367b36d731515", "http_status": 200, "body": {"accepted": true, "real_timestamp_ms": 1789198494668, "virtual_time_s": 1061, "measure_result": "direction", "svd_deg": 12.75}}
2026-09-12 15:34:57,992 INFO request {"path": "/measure", "payload": {"arena_id": "default", "robot_id": "202601002029", "request_id": "37eb8e982a11498b9e6a2fe0d92c8893", "position": {"x": -1200.0, "y": 1.4695761589768238e-13}, "channel": 2}, "attempt": 1}
2026-09-12 15:34:58,007 INFO response {"request_id": "37eb8e982a11498b9e6a2fe0d92c8893", "http_status": 200, "body": {"accepted": true, "real_timestamp_ms": 1789198494688, "virtual_time_s": 1307, "measure_result": "no_signal"}}
2026-09-12 15:34:58,007 INFO request {"path": "/measure", "payload": {"arena_id": "default", "robot_id": "202601002029", "request_id": "2ad0652a234e480192097881c858f256", "position": {"x": -1200.0, "y": 1.4695761589768238e-13}, "channel": 5}, "attempt": 1}
2026-09-12 15:34:58,010 INFO response {"request_id": "2ad0652a234e480192097881c858f256", "http_status": 200, "body": {"accepted": true, "real_timestamp_ms": 1789198494691, "virtual_time_s": 1313, "measure_result": "no_signal"}}
2026-09-12 15:34:58,010 INFO request {"path": "/measure", "payload": {"arena_id": "default", "robot_id": "202601002029", "request_id": "a08d7df270d3409988c118bff38cb47e", "position": {"x": -1200.0, "y": 1.4695761589768238e-13}, "channel": 9}, "attempt": 1}
2026-09-12 15:34:58,012 INFO response {"request_id": "a08d7df270d3409988c118bff38cb47e", "http_status": 200, "body": {"accepted": true, "real_timestamp_ms": 1789198494693, "virtual_time_s": 1319, "measure_result": "no_signal"}}
2026-09-12 15:34:58,012 INFO request {"path": "/measure", "payload": {"arena_id": "default", "robot_id": "202601002029", "request_id": "9e9fc6505e324ecc8fea36a8a1387b86", "position": {"x": -1200.0, "y": 1.4695761589768238e-13}, "channel": 14}, "attempt": 1}
2026-09-12 15:34:58,014 INFO response {"request_id": "9e9fc6505e324ecc8fea36a8a1387b86", "http_status": 200, "body": {"accepted": true, "real_timestamp_ms": 1789198494694, "virtual_time_s": 1325, "measure_result": "no_signal"}}
2026-09-12 15:34:58,014 INFO request {"path": "/measure", "payload": {"arena_id": "default", "robot_id": "202601002029", "request_id": "5060efb195a54329bffbc4be1cd8a5e6", "position": {"x": -1200.0, "y": 1.4695761589768238e-13}, "channel": 16}, "attempt": 1}
2026-09-12 15:34:58,015 INFO response {"request_id": "5060efb195a54329bffbc4be1cd8a5e6", "http_status": 200, "body": {"accepted": true, "real_timestamp_ms": 1789198494696, "virtual_time_s": 1331, "measure_result": "direction", "svd_deg": 236.49}}
2026-09-12 15:34:58,018 INFO request {"path": "/measure", "payload": {"arena_id": "default", "robot_id": "202601002029", "request_id": "9d617e6dba614561a044ffaefc785bf9", "position": {"x": -1200.0, "y": 1.4695761589768238e-13}, "channel": 17}, "attempt": 1}
2026-09-12 15:34:58,021 INFO response {"request_id": "9d617e6dba614561a044ffaefc785bf9", "http_status": 200, "body": {"accepted": true, "real_timestamp_ms": 1789198494702, "virtual_time_s": 1337, "measure_result": "no_signal"}}
2026-09-12 15:34:58,021 INFO request {"path": "/measure", "payload": {"arena_id": "default", "robot_id": "202601002029", "request_id": "a87a64c58049425aa45ace828036a45d", "position": {"x": -1200.0, "y": 1.4695761589768238e-13}, "channel": 18}, "attempt": 1}
2026-09-12 15:34:58,037 INFO response {"request_id": "a87a64c58049425aa45ace828036a45d", "http_status": 200, "body": {"accepted": true, "real_timestamp_ms": 1789198494718, "virtual_time_s": 1343, "measure_result": "no_signal"}}
2026-09-12 15:34:58,038 INFO request {"path": "/measure", "payload": {"arena_id": "default", "robot_id": "202601002029", "request_id": "67bf996f7a644c1c8004ba08eb711758", "position": {"x": -600.0000000000006, "y": -1039.2304845413262}, "channel": 18}, "attempt": 1}
2026-09-12 15:34:58,040 INFO response {"request_id": "67bf996f7a644c1c8004ba08eb711758", "http_status": 200, "body": {"accepted": true, "real_timestamp_ms": 1789198494721, "virtual_time_s": 1588, "measure_result": "no_signal"}}
2026-09-12 15:34:58,040 INFO request {"path": "/measure", "payload": {"arena_id": "default", "robot_id": "202601002029", "request_id": "f8fc21c3da6749449745a328c2ef9bae", "position": {"x": -600.0000000000006, "y": -1039.2304845413262}, "channel": 2}, "attempt": 1}
2026-09-12 15:34:58,042 INFO response {"request_id": "f8fc21c3da6749449745a328c2ef9bae", "http_status": 200, "body": {"accepted": true, "real_timestamp_ms": 1789198494722, "virtual_time_s": 1594, "measure_result": "no_signal"}}
2026-09-12 15:34:58,042 INFO request {"path": "/measure", "payload": {"arena_id": "default", "robot_id": "202601002029", "request_id": "9d99bc8432b541ec9eb5ac8b1f5bb834", "position": {"x": -600.0000000000006, "y": -1039.2304845413262}, "channel": 5}, "attempt": 1}
2026-09-12 15:34:58,043 INFO response {"request_id": "9d99bc8432b541ec9eb5ac8b1f5bb834", "http_status": 200, "body": {"accepted": true, "real_timestamp_ms": 1789198494724, "virtual_time_s": 1600, "measure_result": "no_signal"}}
2026-09-12 15:34:58,043 INFO request {"path": "/measure", "payload": {"arena_id": "default", "robot_id": "202601002029", "request_id": "e06a7908460744aeb745dd9be2b4601c", "position": {"x": -600.0000000000006, "y": -1039.2304845413262}, "channel": 9}, "attempt": 1}
2026-09-12 15:34:58,045 INFO response {"request_id": "e06a7908460744aeb745dd9be2b4601c", "http_status": 200, "body": {"accepted": true, "real_timestamp_ms": 1789198494726, "virtual_time_s": 1606, "measure_result": "no_signal"}}
2026-09-12 15:34:58,045 INFO request {"path": "/measure", "payload": {"arena_id": "default", "robot_id": "202601002029", "request_id": "15bcc0a6a3974c32a1f3186833108c29", "position": {"x": -600.0000000000006, "y": -1039.2304845413262}, "channel": 14}, "attempt": 1}
2026-09-12 15:34:58,066 INFO response {"request_id": "15bcc0a6a3974c32a1f3186833108c29", "http_status": 200, "body": {"accepted": true, "real_timestamp_ms": 1789198494747, "virtual_time_s": 1612, "measure_result": "no_signal"}}
2026-09-12 15:34:58,066 INFO request {"path": "/measure", "payload": {"arena_id": "default", "robot_id": "202601002029", "request_id": "0c7f24413fd845a3844cf4dfb51cdc3f", "position": {"x": -600.0000000000006, "y": -1039.2304845413262}, "channel": 17}, "attempt": 1}
2026-09-12 15:34:58,068 INFO response {"request_id": "0c7f24413fd845a3844cf4dfb51cdc3f", "http_status": 200, "body": {"accepted": true, "real_timestamp_ms": 1789198494749, "virtual_time_s": 1618, "measure_result": "no_signal"}}
2026-09-12 15:34:58,079 INFO request {"path": "/measure", "payload": {"arena_id": "default", "robot_id": "202601002029", "request_id": "48f557c9b00447f3a879e06285984165", "position": {"x": -600.0000000000006, "y": -1039.2304845413262}, "channel": 16}, "attempt": 1}
2026-09-12 15:34:58,096 INFO response {"request_id": "48f557c9b00447f3a879e06285984165", "http_status": 200, "body": {"accepted": true, "real_timestamp_ms": 1789198494777, "virtual_time_s": 1624, "measure_result": "direction", "svd_deg": 140.54}}
2026-09-12 15:34:58,100 INFO request {"path": "/measure", "payload": {"arena_id": "default", "robot_id": "202601002029", "request_id": "86f0d6632555409bbdc18d0ff5be6543", "position": {"x": 600.0000000000001, "y": -1039.2304845413264}, "channel": 2}, "attempt": 1}
2026-09-12 15:34:58,102 INFO response {"request_id": "86f0d6632555409bbdc18d0ff5be6543", "http_status": 200, "body": {"accepted": true, "real_timestamp_ms": 1789198494783, "virtual_time_s": 1870, "measure_result": "no_signal"}}
2026-09-12 15:34:58,102 INFO request {"path": "/measure", "payload": {"arena_id": "default", "robot_id": "202601002029", "request_id": "7763edb20645419db5240e4c9a8cca03", "position": {"x": 600.0000000000001, "y": -1039.2304845413264}, "channel": 5}, "attempt": 1}
2026-09-12 15:34:58,115 INFO response {"request_id": "7763edb20645419db5240e4c9a8cca03", "http_status": 200, "body": {"accepted": true, "real_timestamp_ms": 1789198494796, "virtual_time_s": 1876, "measure_result": "no_signal"}}
2026-09-12 15:34:58,115 INFO request {"path": "/measure", "payload": {"arena_id": "default", "robot_id": "202601002029", "request_id": "a0c64efc2fb0443da6fe787ac448cc12", "position": {"x": 600.0000000000001, "y": -1039.2304845413264}, "channel": 9}, "attempt": 1}
2026-09-12 15:34:58,116 INFO response {"request_id": "a0c64efc2fb0443da6fe787ac448cc12", "http_status": 200, "body": {"accepted": true, "real_timestamp_ms": 1789198494797, "virtual_time_s": 1882, "measure_result": "no_signal"}}
2026-09-12 15:34:58,116 INFO request {"path": "/measure", "payload": {"arena_id": "default", "robot_id": "202601002029", "request_id": "bd18f0530bc9424daaf82f863a37a1b4", "position": {"x": 600.0000000000001, "y": -1039.2304845413264}, "channel": 14}, "attempt": 1}
2026-09-12 15:34:58,117 INFO response {"request_id": "bd18f0530bc9424daaf82f863a37a1b4", "http_status": 200, "body": {"accepted": true, "real_timestamp_ms": 1789198494798, "virtual_time_s": 1888, "measure_result": "no_signal"}}
2026-09-12 15:34:58,117 INFO request {"path": "/measure", "payload": {"arena_id": "default", "robot_id": "202601002029", "request_id": "8b0c5860839e4240ae6f0d9eb6f29f61", "position": {"x": 600.0000000000001, "y": -1039.2304845413264}, "channel": 17}, "attempt": 1}
2026-09-12 15:34:58,117 INFO response {"request_id": "8b0c5860839e4240ae6f0d9eb6f29f61", "http_status": 200, "body": {"accepted": true, "real_timestamp_ms": 1789198494799, "virtual_time_s": 1894, "measure_result": "no_signal"}}
2026-09-12 15:34:58,117 INFO request {"path": "/measure", "payload": {"arena_id": "default", "robot_id": "202601002029", "request_id": "3ae8bdf09af04369a9786b577cc320e1", "position": {"x": 600.0000000000001, "y": -1039.2304845413264}, "channel": 18}, "attempt": 1}
2026-09-12 15:34:58,134 INFO response {"request_id": "3ae8bdf09af04369a9786b577cc320e1", "http_status": 200, "body": {"accepted": true, "real_timestamp_ms": 1789198494815, "virtual_time_s": 1900, "measure_result": "no_signal"}}
2026-09-12 15:34:58,146 INFO request {"path": "/measure", "payload": {"arena_id": "default", "robot_id": "202601002029", "request_id": "326d7d698a3e4e30b9c0c50495975b0a", "position": {"x": 600.0000000000001, "y": -1039.2304845413264}, "channel": 8}, "attempt": 1}
2026-09-12 15:34:58,148 INFO response {"request_id": "326d7d698a3e4e30b9c0c50495975b0a", "http_status": 200, "body": {"accepted": true, "real_timestamp_ms": 1789198494829, "virtual_time_s": 1906, "measure_result": "direction", "svd_deg": 354.91}}
2026-09-12 15:35:06,261 INFO request {"path": "/measure", "payload": {"arena_id": "default", "robot_id": "202601002029", "request_id": "5bfac56605bb4ce48ac387b038067d0d", "position": {"x": -44.57930368966419, "y": -1099.1402184032638}, "channel": 7}, "attempt": 1}
2026-09-12 15:35:06,282 INFO response {"request_id": "5bfac56605bb4ce48ac387b038067d0d", "http_status": 200, "body": {"accepted": true, "real_timestamp_ms": 1789198502963, "virtual_time_s": 2041.471488, "measure_result": "direction", "svd_deg": 73.75}}
2026-09-12 15:35:06,837 INFO request {"path": "/measure", "payload": {"arena_id": "default", "robot_id": "202601002029", "request_id": "1333fd753f114694abb8519ac7a28b85", "position": {"x": -1063.2861045724899, "y": -506.1768036707158}, "channel": 16}, "attempt": 1}
2026-09-12 15:35:06,839 INFO response {"request_id": "1333fd753f114694abb8519ac7a28b85", "http_status": 200, "body": {"accepted": true, "real_timestamp_ms": 1789198503520, "virtual_time_s": 2283.214497, "measure_result": "direction", "svd_deg": 160.16}}
2026-09-12 15:35:06,843 INFO request {"path": "/clear", "payload": {"arena_id": "default", "robot_id": "202601002029", "request_id": "b8ec6aa098e54878b1e3e88e15b66828", "position": {"x": -1441.6438627533585, "y": -365.59362194682694}, "channel": 16}, "attempt": 1}
2026-09-12 15:35:06,863 INFO response {"request_id": "b8ec6aa098e54878b1e3e88e15b66828", "http_status": 200, "body": {"accepted": true, "real_timestamp_ms": 1789198503544, "virtual_time_s": 2368.940756, "clear_result": "success"}}
2026-09-12 15:35:06,865 INFO request {"path": "/measure", "payload": {"arena_id": "default", "robot_id": "202601002029", "request_id": "07775ac1967845318d5c52e04f6cdd44", "position": {"x": -188.1330292464659, "y": -474.90630453347984}, "channel": 7}, "attempt": 1}
2026-09-12 15:35:06,883 INFO response {"request_id": "07775ac1967845318d5c52e04f6cdd44", "http_status": 200, "body": {"accepted": true, "real_timestamp_ms": 1789198503564, "virtual_time_s": 2626.594381, "measure_result": "direction", "svd_deg": 23.1}}
2026-09-12 15:35:06,910 INFO request {"path": "/clear", "payload": {"arena_id": "default", "robot_id": "202601002029", "request_id": "901e395471e64845a782b862bad9642a", "position": {"x": 179.00360570791707, "y": -318.44538662706964}, "channel": 7}, "attempt": 1}
2026-09-12 15:35:06,911 INFO response {"request_id": "901e395471e64845a782b862bad9642a", "http_status": 200, "body": {"accepted": true, "real_timestamp_ms": 1789198503592, "virtual_time_s": 2711.411504, "clear_result": "success"}}
2026-09-12 15:35:06,926 INFO request {"path": "/measure", "payload": {"arena_id": "default", "robot_id": "202601002029", "request_id": "9ae0143c29024ca5b955d0ccf9de5575", "position": {"x": 179.00360570791707, "y": -318.44538662706964}, "channel": 6}, "attempt": 1}
2026-09-12 15:35:06,941 INFO response {"request_id": "9ae0143c29024ca5b955d0ccf9de5575", "http_status": 200, "body": {"accepted": true, "real_timestamp_ms": 1789198503622, "virtual_time_s": 2717.411504, "measure_result": "direction", "svd_deg": 87.32}}
2026-09-12 15:35:06,953 INFO request {"path": "/clear", "payload": {"arena_id": "default", "robot_id": "202601002029", "request_id": "1d7fefba094f44d4b6e42cc3126eb264", "position": {"x": 202.74212332349117, "y": 184.2075270588721}, "channel": 6}, "attempt": 1}
2026-09-12 15:35:06,955 INFO response {"request_id": "1d7fefba094f44d4b6e42cc3126eb264", "http_status": 200, "body": {"accepted": true, "real_timestamp_ms": 1789198503636, "virtual_time_s": 2823.054133, "clear_result": "success"}}
2026-09-12 15:35:07,012 INFO request {"path": "/measure", "payload": {"arena_id": "default", "robot_id": "202601002029", "request_id": "79a90877c1c44c808bbd4e626ca15107", "position": {"x": 202.74212332349117, "y": 184.2075270588721}, "channel": 12}, "attempt": 1}
2026-09-12 15:35:07,031 INFO response {"request_id": "79a90877c1c44c808bbd4e626ca15107", "http_status": 200, "body": {"accepted": true, "real_timestamp_ms": 1789198503712, "virtual_time_s": 2829.054133, "measure_result": "direction", "svd_deg": 88.52}}
2026-09-12 15:35:07,063 INFO request {"path": "/measure", "payload": {"arena_id": "default", "robot_id": "202601002029", "request_id": "dda4e5ff561c4e9585b6d8d3818dc73e", "position": {"x": 202.74212332349117, "y": 184.2075270588721}, "channel": 15}, "attempt": 1}
2026-09-12 15:35:07,080 INFO response {"request_id": "dda4e5ff561c4e9585b6d8d3818dc73e", "http_status": 200, "body": {"accepted": true, "real_timestamp_ms": 1789198503761, "virtual_time_s": 2835.054133, "measure_result": "direction", "svd_deg": 71.29}}
2026-09-12 15:35:08,164 INFO request {"path": "/measure", "payload": {"arena_id": "default", "robot_id": "202601002029", "request_id": "48e2891c12e141d888b788b429c451cd", "position": {"x": 8.074781456585015, "y": 893.014845776208}, "channel": 12}, "attempt": 1}
2026-09-12 15:35:08,176 INFO response {"request_id": "48e2891c12e141d888b788b429c451cd", "http_status": 200, "body": {"accepted": true, "real_timestamp_ms": 1789198504856, "virtual_time_s": 2988.064771, "measure_result": "direction", "svd_deg": 58.22}}
2026-09-12 15:35:08,218 INFO request {"path": "/measure", "payload": {"arena_id": "default", "robot_id": "202601002029", "request_id": "3725689c4f554c2a906c0aea201b1d46", "position": {"x": 8.074781456585015, "y": 893.014845776208}, "channel": 1}, "attempt": 1}
2026-09-12 15:35:08,236 INFO response {"request_id": "3725689c4f554c2a906c0aea201b1d46", "http_status": 200, "body": {"accepted": true, "real_timestamp_ms": 1789198504917, "virtual_time_s": 2994.064771, "measure_result": "direction", "svd_deg": 50.26}}
2026-09-12 15:35:08,261 INFO request {"path": "/measure", "payload": {"arena_id": "default", "robot_id": "202601002029", "request_id": "245766d8380f41bc9f79ce5703b91b30", "position": {"x": 8.074781456585015, "y": 893.014845776208}, "channel": 20}, "attempt": 1}
2026-09-12 15:35:08,263 INFO response {"request_id": "245766d8380f41bc9f79ce5703b91b30", "http_status": 200, "body": {"accepted": true, "real_timestamp_ms": 1789198504944, "virtual_time_s": 3000.064771, "measure_result": "direction", "svd_deg": 344.08}}
2026-09-12 15:35:09,534 INFO request {"path": "/measure", "payload": {"arena_id": "default", "robot_id": "202601002029", "request_id": "2dbeefbfc8fb4d07afcbca48a71d2989", "position": {"x": 612.2277720084303, "y": 457.52337987778117}, "channel": 20}, "attempt": 1}
2026-09-12 15:35:09,548 INFO response {"request_id": "2dbeefbfc8fb4d07afcbca48a71d2989", "http_status": 200, "body": {"accepted": true, "real_timestamp_ms": 1789198506229, "virtual_time_s": 3154.014917, "measure_result": "direction", "svd_deg": 20.66}}
2026-09-12 15:35:09,667 INFO request {"path": "/measure", "payload": {"arena_id": "default", "robot_id": "202601002029", "request_id": "50560f453e3249118353a54c8a63323b", "position": {"x": 612.2277720084303, "y": 457.52337987778117}, "channel": 4}, "attempt": 1}
2026-09-12 15:35:09,686 INFO response {"request_id": "50560f453e3249118353a54c8a63323b", "http_status": 200, "body": {"accepted": true, "real_timestamp_ms": 1789198506367, "virtual_time_s": 3160.014917, "measure_result": "direction", "svd_deg": 263.18}}
2026-09-12 15:35:09,770 INFO request {"path": "/measure", "payload": {"arena_id": "default", "robot_id": "202601002029", "request_id": "957a4901b03e4a078e822308b93ab060", "position": {"x": 612.2277720084303, "y": 457.52337987778117}, "channel": 10}, "attempt": 1}
2026-09-12 15:35:09,784 INFO response {"request_id": "957a4901b03e4a078e822308b93ab060", "http_status": 200, "body": {"accepted": true, "real_timestamp_ms": 1789198506465, "virtual_time_s": 3166.014917, "measure_result": "direction", "svd_deg": 303.5}}
2026-09-12 15:35:10,339 INFO request {"path": "/measure", "payload": {"arena_id": "default", "robot_id": "202601002029", "request_id": "4c54c6f43c08436dbe4d96c5c98a15ce", "position": {"x": 622.804711765724, "y": 298.512755611819}, "channel": 3}, "attempt": 1}
2026-09-12 15:35:10,340 INFO response {"request_id": "4c54c6f43c08436dbe4d96c5c98a15ce", "http_status": 200, "body": {"accepted": true, "real_timestamp_ms": 1789198507021, "virtual_time_s": 3203.887319, "measure_result": "direction", "svd_deg": 21.62}}
2026-09-12 15:35:10,385 INFO request {"path": "/measure", "payload": {"arena_id": "default", "robot_id": "202601002029", "request_id": "f36236995a804cf2972e6275040379a5", "position": {"x": 622.804711765724, "y": 298.512755611819}, "channel": 15}, "attempt": 1}
2026-09-12 15:35:10,387 INFO response {"request_id": "f36236995a804cf2972e6275040379a5", "http_status": 200, "body": {"accepted": true, "real_timestamp_ms": 1789198507067, "virtual_time_s": 3209.887319, "measure_result": "direction", "svd_deg": 94.69}}
2026-09-12 15:35:10,414 INFO request {"path": "/measure", "payload": {"arena_id": "default", "robot_id": "202601002029", "request_id": "f47462942c114dc48a2c01e2abc4976a", "position": {"x": 622.804711765724, "y": 298.512755611819}, "channel": 13}, "attempt": 1}
2026-09-12 15:35:10,415 INFO response {"request_id": "f47462942c114dc48a2c01e2abc4976a", "http_status": 200, "body": {"accepted": true, "real_timestamp_ms": 1789198507096, "virtual_time_s": 3215.887319, "measure_result": "direction", "svd_deg": 42.57}}
2026-09-12 15:35:11,655 INFO request {"path": "/clear", "payload": {"arena_id": "default", "robot_id": "202601002029", "request_id": "7a0946ffb1944417b04e259b04e82dda", "position": {"x": 994.8459601733448, "y": 445.69782698082554}, "channel": 3}, "attempt": 1}
2026-09-12 15:35:11,656 INFO response {"request_id": "7a0946ffb1944417b04e259b04e82dda", "http_status": 200, "body": {"accepted": true, "real_timestamp_ms": 1789198508337, "virtual_time_s": 3300.906851, "clear_result": "success"}}
2026-09-12 15:35:11,698 INFO request {"path": "/measure", "payload": {"arena_id": "default", "robot_id": "202601002029", "request_id": "667cfa56ed4d451db0c2d7b899c747de", "position": {"x": 994.8459601733448, "y": 445.69782698082554}, "channel": 11}, "attempt": 1}
2026-09-12 15:35:11,710 INFO response {"request_id": "667cfa56ed4d451db0c2d7b899c747de", "http_status": 200, "body": {"accepted": true, "real_timestamp_ms": 1789198508391, "virtual_time_s": 3306.906851, "measure_result": "direction", "svd_deg": 351.83}}
2026-09-12 15:35:11,751 INFO request {"path": "/measure", "payload": {"arena_id": "default", "robot_id": "202601002029", "request_id": "0a703c90f6284ae19820646ac7c35983", "position": {"x": 994.8459601733448, "y": 445.69782698082554}, "channel": 10}, "attempt": 1}
2026-09-12 15:35:11,753 INFO response {"request_id": "0a703c90f6284ae19820646ac7c35983", "http_status": 200, "body": {"accepted": true, "real_timestamp_ms": 1789198508434, "virtual_time_s": 3312.906851, "measure_result": "direction", "svd_deg": 259.06}}
2026-09-12 15:35:12,283 INFO request {"path": "/clear", "payload": {"arena_id": "default", "robot_id": "202601002029", "request_id": "6ecd7fbd453746d883f5be6ad7cfe904", "position": {"x": 563.4935578863676, "y": 51.744249632377155}, "channel": 4}, "attempt": 1}
2026-09-12 15:35:12,284 INFO response {"request_id": "6ecd7fbd453746d883f5be6ad7cfe904", "http_status": 200, "body": {"accepted": true, "real_timestamp_ms": 1789198508965, "virtual_time_s": 3434.742516, "clear_result": "success"}}
2026-09-12 15:35:12,285 INFO request {"path": "/measure", "payload": {"arena_id": "default", "robot_id": "202601002029", "request_id": "d2a1f33f75964e46bda6ef8936f53c60", "position": {"x": 1073.8480242361125, "y": -695.8711682857921}, "channel": 8}, "attempt": 1}
2026-09-12 15:35:12,300 INFO response {"request_id": "d2a1f33f75964e46bda6ef8936f53c60", "http_status": 200, "body": {"accepted": true, "real_timestamp_ms": 1789198508981, "virtual_time_s": 3621.782898, "measure_result": "direction", "svd_deg": 281.2}}
2026-09-12 15:35:12,303 INFO request {"path": "/clear", "payload": {"arena_id": "default", "robot_id": "202601002029", "request_id": "a02dd19e60be4f8e9f42e3ef5ec5c5b0", "position": {"x": 1151.8179096153024, "y": -1088.5589525399541}, "channel": 8}, "attempt": 1}
2026-09-12 15:35:12,305 INFO response {"request_id": "a02dd19e60be4f8e9f42e3ef5ec5c5b0", "http_status": 200, "body": {"accepted": true, "real_timestamp_ms": 1789198508986, "virtual_time_s": 3706.853616, "clear_result": "success"}}
2026-09-12 15:35:12,305 INFO request {"path": "/clear", "payload": {"arena_id": "default", "robot_id": "202601002029", "request_id": "e41a1482cad841289cd08be3e3eaf5a8", "position": {"x": 910.8056220087084, "y": 13.088419889943033}, "channel": 10}, "attempt": 1}
2026-09-12 15:35:12,319 INFO response {"request_id": "e41a1482cad841289cd08be3e3eaf5a8", "http_status": 200, "body": {"accepted": true, "real_timestamp_ms": 1789198509000, "virtual_time_s": 3937.394198, "clear_result": "success"}}
2026-09-12 15:35:12,340 INFO request {"path": "/measure", "payload": {"arena_id": "default", "robot_id": "202601002029", "request_id": "b5c242f74d27486aa6a1aa0be0ccc66b", "position": {"x": 910.8056220087084, "y": 13.088419889943033}, "channel": 13}, "attempt": 1}
2026-09-12 15:35:12,359 INFO response {"request_id": "b5c242f74d27486aa6a1aa0be0ccc66b", "http_status": 200, "body": {"accepted": true, "real_timestamp_ms": 1789198509040, "virtual_time_s": 3943.394198, "measure_result": "direction", "svd_deg": 65.6}}
2026-09-12 15:35:12,368 INFO request {"path": "/measure", "payload": {"arena_id": "default", "robot_id": "202601002029", "request_id": "1f2a231a25a64d68a812927af85d59ee", "position": {"x": 1631.1835447682777, "y": -45.23523735592272}, "channel": 11}, "attempt": 1}
2026-09-12 15:35:12,389 INFO response {"request_id": "1f2a231a25a64d68a812927af85d59ee", "http_status": 200, "body": {"accepted": true, "real_timestamp_ms": 1789198509069, "virtual_time_s": 4093.941215, "measure_result": "direction", "svd_deg": 92.0}}
2026-09-12 15:35:12,399 INFO request {"path": "/clear", "payload": {"arena_id": "default", "robot_id": "202601002029", "request_id": "c9b5047b6b0c4ae6be1d24de7fd6208b", "position": {"x": 1618.8663139468126, "y": 353.4804370366717}, "channel": 11}, "attempt": 1}
2026-09-12 15:35:12,418 INFO response {"request_id": "c9b5047b6b0c4ae6be1d24de7fd6208b", "http_status": 200, "body": {"accepted": true, "real_timestamp_ms": 1789198509099, "virtual_time_s": 4178.722392, "clear_result": "success"}}
2026-09-12 15:35:12,419 INFO request {"path": "/clear", "payload": {"arena_id": "default", "robot_id": "202601002029", "request_id": "11a5a87ceb7f4aab8f413f2be561dc30", "position": {"x": 985.1131507806945, "y": 598.5153053926464}, "channel": 20}, "attempt": 1}
2026-09-12 15:35:12,438 INFO response {"request_id": "11a5a87ceb7f4aab8f413f2be561dc30", "http_status": 200, "body": {"accepted": true, "real_timestamp_ms": 1789198509119, "virtual_time_s": 4319.617228, "clear_result": "success"}}
2026-09-12 15:35:12,475 INFO request {"path": "/measure", "payload": {"arena_id": "default", "robot_id": "202601002029", "request_id": "71405afb9e7844998847cc9a3fa48bca", "position": {"x": 985.1131507806945, "y": 598.5153053926464}, "channel": 15}, "attempt": 1}
2026-09-12 15:35:12,477 INFO response {"request_id": "71405afb9e7844998847cc9a3fa48bca", "http_status": 200, "body": {"accepted": true, "real_timestamp_ms": 1789198509158, "virtual_time_s": 4325.617228, "measure_result": "direction", "svd_deg": 127.27}}
2026-09-12 15:35:13,138 INFO request {"path": "/clear", "payload": {"arena_id": "default", "robot_id": "202601002029", "request_id": "8f2f5d954eb34176af50de0e76e6ee8f", "position": {"x": 1311.3546268337589, "y": 930.8584652335248}, "channel": 13}, "attempt": 1}
2026-09-12 15:35:13,140 INFO response {"request_id": "8f2f5d954eb34176af50de0e76e6ee8f", "http_status": 200, "body": {"accepted": true, "real_timestamp_ms": 1789198509821, "virtual_time_s": 4423.759158, "clear_result": "success"}}
2026-09-12 15:35:13,171 INFO request {"path": "/measure", "payload": {"arena_id": "default", "robot_id": "202601002029", "request_id": "389f3ea7e9904265845a37bf4b25b07c", "position": {"x": 1311.3546268337589, "y": 930.8584652335248}, "channel": 1}, "attempt": 1}
2026-09-12 15:35:13,172 INFO response {"request_id": "389f3ea7e9904265845a37bf4b25b07c", "http_status": 200, "body": {"accepted": true, "real_timestamp_ms": 1789198509853, "virtual_time_s": 4429.759158, "measure_result": "direction", "svd_deg": 144.09}}
2026-09-12 15:35:13,196 INFO request {"path": "/measure", "payload": {"arena_id": "default", "robot_id": "202601002029", "request_id": "3cc7569440884f779660c311babc9a98", "position": {"x": 1311.3546268337589, "y": 930.8584652335248}, "channel": 15}, "attempt": 1}
2026-09-12 15:35:13,198 INFO response {"request_id": "3cc7569440884f779660c311babc9a98", "http_status": 200, "body": {"accepted": true, "real_timestamp_ms": 1789198509879, "virtual_time_s": 4435.759158, "measure_result": "direction", "svd_deg": 161.26}}
2026-09-12 15:35:13,205 INFO request {"path": "/clear", "payload": {"arena_id": "default", "robot_id": "202601002029", "request_id": "2aa153719c4e4341b911d509d142b730", "position": {"x": 548.3238487179335, "y": 1183.3612676347823}, "channel": 15}, "attempt": 1}
2026-09-12 15:35:13,206 INFO response {"request_id": "2aa153719c4e4341b911d509d142b730", "http_status": 200, "body": {"accepted": true, "real_timestamp_ms": 1789198509887, "virtual_time_s": 4601.504128, "clear_result": "success"}}
2026-09-12 15:35:13,206 INFO request {"path": "/clear", "payload": {"arena_id": "default", "robot_id": "202601002029", "request_id": "6db28480e2794d959a179da6c9c6cb3e", "position": {"x": 515.8562051826036, "y": 1504.1479479384047}, "channel": 1}, "attempt": 1}
2026-09-12 15:35:13,207 INFO response {"request_id": "6db28480e2794d959a179da6c9c6cb3e", "http_status": 200, "body": {"accepted": true, "real_timestamp_ms": 1789198509888, "virtual_time_s": 4670.98924, "clear_result": "success"}}
2026-09-12 15:35:13,207 INFO request {"path": "/clear", "payload": {"arena_id": "default", "robot_id": "202601002029", "request_id": "e8b591db22ca457a9715edd3f619591f", "position": {"x": 219.60623276547076, "y": 1231.0934741147269}, "channel": 12}, "attempt": 1}
2026-09-12 15:35:13,209 INFO response {"request_id": "e8b591db22ca457a9715edd3f619591f", "http_status": 200, "body": {"accepted": true, "real_timestamp_ms": 1789198509890, "virtual_time_s": 4756.567846, "clear_result": "success"}}
2026-09-12 15:35:13,209 INFO request {"path": "/measure", "payload": {"arena_id": "default", "robot_id": "202601002029", "request_id": "83316a27f5824b7dbfe06f1adc8e4606", "position": {"x": -1259.9040107907092, "y": 1523.5167267884547}, "channel": 19}, "attempt": 1}
2026-09-12 15:35:13,209 INFO response {"request_id": "83316a27f5824b7dbfe06f1adc8e4606", "http_status": 200, "body": {"accepted": true, "real_timestamp_ms": 1789198509891, "virtual_time_s": 5064.194232, "measure_result": "direction", "svd_deg": 302.78}}
2026-09-12 15:35:13,212 INFO request {"path": "/clear", "payload": {"arena_id": "default", "robot_id": "202601002029", "request_id": "096fe61539774821b95d1dc1b669ff0e", "position": {"x": -976.375608777242, "y": 1083.748198240781}, "channel": 19}, "attempt": 1}
2026-09-12 15:35:13,213 INFO response {"request_id": "096fe61539774821b95d1dc1b669ff0e", "http_status": 200, "body": {"accepted": true, "real_timestamp_ms": 1789198509894, "virtual_time_s": 5173.843114, "clear_result": "success"}}
2026-09-12 15:35:13,213 INFO request {"path": "/exit", "payload": {"arena_id": "default", "robot_id": "202601002029", "request_id": "aa3a43f82d80486dac3ebdc8a4073732"}, "attempt": 1}
2026-09-12 15:35:13,228 INFO response {"request_id": "aa3a43f82d80486dac3ebdc8a4073732", "http_status": 200, "body": {"accepted": true, "real_timestamp_ms": 1789198509909, "virtual_time_s": 5173.843114, "exit_reason": "user_exit"}}
