2026-09-13 10:19:26,795 INFO request {"path": "/enter", "payload": {"arena_id": "default", "robot_id": "202601002029", "request_id": "3831cf7c01024860b13f6b43222daab7"}, "attempt": 1}
2026-09-13 10:19:26,799 INFO response {"request_id": "3831cf7c01024860b13f6b43222daab7", "http_status": 200, "body": {"accepted": true, "real_timestamp_ms": 1789265962720, "virtual_time_s": 0, "max_virtual_duration_s": 360000, "max_real_duration_s": 1200, "remaining_real_duration_s": 1200}}
2026-09-13 10:19:26,805 INFO request {"path": "/measure", "payload": {"arena_id": "default", "robot_id": "202601002029", "request_id": "3fdfbb0855f34c04b8f2a34e5b8efabe", "position": {"x": 0.0, "y": 0.0}, "channel": 1}, "attempt": 1}
2026-09-13 10:19:26,825 INFO response {"request_id": "3fdfbb0855f34c04b8f2a34e5b8efabe", "http_status": 200, "body": {"accepted": true, "real_timestamp_ms": 1789265962746, "virtual_time_s": 5, "measure_result": "no_signal"}}
2026-09-13 10:19:26,827 INFO request {"path": "/measure", "payload": {"arena_id": "default", "robot_id": "202601002029", "request_id": "60d34f802a02447ca768b4f2482219d9", "position": {"x": 0.0, "y": 0.0}, "channel": 2}, "attempt": 1}
2026-09-13 10:19:26,829 INFO response {"request_id": "60d34f802a02447ca768b4f2482219d9", "http_status": 200, "body": {"accepted": true, "real_timestamp_ms": 1789265962750, "virtual_time_s": 11, "measure_result": "no_signal"}}
2026-09-13 10:19:26,831 INFO request {"path": "/measure", "payload": {"arena_id": "default", "robot_id": "202601002029", "request_id": "a65d92c3009d4d01b3fb8056b0cc0bb1", "position": {"x": 0.0, "y": 0.0}, "channel": 3}, "attempt": 1}
2026-09-13 10:19:26,832 INFO response {"request_id": "a65d92c3009d4d01b3fb8056b0cc0bb1", "http_status": 200, "body": {"accepted": true, "real_timestamp_ms": 1789265962753, "virtual_time_s": 17, "measure_result": "direction", "svd_deg": 10.8}}
2026-09-13 10:19:26,857 INFO request {"path": "/measure", "payload": {"arena_id": "default", "robot_id": "202601002029", "request_id": "5a03f38cbd214daa841305d90cc5d54f", "position": {"x": 0.0, "y": 0.0}, "channel": 4}, "attempt": 1}
2026-09-13 10:19:26,871 INFO response {"request_id": "5a03f38cbd214daa841305d90cc5d54f", "http_status": 200, "body": {"accepted": true, "real_timestamp_ms": 1789265962791, "virtual_time_s": 23, "measure_result": "no_signal"}}
2026-09-13 10:19:26,871 INFO request {"path": "/measure", "payload": {"arena_id": "default", "robot_id": "202601002029", "request_id": "a5b63a1073374d539ae493ae52d5cbd1", "position": {"x": 0.0, "y": 0.0}, "channel": 5}, "attempt": 1}
2026-09-13 10:19:26,887 INFO response {"request_id": "a5b63a1073374d539ae493ae52d5cbd1", "http_status": 200, "body": {"accepted": true, "real_timestamp_ms": 1789265962808, "virtual_time_s": 29, "measure_result": "no_signal"}}
2026-09-13 10:19:26,887 INFO request {"path": "/measure", "payload": {"arena_id": "default", "robot_id": "202601002029", "request_id": "17aa68db16e04a748ffa8b17b9ae43ab", "position": {"x": 0.0, "y": 0.0}, "channel": 6}, "attempt": 1}
2026-09-13 10:19:26,903 INFO response {"request_id": "17aa68db16e04a748ffa8b17b9ae43ab", "http_status": 200, "body": {"accepted": true, "real_timestamp_ms": 1789265962823, "virtual_time_s": 35, "measure_result": "no_signal"}}
2026-09-13 10:19:26,904 INFO request {"path": "/measure", "payload": {"arena_id": "default", "robot_id": "202601002029", "request_id": "da36ea3f08814d47bf0b13f973ba5c0d", "position": {"x": 0.0, "y": 0.0}, "channel": 7}, "attempt": 1}
2026-09-13 10:19:26,918 INFO response {"request_id": "da36ea3f08814d47bf0b13f973ba5c0d", "http_status": 200, "body": {"accepted": true, "real_timestamp_ms": 1789265962838, "virtual_time_s": 41, "measure_result": "no_signal"}}
2026-09-13 10:19:26,919 INFO request {"path": "/measure", "payload": {"arena_id": "default", "robot_id": "202601002029", "request_id": "70748bbee62340889805aefb289b59c3", "position": {"x": 0.0, "y": 0.0}, "channel": 8}, "attempt": 1}
2026-09-13 10:19:26,933 INFO response {"request_id": "70748bbee62340889805aefb289b59c3", "http_status": 200, "body": {"accepted": true, "real_timestamp_ms": 1789265962853, "virtual_time_s": 47, "measure_result": "no_signal"}}
2026-09-13 10:19:26,934 INFO request {"path": "/measure", "payload": {"arena_id": "default", "robot_id": "202601002029", "request_id": "3545f4a5d1f84598b186d94a3456b83f", "position": {"x": 0.0, "y": 0.0}, "channel": 9}, "attempt": 1}
2026-09-13 10:19:26,948 INFO response {"request_id": "3545f4a5d1f84598b186d94a3456b83f", "http_status": 200, "body": {"accepted": true, "real_timestamp_ms": 1789265962869, "virtual_time_s": 53, "measure_result": "no_signal"}}
2026-09-13 10:19:26,948 INFO request {"path": "/measure", "payload": {"arena_id": "default", "robot_id": "202601002029", "request_id": "b4abf006577f4d15870570cde9bb977c", "position": {"x": 0.0, "y": 0.0}, "channel": 10}, "attempt": 1}
2026-09-13 10:19:26,950 INFO response {"request_id": "b4abf006577f4d15870570cde9bb977c", "http_status": 200, "body": {"accepted": true, "real_timestamp_ms": 1789265962871, "virtual_time_s": 59, "measure_result": "no_signal"}}
2026-09-13 10:19:26,950 INFO request {"path": "/measure", "payload": {"arena_id": "default", "robot_id": "202601002029", "request_id": "6dd5bfd277d74a6d8e2d2c27cd3269a1", "position": {"x": 0.0, "y": 0.0}, "channel": 11}, "attempt": 1}
2026-09-13 10:19:26,968 INFO response {"request_id": "6dd5bfd277d74a6d8e2d2c27cd3269a1", "http_status": 200, "body": {"accepted": true, "real_timestamp_ms": 1789265962884, "virtual_time_s": 65, "measure_result": "no_signal"}}
2026-09-13 10:19:26,969 INFO request {"path": "/measure", "payload": {"arena_id": "default", "robot_id": "202601002029", "request_id": "46cf8b4f5c4846e3b5381a99a73846d5", "position": {"x": 0.0, "y": 0.0}, "channel": 12}, "attempt": 1}
2026-09-13 10:19:26,971 INFO response {"request_id": "46cf8b4f5c4846e3b5381a99a73846d5", "http_status": 200, "body": {"accepted": true, "real_timestamp_ms": 1789265962892, "virtual_time_s": 71, "measure_result": "direction", "svd_deg": 84.53}}
2026-09-13 10:19:26,999 INFO request {"path": "/measure", "payload": {"arena_id": "default", "robot_id": "202601002029", "request_id": "7760ea2ad0e6485783c4699acc3b5043", "position": {"x": 0.0, "y": 0.0}, "channel": 13}, "attempt": 1}
2026-09-13 10:19:27,001 INFO response {"request_id": "7760ea2ad0e6485783c4699acc3b5043", "http_status": 200, "body": {"accepted": true, "real_timestamp_ms": 1789265962921, "virtual_time_s": 77, "measure_result": "no_signal"}}
2026-09-13 10:19:27,002 INFO request {"path": "/measure", "payload": {"arena_id": "default", "robot_id": "202601002029", "request_id": "85ac4666083b444fa3056e2df4bd132a", "position": {"x": 0.0, "y": 0.0}, "channel": 14}, "attempt": 1}
2026-09-13 10:19:27,026 INFO response {"request_id": "85ac4666083b444fa3056e2df4bd132a", "http_status": 200, "body": {"accepted": true, "real_timestamp_ms": 1789265962947, "virtual_time_s": 83, "measure_result": "direction", "svd_deg": 159.21}}
2026-09-13 10:19:27,044 INFO request {"path": "/measure", "payload": {"arena_id": "default", "robot_id": "202601002029", "request_id": "875fdf087dec4ff990ae2bb005a5cdb9", "position": {"x": 0.0, "y": 0.0}, "channel": 15}, "attempt": 1}
2026-09-13 10:19:27,046 INFO response {"request_id": "875fdf087dec4ff990ae2bb005a5cdb9", "http_status": 200, "body": {"accepted": true, "real_timestamp_ms": 1789265962966, "virtual_time_s": 89, "measure_result": "no_signal"}}
2026-09-13 10:19:27,046 INFO request {"path": "/measure", "payload": {"arena_id": "default", "robot_id": "202601002029", "request_id": "03d517aa5b2547fabf3573d1ba50ff6f", "position": {"x": 0.0, "y": 0.0}, "channel": 16}, "attempt": 1}
2026-09-13 10:19:27,048 INFO response {"request_id": "03d517aa5b2547fabf3573d1ba50ff6f", "http_status": 200, "body": {"accepted": true, "real_timestamp_ms": 1789265962969, "virtual_time_s": 95, "measure_result": "no_signal"}}
2026-09-13 10:19:27,049 INFO request {"path": "/measure", "payload": {"arena_id": "default", "robot_id": "202601002029", "request_id": "6d18fb23563a4c0cbb7e3518ad58d333", "position": {"x": 0.0, "y": 0.0}, "channel": 17}, "attempt": 1}
2026-09-13 10:19:27,050 INFO response {"request_id": "6d18fb23563a4c0cbb7e3518ad58d333", "http_status": 200, "body": {"accepted": true, "real_timestamp_ms": 1789265962971, "virtual_time_s": 101, "measure_result": "no_signal"}}
2026-09-13 10:19:27,050 INFO request {"path": "/measure", "payload": {"arena_id": "default", "robot_id": "202601002029", "request_id": "89f7465f14394395a42b24a02f28b3d8", "position": {"x": 0.0, "y": 0.0}, "channel": 18}, "attempt": 1}
2026-09-13 10:19:27,052 INFO response {"request_id": "89f7465f14394395a42b24a02f28b3d8", "http_status": 200, "body": {"accepted": true, "real_timestamp_ms": 1789265962973, "virtual_time_s": 107, "measure_result": "no_signal"}}
2026-09-13 10:19:27,052 INFO request {"path": "/measure", "payload": {"arena_id": "default", "robot_id": "202601002029", "request_id": "12153f5f99d0491c9b247a214b59526c", "position": {"x": 0.0, "y": 0.0}, "channel": 19}, "attempt": 1}
2026-09-13 10:19:27,055 INFO response {"request_id": "12153f5f99d0491c9b247a214b59526c", "http_status": 200, "body": {"accepted": true, "real_timestamp_ms": 1789265962975, "virtual_time_s": 113, "measure_result": "no_signal"}}
2026-09-13 10:19:27,055 INFO request {"path": "/measure", "payload": {"arena_id": "default", "robot_id": "202601002029", "request_id": "ce3b3643ae1c4b43b0012ae02500cf19", "position": {"x": 0.0, "y": 0.0}, "channel": 20}, "attempt": 1}
2026-09-13 10:19:27,058 INFO response {"request_id": "ce3b3643ae1c4b43b0012ae02500cf19", "http_status": 200, "body": {"accepted": true, "real_timestamp_ms": 1789265962978, "virtual_time_s": 119, "measure_result": "direction", "svd_deg": 203.84}}
2026-09-13 10:19:27,100 INFO request {"path": "/measure", "payload": {"arena_id": "default", "robot_id": "202601002029", "request_id": "6246d854271543e1841b182a79484a08", "position": {"x": -564.9999999999998, "y": 978.6087062764158}, "channel": 1}, "attempt": 1}
2026-09-13 10:19:27,119 INFO response {"request_id": "6246d854271543e1841b182a79484a08", "http_status": 200, "body": {"accepted": true, "real_timestamp_ms": 1789265963040, "virtual_time_s": 351, "measure_result": "no_signal"}}
2026-09-13 10:19:27,120 INFO request {"path": "/measure", "payload": {"arena_id": "default", "robot_id": "202601002029", "request_id": "20402119532c4b2ea5518c3908ce01aa", "position": {"x": -564.9999999999998, "y": 978.6087062764158}, "channel": 2}, "attempt": 1}
2026-09-13 10:19:27,121 INFO response {"request_id": "20402119532c4b2ea5518c3908ce01aa", "http_status": 200, "body": {"accepted": true, "real_timestamp_ms": 1789265963041, "virtual_time_s": 357, "measure_result": "no_signal"}}
2026-09-13 10:19:27,121 INFO request {"path": "/measure", "payload": {"arena_id": "default", "robot_id": "202601002029", "request_id": "649dfd4d05074971b4cdf051aab29e9d", "position": {"x": -564.9999999999998, "y": 978.6087062764158}, "channel": 4}, "attempt": 1}
2026-09-13 10:19:27,122 INFO response {"request_id": "649dfd4d05074971b4cdf051aab29e9d", "http_status": 200, "body": {"accepted": true, "real_timestamp_ms": 1789265963043, "virtual_time_s": 363, "measure_result": "no_signal"}}
2026-09-13 10:19:27,122 INFO request {"path": "/measure", "payload": {"arena_id": "default", "robot_id": "202601002029", "request_id": "811f4d6b9ff446fd82034f46115f36bb", "position": {"x": -564.9999999999998, "y": 978.6087062764158}, "channel": 5}, "attempt": 1}
2026-09-13 10:19:27,123 INFO response {"request_id": "811f4d6b9ff446fd82034f46115f36bb", "http_status": 200, "body": {"accepted": true, "real_timestamp_ms": 1789265963044, "virtual_time_s": 369, "measure_result": "no_signal"}}
2026-09-13 10:19:27,123 INFO request {"path": "/measure", "payload": {"arena_id": "default", "robot_id": "202601002029", "request_id": "946e4ad9729640bda468eb43fe87d51b", "position": {"x": -564.9999999999998, "y": 978.6087062764158}, "channel": 6}, "attempt": 1}
2026-09-13 10:19:27,124 INFO response {"request_id": "946e4ad9729640bda468eb43fe87d51b", "http_status": 200, "body": {"accepted": true, "real_timestamp_ms": 1789265963045, "virtual_time_s": 375, "measure_result": "no_signal"}}
2026-09-13 10:19:27,124 INFO request {"path": "/measure", "payload": {"arena_id": "default", "robot_id": "202601002029", "request_id": "865d8ea17e1b4aa08c14647283e4b6aa", "position": {"x": -564.9999999999998, "y": 978.6087062764158}, "channel": 7}, "attempt": 1}
2026-09-13 10:19:27,124 INFO response {"request_id": "865d8ea17e1b4aa08c14647283e4b6aa", "http_status": 200, "body": {"accepted": true, "real_timestamp_ms": 1789265963045, "virtual_time_s": 381, "measure_result": "direction", "svd_deg": 73.89}}
2026-09-13 10:19:27,139 INFO request {"path": "/measure", "payload": {"arena_id": "default", "robot_id": "202601002029", "request_id": "40f6f3962c134ad185d9f431145b7bcb", "position": {"x": -564.9999999999998, "y": 978.6087062764158}, "channel": 8}, "attempt": 1}
2026-09-13 10:19:27,140 INFO response {"request_id": "40f6f3962c134ad185d9f431145b7bcb", "http_status": 200, "body": {"accepted": true, "real_timestamp_ms": 1789265963061, "virtual_time_s": 387, "measure_result": "direction", "svd_deg": 229.46}}
2026-09-13 10:19:27,161 INFO request {"path": "/measure", "payload": {"arena_id": "default", "robot_id": "202601002029", "request_id": "8d4de5c1ecde489e9e287776b1ff2b98", "position": {"x": -564.9999999999998, "y": 978.6087062764158}, "channel": 9}, "attempt": 1}
2026-09-13 10:19:27,164 INFO response {"request_id": "8d4de5c1ecde489e9e287776b1ff2b98", "http_status": 200, "body": {"accepted": true, "real_timestamp_ms": 1789265963084, "virtual_time_s": 393, "measure_result": "no_signal"}}
2026-09-13 10:19:27,164 INFO request {"path": "/measure", "payload": {"arena_id": "default", "robot_id": "202601002029", "request_id": "245db4e880e143448e39288f776c9db4", "position": {"x": -564.9999999999998, "y": 978.6087062764158}, "channel": 10}, "attempt": 1}
2026-09-13 10:19:27,164 INFO response {"request_id": "245db4e880e143448e39288f776c9db4", "http_status": 200, "body": {"accepted": true, "real_timestamp_ms": 1789265963086, "virtual_time_s": 399, "measure_result": "no_signal"}}
2026-09-13 10:19:27,165 INFO request {"path": "/measure", "payload": {"arena_id": "default", "robot_id": "202601002029", "request_id": "118f42bc65b246709d72ce209ca5f2ad", "position": {"x": -564.9999999999998, "y": 978.6087062764158}, "channel": 11}, "attempt": 1}
2026-09-13 10:19:27,166 INFO response {"request_id": "118f42bc65b246709d72ce209ca5f2ad", "http_status": 200, "body": {"accepted": true, "real_timestamp_ms": 1789265963087, "virtual_time_s": 405, "measure_result": "no_signal"}}
2026-09-13 10:19:27,166 INFO request {"path": "/measure", "payload": {"arena_id": "default", "robot_id": "202601002029", "request_id": "23cd54bb0a234391902827c205b02083", "position": {"x": -564.9999999999998, "y": 978.6087062764158}, "channel": 13}, "attempt": 1}
2026-09-13 10:19:27,167 INFO response {"request_id": "23cd54bb0a234391902827c205b02083", "http_status": 200, "body": {"accepted": true, "real_timestamp_ms": 1789265963088, "virtual_time_s": 411, "measure_result": "no_signal"}}
2026-09-13 10:19:27,167 INFO request {"path": "/measure", "payload": {"arena_id": "default", "robot_id": "202601002029", "request_id": "6c0d95a6aeab4d2794869cb2653f6c74", "position": {"x": -564.9999999999998, "y": 978.6087062764158}, "channel": 15}, "attempt": 1}
2026-09-13 10:19:27,182 INFO response {"request_id": "6c0d95a6aeab4d2794869cb2653f6c74", "http_status": 200, "body": {"accepted": true, "real_timestamp_ms": 1789265963103, "virtual_time_s": 417, "measure_result": "no_signal"}}
2026-09-13 10:19:27,182 INFO request {"path": "/measure", "payload": {"arena_id": "default", "robot_id": "202601002029", "request_id": "467519cb82d947a5bc78512af44174f3", "position": {"x": -564.9999999999998, "y": 978.6087062764158}, "channel": 16}, "attempt": 1}
2026-09-13 10:19:27,183 INFO response {"request_id": "467519cb82d947a5bc78512af44174f3", "http_status": 200, "body": {"accepted": true, "real_timestamp_ms": 1789265963105, "virtual_time_s": 423, "measure_result": "no_signal"}}
2026-09-13 10:19:27,184 INFO request {"path": "/measure", "payload": {"arena_id": "default", "robot_id": "202601002029", "request_id": "5406014b03aa45a9b3d633d6786dc2a2", "position": {"x": -564.9999999999998, "y": 978.6087062764158}, "channel": 17}, "attempt": 1}
2026-09-13 10:19:27,198 INFO response {"request_id": "5406014b03aa45a9b3d633d6786dc2a2", "http_status": 200, "body": {"accepted": true, "real_timestamp_ms": 1789265963118, "virtual_time_s": 429, "measure_result": "direction", "svd_deg": 64.38}}
2026-09-13 10:19:27,213 INFO request {"path": "/measure", "payload": {"arena_id": "default", "robot_id": "202601002029", "request_id": "664365cba2fc476bb851577449b9afbb", "position": {"x": -564.9999999999998, "y": 978.6087062764158}, "channel": 18}, "attempt": 1}
2026-09-13 10:19:27,229 INFO response {"request_id": "664365cba2fc476bb851577449b9afbb", "http_status": 200, "body": {"accepted": true, "real_timestamp_ms": 1789265963149, "virtual_time_s": 435, "measure_result": "no_signal"}}
2026-09-13 10:19:27,229 INFO request {"path": "/measure", "payload": {"arena_id": "default", "robot_id": "202601002029", "request_id": "a0d63d48141942d293e9ce4a3f42113b", "position": {"x": -564.9999999999998, "y": 978.6087062764158}, "channel": 19}, "attempt": 1}
2026-09-13 10:19:27,230 INFO response {"request_id": "a0d63d48141942d293e9ce4a3f42113b", "http_status": 200, "body": {"accepted": true, "real_timestamp_ms": 1789265963151, "virtual_time_s": 441, "measure_result": "no_signal"}}
2026-09-13 10:19:27,336 INFO request {"path": "/measure", "payload": {"arena_id": "default", "robot_id": "202601002029", "request_id": "60666c3fc0e9481d877e5e2ffd56bfd6", "position": {"x": -564.9999999999998, "y": 978.6087062764158}, "channel": 14}, "attempt": 1}
2026-09-13 10:19:27,337 INFO response {"request_id": "60666c3fc0e9481d877e5e2ffd56bfd6", "http_status": 200, "body": {"accepted": true, "real_timestamp_ms": 1789265963258, "virtual_time_s": 447, "measure_result": "direction", "svd_deg": 227.52}}
2026-09-13 10:19:27,394 INFO request {"path": "/measure", "payload": {"arena_id": "default", "robot_id": "202601002029", "request_id": "863260eeab7649abb51bbca8eff4a5a2", "position": {"x": -564.9999999999998, "y": 978.6087062764158}, "channel": 12}, "attempt": 1}
2026-09-13 10:19:27,416 INFO response {"request_id": "863260eeab7649abb51bbca8eff4a5a2", "http_status": 200, "body": {"accepted": true, "real_timestamp_ms": 1789265963337, "virtual_time_s": 453, "measure_result": "direction", "svd_deg": 336.5}}
2026-09-13 10:19:27,470 INFO request {"path": "/measure", "payload": {"arena_id": "default", "robot_id": "202601002029", "request_id": "b842260015da41f8a812512a0bc69d6e", "position": {"x": 565.0000000000001, "y": 978.6087062764157}, "channel": 1}, "attempt": 1}
2026-09-13 10:19:27,471 INFO response {"request_id": "b842260015da41f8a812512a0bc69d6e", "http_status": 200, "body": {"accepted": true, "real_timestamp_ms": 1789265963392, "virtual_time_s": 685, "measure_result": "no_signal"}}
2026-09-13 10:19:27,472 INFO request {"path": "/measure", "payload": {"arena_id": "default", "robot_id": "202601002029", "request_id": "2a0076bb8279454385eeabbfbad298cc", "position": {"x": 565.0000000000001, "y": 978.6087062764157}, "channel": 2}, "attempt": 1}
2026-09-13 10:19:27,497 INFO response {"request_id": "2a0076bb8279454385eeabbfbad298cc", "http_status": 200, "body": {"accepted": true, "real_timestamp_ms": 1789265963418, "virtual_time_s": 691, "measure_result": "no_signal"}}
2026-09-13 10:19:27,498 INFO request {"path": "/measure", "payload": {"arena_id": "default", "robot_id": "202601002029", "request_id": "cbaceb363ad6406e9c63c0c0d2f750b9", "position": {"x": 565.0000000000001, "y": 978.6087062764157}, "channel": 4}, "attempt": 1}
2026-09-13 10:19:27,512 INFO response {"request_id": "cbaceb363ad6406e9c63c0c0d2f750b9", "http_status": 200, "body": {"accepted": true, "real_timestamp_ms": 1789265963432, "virtual_time_s": 697, "measure_result": "no_signal"}}
2026-09-13 10:19:27,512 INFO request {"path": "/measure", "payload": {"arena_id": "default", "robot_id": "202601002029", "request_id": "2d1c60ed357c4e3b9706aef6a61f1e3e", "position": {"x": 565.0000000000001, "y": 978.6087062764157}, "channel": 5}, "attempt": 1}
2026-09-13 10:19:27,527 INFO response {"request_id": "2d1c60ed357c4e3b9706aef6a61f1e3e", "http_status": 200, "body": {"accepted": true, "real_timestamp_ms": 1789265963447, "virtual_time_s": 703, "measure_result": "no_signal"}}
2026-09-13 10:19:27,529 INFO request {"path": "/measure", "payload": {"arena_id": "default", "robot_id": "202601002029", "request_id": "c99b3934262b42b2aad483bb105bd998", "position": {"x": 565.0000000000001, "y": 978.6087062764157}, "channel": 6}, "attempt": 1}
2026-09-13 10:19:27,530 INFO response {"request_id": "c99b3934262b42b2aad483bb105bd998", "http_status": 200, "body": {"accepted": true, "real_timestamp_ms": 1789265963451, "virtual_time_s": 709, "measure_result": "no_signal"}}
2026-09-13 10:19:27,531 INFO request {"path": "/measure", "payload": {"arena_id": "default", "robot_id": "202601002029", "request_id": "6d6efdcc7e4149399ae88d35800ff999", "position": {"x": 565.0000000000001, "y": 978.6087062764157}, "channel": 9}, "attempt": 1}
2026-09-13 10:19:27,557 INFO response {"request_id": "6d6efdcc7e4149399ae88d35800ff999", "http_status": 200, "body": {"accepted": true, "real_timestamp_ms": 1789265963478, "virtual_time_s": 715, "measure_result": "no_signal"}}
2026-09-13 10:19:27,558 INFO request {"path": "/measure", "payload": {"arena_id": "default", "robot_id": "202601002029", "request_id": "3279e2cb798a456f912023023f24b4e6", "position": {"x": 565.0000000000001, "y": 978.6087062764157}, "channel": 10}, "attempt": 1}
2026-09-13 10:19:27,573 INFO response {"request_id": "3279e2cb798a456f912023023f24b4e6", "http_status": 200, "body": {"accepted": true, "real_timestamp_ms": 1789265963493, "virtual_time_s": 721, "measure_result": "no_signal"}}
2026-09-13 10:19:27,574 INFO request {"path": "/measure", "payload": {"arena_id": "default", "robot_id": "202601002029", "request_id": "9adf59f6c6814583b8ef53b986328570", "position": {"x": 565.0000000000001, "y": 978.6087062764157}, "channel": 11}, "attempt": 1}
2026-09-13 10:19:27,576 INFO response {"request_id": "9adf59f6c6814583b8ef53b986328570", "http_status": 200, "body": {"accepted": true, "real_timestamp_ms": 1789265963496, "virtual_time_s": 727, "measure_result": "no_signal"}}
2026-09-13 10:19:27,577 INFO request {"path": "/measure", "payload": {"arena_id": "default", "robot_id": "202601002029", "request_id": "db5d0eaa01e0428c86375a2df0285cf3", "position": {"x": 565.0000000000001, "y": 978.6087062764157}, "channel": 13}, "attempt": 1}
2026-09-13 10:19:27,579 INFO response {"request_id": "db5d0eaa01e0428c86375a2df0285cf3", "http_status": 200, "body": {"accepted": true, "real_timestamp_ms": 1789265963499, "virtual_time_s": 733, "measure_result": "no_signal"}}
2026-09-13 10:19:27,580 INFO request {"path": "/measure", "payload": {"arena_id": "default", "robot_id": "202601002029", "request_id": "9de55bf9745c431e9a3bf9fe0dd4539f", "position": {"x": 565.0000000000001, "y": 978.6087062764157}, "channel": 15}, "attempt": 1}
2026-09-13 10:19:27,604 INFO response {"request_id": "9de55bf9745c431e9a3bf9fe0dd4539f", "http_status": 200, "body": {"accepted": true, "real_timestamp_ms": 1789265963524, "virtual_time_s": 739, "measure_result": "no_signal"}}
2026-09-13 10:19:27,605 INFO request {"path": "/measure", "payload": {"arena_id": "default", "robot_id": "202601002029", "request_id": "4d51c3387bf543619cad9921b00237f8", "position": {"x": 565.0000000000001, "y": 978.6087062764157}, "channel": 16}, "attempt": 1}
2026-09-13 10:19:27,619 INFO response {"request_id": "4d51c3387bf543619cad9921b00237f8", "http_status": 200, "body": {"accepted": true, "real_timestamp_ms": 1789265963539, "virtual_time_s": 745, "measure_result": "no_signal"}}
2026-09-13 10:19:27,619 INFO request {"path": "/measure", "payload": {"arena_id": "default", "robot_id": "202601002029", "request_id": "ef57a3ed74014e2f90444dc4b6a69532", "position": {"x": 565.0000000000001, "y": 978.6087062764157}, "channel": 18}, "attempt": 1}
2026-09-13 10:19:27,634 INFO response {"request_id": "ef57a3ed74014e2f90444dc4b6a69532", "http_status": 200, "body": {"accepted": true, "real_timestamp_ms": 1789265963555, "virtual_time_s": 751, "measure_result": "direction", "svd_deg": 333.26}}
2026-09-13 10:19:27,654 INFO request {"path": "/measure", "payload": {"arena_id": "default", "robot_id": "202601002029", "request_id": "bd3b4378820f48bbb26cc14747a7ff56", "position": {"x": 565.0000000000001, "y": 978.6087062764157}, "channel": 19}, "attempt": 1}
2026-09-13 10:19:27,679 INFO response {"request_id": "bd3b4378820f48bbb26cc14747a7ff56", "http_status": 200, "body": {"accepted": true, "real_timestamp_ms": 1789265963600, "virtual_time_s": 757, "measure_result": "no_signal"}}
2026-09-13 10:19:27,868 INFO request {"path": "/measure", "payload": {"arena_id": "default", "robot_id": "202601002029", "request_id": "c1eb0ce1274c445894d8c86373fb7732", "position": {"x": 565.0000000000001, "y": 978.6087062764157}, "channel": 12}, "attempt": 1}
2026-09-13 10:19:27,870 INFO response {"request_id": "c1eb0ce1274c445894d8c86373fb7732", "http_status": 200, "body": {"accepted": true, "real_timestamp_ms": 1789265963791, "virtual_time_s": 763, "measure_result": "direction", "svd_deg": 209.16}}
2026-09-13 10:19:27,977 INFO request {"path": "/measure", "payload": {"arena_id": "default", "robot_id": "202601002029", "request_id": "599381a159134c7592729b051afa9a4b", "position": {"x": 565.0000000000001, "y": 978.6087062764157}, "channel": 17}, "attempt": 1}
2026-09-13 10:19:27,979 INFO response {"request_id": "599381a159134c7592729b051afa9a4b", "http_status": 200, "body": {"accepted": true, "real_timestamp_ms": 1789265963900, "virtual_time_s": 769, "measure_result": "direction", "svd_deg": 160.72}}
2026-09-13 10:19:28,049 INFO request {"path": "/measure", "payload": {"arena_id": "default", "robot_id": "202601002029", "request_id": "e3689cd8d2074cfab8da4311e14364d8", "position": {"x": 1130.0, "y": 0.0}, "channel": 1}, "attempt": 1}
2026-09-13 10:19:28,051 INFO response {"request_id": "e3689cd8d2074cfab8da4311e14364d8", "http_status": 200, "body": {"accepted": true, "real_timestamp_ms": 1789265963972, "virtual_time_s": 1001, "measure_result": "no_signal"}}
2026-09-13 10:19:28,051 INFO request {"path": "/measure", "payload": {"arena_id": "default", "robot_id": "202601002029", "request_id": "dc84412f40de46ccb7c1138a61f6d45a", "position": {"x": 1130.0, "y": 0.0}, "channel": 2}, "attempt": 1}
2026-09-13 10:19:28,052 INFO response {"request_id": "dc84412f40de46ccb7c1138a61f6d45a", "http_status": 200, "body": {"accepted": true, "real_timestamp_ms": 1789265963973, "virtual_time_s": 1007, "measure_result": "no_signal"}}
2026-09-13 10:19:28,053 INFO request {"path": "/measure", "payload": {"arena_id": "default", "robot_id": "202601002029", "request_id": "051bf2e228e44ae2ab387200c72e4927", "position": {"x": 1130.0, "y": 0.0}, "channel": 4}, "attempt": 1}
2026-09-13 10:19:28,053 INFO response {"request_id": "051bf2e228e44ae2ab387200c72e4927", "http_status": 200, "body": {"accepted": true, "real_timestamp_ms": 1789265963974, "virtual_time_s": 1013, "measure_result": "no_signal"}}
2026-09-13 10:19:28,053 INFO request {"path": "/measure", "payload": {"arena_id": "default", "robot_id": "202601002029", "request_id": "128832ae3bb44142b1d3ec7f13270f5b", "position": {"x": 1130.0, "y": 0.0}, "channel": 5}, "attempt": 1}
2026-09-13 10:19:28,054 INFO response {"request_id": "128832ae3bb44142b1d3ec7f13270f5b", "http_status": 200, "body": {"accepted": true, "real_timestamp_ms": 1789265963975, "virtual_time_s": 1019, "measure_result": "no_signal"}}
2026-09-13 10:19:28,054 INFO request {"path": "/measure", "payload": {"arena_id": "default", "robot_id": "202601002029", "request_id": "1f707473ee3e4e49948c88359447ca9f", "position": {"x": 1130.0, "y": 0.0}, "channel": 6}, "attempt": 1}
2026-09-13 10:19:28,055 INFO response {"request_id": "1f707473ee3e4e49948c88359447ca9f", "http_status": 200, "body": {"accepted": true, "real_timestamp_ms": 1789265963976, "virtual_time_s": 1025, "measure_result": "no_signal"}}
2026-09-13 10:19:28,055 INFO request {"path": "/measure", "payload": {"arena_id": "default", "robot_id": "202601002029", "request_id": "8a6b2480bffa43b680b24ca0315f7043", "position": {"x": 1130.0, "y": 0.0}, "channel": 9}, "attempt": 1}
2026-09-13 10:19:28,055 INFO response {"request_id": "8a6b2480bffa43b680b24ca0315f7043", "http_status": 200, "body": {"accepted": true, "real_timestamp_ms": 1789265963977, "virtual_time_s": 1031, "measure_result": "direction", "svd_deg": 246.38}}
2026-09-13 10:19:28,069 INFO request {"path": "/measure", "payload": {"arena_id": "default", "robot_id": "202601002029", "request_id": "648ce7f98ece4d3283de610158560b2a", "position": {"x": 1130.0, "y": 0.0}, "channel": 10}, "attempt": 1}
2026-09-13 10:19:28,070 INFO response {"request_id": "648ce7f98ece4d3283de610158560b2a", "http_status": 200, "body": {"accepted": true, "real_timestamp_ms": 1789265963991, "virtual_time_s": 1037, "measure_result": "no_signal"}}
2026-09-13 10:19:28,070 INFO request {"path": "/measure", "payload": {"arena_id": "default", "robot_id": "202601002029", "request_id": "c8d66d51a6bf4ffda6ff0969aab4b721", "position": {"x": 1130.0, "y": 0.0}, "channel": 11}, "attempt": 1}
2026-09-13 10:19:28,071 INFO response {"request_id": "c8d66d51a6bf4ffda6ff0969aab4b721", "http_status": 200, "body": {"accepted": true, "real_timestamp_ms": 1789265963992, "virtual_time_s": 1043, "measure_result": "no_signal"}}
2026-09-13 10:19:28,071 INFO request {"path": "/measure", "payload": {"arena_id": "default", "robot_id": "202601002029", "request_id": "404cccc458884d499669bd0aa4e4635f", "position": {"x": 1130.0, "y": 0.0}, "channel": 13}, "attempt": 1}
2026-09-13 10:19:28,072 INFO response {"request_id": "404cccc458884d499669bd0aa4e4635f", "http_status": 200, "body": {"accepted": true, "real_timestamp_ms": 1789265963993, "virtual_time_s": 1049, "measure_result": "no_signal"}}
2026-09-13 10:19:28,073 INFO request {"path": "/measure", "payload": {"arena_id": "default", "robot_id": "202601002029", "request_id": "169e4956ac7e40b3978fad47f38cf980", "position": {"x": 1130.0, "y": 0.0}, "channel": 15}, "attempt": 1}
2026-09-13 10:19:28,073 INFO response {"request_id": "169e4956ac7e40b3978fad47f38cf980", "http_status": 200, "body": {"accepted": true, "real_timestamp_ms": 1789265963994, "virtual_time_s": 1055, "measure_result": "no_signal"}}
2026-09-13 10:19:28,073 INFO request {"path": "/measure", "payload": {"arena_id": "default", "robot_id": "202601002029", "request_id": "ee4cacbc8c414dce922c93e10e17394b", "position": {"x": 1130.0, "y": 0.0}, "channel": 16}, "attempt": 1}
2026-09-13 10:19:28,087 INFO response {"request_id": "ee4cacbc8c414dce922c93e10e17394b", "http_status": 200, "body": {"accepted": true, "real_timestamp_ms": 1789265964008, "virtual_time_s": 1061, "measure_result": "no_signal"}}
2026-09-13 10:19:28,087 INFO request {"path": "/measure", "payload": {"arena_id": "default", "robot_id": "202601002029", "request_id": "7e22e3dfff604461a12abf0e5a71de7d", "position": {"x": 1130.0, "y": 0.0}, "channel": 19}, "attempt": 1}
2026-09-13 10:19:28,088 INFO response {"request_id": "7e22e3dfff604461a12abf0e5a71de7d", "http_status": 200, "body": {"accepted": true, "real_timestamp_ms": 1789265964009, "virtual_time_s": 1067, "measure_result": "no_signal"}}
2026-09-13 10:19:28,183 INFO request {"path": "/measure", "payload": {"arena_id": "default", "robot_id": "202601002029", "request_id": "9bff443bb4e54d0f9a6c6c6f446bda51", "position": {"x": 1130.0, "y": 0.0}, "channel": 3}, "attempt": 1}
2026-09-13 10:19:28,197 INFO response {"request_id": "9bff443bb4e54d0f9a6c6c6f446bda51", "http_status": 200, "body": {"accepted": true, "real_timestamp_ms": 1789265964118, "virtual_time_s": 1073, "measure_result": "direction", "svd_deg": 148.59}}
2026-09-13 10:19:28,256 INFO request {"path": "/measure", "payload": {"arena_id": "default", "robot_id": "202601002029", "request_id": "a98db45dc50e498994b6cfdc3bcf1711", "position": {"x": 1130.0, "y": 0.0}, "channel": 18}, "attempt": 1}
2026-09-13 10:19:28,257 INFO response {"request_id": "a98db45dc50e498994b6cfdc3bcf1711", "http_status": 200, "body": {"accepted": true, "real_timestamp_ms": 1789265964179, "virtual_time_s": 1079, "measure_result": "direction", "svd_deg": 98.4}}
2026-09-13 10:19:28,286 INFO request {"path": "/measure", "payload": {"arena_id": "default", "robot_id": "202601002029", "request_id": "a36423d03ac742c5a8a0d16cf4251201", "position": {"x": 565.0000000000001, "y": -978.6087062764157}, "channel": 1}, "attempt": 1}
2026-09-13 10:19:28,288 INFO response {"request_id": "a36423d03ac742c5a8a0d16cf4251201", "http_status": 200, "body": {"accepted": true, "real_timestamp_ms": 1789265964209, "virtual_time_s": 1311, "measure_result": "direction", "svd_deg": 201.0}}
2026-09-13 10:19:28,304 INFO request {"path": "/measure", "payload": {"arena_id": "default", "robot_id": "202601002029", "request_id": "f99a8d6138614994b97c37036988205f", "position": {"x": 565.0000000000001, "y": -978.6087062764157}, "channel": 2}, "attempt": 1}
2026-09-13 10:19:28,305 INFO response {"request_id": "f99a8d6138614994b97c37036988205f", "http_status": 200, "body": {"accepted": true, "real_timestamp_ms": 1789265964225, "virtual_time_s": 1317, "measure_result": "no_signal"}}
2026-09-13 10:19:28,305 INFO request {"path": "/measure", "payload": {"arena_id": "default", "robot_id": "202601002029", "request_id": "a10c5f544c3c4e619df6ad5b6f2aa074", "position": {"x": 565.0000000000001, "y": -978.6087062764157}, "channel": 4}, "attempt": 1}
2026-09-13 10:19:28,306 INFO response {"request_id": "a10c5f544c3c4e619df6ad5b6f2aa074", "http_status": 200, "body": {"accepted": true, "real_timestamp_ms": 1789265964227, "virtual_time_s": 1323, "measure_result": "no_signal"}}
2026-09-13 10:19:28,306 INFO request {"path": "/measure", "payload": {"arena_id": "default", "robot_id": "202601002029", "request_id": "e704b53b433c430fb6eedf78d647b132", "position": {"x": 565.0000000000001, "y": -978.6087062764157}, "channel": 5}, "attempt": 1}
2026-09-13 10:19:28,308 INFO response {"request_id": "e704b53b433c430fb6eedf78d647b132", "http_status": 200, "body": {"accepted": true, "real_timestamp_ms": 1789265964229, "virtual_time_s": 1329, "measure_result": "no_signal"}}
2026-09-13 10:19:28,308 INFO request {"path": "/measure", "payload": {"arena_id": "default", "robot_id": "202601002029", "request_id": "884507b9c0c6401c9a47e298908c7369", "position": {"x": 565.0000000000001, "y": -978.6087062764157}, "channel": 6}, "attempt": 1}
2026-09-13 10:19:28,309 INFO response {"request_id": "884507b9c0c6401c9a47e298908c7369", "http_status": 200, "body": {"accepted": true, "real_timestamp_ms": 1789265964230, "virtual_time_s": 1335, "measure_result": "no_signal"}}
2026-09-13 10:19:28,309 INFO request {"path": "/measure", "payload": {"arena_id": "default", "robot_id": "202601002029", "request_id": "b9e80d3b0e8d4ea18b86966e747b6a11", "position": {"x": 565.0000000000001, "y": -978.6087062764157}, "channel": 10}, "attempt": 1}
2026-09-13 10:19:28,310 INFO response {"request_id": "b9e80d3b0e8d4ea18b86966e747b6a11", "http_status": 200, "body": {"accepted": true, "real_timestamp_ms": 1789265964231, "virtual_time_s": 1341, "measure_result": "no_signal"}}
2026-09-13 10:19:28,310 INFO request {"path": "/measure", "payload": {"arena_id": "default", "robot_id": "202601002029", "request_id": "e8c89652e2884d1a963deb35d6a6a40f", "position": {"x": 565.0000000000001, "y": -978.6087062764157}, "channel": 11}, "attempt": 1}
2026-09-13 10:19:28,311 INFO response {"request_id": "e8c89652e2884d1a963deb35d6a6a40f", "http_status": 200, "body": {"accepted": true, "real_timestamp_ms": 1789265964232, "virtual_time_s": 1347, "measure_result": "no_signal"}}
2026-09-13 10:19:28,311 INFO request {"path": "/measure", "payload": {"arena_id": "default", "robot_id": "202601002029", "request_id": "6f194c4b1cbb411bbf78e75f68cc71cd", "position": {"x": 565.0000000000001, "y": -978.6087062764157}, "channel": 13}, "attempt": 1}
2026-09-13 10:19:28,312 INFO response {"request_id": "6f194c4b1cbb411bbf78e75f68cc71cd", "http_status": 200, "body": {"accepted": true, "real_timestamp_ms": 1789265964233, "virtual_time_s": 1353, "measure_result": "direction", "svd_deg": 192.82}}
2026-09-13 10:19:28,325 INFO request {"path": "/measure", "payload": {"arena_id": "default", "robot_id": "202601002029", "request_id": "a33bcf33e391451cac2e7af052883f52", "position": {"x": 565.0000000000001, "y": -978.6087062764157}, "channel": 15}, "attempt": 1}
2026-09-13 10:19:28,326 INFO response {"request_id": "a33bcf33e391451cac2e7af052883f52", "http_status": 200, "body": {"accepted": true, "real_timestamp_ms": 1789265964248, "virtual_time_s": 1359, "measure_result": "no_signal"}}
2026-09-13 10:19:28,327 INFO request {"path": "/measure", "payload": {"arena_id": "default", "robot_id": "202601002029", "request_id": "ae9308d9c03f485db32677f0a9b6c963", "position": {"x": 565.0000000000001, "y": -978.6087062764157}, "channel": 16}, "attempt": 1}
2026-09-13 10:19:28,327 INFO response {"request_id": "ae9308d9c03f485db32677f0a9b6c963", "http_status": 200, "body": {"accepted": true, "real_timestamp_ms": 1789265964249, "virtual_time_s": 1365, "measure_result": "no_signal"}}
2026-09-13 10:19:28,328 INFO request {"path": "/measure", "payload": {"arena_id": "default", "robot_id": "202601002029", "request_id": "05cbf74101584ca99c0644abd1c20dc3", "position": {"x": 565.0000000000001, "y": -978.6087062764157}, "channel": 19}, "attempt": 1}
2026-09-13 10:19:28,350 INFO response {"request_id": "05cbf74101584ca99c0644abd1c20dc3", "http_status": 200, "body": {"accepted": true, "real_timestamp_ms": 1789265964272, "virtual_time_s": 1371, "measure_result": "no_signal"}}
2026-09-13 10:19:28,359 INFO request {"path": "/measure", "payload": {"arena_id": "default", "robot_id": "202601002029", "request_id": "d1ea82119eef41159ec0f13a5e3601d8", "position": {"x": -565.0000000000005, "y": -978.6087062764154}, "channel": 19}, "attempt": 1}
2026-09-13 10:19:28,361 INFO response {"request_id": "d1ea82119eef41159ec0f13a5e3601d8", "http_status": 200, "body": {"accepted": true, "real_timestamp_ms": 1789265964281, "virtual_time_s": 1602, "measure_result": "no_signal"}}
2026-09-13 10:19:28,361 INFO request {"path": "/measure", "payload": {"arena_id": "default", "robot_id": "202601002029", "request_id": "f9e86003733748f3993634c6896091c1", "position": {"x": -565.0000000000005, "y": -978.6087062764154}, "channel": 2}, "attempt": 1}
2026-09-13 10:19:28,381 INFO response {"request_id": "f9e86003733748f3993634c6896091c1", "http_status": 200, "body": {"accepted": true, "real_timestamp_ms": 1789265964303, "virtual_time_s": 1608, "measure_result": "no_signal"}}
2026-09-13 10:19:28,382 INFO request {"path": "/measure", "payload": {"arena_id": "default", "robot_id": "202601002029", "request_id": "10d0764d00f043c3a8e2f66761c6cc90", "position": {"x": -565.0000000000005, "y": -978.6087062764154}, "channel": 4}, "attempt": 1}
2026-09-13 10:19:28,397 INFO response {"request_id": "10d0764d00f043c3a8e2f66761c6cc90", "http_status": 200, "body": {"accepted": true, "real_timestamp_ms": 1789265964318, "virtual_time_s": 1614, "measure_result": "no_signal"}}
2026-09-13 10:19:28,398 INFO request {"path": "/measure", "payload": {"arena_id": "default", "robot_id": "202601002029", "request_id": "128de1abb2fc462c81c8ea33b73aa93d", "position": {"x": -565.0000000000005, "y": -978.6087062764154}, "channel": 5}, "attempt": 1}
2026-09-13 10:19:28,399 INFO response {"request_id": "128de1abb2fc462c81c8ea33b73aa93d", "http_status": 200, "body": {"accepted": true, "real_timestamp_ms": 1789265964320, "virtual_time_s": 1620, "measure_result": "no_signal"}}
2026-09-13 10:19:28,399 INFO request {"path": "/measure", "payload": {"arena_id": "default", "robot_id": "202601002029", "request_id": "935e10c90b4e46c4828b734906f9fa09", "position": {"x": -565.0000000000005, "y": -978.6087062764154}, "channel": 6}, "attempt": 1}
2026-09-13 10:19:28,400 INFO response {"request_id": "935e10c90b4e46c4828b734906f9fa09", "http_status": 200, "body": {"accepted": true, "real_timestamp_ms": 1789265964321, "virtual_time_s": 1626, "measure_result": "no_signal"}}
2026-09-13 10:19:28,400 INFO request {"path": "/measure", "payload": {"arena_id": "default", "robot_id": "202601002029", "request_id": "22264b2438c143668d9d985fa1cb212c", "position": {"x": -565.0000000000005, "y": -978.6087062764154}, "channel": 10}, "attempt": 1}
2026-09-13 10:19:28,401 INFO response {"request_id": "22264b2438c143668d9d985fa1cb212c", "http_status": 200, "body": {"accepted": true, "real_timestamp_ms": 1789265964322, "virtual_time_s": 1632, "measure_result": "no_signal"}}
2026-09-13 10:19:28,401 INFO request {"path": "/measure", "payload": {"arena_id": "default", "robot_id": "202601002029", "request_id": "b60d819db78145e4a57caa17587a257e", "position": {"x": -565.0000000000005, "y": -978.6087062764154}, "channel": 11}, "attempt": 1}
2026-09-13 10:19:28,401 INFO response {"request_id": "b60d819db78145e4a57caa17587a257e", "http_status": 200, "body": {"accepted": true, "real_timestamp_ms": 1789265964323, "virtual_time_s": 1638, "measure_result": "no_signal"}}
2026-09-13 10:19:28,401 INFO request {"path": "/measure", "payload": {"arena_id": "default", "robot_id": "202601002029", "request_id": "34a923991e9644878aeddd7948e388dd", "position": {"x": -565.0000000000005, "y": -978.6087062764154}, "channel": 15}, "attempt": 1}
2026-09-13 10:19:28,403 INFO response {"request_id": "34a923991e9644878aeddd7948e388dd", "http_status": 200, "body": {"accepted": true, "real_timestamp_ms": 1789265964323, "virtual_time_s": 1644, "measure_result": "no_signal"}}
2026-09-13 10:19:28,403 INFO request {"path": "/measure", "payload": {"arena_id": "default", "robot_id": "202601002029", "request_id": "19204875a8b54c12a3e9c8b46e29cc2e", "position": {"x": -565.0000000000005, "y": -978.6087062764154}, "channel": 16}, "attempt": 1}
2026-09-13 10:19:28,403 INFO response {"request_id": "19204875a8b54c12a3e9c8b46e29cc2e", "http_status": 200, "body": {"accepted": true, "real_timestamp_ms": 1789265964324, "virtual_time_s": 1650, "measure_result": "direction", "svd_deg": 151.33}}
2026-09-13 10:19:28,509 INFO request {"path": "/measure", "payload": {"arena_id": "default", "robot_id": "202601002029", "request_id": "a27c0ee81a8b46bdbf204118a58eadd2", "position": {"x": -565.0000000000005, "y": -978.6087062764154}, "channel": 20}, "attempt": 1}
2026-09-13 10:19:28,511 INFO response {"request_id": "a27c0ee81a8b46bdbf204118a58eadd2", "http_status": 200, "body": {"accepted": true, "real_timestamp_ms": 1789265964432, "virtual_time_s": 1656, "measure_result": "direction", "svd_deg": 130.08}}
2026-09-13 10:19:28,586 INFO request {"path": "/measure", "payload": {"arena_id": "default", "robot_id": "202601002029", "request_id": "fb8c27f3eaf841af96b70e794adfb70a", "position": {"x": -565.0000000000005, "y": -978.6087062764154}, "channel": 1}, "attempt": 1}
2026-09-13 10:19:28,600 INFO response {"request_id": "fb8c27f3eaf841af96b70e794adfb70a", "http_status": 200, "body": {"accepted": true, "real_timestamp_ms": 1789265964521, "virtual_time_s": 1662, "measure_result": "direction", "svd_deg": 258.39}}
2026-09-13 10:19:28,626 INFO request {"path": "/measure", "payload": {"arena_id": "default", "robot_id": "202601002029", "request_id": "56213ed55d5c4ebeac7f0202d5cd3f66", "position": {"x": -1130.0, "y": 1.3838508830365092e-13}, "channel": 2}, "attempt": 1}
2026-09-13 10:19:28,646 INFO response {"request_id": "56213ed55d5c4ebeac7f0202d5cd3f66", "http_status": 200, "body": {"accepted": true, "real_timestamp_ms": 1789265964567, "virtual_time_s": 1894, "measure_result": "no_signal"}}
2026-09-13 10:19:28,647 INFO request {"path": "/measure", "payload": {"arena_id": "default", "robot_id": "202601002029", "request_id": "304b5541539d472d882a7d57608d01e0", "position": {"x": -1130.0, "y": 1.3838508830365092e-13}, "channel": 4}, "attempt": 1}
2026-09-13 10:19:28,649 INFO response {"request_id": "304b5541539d472d882a7d57608d01e0", "http_status": 200, "body": {"accepted": true, "real_timestamp_ms": 1789265964570, "virtual_time_s": 1900, "measure_result": "no_signal"}}
2026-09-13 10:19:28,650 INFO request {"path": "/measure", "payload": {"arena_id": "default", "robot_id": "202601002029", "request_id": "31f880d32bea4c5482319f63c53179be", "position": {"x": -1130.0, "y": 1.3838508830365092e-13}, "channel": 5}, "attempt": 1}
2026-09-13 10:19:28,652 INFO response {"request_id": "31f880d32bea4c5482319f63c53179be", "http_status": 200, "body": {"accepted": true, "real_timestamp_ms": 1789265964573, "virtual_time_s": 1906, "measure_result": "no_signal"}}
2026-09-13 10:19:28,653 INFO request {"path": "/measure", "payload": {"arena_id": "default", "robot_id": "202601002029", "request_id": "0d7a46fe107a471ba7b2c722ca8b70ec", "position": {"x": -1130.0, "y": 1.3838508830365092e-13}, "channel": 6}, "attempt": 1}
2026-09-13 10:19:28,655 INFO response {"request_id": "0d7a46fe107a471ba7b2c722ca8b70ec", "http_status": 200, "body": {"accepted": true, "real_timestamp_ms": 1789265964575, "virtual_time_s": 1912, "measure_result": "no_signal"}}
2026-09-13 10:19:28,655 INFO request {"path": "/measure", "payload": {"arena_id": "default", "robot_id": "202601002029", "request_id": "feb78560c373428eb4194587b18ea960", "position": {"x": -1130.0, "y": 1.3838508830365092e-13}, "channel": 10}, "attempt": 1}
2026-09-13 10:19:28,659 INFO response {"request_id": "feb78560c373428eb4194587b18ea960", "http_status": 200, "body": {"accepted": true, "real_timestamp_ms": 1789265964579, "virtual_time_s": 1918, "measure_result": "no_signal"}}
2026-09-13 10:19:28,659 INFO request {"path": "/measure", "payload": {"arena_id": "default", "robot_id": "202601002029", "request_id": "05e1abdf6eec4a848e3977dbd8a5ab6a", "position": {"x": -1130.0, "y": 1.3838508830365092e-13}, "channel": 11}, "attempt": 1}
2026-09-13 10:19:28,662 INFO response {"request_id": "05e1abdf6eec4a848e3977dbd8a5ab6a", "http_status": 200, "body": {"accepted": true, "real_timestamp_ms": 1789265964582, "virtual_time_s": 1924, "measure_result": "no_signal"}}
2026-09-13 10:19:28,662 INFO request {"path": "/measure", "payload": {"arena_id": "default", "robot_id": "202601002029", "request_id": "a3f5a78abb1d4311a0806885d44c9a74", "position": {"x": -1130.0, "y": 1.3838508830365092e-13}, "channel": 15}, "attempt": 1}
2026-09-13 10:19:28,664 INFO response {"request_id": "a3f5a78abb1d4311a0806885d44c9a74", "http_status": 200, "body": {"accepted": true, "real_timestamp_ms": 1789265964585, "virtual_time_s": 1930, "measure_result": "no_signal"}}
2026-09-13 10:19:28,665 INFO request {"path": "/measure", "payload": {"arena_id": "default", "robot_id": "202601002029", "request_id": "273d6e7e55164d73a0efca5bf8aaf860", "position": {"x": -1130.0, "y": 1.3838508830365092e-13}, "channel": 19}, "attempt": 1}
2026-09-13 10:19:28,667 INFO response {"request_id": "273d6e7e55164d73a0efca5bf8aaf860", "http_status": 200, "body": {"accepted": true, "real_timestamp_ms": 1789265964587, "virtual_time_s": 1936, "measure_result": "no_signal"}}
2026-09-13 10:19:28,860 INFO request {"path": "/measure", "payload": {"arena_id": "default", "robot_id": "202601002029", "request_id": "796cecc033b0434f871f1e7455438341", "position": {"x": -1130.0, "y": 1.3838508830365092e-13}, "channel": 14}, "attempt": 1}
2026-09-13 10:19:28,862 INFO response {"request_id": "796cecc033b0434f871f1e7455438341", "http_status": 200, "body": {"accepted": true, "real_timestamp_ms": 1789265964782, "virtual_time_s": 1942, "measure_result": "direction", "svd_deg": 81.3}}
2026-09-13 10:19:28,996 INFO request {"path": "/measure", "payload": {"arena_id": "default", "robot_id": "202601002029", "request_id": "c0cf060f939643a9bbee252574f87e9f", "position": {"x": -1130.0, "y": 1.3838508830365092e-13}, "channel": 16}, "attempt": 1}
2026-09-13 10:19:28,998 INFO response {"request_id": "c0cf060f939643a9bbee252574f87e9f", "http_status": 200, "body": {"accepted": true, "real_timestamp_ms": 1789265964919, "virtual_time_s": 1948, "measure_result": "direction", "svd_deg": 254.73}}
2026-09-13 10:19:35,368 INFO request {"path": "/measure", "payload": {"arena_id": "default", "robot_id": "202601002029", "request_id": "10f7057b602845a58354d9ba557c7bfc", "position": {"x": -918.3652543173175, "y": -735.9716082989366}, "channel": 16}, "attempt": 1}
2026-09-13 10:19:35,380 INFO response {"request_id": "10f7057b602845a58354d9ba557c7bfc", "http_status": 200, "body": {"accepted": true, "real_timestamp_ms": 1789265971301, "virtual_time_s": 2106.159195, "measure_result": "direction", "svd_deg": 157.57}}
2026-09-13 10:19:35,541 INFO request {"path": "/measure", "payload": {"arena_id": "default", "robot_id": "202601002029", "request_id": "e27a8f63cf174c4c8de0cac68e5d98fb", "position": {"x": -918.3652543173175, "y": -735.9716082989366}, "channel": 20}, "attempt": 1}
2026-09-13 10:19:35,553 INFO response {"request_id": "e27a8f63cf174c4c8de0cac68e5d98fb", "http_status": 200, "body": {"accepted": true, "real_timestamp_ms": 1789265971474, "virtual_time_s": 2112.159195, "measure_result": "direction", "svd_deg": 108.07}}
2026-09-13 10:19:35,635 INFO request {"path": "/measure", "payload": {"arena_id": "default", "robot_id": "202601002029", "request_id": "864a0d80850843e7b6c8d1177a1fed1b", "position": {"x": -918.3652543173175, "y": -735.9716082989366}, "channel": 1}, "attempt": 1}
2026-09-13 10:19:35,661 INFO response {"request_id": "864a0d80850843e7b6c8d1177a1fed1b", "http_status": 200, "body": {"accepted": true, "real_timestamp_ms": 1789265971581, "virtual_time_s": 2118.159195, "measure_result": "direction", "svd_deg": 290.39}}
2026-09-13 10:19:37,510 INFO request {"path": "/measure", "payload": {"arena_id": "default", "robot_id": "202601002029", "request_id": "e92db75bb01f4b06be0da20feb9cd790", "position": {"x": -1381.1349293540175, "y": -605.4640571334976}, "channel": 20}, "attempt": 1}
2026-09-13 10:19:37,512 INFO response {"request_id": "e92db75bb01f4b06be0da20feb9cd790", "http_status": 200, "body": {"accepted": true, "real_timestamp_ms": 1789265973433, "virtual_time_s": 2220.32322, "measure_result": "direction", "svd_deg": 25.82}}
2026-09-13 10:19:37,537 INFO request {"path": "/clear", "payload": {"arena_id": "default", "robot_id": "202601002029", "request_id": "e829d1ea09304d89a9ffaf8d7ac51ca8", "position": {"x": -1288.9517227139704, "y": -582.7825564795193}, "channel": 16}, "attempt": 1}
2026-09-13 10:19:37,552 INFO response {"request_id": "e829d1ea09304d89a9ffaf8d7ac51ca8", "http_status": 200, "body": {"accepted": true, "real_timestamp_ms": 1789265973473, "virtual_time_s": 2244.309735, "clear_result": "success"}}
2026-09-13 10:19:37,628 INFO request {"path": "/measure", "payload": {"arena_id": "default", "robot_id": "202601002029", "request_id": "198db255ce754805a364ab5cd1abc4b0", "position": {"x": -1288.9517227139704, "y": -582.7825564795193}, "channel": 1}, "attempt": 1}
2026-09-13 10:19:37,630 INFO response {"request_id": "198db255ce754805a364ab5cd1abc4b0", "http_status": 200, "body": {"accepted": true, "real_timestamp_ms": 1789265973552, "virtual_time_s": 2250.309735, "measure_result": "direction", "svd_deg": 307.22}}
2026-09-13 10:19:37,652 INFO request {"path": "/clear", "payload": {"arena_id": "default", "robot_id": "202601002029", "request_id": "6e98b913ea264b3593051ec097da4447", "position": {"x": -653.2950152949571, "y": -1435.519894514674}, "channel": 1}, "attempt": 1}
2026-09-13 10:19:37,654 INFO response {"request_id": "6e98b913ea264b3593051ec097da4447", "http_status": 200, "body": {"accepted": true, "real_timestamp_ms": 1789265973574, "virtual_time_s": 2468.027427, "clear_result": "success"}}
2026-09-13 10:19:37,657 INFO request {"path": "/measure", "payload": {"arena_id": "default", "robot_id": "202601002029", "request_id": "ef60e052d463415f861a86eee5422451", "position": {"x": -362.01466376259174, "y": -583.1736096470273}, "channel": 13}, "attempt": 1}
2026-09-13 10:19:37,658 INFO response {"request_id": "ef60e052d463415f861a86eee5422451", "http_status": 200, "body": {"accepted": true, "real_timestamp_ms": 1789265973579, "virtual_time_s": 2654.17608, "measure_result": "direction", "svd_deg": 261.93}}
2026-09-13 10:19:38,564 INFO request {"path": "/measure", "payload": {"arena_id": "default", "robot_id": "202601002029", "request_id": "75bb6afc18174b68af18fd8bd8e6c8c2", "position": {"x": -565.0000000000005, "y": -978.6087062764154}, "channel": 13}, "attempt": 1}
2026-09-13 10:19:38,565 INFO response {"request_id": "75bb6afc18174b68af18fd8bd8e6c8c2", "http_status": 200, "body": {"accepted": true, "real_timestamp_ms": 1789265974486, "virtual_time_s": 2748.074215, "measure_result": "direction", "svd_deg": 296.08}}
2026-09-13 10:19:38,587 INFO request {"path": "/clear", "payload": {"arena_id": "default", "robot_id": "202601002029", "request_id": "9780b057fad24a2e9dd08e1948584e48", "position": {"x": -450.56862233891616, "y": -1209.6256710304183}, "channel": 13}, "attempt": 1}
2026-09-13 10:19:38,588 INFO response {"request_id": "9780b057fad24a2e9dd08e1948584e48", "http_status": 200, "body": {"accepted": true, "real_timestamp_ms": 1789265974509, "virtual_time_s": 2804.6352, "clear_result": "success"}}
2026-09-13 10:19:38,591 INFO request {"path": "/clear", "payload": {"arena_id": "default", "robot_id": "202601002029", "request_id": "b4c03755f67a4b078eceb1f82dd959c7", "position": {"x": -1017.1784053679469, "y": -432.8582934872218}, "channel": 20}, "attempt": 1}
2026-09-13 10:19:38,592 INFO response {"request_id": "b4c03755f67a4b078eceb1f82dd959c7", "http_status": 200, "body": {"accepted": true, "real_timestamp_ms": 1789265974513, "virtual_time_s": 3001.928123, "clear_result": "success"}}
2026-09-13 10:19:38,594 INFO request {"path": "/measure", "payload": {"arena_id": "default", "robot_id": "202601002029", "request_id": "fed992b8a5b34a8d9cfb1d1aabb62c66", "position": {"x": -607.2833199792127, "y": 7.769856138045043}, "channel": 8}, "attempt": 1}
2026-09-13 10:19:38,595 INFO response {"request_id": "fed992b8a5b34a8d9cfb1d1aabb62c66", "http_status": 200, "body": {"accepted": true, "real_timestamp_ms": 1789265974516, "virtual_time_s": 3128.288772, "measure_result": "direction", "svd_deg": 186.44}}
2026-09-13 10:19:39,418 INFO request {"path": "/measure", "payload": {"arena_id": "default", "robot_id": "202601002029", "request_id": "660f7441663b4c5f803bde10e6d03adc", "position": {"x": -1476.3497821199924, "y": 309.70962543055526}, "channel": 8}, "attempt": 1}
2026-09-13 10:19:39,418 INFO response {"request_id": "660f7441663b4c5f803bde10e6d03adc", "http_status": 200, "body": {"accepted": true, "real_timestamp_ms": 1789265975340, "virtual_time_s": 3317.29357, "measure_result": "direction", "svd_deg": 264.38}}
2026-09-13 10:19:39,437 INFO request {"path": "/clear", "payload": {"arena_id": "default", "robot_id": "202601002029", "request_id": "03648b88c3e9409dafa6d96c64760925", "position": {"x": -1516.821911334629, "y": -99.12738419037657}, "channel": 8}, "attempt": 1}
2026-09-13 10:19:39,439 INFO response {"request_id": "03648b88c3e9409dafa6d96c64760925", "http_status": 200, "body": {"accepted": true, "real_timestamp_ms": 1789265975359, "virtual_time_s": 3404.460642, "clear_result": "success"}}
2026-09-13 10:19:39,440 INFO request {"path": "/clear", "payload": {"arena_id": "default", "robot_id": "202601002029", "request_id": "75236f39b26640d89de39a5225d5f378", "position": {"x": -1069.5238853036103, "y": 414.11336844304077}, "channel": 14}, "attempt": 1}
2026-09-13 10:19:39,441 INFO response {"request_id": "75236f39b26640d89de39a5225d5f378", "http_status": 200, "body": {"accepted": true, "real_timestamp_ms": 1789265975362, "virtual_time_s": 3545.621076, "clear_result": "success"}}
2026-09-13 10:19:39,443 INFO request {"path": "/clear", "payload": {"arena_id": "default", "robot_id": "202601002029", "request_id": "4a676602778f46e2a5d2fe912763e52f", "position": {"x": -402.4294263956907, "y": 1316.8599714124575}, "channel": 17}, "attempt": 1}
2026-09-13 10:19:39,444 INFO response {"request_id": "4a676602778f46e2a5d2fe912763e52f", "http_status": 200, "body": {"accepted": true, "real_timestamp_ms": 1789265975364, "virtual_time_s": 3775.11753, "clear_result": "success"}}
2026-09-13 10:19:39,446 INFO request {"path": "/measure", "payload": {"arena_id": "default", "robot_id": "202601002029", "request_id": "6891ab28583a4819b87d48bb79b03126", "position": {"x": -0.3809645006940059, "y": 1558.9221877976372}, "channel": 7}, "attempt": 1}
2026-09-13 10:19:39,471 INFO response {"request_id": "6891ab28583a4819b87d48bb79b03126", "http_status": 200, "body": {"accepted": true, "real_timestamp_ms": 1789265975393, "virtual_time_s": 3874.976378, "measure_result": "direction", "svd_deg": 220.05}}
2026-09-13 10:19:40,231 INFO request {"path": "/measure", "payload": {"arena_id": "default", "robot_id": "202601002029", "request_id": "e5ac58e28f9741bab612cb52d97243ae", "position": {"x": -389.8902275292899, "y": 1075.2346219784479}, "channel": 7}, "attempt": 1}
2026-09-13 10:19:40,244 INFO response {"request_id": "e5ac58e28f9741bab612cb52d97243ae", "http_status": 200, "body": {"accepted": true, "real_timestamp_ms": 1789265976165, "virtual_time_s": 4004.181229, "measure_result": "direction", "svd_deg": 162.09}}
2026-09-13 10:19:40,270 INFO request {"path": "/clear", "payload": {"arena_id": "default", "robot_id": "202601002029", "request_id": "2377abbe75ed4a0f904c7ceb01a3ac06", "position": {"x": -524.5545242845413, "y": 1118.8041294596826}, "channel": 7}, "attempt": 1}
2026-09-13 10:19:40,291 INFO response {"request_id": "2377abbe75ed4a0f904c7ceb01a3ac06", "http_status": 200, "body": {"accepted": true, "real_timestamp_ms": 1789265976212, "virtual_time_s": 4037.488666, "clear_result": "success"}}
2026-09-13 10:19:40,296 INFO request {"path": "/clear", "payload": {"arena_id": "default", "robot_id": "202601002029", "request_id": "8ff42ed27d114201a5f99b55224142cf", "position": {"x": 67.542506505929, "y": 703.7438254347401}, "channel": 12}, "attempt": 1}
2026-09-13 10:19:40,299 INFO response {"request_id": "8ff42ed27d114201a5f99b55224142cf", "http_status": 200, "body": {"accepted": true, "real_timestamp_ms": 1789265976219, "virtual_time_s": 4187.105947, "clear_result": "success"}}
2026-09-13 10:19:40,391 INFO request {"path": "/measure", "payload": {"arena_id": "default", "robot_id": "202601002029", "request_id": "94d6497b3481455f84ec243a397cb66b", "position": {"x": 67.542506505929, "y": 703.7438254347401}, "channel": 18}, "attempt": 1}
2026-09-13 10:19:40,413 INFO response {"request_id": "94d6497b3481455f84ec243a397cb66b", "http_status": 200, "body": {"accepted": true, "real_timestamp_ms": 1789265976334, "virtual_time_s": 4193.105947, "measure_result": "direction", "svd_deg": 2.19}}
2026-09-13 10:19:40,438 INFO request {"path": "/measure", "payload": {"arena_id": "default", "robot_id": "202601002029", "request_id": "0934acaa1a694d509d5e4f57f05160d9", "position": {"x": 783.6589413456533, "y": 556.7263036929464}, "channel": 3}, "attempt": 1}
2026-09-13 10:19:40,440 INFO response {"request_id": "0934acaa1a694d509d5e4f57f05160d9", "http_status": 200, "body": {"accepted": true, "real_timestamp_ms": 1789265976360, "virtual_time_s": 4345.31633, "measure_result": "direction", "svd_deg": 279.82}}
2026-09-13 10:19:40,457 INFO request {"path": "/clear", "payload": {"arena_id": "default", "robot_id": "202601002029", "request_id": "70b565f297aa4a918aec4310d9197c37", "position": {"x": 1019.9256375005239, "y": 743.7079320102952}, "channel": 18}, "attempt": 1}
2026-09-13 10:19:40,459 INFO response {"request_id": "70b565f297aa4a918aec4310d9197c37", "http_status": 200, "body": {"accepted": true, "real_timestamp_ms": 1789265976380, "virtual_time_s": 4410.577124, "clear_result": "success"}}
2026-09-13 10:19:40,460 INFO request {"path": "/clear", "payload": {"arena_id": "default", "robot_id": "202601002029", "request_id": "0dbb61b5997b4d068a15daac3f8841fb", "position": {"x": 851.2358901781918, "y": 167.3376655849179}, "channel": 3}, "attempt": 1}
2026-09-13 10:19:40,461 INFO response {"request_id": "0dbb61b5997b4d068a15daac3f8841fb", "http_status": 200, "body": {"accepted": true, "real_timestamp_ms": 1789265976382, "virtual_time_s": 4535.686893, "clear_result": "success"}}
2026-09-13 10:19:40,462 INFO request {"path": "/measure", "payload": {"arena_id": "default", "robot_id": "202601002029", "request_id": "a346f2aa3a084f0187b07fb597342793", "position": {"x": 1264.692405020666, "y": -1087.0151275346257}, "channel": 9}, "attempt": 1}
2026-09-13 10:19:40,476 INFO response {"request_id": "a346f2aa3a084f0187b07fb597342793", "http_status": 200, "body": {"accepted": true, "real_timestamp_ms": 1789265976397, "virtual_time_s": 4805.834368, "measure_result": "direction", "svd_deg": 179.03}}
2026-09-13 10:19:41,283 INFO request {"path": "/measure", "payload": {"arena_id": "default", "robot_id": "202601002029", "request_id": "d2a512d678b740e78f49934eadcef66c", "position": {"x": 740.0729600987906, "y": -1378.1756296805443}, "channel": 9}, "attempt": 1}
2026-09-13 10:19:41,284 INFO response {"request_id": "d2a512d678b740e78f49934eadcef66c", "http_status": 200, "body": {"accepted": true, "real_timestamp_ms": 1789265977205, "virtual_time_s": 4930.834368, "measure_result": "direction", "svd_deg": 102.33}}
2026-09-13 10:19:41,300 INFO request {"path": "/clear", "payload": {"arena_id": "default", "robot_id": "202601002029", "request_id": "09466ed7ef9449e3951be0c31aeebb0e", "position": {"x": 671.5958754737509, "y": -1076.86604023012}, "channel": 9}, "attempt": 1}
2026-09-13 10:19:41,302 INFO response {"request_id": "09466ed7ef9449e3951be0c31aeebb0e", "http_status": 200, "body": {"accepted": true, "real_timestamp_ms": 1789265977223, "virtual_time_s": 4997.632938, "clear_result": "success"}}
2026-09-13 10:19:41,302 INFO request {"path": "/exit", "payload": {"arena_id": "default", "robot_id": "202601002029", "request_id": "421747f836ec470b98b9c849737e05d0"}, "attempt": 1}
2026-09-13 10:19:41,304 INFO response {"request_id": "421747f836ec470b98b9c849737e05d0", "http_status": 200, "body": {"accepted": true, "real_timestamp_ms": 1789265977225, "virtual_time_s": 4997.632938, "exit_reason": "user_exit"}}
