2026-09-12 16:46:45,028 INFO request {"path": "/enter", "payload": {"arena_id": "default", "robot_id": "202601002029", "request_id": "1dcde502bbf74be2aece26c68183401e"}, "attempt": 1}
2026-09-12 16:46:45,032 INFO response {"request_id": "1dcde502bbf74be2aece26c68183401e", "http_status": 200, "body": {"accepted": true, "real_timestamp_ms": 1789202801753, "virtual_time_s": 0, "max_virtual_duration_s": 360000, "max_real_duration_s": 1200, "remaining_real_duration_s": 1200}}
2026-09-12 16:46:45,032 INFO request {"path": "/measure", "payload": {"arena_id": "default", "robot_id": "202601002029", "request_id": "42e8ed6cb13c466a968b4a7fc614d2b0", "position": {"x": 0.0, "y": 0.0}, "channel": 1}, "attempt": 1}
2026-09-12 16:46:45,050 INFO response {"request_id": "42e8ed6cb13c466a968b4a7fc614d2b0", "http_status": 200, "body": {"accepted": true, "real_timestamp_ms": 1789202801772, "virtual_time_s": 5, "measure_result": "no_signal"}}
2026-09-12 16:46:45,052 INFO request {"path": "/measure", "payload": {"arena_id": "default", "robot_id": "202601002029", "request_id": "feb7d6831155411fa086122b74d635f9", "position": {"x": 0.0, "y": 0.0}, "channel": 2}, "attempt": 1}
2026-09-12 16:46:45,053 INFO response {"request_id": "feb7d6831155411fa086122b74d635f9", "http_status": 200, "body": {"accepted": true, "real_timestamp_ms": 1789202801775, "virtual_time_s": 11, "measure_result": "direction", "svd_deg": 3.27}}
2026-09-12 16:46:45,059 INFO request {"path": "/measure", "payload": {"arena_id": "default", "robot_id": "202601002029", "request_id": "54bb12e90e424c2593b629d44559ef7c", "position": {"x": 0.0, "y": 0.0}, "channel": 3}, "attempt": 1}
2026-09-12 16:46:45,061 INFO response {"request_id": "54bb12e90e424c2593b629d44559ef7c", "http_status": 200, "body": {"accepted": true, "real_timestamp_ms": 1789202801783, "virtual_time_s": 17, "measure_result": "no_signal"}}
2026-09-12 16:46:45,062 INFO request {"path": "/measure", "payload": {"arena_id": "default", "robot_id": "202601002029", "request_id": "b8282474dff0437ea3608a5f60d5f41a", "position": {"x": 0.0, "y": 0.0}, "channel": 4}, "attempt": 1}
2026-09-12 16:46:45,064 INFO response {"request_id": "b8282474dff0437ea3608a5f60d5f41a", "http_status": 200, "body": {"accepted": true, "real_timestamp_ms": 1789202801786, "virtual_time_s": 23, "measure_result": "direction", "svd_deg": 357.58}}
2026-09-12 16:46:45,067 INFO request {"path": "/measure", "payload": {"arena_id": "default", "robot_id": "202601002029", "request_id": "e6916c3ed9ef4baaacce4d72a4940f64", "position": {"x": 0.0, "y": 0.0}, "channel": 5}, "attempt": 1}
2026-09-12 16:46:45,080 INFO response {"request_id": "e6916c3ed9ef4baaacce4d72a4940f64", "http_status": 200, "body": {"accepted": true, "real_timestamp_ms": 1789202801801, "virtual_time_s": 29, "measure_result": "direction", "svd_deg": 145.64}}
2026-09-12 16:46:45,083 INFO request {"path": "/measure", "payload": {"arena_id": "default", "robot_id": "202601002029", "request_id": "7dd4df9884764f7ab0d9d22d753cceba", "position": {"x": 0.0, "y": 0.0}, "channel": 6}, "attempt": 1}
2026-09-12 16:46:45,100 INFO response {"request_id": "7dd4df9884764f7ab0d9d22d753cceba", "http_status": 200, "body": {"accepted": true, "real_timestamp_ms": 1789202801822, "virtual_time_s": 35, "measure_result": "no_signal"}}
2026-09-12 16:46:45,100 INFO request {"path": "/measure", "payload": {"arena_id": "default", "robot_id": "202601002029", "request_id": "61d844d0e51640adbe54e0deb5df4e50", "position": {"x": 0.0, "y": 0.0}, "channel": 7}, "attempt": 1}
2026-09-12 16:46:45,102 INFO response {"request_id": "61d844d0e51640adbe54e0deb5df4e50", "http_status": 200, "body": {"accepted": true, "real_timestamp_ms": 1789202801824, "virtual_time_s": 41, "measure_result": "no_signal"}}
2026-09-12 16:46:45,102 INFO request {"path": "/measure", "payload": {"arena_id": "default", "robot_id": "202601002029", "request_id": "644557b57d304bf3b90887372ef324e6", "position": {"x": 0.0, "y": 0.0}, "channel": 8}, "attempt": 1}
2026-09-12 16:46:45,119 INFO response {"request_id": "644557b57d304bf3b90887372ef324e6", "http_status": 200, "body": {"accepted": true, "real_timestamp_ms": 1789202801841, "virtual_time_s": 47, "measure_result": "direction", "svd_deg": 323.74}}
2026-09-12 16:46:45,122 INFO request {"path": "/measure", "payload": {"arena_id": "default", "robot_id": "202601002029", "request_id": "753ac94c86574224bcc3c1d41f3f2ce3", "position": {"x": 0.0, "y": 0.0}, "channel": 9}, "attempt": 1}
2026-09-12 16:46:45,123 INFO response {"request_id": "753ac94c86574224bcc3c1d41f3f2ce3", "http_status": 200, "body": {"accepted": true, "real_timestamp_ms": 1789202801845, "virtual_time_s": 53, "measure_result": "no_signal"}}
2026-09-12 16:46:45,123 INFO request {"path": "/measure", "payload": {"arena_id": "default", "robot_id": "202601002029", "request_id": "e41ec46a12eb4c53b5b747c82af42e10", "position": {"x": 0.0, "y": 0.0}, "channel": 10}, "attempt": 1}
2026-09-12 16:46:45,124 INFO response {"request_id": "e41ec46a12eb4c53b5b747c82af42e10", "http_status": 200, "body": {"accepted": true, "real_timestamp_ms": 1789202801846, "virtual_time_s": 59, "measure_result": "direction", "svd_deg": 217.84}}
2026-09-12 16:46:45,126 INFO request {"path": "/measure", "payload": {"arena_id": "default", "robot_id": "202601002029", "request_id": "8139cbdf3db947818e300f5f0d72262a", "position": {"x": 0.0, "y": 0.0}, "channel": 11}, "attempt": 1}
2026-09-12 16:46:45,140 INFO response {"request_id": "8139cbdf3db947818e300f5f0d72262a", "http_status": 200, "body": {"accepted": true, "real_timestamp_ms": 1789202801862, "virtual_time_s": 65, "measure_result": "no_signal"}}
2026-09-12 16:46:45,140 INFO request {"path": "/measure", "payload": {"arena_id": "default", "robot_id": "202601002029", "request_id": "12f06fd6c98e4021a5b083caa5e03e27", "position": {"x": 0.0, "y": 0.0}, "channel": 12}, "attempt": 1}
2026-09-12 16:46:45,160 INFO response {"request_id": "12f06fd6c98e4021a5b083caa5e03e27", "http_status": 200, "body": {"accepted": true, "real_timestamp_ms": 1789202801881, "virtual_time_s": 71, "measure_result": "no_signal"}}
2026-09-12 16:46:45,160 INFO request {"path": "/measure", "payload": {"arena_id": "default", "robot_id": "202601002029", "request_id": "24a50c80d6d14f6c8a0b3363b0c6936d", "position": {"x": 0.0, "y": 0.0}, "channel": 13}, "attempt": 1}
2026-09-12 16:46:45,162 INFO response {"request_id": "24a50c80d6d14f6c8a0b3363b0c6936d", "http_status": 200, "body": {"accepted": true, "real_timestamp_ms": 1789202801883, "virtual_time_s": 77, "measure_result": "direction", "svd_deg": 303.87}}
2026-09-12 16:46:45,166 INFO request {"path": "/measure", "payload": {"arena_id": "default", "robot_id": "202601002029", "request_id": "f546f9f822b649b7909514fa78349033", "position": {"x": 0.0, "y": 0.0}, "channel": 14}, "attempt": 1}
2026-09-12 16:46:45,168 INFO response {"request_id": "f546f9f822b649b7909514fa78349033", "http_status": 200, "body": {"accepted": true, "real_timestamp_ms": 1789202801890, "virtual_time_s": 83, "measure_result": "no_signal"}}
2026-09-12 16:46:45,169 INFO request {"path": "/measure", "payload": {"arena_id": "default", "robot_id": "202601002029", "request_id": "3ff1c9d184064838a5ff8afa8b558f10", "position": {"x": 0.0, "y": 0.0}, "channel": 15}, "attempt": 1}
2026-09-12 16:46:45,190 INFO response {"request_id": "3ff1c9d184064838a5ff8afa8b558f10", "http_status": 200, "body": {"accepted": true, "real_timestamp_ms": 1789202801911, "virtual_time_s": 89, "measure_result": "direction", "svd_deg": 56.15}}
2026-09-12 16:46:45,195 INFO request {"path": "/measure", "payload": {"arena_id": "default", "robot_id": "202601002029", "request_id": "dbce3dd98f7942abb6abf2c909a86705", "position": {"x": 0.0, "y": 0.0}, "channel": 16}, "attempt": 1}
2026-09-12 16:46:45,197 INFO response {"request_id": "dbce3dd98f7942abb6abf2c909a86705", "http_status": 200, "body": {"accepted": true, "real_timestamp_ms": 1789202801919, "virtual_time_s": 95, "measure_result": "no_signal"}}
2026-09-12 16:46:45,197 INFO request {"path": "/measure", "payload": {"arena_id": "default", "robot_id": "202601002029", "request_id": "37af2479d6bf4db19bf482b0a6669262", "position": {"x": 0.0, "y": 0.0}, "channel": 17}, "attempt": 1}
2026-09-12 16:46:45,199 INFO response {"request_id": "37af2479d6bf4db19bf482b0a6669262", "http_status": 200, "body": {"accepted": true, "real_timestamp_ms": 1789202801921, "virtual_time_s": 101, "measure_result": "no_signal"}}
2026-09-12 16:46:45,199 INFO request {"path": "/measure", "payload": {"arena_id": "default", "robot_id": "202601002029", "request_id": "c35821277bea4ed68c803f82720d4a51", "position": {"x": 0.0, "y": 0.0}, "channel": 18}, "attempt": 1}
2026-09-12 16:46:45,218 INFO response {"request_id": "c35821277bea4ed68c803f82720d4a51", "http_status": 200, "body": {"accepted": true, "real_timestamp_ms": 1789202801940, "virtual_time_s": 107, "measure_result": "no_signal"}}
2026-09-12 16:46:45,218 INFO request {"path": "/measure", "payload": {"arena_id": "default", "robot_id": "202601002029", "request_id": "99cc64ffc0b24b728ae376d5eb71cc2c", "position": {"x": 0.0, "y": 0.0}, "channel": 19}, "attempt": 1}
2026-09-12 16:46:45,221 INFO response {"request_id": "99cc64ffc0b24b728ae376d5eb71cc2c", "http_status": 200, "body": {"accepted": true, "real_timestamp_ms": 1789202801943, "virtual_time_s": 113, "measure_result": "direction", "svd_deg": 321.25}}
2026-09-12 16:46:45,225 INFO request {"path": "/measure", "payload": {"arena_id": "default", "robot_id": "202601002029", "request_id": "9133924f5ddf423eaf3d3e59b6a87da8", "position": {"x": 0.0, "y": 0.0}, "channel": 20}, "attempt": 1}
2026-09-12 16:46:45,238 INFO response {"request_id": "9133924f5ddf423eaf3d3e59b6a87da8", "http_status": 200, "body": {"accepted": true, "real_timestamp_ms": 1789202801960, "virtual_time_s": 119, "measure_result": "direction", "svd_deg": 246.4}}
2026-09-12 16:46:45,244 INFO request {"path": "/measure", "payload": {"arena_id": "default", "robot_id": "202601002029", "request_id": "c0efe69ca0534b61b358c7de33e57dea", "position": {"x": 1200.0, "y": 0.0}, "channel": 1}, "attempt": 1}
2026-09-12 16:46:45,257 INFO response {"request_id": "c0efe69ca0534b61b358c7de33e57dea", "http_status": 200, "body": {"accepted": true, "real_timestamp_ms": 1789202801979, "virtual_time_s": 365, "measure_result": "no_signal"}}
2026-09-12 16:46:45,258 INFO request {"path": "/measure", "payload": {"arena_id": "default", "robot_id": "202601002029", "request_id": "ecd8dd8a56ec42bf80f9f8d1cad0f304", "position": {"x": 1200.0, "y": 0.0}, "channel": 3}, "attempt": 1}
2026-09-12 16:46:45,260 INFO response {"request_id": "ecd8dd8a56ec42bf80f9f8d1cad0f304", "http_status": 200, "body": {"accepted": true, "real_timestamp_ms": 1789202801982, "virtual_time_s": 371, "measure_result": "no_signal"}}
2026-09-12 16:46:45,260 INFO request {"path": "/measure", "payload": {"arena_id": "default", "robot_id": "202601002029", "request_id": "b4385ef4609f4cb4b06fcb3efed84cf4", "position": {"x": 1200.0, "y": 0.0}, "channel": 6}, "attempt": 1}
2026-09-12 16:46:45,263 INFO response {"request_id": "b4385ef4609f4cb4b06fcb3efed84cf4", "http_status": 200, "body": {"accepted": true, "real_timestamp_ms": 1789202801984, "virtual_time_s": 377, "measure_result": "no_signal"}}
2026-09-12 16:46:45,263 INFO request {"path": "/measure", "payload": {"arena_id": "default", "robot_id": "202601002029", "request_id": "8c6800f28b51483fbaff506464ae8553", "position": {"x": 1200.0, "y": 0.0}, "channel": 7}, "attempt": 1}
2026-09-12 16:46:45,265 INFO response {"request_id": "8c6800f28b51483fbaff506464ae8553", "http_status": 200, "body": {"accepted": true, "real_timestamp_ms": 1789202801987, "virtual_time_s": 383, "measure_result": "no_signal"}}
2026-09-12 16:46:45,265 INFO request {"path": "/measure", "payload": {"arena_id": "default", "robot_id": "202601002029", "request_id": "5e4a509afa1c4a21adfc0befaf3e3f32", "position": {"x": 1200.0, "y": 0.0}, "channel": 9}, "attempt": 1}
2026-09-12 16:46:45,267 INFO response {"request_id": "5e4a509afa1c4a21adfc0befaf3e3f32", "http_status": 200, "body": {"accepted": true, "real_timestamp_ms": 1789202801989, "virtual_time_s": 389, "measure_result": "no_signal"}}
2026-09-12 16:46:45,268 INFO request {"path": "/measure", "payload": {"arena_id": "default", "robot_id": "202601002029", "request_id": "0e80f2ee78fc48fa8a824bce37f63369", "position": {"x": 1200.0, "y": 0.0}, "channel": 11}, "attempt": 1}
2026-09-12 16:46:45,286 INFO response {"request_id": "0e80f2ee78fc48fa8a824bce37f63369", "http_status": 200, "body": {"accepted": true, "real_timestamp_ms": 1789202802008, "virtual_time_s": 395, "measure_result": "no_signal"}}
2026-09-12 16:46:45,287 INFO request {"path": "/measure", "payload": {"arena_id": "default", "robot_id": "202601002029", "request_id": "42e5c615b2264f12b6853d361833f5aa", "position": {"x": 1200.0, "y": 0.0}, "channel": 12}, "attempt": 1}
2026-09-12 16:46:45,288 INFO response {"request_id": "42e5c615b2264f12b6853d361833f5aa", "http_status": 200, "body": {"accepted": true, "real_timestamp_ms": 1789202802010, "virtual_time_s": 401, "measure_result": "direction", "svd_deg": 277.2}}
2026-09-12 16:46:45,292 INFO request {"path": "/measure", "payload": {"arena_id": "default", "robot_id": "202601002029", "request_id": "66d216b071434ea585d0a276aec47d5b", "position": {"x": 1200.0, "y": 0.0}, "channel": 14}, "attempt": 1}
2026-09-12 16:46:45,293 INFO response {"request_id": "66d216b071434ea585d0a276aec47d5b", "http_status": 200, "body": {"accepted": true, "real_timestamp_ms": 1789202802015, "virtual_time_s": 407, "measure_result": "no_signal"}}
2026-09-12 16:46:45,293 INFO request {"path": "/measure", "payload": {"arena_id": "default", "robot_id": "202601002029", "request_id": "839be8392ddf4e0b83855e1f3d7a0a69", "position": {"x": 1200.0, "y": 0.0}, "channel": 16}, "attempt": 1}
2026-09-12 16:46:45,294 INFO response {"request_id": "839be8392ddf4e0b83855e1f3d7a0a69", "http_status": 200, "body": {"accepted": true, "real_timestamp_ms": 1789202802016, "virtual_time_s": 413, "measure_result": "no_signal"}}
2026-09-12 16:46:45,294 INFO request {"path": "/measure", "payload": {"arena_id": "default", "robot_id": "202601002029", "request_id": "0e19c76ee3c743a8a946756613c0d658", "position": {"x": 1200.0, "y": 0.0}, "channel": 17}, "attempt": 1}
2026-09-12 16:46:45,305 INFO response {"request_id": "0e19c76ee3c743a8a946756613c0d658", "http_status": 200, "body": {"accepted": true, "real_timestamp_ms": 1789202802028, "virtual_time_s": 419, "measure_result": "no_signal"}}
2026-09-12 16:46:45,306 INFO request {"path": "/measure", "payload": {"arena_id": "default", "robot_id": "202601002029", "request_id": "d4d4297e6631410190974184b9c01f84", "position": {"x": 1200.0, "y": 0.0}, "channel": 18}, "attempt": 1}
2026-09-12 16:46:45,306 INFO response {"request_id": "d4d4297e6631410190974184b9c01f84", "http_status": 200, "body": {"accepted": true, "real_timestamp_ms": 1789202802029, "virtual_time_s": 425, "measure_result": "no_signal"}}
2026-09-12 16:46:45,337 INFO request {"path": "/measure", "payload": {"arena_id": "default", "robot_id": "202601002029", "request_id": "68033a418e2740658919d0bbc67da847", "position": {"x": 1200.0, "y": 0.0}, "channel": 2}, "attempt": 1}
2026-09-12 16:46:45,339 INFO response {"request_id": "68033a418e2740658919d0bbc67da847", "http_status": 200, "body": {"accepted": true, "real_timestamp_ms": 1789202802061, "virtual_time_s": 431, "measure_result": "direction", "svd_deg": 169.83}}
2026-09-12 16:46:45,366 INFO request {"path": "/measure", "payload": {"arena_id": "default", "robot_id": "202601002029", "request_id": "d3dfa8a94e624e77a6a5825410528174", "position": {"x": 1200.0, "y": 0.0}, "channel": 19}, "attempt": 1}
2026-09-12 16:46:45,367 INFO response {"request_id": "d3dfa8a94e624e77a6a5825410528174", "http_status": 200, "body": {"accepted": true, "real_timestamp_ms": 1789202802089, "virtual_time_s": 437, "measure_result": "direction", "svd_deg": 235.6}}
2026-09-12 16:46:45,372 INFO request {"path": "/measure", "payload": {"arena_id": "default", "robot_id": "202601002029", "request_id": "22386c166e484ad9b459a2d6b6636cf9", "position": {"x": 600.0000000000001, "y": 1039.2304845413264}, "channel": 1}, "attempt": 1}
2026-09-12 16:46:45,374 INFO response {"request_id": "22386c166e484ad9b459a2d6b6636cf9", "http_status": 200, "body": {"accepted": true, "real_timestamp_ms": 1789202802096, "virtual_time_s": 683, "measure_result": "direction", "svd_deg": 155.79}}
2026-09-12 16:46:45,376 INFO request {"path": "/measure", "payload": {"arena_id": "default", "robot_id": "202601002029", "request_id": "f316b36f896f43a39b0584d8bfbb346f", "position": {"x": 600.0000000000001, "y": 1039.2304845413264}, "channel": 3}, "attempt": 1}
2026-09-12 16:46:45,377 INFO response {"request_id": "f316b36f896f43a39b0584d8bfbb346f", "http_status": 200, "body": {"accepted": true, "real_timestamp_ms": 1789202802099, "virtual_time_s": 689, "measure_result": "no_signal"}}
2026-09-12 16:46:45,377 INFO request {"path": "/measure", "payload": {"arena_id": "default", "robot_id": "202601002029", "request_id": "76225d589e264a65a09485152956e291", "position": {"x": 600.0000000000001, "y": 1039.2304845413264}, "channel": 6}, "attempt": 1}
2026-09-12 16:46:45,396 INFO response {"request_id": "76225d589e264a65a09485152956e291", "http_status": 200, "body": {"accepted": true, "real_timestamp_ms": 1789202802118, "virtual_time_s": 695, "measure_result": "no_signal"}}
2026-09-12 16:46:45,396 INFO request {"path": "/measure", "payload": {"arena_id": "default", "robot_id": "202601002029", "request_id": "68cc9e1edb5f43cbb5c29f705691a56b", "position": {"x": 600.0000000000001, "y": 1039.2304845413264}, "channel": 7}, "attempt": 1}
2026-09-12 16:46:45,397 INFO response {"request_id": "68cc9e1edb5f43cbb5c29f705691a56b", "http_status": 200, "body": {"accepted": true, "real_timestamp_ms": 1789202802119, "virtual_time_s": 701, "measure_result": "no_signal"}}
2026-09-12 16:46:45,397 INFO request {"path": "/measure", "payload": {"arena_id": "default", "robot_id": "202601002029", "request_id": "8a0e4364ef70451f9b12a4e49c5e0d2a", "position": {"x": 600.0000000000001, "y": 1039.2304845413264}, "channel": 9}, "attempt": 1}
2026-09-12 16:46:45,398 INFO response {"request_id": "8a0e4364ef70451f9b12a4e49c5e0d2a", "http_status": 200, "body": {"accepted": true, "real_timestamp_ms": 1789202802120, "virtual_time_s": 707, "measure_result": "no_signal"}}
2026-09-12 16:46:45,398 INFO request {"path": "/measure", "payload": {"arena_id": "default", "robot_id": "202601002029", "request_id": "480a3a3a2fc74451adabecc967fc47ec", "position": {"x": 600.0000000000001, "y": 1039.2304845413264}, "channel": 11}, "attempt": 1}
2026-09-12 16:46:45,399 INFO response {"request_id": "480a3a3a2fc74451adabecc967fc47ec", "http_status": 200, "body": {"accepted": true, "real_timestamp_ms": 1789202802121, "virtual_time_s": 713, "measure_result": "no_signal"}}
2026-09-12 16:46:45,399 INFO request {"path": "/measure", "payload": {"arena_id": "default", "robot_id": "202601002029", "request_id": "0d3df3f4113b4eed95cc3e6da77d00d7", "position": {"x": 600.0000000000001, "y": 1039.2304845413264}, "channel": 14}, "attempt": 1}
2026-09-12 16:46:45,400 INFO response {"request_id": "0d3df3f4113b4eed95cc3e6da77d00d7", "http_status": 200, "body": {"accepted": true, "real_timestamp_ms": 1789202802122, "virtual_time_s": 719, "measure_result": "direction", "svd_deg": 151.38}}
2026-09-12 16:46:45,402 INFO request {"path": "/measure", "payload": {"arena_id": "default", "robot_id": "202601002029", "request_id": "0570907aa0854015a0fc7a2cffcf541b", "position": {"x": 600.0000000000001, "y": 1039.2304845413264}, "channel": 16}, "attempt": 1}
2026-09-12 16:46:45,416 INFO response {"request_id": "0570907aa0854015a0fc7a2cffcf541b", "http_status": 200, "body": {"accepted": true, "real_timestamp_ms": 1789202802138, "virtual_time_s": 725, "measure_result": "no_signal"}}
2026-09-12 16:46:45,416 INFO request {"path": "/measure", "payload": {"arena_id": "default", "robot_id": "202601002029", "request_id": "8ff8ee81245b46bab5c4afc39fca7530", "position": {"x": 600.0000000000001, "y": 1039.2304845413264}, "channel": 17}, "attempt": 1}
2026-09-12 16:46:45,435 INFO response {"request_id": "8ff8ee81245b46bab5c4afc39fca7530", "http_status": 200, "body": {"accepted": true, "real_timestamp_ms": 1789202802157, "virtual_time_s": 731, "measure_result": "no_signal"}}
2026-09-12 16:46:45,435 INFO request {"path": "/measure", "payload": {"arena_id": "default", "robot_id": "202601002029", "request_id": "a0a4f697e08247619986e4a4fe8f9bcb", "position": {"x": 600.0000000000001, "y": 1039.2304845413264}, "channel": 18}, "attempt": 1}
2026-09-12 16:46:45,436 INFO response {"request_id": "a0a4f697e08247619986e4a4fe8f9bcb", "http_status": 200, "body": {"accepted": true, "real_timestamp_ms": 1789202802158, "virtual_time_s": 737, "measure_result": "no_signal"}}
2026-09-12 16:46:45,463 INFO request {"path": "/measure", "payload": {"arena_id": "default", "robot_id": "202601002029", "request_id": "d6491a68149b4faaa38cc71547c5b7fd", "position": {"x": 600.0000000000001, "y": 1039.2304845413264}, "channel": 15}, "attempt": 1}
2026-09-12 16:46:45,465 INFO response {"request_id": "d6491a68149b4faaa38cc71547c5b7fd", "http_status": 200, "body": {"accepted": true, "real_timestamp_ms": 1789202802187, "virtual_time_s": 743, "measure_result": "direction", "svd_deg": 240.87}}
2026-09-12 16:46:45,485 INFO request {"path": "/measure", "payload": {"arena_id": "default", "robot_id": "202601002029", "request_id": "ec98e0412e2c49b1a4324089d3eb7b0a", "position": {"x": 600.0000000000001, "y": 1039.2304845413264}, "channel": 4}, "attempt": 1}
2026-09-12 16:46:45,486 INFO response {"request_id": "ec98e0412e2c49b1a4324089d3eb7b0a", "http_status": 200, "body": {"accepted": true, "real_timestamp_ms": 1789202802208, "virtual_time_s": 749, "measure_result": "direction", "svd_deg": 287.09}}
2026-09-12 16:46:45,489 INFO request {"path": "/measure", "payload": {"arena_id": "default", "robot_id": "202601002029", "request_id": "e7f0b822706a4bcf97b815e751d4739f", "position": {"x": -599.9999999999998, "y": 1039.2304845413264}, "channel": 3}, "attempt": 1}
2026-09-12 16:46:45,491 INFO response {"request_id": "e7f0b822706a4bcf97b815e751d4739f", "http_status": 200, "body": {"accepted": true, "real_timestamp_ms": 1789202802213, "virtual_time_s": 995, "measure_result": "no_signal"}}
2026-09-12 16:46:45,491 INFO request {"path": "/measure", "payload": {"arena_id": "default", "robot_id": "202601002029", "request_id": "2bcbb41343904ac094bc634b526e9547", "position": {"x": -599.9999999999998, "y": 1039.2304845413264}, "channel": 6}, "attempt": 1}
2026-09-12 16:46:45,492 INFO response {"request_id": "2bcbb41343904ac094bc634b526e9547", "http_status": 200, "body": {"accepted": true, "real_timestamp_ms": 1789202802214, "virtual_time_s": 1001, "measure_result": "no_signal"}}
2026-09-12 16:46:45,492 INFO request {"path": "/measure", "payload": {"arena_id": "default", "robot_id": "202601002029", "request_id": "43de39dc1be8409489468f5a09bbd835", "position": {"x": -599.9999999999998, "y": 1039.2304845413264}, "channel": 7}, "attempt": 1}
2026-09-12 16:46:45,505 INFO response {"request_id": "43de39dc1be8409489468f5a09bbd835", "http_status": 200, "body": {"accepted": true, "real_timestamp_ms": 1789202802226, "virtual_time_s": 1007, "measure_result": "no_signal"}}
2026-09-12 16:46:45,505 INFO request {"path": "/measure", "payload": {"arena_id": "default", "robot_id": "202601002029", "request_id": "b25bebf9db134e27ab424f84657c6878", "position": {"x": -599.9999999999998, "y": 1039.2304845413264}, "channel": 9}, "attempt": 1}
2026-09-12 16:46:45,506 INFO response {"request_id": "b25bebf9db134e27ab424f84657c6878", "http_status": 200, "body": {"accepted": true, "real_timestamp_ms": 1789202802228, "virtual_time_s": 1013, "measure_result": "no_signal"}}
2026-09-12 16:46:45,506 INFO request {"path": "/measure", "payload": {"arena_id": "default", "robot_id": "202601002029", "request_id": "2e362c8e6ea04c368f1f3cdfc22b6973", "position": {"x": -599.9999999999998, "y": 1039.2304845413264}, "channel": 11}, "attempt": 1}
2026-09-12 16:46:45,508 INFO response {"request_id": "2e362c8e6ea04c368f1f3cdfc22b6973", "http_status": 200, "body": {"accepted": true, "real_timestamp_ms": 1789202802230, "virtual_time_s": 1019, "measure_result": "no_signal"}}
2026-09-12 16:46:45,509 INFO request {"path": "/measure", "payload": {"arena_id": "default", "robot_id": "202601002029", "request_id": "9b6661d5018e44f5bd87249c1f706e6b", "position": {"x": -599.9999999999998, "y": 1039.2304845413264}, "channel": 16}, "attempt": 1}
2026-09-12 16:46:45,510 INFO response {"request_id": "9b6661d5018e44f5bd87249c1f706e6b", "http_status": 200, "body": {"accepted": true, "real_timestamp_ms": 1789202802232, "virtual_time_s": 1025, "measure_result": "no_signal"}}
2026-09-12 16:46:45,510 INFO request {"path": "/measure", "payload": {"arena_id": "default", "robot_id": "202601002029", "request_id": "bccfdd62c9834ad8a452c56bf85b76af", "position": {"x": -599.9999999999998, "y": 1039.2304845413264}, "channel": 17}, "attempt": 1}
2026-09-12 16:46:45,524 INFO response {"request_id": "bccfdd62c9834ad8a452c56bf85b76af", "http_status": 200, "body": {"accepted": true, "real_timestamp_ms": 1789202802246, "virtual_time_s": 1031, "measure_result": "no_signal"}}
2026-09-12 16:46:45,525 INFO request {"path": "/measure", "payload": {"arena_id": "default", "robot_id": "202601002029", "request_id": "91d88f1c992b4f98b9b1905c20a571d1", "position": {"x": -599.9999999999998, "y": 1039.2304845413264}, "channel": 18}, "attempt": 1}
2026-09-12 16:46:45,526 INFO response {"request_id": "91d88f1c992b4f98b9b1905c20a571d1", "http_status": 200, "body": {"accepted": true, "real_timestamp_ms": 1789202802248, "virtual_time_s": 1037, "measure_result": "direction", "svd_deg": 169.44}}
2026-09-12 16:46:45,569 INFO request {"path": "/measure", "payload": {"arena_id": "default", "robot_id": "202601002029", "request_id": "341f995662334dc0978d724b5bbd4be6", "position": {"x": -599.9999999999998, "y": 1039.2304845413264}, "channel": 5}, "attempt": 1}
2026-09-12 16:46:45,570 INFO response {"request_id": "341f995662334dc0978d724b5bbd4be6", "http_status": 200, "body": {"accepted": true, "real_timestamp_ms": 1789202802292, "virtual_time_s": 1043, "measure_result": "direction", "svd_deg": 205.13}}
2026-09-12 16:46:45,597 INFO request {"path": "/measure", "payload": {"arena_id": "default", "robot_id": "202601002029", "request_id": "2e781a1553894b9a972d4c2ccc7b2510", "position": {"x": -599.9999999999998, "y": 1039.2304845413264}, "channel": 1}, "attempt": 1}
2026-09-12 16:46:45,599 INFO response {"request_id": "2e781a1553894b9a972d4c2ccc7b2510", "http_status": 200, "body": {"accepted": true, "real_timestamp_ms": 1789202802321, "virtual_time_s": 1049, "measure_result": "direction", "svd_deg": 3.47}}
2026-09-12 16:46:45,602 INFO request {"path": "/measure", "payload": {"arena_id": "default", "robot_id": "202601002029", "request_id": "a01adc51b8b2466d9339e4ea803c9e69", "position": {"x": -1200.0, "y": 1.4695761589768238e-13}, "channel": 3}, "attempt": 1}
2026-09-12 16:46:45,604 INFO response {"request_id": "a01adc51b8b2466d9339e4ea803c9e69", "http_status": 200, "body": {"accepted": true, "real_timestamp_ms": 1789202802326, "virtual_time_s": 1295, "measure_result": "no_signal"}}
2026-09-12 16:46:45,604 INFO request {"path": "/measure", "payload": {"arena_id": "default", "robot_id": "202601002029", "request_id": "6b6046b9c88344fcb918ebe3618b91d8", "position": {"x": -1200.0, "y": 1.4695761589768238e-13}, "channel": 6}, "attempt": 1}
2026-09-12 16:46:45,604 INFO response {"request_id": "6b6046b9c88344fcb918ebe3618b91d8", "http_status": 200, "body": {"accepted": true, "real_timestamp_ms": 1789202802327, "virtual_time_s": 1301, "measure_result": "no_signal"}}
2026-09-12 16:46:45,604 INFO request {"path": "/measure", "payload": {"arena_id": "default", "robot_id": "202601002029", "request_id": "f762eed546f6413b85a165d6f6b6e024", "position": {"x": -1200.0, "y": 1.4695761589768238e-13}, "channel": 7}, "attempt": 1}
2026-09-12 16:46:45,605 INFO response {"request_id": "f762eed546f6413b85a165d6f6b6e024", "http_status": 200, "body": {"accepted": true, "real_timestamp_ms": 1789202802328, "virtual_time_s": 1307, "measure_result": "no_signal"}}
2026-09-12 16:46:45,606 INFO request {"path": "/measure", "payload": {"arena_id": "default", "robot_id": "202601002029", "request_id": "e02446d1e21a407f892b5d2b3adb6746", "position": {"x": -1200.0, "y": 1.4695761589768238e-13}, "channel": 9}, "attempt": 1}
2026-09-12 16:46:45,607 INFO response {"request_id": "e02446d1e21a407f892b5d2b3adb6746", "http_status": 200, "body": {"accepted": true, "real_timestamp_ms": 1789202802329, "virtual_time_s": 1313, "measure_result": "no_signal"}}
2026-09-12 16:46:45,607 INFO request {"path": "/measure", "payload": {"arena_id": "default", "robot_id": "202601002029", "request_id": "337fc61cc2f3499dbf2e078831992aff", "position": {"x": -1200.0, "y": 1.4695761589768238e-13}, "channel": 11}, "attempt": 1}
2026-09-12 16:46:45,623 INFO response {"request_id": "337fc61cc2f3499dbf2e078831992aff", "http_status": 200, "body": {"accepted": true, "real_timestamp_ms": 1789202802345, "virtual_time_s": 1319, "measure_result": "no_signal"}}
2026-09-12 16:46:45,623 INFO request {"path": "/measure", "payload": {"arena_id": "default", "robot_id": "202601002029", "request_id": "176a9eb54c3340849181a165578406d2", "position": {"x": -1200.0, "y": 1.4695761589768238e-13}, "channel": 16}, "attempt": 1}
2026-09-12 16:46:45,643 INFO response {"request_id": "176a9eb54c3340849181a165578406d2", "http_status": 200, "body": {"accepted": true, "real_timestamp_ms": 1789202802365, "virtual_time_s": 1325, "measure_result": "no_signal"}}
2026-09-12 16:46:45,643 INFO request {"path": "/measure", "payload": {"arena_id": "default", "robot_id": "202601002029", "request_id": "91a46956bf7e449997bd529a603ead2e", "position": {"x": -1200.0, "y": 1.4695761589768238e-13}, "channel": 17}, "attempt": 1}
2026-09-12 16:46:45,644 INFO response {"request_id": "91a46956bf7e449997bd529a603ead2e", "http_status": 200, "body": {"accepted": true, "real_timestamp_ms": 1789202802366, "virtual_time_s": 1331, "measure_result": "no_signal"}}
2026-09-12 16:46:45,667 INFO request {"path": "/measure", "payload": {"arena_id": "default", "robot_id": "202601002029", "request_id": "95206ab0d09848b99cb822f4e121ac72", "position": {"x": -1200.0, "y": 1.4695761589768238e-13}, "channel": 5}, "attempt": 1}
2026-09-12 16:46:45,683 INFO response {"request_id": "95206ab0d09848b99cb822f4e121ac72", "http_status": 200, "body": {"accepted": true, "real_timestamp_ms": 1789202802405, "virtual_time_s": 1337, "measure_result": "direction", "svd_deg": 85.28}}
2026-09-12 16:46:45,695 INFO request {"path": "/measure", "payload": {"arena_id": "default", "robot_id": "202601002029", "request_id": "b9d0b0c1617d47ae97301a7a7381670f", "position": {"x": -1200.0, "y": 1.4695761589768238e-13}, "channel": 10}, "attempt": 1}
2026-09-12 16:46:45,696 INFO response {"request_id": "b9d0b0c1617d47ae97301a7a7381670f", "http_status": 200, "body": {"accepted": true, "real_timestamp_ms": 1789202802418, "virtual_time_s": 1343, "measure_result": "direction", "svd_deg": 328.33}}
2026-09-12 16:46:45,698 INFO request {"path": "/measure", "payload": {"arena_id": "default", "robot_id": "202601002029", "request_id": "cf0eebfc082d4032b4bb16dce2c23031", "position": {"x": -600.0000000000006, "y": -1039.2304845413262}, "channel": 3}, "attempt": 1}
2026-09-12 16:46:45,713 INFO response {"request_id": "cf0eebfc082d4032b4bb16dce2c23031", "http_status": 200, "body": {"accepted": true, "real_timestamp_ms": 1789202802435, "virtual_time_s": 1589, "measure_result": "no_signal"}}
2026-09-12 16:46:45,713 INFO request {"path": "/measure", "payload": {"arena_id": "default", "robot_id": "202601002029", "request_id": "35c603dab17949df83d96134614d0424", "position": {"x": -600.0000000000006, "y": -1039.2304845413262}, "channel": 6}, "attempt": 1}
2026-09-12 16:46:45,713 INFO response {"request_id": "35c603dab17949df83d96134614d0424", "http_status": 200, "body": {"accepted": true, "real_timestamp_ms": 1789202802436, "virtual_time_s": 1595, "measure_result": "no_signal"}}
2026-09-12 16:46:45,713 INFO request {"path": "/measure", "payload": {"arena_id": "default", "robot_id": "202601002029", "request_id": "6177a88a63b64804a69f7809edd1bc81", "position": {"x": -600.0000000000006, "y": -1039.2304845413262}, "channel": 7}, "attempt": 1}
2026-09-12 16:46:45,714 INFO response {"request_id": "6177a88a63b64804a69f7809edd1bc81", "http_status": 200, "body": {"accepted": true, "real_timestamp_ms": 1789202802436, "virtual_time_s": 1601, "measure_result": "direction", "svd_deg": 336.34}}
2026-09-12 16:46:45,716 INFO request {"path": "/measure", "payload": {"arena_id": "default", "robot_id": "202601002029", "request_id": "ace1dca031b349a19dc135298c07b554", "position": {"x": -600.0000000000006, "y": -1039.2304845413262}, "channel": 9}, "attempt": 1}
2026-09-12 16:46:45,732 INFO response {"request_id": "ace1dca031b349a19dc135298c07b554", "http_status": 200, "body": {"accepted": true, "real_timestamp_ms": 1789202802455, "virtual_time_s": 1607, "measure_result": "no_signal"}}
2026-09-12 16:46:45,733 INFO request {"path": "/measure", "payload": {"arena_id": "default", "robot_id": "202601002029", "request_id": "d6a8f621f4af4333bc3c16e75409ea25", "position": {"x": -600.0000000000006, "y": -1039.2304845413262}, "channel": 11}, "attempt": 1}
2026-09-12 16:46:45,752 INFO response {"request_id": "d6a8f621f4af4333bc3c16e75409ea25", "http_status": 200, "body": {"accepted": true, "real_timestamp_ms": 1789202802474, "virtual_time_s": 1613, "measure_result": "no_signal"}}
2026-09-12 16:46:45,752 INFO request {"path": "/measure", "payload": {"arena_id": "default", "robot_id": "202601002029", "request_id": "1e320b6132c14088938e19cacabce14f", "position": {"x": -600.0000000000006, "y": -1039.2304845413262}, "channel": 16}, "attempt": 1}
2026-09-12 16:46:45,755 INFO response {"request_id": "1e320b6132c14088938e19cacabce14f", "http_status": 200, "body": {"accepted": true, "real_timestamp_ms": 1789202802477, "virtual_time_s": 1619, "measure_result": "no_signal"}}
2026-09-12 16:46:45,755 INFO request {"path": "/measure", "payload": {"arena_id": "default", "robot_id": "202601002029", "request_id": "d106163771ca4189b16bd90db689f4b8", "position": {"x": -600.0000000000006, "y": -1039.2304845413262}, "channel": 17}, "attempt": 1}
2026-09-12 16:46:45,757 INFO response {"request_id": "d106163771ca4189b16bd90db689f4b8", "http_status": 200, "body": {"accepted": true, "real_timestamp_ms": 1789202802479, "virtual_time_s": 1625, "measure_result": "no_signal"}}
2026-09-12 16:46:45,786 INFO request {"path": "/measure", "payload": {"arena_id": "default", "robot_id": "202601002029", "request_id": "aeed37304165404daec820f550c5d40c", "position": {"x": -600.0000000000006, "y": -1039.2304845413262}, "channel": 10}, "attempt": 1}
2026-09-12 16:46:45,787 INFO response {"request_id": "aeed37304165404daec820f550c5d40c", "http_status": 200, "body": {"accepted": true, "real_timestamp_ms": 1789202802509, "virtual_time_s": 1631, "measure_result": "direction", "svd_deg": 84.29}}
2026-09-12 16:46:45,796 INFO request {"path": "/measure", "payload": {"arena_id": "default", "robot_id": "202601002029", "request_id": "758be6d4768040789c21e0fc1f680754", "position": {"x": 600.0000000000001, "y": -1039.2304845413264}, "channel": 3}, "attempt": 1}
2026-09-12 16:46:45,797 INFO response {"request_id": "758be6d4768040789c21e0fc1f680754", "http_status": 200, "body": {"accepted": true, "real_timestamp_ms": 1789202802519, "virtual_time_s": 1877, "measure_result": "no_signal"}}
2026-09-12 16:46:45,797 INFO request {"path": "/measure", "payload": {"arena_id": "default", "robot_id": "202601002029", "request_id": "73eb8fafb7d64ef89e335d682cebb88c", "position": {"x": 600.0000000000001, "y": -1039.2304845413264}, "channel": 6}, "attempt": 1}
2026-09-12 16:46:45,813 INFO response {"request_id": "73eb8fafb7d64ef89e335d682cebb88c", "http_status": 200, "body": {"accepted": true, "real_timestamp_ms": 1789202802534, "virtual_time_s": 1883, "measure_result": "no_signal"}}
2026-09-12 16:46:45,813 INFO request {"path": "/measure", "payload": {"arena_id": "default", "robot_id": "202601002029", "request_id": "7b941470e7bb4f9d8903078d6cd2e119", "position": {"x": 600.0000000000001, "y": -1039.2304845413264}, "channel": 9}, "attempt": 1}
2026-09-12 16:46:45,815 INFO response {"request_id": "7b941470e7bb4f9d8903078d6cd2e119", "http_status": 200, "body": {"accepted": true, "real_timestamp_ms": 1789202802537, "virtual_time_s": 1889, "measure_result": "no_signal"}}
2026-09-12 16:46:45,816 INFO request {"path": "/measure", "payload": {"arena_id": "default", "robot_id": "202601002029", "request_id": "807a4f49c7fb46f2b79dfc70a5558067", "position": {"x": 600.0000000000001, "y": -1039.2304845413264}, "channel": 11}, "attempt": 1}
2026-09-12 16:46:45,831 INFO response {"request_id": "807a4f49c7fb46f2b79dfc70a5558067", "http_status": 200, "body": {"accepted": true, "real_timestamp_ms": 1789202802553, "virtual_time_s": 1895, "measure_result": "no_signal"}}
2026-09-12 16:46:45,832 INFO request {"path": "/measure", "payload": {"arena_id": "default", "robot_id": "202601002029", "request_id": "18435642f9f54a66a6556a41ae19dca3", "position": {"x": 600.0000000000001, "y": -1039.2304845413264}, "channel": 16}, "attempt": 1}
2026-09-12 16:46:45,834 INFO response {"request_id": "18435642f9f54a66a6556a41ae19dca3", "http_status": 200, "body": {"accepted": true, "real_timestamp_ms": 1789202802555, "virtual_time_s": 1901, "measure_result": "no_signal"}}
2026-09-12 16:46:45,834 INFO request {"path": "/measure", "payload": {"arena_id": "default", "robot_id": "202601002029", "request_id": "94cd43e2adf8433aabe8628ffd5d22c0", "position": {"x": 600.0000000000001, "y": -1039.2304845413264}, "channel": 17}, "attempt": 1}
2026-09-12 16:46:45,851 INFO response {"request_id": "94cd43e2adf8433aabe8628ffd5d22c0", "http_status": 200, "body": {"accepted": true, "real_timestamp_ms": 1789202802573, "virtual_time_s": 1907, "measure_result": "no_signal"}}
2026-09-12 16:46:45,924 INFO request {"path": "/measure", "payload": {"arena_id": "default", "robot_id": "202601002029", "request_id": "aceac61a8778433cb476ea81479b6ce3", "position": {"x": 600.0000000000001, "y": -1039.2304845413264}, "channel": 4}, "attempt": 1}
2026-09-12 16:46:45,940 INFO response {"request_id": "aceac61a8778433cb476ea81479b6ce3", "http_status": 200, "body": {"accepted": true, "real_timestamp_ms": 1789202802662, "virtual_time_s": 1913, "measure_result": "direction", "svd_deg": 72.64}}
2026-09-12 16:46:45,983 INFO request {"path": "/measure", "payload": {"arena_id": "default", "robot_id": "202601002029", "request_id": "4d7297ec5a594e6d897b0ff0829fe75a", "position": {"x": 600.0000000000001, "y": -1039.2304845413264}, "channel": 19}, "attempt": 1}
2026-09-12 16:46:45,999 INFO response {"request_id": "4d7297ec5a594e6d897b0ff0829fe75a", "http_status": 200, "body": {"accepted": true, "real_timestamp_ms": 1789202802721, "virtual_time_s": 1919, "measure_result": "direction", "svd_deg": 66.24}}
2026-09-12 16:46:52,643 INFO request {"path": "/measure", "payload": {"arena_id": "default", "robot_id": "202601002029", "request_id": "e03d592b5511404580b3589f635f54d8", "position": {"x": 403.5781543713466, "y": -1018.2951805796031}, "channel": 8}, "attempt": 1}
2026-09-12 16:46:52,655 INFO response {"request_id": "e03d592b5511404580b3589f635f54d8", "http_status": 200, "body": {"accepted": true, "real_timestamp_ms": 1789202809377, "virtual_time_s": 1964.506875, "measure_result": "direction", "svd_deg": 52.84}}
2026-09-12 16:46:52,689 INFO request {"path": "/measure", "payload": {"arena_id": "default", "robot_id": "202601002029", "request_id": "6295c059ac93436995588eba5a8205f4", "position": {"x": 403.5781543713466, "y": -1018.2951805796031}, "channel": 7}, "attempt": 1}
2026-09-12 16:46:52,691 INFO response {"request_id": "6295c059ac93436995588eba5a8205f4", "http_status": 200, "body": {"accepted": true, "real_timestamp_ms": 1789202809413, "virtual_time_s": 1970.506875, "measure_result": "direction", "svd_deg": 189.71}}
2026-09-12 16:46:52,708 INFO request {"path": "/measure", "payload": {"arena_id": "default", "robot_id": "202601002029", "request_id": "90890fdb81574cf8926dbc228ca7e290", "position": {"x": 403.5781543713466, "y": -1018.2951805796031}, "channel": 20}, "attempt": 1}
2026-09-12 16:46:52,724 INFO response {"request_id": "90890fdb81574cf8926dbc228ca7e290", "http_status": 200, "body": {"accepted": true, "real_timestamp_ms": 1789202809447, "virtual_time_s": 1976.506875, "measure_result": "direction", "svd_deg": 128.37}}
2026-09-12 16:46:54,146 INFO request {"path": "/measure", "payload": {"arena_id": "default", "robot_id": "202601002029", "request_id": "23fb04d386024ef792fafd1ac73a6e07", "position": {"x": 779.3724158879588, "y": -949.1692424910526}, "channel": 12}, "attempt": 1}
2026-09-12 16:46:54,159 INFO response {"request_id": "23fb04d386024ef792fafd1ac73a6e07", "http_status": 200, "body": {"accepted": true, "real_timestamp_ms": 1789202810881, "virtual_time_s": 2058.926695, "measure_result": "direction", "svd_deg": 29.2}}
2026-09-12 16:46:54,203 INFO request {"path": "/measure", "payload": {"arena_id": "default", "robot_id": "202601002029", "request_id": "0ea079aedc874e2f8603a91b91debcaa", "position": {"x": 779.3724158879588, "y": -949.1692424910526}, "channel": 4}, "attempt": 1}
2026-09-12 16:46:54,205 INFO response {"request_id": "0ea079aedc874e2f8603a91b91debcaa", "http_status": 200, "body": {"accepted": true, "real_timestamp_ms": 1789202810927, "virtual_time_s": 2064.926695, "measure_result": "direction", "svd_deg": 81.19}}
2026-09-12 16:46:54,237 INFO request {"path": "/measure", "payload": {"arena_id": "default", "robot_id": "202601002029", "request_id": "8fcc5e64b7e1441ca795fb437471978b", "position": {"x": 779.3724158879588, "y": -949.1692424910526}, "channel": 2}, "attempt": 1}
2026-09-12 16:46:54,257 INFO response {"request_id": "8fcc5e64b7e1441ca795fb437471978b", "http_status": 200, "body": {"accepted": true, "real_timestamp_ms": 1789202810979, "virtual_time_s": 2070.926695, "measure_result": "direction", "svd_deg": 78.46}}
2026-09-12 16:46:54,979 INFO request {"path": "/measure", "payload": {"arena_id": "default", "robot_id": "202601002029", "request_id": "a64fb5c236164f449f310e8fbbeb8f9a", "position": {"x": 763.4925522275652, "y": -820.2134596619915}, "channel": 4}, "attempt": 1}
2026-09-12 16:46:54,992 INFO response {"request_id": "a64fb5c236164f449f310e8fbbeb8f9a", "http_status": 200, "body": {"accepted": true, "real_timestamp_ms": 1789202811714, "virtual_time_s": 2102.912664, "measure_result": "direction", "svd_deg": 78.33}}
2026-09-12 16:46:55,010 INFO request {"path": "/measure", "payload": {"arena_id": "default", "robot_id": "202601002029", "request_id": "fb626588f40b4f8d9bd4e37d03f9d4fa", "position": {"x": 763.4925522275652, "y": -820.2134596619915}, "channel": 20}, "attempt": 1}
2026-09-12 16:46:55,031 INFO response {"request_id": "fb626588f40b4f8d9bd4e37d03f9d4fa", "http_status": 200, "body": {"accepted": true, "real_timestamp_ms": 1789202811753, "virtual_time_s": 2108.912664, "measure_result": "direction", "svd_deg": 151.3}}
2026-09-12 16:46:55,038 INFO request {"path": "/clear", "payload": {"arena_id": "default", "robot_id": "202601002029", "request_id": "7af929bd5fe74ebab38c947a1dc70b82", "position": {"x": 1283.9649897110369, "y": -666.8274399547711}, "channel": 12}, "attempt": 1}
2026-09-12 16:46:55,051 INFO response {"request_id": "7af929bd5fe74ebab38c947a1dc70b82", "http_status": 200, "body": {"accepted": true, "real_timestamp_ms": 1789202811773, "virtual_time_s": 2222.433414, "clear_result": "success"}}
2026-09-12 16:46:55,062 INFO request {"path": "/measure", "payload": {"arena_id": "default", "robot_id": "202601002029", "request_id": "9619a9d0b4984e369c3799f2843362c5", "position": {"x": 1283.9649897110369, "y": -666.8274399547711}, "channel": 13}, "attempt": 1}
2026-09-12 16:46:55,080 INFO response {"request_id": "9619a9d0b4984e369c3799f2843362c5", "http_status": 200, "body": {"accepted": true, "real_timestamp_ms": 1789202811802, "virtual_time_s": 2228.433414, "measure_result": "direction", "svd_deg": 181.88}}
2026-09-12 16:46:55,787 INFO request {"path": "/measure", "payload": {"arena_id": "default", "robot_id": "202601002029", "request_id": "3baf5dedf04841f9a9f9c50b376e19a3", "position": {"x": 799.9313677432741, "y": -470.9460525905737}, "channel": 13}, "attempt": 1}
2026-09-12 16:46:55,806 INFO response {"request_id": "3baf5dedf04841f9a9f9c50b376e19a3", "http_status": 200, "body": {"accepted": true, "real_timestamp_ms": 1789202812528, "virtual_time_s": 2337.866754, "measure_result": "direction", "svd_deg": 212.25}}
2026-09-12 16:46:55,823 INFO request {"path": "/measure", "payload": {"arena_id": "default", "robot_id": "202601002029", "request_id": "f34845b230fa473ca19113356b26606b", "position": {"x": 799.9313677432741, "y": -470.9460525905737}, "channel": 15}, "attempt": 1}
2026-09-12 16:46:55,836 INFO response {"request_id": "f34845b230fa473ca19113356b26606b", "http_status": 200, "body": {"accepted": true, "real_timestamp_ms": 1789202812558, "virtual_time_s": 2343.866754, "measure_result": "direction", "svd_deg": 134.58}}
2026-09-12 16:46:55,846 INFO request {"path": "/clear", "payload": {"arena_id": "default", "robot_id": "202601002029", "request_id": "ab306005231a4f96b65bf1d14351ebbd", "position": {"x": 755.7568840289312, "y": -554.1209714852556}, "channel": 8}, "attempt": 1}
2026-09-12 16:46:55,866 INFO response {"request_id": "ab306005231a4f96b65bf1d14351ebbd", "http_status": 200, "body": {"accepted": true, "real_timestamp_ms": 1789202812588, "virtual_time_s": 2367.702308, "clear_result": "success"}}
2026-09-12 16:46:55,869 INFO request {"path": "/clear", "payload": {"arena_id": "default", "robot_id": "202601002029", "request_id": "58e9cbeab3744c3fb4ffd8368ef3d051", "position": {"x": 778.4863292071493, "y": -625.0141340373476}, "channel": 19}, "attempt": 1}
2026-09-12 16:46:55,871 INFO response {"request_id": "58e9cbeab3744c3fb4ffd8368ef3d051", "http_status": 200, "body": {"accepted": true, "real_timestamp_ms": 1789202812593, "virtual_time_s": 2387.591859, "clear_result": "success"}}
2026-09-12 16:46:55,874 INFO request {"path": "/clear", "payload": {"arena_id": "default", "robot_id": "202601002029", "request_id": "38e3dc0dc1114768bd2d1491c4d34ec6", "position": {"x": 460.0268304663699, "y": -685.2229005622868}, "channel": 13}, "attempt": 1}
2026-09-12 16:46:55,875 INFO response {"request_id": "38e3dc0dc1114768bd2d1491c4d34ec6", "http_status": 200, "body": {"accepted": true, "real_timestamp_ms": 1789202812597, "virtual_time_s": 2457.412087, "clear_result": "success"}}
2026-09-12 16:46:55,891 INFO request {"path": "/measure", "payload": {"arena_id": "default", "robot_id": "202601002029", "request_id": "f9c2661566f84540addf990bfd0f3d8c", "position": {"x": 460.0268304663699, "y": -685.2229005622868}, "channel": 7}, "attempt": 1}
2026-09-12 16:46:55,906 INFO response {"request_id": "f9c2661566f84540addf990bfd0f3d8c", "http_status": 200, "body": {"accepted": true, "real_timestamp_ms": 1789202812628, "virtual_time_s": 2463.412087, "measure_result": "direction", "svd_deg": 208.87}}
2026-09-12 16:46:56,666 INFO request {"path": "/measure", "payload": {"arena_id": "default", "robot_id": "202601002029", "request_id": "c1a62d4f6b9b43ca97a16a2fbd5f0a6d", "position": {"x": -3.669537457250044, "y": -972.9735645740561}, "channel": 7}, "attempt": 1}
2026-09-12 16:46:56,686 INFO response {"request_id": "c1a62d4f6b9b43ca97a16a2fbd5f0a6d", "http_status": 200, "body": {"accepted": true, "real_timestamp_ms": 1789202813408, "virtual_time_s": 2577.556902, "measure_result": "direction", "svd_deg": 205.21}}
2026-09-12 16:46:56,692 INFO request {"path": "/clear", "payload": {"arena_id": "default", "robot_id": "202601002029", "request_id": "c3741dd3a78a42e8993500db75ff081f", "position": {"x": -364.00368408909793, "y": -1142.3785232926807}, "channel": 7}, "attempt": 1}
2026-09-12 16:46:56,694 INFO response {"request_id": "c3741dd3a78a42e8993500db75ff081f", "http_status": 200, "body": {"accepted": true, "real_timestamp_ms": 1789202813416, "virtual_time_s": 2662.190748, "clear_result": "success"}}
2026-09-12 16:46:56,694 INFO request {"path": "/clear", "payload": {"arena_id": "default", "robot_id": "202601002029", "request_id": "3f8569304927451a825cfc6f98d56f29", "position": {"x": -533.7626756804644, "y": -412.63351559831455}, "channel": 10}, "attempt": 1}
2026-09-12 16:46:56,706 INFO response {"request_id": "3f8569304927451a825cfc6f98d56f29", "http_status": 200, "body": {"accepted": true, "real_timestamp_ms": 1789202813428, "virtual_time_s": 2817.036788, "clear_result": "success"}}
2026-09-12 16:46:56,707 INFO request {"path": "/clear", "payload": {"arena_id": "default", "robot_id": "202601002029", "request_id": "39fdba46c77c4bf5a66d606dc6e06559", "position": {"x": -141.73922031516122, "y": -325.21175472799393}, "channel": 20}, "attempt": 1}
2026-09-12 16:46:56,726 INFO response {"request_id": "39fdba46c77c4bf5a66d606dc6e06559", "http_status": 200, "body": {"accepted": true, "real_timestamp_ms": 1789202813447, "virtual_time_s": 2902.367344, "clear_result": "success"}}
2026-09-12 16:46:56,727 INFO request {"path": "/clear", "payload": {"arena_id": "default", "robot_id": "202601002029", "request_id": "37b1be1562db487cb3906c7b843f1da9", "position": {"x": 925.0998240771985, "y": -38.101573920046924}, "channel": 4}, "attempt": 1}
2026-09-12 16:46:56,745 INFO response {"request_id": "37b1be1562db487cb3906c7b843f1da9", "http_status": 200, "body": {"accepted": true, "real_timestamp_ms": 1789202813467, "virtual_time_s": 3128.32687, "clear_result": "success"}}
2026-09-12 16:46:56,748 INFO request {"path": "/clear", "payload": {"arena_id": "default", "robot_id": "202601002029", "request_id": "1ef52a9857094b6387d2105a84fd73a7", "position": {"x": 981.1922329324372, "y": 39.13530688069744}, "channel": 2}, "attempt": 1}
2026-09-12 16:46:56,765 INFO response {"request_id": "1ef52a9857094b6387d2105a84fd73a7", "http_status": 200, "body": {"accepted": true, "real_timestamp_ms": 1789202813487, "virtual_time_s": 3152.418118, "clear_result": "success"}}
2026-09-12 16:46:56,769 INFO request {"path": "/measure", "payload": {"arena_id": "default", "robot_id": "202601002029", "request_id": "9df6d462e43f44b2b38d265e0bf41342", "position": {"x": 680.5042493354259, "y": 770.5950530657667}, "channel": 1}, "attempt": 1}
2026-09-12 16:46:56,785 INFO response {"request_id": "9df6d462e43f44b2b38d265e0bf41342", "http_status": 200, "body": {"accepted": true, "real_timestamp_ms": 1789202813507, "virtual_time_s": 3316.588485, "measure_result": "direction", "svd_deg": 124.95}}
2026-09-12 16:46:56,794 INFO request {"path": "/clear", "payload": {"arena_id": "default", "robot_id": "202601002029", "request_id": "85a4af470c9046fa8abfde7b77226c48", "position": {"x": 443.17908305854064, "y": 1109.6385189918135}, "channel": 1}, "attempt": 1}
2026-09-12 16:46:56,795 INFO response {"request_id": "85a4af470c9046fa8abfde7b77226c48", "http_status": 200, "body": {"accepted": true, "real_timestamp_ms": 1789202813517, "virtual_time_s": 3404.35894, "clear_result": "success"}}
2026-09-12 16:46:56,796 INFO request {"path": "/clear", "payload": {"arena_id": "default", "robot_id": "202601002029", "request_id": "de9e51beb8364ada9a39ea018bb2c705", "position": {"x": 135.86289111787815, "y": 203.12261075075332}, "channel": 15}, "attempt": 1}
2026-09-12 16:46:56,796 INFO response {"request_id": "de9e51beb8364ada9a39ea018bb2c705", "http_status": 200, "body": {"accepted": true, "real_timestamp_ms": 1789202813519, "virtual_time_s": 3600.797111, "clear_result": "success"}}
2026-09-12 16:46:56,797 INFO request {"path": "/measure", "payload": {"arena_id": "default", "robot_id": "202601002029", "request_id": "f85cdd249401427a99dfb207c263ecf7", "position": {"x": -536.7052221578804, "y": 1203.2837013326885}, "channel": 14}, "attempt": 1}
2026-09-12 16:46:56,815 INFO response {"request_id": "f85cdd249401427a99dfb207c263ecf7", "http_status": 200, "body": {"accepted": true, "real_timestamp_ms": 1789202813537, "virtual_time_s": 3847.850638, "measure_result": "direction", "svd_deg": 49.16}}
2026-09-12 16:46:57,530 INFO request {"path": "/measure", "payload": {"arena_id": "default", "robot_id": "202601002029", "request_id": "a48f4fe7dc2449a09e8885d58443c1d8", "position": {"x": -490.0543084703734, "y": 1180.533390423386}, "channel": 14}, "attempt": 1}
2026-09-12 16:46:57,531 INFO response {"request_id": "a48f4fe7dc2449a09e8885d58443c1d8", "http_status": 200, "body": {"accepted": true, "real_timestamp_ms": 1789202814253, "virtual_time_s": 3863.231167, "measure_result": "direction", "svd_deg": 56.37}}
2026-09-12 16:46:57,535 INFO request {"path": "/clear", "payload": {"arena_id": "default", "robot_id": "202601002029", "request_id": "58d2912646764797be224f4cf826e528", "position": {"x": -268.5386420566406, "y": 1512.9972028480092}, "channel": 14}, "attempt": 1}
2026-09-12 16:46:57,548 INFO response {"request_id": "58d2912646764797be224f4cf826e528", "http_status": 200, "body": {"accepted": true, "real_timestamp_ms": 1789202814270, "virtual_time_s": 3948.131449, "clear_result": "success"}}
2026-09-12 16:46:57,549 INFO request {"path": "/measure", "payload": {"arena_id": "default", "robot_id": "202601002029", "request_id": "778f10d5b5f34e308b1291ce20c146d4", "position": {"x": -1222.422183420556, "y": 1562.3492702028148}, "channel": 18}, "attempt": 1}
2026-09-12 16:46:57,568 INFO response {"request_id": "778f10d5b5f34e308b1291ce20c146d4", "http_status": 200, "body": {"accepted": true, "real_timestamp_ms": 1789202814290, "virtual_time_s": 4145.163325, "measure_result": "direction", "svd_deg": 289.57}}
2026-09-12 16:46:57,571 INFO request {"path": "/clear", "payload": {"arena_id": "default", "robot_id": "202601002029", "request_id": "7cabb3477b16427688eeace03305fa3f", "position": {"x": -1067.2467434750615, "y": 1126.5870167214493}, "channel": 18}, "attempt": 1}
2026-09-12 16:46:57,587 INFO response {"request_id": "7cabb3477b16427688eeace03305fa3f", "http_status": 200, "body": {"accepted": true, "real_timestamp_ms": 1789202814309, "virtual_time_s": 4242.67671, "clear_result": "success"}}
2026-09-12 16:46:57,588 INFO request {"path": "/clear", "payload": {"arena_id": "default", "robot_id": "202601002029", "request_id": "e645c40e3a1d4082981ae6a8ea36d928", "position": {"x": -1135.9850946126387, "y": 783.1796155781179}, "channel": 5}, "attempt": 1}
2026-09-12 16:46:57,608 INFO response {"request_id": "e645c40e3a1d4082981ae6a8ea36d928", "http_status": 200, "body": {"accepted": true, "real_timestamp_ms": 1789202814329, "virtual_time_s": 4317.720583, "clear_result": "success"}}
2026-09-12 16:46:57,609 INFO request {"path": "/exit", "payload": {"arena_id": "default", "robot_id": "202601002029", "request_id": "c185ef4c505d454d8b8ff8099b7ee778"}, "attempt": 1}
2026-09-12 16:46:57,610 INFO response {"request_id": "c185ef4c505d454d8b8ff8099b7ee778", "http_status": 200, "body": {"accepted": true, "real_timestamp_ms": 1789202814332, "virtual_time_s": 4317.720583, "exit_reason": "user_exit"}}
